[      0] >>> bench on
[      0] OK stepper visual-only bench active; command pose preserved
[    563] >>> app req3
[    577] OK normal app requirement 3 requested
[    688] t=11662,state=1,mode=1,fault=0,seq=0,vl=0,vr=0,pwl=0,pwr=0,actenc=0,dactenc=0,srate=0,starget=0,pidrate=0,pref=0,ppos=0,bi=0,ball=-103,vball=-7,bref=0,line=0,mask=00,bu=0,bd=0,oled=3C
[    766] t
[    782] =11762,state=1,mode=1,fault=0,seq=0,vl=0,vr=0,pwl=0,pwr=0,actenc=0,dactenc=0,srate=0,starget=0,pidrate=0,pref=0,ppos=0,bi=0,ball=-103,vball=-7,bref=0,line=0,mask=00,bu=0,bd=0,oled=3C
[    891] t=11862,state=1,mode=1,fault=0,seq=0,vl=0,vr=0,pwl=0,pwr=0,actenc=0,dactenc=0,srate=0,starget=0,pidrate=0,pref=0,ppos=0,bi=0,ball=-103,vball=-7,bref=0,line=0,mask=00,bu=0,bd=0,oled=3C
[    984] t=11962,state=1,mode=1,fault=0,seq=0,vl=0,vr=0,pwl=0,pwr=0,actenc=0,dactenc=0,srate=0,starget=0,pidrate=0,pref=0,ppos=0,bi=0,ball=-103,vball=-7,bref=0,line=0,mask=00,bu=0,bd=0,oled=3C
[   1077] t=12062,state=1,mode=1,fault=0,seq=0,vl=0,vr=0,pwl=0,pwr=0,actenc=0,dactenc=0,srate=0,starget=0,pidrate=0,pref=0,ppos=0,bi=0,ball=-103,vball=-7,bref=0,line=0,mask=00,bu=0,bd=0,oled=3C
[   1188] t=12162,state=1,mode=1,fault=0,seq=0,vl=0,vr=0,pwl=0,pwr=0,actenc=0,dactenc=0,srate=0,starget=0,pidrate=0,pref=0,ppos=0,bi=0,ball=-103,vball=-7,bref=0,line=0,mask=00,bu=0,bd=0,oled=3C
[   1282] t=12262,state=1,mode=1,fault=0,seq=0,vl=0,vr=0,pwl=0,pwr=0,actenc=0,dactenc=0,srate=0,starget=0,pidrate=0,pref=0,ppos=0,bi=0,ball=-103,vball=-7,bref=0,line=0,mask=00,bu=0,bd=0,oled=3C
[   1391] t=12362,state=1,mode=1,fault=0,seq=0,vl=0,vr=0,pwl=0,pwr=0,actenc=0,dactenc=0,srate=0,starget=0,pidrate=0,pref=0,ppos=0,bi=0,ball=-103,vball=-7,bref=0,line=0,mask=00,bu=0,bd=0,oled=3C
[   1484] t=12462,state=1,mode=1,fault=0,seq=0,vl=0,vr=0,pwl=0,pwr=0,actenc=0,dactenc=0,srate=0,starget=0,pidrate=0,pref=0,ppos=0,bi=0,ball=-103,vball=-7,bref=0,line=0,mask=00,bu=0,bd=0,oled=3C
[   1577] t=12562,state=1,mode=1,fault=0,seq=0,vl=0,vr=0,pwl=0,pwr=0,actenc=0,dactenc=0,srate=0,starget=0,pidrate=0,pref=0,ppos=0,bi=0,ball=-103,vball=-7,bref=0,line=0,mask=00,bu=0,bd=0,oled=3C
[   1688] t=12662,state=1,mode=1,fault=0,seq=0,vl=0,vr=0,pwl=0,pwr=0,actenc=0,dactenc=0,srate=0,starget=0,pidrate=0,pref=0,ppos=0,bi=0,ball=-103,vball=-7,bref=0,line=0,mask=00,bu=0,bd=0,oled=3C
[   1782] t=12762,state=1,mode=1,fault=0,seq=0,vl=0,vr=0,pwl=0,pwr=0,actenc=0,dactenc=0,srate=0,starget=0,pidrate=0,pref=0,ppos=0,bi=0,ball=-103,vball=-7,bref=0,line=0,mask=00,bu=0,bd=0,oled=3C
[   1891] t=12862,state=1,mode=1,fault=0,seq=0,vl=0,vr=0,pwl=0,pwr=0,actenc=0,dactenc=0,srate=0,starget=0,pidrate=0,pref=0,ppos=0,bi=0,ball=-103,vball=-7,bref=0,line=0,mask=00,bu=0,bd=0,oled=3C
[   1984] t=12962,state=1,mode=1,fault=0,seq=0,vl=0,vr=0,pwl=0,pwr=0,actenc=0,dactenc=0,srate=0,starget=0,pidrate=0,pref=0,ppos=0,bi=0,ball=-103,vball=-7,bref=0,line=0,mask=00,bu=0,bd=0,oled=3C
[   2077] t=13062,state=1,mode=1,fault=0,seq=0,vl=0,vr=0,pwl=0,pwr=0,actenc=0,dactenc=0,srate=0,starget=0,pidrate=0,pref=0,ppos=0,bi=0,ball=-103,vball=-7,bref=0,line=0,mask=00,bu=0,bd=0,oled=3C
[   2188] t=13162,state=1,mode=1,fault=0,seq=0,vl=0,vr=0,pwl=0,pwr=0,actenc=0,dactenc=0,srate=0,starget=0,pidrate=0,pref=0,ppos=0,bi=0,ball=-103,vball=-7,bref=0,line=0,mask=00,bu=0,bd=0,oled=3C
[   2282] t=13262,state=1,mode=1,fault=0,seq=0,vl=0,vr=0,pwl=0,pwr=0,actenc=0,dactenc=0,srate=0,starget=0,pidrate=0,pref=0,ppos=0,bi=0,ball=-103,vball=-7,bref=0,line=0,mask=00,bu=0,bd=0,oled=3C
[   2391] t=13362,state=1,mode=1,fault=0,seq=0,vl=0,vr=0,pwl=0,pwr=0,actenc=0,dactenc=0,srate=0,starget=0,pidrate=0,pref=0,ppos=0,bi=0,ball=-103,vball=-7,bref=0,line=0,mask=00,bu=0,bd=0,oled=3C
[   2484] t=13462,state=1,mode=1,fault=0,seq=0,vl=0,vr=0,pwl=0,pwr=0,actenc=0,dactenc=0,srate=0,starget=0,pidrate=0,pref=0,ppos=0,bi=0,ball=-103,vball=-7,bref=0,line=0,mask=00,bu=0,bd=0,oled=3C
[   2577] t=13562,state=1,mode=1,fault=0,seq=0,vl=0,vr=0,pwl=0,pwr=0,actenc=0,dactenc=0,srate=0,starget=0,pidrate=0,pref=0,ppos=0,bi=0,ball=-103,vball=-7,bref=0,line=0,mask=00,bu=0,bd=0,oled=3C
[   2688] t=13662,state=1,mode=1,fault=0,seq=0,vl=0,vr=0,pwl=0,pwr=0,actenc=0,dactenc=0,srate=0,starget=0,pidrate=0,pref=0,ppos=0,bi=0,ball=-103,vball=-7,bref=0,line=0,mask=00,bu=0,bd=0,oled=3C
[   2782] t=13762,state=1,mode=1,fault=0,seq=0,vl=0,vr=0,pwl=0,pwr=0,actenc=0,dactenc=0,srate=0,starget=0,pidrate=0,pref=0,ppos=0,bi=0,ball=-103,vball=-7,bref=0,line=0,mask=00,bu=0,bd=0,oled=3C
[   2891] t=13862,state=1,mode=1,fault=0,seq=0,vl=0,vr=0,pwl=0,pwr=0,actenc=0,dactenc=0,srate=0,starget=0,pidrate=0,pref=0,ppos=0,bi=0,ball=-103,vball=-7,bref=0,line=0,mask=00,bu=0,bd=0,oled=3C
[   2984] t=13962,state=1,mode=1,fault=0,seq=0,vl=0,vr=0,pwl=0,pwr=0,actenc=0,dactenc=0,srate=0,starget=0,pidrate=0,pref=0,ppos=0,bi=0,ball=-103,vball=-7,bref=0,line=0,mask=00,bu=0,bd=0,oled=3C
[   3077] t=14062,state=1,mode=1,fault=0,seq=0,vl=0,vr=0,pwl=0,pwr=0,actenc=0,dactenc=0,srate=0,starget=0,pidrate=0,pref=0,ppos=0,bi=0,ball=-103,vball=-7,bref=0,line=0,mask=00,bu=0,bd=0,oled=3C
[   3188] t=14162,state=1,mode=1,fault=0,seq=0,vl=0,vr=0,pwl=0,pwr=0,actenc=0,dactenc=0,srate=0,starget=0,pidrate=0,pref=0,ppos=0,bi=0,ball=-103,vball=-7,bref=0,line=0,mask=00,bu=0,bd=0,oled=3C
[   3282] t=14262,state=1,mode=1,fault=0,seq=0,vl=0,vr=0,pwl=0,pwr=0,actenc=0,dactenc=0,srate=0,starget=0,pidrate=0,pref=0,ppos=0,bi=0,ball=-103,vball=-7,bref=0,line=0,mask=00,bu=0,bd=0,oled=3C
[   3391] t=14362,state=1,mode=1,fault=0,seq=0,vl=0,vr=0,pwl=0,pwr=0,actenc=0,dactenc=0,srate=0,starget=0,pidrate=0,pref=0,ppos=0,bi=0,ball=-103,vball=-7,bref=0,line=0,mask=00,bu=0,bd=0,oled=3C
[   3484] t=14462,state=1,mode=1,fault=0,seq=0,vl=0,vr=0,pwl=0,pwr=0,actenc=0,dactenc=0,srate=0,starget=0,pidrate=0,pref=0,ppos=0,bi=0,ball=-103,vball=-7,bref=0,line=0,mask=00,bu=0,bd=0,oled=3C
[   3577] t=14562,state=1,mode=1,fault=0,seq=0,vl=0,vr=0,pwl=0,pwr=0,actenc=0,dactenc=0,srate=0,starget=0,pidrate=0,pref=0,ppos=0,bi=0,ball=-103,vball=-7,bref=0,line=0,mask=00,bu=0,bd=0,oled=3C
[   3688] t=14662,state=1,mode=1,fault=0,seq=0,vl=0,vr=0,pwl=0,pwr=0,actenc=0,dactenc=0,srate=0,starget=0,pidrate=0,pref=0,ppos=0,bi=0,ball=-103,vball=-7,bref=0,line=0,mask=00,bu=0,bd=0,oled=3C
[   3782] t=14762,state=1,mode=1,fault=0,seq=0,vl=0,vr=0,pwl=0,pwr=0,actenc=0,dactenc=0,srate=0,starget=0,pidrate=0,pref=0,ppos=0,bi=0,ball=-103,vball=-7,bref=0,line=0,mask=00,bu=0,bd=0,oled=3C
[   3891] t=14862,state=1,mode=1,fault=0,seq=0,vl=0,vr=0,pwl=0,pwr=0,actenc=0,dactenc=0,srate=0,starget=0,pidrate=0,pref=0,ppos=0,bi=0,ball=-103,vball=-7,bref=0,line=0,mask=00,bu=0,bd=0,oled=3C
[   3984] t=14962,state=1,mode=1,fault=0,seq=0,vl=0,vr=0,pwl=0,pwr=0,actenc=0,dactenc=0,srate=0,starget=0,pidrate=0,pref=0,ppos=0,bi=0,ball=-103,vball=-7,bref=0,line=0,mask=00,bu=0,bd=0,oled=3C
[   4077] t=15062,state=1,mode=1,fault=0,seq=0,vl=0,vr=0,pwl=0,pwr=0,actenc=0,dactenc=0,srate=0,starget=0,pidrate=0,pref=0,ppos=0,bi=0,ball=-103,vball=-7,bref=0,line=0,mask=00,bu=0,bd=0,oled=3C
[   4188] t=15162,state=1,mode=1,fault=0,seq=0,vl=0,vr=0,pwl=0,pwr=0,actenc=0,dactenc=0,srate=0,starget=0,pidrate=0,pref=0,ppos=0,bi=0,ball=-103,vball=-7,bref=0,line=0,mask=00,bu=0,bd=0,oled=3C
[   4282] t=15262,state=1,mode=1,fault=0,seq=0,vl=0,vr=0,pwl=0,pwr=0,actenc=0,dactenc=0,srate=0,starget=0,pidrate=0,pref=0,ppos=0,bi=0,ball=-103,vball=-7,bref=0,line=0,mask=00,bu=0,bd=0,oled=3C
[   4391] t=15362,state=1,mode=1,fault=0,seq=0,vl=0,vr=0,pwl=0,pwr=0,actenc=0,dactenc=0,srate=0,starget=0,pidrate=0,pref=0,ppos=0,bi=0,ball=-103,vball=-7,bref=0,line=0,mask=00,bu=0,bd=0,oled=3C
[   4484] t=15462,state=1,mode=1,fault=0,seq=0,vl=0,vr=0,pwl=0,pwr=0,actenc=0,dactenc=0,srate=0,starget=0,pidrate=0,pref=0,ppos=0,bi=0,ball=-103,vball=-7,bref=0,line=0,mask=00,bu=0,bd=0,oled=3C
[   4593] t=15562,state=1,mode=1,fault=0,seq=0,vl=0,vr=0,pwl=0,pwr=0,actenc=0,dactenc=0,srate=0,starget=0,pidrate=0,pref=0,ppos=0,bi=0,ball=-103,vball=-7,bref=0,line=0,mask=00,bu=0,bd=0,oled=3C
[   4688] t=15662,state=1,mode=1,fault=0,seq=0,vl=0,vr=0,pwl=0,pwr=0,actenc=0,dactenc=0,srate=0,starget=0,pidrate=0,pref=0,ppos=0,bi=0,ball=-103,vball=-7,bref=0,line=0,mask=00,bu=0,bd=0,oled=3C
[   4782] t=15762,state=1,mode=1,fault=0,seq=0,vl=0,vr=0,pwl=0,pwr=0,actenc=0,dactenc=0,srate=0,starget=0,pidrate=0,pref=0,ppos=0,bi=0,ball=-103,vball=-7,bref=0,line=0,mask=00,bu=0,bd=0,oled=3C
[   4891] t=15862,state=1,mode=1,fault=0,seq=0,vl=0,vr=0,pwl=0,pwr=0,actenc=0,dactenc=0,srate=0,starget=0,pidrate=0,pref=0,ppos=0,bi=0,ball=-103,vball=-7,bref=0,line=0,mask=00,bu=0,bd=0,oled=3C
[   4984] t=15962,state=1,mode=1,fault=0,seq=0,vl=0,vr=0,pwl=0,pwr=0,actenc=0,dactenc=0,srate=0,starget=0,pidrate=0,pref=0,ppos=0,bi=0,ball=-103,vball=-7,bref=0,line=0,mask=00,bu=0,bd=0,oled=3C
[   5093] t=16062,state=1,mode=1,fault=0,seq=0,vl=0,vr=0,pwl=0,pwr=0,actenc=0,dactenc=0,srate=0,starget=0,pidrate=0,pref=0,ppos=0,bi=0,ball=-103,vball=-7,bref=0,line=0,mask=00,bu=0,bd=0,oled=3C
[   5188] t=16162,state=1,mode=1,fault=0,seq=0,vl=0,vr=0,pwl=0,pwr=0,actenc=0,dactenc=0,srate=0,starget=0,pidrate=0,pref=0,ppos=0,bi=0,ball=-103,vball=-7,bref=0,line=0,mask=00,bu=0,bd=0,oled=3C
[   5282] t=16262,state=1,mode=1,fault=0,seq=0,vl=0,vr=0,pwl=0,pwr=0,actenc=0,dactenc=0,srate=0,starget=0,pidrate=0,pref=0,ppos=0,bi=0,ball=-103,vball=-7,bref=0,line=0,mask=00,bu=0,bd=0,oled=3C
[   5391] t=16362,state=1,mode=1,fault=0,seq=0,vl=0,vr=0,pwl=0,pwr=0,actenc=0,dactenc=0,srate=0,starget=0,pidrate=0,pref=0,ppos=0,bi=0,ball=-103,vball=-7,bref=0,line=0,mask=00,bu=0,bd=0,oled=3C
[   5484] t=16462,state=1,mode=1,fault=0,seq=0,vl=0,vr=0,pwl=0,pwr=0,actenc=0,dactenc=0,srate=0,starget=0,pidrate=0,pref=0,ppos=0,bi=0,ball=-103,vball=-7,bref=0,line=0,mask=00,bu=0,bd=0,oled=3C
[   5593] t=16562,state=1,mode=1,fault=0,seq=0,vl=0,vr=0,pwl=0,pwr=0,actenc=0,dactenc=0,srate=0,starget=0,pidrate=0,pref=0,ppos=0,bi=0,ball=-103,vball=-7,bref=0,line=0,mask=00,bu=0,bd=0,oled=3C
[   5688] t=16662,state=1,mode=1,fault=0,seq=0,vl=0,vr=0,pwl=0,pwr=0,actenc=0,dactenc=0,srate=0,starget=0,pidrate=0,pref=0,ppos=0,bi=0,ball=-103,vball=-7,bref=0,line=0,mask=00,bu=0,bd=0,oled=3C
[   5782] t=16762,state=1,mode=1,fault=0,seq=0,vl=0,vr=0,pwl=0,pwr=0,actenc=0,dactenc=0,srate=0,starget=0,pidrate=0,pref=0,ppos=0,bi=0,ball=-103,vball=-7,bref=0,line=0,mask=00,bu=0,bd=0,oled=3C
[   5891] t=16862,state=1,mode=1,fault=0,seq=0,vl=0,vr=0,pwl=0,pwr=0,actenc=0,dactenc=0,srate=0,starget=0,pidrate=0,pref=0,ppos=0,bi=0,ball=-103,vball=-7,bref=0,line=0,mask=00,bu=0,bd=0,oled=3C
[   5984] t=16962,state=1,mode=1,fault=0,seq=0,vl=0,vr=0,pwl=0,pwr=0,actenc=0,dactenc=0,srate=0,starget=0,pidrate=0,pref=0,ppos=0,bi=0,ball=-103,vball=-7,bref=0,line=0,mask=00,bu=0,bd=0,oled=3C
[   6093] t=17062,state=1,mode=1,fault=0,seq=0,vl=0,vr=0,pwl=0,pwr=0,actenc=0,dactenc=0,srate=0,starget=0,pidrate=0,pref=0,ppos=0,bi=0,ball=-103,vball=-7,bref=0,line=0,mask=00,bu=0,bd=0,oled=3C
[   6188] t=17162,state=1,mode=1,fault=0,seq=0,vl=0,vr=0,pwl=0,pwr=0,actenc=0,dactenc=0,srate=0,starget=0,pidrate=0,pref=0,ppos=0,bi=0,ball=-103,vball=-7,bref=0,line=0,mask=00,bu=0,bd=0,oled=3C
[   6282] t=17262,state=1,mode=1,fault=0,seq=0,vl=0,vr=0,pwl=0,pwr=0,actenc=0,dactenc=0,srate=0,starget=0,pidrate=0,pref=0,ppos=0,bi=0,ball=-103,vball=-7,bref=0,line=0,mask=00,bu=0,bd=0,oled=3C
[   6391] t=17362,state=1,mode=1,fault=0,seq=0,vl=0,vr=0,pwl=0,pwr=0,actenc=0,dactenc=0,srate=0,starget=0,pidrate=0,pref=0,ppos=0,bi=0,ball=-103,vball=-7,bref=0,line=0,mask=00,bu=0,bd=0,oled=3C
[   6484] t=17462,state=1,mode=1,fault=0,seq=0,vl=0,vr=0,pwl=0,pwr=0,actenc=0,dactenc=0,srate=0,starget=0,pidrate=0,pref=0,ppos=0,bi=0,ball=-103,vball=-7,bref=0,line=0,mask=00,bu=0,bd=0,oled=3C
[   6593] t=17562,state=1,mode=1,fault=0,seq=0,vl=0,vr=0,pwl=0,pwr=0,actenc=0,dactenc=0,srate=0,starget=0,pidrate=0,pref=0,ppos=0,bi=0,ball=-103,vball=-7,bref=0,line=0,mask=00,bu=0,bd=0,oled=3C
[   6688] t=17662,state=1,mode=1,fault=0,seq=0,vl=0,vr=0,pwl=0,pwr=0,actenc=0,dactenc=0,srate=0,starget=0,pidrate=0,pref=0,ppos=0,bi=0,ball=-103,vball=-7,bref=0,line=0,mask=00,bu=0,bd=0,oled=3C
[   6782] t=17762,state=1,mode=1,fault=0,seq=0,vl=0,vr=0,pwl=0,pwr=0,actenc=0,dactenc=0,srate=0,starget=0,pidrate=0,pref=0,ppos=0,bi=0,ball=-103,vball=-7,bref=0,line=0,mask=00,bu=0,bd=0,oled=3C
[   6891] t=17862,state=1,mode=1,fault=0,seq=0,vl=0,vr=0,pwl=0,pwr=0,actenc=0,dactenc=0,srate=0,starget=0,pidrate=0,pref=0,ppos=0,bi=0,ball=-103,vball=-7,bref=0,line=0,mask=00,bu=0,bd=0,oled=3C
[   6984] t=17962,state=1,mode=1,fault=0,seq=0,vl=0,vr=0,pwl=0,pwr=0,actenc=0,dactenc=0,srate=0,starget=0,pidrate=0,pref=0,ppos=0,bi=0,ball=-103,vball=-7,bref=0,line=0,mask=00,bu=0,bd=0,oled=3C
[   7093] t=18062,state=1,mode=1,fault=0,seq=0,vl=0,vr=0,pwl=0,pwr=0,actenc=0,dactenc=0,srate=0,starget=0,pidrate=0,pref=0,ppos=0,bi=0,ball=-103,vball=-7,bref=0,line=0,mask=00,bu=0,bd=0,oled=3C
[   7188] t=18162,state=1,mode=1,fault=0,seq=0,vl=0,vr=0,pwl=0,pwr=0,actenc=0,dactenc=0,srate=0,starget=0,pidrate=0,pref=0,ppos=0,bi=0,ball=-103,vball=-7,bref=0,line=0,mask=00,bu=0,bd=0,oled=3C
[   7282] t=18262,state=1,mode=1,fault=0,seq=0,vl=0,vr=0,pwl=0,pwr=0,actenc=0,dactenc=0,srate=0,starget=0,pidrate=0,pref=0,ppos=0,bi=0,ball=-103,vball=-7,bref=0,line=0,mask=00,bu=0,bd=0,oled=3C
[   7391] t=18362,state=1,mode=1,fault=0,seq=0,vl=0,vr=0,pwl=0,pwr=0,actenc=0,dactenc=0,srate=0,starget=0,pidrate=0,pref=0,ppos=0,bi=0,ball=-103,vball=-7,bref=0,line=0,mask=00,bu=0,bd=0,oled=3C
[   7484] t=18462,state=1,mode=1,fault=0,seq=0,vl=0,vr=0,pwl=0,pwr=0,actenc=0,dactenc=0,srate=0,starget=0,pidrate=0,pref=0,ppos=0,bi=0,ball=-103,vball=-7,bref=0,line=0,mask=00,bu=0,bd=0,oled=3C
[   7593] t=18562,state=1,mode=1,fault=0,seq=0,vl=0,vr=0,pwl=0,pwr=0,actenc=0,dactenc=0,srate=0,starget=0,pidrate=0,pref=0,ppos=0,bi=0,ball=-103,vball=-7,bref=0,line=0,mask=00,bu=0,bd=0,oled=3C
[   7688] t=18662,state=1,mode=1,fault=0,seq=0,vl=0,vr=0,pwl=0,pwr=0,actenc=0,dactenc=0,srate=0,starget=0,pidrate=0,pref=0,ppos=0,bi=0,ball=-103,vball=-7,bref=0,line=0,mask=00,bu=0,bd=0,oled=3C
[   7782] t=18762,state=1,mode=1,fault=0,seq=0,vl=0,vr=0,pwl=0,pwr=0,actenc=0,dactenc=0,srate=0,starget=0,pidrate=0,pref=0,ppos=0,bi=0,ball=-103,vball=-7,bref=0,line=0,mask=00,bu=0,bd=0,oled=3C
[   7891] t=18862,state=1,mode=1,fault=0,seq=0,vl=0,vr=0,pwl=0,pwr=0,actenc=0,dactenc=0,srate=0,starget=0,pidrate=0,pref=0,ppos=0,bi=0,ball=-103,vball=-7,bref=0,line=0,mask=00,bu=0,bd=0,oled=3C
[   7984] t=18962,state=1,mode=1,fault=0,seq=0,vl=0,vr=0,pwl=0,pwr=0,actenc=0,dactenc=0,srate=0,starget=0,pidrate=0,pref=0,ppos=0,bi=0,ball=-103,vball=-7,bref=0,line=0,mask=00,bu=0,bd=0,oled=3C
[   8093] t=19062,state=1,mode=1,fault=0,seq=0,vl=0,vr=0,pwl=0,pwr=0,actenc=0,dactenc=0,srate=0,starget=0,pidrate=0,pref=0,ppos=0,bi=0,ball=-103,vball=-7,bref=0,line=0,mask=00,bu=0,bd=0,oled=3C
[   8188] t=19162,state=1,mode=1,fault=0,seq=0,vl=0,vr=0,pwl=0,pwr=0,actenc=0,dactenc=0,srate=0,starget=0,pidrate=0,pref=0,ppos=0,bi=0,ball=-103,vball=-7,bref=0,line=0,mask=00,bu=0,bd=0,oled=3C
[   8282] t=19262,state=1,mode=1,fault=0,seq=0,vl=0,vr=0,pwl=0,pwr=0,actenc=0,dactenc=0,srate=0,starget=0,pidrate=0,pref=0,ppos=0,bi=0,ball=-103,vball=-7,bref=0,line=0,mask=00,bu=0,bd=0,oled=3C
[   8391] t=19362,state=1,mode=1,fault=0,seq=0,vl=0,vr=0,pwl=0,pwr=0,actenc=0,dactenc=0,srate=0,starget=0,pidrate=0,pref=0,ppos=0,bi=0,ball=-103,vball=-7,bref=0,line=0,mask=00,bu=0,bd=0,oled=3C
[   8484] t=19462,state=1,mode=1,fault=0,seq=0,vl=0,vr=0,pwl=0,pwr=0,actenc=0,dactenc=0,srate=0,starget=0,pidrate=0,pref=0,ppos=0,bi=0,ball=-103,vball=-7,bref=0,line=0,mask=00,bu=0,bd=0,oled=3C
[   8593] t=19562,state=1,mode=1,fault=0,seq=0,vl=0,vr=0,pwl=0,pwr=0,actenc=0,dactenc=0,srate=0,starget=0,pidrate=0,pref=0,ppos=0,bi=0,ball=-103,vball=-7,bref=0,line=0,mask=00,bu=0,bd=0,oled=3C
[   8688] t=19662,state=1,mode=1,fault=0,seq=0,vl=0,vr=0,pwl=0,pwr=0,actenc=0,dactenc=0,srate=0,starget=0,pidrate=0,pref=0,ppos=0,bi=0,ball=-103,vball=-7,bref=0,line=0,mask=00,bu=0,bd=0,oled=3C
[   8782] t=19762,state=1,mode=1,fault=0,seq=0,vl=0,vr=0,pwl=0,pwr=0,actenc=0,dactenc=0,srate=0,starget=0,pidrate=0,pref=0,ppos=0,bi=0,ball=-103,vball=-7,bref=0,line=0,mask=00,bu=0,bd=0,oled=3C
[   8891] t=19862,state=1,mode=1,fault=0,seq=0,vl=0,vr=0,pwl=0,pwr=0,actenc=0,dactenc=0,srate=0,starget=0,pidrate=0,pref=0,ppos=0,bi=0,ball=-103,vball=-7,bref=0,line=0,mask=00,bu=0,bd=0,oled=3C
[   8984] t=19962,state=1,mode=1,fault=0,seq=0,vl=0,vr=0,pwl=0,pwr=0,actenc=0,dactenc=0,srate=0,starget=0,pidrate=0,pref=0,ppos=0,bi=0,ball=-103,vball=-7,bref=0,line=0,mask=00,bu=0,bd=0,oled=3C
[   9093] t=20062,state=1,mode=1,fault=0,seq=0,vl=0,vr=0,pwl=0,pwr=0,actenc=0,dactenc=0,srate=0,starget=0,pidrate=0,pref=0,ppos=0,bi=0,ball=-103,vball=-7,bref=0,line=0,mask=00,bu=0,bd=0,oled=3C
[   9188] t=20162,state=1,mode=1,fault=0,seq=0,vl=0,vr=0,pwl=0,pwr=0,actenc=0,dactenc=0,srate=0,starget=0,pidrate=0,pref=0,ppos=0,bi=0,ball=-103,vball=-7,bref=0,line=0,mask=00,bu=0,bd=0,oled=3C
[   9297] t=20262,state=1,mode=1,fault=0,seq=0,vl=0,vr=0,pwl=0,pwr=0,actenc=0,dactenc=0,srate=0,starget=0,pidrate=0,pref=0,ppos=0,bi=0,ball=-103,vball=-7,bref=0,line=0,mask=00,bu=0,bd=0,oled=3C
[   9391] t=20362,state=1,mode=1,fault=0,seq=0,vl=0,vr=0,pwl=0,pwr=0,actenc=0,dactenc=0,srate=0,starget=0,pidrate=0,pref=0,ppos=0,bi=0,ball=-103,vball=-7,bref=0,line=0,mask=00,bu=0,bd=0,oled=3C
[   9484] t=20462,state=1,mode=1,fault=0,seq=0,vl=0,vr=0,pwl=0,pwr=0,actenc=0,dactenc=0,srate=0,starget=0,pidrate=0,pref=0,ppos=0,bi=0,ball=-103,vball=-7,bref=0,line=0,mask=00,bu=0,bd=0,oled=3C
[   9593] t=20562,state=1,mode=1,fault=0,seq=0,vl=0,vr=0,pwl=0,pwr=0,actenc=0,dactenc=0,srate=0,starget=0,pidrate=0,pref=0,ppos=0,bi=0,ball=-103,vball=-7,bref=0,line=0,mask=00,bu=0,bd=0,oled=3C
[   9688] t=20662,state=1,mode=1,fault=0,seq=0,vl=0,vr=0,pwl=0,pwr=0,actenc=0,dactenc=0,srate=0,starget=0,pidrate=0,pref=0,ppos=0,bi=0,ball=-103,vball=-7,bref=0,line=0,mask=00,bu=0,bd=0,oled=3C
[   9782] t=20762,state=1,mode=1,fault=0,seq=0,vl=0,vr=0,pwl=0,pwr=0,actenc=0,dactenc=0,srate=0,starget=0,pidrate=0,pref=0,ppos=0,bi=0,ball=-103,vball=-7,bref=0,line=0,mask=00,bu=0,bd=0,oled=3C
[   9891] t=20862,state=1,mode=1,fault=0,seq=0,vl=0,vr=0,pwl=0,pwr=0,actenc=0,dactenc=0,srate=0,starget=0,pidrate=0,pref=0,ppos=0,bi=0,ball=-103,vball=-7,bref=0,line=0,mask=00,bu=0,bd=0,oled=3C
[   9984] t=20962,state=1,mode=1,fault=0,seq=0,vl=0,vr=0,pwl=0,pwr=0,actenc=0,dactenc=0,srate=0,starget=0,pidrate=0,pref=0,ppos=0,bi=0,ball=-103,vball=-7,bref=0,line=0,mask=00,bu=0,bd=0,oled=3C
[  10093] t=21062,state=1,mode=1,fault=0,seq=0,vl=0,vr=0,pwl=0,pwr=0,actenc=0,dactenc=0,srate=0,starget=0,pidrate=0,pref=0,ppos=0,bi=0,ball=-103,vball=-7,bref=0,line=0,mask=00,bu=0,bd=0,oled=3C
[  10188] t=21162,state=1,mode=1,fault=0,seq=0,vl=0,vr=0,pwl=0,pwr=0,actenc=0,dactenc=0,srate=0,starget=0,pidrate=0,pref=0,ppos=0,bi=0,ball=-103,vball=-7,bref=0,line=0,mask=00,bu=0,bd=0,oled=3C
[  10297] t=21262,state=1,mode=1,fault=0,seq=0,vl=0,vr=0,pwl=0,pwr=0,actenc=0,dactenc=0,srate=0,starget=0,pidrate=0,pref=0,ppos=0,bi=0,ball=-103,vball=-7,bref=0,line=0,mask=00,bu=0,bd=0,oled=3C
[  10391] t=21362,state=1,mode=1,fault=0,seq=0,vl=0,vr=0,pwl=0,pwr=0,actenc=0,dactenc=0,srate=0,starget=0,pidrate=0,pref=0,ppos=0,bi=0,ball=-103,vball=-7,bref=0,line=0,mask=00,bu=0,bd=0,oled=3C
[  10484] t=21462,state=1,mode=1,fault=0,seq=0,vl=0,vr=0,pwl=0,pwr=0,actenc=0,dactenc=0,srate=0,starget=0,pidrate=0,pref=0,ppos=0,bi=0,ball=-103,vball=-7,bref=0,line=0,mask=00,bu=0,bd=0,oled=3C
[  10593] t=21562,state=1,mode=1,fault=0,seq=0,vl=0,vr=0,pwl=0,pwr=0,actenc=0,dactenc=0,srate=0,starget=0,pidrate=0,pref=0,ppos=0,bi=0,ball=-103,vball=-7,bref=0,line=0,mask=00,bu=0,bd=0,oled=3C
[  10688] t=21662,state=1,mode=1,fault=0,seq=0,vl=0,vr=0,pwl=0,pwr=0,actenc=0,dactenc=0,srate=0,starget=0,pidrate=0,pref=0,ppos=0,bi=0,ball=-103,vball=-7,bref=0,line=0,mask=00,bu=0,bd=0,oled=3C
[  10797] t=21762,state=1,mode=1,fault=0,seq=0,vl=0,vr=0,pwl=0,pwr=0,actenc=0,dactenc=0,srate=0,starget=0,pidrate=0,pref=0,ppos=0,bi=0,ball=-103,vball=-7,bref=0,line=0,mask=00,bu=0,bd=0,oled=3C
[  10891] t=21862,state=1,mode=1,fault=0,seq=0,vl=0,vr=0,pwl=0,pwr=0,actenc=0,dactenc=0,srate=0,starget=0,pidrate=0,pref=0,ppos=0,bi=0,ball=-103,vball=-7,bref=0,line=0,mask=00,bu=0,bd=0,oled=3C
[  10984] t=21962,state=1,mode=1,fault=0,seq=0,vl=0,vr=0,pwl=0,pwr=0,actenc=0,dactenc=0,srate=0,starget=0,pidrate=0,pref=0,ppos=0,bi=0,ball=-103,vball=-7,bref=0,line=0,mask=00,bu=0,bd=0,oled=3C
[  11093] t=22062,state=1,mode=1,fault=0,seq=0,vl=0,vr=0,pwl=0,pwr=0,actenc=0,dactenc=0,srate=0,starget=0,pidrate=0,pref=0,ppos=0,bi=0,ball=-103,vball=-7,bref=0,line=0,mask=00,bu=0,bd=0,oled=3C
[  11188] t=22162,state=1,mode=1,fault=0,seq=0,vl=0,vr=0,pwl=0,pwr=0,actenc=0,dactenc=0,srate=0,starget=0,pidrate=0,pref=0,ppos=0,bi=0,ball=-103,vball=-7,bref=0,line=0,mask=00,bu=0,bd=0,oled=3C
[  11297] t=22262,state=1,mode=1,fault=0,seq=0,vl=0,vr=0,pwl=0,pwr=0,actenc=0,dactenc=0,srate=0,starget=0,pidrate=0,pref=0,ppos=0,bi=0,ball=-103,vball=-7,bref=0,line=0,mask=00,bu=0,bd=0,oled=3C
[  11391] t=22362,state=1,mode=1,fault=0,seq=0,vl=0,vr=0,pwl=0,pwr=0,actenc=0,dactenc=0,srate=0,starget=0,pidrate=0,pref=0,ppos=0,bi=0,ball=-103,vball=-7,bref=0,line=0,mask=00,bu=0,bd=0,oled=3C
[  11484] t=22462,state=1,mode=1,fault=0,seq=0,vl=0,vr=0,pwl=0,pwr=0,actenc=0,dactenc=0,srate=0,starget=0,pidrate=0,pref=0,ppos=0,bi=0,ball=-103,vball=-7,bref=0,line=0,mask=00,bu=0,bd=0,oled=3C
[  11593] t=22562,state=1,mode=1,fault=0,seq=0,vl=0,vr=0,pwl=0,pwr=0,actenc=0,dactenc=0,srate=0,starget=0,pidrate=0,pref=0,ppos=0,bi=0,ball=-103,vball=-7,bref=0,line=0,mask=00,bu=0,bd=0,oled=3C
[  11688] t=22662,state=1,mode=1,fault=0,seq=0,vl=0,vr=0,pwl=0,pwr=0,actenc=0,dactenc=0,srate=0,starget=0,pidrate=0,pref=0,ppos=0,bi=0,ball=-103,vball=-7,bref=0,line=0,mask=00,bu=0,bd=0,oled=3C
[  11797] t=22762,state=1,mode=1,fault=0,seq=0,vl=0,vr=0,pwl=0,pwr=0,actenc=0,dactenc=0,srate=0,starget=0,pidrate=0,pref=0,ppos=0,bi=0,ball=-103,vball=-7,bref=0,line=0,mask=00,bu=0,bd=0,oled=3C
[  11891] t=22862,state=1,mode=1,fault=0,seq=0,vl=0,vr=0,pwl=0,pwr=0,actenc=0,dactenc=0,srate=0,starget=0,pidrate=0,pref=0,ppos=0,bi=0,ball=-103,vball=-7,bref=0,line=0,mask=00,bu=0,bd=0,oled=3C
[  11984] t=22962,state=1,mode=1,fault=0,seq=0,vl=0,vr=0,pwl=0,pwr=0,actenc=0,dactenc=0,srate=0,starget=0,pidrate=0,pref=0,ppos=0,bi=0,ball=-103,vball=-7,bref=0,line=0,mask=00,bu=0,bd=0,oled=3C
[  12093] t=23062,state=1,mode=1,fault=0,seq=0,vl=0,vr=0,pwl=0,pwr=0,actenc=0,dactenc=0,srate=0,starget=0,pidrate=0,pref=0,ppos=0,bi=0,ball=-103,vball=-7,bref=0,line=0,mask=00,bu=0,bd=0,oled=3C
[  12188] t=23162,state=1,mode=1,fault=0,seq=0,vl=0,vr=0,pwl=0,pwr=0,actenc=-5,dactenc=0,srate=28,starget=28,pidrate=27,pref=0,ppos=-3,bi=0,ball=-102,vball=20,bref=0,line=0,mask=00,bu=0,bd=0,oled=3C
[  12297] t=23262,state=1,mode=1,fault=0,seq=0,vl=0,vr=0,pwl=0,pwr=0,actenc=-1,dactenc=0,srate=-11,starget=-11,pidrate=-11,pref=0,ppos=1,bi=0,ball=-99,vball=21,bref=0,line=0,mask=00,bu=0,bd=0,oled=3C
[  12391] t=23362,state=1,mode=1,fault=0,seq=0,vl=0,vr=0,pwl=0,pwr=0,actenc=-5,dactenc=0,srate=-63,starget=-63,pidrate=-63,pref=-9,ppos=-2,bi=0,ball=-99,vball=5,bref=0,line=0,mask=00,bu=0,bd=0,oled=3C
[  12484] t=23462,state=1,mode=1,fault=0,seq=0,vl=0,vr=0,pwl=0,pwr=0,actenc=-12,dactenc=0,srate=-50,starget=-50,pidrate=-49,pref=-13,ppos=-8,bi=-2,ball=-99,vball=1,bref=0,line=0,mask=00,bu=0,bd=0,oled=3C
[  12593] t=23562,state=1,mode=1,fault=0,seq=0,vl=0,vr=0,pwl=0,pwr=0,actenc=-17,dactenc=0,srate=-34,starget=-34,pidrate=-33,pref=-16,ppos=-13,bi=-4,ball=-99,vball=0,bref=0,line=0,mask=00,bu=0,bd=0,oled=3C
[  12688] t=23662,state=1,mode=1,fault=0,seq=0,vl=0,vr=0,pwl=0,pwr=0,actenc=-21,dactenc=0,srate=-25,starget=-25,pidrate=-25,pref=-18,ppos=-16,bi=-6,ball=-99,vball=0,bref=0,line=0,mask=00,bu=0,bd=0,oled=3C
[  12797] t=23762,state=1,mode=1,fault=0,seq=0,vl=0,vr=0,pwl=0,pwr=0,actenc=-25,dactenc=-1,srate=-21,starget=-21,pidrate=-20,pref=-20,ppos=-18,bi=-8,ball=-99,vball=0,bref=0,line=0,mask=00,bu=0,bd=0,oled=3C
[  12891] t=23862,state=1,mode=1,fault=0,seq=0,vl=0,vr=0,pwl=0,pwr=0,actenc=-29,dactenc=-2,srate=-43,starget=-43,pidrate=-43,pref=-25,ppos=-21,bi=-10,ball=-100,vball=-5,bref=0,line=0,mask=00,bu=0,bd=0,oled=3C
[  13000] t=23962,state=1,mode=1,fault=0,seq=0,vl=0,vr=0,pwl=0,pwr=0,actenc=-33,dactenc=-1,srate=-19,starget=-19,pidrate=-18,pref=-27,ppos=-25,bi=-12,ball=-100,vball=-3,bref=0,line=0,mask=00,bu=0,bd=0,oled=3C
[  13093] t=24062,state=1,mode=1,fault=0,seq=0,vl=0,vr=0,pwl=0,pwr=0,actenc=-34,dactenc=0,srate=-19,starget=-19,pidrate=-19,pref=-27,ppos=-25,bi=-14,ball=-100,vball=-1,bref=0,line=0,mask=00,bu=0,bd=0,oled=3C
[  13188] t=24162,state=1,mode=1,fault=0,seq=0,vl=0,vr=0,pwl=0,pwr=0,actenc=-35,dactenc=0,srate=-19,starget=-19,pidrate=-18,pref=-28,ppos=-26,bi=-16,ball=-100,vball=0,bref=0,line=0,mask=00,bu=0,bd=0,oled=3C
[  13297] t=24262,state=1,mode=1,fault=0,seq=0,vl=0,vr=0,pwl=0,pwr=0,actenc=-35,dactenc=0,srate=-24,starget=-24,pidrate=-23,pref=-29,ppos=-27,bi=-18,ball=-100,vball=2,bref=0,line=0,mask=00,bu=0,bd=0,oled=3C
[  13391] t=24362,state=1,mode=1,fault=0,seq=0,vl=0,vr=0,pwl=0,pwr=0,actenc=-36,dactenc=1,srate=196,starget=196,pidrate=196,pref=-6,ppos=-25,bi=-19,ball=-94,vball=41,bref=0,line=0,mask=00,bu=0,bd=0,oled=3C
[  13500] t=24462,state=1,mode=1,fault=0,seq=0,vl=0,vr=0,pwl=0,pwr=0,actenc=-11,dactenc=0,srate=200,starget=200,pidrate=200,pref=66,ppos=-5,bi=-19,ball=-72,vball=157,bref=0,line=0,mask=00,bu=0,bd=0,oled=3C
[  13593] t=24562,state=1,mode=1,fault=0,seq=0,vl=0,vr=0,pwl=0,pwr=0,actenc=16,dactenc=2,srate=200,starget=200,pidrate=200,pref=122,ppos=14,bi=-19,ball=-47,vball=246,bref=0,line=0,mask=00,bu=0,bd=0,oled=3C
[  13688] t=24662,state=1,mode=1,fault=0,seq=0,vl=0,vr=0,pwl=0,pwr=0,actenc=41,dactenc=2,srate=200,starget=200,pidrate=200,pref=211,ppos=34,bi=-19,ball=-6,vball=385,bref=0,line=0,mask=00,bu=0,bd=0,oled=3C
[  13797] t=24762,state=1,mode=1,fault=0,seq=0,vl=0,vr=0,pwl=0,pwr=0,actenc=68,dactenc=2,srate=200,starget=200,pidrate=200,pref=185,ppos=54,bi=-19,ball=10,vball=339,bref=0,line=0,mask=00,bu=0,bd=0,oled=3C
[  13891] t=24862,state=1,mode=1,fault=0,seq=0,vl=0,vr=0,pwl=0,pwr=0,actenc=93,dactenc=1,srate=200,starget=200,pidrate=200,pref=280,ppos=74,bi=-19,ball=76,vball=494,bref=0,line=0,mask=00,bu=0,bd=0,oled=3C
[  14000] t=24962,state=1,mode=1,fault=0,seq=0,vl=0,vr=0,pwl=0,pwr=0,actenc=119,dactenc=1,srate=200,starget=200,pidrate=200,pref=280,ppos=94,bi=-19,ball=121,vball=516,bref=0,line=0,mask=00,bu=0,bd=0,oled=3C
[  14093] t=25062,state=1,mode=1,fault=0,seq=0,vl=0,vr=0,pwl=0,pwr=0,actenc=145,dactenc=1,srate=200,starget=200,pidrate=200,pref=280,ppos=114,bi=-19,ball=167,vball=468,bref=0,line=0,mask=00,bu=0,bd=0,oled=3C
[  14188] t=25162,state=1,mode=1,fault=0,seq=0,vl=0,vr=0,pwl=0,pwr=0,actenc=171,dactenc=1,srate=200,starget=200,pidrate=200,pref=247,ppos=134,bi=-19,ball=204,vball=403,bref=0,line=0,mask=00,bu=0,bd=0,oled=3C
[  14297] t=25262,state=1,mode=1,fault=0,seq=0,vl=0,vr=0,pwl=0,pwr=0,actenc=196,dactenc=1,srate=200,starget=200,pidrate=200,pref=204,ppos=154,bi=-19,ball=232,vball=327,bref=0,line=0,mask=00,bu=0,bd=0,oled=3C
[  14391] t=25362,state=1,mode=1,fault=0,seq=0,vl=0,vr=0,pwl=0,pwr=0,actenc=209,dactenc=0,srate=-165,starget=-165,pidrate=-164,pref=144,ppos=160,bi=-19,ball=250,vball=222,bref=0,line=0,mask=00,bu=0,bd=0,oled=3C
[  14500] t=25462,state=1,mode=1,fault=0,seq=0,vl=0,vr=0,pwl=0,pwr=0,actenc=184,dactenc=-2,srate=-200,starget=-200,pidrate=-200,pref=78,ppos=141,bi=-19,ball=254,vball=112,bref=0,line=0,mask=00,bu=0,bd=0,oled=3C
[  14593] t=25562,state=1,mode=1,fault=0,seq=0,vl=0,vr=0,pwl=0,pwr=0,actenc=158,dactenc=-1,srate=-200,starget=-200,pidrate=-200,pref=-66,ppos=121,bi=-19,ball=232,vball=-125,bref=0,line=0,mask=00,bu=0,bd=0,oled=3C
[  14688] t=25662,state=1,mode=1,fault=0,seq=0,vl=0,vr=0,pwl=0,pwr=0,actenc=133,dactenc=-1,srate=-200,starget=-200,pidrate=-200,pref=-156,ppos=101,bi=-19,ball=199,vball=-269,bref=0,line=0,mask=00,bu=0,bd=0,oled=3C
[  14797] t=25762,state=1,mode=1,fault=0,seq=0,vl=0,vr=0,pwl=0,pwr=0,actenc=106,dactenc=-1,srate=-200,starget=-200,pidrate=-200,pref=-165,ppos=81,bi=-19,ball=172,vball=-277,bref=0,line=0,mask=00,bu=0,bd=0,oled=3C
[  14891] t=25862,state=1,mode=1,fault=0,seq=0,vl=0,vr=0,pwl=0,pwr=0,actenc=80,dactenc=-1,srate=-200,starget=-200,pidrate=-200,pref=-169,ppos=61,bi=-19,ball=145,vball=-278,bref=0,line=0,mask=00,bu=0,bd=0,oled=3C
[  15000] t=25962,state=1,mode=1,fault=0,seq=0,vl=0,vr=0,pwl=0,pwr=0,actenc=54,dactenc=-2,srate=-200,starget=-200,pidrate=-200,pref=-163,ppos=41,bi=-19,ball=116,vball=-263,bref=0,line=0,mask=00,bu=0,bd=0,oled=3C
[  15093] t=26062,state=1,mode=1,fault=0,seq=0,vl=0,vr=0,pwl=0,pwr=0,actenc=29,dactenc=-1,srate=-200,starget=-200,pidrate=-200,pref=-152,ppos=21,bi=-19,ball=95,vball=-240,bref=0,line=0,mask=00,bu=0,bd=0,oled=3C
[  15188] t=26162,state=1,mode=1,fault=0,seq=0,vl=0,vr=0,pwl=0,pwr=0,actenc=2,dactenc=-2,srate=-200,starget=-200,pidrate=-200,pref=-118,ppos=1,bi=-19,ball=79,vball=-181,bref=0,line=0,mask=00,bu=0,bd=0,oled=3C
[  15297] t=26262,state=1,mode=1,fault=0,seq=0,vl=0,vr=0,pwl=0,pwr=0,actenc=-22,dactenc=-1,srate=-159,starget=-159,pidrate=-159,pref=-34,ppos=-18,bi=-19,ball=82,vball=-41,bref=0,line=0,mask=00,bu=0,bd=0,oled=3C
[  15391] t=26362,state=1,mode=1,fault=0,seq=0,vl=0,vr=0,pwl=0,pwr=0,actenc=-20,dactenc=1,srate=200,starget=200,pidrate=200,pref=14,ppos=-13,bi=-19,ball=91,vball=38,bref=0,line=0,mask=00,bu=0,bd=0,oled=3C
[  15500] t=26462,state=1,mode=1,fault=0,seq=0,vl=0,vr=0,pwl=0,pwr=0,actenc=5,dactenc=1,srate=200,starget=200,pidrate=200,pref=102,ppos=6,bi=-19,ball=116,vball=179,bref=0,line=0,mask=00,bu=0,bd=0,oled=3C
[  15593] t=26562,state=1,mode=1,fault=0,seq=0,vl=0,vr=0,pwl=0,pwr=0,actenc=30,dactenc=1,srate=200,starget=200,pidrate=200,pref=168,ppos=26,bi=-19,ball=149,vball=283,bref=0,line=0,mask=00,bu=0,bd=0,oled=3C
[  15688] t=26662,state=1,mode=1,fault=0,seq=0,vl=0,vr=0,pwl=0,pwr=0,actenc=57,dactenc=1,srate=200,starget=200,pidrate=200,pref=149,ppos=46,bi=-19,ball=163,vball=248,bref=0,line=0,mask=00,bu=0,bd=0,oled=3C
[  15797] t=26762,state=1,mode=1,fault=0,seq=0,vl=0,vr=0,pwl=0,pwr=0,actenc=83,dactenc=1,srate=200,starget=200,pidrate=200,pref=275,ppos=66,bi=-19,ball=222,vball=447,bref=0,line=0,mask=00,bu=0,bd=0,oled=3C
[  15891] t=26862,state=1,mode=1,fault=0,seq=0,vl=0,vr=0,pwl=0,pwr=0,actenc=109,dactenc=2,srate=200,starget=200,pidrate=200,pref=251,ppos=86,bi=-19,ball=258,vball=399,bref=0,line=0,mask=00,bu=0,bd=0,oled=3C
[  16000] t=26962,state=1,mode=1,fault=0,seq=0,vl=0,vr=0,pwl=0,pwr=0,actenc=135,dactenc=1,srate=200,starget=200,pidrate=200,pref=210,ppos=106,bi=-19,ball=284,vball=326,bref=0,line=0,mask=00,bu=0,bd=0,oled=3C
[  16093] t=27062,state=1,mode=1,fault=0,seq=0,vl=0,vr=0,pwl=0,pwr=0,actenc=161,dactenc=2,srate=200,starget=200,pidrate=200,pref=160,ppos=126,bi=-19,ball=306,vball=239,bref=0,line=0,mask=00,bu=0,bd=0,oled=3C
[  16188] t=27162,state=1,mode=1,fault=0,seq=0,vl=0,vr=0,pwl=0,pwr=0,actenc=176,dactenc=-1,srate=-123,starget=-123,pidrate=-123,pref=125,ppos=138,bi=-19,ball=323,vball=177,bref=0,line=0,mask=00,bu=0,bd=0,oled=3C
[  16297] t=27262,state=1,mode=1,fault=0,seq=0,vl=0,vr=0,pwl=0,pwr=0,actenc=155,dactenc=-1,srate=-200,starget=-200,pidrate=-200,pref=85,ppos=120,bi=-19,ball=331,vball=108,bref=0,line=0,mask=00,bu=0,bd=0,oled=3C
[  16391] t=27362,state=1,mode=1,fault=0,seq=0,vl=0,vr=0,pwl=0,pwr=0,actenc=128,dactenc=-2,srate=-200,starget=-200,pidrate=-200,pref=43,ppos=100,bi=-19,ball=332,vball=37,bref=0,line=0,mask=00,bu=0,bd=0,oled=3C
[  16500] t=27462,state=1,mode=1,fault=0,seq=0,vl=0,vr=0,pwl=0,pwr=0,actenc=103,dactenc=-1,srate=-200,starget=-200,pidrate=-200,pref=-15,ppos=80,bi=-19,ball=321,vball=-57,bref=0,line=0,mask=00,bu=0,bd=0,oled=3C
[  16593] t=27562,state=1,mode=1,fault=0,seq=0,vl=0,vr=0,pwl=0,pwr=0,actenc=76,dactenc=-2,srate=-200,starget=-200,pidrate=-200,pref=-23,ppos=60,bi=-19,ball=312,vball=-69,bref=0,line=0,mask=00,bu=0,bd=0,oled=3C
[  16688] t=27662,state=1,mode=1,fault=0,seq=0,vl=0,vr=0,pwl=0,pwr=0,actenc=51,dactenc=-1,srate=-200,starget=-200,pidrate=-200,pref=-29,ppos=40,bi=-19,ball=303,vball=-77,bref=0,line=0,mask=00,bu=0,bd=0,oled=3C
[  16797] t=27762,state=1,mode=1,fault=0,seq=0,vl=0,vr=0,pwl=0,pwr=0,actenc=29,dactenc=0,srate=30,starget=30,pidrate=29,pref=27,ppos=24,bi=-19,ball=308,vball=16,bref=0,line=0,mask=00,bu=0,bd=0,oled=3C
[  16891] t=27862,state=1,mode=1,fault=0,seq=0,vl=0,vr=0,pwl=0,pwr=0,actenc=32,dactenc=-1,srate=27,starget=27,pidrate=27,pref=33,ppos=30,bi=-19,ball=312,vball=25,bref=0,line=0,mask=00,bu=0,bd=0,oled=3C
[  17000] t=27962,state=1,mode=1,fault=0,seq=0,vl=0,vr=0,pwl=0,pwr=0,actenc=50,dactenc=1,srate=200,starget=200,pidrate=200,pref=74,ppos=44,bi=-19,ball=323,vball=92,bref=0,line=0,mask=00,bu=0,bd=0,oled=3C
[  17093] t=28062,state=1,mode=1,fault=0,seq=0,vl=0,vr=0,pwl=0,pwr=0,actenc=75,dactenc=2,srate=200,starget=200,pidrate=200,pref=101,ppos=63,bi=-19,ball=337,vball=133,bref=0,line=0,mask=00,bu=0,bd=0,oled=3C
[  17188] t=28162,state=1,mode=1,fault=0,seq=0,vl=0,vr=0,pwl=0,pwr=0,actenc=91,dactenc=0,srate=-15,starget=-15,pidrate=-15,pref=74,ppos=75,bi=-19,ball=344,vball=87,bref=0,line=0,mask=00,bu=0,bd=0,oled=3C
[  17297] t=28262,state=1,mode=1,fault=0,seq=0,vl=0,vr=0,pwl=0,pwr=0,actenc=82,dactenc=-2,srate=-200,starget=-200,pidrate=-200,pref=14,ppos=67,bi=-19,ball=341,vball=-12,bref=0,line=0,mask=00,bu=0,bd=0,oled=3C
[  17391] t=28362,state=1,mode=1,fault=0,seq=0,vl=0,vr=0,pwl=0,pwr=0,actenc=57,dactenc=-2,srate=-200,starget=-200,pidrate=-200,pref=-3,ppos=47,bi=-19,ball=333,vball=-41,bref=0,line=0,mask=00,bu=0,bd=0,oled=3C
[  17500] t=28462,state=1,mode=1,fault=0,seq=0,vl=0,vr=0,pwl=0,pwr=0,actenc=64,dactenc=1,srate=147,starget=147,pidrate=146,pref=69,ppos=55,bi=-19,ball=349,vball=78,bref=0,line=0,mask=00,bu=0,bd=0,oled=3C
[  17593] t=28562,state=1,mode=1,fault=0,seq=0,vl=0,vr=0,pwl=0,pwr=0,actenc=61,dactenc=-1,srate=-158,starget=-158,pidrate=-158,pref=34,ppos=50,bi=-19,ball=348,vball=19,bref=0,line=0,mask=00,bu=0,bd=0,oled=3C
[  17702] t=28662,state=1,mode=1,fault=0,seq=0,vl=0,vr=0,pwl=0,pwr=0,actenc=41,dactenc=-1,srate=-110,starget=-110,pidrate=-109,pref=24,ppos=35,bi=-19,ball=348,vball=2,bref=0,line=0,mask=00,bu=0,bd=0,oled=3C
[  17797] t=28762,state=1,mode=1,fault=0,seq=0,vl=0,vr=0,pwl=0,pwr=0,actenc=33,dactenc=0,srate=-28,starget=-28,pidrate=-28,pref=25,ppos=27,bi=-14,ball=347,vball=-3,bref=0,line=0,mask=00,bu=0,bd=0,oled=3C
[  17891] t=28862,state=1,mode=1,fault=0,seq=0,vl=0,vr=0,pwl=0,pwr=0,actenc=30,dactenc=0,srate=19,starget=19,pidrate=19,pref=26,ppos=24,bi=-7,ball=345,vball=-12,bref=0,line=0,mask=00,bu=0,bd=0,oled=3C
[  18000] t=28962,state=1,mode=1,fault=0,seq=0,vl=0,vr=0,pwl=0,pwr=0,actenc=37,dactenc=2,srate=79,starget=79,pidrate=78,pref=38,ppos=30,bi=0,ball=345,vball=-3,bref=0,line=0,mask=00,bu=0,bd=0,oled=3C
[  18093] t=29062,state=1,mode=1,fault=0,seq=0,vl=0,vr=0,pwl=0,pwr=0,actenc=47,dactenc=-1,srate=78,starget=78,pidrate=77,pref=46,ppos=39,bi=6,ball=345,vball=0,bref=0,line=0,mask=00,bu=0,bd=0,oled=3C
[  18202] t=29162,state=1,mode=1,fault=0,seq=0,vl=0,vr=0,pwl=0,pwr=0,actenc=60,dactenc=1,srate=200,starget=200,pidrate=200,pref=69,ppos=49,bi=12,ball=348,vball=25,bref=0,line=0,mask=00,bu=0,bd=0,oled=3C
[  18297] t=29262,state=1,mode=1,fault=0,seq=0,vl=0,vr=0,pwl=0,pwr=0,actenc=79,dactenc=1,srate=166,starget=166,pidrate=165,pref=82,ppos=65,bi=19,ball=351,vball=33,bref=0,line=0,mask=00,bu=0,bd=0,oled=3C
[  18391] t=29362,state=1,mode=1,fault=0,seq=0,vl=0,vr=0,pwl=0,pwr=0,actenc=82,dactenc=0,srate=-98,starget=-98,pidrate=-97,pref=56,ppos=66,bi=27,ball=347,vball=-20,bref=0,line=0,mask=00,bu=0,bd=0,oled=3C
[  18500] t=29462,state=1,mode=1,fault=0,seq=0,vl=0,vr=0,pwl=0,pwr=0,actenc=92,dactenc=1,srate=107,starget=107,pidrate=106,pref=86,ppos=76,bi=34,ball=352,vball=17,bref=0,line=0,mask=00,bu=0,bd=0,oled=3C
[  18593] t=29562,state=1,mode=1,fault=0,seq=0,vl=0,vr=0,pwl=0,pwr=0,actenc=100,dactenc=0,srate=38,starget=38,pidrate=38,pref=86,ppos=82,bi=40,ball=352,vball=5,bref=0,line=0,mask=00,bu=0,bd=0,oled=3C
[  18702] t=29662,state=1,mode=1,fault=0,seq=0,vl=0,vr=0,pwl=0,pwr=0,actenc=100,dactenc=0,srate=-64,starget=-64,pidrate=-63,pref=73,ppos=80,bi=47,ball=347,vball=-26,bref=0,line=0,mask=00,bu=0,bd=0,oled=3C
[  18797] t=29762,state=1,mode=1,fault=0,seq=0,vl=0,vr=0,pwl=0,pwr=0,actenc=100,dactenc=1,srate=84,starget=84,pidrate=83,pref=91,ppos=83,bi=54,ball=347,vball=-8,bref=0,line=0,mask=00,bu=0,bd=0,oled=3C
[  18891] t=29862,state=1,mode=1,fault=0,seq=0,vl=0,vr=0,pwl=0,pwr=0,actenc=121,dactenc=1,srate=144,starget=144,pidrate=144,pref=115,ppos=100,bi=61,ball=352,vball=18,bref=0,line=0,mask=00,bu=0,bd=0,oled=3C
[  19000] t=29962,state=1,mode=1,fault=0,seq=0,vl=0,vr=0,pwl=0,pwr=0,actenc=132,dactenc=0,srate=52,starget=52,pidrate=52,pref=115,ppos=110,bi=68,ball=352,vball=6,bref=0,line=0,mask=00,bu=0,bd=0,oled=3C
[  19093] t=30062,state=1,mode=1,fault=0,seq=0,vl=0,vr=0,pwl=0,pwr=0,actenc=138,dactenc=-1,srate=41,starget=41,pidrate=40,pref=118,ppos=114,bi=75,ball=352,vball=1,bref=0,line=0,mask=00,bu=0,bd=0,oled=3C
[  19202] t=30162,state=1,mode=1,fault=0,seq=0,vl=0,vr=0,pwl=0,pwr=0,actenc=143,dactenc=0,srate=54,starget=54,pidrate=54,pref=123,ppos=118,bi=83,ball=351,vball=-2,bref=0,line=0,mask=00,bu=0,bd=0,oled=3C
[  19297] t=30262,state=1,mode=1,fault=0,seq=0,vl=0,vr=0,pwl=0,pwr=0,actenc=147,dactenc=0,srate=32,starget=32,pidrate=31,pref=125,ppos=121,bi=90,ball=349,vball=-11,bref=0,line=0,mask=00,bu=0,bd=0,oled=3C
[  19391] t=30362,state=1,mode=1,fault=0,seq=0,vl=0,vr=0,pwl=0,pwr=0,actenc=154,dactenc=1,srate=69,starget=69,pidrate=68,pref=135,ppos=128,bi=97,ball=349,vball=-5,bref=0,line=0,mask=00,bu=0,bd=0,oled=3C
[  19500] t=30462,state=1,mode=1,fault=0,seq=0,vl=0,vr=0,pwl=0,pwr=0,actenc=163,dactenc=0,srate=76,starget=76,pidrate=76,pref=144,ppos=136,bi=103,ball=349,vball=-2,bref=0,line=0,mask=00,bu=0,bd=0,oled=3C
[  19593] t=30562,state=1,mode=1,fault=0,seq=0,vl=0,vr=0,pwl=0,pwr=0,actenc=174,dactenc=0,srate=74,starget=74,pidrate=74,pref=152,ppos=145,bi=110,ball=349,vball=0,bref=0,line=0,mask=00,bu=0,bd=0,oled=3C
[  19702] t=30662,state=1,mode=1,fault=0,seq=0,vl=0,vr=0,pwl=0,pwr=0,actenc=186,dactenc=1,srate=137,starget=137,pidrate=136,pref=168,ppos=154,bi=117,ball=350,vball=14,bref=0,line=0,mask=00,bu=0,bd=0,oled=3C
[  19797] t=30762,state=1,mode=1,fault=0,seq=0,vl=0,vr=0,pwl=0,pwr=0,actenc=199,dactenc=0,srate=62,starget=62,pidrate=62,pref=171,ppos=165,bi=124,ball=351,vball=7,bref=0,line=0,mask=00,bu=0,bd=0,oled=3C
[  19891] t=30862,state=1,mode=1,fault=0,seq=0,vl=0,vr=0,pwl=0,pwr=0,actenc=199,dactenc=-2,srate=-172,starget=-172,pidrate=-172,pref=146,ppos=163,bi=129,ball=346,vball=-40,bref=0,line=0,mask=00,bu=0,bd=0,oled=3C
[  20000] t=30962,state=1,mode=1,fault=0,seq=0,vl=0,vr=0,pwl=0,pwr=0,actenc=174,dactenc=-1,srate=-200,starget=-200,pidrate=-200,pref=94,ppos=143,bi=129,ball=331,vball=-123,bref=0,line=0,mask=00,bu=0,bd=0,oled=3C
[  20093] t=31062,state=1,mode=1,fault=0,seq=0,vl=0,vr=0,pwl=0,pwr=0,actenc=148,dactenc=-2,srate=-200,starget=-200,pidrate=-200,pref=59,ppos=123,bi=129,ball=310,vball=-179,bref=0,line=0,mask=00,bu=0,bd=0,oled=3C
[  20202] t=31162,state=1,mode=1,fault=0,seq=0,vl=0,vr=0,pwl=0,pwr=0,actenc=121,dactenc=-2,srate=-200,starget=-200,pidrate=-200,pref=23,ppos=103,bi=129,ball=284,vball=-233,bref=0,line=0,mask=00,bu=0,bd=0,oled=3C
[  20297] t=31262,state=1,mode=1,fault=0,seq=0,vl=0,vr=0,pwl=0,pwr=0,actenc=96,dactenc=-2,srate=-200,starget=-200,pidrate=-200,pref=23,ppos=83,bi=129,ball=260,vball=-228,bref=0,line=0,mask=00,bu=0,bd=0,oled=3C
[  20391] t=31362,state=1,mode=1,fault=0,seq=0,vl=0,vr=0,pwl=0,pwr=0,actenc=71,dactenc=-1,srate=-200,starget=-200,pidrate=-200,pref=12,ppos=63,bi=129,ball=234,vball=-242,bref=0,line=0,mask=00,bu=0,bd=0,oled=3C
[  20500] t=31462,state=1,mode=1,fault=0,seq=0,vl=0,vr=0,pwl=0,pwr=0,actenc=44,dactenc=-1,srate=-200,starget=-200,pidrate=-200,pref=-19,ppos=43,bi=129,ball=203,vball=-288,bref=0,line=0,mask=00,bu=0,bd=0,oled=3C
[  20593] t=31562,state=1,mode=1,fault=0,seq=0,vl=0,vr=0,pwl=0,pwr=0,actenc=19,dactenc=-1,srate=-200,starget=-200,pidrate=-200,pref=-9,ppos=23,bi=129,ball=179,vball=-267,bref=0,line=0,mask=00,bu=0,bd=0,oled=3C
[  20702] t=31662,state=1,mode=1,fault=0,seq=0,vl=0,vr=0,pwl=0,pwr=0,actenc=5,dactenc=0,srate=37,starget=37,pidrate=37,pref=18,ppos=15,bi=129,ball=160,vball=-216,bref=0,line=0,mask=00,bu=0,bd=0,oled=3C
[  20797] t=31762,state=1,mode=1,fault=0,seq=0,vl=0,vr=0,pwl=0,pwr=0,actenc=25,dactenc=2,srate=200,starget=200,pidrate=200,pref=79,ppos=31,bi=129,ball=153,vball=-113,bref=0,line=0,mask=00,bu=0,bd=0,oled=3C
[  20891] t=31862,state=1,mode=1,fault=0,seq=0,vl=0,vr=0,pwl=0,pwr=0,actenc=50,dactenc=1,srate=200,starget=200,pidrate=200,pref=93,ppos=51,bi=129,ball=145,vball=-88,bref=0,line=0,mask=00,bu=0,bd=0,oled=3C
[  21000] t=31962,state=1,mode=1,fault=0,seq=0,vl=0,vr=0,pwl=0,pwr=0,actenc=76,dactenc=1,srate=200,starget=200,pidrate=200,pref=153,ppos=71,bi=129,ball=151,vball=10,bref=0,line=0,mask=00,bu=0,bd=0,oled=3C
[  21093] t=32062,state=1,mode=1,fault=0,seq=0,vl=0,vr=0,pwl=0,pwr=0,actenc=102,dactenc=1,srate=200,starget=200,pidrate=200,pref=151,ppos=91,bi=129,ball=152,vball=6,bref=0,line=0,mask=00,bu=0,bd=0,oled=3C
[  21202] t=32162,state=1,mode=1,fault=0,seq=0,vl=0,vr=0,pwl=0,pwr=0,actenc=128,dactenc=1,srate=200,starget=200,pidrate=200,pref=149,ppos=111,bi=131,ball=151,vball=0,bref=0,line=0,mask=00,bu=0,bd=0,oled=3C
[  21297] t=32262,state=1,mode=1,fault=0,seq=0,vl=0,vr=0,pwl=0,pwr=0,actenc=154,dactenc=0,srate=200,starget=200,pidrate=200,pref=152,ppos=131,bi=134,ball=151,vball=0,bref=0,line=0,mask=00,bu=0,bd=0,oled=3C
[  21391] t=32362,state=1,mode=1,fault=0,seq=0,vl=0,vr=0,pwl=0,pwr=0,actenc=172,dactenc=1,srate=95,starget=95,pidrate=94,pref=155,ppos=146,bi=137,ball=151,vball=0,bref=0,line=0,mask=00,bu=0,bd=0,oled=3C
[  21500] t=32462,state=1,mode=1,fault=0,seq=0,vl=0,vr=0,pwl=0,pwr=0,actenc=172,dactenc=-2,srate=-84,starget=-84,pidrate=-84,pref=136,ppos=145,bi=140,ball=146,vball=-35,bref=0,line=0,mask=00,bu=0,bd=0,oled=3C
[  21593] t=32562,state=1,mode=1,fault=0,seq=0,vl=0,vr=0,pwl=0,pwr=0,actenc=169,dactenc=-1,srate=-200,starget=-200,pidrate=-200,pref=103,ppos=141,bi=142,ball=136,vball=-91,bref=0,line=0,mask=00,bu=0,bd=0,oled=3C
[  21702] t=32662,state=1,mode=1,fault=0,seq=0,vl=0,vr=0,pwl=0,pwr=0,actenc=146,dactenc=0,srate=-110,starget=-110,pidrate=-109,pref=111,ppos=122,bi=142,ball=129,vball=-76,bref=0,line=0,mask=00,bu=0,bd=0,oled=3C
[  21797] t=32762,state=1,mode=1,fault=0,seq=0,vl=0,vr=0,pwl=0,pwr=0,actenc=138,dactenc=0,srate=-35,starget=-35,pidrate=-35,pref=113,ppos=116,bi=142,ball=124,vball=-73,bref=0,line=0,mask=00,bu=0,bd=0,oled=3C
[  21891] t=32862,state=1,mode=1,fault=0,seq=0,vl=0,vr=0,pwl=0,pwr=0,actenc=116,dactenc=0,srate=-200,starget=-200,pidrate=-200,pref=55,ppos=99,bi=142,ball=98,vball=-164,bref=0,line=0,mask=00,bu=0,bd=0,oled=3C
[  22000] t=32962,state=1,mode=1,fault=0,seq=0,vl=0,vr=0,pwl=0,pwr=0,actenc=94,dactenc=-2,srate=-113,starget=-113,pidrate=-113,pref=71,ppos=82,bi=142,ball=87,vball=-135,bref=0,line=0,mask=00,bu=0,bd=0,oled=3C
[  22093] t=33062,state=1,mode=1,fault=0,seq=0,vl=0,vr=0,pwl=0,pwr=0,actenc=86,dactenc=1,srate=118,starget=118,pidrate=118,pref=90,ppos=78,bi=142,ball=77,vball=-102,bref=0,line=0,mask=00,bu=0,bd=0,oled=3C
[  22202] t=33162,state=1,mode=1,fault=0,seq=0,vl=0,vr=0,pwl=0,pwr=0,actenc=108,dactenc=1,srate=138,starget=138,pidrate=137,pref=108,ppos=95,bi=142,ball=72,vball=-70,bref=0,line=0,mask=00,bu=0,bd=0,oled=3C
[  22297] t=33262,state=1,mode=1,fault=0,seq=0,vl=0,vr=0,pwl=0,pwr=0,actenc=133,dactenc=1,srate=200,starget=200,pidrate=200,pref=147,ppos=114,bi=142,ball=74,vball=-5,bref=0,line=0,mask=00,bu=0,bd=0,oled=3C
[  22407] t=33362,state=1,mode=1,fault=0,seq=0,vl=0,vr=0,pwl=0,pwr=0,actenc=159,dactenc=1,srate=200,starget=200,pidrate=200,pref=157,ppos=134,bi=142,ball=76,vball=10,bref=0,line=0,mask=00,bu=0,bd=0,oled=3C
[  22500] t=33462,state=1,mode=1,fault=0,seq=0,vl=0,vr=0,pwl=0,pwr=0,actenc=175,dactenc=1,srate=60,starget=60,pidrate=60,pref=152,ppos=146,bi=143,ball=76,vball=0,bref=0,line=0,mask=00,bu=0,bd=0,oled=3C
[  22593] t=33562,state=1,mode=1,fault=0,seq=0,vl=0,vr=0,pwl=0,pwr=0,actenc=178,dactenc=0,srate=11,starget=11,pidrate=10,pref=150,ppos=148,bi=144,ball=75,vball=-6,bref=0,line=0,mask=00,bu=0,bd=0,oled=3C
[  22702] t=33662,state=1,mode=1,fault=0,seq=0,vl=0,vr=0,pwl=0,pwr=0,actenc=181,dactenc=-1,srate=29,starget=29,pidrate=28,pref=154,ppos=151,bi=146,ball=75,vball=-1,bref=0,line=0,mask=00,bu=0,bd=0,oled=3C
[  22797] t=33762,state=1,mode=1,fault=0,seq=0,vl=0,vr=0,pwl=0,pwr=0,actenc=185,dactenc=-1,srate=22,starget=22,pidrate=22,pref=156,ppos=154,bi=147,ball=75,vball=0,bref=0,line=0,mask=00,bu=0,bd=0,oled=3C
[  22891] t=33862,state=1,mode=1,fault=0,seq=0,vl=0,vr=0,pwl=0,pwr=0,actenc=189,dactenc=1,srate=19,starget=19,pidrate=18,pref=158,ppos=156,bi=149,ball=75,vball=0,bref=0,line=0,mask=00,bu=0,bd=0,oled=3C
[  23000] t=33962,state=1,mode=1,fault=0,seq=0,vl=0,vr=0,pwl=0,pwr=0,actenc=183,dactenc=-1,srate=-88,starget=-88,pidrate=-88,pref=141,ppos=150,bi=150,ball=71,vball=-29,bref=0,line=0,mask=00,bu=0,bd=0,oled=3C
[  23093] t=34062,state=2,mode=1,fault=0,seq=1,vl=0,vr=0,pwl=0,pwr=0,actenc=0,dactenc=1,srate=0,starget=0,pidrate=0,pref=0,ppos=0,bi=0,ball=71,vball=-7,bref=500,line=0,mask=00,bu=0,bd=0,oled=3C
[  23202] t=34162,state=2,mode=1,fault=0,seq=1,vl=0,vr=0,pwl=0,pwr=0,actenc=-44,dactenc=-3,srate=-400,starget=-400,pidrate=-400,pref=-135,ppos=-34,bi=0,ball=71,vball=0,bref=500,line=0,mask=00,bu=0,bd=0,oled=3C
[  23297] t=34262,state=2,mode=1,fault=0,seq=1,vl=0,vr=0,pwl=0,pwr=0,actenc=-96,dactenc=-2,srate=-400,starget=-400,pidrate=-400,pref=-135,ppos=-74,bi=0,ball=71,vball=0,bref=500,line=0,mask=00,bu=0,bd=0,oled=3C
[  23407] t=34362,state=2,mode=1,fault=0,seq=1,vl=0,vr=0,pwl=0,pwr=0,actenc=-148,dactenc=-2,srate=-365,starget=-365,pidrate=-365,pref=-150,ppos=-114,bi=-15,ball=71,vball=0,bref=500,line=0,mask=00,bu=0,bd=0,oled=3C
[  23500] t=34462,state=2,mode=1,fault=0,seq=1,vl=0,vr=0,pwl=0,pwr=0,actenc=-187,dactenc=-1,srate=-204,starget=-204,pidrate=-203,pref=-165,ppos=-145,bi=-35,ball=74,vball=22,bref=500,line=0,mask=00,bu=0,bd=0,oled=3C
[  23593] t=34562,state=2,mode=1,fault=0,seq=1,vl=0,vr=0,pwl=0,pwr=0,actenc=-219,dactenc=-2,srate=-212,starget=-212,pidrate=-211,pref=-191,ppos=-169,bi=-62,ball=78,vball=28,bref=500,line=0,mask=00,bu=0,bd=0,oled=3C
[  23702] t=34662,state=2,mode=1,fault=0,seq=1,vl=0,vr=0,pwl=0,pwr=0,actenc=-236,dactenc=0,srate=-54,starget=-54,pidrate=-54,pref=-190,ppos=-184,bi=-68,ball=86,vball=60,bref=500,line=0,mask=00,bu=0,bd=0,oled=3C
[  23797] t=34762,state=2,mode=1,fault=0,seq=1,vl=0,vr=0,pwl=0,pwr=0,actenc=-232,dactenc=0,srate=84,starget=84,pidrate=84,pref=-170,ppos=-178,bi=0,ball=107,vball=146,bref=500,line=0,mask=00,bu=0,bd=0,oled=3C
[  23907] t=34862,state=2,mode=1,fault=0,seq=1,vl=0,vr=0,pwl=0,pwr=0,actenc=-202,dactenc=2,srate=157,starget=157,pidrate=156,pref=-139,ppos=-154,bi=0,ball=146,vball=278,bref=500,line=0,mask=00,bu=0,bd=0,oled=3C
[  24000] t=34962,state=2,mode=1,fault=0,seq=1,vl=0,vr=0,pwl=0,pwr=0,actenc=-177,dactenc=1,srate=215,starget=215,pidrate=214,pref=-113,ppos=-134,bi=0,ball=188,vball=383,bref=500,line=0,mask=00,bu=0,bd=0,oled=3C
[  24093] t=35062,state=2,mode=1,fault=0,seq=1,vl=0,vr=0,pwl=0,pwr=0,actenc=-142,dactenc=1,srate=204,starget=204,pidrate=203,pref=-87,ppos=-107,bi=0,ball=242,vball=482,bref=500,line=0,mask=00,bu=0,bd=0,oled=3C
[  24202] t=35162,state=2,mode=1,fault=0,seq=1,vl=0,vr=0,pwl=0,pwr=0,actenc=-115,dactenc=2,srate=127,starget=127,pidrate=127,pref=-74,ppos=-87,bi=0,ball=295,vball=512,bref=500,line=0,mask=00,bu=0,bd=0,oled=3C
[  24297] t=35262,state=2,mode=1,fault=0,seq=1,vl=0,vr=0,pwl=0,pwr=0,actenc=-100,dactenc=1,srate=130,starget=130,pidrate=129,pref=-62,ppos=-75,bi=0,ball=349,vball=541,bref=500,line=0,mask=00,bu=0,bd=0,oled=3C
[  24407] t=35362,state=2,mode=1,fault=0,seq=1,vl=0,vr=0,pwl=0,pwr=0,actenc=-98,dactenc=0,srate=-13,starget=-13,pidrate=-12,pref=-75,ppos=-74,bi=0,ball=389,vball=450,bref=500,line=0,mask=00,bu=0,bd=0,oled=3C
[  24500] t=35462,state=2,mode=1,fault=0,seq=2,vl=0,vr=0,pwl=0,pwr=0,actenc=-69,dactenc=2,srate=400,starget=400,pidrate=400,pref=216,ppos=-51,bi=0,ball=434,vball=443,bref=-500,line=0,mask=00,bu=0,bd=0,oled=3C
[  24593] t=35562,state=2,mode=1,fault=0,seq=2,vl=0,vr=0,pwl=0,pwr=0,actenc=-17,dactenc=3,srate=400,starget=400,pidrate=400,pref=211,ppos=-11,bi=0,ball=470,vball=396,bref=-500,line=0,mask=00,bu=0,bd=0,oled=3C
[  24702] t=35662,state=2,mode=1,fault=0,seq=2,vl=0,vr=0,pwl=0,pwr=0,actenc=35,dactenc=2,srate=400,starget=400,pidrate=400,pref=203,ppos=28,bi=0,ball=503,vball=339,bref=-500,line=0,mask=00,bu=0,bd=0,oled=3C
[  24797] t=35762,state=2,mode=1,fault=0,seq=2,vl=0,vr=0,pwl=0,pwr=0,actenc=86,dactenc=3,srate=400,starget=400,pidrate=400,pref=174,ppos=68,bi=0,ball=512,vball=186,bref=-500,line=0,mask=00,bu=0,bd=0,oled=3C
[  24907] t=35862,state=2,mode=1,fault=0,seq=2,vl=0,vr=0,pwl=0,pwr=0,actenc=137,dactenc=2,srate=400,starget=400,pidrate=400,pref=151,ppos=108,bi=0,ball=516,vball=72,bref=-500,line=0,mask=00,bu=0,bd=0,oled=3C
[  25000] t=35962,state=2,mode=1,fault=0,seq=2,vl=0,vr=0,pwl=0,pwr=0,actenc=148,dactenc=0,srate=-96,starget=-96,pidrate=-95,pref=107,ppos=116,bi=0,ball=492,vball=-136,bref=-500,line=0,mask=00,bu=0,bd=0,oled=3C
[  25093] t=36062,state=2,mode=1,fault=0,seq=2,vl=0,vr=0,pwl=0,pwr=0,actenc=124,dactenc=-1,srate=-205,starget=-205,pidrate=-205,pref=75,ppos=96,bi=0,ball=458,vball=-272,bref=-500,line=0,mask=00,bu=0,bd=0,oled=3C
[  25202] t=36162,state=2,mode=1,fault=0,seq=2,vl=0,vr=0,pwl=0,pwr=0,actenc=73,dactenc=-2,srate=-400,starget=-400,pidrate=-400,pref=15,ppos=58,bi=0,ball=391,vball=-534,bref=-500,line=0,mask=00,bu=0,bd=0,oled=3C
[  25297] t=36262,state=2,mode=1,fault=0,seq=2,vl=0,vr=0,pwl=0,pwr=0,actenc=21,dactenc=-2,srate=-400,starget=-400,pidrate=-400,pref=-38,ppos=18,bi=0,ball=304,vball=-751,bref=-500,line=0,mask=00,bu=0,bd=0,oled=3C
[  25407] t=36362,state=2,mode=1,fault=0,seq=2,vl=0,vr=0,pwl=0,pwr=0,actenc=-30,dactenc=-2,srate=-400,starget=-400,pidrate=-400,pref=-75,ppos=-21,bi=0,ball=209,vball=-882,bref=-500,line=0,mask=00,bu=0,bd=0,oled=3C
[  25500] t=36462,state=2,mode=1,fault=0,seq=2,vl=0,vr=0,pwl=0,pwr=0,actenc=-82,dactenc=-2,srate=-361,starget=-361,pidrate=-360,pref=-97,ppos=-61,bi=0,ball=115,vball=-935,bref=-500,line=0,mask=00,bu=0,bd=0,oled=3C
[  25593] t=36562,state=2,mode=1,fault=0,seq=2,vl=0,vr=0,pwl=0,pwr=0,actenc=-133,dactenc=-2,srate=-390,starget=-390,pidrate=-390,pref=-140,ppos=-101,bi=0,ball=-2,vball=-1079,bref=-500,line=0,mask=00,bu=0,bd=0,oled=3C
[  25702] t=36662,state=2,mode=1,fault=0,seq=2,vl=0,vr=0,pwl=0,pwr=0,actenc=-165,dactenc=-1,srate=-119,starget=-119,pidrate=-119,pref=-138,ppos=-126,bi=0,ball=-100,vball=-1006,bref=-500,line=0,mask=00,bu=0,bd=0,oled=3C
[  25797] t=36762,state=2,mode=1,fault=0,seq=2,vl=0,vr=0,pwl=0,pwr=0,actenc=-176,dactenc=0,srate=0,starget=0,pidrate=0,pref=-135,ppos=-134,bi=0,ball=-191,vball=-937,bref=-500,line=0,mask=00,bu=0,bd=0,oled=3C
[  25907] t=36862,state=2,mode=1,fault=0,seq=2,vl=0,vr=0,pwl=0,pwr=0,actenc=-172,dactenc=1,srate=97,starget=97,pidrate=97,pref=-120,ppos=-129,bi=0,ball=-265,vball=-818,bref=-500,line=0,mask=00,bu=0,bd=0,oled=3C
[  26000] t=36962,state=2,mode=1,fault=0,seq=2,vl=0,vr=0,pwl=0,pwr=0,actenc=-162,dactenc=2,srate=68,starget=68,pidrate=67,pref=-116,ppos=-122,bi=0,ball=-337,vball=-754,bref=-500,line=0,mask=00,bu=0,bd=0,oled=3C
[  26109] t=37062,state=2,mode=1,fault=0,seq=2,vl=0,vr=0,pwl=0,pwr=0,actenc=-198,dactenc=-1,srate=-220,starget=-220,pidrate=-220,pref=-173,ppos=-151,bi=0,ball=-388,vball=-593,bref=-500,line=0,mask=00,bu=0,bd=0,oled=3C
[  26202] t=37162,state=2,mode=1,fault=0,seq=2,vl=0,vr=0,pwl=0,pwr=0,actenc=-197,dactenc=0,srate=112,starget=112,pidrate=111,pref=-137,ppos=-149,bi=0,ball=-418,vball=-395,bref=-500,line=0,mask=00,bu=0,bd=0,oled=3C
[  26297] t=37262,state=2,mode=1,fault=0,seq=2,vl=0,vr=0,pwl=0,pwr=0,actenc=-164,dactenc=2,srate=339,starget=339,pidrate=338,pref=-89,ppos=-123,bi=0,ball=-425,vball=-150,bref=-500,line=0,mask=00,bu=0,bd=0,oled=3C
[  26407] t=37362,state=2,mode=1,fault=0,seq=2,vl=0,vr=0,pwl=0,pwr=0,actenc=-113,dactenc=2,srate=400,starget=400,pidrate=400,pref=-35,ppos=-83,bi=0,ball=-401,vball=104,bref=-500,line=0,mask=00,bu=0,bd=0,oled=3C
[  26500] t=37462,state=2,mode=1,fault=0,seq=2,vl=0,vr=0,pwl=0,pwr=0,actenc=-62,dactenc=2,srate=400,starget=400,pidrate=400,pref=0,ppos=-43,bi=0,ball=-366,vball=264,bref=-500,line=0,mask=00,bu=0,bd=0,oled=3C
[  26593] t=37562,state=2,mode=1,fault=0,seq=2,vl=0,vr=0,pwl=0,pwr=0,actenc=-9,dactenc=3,srate=400,starget=400,pidrate=400,pref=108,ppos=-3,bi=0,ball=-313,vball=353,bref=-500,line=0,mask=00,bu=0,bd=0,oled=3C
[  26702] t=37662,state=2,mode=1,fault=0,seq=2,vl=0,vr=0,pwl=0,pwr=0,actenc=43,dactenc=2,srate=400,starget=400,pidrate=400,pref=117,ppos=36,bi=0,ball=-286,vball=382,bref=-500,line=0,mask=00,bu=0,bd=0,oled=3C
[  26797] t=37762,state=2,mode=1,fault=0,seq=2,vl=0,vr=0,pwl=0,pwr=0,actenc=94,dactenc=3,srate=353,starget=353,pidrate=353,pref=111,ppos=75,bi=0,ball=-255,vball=332,bref=-500,line=0,mask=00,bu=0,bd=0,oled=3C
[  26907] t=37862,state=2,mode=1,fault=0,seq=2,vl=0,vr=0,pwl=0,pwr=0,actenc=113,dactenc=1,srate=-31,starget=-31,pidrate=-31,pref=88,ppos=91,bi=0,ball=-231,vball=204,bref=-500,line=0,mask=00,bu=0,bd=0,oled=3C
[  27000] t=37962,state=2,mode=1,fault=0,seq=2,vl=0,vr=0,pwl=0,pwr=0,actenc=108,dactenc=-1,srate=-182,starget=-182,pidrate=-181,pref=66,ppos=84,bi=0,ball=-227,vball=92,bref=-500,line=0,mask=00,bu=0,bd=0,oled=3C
[  27109] t=38062,state=2,mode=1,fault=0,seq=2,vl=0,vr=0,pwl=0,pwr=0,actenc=81,dactenc=-3,srate=-396,starget=-400,pidrate=-400,pref=17,ppos=63,bi=0,ball=-250,vball=-140,bref=-500,line=0,mask=00,bu=0,bd=0,oled=3C
[  27202] t=38162,state=2,mode=1,fault=0,seq=2,vl=0,vr=0,pwl=0,pwr=0,actenc=36,dactenc=-1,srate=-285,starget=-285,pidrate=-284,pref=0,ppos=28,bi=0,ball=-269,vball=-217,bref=-500,line=0,mask=00,bu=0,bd=0,oled=3C
[  27297] t=38262,state=2,mode=1,fault=0,seq=2,vl=0,vr=0,pwl=0,pwr=0,actenc=1,dactenc=-2,srate=-199,starget=-199,pidrate=-198,pref=-18,ppos=1,bi=0,ball=-301,vball=-288,bref=-500,line=0,mask=00,bu=0,bd=0,oled=3C
[  27407] t=38362,state=2,mode=1,fault=0,seq=2,vl=0,vr=0,pwl=0,pwr=0,actenc=-26,dactenc=-1,srate=-133,starget=-133,pidrate=-133,pref=-33,ppos=-19,bi=0,ball=-349,vball=-332,bref=-500,line=0,mask=00,bu=0,bd=0,oled=3C
[  27500] t=38462,state=2,mode=1,fault=0,seq=2,vl=0,vr=0,pwl=0,pwr=0,actenc=-63,dactenc=-2,srate=-400,starget=-400,pidrate=-400,pref=-129,ppos=-48,bi=0,ball=-389,vball=-369,bref=-500,line=0,mask=00,bu=0,bd=0,oled=3C
[  27609] t=38562,state=2,mode=1,fault=0,seq=2,vl=0,vr=0,pwl=0,pwr=0,actenc=-114,dactenc=-2,srate=-400,starget=-400,pidrate=-400,pref=-134,ppos=-88,bi=0,ball=-427,vball=-375,bref=-500,line=0,mask=00,bu=0,bd=0,oled=3C
[  27702] t=38662,state=2,mode=1,fault=0,seq=2,vl=0,vr=0,pwl=0,pwr=0,actenc=-143,dactenc=0,srate=60,starget=60,pidrate=59,pref=-103,ppos=-109,bi=0,ball=-440,vball=-211,bref=-500,line=0,mask=00,bu=0,bd=0,oled=3C
[  27797] t=38762,state=2,mode=1,fault=0,seq=2,vl=0,vr=0,pwl=0,pwr=0,actenc=-138,dactenc=1,srate=50,starget=50,pidrate=50,pref=-100,ppos=-105,bi=0,ball=-451,vball=-186,bref=-500,line=0,mask=00,bu=0,bd=0,oled=3C
[  27907] t=38862,state=2,mode=1,fault=0,seq=2,vl=0,vr=0,pwl=0,pwr=0,actenc=-121,dactenc=2,srate=118,starget=118,pidrate=117,pref=-79,ppos=-91,bi=0,ball=-454,vball=-82,bref=-500,line=0,mask=00,bu=0,bd=0,oled=3C
[  28000] t=38962,state=3,mode=1,fault=0,seq=0,vl=0,vr=0,pwl=0,pwr=0,actenc=-119,dactenc=0,srate=0,starget=0,pidrate=0,pref=-88,ppos=-88,bi=0,ball=-455,vball=-21,bref=-500,line=0,mask=00,bu=0,bd=0,oled=3C
[  28109] t=39062,state=3,mode=1,fault=0,seq=0,vl=0,vr=0,pwl=0,pwr=0,actenc=-119,dactenc=0,srate=0,starget=0,pidrate=0,pref=-88,ppos=-88,bi=0,ball=-450,vball=23,bref=-500,line=0,mask=00,bu=0,bd=0,oled=3C
[  28202] t=39162,state=3,mode=1,fault=0,seq=0,vl=0,vr=0,pwl=0,pwr=0,actenc=-116,dactenc=1,srate=63,starget=63,pidrate=62,pref=-80,ppos=-86,bi=0,ball=-449,vball=13,bref=-500,line=0,mask=00,bu=0,bd=0,oled=3C
[  28297] t=39262,state=3,mode=1,fault=0,seq=0,vl=0,vr=0,pwl=0,pwr=0,actenc=-113,dactenc=0,srate=23,starget=23,pidrate=23,pref=-80,ppos=-83,bi=0,ball=-448,vball=9,bref=-500,line=0,mask=00,bu=0,bd=0,oled=3C
[  28407] t=39362,state=3,mode=1,fault=0,seq=0,vl=0,vr=0,pwl=0,pwr=0,actenc=-113,dactenc=0,srate=0,starget=0,pidrate=0,pref=-81,ppos=-82,bi=0,ball=-448,vball=1,bref=-500,line=0,mask=00,bu=0,bd=0,oled=3C
[  28500] t=39462,state=3,mode=1,fault=0,seq=0,vl=0,vr=0,pwl=0,pwr=0,actenc=-113,dactenc=0,srate=0,starget=0,pidrate=0,pref=-82,ppos=-82,bi=0,ball=-450,vball=-8,bref=-500,line=0,mask=00,bu=0,bd=0,oled=3C
[  28609] t=39562,state=3,mode=1,fault=0,seq=0,vl=0,vr=0,pwl=0,pwr=0,actenc=-113,dactenc=0,srate=0,starget=0,pidrate=0,pref=-82,ppos=-82,bi=0,ball=-450,vball=-3,bref=-500,line=0,mask=00,bu=0,bd=0,oled=3C
[  28702] t=39662,state=3,mode=1,fault=0,seq=0,vl=0,vr=0,pwl=0,pwr=0,actenc=-113,dactenc=0,srate=0,starget=0,pidrate=0,pref=-82,ppos=-82,bi=0,ball=-450,vball=0,bref=-500,line=0,mask=00,bu=0,bd=0,oled=3C
[  28797] t=39762,state=3,mode=1,fault=0,seq=0,vl=0,vr=0,pwl=0,pwr=0,actenc=-113,dactenc=0,srate=0,starget=0,pidrate=0,pref=-82,ppos=-82,bi=0,ball=-450,vball=0,bref=-500,line=0,mask=00,bu=0,bd=0,oled=3C
[  28907] t=39862,state=3,mode=1,fault=0,seq=0,vl=0,vr=0,pwl=0,pwr=0,actenc=-113,dactenc=0,srate=0,starget=0,pidrate=0,pref=-82,ppos=-82,bi=0,ball=-450,vball=0,bref=-500,line=0,mask=00,bu=0,bd=0,oled=3C
[  29000] t=39962,state=3,mode=1,fault=0,seq=0,vl=0,vr=0,pwl=0,pwr=0,actenc=-113,dactenc=0,srate=0,starget=0,pidrate=0,pref=-82,ppos=-82,bi=0,ball=-450,vball=0,bref=-500,line=0,mask=00,bu=0,bd=0,oled=3C
[  29109] t=40062,state=3,mode=1,fault=0,seq=0,vl=0,vr=0,pwl=0,pwr=0,actenc=-113,dactenc=0,srate=0,starget=0,pidrate=0,pref=-82,ppos=-82,bi=0,ball=-450,vball=-1,bref=-500,line=0,mask=00,bu=0,bd=0,oled=3C
[  29202] t=40162,state=3,mode=1,fault=0,seq=0,vl=0,vr=0,pwl=0,pwr=0,actenc=-113,dactenc=0,srate=0,starget=0,pidrate=0,pref=-82,ppos=-82,bi=0,ball=-455,vball=-24,bref=-500,line=0,mask=00,bu=0,bd=0,oled=3C
[  29297] t=40262,state=3,mode=1,fault=0,seq=0,vl=0,vr=0,pwl=0,pwr=0,actenc=-113,dactenc=0,srate=0,starget=0,pidrate=0,pref=-82,ppos=-82,bi=0,ball=-452,vball=13,bref=-500,line=0,mask=00,bu=0,bd=0,oled=3C
[  29407] t=40362,state=3,mode=1,fault=0,seq=0,vl=0,vr=0,pwl=0,pwr=0,actenc=-113,dactenc=0,srate=0,starget=0,pidrate=0,pref=-82,ppos=-82,bi=0,ball=-455,vball=-17,bref=-500,line=0,mask=00,bu=0,bd=0,oled=3C
[  29500] t=40462,state=3,mode=1,fault=0,seq=0,vl=0,vr=0,pwl=0,pwr=0,actenc=-113,dactenc=0,srate=0,starget=0,pidrate=0,pref=-82,ppos=-82,bi=0,ball=-454,vball=3,bref=-500,line=0,mask=00,bu=0,bd=0,oled=3C
[  29609] t=40562,state=3,mode=1,fault=0,seq=0,vl=0,vr=0,pwl=0,pwr=0,actenc=-113,dactenc=0,srate=0,starget=0,pidrate=0,pref=-82,ppos=-82,bi=0,ball=-453,vball=1,bref=-500,line=0,mask=00,bu=0,bd=0,oled=3C
[  29702] t=40662,state=3,mode=1,fault=0,seq=0,vl=0,vr=0,pwl=0,pwr=0,actenc=-113,dactenc=0,srate=0,starget=0,pidrate=0,pref=-82,ppos=-82,bi=0,ball=-453,vball=0,bref=-500,line=0,mask=00,bu=0,bd=0,oled=3C
[  29797] t=40762,state=3,mode=1,fault=0,seq=0,vl=0,vr=0,pwl=0,pwr=0,actenc=-113,dactenc=0,srate=0,starget=0,pidrate=0,pref=-82,ppos=-82,bi=0,ball=-450,vball=15,bref=-500,line=0,mask=00,bu=0,bd=0,oled=3C
[  29907] t=40862,state=3,mode=1,fault=0,seq=0,vl=0,vr=0,pwl=0,pwr=0,actenc=-113,dactenc=0,srate=0,starget=0,pidrate=0,pref=-82,ppos=-82,bi=0,ball=-452,vball=-8,bref=-500,line=0,mask=00,bu=0,bd=0,oled=3C
[  30000] t=40962,state=3,mode=1,fault=0,seq=0,vl=0,vr=0,pwl=0,pwr=0,actenc=-113,dactenc=0,srate=0,starget=0,pidrate=0,pref=-82,ppos=-82,bi=0,ball=-452,vball=-4,bref=-500,line=0,mask=00,bu=0,bd=0,oled=3C
[  30109] t=41062,state=3,mode=1,fault=0,seq=0,vl=0,vr=0,pwl=0,pwr=0,actenc=-113,dactenc=0,srate=0,starget=0,pidrate=0,pref=-82,ppos=-82,bi=0,ball=-450,vball=8,bref=-500,line=0,mask=00,bu=0,bd=0,oled=3C
[  30202] t=41162,state=3,mode=1,fault=0,seq=0,vl=0,vr=0,pwl=0,pwr=0,actenc=-113,dactenc=0,srate=0,starget=0,pidrate=0,pref=-82,ppos=-82,bi=0,ball=-451,vball=-1,bref=-500,line=0,mask=00,bu=0,bd=0,oled=3C
[  30297] t=41262,state=3,mode=1,fault=0,seq=0,vl=0,vr=0,pwl=0,pwr=0,actenc=-113,dactenc=0,srate=0,starget=0,pidrate=0,pref=-82,ppos=-82,bi=0,ball=-451,vball=-1,bref=-500,line=0,mask=00,bu=0,bd=0,oled=3C
[  30407] t=41362,state=3,mode=1,fault=0,seq=0,vl=0,vr=0,pwl=0,pwr=0,actenc=-113,dactenc=0,srate=0,starget=0,pidrate=0,pref=-82,ppos=-82,bi=0,ball=-451,vball=0,bref=-500,line=0,mask=00,bu=0,bd=0,oled=3C
[  30500] t=41462,state=3,mode=1,fault=0,seq=0,vl=0,vr=0,pwl=0,pwr=0,actenc=-113,dactenc=0,srate=0,starget=0,pidrate=0,pref=-82,ppos=-82,bi=0,ball=-451,vball=0,bref=-500,line=0,mask=00,bu=0,bd=0,oled=3C
[  30609] t=41562,state=3,mode=1,fault=0,seq=0,vl=0,vr=0,pwl=0,pwr=0,actenc=-113,dactenc=0,srate=0,starget=0,pidrate=0,pref=-82,ppos=-82,bi=0,ball=-451,vball=0,bref=-500,line=0,mask=00,bu=0,bd=0,oled=3C
[  30702] t=41662,state=3,mode=1,fault=0,seq=0,vl=0,vr=0,pwl=0,pwr=0,actenc=-113,dactenc=0,srate=0,starget=0,pidrate=0,pref=-82,ppos=-82,bi=0,ball=-450,vball=9,bref=-500,line=0,mask=00,bu=0,bd=0,oled=3C
