[      0] >>> bench on
[     16] OK stepper visual-only bench active; command pose preserved
[    563] >>> app req3
[    578] OK normal app requirement 3 requested
[    688] t=13281,state=1,mode=1,fault=0,seq=0,vl=0,vr=0,pwl=0,pwr=0,actenc=-1,dactenc=0,srate=0,starget=0,pidrate=0,pref=0,ppos=0,bi=0,ball=-112,vball=0,bref=0,line=0,mask=00,bu=0,bd=0,oled=3C
[    766] t
[    781] =13381,state=1,mode=1,fault=0,seq=0,vl=0,vr=0,pwl=0,pwr=0,actenc=0,dactenc=0,srate=0,starget=0,pidrate=0,pref=0,ppos=0,bi=0,ball=-108,vball=34,bref=0,line=0,mask=00,bu=0,bd=0,oled=3C
[    891] t=13481,state=1,mode=1,fault=0,seq=0,vl=0,vr=0,pwl=0,pwr=0,actenc=5,dactenc=1,srate=31,starget=31,pidrate=30,pref=7,ppos=4,bi=0,ball=-108,vball=34,bref=0,line=0,mask=00,bu=0,bd=0,oled=3C
[    983] t=13581,state=1,mode=1,fault=0,seq=0,vl=0,vr=0,pwl=0,pwr=0,actenc=6,dactenc=0,srate=0,starget=0,pidrate=0,pref=6,ppos=5,bi=0,ball=-105,vball=31,bref=0,line=0,mask=00,bu=0,bd=0,oled=3C
[   1078] t=13681,state=1,mode=1,fault=0,seq=0,vl=0,vr=0,pwl=0,pwr=0,actenc=-7,dactenc=-2,srate=-200,starget=-200,pidrate=-200,pref=-29,ppos=-6,bi=0,ball=-112,vball=-26,bref=0,line=0,mask=00,bu=0,bd=0,oled=3C
[   1188] t=13781,state=1,mode=1,fault=0,seq=0,vl=0,vr=0,pwl=0,pwr=0,actenc=-21,dactenc=-1,srate=0,starget=0,pidrate=0,pref=-18,ppos=-17,bi=0,ball=-112,vball=-8,bref=0,line=0,mask=00,bu=0,bd=0,oled=3C
[   1281] t=13881,state=1,mode=1,fault=0,seq=0,vl=0,vr=0,pwl=0,pwr=0,actenc=-22,dactenc=0,srate=18,starget=18,pidrate=18,pref=-16,ppos=-17,bi=0,ball=-112,vball=-3,bref=0,line=0,mask=00,bu=0,bd=0,oled=3C
[   1391] t=13981,state=1,mode=1,fault=0,seq=0,vl=0,vr=0,pwl=0,pwr=0,actenc=-21,dactenc=0,srate=19,starget=19,pidrate=18,pref=-15,ppos=-16,bi=-1,ball=-112,vball=0,bref=0,line=0,mask=00,bu=0,bd=0,oled=3C
[   1483] t=14081,state=1,mode=1,fault=0,seq=0,vl=0,vr=0,pwl=0,pwr=0,actenc=-21,dactenc=0,srate=16,starget=16,pidrate=16,pref=-15,ppos=-16,bi=-1,ball=-112,vball=0,bref=0,line=0,mask=00,bu=0,bd=0,oled=3C
[   1578] t=14181,state=1,mode=1,fault=0,seq=0,vl=0,vr=0,pwl=0,pwr=0,actenc=-16,dactenc=1,srate=136,starget=136,pidrate=135,pref=1,ppos=-12,bi=-2,ball=-108,vball=27,bref=0,line=0,mask=00,bu=0,bd=0,oled=3C
[   1688] t=14281,state=1,mode=1,fault=0,seq=0,vl=0,vr=0,pwl=0,pwr=0,actenc=-9,dactenc=0,srate=-35,starget=-35,pidrate=-35,pref=-10,ppos=-6,bi=-2,ball=-108,vball=9,bref=0,line=0,mask=00,bu=0,bd=0,oled=3C
[   1781] t=14381,state=1,mode=1,fault=0,seq=0,vl=0,vr=0,pwl=0,pwr=0,actenc=-12,dactenc=0,srate=-47,starget=-47,pidrate=-47,pref=-15,ppos=-10,bi=-3,ball=-108,vball=2,bref=0,line=0,mask=00,bu=0,bd=0,oled=3C
[   1891] t=14481,state=1,mode=1,fault=0,seq=0,vl=0,vr=0,pwl=0,pwr=0,actenc=-16,dactenc=-1,srate=-28,starget=-28,pidrate=-28,pref=-16,ppos=-13,bi=-4,ball=-108,vball=0,bref=0,line=0,mask=00,bu=0,bd=0,oled=3C
[   1983] t=14581,state=1,mode=1,fault=0,seq=0,vl=0,vr=0,pwl=0,pwr=0,actenc=-18,dactenc=0,srate=-21,starget=-21,pidrate=-21,pref=-17,ppos=-15,bi=-4,ball=-108,vball=0,bref=0,line=0,mask=00,bu=0,bd=0,oled=3C
[   2078] t=14681,state=1,mode=1,fault=0,seq=0,vl=0,vr=0,pwl=0,pwr=0,actenc=-18,dactenc=0,srate=-21,starget=-21,pidrate=-21,pref=-18,ppos=-16,bi=-5,ball=-108,vball=0,bref=0,line=0,mask=00,bu=0,bd=0,oled=3C
[   2188] t=14781,state=1,mode=1,fault=0,seq=0,vl=0,vr=0,pwl=0,pwr=0,actenc=-18,dactenc=0,srate=-19,starget=-19,pidrate=-18,pref=-18,ppos=-16,bi=-5,ball=-108,vball=0,bref=0,line=0,mask=00,bu=0,bd=0,oled=3C
[   2281] t=14881,state=1,mode=1,fault=0,seq=0,vl=0,vr=0,pwl=0,pwr=0,actenc=-25,dactenc=-2,srate=-194,starget=-194,pidrate=-193,pref=-41,ppos=-22,bi=-6,ball=-114,vball=-36,bref=0,line=0,mask=00,bu=0,bd=0,oled=3C
[   2391] t=14981,state=1,mode=1,fault=0,seq=0,vl=0,vr=0,pwl=0,pwr=0,actenc=-40,dactenc=0,srate=0,starget=0,pidrate=0,pref=-35,ppos=-34,bi=-6,ball=-116,vball=-25,bref=0,line=0,mask=00,bu=0,bd=0,oled=3C
[   2483] t=15081,state=1,mode=1,fault=0,seq=0,vl=0,vr=0,pwl=0,pwr=0,actenc=-37,dactenc=0,srate=62,starget=62,pidrate=62,pref=-24,ppos=-30,bi=-6,ball=-116,vball=-6,bref=0,line=0,mask=00,bu=0,bd=0,oled=3C
[   2578] t=15181,state=1,mode=1,fault=0,seq=0,vl=0,vr=0,pwl=0,pwr=0,actenc=-31,dactenc=0,srate=37,starget=37,pidrate=37,pref=-21,ppos=-25,bi=-6,ball=-116,vball=-1,bref=0,line=0,mask=00,bu=0,bd=0,oled=3C
[   2688] t=15281,state=1,mode=1,fault=0,seq=0,vl=0,vr=0,pwl=0,pwr=0,actenc=-18,dactenc=1,srate=200,starget=200,pidrate=200,pref=30,ppos=-14,bi=-6,ball=-103,vball=82,bref=0,line=0,mask=00,bu=0,bd=0,oled=3C
[   2781] t=15381,state=1,mode=1,fault=0,seq=0,vl=0,vr=0,pwl=0,pwr=0,actenc=8,dactenc=1,srate=200,starget=200,pidrate=200,pref=82,ppos=5,bi=-6,ball=-87,vball=166,bref=0,line=0,mask=00,bu=0,bd=0,oled=3C
[   2891] t=15481,state=1,mode=1,fault=0,seq=0,vl=0,vr=0,pwl=0,pwr=0,actenc=35,dactenc=3,srate=200,starget=200,pidrate=200,pref=155,ppos=25,bi=-6,ball=-48,vball=279,bref=0,line=0,mask=00,bu=0,bd=0,oled=3C
[   2983] t=15581,state=1,mode=1,fault=0,seq=0,vl=0,vr=0,pwl=0,pwr=0,actenc=59,dactenc=1,srate=200,starget=200,pidrate=200,pref=234,ppos=45,bi=-6,ball=-3,vball=403,bref=0,line=0,mask=00,bu=0,bd=0,oled=3C
[   3078] t=15681,state=1,mode=1,fault=0,seq=0,vl=0,vr=0,pwl=0,pwr=0,actenc=85,dactenc=1,srate=200,starget=200,pidrate=200,pref=265,ppos=65,bi=-6,ball=38,vball=445,bref=0,line=0,mask=00,bu=0,bd=0,oled=3C
[   3188] t=15781,state=1,mode=1,fault=0,seq=0,vl=0,vr=0,pwl=0,pwr=0,actenc=112,dactenc=3,srate=200,starget=200,pidrate=200,pref=293,ppos=85,bi=-6,ball=117,vball=660,bref=0,line=0,mask=00,bu=0,bd=0,oled=3C
[   3281] t=15881,state=1,mode=1,fault=0,seq=0,vl=0,vr=0,pwl=0,pwr=0,actenc=136,dactenc=1,srate=200,starget=200,pidrate=200,pref=293,ppos=105,bi=-6,ball=174,vball=608,bref=0,line=0,mask=00,bu=0,bd=0,oled=3C
[   3391] t=15981,state=1,mode=1,fault=0,seq=0,vl=0,vr=0,pwl=0,pwr=0,actenc=163,dactenc=1,srate=200,starget=200,pidrate=200,pref=293,ppos=125,bi=-6,ball=232,vball=543,bref=0,line=0,mask=00,bu=0,bd=0,oled=3C
[   3483] t=16081,state=1,mode=1,fault=0,seq=0,vl=0,vr=0,pwl=0,pwr=0,actenc=189,dactenc=2,srate=200,starget=200,pidrate=200,pref=293,ppos=145,bi=-6,ball=297,vball=606,bref=0,line=0,mask=00,bu=0,bd=0,oled=3C
[   3578] t=16181,state=1,mode=1,fault=0,seq=0,vl=0,vr=0,pwl=0,pwr=0,actenc=214,dactenc=0,srate=200,starget=200,pidrate=200,pref=293,ppos=165,bi=-6,ball=345,vball=531,bref=0,line=0,mask=00,bu=0,bd=0,oled=3C
[   3688] t=16281,state=1,mode=1,fault=0,seq=0,vl=0,vr=0,pwl=0,pwr=0,actenc=241,dactenc=1,srate=200,starget=200,pidrate=200,pref=293,ppos=185,bi=-6,ball=398,vball=509,bref=0,line=0,mask=00,bu=0,bd=0,oled=3C
[   3781] t=16381,state=1,mode=1,fault=0,seq=0,vl=0,vr=0,pwl=0,pwr=0,actenc=258,dactenc=1,srate=0,starget=0,pidrate=0,pref=199,ppos=199,bi=0,ball=430,vball=387,bref=0,line=0,mask=00,bu=0,bd=0,oled=3C
[   3891] t=16481,state=1,mode=1,fault=0,seq=0,vl=0,vr=0,pwl=0,pwr=0,actenc=228,dactenc=-3,srate=-400,starget=-400,pidrate=-400,pref=125,ppos=175,bi=0,ball=441,vball=198,bref=0,line=0,mask=00,bu=0,bd=0,oled=3C
[   3983] t=16581,state=1,mode=1,fault=0,seq=0,vl=0,vr=0,pwl=0,pwr=0,actenc=176,dactenc=-2,srate=-400,starget=-400,pidrate=-400,pref=84,ppos=135,bi=0,ball=446,vball=93,bref=0,line=0,mask=00,bu=0,bd=0,oled=3C
[   4078] t=16681,state=1,mode=1,fault=0,seq=0,vl=0,vr=0,pwl=0,pwr=0,actenc=124,dactenc=-3,srate=-400,starget=-400,pidrate=-400,pref=44,ppos=95,bi=0,ball=441,vball=-5,bref=0,line=0,mask=00,bu=0,bd=0,oled=3C
[   4188] t=16781,state=1,mode=1,fault=0,seq=0,vl=0,vr=0,pwl=0,pwr=0,actenc=72,dactenc=-3,srate=-400,starget=-400,pidrate=-400,pref=4,ppos=55,bi=0,ball=427,vball=-100,bref=0,line=0,mask=00,bu=0,bd=0,oled=3C
[   4281] t=16881,state=1,mode=1,fault=0,seq=0,vl=0,vr=0,pwl=0,pwr=0,actenc=30,dactenc=0,srate=-146,starget=-146,pidrate=-146,pref=6,ppos=21,bi=0,ball=417,vball=-91,bref=0,line=0,mask=00,bu=0,bd=0,oled=3C
[   4391] t=16981,state=1,mode=1,fault=0,seq=0,vl=0,vr=0,pwl=0,pwr=0,actenc=31,dactenc=2,srate=149,starget=149,pidrate=148,pref=39,ppos=24,bi=0,ball=420,vball=-11,bref=0,line=0,mask=00,bu=0,bd=0,oled=3C
[   4483] t=17081,state=1,mode=1,fault=0,seq=0,vl=0,vr=0,pwl=0,pwr=0,actenc=62,dactenc=0,srate=59,starget=59,pidrate=59,pref=55,ppos=49,bi=0,ball=429,vball=27,bref=0,line=0,mask=00,bu=0,bd=0,oled=3C
[   4578] t=17181,state=1,mode=1,fault=0,seq=0,vl=0,vr=0,pwl=0,pwr=0,actenc=58,dactenc=1,srate=113,starget=113,pidrate=113,pref=56,ppos=45,bi=0,ball=429,vball=29,bref=0,line=0,mask=00,bu=0,bd=0,oled=3C
[   4688] t=17281,state=1,mode=1,fault=0,seq=0,vl=0,vr=0,pwl=0,pwr=0,actenc=83,dactenc=1,srate=163,starget=163,pidrate=163,pref=81,ppos=65,bi=0,ball=441,vball=89,bref=0,line=0,mask=00,bu=0,bd=0,oled=3C
[   4781] t=17381,state=1,mode=1,fault=0,seq=0,vl=0,vr=0,pwl=0,pwr=0,actenc=114,dactenc=2,srate=203,starget=203,pidrate=203,pref=108,ppos=88,bi=0,ball=460,vball=150,bref=0,line=0,mask=00,bu=0,bd=0,oled=3C
[   4891] t=17481,state=1,mode=1,fault=0,seq=0,vl=0,vr=0,pwl=0,pwr=0,actenc=124,dactenc=1,srate=172,starget=172,pidrate=171,pref=116,ppos=99,bi=0,ball=475,vball=166,bref=0,line=0,mask=00,bu=0,bd=0,oled=3C
[   4983] t=17581,state=1,mode=1,fault=0,seq=0,vl=0,vr=0,pwl=0,pwr=0,actenc=139,dactenc=2,srate=80,starget=80,pidrate=79,pref=120,ppos=112,bi=0,ball=491,vball=170,bref=0,line=0,mask=00,bu=0,bd=0,oled=3C
[   5094] t=17681,state=1,mode=1,fault=0,seq=0,vl=0,vr=0,pwl=0,pwr=0,actenc=108,dactenc=-2,srate=-292,starget=-292,pidrate=-292,pref=58,ppos=87,bi=0,ball=480,vball=18,bref=0,line=0,mask=00,bu=0,bd=0,oled=3C
[   5188] t=17781,state=1,mode=1,fault=0,seq=0,vl=0,vr=0,pwl=0,pwr=0,actenc=88,dactenc=0,srate=13,starget=13,pidrate=12,pref=74,ppos=73,bi=0,ball=487,vball=56,bref=0,line=0,mask=00,bu=0,bd=0,oled=3C
[   5281] t=17881,state=1,mode=1,fault=0,seq=0,vl=0,vr=0,pwl=0,pwr=0,actenc=97,dactenc=0,srate=112,starget=112,pidrate=111,pref=93,ppos=81,bi=0,ball=500,vball=99,bref=0,line=0,mask=00,bu=0,bd=0,oled=3C
[   5391] t=17981,state=1,mode=1,fault=0,seq=0,vl=0,vr=0,pwl=0,pwr=0,actenc=91,dactenc=-3,srate=-400,starget=-400,pidrate=-400,pref=2,ppos=73,bi=0,ball=485,vball=-123,bref=0,line=0,mask=00,bu=0,bd=0,oled=3C
[   5483] t=18081,state=1,mode=1,fault=0,seq=0,vl=0,vr=0,pwl=0,pwr=0,actenc=45,dactenc=-1,srate=-143,starget=-117,pidrate=-117,pref=25,ppos=37,bi=0,ball=480,vball=-63,bref=0,line=0,mask=00,bu=0,bd=0,oled=3C
[   5578] t=18181,state=1,mode=1,fault=0,seq=0,vl=0,vr=0,pwl=0,pwr=0,actenc=41,dactenc=1,srate=96,starget=96,pidrate=95,pref=44,ppos=34,bi=0,ball=481,vball=-17,bref=0,line=0,mask=00,bu=0,bd=0,oled=3C
[   5688] t=18281,state=1,mode=1,fault=0,seq=0,vl=0,vr=0,pwl=0,pwr=0,actenc=53,dactenc=1,srate=91,starget=91,pidrate=91,pref=53,ppos=44,bi=0,ball=483,vball=5,bref=0,line=0,mask=00,bu=0,bd=0,oled=3C
[   5781] t=18381,state=1,mode=1,fault=0,seq=0,vl=0,vr=0,pwl=0,pwr=0,actenc=59,dactenc=1,srate=115,starget=115,pidrate=115,pref=61,ppos=49,bi=3,ball=485,vball=16,bref=0,line=0,mask=00,bu=0,bd=0,oled=3C
[   5891] t=18481,state=1,mode=1,fault=0,seq=0,vl=0,vr=0,pwl=0,pwr=0,actenc=70,dactenc=1,srate=82,starget=82,pidrate=81,pref=66,ppos=58,bi=12,ball=485,vball=6,bref=0,line=0,mask=00,bu=0,bd=0,oled=3C
[   5983] t=18581,state=1,mode=1,fault=0,seq=0,vl=0,vr=0,pwl=0,pwr=0,actenc=76,dactenc=0,srate=67,starget=67,pidrate=66,pref=71,ppos=64,bi=22,ball=483,vball=-7,bref=0,line=0,mask=00,bu=0,bd=0,oled=3C
[   6094] t=18681,state=1,mode=1,fault=0,seq=0,vl=0,vr=0,pwl=0,pwr=0,actenc=86,dactenc=0,srate=149,starget=149,pidrate=149,pref=86,ppos=71,bi=32,ball=485,vball=8,bref=0,line=0,mask=00,bu=0,bd=0,oled=3C
[   6188] t=18781,state=1,mode=1,fault=0,seq=0,vl=0,vr=0,pwl=0,pwr=0,actenc=102,dactenc=0,srate=120,starget=120,pidrate=119,pref=96,ppos=84,bi=41,ball=485,vball=6,bref=0,line=0,mask=00,bu=0,bd=0,oled=3C
[   6281] t=18881,state=1,mode=1,fault=0,seq=0,vl=0,vr=0,pwl=0,pwr=0,actenc=117,dactenc=2,srate=108,starget=108,pidrate=107,pref=105,ppos=94,bi=51,ball=486,vball=5,bref=0,line=0,mask=00,bu=0,bd=0,oled=3C
[   6391] t=18981,state=1,mode=1,fault=0,seq=0,vl=0,vr=0,pwl=0,pwr=0,actenc=115,dactenc=-1,srate=-184,starget=-257,pidrate=-257,pref=66,ppos=91,bi=51,ball=472,vball=-89,bref=0,line=0,mask=00,bu=0,bd=0,oled=3C
[   6483] t=19081,state=1,mode=1,fault=0,seq=0,vl=0,vr=0,pwl=0,pwr=0,actenc=93,dactenc=0,srate=-72,starget=-72,pidrate=-72,pref=66,ppos=73,bi=51,ball=466,vball=-85,bref=0,line=0,mask=00,bu=0,bd=0,oled=3C
[   6594] t=19181,state=1,mode=1,fault=0,seq=0,vl=0,vr=0,pwl=0,pwr=0,actenc=99,dactenc=0,srate=98,starget=98,pidrate=98,pref=90,ppos=81,bi=51,ball=467,vball=-25,bref=0,line=0,mask=00,bu=0,bd=0,oled=3C
[   6688] t=19281,state=1,mode=1,fault=0,seq=0,vl=0,vr=0,pwl=0,pwr=0,actenc=112,dactenc=0,srate=73,starget=73,pidrate=73,pref=98,ppos=91,bi=51,ball=467,vball=-6,bref=0,line=0,mask=00,bu=0,bd=0,oled=3C
[   6781] t=19381,state=1,mode=1,fault=0,seq=0,vl=0,vr=0,pwl=0,pwr=0,actenc=121,dactenc=0,srate=59,starget=59,pidrate=58,pref=103,ppos=97,bi=54,ball=467,vball=-1,bref=0,line=0,mask=00,bu=0,bd=0,oled=3C
[   6891] t=19481,state=1,mode=1,fault=0,seq=0,vl=0,vr=0,pwl=0,pwr=0,actenc=132,dactenc=1,srate=73,starget=73,pidrate=73,pref=113,ppos=106,bi=64,ball=467,vball=0,bref=0,line=0,mask=00,bu=0,bd=0,oled=3C
[   6983] t=19581,state=1,mode=1,fault=0,seq=0,vl=0,vr=0,pwl=0,pwr=0,actenc=144,dactenc=0,srate=77,starget=77,pidrate=77,pref=122,ppos=115,bi=73,ball=467,vball=0,bref=0,line=0,mask=00,bu=0,bd=0,oled=3C
[   7094] t=19681,state=1,mode=1,fault=0,seq=0,vl=0,vr=0,pwl=0,pwr=0,actenc=155,dactenc=0,srate=78,starget=78,pidrate=78,pref=132,ppos=124,bi=82,ball=467,vball=0,bref=0,line=0,mask=00,bu=0,bd=0,oled=3C
[   7188] t=19781,state=1,mode=1,fault=0,seq=0,vl=0,vr=0,pwl=0,pwr=0,actenc=167,dactenc=1,srate=79,starget=79,pidrate=79,pref=141,ppos=133,bi=92,ball=467,vball=0,bref=0,line=0,mask=00,bu=0,bd=0,oled=3C
[   7281] t=19881,state=1,mode=1,fault=0,seq=0,vl=0,vr=0,pwl=0,pwr=0,actenc=178,dactenc=0,srate=79,starget=79,pidrate=79,pref=151,ppos=143,bi=101,ball=467,vball=0,bref=0,line=0,mask=00,bu=0,bd=0,oled=3C
[   7391] t=19981,state=1,mode=1,fault=0,seq=0,vl=0,vr=0,pwl=0,pwr=0,actenc=191,dactenc=1,srate=80,starget=80,pidrate=79,pref=160,ppos=152,bi=111,ball=467,vball=0,bref=0,line=0,mask=00,bu=0,bd=0,oled=3C
[   7483] t=20081,state=1,mode=1,fault=0,seq=0,vl=0,vr=0,pwl=0,pwr=0,actenc=201,dactenc=0,srate=56,starget=56,pidrate=55,pref=166,ppos=160,bi=120,ball=466,vball=-9,bref=0,line=0,mask=00,bu=0,bd=0,oled=3C
[   7594] t=20181,state=1,mode=1,fault=0,seq=0,vl=0,vr=0,pwl=0,pwr=0,actenc=220,dactenc=3,srate=400,starget=400,pidrate=400,pref=238,ppos=176,bi=126,ball=488,vball=151,bref=0,line=0,mask=00,bu=0,bd=0,oled=3C
[   7688] t=20281,state=1,mode=1,fault=0,seq=0,vl=0,vr=0,pwl=0,pwr=0,actenc=251,dactenc=-1,srate=-202,starget=-358,pidrate=-357,pref=163,ppos=199,bi=126,ball=478,vball=-32,bref=0,line=0,mask=00,bu=0,bd=0,oled=3C
[   7781] t=20381,state=1,mode=1,fault=0,seq=0,vl=0,vr=0,pwl=0,pwr=0,actenc=206,dactenc=-2,srate=-400,starget=-400,pidrate=-400,pref=107,ppos=164,bi=126,ball=455,vball=-167,bref=0,line=0,mask=00,bu=0,bd=0,oled=3C
[   7891] t=20481,state=1,mode=1,fault=0,seq=0,vl=0,vr=0,pwl=0,pwr=0,actenc=154,dactenc=-2,srate=-400,starget=-400,pidrate=-400,pref=62,ppos=124,bi=126,ball=424,vball=-270,bref=0,line=0,mask=00,bu=0,bd=0,oled=3C
[   7983] t=20581,state=1,mode=1,fault=0,seq=0,vl=0,vr=0,pwl=0,pwr=0,actenc=102,dactenc=-2,srate=-392,starget=-392,pidrate=-391,pref=45,ppos=84,bi=126,ball=390,vball=-302,bref=0,line=0,mask=00,bu=0,bd=0,oled=3C
[   8094] t=20681,state=1,mode=1,fault=0,seq=0,vl=0,vr=0,pwl=0,pwr=0,actenc=74,dactenc=-1,srate=-163,starget=-163,pidrate=-163,pref=46,ppos=62,bi=126,ball=362,vball=-291,bref=0,line=0,mask=00,bu=0,bd=0,oled=3C
[   8188] t=20781,state=1,mode=1,fault=0,seq=0,vl=0,vr=0,pwl=0,pwr=0,actenc=65,dactenc=0,srate=36,starget=36,pidrate=36,pref=58,ppos=55,bi=126,ball=339,vball=-253,bref=0,line=0,mask=00,bu=0,bd=0,oled=3C
[   8281] t=20881,state=1,mode=1,fault=0,seq=0,vl=0,vr=0,pwl=0,pwr=0,actenc=78,dactenc=1,srate=318,starget=318,pidrate=318,pref=99,ppos=67,bi=126,ball=329,vball=-149,bref=0,line=0,mask=00,bu=0,bd=0,oled=3C
[   8391] t=20981,state=1,mode=1,fault=0,seq=0,vl=0,vr=0,pwl=0,pwr=0,actenc=107,dactenc=1,srate=239,starget=239,pidrate=238,pref=113,ppos=89,bi=126,ball=320,vball=-110,bref=0,line=0,mask=00,bu=0,bd=0,oled=3C
[   8483] t=21081,state=1,mode=1,fault=0,seq=0,vl=0,vr=0,pwl=0,pwr=0,actenc=139,dactenc=1,srate=299,starget=299,pidrate=298,pref=144,ppos=114,bi=126,ball=320,vball=-33,bref=0,line=0,mask=00,bu=0,bd=0,oled=3C
[   8594] t=21181,state=1,mode=1,fault=0,seq=0,vl=0,vr=0,pwl=0,pwr=0,actenc=167,dactenc=1,srate=166,starget=166,pidrate=166,pref=152,ppos=136,bi=126,ball=320,vball=-13,bref=0,line=0,mask=00,bu=0,bd=0,oled=3C
[   8688] t=21281,state=1,mode=1,fault=0,seq=0,vl=0,vr=0,pwl=0,pwr=0,actenc=183,dactenc=1,srate=106,starget=106,pidrate=106,pref=158,ppos=147,bi=128,ball=320,vball=-4,bref=0,line=0,mask=00,bu=0,bd=0,oled=3C
[   8781] t=21381,state=1,mode=1,fault=0,seq=0,vl=0,vr=0,pwl=0,pwr=0,actenc=194,dactenc=1,srate=90,starget=90,pidrate=90,pref=165,ppos=156,bi=134,ball=320,vball=-2,bref=0,line=0,mask=00,bu=0,bd=0,oled=3C
[   8891] t=21481,state=1,mode=1,fault=0,seq=0,vl=0,vr=0,pwl=0,pwr=0,actenc=202,dactenc=1,srate=91,starget=91,pidrate=91,pref=172,ppos=162,bi=141,ball=319,vball=-2,bref=0,line=0,mask=00,bu=0,bd=0,oled=3C
[   8983] t=21581,state=1,mode=1,fault=0,seq=0,vl=0,vr=0,pwl=0,pwr=0,actenc=212,dactenc=0,srate=174,starget=272,pidrate=272,pref=198,ppos=171,bi=145,ball=326,vball=51,bref=0,line=0,mask=00,bu=0,bd=0,oled=3C
[   9094] t=21681,state=1,mode=1,fault=0,seq=0,vl=0,vr=0,pwl=0,pwr=0,actenc=231,dactenc=2,srate=18,starget=18,pidrate=18,pref=189,ppos=187,bi=145,ball=328,vball=27,bref=0,line=0,mask=00,bu=0,bd=0,oled=3C
[   9188] t=21781,state=1,mode=1,fault=0,seq=0,vl=0,vr=0,pwl=0,pwr=0,actenc=214,dactenc=-2,srate=-169,starget=-169,pidrate=-169,pref=157,ppos=174,bi=145,ball=318,vball=-49,bref=0,line=0,mask=00,bu=0,bd=0,oled=3C
[   9281] t=21881,state=1,mode=1,fault=0,seq=0,vl=0,vr=0,pwl=0,pwr=0,actenc=205,dactenc=0,srate=25,starget=25,pidrate=24,pref=169,ppos=167,bi=145,ball=318,vball=-17,bref=0,line=0,mask=00,bu=0,bd=0,oled=3C
[   9391] t=21981,state=1,mode=1,fault=0,seq=0,vl=0,vr=0,pwl=0,pwr=0,actenc=207,dactenc=0,srate=40,starget=40,pidrate=39,pref=172,ppos=168,bi=145,ball=317,vball=-10,bref=0,line=0,mask=00,bu=0,bd=0,oled=3C
[   9483] t=22081,state=1,mode=1,fault=0,seq=0,vl=0,vr=0,pwl=0,pwr=0,actenc=211,dactenc=0,srate=76,starget=76,pidrate=75,pref=180,ppos=173,bi=151,ball=316,vball=-5,bref=0,line=0,mask=00,bu=0,bd=0,oled=3C
[   9594] t=22181,state=1,mode=1,fault=0,seq=0,vl=0,vr=0,pwl=0,pwr=0,actenc=220,dactenc=0,srate=86,starget=86,pidrate=85,pref=188,ppos=180,bi=158,ball=316,vball=-1,bref=0,line=0,mask=00,bu=0,bd=0,oled=3C
[   9688] t=22281,state=1,mode=1,fault=0,seq=0,vl=0,vr=0,pwl=0,pwr=0,actenc=230,dactenc=-1,srate=47,starget=47,pidrate=47,pref=192,ppos=188,bi=164,ball=315,vball=-7,bref=0,line=0,mask=00,bu=0,bd=0,oled=3C
[   9781] t=22381,state=1,mode=1,fault=0,seq=0,vl=0,vr=0,pwl=0,pwr=0,actenc=226,dactenc=-1,srate=-150,starget=-150,pidrate=-150,pref=165,ppos=180,bi=166,ball=303,vball=-76,bref=0,line=0,mask=00,bu=0,bd=0,oled=3C
[   9891] t=22481,state=1,mode=1,fault=0,seq=0,vl=0,vr=0,pwl=0,pwr=0,actenc=241,dactenc=3,srate=275,starget=275,pidrate=275,pref=220,ppos=192,bi=166,ball=317,vball=56,bref=0,line=0,mask=00,bu=0,bd=0,oled=3C
[   9983] t=22581,state=1,mode=1,fault=0,seq=0,vl=0,vr=0,pwl=0,pwr=0,actenc=258,dactenc=2,srate=0,starget=0,pidrate=0,pref=205,ppos=206,bi=166,ball=318,vball=19,bref=0,line=0,mask=00,bu=0,bd=0,oled=3C
[  10094] t=22681,state=1,mode=1,fault=0,seq=0,vl=0,vr=0,pwl=0,pwr=0,actenc=255,dactenc=-1,srate=-41,starget=-41,pidrate=-41,pref=199,ppos=203,bi=166,ball=317,vball=4,bref=0,line=0,mask=00,bu=0,bd=0,oled=3C
[  10188] t=22781,state=1,mode=1,fault=0,seq=0,vl=0,vr=0,pwl=0,pwr=0,actenc=250,dactenc=0,srate=-19,starget=-19,pidrate=-19,pref=197,ppos=199,bi=168,ball=316,vball=-5,bref=0,line=0,mask=00,bu=0,bd=0,oled=3C
[  10281] t=22881,state=1,mode=1,fault=0,seq=0,vl=0,vr=0,pwl=0,pwr=0,actenc=250,dactenc=1,srate=41,starget=41,pidrate=41,pref=204,ppos=200,bi=174,ball=316,vball=-3,bref=0,line=0,mask=00,bu=0,bd=0,oled=3C
[  10391] t=22981,state=1,mode=1,fault=0,seq=0,vl=0,vr=0,pwl=0,pwr=0,actenc=256,dactenc=1,srate=70,starget=70,pidrate=70,pref=212,ppos=205,bi=181,ball=316,vball=0,bref=0,line=0,mask=00,bu=0,bd=0,oled=3C
[  10483] t=23081,state=1,mode=1,fault=0,seq=0,vl=0,vr=0,pwl=0,pwr=0,actenc=265,dactenc=-1,srate=90,starget=90,pidrate=89,pref=222,ppos=213,bi=187,ball=317,vball=8,bref=0,line=0,mask=00,bu=0,bd=0,oled=3C
[  10594] t=23181,state=1,mode=1,fault=0,seq=0,vl=0,vr=0,pwl=0,pwr=0,actenc=274,dactenc=0,srate=63,starget=63,pidrate=63,pref=226,ppos=220,bi=194,ball=317,vball=2,bref=0,line=0,mask=00,bu=0,bd=0,oled=3C
[  10688] t=23281,state=1,mode=1,fault=0,seq=0,vl=0,vr=0,pwl=0,pwr=0,actenc=280,dactenc=0,srate=33,starget=33,pidrate=33,pref=228,ppos=224,bi=200,ball=316,vball=-8,bref=0,line=0,mask=00,bu=0,bd=0,oled=3C
[  10781] t=23381,state=1,mode=1,fault=0,seq=0,vl=0,vr=0,pwl=0,pwr=0,actenc=286,dactenc=-1,srate=-31,starget=-31,pidrate=-31,pref=226,ppos=229,bi=206,ball=314,vball=-27,bref=0,line=0,mask=00,bu=0,bd=0,oled=3C
[  10891] t=23481,state=1,mode=1,fault=0,seq=0,vl=0,vr=0,pwl=0,pwr=0,actenc=269,dactenc=-1,srate=-212,starget=-212,pidrate=-212,pref=192,ppos=213,bi=206,ball=298,vball=-107,bref=0,line=0,mask=00,bu=0,bd=0,oled=3C
[  10983] t=23581,state=1,mode=1,fault=0,seq=0,vl=0,vr=0,pwl=0,pwr=0,actenc=227,dactenc=-2,srate=-400,starget=-400,pidrate=-400,pref=140,ppos=181,bi=206,ball=267,vball=-229,bref=0,line=0,mask=00,bu=0,bd=0,oled=3C
[  11094] t=23681,state=1,mode=1,fault=0,seq=0,vl=0,vr=0,pwl=0,pwr=0,actenc=187,dactenc=-4,srate=-400,starget=-400,pidrate=-400,pref=106,ppos=151,bi=206,ball=236,vball=-303,bref=0,line=0,mask=00,bu=0,bd=0,oled=3C
[  11188] t=23781,state=1,mode=1,fault=0,seq=0,vl=0,vr=0,pwl=0,pwr=0,actenc=144,dactenc=-2,srate=-282,starget=-282,pidrate=-281,pref=89,ppos=117,bi=206,ball=201,vball=-336,bref=0,line=0,mask=00,bu=0,bd=0,oled=3C
[  11281] t=23881,state=1,mode=1,fault=0,seq=0,vl=0,vr=0,pwl=0,pwr=0,actenc=124,dactenc=-1,srate=-200,starget=-200,pidrate=-200,pref=-36,ppos=102,bi=0,ball=152,vball=-424,bref=0,line=0,mask=00,bu=0,bd=0,oled=3C
[  11391] t=23981,state=1,mode=1,fault=0,seq=0,vl=0,vr=0,pwl=0,pwr=0,actenc=98,dactenc=-2,srate=-200,starget=-200,pidrate=-200,pref=5,ppos=82,bi=0,ball=132,vball=-349,bref=0,line=0,mask=00,bu=0,bd=0,oled=3C
[  11483] t=24081,state=1,mode=1,fault=0,seq=0,vl=0,vr=0,pwl=0,pwr=0,actenc=72,dactenc=-2,srate=-200,starget=-200,pidrate=-200,pref=41,ppos=62,bi=0,ball=108,vball=-285,bref=0,line=0,mask=00,bu=0,bd=0,oled=3C
[  11594] t=24181,state=1,mode=1,fault=0,seq=0,vl=0,vr=0,pwl=0,pwr=0,actenc=47,dactenc=-1,srate=-200,starget=-200,pidrate=-200,pref=-4,ppos=42,bi=0,ball=70,vball=-354,bref=0,line=0,mask=00,bu=0,bd=0,oled=3C
[  11688] t=24281,state=1,mode=1,fault=0,seq=0,vl=0,vr=0,pwl=0,pwr=0,actenc=56,dactenc=1,srate=200,starget=200,pidrate=200,pref=98,ppos=51,bi=0,ball=69,vball=-183,bref=0,line=0,mask=00,bu=0,bd=0,oled=3C
[  11781] t=24381,state=1,mode=1,fault=0,seq=0,vl=0,vr=0,pwl=0,pwr=0,actenc=82,dactenc=1,srate=200,starget=200,pidrate=200,pref=189,ppos=71,bi=0,ball=77,vball=-33,bref=0,line=0,mask=00,bu=0,bd=0,oled=3C
[  11891] t=24481,state=1,mode=1,fault=0,seq=0,vl=0,vr=0,pwl=0,pwr=0,actenc=108,dactenc=1,srate=200,starget=200,pidrate=200,pref=290,ppos=91,bi=0,ball=103,vball=129,bref=0,line=0,mask=00,bu=0,bd=0,oled=3C
[  11983] t=24581,state=1,mode=1,fault=0,seq=0,vl=0,vr=0,pwl=0,pwr=0,actenc=134,dactenc=2,srate=200,starget=200,pidrate=200,pref=397,ppos=111,bi=0,ball=142,vball=300,bref=0,line=0,mask=00,bu=0,bd=0,oled=3C
[  12094] t=24681,state=1,mode=1,fault=0,seq=0,vl=0,vr=0,pwl=0,pwr=0,actenc=160,dactenc=1,srate=200,starget=200,pidrate=200,pref=395,ppos=131,bi=0,ball=168,vball=292,bref=0,line=0,mask=00,bu=0,bd=0,oled=3C
[  12188] t=24781,state=1,mode=1,fault=0,seq=0,vl=0,vr=0,pwl=0,pwr=0,actenc=186,dactenc=1,srate=200,starget=200,pidrate=200,pref=431,ppos=151,bi=0,ball=207,vball=345,bref=0,line=0,mask=00,bu=0,bd=0,oled=3C
[  12297] t=24881,state=1,mode=1,fault=0,seq=0,vl=0,vr=0,pwl=0,pwr=0,actenc=212,dactenc=2,srate=200,starget=200,pidrate=200,pref=388,ppos=171,bi=0,ball=230,vball=268,bref=0,line=0,mask=00,bu=0,bd=0,oled=3C
[  12391] t=24981,state=1,mode=1,fault=0,seq=0,vl=0,vr=0,pwl=0,pwr=0,actenc=237,dactenc=0,srate=200,starget=200,pidrate=200,pref=339,ppos=191,bi=0,ball=244,vball=183,bref=0,line=0,mask=00,bu=0,bd=0,oled=3C
[  12483] t=25081,state=1,mode=1,fault=0,seq=0,vl=0,vr=0,pwl=0,pwr=0,actenc=264,dactenc=2,srate=200,starget=200,pidrate=200,pref=259,ppos=211,bi=0,ball=243,vball=51,bref=0,line=0,mask=00,bu=0,bd=0,oled=3C
[  12594] t=25181,state=1,mode=1,fault=0,seq=0,vl=0,vr=0,pwl=0,pwr=0,actenc=279,dactenc=0,srate=-106,starget=-106,pidrate=-105,pref=211,ppos=221,bi=0,ball=237,vball=-28,bref=0,line=0,mask=00,bu=0,bd=0,oled=3C
[  12688] t=25281,state=1,mode=1,fault=0,seq=0,vl=0,vr=0,pwl=0,pwr=0,actenc=255,dactenc=-2,srate=-200,starget=-200,pidrate=-200,pref=127,ppos=203,bi=0,ball=214,vball=-163,bref=0,line=0,mask=00,bu=0,bd=0,oled=3C
[  12797] t=25381,state=1,mode=1,fault=0,seq=0,vl=0,vr=0,pwl=0,pwr=0,actenc=229,dactenc=-2,srate=-200,starget=-200,pidrate=-200,pref=20,ppos=183,bi=0,ball=173,vball=-333,bref=0,line=0,mask=00,bu=0,bd=0,oled=3C
[  12891] t=25481,state=1,mode=1,fault=0,seq=0,vl=0,vr=0,pwl=0,pwr=0,actenc=204,dactenc=-1,srate=-200,starget=-200,pidrate=-200,pref=-13,ppos=163,bi=0,ball=144,vball=-385,bref=0,line=0,mask=00,bu=0,bd=0,oled=3C
[  12983] t=25581,state=1,mode=1,fault=0,seq=0,vl=0,vr=0,pwl=0,pwr=0,actenc=177,dactenc=-2,srate=-200,starget=-200,pidrate=-200,pref=10,ppos=143,bi=0,ball=120,vball=-340,bref=0,line=0,mask=00,bu=0,bd=0,oled=3C
[  13094] t=25681,state=1,mode=1,fault=0,seq=0,vl=0,vr=0,pwl=0,pwr=0,actenc=152,dactenc=-1,srate=-200,starget=-200,pidrate=-200,pref=-100,ppos=123,bi=0,ball=44,vball=-586,bref=0,line=0,mask=00,bu=0,bd=0,oled=3C
[  13188] t=25781,state=1,mode=1,fault=0,seq=0,vl=0,vr=0,pwl=0,pwr=0,actenc=125,dactenc=-2,srate=-200,starget=-200,pidrate=-200,pref=-100,ppos=103,bi=0,ball=20,vball=-505,bref=0,line=0,mask=00,bu=0,bd=0,oled=3C
[  13297] t=25881,state=1,mode=1,fault=0,seq=0,vl=0,vr=0,pwl=0,pwr=0,actenc=99,dactenc=-2,srate=-200,starget=-200,pidrate=-200,pref=-70,ppos=83,bi=0,ball=-35,vball=-442,bref=0,line=0,mask=00,bu=0,bd=0,oled=3C
[  13391] t=25981,state=1,mode=1,fault=0,seq=0,vl=0,vr=0,pwl=0,pwr=0,actenc=74,dactenc=-1,srate=-200,starget=-200,pidrate=-200,pref=-70,ppos=63,bi=0,ball=-79,vball=-434,bref=0,line=0,mask=00,bu=0,bd=0,oled=3C
[  13483] t=26081,state=1,mode=1,fault=0,seq=0,vl=0,vr=0,pwl=0,pwr=0,actenc=48,dactenc=-1,srate=-200,starget=-200,pidrate=-200,pref=-85,ppos=43,bi=0,ball=-131,vball=-448,bref=0,line=0,mask=00,bu=0,bd=0,oled=3C
[  13594] t=26181,state=1,mode=1,fault=0,seq=0,vl=0,vr=0,pwl=0,pwr=0,actenc=27,dactenc=0,srate=123,starget=123,pidrate=122,pref=39,ppos=27,bi=0,ball=-145,vball=-238,bref=0,line=0,mask=00,bu=0,bd=0,oled=3C
[  13688] t=26281,state=1,mode=1,fault=0,seq=0,vl=0,vr=0,pwl=0,pwr=0,actenc=50,dactenc=1,srate=200,starget=200,pidrate=200,pref=115,ppos=46,bi=0,ball=-150,vball=-110,bref=0,line=0,mask=00,bu=0,bd=0,oled=3C
[  13797] t=26381,state=1,mode=1,fault=0,seq=0,vl=0,vr=0,pwl=0,pwr=0,actenc=76,dactenc=1,srate=200,starget=200,pidrate=200,pref=202,ppos=66,bi=0,ball=-140,vball=32,bref=0,line=0,mask=00,bu=0,bd=0,oled=3C
[  13891] t=26481,state=1,mode=1,fault=0,seq=0,vl=0,vr=0,pwl=0,pwr=0,actenc=102,dactenc=1,srate=200,starget=200,pidrate=200,pref=260,ppos=86,bi=0,ball=-123,vball=125,bref=0,line=0,mask=00,bu=0,bd=0,oled=3C
[  13983] t=26581,state=1,mode=1,fault=0,seq=0,vl=0,vr=0,pwl=0,pwr=0,actenc=128,dactenc=1,srate=200,starget=200,pidrate=200,pref=284,ppos=106,bi=0,ball=-114,vball=163,bref=0,line=0,mask=00,bu=0,bd=0,oled=3C
[  14094] t=26681,state=1,mode=1,fault=0,seq=0,vl=0,vr=0,pwl=0,pwr=0,actenc=148,dactenc=2,srate=200,starget=200,pidrate=200,pref=282,ppos=122,bi=0,ball=-96,vball=157,bref=0,line=0,mask=00,bu=0,bd=0,oled=3C
[  14188] t=26781,state=1,mode=1,fault=0,seq=0,vl=0,vr=0,pwl=0,pwr=0,actenc=174,dactenc=2,srate=200,starget=200,pidrate=200,pref=363,ppos=142,bi=0,ball=-76,vball=287,bref=0,line=0,mask=00,bu=0,bd=0,oled=3C
[  14297] t=26881,state=1,mode=1,fault=0,seq=0,vl=0,vr=0,pwl=0,pwr=0,actenc=200,dactenc=2,srate=200,starget=200,pidrate=200,pref=319,ppos=162,bi=0,ball=-59,vball=210,bref=0,line=0,mask=00,bu=0,bd=0,oled=3C
[  14391] t=26981,state=1,mode=1,fault=0,seq=0,vl=0,vr=0,pwl=0,pwr=0,actenc=225,dactenc=1,srate=200,starget=200,pidrate=200,pref=344,ppos=182,bi=0,ball=-30,vball=246,bref=0,line=0,mask=00,bu=0,bd=0,oled=3C
[  14483] t=27081,state=1,mode=1,fault=0,seq=0,vl=0,vr=0,pwl=0,pwr=0,actenc=251,dactenc=1,srate=0,starget=0,pidrate=200,pref=201,ppos=201,bi=0,ball=-30,vball=246,bref=0,line=0,mask=00,bu=0,bd=0,oled=3C
[  14594] t=27181,state=1,mode=1,fault=0,seq=0,vl=0,vr=0,pwl=0,pwr=0,actenc=251,dactenc=0,srate=0,starget=0,pidrate=200,pref=201,ppos=201,bi=0,ball=-30,vball=246,bref=0,line=0,mask=00,bu=0,bd=0,oled=3C
[  14688] t=27281,state=1,mode=1,fault=0,seq=0,vl=0,vr=0,pwl=0,pwr=0,actenc=251,dactenc=0,srate=0,starget=0,pidrate=200,pref=201,ppos=201,bi=0,ball=-30,vball=246,bref=0,line=0,mask=00,bu=0,bd=0,oled=3C
[  14797] t=27381,state=1,mode=1,fault=0,seq=0,vl=0,vr=0,pwl=0,pwr=0,actenc=251,dactenc=0,srate=0,starget=0,pidrate=200,pref=201,ppos=201,bi=0,ball=-30,vball=246,bref=0,line=0,mask=00,bu=0,bd=0,oled=3C
[  14891] t=27481,state=1,mode=1,fault=0,seq=0,vl=0,vr=0,pwl=0,pwr=0,actenc=266,dactenc=-1,srate=0,starget=0,pidrate=0,pref=213,ppos=214,bi=0,ball=-18,vball=41,bref=0,line=0,mask=00,bu=0,bd=0,oled=3C
[  14983] t=27581,state=1,mode=1,fault=0,seq=0,vl=0,vr=0,pwl=0,pwr=0,actenc=264,dactenc=-1,srate=-200,starget=-200,pidrate=-200,pref=137,ppos=211,bi=0,ball=-41,vball=-118,bref=0,line=0,mask=00,bu=0,bd=0,oled=3C
[  15094] t=27681,state=1,mode=1,fault=0,seq=0,vl=0,vr=0,pwl=0,pwr=0,actenc=239,dactenc=-1,srate=-200,starget=-200,pidrate=-200,pref=133,ppos=191,bi=0,ball=-46,vball=-124,bref=0,line=0,mask=00,bu=0,bd=0,oled=3C
[  15188] t=27781,state=1,mode=1,fault=0,seq=0,vl=0,vr=0,pwl=0,pwr=0,actenc=212,dactenc=-1,srate=-200,starget=-200,pidrate=-200,pref=47,ppos=171,bi=0,ball=-90,vball=-258,bref=0,line=0,mask=00,bu=0,bd=0,oled=3C
[  15297] t=27881,state=1,mode=1,fault=0,seq=0,vl=0,vr=0,pwl=0,pwr=0,actenc=187,dactenc=-1,srate=-200,starget=-200,pidrate=-200,pref=16,ppos=151,bi=0,ball=-124,vball=-305,bref=0,line=0,mask=00,bu=0,bd=0,oled=3C
[  15391] t=27981,state=1,mode=1,fault=0,seq=0,vl=0,vr=0,pwl=0,pwr=0,actenc=160,dactenc=-2,srate=-200,starget=-200,pidrate=-200,pref=-29,ppos=131,bi=0,ball=-162,vball=-372,bref=0,line=0,mask=00,bu=0,bd=0,oled=3C
[  15483] t=28081,state=1,mode=1,fault=0,seq=0,vl=0,vr=0,pwl=0,pwr=0,actenc=134,dactenc=-2,srate=-200,starget=-200,pidrate=-200,pref=4,ppos=111,bi=0,ball=-190,vball=-311,bref=0,line=0,mask=00,bu=0,bd=0,oled=3C
[  15594] t=28181,state=1,mode=1,fault=0,seq=0,vl=0,vr=0,pwl=0,pwr=0,actenc=108,dactenc=-2,srate=-200,starget=-200,pidrate=-200,pref=26,ppos=91,bi=0,ball=-215,vball=-269,bref=0,line=0,mask=00,bu=0,bd=0,oled=3C
[  15688] t=28281,state=1,mode=1,fault=0,seq=0,vl=0,vr=0,pwl=0,pwr=0,actenc=83,dactenc=-1,srate=-167,starget=-167,pidrate=-166,pref=54,ppos=71,bi=0,ball=-235,vball=-218,bref=0,line=0,mask=00,bu=0,bd=0,oled=3C
[  15797] t=28381,state=1,mode=1,fault=0,seq=0,vl=0,vr=0,pwl=0,pwr=0,actenc=91,dactenc=1,srate=200,starget=200,pidrate=200,pref=116,ppos=81,bi=0,ball=-241,vball=-113,bref=0,line=0,mask=00,bu=0,bd=0,oled=3C
[  15891] t=28481,state=1,mode=1,fault=0,seq=0,vl=0,vr=0,pwl=0,pwr=0,actenc=118,dactenc=1,srate=200,starget=200,pidrate=200,pref=155,ppos=101,bi=0,ball=-243,vball=-49,bref=0,line=0,mask=00,bu=0,bd=0,oled=3C
[  15983] t=28581,state=1,mode=1,fault=0,seq=0,vl=0,vr=0,pwl=0,pwr=0,actenc=144,dactenc=2,srate=200,starget=200,pidrate=200,pref=234,ppos=121,bi=0,ball=-229,vball=79,bref=0,line=0,mask=00,bu=0,bd=0,oled=3C
[  16094] t=28681,state=1,mode=1,fault=0,seq=0,vl=0,vr=0,pwl=0,pwr=0,actenc=169,dactenc=1,srate=200,starget=200,pidrate=200,pref=252,ppos=141,bi=0,ball=-216,vball=106,bref=0,line=0,mask=00,bu=0,bd=0,oled=3C
[  16188] t=28781,state=1,mode=1,fault=0,seq=0,vl=0,vr=0,pwl=0,pwr=0,actenc=196,dactenc=1,srate=200,starget=200,pidrate=200,pref=254,ppos=161,bi=0,ball=-204,vball=107,bref=0,line=0,mask=00,bu=0,bd=0,oled=3C
[  16297] t=28881,state=1,mode=1,fault=0,seq=0,vl=0,vr=0,pwl=0,pwr=0,actenc=221,dactenc=1,srate=200,starget=200,pidrate=200,pref=254,ppos=181,bi=0,ball=-192,vball=106,bref=0,line=0,mask=00,bu=0,bd=0,oled=3C
[  16391] t=28981,state=1,mode=1,fault=0,seq=0,vl=0,vr=0,pwl=0,pwr=0,actenc=248,dactenc=2,srate=200,starget=200,pidrate=200,pref=232,ppos=201,bi=0,ball=-187,vball=68,bref=0,line=0,mask=00,bu=0,bd=0,oled=3C
[  16483] t=29081,state=1,mode=1,fault=0,seq=0,vl=0,vr=0,pwl=0,pwr=0,actenc=256,dactenc=0,srate=-61,starget=-61,pidrate=-61,pref=200,ppos=207,bi=0,ball=-188,vball=15,bref=0,line=0,mask=00,bu=0,bd=0,oled=3C
[  16594] t=29181,state=1,mode=1,fault=0,seq=0,vl=0,vr=0,pwl=0,pwr=0,actenc=247,dactenc=1,srate=-76,starget=-76,pidrate=-75,pref=191,ppos=199,bi=0,ball=-189,vball=0,bref=0,line=0,mask=00,bu=0,bd=0,oled=3C
[  16688] t=29281,state=1,mode=1,fault=0,seq=0,vl=0,vr=0,pwl=0,pwr=0,actenc=223,dactenc=-1,srate=-200,starget=-200,pidrate=-200,pref=145,ppos=180,bi=0,ball=-201,vball=-74,bref=0,line=0,mask=00,bu=0,bd=0,oled=3C
[  16797] t=29381,state=1,mode=1,fault=0,seq=0,vl=0,vr=0,pwl=0,pwr=0,actenc=197,dactenc=-1,srate=-200,starget=-200,pidrate=-200,pref=111,ppos=160,bi=0,ball=-217,vball=-128,bref=0,line=0,mask=00,bu=0,bd=0,oled=3C
[  16891] t=29481,state=1,mode=1,fault=0,seq=0,vl=0,vr=0,pwl=0,pwr=0,actenc=171,dactenc=-1,srate=-200,starget=-200,pidrate=-200,pref=93,ppos=140,bi=0,ball=-235,vball=-154,bref=0,line=0,mask=00,bu=0,bd=0,oled=3C
[  16983] t=29581,state=1,mode=1,fault=0,seq=0,vl=0,vr=0,pwl=0,pwr=0,actenc=149,dactenc=0,srate=18,starget=18,pidrate=18,pref=125,ppos=124,bi=0,ball=-244,vball=-98,bref=0,line=0,mask=00,bu=0,bd=0,oled=3C
[  17094] t=29681,state=1,mode=1,fault=0,seq=0,vl=0,vr=0,pwl=0,pwr=0,actenc=150,dactenc=-2,srate=-94,starget=-94,pidrate=-93,pref=115,ppos=124,bi=0,ball=-255,vball=-113,bref=0,line=0,mask=00,bu=0,bd=0,oled=3C
[  17188] t=29781,state=1,mode=1,fault=0,seq=0,vl=0,vr=0,pwl=0,pwr=0,actenc=155,dactenc=2,srate=185,starget=185,pidrate=185,pref=148,ppos=129,bi=0,ball=-259,vball=-57,bref=0,line=0,mask=00,bu=0,bd=0,oled=3C
[  17297] t=29881,state=1,mode=1,fault=0,seq=0,vl=0,vr=0,pwl=0,pwr=0,actenc=179,dactenc=1,srate=200,starget=200,pidrate=200,pref=204,ppos=149,bi=0,ball=-252,vball=34,bref=0,line=0,mask=00,bu=0,bd=0,oled=3C
[  17391] t=29981,state=1,mode=1,fault=0,seq=0,vl=0,vr=0,pwl=0,pwr=0,actenc=206,dactenc=1,srate=200,starget=200,pidrate=200,pref=214,ppos=169,bi=0,ball=-246,vball=49,bref=0,line=0,mask=00,bu=0,bd=0,oled=3C
[  17483] t=30081,state=1,mode=1,fault=0,seq=0,vl=0,vr=0,pwl=0,pwr=0,actenc=219,dactenc=1,srate=-52,starget=-52,pidrate=-52,pref=173,ppos=178,bi=0,ball=-251,vball=-18,bref=0,line=0,mask=00,bu=0,bd=0,oled=3C
[  17594] t=30181,state=1,mode=1,fault=0,seq=0,vl=0,vr=0,pwl=0,pwr=0,actenc=212,dactenc=-1,srate=-137,starget=-137,pidrate=-136,pref=159,ppos=173,bi=0,ball=-255,vball=-39,bref=0,line=0,mask=00,bu=0,bd=0,oled=3C
[  17688] t=30281,state=1,mode=1,fault=0,seq=0,vl=0,vr=0,pwl=0,pwr=0,actenc=204,dactenc=0,srate=-25,starget=-25,pidrate=-25,pref=163,ppos=165,bi=-1,ball=-258,vball=-30,bref=0,line=0,mask=00,bu=0,bd=0,oled=3C
[  17797] t=30381,state=1,mode=1,fault=0,seq=0,vl=0,vr=0,pwl=0,pwr=0,actenc=204,dactenc=0,srate=46,starget=46,pidrate=46,pref=171,ppos=167,bi=-2,ball=-259,vball=-14,bref=0,line=0,mask=00,bu=0,bd=0,oled=3C
[  17891] t=30481,state=1,mode=1,fault=0,seq=0,vl=0,vr=0,pwl=0,pwr=0,actenc=210,dactenc=1,srate=40,starget=40,pidrate=39,pref=176,ppos=172,bi=-3,ball=-259,vball=-5,bref=0,line=0,mask=00,bu=0,bd=0,oled=3C
[  17983] t=30581,state=1,mode=1,fault=0,seq=0,vl=0,vr=0,pwl=0,pwr=0,actenc=213,dactenc=0,srate=29,starget=29,pidrate=28,pref=178,ppos=175,bi=-5,ball=-258,vball=1,bref=0,line=0,mask=00,bu=0,bd=0,oled=3C
[  18094] t=30681,state=1,mode=1,fault=0,seq=0,vl=0,vr=0,pwl=0,pwr=0,actenc=218,dactenc=0,srate=15,starget=15,pidrate=15,pref=181,ppos=179,bi=-6,ball=-257,vball=7,bref=0,line=0,mask=00,bu=0,bd=0,oled=3C
[  18188] t=30781,state=1,mode=1,fault=0,seq=0,vl=0,vr=0,pwl=0,pwr=0,actenc=218,dactenc=0,srate=-24,starget=-24,pidrate=-24,pref=176,ppos=179,bi=-7,ball=-257,vball=2,bref=0,line=0,mask=00,bu=0,bd=0,oled=3C
[  18297] t=30881,state=1,mode=1,fault=0,seq=0,vl=0,vr=0,pwl=0,pwr=0,actenc=215,dactenc=0,srate=-12,starget=-12,pidrate=-12,pref=175,ppos=176,bi=-9,ball=-257,vball=2,bref=0,line=0,mask=00,bu=0,bd=0,oled=3C
[  18391] t=30981,state=1,mode=1,fault=0,seq=0,vl=0,vr=0,pwl=0,pwr=0,actenc=215,dactenc=0,srate=-22,starget=-22,pidrate=-22,pref=174,ppos=176,bi=-10,ball=-257,vball=2,bref=0,line=0,mask=00,bu=0,bd=0,oled=3C
[  18483] t=31081,state=1,mode=1,fault=0,seq=0,vl=0,vr=0,pwl=0,pwr=0,actenc=211,dactenc=0,srate=0,starget=0,pidrate=0,pref=173,ppos=172,bi=-11,ball=-257,vball=3,bref=0,line=0,mask=00,bu=0,bd=0,oled=3C
[  18594] t=31181,state=1,mode=1,fault=0,seq=0,vl=0,vr=0,pwl=0,pwr=0,actenc=211,dactenc=0,srate=-12,starget=-12,pidrate=-12,pref=171,ppos=172,bi=-12,ball=-257,vball=2,bref=0,line=0,mask=00,bu=0,bd=0,oled=3C
[  18688] t=31281,state=1,mode=1,fault=0,seq=0,vl=0,vr=0,pwl=0,pwr=0,actenc=211,dactenc=0,srate=97,starget=97,pidrate=97,pref=183,ppos=174,bi=-14,ball=-254,vball=24,bref=0,line=0,mask=00,bu=0,bd=0,oled=3C
[  18797] t=31381,state=1,mode=1,fault=0,seq=0,vl=0,vr=0,pwl=0,pwr=0,actenc=217,dactenc=0,srate=-19,starget=-19,pidrate=-18,pref=175,ppos=177,bi=-15,ball=-253,vball=12,bref=0,line=0,mask=00,bu=0,bd=0,oled=3C
[  18891] t=31481,state=1,mode=1,fault=0,seq=0,vl=0,vr=0,pwl=0,pwr=0,actenc=212,dactenc=-2,srate=-44,starget=-44,pidrate=-43,pref=168,ppos=173,bi=-16,ball=-253,vball=3,bref=0,line=0,mask=00,bu=0,bd=0,oled=3C
[  19000] t=31581,state=1,mode=1,fault=0,seq=0,vl=0,vr=0,pwl=0,pwr=0,actenc=209,dactenc=0,srate=-30,starget=-30,pidrate=-29,pref=166,ppos=169,bi=-17,ball=-253,vball=1,bref=0,line=0,mask=00,bu=0,bd=0,oled=3C
[  19094] t=31681,state=1,mode=1,fault=0,seq=0,vl=0,vr=0,pwl=0,pwr=0,actenc=206,dactenc=0,srate=-21,starget=-21,pidrate=-20,pref=164,ppos=166,bi=-19,ball=-253,vball=0,bref=0,line=0,mask=00,bu=0,bd=0,oled=3C
[  19188] t=31781,state=1,mode=1,fault=0,seq=0,vl=0,vr=0,pwl=0,pwr=0,actenc=204,dactenc=0,srate=-27,starget=-27,pidrate=-26,pref=162,ppos=164,bi=-20,ball=-254,vball=-1,bref=0,line=0,mask=00,bu=0,bd=0,oled=3C
[  19297] t=31881,state=1,mode=1,fault=0,seq=0,vl=0,vr=0,pwl=0,pwr=0,actenc=194,dactenc=-1,srate=-124,starget=-124,pidrate=-123,pref=143,ppos=156,bi=-21,ball=-257,vball=-29,bref=0,line=0,mask=00,bu=0,bd=0,oled=3C
[  19391] t=31981,state=1,mode=1,fault=0,seq=0,vl=0,vr=0,pwl=0,pwr=0,actenc=180,dactenc=-1,srate=-70,starget=-70,pidrate=-69,pref=138,ppos=145,bi=-22,ball=-262,vball=-36,bref=0,line=0,mask=00,bu=0,bd=0,oled=3C
[  19500] t=32081,state=1,mode=1,fault=0,seq=0,vl=0,vr=0,pwl=0,pwr=0,actenc=198,dactenc=1,srate=132,starget=132,pidrate=131,pref=173,ppos=160,bi=-22,ball=-255,vball=20,bref=0,line=0,mask=00,bu=0,bd=0,oled=3C
[  19594] t=32181,state=1,mode=1,fault=0,seq=0,vl=0,vr=0,pwl=0,pwr=0,actenc=205,dactenc=1,srate=0,starget=0,pidrate=0,pref=164,ppos=164,bi=-22,ball=-255,vball=6,bref=0,line=0,mask=00,bu=0,bd=0,oled=3C
[  19688] t=32281,state=1,mode=1,fault=0,seq=0,vl=0,vr=0,pwl=0,pwr=0,actenc=201,dactenc=0,srate=-142,starget=-142,pidrate=-142,pref=145,ppos=159,bi=-23,ball=-258,vball=-22,bref=0,line=0,mask=00,bu=0,bd=0,oled=3C
[  19797] t=32381,state=1,mode=1,fault=0,seq=0,vl=0,vr=0,pwl=0,pwr=0,actenc=196,dactenc=1,srate=84,starget=84,pidrate=84,pref=165,ppos=157,bi=-25,ball=-256,vball=12,bref=0,line=0,mask=00,bu=0,bd=0,oled=3C
[  19891] t=32481,state=1,mode=1,fault=0,seq=0,vl=0,vr=0,pwl=0,pwr=0,actenc=201,dactenc=0,srate=0,starget=0,pidrate=0,pref=161,ppos=161,bi=-26,ball=-255,vball=7,bref=0,line=0,mask=00,bu=0,bd=0,oled=3C
[  20000] t=32581,state=1,mode=1,fault=0,seq=0,vl=0,vr=0,pwl=0,pwr=0,actenc=200,dactenc=0,srate=-29,starget=-29,pidrate=-28,pref=156,ppos=159,bi=-27,ball=-255,vball=1,bref=0,line=0,mask=00,bu=0,bd=0,oled=3C
[  20094] t=32681,state=1,mode=1,fault=0,seq=0,vl=0,vr=0,pwl=0,pwr=0,actenc=196,dactenc=-1,srate=-22,starget=-22,pidrate=-21,pref=154,ppos=156,bi=-29,ball=-255,vball=0,bref=0,line=0,mask=00,bu=0,bd=0,oled=3C
[  20188] t=32781,state=1,mode=1,fault=0,seq=0,vl=0,vr=0,pwl=0,pwr=0,actenc=195,dactenc=0,srate=-107,starget=-107,pidrate=-106,pref=144,ppos=155,bi=-30,ball=-256,vball=-13,bref=0,line=0,mask=00,bu=0,bd=0,oled=3C
[  20297] t=32881,state=1,mode=1,fault=0,seq=0,vl=0,vr=0,pwl=0,pwr=0,actenc=197,dactenc=0,srate=37,starget=37,pidrate=37,pref=161,ppos=158,bi=-31,ball=-253,vball=16,bref=0,line=0,mask=00,bu=0,bd=0,oled=3C
[  20391] t=32981,state=1,mode=1,fault=0,seq=0,vl=0,vr=0,pwl=0,pwr=0,actenc=197,dactenc=0,srate=-181,starget=-181,pidrate=-181,pref=138,ppos=156,bi=-33,ball=-256,vball=-19,bref=0,line=0,mask=00,bu=0,bd=0,oled=3C
[  20500] t=33081,state=1,mode=1,fault=0,seq=0,vl=0,vr=0,pwl=0,pwr=0,actenc=184,dactenc=0,srate=-51,starget=-51,pidrate=-50,pref=142,ppos=147,bi=-34,ball=-257,vball=-11,bref=0,line=0,mask=00,bu=0,bd=0,oled=3C
[  20594] t=33181,state=1,mode=1,fault=0,seq=0,vl=0,vr=0,pwl=0,pwr=0,actenc=189,dactenc=0,srate=160,starget=160,pidrate=159,pref=169,ppos=153,bi=-35,ball=-251,vball=34,bref=0,line=0,mask=00,bu=0,bd=0,oled=3C
[  20688] t=33281,state=1,mode=1,fault=0,seq=0,vl=0,vr=0,pwl=0,pwr=0,actenc=198,dactenc=0,srate=-34,starget=-34,pidrate=-33,pref=156,ppos=159,bi=-36,ball=-250,vball=15,bref=0,line=0,mask=00,bu=0,bd=0,oled=3C
[  20797] t=33381,state=1,mode=1,fault=0,seq=0,vl=0,vr=0,pwl=0,pwr=0,actenc=192,dactenc=0,srate=-200,starget=-200,pidrate=-200,pref=123,ppos=153,bi=-38,ball=-255,vball=-37,bref=0,line=0,mask=00,bu=0,bd=0,oled=3C
[  20891] t=33481,state=1,mode=1,fault=0,seq=0,vl=0,vr=0,pwl=0,pwr=0,actenc=169,dactenc=0,srate=-90,starget=-90,pidrate=-90,pref=127,ppos=136,bi=-39,ball=-257,vball=-27,bref=0,line=0,mask=00,bu=0,bd=0,oled=3C
[  21000] t=33581,state=1,mode=1,fault=0,seq=0,vl=0,vr=0,pwl=0,pwr=0,actenc=158,dactenc=0,srate=151,starget=151,pidrate=150,pref=143,ppos=128,bi=-40,ball=-257,vball=1,bref=0,line=0,mask=00,bu=0,bd=0,oled=3C
[  21094] t=33681,state=1,mode=1,fault=0,seq=0,vl=0,vr=0,pwl=0,pwr=0,actenc=174,dactenc=1,srate=104,starget=104,pidrate=103,pref=151,ppos=141,bi=-42,ball=-255,vball=17,bref=0,line=0,mask=00,bu=0,bd=0,oled=3C
[  21188] t=33781,state=1,mode=1,fault=0,seq=0,vl=0,vr=0,pwl=0,pwr=0,actenc=182,dactenc=0,srate=0,starget=0,pidrate=0,pref=146,ppos=147,bi=-43,ball=-254,vball=10,bref=0,line=0,mask=00,bu=0,bd=0,oled=3C
[  21297] t=33881,state=1,mode=1,fault=0,seq=0,vl=0,vr=0,pwl=0,pwr=0,actenc=180,dactenc=1,srate=100,starget=100,pidrate=100,pref=156,ppos=146,bi=-44,ball=-251,vball=27,bref=0,line=0,mask=00,bu=0,bd=0,oled=3C
[  21391] t=33981,state=1,mode=1,fault=0,seq=0,vl=0,vr=0,pwl=0,pwr=0,actenc=191,dactenc=-1,srate=-14,starget=-14,pidrate=-14,pref=153,ppos=154,bi=-45,ball=-248,vball=24,bref=0,line=0,mask=00,bu=0,bd=0,oled=3C
[  21500] t=34081,state=1,mode=1,fault=0,seq=0,vl=0,vr=0,pwl=0,pwr=0,actenc=187,dactenc=-1,srate=-154,starget=-154,pidrate=-154,pref=134,ppos=149,bi=-47,ball=-249,vball=-4,bref=0,line=0,mask=00,bu=0,bd=0,oled=3C
[  21594] t=34181,state=1,mode=1,fault=0,seq=0,vl=0,vr=0,pwl=0,pwr=0,actenc=173,dactenc=0,srate=-200,starget=-200,pidrate=-200,pref=113,ppos=138,bi=-48,ball=-253,vball=-36,bref=0,line=0,mask=00,bu=0,bd=0,oled=3C
[  21688] t=34281,state=1,mode=1,fault=0,seq=0,vl=0,vr=0,pwl=0,pwr=0,actenc=154,dactenc=0,srate=-30,starget=-30,pidrate=-29,pref=119,ppos=122,bi=-48,ball=-256,vball=-25,bref=0,line=0,mask=00,bu=0,bd=0,oled=3C
[  21797] t=34381,state=1,mode=1,fault=0,seq=0,vl=0,vr=0,pwl=0,pwr=0,actenc=159,dactenc=1,srate=171,starget=171,pidrate=170,pref=145,ppos=128,bi=-48,ball=-253,vball=16,bref=0,line=0,mask=00,bu=0,bd=0,oled=3C
[  21891] t=34481,state=1,mode=1,fault=0,seq=0,vl=0,vr=0,pwl=0,pwr=0,actenc=171,dactenc=-1,srate=200,starget=200,pidrate=200,pref=161,ppos=139,bi=-48,ball=-248,vball=43,bref=0,line=0,mask=00,bu=0,bd=0,oled=3C
[  22000] t=34581,state=1,mode=1,fault=0,seq=0,vl=0,vr=0,pwl=0,pwr=0,actenc=189,dactenc=1,srate=-11,starget=-11,pidrate=-10,pref=151,ppos=152,bi=-48,ball=-246,vball=25,bref=0,line=0,mask=00,bu=0,bd=0,oled=3C
[  22094] t=34681,state=1,mode=1,fault=0,seq=0,vl=0,vr=0,pwl=0,pwr=0,actenc=184,dactenc=0,srate=-77,starget=-77,pidrate=-76,pref=139,ppos=147,bi=-48,ball=-246,vball=6,bref=0,line=0,mask=00,bu=0,bd=0,oled=3C
[  22188] t=34781,state=1,mode=1,fault=0,seq=0,vl=0,vr=0,pwl=0,pwr=0,actenc=175,dactenc=-1,srate=-53,starget=-53,pidrate=-52,pref=135,ppos=141,bi=-49,ball=-247,vball=1,bref=0,line=0,mask=00,bu=0,bd=0,oled=3C
[  22297] t=34881,state=1,mode=1,fault=0,seq=0,vl=0,vr=0,pwl=0,pwr=0,actenc=165,dactenc=-1,srate=-200,starget=-200,pidrate=-200,pref=108,ppos=131,bi=-50,ball=-252,vball=-42,bref=0,line=0,mask=00,bu=0,bd=0,oled=3C
[  22391] t=34981,state=1,mode=1,fault=0,seq=0,vl=0,vr=0,pwl=0,pwr=0,actenc=157,dactenc=0,srate=200,starget=200,pidrate=200,pref=148,ppos=127,bi=-50,ball=-247,vball=23,bref=0,line=0,mask=00,bu=0,bd=0,oled=3C
[  22500] t=35081,state=1,mode=1,fault=0,seq=0,vl=0,vr=0,pwl=0,pwr=0,actenc=172,dactenc=1,srate=35,starget=35,pidrate=34,pref=142,ppos=139,bi=-50,ball=-246,vball=14,bref=0,line=0,mask=00,bu=0,bd=0,oled=3C
[  22594] t=35181,state=1,mode=1,fault=0,seq=0,vl=0,vr=0,pwl=0,pwr=0,actenc=172,dactenc=0,srate=-48,starget=-48,pidrate=-47,pref=134,ppos=139,bi=-51,ball=-246,vball=1,bref=0,line=0,mask=00,bu=0,bd=0,oled=3C
[  22688] t=35281,state=1,mode=1,fault=0,seq=0,vl=0,vr=0,pwl=0,pwr=0,actenc=166,dactenc=-1,srate=-40,starget=-40,pidrate=-40,pref=129,ppos=133,bi=-52,ball=-247,vball=-4,bref=0,line=0,mask=00,bu=0,bd=0,oled=3C
[  22797] t=35381,state=1,mode=1,fault=0,seq=0,vl=0,vr=0,pwl=0,pwr=0,actenc=164,dactenc=1,srate=-38,starget=-38,pidrate=-37,pref=127,ppos=131,bi=-53,ball=-247,vball=-5,bref=0,line=0,mask=00,bu=0,bd=0,oled=3C
[  22891] t=35481,state=1,mode=1,fault=0,seq=0,vl=0,vr=0,pwl=0,pwr=0,actenc=161,dactenc=0,srate=-17,starget=-17,pidrate=-16,pref=128,ppos=129,bi=-54,ball=-248,vball=-2,bref=0,line=0,mask=00,bu=0,bd=0,oled=3C
[  23000] t=35581,state=1,mode=1,fault=0,seq=0,vl=0,vr=0,pwl=0,pwr=0,actenc=159,dactenc=-2,srate=-130,starget=-130,pidrate=-130,pref=115,ppos=128,bi=-56,ball=-250,vball=-20,bref=0,line=0,mask=00,bu=0,bd=0,oled=3C
[  23094] t=35681,state=1,mode=1,fault=0,seq=0,vl=0,vr=0,pwl=0,pwr=0,actenc=149,dactenc=2,srate=199,starget=199,pidrate=199,pref=142,ppos=122,bi=-56,ball=-248,vball=23,bref=0,line=0,mask=00,bu=0,bd=0,oled=3C
[  23188] t=35781,state=1,mode=1,fault=0,seq=0,vl=0,vr=0,pwl=0,pwr=0,actenc=159,dactenc=1,srate=0,starget=0,pidrate=0,pref=129,ppos=129,bi=-56,ball=-249,vball=2,bref=0,line=0,mask=00,bu=0,bd=0,oled=3C
[  23297] t=35881,state=1,mode=1,fault=0,seq=0,vl=0,vr=0,pwl=0,pwr=0,actenc=159,dactenc=1,srate=-84,starget=-84,pidrate=-84,pref=120,ppos=128,bi=-56,ball=-250,vball=-11,bref=0,line=0,mask=00,bu=0,bd=0,oled=3C
[  23391] t=35981,state=1,mode=1,fault=0,seq=0,vl=0,vr=0,pwl=0,pwr=0,actenc=142,dactenc=-2,srate=-183,starget=-183,pidrate=-183,pref=96,ppos=115,bi=-57,ball=-257,vball=-47,bref=0,line=0,mask=00,bu=0,bd=0,oled=3C
[  23500] t=36081,state=1,mode=1,fault=0,seq=0,vl=0,vr=0,pwl=0,pwr=0,actenc=133,dactenc=0,srate=48,starget=48,pidrate=48,pref=113,ppos=108,bi=-57,ball=-258,vball=-19,bref=0,line=0,mask=00,bu=0,bd=0,oled=3C
[  23594] t=36181,state=1,mode=1,fault=0,seq=0,vl=0,vr=0,pwl=0,pwr=0,actenc=140,dactenc=-1,srate=-22,starget=-22,pidrate=-21,pref=112,ppos=114,bi=-57,ball=-260,vball=-21,bref=0,line=0,mask=00,bu=0,bd=0,oled=3C
[  23703] t=36281,state=1,mode=1,fault=0,seq=0,vl=0,vr=0,pwl=0,pwr=0,actenc=138,dactenc=0,srate=200,starget=200,pidrate=200,pref=133,ppos=112,bi=-58,ball=-258,vball=15,bref=0,line=0,mask=00,bu=0,bd=0,oled=3C
[  23797] t=36381,state=1,mode=1,fault=0,seq=0,vl=0,vr=0,pwl=0,pwr=0,actenc=164,dactenc=2,srate=176,starget=176,pidrate=175,pref=150,ppos=132,bi=-58,ball=-251,vball=41,bref=0,line=0,mask=00,bu=0,bd=0,oled=3C
[  23891] t=36481,state=1,mode=1,fault=0,seq=0,vl=0,vr=0,pwl=0,pwr=0,actenc=179,dactenc=0,srate=-144,starget=-144,pidrate=-144,pref=129,ppos=144,bi=-58,ball=-250,vball=7,bref=0,line=0,mask=00,bu=0,bd=0,oled=3C
[  24000] t=36581,state=1,mode=1,fault=0,seq=0,vl=0,vr=0,pwl=0,pwr=0,actenc=164,dactenc=1,srate=25,starget=25,pidrate=24,pref=134,ppos=131,bi=-58,ball=-250,vball=15,bref=0,line=0,mask=00,bu=0,bd=0,oled=3C
[  24094] t=36681,state=1,mode=1,fault=0,seq=0,vl=0,vr=0,pwl=0,pwr=0,actenc=165,dactenc=0,srate=-23,starget=-23,pidrate=-23,pref=130,ppos=133,bi=-58,ball=-249,vball=9,bref=0,line=0,mask=00,bu=0,bd=0,oled=3C
[  24188] t=36781,state=1,mode=1,fault=0,seq=0,vl=0,vr=0,pwl=0,pwr=0,actenc=162,dactenc=0,srate=-38,starget=-38,pidrate=-37,pref=125,ppos=129,bi=-59,ball=-249,vball=2,bref=0,line=0,mask=00,bu=0,bd=0,oled=3C
[  24297] t=36881,state=1,mode=1,fault=0,seq=0,vl=0,vr=0,pwl=0,pwr=0,actenc=142,dactenc=-2,srate=-200,starget=-200,pidrate=-200,pref=91,ppos=114,bi=-59,ball=-258,vball=-53,bref=0,line=0,mask=00,bu=0,bd=0,oled=3C
[  24391] t=36981,state=1,mode=1,fault=0,seq=0,vl=0,vr=0,pwl=0,pwr=0,actenc=132,dactenc=0,srate=62,starget=62,pidrate=62,pref=113,ppos=107,bi=-59,ball=-258,vball=-16,bref=0,line=0,mask=00,bu=0,bd=0,oled=3C
[  24500] t=37081,state=1,mode=1,fault=0,seq=0,vl=0,vr=0,pwl=0,pwr=0,actenc=146,dactenc=1,srate=200,starget=200,pidrate=200,pref=165,ppos=119,bi=-59,ball=-249,vball=67,bref=0,line=0,mask=00,bu=0,bd=0,oled=3C
[  24594] t=37181,state=1,mode=1,fault=0,seq=0,vl=0,vr=0,pwl=0,pwr=0,actenc=170,dactenc=0,srate=88,starget=88,pidrate=87,pref=147,ppos=138,bi=-59,ball=-246,vball=38,bref=0,line=0,mask=00,bu=0,bd=0,oled=3C
[  24688] t=37281,state=1,mode=1,fault=0,seq=0,vl=0,vr=0,pwl=0,pwr=0,actenc=172,dactenc=-1,srate=-71,starget=-71,pidrate=-70,pref=131,ppos=138,bi=-59,ball=-246,vball=11,bref=0,line=0,mask=00,bu=0,bd=0,oled=3C
[  24797] t=37381,state=1,mode=1,fault=0,seq=0,vl=0,vr=0,pwl=0,pwr=0,actenc=164,dactenc=1,srate=-152,starget=-152,pidrate=-152,pref=115,ppos=130,bi=-60,ball=-248,vball=-14,bref=0,line=0,mask=00,bu=0,bd=0,oled=3C
[  24891] t=37481,state=1,mode=1,fault=0,seq=0,vl=0,vr=0,pwl=0,pwr=0,actenc=139,dactenc=-2,srate=-200,starget=-200,pidrate=-200,pref=88,ppos=111,bi=-60,ball=-259,vball=-56,bref=0,line=0,mask=00,bu=0,bd=0,oled=3C
[  25000] t=37581,state=1,mode=1,fault=0,seq=0,vl=0,vr=0,pwl=0,pwr=0,actenc=131,dactenc=-1,srate=68,starget=68,pidrate=67,pref=113,ppos=106,bi=-60,ball=-258,vball=-16,bref=0,line=0,mask=00,bu=0,bd=0,oled=3C
[  25094] t=37681,state=1,mode=1,fault=0,seq=0,vl=0,vr=0,pwl=0,pwr=0,actenc=139,dactenc=0,srate=69,starget=69,pidrate=68,pref=120,ppos=113,bi=-60,ball=-258,vball=-3,bref=0,line=0,mask=00,bu=0,bd=0,oled=3C
[  25188] t=37781,state=1,mode=1,fault=0,seq=0,vl=0,vr=0,pwl=0,pwr=0,actenc=144,dactenc=0,srate=26,starget=26,pidrate=26,pref=120,ppos=118,bi=-61,ball=-258,vball=0,bref=0,line=0,mask=00,bu=0,bd=0,oled=3C
[  25297] t=37881,state=1,mode=1,fault=0,seq=0,vl=0,vr=0,pwl=0,pwr=0,actenc=147,dactenc=0,srate=11,starget=11,pidrate=11,pref=120,ppos=118,bi=-62,ball=-258,vball=0,bref=0,line=0,mask=00,bu=0,bd=0,oled=3C
[  25391] t=37981,state=1,mode=1,fault=0,seq=0,vl=0,vr=0,pwl=0,pwr=0,actenc=147,dactenc=0,srate=200,starget=200,pidrate=200,pref=141,ppos=120,bi=-64,ball=-253,vball=36,bref=0,line=0,mask=00,bu=0,bd=0,oled=3C
[  25500] t=38081,state=1,mode=1,fault=0,seq=0,vl=0,vr=0,pwl=0,pwr=0,actenc=171,dactenc=1,srate=96,starget=96,pidrate=95,pref=148,ppos=139,bi=-64,ball=-247,vball=47,bref=0,line=0,mask=00,bu=0,bd=0,oled=3C
[  25594] t=38181,state=1,mode=1,fault=0,seq=0,vl=0,vr=0,pwl=0,pwr=0,actenc=172,dactenc=0,srate=-83,starget=-83,pidrate=-82,pref=130,ppos=138,bi=-64,ball=-247,vball=16,bref=0,line=0,mask=00,bu=0,bd=0,oled=3C
[  25703] t=38281,state=1,mode=1,fault=0,seq=0,vl=0,vr=0,pwl=0,pwr=0,actenc=159,dactenc=-1,srate=-108,starget=-108,pidrate=-107,pref=118,ppos=129,bi=-64,ball=-248,vball=-2,bref=0,line=0,mask=00,bu=0,bd=0,oled=3C
[  25797] t=38381,state=1,mode=1,fault=0,seq=0,vl=0,vr=0,pwl=0,pwr=0,actenc=150,dactenc=-2,srate=-42,starget=-42,pidrate=-41,pref=117,ppos=121,bi=-65,ball=-248,vball=-2,bref=0,line=0,mask=00,bu=0,bd=0,oled=3C
[  25891] t=38481,state=1,mode=1,fault=0,seq=0,vl=0,vr=0,pwl=0,pwr=0,actenc=135,dactenc=-2,srate=28,starget=28,pidrate=28,pref=112,ppos=109,bi=-66,ball=-251,vball=-7,bref=0,line=0,mask=00,bu=0,bd=0,oled=3C
[  26000] t=38581,state=1,mode=1,fault=0,seq=0,vl=0,vr=0,pwl=0,pwr=0,actenc=147,dactenc=0,srate=73,starget=73,pidrate=72,pref=127,ppos=120,bi=-68,ball=-247,vball=18,bref=0,line=0,mask=00,bu=0,bd=0,oled=3C
[  26094] t=38681,state=1,mode=1,fault=0,seq=0,vl=0,vr=0,pwl=0,pwr=0,actenc=148,dactenc=0,srate=19,starget=19,pidrate=18,pref=122,ppos=120,bi=-69,ball=-247,vball=12,bref=0,line=0,mask=00,bu=0,bd=0,oled=3C
[  26203] t=38781,state=1,mode=1,fault=0,seq=0,vl=0,vr=0,pwl=0,pwr=0,actenc=148,dactenc=0,srate=-29,starget=-29,pidrate=-28,pref=117,ppos=120,bi=-70,ball=-246,vball=6,bref=0,line=0,mask=00,bu=0,bd=0,oled=3C
[  26297] t=38881,state=1,mode=1,fault=0,seq=0,vl=0,vr=0,pwl=0,pwr=0,actenc=145,dactenc=0,srate=-31,starget=-31,pidrate=-31,pref=113,ppos=116,bi=-71,ball=-246,vball=1,bref=0,line=0,mask=00,bu=0,bd=0,oled=3C
[  26391] t=38981,state=1,mode=1,fault=0,seq=0,vl=0,vr=0,pwl=0,pwr=0,actenc=139,dactenc=1,srate=0,starget=0,pidrate=0,pref=112,ppos=112,bi=-72,ball=-247,vball=1,bref=0,line=0,mask=00,bu=0,bd=0,oled=3C
[  26500] t=39081,state=1,mode=1,fault=0,seq=0,vl=0,vr=0,pwl=0,pwr=0,actenc=132,dactenc=-1,srate=-54,starget=-54,pidrate=-53,pref=102,ppos=107,bi=-74,ball=-249,vball=-13,bref=0,line=0,mask=00,bu=0,bd=0,oled=3C
[  26594] t=39181,state=1,mode=1,fault=0,seq=0,vl=0,vr=0,pwl=0,pwr=0,actenc=115,dactenc=-1,srate=-200,starget=-200,pidrate=-200,pref=69,ppos=92,bi=-74,ball=-258,vball=-65,bref=0,line=0,mask=00,bu=0,bd=0,oled=3C
[  26703] t=39281,state=1,mode=1,fault=0,seq=0,vl=0,vr=0,pwl=0,pwr=0,actenc=105,dactenc=1,srate=84,starget=84,pidrate=84,pref=94,ppos=86,bi=-74,ball=-259,vball=-23,bref=0,line=0,mask=00,bu=0,bd=0,oled=3C
[  26797] t=39381,state=1,mode=1,fault=0,seq=0,vl=0,vr=0,pwl=0,pwr=0,actenc=125,dactenc=1,srate=200,starget=200,pidrate=200,pref=139,ppos=103,bi=-74,ball=-249,vball=50,bref=0,line=0,mask=00,bu=0,bd=0,oled=3C
[  26891] t=39481,state=1,mode=1,fault=0,seq=0,vl=0,vr=0,pwl=0,pwr=0,actenc=144,dactenc=-1,srate=-22,starget=-22,pidrate=-21,pref=115,ppos=118,bi=-74,ball=-250,vball=10,bref=0,line=0,mask=00,bu=0,bd=0,oled=3C
[  27000] t=39581,state=1,mode=1,fault=0,seq=0,vl=0,vr=0,pwl=0,pwr=0,actenc=147,dactenc=0,srate=76,starget=76,pidrate=76,pref=128,ppos=120,bi=-74,ball=-246,vball=30,bref=0,line=0,mask=00,bu=0,bd=0,oled=3C
[  27094] t=39681,state=1,mode=1,fault=0,seq=0,vl=0,vr=0,pwl=0,pwr=0,actenc=148,dactenc=1,srate=-74,starget=-74,pidrate=-74,pref=111,ppos=119,bi=-75,ball=-247,vball=5,bref=0,line=0,mask=00,bu=0,bd=0,oled=3C
[  27203] t=39781,state=1,mode=1,fault=0,seq=0,vl=0,vr=0,pwl=0,pwr=0,actenc=139,dactenc=-1,srate=-50,starget=-50,pidrate=-50,pref=107,ppos=112,bi=-77,ball=-247,vball=1,bref=0,line=0,mask=00,bu=0,bd=0,oled=3C
[  27297] t=39881,state=1,mode=1,fault=0,seq=0,vl=0,vr=0,pwl=0,pwr=0,actenc=135,dactenc=1,srate=-76,starget=-76,pidrate=-76,pref=100,ppos=108,bi=-78,ball=-248,vball=-8,bref=0,line=0,mask=00,bu=0,bd=0,oled=3C
[  27391] t=39981,state=1,mode=1,fault=0,seq=0,vl=0,vr=0,pwl=0,pwr=0,actenc=128,dactenc=0,srate=-38,starget=-38,pidrate=-37,pref=98,ppos=102,bi=-79,ball=-249,vball=-9,bref=0,line=0,mask=00,bu=0,bd=0,oled=3C
[  27500] t=40081,state=1,mode=1,fault=0,seq=0,vl=0,vr=0,pwl=0,pwr=0,actenc=127,dactenc=0,srate=0,starget=0,pidrate=0,pref=101,ppos=101,bi=-80,ball=-249,vball=-2,bref=0,line=0,mask=00,bu=0,bd=0,oled=3C
[  27594] t=40181,state=1,mode=1,fault=0,seq=0,vl=0,vr=0,pwl=0,pwr=0,actenc=127,dactenc=0,srate=25,starget=25,pidrate=24,pref=104,ppos=102,bi=-82,ball=-248,vball=3,bref=0,line=0,mask=00,bu=0,bd=0,oled=3C
[  27703] t=40281,state=1,mode=1,fault=0,seq=0,vl=0,vr=0,pwl=0,pwr=0,actenc=117,dactenc=0,srate=-62,starget=-62,pidrate=-62,pref=86,ppos=92,bi=-83,ball=-253,vball=-23,bref=0,line=0,mask=00,bu=0,bd=0,oled=3C
[  27797] t=40381,state=1,mode=1,fault=0,seq=0,vl=0,vr=0,pwl=0,pwr=0,actenc=114,dactenc=0,srate=34,starget=34,pidrate=34,pref=94,ppos=91,bi=-84,ball=-253,vball=-6,bref=0,line=0,mask=00,bu=0,bd=0,oled=3C
[  27891] t=40481,state=1,mode=1,fault=0,seq=0,vl=0,vr=0,pwl=0,pwr=0,actenc=118,dactenc=0,srate=38,starget=38,pidrate=38,pref=99,ppos=95,bi=-85,ball=-253,vball=2,bref=0,line=0,mask=00,bu=0,bd=0,oled=3C
[  28000] t=40581,state=1,mode=1,fault=0,seq=0,vl=0,vr=0,pwl=0,pwr=0,actenc=120,dactenc=0,srate=0,starget=0,pidrate=0,pref=97,ppos=96,bi=-87,ball=-253,vball=1,bref=0,line=0,mask=00,bu=0,bd=0,oled=3C
[  28094] t=40681,state=1,mode=1,fault=0,seq=0,vl=0,vr=0,pwl=0,pwr=0,actenc=120,dactenc=0,srate=-13,starget=-13,pidrate=-12,pref=95,ppos=96,bi=-88,ball=-253,vball=0,bref=0,line=0,mask=00,bu=0,bd=0,oled=3C
[  28203] t=40781,state=1,mode=1,fault=0,seq=0,vl=0,vr=0,pwl=0,pwr=0,actenc=128,dactenc=1,srate=149,starget=149,pidrate=149,pref=119,ppos=104,bi=-89,ball=-247,vball=40,bref=0,line=0,mask=00,bu=0,bd=0,oled=3C
[  28297] t=40881,state=1,mode=1,fault=0,seq=0,vl=0,vr=0,pwl=0,pwr=0,actenc=137,dactenc=-1,srate=-17,starget=-17,pidrate=-16,pref=109,ppos=111,bi=-89,ball=-245,vball=23,bref=0,line=0,mask=00,bu=0,bd=0,oled=3C
[  28391] t=40981,state=1,mode=1,fault=0,seq=0,vl=0,vr=0,pwl=0,pwr=0,actenc=132,dactenc=0,srate=-85,starget=-85,pidrate=-85,pref=97,ppos=106,bi=-89,ball=-245,vball=3,bref=0,line=0,mask=00,bu=0,bd=0,oled=3C
[  28500] t=41081,state=1,mode=1,fault=0,seq=0,vl=0,vr=0,pwl=0,pwr=0,actenc=125,dactenc=1,srate=-49,starget=-49,pidrate=-49,pref=94,ppos=99,bi=-90,ball=-246,vball=0,bref=0,line=0,mask=00,bu=0,bd=0,oled=3C
[  28594] t=41181,state=1,mode=1,fault=0,seq=0,vl=0,vr=0,pwl=0,pwr=0,actenc=118,dactenc=0,srate=-107,starget=-107,pidrate=-106,pref=82,ppos=93,bi=-91,ball=-248,vball=-16,bref=0,line=0,mask=00,bu=0,bd=0,oled=3C
[  28703] t=41281,state=1,mode=1,fault=0,seq=0,vl=0,vr=0,pwl=0,pwr=0,actenc=101,dactenc=-2,srate=-66,starget=-66,pidrate=-66,pref=74,ppos=80,bi=-92,ball=-252,vball=-27,bref=0,line=0,mask=00,bu=0,bd=0,oled=3C
[  28797] t=41381,state=1,mode=1,fault=0,seq=0,vl=0,vr=0,pwl=0,pwr=0,actenc=103,dactenc=2,srate=200,starget=200,pidrate=200,pref=106,ppos=81,bi=-94,ball=-247,vball=27,bref=0,line=0,mask=00,bu=0,bd=0,oled=3C
[  28891] t=41481,state=1,mode=1,fault=0,seq=0,vl=0,vr=0,pwl=0,pwr=0,actenc=121,dactenc=-1,srate=32,starget=32,pidrate=32,pref=99,ppos=96,bi=-95,ball=-246,vball=17,bref=0,line=0,mask=00,bu=0,bd=0,oled=3C
[  29000] t=41581,state=1,mode=1,fault=0,seq=0,vl=0,vr=0,pwl=0,pwr=0,actenc=123,dactenc=0,srate=-29,starget=-29,pidrate=-28,pref=94,ppos=97,bi=-96,ball=-245,vball=10,bref=0,line=0,mask=00,bu=0,bd=0,oled=3C
[  29094] t=41681,state=1,mode=1,fault=0,seq=0,vl=0,vr=0,pwl=0,pwr=0,actenc=119,dactenc=-2,srate=-67,starget=-67,pidrate=-66,pref=86,ppos=93,bi=-97,ball=-245,vball=0,bref=0,line=0,mask=00,bu=0,bd=0,oled=3C
[  29203] t=41781,state=1,mode=1,fault=0,seq=0,vl=0,vr=0,pwl=0,pwr=0,actenc=112,dactenc=-1,srate=-167,starget=-167,pidrate=-166,pref=69,ppos=86,bi=-99,ball=-248,vball=-26,bref=0,line=0,mask=00,bu=0,bd=0,oled=3C
[  29297] t=41881,state=1,mode=1,fault=0,seq=0,vl=0,vr=0,pwl=0,pwr=0,actenc=95,dactenc=0,srate=-23,starget=-23,pidrate=-22,pref=71,ppos=73,bi=-100,ball=-251,vball=-20,bref=0,line=0,mask=00,bu=0,bd=0,oled=3C
[  29391] t=41981,state=1,mode=1,fault=0,seq=0,vl=0,vr=0,pwl=0,pwr=0,actenc=95,dactenc=0,srate=52,starget=52,pidrate=51,pref=80,ppos=74,bi=-101,ball=-250,vball=-3,bref=0,line=0,mask=00,bu=0,bd=0,oled=3C
[  29500] t=42081,state=1,mode=1,fault=0,seq=0,vl=0,vr=0,pwl=0,pwr=0,actenc=103,dactenc=0,srate=36,starget=36,pidrate=35,pref=85,ppos=81,bi=-102,ball=-249,vball=6,bref=0,line=0,mask=00,bu=0,bd=0,oled=3C
[  29594] t=42181,state=1,mode=1,fault=0,seq=0,vl=0,vr=0,pwl=0,pwr=0,actenc=114,dactenc=1,srate=154,starget=154,pidrate=153,pref=103,ppos=88,bi=-104,ball=-244,vball=38,bref=0,line=0,mask=00,bu=0,bd=0,oled=3C
[  29703] t=42281,state=1,mode=1,fault=0,seq=0,vl=0,vr=0,pwl=0,pwr=0,actenc=120,dactenc=0,srate=-55,starget=-55,pidrate=-55,pref=87,ppos=92,bi=-105,ball=-244,vball=13,bref=0,line=0,mask=00,bu=0,bd=0,oled=3C
[  29797] t=42381,state=1,mode=1,fault=0,seq=0,vl=0,vr=0,pwl=0,pwr=0,actenc=125,dactenc=1,srate=178,starget=178,pidrate=177,pref=116,ppos=98,bi=-105,ball=-236,vball=60,bref=0,line=0,mask=00,bu=0,bd=0,oled=3C
[  29891] t=42481,state=1,mode=1,fault=0,seq=0,vl=0,vr=0,pwl=0,pwr=0,actenc=141,dactenc=2,srate=200,starget=200,pidrate=200,pref=136,ppos=111,bi=-105,ball=-227,vball=91,bref=0,line=0,mask=00,bu=0,bd=0,oled=3C
[  30000] t=42581,state=1,mode=1,fault=0,seq=0,vl=0,vr=0,pwl=0,pwr=0,actenc=164,dactenc=1,srate=53,starget=53,pidrate=52,pref=134,ppos=129,bi=-105,ball=-217,vball=87,bref=0,line=0,mask=00,bu=0,bd=0,oled=3C
[  30094] t=42681,state=1,mode=1,fault=0,seq=0,vl=0,vr=0,pwl=0,pwr=0,actenc=170,dactenc=0,srate=110,starget=110,pidrate=109,pref=147,ppos=136,bi=-105,ball=-206,vball=107,bref=0,line=0,mask=00,bu=0,bd=0,oled=3C
[  30203] t=42781,state=1,mode=1,fault=0,seq=0,vl=0,vr=0,pwl=0,pwr=0,actenc=165,dactenc=-1,srate=-200,starget=-200,pidrate=-200,pref=104,ppos=129,bi=-105,ball=-206,vball=34,bref=0,line=0,mask=00,bu=0,bd=0,oled=3C
[  30297] t=42881,state=1,mode=1,fault=0,seq=0,vl=0,vr=0,pwl=0,pwr=0,actenc=138,dactenc=-2,srate=-200,starget=-200,pidrate=-200,pref=77,ppos=109,bi=-105,ball=-208,vball=-9,bref=0,line=0,mask=00,bu=0,bd=0,oled=3C
[  30406] t=42981,state=1,mode=1,fault=0,seq=0,vl=0,vr=0,pwl=0,pwr=0,actenc=113,dactenc=-2,srate=-178,starget=-178,pidrate=-178,pref=72,ppos=90,bi=-105,ball=-211,vball=-18,bref=0,line=0,mask=00,bu=0,bd=0,oled=3C
[  30500] t=43081,state=1,mode=1,fault=0,seq=0,vl=0,vr=0,pwl=0,pwr=0,actenc=104,dactenc=0,srate=-21,starget=-21,pidrate=-21,pref=79,ppos=81,bi=-106,ball=-210,vball=-4,bref=0,line=0,mask=00,bu=0,bd=0,oled=3C
[  30594] t=43181,state=1,mode=1,fault=0,seq=0,vl=0,vr=0,pwl=0,pwr=0,actenc=106,dactenc=0,srate=118,starget=118,pidrate=118,pref=96,ppos=85,bi=-107,ball=-207,vball=25,bref=0,line=0,mask=00,bu=0,bd=0,oled=3C
[  30703] t=43281,state=1,mode=1,fault=0,seq=0,vl=0,vr=0,pwl=0,pwr=0,actenc=113,dactenc=0,srate=-22,starget=-22,pidrate=-22,pref=88,ppos=90,bi=-108,ball=-206,vball=13,bref=0,line=0,mask=00,bu=0,bd=0,oled=3C
[  30797] t=43381,state=1,mode=1,fault=0,seq=0,vl=0,vr=0,pwl=0,pwr=0,actenc=129,dactenc=1,srate=200,starget=200,pidrate=200,pref=138,ppos=103,bi=-109,ball=-194,vball=94,bref=0,line=0,mask=00,bu=0,bd=0,oled=3C
[  30906] t=43481,state=1,mode=1,fault=0,seq=0,vl=0,vr=0,pwl=0,pwr=0,actenc=155,dactenc=1,srate=200,starget=200,pidrate=200,pref=155,ppos=123,bi=-109,ball=-181,vball=120,bref=0,line=0,mask=00,bu=0,bd=0,oled=3C
[  31000] t=43581,state=1,mode=1,fault=0,seq=0,vl=0,vr=0,pwl=0,pwr=0,actenc=178,dactenc=0,srate=200,starget=200,pidrate=200,pref=170,ppos=142,bi=-109,ball=-163,vball=141,bref=0,line=0,mask=00,bu=0,bd=0,oled=3C
[  31094] t=43681,state=1,mode=1,fault=0,seq=0,vl=0,vr=0,pwl=0,pwr=0,actenc=204,dactenc=1,srate=58,starget=-39,pidrate=-38,pref=157,ppos=161,bi=-109,ball=-151,vball=117,bref=0,line=0,mask=00,bu=0,bd=0,oled=3C
[  31203] t=43781,state=1,mode=1,fault=0,seq=0,vl=0,vr=0,pwl=0,pwr=0,actenc=204,dactenc=-1,srate=-30,starget=-30,pidrate=-29,pref=156,ppos=159,bi=-109,ball=-140,vball=113,bref=0,line=0,mask=00,bu=0,bd=0,oled=3C
[  31297] t=43881,state=1,mode=1,fault=0,seq=0,vl=0,vr=0,pwl=0,pwr=0,actenc=191,dactenc=-1,srate=-153,starget=-153,pidrate=-152,pref=133,ppos=148,bi=-109,ball=-138,vball=74,bref=0,line=0,mask=00,bu=0,bd=0,oled=3C
[  31391] t=43981,state=1,mode=1,fault=0,seq=0,vl=0,vr=0,pwl=0,pwr=0,actenc=166,dactenc=0,srate=-200,starget=-200,pidrate=-200,pref=98,ppos=128,bi=-109,ball=-138,vball=16,bref=0,line=0,mask=00,bu=0,bd=0,oled=3C
[  31500] t=44081,state=1,mode=1,fault=0,seq=0,vl=0,vr=0,pwl=0,pwr=0,actenc=149,dactenc=-2,srate=-137,starget=-137,pidrate=-137,pref=102,ppos=116,bi=-109,ball=-134,vball=22,bref=0,line=0,mask=00,bu=0,bd=0,oled=3C
[  31594] t=44181,state=1,mode=1,fault=0,seq=0,vl=0,vr=0,pwl=0,pwr=0,actenc=133,dactenc=0,srate=-43,starget=-43,pidrate=-43,pref=99,ppos=103,bi=-109,ball=-133,vball=18,bref=0,line=0,mask=00,bu=0,bd=0,oled=3C
[  31703] t=44281,state=1,mode=1,fault=0,seq=0,vl=0,vr=0,pwl=0,pwr=0,actenc=132,dactenc=0,srate=0,starget=0,pidrate=0,pref=102,ppos=102,bi=-110,ball=-131,vball=24,bref=0,line=0,mask=00,bu=0,bd=0,oled=3C
[  31797] t=44381,state=1,mode=1,fault=0,seq=0,vl=0,vr=0,pwl=0,pwr=0,actenc=136,dactenc=1,srate=63,starget=63,pidrate=62,pref=113,ppos=107,bi=-110,ball=-126,vball=42,bref=0,line=0,mask=00,bu=0,bd=0,oled=3C
[  31906] t=44481,state=1,mode=1,fault=0,seq=0,vl=0,vr=0,pwl=0,pwr=0,actenc=137,dactenc=0,srate=-57,starget=-57,pidrate=-57,pref=100,ppos=105,bi=-110,ball=-125,vball=19,bref=0,line=0,mask=00,bu=0,bd=0,oled=3C
[  32000] t=44581,state=1,mode=1,fault=0,seq=0,vl=0,vr=0,pwl=0,pwr=0,actenc=141,dactenc=0,srate=98,starget=98,pidrate=97,pref=120,ppos=110,bi=-110,ball=-117,vball=51,bref=0,line=0,mask=00,bu=0,bd=0,oled=3C
[  32094] t=44681,state=1,mode=1,fault=0,seq=0,vl=0,vr=0,pwl=0,pwr=0,actenc=154,dactenc=1,srate=59,starget=59,pidrate=59,pref=125,ppos=120,bi=-110,ball=-112,vball=59,bref=0,line=0,mask=00,bu=0,bd=0,oled=3C
[  32203] t=44781,state=1,mode=1,fault=0,seq=0,vl=0,vr=0,pwl=0,pwr=0,actenc=148,dactenc=-1,srate=-96,starget=-96,pidrate=-95,pref=104,ppos=114,bi=-110,ball=-112,vball=23,bref=0,line=0,mask=00,bu=0,bd=0,oled=3C
[  32297] t=44881,state=1,mode=1,fault=0,seq=0,vl=0,vr=0,pwl=0,pwr=0,actenc=145,dactenc=0,srate=-41,starget=-41,pidrate=-41,pref=107,ppos=111,bi=-110,ball=-108,vball=27,bref=0,line=0,mask=00,bu=0,bd=0,oled=3C
[  32406] t=44981,state=1,mode=1,fault=0,seq=0,vl=0,vr=0,pwl=0,pwr=0,actenc=134,dactenc=-1,srate=-74,starget=-74,pidrate=-73,pref=95,ppos=103,bi=-110,ball=-108,vball=6,bref=0,line=0,mask=00,bu=0,bd=0,oled=3C
[  32500] t=45081,state=1,mode=1,fault=0,seq=0,vl=0,vr=0,pwl=0,pwr=0,actenc=127,dactenc=0,srate=98,starget=98,pidrate=97,pref=108,ppos=99,bi=-111,ball=-104,vball=31,bref=0,line=0,mask=00,bu=0,bd=0,oled=3C
[  32594] t=45181,state=1,mode=1,fault=0,seq=0,vl=0,vr=0,pwl=0,pwr=0,actenc=131,dactenc=0,srate=-30,starget=-30,pidrate=-29,pref=100,ppos=103,bi=-112,ball=-103,vball=18,bref=0,line=0,mask=00,bu=0,bd=0,oled=3C
[  32703] t=45281,state=1,mode=1,fault=0,seq=0,vl=0,vr=0,pwl=0,pwr=0,actenc=128,dactenc=0,srate=-64,starget=-64,pidrate=-63,pref=93,ppos=99,bi=-112,ball=-103,vball=7,bref=0,line=0,mask=00,bu=0,bd=0,oled=3C
[  32797] t=45381,state=1,mode=1,fault=0,seq=0,vl=0,vr=0,pwl=0,pwr=0,actenc=120,dactenc=-1,srate=-37,starget=-37,pidrate=-36,pref=90,ppos=93,bi=-113,ball=-103,vball=2,bref=0,line=0,mask=00,bu=0,bd=0,oled=3C
[  32906] t=45481,state=1,mode=1,fault=0,seq=0,vl=0,vr=0,pwl=0,pwr=0,actenc=118,dactenc=0,srate=-22,starget=-22,pidrate=-22,pref=90,ppos=92,bi=-113,ball=-103,vball=3,bref=0,line=0,mask=00,bu=0,bd=0,oled=3C
[  33000] t=45581,state=1,mode=1,fault=0,seq=0,vl=0,vr=0,pwl=0,pwr=0,actenc=117,dactenc=0,srate=-33,starget=-33,pidrate=-33,pref=86,ppos=90,bi=-114,ball=-103,vball=-1,bref=0,line=0,mask=00,bu=0,bd=0,oled=3C
[  33094] t=45681,state=1,mode=1,fault=0,seq=0,vl=0,vr=0,pwl=0,pwr=0,actenc=114,dactenc=0,srate=0,starget=0,pidrate=0,pref=88,ppos=88,bi=-114,ball=-103,vball=2,bref=0,line=0,mask=00,bu=0,bd=0,oled=3C
[  33203] t=45781,state=1,mode=1,fault=0,seq=0,vl=0,vr=0,pwl=0,pwr=0,actenc=118,dactenc=1,srate=118,starget=118,pidrate=118,pref=103,ppos=92,bi=-115,ball=-99,vball=28,bref=0,line=0,mask=00,bu=0,bd=0,oled=3C
[  33297] t=45881,state=1,mode=1,fault=0,seq=0,vl=0,vr=0,pwl=0,pwr=0,actenc=124,dactenc=0,srate=-45,starget=-45,pidrate=-45,pref=92,ppos=96,bi=-115,ball=-99,vball=9,bref=0,line=0,mask=00,bu=0,bd=0,oled=3C
[  33406] t=45981,state=1,mode=1,fault=0,seq=0,vl=0,vr=0,pwl=0,pwr=0,actenc=119,dactenc=-2,srate=-41,starget=-41,pidrate=-40,pref=88,ppos=92,bi=-115,ball=-99,vball=3,bref=0,line=0,mask=00,bu=0,bd=0,oled=3C
[  33500] t=46081,state=1,mode=1,fault=0,seq=0,vl=0,vr=0,pwl=0,pwr=0,actenc=116,dactenc=0,srate=-30,starget=-30,pidrate=-29,pref=85,ppos=88,bi=-116,ball=-99,vball=0,bref=0,line=0,mask=00,bu=0,bd=0,oled=3C
[  33594] t=46181,state=1,mode=1,fault=0,seq=0,vl=0,vr=0,pwl=0,pwr=0,actenc=113,dactenc=0,srate=-22,starget=-22,pidrate=-21,pref=85,ppos=87,bi=-117,ball=-99,vball=0,bref=0,line=0,mask=00,bu=0,bd=0,oled=3C
[  33703] t=46281,state=1,mode=1,fault=0,seq=0,vl=0,vr=0,pwl=0,pwr=0,actenc=113,dactenc=0,srate=-30,starget=-30,pidrate=-30,pref=83,ppos=86,bi=-117,ball=-99,vball=-1,bref=0,line=0,mask=00,bu=0,bd=0,oled=3C
[  33797] t=46381,state=1,mode=1,fault=0,seq=0,vl=0,vr=0,pwl=0,pwr=0,actenc=110,dactenc=0,srate=-18,starget=-18,pidrate=-17,pref=83,ppos=84,bi=-118,ball=-99,vball=-1,bref=0,line=0,mask=00,bu=0,bd=0,oled=3C
[  33906] t=46481,state=1,mode=1,fault=0,seq=0,vl=0,vr=0,pwl=0,pwr=0,actenc=110,dactenc=0,srate=-16,starget=-16,pidrate=-16,pref=83,ppos=84,bi=-118,ball=-99,vball=0,bref=0,line=0,mask=00,bu=0,bd=0,oled=3C
[  34000] t=46581,state=1,mode=1,fault=0,seq=0,vl=0,vr=0,pwl=0,pwr=0,actenc=110,dactenc=0,srate=0,starget=0,pidrate=0,pref=84,ppos=84,bi=-119,ball=-99,vball=2,bref=0,line=0,mask=00,bu=0,bd=0,oled=3C
[  34094] t=46681,state=1,mode=1,fault=0,seq=0,vl=0,vr=0,pwl=0,pwr=0,actenc=110,dactenc=0,srate=-19,starget=-19,pidrate=-18,pref=83,ppos=84,bi=-119,ball=-99,vball=0,bref=0,line=0,mask=00,bu=0,bd=0,oled=3C
[  34203] t=46781,state=1,mode=1,fault=0,seq=0,vl=0,vr=0,pwl=0,pwr=0,actenc=110,dactenc=0,srate=-21,starget=-21,pidrate=-20,pref=82,ppos=84,bi=-120,ball=-99,vball=0,bref=0,line=0,mask=00,bu=0,bd=0,oled=3C
[  34297] t=46881,state=1,mode=1,fault=0,seq=0,vl=0,vr=0,pwl=0,pwr=0,actenc=110,dactenc=0,srate=-21,starget=-21,pidrate=-20,pref=81,ppos=83,bi=-120,ball=-99,vball=0,bref=0,line=0,mask=00,bu=0,bd=0,oled=3C
[  34406] t=46981,state=1,mode=1,fault=0,seq=0,vl=0,vr=0,pwl=0,pwr=0,actenc=110,dactenc=0,srate=-34,starget=-34,pidrate=-33,pref=79,ppos=83,bi=-121,ball=-99,vball=-2,bref=0,line=0,mask=00,bu=0,bd=0,oled=3C
[  34500] t=47081,state=1,mode=1,fault=0,seq=0,vl=0,vr=0,pwl=0,pwr=0,actenc=107,dactenc=0,srate=-16,starget=-16,pidrate=-16,pref=79,ppos=81,bi=-121,ball=-99,vball=-1,bref=0,line=0,mask=00,bu=0,bd=0,oled=3C
[  34594] t=47181,state=1,mode=1,fault=0,seq=0,vl=0,vr=0,pwl=0,pwr=0,actenc=107,dactenc=0,srate=-16,starget=-16,pidrate=-15,pref=79,ppos=81,bi=-122,ball=-99,vball=0,bref=0,line=0,mask=00,bu=0,bd=0,oled=3C
[  34703] t=47281,state=1,mode=1,fault=0,seq=0,vl=0,vr=0,pwl=0,pwr=0,actenc=107,dactenc=0,srate=-20,starget=-20,pidrate=-19,pref=79,ppos=81,bi=-122,ball=-99,vball=0,bref=0,line=0,mask=00,bu=0,bd=0,oled=3C
[  34797] t=47381,state=1,mode=1,fault=0,seq=0,vl=0,vr=0,pwl=0,pwr=0,actenc=107,dactenc=0,srate=-21,starget=-21,pidrate=-20,pref=79,ppos=81,bi=-123,ball=-99,vball=0,bref=0,line=0,mask=00,bu=0,bd=0,oled=3C
[  34906] t=47481,state=1,mode=1,fault=0,seq=0,vl=0,vr=0,pwl=0,pwr=0,actenc=105,dactenc=0,srate=0,starget=0,pidrate=0,pref=77,ppos=77,bi=-123,ball=-100,vball=-1,bref=0,line=0,mask=00,bu=0,bd=0,oled=3C
[  35000] t=47581,state=1,mode=1,fault=0,seq=0,vl=0,vr=0,pwl=0,pwr=0,actenc=104,dactenc=0,srate=12,starget=12,pidrate=12,pref=79,ppos=78,bi=-124,ball=-99,vball=3,bref=0,line=0,mask=00,bu=0,bd=0,oled=3C
[  35094] t=47681,state=1,mode=1,fault=0,seq=0,vl=0,vr=0,pwl=0,pwr=0,actenc=104,dactenc=0,srate=0,starget=0,pidrate=0,pref=78,ppos=78,bi=-124,ball=-99,vball=0,bref=0,line=0,mask=00,bu=0,bd=0,oled=3C
[  35203] t=47781,state=1,mode=1,fault=0,seq=0,vl=0,vr=0,pwl=0,pwr=0,actenc=104,dactenc=0,srate=-15,starget=-15,pidrate=-14,pref=77,ppos=78,bi=-125,ball=-99,vball=0,bref=0,line=0,mask=00,bu=0,bd=0,oled=3C
[  35297] t=47881,state=1,mode=1,fault=0,seq=0,vl=0,vr=0,pwl=0,pwr=0,actenc=104,dactenc=0,srate=-21,starget=-21,pidrate=-21,pref=76,ppos=78,bi=-125,ball=-99,vball=0,bref=0,line=0,mask=00,bu=0,bd=0,oled=3C
[  35406] t=47981,state=1,mode=1,fault=0,seq=0,vl=0,vr=0,pwl=0,pwr=0,actenc=104,dactenc=0,srate=-21,starget=-21,pidrate=-21,pref=76,ppos=78,bi=-126,ball=-99,vball=0,bref=0,line=0,mask=00,bu=0,bd=0,oled=3C
[  35500] t=48081,state=1,mode=1,fault=0,seq=0,vl=0,vr=0,pwl=0,pwr=0,actenc=104,dactenc=0,srate=-21,starget=-21,pidrate=-20,pref=75,ppos=77,bi=-126,ball=-99,vball=0,bref=0,line=0,mask=00,bu=0,bd=0,oled=3C
[  35594] t=48181,state=1,mode=1,fault=0,seq=0,vl=0,vr=0,pwl=0,pwr=0,actenc=104,dactenc=0,srate=-21,starget=-21,pidrate=-20,pref=75,ppos=77,bi=-127,ball=-99,vball=0,bref=0,line=0,mask=00,bu=0,bd=0,oled=3C
[  35703] t=48281,state=1,mode=1,fault=0,seq=0,vl=0,vr=0,pwl=0,pwr=0,actenc=104,dactenc=0,srate=-21,starget=-21,pidrate=-20,pref=74,ppos=76,bi=-127,ball=-99,vball=0,bref=0,line=0,mask=00,bu=0,bd=0,oled=3C
[  35781] t
