[      0] >>> bench on
[      0] OK stepper visual-only bench active; command pose preserved
[    561] >>> app req3
[    561] OK normal app requirement 3 requested
[    686] t=12595,state=1,mode=1,fault=0,seq=0,vl=0,vr=0,pwl=0,pwr=0,actenc=-17,dactenc=0,srate=-172,starget=-172,pidrate=-172,pref=-40,ppos=-23,bi=0,ball=-442,vball=31,bref=0,line=0,mask=00,bu=0,bd=0,oled=3C
[    764] t
[    780] =12695,state=1,mode=1,fault=0,seq=0,vl=0,vr=0,pwl=0,pwr=0,actenc=-37,dactenc=-1,srate=-133,starget=-133,pidrate=-132,pref=-51,ppos=-37,bi=-2,ball=-441,vball=11,bref=0,line=0,mask=00,bu=0,bd=0,oled=3C
[    889] t=12795,state=1,mode=1,fault=0,seq=0,vl=0,vr=0,pwl=0,pwr=0,actenc=-47,dactenc=0,srate=-28,starget=-28,pidrate=-27,pref=-49,ppos=-46,bi=-11,ball=-437,vball=36,bref=0,line=0,mask=00,bu=0,bd=0,oled=3C
[    983] t=12895,state=1,mode=1,fault=0,seq=0,vl=0,vr=0,pwl=0,pwr=0,actenc=-65,dactenc=-2,srate=-238,starget=-238,pidrate=-238,pref=-86,ppos=-63,bi=-17,ball=-445,vball=-40,bref=0,line=0,mask=00,bu=0,bd=0,oled=3C
[   1077] t=12995,state=1,mode=1,fault=0,seq=0,vl=0,vr=0,pwl=0,pwr=0,actenc=-79,dactenc=0,srate=-29,starget=-29,pidrate=-29,pref=-77,ppos=-74,bi=-17,ball=-445,vball=-16,bref=0,line=0,mask=00,bu=0,bd=0,oled=3C
[   1186] t=13095,state=1,mode=1,fault=0,seq=0,vl=0,vr=0,pwl=0,pwr=0,actenc=-80,dactenc=0,srate=25,starget=25,pidrate=24,pref=-72,ppos=-74,bi=-17,ball=-445,vball=-3,bref=0,line=0,mask=00,bu=0,bd=0,oled=3C
[   1280] t=13195,state=1,mode=1,fault=0,seq=0,vl=0,vr=0,pwl=0,pwr=0,actenc=-78,dactenc=0,srate=-13,starget=-13,pidrate=-13,pref=-75,ppos=-73,bi=-23,ball=-444,vball=5,bref=0,line=0,mask=00,bu=0,bd=0,oled=3C
[   1375] t=13295,state=1,mode=1,fault=0,seq=0,vl=0,vr=0,pwl=0,pwr=0,actenc=-81,dactenc=0,srate=-61,starget=-61,pidrate=-60,pref=-83,ppos=-77,bi=-32,ball=-444,vball=4,bref=0,line=0,mask=00,bu=0,bd=0,oled=3C
[   1483] t=13395,state=1,mode=1,fault=0,seq=0,vl=0,vr=0,pwl=0,pwr=0,actenc=-89,dactenc=0,srate=0,starget=0,pidrate=0,pref=-84,ppos=-83,bi=-41,ball=-441,vball=24,bref=0,line=0,mask=00,bu=0,bd=0,oled=3C
[   1577] t=13495,state=1,mode=1,fault=0,seq=0,vl=0,vr=0,pwl=0,pwr=0,actenc=-94,dactenc=-1,srate=-87,starget=-87,pidrate=-86,pref=-97,ppos=-88,bi=-50,ball=-440,vball=13,bref=0,line=0,mask=00,bu=0,bd=0,oled=3C
[   1686] t=13595,state=1,mode=1,fault=0,seq=0,vl=0,vr=0,pwl=0,pwr=0,actenc=-108,dactenc=-1,srate=-105,starget=-105,pidrate=-105,pref=-110,ppos=-99,bi=-58,ball=-440,vball=3,bref=0,line=0,mask=00,bu=0,bd=0,oled=3C
[   1780] t=13695,state=1,mode=1,fault=0,seq=0,vl=0,vr=0,pwl=0,pwr=0,actenc=-116,dactenc=0,srate=-42,starget=-42,pidrate=-41,pref=-110,ppos=-106,bi=-67,ball=-437,vball=23,bref=0,line=0,mask=00,bu=0,bd=0,oled=3C
[   1889] t=13795,state=1,mode=1,fault=0,seq=0,vl=0,vr=0,pwl=0,pwr=0,actenc=-127,dactenc=-1,srate=-103,starget=-103,pidrate=-103,pref=-125,ppos=-115,bi=-76,ball=-437,vball=8,bref=0,line=0,mask=00,bu=0,bd=0,oled=3C
[   1983] t=13895,state=1,mode=1,fault=0,seq=0,vl=0,vr=0,pwl=0,pwr=0,actenc=-141,dactenc=-1,srate=-103,starget=-103,pidrate=-102,pref=-136,ppos=-126,bi=-85,ball=-437,vball=2,bref=0,line=0,mask=00,bu=0,bd=0,oled=3C
[   2077] t=13995,state=1,mode=1,fault=0,seq=0,vl=0,vr=0,pwl=0,pwr=0,actenc=-154,dactenc=0,srate=-94,starget=-94,pidrate=-94,pref=-146,ppos=-136,bi=-93,ball=-437,vball=0,bref=0,line=0,mask=00,bu=0,bd=0,oled=3C
[   2186] t=14095,state=1,mode=1,fault=0,seq=0,vl=0,vr=0,pwl=0,pwr=0,actenc=-166,dactenc=-1,srate=-161,starget=-161,pidrate=-161,pref=-164,ppos=-147,bi=-102,ball=-439,vball=-21,bref=0,line=0,mask=00,bu=0,bd=0,oled=3C
[   2280] t=14195,state=1,mode=1,fault=0,seq=0,vl=0,vr=0,pwl=0,pwr=0,actenc=-186,dactenc=-1,srate=-97,starget=-97,pidrate=-96,pref=-173,ppos=-163,bi=-111,ball=-442,vball=-21,bref=0,line=0,mask=00,bu=0,bd=0,oled=3C
[   2389] t=14295,state=1,mode=1,fault=0,seq=0,vl=0,vr=0,pwl=0,pwr=0,actenc=-196,dactenc=-1,srate=-58,starget=-58,pidrate=-58,pref=-177,ppos=-171,bi=-120,ball=-443,vball=-10,bref=0,line=0,mask=00,bu=0,bd=0,oled=3C
[   2483] t=14395,state=1,mode=1,fault=0,seq=0,vl=0,vr=0,pwl=0,pwr=0,actenc=-196,dactenc=0,srate=146,starget=146,pidrate=145,pref=-155,ppos=-169,bi=-126,ball=-435,vball=58,bref=0,line=0,mask=00,bu=0,bd=0,oled=3C
[   2577] t=14495,state=1,mode=1,fault=0,seq=0,vl=0,vr=0,pwl=0,pwr=0,actenc=-188,dactenc=0,srate=-23,starget=-23,pidrate=-23,pref=-166,ppos=-163,bi=-126,ball=-433,vball=29,bref=0,line=0,mask=00,bu=0,bd=0,oled=3C
[   2686] t=14595,state=1,mode=1,fault=0,seq=0,vl=0,vr=0,pwl=0,pwr=0,actenc=-195,dactenc=-1,srate=-59,starget=-59,pidrate=-59,pref=-175,ppos=-169,bi=-126,ball=-433,vball=8,bref=0,line=0,mask=00,bu=0,bd=0,oled=3C
[   2780] t=14695,state=1,mode=1,fault=0,seq=0,vl=0,vr=0,pwl=0,pwr=0,actenc=-199,dactenc=0,srate=-27,starget=-27,pidrate=-27,pref=-175,ppos=-172,bi=-126,ball=-432,vball=6,bref=0,line=0,mask=00,bu=0,bd=0,oled=3C
[   2889] t=14795,state=1,mode=1,fault=0,seq=0,vl=0,vr=0,pwl=0,pwr=0,actenc=-205,dactenc=0,srate=-46,starget=-46,pidrate=-46,pref=-183,ppos=-178,bi=-135,ball=-432,vball=9,bref=0,line=0,mask=00,bu=0,bd=0,oled=3C
[   2983] t=14895,state=1,mode=1,fault=0,seq=0,vl=0,vr=0,pwl=0,pwr=0,actenc=-212,dactenc=0,srate=-87,starget=-87,pidrate=-87,pref=-192,ppos=-184,bi=-143,ball=-431,vball=5,bref=0,line=0,mask=00,bu=0,bd=0,oled=3C
[   3077] t=14995,state=1,mode=1,fault=0,seq=0,vl=0,vr=0,pwl=0,pwr=0,actenc=-224,dactenc=0,srate=-88,starget=-88,pidrate=-87,pref=-202,ppos=-193,bi=-152,ball=-430,vball=4,bref=0,line=0,mask=00,bu=0,bd=0,oled=3C
[   3186] t=15095,state=1,mode=1,fault=0,seq=0,vl=0,vr=0,pwl=0,pwr=0,actenc=-237,dactenc=-1,srate=-124,starget=-124,pidrate=-123,pref=-216,ppos=-203,bi=-160,ball=-432,vball=-8,bref=0,line=0,mask=00,bu=0,bd=0,oled=3C
[   3280] t=15195,state=1,mode=1,fault=0,seq=0,vl=0,vr=0,pwl=0,pwr=0,actenc=-249,dactenc=1,srate=-44,starget=-44,pidrate=-44,pref=-219,ppos=-215,bi=-169,ball=-431,vball=4,bref=0,line=0,mask=00,bu=0,bd=0,oled=3C
[   3389] t=15295,state=1,mode=1,fault=0,seq=0,vl=0,vr=0,pwl=0,pwr=0,actenc=-258,dactenc=-1,srate=-68,starget=-68,pidrate=-68,pref=-227,ppos=-220,bi=-178,ball=-430,vball=5,bref=0,line=0,mask=00,bu=0,bd=0,oled=3C
[   3483] t=15395,state=1,mode=1,fault=0,seq=0,vl=0,vr=0,pwl=0,pwr=0,actenc=-268,dactenc=-1,srate=-85,starget=-85,pidrate=-84,pref=-237,ppos=-229,bi=-186,ball=-431,vball=1,bref=0,line=0,mask=00,bu=0,bd=0,oled=3C
[   3577] t=15495,state=1,mode=1,fault=0,seq=0,vl=0,vr=0,pwl=0,pwr=0,actenc=-278,dactenc=0,srate=-64,starget=-64,pidrate=-63,pref=-244,ppos=-238,bi=-195,ball=-430,vball=6,bref=0,line=0,mask=00,bu=0,bd=0,oled=3C
[   3686] t=15595,state=1,mode=1,fault=0,seq=0,vl=0,vr=0,pwl=0,pwr=0,actenc=-290,dactenc=-1,srate=-124,starget=-124,pidrate=-123,pref=-261,ppos=-248,bi=-203,ball=-432,vball=-13,bref=0,line=0,mask=00,bu=0,bd=0,oled=3C
[   3780] t=15695,state=1,mode=1,fault=0,seq=0,vl=0,vr=0,pwl=0,pwr=0,actenc=-305,dactenc=-1,srate=-102,starget=-102,pidrate=-101,pref=-270,ppos=-260,bi=-212,ball=-433,vball=-14,bref=0,line=0,mask=00,bu=0,bd=0,oled=3C
[   3889] t=15795,state=1,mode=1,fault=0,seq=0,vl=0,vr=0,pwl=0,pwr=0,actenc=-316,dactenc=0,srate=-84,starget=-84,pidrate=-83,pref=-277,ppos=-269,bi=-221,ball=-434,vball=-10,bref=0,line=0,mask=00,bu=0,bd=0,oled=3C
[   3983] t=15895,state=1,mode=1,fault=0,seq=0,vl=0,vr=0,pwl=0,pwr=0,actenc=-322,dactenc=0,srate=-30,starget=-30,pidrate=-30,pref=-277,ppos=-274,bi=-229,ball=-432,vball=11,bref=0,line=0,mask=00,bu=0,bd=0,oled=3C
[   4077] t=15995,state=1,mode=1,fault=0,seq=0,vl=0,vr=0,pwl=0,pwr=0,actenc=-329,dactenc=0,srate=-78,starget=-78,pidrate=-78,pref=-288,ppos=-280,bi=-238,ball=-431,vball=5,bref=0,line=0,mask=00,bu=0,bd=0,oled=3C
[   4186] t=16095,state=1,mode=1,fault=0,seq=0,vl=0,vr=0,pwl=0,pwr=0,actenc=-341,dactenc=-1,srate=-67,starget=-67,pidrate=-66,pref=-295,ppos=-288,bi=-247,ball=-431,vball=8,bref=0,line=0,mask=00,bu=0,bd=0,oled=3C
[   4280] t=16195,state=1,mode=1,fault=0,seq=0,vl=0,vr=0,pwl=0,pwr=0,actenc=-351,dactenc=-1,srate=-80,starget=-80,pidrate=-80,pref=-304,ppos=-296,bi=-255,ball=-430,vball=6,bref=0,line=0,mask=00,bu=0,bd=0,oled=3C
[   4389] t=16295,state=1,mode=1,fault=0,seq=0,vl=0,vr=0,pwl=0,pwr=0,actenc=-364,dactenc=-1,srate=-99,starget=-99,pidrate=-99,pref=-316,ppos=-306,bi=-264,ball=-431,vball=0,bref=0,line=0,mask=00,bu=0,bd=0,oled=3C
[   4483] t=16395,state=1,mode=1,fault=0,seq=0,vl=0,vr=0,pwl=0,pwr=0,actenc=-377,dactenc=-1,srate=-89,starget=-89,pidrate=-88,pref=-325,ppos=-316,bi=-273,ball=-431,vball=-1,bref=0,line=0,mask=00,bu=0,bd=0,oled=3C
[   4577] t=16495,state=1,mode=1,fault=0,seq=0,vl=0,vr=0,pwl=0,pwr=0,actenc=-387,dactenc=0,srate=-87,starget=-87,pidrate=-86,pref=-333,ppos=-325,bi=-281,ball=-431,vball=-1,bref=0,line=0,mask=00,bu=0,bd=0,oled=3C
[   4686] t=16595,state=1,mode=1,fault=0,seq=0,vl=0,vr=0,pwl=0,pwr=0,actenc=-398,dactenc=0,srate=-51,starget=-51,pidrate=-50,pref=-338,ppos=-333,bi=-290,ball=-430,vball=9,bref=0,line=0,mask=00,bu=0,bd=0,oled=3C
[   4780] t=16695,state=1,mode=1,fault=0,seq=0,vl=0,vr=0,pwl=0,pwr=0,actenc=-407,dactenc=-1,srate=-80,starget=-80,pidrate=-80,pref=-348,ppos=-340,bi=-299,ball=-429,vball=6,bref=0,line=0,mask=00,bu=0,bd=0,oled=3C
[   4889] t=16795,state=1,mode=1,fault=0,seq=0,vl=0,vr=0,pwl=0,pwr=0,actenc=-419,dactenc=0,srate=-94,starget=-94,pidrate=-93,pref=-358,ppos=-349,bi=-307,ball=-429,vball=1,bref=0,line=0,mask=00,bu=0,bd=0,oled=3C
[   4983] t=16895,state=1,mode=1,fault=0,seq=0,vl=0,vr=0,pwl=0,pwr=0,actenc=-432,dactenc=-1,srate=-88,starget=-88,pidrate=-88,pref=-367,ppos=-358,bi=-316,ball=-429,vball=0,bref=0,line=0,mask=00,bu=0,bd=0,oled=3C
[   5077] t=16995,state=1,mode=1,fault=0,seq=0,vl=0,vr=0,pwl=0,pwr=0,actenc=-442,dactenc=0,srate=16,starget=16,pidrate=15,pref=-364,ppos=-365,bi=-324,ball=-426,vball=28,bref=0,line=0,mask=00,bu=0,bd=0,oled=3C
[   5186] t=17095,state=1,mode=1,fault=0,seq=0,vl=0,vr=0,pwl=0,pwr=0,actenc=-440,dactenc=0,srate=-24,starget=-24,pidrate=-24,pref=-366,ppos=-364,bi=-324,ball=-423,vball=22,bref=0,line=0,mask=00,bu=0,bd=0,oled=3C
[   5280] t=17195,state=1,mode=1,fault=0,seq=0,vl=0,vr=0,pwl=0,pwr=0,actenc=-444,dactenc=0,srate=-45,starget=-45,pidrate=-45,pref=-373,ppos=-368,bi=-324,ball=-424,vball=5,bref=0,line=0,mask=00,bu=0,bd=0,oled=3C
[   5389] t=17295,state=1,mode=1,fault=0,seq=0,vl=0,vr=0,pwl=0,pwr=0,actenc=-449,dactenc=0,srate=-46,starget=-46,pidrate=-46,pref=-377,ppos=-373,bi=-327,ball=-424,vball=2,bref=0,line=0,mask=00,bu=0,bd=0,oled=3C
[   5483] t=17395,state=1,mode=1,fault=0,seq=0,vl=0,vr=0,pwl=0,pwr=0,actenc=-458,dactenc=0,srate=-71,starget=-71,pidrate=-70,pref=-386,ppos=-379,bi=-336,ball=-423,vball=1,bref=0,line=0,mask=00,bu=0,bd=0,oled=3C
[   5577] t=17495,state=1,mode=1,fault=0,seq=0,vl=0,vr=0,pwl=0,pwr=0,actenc=-477,dactenc=-2,srate=-365,starget=-365,pidrate=-364,pref=-430,ppos=-394,bi=-341,ball=-434,vball=-91,bref=0,line=0,mask=00,bu=0,bd=0,oled=3C
[   5686] t=17595,state=1,mode=1,fault=0,seq=0,vl=0,vr=0,pwl=0,pwr=0,actenc=-493,dactenc=2,srate=337,starget=337,pidrate=336,pref=-370,ppos=-404,bi=-341,ball=-424,vball=55,bref=0,line=0,mask=00,bu=0,bd=0,oled=3C
[   5780] t=17695,state=1,mode=1,fault=0,seq=0,vl=0,vr=0,pwl=0,pwr=0,actenc=-472,dactenc=0,srate=0,starget=0,pidrate=0,pref=-389,ppos=-388,bi=-341,ball=-425,vball=9,bref=0,line=0,mask=00,bu=0,bd=0,oled=3C
[   5889] t=17795,state=1,mode=1,fault=0,seq=0,vl=0,vr=0,pwl=0,pwr=0,actenc=-474,dactenc=0,srate=-22,starget=-22,pidrate=-22,pref=-393,ppos=-390,bi=-341,ball=-425,vball=0,bref=0,line=0,mask=00,bu=0,bd=0,oled=3C
[   5983] t=17895,state=1,mode=1,fault=0,seq=0,vl=0,vr=0,pwl=0,pwr=0,actenc=-478,dactenc=-1,srate=-51,starget=-51,pidrate=-50,pref=-398,ppos=-393,bi=-347,ball=-425,vball=0,bref=0,line=0,mask=00,bu=0,bd=0,oled=3C
[   6077] t=17995,state=1,mode=1,fault=0,seq=0,vl=0,vr=0,pwl=0,pwr=0,actenc=-485,dactenc=0,srate=-38,starget=-38,pidrate=-37,pref=-403,ppos=-399,bi=-356,ball=-424,vball=9,bref=0,line=0,mask=00,bu=0,bd=0,oled=3C
[   6186] t=18095,state=1,mode=1,fault=0,seq=0,vl=0,vr=0,pwl=0,pwr=0,actenc=-491,dactenc=0,srate=-75,starget=-75,pidrate=-74,pref=-412,ppos=-404,bi=-364,ball=-423,vball=8,bref=0,line=0,mask=00,bu=0,bd=0,oled=3C
[   6280] t=18195,state=1,mode=1,fault=0,seq=0,vl=0,vr=0,pwl=0,pwr=0,actenc=-503,dactenc=-1,srate=-82,starget=-82,pidrate=-81,pref=-421,ppos=-413,bi=-372,ball=-423,vball=6,bref=0,line=0,mask=00,bu=0,bd=0,oled=3C
[   6389] t=18295,state=1,mode=1,fault=0,seq=0,vl=0,vr=0,pwl=0,pwr=0,actenc=-515,dactenc=-1,srate=-88,starget=-88,pidrate=-87,pref=-431,ppos=-422,bi=-381,ball=-423,vball=2,bref=0,line=0,mask=00,bu=0,bd=0,oled=3C
[   6483] t=18395,state=1,mode=1,fault=0,seq=0,vl=0,vr=0,pwl=0,pwr=0,actenc=-526,dactenc=-1,srate=-74,starget=-74,pidrate=-74,pref=-438,ppos=-431,bi=-390,ball=-422,vball=5,bref=0,line=0,mask=00,bu=0,bd=0,oled=3C
[   6577] t=18495,state=1,mode=1,fault=0,seq=0,vl=0,vr=0,pwl=0,pwr=0,actenc=-539,dactenc=0,srate=-144,starget=-144,pidrate=-144,pref=-457,ppos=-442,bi=-398,ball=-425,vball=-19,bref=0,line=0,mask=00,bu=0,bd=0,oled=3C
[   6686] t=18595,state=1,mode=1,fault=0,seq=0,vl=0,vr=0,pwl=0,pwr=0,actenc=-553,dactenc=0,srate=-74,starget=-74,pidrate=-73,pref=-461,ppos=-453,bi=-406,ball=-426,vball=-8,bref=0,line=0,mask=00,bu=0,bd=0,oled=3C
[   6780] t=18695,state=1,mode=1,fault=0,seq=0,vl=0,vr=0,pwl=0,pwr=0,actenc=-563,dactenc=-1,srate=-84,starget=-84,pidrate=-84,pref=-469,ppos=-460,bi=-415,ball=-426,vball=-7,bref=0,line=0,mask=00,bu=0,bd=0,oled=3C
[   6889] t=18795,state=1,mode=1,fault=0,seq=0,vl=0,vr=0,pwl=0,pwr=0,actenc=-573,dactenc=0,srate=0,starget=0,pidrate=0,pref=-468,ppos=-467,bi=-423,ball=-424,vball=15,bref=0,line=0,mask=00,bu=0,bd=0,oled=3C
[   6983] t=18895,state=1,mode=1,fault=0,seq=0,vl=0,vr=0,pwl=0,pwr=0,actenc=-575,dactenc=1,srate=-83,starget=-83,pidrate=-83,pref=-479,ppos=-470,bi=-433,ball=-423,vball=12,bref=0,line=0,mask=00,bu=0,bd=0,oled=3C
[   7077] t=18995,state=1,mode=1,fault=0,seq=0,vl=0,vr=0,pwl=0,pwr=0,actenc=-590,dactenc=0,srate=-14,starget=-14,pidrate=-13,pref=-483,ppos=-482,bi=-442,ball=-422,vball=22,bref=0,line=0,mask=00,bu=0,bd=0,oled=3C
[   7186] t=19095,state=1,mode=1,fault=0,seq=0,vl=0,vr=0,pwl=0,pwr=0,actenc=-592,dactenc=-1,srate=-184,starget=-184,pidrate=-184,pref=-502,ppos=-483,bi=-450,ball=-421,vball=-2,bref=0,line=0,mask=00,bu=0,bd=0,oled=3C
[   7280] t=19195,state=1,mode=1,fault=0,seq=0,vl=0,vr=0,pwl=0,pwr=0,actenc=-614,dactenc=-2,srate=-140,starget=-140,pidrate=-139,pref=-516,ppos=-502,bi=-458,ball=-424,vball=-16,bref=0,line=0,mask=00,bu=0,bd=0,oled=3C
[   7389] t=19295,state=1,mode=1,fault=0,seq=0,vl=0,vr=0,pwl=0,pwr=0,actenc=-620,dactenc=0,srate=-51,starget=-51,pidrate=-50,pref=-514,ppos=-508,bi=-467,ball=-421,vball=9,bref=0,line=0,mask=00,bu=0,bd=0,oled=3C
[   7483] t=19395,state=1,mode=1,fault=0,seq=0,vl=0,vr=0,pwl=0,pwr=0,actenc=-628,dactenc=-1,srate=-92,starget=-92,pidrate=-91,pref=-524,ppos=-515,bi=-475,ball=-421,vball=4,bref=0,line=0,mask=00,bu=0,bd=0,oled=3C
[   7577] t=19495,state=1,mode=1,fault=0,seq=0,vl=0,vr=0,pwl=0,pwr=0,actenc=-639,dactenc=-1,srate=-104,starget=-104,pidrate=-104,pref=-534,ppos=-523,bi=-484,ball=-421,vball=2,bref=0,line=0,mask=00,bu=0,bd=0,oled=3C
[   7686] t=19595,state=1,mode=1,fault=0,seq=0,vl=0,vr=0,pwl=0,pwr=0,actenc=-651,dactenc=0,srate=-79,starget=-79,pidrate=-79,pref=-540,ppos=-533,bi=-492,ball=-420,vball=5,bref=0,line=0,mask=00,bu=0,bd=0,oled=3C
[   7780] t=19695,state=1,mode=1,fault=0,seq=0,vl=0,vr=0,pwl=0,pwr=0,actenc=-658,dactenc=-1,srate=-77,starget=-77,pidrate=-76,pref=-546,ppos=-539,bi=-500,ball=-419,vball=10,bref=0,line=0,mask=00,bu=0,bd=0,oled=3C
[   7889] t=19795,state=1,mode=1,fault=0,seq=0,vl=0,vr=0,pwl=0,pwr=0,actenc=-666,dactenc=0,srate=-80,starget=-80,pidrate=-80,pref=-554,ppos=-546,bi=-509,ball=-417,vball=13,bref=0,line=0,mask=00,bu=0,bd=0,oled=3C
[   7983] t=19895,state=1,mode=1,fault=0,seq=0,vl=0,vr=0,pwl=0,pwr=0,actenc=-674,dactenc=-2,srate=-90,starget=-90,pidrate=-89,pref=-560,ppos=-551,bi=-517,ball=-415,vball=17,bref=0,line=0,mask=00,bu=0,bd=0,oled=3C
[   8077] t=19995,state=1,mode=1,fault=0,seq=0,vl=0,vr=0,pwl=0,pwr=0,actenc=-686,dactenc=-1,srate=-83,starget=-83,pidrate=-82,pref=-568,ppos=-560,bi=-526,ball=-413,vball=17,bref=0,line=0,mask=00,bu=0,bd=0,oled=3C
[   8186] t=20095,state=1,mode=1,fault=0,seq=0,vl=0,vr=0,pwl=0,pwr=0,actenc=-668,dactenc=3,srate=632,starget=967,pidrate=967,pref=-448,ppos=-545,bi=0,ball=-372,vball=305,bref=0,line=0,mask=00,bu=0,bd=0,oled=3C
[   8280] t=20195,state=1,mode=1,fault=0,seq=0,vl=0,vr=0,pwl=0,pwr=0,actenc=-516,dactenc=11,srate=1897,starget=2000,pidrate=2000,pref=-226,ppos=-428,bi=0,ball=-259,vball=862,bref=0,line=0,mask=00,bu=0,bd=0,oled=3C
[   8389] t=20295,state=1,mode=1,fault=0,seq=0,vl=0,vr=0,pwl=0,pwr=0,actenc=-348,dactenc=5,srate=729,starget=729,pidrate=728,pref=-226,ppos=-299,bi=0,ball=-152,vball=1241,bref=0,line=0,mask=00,bu=0,bd=0,oled=3C
[   8483] t=20395,state=1,mode=1,fault=0,seq=0,vl=0,vr=0,pwl=0,pwr=0,actenc=-288,dactenc=2,srate=261,starget=261,pidrate=261,pref=-226,ppos=-252,bi=0,ball=127,vball=2011,bref=0,line=0,mask=00,bu=0,bd=0,oled=3C
[   8577] t=20495,state=1,mode=1,fault=0,seq=0,vl=0,vr=0,pwl=0,pwr=0,actenc=-269,dactenc=0,srate=94,starget=94,pidrate=93,pref=-226,ppos=-235,bi=0,ball=374,vball=2310,bref=0,line=0,mask=00,bu=0,bd=0,oled=3C
[   8686] t=20595,state=1,mode=1,fault=0,seq=0,vl=0,vr=0,pwl=0,pwr=0,actenc=-262,dactenc=-1,srate=34,starget=34,pidrate=33,pref=-226,ppos=-229,bi=0,ball=626,vball=2458,bref=0,line=0,mask=00,bu=0,bd=0,oled=3C
[   8780] t=20695,state=1,mode=1,fault=0,seq=0,vl=0,vr=0,pwl=0,pwr=0,actenc=-259,dactenc=0,srate=19,starget=19,pidrate=19,pref=-226,ppos=-228,bi=0,ball=889,vball=2550,bref=0,line=0,mask=00,bu=0,bd=0,oled=3C
[   8889] t=20795,state=1,mode=1,fault=0,seq=0,vl=0,vr=0,pwl=0,pwr=0,actenc=-259,dactenc=0,srate=19,starget=19,pidrate=19,pref=-226,ppos=-228,bi=0,ball=1064,vball=2589,bref=0,line=0,mask=00,bu=0,bd=0,oled=3C
[   8983] t=20895,state=1,mode=1,fault=0,seq=0,vl=0,vr=0,pwl=0,pwr=0,actenc=-259,dactenc=0,srate=19,starget=19,pidrate=19,pref=-226,ppos=-228,bi=0,ball=1064,vball=2589,bref=0,line=0,mask=00,bu=0,bd=0,oled=3C
[   9077] t=20995,state=1,mode=1,fault=0,seq=0,vl=0,vr=0,pwl=0,pwr=0,actenc=-259,dactenc=0,srate=0,starget=0,pidrate=19,pref=-228,ppos=-228,bi=0,ball=1064,vball=2589,bref=0,line=0,mask=00,bu=0,bd=0,oled=3C
[   9186] t=21095,state=1,mode=1,fault=0,seq=0,vl=0,vr=0,pwl=0,pwr=0,actenc=-259,dactenc=0,srate=0,starget=0,pidrate=19,pref=-228,ppos=-228,bi=0,ball=1064,vball=2589,bref=0,line=0,mask=00,bu=0,bd=0,oled=3C
[   9280] t=21195,state=1,mode=1,fault=0,seq=0,vl=0,vr=0,pwl=0,pwr=0,actenc=-259,dactenc=0,srate=0,starget=0,pidrate=19,pref=-228,ppos=-228,bi=0,ball=1064,vball=2589,bref=0,line=0,mask=00,bu=0,bd=0,oled=3C
[   9389] t=21295,state=1,mode=1,fault=0,seq=0,vl=0,vr=0,pwl=0,pwr=0,actenc=-259,dactenc=0,srate=0,starget=0,pidrate=19,pref=-228,ppos=-228,bi=0,ball=1064,vball=2589,bref=0,line=0,mask=00,bu=0,bd=0,oled=3C
[   9483] t=21395,state=1,mode=1,fault=0,seq=0,vl=0,vr=0,pwl=0,pwr=0,actenc=-259,dactenc=0,srate=0,starget=0,pidrate=19,pref=-228,ppos=-228,bi=0,ball=1064,vball=2589,bref=0,line=0,mask=00,bu=0,bd=0,oled=3C
[   9577] t=21495,state=1,mode=1,fault=0,seq=0,vl=0,vr=0,pwl=0,pwr=0,actenc=-259,dactenc=0,srate=0,starget=0,pidrate=19,pref=-228,ppos=-228,bi=0,ball=1064,vball=2589,bref=0,line=0,mask=00,bu=0,bd=0,oled=3C
[   9686] t=21595,state=1,mode=1,fault=0,seq=0,vl=0,vr=0,pwl=0,pwr=0,actenc=-259,dactenc=0,srate=0,starget=0,pidrate=19,pref=-228,ppos=-228,bi=0,ball=1064,vball=2589,bref=0,line=0,mask=00,bu=0,bd=0,oled=3C
[   9780] t=21695,state=1,mode=1,fault=0,seq=0,vl=0,vr=0,pwl=0,pwr=0,actenc=-259,dactenc=0,srate=0,starget=0,pidrate=19,pref=-228,ppos=-228,bi=0,ball=1064,vball=2589,bref=0,line=0,mask=00,bu=0,bd=0,oled=3C
[   9889] t=21795,state=1,mode=1,fault=0,seq=0,vl=0,vr=0,pwl=0,pwr=0,actenc=-259,dactenc=0,srate=0,starget=0,pidrate=19,pref=-228,ppos=-228,bi=0,ball=1064,vball=2589,bref=0,line=0,mask=00,bu=0,bd=0,oled=3C
[   9983] t=21895,state=1,mode=1,fault=0,seq=0,vl=0,vr=0,pwl=0,pwr=0,actenc=-259,dactenc=0,srate=0,starget=0,pidrate=19,pref=-228,ppos=-228,bi=0,ball=1064,vball=2589,bref=0,line=0,mask=00,bu=0,bd=0,oled=3C
[  10077] t=21995,state=1,mode=1,fault=0,seq=0,vl=0,vr=0,pwl=0,pwr=0,actenc=-259,dactenc=0,srate=0,starget=0,pidrate=19,pref=-228,ppos=-228,bi=0,ball=1064,vball=2589,bref=0,line=0,mask=00,bu=0,bd=0,oled=3C
[  10186] t=22095,state=1,mode=1,fault=0,seq=0,vl=0,vr=0,pwl=0,pwr=0,actenc=-259,dactenc=0,srate=0,starget=0,pidrate=19,pref=-228,ppos=-228,bi=0,ball=1064,vball=2589,bref=0,line=0,mask=00,bu=0,bd=0,oled=3C
[  10280] t=22195,state=1,mode=1,fault=0,seq=0,vl=0,vr=0,pwl=0,pwr=0,actenc=-259,dactenc=0,srate=19,starget=19,pidrate=19,pref=-226,ppos=-228,bi=0,ball=1258,vball=2432,bref=0,line=0,mask=00,bu=0,bd=0,oled=3C
[  10389] t=22295,state=1,mode=1,fault=0,seq=0,vl=0,vr=0,pwl=0,pwr=0,actenc=-259,dactenc=0,srate=11,starget=11,pidrate=11,pref=-226,ppos=-228,bi=0,ball=1174,vball=395,bref=0,line=0,mask=00,bu=0,bd=0,oled=3C
[  10483] t=22395,state=1,mode=1,fault=0,seq=0,vl=0,vr=0,pwl=0,pwr=0,actenc=-268,dactenc=2,srate=100,starget=100,pidrate=100,pref=673,ppos=-235,bi=0,ball=1184,vball=206,bref=0,line=0,mask=00,bu=0,bd=0,oled=3C
[  10577] t=22495,state=1,mode=1,fault=0,seq=0,vl=0,vr=0,pwl=0,pwr=0,actenc=-256,dactenc=2,srate=100,starget=100,pidrate=100,pref=673,ppos=-225,bi=0,ball=1182,vball=59,bref=0,line=0,mask=00,bu=0,bd=0,oled=3C
[  10686] t=22595,state=1,mode=1,fault=0,seq=0,vl=0,vr=0,pwl=0,pwr=0,actenc=-244,dactenc=1,srate=100,starget=100,pidrate=100,pref=673,ppos=-215,bi=0,ball=1182,vball=16,bref=0,line=0,mask=00,bu=0,bd=0,oled=3C
[  10780] t=22695,state=1,mode=1,fault=0,seq=0,vl=0,vr=0,pwl=0,pwr=0,actenc=-232,dactenc=1,srate=100,starget=100,pidrate=100,pref=673,ppos=-205,bi=0,ball=1181,vball=3,bref=0,line=0,mask=00,bu=0,bd=0,oled=3C
[  10889] t=22795,state=1,mode=1,fault=0,seq=0,vl=0,vr=0,pwl=0,pwr=0,actenc=-219,dactenc=1,srate=100,starget=100,pidrate=100,pref=673,ppos=-195,bi=0,ball=1186,vball=30,bref=0,line=0,mask=00,bu=0,bd=0,oled=3C
[  10983] t=22895,state=1,mode=1,fault=0,seq=0,vl=0,vr=0,pwl=0,pwr=0,actenc=-206,dactenc=1,srate=100,starget=100,pidrate=100,pref=673,ppos=-185,bi=0,ball=1187,vball=13,bref=0,line=0,mask=00,bu=0,bd=0,oled=3C
[  11077] t=22995,state=1,mode=1,fault=0,seq=0,vl=0,vr=0,pwl=0,pwr=0,actenc=-194,dactenc=1,srate=100,starget=100,pidrate=100,pref=673,ppos=-175,bi=0,ball=1189,vball=20,bref=0,line=0,mask=00,bu=0,bd=0,oled=3C
[  11186] t=23095,state=1,mode=1,fault=0,seq=0,vl=0,vr=0,pwl=0,pwr=0,actenc=-182,dactenc=1,srate=100,starget=100,pidrate=100,pref=673,ppos=-165,bi=0,ball=1189,vball=6,bref=0,line=0,mask=00,bu=0,bd=0,oled=3C
[  11280] t=23195,state=1,mode=1,fault=0,seq=0,vl=0,vr=0,pwl=0,pwr=0,actenc=-169,dactenc=1,srate=100,starget=100,pidrate=100,pref=673,ppos=-155,bi=0,ball=1190,vball=7,bref=0,line=0,mask=00,bu=0,bd=0,oled=3C
[  11389] t=23295,state=1,mode=1,fault=0,seq=0,vl=0,vr=0,pwl=0,pwr=0,actenc=-157,dactenc=2,srate=100,starget=100,pidrate=100,pref=673,ppos=-145,bi=0,ball=1195,vball=36,bref=0,line=0,mask=00,bu=0,bd=0,oled=3C
[  11483] t=23395,state=1,mode=1,fault=0,seq=0,vl=0,vr=0,pwl=0,pwr=0,actenc=-144,dactenc=1,srate=100,starget=100,pidrate=100,pref=673,ppos=-135,bi=0,ball=1199,vball=39,bref=0,line=0,mask=00,bu=0,bd=0,oled=3C
[  11577] t=23495,state=1,mode=1,fault=0,seq=0,vl=0,vr=0,pwl=0,pwr=0,actenc=-131,dactenc=2,srate=100,starget=100,pidrate=100,pref=673,ppos=-125,bi=0,ball=1199,vball=14,bref=0,line=0,mask=00,bu=0,bd=0,oled=3C
[  11686] t=23595,state=1,mode=1,fault=0,seq=0,vl=0,vr=0,pwl=0,pwr=0,actenc=-120,dactenc=1,srate=100,starget=100,pidrate=100,pref=673,ppos=-115,bi=0,ball=1201,vball=22,bref=0,line=0,mask=00,bu=0,bd=0,oled=3C
[  11780] t=23695,state=1,mode=1,fault=0,seq=0,vl=0,vr=0,pwl=0,pwr=0,actenc=-107,dactenc=1,srate=100,starget=100,pidrate=100,pref=673,ppos=-105,bi=0,ball=1204,vball=21,bref=0,line=0,mask=00,bu=0,bd=0,oled=3C
[  11889] t=23795,state=1,mode=1,fault=0,seq=0,vl=0,vr=0,pwl=0,pwr=0,actenc=-94,dactenc=2,srate=100,starget=100,pidrate=100,pref=673,ppos=-95,bi=0,ball=1205,vball=12,bref=0,line=0,mask=00,bu=0,bd=0,oled=3C
[  11983] t=23895,state=1,mode=1,fault=0,seq=0,vl=0,vr=0,pwl=0,pwr=0,actenc=-82,dactenc=2,srate=100,starget=100,pidrate=100,pref=673,ppos=-85,bi=0,ball=1208,vball=25,bref=0,line=0,mask=00,bu=0,bd=0,oled=3C
[  12077] t=23995,state=1,mode=1,fault=0,seq=0,vl=0,vr=0,pwl=0,pwr=0,actenc=-69,dactenc=2,srate=100,starget=100,pidrate=100,pref=673,ppos=-75,bi=0,ball=1209,vball=15,bref=0,line=0,mask=00,bu=0,bd=0,oled=3C
[  12186] t=24095,state=1,mode=1,fault=0,seq=0,vl=0,vr=0,pwl=0,pwr=0,actenc=-56,dactenc=2,srate=100,starget=100,pidrate=100,pref=673,ppos=-65,bi=0,ball=1213,vball=32,bref=0,line=0,mask=00,bu=0,bd=0,oled=3C
[  12280] t=24195,state=1,mode=1,fault=0,seq=0,vl=0,vr=0,pwl=0,pwr=0,actenc=-43,dactenc=1,srate=100,starget=100,pidrate=100,pref=673,ppos=-55,bi=0,ball=1214,vball=17,bref=0,line=0,mask=00,bu=0,bd=0,oled=3C
[  12389] t=24295,state=1,mode=1,fault=0,seq=0,vl=0,vr=0,pwl=0,pwr=0,actenc=-30,dactenc=2,srate=100,starget=100,pidrate=100,pref=673,ppos=-45,bi=0,ball=1213,vball=0,bref=0,line=0,mask=00,bu=0,bd=0,oled=3C
[  12483] t=24395,state=1,mode=1,fault=0,seq=0,vl=0,vr=0,pwl=0,pwr=0,actenc=-18,dactenc=1,srate=100,starget=100,pidrate=100,pref=673,ppos=-35,bi=0,ball=1217,vball=25,bref=0,line=0,mask=00,bu=0,bd=0,oled=3C
[  12577] t=24495,state=1,mode=1,fault=0,seq=0,vl=0,vr=0,pwl=0,pwr=0,actenc=-4,dactenc=2,srate=100,starget=100,pidrate=100,pref=673,ppos=-25,bi=0,ball=1221,vball=33,bref=0,line=0,mask=00,bu=0,bd=0,oled=3C
[  12686] t=24595,state=1,mode=1,fault=0,seq=0,vl=0,vr=0,pwl=0,pwr=0,actenc=8,dactenc=2,srate=100,starget=100,pidrate=100,pref=673,ppos=-15,bi=0,ball=1221,vball=9,bref=0,line=0,mask=00,bu=0,bd=0,oled=3C
[  12780] t=24695,state=1,mode=1,fault=0,seq=0,vl=0,vr=0,pwl=0,pwr=0,actenc=21,dactenc=2,srate=100,starget=100,pidrate=100,pref=673,ppos=-5,bi=0,ball=1219,vball=-14,bref=0,line=0,mask=00,bu=0,bd=0,oled=3C
[  12889] t=24795,state=1,mode=1,fault=0,seq=0,vl=0,vr=0,pwl=0,pwr=0,actenc=35,dactenc=2,srate=100,starget=100,pidrate=100,pref=673,ppos=4,bi=0,ball=1194,vball=-197,bref=0,line=0,mask=00,bu=0,bd=0,oled=3C
[  12983] t=24895,state=1,mode=1,fault=0,seq=0,vl=0,vr=0,pwl=0,pwr=0,actenc=43,dactenc=-1,srate=0,starget=0,pidrate=0,pref=11,ppos=11,bi=0,ball=1164,vball=-255,bref=0,line=0,mask=00,bu=0,bd=0,oled=3C
[  13077] t=24995,state=1,mode=1,fault=0,seq=0,vl=0,vr=0,pwl=0,pwr=0,actenc=47,dactenc=0,srate=-18,starget=-18,pidrate=-17,pref=12,ppos=14,bi=0,ball=1133,vball=-292,bref=0,line=0,mask=00,bu=0,bd=0,oled=3C
[  13186] t=25095,state=1,mode=1,fault=0,seq=0,vl=0,vr=0,pwl=0,pwr=0,actenc=43,dactenc=-2,srate=-141,starget=-141,pidrate=-140,pref=-3,ppos=10,bi=0,ball=1101,vball=-322,bref=0,line=0,mask=00,bu=0,bd=0,oled=3C
[  13280] t=25195,state=1,mode=1,fault=0,seq=0,vl=0,vr=0,pwl=0,pwr=0,actenc=26,dactenc=-2,srate=-146,starget=-146,pidrate=-145,pref=-18,ppos=-3,bi=0,ball=1065,vball=-349,bref=0,line=0,mask=00,bu=0,bd=0,oled=3C
[  13389] t=25295,state=1,mode=1,fault=0,seq=0,vl=0,vr=0,pwl=0,pwr=0,actenc=-10,dactenc=-3,srate=-379,starget=-379,pidrate=-379,pref=-68,ppos=-30,bi=0,ball=1013,vball=-459,bref=0,line=0,mask=00,bu=0,bd=0,oled=3C
[  13483] t=25395,state=1,mode=1,fault=0,seq=0,vl=0,vr=0,pwl=0,pwr=0,actenc=-61,dactenc=-3,srate=-439,starget=-439,pidrate=-438,pref=-114,ppos=-71,bi=0,ball=952,vball=-556,bref=0,line=0,mask=00,bu=0,bd=0,oled=3C
[  13593] t=25495,state=1,mode=1,fault=0,seq=0,vl=0,vr=0,pwl=0,pwr=0,actenc=-110,dactenc=-3,srate=-251,starget=-251,pidrate=-251,pref=-133,ppos=-108,bi=0,ball=891,vball=-585,bref=0,line=0,mask=00,bu=0,bd=0,oled=3C
[  13686] t=25595,state=1,mode=1,fault=0,seq=0,vl=0,vr=0,pwl=0,pwr=0,actenc=-126,dactenc=-1,srate=0,starget=0,pidrate=0,pref=-125,ppos=-124,bi=0,ball=837,vball=-549,bref=0,line=0,mask=00,bu=0,bd=0,oled=3C
[  13780] t=25695,state=1,mode=1,fault=0,seq=0,vl=0,vr=0,pwl=0,pwr=0,actenc=-116,dactenc=1,srate=206,starget=206,pidrate=205,pref=-92,ppos=-112,bi=0,ball=796,vball=-453,bref=0,line=0,mask=00,bu=0,bd=0,oled=3C
[  13889] t=25795,state=1,mode=1,fault=0,seq=0,vl=0,vr=0,pwl=0,pwr=0,actenc=-78,dactenc=2,srate=388,starget=388,pidrate=387,pref=-44,ppos=-83,bi=0,ball=769,vball=-326,bref=0,line=0,mask=00,bu=0,bd=0,oled=3C
[  13983] t=25895,state=1,mode=1,fault=0,seq=0,vl=0,vr=0,pwl=0,pwr=0,actenc=-26,dactenc=3,srate=573,starget=575,pidrate=574,pref=14,ppos=-43,bi=0,ball=758,vball=-175,bref=0,line=0,mask=00,bu=0,bd=0,oled=3C
[  14077] t=25995,state=1,mode=1,fault=0,seq=0,vl=0,vr=0,pwl=0,pwr=0,actenc=37,dactenc=2,srate=400,starget=400,pidrate=400,pref=53,ppos=5,bi=0,ball=759,vball=-78,bref=0,line=0,mask=00,bu=0,bd=0,oled=3C
[  14186] t=26095,state=1,mode=1,fault=0,seq=0,vl=0,vr=0,pwl=0,pwr=0,actenc=88,dactenc=2,srate=400,starget=400,pidrate=400,pref=124,ppos=45,bi=0,ball=776,vball=93,bref=0,line=0,mask=00,bu=0,bd=0,oled=3C
[  14280] t=26195,state=1,mode=1,fault=0,seq=0,vl=0,vr=0,pwl=0,pwr=0,actenc=138,dactenc=1,srate=241,starget=241,pidrate=241,pref=108,ppos=84,bi=0,ball=780,vball=52,bref=0,line=0,mask=00,bu=0,bd=0,oled=3C
[  14389] t=26295,state=1,mode=1,fault=0,seq=0,vl=0,vr=0,pwl=0,pwr=0,actenc=145,dactenc=-1,srate=-336,starget=-336,pidrate=-336,pref=54,ppos=87,bi=0,ball=768,vball=-78,bref=0,line=0,mask=00,bu=0,bd=0,oled=3C
[  14483] t=26395,state=1,mode=1,fault=0,seq=0,vl=0,vr=0,pwl=0,pwr=0,actenc=113,dactenc=-2,srate=-214,starget=-214,pidrate=-213,pref=42,ppos=63,bi=0,ball=757,vball=-105,bref=0,line=0,mask=00,bu=0,bd=0,oled=3C
[  14593] t=26495,state=1,mode=1,fault=0,seq=0,vl=0,vr=0,pwl=0,pwr=0,actenc=74,dactenc=-3,srate=-531,starget=-539,pidrate=-538,pref=-19,ppos=34,bi=0,ball=727,vball=-251,bref=0,line=0,mask=00,bu=0,bd=0,oled=3C
[  14686] t=26595,state=1,mode=1,fault=0,seq=0,vl=0,vr=0,pwl=0,pwr=0,actenc=27,dactenc=-1,srate=-116,starget=-116,pidrate=-115,pref=-14,ppos=-3,bi=0,ball=702,vball=-231,bref=0,line=0,mask=00,bu=0,bd=0,oled=3C
[  14780] t=26695,state=1,mode=1,fault=0,seq=0,vl=0,vr=0,pwl=0,pwr=0,actenc=1,dactenc=-3,srate=-457,starget=-498,pidrate=-497,pref=-72,ppos=-22,bi=0,ball=661,vball=-363,bref=0,line=0,mask=00,bu=0,bd=0,oled=3C
[  14889] t=26795,state=1,mode=1,fault=0,seq=0,vl=0,vr=0,pwl=0,pwr=0,actenc=-33,dactenc=-2,srate=-315,starget=-418,pidrate=-418,pref=-90,ppos=-48,bi=0,ball=623,vball=-397,bref=0,line=0,mask=00,bu=0,bd=0,oled=3C
[  14983] t=26895,state=1,mode=1,fault=0,seq=0,vl=0,vr=0,pwl=0,pwr=0,actenc=-61,dactenc=-1,srate=-107,starget=-107,pidrate=-107,pref=-82,ppos=-71,bi=0,ball=589,vball=-366,bref=0,line=0,mask=00,bu=0,bd=0,oled=3C
[  15093] t=26995,state=1,mode=1,fault=0,seq=0,vl=0,vr=0,pwl=0,pwr=0,actenc=-70,dactenc=0,srate=161,starget=161,pidrate=160,pref=-62,ppos=-78,bi=0,ball=558,vball=-307,bref=0,line=0,mask=00,bu=0,bd=0,oled=3C
[  15186] t=27095,state=1,mode=1,fault=0,seq=0,vl=0,vr=0,pwl=0,pwr=0,actenc=-52,dactenc=2,srate=305,starget=305,pidrate=305,pref=-32,ppos=-63,bi=0,ball=538,vball=-227,bref=0,line=0,mask=00,bu=0,bd=0,oled=3C
[  15280] t=27195,state=1,mode=1,fault=0,seq=0,vl=0,vr=0,pwl=0,pwr=0,actenc=-20,dactenc=1,srate=241,starget=241,pidrate=241,pref=-13,ppos=-37,bi=0,ball=526,vball=-175,bref=0,line=0,mask=00,bu=0,bd=0,oled=3C
[  15389] t=27295,state=1,mode=1,fault=0,seq=0,vl=0,vr=0,pwl=0,pwr=0,actenc=27,dactenc=1,srate=400,starget=400,pidrate=400,pref=39,ppos=-1,bi=0,ball=528,vball=-42,bref=0,line=0,mask=00,bu=0,bd=0,oled=3C
[  15483] t=27395,state=1,mode=1,fault=0,seq=0,vl=0,vr=0,pwl=0,pwr=0,actenc=54,dactenc=1,srate=149,starget=149,pidrate=149,pref=34,ppos=19,bi=0,ball=521,vball=-53,bref=0,line=0,mask=00,bu=0,bd=0,oled=3C
[  15577] t=27495,state=1,mode=1,fault=0,seq=0,vl=0,vr=0,pwl=0,pwr=0,actenc=76,dactenc=1,srate=170,starget=170,pidrate=170,pref=53,ppos=36,bi=0,ball=522,vball=-7,bref=0,line=0,mask=00,bu=0,bd=0,oled=3C
[  15686] t=27595,state=1,mode=1,fault=0,seq=0,vl=0,vr=0,pwl=0,pwr=0,actenc=85,dactenc=1,srate=164,starget=164,pidrate=164,pref=62,ppos=45,bi=0,ball=523,vball=15,bref=0,line=0,mask=00,bu=0,bd=0,oled=3C
[  15780] t=27695,state=1,mode=1,fault=0,seq=0,vl=0,vr=0,pwl=0,pwr=0,actenc=101,dactenc=1,srate=92,starget=92,pidrate=92,pref=67,ppos=57,bi=10,ball=523,vball=1,bref=0,line=0,mask=00,bu=0,bd=0,oled=3C
[  15889] t=27795,state=1,mode=1,fault=0,seq=0,vl=0,vr=0,pwl=0,pwr=0,actenc=115,dactenc=2,srate=91,starget=91,pidrate=90,pref=76,ppos=67,bi=20,ball=522,vball=0,bref=0,line=0,mask=00,bu=0,bd=0,oled=3C
[  15983] t=27895,state=1,mode=1,fault=0,seq=0,vl=0,vr=0,pwl=0,pwr=0,actenc=127,dactenc=1,srate=94,starget=94,pidrate=94,pref=87,ppos=78,bi=31,ball=522,vball=0,bref=0,line=0,mask=00,bu=0,bd=0,oled=3C
[  16093] t=27995,state=1,mode=1,fault=0,seq=0,vl=0,vr=0,pwl=0,pwr=0,actenc=140,dactenc=0,srate=95,starget=95,pidrate=94,pref=98,ppos=88,bi=41,ball=522,vball=0,bref=0,line=0,mask=00,bu=0,bd=0,oled=3C
[  16186] t=28095,state=1,mode=1,fault=0,seq=0,vl=0,vr=0,pwl=0,pwr=0,actenc=159,dactenc=1,srate=113,starget=113,pidrate=112,pref=116,ppos=104,bi=52,ball=526,vball=17,bref=0,line=0,mask=00,bu=0,bd=0,oled=3C
[  16280] t=28195,state=1,mode=1,fault=0,seq=0,vl=0,vr=0,pwl=0,pwr=0,actenc=166,dactenc=0,srate=41,starget=41,pidrate=40,pref=115,ppos=111,bi=62,ball=524,vball=-8,bref=0,line=0,mask=00,bu=0,bd=0,oled=3C
[  16389] t=28295,state=1,mode=1,fault=0,seq=0,vl=0,vr=0,pwl=0,pwr=0,actenc=177,dactenc=1,srate=84,starget=84,pidrate=84,pref=127,ppos=119,bi=73,ball=524,vball=-4,bref=0,line=0,mask=00,bu=0,bd=0,oled=3C
[  16483] t=28395,state=1,mode=1,fault=0,seq=0,vl=0,vr=0,pwl=0,pwr=0,actenc=191,dactenc=1,srate=95,starget=95,pidrate=95,pref=139,ppos=129,bi=83,ball=524,vball=-1,bref=0,line=0,mask=00,bu=0,bd=0,oled=3C
[  16593] t=28495,state=1,mode=1,fault=0,seq=0,vl=0,vr=0,pwl=0,pwr=0,actenc=205,dactenc=1,srate=96,starget=96,pidrate=95,pref=150,ppos=140,bi=94,ball=524,vball=0,bref=0,line=0,mask=00,bu=0,bd=0,oled=3C
[  16686] t=28595,state=1,mode=1,fault=0,seq=0,vl=0,vr=0,pwl=0,pwr=0,actenc=217,dactenc=2,srate=87,starget=87,pidrate=87,pref=159,ppos=150,bi=104,ball=523,vball=-4,bref=0,line=0,mask=00,bu=0,bd=0,oled=3C
[  16780] t=28695,state=1,mode=1,fault=0,seq=0,vl=0,vr=0,pwl=0,pwr=0,actenc=233,dactenc=1,srate=172,starget=172,pidrate=171,pref=180,ppos=163,bi=115,ball=526,vball=21,bref=0,line=0,mask=00,bu=0,bd=0,oled=3C
[  16889] t=28795,state=1,mode=1,fault=0,seq=0,vl=0,vr=0,pwl=0,pwr=0,actenc=251,dactenc=1,srate=103,starget=103,pidrate=102,pref=188,ppos=177,bi=125,ball=527,vball=14,bref=0,line=0,mask=00,bu=0,bd=0,oled=3C
[  16983] t=28895,state=1,mode=1,fault=0,seq=0,vl=0,vr=0,pwl=0,pwr=0,actenc=262,dactenc=2,srate=61,starget=61,pidrate=60,pref=192,ppos=186,bi=136,ball=526,vball=-1,bref=0,line=0,mask=00,bu=0,bd=0,oled=3C
[  17093] t=28995,state=1,mode=1,fault=0,seq=0,vl=0,vr=0,pwl=0,pwr=0,actenc=273,dactenc=1,srate=88,starget=88,pidrate=88,pref=203,ppos=194,bi=146,ball=526,vball=0,bref=0,line=0,mask=00,bu=0,bd=0,oled=3C
[  17186] t=29095,state=1,mode=1,fault=0,seq=0,vl=0,vr=0,pwl=0,pwr=0,actenc=286,dactenc=1,srate=90,starget=90,pidrate=90,pref=213,ppos=204,bi=157,ball=526,vball=0,bref=0,line=0,mask=00,bu=0,bd=0,oled=3C
[  17280] t=29195,state=1,mode=1,fault=0,seq=0,vl=0,vr=0,pwl=0,pwr=0,actenc=298,dactenc=1,srate=91,starget=91,pidrate=91,pref=224,ppos=215,bi=167,ball=526,vball=0,bref=0,line=0,mask=00,bu=0,bd=0,oled=3C
[  17389] t=29295,state=1,mode=1,fault=0,seq=0,vl=0,vr=0,pwl=0,pwr=0,actenc=299,dactenc=-1,srate=-228,starget=-228,pidrate=-228,pref=189,ppos=212,bi=174,ball=514,vball=-100,bref=0,line=0,mask=00,bu=0,bd=0,oled=3C
[  17483] t=29395,state=1,mode=1,fault=0,seq=0,vl=0,vr=0,pwl=0,pwr=0,actenc=241,dactenc=-4,srate=-627,starget=-627,pidrate=-626,pref=105,ppos=167,bi=0,ball=476,vball=-300,bref=0,line=0,mask=00,bu=0,bd=0,oled=3C
[  17593] t=29495,state=1,mode=1,fault=0,seq=0,vl=0,vr=0,pwl=0,pwr=0,actenc=128,dactenc=-7,srate=-937,starget=-937,pidrate=-937,pref=-12,ppos=80,bi=0,ball=407,vball=-574,bref=0,line=0,mask=00,bu=0,bd=0,oled=3C
[  17686] t=29595,state=1,mode=1,fault=0,seq=0,vl=0,vr=0,pwl=0,pwr=0,actenc=-7,dactenc=-5,srate=-808,starget=-808,pidrate=-808,pref=-104,ppos=-23,bi=0,ball=317,vball=-776,bref=0,line=0,mask=00,bu=0,bd=0,oled=3C
[  17780] t=29695,state=1,mode=1,fault=0,seq=0,vl=0,vr=0,pwl=0,pwr=0,actenc=-94,dactenc=-3,srate=-396,starget=-396,pidrate=-396,pref=-131,ppos=-92,bi=0,ball=224,vball=-871,bref=0,line=0,mask=00,bu=0,bd=0,oled=3C
[  17889] t=29795,state=1,mode=1,fault=0,seq=0,vl=0,vr=0,pwl=0,pwr=0,actenc=-125,dactenc=0,srate=-142,starget=-142,pidrate=-142,pref=-131,ppos=-117,bi=0,ball=141,vball=-832,bref=0,line=0,mask=00,bu=0,bd=0,oled=3C
[  17983] t=29895,state=1,mode=1,fault=0,seq=0,vl=0,vr=0,pwl=0,pwr=0,actenc=-135,dactenc=0,srate=47,starget=47,pidrate=47,pref=-119,ppos=-124,bi=0,ball=75,vball=-741,bref=0,line=0,mask=00,bu=0,bd=0,oled=3C
[  18093] t=29995,state=1,mode=1,fault=0,seq=0,vl=0,vr=0,pwl=0,pwr=0,actenc=-108,dactenc=2,srate=310,starget=310,pidrate=309,pref=-71,ppos=-102,bi=0,ball=29,vball=-607,bref=0,line=0,mask=00,bu=0,bd=0,oled=3C
[  18186] t=30095,state=1,mode=1,fault=0,seq=0,vl=0,vr=0,pwl=0,pwr=0,actenc=-61,dactenc=2,srate=252,starget=252,pidrate=252,pref=-40,ppos=-65,bi=0,ball=0,vball=-521,bref=0,line=0,mask=00,bu=0,bd=0,oled=3C
[  18280] t=30195,state=1,mode=1,fault=0,seq=0,vl=0,vr=0,pwl=0,pwr=0,actenc=30,dactenc=5,srate=729,starget=729,pidrate=729,pref=77,ppos=4,bi=0,ball=-17,vball=-222,bref=0,line=0,mask=00,bu=0,bd=0,oled=3C
[  18389] t=30295,state=1,mode=1,fault=0,seq=0,vl=0,vr=0,pwl=0,pwr=0,actenc=114,dactenc=3,srate=609,starget=609,pidrate=609,pref=130,ppos=69,bi=0,ball=-18,vball=-88,bref=0,line=0,mask=00,bu=0,bd=0,oled=3C
[  18483] t=30395,state=1,mode=1,fault=0,seq=0,vl=0,vr=0,pwl=0,pwr=0,actenc=164,dactenc=1,srate=218,starget=218,pidrate=218,pref=130,ppos=108,bi=0,ball=-18,vball=-88,bref=0,line=0,mask=00,bu=0,bd=0,oled=3C
[  18593] t=30495,state=1,mode=1,fault=0,seq=0,vl=0,vr=0,pwl=0,pwr=0,actenc=166,dactenc=0,srate=0,starget=0,pidrate=0,pref=109,ppos=110,bi=0,ball=-19,vball=-46,bref=0,line=0,mask=00,bu=0,bd=0,oled=3C
[  18686] t=30595,state=1,mode=1,fault=0,seq=0,vl=0,vr=0,pwl=0,pwr=0,actenc=166,dactenc=0,srate=0,starget=0,pidrate=0,pref=110,ppos=110,bi=0,ball=-23,vball=-38,bref=0,line=0,mask=00,bu=0,bd=0,oled=3C
[  18780] t=30695,state=1,mode=1,fault=0,seq=0,vl=0,vr=0,pwl=0,pwr=0,actenc=133,dactenc=-1,srate=-219,starget=-219,pidrate=-218,pref=61,ppos=83,bi=0,ball=-37,vball=-111,bref=0,line=0,mask=00,bu=0,bd=0,oled=3C
[  18889] t=30795,state=1,mode=1,fault=0,seq=0,vl=0,vr=0,pwl=0,pwr=0,actenc=116,dactenc=-1,srate=-76,starget=-76,pidrate=-75,pref=61,ppos=69,bi=0,ball=-47,vball=-106,bref=0,line=0,mask=00,bu=0,bd=0,oled=3C
[  18983] t=30895,state=1,mode=1,fault=0,seq=0,vl=0,vr=0,pwl=0,pwr=0,actenc=87,dactenc=-3,srate=-400,starget=-400,pidrate=-400,pref=-37,ppos=47,bi=0,ball=-99,vball=-339,bref=0,line=0,mask=00,bu=0,bd=0,oled=3C
[  19093] t=30995,state=1,mode=1,fault=0,seq=0,vl=0,vr=0,pwl=0,pwr=0,actenc=36,dactenc=-3,srate=-400,starget=-400,pidrate=-400,pref=-46,ppos=7,bi=0,ball=-138,vball=-351,bref=0,line=0,mask=00,bu=0,bd=0,oled=3C
[  19186] t=31095,state=1,mode=1,fault=0,seq=0,vl=0,vr=0,pwl=0,pwr=0,actenc=4,dactenc=0,srate=-111,starget=-111,pidrate=-111,pref=-28,ppos=-17,bi=0,ball=-164,vball=-296,bref=0,line=0,mask=00,bu=0,bd=0,oled=3C
[  19280] t=31195,state=1,mode=1,fault=0,seq=0,vl=0,vr=0,pwl=0,pwr=0,actenc=20,dactenc=2,srate=187,starget=187,pidrate=187,pref=14,ppos=-4,bi=0,ball=-177,vball=-186,bref=0,line=0,mask=00,bu=0,bd=0,oled=3C
[  19389] t=31295,state=1,mode=1,fault=0,seq=0,vl=0,vr=0,pwl=0,pwr=0,actenc=41,dactenc=1,srate=120,starget=120,pidrate=120,pref=24,ppos=12,bi=0,ball=-191,vball=-155,bref=0,line=0,mask=00,bu=0,bd=0,oled=3C
[  19483] t=31395,state=1,mode=1,fault=0,seq=0,vl=0,vr=0,pwl=0,pwr=0,actenc=69,dactenc=2,srate=356,starget=356,pidrate=355,pref=71,ppos=36,bi=0,ball=-191,vball=-39,bref=0,line=0,mask=00,bu=0,bd=0,oled=3C
[  19593] t=31495,state=1,mode=1,fault=0,seq=0,vl=0,vr=0,pwl=0,pwr=0,actenc=108,dactenc=1,srate=196,starget=196,pidrate=195,pref=85,ppos=66,bi=0,ball=-190,vball=-4,bref=0,line=0,mask=00,bu=0,bd=0,oled=3C
[  19686] t=31595,state=1,mode=1,fault=0,seq=0,vl=0,vr=0,pwl=0,pwr=0,actenc=122,dactenc=0,srate=-19,starget=-19,pidrate=-18,pref=74,ppos=76,bi=-1,ball=-193,vball=-27,bref=0,line=0,mask=00,bu=0,bd=0,oled=3C
[  19780] t=31695,state=1,mode=1,fault=0,seq=0,vl=0,vr=0,pwl=0,pwr=0,actenc=124,dactenc=0,srate=29,starget=29,pidrate=28,pref=81,ppos=78,bi=-5,ball=-191,vball=-1,bref=0,line=0,mask=00,bu=0,bd=0,oled=3C
[  19889] t=31795,state=1,mode=1,fault=0,seq=0,vl=0,vr=0,pwl=0,pwr=0,actenc=119,dactenc=-2,srate=-86,starget=-86,pidrate=-86,pref=64,ppos=73,bi=-9,ball=-196,vball=-32,bref=0,line=0,mask=00,bu=0,bd=0,oled=3C
[  19983] t=31895,state=1,mode=1,fault=0,seq=0,vl=0,vr=0,pwl=0,pwr=0,actenc=117,dactenc=0,srate=35,starget=35,pidrate=34,pref=76,ppos=72,bi=-12,ball=-194,vball=5,bref=0,line=0,mask=00,bu=0,bd=0,oled=3C
[  20093] t=31995,state=1,mode=1,fault=0,seq=0,vl=0,vr=0,pwl=0,pwr=0,actenc=112,dactenc=-1,srate=-113,starget=-113,pidrate=-112,pref=55,ppos=66,bi=-16,ball=-199,vball=-35,bref=0,line=0,mask=00,bu=0,bd=0,oled=3C
[  20186] t=32095,state=1,mode=1,fault=0,seq=0,vl=0,vr=0,pwl=0,pwr=0,actenc=104,dactenc=0,srate=-19,starget=-19,pidrate=-18,pref=58,ppos=60,bi=-20,ball=-201,vball=-17,bref=0,line=0,mask=00,bu=0,bd=0,oled=3C
[  20280] t=32195,state=1,mode=1,fault=0,seq=0,vl=0,vr=0,pwl=0,pwr=0,actenc=102,dactenc=0,srate=0,starget=0,pidrate=0,pref=59,ppos=60,bi=-24,ball=-200,vball=-4,bref=0,line=0,mask=00,bu=0,bd=0,oled=3C
[  20389] t=32295,state=1,mode=1,fault=0,seq=0,vl=0,vr=0,pwl=0,pwr=0,actenc=103,dactenc=1,srate=-23,starget=-23,pidrate=-23,pref=56,ppos=59,bi=-28,ball=-200,vball=-1,bref=0,line=0,mask=00,bu=0,bd=0,oled=3C
[  20483] t=32395,state=1,mode=1,fault=0,seq=0,vl=0,vr=0,pwl=0,pwr=0,actenc=92,dactenc=1,srate=-68,starget=-68,pidrate=-68,pref=43,ppos=49,bi=-32,ball=-204,vball=-24,bref=0,line=0,mask=00,bu=0,bd=0,oled=3C
[  20593] t=32495,state=1,mode=1,fault=0,seq=0,vl=0,vr=0,pwl=0,pwr=0,actenc=88,dactenc=0,srate=-16,starget=-16,pidrate=-16,pref=45,ppos=47,bi=-37,ball=-204,vball=-7,bref=0,line=0,mask=00,bu=0,bd=0,oled=3C
[  20686] t=32595,state=1,mode=1,fault=0,seq=0,vl=0,vr=0,pwl=0,pwr=0,actenc=90,dactenc=0,srate=43,starget=43,pidrate=42,pref=54,ppos=50,bi=-41,ball=-200,vball=23,bref=0,line=0,mask=00,bu=0,bd=0,oled=3C
[  20780] t=32695,state=1,mode=1,fault=0,seq=0,vl=0,vr=0,pwl=0,pwr=0,actenc=89,dactenc=-1,srate=-42,starget=-42,pidrate=-42,pref=44,ppos=48,bi=-45,ball=-200,vball=8,bref=0,line=0,mask=00,bu=0,bd=0,oled=3C
[  20889] t=32795,state=1,mode=1,fault=0,seq=0,vl=0,vr=0,pwl=0,pwr=0,actenc=79,dactenc=0,srate=-14,starget=-14,pidrate=-13,pref=39,ppos=40,bi=-49,ball=-201,vball=5,bref=0,line=0,mask=00,bu=0,bd=0,oled=3C
[  20983] t=32895,state=1,mode=1,fault=0,seq=0,vl=0,vr=0,pwl=0,pwr=0,actenc=83,dactenc=1,srate=37,starget=37,pidrate=36,pref=47,ppos=44,bi=-53,ball=-196,vball=36,bref=0,line=0,mask=00,bu=0,bd=0,oled=3C
[  21093] t=32995,state=1,mode=1,fault=0,seq=0,vl=0,vr=0,pwl=0,pwr=0,actenc=76,dactenc=0,srate=-95,starget=-95,pidrate=-94,pref=27,ppos=36,bi=-57,ball=-199,vball=-5,bref=0,line=0,mask=00,bu=0,bd=0,oled=3C
[  21186] t=33095,state=1,mode=1,fault=0,seq=0,vl=0,vr=0,pwl=0,pwr=0,actenc=66,dactenc=0,srate=-51,starget=-51,pidrate=-50,pref=24,ppos=29,bi=-61,ball=-199,vball=-3,bref=0,line=0,mask=00,bu=0,bd=0,oled=3C
[  21280] t=33195,state=1,mode=1,fault=0,seq=0,vl=0,vr=0,pwl=0,pwr=0,actenc=58,dactenc=0,srate=0,starget=0,pidrate=0,pref=22,ppos=23,bi=-65,ball=-199,vball=2,bref=0,line=0,mask=00,bu=0,bd=0,oled=3C
[  21389] t=33295,state=1,mode=1,fault=0,seq=0,vl=0,vr=0,pwl=0,pwr=0,actenc=58,dactenc=0,srate=0,starget=0,pidrate=0,pref=22,ppos=23,bi=-69,ball=-197,vball=12,bref=0,line=0,mask=00,bu=0,bd=0,oled=3C
[  21483] t=33395,state=1,mode=1,fault=0,seq=0,vl=0,vr=0,pwl=0,pwr=0,actenc=57,dactenc=0,srate=-30,starget=-30,pidrate=-30,pref=18,ppos=21,bi=-72,ball=-196,vball=11,bref=0,line=0,mask=00,bu=0,bd=0,oled=3C
[  21593] t=33495,state=1,mode=1,fault=0,seq=0,vl=0,vr=0,pwl=0,pwr=0,actenc=50,dactenc=0,srate=-56,starget=-56,pidrate=-56,pref=10,ppos=16,bi=-76,ball=-196,vball=2,bref=0,line=0,mask=00,bu=0,bd=0,oled=3C
[  21686] t=33595,state=1,mode=1,fault=0,seq=0,vl=0,vr=0,pwl=0,pwr=0,actenc=42,dactenc=1,srate=-56,starget=-56,pidrate=-55,pref=3,ppos=9,bi=-80,ball=-197,vball=-4,bref=0,line=0,mask=00,bu=0,bd=0,oled=3C
[  21780] t=33695,state=1,mode=1,fault=0,seq=0,vl=0,vr=0,pwl=0,pwr=0,actenc=38,dactenc=0,srate=89,starget=89,pidrate=88,pref=16,ppos=7,bi=-84,ball=-193,vball=36,bref=0,line=0,mask=00,bu=0,bd=0,oled=3C
[  21889] t=33795,state=1,mode=1,fault=0,seq=0,vl=0,vr=0,pwl=0,pwr=0,actenc=42,dactenc=0,srate=-33,starget=-33,pidrate=-32,pref=6,ppos=10,bi=-88,ball=-191,vball=20,bref=0,line=0,mask=00,bu=0,bd=0,oled=3C
[  21983] t=33895,state=1,mode=1,fault=0,seq=0,vl=0,vr=0,pwl=0,pwr=0,actenc=33,dactenc=-1,srate=-73,starget=-73,pidrate=-72,pref=-5,ppos=1,bi=-92,ball=-193,vball=-1,bref=0,line=0,mask=00,bu=0,bd=0,oled=3C
[  22093] t=33995,state=1,mode=1,fault=0,seq=0,vl=0,vr=0,pwl=0,pwr=0,actenc=29,dactenc=0,srate=-49,starget=-49,pidrate=-49,pref=-6,ppos=-1,bi=-96,ball=-191,vball=5,bref=0,line=0,mask=00,bu=0,bd=0,oled=3C
[  22186] t=34095,state=1,mode=1,fault=0,seq=0,vl=0,vr=0,pwl=0,pwr=0,actenc=18,dactenc=0,srate=-61,starget=-61,pidrate=-61,pref=-15,ppos=-9,bi=-100,ball=-193,vball=-6,bref=0,line=0,mask=00,bu=0,bd=0,oled=3C
[  22280] t=34195,state=1,mode=1,fault=0,seq=0,vl=0,vr=0,pwl=0,pwr=0,actenc=9,dactenc=-1,srate=-42,starget=-42,pidrate=-42,pref=-20,ppos=-16,bi=-104,ball=-194,vball=-8,bref=0,line=0,mask=00,bu=0,bd=0,oled=3C
[  22389] t=34295,state=1,mode=1,fault=0,seq=0,vl=0,vr=0,pwl=0,pwr=0,actenc=7,dactenc=0,srate=-22,starget=-22,pidrate=-22,pref=-20,ppos=-18,bi=-107,ball=-193,vball=0,bref=0,line=0,mask=00,bu=0,bd=0,oled=3C
[  22483] t=34395,state=1,mode=1,fault=0,seq=0,vl=0,vr=0,pwl=0,pwr=0,actenc=3,dactenc=0,srate=-32,starget=-32,pidrate=-32,pref=-24,ppos=-21,bi=-111,ball=-193,vball=0,bref=0,line=0,mask=00,bu=0,bd=0,oled=3C
[  22593] t=34495,state=1,mode=1,fault=0,seq=0,vl=0,vr=0,pwl=0,pwr=0,actenc=4,dactenc=0,srate=68,starget=68,pidrate=67,pref=-12,ppos=-19,bi=-115,ball=-188,vball=38,bref=0,line=0,mask=00,bu=0,bd=0,oled=3C
[  22686] t=34595,state=1,mode=1,fault=0,seq=0,vl=0,vr=0,pwl=0,pwr=0,actenc=6,dactenc=0,srate=44,starget=44,pidrate=44,pref=-13,ppos=-17,bi=-118,ball=-185,vball=41,bref=0,line=0,mask=00,bu=0,bd=0,oled=3C
[  22780] t=34695,state=1,mode=1,fault=0,seq=0,vl=0,vr=0,pwl=0,pwr=0,actenc=17,dactenc=0,srate=97,starget=97,pidrate=97,pref=1,ppos=-8,bi=-118,ball=-175,vball=75,bref=0,line=0,mask=00,bu=0,bd=0,oled=3C
[  22889] t=34795,state=1,mode=1,fault=0,seq=0,vl=0,vr=0,pwl=0,pwr=0,actenc=33,dactenc=1,srate=161,starget=161,pidrate=161,pref=20,ppos=3,bi=0,ball=-162,vball=118,bref=0,line=0,mask=00,bu=0,bd=0,oled=3C
[  22983] t=34895,state=1,mode=1,fault=0,seq=0,vl=0,vr=0,pwl=0,pwr=0,actenc=48,dactenc=1,srate=86,starget=86,pidrate=86,pref=24,ppos=15,bi=0,ball=-149,vball=125,bref=0,line=0,mask=00,bu=0,bd=0,oled=3C
[  23093] t=34995,state=1,mode=1,fault=0,seq=0,vl=0,vr=0,pwl=0,pwr=0,actenc=61,dactenc=1,srate=55,starget=55,pidrate=55,pref=31,ppos=25,bi=0,ball=-134,vball=138,bref=0,line=0,mask=00,bu=0,bd=0,oled=3C
[  23186] t=35095,state=1,mode=1,fault=0,seq=0,vl=0,vr=0,pwl=0,pwr=0,actenc=65,dactenc=-1,srate=-72,starget=-72,pidrate=-72,pref=21,ppos=28,bi=0,ball=-123,vball=109,bref=0,line=0,mask=00,bu=0,bd=0,oled=3C
[  23280] t=35195,state=1,mode=1,fault=0,seq=0,vl=0,vr=0,pwl=0,pwr=0,actenc=65,dactenc=1,srate=19,starget=19,pidrate=19,pref=30,ppos=29,bi=0,ball=-113,vball=131,bref=0,line=0,mask=00,bu=0,bd=0,oled=3C
[  23389] t=35295,state=1,mode=1,fault=0,seq=0,vl=0,vr=0,pwl=0,pwr=0,actenc=63,dactenc=0,srate=19,starget=19,pidrate=18,pref=29,ppos=27,bi=0,ball=-99,vball=123,bref=0,line=0,mask=00,bu=0,bd=0,oled=3C
[  23483] t=35395,state=1,mode=1,fault=0,seq=0,vl=0,vr=0,pwl=0,pwr=0,actenc=66,dactenc=0,srate=0,starget=0,pidrate=0,pref=31,ppos=30,bi=0,ball=-90,vball=124,bref=0,line=0,mask=00,bu=0,bd=0,oled=3C
[  23593] t=35495,state=1,mode=1,fault=0,seq=0,vl=0,vr=0,pwl=0,pwr=0,actenc=66,dactenc=0,srate=0,starget=0,pidrate=0,pref=30,ppos=30,bi=0,ball=-90,vball=124,bref=0,line=0,mask=00,bu=0,bd=0,oled=3C
[  23686] t=35595,state=1,mode=1,fault=0,seq=0,vl=0,vr=0,pwl=0,pwr=0,actenc=63,dactenc=-1,srate=-162,starget=-162,pidrate=-162,pref=10,ppos=26,bi=0,ball=-86,vball=71,bref=0,line=0,mask=00,bu=0,bd=0,oled=3C
[  23780] t=35695,state=1,mode=1,fault=0,seq=0,vl=0,vr=0,pwl=0,pwr=0,actenc=48,dactenc=-1,srate=-81,starget=-81,pidrate=-81,pref=6,ppos=14,bi=0,ball=-81,vball=61,bref=0,line=0,mask=00,bu=0,bd=0,oled=3C
[  23889] t=35795,state=1,mode=1,fault=0,seq=0,vl=0,vr=0,pwl=0,pwr=0,actenc=39,dactenc=0,srate=-101,starget=-101,pidrate=-101,pref=-3,ppos=6,bi=0,ball=-78,vball=34,bref=0,line=0,mask=00,bu=0,bd=0,oled=3C
[  23983] t=35895,state=1,mode=1,fault=0,seq=0,vl=0,vr=0,pwl=0,pwr=0,actenc=24,dactenc=-2,srate=-85,starget=-85,pidrate=-85,pref=-12,ppos=-4,bi=0,ball=-78,vball=11,bref=0,line=0,mask=00,bu=0,bd=0,oled=3C
[  24093] t=35995,state=1,mode=1,fault=0,seq=0,vl=0,vr=0,pwl=0,pwr=0,actenc=11,dactenc=-1,srate=-91,starget=-91,pidrate=-90,pref=-23,ppos=-14,bi=0,ball=-80,vball=-13,bref=0,line=0,mask=00,bu=0,bd=0,oled=3C
[  24186] t=36095,state=1,mode=1,fault=0,seq=0,vl=0,vr=0,pwl=0,pwr=0,actenc=4,dactenc=-1,srate=-32,starget=-32,pidrate=-32,pref=-23,ppos=-20,bi=0,ball=-80,vball=-13,bref=0,line=0,mask=00,bu=0,bd=0,oled=3C
[  24280] t=36195,state=1,mode=1,fault=0,seq=0,vl=0,vr=0,pwl=0,pwr=0,actenc=2,dactenc=0,srate=86,starget=88,pidrate=87,pref=-12,ppos=-21,bi=0,ball=-79,vball=13,bref=0,line=0,mask=00,bu=0,bd=0,oled=3C
[  24389] t=36295,state=1,mode=1,fault=0,seq=0,vl=0,vr=0,pwl=0,pwr=0,actenc=9,dactenc=-1,srate=42,starget=42,pidrate=41,pref=-10,ppos=-14,bi=0,ball=-77,vball=18,bref=0,line=0,mask=00,bu=0,bd=0,oled=3C
[  24483] t=36395,state=1,mode=1,fault=0,seq=0,vl=0,vr=0,pwl=0,pwr=0,actenc=17,dactenc=-1,srate=102,starget=102,pidrate=101,pref=2,ppos=-7,bi=0,ball=-70,vball=49,bref=0,line=0,mask=00,bu=0,bd=0,oled=3C
[  24593] t=36495,state=1,mode=1,fault=0,seq=0,vl=0,vr=0,pwl=0,pwr=0,actenc=20,dactenc=-1,srate=-222,starget=-222,pidrate=-222,pref=-28,ppos=-6,bi=0,ball=-75,vball=-28,bref=0,line=0,mask=00,bu=0,bd=0,oled=3C
[  24686] t=36595,state=1,mode=1,fault=0,seq=0,vl=0,vr=0,pwl=0,pwr=0,actenc=2,dactenc=0,srate=-47,starget=-47,pidrate=-46,pref=-25,ppos=-21,bi=0,ball=-77,vball=-20,bref=0,line=0,mask=00,bu=0,bd=0,oled=3C
[  24780] t=36695,state=1,mode=1,fault=0,seq=0,vl=0,vr=0,pwl=0,pwr=0,actenc=9,dactenc=1,srate=89,starget=89,pidrate=89,pref=-4,ppos=-13,bi=-1,ball=-70,vball=34,bref=0,line=0,mask=00,bu=0,bd=0,oled=3C
[  24889] t=36795,state=1,mode=1,fault=0,seq=0,vl=0,vr=0,pwl=0,pwr=0,actenc=13,dactenc=0,srate=-33,starget=-33,pidrate=-33,pref=-14,ppos=-10,bi=-2,ball=-70,vball=13,bref=0,line=0,mask=00,bu=0,bd=0,oled=3C
[  24983] t=36895,state=1,mode=1,fault=0,seq=0,vl=0,vr=0,pwl=0,pwr=0,actenc=8,dactenc=0,srate=-46,starget=-46,pidrate=-46,pref=-19,ppos=-15,bi=-4,ball=-70,vball=3,bref=0,line=0,mask=00,bu=0,bd=0,oled=3C
[  25093] t=36995,state=1,mode=1,fault=0,seq=0,vl=0,vr=0,pwl=0,pwr=0,actenc=-2,dactenc=0,srate=-139,starget=-139,pidrate=-139,pref=-38,ppos=-24,bi=-5,ball=-76,vball=-38,bref=0,line=0,mask=00,bu=0,bd=0,oled=3C
[  25186] t=37095,state=1,mode=1,fault=0,seq=0,vl=0,vr=0,pwl=0,pwr=0,actenc=-10,dactenc=0,srate=0,starget=0,pidrate=0,pref=-30,ppos=-30,bi=-7,ball=-76,vball=-13,bref=0,line=0,mask=00,bu=0,bd=0,oled=3C
[  25280] t=37195,state=1,mode=1,fault=0,seq=0,vl=0,vr=0,pwl=0,pwr=0,actenc=-10,dactenc=0,srate=0,starget=0,pidrate=0,pref=-29,ppos=-30,bi=-8,ball=-77,vball=-8,bref=0,line=0,mask=00,bu=0,bd=0,oled=3C
[  25389] t=37295,state=2,mode=1,fault=0,seq=1,vl=0,vr=0,pwl=0,pwr=0,actenc=-19,dactenc=-2,srate=-400,starget=-400,pidrate=-400,pref=-153,ppos=-15,bi=0,ball=-77,vball=-2,bref=500,line=0,mask=00,bu=0,bd=0,oled=3C
[  25483] t=37395,state=2,mode=1,fault=0,seq=1,vl=0,vr=0,pwl=0,pwr=0,actenc=-70,dactenc=-3,srate=-400,starget=-400,pidrate=-400,pref=-153,ppos=-55,bi=0,ball=-76,vball=0,bref=500,line=0,mask=00,bu=0,bd=0,oled=3C
[  25593] t=37495,state=2,mode=1,fault=0,seq=1,vl=0,vr=0,pwl=0,pwr=0,actenc=-120,dactenc=-3,srate=-400,starget=-400,pidrate=-400,pref=-161,ppos=-95,bi=-8,ball=-76,vball=0,bref=500,line=0,mask=00,bu=0,bd=0,oled=3C
[  25686] t=37595,state=2,mode=1,fault=0,seq=1,vl=0,vr=0,pwl=0,pwr=0,actenc=-169,dactenc=-2,srate=-332,starget=-332,pidrate=-331,pref=-167,ppos=-134,bi=-26,ball=-68,vball=55,bref=500,line=0,mask=00,bu=0,bd=0,oled=3C
[  25796] t=37695,state=2,mode=1,fault=0,seq=1,vl=0,vr=0,pwl=0,pwr=0,actenc=-190,dactenc=0,srate=-59,starget=-59,pidrate=-58,pref=-157,ppos=-152,bi=-26,ball=-57,vball=97,bref=500,line=0,mask=00,bu=0,bd=0,oled=3C
[  25889] t=37795,state=2,mode=1,fault=0,seq=1,vl=0,vr=0,pwl=0,pwr=0,actenc=-194,dactenc=0,srate=19,starget=19,pidrate=18,pref=-152,ppos=-154,bi=0,ball=-46,vball=117,bref=500,line=0,mask=00,bu=0,bd=0,oled=3C
[  25983] t=37895,state=2,mode=1,fault=0,seq=1,vl=0,vr=0,pwl=0,pwr=0,actenc=-183,dactenc=1,srate=263,starget=263,pidrate=263,pref=-117,ppos=-143,bi=0,ball=5,vball=260,bref=500,line=0,mask=00,bu=0,bd=0,oled=3C
[  26093] t=37995,state=2,mode=1,fault=0,seq=1,vl=0,vr=0,pwl=0,pwr=0,actenc=-145,dactenc=3,srate=400,starget=400,pidrate=400,pref=-14,ppos=-114,bi=0,ball=102,vball=717,bref=500,line=0,mask=00,bu=0,bd=0,oled=3C
[  26186] t=38095,state=2,mode=1,fault=0,seq=1,vl=0,vr=0,pwl=0,pwr=0,actenc=-94,dactenc=3,srate=400,starget=400,pidrate=400,pref=8,ppos=-74,bi=0,ball=184,vball=783,bref=500,line=0,mask=00,bu=0,bd=0,oled=3C
[  26296] t=38195,state=2,mode=1,fault=0,seq=1,vl=0,vr=0,pwl=0,pwr=0,actenc=-43,dactenc=2,srate=400,starget=400,pidrate=400,pref=62,ppos=-34,bi=0,ball=293,vball=987,bref=500,line=0,mask=00,bu=0,bd=0,oled=3C
[  26389] t=38295,state=2,mode=1,fault=0,seq=2,vl=0,vr=0,pwl=0,pwr=0,actenc=7,dactenc=1,srate=-20,starget=-20,pidrate=-20,pref=1,ppos=3,bi=0,ball=407,vball=1092,bref=-500,line=0,mask=00,bu=0,bd=0,oled=3C
[  26483] t=38395,state=2,mode=1,fault=0,seq=2,vl=0,vr=0,pwl=0,pwr=0,actenc=42,dactenc=2,srate=400,starget=400,pidrate=400,pref=273,ppos=31,bi=0,ball=524,vball=1149,bref=-500,line=0,mask=00,bu=0,bd=0,oled=3C
[  26593] t=38495,state=2,mode=1,fault=0,seq=2,vl=0,vr=0,pwl=0,pwr=0,actenc=94,dactenc=3,srate=400,starget=400,pidrate=400,pref=273,ppos=71,bi=0,ball=628,vball=1063,bref=-500,line=0,mask=00,bu=0,bd=0,oled=3C
[  26686] t=38595,state=2,mode=1,fault=0,seq=2,vl=0,vr=0,pwl=0,pwr=0,actenc=146,dactenc=3,srate=400,starget=400,pidrate=400,pref=273,ppos=111,bi=0,ball=727,vball=1032,bref=-500,line=0,mask=00,bu=0,bd=0,oled=3C
[  26796] t=38695,state=2,mode=1,fault=0,seq=2,vl=0,vr=0,pwl=0,pwr=0,actenc=198,dactenc=3,srate=400,starget=400,pidrate=400,pref=273,ppos=151,bi=0,ball=818,vball=946,bref=-500,line=0,mask=00,bu=0,bd=0,oled=3C
[  26889] t=38795,state=2,mode=1,fault=0,seq=2,vl=0,vr=0,pwl=0,pwr=0,actenc=249,dactenc=3,srate=400,starget=400,pidrate=400,pref=273,ppos=191,bi=0,ball=877,vball=703,bref=-500,line=0,mask=00,bu=0,bd=0,oled=3C
[  26983] t=38895,state=2,mode=1,fault=0,seq=2,vl=0,vr=0,pwl=0,pwr=0,actenc=300,dactenc=3,srate=400,starget=400,pidrate=400,pref=273,ppos=231,bi=0,ball=919,vball=504,bref=-500,line=0,mask=00,bu=0,bd=0,oled=3C
[  27093] t=38995,state=2,mode=1,fault=0,seq=2,vl=0,vr=0,pwl=0,pwr=0,actenc=333,dactenc=1,srate=150,starget=150,pidrate=149,pref=273,ppos=258,bi=0,ball=931,vball=236,bref=-500,line=0,mask=00,bu=0,bd=0,oled=3C
[  27186] t=39095,state=2,mode=1,fault=0,seq=2,vl=0,vr=0,pwl=0,pwr=0,actenc=323,dactenc=-3,srate=-400,starget=-400,pidrate=-400,pref=207,ppos=249,bi=0,ball=907,vball=-93,bref=-500,line=0,mask=00,bu=0,bd=0,oled=3C
[  27296] t=39195,state=2,mode=1,fault=0,seq=2,vl=0,vr=0,pwl=0,pwr=0,actenc=272,dactenc=-2,srate=-400,starget=-400,pidrate=-400,pref=126,ppos=209,bi=0,ball=845,vball=-462,bref=-500,line=0,mask=00,bu=0,bd=0,oled=3C
[  27389] t=39295,state=2,mode=1,fault=0,seq=2,vl=0,vr=0,pwl=0,pwr=0,actenc=220,dactenc=-3,srate=-400,starget=-400,pidrate=-400,pref=45,ppos=169,bi=0,ball=748,vball=-809,bref=-500,line=0,mask=00,bu=0,bd=0,oled=3C
[  27483] t=39395,state=2,mode=1,fault=0,seq=2,vl=0,vr=0,pwl=0,pwr=0,actenc=169,dactenc=-2,srate=-400,starget=-400,pidrate=-400,pref=-16,ppos=129,bi=0,ball=631,vball=-1049,bref=-500,line=0,mask=00,bu=0,bd=0,oled=3C
[  27593] t=39495,state=2,mode=1,fault=0,seq=2,vl=0,vr=0,pwl=0,pwr=0,actenc=117,dactenc=-3,srate=-400,starget=-400,pidrate=-400,pref=-73,ppos=89,bi=0,ball=496,vball=-1251,bref=-500,line=0,mask=00,bu=0,bd=0,oled=3C
[  27686] t=39595,state=2,mode=1,fault=0,seq=2,vl=0,vr=0,pwl=0,pwr=0,actenc=65,dactenc=-3,srate=-400,starget=-400,pidrate=-400,pref=-110,ppos=49,bi=0,ball=356,vball=-1353,bref=-500,line=0,mask=00,bu=0,bd=0,oled=3C
[  27796] t=39695,state=2,mode=1,fault=0,seq=2,vl=0,vr=0,pwl=0,pwr=0,actenc=13,dactenc=-2,srate=-400,starget=-400,pidrate=-400,pref=-127,ppos=9,bi=0,ball=220,vball=-1358,bref=-500,line=0,mask=00,bu=0,bd=0,oled=3C
[  27889] t=39795,state=2,mode=1,fault=0,seq=2,vl=0,vr=0,pwl=0,pwr=0,actenc=-37,dactenc=-2,srate=-400,starget=-400,pidrate=-400,pref=-124,ppos=-30,bi=0,ball=117,vball=-1278,bref=-500,line=0,mask=00,bu=0,bd=0,oled=3C
[  27983] t=39895,state=2,mode=1,fault=0,seq=2,vl=0,vr=0,pwl=0,pwr=0,actenc=-89,dactenc=-3,srate=-400,starget=-400,pidrate=-400,pref=-190,ppos=-70,bi=0,ball=-46,vball=-1513,bref=-500,line=0,mask=00,bu=0,bd=0,oled=3C
[  28093] t=39995,state=2,mode=1,fault=0,seq=2,vl=0,vr=0,pwl=0,pwr=0,actenc=-139,dactenc=-3,srate=-370,starget=-370,pidrate=-370,pref=-147,ppos=-110,bi=0,ball=-159,vball=-1227,bref=-500,line=0,mask=00,bu=0,bd=0,oled=3C
[  28186] t=40095,state=2,mode=1,fault=0,seq=2,vl=0,vr=0,pwl=0,pwr=0,actenc=-157,dactenc=0,srate=102,starget=102,pidrate=102,pref=-113,ppos=-123,bi=0,ball=-251,vball=-1004,bref=-500,line=0,mask=00,bu=0,bd=0,oled=3C
[  28296] t=40195,state=2,mode=1,fault=0,seq=2,vl=0,vr=0,pwl=0,pwr=0,actenc=-164,dactenc=-2,srate=-400,starget=-400,pidrate=-400,pref=-171,ppos=-130,bi=0,ball=-327,vball=-829,bref=-500,line=0,mask=00,bu=0,bd=0,oled=3C
[  28389] t=40295,state=2,mode=1,fault=0,seq=2,vl=0,vr=0,pwl=0,pwr=0,actenc=-181,dactenc=2,srate=206,starget=206,pidrate=206,pref=-123,ppos=-143,bi=0,ball=-372,vball=-559,bref=-500,line=0,mask=00,bu=0,bd=0,oled=3C
[  28483] t=40395,state=2,mode=1,fault=0,seq=2,vl=0,vr=0,pwl=0,pwr=0,actenc=-148,dactenc=3,srate=400,starget=400,pidrate=400,pref=-76,ppos=-116,bi=0,ball=-394,vball=-313,bref=-500,line=0,mask=00,bu=0,bd=0,oled=3C
[  28593] t=40495,state=2,mode=1,fault=0,seq=2,vl=0,vr=0,pwl=0,pwr=0,actenc=-98,dactenc=2,srate=400,starget=400,pidrate=400,pref=-34,ppos=-77,bi=0,ball=-393,vball=-103,bref=-500,line=0,mask=00,bu=0,bd=0,oled=3C
[  28686] t=40595,state=2,mode=1,fault=0,seq=2,vl=0,vr=0,pwl=0,pwr=0,actenc=-47,dactenc=3,srate=400,starget=400,pidrate=400,pref=11,ppos=-37,bi=0,ball=-371,vball=113,bref=-500,line=0,mask=00,bu=0,bd=0,oled=3C
[  28796] t=40695,state=2,mode=1,fault=0,seq=2,vl=0,vr=0,pwl=0,pwr=0,actenc=4,dactenc=3,srate=400,starget=400,pidrate=400,pref=53,ppos=2,bi=0,ball=-332,vball=300,bref=-500,line=0,mask=00,bu=0,bd=0,oled=3C
[  28889] t=40795,state=2,mode=1,fault=0,seq=2,vl=0,vr=0,pwl=0,pwr=0,actenc=55,dactenc=2,srate=400,starget=400,pidrate=400,pref=167,ppos=42,bi=0,ball=-283,vball=422,bref=-500,line=0,mask=00,bu=0,bd=0,oled=3C
[  28983] t=40895,state=2,mode=1,fault=0,seq=2,vl=0,vr=0,pwl=0,pwr=0,actenc=107,dactenc=3,srate=400,starget=400,pidrate=400,pref=180,ppos=82,bi=0,ball=-234,vball=454,bref=-500,line=0,mask=00,bu=0,bd=0,oled=3C
[  29093] t=40995,state=2,mode=1,fault=0,seq=2,vl=0,vr=0,pwl=0,pwr=0,actenc=159,dactenc=3,srate=400,starget=400,pidrate=400,pref=190,ppos=122,bi=0,ball=-184,vball=476,bref=-500,line=0,mask=00,bu=0,bd=0,oled=3C
[  29186] t=41095,state=2,mode=1,fault=0,seq=2,vl=0,vr=0,pwl=0,pwr=0,actenc=211,dactenc=3,srate=364,starget=364,pidrate=363,pref=198,ppos=162,bi=0,ball=-135,vball=486,bref=-500,line=0,mask=00,bu=0,bd=0,oled=3C
[  29296] t=41195,state=2,mode=1,fault=0,seq=2,vl=0,vr=0,pwl=0,pwr=0,actenc=228,dactenc=0,srate=35,starget=35,pidrate=34,pref=179,ppos=176,bi=0,ball=-104,vball=374,bref=-500,line=0,mask=00,bu=0,bd=0,oled=3C
[  29389] t=41295,state=2,mode=1,fault=0,seq=2,vl=0,vr=0,pwl=0,pwr=0,actenc=223,dactenc=-2,srate=-176,starget=-176,pidrate=-175,pref=153,ppos=170,bi=0,ball=-86,vball=230,bref=-500,line=0,mask=00,bu=0,bd=0,oled=3C
[  29483] t=41395,state=2,mode=1,fault=0,seq=2,vl=0,vr=0,pwl=0,pwr=0,actenc=198,dactenc=-2,srate=-304,starget=-304,pidrate=-303,pref=120,ppos=150,bi=0,ball=-86,vball=66,bref=-500,line=0,mask=00,bu=0,bd=0,oled=3C
[  29593] t=41495,state=2,mode=1,fault=0,seq=2,vl=0,vr=0,pwl=0,pwr=0,actenc=166,dactenc=-1,srate=-178,starget=-178,pidrate=-177,pref=108,ppos=125,bi=0,ball=-89,vball=6,bref=-500,line=0,mask=00,bu=0,bd=0,oled=3C
[  29686] t=41595,state=2,mode=1,fault=0,seq=2,vl=0,vr=0,pwl=0,pwr=0,actenc=141,dactenc=-2,srate=-246,starget=-246,pidrate=-245,pref=82,ppos=107,bi=0,ball=-106,vball=-111,bref=-500,line=0,mask=00,bu=0,bd=0,oled=3C
[  29796] t=41695,state=2,mode=1,fault=0,seq=2,vl=0,vr=0,pwl=0,pwr=0,actenc=107,dactenc=-1,srate=-195,starget=-195,pidrate=-194,pref=61,ppos=80,bi=0,ball=-132,vball=-200,bref=-500,line=0,mask=00,bu=0,bd=0,oled=3C
[  29889] t=41795,state=2,mode=1,fault=0,seq=2,vl=0,vr=0,pwl=0,pwr=0,actenc=88,dactenc=-1,srate=-128,starget=-128,pidrate=-128,pref=52,ppos=65,bi=0,ball=-157,vball=-229,bref=-500,line=0,mask=00,bu=0,bd=0,oled=3C
[  29983] t=41895,state=2,mode=1,fault=0,seq=2,vl=0,vr=0,pwl=0,pwr=0,actenc=78,dactenc=0,srate=-32,starget=-32,pidrate=-31,pref=55,ppos=58,bi=0,ball=-176,vball=-202,bref=-500,line=0,mask=00,bu=0,bd=0,oled=3C
[  30093] t=41995,state=2,mode=1,fault=0,seq=2,vl=0,vr=0,pwl=0,pwr=0,actenc=77,dactenc=0,srate=52,starget=52,pidrate=52,pref=63,ppos=58,bi=0,ball=-189,vball=-154,bref=-500,line=0,mask=00,bu=0,bd=0,oled=3C
[  30186] t=42095,state=2,mode=1,fault=0,seq=2,vl=0,vr=0,pwl=0,pwr=0,actenc=83,dactenc=-1,srate=0,starget=0,pidrate=0,pref=62,ppos=63,bi=0,ball=-203,vball=-151,bref=-500,line=0,mask=00,bu=0,bd=0,oled=3C
[  30296] t=42195,state=2,mode=1,fault=0,seq=2,vl=0,vr=0,pwl=0,pwr=0,actenc=82,dactenc=0,srate=0,starget=0,pidrate=0,pref=63,ppos=62,bi=0,ball=-217,vball=-141,bref=-500,line=0,mask=00,bu=0,bd=0,oled=3C
[  30389] t=42295,state=4,mode=1,fault=4,seq=0,vl=0,vr=0,pwl=0,pwr=0,actenc=69,dactenc=0,srate=0,starget=0,pidrate=0,pref=63,ppos=63,bi=0,ball=-223,vball=-83,bref=-500,line=0,mask=00,bu=0,bd=0,oled=3C
[  30483] t=42395,state=4,mode=1,fault=4,seq=0,vl=0,vr=0,pwl=0,pwr=0,actenc=69,dactenc=0,srate=0,starget=0,pidrate=0,pref=63,ppos=63,bi=0,ball=-236,vball=-124,bref=-500,line=0,mask=00,bu=0,bd=0,oled=3C
[  30593] t=42495,state=4,mode=1,fault=4,seq=0,vl=0,vr=0,pwl=0,pwr=0,actenc=69,dactenc=0,srate=0,starget=0,pidrate=0,pref=63,ppos=63,bi=0,ball=-227,vball=8,bref=-500,line=0,mask=00,bu=0,bd=0,oled=3C
[  30686] t=42595,state=4,mode=1,fault=4,seq=0,vl=0,vr=0,pwl=0,pwr=0,actenc=69,dactenc=0,srate=0,starget=0,pidrate=0,pref=63,ppos=63,bi=0,ball=-226,vball=3,bref=-500,line=0,mask=00,bu=0,bd=0,oled=3C
[  30796] t=42695,state=4,mode=1,fault=4,seq=0,vl=0,vr=0,pwl=0,pwr=0,actenc=69,dactenc=0,srate=0,starget=0,pidrate=0,pref=63,ppos=63,bi=0,ball=-227,vball=0,bref=-500,line=0,mask=00,bu=0,bd=0,oled=3C
[  30889] t=42795,state=4,mode=1,fault=4,seq=0,vl=0,vr=0,pwl=0,pwr=0,actenc=69,dactenc=0,srate=0,starget=0,pidrate=0,pref=63,ppos=63,bi=0,ball=-227,vball=1,bref=-500,line=0,mask=00,bu=0,bd=0,oled=3C
[  30983] t=42895,state=4,mode=1,fault=4,seq=0,vl=0,vr=0,pwl=0,pwr=0,actenc=69,dactenc=0,srate=0,starget=0,pidrate=0,pref=63,ppos=63,bi=0,ball=-227,vball=0,bref=-500,line=0,mask=00,bu=0,bd=0,oled=3C
[  31093] t=42995,state=4,mode=1,fault=4,seq=0,vl=0,vr=0,pwl=0,pwr=0,actenc=69,dactenc=0,srate=0,starget=0,pidrate=0,pref=63,ppos=63,bi=0,ball=-227,vball=-3,bref=-500,line=0,mask=00,bu=0,bd=0,oled=3C
[  31186] t=43095,state=4,mode=1,fault=4,seq=0,vl=0,vr=0,pwl=0,pwr=0,actenc=69,dactenc=0,srate=0,starget=0,pidrate=0,pref=63,ppos=63,bi=0,ball=-224,vball=22,bref=-500,line=0,mask=00,bu=0,bd=0,oled=3C
[  31296] t=43195,state=4,mode=1,fault=4,seq=0,vl=0,vr=0,pwl=0,pwr=0,actenc=69,dactenc=0,srate=0,starget=0,pidrate=0,pref=63,ppos=63,bi=0,ball=-224,vball=7,bref=-500,line=0,mask=00,bu=0,bd=0,oled=3C
[  31389] t=43295,state=4,mode=1,fault=4,seq=0,vl=0,vr=0,pwl=0,pwr=0,actenc=69,dactenc=0,srate=0,starget=0,pidrate=0,pref=63,ppos=63,bi=0,ball=-231,vball=-34,bref=-500,line=0,mask=00,bu=0,bd=0,oled=3C
[  31483] t=43395,state=4,mode=1,fault=4,seq=0,vl=0,vr=0,pwl=0,pwr=0,actenc=69,dactenc=0,srate=0,starget=0,pidrate=0,pref=63,ppos=63,bi=0,ball=-229,vball=3,bref=-500,line=0,mask=00,bu=0,bd=0,oled=3C
[  31593] t=43495,state=4,mode=1,fault=4,seq=0,vl=0,vr=0,pwl=0,pwr=0,actenc=69,dactenc=0,srate=0,starget=0,pidrate=0,pref=63,ppos=63,bi=0,ball=-231,vball=-9,bref=-500,line=0,mask=00,bu=0,bd=0,oled=3C
[  31686] t=43595,state=4,mode=1,fault=4,seq=0,vl=0,vr=0,pwl=0,pwr=0,actenc=69,dactenc=0,srate=0,starget=0,pidrate=0,pref=63,ppos=63,bi=0,ball=-227,vball=20,bref=-500,line=0,mask=00,bu=0,bd=0,oled=3C
[  31796] t=43695,state=4,mode=1,fault=4,seq=0,vl=0,vr=0,pwl=0,pwr=0,actenc=69,dactenc=0,srate=0,starget=0,pidrate=0,pref=63,ppos=63,bi=0,ball=-231,vball=-17,bref=-500,line=0,mask=00,bu=0,bd=0,oled=3C
[  31889] t=43795,state=4,mode=1,fault=4,seq=0,vl=0,vr=0,pwl=0,pwr=0,actenc=69,dactenc=0,srate=0,starget=0,pidrate=0,pref=63,ppos=63,bi=0,ball=-231,vball=-7,bref=-500,line=0,mask=00,bu=0,bd=0,oled=3C
[  31983] t=43895,state=4,mode=1,fault=4,seq=0,vl=0,vr=0,pwl=0,pwr=0,actenc=69,dactenc=0,srate=0,starget=0,pidrate=0,pref=63,ppos=63,bi=0,ball=-232,vball=-3,bref=-500,line=0,mask=00,bu=0,bd=0,oled=3C
[  32093] t=43995,state=4,mode=1,fault=4,seq=0,vl=0,vr=0,pwl=0,pwr=0,actenc=69,dactenc=0,srate=0,starget=0,pidrate=0,pref=63,ppos=63,bi=0,ball=-231,vball=6,bref=-500,line=0,mask=00,bu=0,bd=0,oled=3C
[  32186] t=44095,state=4,mode=1,fault=4,seq=0,vl=0,vr=0,pwl=0,pwr=0,actenc=69,dactenc=0,srate=0,starget=0,pidrate=0,pref=63,ppos=63,bi=0,ball=-231,vball=1,bref=-500,line=0,mask=00,bu=0,bd=0,oled=3C
[  32296] t=44195,state=4,mode=1,fault=4,seq=0,vl=0,vr=0,pwl=0,pwr=0,actenc=69,dactenc=0,srate=0,starget=0,pidrate=0,pref=63,ppos=63,bi=0,ball=-231,vball=0,bref=-500,line=0,mask=00,bu=0,bd=0,oled=3C
[  32389] t=44295,state=4,mode=1,fault=4,seq=0,vl=0,vr=0,pwl=0,pwr=0,actenc=69,dactenc=0,srate=0,starget=0,pidrate=0,pref=63,ppos=63,bi=0,ball=-231,vball=0,bref=-500,line=0,mask=00,bu=0,bd=0,oled=3C
[  32483] t=44395,state=4,mode=1,fault=4,seq=0,vl=0,vr=0,pwl=0,pwr=0,actenc=69,dactenc=0,srate=0,starget=0,pidrate=0,pref=63,ppos=63,bi=0,ball=-231,vball=0,bref=-500,line=0,mask=00,bu=0,bd=0,oled=3C
[  32593] t=44495,state=4,mode=1,fault=4,seq=0,vl=0,vr=0,pwl=0,pwr=0,actenc=69,dactenc=0,srate=0,starget=0,pidrate=0,pref=63,ppos=63,bi=0,ball=-231,vball=0,bref=-500,line=0,mask=00,bu=0,bd=0,oled=3C
[  32686] t=44595,state=4,mode=1,fault=4,seq=0,vl=0,vr=0,pwl=0,pwr=0,actenc=69,dactenc=0,srate=0,starget=0,pidrate=0,pref=63,ppos=63,bi=0,ball=-231,vball=0,bref=-500,line=0,mask=00,bu=0,bd=0,oled=3C
[  32796] t=44695,state=4,mode=1,fault=4,seq=0,vl=0,vr=0,pwl=0,pwr=0,actenc=69,dactenc=0,srate=0,starget=0,pidrate=0,pref=63,ppos=63,bi=0,ball=-231,vball=0,bref=-500,line=0,mask=00,bu=0,bd=0,oled=3C
[  32889] t=44795,state=4,mode=1,fault=4,seq=0,vl=0,vr=0,pwl=0,pwr=0,actenc=69,dactenc=0,srate=0,starget=0,pidrate=0,pref=63,ppos=63,bi=0,ball=-232,vball=-5,bref=-500,line=0,mask=00,bu=0,bd=0,oled=3C
[  32983] t=44895,state=4,mode=1,fault=4,seq=0,vl=0,vr=0,pwl=0,pwr=0,actenc=69,dactenc=0,srate=0,starget=0,pidrate=0,pref=63,ppos=63,bi=0,ball=-232,vball=-5,bref=-500,line=0,mask=00,bu=0,bd=0,oled=3C
[  33093] t=44995,state=4,mode=1,fault=4,seq=0,vl=0,vr=0,pwl=0,pwr=0,actenc=69,dactenc=0,srate=0,starget=0,pidrate=0,pref=63,ppos=63,bi=0,ball=-231,vball=7,bref=-500,line=0,mask=00,bu=0,bd=0,oled=3C
[  33186] t=45095,state=4,mode=1,fault=4,seq=0,vl=0,vr=0,pwl=0,pwr=0,actenc=69,dactenc=0,srate=0,starget=0,pidrate=0,pref=63,ppos=63,bi=0,ball=-226,vball=28,bref=-500,line=0,mask=00,bu=0,bd=0,oled=3C
[  33296] t=45195,state=4,mode=1,fault=4,seq=0,vl=0,vr=0,pwl=0,pwr=0,actenc=69,dactenc=0,srate=0,starget=0,pidrate=0,pref=63,ppos=63,bi=0,ball=-230,vball=-20,bref=-500,line=0,mask=00,bu=0,bd=0,oled=3C
[  33389] t=45295,state=4,mode=1,fault=4,seq=0,vl=0,vr=0,pwl=0,pwr=0,actenc=69,dactenc=0,srate=0,starget=0,pidrate=0,pref=63,ppos=63,bi=0,ball=-231,vball=-13,bref=-500,line=0,mask=00,bu=0,bd=0,oled=3C
[  33483] t=45395,state=4,mode=1,fault=4,seq=0,vl=0,vr=0,pwl=0,pwr=0,actenc=69,dactenc=0,srate=0,starget=0,pidrate=0,pref=63,ppos=63,bi=0,ball=-227,vball=23,bref=-500,line=0,mask=00,bu=0,bd=0,oled=3C
[  33593] t=45495,state=4,mode=1,fault=4,seq=0,vl=0,vr=0,pwl=0,pwr=0,actenc=69,dactenc=0,srate=0,starget=0,pidrate=0,pref=63,ppos=63,bi=0,ball=-229,vball=-10,bref=-500,line=0,mask=00,bu=0,bd=0,oled=3C
[  33686] t=45595,state=4,mode=1,fault=4,seq=0,vl=0,vr=0,pwl=0,pwr=0,actenc=69,dactenc=0,srate=0,starget=0,pidrate=0,pref=63,ppos=63,bi=0,ball=-229,vball=-11,bref=-500,line=0,mask=00,bu=0,bd=0,oled=3C
[  33796] t=45695,state=4,mode=1,fault=4,seq=0,vl=0,vr=0,pwl=0,pwr=0,actenc=69,dactenc=0,srate=0,starget=0,pidrate=0,pref=63,ppos=63,bi=0,ball=-231,vball=-15,bref=-500,line=0,mask=00,bu=0,bd=0,oled=3C
[  33889] t=45795,state=4,mode=1,fault=4,seq=0,vl=0,vr=0,pwl=0,pwr=0,actenc=69,dactenc=0,srate=0,starget=0,pidrate=0,pref=63,ppos=63,bi=0,ball=-231,vball=0,bref=-500,line=0,mask=00,bu=0,bd=0,oled=3C
[  33983] t=45895,state=4,mode=1,fault=4,seq=0,vl=0,vr=0,pwl=0,pwr=0,actenc=69,dactenc=0,srate=0,starget=0,pidrate=0,pref=63,ppos=63,bi=0,ball=-231,vball=1,bref=-500,line=0,mask=00,bu=0,bd=0,oled=3C
[  34093] t=45995,state=4,mode=1,fault=4,seq=0,vl=0,vr=0,pwl=0,pwr=0,actenc=69,dactenc=0,srate=0,starget=0,pidrate=0,pref=63,ppos=63,bi=0,ball=-231,vball=0,bref=-500,line=0,mask=00,bu=0,bd=0,oled=3C
[  34186] t=46095,state=4,mode=1,fault=4,seq=0,vl=0,vr=0,pwl=0,pwr=0,actenc=69,dactenc=0,srate=0,starget=0,pidrate=0,pref=63,ppos=63,bi=0,ball=-231,vball=0,bref=-500,line=0,mask=00,bu=0,bd=0,oled=3C
[  34296] t=46195,state=4,mode=1,fault=4,seq=0,vl=0,vr=0,pwl=0,pwr=0,actenc=69,dactenc=0,srate=0,starget=0,pidrate=0,pref=63,ppos=63,bi=0,ball=-231,vball=0,bref=-500,line=0,mask=00,bu=0,bd=0,oled=3C
[  34389] t=46295,state=4,mode=1,fault=4,seq=0,vl=0,vr=0,pwl=0,pwr=0,actenc=69,dactenc=0,srate=0,starget=0,pidrate=0,pref=63,ppos=63,bi=0,ball=-231,vball=0,bref=-500,line=0,mask=00,bu=0,bd=0,oled=3C
[  34483] t=46395,state=4,mode=1,fault=4,seq=0,vl=0,vr=0,pwl=0,pwr=0,actenc=69,dactenc=0,srate=0,starget=0,pidrate=0,pref=63,ppos=63,bi=0,ball=-230,vball=-6,bref=-500,line=0,mask=00,bu=0,bd=0,oled=3C
[  34593] t=46495,state=4,mode=1,fault=4,seq=0,vl=0,vr=0,pwl=0,pwr=0,actenc=69,dactenc=0,srate=0,starget=0,pidrate=0,pref=63,ppos=63,bi=0,ball=-224,vball=44,bref=-500,line=0,mask=00,bu=0,bd=0,oled=3C
[  34686] t=46595,state=4,mode=1,fault=4,seq=0,vl=0,vr=0,pwl=0,pwr=0,actenc=69,dactenc=0,srate=0,starget=0,pidrate=0,pref=63,ppos=63,bi=0,ball=-231,vball=-26,bref=-500,line=0,mask=00,bu=0,bd=0,oled=3C
[  34796] t=46695,state=4,mode=1,fault=4,seq=0,vl=0,vr=0,pwl=0,pwr=0,actenc=69,dactenc=0,srate=0,starget=0,pidrate=0,pref=63,ppos=63,bi=0,ball=-231,vball=-9,bref=-500,line=0,mask=00,bu=0,bd=0,oled=3C
[  34889] t=46795,state=4,mode=1,fault=4,seq=0,vl=0,vr=0,pwl=0,pwr=0,actenc=69,dactenc=0,srate=0,starget=0,pidrate=0,pref=63,ppos=63,bi=0,ball=-231,vball=-2,bref=-500,line=0,mask=00,bu=0,bd=0,oled=3C
[  35000] t=46895,state=4,mode=1,fault=4,seq=0,vl=0,vr=0,pwl=0,pwr=0,actenc=69,dactenc=0,srate=0,starget=0,pidrate=0,pref=63,ppos=63,bi=0,ball=-227,vball=29,bref=-500,line=0,mask=00,bu=0,bd=0,oled=3C
[  35093] t=46995,state=4,mode=1,fault=4,seq=0,vl=0,vr=0,pwl=0,pwr=0,actenc=69,dactenc=0,srate=0,starget=0,pidrate=0,pref=63,ppos=63,bi=0,ball=-226,vball=15,bref=-500,line=0,mask=00,bu=0,bd=0,oled=3C
[  35186] t=47095,state=4,mode=1,fault=4,seq=0,vl=0,vr=0,pwl=0,pwr=0,actenc=69,dactenc=0,srate=0,starget=0,pidrate=0,pref=63,ppos=63,bi=0,ball=-226,vball=4,bref=-500,line=0,mask=00,bu=0,bd=0,oled=3C
[  35296] t=47195,state=4,mode=1,fault=4,seq=0,vl=0,vr=0,pwl=0,pwr=0,actenc=69,dactenc=0,srate=0,starget=0,pidrate=0,pref=63,ppos=63,bi=0,ball=-226,vball=0,bref=-500,line=0,mask=00,bu=0,bd=0,oled=3C
[  35389] t=47295,state=4,mode=1,fault=4,seq=0,vl=0,vr=0,pwl=0,pwr=0,actenc=69,dactenc=0,srate=0,starget=0,pidrate=0,pref=63,ppos=63,bi=0,ball=-231,vball=-30,bref=-500,line=0,mask=00,bu=0,bd=0,oled=3C
[  35483] t=47395,state=4,mode=1,fault=4,seq=0,vl=0,vr=0,pwl=0,pwr=0,actenc=69,dactenc=0,srate=0,starget=0,pidrate=0,pref=63,ppos=63,bi=0,ball=-231,vball=-10,bref=-500,line=0,mask=00,bu=0,bd=0,oled=3C
[  35593] t=47495,state=4,mode=1,fault=4,seq=0,vl=0,vr=0,pwl=0,pwr=0,actenc=69,dactenc=0,srate=0,starget=0,pidrate=0,pref=63,ppos=63,bi=0,ball=-231,vball=-2,bref=-500,line=0,mask=00,bu=0,bd=0,oled=3C
[  35686] t=47595,state=4,mode=1,fault=4,seq=0,vl=0,vr=0,pwl=0,pwr=0,actenc=69,dactenc=0,srate=0,starget=0,pidrate=0,pref=63,ppos=63,bi=0,ball=-227,vball=16,bref=-500,line=0,mask=00,bu=0,bd=0,oled=3C
[  35796] t=47695,state=4,mode=1,fault=4,seq=0,vl=0,vr=0,pwl=0,pwr=0,actenc=69,dactenc=0,srate=0,starget=0,pidrate=0,pref=63,ppos=63,bi=0,ball=-227,vball=7,bref=-500,line=0,mask=00,bu=0,bd=0,oled=3C
[  35889] t=47795,state=4,mode=1,fault=4,seq=0,vl=0,vr=0,pwl=0,pwr=0,actenc=69,dactenc=0,srate=0,starget=0,pidrate=0,pref=63,ppos=63,bi=0,ball=-227,vball=0,bref=-500,line=0,mask=00,bu=0,bd=0,oled=3C
[  36000] t=47895,state=4,mode=1,fault=4,seq=0,vl=0,vr=0,pwl=0,pwr=0,actenc=69,dactenc=0,srate=0,starget=0,pidrate=0,pref=63,ppos=63,bi=0,ball=-227,vball=0,bref=-500,line=0,mask=00,bu=0,bd=0,oled=3C
[  36093] t=47995,state=4,mode=1,fault=4,seq=0,vl=0,vr=0,pwl=0,pwr=0,actenc=69,dactenc=0,srate=0,starget=0,pidrate=0,pref=63,ppos=63,bi=0,ball=-227,vball=0,bref=-500,line=0,mask=00,bu=0,bd=0,oled=3C
[  36186] t=48095,state=4,mode=1,fault=4,seq=0,vl=0,vr=0,pwl=0,pwr=0,actenc=69,dactenc=0,srate=0,starget=0,pidrate=0,pref=63,ppos=63,bi=0,ball=-227,vball=0,bref=-500,line=0,mask=00,bu=0,bd=0,oled=3C
[  36296] t=48195,state=4,mode=1,fault=4,seq=0,vl=0,vr=0,pwl=0,pwr=0,actenc=69,dactenc=0,srate=0,starget=0,pidrate=0,pref=63,ppos=63,bi=0,ball=-227,vball=0,bref=-500,line=0,mask=00,bu=0,bd=0,oled=3C
[  36389] t=48295,state=4,mode=1,fault=4,seq=0,vl=0,vr=0,pwl=0,pwr=0,actenc=69,dactenc=0,srate=0,starget=0,pidrate=0,pref=63,ppos=63,bi=0,ball=-231,vball=-20,bref=-500,line=0,mask=00,bu=0,bd=0,oled=3C
[  36500] t=48395,state=4,mode=1,fault=4,seq=0,vl=0,vr=0,pwl=0,pwr=0,actenc=69,dactenc=0,srate=0,starget=0,pidrate=0,pref=63,ppos=63,bi=0,ball=-231,vball=-5,bref=-500,line=0,mask=00,bu=0,bd=0,oled=3C
[  36593] t=48495,state=4,mode=1,fault=4,seq=0,vl=0,vr=0,pwl=0,pwr=0,actenc=69,dactenc=0,srate=0,starget=0,pidrate=0,pref=63,ppos=63,bi=0,ball=-231,vball=-1,bref=-500,line=0,mask=00,bu=0,bd=0,oled=3C
[  36686] t=48595,state=4,mode=1,fault=4,seq=0,vl=0,vr=0,pwl=0,pwr=0,actenc=69,dactenc=0,srate=0,starget=0,pidrate=0,pref=63,ppos=63,bi=0,ball=-231,vball=0,bref=-500,line=0,mask=00,bu=0,bd=0,oled=3C
[  36796] t=48695,state=4,mode=1,fault=4,seq=0,vl=0,vr=0,pwl=0,pwr=0,actenc=69,dactenc=0,srate=0,starget=0,pidrate=0,pref=63,ppos=63,bi=0,ball=-228,vball=26,bref=-500,line=0,mask=00,bu=0,bd=0,oled=3C
[  36889] t=48795,state=4,mode=1,fault=4,seq=0,vl=0,vr=0,pwl=0,pwr=0,actenc=69,dactenc=0,srate=0,starget=0,pidrate=0,pref=63,ppos=63,bi=0,ball=-230,vball=-13,bref=-500,line=0,mask=00,bu=0,bd=0,oled=3C
[  37000] t=48895,state=4,mode=1,fault=4,seq=0,vl=0,vr=0,pwl=0,pwr=0,actenc=69,dactenc=0,srate=0,starget=0,pidrate=0,pref=63,ppos=63,bi=0,ball=-231,vball=-11,bref=-500,line=0,mask=00,bu=0,bd=0,oled=3C
[  37093] t=48995,state=4,mode=1,fault=4,seq=0,vl=0,vr=0,pwl=0,pwr=0,actenc=69,dactenc=0,srate=0,starget=0,pidrate=0,pref=63,ppos=63,bi=0,ball=-231,vball=-3,bref=-500,line=0,mask=00,bu=0,bd=0,oled=3C
[  37186] t=49095,state=4,mode=1,fault=4,seq=0,vl=0,vr=0,pwl=0,pwr=0,actenc=69,dactenc=0,srate=0,starget=0,pidrate=0,pref=63,ppos=63,bi=0,ball=-231,vball=0,bref=-500,line=0,mask=00,bu=0,bd=0,oled=3C
[  37296] t=49195,state=4,mode=1,fault=4,seq=0,vl=0,vr=0,pwl=0,pwr=0,actenc=69,dactenc=0,srate=0,starget=0,pidrate=0,pref=63,ppos=63,bi=0,ball=-231,vball=0,bref=-500,line=0,mask=00,bu=0,bd=0,oled=3C
[  37389] t=49295,state=4,mode=1,fault=4,seq=0,vl=0,vr=0,pwl=0,pwr=0,actenc=69,dactenc=0,srate=0,starget=0,pidrate=0,pref=63,ppos=63,bi=0,ball=-232,vball=-8,bref=-500,line=0,mask=00,bu=0,bd=0,oled=3C
[  37500] t=49395,state=4,mode=1,fault=4,seq=0,vl=0,vr=0,pwl=0,pwr=0,actenc=69,dactenc=0,srate=0,starget=0,pidrate=0,pref=63,ppos=63,bi=0,ball=-232,vball=-3,bref=-500,line=0,mask=00,bu=0,bd=0,oled=3C
[  37593] t=49495,state=4,mode=1,fault=4,seq=0,vl=0,vr=0,pwl=0,pwr=0,actenc=69,dactenc=0,srate=0,starget=0,pidrate=0,pref=63,ppos=63,bi=0,ball=-231,vball=7,bref=-500,line=0,mask=00,bu=0,bd=0,oled=3C
[  37686] t=49595,state=4,mode=1,fault=4,seq=0,vl=0,vr=0,pwl=0,pwr=0,actenc=69,dactenc=0,srate=0,starget=0,pidrate=0,pref=63,ppos=63,bi=0,ball=-231,vball=3,bref=-500,line=0,mask=00,bu=0,bd=0,oled=3C
[  37796] t=49695,state=4,mode=1,fault=4,seq=0,vl=0,vr=0,pwl=0,pwr=0,actenc=69,dactenc=0,srate=0,starget=0,pidrate=0,pref=63,ppos=63,bi=0,ball=-227,vball=21,bref=-500,line=0,mask=00,bu=0,bd=0,oled=3C
[  37889] t=49795,state=4,mode=1,fault=4,seq=0,vl=0,vr=0,pwl=0,pwr=0,actenc=69,dactenc=0,srate=0,starget=0,pidrate=0,pref=63,ppos=63,bi=0,ball=-227,vball=6,bref=-500,line=0,mask=00,bu=0,bd=0,oled=3C
[  38000] t=49895,state=4,mode=1,fault=4,seq=0,vl=0,vr=0,pwl=0,pwr=0,actenc=69,dactenc=0,srate=0,starget=0,pidrate=0,pref=63,ppos=63,bi=0,ball=-227,vball=4,bref=-500,line=0,mask=00,bu=0,bd=0,oled=3C
[  38093] t=49995,state=4,mode=1,fault=4,seq=0,vl=0,vr=0,pwl=0,pwr=0,actenc=69,dactenc=0,srate=0,starget=0,pidrate=0,pref=63,ppos=63,bi=0,ball=-227,vball=1,bref=-500,line=0,mask=00,bu=0,bd=0,oled=3C
[  38186] t=50095,state=4,mode=1,fault=4,seq=0,vl=0,vr=0,pwl=0,pwr=0,actenc=69,dactenc=0,srate=0,starget=0,pidrate=0,pref=63,ppos=63,bi=0,ball=-227,vball=0,bref=-500,line=0,mask=00,bu=0,bd=0,oled=3C
[  38296] t=50195,state=4,mode=1,fault=4,seq=0,vl=0,vr=0,pwl=0,pwr=0,actenc=69,dactenc=0,srate=0,starget=0,pidrate=0,pref=63,ppos=63,bi=0,ball=-227,vball=0,bref=-500,line=0,mask=00,bu=0,bd=0,oled=3C
[  38389] t=50295,state=4,mode=1,fault=4,seq=0,vl=0,vr=0,pwl=0,pwr=0,actenc=69,dactenc=0,srate=0,starget=0,pidrate=0,pref=63,ppos=63,bi=0,ball=-227,vball=-2,bref=-500,line=0,mask=00,bu=0,bd=0,oled=3C
[  38500] t=50395,state=4,mode=1,fault=4,seq=0,vl=0,vr=0,pwl=0,pwr=0,actenc=69,dactenc=0,srate=0,starget=0,pidrate=0,pref=63,ppos=63,bi=0,ball=-228,vball=-5,bref=-500,line=0,mask=00,bu=0,bd=0,oled=3C
[  38593] t=50495,state=4,mode=1,fault=4,seq=0,vl=0,vr=0,pwl=0,pwr=0,actenc=69,dactenc=0,srate=0,starget=0,pidrate=0,pref=63,ppos=63,bi=0,ball=-227,vball=7,bref=-500,line=0,mask=00,bu=0,bd=0,oled=3C
[  38686] t=50595,state=4,mode=1,fault=4,seq=0,vl=0,vr=0,pwl=0,pwr=0,actenc=69,dactenc=0,srate=0,starget=0,pidrate=0,pref=63,ppos=63,bi=0,ball=-230,vball=-24,bref=-500,line=0,mask=00,bu=0,bd=0,oled=3C
[  38796] t=50695,state=4,mode=1,fault=4,seq=0,vl=0,vr=0,pwl=0,pwr=0,actenc=69,dactenc=0,srate=0,starget=0,pidrate=0,pref=63,ppos=63,bi=0,ball=-231,vball=-14,bref=-500,line=0,mask=00,bu=0,bd=0,oled=3C
[  38889] t=50795,state=4,mode=1,fault=4,seq=0,vl=0,vr=0,pwl=0,pwr=0,actenc=69,dactenc=0,srate=0,starget=0,pidrate=0,pref=63,ppos=63,bi=0,ball=-228,vball=26,bref=-500,line=0,mask=00,bu=0,bd=0,oled=3C
[  39000] t=50895,state=4,mode=1,fault=4,seq=0,vl=0,vr=0,pwl=0,pwr=0,actenc=69,dactenc=0,srate=0,starget=0,pidrate=0,pref=63,ppos=63,bi=0,ball=-229,vball=-11,bref=-500,line=0,mask=00,bu=0,bd=0,oled=3C
[  39093] t=50995,state=4,mode=1,fault=4,seq=0,vl=0,vr=0,pwl=0,pwr=0,actenc=69,dactenc=0,srate=0,starget=0,pidrate=0,pref=63,ppos=63,bi=0,ball=-227,vball=16,bref=-500,line=0,mask=00,bu=0,bd=0,oled=3C
[  39186] t=51095,state=4,mode=1,fault=4,seq=0,vl=0,vr=0,pwl=0,pwr=0,actenc=69,dactenc=0,srate=0,starget=0,pidrate=0,pref=63,ppos=63,bi=0,ball=-230,vball=-17,bref=-500,line=0,mask=00,bu=0,bd=0,oled=3C
[  39296] t=51195,state=4,mode=1,fault=4,seq=0,vl=0,vr=0,pwl=0,pwr=0,actenc=69,dactenc=0,srate=0,starget=0,pidrate=0,pref=63,ppos=63,bi=0,ball=-231,vball=-11,bref=-500,line=0,mask=00,bu=0,bd=0,oled=3C
[  39389] t=51295,state=4,mode=1,fault=4,seq=0,vl=0,vr=0,pwl=0,pwr=0,actenc=69,dactenc=0,srate=0,starget=0,pidrate=0,pref=63,ppos=63,bi=0,ball=-232,vball=-10,bref=-500,line=0,mask=00,bu=0,bd=0,oled=3C
[  39500] t=51395,state=4,mode=1,fault=4,seq=0,vl=0,vr=0,pwl=0,pwr=0,actenc=69,dactenc=0,srate=0,starget=0,pidrate=0,pref=63,ppos=63,bi=0,ball=-231,vball=3,bref=-500,line=0,mask=00,bu=0,bd=0,oled=3C
[  39593] t=51495,state=4,mode=1,fault=4,seq=0,vl=0,vr=0,pwl=0,pwr=0,actenc=69,dactenc=0,srate=0,starget=0,pidrate=0,pref=63,ppos=63,bi=0,ball=-230,vball=1,bref=-500,line=0,mask=00,bu=0,bd=0,oled=3C
[  39686] t=51595,state=4,mode=1,fault=4,seq=0,vl=0,vr=0,pwl=0,pwr=0,actenc=69,dactenc=0,srate=0,starget=0,pidrate=0,pref=63,ppos=63,bi=0,ball=-231,vball=0,bref=-500,line=0,mask=00,bu=0,bd=0,oled=3C
[  39796] t=51695,state=4,mode=1,fault=4,seq=0,vl=0,vr=0,pwl=0,pwr=0,actenc=69,dactenc=0,srate=0,starget=0,pidrate=0,pref=63,ppos=63,bi=0,ball=-231,vball=0,bref=-500,line=0,mask=00,bu=0,bd=0,oled=3C
[  39889] t=51795,state=4,mode=1,fault=4,seq=0,vl=0,vr=0,pwl=0,pwr=0,actenc=69,dactenc=0,srate=0,starget=0,pidrate=0,pref=63,ppos=63,bi=0,ball=-231,vball=0,bref=-500,line=0,mask=00,bu=0,bd=0,oled=3C
[  40000] t=51895,state=4,mode=1,fault=4,seq=0,vl=0,vr=0,pwl=0,pwr=0,actenc=69,dactenc=0,srate=0,starget=0,pidrate=0,pref=63,ppos=63,bi=0,ball=-231,vball=0,bref=-500,line=0,mask=00,bu=0,bd=0,oled=3C
[  40093] t=51995,state=4,mode=1,fault=4,seq=0,vl=0,vr=0,pwl=0,pwr=0,actenc=69,dactenc=0,srate=0,starget=0,pidrate=0,pref=63,ppos=63,bi=0,ball=-231,vball=0,bref=-500,line=0,mask=00,bu=0,bd=0,oled=3C
[  40186] t=52095,state=4,mode=1,fault=4,seq=0,vl=0,vr=0,pwl=0,pwr=0,actenc=69,dactenc=0,srate=0,starget=0,pidrate=0,pref=63,ppos=63,bi=0,ball=-226,vball=19,bref=-500,line=0,mask=00,bu=0,bd=0,oled=3C
[  40296] t=52195,state=4,mode=1,fault=4,seq=0,vl=0,vr=0,pwl=0,pwr=0,actenc=69,dactenc=0,srate=0,starget=0,pidrate=0,pref=63,ppos=63,bi=0,ball=-227,vball=5,bref=-500,line=0,mask=00,bu=0,bd=0,oled=3C
[  40389] t=52295,state=4,mode=1,fault=4,seq=0,vl=0,vr=0,pwl=0,pwr=0,actenc=69,dactenc=0,srate=0,starget=0,pidrate=0,pref=63,ppos=63,bi=0,ball=-226,vball=4,bref=-500,line=0,mask=00,bu=0,bd=0,oled=3C
[  40500] t=52395,state=4,mode=1,fault=4,seq=0,vl=0,vr=0,pwl=0,pwr=0,actenc=69,dactenc=0,srate=0,starget=0,pidrate=0,pref=63,ppos=63,bi=0,ball=-226,vball=2,bref=-500,line=0,mask=00,bu=0,bd=0,oled=3C
[  40593] t=52495,state=4,mode=1,fault=4,seq=0,vl=0,vr=0,pwl=0,pwr=0,actenc=69,dactenc=0,srate=0,starget=0,pidrate=0,pref=63,ppos=63,bi=0,ball=-227,vball=-2,bref=-500,line=0,mask=00,bu=0,bd=0,oled=3C
[  40686] t=52595,state=4,mode=1,fault=4,seq=0,vl=0,vr=0,pwl=0,pwr=0,actenc=69,dactenc=0,srate=0,starget=0,pidrate=0,pref=63,ppos=63,bi=0,ball=-227,vball=0,bref=-500,line=0,mask=00,bu=0,bd=0,oled=3C
[  40796] t=52695,state=4,mode=1,fault=4,seq=0,vl=0,vr=0,pwl=0,pwr=0,actenc=69,dactenc=0,srate=0,starget=0,pidrate=0,pref=63,ppos=63,bi=0,ball=-227,vball=0,bref=-500,line=0,mask=00,bu=0,bd=0,oled=3C
[  40889] t=52795,state=4,mode=1,fault=4,seq=0,vl=0,vr=0,pwl=0,pwr=0,actenc=69,dactenc=0,srate=0,starget=0,pidrate=0,pref=63,ppos=63,bi=0,ball=-223,vball=26,bref=-500,line=0,mask=00,bu=0,bd=0,oled=3C
[  41000] t=52895,state=4,mode=1,fault=4,seq=0,vl=0,vr=0,pwl=0,pwr=0,actenc=69,dactenc=0,srate=0,starget=0,pidrate=0,pref=63,ppos=63,bi=0,ball=-227,vball=-14,bref=-500,line=0,mask=00,bu=0,bd=0,oled=3C
[  41093] t=52995,state=4,mode=1,fault=4,seq=0,vl=0,vr=0,pwl=0,pwr=0,actenc=69,dactenc=0,srate=0,starget=0,pidrate=0,pref=63,ppos=63,bi=0,ball=-227,vball=-5,bref=-500,line=0,mask=00,bu=0,bd=0,oled=3C
[  41186] t=53095,state=4,mode=1,fault=4,seq=0,vl=0,vr=0,pwl=0,pwr=0,actenc=69,dactenc=0,srate=0,starget=0,pidrate=0,pref=63,ppos=63,bi=0,ball=-227,vball=-1,bref=-500,line=0,mask=00,bu=0,bd=0,oled=3C
[  41296] t=53195,state=4,mode=1,fault=4,seq=0,vl=0,vr=0,pwl=0,pwr=0,actenc=69,dactenc=0,srate=0,starget=0,pidrate=0,pref=63,ppos=63,bi=0,ball=-227,vball=0,bref=-500,line=0,mask=00,bu=0,bd=0,oled=3C
[  41389] t=53295,state=4,mode=1,fault=4,seq=0,vl=0,vr=0,pwl=0,pwr=0,actenc=69,dactenc=0,srate=0,starget=0,pidrate=0,pref=63,ppos=63,bi=0,ball=-227,vball=0,bref=-500,line=0,mask=00,bu=0,bd=0,oled=3C
[  41500] t=53395,state=4,mode=1,fault=4,seq=0,vl=0,vr=0,pwl=0,pwr=0,actenc=69,dactenc=0,srate=0,starget=0,pidrate=0,pref=63,ppos=63,bi=0,ball=-227,vball=0,bref=-500,line=0,mask=00,bu=0,bd=0,oled=3C
[  41593] t=53495,state=4,mode=1,fault=4,seq=0,vl=0,vr=0,pwl=0,pwr=0,actenc=69,dactenc=0,srate=0,starget=0,pidrate=0,pref=63,ppos=63,bi=0,ball=-227,vball=0,bref=-500,line=0,mask=00,bu=0,bd=0,oled=3C
[  41686] t=53595,state=4,mode=1,fault=4,seq=0,vl=0,vr=0,pwl=0,pwr=0,actenc=69,dactenc=0,srate=0,starget=0,pidrate=0,pref=63,ppos=63,bi=0,ball=-227,vball=0,bref=-500,line=0,mask=00,bu=0,bd=0,oled=3C
[  41796] t=53695,state=4,mode=1,fault=4,seq=0,vl=0,vr=0,pwl=0,pwr=0,actenc=69,dactenc=0,srate=0,starget=0,pidrate=0,pref=63,ppos=63,bi=0,ball=-227,vball=0,bref=-500,line=0,mask=00,bu=0,bd=0,oled=3C
[  41889] t=53795,state=4,mode=1,fault=4,seq=0,vl=0,vr=0,pwl=0,pwr=0,actenc=69,dactenc=0,srate=0,starget=0,pidrate=0,pref=63,ppos=63,bi=0,ball=-227,vball=0,bref=-500,line=0,mask=00,bu=0,bd=0,oled=3C
[  42000] t=53895,state=4,mode=1,fault=4,seq=0,vl=0,vr=0,pwl=0,pwr=0,actenc=69,dactenc=0,srate=0,starget=0,pidrate=0,pref=63,ppos=63,bi=0,ball=-227,vball=0,bref=-500,line=0,mask=00,bu=0,bd=0,oled=3C
[  42093] t=53995,state=4,mode=1,fault=4,seq=0,vl=0,vr=0,pwl=0,pwr=0,actenc=69,dactenc=0,srate=0,starget=0,pidrate=0,pref=63,ppos=63,bi=0,ball=-227,vball=-2,bref=-500,line=0,mask=00,bu=0,bd=0,oled=3C
[  42186] t=54095,state=4,mode=1,fault=4,seq=0,vl=0,vr=0,pwl=0,pwr=0,actenc=69,dactenc=0,srate=0,starget=0,pidrate=0,pref=63,ppos=63,bi=0,ball=-227,vball=0,bref=-500,line=0,mask=00,bu=0,bd=0,oled=3C
[  42296] t=54195,state=4,mode=1,fault=4,seq=0,vl=0,vr=0,pwl=0,pwr=0,actenc=69,dactenc=0,srate=0,starget=0,pidrate=0,pref=63,ppos=63,bi=0,ball=-227,vball=0,bref=-500,line=0,mask=00,bu=0,bd=0,oled=3C
[  42389] t=54295,state=4,mode=1,fault=4,seq=0,vl=0,vr=0,pwl=0,pwr=0,actenc=69,dactenc=0,srate=0,starget=0,pidrate=0,pref=63,ppos=63,bi=0,ball=-227,vball=0,bref=-500,line=0,mask=00,bu=0,bd=0,oled=3C
[  42500] t=54395,state=4,mode=1,fault=4,seq=0,vl=0,vr=0,pwl=0,pwr=0,actenc=69,dactenc=0,srate=0,starget=0,pidrate=0,pref=63,ppos=63,bi=0,ball=-227,vball=3,bref=-500,line=0,mask=00,bu=0,bd=0,oled=3C
[  42593] t=54495,state=4,mode=1,fault=4,seq=0,vl=0,vr=0,pwl=0,pwr=0,actenc=69,dactenc=0,srate=0,starget=0,pidrate=0,pref=63,ppos=63,bi=0,ball=-227,vball=1,bref=-500,line=0,mask=00,bu=0,bd=0,oled=3C
[  42686] t=54595,state=4,mode=1,fault=4,seq=0,vl=0,vr=0,pwl=0,pwr=0,actenc=69,dactenc=0,srate=0,starget=0,pidrate=0,pref=63,ppos=63,bi=0,ball=-227,vball=-1,bref=-500,line=0,mask=00,bu=0,bd=0,oled=3C
[  42796] t=54695,state=4,mode=1,fault=4,seq=0,vl=0,vr=0,pwl=0,pwr=0,actenc=69,dactenc=0,srate=0,starget=0,pidrate=0,pref=63,ppos=63,bi=0,ball=-227,vball=1,bref=-500,line=0,mask=00,bu=0,bd=0,oled=3C
[  42889] t=54795,state=4,mode=1,fault=4,seq=0,vl=0,vr=0,pwl=0,pwr=0,actenc=69,dactenc=0,srate=0,starget=0,pidrate=0,pref=63,ppos=63,bi=0,ball=-227,vball=0,bref=-500,line=0,mask=00,bu=0,bd=0,oled=3C
[  43000] t=54895,state=4,mode=1,fault=4,seq=0,vl=0,vr=0,pwl=0,pwr=0,actenc=69,dactenc=0,srate=0,starget=0,pidrate=0,pref=63,ppos=63,bi=0,ball=-227,vball=-1,bref=-500,line=0,mask=00,bu=0,bd=0,oled=3C
[  43093] t=54995,state=4,mode=1,fault=4,seq=0,vl=0,vr=0,pwl=0,pwr=0,actenc=69,dactenc=0,srate=0,starget=0,pidrate=0,pref=63,ppos=63,bi=0,ball=-227,vball=0,bref=-500,line=0,mask=00,bu=0,bd=0,oled=3C
[  43186] t=55095,state=4,mode=1,fault=4,seq=0,vl=0,vr=0,pwl=0,pwr=0,actenc=69,dactenc=0,srate=0,starget=0,pidrate=0,pref=63,ppos=63,bi=0,ball=-227,vball=0,bref=-500,line=0,mask=00,bu=0,bd=0,oled=3C
[  43296] t=55195,state=4,mode=1,fault=4,seq=0,vl=0,vr=0,pwl=0,pwr=0,actenc=69,dactenc=0,srate=0,starget=0,pidrate=0,pref=63,ppos=63,bi=0,ball=-227,vball=0,bref=-500,line=0,mask=00,bu=0,bd=0,oled=3C
[  43389] t=55295,state=4,mode=1,fault=4,seq=0,vl=0,vr=0,pwl=0,pwr=0,actenc=69,dactenc=0,srate=0,starget=0,pidrate=0,pref=63,ppos=63,bi=0,ball=-227,vball=0,bref=-500,line=0,mask=00,bu=0,bd=0,oled=3C
[  43500] t=55395,state=4,mode=1,fault=4,seq=0,vl=0,vr=0,pwl=0,pwr=0,actenc=69,dactenc=0,srate=0,starget=0,pidrate=0,pref=63,ppos=63,bi=0,ball=-229,vball=-17,bref=-500,line=0,mask=00,bu=0,bd=0,oled=3C
[  43593] t=55495,state=4,mode=1,fault=4,seq=0,vl=0,vr=0,pwl=0,pwr=0,actenc=69,dactenc=0,srate=0,starget=0,pidrate=0,pref=63,ppos=63,bi=0,ball=-227,vball=19,bref=-500,line=0,mask=00,bu=0,bd=0,oled=3C
[  43702] t=55595,state=4,mode=1,fault=4,seq=0,vl=0,vr=0,pwl=0,pwr=0,actenc=69,dactenc=0,srate=0,starget=0,pidrate=0,pref=63,ppos=63,bi=0,ball=-223,vball=27,bref=-500,line=0,mask=00,bu=0,bd=0,oled=3C
[  43796] t=55695,state=4,mode=1,fault=4,seq=0,vl=0,vr=0,pwl=0,pwr=0,actenc=69,dactenc=0,srate=0,starget=0,pidrate=0,pref=63,ppos=63,bi=0,ball=-231,vball=-28,bref=-500,line=0,mask=00,bu=0,bd=0,oled=3C
[  43889] t=55795,state=4,mode=1,fault=4,seq=0,vl=0,vr=0,pwl=0,pwr=0,actenc=69,dactenc=0,srate=0,starget=0,pidrate=0,pref=63,ppos=63,bi=0,ball=-227,vball=14,bref=-500,line=0,mask=00,bu=0,bd=0,oled=3C
[  44000] t=55895,state=4,mode=1,fault=4,seq=0,vl=0,vr=0,pwl=0,pwr=0,actenc=69,dactenc=0,srate=0,starget=0,pidrate=0,pref=63,ppos=63,bi=0,ball=-227,vball=5,bref=-500,line=0,mask=00,bu=0,bd=0,oled=3C
[  44093] t=55995,state=4,mode=1,fault=4,seq=0,vl=0,vr=0,pwl=0,pwr=0,actenc=69,dactenc=0,srate=0,starget=0,pidrate=0,pref=63,ppos=63,bi=0,ball=-227,vball=1,bref=-500,line=0,mask=00,bu=0,bd=0,oled=3C
[  44186] t=56095,state=4,mode=1,fault=4,seq=0,vl=0,vr=0,pwl=0,pwr=0,actenc=69,dactenc=0,srate=0,starget=0,pidrate=0,pref=63,ppos=63,bi=0,ball=-227,vball=0,bref=-500,line=0,mask=00,bu=0,bd=0,oled=3C
[  44296] t=56195,state=4,mode=1,fault=4,seq=0,vl=0,vr=0,pwl=0,pwr=0,actenc=69,dactenc=0,srate=0,starget=0,pidrate=0,pref=63,ppos=63,bi=0,ball=-227,vball=0,bref=-500,line=0,mask=00,bu=0,bd=0,oled=3C
[  44389] t=56295,state=4,mode=1,fault=4,seq=0,vl=0,vr=0,pwl=0,pwr=0,actenc=69,dactenc=0,srate=0,starget=0,pidrate=0,pref=63,ppos=63,bi=0,ball=-227,vball=0,bref=-500,line=0,mask=00,bu=0,bd=0,oled=3C
[  44500] t=56395,state=4,mode=1,fault=4,seq=0,vl=0,vr=0,pwl=0,pwr=0,actenc=69,dactenc=0,srate=0,starget=0,pidrate=0,pref=63,ppos=63,bi=0,ball=-227,vball=0,bref=-500,line=0,mask=00,bu=0,bd=0,oled=3C
[  44593] t=56495,state=4,mode=1,fault=4,seq=0,vl=0,vr=0,pwl=0,pwr=0,actenc=69,dactenc=0,srate=0,starget=0,pidrate=0,pref=63,ppos=63,bi=0,ball=-227,vball=0,bref=-500,line=0,mask=00,bu=0,bd=0,oled=3C
[  44686] t=56595,state=4,mode=1,fault=4,seq=0,vl=0,vr=0,pwl=0,pwr=0,actenc=69,dactenc=0,srate=0,starget=0,pidrate=0,pref=63,ppos=63,bi=0,ball=-227,vball=0,bref=-500,line=0,mask=00,bu=0,bd=0,oled=3C
[  44796] t=56695,state=4,mode=1,fault=4,seq=0,vl=0,vr=0,pwl=0,pwr=0,actenc=69,dactenc=0,srate=0,starget=0,pidrate=0,pref=63,ppos=63,bi=0,ball=-227,vball=0,bref=-500,line=0,mask=00,bu=0,bd=0,oled=3C
[  44889] t=56795,state=4,mode=1,fault=4,seq=0,vl=0,vr=0,pwl=0,pwr=0,actenc=69,dactenc=0,srate=0,starget=0,pidrate=0,pref=63,ppos=63,bi=0,ball=-227,vball=0,bref=-500,line=0,mask=00,bu=0,bd=0,oled=3C
[  45000] t=56895,state=4,mode=1,fault=4,seq=0,vl=0,vr=0,pwl=0,pwr=0,actenc=69,dactenc=0,srate=0,starget=0,pidrate=0,pref=63,ppos=63,bi=0,ball=-226,vball=4,bref=-500,line=0,mask=00,bu=0,bd=0,oled=3C
[  45093] t=56995,state=4,mode=1,fault=4,seq=0,vl=0,vr=0,pwl=0,pwr=0,actenc=69,dactenc=0,srate=0,starget=0,pidrate=0,pref=63,ppos=63,bi=0,ball=-226,vball=2,bref=-500,line=0,mask=00,bu=0,bd=0,oled=3C
[  45202] t=57095,state=4,mode=1,fault=4,seq=0,vl=0,vr=0,pwl=0,pwr=0,actenc=69,dactenc=0,srate=0,starget=0,pidrate=0,pref=63,ppos=63,bi=0,ball=-223,vball=18,bref=-500,line=0,mask=00,bu=0,bd=0,oled=3C
[  45296] t=57195,state=4,mode=1,fault=4,seq=0,vl=0,vr=0,pwl=0,pwr=0,actenc=69,dactenc=0,srate=0,starget=0,pidrate=0,pref=63,ppos=63,bi=0,ball=-225,vball=-7,bref=-500,line=0,mask=00,bu=0,bd=0,oled=3C
[  45389] t=57295,state=4,mode=1,fault=4,seq=0,vl=0,vr=0,pwl=0,pwr=0,actenc=69,dactenc=0,srate=0,starget=0,pidrate=0,pref=63,ppos=63,bi=0,ball=-225,vball=-3,bref=-500,line=0,mask=00,bu=0,bd=0,oled=3C
[  45500] t=57395,state=4,mode=1,fault=4,seq=0,vl=0,vr=0,pwl=0,pwr=0,actenc=69,dactenc=0,srate=0,starget=0,pidrate=0,pref=63,ppos=63,bi=0,ball=-227,vball=-15,bref=-500,line=0,mask=00,bu=0,bd=0,oled=3C
[  45593] t=57495,state=4,mode=1,fault=4,seq=0,vl=0,vr=0,pwl=0,pwr=0,actenc=69,dactenc=0,srate=0,starget=0,pidrate=0,pref=63,ppos=63,bi=0,ball=-231,vball=-31,bref=-500,line=0,mask=00,bu=0,bd=0,oled=3C
[  45702] t=57595,state=4,mode=1,fault=4,seq=0,vl=0,vr=0,pwl=0,pwr=0,actenc=69,dactenc=0,srate=0,starget=0,pidrate=0,pref=63,ppos=63,bi=0,ball=-231,vball=-10,bref=-500,line=0,mask=00,bu=0,bd=0,oled=3C
