[      0] >>> bench on
[      0] OK stepper visual-only bench active; command pose preserved
[    625] >>> clear
[    625] OK fault cleared
[   1233] >>> diag reset
[   1250] OK actuator diagnostics reset
[   1858] >>> gain ball 1.2 0 5.0 -1
[   1875] OK ball gains kp=1.200 ki=0.000 kd=5.000 sign=-1
[   2483] >>> gain accel 0
[   2500] OK ball acceleration gain ka=0.000
[   3108] >>> limit rate 300
[   3108] OK ball rate limit=300 steps/s
[   3733] >>> stream on 50
[   3750] OK stream on 50 ms
[   3811] STATUS mode=1 fault=none enc=-7 denc=0 sreq=0 sapplied=0 crate=0 uimp=0 upos=0 uneg=0 ball=-41.77 vball=-0.04 aball=0.0 bref=0.00 pid=0.0 pref=0.0 ppos=0.0 apid=0.0 integ=0.0 vision=1 current=1 vframe=368 vs=1 vage=9 vpage=9 vdt=34 vmax=44 vacc=368 vrej=0 seq=0 elapsed=0 oled=3C
[   3858] STATUS mode=1 fault=none enc=-7 denc=0 sreq=0 sapplied=0 crate=0 uimp=0 upos=0 uneg=0 ball=-41.77 vball=-0.02 aball=0.0 bref=0.00 pid=0.0 pref=0.0 ppos=0.0 apid=0.0 integ=0.0 vision=1 current=1 vframe=369 vs=1 vage=26 vpage=26 vdt=33 vmax=44 vacc=369 vrej=0 seq=0 elapsed=0 oled=3C
[   3920] STATUS mode=1 fault=none enc=-7 denc=0 sreq=0 sapplied=0 crate=0 uimp=0 upos=0 uneg=0 ball=-41.76 vball=0.07 aball=0.0 bref=0.00 pid=0.0 pref=0.0 ppos=0.0 apid=0.0 integ=0.0 vision=1 current=1 vframe=371 vs=1 vage=9 vpage=9 vdt=33 vmax=44 vacc=371 vrej=0 seq=0 elapsed=0 oled=3C
[   3967] STATUS mode=1 fault=none enc=-7 denc=0 sreq=0 sapplied=0 crate=0 uimp=0 upos=0 uneg=0 ball=-41.72 vball=0.42 aball=0.0 bref=0.00 pid=0.0 pref=0.0 ppos=0.0 apid=0.0 integ=0.0 vision=1 current=1 vframe=372 vs=1 vage=26 vpage=26 vdt=33 vmax=44 vacc=372 vrej=0 seq=0 elapsed=0 oled=3C
[   4015] STATUS mode=1 fault=none enc=-7 denc=0 sreq=0 sapplied=0 crate=0 uimp=0 upos=0 uneg=0 ball=-41.73 vball=-0.02 aball=0.0 bref=0.00 pid=0.0 pref=0.0 ppos=0.0 apid=0.0 integ=0.0 vision=1 current=1 vframe=374 vs=1 vage=9 vpage=9 vdt=34 vmax=44 vacc=374 vrej=0 seq=0 elapsed=0 oled=3C
[   4061] STATUS mode=1 fault=none enc=-7 denc=0 sreq=0 sapplied=0 crate=0 uimp=0 upos=0 uneg=0 ball=-41.75 vball=-0.17 aball=0.0 bref=0.00 pid=0.0 pref=0.0 ppos=0.0 apid=0.0 integ=0.0 vision=1 current=1 vframe=375 vs=1 vage=25 vpage=25 vdt=34 vmax=44 vacc=375 vrej=0 seq=0 elapsed=0 oled=3C
[   4108] STATUS mode=1 fault=none enc=-7 denc=0 sreq=0 sapplied=0 crate=0 uimp=0 upos=0 uneg=0 ball=-41.68 vball=0.41 aball=0.0 bref=0.00 pid=0.0 pref=0.0 ppos=0.0 apid=0.0 integ=0.0 vision=1 current=1 vframe=377 vs=1 vage=9 vpage=9 vdt=33 vmax=44 vacc=377 vrej=0 seq=0 elapsed=0 oled=3C
[   4170] STATUS mode=1 fault=none enc=-7 denc=0 sreq=0 sapplied=0 crate=0 uimp=0 upos=0 uneg=0 ball=-41.69 vball=0.22 aball=0.0 bref=0.00 pid=0.0 pref=0.0 ppos=0.0 apid=0.0 integ=0.0 vision=1 current=1 vframe=378 vs=1 vage=26 vpage=26 vdt=33 vmax=44 vacc=378 vrej=0 seq=0 elapsed=0 oled=3C
[   4217] STATUS mode=1 fault=none enc=-7 denc=0 sreq=0 sapplied=0 crate=0 uimp=0 upos=0 uneg=0 ball=-41.68 vball=0.17 aball=0.0 bref=0.00 pid=0.0 pref=0.0 ppos=0.0 apid=0.0 integ=0.0 vision=1 current=1 vframe=379 vs=1 vage=42 vpage=42 vdt=34 vmax=44 vacc=379 vrej=0 seq=0 elapsed=0 oled=3C
[   4265] STATUS mode=1 fault=none enc=-7 denc=0 sreq=0 sapplied=0 crate=0 uimp=0 upos=0 uneg=0 ball=-41.68 vball=0.15 aball=0.0 bref=0.00 pid=0.0 pref=0.0 ppos=0.0 apid=0.0 integ=0.0 vision=1 current=1 vframe=381 vs=1 vage=29 vpage=29 vdt=18 vmax=45 vacc=381 vrej=0 seq=0 elapsed=0 oled=3C
[   4311] STATUS mode=1 fault=none enc=-7 denc=0 sreq=0 sapplied=0 crate=0 uimp=0 upos=0 uneg=0 ball=-41.71 vball=-0.19 aball=0.0 bref=0.00 pid=0.0 pref=0.0 ppos=0.0 apid=0.0 integ=0.0 vision=1 current=1 vframe=383 vs=1 vage=11 vpage=11 vdt=38 vmax=45 vacc=383 vrej=0 seq=0 elapsed=0 oled=3C
[   4342] S
[   4342] >>> ball -50
[   4358] TATUS mode=1 fault=none enc=-7 denc=0 sreq=0 sapplied=0 crate=0 uimp=0 upos=0 uneg=0 ball=-41.70 vball=-0.11 aball=0.0 bref=0.00 pid=0.0 pref=0.0 ppos=0.0 apid=0.0 integ=0.0 vision=1 current=1 vframe=385 vs=1 vage=21 vpage=21 vdt=13 vmax=45 vacc=385 vrej=0 seq=0 elapsed=0 oled=3C
[   4375] OK visual step-rate ball target=-50.00 mm
[   4420] STATUS mode=3 fault=none enc=4 denc=2 sreq=73 sapplied=73 crate=73 uimp=3380 upos=40 uneg=0 ball=-41.68 vball=0.13 aball=0.0 bref=-50.00 pid=72.5 pref=10.6 ppos=3.4 apid=0.0 integ=-0.0 vision=1 current=1 vframe=387 vs=1 vage=7 vpage=7 vdt=30 vmax=45 vacc=387 vrej=0 seq=0 elapsed=0 oled=3C
[   4467] STATUS mode=3 fault=none enc=7 denc=0 sreq=43 sapplied=43 crate=43 uimp=6290 upos=90 uneg=0 ball=-41.68 vball=0.13 aball=1.1 bref=-50.00 pid=43.4 pref=10.6 ppos=6.3 apid=0.0 integ=-0.0 vision=1 current=1 vframe=388 vs=1 vage=24 vpage=24 vdt=33 vmax=45 vacc=388 vrej=0 seq=0 elapsed=0 oled=3C
[   4515] STATUS mode=3 fault=none enc=8 denc=0 sreq=24 sapplied=24 crate=24 uimp=7930 upos=140 uneg=0 ball=-41.68 vball=0.06 aball=1.1 bref=-50.00 pid=23.5 pref=10.3 ppos=7.9 apid=0.0 integ=-0.0 vision=1 current=1 vframe=390 vs=1 vage=9 vpage=9 vdt=33 vmax=45 vacc=390 vrej=0 seq=0 elapsed=0 oled=3C
[   4561] STATUS mode=3 fault=none enc=10 denc=0 sreq=37 sapplied=37 crate=37 uimp=9450 upos=185 uneg=0 ball=-41.61 vball=0.62 aball=2.9 bref=-50.00 pid=37.2 pref=13.2 ppos=9.5 apid=0.0 integ=-0.0 vision=1 current=1 vframe=391 vs=1 vage=26 vpage=26 vdt=33 vmax=45 vacc=391 vrej=0 seq=0 elapsed=0 oled=3C
[   4608] STATUS mode=3 fault=none enc=12 denc=0 sreq=0 sapplied=0 crate=0 uimp=10835 upos=230 uneg=0 ball=-41.60 vball=0.34 aball=2.9 bref=-50.00 pid=0.0 pref=11.8 ppos=10.8 apid=0.0 integ=-0.0 vision=1 current=1 vframe=393 vs=1 vage=10 vpage=10 vdt=33 vmax=45 vacc=393 vrej=0 seq=0 elapsed=0 oled=3C
[   4670] STATUS mode=3 fault=none enc=13 denc=0 sreq=-33 sapplied=-33 crate=-33 uimp=10090 upos=230 uneg=20 ball=-41.70 vball=-0.63 aball=-4.1 bref=-50.00 pid=-32.8 pref=6.8 ppos=10.1 apid=-0.0 integ=-0.0 vision=1 current=1 vframe=394 vs=1 vage=27 vpage=27 vdt=33 vmax=45 vacc=394 vrej=0 seq=0 elapsed=0 oled=3C
[   4717] STATUS mode=3 fault=none enc=10 denc=-1 sreq=0 sapplied=0 crate=-15 uimp=8795 upos=230 uneg=65 ball=-41.74 vball=-0.53 aball=-4.1 bref=-50.00 pid=-15.3 pref=7.3 ppos=8.8 apid=-0.0 integ=-0.0 vision=1 current=1 vframe=396 vs=1 vage=10 vpage=10 vdt=34 vmax=45 vacc=396 vrej=0 seq=0 elapsed=0 oled=3C
[   4765] STATUS mode=3 fault=none enc=10 denc=0 sreq=0 sapplied=0 crate=15 uimp=8795 upos=230 uneg=65 ball=-41.69 vball=0.07 aball=0.9 bref=-50.00 pid=15.3 pref=10.3 ppos=8.8 apid=0.0 integ=-0.0 vision=1 current=1 vframe=397 vs=1 vage=28 vpage=28 vdt=32 vmax=45 vacc=397 vrej=0 seq=0 elapsed=0 oled=3C
[   4811] STATUS mode=3 fault=none enc=10 denc=0 sreq=0 sapplied=0 crate=0 uimp=8795 upos=230 uneg=65 ball=-41.73 vball=-0.34 aball=0.9 bref=-50.00 pid=0.0 pref=8.2 ppos=8.8 apid=0.0 integ=-0.0 vision=1 current=1 vframe=399 vs=1 vage=9 vpage=9 vdt=35 vmax=45 vacc=399 vrej=0 seq=0 elapsed=0 oled=3C
[   4875] STATUS mode=3 fault=none enc=10 denc=0 sreq=0 sapplied=0 crate=-18 uimp=8795 upos=230 uneg=65 ball=-41.77 vball=-0.57 aball=-2.3 bref=-50.00 pid=-17.7 pref=7.0 ppos=8.8 apid=-0.0 integ=-0.0 vision=1 current=1 vframe=400 vs=1 vage=27 vpage=27 vdt=32 vmax=45 vacc=400 vrej=0 seq=0 elapsed=0 oled=3C
[   4920] STATUS mode=3 fault=none enc=10 denc=0 sreq=88 sapplied=88 crate=88 uimp=8795 upos=230 uneg=65 ball=-41.56 vball=1.50 aball=-2.3 bref=-50.00 pid=88.3 pref=17.6 ppos=8.8 apid=-0.0 integ=-0.0 vision=1 current=1 vframe=402 vs=1 vage=10 vpage=10 vdt=33 vmax=45 vacc=402 vrej=0 seq=0 elapsed=0 oled=3C
[   4952] STATUS mode=3 fault=none enc=14 denc=-1 sreq=60 sappl
[   4967] ied=60 crate=60 uimp=12555 upos=280 uneg=65 ball=-41.49 vball=1.67 aball=8.8 bref=-50.00 pid=60.1 pref=18.6 ppos=12.6 apid=0.0 integ=-0.0 vision=1 current=1 vframe=403 vs=1 vage=27 vpage=27 vdt=33 vmax=45 vacc=403 vrej=0 seq=0 elapsed=0 oled=3C
[   5015] STATUS mode=3 fault=none enc=16 denc=1 sreq=0 sapplied=0 crate=12 uimp=14130 upos=325 uneg=65 ball=-41.47 vball=1.02 aball=8.8 bref=-50.00 pid=12.1 pref=15.3 ppos=14.1 apid=0.0 integ=-0.0 vision=1 current=1 vframe=405 vs=1 vage=10 vpage=10 vdt=34 vmax=45 vacc=405 vrej=0 seq=0 elapsed=0 oled=3C
[   5061] STATUS mode=3 fault=none enc=16 denc=0 sreq=0 sapplied=0 crate=0 uimp=14130 upos=325 uneg=65 ball=-41.46 vball=0.81 aball=1.0 bref=-50.00 pid=0.0 pref=14.3 ppos=14.1 apid=0.0 integ=-0.0 vision=1 current=1 vframe=406 vs=1 vage=26 vpage=26 vdt=34 vmax=45 vacc=406 vrej=0 seq=0 elapsed=0 oled=3C
[   5108] STATUS mode=3 fault=none enc=16 denc=0 sreq=0 sapplied=0 crate=0 uimp=14130 upos=325 uneg=65 ball=-41.41 vball=0.73 aball=1.0 bref=-50.00 pid=0.0 pref=14.0 ppos=14.1 apid=0.0 integ=-0.0 vision=1 current=1 vframe=408 vs=1 vage=10 vpage=10 vdt=34 vmax=45 vacc=408 vrej=0 seq=0 elapsed=0 oled=3C
[   5170] STATUS mode=3 fault=none enc=16 denc=0 sreq=-21 sapplied=-21 crate=-21 uimp=13655 upos=325 uneg=85 ball=-41.44 vball=0.26 aball=-1.9 bref=-50.00 pid=-20.8 pref=11.6 ppos=13.7 apid=-0.0 integ=-0.0 vision=1 current=1 vframe=409 vs=1 vage=26 vpage=26 vdt=34 vmax=45 vacc=409 vrej=0 seq=0 elapsed=0 oled=3C
[   5217] STATUS mode=3 fault=none enc=15 denc=0 sreq=-29 sapplied=-29 crate=-29 uimp=13295 upos=325 uneg=100 ball=-41.44 vball=0.02 aball=-1.9 bref=-50.00 pid=-29.2 pref=10.4 ppos=13.3 apid=-0.0 integ=-0.0 vision=1 current=1 vframe=411 vs=1 vage=9 vpage=9 vdt=34 vmax=45 vacc=411 vrej=0 seq=0 elapsed=0 oled=3C
[   5265] STATUS mode=3 fault=none enc=15 denc=1 sreq=0 sapplied=0 crate=-19 uimp=12320 upos=325 uneg=140 ball=-41.44 vball=0.03 aball=-2.1 bref=-50.00 pid=-19.0 pref=10.4 ppos=12.3 apid=-0.0 integ=-0.0 vision=1 current=1 vframe=412 vs=1 vage=27 vpage=27 vdt=32 vmax=45 vacc=412 vrej=0 seq=0 elapsed=0 oled=3C
[   5311] STATUS mode=3 fault=none enc=14 denc=0 sreq=0 sapplied=0 crate=-12 uimp=12320 upos=325 uneg=140 ball=-41.42 vball=0.17 aball=-2.1 bref=-50.00 pid=-11.7 pref=11.1 ppos=12.3 apid=-0.0 integ=-0.0 vision=1 current=1 vframe=414 vs=1 vage=10 vpage=10 vdt=33 vmax=45 vacc=414 vrej=0 seq=0 elapsed=0 oled=3C
[   5358] STATUS mode=3 fault=none enc=14 denc=0 sreq=0 sapplied=0 crate=-17 uimp=12320 upos=325 uneg=140 ball=-41.43 vball=0.07 aball=-1.0 bref=-50.00 pid=-16.9 pref=10.6 ppos=12.3 apid=-0.0 integ=-0.0 vision=1 current=1 vframe=415 vs=1 vage=26 vpage=26 vdt=34 vmax=45 vacc=415 vrej=0 seq=0 elapsed=0 oled=3C
[   5420] STATUS mode=3 fault=none enc=13 denc=0 sreq=-38 sapplied=-38 crate=-38 uimp=10145 upos=325 uneg=180 ball=-41.55 vball=-0.75 aball=-1.0 bref=-50.00 pid=-37.6 pref=6.4 ppos=10.1 apid=-0.0 integ=-0.0 vision=1 current=1 vframe=417 vs=1 vage=10 vpage=10 vdt=33 vmax=45 vacc=417 vrej=0 seq=0 elapsed=0 oled=3C
[   5467] STATUS mode=3 fault=none enc=10 denc=0 sreq=0 sapplied=0 crate=-14 uimp=9290 upos=325 uneg=205 ball=-41.54 vball=-0.46 aball=-2.9 bref=-50.00 pid=-14.4 pref=7.9 ppos=9.3 apid=-0.0 integ=-0.0 vision=1 current=1 vframe=418 vs=1 vage=27 vpage=27 vdt=33 vmax=45 vacc=418 vrej=0 seq=0 elapsed=0 oled=3C
[   5515] STATUS mode=3 fault=none enc=10 denc=0 sreq=0 sapplied=0 crate=13 uimp=9290 upos=325 uneg=205 ball=-41.50 vball=0.07 aball=-2.9 bref=-50.00 pid=12.6 pref=10.6 ppos=9.3 apid=-0.0 integ=-0.0 vision=1 current=1 vframe=420 vs=1 vage=10 vpage=10 vdt=33 vmax=45 vacc=420 vrej=0 seq=0 elapsed=0 oled=3C
[   5561] STATUS mode=3 fault=none enc=10 denc=0 sreq=0 sapplied=0 crate=13 uimp=9290 upos=325 uneg=205 ball=-41.50 vball=0.08 aball=0.8 bref=-50.00 pid=13.1 pref=10.6 ppos=9.3 apid=0.0 integ=-0.0 vision=1 current=1 vframe=421 vs=1 vage=26 vpage=26 vdt=34 vmax=45 vacc=421 vrej=0 seq=0 elapsed=0 oled=3C
[   5608] STATUS mode=3 fault=none enc=10 denc=0 sreq=0 sapplied=0 crate=11 uimp=9290 upos=325 uneg=205 ball=-41.49 vball=0.04 aball=0.8 bref=-50.00 pid=11.2 pref=10.4 ppos=9.3 apid=0.0 integ=-0.0 vision=1 current=1 vframe=423 vs=1 vage=9 vpage=9 vdt=33 vmax=45 vacc=423 vrej=0 seq=0 elapsed=0 oled=3C
[   5670] STATUS mode=3 fault=none enc=10 denc=0 sreq=0 sapplied=0 crate=0 uimp=9290 upos=325 uneg=205 ball=-41.51 vball=-0.13 aball=-0.5 bref=-50.00 pid=0.0 pref=9.5 ppos=9.3 apid=-0.0 integ=-0.0 vision=1 current=1 vframe=424 vs=1 vage=27 vpage=27 vdt=32 vmax=45 vacc=424 vrej=0 seq=0 elapsed=0 oled=3C
[   5717] STATUS mode=3 fault=none enc=10 denc=0 sreq=0 sapplied=0 crate=0 uimp=9290 upos=325 uneg=205 ball=-41.53 vball=-0.20 aball=-0.5 bref=-50.00 pid=0.0 pref=9.2 ppos=9.3 apid=-0.0 integ=-0.0 vision=1 current=1 vframe=426 vs=1 vage=9 vpage=9 vdt=34 vmax=45 vacc=426 vrej=0 seq=0 elapsed=0 oled=3C
[   5765] STATUS mode=3 fault=none enc=10 denc=0 sreq=0 sapplied=0 crate=0 uimp=9290 upos=325 uneg=205 ball=-41.52 vball=0.02 aball=0.4 bref=-50.00 pid=0.0 pref=10.3 ppos=9.3 apid=0.0 integ=-0.0 vision=1 current=1 vframe=427 vs=1 vage=26 vpage=26 vdt=33 vmax=45 vacc=427 vrej=0 seq=0 elapsed=0 oled=3C
[   5811] STATUS mode=3 fault=none enc=10 denc=0 sreq=0 sapplied=0 crate=17 uimp=9290 upos=325 uneg=205 ball=-41.49 vball=0.15 aball=0.4 bref=-50.00 pid=16.7 pref=11.0 ppos=9.3 apid=0.0 integ=-0.0 vision=1 current=1 vframe=429 vs=1 vage=10 vpage=10 vdt=34 vmax=45 vacc=429 vrej=0 seq=0 elapsed=0 oled=3C
[   5858] STATUS mode=3 fault=none enc=10 denc=0 sreq=0 sapplied=0 crate=19 uimp=9390 upos=330 uneg=205 ball=-41.48 vball=0.22 aball=1.1 bref=-50.00 pid=19.3 pref=11.3 ppos=9.4 apid=0.0 integ=-0.0 vision=1 current=1 vframe=430 vs=1 vage=27 vpage=27 vdt=33 vmax=45 vacc=430 vrej=0 seq=0 elapsed=0 oled=3C
[   5920] STATUS mode=3 fault=none enc=10 denc=0 sreq=0 sapplied=0 crate=0 uimp=9490 upos=335 uneg=205 ball=-41.49 vball=0.04 aball=1.1 bref=-50.00 pid=0.0 pref=10.4 ppos=9.5 apid=0.0 integ=-0.0 vision=1 current=1 vframe=432 vs=1 vage=11 vpage=11 vdt=33 vmax=45 vacc=432 vrej=0 seq=0 elapsed=0 oled=3C
[   5952] STATUS mode=3 fault=none enc=10 denc=0 sreq=
[   5952] >>> ball 0
[   5967] 0 sapplied=0 crate=0 uimp=9490 upos=335 uneg=205 ball=-41.49 vball=-0.02 aball=-0.5 bref=-50.00 pid=0.0 pref=10.1 ppos=9.5 apid=-0.0 integ=-0.0 vision=1 current=1 vframe=433 vs=1 vage=27 vpage=27 vdt=34 vmax=45 vacc=433 vrej=0 seq=0 elapsed=0 oled=3C
[   5967] OK visual step-rate ball target=0.00 mm
[   6015] STATUS mode=3 fault=none enc=-1 denc=-1 sreq=-300 sapplied=-300 crate=-300 uimp=-510 upos=335 uneg=240 ball=-41.78 vball=-2.17 aball=0.0 bref=0.00 pid=-300.0 pref=-51.5 ppos=-0.5 apid=0.0 integ=-0.0 vision=1 current=1 vframe=435 vs=1 vage=11 vpage=11 vdt=33 vmax=45 vacc=435 vrej=0 seq=0 elapsed=0 oled=3C
[   6061] STATUS mode=3 fault=none enc=-20 denc=-1 sreq=-300 sapplied=-300 crate=-300 uimp=-15510 upos=335 uneg=290 ball=-41.82 vball=-1.85 aball=0.0 bref=0.00 pid=-300.0 pref=-49.9 ppos=-15.5 apid=0.0 integ=-0.0 vision=1 current=1 vframe=436 vs=1 vage=28 vpage=28 vdt=33 vmax=45 vacc=436 vrej=0 seq=0 elapsed=0 oled=3C
[   6125] STATUS mode=3 fault=none enc=-36 denc=0 sreq=-171 sapplied=-171 crate=-171 uimp=-28010 upos=335 uneg=340 ball=-41.81 vball=-0.89 aball=0.4 bref=0.00 pid=-171.2 pref=-45.1 ppos=-28.0 apid=0.0 integ=-0.0 vision=1 current=1 vframe=438 vs=1 vage=11 vpage=11 vdt=33 vmax=45 vacc=438 vrej=0 seq=0 elapsed=0 oled=3C
[   6170] STATUS mode=3 fault=none enc=-45 denc=-1 sreq=-91 sapplied=-91 crate=-91 uimp=-34530 upos=335 uneg=390 ball=-41.81 vball=-0.58 aball=0.4 bref=0.00 pid=-90.5 pref=-43.6 ppos=-34.5 apid=0.0 integ=-0.0 vision=1 current=1 vframe=439 vs=1 vage=28 vpage=28 vdt=33 vmax=45 vacc=439 vrej=0 seq=0 elapsed=0 oled=3C
[   6217] STATUS mode=3 fault=none enc=-49 denc=-1 sreq=-48 sapplied=-48 crate=-48 uimp=-37975 upos=335 uneg=440 ball=-41.82 vball=-0.41 aball=4.0 bref=0.00 pid=-47.7 pref=-42.7 ppos=-38.0 apid=0.0 integ=-0.0 vision=1 current=1 vframe=441 vs=1 vage=11 vpage=11 vdt=33 vmax=45 vacc=441 vrej=0 seq=0 elapsed=0 oled=3C
[   6265] STATUS mode=3 fault=none enc=-51 denc=-1 sreq=-24 sapplied=-24 crate=-24 uimp=-39770 upos=335 uneg=490 ball=-41.83 vball=-0.30 aball=4.0 bref=0.00 pid=-24.4 pref=-42.2 ppos=-39.8 apid=0.0 integ=-0.0 vision=1 current=1 vframe=442 vs=1 vage=28 vpage=28 vdt=33 vmax=45 vacc=442 vrej=0 seq=0 elapsed=0 oled=3C
[   6311] STATUS mode=3 fault=none enc=-51 denc=0 sreq=73 sapplied=73 crate=73 uimp=-39620 upos=340 uneg=500 ball=-41.65 vball=1.63 aball=3.5 bref=0.00 pid=72.8 pref=-32.3 ppos=-39.6 apid=0.0 integ=-0.0 vision=1 current=1 vframe=444 vs=1 vage=11 vpage=11 vdt=33 vmax=45 vacc=444 vrej=0 seq=0 elapsed=0 oled=3C
[   6375] STATUS mode=3 fault=none enc=-46 denc=1 sreq=93 sapplied=93 crate=93 uimp=-35245 upos=390 uneg=500 ball=-41.45 vball=2.87 aball=3.5 bref=0.00 pid=93.4 pref=-25.9 ppos=-35.2 apid=0.0 integ=-0.0 vision=1 current=1 vframe=445 vs=1 vage=28 vpage=28 vdt=33 vmax=45 vacc=445 vrej=0 seq=0 elapsed=0 oled=3C
[   6420] STATUS mode=3 fault=none enc=-43 denc=0 sreq=24 sapplied=24 crate=24 uimp=-31665 upos=440 uneg=500 ball=-41.33 vball=2.17 aball=15.7 bref=0.00 pid=24.1 pref=-29.3 ppos=-31.7 apid=0.0 integ=-0.0 vision=1 current=1 vframe=447 vs=1 vage=10 vpage=10 vdt=34 vmax=45 vacc=447 vrej=0 seq=0 elapsed=0 oled=3C
[   6467] STATUS mode=3 fault=none enc=-42 denc=0 sreq=0 sapplied=0 crate=-19 uimp=-31115 upos=465 uneg=500 ball=-41.34 vball=1.43 aball=15.7 bref=0.00 pid=-18.5 pref=-33.0 ppos=-31.1 apid=0.0 integ=-0.0 vision=1 current=1 vframe=448 vs=1 vage=28 vpage=28 vdt=32 vmax=45 vacc=448 vrej=0 seq=0 elapsed=0 oled=3C
[   6515] STATUS mode=3 fault=none enc=-43 denc=0 sreq=-46 sapplied=-46 crate=-46 uimp=-32855 upos=465 uneg=540 ball=-41.37 vball=0.53 aball=-0.5 bref=0.00 pid=-46.5 pref=-37.5 ppos=-32.9 apid=-0.0 integ=-0.0 vision=1 current=1 vframe=450 vs=1 vage=13 vpage=13 vdt=33 vmax=45 vacc=450 vrej=0 seq=0 elapsed=0 oled=3C
[   6561] STATUS mode=3 fault=none enc=-45 denc=0 sreq=0 sapplied=0 crate=0 uimp=-33905 upos=465 uneg=565 ball=-41.29 vball=1.06 aball=-0.5 bref=0.00 pid=0.0 pref=-34.8 p
[   6561] pos=-33.9 apid=-0.0 integ=-0.0 vision=1 current=1 vframe=451 vs=1 vage=29 vpage=29 vdt=34 vmax=45 vacc=451 vrej=0 seq=0 elapsed=0 oled=3C
[   6625] STATUS mode=3 fault=none enc=-45 denc=0 sreq=-23 sapplied=-23 crate=-23 uimp=-34150 upos=465 uneg=575 ball=-41.26 vball=0.72 aball=0.2 bref=0.00 pid=-22.7 pref=-36.4 ppos=-34.1 apid=0.0 integ=-0.0 vision=1 current=1 vframe=453 vs=1 vage=12 vpage=12 vdt=34 vmax=45 vacc=453 vrej=0 seq=0 elapsed=0 oled=3C
[   6670] STATUS mode=3 fault=none enc=-46 denc=0 sreq=-24 sapplied=-24 crate=-24 uimp=-35175 upos=465 uneg=615 ball=-41.26 vball=0.49 aball=0.2 bref=0.00 pid=-24.0 pref=-37.6 ppos=-35.2 apid=0.0 integ=-0.0 vision=1 current=1 vframe=454 vs=1 vage=29 vpage=29 vdt=33 vmax=45 vacc=454 vrej=0 seq=0 elapsed=0 oled=3C
[   6717] STATUS mode=3 fault=none enc=-47 denc=1 sreq=-42 sapplied=-42 crate=-42 uimp=-36305 upos=465 uneg=655 ball=-41.29 vball=-0.09 aball=-2.2 bref=0.00 pid=-42.0 pref=-40.5 ppos=-36.3 apid=-0.0 integ=-0.0 vision=1 current=1 vframe=456 vs=1 vage=12 vpage=12 vdt=34 vmax=45 vacc=456 vrej=0 seq=0 elapsed=0 oled=3C
[   6765] STATUS mode=3 fault=none enc=-50 denc=-1 sreq=-35 sapplied=-35 crate=-35 uimp=-38280 upos=465 uneg=705 ball=-41.32 vball=-0.34 aball=-2.2 bref=0.00 pid=-35.1 pref=-41.8 ppos=-38.3 apid=-0.0 integ=-0.0 vision=1 current=1 vframe=457 vs=1 vage=29 vpage=29 vdt=33 vmax=45 vacc=457 vrej=0 seq=0 elapsed=0 oled=3C
[   6811] STATUS mode=3 fault=none enc=-51 denc=0 sreq=-21 sapplied=-21 crate=-21 uimp=-39660 upos=465 uneg=755 ball=-41.34 vball=-0.33 aball=-4.7 bref=0.00 pid=-21.1 pref=-41.8 ppos=-39.7 apid=-0.0 integ=-0.0 vision=1 current=1 vframe=459 vs=1 vage=12 vpage=12 vdt=34 vmax=45 vacc=459 vrej=0 seq=0 elapsed=0 oled=3C
[   6875] STATUS mode=3 fault=none enc=-52 denc=0 sreq=0 sapplied=0 crate=-17 uimp=-39865 upos=465 uneg=765 ball=-41.35 vball=-0.29 aball=-4.7 bref=0.00 pid=-17.2 pref=-41.6 ppos=-39.9 apid=-0.0 integ=-0.0 vision=1 current=1 vframe=460 vs=1 vage=29 vpage=29 vdt=33 vmax=45 vacc=460 vrej=0 seq=0 elapsed=0 oled=3C
[   6920] STATUS mode=3 fault=none enc=-52 denc=0 sreq=0 sapplied=0 crate=0 uimp=-39865 upos=465 uneg=765 ball=-41.33 vball=-0.01 aball=-2.1 bref=0.00 pid=0.0 pref=-40.2 ppos=-39.9 apid=-0.0 integ=-0.0 vision=1 current=1 vframe=462 vs=1 vage=12 vpage=12 vdt=33 vmax=45 vacc=462 vrej=0 seq=0 elapsed=0 oled=3C
[   6967] STATUS mode=3 fault=none enc=-52 denc=0 sreq=0 sapplied=0 crate=0 uimp=-39865 upos=465 uneg=765 ball=-41.33 vball=0.04 aball=-2.1 bref=0.00 pid=0.0 pref=-39.9 ppos=-39.9 apid=-0.0 integ=-0.0 vision=1 current=1 vframe=463 vs=1 vage=29 vpage=29 vdt=33 vmax=45 vacc=463 vrej=0 seq=0 elapsed=0 oled=3C
[   7015] STATUS mode=3 fault=none enc=-52 denc=0 sreq=0 sapplied=0 crate=0 uimp=-39865 upos=465 uneg=765 ball=-41.33 vball=0.04 aball=0.0 bref=0.00 pid=0.0 pref=-39.9 ppos=-39.9 apid=0.0 integ=-0.0 vision=1 current=1 vframe=465 vs=1 vage=12 vpage=12 vdt=33 vmax=45 vacc=465 vrej=0 seq=0 elapsed=0 oled=3C
[   7061] STATUS mode=3 fault=none enc=-52 denc=0 sreq=0 sapplied=0 crate=0 uimp=-39865 upos=465 uneg=765 ball=-41.33 vball=-0.01 aball=0.0 bref=0.00 pid=0.0 pref=-40.2 ppos=-39.9 apid=0.0 integ=-0.0 vision=1 current=1 vframe=466 vs=1 vage=29 vpage=29 vdt=33 vmax=45 vacc=466 vrej=0 seq=0 elapsed=0 oled=3C
[   7125] STATUS mode=3 fault=none enc=-52 denc=0 sreq=25 sapplied=25 crate=25 uimp=-39730 upos=470 uneg=765 ball=-41.27 vball=0.57 aball=-0.0 bref=0.00 pid=25.5 pref=-37.2 ppos=-39.7 apid=-0.0 integ=-0.0 vision=1 current=1 vframe=468 vs=1 vage=12 vpage=12 vdt=34 vmax=45 vacc=468 vrej=0 seq=0 elapsed=0 oled=3C
[   7170] STATUS mode=3 fault=none enc=-51 denc=0 sreq=28 sapplied=28 crate=28 uimp=-38345 upos=520 uneg=765 ball=-41.22 vball=0.88 aball=-0.0 bref=0.00 pid=27.7 pref=-35.6 ppos=-38.3 apid=-0.0 integ=-0.0 vision=1 current=1 vframe=469 vs=1 vage=30 vpage=30 vdt=32 vmax=45 vacc=469 vrej=0 seq=0 elapsed=0 oled=3C
[   7217] STATUS mode=3 fault=none enc=-51 denc=0 sreq=0 sapplied=0 crate=15 uimp=-37775 upos=545 uneg=765 ball=-41.18 vball=0.73 aball=3.5 bref=0.00 pid=15.0 pref=-36.3 ppos=-37.8 apid=0.0 integ=-0.0 vision=1 current=1 vframe=471 vs=1 vage=13 vpage=13 vdt=34 vmax=45 vacc=471 vrej=0 seq=0 elapsed=0 oled=3C
[   7265] STATUS mode=3 fault=none enc=-48 denc=2 sreq=81 sapplied=81 crate=81 uimp=-35420 upos=570 uneg=765 ball=-40.95 vball=2.46 aball=3.5 bref=0.00 pid=80.7 pref=-27.4 ppos=-35.4 apid=0.0 integ=-0.0 vision=1 current=1 vframe=472 vs=1 vage=30 vpage=30 vdt=33 vmax=45 vacc=472 vrej=0 seq=0 elapsed=0 oled=3C
[   7311] STATUS mode=3 fault=none enc=-44 denc=0 sreq=-22 sapplied=-22 crate=-22 uimp=-32975 upos=610 uneg=770 ball=-40.95 vball=0.90 aball=8.8 bref=0.00 pid=-21.8 pref=-35.2 ppos=-33.0 apid=0.0 integ=-0.0 vision=1 current=1 vframe=474 vs=1 vage=13 vpage=13 vdt=34 vmax=45 vacc=474 vrej=0 seq=0 elapsed=0 oled=3C
[   7375] STATUS mode=3 fault=none enc=-47 denc=-2 sreq=-86 sapplied=-86 crate=-86 uimp=-35805 upos=610 uneg=810 ball=-41.12 vball=-0.91 aball=8.8 bref=0.00 pid=-86.0 pref=-44.4 ppos=-35.8 apid=0.0 integ=-0.0 vision=1 current=1 vframe=475 vs=1 vage=30 vpage=30 vdt=33 vmax=45 vacc=475 vrej=0 seq=0 elapsed=0 oled=3C
[   7420] STATUS mode=3 fault=none enc=-52 denc=-1 sreq=-70 sapplied=-70 crate=-70 uimp=-40765 upos=610 uneg=860 ball=-41.29 vball=-1.54 aball=-13.6 bref=0.00 pid=-69.9 pref=-47.8 ppos=-40.8 apid=-0.0 integ=-0.0 vision=1 current=1 vframe=477 vs=1 vage=13 vpage=13 vdt=34 vmax=45 vacc=477 vrej=0 seq=0 elapsed=0 oled=3C
[   7467] STATUS mode=3 fault=none enc=-54 denc=-1 sreq=-26 sapplied=-26 crate=-26 uimp=-43115 upos=610 uneg=910 ball=-41.29 vball=-1.14 aball=-13.6 bref=0.00 pid=-26.4 pref=-45.8 ppos=-43.1 apid=-0.0 integ=-0.0 vision=1 current=1 vframe=478 vs=1 vage=30 vpage=30 vdt=33 vmax=45 vacc=478 vrej=0 seq=0 elapsed=0 oled=3C
[   7515] STATUS mode=3 fault=none enc=-54 denc=0 sreq=28 sapplied=28 crate=28 uimp=-43095 upos=615 uneg=915 ball=-41.23 vball=-0.06 aball=-1.8 bref=0.00 pid=28.1 pref=-40.3 ppos=-43.1 apid=-0.0 integ=-0.0 vision=1 current=1 vframe=480 vs=1 vage=13 vpage=13 vdt=34 vmax=45 vacc=480 vrej=0 seq=0 elapsed=0 oled=3C
[   7561] STATUS mode=3 fault=none enc=-54 denc=0 sreq=0 sapplied=0 crate=0 uimp=-42460 upos=640 uneg=915 ball=-41.27 vball=-0.40 aball=-1.8 bref=0.00 pid=0.0 pref=-42.0 ppos=-42.5 apid=-0.0 integ=-0.0 vision=1 current=1 vframe=481 vs=1 vage=30 vpage=30 vdt=33 vmax=45 vacc=481 vrej=0 seq=0 elapsed=0 oled=3C
[   7625] STATUS mode=3 fault=none enc=-54 denc=0 sreq=0 sapplied=0 crate=14 uimp=-42460 upos=640 uneg=915 ball=-41.27 vball=-0.20 aball=-0.5 bref=0.00 pid=14.3 pref=-41.0 ppos=-42.5 apid=-0.0 integ=-0.0 vision=1 current=1 vframe=483 vs=1 vage=14 vpage=14 vdt=33 vmax=45 vacc=483 vrej=0 seq=0 elapsed=0 oled=3C
[   7670] STATUS mode=3 fault=none enc=-54 denc=0 sreq=0 sapplied=0 crate=19 uimp=-42255 upos=650 uneg=915 ball=-41.26 vball=-0.07 aball=-0.5 bref=0.00 pid=18.8 pref=-40.4 ppos=-42.3 apid=-0.0 integ=-0.0 vision=1 current=1 vframe=484 vs=1 vage=30 vpage=30 vdt=34 vmax=45 vacc=484 vrej=0 seq=0 elapsed=0 oled=3C
[   7717] STATUS mode=3 fault=none enc=-54 denc=0 sreq=0 sapplied=0 crate=19 uimp=-41725 upos=675 uneg=915 ball=-41.25 vball=0.04 aball=1.5 bref=0.00 pid=19.1 pref=-39.8 ppos=-41.7 apid=0.0 integ=-0.0 vision=1 current=1 vframe=486 vs=1 vage=14 vpage=14 vdt=33 vmax=45 vacc=486 vrej=0 seq=0 elapsed=0 oled=3C
[   7765] STATUS mode=3 fault=none enc=-54 denc=0 sreq=0 sapplied=0 crate=19 uimp=-41725 upos=675 uneg=915 ball=-41.25 vball=0.04 aball=1.5 bref=0.00 pid=19.1 pref=-39.8 ppos=-41.7 apid=0.0 integ=-0.0 vision=1 current=1 vframe=487 vs=1 vage=29 vpage=29 vdt=35 vmax=45 vacc=487 vrej=0 seq=0 elapsed=0 oled=3C
[   7811] STATUS mode=3 fault=none enc=-54 denc=0 sreq=0 sapplied=0 crate=18 uimp=-41725 upos=675 uneg=915 ball=-41.25 vball=0.02 aball=0.9 bref=0.00 pid=18.1 pref=-39.9 ppos=-41.7 apid=0.0 integ=-0.0 vision=1 current=1 vframe=489 vs=1 vage=13 vpage=13 vdt=33 vmax=45 vacc=489 vrej=0 seq=0 elapsed=0 oled=3C
[   7875] STATUS mode=3 fault=none enc=-54 denc=0 sreq=0 sapplied=0 crate=0 uimp=-41725 upos=675 uneg=915 ball=-41.30 vball=-0.37 aball=0.9 bref=0.00 pid=0.0 pref=-41.9 ppos=-41.7 apid=0.0 integ=-0.0 vision=1 current=1 vframe=490 vs=1 vage=30 vpage=30 vdt=33 vmax=45 vacc=490 vrej=0 seq=0 elapsed=0 oled=3C
[   7920] STATUS mode=3 fault=none enc=-54 denc=0 sreq=0 sapplied=0 crate=0 uimp=-41725 upos=675 uneg=915 ball=-41.31 vball=-0.30 aball=-1.4 bref=0.00 pid=0.0 pref=-41.6 ppos=-41.7 apid=-0.0 integ=-0.0 vision=1 current=1 vframe=492 vs=1 vage=13 vpage=13 vdt=34 vmax=45 vacc=492 vrej=0 seq=0 elapsed=0 oled=3C
[   7967] STATUS mode=3 fault=none enc=-54 denc=0 sreq=0 sapplied=0 crate=0 uimp=-41725 upos=675 uneg=915 ball=-41.33 vball=-0.33 aball=-1.4 bref=0.00 pid=0.0 pref=-41.8 ppos=-41.7 apid=-0.0 integ=-0.0 vision=1 current=1 vframe=493 vs=1 vage=30 vpage=30 vdt=33 vmax=45 vacc=493 vrej=0 seq=0 elapsed=0 oled=3C
[   8015] STATUS mode=3 fault=none enc=-54 denc=0 sreq=26 sapplied=26 crate=26 uimp=-41450 upos=685 uneg=915 ball=-41.28 vball=0.23 aball=1.0 bref=0.00 pid=25.5 pref=-38.9 ppos=-41.4 apid=0.0 integ=-0.0 vision=1 current=1 vframe=495 vs=1 vage=13 vpage=13 vdt=33 vmax=45 vacc=495 vrej=0 seq=0 elapsed=0 oled=3C
[   8061] STATUS mode=3 fault=none enc=-53 denc=0 sreq=0 sapplied=0 crate=19 uimp=-40770 upos=715 uneg=915 ball=-41.27 vball=0.23 aball=1.0 bref=0.00 pid=18.9 pref=-38.9 ppos=-40.8 apid=0.0 integ=-0.0 vision=1 current=1 vframe=496 vs=1 vage=30 vpage=30 vdt=33 vmax=45 vacc=496 vrej=0 seq=0 elapsed=0 oled=3C
[   8125] STATUS mode=3 fault=none enc=-53 denc=0 sreq=0 sapplied=0 crate=13 uimp=-40770 upos=715 uneg=915 ball=-41.27 vball=0.12 aball=1.3 bref=0.00 pid=13.4 pref=-39.4 ppos=-40.8 apid=0.0 integ=-0.0 vision=1 current=1 vframe=498 vs=1 vage=13 vpage=13 vdt=33 vmax=45 vacc=498 vrej=0 seq=0 elapsed=0 oled=3C
[   8170] STATUS mode=3 fault=none enc=-53 denc=0 sreq=25 sapplied=25 crate=25 uimp=-40040 upos=740 uneg=915 ball=-41.22 vball=0.49 aball=1.3 bref=0.00 pid=25.2 pref=-37.5 ppos=-40.0 apid=0.0 integ=-0.0 vision=1 current=1 vframe=499 vs=1 vage=30 vpage=30 vdt=33 vmax=45 vacc=499 vrej=0 seq=0 elapsed=0 oled=3C
[   8217] STATUS mode=3 fault=none enc=-51 denc=1 sreq=111 sapplied=111 crate=111 uimp=-38415 upos=770 uneg=915 ball=-40.96 vball=2.47 aball=2.0 bref=0.00 pid=111.0 pref=-27.3 ppos=-38.4 apid=0.0 integ=-0.0 vision=1 current=1 vframe=501 vs=1 vage=13 vpage=13 vdt=33 vmax=45 vacc=501 vrej=0 seq=0 elapsed=0 oled=3C
[   8265] STATUS mode=3 fault=none enc=-42 denc=2 sreq=143 sapplied=143 crate=143 uimp=-31735 upos=820 uneg=915 ball=-40.66 vball=4.37 aball=2.0 bref=0.00 pid=142.8 pref=-17.5 ppos=-31.7 apid=0.0 integ=-0.0 vision=1 current=1 vframe=502 vs=1 vage=29 vpage=29 vdt=34 vmax=45 vacc=502 vrej=0 seq=0 elapsed=0 oled=3C
[   8311] STATUS mode=3 fault=none enc=-37 denc=1 sreq=24 sapplied=24 crate=24 uimp=-27425 upos=870 uneg=915 ball=-40.55 vball=2.82 aball=16.3 bref=0.00 pid=23.5 pref=-25.1 ppos=-27.4 apid=0.0 integ=-0.0 vision=1 current=1 vframe=504 vs=1 vage=13 vpage=13 vdt=33 vmax=45 vacc=504 vrej=0 seq=0 elapsed=0 oled=3C
[   8375] STATUS mode=3 fault=none enc=-36 denc=1 sreq=-22 sapplied=-22 crate=-22 uimp=-27500 upos=890 uneg=935 ball=-40.56 vball=1.89 aball=16.3 bref=0.00 pid=-22.3 pref=-29.7 ppos=-27.5 apid=0.0 integ=-0.0 vision=1 current=1 vframe=505 vs=1 vage=30 vpage=30 vdt=33 vmax=45 vacc=505 vrej=0 seq=0 elapsed=0 oled=3C
[   8420] STATUS mode=3 fault=none enc=-39 denc=1 sreq=-150 sapplied=-150 crate=-150 uimp=-31015 upos=890 uneg=985 ball=-40.83 vball=-1.31 aball=-3.6 bref=0.00 pid=-150.4 pref=-46.1 ppos=-31.0 apid=-0.0 integ=-0.0 vision=1 current=1 vframe=507 vs=1 vage=13 vpage=13 vdt=34 vmax=45 vacc=507 vrej=0 seq=0 elapsed=0 oled=3C
[   8467] STATUS mode=3 fault=none enc=-47 denc=0 sreq=-101 sapplied=-101 crate=-101 uimp=-37380 upos=890 uneg=1035 ball=-40.91 vball=-1.58 aball=-3.6 bref=0.00 pid=-101.2 pref=-47.5 ppos=-37.4 apid=-0.0 integ=-0.0 vision=1 current=1 vframe=508 vs=1 vage=29 vpage=29 vdt=34 vmax=45 vacc=508 vrej=0 seq=0 elapsed=0 oled=3C
[   8515] STATUS mode=3 fault=none enc=-51 denc=0 sreq=-34 sapplied=-34 crate=-34 uimp=-40765 upos=890 uneg=1085 ball=-40.93 vball=-0.91 aball=-12.4 bref=0.00 pid=-34.1 pref=-44.2 ppos=-40.8 apid=-0.0 integ=-0.0 vision=1 current=1 vframe=510 vs=1 vage=12 vpage=12 vdt=33 vmax=45 vacc=510 vrej=0 seq=0 elapsed=0 oled=3C
[   8561] STATUS mode=3 fault=none enc=-52 denc=1 sreq=0 sapplied=0 crate=-10 uimp=-41535 upos=890 uneg=1110 ball=-40.92 vball=-0.59 aball=-12.4 bref=0.00 pid=-10.3 pref=-42.6 ppos=-41.5 apid=-0.0 integ=-0.0 vision=1 current=1 vframe=511 vs=1 vage=30 vpage=30 vdt=32 vmax=45 vacc=511 vrej=0 seq=0 elapsed=0 oled=3C
[   8625] STATUS mode=3 fault=none enc=-52 denc=0 sreq=0 sapplied=0 crate=0 uimp=-41535 upos=890 uneg=1110 ball=-40.91 vball=-0.24 aball=-2.7 bref=0.00 pid=0.0 pref=-40.8 ppos=-41.5 apid=-0.0 integ=-0.0 vision=1 current=1 vframe=513 vs=1 vage=13 vpage=13 vdt=33 vmax=45 vacc=513 vrej=0 seq=0 elapsed=0 oled=3C
[   8670] STATUS mode=3 fault=none enc=-52 denc=0 sreq=0 sapplied=0 crate=12 uimp=-41535 upos=890 uneg=1110 ball=-40.91 vball=-0.15 aball=-2.7 bref=0.00 pid=11.8 pref=-40.4 ppos=-41.5 apid=-0.0 integ=-0.0 vision=1 current=1 vframe=514 vs=1 vage=30 vpage=30 vdt=33 vmax=45 vacc=514 vrej=0 seq=0 elapsed=0 oled=3C
[   8717] STATUS mode=3 fault=none enc=-52 denc=0 sreq=0 sapplied=0 crate=0 uimp=-41535 upos=890 uneg=1110 ball=-40.92 vball=-0.20 aball=-0.2 bref=0.00 pid=0.0 pref=-40.6 ppos=-41.5 apid=-0.0 integ=-0.0 vision=1 current=1 vframe=516 vs=1 vage=13 vpage=13 vdt=34 vmax=45 vacc=516 vrej=0 seq=0 elapsed=0 oled=3C
[   8765] STATUS mode=3 fault=none enc=-52 denc=0 sreq=38 sapplied=38 crate=38 uimp=-40665 upos=910 uneg=1110 ball=-40.86 vball=0.54 aball=-0.2 bref=0.00 pid=38.2 pref=-36.8 ppos=-40.7 apid=-0.0 integ=-0.0 vision=1 current=1 vframe=517 vs=1 vage=30 vpage=30 vdt=33 vmax=45 vacc=517 vrej=0 seq=0 elapsed=0 oled=3C
[   8811] STATUS mode=3 fault=none enc=-49 denc=0 sreq=26 sapplied=26 crate=26 uimp=-37425 upos=960 uneg=1110 ball=-40.74 vball=0.92 aball=7.6 bref=0.00 pid=26.3 pref=-34.8 ppos=-37.4 apid=0.0 integ=-0.0 vision=1 current=1 vframe=519 vs=1 vage=13 vpage=13 vdt=34 vmax=45 vacc=519 vrej=0 seq=0 elapsed=0 oled=3C
[   8875] STATUS mode=3 fault=none enc=-46 denc=1 sreq=51 sapplied=51 crate=51 uimp=-35100 upos=1010 uneg=1110 ball=-40.62 vball=1.85 aball=7.6 bref=0.00 pid=51.0 pref=-30.0 ppos=-35.1 apid=0.0 integ=-0.0 vision=1 current=1 vframe=520 vs=1 vage=31 vpage=31 vdt=32 vmax=45 vacc=520 vrej=0 seq=0 elapsed=0 oled=3C
[   8920] STATUS mode=3 fault=none enc=-43 denc=0 sreq=33 sapplied=33 crate=33 uimp=-32025 upos=1060 uneg=1110 ball=-40.45 vball=2.07 aball=8.1 bref=0.00 pid=33.2 pref=-28.7 ppos=-32.0 apid=0.0 integ=-0.0 vision=1 current=1 vframe=522 vs=1 vage=13 vpage=13 vdt=34 vmax=45 vacc=522 vrej=0 seq=0 elapsed=0 oled=3C
[   8967] STATUS mode=3 fault=none enc=-42 denc=0 sreq=0 sapplied=0 crate=0 uimp=-31275 upos=1085 uneg=1110 ball=-40.45 vball=1.47 aball=8.1 bref=0.00 pid=0.0 pref=-31.7 ppos=-31.3 apid=0.0 integ=-0.0 vision=1 current=1 vframe=523 vs=1 vage=30 vpage=30 vdt=33 vmax=45 vacc=523 vrej=0 seq=0 elapsed=0 oled=3C
[   9015] STATUS mode=3 fault=none enc=-42 denc=1 sreq=-35 sapplied=-35 crate=-35 uimp=-32405 upos=1085 uneg=1150 ball=-40.46 vball=0.63 aball=-2.3 bref=0.00 pid=-35.1 pref=-35.9 ppos=-32.4 apid=-0.0 integ=-0.0 vision=1 current=1 vframe=525 vs=1 vage=14 vpage=14 vdt=33 vmax=45 vacc=525 vrej=0 seq=0 elapsed=0 oled=3C
[   9061] STATUS mode=3 fault=none enc=-44 denc=0 sreq=-39 sapplied=-39 crate=-39 uimp=-34355 upos=1085 uneg=1200 ball=-40.49 vball=0.16 aball=-2.3 bref=0.00 pid=-39.4 pref=-38.3 ppos=-34.4 apid=-0.0 integ=-0.0 vision=1 current=1 vframe=526 vs=1 vage=30 vpage=30 vdt=34 vmax=45 vacc=526 vrej=0 seq=0 elapsed=0 oled=3C
[   9125] STATUS mode=3 fault=none enc=-46 denc=0 sreq=-36 sapplied=-36 crate=-36 uimp=-36340 upos=1085 uneg=1250 ball=-40.52 vball=-0.16 aball=-5.7 bref=0.00 pid=-35.9 pref=-39.9 ppos=-36.3 apid=-0.0 integ=-0.0 vision=1 current=1 vframe=528 vs=1 vage=14 vpage=14 vdt=33 vmax=45 vacc=528 vrej=0 seq=0 elapsed=0 oled=3C
[   9170] STATUS mode=3 fault=none enc=-49 denc=0 sreq=-22 sapplied=-22 crate=-22 uimp=-37780 upos=1085 uneg=1300 ball=-40.52 vball=-0.16 aball=-5.7 bref=0.00 pid=-21.5 pref=-39.9 ppos=-37.8 apid=-0.0 integ=-0.0 vision=1 current=1 vframe=529 vs=1 vage=29 vpage=29 vdt=35 vmax=45 vacc=529 vrej=0 seq=0 elapsed=0 oled=3C
[   9217] STATUS mode=3 fault=none enc=-49 denc=0 sreq=0 sapplied=0 crate=-17 uimp=-37890 upos=1085 uneg=1305 ball=-40.52 vball=-0.09 aball=-3.7 bref=0.00 pid=-16.9 pref=-39.6 ppos=-37.9 apid=-0.0 integ=-0.0 vision=1 current=1 vframe=531 vs=1 vage=13 vpage=13 vdt=34 vmax=45 vacc=531 vrej=0 seq=0 elapsed=0 oled=3C
[   9265] STATUS mode=3 fault=none enc=-49 denc=0 sreq=0 sapplied=0 crate=-15 uimp=-37890 upos=1085 uneg=1305 ball=-40.52 vball=-0.06 aball=-3.7 bref=0.00 pid=-15.4 pref=-39.4 ppos=-37.9 apid=-0.0 integ=-0.0 vision=1 current=1 vframe=532 vs=1 vage=29 vpage=29 vdt=34 vmax=45 vacc=532 vrej=0 seq=0 elapsed=0 oled=3C
[   9311] STATUS mode=3 fault=none enc=-49 denc=0 sreq=-22 sapplied=-22 crate=-22 uimp=-38125 upos=1085 uneg=1315 ball=-40.55 vball=-0.23 aball=-1.6 bref=0.00 pid=-22.0 pref=-40.3 ppos=-38.1 apid=-0.0 integ=-0.0 vision=1 current=1 vframe=534 vs=1 vage=13 vpage=13 vdt=34 vmax=45 vacc=534 vrej=0 seq=0 elapsed=0 oled=3C
[   9375] STATUS mode=3 fault=none enc=-50 denc=0 sreq=0 sapplied=0 crate=-16 uimp=-38440 upos=1085 uneg=1330 ball=-40.56 vball=-0.17 aball=-1.6 bref=0.00 pid=-15.9 pref=-40.0 ppos=-38.4 apid=-0.0 integ=-0.0 vision=1 current=1 vframe=535 vs=1 vage=30 vpage=30 vdt=33 vmax=45 vacc=535 vrej=0 seq=0 elapsed=0 oled=3C
[   9420] STATUS mode=3 fault=none enc=-50 denc=0 sreq=-20 sapplied=-20 crate=-20 uimp=-38655 upos=1085 uneg=1340 ball=-40.58 vball=-0.28 aball=-1.3 bref=0.00 pid=-19.5 pref=-40.6 ppos=-38.7 apid=-0.0 integ=-0.0 vision=1 current=1 vframe=537 vs=1 vage=13 vpage=13 vdt=33 vmax=45 vacc=537 vrej=0 seq=0 elapsed=0 oled=3C
[   9467] STATUS mode=3 fault=none enc=-51 denc=0 sreq=-68 sapplied=-68 crate=-68 uimp=-40730 upos=1085 uneg=1370 ball=-40.73 vball=-1.62 aball=-1.3 bref=0.00 pid=-67.6 pref=-47.5 ppos=-40.7 apid=-0.0 integ=-0.0 vision=1 current=1 vframe=538 vs=1 vage=30 vpage=30 vdt=33 vmax=45 vacc=538 vrej=0 seq=0 elapsed=0 oled=3C
[   9515] STATUS mode=3 fault=none enc=-55 denc=1 sreq=29 sapplied=29 crate=29 uimp=-43620 upos=1090 uneg=1410 ball=-40.72 vball=-0.27 aball=-9.6 bref=0.00 pid=29.0 pref=-40.7 ppos=-43.6 apid=-0.0 integ=-0.0 vision=1 current=1 vframe=540 vs=1 vage=13 vpage=13 vdt=33 vmax=45 vacc=540 vrej=0 seq=0 elapsed=0 oled=3C
[   9561] STATUS mode=3 fault=none enc=-55 denc=0 sreq=73 sapplied=73 crate=73 uimp=-40830 upos=1140 uneg=1410 ball=-40.57 vball=1.13 aball=-9.6 bref=0.00 pid=72.9 pref=-33.5 ppos=-40.8 apid=-0.0 integ=-0.0 vision=1 current=1 vframe=541 vs=1 vage=30 vpage=30 vdt=33 vmax=45 vacc=541 vrej=0 seq=0 elapsed=0 oled=3C
[   9625] STATUS mode=3 fault=none enc=-52 denc=-1 sreq=43 sapplied=43 crate=43 uimp=-37425 upos=1190 uneg=1410 ball=-40.47 vball=1.18 aball=10.8 bref=0.00 pid=42.5 pref=-33.2 ppos=-37.4 apid=0.0 integ=-0.0 vision=1 current=1 vframe=543 vs=1 vage=13 vpage=13 vdt=34 vmax=45 vacc=543 vrej=0 seq=0 elapsed=0 oled=3C
[   9670] STATUS mode=3 fault=none enc=-50 denc=0 sreq=0 sapplied=0 crate=16 uimp=-36465 upos=1215 uneg=1410 ball=-40.47 vball=0.84 aball=10.8 bref=0.00 pid=15.9 pref=-34.9 ppos=-36.5 apid=0.0 integ=-0.0 vision=1 current=1 vframe=544 vs=1 vage=30 vpage=30 vdt=33 vmax=45 vacc=544 vrej=0 seq=0 elapsed=0 oled=3C
[   9717] STATUS mode=3 fault=none enc=-50 denc=0 sreq=0 sapplied=0 crate=0 uimp=-36465 upos=1215 uneg=1410 ball=-40.48 vball=0.36 aball=2.0 bref=0.00 pid=0.0 pref=-37.3 ppos=-36.5 apid=0.0 integ=-0.0 vision=1 current=1 vframe=546 vs=1 vage=12 vpage=12 vdt=35 vmax=45 vacc=546 vrej=0 seq=0 elapsed=0 oled=3C
[   9765] STATUS mode=3 fault=none enc=-50 denc=0 sreq=-88 sapplied=-88 crate=-88 uimp=-38460 upos=1215 uneg=1430 ball=-40.69 vball=-1.58 aball=2.0 bref=0.00 pid=-87.8 pref=-47.2 ppos=-38.5 apid=0.0 integ=-0.0 vision=1 current=1 vframe=547 vs=1 vage=30 vpage=30 vdt=32 vmax=45 vacc=547 vrej=0 seq=0 elapsed=0 oled=3C
[   9811] STATUS mode=3 fault=none enc=-53 denc=0 sreq=-40 sapplied=-40 crate=-40 uimp=-42035 upos=1215 uneg=1480 ball=-40.77 vball=-1.32 aball=-9.0 bref=0.00 pid=-40.0 pref=-46.0 ppos=-42.0 apid=-0.0 integ=-0.0 vision=1 current=1 vframe=549 vs=1 vage=13 vpage=13 vdt=34 vmax=45 vacc=549 vrej=0 seq=0 elapsed=0 oled=3C
[   9875] STATUS mode=3 fault=none enc=-55 denc=1 sreq=0 sapplied=0 crate=-10 uimp=-42940 upos=1215 uneg=1505 ball=-40.77 vball=-0.91 aball=-9.0 bref=0.00 pid=-10.4 pref=-44.0 ppos=-42.9 apid=-0.0 integ=-0.0 vision=1 current=1 vframe=550 vs=1 vage=29 vpage=29 vdt=34 vmax=45 vacc=550 vrej=0 seq=0 elapsed=0 oled=3C
[   9920] STATUS mode=3 fault=none enc=-55 denc=0 sreq=0 sapplied=0 crate=16 uimp=-42940 upos=1215 uneg=1505 ball=-40.76 vball=-0.38 aball=-0.1 bref=0.00 pid=16.2 pref=-41.3 ppos=-42.9 apid=-0.0 integ=-0.0 vision=1 current=1 vframe=552 vs=1 vage=13 vpage=13 vdt=34 vmax=45 vacc=552 vrej=0 seq=0 elapsed=0 oled=3C
[   9967] STATUS mode=3 fault=none enc=-55 denc=0 sreq=0 sapplied=0 crate=0 uimp=-42940 upos=1215 uneg=1505 ball=-40.80 vball=-0.69 aball=-0.1 bref=0.00 pid=0.0 pref=-42.9 ppos=-42.9 apid=-0.0 integ=-0.0 vision=1 current=1 vframe=553 vs=1 vage=30 vpage=30 vdt=33 vmax=45 vacc=553 vrej=0 seq=0 elapsed=0 oled=3C
[  10015] STATUS mode=3 fault=none enc=-55 denc=0 sreq=0 sapplied=0 crate=0 uimp=-42940 upos=1215 uneg=1505 ball=-40.85 vball=-0.66 aball=-1.0 bref=0.00 pid=0.0 pref=-42.8 ppos=-42.9 apid=-0.0 integ=-0.0 vision=1 current=1 vframe=555 vs=1 vage=14 vpage=14 vdt=33 vmax=45 vacc=555 vrej=0 seq=0 elapsed=0 oled=3C
[  10061] STATUS mode=3 fault=none enc=-55 denc=0 sreq=0 sapplied=0 crate=11 uimp=-42940 upos=1215 uneg=1505 ball=-40.85 vball=-0.47 aball=-1.0 bref=0.00 pid=10.6 pref=-41.9 ppos=-42.9 apid=-0.0 integ=-0.0 vision=1 current=1 vframe=556 vs=1 vage=29 vpage=29 vdt=35 vmax=45 vacc=556 vrej=0 seq=0 elapsed=0 oled=3C
[  10125] STATUS mode=3 fault=none enc=-55 denc=0 sreq=36 sapplied=36 crate=36 uimp=-42755 upos=1220 uneg=1505 ball=-40.82 vball=0.06 aball=1.8 bref=0.00 pid=35.6 pref=-39.2 ppos=-42.8 apid=0.0 integ=-0.0 vision=1 current=1 vframe=558 vs=1 vage=14 vpage=14 vdt=33 vmax=45 vacc=558 vrej=0 seq=0 elapsed=0 oled=3C
[  10170] STATUS mode=3 fault=none enc=-54 denc=1 sreq=29 sapplied=29 crate=29 uimp=-41035 upos=1270 uneg=1505 ball=-40.79 vball=0.27 aball=1.8 bref=0.00 pid=29.3 pref=-38.1 ppos=-41.0 apid=0.0 integ=-0.0 vision=1 current=1 vframe=559 vs=1 vage=31 vpage=31 vdt=33 vmax=45 vacc=559 vrej=0 seq=0 elapsed=0 oled=3C
[  10217] STATUS mode=3 fault=none enc=-53 denc=0 sreq=0 sapplied=0 crate=16 uimp=-40070 upos=1310 uneg=1505 ball=-40.78 vball=0.20 aball=3.5 bref=0.00 pid=16.2 pref=-38.4 ppos=-40.1 apid=0.0 integ=-0.0 vision=1 current=1 vframe=561 vs=1 vage=13 vpage=13 vdt=34 vmax=45 vacc=561 vrej=0 seq=0 elapsed=0 oled=3C
[  10265] STATUS mode=3 fault=none enc=-53 denc=0 sreq=0 sapplied=0 crate=19 uimp=-39755 upos=1325 uneg=1505 ball=-40.77 vball=0.31 aball=3.5 bref=0.00 pid=18.7 pref=-37.9 ppos=-39.8 apid=0.0 integ=-0.0 vision=1 current=1 vframe=562 vs=1 vage=31 vpage=31 vdt=32 vmax=45 vacc=562 vrej=0 seq=0 elapsed=0 oled=3C
[  10311] STATUS mode=3 fault=none enc=-53 denc=0 sreq=0 sapplied=0 crate=-18 uimp=-39550 upos=1335 uneg=1505 ball=-40.82 vball=-0.38 aball=2.3 bref=0.00 pid=-18.4 pref=-41.4 ppos=-39.6 apid=0.0 integ=-0.0 vision=1 current=1 vframe=564 vs=1 vage=13 vpage=13 vdt=36 vmax=45 vacc=564 vrej=0 seq=0 elapsed=0 oled=3C
[  10375] STATUS mode=3 fault=none enc=-53 denc=0 sreq=0 sapplied=0 crate=-17 uimp=-39550 upos=1335 uneg=1505 ball=-40.83 vball=-0.35 aball=2.3 bref=0.00 pid=-17.1 pref=-41.3 ppos=-39.6 apid=0.0 integ=-0.0 vision=1 current=1 vframe=565 vs=1 vage=30 vpage=30 vdt=33 vmax=45 vacc=565 vrej=0 seq=0 elapsed=0 oled=3C
[  10420] STATUS mode=3 fault=none enc=-53 denc=0 sreq=20 sapplied=20 crate=20 uimp=-39335 upos=1345 uneg=1505 ball=-40.76 vball=0.41 aball=0.5 bref=0.00 pid=19.6 pref=-37.4 ppos=-39.3 apid=0.0 integ=-0.0 vision=1 current=1 vframe=567 vs=1 vage=14 vpage=14 vdt=33 vmax=45 vacc=567 vrej=0 seq=0 elapsed=0 oled=3C
[  10467] STATUS mode=3 fault=none enc=-53 denc=0 sreq=0 sapplied=0 crate=17 uimp=-39235 upos=1350 uneg=1505 ball=-40.75 vball=0.38 aball=0.5 bref=0.00 pid=17.3 pref=-37.5 ppos=-39.2 apid=0.0 integ=-0.0 vision=1 current=1 vframe=568 vs=1 vage=31 vpage=31 vdt=33 vmax=45 vacc=568 vrej=0 seq=0 elapsed=0 oled=3C
[  10515] STATUS mode=3 fault=none enc=-53 denc=0 sreq=0 sapplied=0 crate=0 uimp=-39235 upos=1350 uneg=1505 ball=-40.75 vball=0.19 aball=0.8 bref=0.00 pid=0.0 pref=-38.5 ppos=-39.2 apid=0.0 integ=-0.0 vision=1 current=1 vframe=570 vs=1 vage=15 vpage=15 vdt=32 vmax=45 vacc=570 vrej=0 seq=0 elapsed=0 oled=3C
[  10561] STATUS mode=3 fault=none enc=-53 denc=0 sreq=0 sapplied=0 crate=0 uimp=-39235 upos=1350 uneg=1505 ball=-40.75 vball=0.12 aball=0.8 bref=0.00 pid=0.0 pref=-38.8 ppos=-39.2 apid=0.0 integ=-0.0 vision=1 current=1 vframe=571 vs=1 vage=31 vpage=31 vdt=34 vmax=45 vacc=571 vrej=0 seq=0 elapsed=0 oled=3C
[  10625] STATUS mode=3 fault=none enc=-53 denc=0 sreq=-22 sapplied=-22 crate=-22 uimp=-40100 upos=1350 uneg=1540 ball=-40.84 vball=-0.56 aball=-3.0 bref=0.00 pid=-22.2 pref=-42.3 ppos=-40.1 apid=-0.0 integ=-0.0 vision=1 current=1 vframe=573 vs=1 vage=14 vpage=14 vdt=31 vmax=45 vacc=573 vrej=0 seq=0 elapsed=0 oled=3C
[  10670] STATUS mode=3 fault=none enc=-54 denc=0 sreq=0 sapplied=0 crate=-13 uimp=-40415 upos=1350 uneg=1555 ball=-40.85 vball=-0.44 aball=-3.0 bref=0.00 pid=-13.1 pref=-41.7 ppos=-40.4 apid=-0.0 integ=-0.0 vision=1 current=1 vframe=574 vs=1 vage=31 vpage=31 vdt=33 vmax=45 vacc=574 vrej=0 seq=0 elapsed=0 oled=3C
[  10717] STATUS mode=3 fault=none enc=-54 denc=0 sreq=28 sapplied=28 crate=28 uimp=-40270 upos=1355 uneg=1555 ball=-40.78 vball=0.39 aball=-0.8 bref=0.00 pid=27.7 pref=-37.5 ppos=-40.3 apid=-0.0 integ=-0.0 vision=1 current=1 vframe=576 vs=1 vage=13 vpage=13 vdt=34 vmax=45 vacc=576 vrej=0 seq=0 elapsed=0 oled=3C
[  10765] STATUS mode=3 fault=none enc=-53 denc=0 sreq=20 sapplied=20 crate=20 uimp=-39030 upos=1405 uneg=1555 ball=-40.75 vball=0.48 aball=-0.8 bref=0.00 pid=20.2 pref=-37.0 ppos=-39.0 apid=-0.0 integ=-0.0 vision=1 current=1 vframe=577 vs=1 vage=31 vpage=31 vdt=32 vmax=45 vacc=577 vrej=0 seq=0 elapsed=0 oled=3C
[  10811] STATUS mode=3 fault=none enc=-53 denc=0 sreq=-27 sapplied=-27 crate=-27 uimp=-39075 upos=1410 uneg=1560 ball=-40.84 vball=-0.46 aball=1.6 bref=0.00 pid=-27.4 pref=-41.8 ppos=-39.1 apid=0.0 integ=-0.0 vision=1 current=1 vframe=579 vs=1 vage=14 vpage=14 vdt=33 vmax=45 vacc=579 vrej=0 seq=0 elapsed=0 oled=3C
[  10875] STATUS mode=3 fault=none enc=-54 denc=0 sreq=-24 sapplied=-24 crate=-24 uimp=-40440 upos=1410 uneg=1610 ball=-40.88 vball=-0.65 aball=1.6 bref=0.00 pid=-23.8 pref=-42.8 ppos=-40.4 apid=0.0 integ=-0.0 vision=1 current=1 vframe=580 vs=1 vage=31 vpage=31 vdt=33 vmax=45 vacc=580 vrej=0 seq=0 elapsed=0 oled=3C
[  10920] STATUS mode=3 fault=none enc=-54 denc=0 sreq=0 sapplied=0 crate=0 uimp=-40560 upos=1410 uneg=1615 ball=-40.89 vball=-0.39 aball=-2.2 bref=0.00 pid=0.0 pref=-41.5 ppos=-40.6 apid=-0.0 integ=-0.0 vision=1 current=1 vframe=582 vs=1 vage=14 vpage=14 vdt=34 vmax=45 vacc=582 vrej=0 seq=0 elapsed=0 oled=3C
[  10967] STATUS mode=3 fault=none enc=-54 denc=0 sreq=0 sapplied=0 crate=18 uimp=-40560 upos=1410 uneg=1615 ball=-40.84 vball=0.16 aball=-2.2 bref=0.00 pid=18.4 pref=-38.7 ppos=-40.6 apid=-0.0 integ=-0.0 vision=1 current=1 vframe=583 vs=1 vage=30 vpage=30 vdt=34 vmax=45 vacc=583 vrej=0 seq=0 elapsed=0 oled=3C
[  11015] STATUS mode=3 fault=none enc=-54 denc=0 sreq=22 sapplied=22 crate=22 uimp=-39400 upos=1450 uneg=1615 ball=-40.78 vball=0.45 aball=3.3 bref=0.00 pid=22.0 pref=-37.2 ppos=-39.4 apid=0.0 integ=-0.0 vision=1 current=1 vframe=585 vs=1 vage=14 vpage=14 vdt=33 vmax=45 vacc=585 vrej=0 seq=0 elapsed=0 oled=3C
[  11061] STATUS mode=3 fault=none enc=-54 denc=0 sreq=0 sapplied=0 crate=13 uimp=-39085 upos=1465 uneg=1615 ball=-40.78 vball=0.34 aball=3.3 bref=0.00 pid=13.4 pref=-37.7 ppos=-39.1 apid=0.0 integ=-0.0 vision=1 current=1 vframe=586 vs=1 vage=31 vpage=31 vdt=33 vmax=45 vacc=586 vrej=0 seq=0 elapsed=0 oled=3C
[  11125] STATUS mode=3 fault=none enc=-54 denc=0 sreq=0 sapplied=0 crate=-13 uimp=-39085 upos=1465 uneg=1615 ball=-40.82 vball=-0.17 aball=0.7 bref=0.00 pid=-12.6 pref=-40.3 ppos=-39.1 apid=0.0 integ=-0.0 vision=1 current=1 vframe=588 vs=1 vage=14 vpage=14 vdt=33 vmax=45 vacc=588 vrej=0 seq=0 elapsed=0 oled=3C
[  11170] STATUS mode=3 fault=none enc=-54 denc=0 sreq=-26 sapplied=-26 crate=-26 uimp=-39685 upos=1465 uneg=1635 ball=-40.87 vball=-0.55 aball=0.7 bref=0.00 pid=-26.2 pref=-42.3 ppos=-39.7 apid=0.0 integ=-0.0 vision=1 current=1 vframe=589 vs=1 vage=30 vpage=30 vdt=34 vmax=45 vacc=589 vrej=0 seq=0 elapsed=0 oled=3C
[  11217] STATUS mode=3 fault=none enc=-54 denc=0 sreq=0 sapplied=0 crate=16 uimp=-39815 upos=1465 uneg=1640 ball=-40.80 vball=0.25 aball=-0.8 bref=0.00 pid=16.0 pref=-38.2 ppos=-39.8 apid=-0.0 integ=-0.0 vision=1 current=1 vframe=591 vs=1 vage=13 vpage=13 vdt=34 vmax=45 vacc=591 vrej=0 seq=0 elapsed=0 oled=3C
[  11265] STATUS mode=3 fault=none enc=-54 denc=0 sreq=0 sapplied=0 crate=17 uimp=-39815 upos=1465 uneg=1640 ball=-40.79 vball=0.27 aball=-0.8 bref=0.00 pid=17.1 pref=-38.1 ppos=-39.8 apid=-0.0 integ=-0.0 vision=1 current=1 vframe=592 vs=1 vage=30 vpage=30 vdt=33 vmax=45 vacc=592 vrej=0 seq=0 elapsed=0 oled=3C
[  11311] STATUS mode=3 fault=none enc=-54 denc=0 sreq=0 sapplied=0 crate=11 uimp=-39815 upos=1465 uneg=1640 ball=-40.79 vball=0.15 aball=0.6 bref=0.00 pid=11.1 pref=-38.7 ppos=-39.8 apid=0.0 integ=-0.0 vision=1 current=1 vframe=594 vs=1 vage=15 vpage=15 vdt=31 vmax=45 vacc=594 vrej=0 seq=0 elapsed=0 oled=3C
[  11375] STATUS mode=3 fault=none enc=-54 denc=0 sreq=0 sapplied=0 crate=0 uimp=-39815 upos=1465 uneg=1640 ball=-40.79 vball=0.10 aball=0.6 bref=0.00 pid=0.0 pref=-39.0 ppos=-39.8 apid=0.0 integ=-0.0 vision=1 current=1 vframe=595 vs=1 vage=29 vpage=29 vdt=36 vmax=45 vacc=595 vrej=0 seq=0 elapsed=0 oled=3C
[  11420] STATUS mode=3 fault=none enc=-54 denc=0 sreq=-20 sapplied=-20 crate=-20 uimp=-40865 upos=1465 uneg=1685 ball=-40.89 vball=-0.65 aball=-3.4 bref=0.00 pid=-19.6 pref=-42.8 ppos=-40.9 apid=-0.0 integ=-0.0 vision=1 current=1 vframe=597 vs=1 vage=14 vpage=14 vdt=33 vmax=45 vacc=597 vrej=0 seq=0 elapsed=0 oled=3C
[  11467] STATUS mode=3 fault=none enc=-56 denc=0 sreq=28 sapplied=28 crate=28 uimp=-40135 upos=1490 uneg=1690 ball=-40.79 vball=0.43 aball=-3.4 bref=0.00 pid=28.3 pref=-37.3 ppos=-40.1 apid=-0.0 integ=-0.0 vision=1 current=1 vframe=598 vs=1 vage=31 vpage=31 vdt=33 vmax=45 vacc=598 vrej=0 seq=0 elapsed=0 oled=3C
[  11515] STATUS mode=3 fault=none enc=-54 denc=0 sreq=0 sapplied=0 crate=0 uimp=-38915 upos=1530 uneg=1690 ball=-40.78 vball=0.18 aball=3.6 bref=0.00 pid=0.0 pref=-38.5 ppos=-38.9 apid=0.0 integ=-0.0 vision=1 current=1 vframe=600 vs=1 vage=15 vpage=15 vdt=33 vmax=45 vacc=600 vrej=0 seq=0 elapsed=0 oled=3C
[  11561] STATUS mode=3 fault=none enc=-54 denc=0 sreq=-20 sapplied=-20 crate=-20 uimp=-39495 upos=1530 uneg=1715 ball=-40.84 vball=-0.39 aball=3.6 bref=0.00 pid=-19.7 pref=-41.5 ppos=-39.5 apid=0.0 integ=-0.0 vision=1 current=1 vframe=601 vs=1 vage=31 vpage=31 vdt=34 vmax=45 vacc=601 vrej=0 seq=0 elapsed=0 oled=3C
[  11625] STATUS mode=3 fault=none enc=-54 denc=0 sreq=0 sapplied=0 crate=0 uimp=-39800 upos=1530 uneg=1730 ball=-40.81 vball=0.11 aball=-2.7 bref=0.00 pid=0.0 pref=-38.9 ppos=-39.8 apid=-0.0 integ=-0.0 vision=1 current=1 vframe=603 vs=1 vage=15 vpage=15 vdt=33 vmax=45 vacc=603 vrej=0 seq=0 elapsed=0 oled=3C
[  11670] STATUS mode=3 fault=none enc=-54 denc=0 sreq=0 sapplied=0 crate=15 uimp=-39800 upos=1530 uneg=1730 ball=-40.79 vball=0.23 aball=-2.7 bref=0.00 pid=14.9 pref=-38.3 ppos=-39.8 apid=-0.0 integ=-0.0 vision=1 current=1 vframe=604 vs=1 vage=32 vpage=32 vdt=33 vmax=45 vacc=604 vrej=0 seq=0 elapsed=0 oled=3C
[  11717] STATUS mode=3 fault=none enc=-54 denc=0 sreq=0 sapplied=0 crate=19 uimp=-39700 upos=1535 uneg=1730 ball=-40.77 vball=0.32 aball=1.4 bref=0.00 pid=18.7 pref=-37.8 ppos=-39.7 apid=0.0 integ=-0.0 vision=1 current=1 vframe=606 vs=1 vage=15 vpage=15 vdt=34 vmax=45 vacc=606 vrej=0 seq=0 elapsed=0 oled=3C
[  11765] STATUS mode=3 fault=none enc=-54 denc=0 sreq=0 sapplied=0 crate=19 uimp=-39495 upos=1545 uneg=1730 ball=-40.75 vball=0.36 aball=1.4 bref=0.00 pid=18.9 pref=-37.6 ppos=-39.5 apid=0.0 integ=-0.0 vision=1 current=1 vframe=607 vs=1 vage=32 vpage=32 vdt=33 vmax=45 vacc=607 vrej=0 seq=0 elapsed=0 oled=3C
[  11811] STATUS mode=3 fault=none enc=-54 denc=0 sreq=0 sapplied=0 crate=11 uimp=-39495 upos=1545 uneg=1730 ball=-40.75 vball=0.20 aball=1.2 bref=0.00 pid=10.9 pref=-38.4 ppos=-39.5 apid=0.0 integ=-0.0 vision=1 current=1 vframe=609 vs=1 vage=15 vpage=15 vdt=34 vmax=45 vacc=609 vrej=0 seq=0 elapsed=0 oled=3C
[  11875] STATUS mode=3 fault=none enc=-54 denc=0 sreq=0 sapplied=0 crate=0 uimp=-39495 upos=1545 uneg=1730 ball=-40.75 vball=0.13 aball=1.2 bref=0.00 pid=0.0 pref=-38.8 ppos=-39.5 apid=0.0 integ=-0.0 vision=1 current=1 vframe=610 vs=1 vage=32 vpage=32 vdt=33 vmax=45 vacc=610 vrej=0 seq=0 elapsed=0 oled=3C
[  11920] STATUS mode=3 fault=none enc=-54 denc=0 sreq=0 sapplied=0 crate=0 uimp=-39495 upos=1545 uneg=1730 ball=-40.75 vball=0.05 aball=-0.2 bref=0.00 pid=0.0 pref=-39.2 ppos=-39.5 apid=-0.0 integ=-0.0 vision=1 current=1 vframe=612 vs=1 vage=15 vpage=15 vdt=32 vmax=45 vacc=612 vrej=0 seq=0 elapsed=0 oled=3C
[  11967] STATUS mode=3 fault=none enc=-54 denc=0 sreq=0 sapplied=0 crate=0 uimp=-39495 upos=1545 uneg=1730 ball=-40.75 vball=0.03 aball=-0.2 bref=0.00 pid=0.0 pref=-39.3 ppos=-39.5 apid=-0.0 integ=-0.0 vision=1 current=1 vframe=613 vs=1 vage=30 vpage=30 vdt=35 vmax=45 vacc=613 vrej=0 seq=0 elapsed=0 oled=3C
[  12015] STATUS mode=3 fault=none enc=-54 denc=0 sreq=0 sapplied=0 crate=0 uimp=-39495 upos=1545 uneg=1730 ball=-40.75 vball=0.01 aball=-0.4 bref=0.00 pid=0.0 pref=-39.4 ppos=-39.5 apid=-0.0 integ=-0.0 vision=1 current=1 vframe=615 vs=1 vage=15 vpage=15 vdt=34 vmax=45 vacc=615 vrej=0 seq=0 elapsed=0 oled=3C
[  12061] STATUS mode=3 fault=none enc=-54 denc=0 sreq=0 sapplied=0 crate=0 uimp=-39495 upos=1545 uneg=1730 ball=-40.75 vball=0.01 aball=-0.4 bref=0.00 pid=0.0 pref=-39.4 ppos=-39.5 apid=-0.0 integ=-0.0 vision=1 current=1 vframe=616 vs=1 vage=31 vpage=31 vdt=34 vmax=45 vacc=616 vrej=0 seq=0 elapsed=0 oled=3C
[  12125] STATUS mode=3 fault=none enc=-54 denc=0 sreq=0 sapplied=0 crate=0 uimp=-39495 upos=1545 uneg=1730 ball=-40.75 vball=0.00 aball=-0.3 bref=0.00 pid=0.0 pref=-39.4 ppos=-39.5 apid=-0.0 integ=-0.0 vision=1 current=1 vframe=618 vs=1 vage=15 vpage=15 vdt=34 vmax=45 vacc=618 vrej=0 seq=0 elapsed=0 oled=3C
[  12170] STATUS mode=3 fault=none enc=-54 denc=0 sreq=0 sapplied=0 crate=0 uimp=-39495 upos=1545 uneg=1730 ball=-40.75 vball=0.00 aball=-0.3 bref=0.00 pid=0.0 pref=-39.4 ppos=-39.5 apid=-0.0 integ=-0.0 vision=1 current=1 vframe=619 vs=1 vage=31 vpage=31 vdt=34 vmax=45 vacc=619 vrej=0 seq=0 elapsed=0 oled=3C
[  12217] STATUS mode=3 fault=none enc=-54 denc=0 sreq=0 sapplied=0 crate=0 uimp=-39495 upos=1545 uneg=1730 ball=-40.75 vball=0.00 aball=-0.2 bref=0.00 pid=0.0 pref=-39.4 ppos=-39.5 apid=-0.0 integ=-0.0 vision=1 current=1 vframe=621 vs=1 vage=11 vpage=11 vdt=37 vmax=45 vacc=621 vrej=0 seq=0 elapsed=0 oled=3C
[  12265] STATUS mode=3 fault=none enc=-54 denc=0 sreq=-21 sapplied=-21 crate=-21 uimp=-39965 upos=1545 uneg=1750 ball=-40.80 vball=-0.51 aball=-0.2 bref=0.00 pid=-20.5 pref=-42.0 ppos=-40.0 apid=-0.0 integ=-0.0 vision=1 current=1 vframe=622 vs=1 vage=29 vpage=29 vdt=32 vmax=45 vacc=622 vrej=0 seq=0 elapsed=0 oled=3C
[  12311] STATUS mode=3 fault=none enc=-56 denc=0 sreq=27 sapplied=27 crate=27 uimp=-40070 upos=1545 uneg=1755 ball=-40.73 vball=0.41 aball=-1.1 bref=0.00 pid=27.3 pref=-37.3 ppos=-40.1 apid=-0.0 integ=-0.0 vision=1 current=1 vframe=624 vs=1 vage=9 vpage=9 vdt=39 vmax=45 vacc=624 vrej=0 seq=0 elapsed=0 oled=3C
[  12375] STATUS mode=3 fault=none enc=-56 denc=0 sreq=0 sapplied=0 crate=19 uimp=-38920 upos=1595 uneg=1755 ball=-40.70 vball=0.46 aball=-1.1 bref=0.00 pid=18.7 pref=-37.1 ppos=-38.9 apid=-0.0 integ=-0.0 vision=1 current=1 vframe=625 vs=1 vage=23 vpage=23 vdt=36 vmax=45 vacc=625 vrej=0 seq=0 elapsed=0 oled=3C
[  12420] STATUS mode=3 fault=none enc=-55 denc=0 sreq=0 sapplied=0 crate=0 uimp=-38920 upos=1595 uneg=1755 ball=-40.70 vball=0.26 aball=2.0 bref=0.00 pid=0.0 pref=-38.1 ppos=-38.9 apid=0.0 integ=-0.0 vision=1 current=1 vframe=627 vs=1 vage=14 vpage=14 vdt=33 vmax=45 vacc=627 vrej=0 seq=0 elapsed=0 oled=3C
[  12467] STATUS mode=3 fault=none enc=-55 denc=0 sreq=0 sapplied=0 crate=0 uimp=-38920 upos=1595 uneg=1755 ball=-40.72 vball=0.01 aball=2.0 bref=0.00 pid=0.0 pref=-39.3 ppos=-38.9 apid=0.0 integ=-0.0 vision=1 current=1 vframe=628 vs=1 vage=31 vpage=31 vdt=33 vmax=45 vacc=628 vrej=0 seq=0 elapsed=0 oled=3C
[  12515] STATUS mode=3 fault=none enc=-55 denc=0 sreq=0 sapplied=0 crate=0 uimp=-38920 upos=1595 uneg=1755 ball=-40.73 vball=-0.05 aball=-0.8 bref=0.00 pid=0.0 pref=-39.6 ppos=-38.9 apid=-0.0 integ=-0.0 vision=1 current=1 vframe=630 vs=1 vage=14 vpage=14 vdt=34 vmax=45 vacc=630 vrej=0 seq=0 elapsed=0 oled=3C
[  12561] STATUS mode=3 fault=none enc=-55 denc=0 sreq=-21 sapplied=-21 crate=-21 uimp=-39530 upos=1595 uneg=1780 ball=-40.77 vball=-0.44 aball=-0.8 bref=0.00 pid=-21.0 pref=-41.6 ppos=-39.5 apid=-0.0 integ=-0.0 vision=1 current=1 vframe=631 vs=1 vage=31 vpage=31 vdt=33 vmax=45 vacc=631 vrej=0 seq=0 elapsed=0 oled=3C
[  12625] STATUS mode=3 fault=none enc=-56 denc=1 sreq=0 sapplied=0 crate=0 uimp=-40555 upos=1595 uneg=1820 ball=-40.79 vball=-0.29 aball=-3.1 bref=0.00 pid=0.0 pref=-40.9 ppos=-40.6 apid=-0.0 integ=-0.0 vision=1 current=1 vframe=633 vs=1 vage=14 vpage=14 vdt=34 vmax=45 vacc=633 vrej=0 seq=0 elapsed=0 oled=3C
[  12670] STATUS mode=3 fault=none enc=-57 denc=0 sreq=0 sapplied=0 crate=0 uimp=-40555 upos=1595 uneg=1820 ball=-40.78 vball=-0.13 aball=-3.1 bref=0.00 pid=0.0 pref=-40.1 ppos=-40.6 apid=-0.0 integ=-0.0 vision=1 current=1 vframe=634 vs=1 vage=31 vpage=31 vdt=33 vmax=45 vacc=634 vrej=0 seq=0 elapsed=0 oled=3C
[  12717] STATUS mode=3 fault=none enc=-57 denc=0 sreq=0 sapplied=0 crate=0 uimp=-40555 upos=1595 uneg=1820 ball=-40.78 vball=-0.03 aball=0.9 bref=0.00 pid=0.0 pref=-39.6 ppos=-40.6 apid=0.0 integ=-0.0 vision=1 current=1 vframe=636 vs=1 vage=14 vpage=14 vdt=34 vmax=45 vacc=636 vrej=0 seq=0 elapsed=0 oled=3C
[  12765] STATUS mode=3 fault=none enc=-57 denc=0 sreq=0 sapplied=0 crate=11 uimp=-40555 upos=1595 uneg=1820 ball=-40.78 vball=-0.01 aball=0.9 bref=0.00 pid=10.6 pref=-39.5 ppos=-40.6 apid=0.0 integ=-0.0 vision=1 current=1 vframe=637 vs=1 vage=31 vpage=31 vdt=33 vmax=45 vacc=637 vrej=0 seq=0 elapsed=0 oled=3C
[  12811] STATUS mode=3 fault=none enc=-57 denc=0 sreq=0 sapplied=0 crate=-13 uimp=-40555 upos=1595 uneg=1820 ball=-40.83 vball=-0.46 aball=0.7 bref=0.00 pid=-12.5 pref=-41.8 ppos=-40.6 apid=0.0 integ=-0.0 vision=1 current=1 vframe=639 vs=1 vage=14 vpage=14 vdt=34 vmax=45 vacc=639 vrej=0 seq=0 elapsed=0 oled=3C
[  12875] STATUS mode=3 fault=none enc=-57 denc=0 sreq=0 sapplied=0 crate=-13 uimp=-40555 upos=1595 uneg=1820 ball=-40.85 vball=-0.46 aball=0.7 bref=0.00 pid=-12.7 pref=-41.8 ppos=-40.6 apid=0.0 integ=-0.0 vision=1 current=1 vframe=640 vs=1 vage=32 vpage=32 vdt=32 vmax=45 vacc=640 vrej=0 seq=0 elapsed=0 oled=3C
[  12920] STATUS mode=3 fault=none enc=-57 denc=0 sreq=0 sapplied=0 crate=-13 uimp=-40555 upos=1595 uneg=1820 ball=-40.87 vball=-0.46 aball=-1.4 bref=0.00 pid=-13.0 pref=-41.9 ppos=-40.6 apid=-0.0 integ=-0.0 vision=1 current=1 vframe=642 vs=1 vage=15 vpage=15 vdt=33 vmax=45 vacc=642 vrej=0 seq=0 elapsed=0 oled=3C
[  12967] STATUS mode=3 fault=none enc=-57 denc=0 sreq=0 sapplied=0 crate=-11 uimp=-40555 upos=1595 uneg=1820 ball=-40.88 vball=-0.41 aball=-1.4 bref=0.00 pid=-10.6 pref=-41.6 ppos=-40.6 apid=-0.0 integ=-0.0 vision=1 current=1 vframe=643 vs=1 vage=32 vpage=32 vdt=33 vmax=45 vacc=643 vrej=0 seq=0 elapsed=0 oled=3C
[  13015] STATUS mode=3 fault=none enc=-57 denc=0 sreq=0 sapplied=0 crate=0 uimp=-40555 upos=1595 uneg=1820 ball=-40.88 vball=-0.20 aball=-0.3 bref=0.00 pid=0.0 pref=-40.6 ppos=-40.6 apid=-0.0 integ=-0.0 vision=1 current=1 vframe=645 vs=1 vage=15 vpage=15 vdt=33 vmax=45 vacc=645 vrej=0 seq=0 elapsed=0 oled=3C
[  13061] STATUS mode=3 fault=none enc=-57 denc=0 sreq=0 sapplied=0 crate=0 uimp=-40555 upos=1595 uneg=1820 ball=-40.87 vball=-0.03 aball=-0.3 bref=0.00 pid=0.0 pref=-39.7 ppos=-40.6 apid=-0.0 integ=-0.0 vision=1 current=1 vframe=646 vs=1 vage=32 vpage=32 vdt=33 vmax=45 vacc=646 vrej=0 seq=0 elapsed=0 oled=3C
[  13125] STATUS mode=3 fault=none enc=-57 denc=0 sreq=21 sapplied=21 crate=21 uimp=-40330 upos=1605 uneg=1820 ball=-40.84 vball=0.25 aball=1.5 bref=0.00 pid=20.6 pref=-38.3 ppos=-40.3 apid=0.0 integ=-0.0 vision=1 current=1 vframe=648 vs=1 vage=16 vpage=16 vdt=31 vmax=45 vacc=648 vrej=0 seq=0 elapsed=0 oled=3C
[  13170] STATUS mode=3 fault=none enc=-57 denc=0 sreq=0 sapplied=0 crate=19 uimp=-40025 upos=1620 uneg=1820 ball=-40.83 vball=0.27 aball=1.5 bref=0.00 pid=18.7 pref=-38.2 ppos=-40.0 apid=0.0 integ=-0.0 vision=1 current=1 vframe=649 vs=1 vage=32 vpage=32 vdt=34 vmax=45 vacc=649 vrej=0 seq=0 elapsed=0 oled=3C
[  13217] STATUS mode=3 fault=none enc=-57 denc=0 sreq=0 sapplied=0 crate=0 uimp=-40025 upos=1620 uneg=1820 ball=-40.85 vball=-0.06 aball=0.8 bref=0.00 pid=0.0 pref=-39.8 ppos=-40.0 apid=0.0 integ=-0.0 vision=1 current=1 vframe=651 vs=1 vage=14 vpage=14 vdt=35 vmax=45 vacc=651 vrej=0 seq=0 elapsed=0 oled=3C
[  13265] STATUS mode=3 fault=none enc=-57 denc=0 sreq=0 sapplied=0 crate=10 uimp=-40025 upos=1620 uneg=1820 ball=-40.84 vball=0.10 aball=0.8 bref=0.00 pid=10.1 pref=-39.0 ppos=-40.0 apid=0.0 integ=-0.0 vision=1 current=1 vframe=652 vs=1 vage=32 vpage=32 vdt=32 vmax=45 vacc=652 vrej=0 seq=0 elapsed=0 oled=3C
[  13311] STATUS mode=3 fault=none enc=-57 denc=0 sreq=0 sapplied=0 crate=15 uimp=-40025 upos=1620 uneg=1820 ball=-40.82 vball=0.19 aball=1.1 bref=0.00 pid=14.8 pref=-38.5 ppos=-40.0 apid=0.0 integ=-0.0 vision=1 current=1 vframe=654 vs=1 vage=13 vpage=13 vdt=35 vmax=45 vacc=654 vrej=0 seq=0 elapsed=0 oled=3C
[  13375] STATUS mode=3 fault=none enc=-57 denc=0 sreq=0 sapplied=0 crate=14 uimp=-40025 upos=1620 uneg=1820 ball=-40.81 vball=0.17 aball=1.1 bref=0.00 pid=13.9 pref=-38.6 ppos=-40.0 apid=0.0 integ=-0.0 vision=1 current=1 vframe=655 vs=1 vage=29 vpage=29 vdt=34 vmax=45 vacc=655 vrej=0 seq=0 elapsed=0 oled=3C
[  13420] STATUS mode=3 fault=none enc=-57 denc=0 sreq=0 sapplied=0 crate=12 uimp=-40025 upos=1620 uneg=1820 ball=-40.81 vball=0.14 aball=0.3 bref=0.00 pid=12.4 pref=-38.8 ppos=-40.0 apid=0.0 integ=-0.0 vision=1 current=1 vframe=657 vs=1 vage=14 vpage=14 vdt=33 vmax=45 vacc=657 vrej=0 seq=0 elapsed=0 oled=3C
[  13467] STATUS mode=3 fault=none enc=-57 denc=0 sreq=0 sapplied=0 crate=12 uimp=-40025 upos=1620 uneg=1820 ball=-40.80 vball=0.12 aball=0.3 bref=0.00 pid=11.6 pref=-38.9 ppos=-40.0 apid=0.0 integ=-0.0 vision=1 current=1 vframe=658 vs=1 vage=30 vpage=30 vdt=34 vmax=45 vacc=658 vrej=0 seq=0 elapsed=0 oled=3C
[  13515] STATUS mode=3 fault=none enc=-57 denc=0 sreq=0 sapplied=0 crate=0 uimp=-40025 upos=1620 uneg=1820 ball=-40.80 vball=0.06 aball=-0.1 bref=0.00 pid=0.0 pref=-39.2 ppos=-40.0 apid=-0.0 integ=-0.0 vision=1 current=1 vframe=660 vs=1 vage=13 vpage=13 vdt=34 vmax=45 vacc=660 vrej=0 seq=0 elapsed=0 oled=3C
[  13561] STATUS mode=3 fault=none enc=-57 denc=0 sreq=0 sapplied=0 crate=0 uimp=-40025 upos=1620 uneg=1820 ball=-40.80 vball=0.04 aball=-0.1 bref=0.00 pid=0.0 pref=-39.3 ppos=-40.0 apid=-0.0 integ=-0.0 vision=1 current=1 vframe=661 vs=1 vage=30 vpage=30 vdt=33 vmax=45 vacc=661 vrej=0 seq=0 elapsed=0 oled=3C
[  13625] STATUS mode=3 fault=none enc=-57 denc=0 sreq=0 sapplied=0 crate=0 uimp=-40025 upos=1620 uneg=1820 ball=-40.80 vball=0.02 aball=-0.3 bref=0.00 pid=0.0 pref=-39.4 ppos=-40.0 apid=-0.0 integ=-0.0 vision=1 current=1 vframe=663 vs=1 vage=13 vpage=13 vdt=33 vmax=45 vacc=663 vrej=0 seq=0 elapsed=0 oled=3C
[  13670] STATUS mode=3 fault=none enc=-57 denc=0 sreq=0 sapplied=0 crate=0 uimp=-40025 upos=1620 uneg=1820 ball=-40.80 vball=0.01 aball=-0.3 bref=0.00 pid=0.0 pref=-39.4 ppos=-40.0 apid=-0.0 integ=-0.0 vision=1 current=1 vframe=664 vs=1 vage=30 vpage=30 vdt=33 vmax=45 vacc=664 vrej=0 seq=0 elapsed=0 oled=3C
[  13717] STATUS mode=3 fault=none enc=-57 denc=0 sreq=0 sapplied=0 crate=0 uimp=-40025 upos=1620 uneg=1820 ball=-40.79 vball=0.07 aball=0.0 bref=0.00 pid=0.0 pref=-39.1 ppos=-40.0 apid=0.0 integ=-0.0 vision=1 current=1 vframe=666 vs=1 vage=13 vpage=13 vdt=34 vmax=45 vacc=666 vrej=0 seq=0 elapsed=0 oled=3C
[  13765] STATUS mode=3 fault=none enc=-57 denc=0 sreq=0 sapplied=0 crate=0 uimp=-40025 upos=1620 uneg=1820 ball=-40.79 vball=0.06 aball=0.0 bref=0.00 pid=0.0 pref=-39.2 ppos=-40.0 apid=0.0 integ=-0.0 vision=1 current=1 vframe=667 vs=1 vage=30 vpage=30 vdt=33 vmax=45 vacc=667 vrej=0 seq=0 elapsed=0 oled=3C
[  13811] STATUS mode=3 fault=none enc=-57 denc=0 sreq=0 sapplied=0 crate=0 uimp=-40025 upos=1620 uneg=1820 ball=-40.79 vball=0.02 aball=-0.1 bref=0.00 pid=0.0 pref=-39.4 ppos=-40.0 apid=-0.0 integ=-0.0 vision=1 current=1 vframe=669 vs=1 vage=13 vpage=13 vdt=34 vmax=45 vacc=669 vrej=0 seq=0 elapsed=0 oled=3C
[  13875] STATUS mode=3 fault=none enc=-57 denc=0 sreq=0 sapplied=0 crate=0 uimp=-40025 upos=1620 uneg=1820 ball=-40.79 vball=0.02 aball=-0.1 bref=0.00 pid=0.0 pref=-39.4 ppos=-40.0 apid=-0.0 integ=-0.0 vision=1 current=1 vframe=670 vs=1 vage=30 vpage=30 vdt=33 vmax=45 vacc=670 vrej=0 seq=0 elapsed=0 oled=3C
[  13920] STATUS mode=3 fault=none enc=-57 denc=0 sreq=0 sapplied=0 crate=0 uimp=-40025 upos=1620 uneg=1820 ball=-40.79 vball=0.01 aball=-0.2 bref=0.00 pid=0.0 pref=-39.4 ppos=-40.0 apid=-0.0 integ=-0.0 vision=1 current=1 vframe=672 vs=1 vage=13 vpage=13 vdt=34 vmax=45 vacc=672 vrej=0 seq=0 elapsed=0 oled=3C
[  13967] STATUS mode=3 fault=none enc=-57 denc=0 sreq=0 sapplied=0 crate=0 uimp=-40025 upos=1620 uneg=1820 ball=-40.79 vball=0.00 aball=-0.2 bref=0.00 pid=0.0 pref=-39.5 ppos=-40.0 apid=-0.0 integ=-0.0 vision=1 current=1 vframe=673 vs=1 vage=32 vpage=32 vdt=31 vmax=45 vacc=673 vrej=0 seq=0 elapsed=0 oled=3C
[  14015] STATUS mode=3 fault=none enc=-57 denc=0 sreq=0 sapplied=0 crate=0 uimp=-40025 upos=1620 uneg=1820 ball=-40.79 vball=0.00 aball=-0.2 bref=0.00 pid=0.0 pref=-39.5 ppos=-40.0 apid=-0.0 integ=-0.0 vision=1 current=1 vframe=675 vs=1 vage=14 vpage=14 vdt=35 vmax=45 vacc=675 vrej=0 seq=0 elapsed=0 oled=3C
[  14061] STATUS mode=3 fault=none enc=-57 denc=0 sreq=0 sapplied=0 crate=0 uimp=-40025 upos=1620 uneg=1820 ball=-40.79 vball=0.00 aball=-0.2 bref=0.00 pid=0.0 pref=-39.5 ppos=-40.0 apid=-0.0 integ=-0.0 vision=1 current=1 vframe=676 vs=1 vage=30 vpage=30 vdt=34 vmax=45 vacc=676 vrej=0 seq=0 elapsed=0 oled=3C
[  14125] STATUS mode=3 fault=none enc=-57 denc=0 sreq=0 sapplied=0 crate=0 uimp=-40025 upos=1620 uneg=1820 ball=-40.79 vball=0.00 aball=-0.1 bref=0.00 pid=0.0 pref=-39.5 ppos=-40.0 apid=-0.0 integ=-0.0 vision=1 current=1 vframe=678 vs=1 vage=16 vpage=16 vdt=31 vmax=45 vacc=678 vrej=0 seq=0 elapsed=0 oled=3C
[  14170] STATUS mode=3 fault=none enc=-57 denc=0 sreq=0 sapplied=0 crate=0 uimp=-40025 upos=1620 uneg=1820 ball=-40.79 vball=0.00 aball=-0.1 bref=0.00 pid=0.0 pref=-39.5 ppos=-40.0 apid=-0.0 integ=-0.0 vision=1 current=1 vframe=679 vs=1 vage=33 vpage=33 vdt=33 vmax=45 vacc=679 vrej=0 seq=0 elapsed=0 oled=3C
[  14217] STATUS mode=3 fault=none enc=-57 denc=0 sreq=0 sapplied=0 crate=0 uimp=-40025 upos=1620 uneg=1820 ball=-40.79 vball=0.00 aball=-0.0 bref=0.00 pid=0.0 pref=-39.5 ppos=-40.0 apid=-0.0 integ=-0.0 vision=1 current=1 vframe=681 vs=1 vage=17 vpage=17 vdt=33 vmax=45 vacc=681 vrej=0 seq=0 elapsed=0 oled=3C
[  14265] STATUS mode=3 fault=none enc=-57 denc=0 sreq=0 sapplied=0 crate=0 uimp=-40025 upos=1620 uneg=1820 ball=-40.79 vball=0.00 aball=-0.0 bref=0.00 pid=0.0 pref=-39.5 ppos=-40.0 apid=-0.0 integ=-0.0 vision=1 current=1 vframe=682 vs=1 vage=33 vpage=33 vdt=34 vmax=45 vacc=682 vrej=0 seq=0 elapsed=0 oled=3C
[  14311] STATUS mode=3 fault=none enc=-57 denc=0 sreq=0 sapplied=0 crate=0 uimp=-40025 upos=1620 uneg=1820 ball=-40.79 vball=0.00 aball=-0.0 bref=0.00 pid=0.0 pref=-39.5 ppos=-40.0 apid=-0.0 integ=-0.0 vision=1 current=1 vframe=684 vs=1 vage=15 vpage=15 vdt=32 vmax=45 vacc=684 vrej=0 seq=0 elapsed=0 oled=3C
[  14375] STATUS mode=3 fault=none enc=-57 denc=0 sreq=0 sapplied=0 crate=0 uimp=-40025 upos=1620 uneg=1820 ball=-40.79 vball=0.00 aball=-0.0 bref=0.00 pid=0.0 pref=-39.5 ppos=-40.0 apid=-0.0 integ=-0.0 vision=1 current=1 vframe=685 vs=1 vage=33 vpage=33 vdt=32 vmax=45 vacc=685 vrej=0 seq=0 elapsed=0 oled=3C
[  14420] STATUS mode=3 fault=none enc=-57 denc=0 sreq=0 sapplied=0 crate=0 uimp=-40025 upos=1620 uneg=1820 ball=-40.79 vball=0.00 aball=-0.0 bref=0.00 pid=0.0 pref=-39.5 ppos=-40.0 apid=-0.0 integ=-0.0 vision=1 current=1 vframe=687 vs=1 vage=16 vpage=16 vdt=34 vmax=45 vacc=687 vrej=0 seq=0 elapsed=0 oled=3C
[  14467] STATUS mode=3 fault=none enc=-57 denc=0 sreq=0 sapplied=0 crate=0 uimp=-40025 upos=1620 uneg=1820 ball=-40.79 vball=0.00 aball=-0.0 bref=0.00 pid=0.0 pref=-39.5 ppos=-40.0 apid=-0.0 integ=-0.0 vision=1 current=1 vframe=688 vs=1 vage=33 vpage=33 vdt=33 vmax=45 vacc=688 vrej=0 seq=0 elapsed=0 oled=3C
[  14515] STATUS mode=3 fault=none enc=-57 denc=0 sreq=0 sapplied=0 crate=0 uimp=-40025 upos=1620 uneg=1820 ball=-40.79 vball=0.00 aball=-0.0 bref=0.00 pid=0.0 pref=-39.5 ppos=-40.0 apid=-0.0 integ=-0.0 vision=1 current=1 vframe=690 vs=1 vage=15 vpage=15 vdt=33 vmax=45 vacc=690 vrej=0 seq=0 elapsed=0 oled=3C
[  14561] STATUS mode=3 fault=none enc=-57 denc=0 sreq=0 sapplied=0 crate=19 uimp=-39815 upos=1630 uneg=1820 ball=-40.76 vball=0.31 aball=-0.0 bref=0.00 pid=19.4 pref=-37.9 ppos=-39.8 apid=-0.0 integ=-0.0 vision=1 current=1 vframe=691 vs=1 vage=31 vpage=31 vdt=34 vmax=45 vacc=691 vrej=0 seq=0 elapsed=0 oled=3C
[  14625] STATUS mode=3 fault=none enc=-56 denc=0 sreq=0 sapplied=0 crate=16 uimp=-38960 upos=1665 uneg=1820 ball=-40.72 vball=0.41 aball=2.2 bref=0.00 pid=16.4 pref=-37.3 ppos=-39.0 apid=0.0 integ=-0.0 vision=1 current=1 vframe=693 vs=1 vage=15 vpage=15 vdt=33 vmax=45 vacc=693 vrej=0 seq=0 elapsed=0 oled=3C
[  14670] STATUS mode=3 fault=none enc=-56 denc=0 sreq=0 sapplied=0 crate=11 uimp=-38960 upos=1665 uneg=1820 ball=-40.72 vball=0.30 aball=2.2 bref=0.00 pid=10.9 pref=-37.9 ppos=-39.0 apid=0.0 integ=-0.0 vision=1 current=1 vframe=694 vs=1 vage=31 vpage=31 vdt=34 vmax=45 vacc=694 vrej=0 seq=0 elapsed=0 oled=3C
[  14717] STATUS mode=3 fault=none enc=-56 denc=0 sreq=0 sapplied=0 crate=-19 uimp=-39060 upos=1665 uneg=1825 ball=-40.78 vball=-0.31 aball=-0.0 bref=0.00 pid=-19.4 pref=-41.0 ppos=-39.1 apid=-0.0 integ=-0.0 vision=1 current=1 vframe=696 vs=1 vage=14 vpage=14 vdt=32 vmax=45 vacc=696 vrej=0 seq=0 elapsed=0 oled=3C
[  14765] STATUS mode=3 fault=none enc=-56 denc=0 sreq=0 sapplied=0 crate=-19 uimp=-39490 upos=1665 uneg=1845 ball=-40.79 vball=-0.38 aball=-0.0 bref=0.00 pid=-18.7 pref=-41.4 ppos=-39.5 apid=-0.0 integ=-0.0 vision=1 current=1 vframe=697 vs=1 vage=30 vpage=30 vdt=34 vmax=45 vacc=697 vrej=0 seq=0 elapsed=0 oled=3C
[  14827] STATUS mode=3 fault=none enc=-56 denc=0 sreq=0 sapplied=0 crate=-10 uimp=-39490 upos=1665 uneg=1845 ball=-40.80 vball=-0.21 aball=-2.3 bref=0.00 pid=-10.3 pref=-40.5 ppos=-39.5 apid=-0.0 integ=-0.0 vision=1 current=1 vframe=699 vs=1 vage=14 vpage=14 vdt=33 vmax=45 vacc=699 vrej=0 seq=0 elapsed=0 oled=3C
[  14875] STATUS mode=3 fault=none enc=-56 denc=0 sreq=0 sapplied=0 crate=0 uimp=-39490 upos=1665 uneg=1845 ball=-40.80 vball=-0.14 aball=-2.3 bref=0.00 pid=0.0 pref=-40.2 ppos=-39.5 apid=-0.0 integ=-0.0 vision=1 current=1 vframe=700 vs=1 vage=30 vpage=30 vdt=34 vmax=45 vacc=700 vrej=0 seq=0 elapsed=0 oled=3C
[  14920] STATUS mode=3 fault=none enc=-56 denc=0 sreq=20 sapplied=20 crate=20 uimp=-39385 upos=1670 uneg=1845 ball=-40.74 vball=0.40 aball=-0.3 bref=0.00 pid=19.9 pref=-37.4 ppos=-39.4 apid=-0.0 integ=-0.0 vision=1 current=1 vframe=702 vs=1 vage=14 vpage=14 vdt=33 vmax=45 vacc=702 vrej=0 seq=0 elapsed=0 oled=3C
[  14967] STATUS mode=3 fault=none enc=-56 denc=0 sreq=0 sapplied=0 crate=19 uimp=-39185 upos=1680 uneg=1845 ball=-40.73 vball=0.43 aball=-0.3 bref=0.00 pid=19.5 pref=-37.2 ppos=-39.2 apid=-0.0 integ=-0.0 vision=1 current=1 vframe=703 vs=1 vage=30 vpage=30 vdt=34 vmax=45 vacc=703 vrej=0 seq=0 elapsed=0 oled=3C
[  15015] STATUS mode=3 fault=none enc=-56 denc=0 sreq=0 sapplied=0 crate=0 uimp=-39185 upos=1680 uneg=1845 ball=-40.72 vball=0.23 aball=1.7 bref=0.00 pid=0.0 pref=-38.2 ppos=-39.2 apid=0.0 integ=-0.0 vision=1 current=1 vframe=705 vs=1 vage=14 vpage=14 vdt=33 vmax=45 vacc=705 vrej=0 seq=0 elapsed=0 oled=3C
[  15061] STATUS mode=3 fault=none enc=-56 denc=0 sreq=0 sapplied=0 crate=0 uimp=-39185 upos=1680 uneg=1845 ball=-40.72 vball=0.15 aball=1.7 bref=0.00 pid=0.0 pref=-38.6 ppos=-39.2 apid=0.0 integ=-0.0 vision=1 current=1 vframe=706 vs=1 vage=30 vpage=30 vdt=34 vmax=45 vacc=706 vrej=0 seq=0 elapsed=0 oled=3C
[  15125] STATUS mode=3 fault=none enc=-56 denc=0 sreq=0 sapplied=0 crate=0 uimp=-39185 upos=1680 uneg=1845 ball=-40.73 vball=0.06 aball=-0.1 bref=0.00 pid=0.0 pref=-39.1 ppos=-39.2 apid=-0.0 integ=-0.0 vision=1 current=1 vframe=708 vs=1 vage=14 vpage=14 vdt=33 vmax=45 vacc=708 vrej=0 seq=0 elapsed=0 oled=3C
[  15170] STATUS mode=3 fault=none enc=-56 denc=0 sreq=0 sapplied=0 crate=0 uimp=-39185 upos=1680 uneg=1845 ball=-40.73 vball=0.04 aball=-0.1 bref=0.00 pid=0.0 pref=-39.2 ppos=-39.2 apid=-0.0 integ=-0.0 vision=1 current=1 vframe=709 vs=1 vage=30 vpage=30 vdt=34 vmax=45 vacc=709 vrej=0 seq=0 elapsed=0 oled=3C
[  15217] STATUS mode=3 fault=none enc=-56 denc=0 sreq=0 sapplied=0 crate=0 uimp=-39185 upos=1680 uneg=1845 ball=-40.74 vball=-0.07 aball=-0.4 bref=0.00 pid=0.0 pref=-39.7 ppos=-39.2 apid=-0.0 integ=-0.0 vision=1 current=1 vframe=711 vs=1 vage=13 vpage=13 vdt=34 vmax=45 vacc=711 vrej=0 seq=0 elapsed=0 oled=3C
[  15265] STATUS mode=3 fault=none enc=-56 denc=0 sreq=0 sapplied=0 crate=0 uimp=-39185 upos=1680 uneg=1845 ball=-40.74 vball=-0.13 aball=-0.4 bref=0.00 pid=0.0 pref=-40.0 ppos=-39.2 apid=-0.0 integ=-0.0 vision=1 current=1 vframe=712 vs=1 vage=30 vpage=30 vdt=33 vmax=45 vacc=712 vrej=0 seq=0 elapsed=0 oled=3C
[  15311] STATUS mode=3 fault=none enc=-56 denc=0 sreq=0 sapplied=0 crate=0 uimp=-39185 upos=1680 uneg=1845 ball=-40.73 vball=0.05 aball=-0.3 bref=0.00 pid=0.0 pref=-39.1 ppos=-39.2 apid=-0.0 integ=-0.0 vision=1 current=1 vframe=714 vs=1 vage=14 vpage=14 vdt=33 vmax=45 vacc=714 vrej=0 seq=0 elapsed=0 oled=3C
[  15375] STATUS mode=3 fault=none enc=-56 denc=0 sreq=0 sapplied=0 crate=0 uimp=-39185 upos=1680 uneg=1845 ball=-40.73 vball=-0.03 aball=-0.3 bref=0.00 pid=0.0 pref=-39.5 ppos=-39.2 apid=-0.0 integ=-0.0 vision=1 current=1 vframe=715 vs=1 vage=31 vpage=31 vdt=33 vmax=45 vacc=715 vrej=0 seq=0 elapsed=0 oled=3C
[  15420] STATUS mode=3 fault=none enc=-56 denc=0 sreq=0 sapplied=0 crate=0 uimp=-39185 upos=1680 uneg=1845 ball=-40.74 vball=-0.07 aball=-0.6 bref=0.00 pid=0.0 pref=-39.7 ppos=-39.2 apid=-0.0 integ=-0.0 vision=1 current=1 vframe=717 vs=1 vage=14 vpage=14 vdt=33 vmax=45 vacc=717 vrej=0 seq=0 elapsed=0 oled=3C
[  15467] STATUS mode=3 fault=none enc=-56 denc=0 sreq=0 sapplied=0 crate=-19 uimp=-39620 upos=1680 uneg=1865 ball=-40.78 vball=-0.42 aball=-0.6 bref=0.00 pid=-19.3 pref=-41.5 ppos=-39.6 apid=-0.0 integ=-0.0 vision=1 current=1 vframe=718 vs=1 vage=30 vpage=30 vdt=34 vmax=45 vacc=718 vrej=0 seq=0 elapsed=0 oled=3C
[  15515] STATUS mode=3 fault=none enc=-57 denc=0 sreq=0 sapplied=0 crate=-15 uimp=-40175 upos=1680 uneg=1890 ball=-40.82 vball=-0.43 aball=-2.3 bref=0.00 pid=-14.7 pref=-41.6 ppos=-40.2 apid=-0.0 integ=-0.0 vision=1 current=1 vframe=720 vs=1 vage=13 vpage=13 vdt=34 vmax=45 vacc=720 vrej=0 seq=0 elapsed=0 oled=3C
[  15561] STATUS mode=3 fault=none enc=-57 denc=0 sreq=0 sapplied=0 crate=0 uimp=-40175 upos=1680 uneg=1890 ball=-40.82 vball=-0.30 aball=-2.3 bref=0.00 pid=0.0 pref=-41.0 ppos=-40.2 apid=-0.0 integ=-0.0 vision=1 current=1 vframe=721 vs=1 vage=30 vpage=30 vdt=33 vmax=45 vacc=721 vrej=0 seq=0 elapsed=0 oled=3C
[  15625] STATUS mode=3 fault=none enc=-57 denc=0 sreq=0 sapplied=0 crate=0 uimp=-40175 upos=1680 uneg=1890 ball=-40.81 vball=-0.13 aball=0.2 bref=0.00 pid=0.0 pref=-40.1 ppos=-40.2 apid=0.0 integ=-0.0 vision=1 current=1 vframe=723 vs=1 vage=14 vpage=14 vdt=33 vmax=45 vacc=723 vrej=0 seq=0 elapsed=0 oled=3C
[  15670] STATUS mode=3 fault=none enc=-57 denc=0 sreq=0 sapplied=0 crate=0 uimp=-40175 upos=1680 uneg=1890 ball=-40.81 vball=-0.08 aball=0.2 bref=0.00 pid=0.0 pref=-39.9 ppos=-40.2 apid=0.0 integ=-0.0 vision=1 current=1 vframe=724 vs=1 vage=30 vpage=30 vdt=34 vmax=45 vacc=724 vrej=0 seq=0 elapsed=0 oled=3C
[  15717] STATUS mode=3 fault=none enc=-56 denc=0 sreq=28 sapplied=28 crate=28 uimp=-39325 upos=1715 uneg=1890 ball=-40.73 vball=0.57 aball=2.5 bref=0.00 pid=27.9 pref=-36.5 ppos=-39.3 apid=0.0 integ=-0.0 vision=1 current=1 vframe=726 vs=1 vage=13 vpage=13 vdt=34 vmax=45 vacc=726 vrej=0 seq=0 elapsed=0 oled=3C
[  15765] STATUS mode=3 fault=none enc=-55 denc=0 sreq=0 sapplied=0 crate=19 uimp=-38810 upos=1735 uneg=1890 ball=-40.72 vball=0.49 aball=2.5 bref=0.00 pid=18.9 pref=-36.9 ppos=-38.8 apid=0.0 integ=-0.0 vision=1 current=1 vframe=727 vs=1 vage=31 vpage=31 vdt=32 vmax=45 vacc=727 vrej=0 seq=0 elapsed=0 oled=3C
[  15827] STATUS mode=3 fault=none enc=-55 denc=0 sreq=-22 sapplied=-22 crate=-22 uimp=-38925 upos=1735 uneg=1895 ball=-40.80 vball=-0.33 aball=-0.6 bref=0.00 pid=-21.9 pref=-41.1 ppos=-38.9 apid=-0.0 integ=-0.0 vision=1 current=1 vframe=729 vs=1 vage=14 vpage=14 vdt=34 vmax=45 vacc=729 vrej=0 seq=0 elapsed=0 oled=3C
[  15875] STATUS mode=3 fault=none enc=-55 denc=0 sreq=0 sapplied=0 crate=-18 uimp=-39240 upos=1735 uneg=1910 ball=-40.81 vball=-0.31 aball=-0.6 bref=0.00 pid=-17.9 pref=-41.0 ppos=-39.2 apid=-0.0 integ=-0.0 vision=1 current=1 vframe=730 vs=1 vage=32 vpage=32 vdt=32 vmax=45 vacc=730 vrej=0 seq=0 elapsed=0 oled=3C
[  15920] STATUS mode=3 fault=none enc=-55 denc=0 sreq=0 sapplied=0 crate=0 uimp=-39240 upos=1735 uneg=1910 ball=-40.80 vball=-0.04 aball=-0.6 bref=0.00 pid=0.0 pref=-39.7 ppos=-39.2 apid=-0.0 integ=-0.0 vision=1 current=1 vframe=732 vs=1 vage=15 vpage=15 vdt=34 vmax=45 vacc=732 vrej=0 seq=0 elapsed=0 oled=3C
[  15967] STATUS mode=3 fault=none enc=-55 denc=0 sreq=0 sapplied=0 crate=0 uimp=-39240 upos=1735 uneg=1910 ball=-40.80 vball=-0.00 aball=-0.6 bref=0.00 pid=0.0 pref=-39.5 ppos=-39.2 apid=-0.0 integ=-0.0 vision=1 current=1 vframe=733 vs=1 vage=32 vpage=32 vdt=33 vmax=45 vacc=733 vrej=0 seq=0 elapsed=0 oled=3C
[  16015] STATUS mode=3 fault=none enc=-55 denc=0 sreq=20 sapplied=20 crate=20 uimp=-39135 upos=1740 uneg=1910 ball=-40.74 vball=0.46 aball=0.4 bref=0.00 pid=20.4 pref=-37.1 ppos=-39.1 apid=0.0 integ=-0.0 vision=1 current=1 vframe=735 vs=1 vage=15 vpage=15 vdt=33 vmax=45 vacc=735 vrej=0 seq=0 elapsed=0 oled=3C
[  16077] STATUS mode=3 fault=none enc=-55 denc=0 sreq=0 sapplied=0 crate=19 uimp=-38935 upos=1750 uneg=1910 ball=-40.73 vball=0.47 aball=0.4 bref=0.00 pid=19.0 pref=-37.0 ppos=-38.9 apid=0.0 integ=-0.0 vision=1 current=1 vframe=736 vs=1 vage=32 vpage=32 vdt=33 vmax=45 vacc=736 vrej=0 seq=0 elapsed=0 oled=3C
[  16125] STATUS mode=3 fault=none enc=-55 denc=0 sreq=0 sapplied=0 crate=0 uimp=-38935 upos=1750 uneg=1910 ball=-40.72 vball=0.25 aball=1.8 bref=0.00 pid=0.0 pref=-38.1 ppos=-38.9 apid=0.0 integ=-0.0 vision=1 current=1 vframe=738 vs=1 vage=15 vpage=15 vdt=33 vmax=45 vacc=738 vrej=0 seq=0 elapsed=0 oled=3C
[  16170] STATUS mode=3 fault=none enc=-55 denc=0 sreq=0 sapplied=0 crate=0 uimp=-38935 upos=1750 uneg=1910 ball=-40.72 vball=0.16 aball=1.8 bref=0.00 pid=0.0 pref=-38.6 ppos=-38.9 apid=0.0 integ=-0.0 vision=1 current=1 vframe=739 vs=1 vage=31 vpage=31 vdt=34 vmax=45 vacc=739 vrej=0 seq=0 elapsed=0 oled=3C
[  16217] STATUS mode=3 fault=none enc=-55 denc=0 sreq=0 sapplied=0 crate=0 uimp=-38935 upos=1750 uneg=1910 ball=-40.73 vball=0.06 aball=-0.2 bref=0.00 pid=0.0 pref=-39.1 ppos=-38.9 apid=-0.0 integ=-0.0 vision=1 current=1 vframe=741 vs=1 vage=14 vpage=14 vdt=34 vmax=45 vacc=741 vrej=0 seq=0 elapsed=0 oled=3C
[  16265] STATUS mode=3 fault=none enc=-55 denc=0 sreq=0 sapplied=0 crate=0 uimp=-38935 upos=1750 uneg=1910 ball=-40.73 vball=0.04 aball=-0.2 bref=0.00 pid=0.0 pref=-39.2 ppos=-38.9 apid=-0.0 integ=-0.0 vision=1 current=1 vframe=742 vs=1 vage=31 vpage=31 vdt=33 vmax=45 vacc=742 vrej=0 seq=0 elapsed=0 oled=3C
[  16311] STATUS mode=3 fault=none enc=-55 denc=0 sreq=0 sapplied=0 crate=0 uimp=-38935 upos=1750 uneg=1910 ball=-40.73 vball=0.01 aball=-0.5 bref=0.00 pid=0.0 pref=-39.3 ppos=-38.9 apid=-0.0 integ=-0.0 vision=1 current=1 vframe=744 vs=1 vage=14 vpage=14 vdt=34 vmax=45 vacc=744 vrej=0 seq=0 elapsed=0 oled=3C
[  16375] STATUS mode=3 fault=none enc=-55 denc=0 sreq=0 sapplied=0 crate=0 uimp=-38935 upos=1750 uneg=1910 ball=-40.73 vball=0.01 aball=-0.5 bref=0.00 pid=0.0 pref=-39.3 ppos=-38.9 apid=-0.0 integ=-0.0 vision=1 current=1 vframe=745 vs=1 vage=31 vpage=31 vdt=33 vmax=45 vacc=745 vrej=0 seq=0 elapsed=0 oled=3C
[  16420] STATUS mode=3 fault=none enc=-55 denc=0 sreq=0 sapplied=0 crate=0 uimp=-38935 upos=1750 uneg=1910 ball=-40.73 vball=0.00 aball=-0.3 bref=0.00 pid=0.0 pref=-39.4 ppos=-38.9 apid=-0.0 integ=-0.0 vision=1 current=1 vframe=747 vs=1 vage=14 vpage=14 vdt=34 vmax=45 vacc=747 vrej=0 seq=0 elapsed=0 oled=3C
[  16467] STATUS mode=3 fault=none enc=-55 denc=0 sreq=0 sapplied=0 crate=0 uimp=-38935 upos=1750 uneg=1910 ball=-40.73 vball=0.00 aball=-0.3 bref=0.00 pid=0.0 pref=-39.4 ppos=-38.9 apid=-0.0 integ=-0.0 vision=1 current=1 vframe=748 vs=1 vage=31 vpage=31 vdt=33 vmax=45 vacc=748 vrej=0 seq=0 elapsed=0 oled=3C
[  16515] STATUS mode=3 fault=none enc=-55 denc=0 sreq=0 sapplied=0 crate=0 uimp=-38935 upos=1750 uneg=1910 ball=-40.73 vball=0.00 aball=-0.2 bref=0.00 pid=0.0 pref=-39.4 ppos=-38.9 apid=-0.0 integ=-0.0 vision=1 current=1 vframe=750 vs=1 vage=14 vpage=14 vdt=33 vmax=45 vacc=750 vrej=0 seq=0 elapsed=0 oled=3C
[  16561] STATUS mode=3 fault=none enc=-55 denc=0 sreq=0 sapplied=0 crate=0 uimp=-38935 upos=1750 uneg=1910 ball=-40.73 vball=0.00 ab
[  16561] >>> status
[  16561] all=-0.2 bref=0.00 pid=0.0 pref=-39.4 ppos=-38.9 apid=-0.0 integ=-0.0 vision=1 current=1 vframe=751 vs=1 vage=30 vpage=30 vdt=34 vmax=45 vacc=751 vrej=0 seq=0 elapsed=0 oled=3C
[  16592] STATUS mode=3 fault=none enc=-55 denc=0 sreq=0 sapplied=0 crate=0 uimp=-38935 upos=1750 uneg=1910 ball=-40.73 vball=0.00 aball=-0.1 bref=0.00 pid=0.0 pref=-39.4 ppos=-38.9 apid=-0.0 integ=-0.0 vision=1 current=1 vframe=752 vs=1 vage=9 vpage=9 vdt=33 vmax=45 vacc=752 vrej=0 seq=0 elapsed=0 oled=3C
[  16625] STATUS mode=3 fault=none enc=-55 denc=0 sreq=0 sapplied=0 crate=0 uimp=-38935 upos=1750 uneg=1910 ball=-40.73 vball=0.00 aball=-0.1 bref=0.00 pid=0.0 pref=-39.4 ppos=-38.9 apid=-0.0 integ=-0.0 vision=1 current=1 vframe=753 vs=1 vage=14 vpage=14 vdt=33 vmax=45 vacc=753 vrej=0 seq=0 elapsed=0 oled=3C
[  16670] STATUS mode=3 fault=none enc=-55 denc=0 sreq=0 sapplied=0 crate=0 uimp=-38935 upos=1750 uneg=1910 ball=-40.73 vball=0.00 aball=-0.1 bref=0.00 pid=0.0 pref=-39.4 ppos=-38.9 apid=-0.0 integ=-0.0 vision=1 current=1 vframe=754 vs=1 vage=31 vpage=31 vdt=33 vmax=45 vacc=754 vrej=0 seq=0 elapsed=0 oled=3C
[  16717] STATUS mode=3 fault=none enc=-55 denc=0 sreq=0 sapplied=0 crate=-19 uimp=-39855 upos=1750 uneg=1950 ball=-40.80 vball=-0.46 aball=-2.1 bref=0.00 pid=-19.1 pref=-41.8 ppos=-39.9 apid=-0.0 integ=-0.0 vision=1 current=1 vframe=756 vs=1 vage=15 vpage=15 vdt=33 vmax=45 vacc=756 vrej=0 seq=0 elapsed=0 oled=3C
[  16765] STATUS mode=3 fault=none enc=-56 denc=0 sreq=0 sapplied=0 crate=-14 uimp=-39855 upos=1750 uneg=1950 ball=-40.80 vball=-0.35 aball=-2.1 bref=0.00 pid=-13.6 pref=-41.2 ppos=-39.9 apid=-0.0 integ=-0.0 vision=1 current=1 vframe=757 vs=1 vage=31 vpage=31 vdt=34 vmax=45 vacc=757 vrej=0 seq=0 elapsed=0 oled=3C
[  16827] STATUS mode=3 fault=none enc=-56 denc=0 sreq=0 sapplied=0 crate=0 uimp=-39855 upos=1750 uneg=1950 ball=-40.80 vball=-0.16 aball=-0.2 bref=0.00 pid=0.0 pref=-40.3 ppos=-39.9 apid=-0.0 integ=-0.0 vision=1 current=1 vframe=759 vs=1 vage=14 vpage=14 vdt=34 vmax=45 vacc=759 vrej=0 seq=0 elapsed=0 oled=3C
[  16875] STATUS mode=3 fault=none enc=-56 denc=0 sreq=0 sapplied=0 crate=0 uimp=-39855 upos=1750 uneg=1950 ball=-40.80 vball=-0.10 aball=-0.2 bref=0.00 pid=0.0 pref=-40.0 ppos=-39.9 apid=-0.0 integ=-0.0 vision=1 current=1 vframe=760 vs=1 vage=31 vpage=31 vdt=33 vmax=45 vacc=760 vrej=0 seq=0 elapsed=0 oled=3C
[  16920] STATUS mode=3 fault=none enc=-56 denc=0 sreq=0 sapplied=0 crate=0 uimp=-39855 upos=1750 uneg=1950 ball=-40.79 vball=-0.04 aball=0.7 bref=0.00 pid=0.0 pref=-39.7 ppos=-39.9 apid=0.0 integ=-0.0 vision=1 current=1 vframe=762 vs=1 vage=14 vpage=14 vdt=34 vmax=45 vacc=762 vrej=0 seq=0 elapsed=0 oled=3C
[  16967] STATUS mode=3 fault=none enc=-56 denc=0 sreq=0 sapplied=0 crate=0 uimp=-39855 upos=1750 uneg=1950 ball=-40.79 vball=-0.02 aball=0.7 bref=0.00 pid=0.0 pref=-39.6 ppos=-39.9 apid=0.0 integ=-0.0 vision=1 current=1 vframe=763 vs=1 vage=31 vpage=31 vdt=33 vmax=45 vacc=763 vrej=0 seq=0 elapsed=0 oled=3C
[  17015] STATUS mode=3 fault=none enc=-56 denc=0 sreq=0 sapplied=0 crate=0 uimp=-39855 upos=1750 uneg=1950 ball=-40.79 vball=-0.01 aball=0.6 bref=0.00 pid=0.0 pref=-39.5 ppos=-39.9 apid=0.0 integ=-0.0 vision=1 current=1 vframe=765 vs=1 vage=14 vpage=14 vdt=34 vmax=45 vacc=765 vrej=0 seq=0 elapsed=0 oled=3C
[  17077] STATUS mode=3 fault=none enc=-56 denc=0 sreq=0 sapplied=0 crate=19 uimp=-39650 upos=1760 uneg=1950 ball=-40.76 vball=0.33 aball=0.6 bref=0.00 pid=18.8 pref=-37.8 ppos=-39.7 apid=0.0 integ=-0.0 vision=1 current=1 vframe=766 vs=1 vage=32 vpage=32 vdt=32 vmax=45 vacc=766 vrej=0 seq=0 elapsed=0 oled=3C
[  17125] STATUS mode=3 fault=none enc=-55 denc=0 sreq=0 sapplied=0 crate=15 uimp=-38835 upos=1795 uneg=1950 ball=-40.72 vball=0.41 aball=2.6 bref=0.00 pid=15.1 pref=-37.3 ppos=-38.8 apid=0.0 integ=-0.0 vision=1 current=1 vframe=768 vs=1 vage=15 vpage=15 vdt=33 vmax=45 vacc=768 vrej=0 seq=0 elapsed=0 oled=3C
[  17170] STATUS mode=3 fault=none enc=-55 denc=0 sreq=0 sapplied=0 crate=0 uimp=-38835 upos=1795 uneg=1950 ball=-40.72 vball=0.30 aball=2.6 bref=0.00 pid=0.0 pref=-37.9 ppos=-38.8 apid=0.0 integ=-0.0 vision=1 current=1 vframe=769 vs=1 vage
[  17170] >>> stop
[  17170] =32 vpage=32 vdt=33 vmax=45 vacc=769 vrej=0 seq=0 elapsed=0 oled=3C
[  17170] OK stopped
[  17217] STATUS mode=1 fault=none enc=-56 denc=0 sreq=0 sapplied=0 crate=0 uimp=-38835 upos=1795 uneg=1950 ball=-40.79 vball=-0.33 aball=0.0 bref=0.00 pid=0.0 pref=-38.8 ppos=-38.8 apid=0.0 integ=0.0 vision=1 current=1 vframe=771 vs=1 vage=15 vpage=15 vdt=34 vmax=45 vacc=771 vrej=0 seq=0 elapsed=0 oled=3C
[  17265] STATUS mode=1 fault=none enc=-56 denc=0 sreq=0 sapplied=0 crate=0 uimp=-38835 upos=1795 uneg=1950 ball=-40.80 vball=-0.27 aball=0.0 bref=0.00 pid=0.0 pref=-38.8 ppos=-38.8 apid=0.0 integ=0.0 vision=1 current=1 vframe=772 vs=1 vage=31 vpage=31 vdt=34 vmax=45 vacc=772 vrej=0 seq=0 elapsed=0 oled=3C
[  17311] STATUS mode=1 fault=none enc=-56 denc=0 sreq=0 sapplied=0 crate=0 uimp=-38835 upos=1795 uneg=1950 ball=-40.80 vball=-0.13 aball=0.0 bref=0.00 pid=0.0 pref=-38.8 ppos=-38.8 apid=0.0 integ=0.0 vision=1 current=1 vframe=774 vs=1 vage=15 vpage=15 vdt=34 vmax=45 vacc=774 vrej=0 seq=0 elapsed=0 oled=3C
[  17375] STATUS mode=1 fault=none enc=-56 denc=0 sreq=0 sapplied=0 crate=0 uimp=-38835 upos=1795 uneg=1950 ball=-40.80 vball=-0.08 aball=0.0 bref=0.00 pid=0.0 pref=-38.8 ppos=-38.8 apid=0.0 integ=0.0 vision=1 current=1 vframe=775 vs=1 vage=32 vpage=32 vdt=33 vmax=45 vacc=775 vrej=0 seq=0 elapsed=0 oled=3C
[  17420] STATUS mode=1 fault=none enc=-56 denc=0 sreq=0 sapplied=0 crate=0 uimp=-38835 upos=1795 uneg=1950 ball=-40.78 vball=-0.04 aball=0.0 bref=0.00 pid=0.0 pref=-38.8 ppos=-38.8 apid=0.0 integ=0.0 vision=1 current=1 vframe=777 vs=1 vage=15 vpage=15 vdt=34 vmax=45 vacc=777 vrej=0 seq=0 elapsed=0 oled=3C
[  17467] STATUS mode=1 fault=none enc=-56 denc=0 sreq=0 sapplied=0 crate=0 uimp=-38835 upos=1795 uneg=1950 ball=-40.79 vball=-0.13 aball=0.0 bref=0.00 pid=0.0 pref=-38.8 ppos=-38.8 apid=0.0 integ=0.0 vision=1 current=1 vframe=778 vs=1 vage=32 vpage=32 vdt=33 vmax=45 vacc=778 vrej=0 seq=0 elapsed=0 oled=3C
[  17515] STATUS mode=1 fault=none enc=-56 denc=0 sreq=0 sapplied=0 crate=0 uimp=-38835 upos=1795 uneg=1950 ball=-40.80 vball=-0.10 aball=0.0 bref=0.00 pid=0.0 pref=-38.8 ppos=-38.8 apid=0.0 integ=0.0 vision=1 current=1 vframe=780 vs=1 vage=16 vpage=16 vdt=33 vmax=45 vacc=780 vrej=0 seq=0 elapsed=0 oled=3C
[  17561] STATUS mode=1 fault=none enc=-56 denc=0 sreq=0 sapplied=0 crate=0 uimp=-38835 upos=1795 uneg=1950 ball=-40.80 vball=-0.07 aball=0.0 bref=0.00 pid=0.0 pref=-38.8 ppos=-38.8 apid=0.0 integ=0.0 vision=1 current=1 vframe=781 vs=1 vage=32 vpage=32 vdt=34 vmax=45 vacc=781 vrej=0 seq=0 elapsed=0 oled=3C
[  17625] STATUS mode=1 fault=none enc=-56 denc=0 sreq=0 sapplied=0 crate=0 uimp=-38835 upos=1795 uneg=1950 ball=-40.79 vball=-0.03 aball=0.0 bref=0.00 pid=0.0 pref=-38.8 ppos=-38.8 apid=0.0 integ=0.0 vision=1 current=1 vframe=783 vs=1 vage=15 vpage=15 vdt=34 vmax=45 vacc=783 vrej=0 seq=0 elapsed=0 oled=3C
[  17670] STATUS mode=1 fault=none enc=-56 denc=0 sreq=0 sapplied=0 crate=0 uimp=-38835 upos=1795 uneg=1950 ball=-40.79 vball=-0.02 aball=0.0 bref=0.00 pid=0.0 pref=-38.8 ppos=-38.8 apid=0.0 integ=0.0 vision=1 current=1 vframe=784 vs=1 vage=32 vpage=32 vdt=33 vmax=45 vacc=784 vrej=0 seq=0 elapsed=0 oled=3C
[  17717] STATUS mode=1 fault=none enc=-56 denc=0 sreq=0 sapplied=0 crate=0 uimp=-38835 upos=1795 uneg=1950 ball=-40.79 vball=-0.01 aball=0.0 bref=0.00 pid=0.0 pref=-38.8 ppos=-38.8 apid=0.0 integ=0.0 vision=1 current=1 vframe=786 vs=1 vage=15 vpage=15 vdt=33 vmax=45 vacc=786 vrej=0 seq=0 elapsed=0 oled=3C
[  17765] STATUS mode=1 fault=none enc=-56 denc=0 sreq=0 sapplied=0 crate=0 uimp=-38835 upos=1795 uneg=1950 ball=-40.79 vball=-0.00 aball=0.0 bref=0.00 pid=0.0 pref=-38.8 ppos=-38.8 apid=0.0 integ=0.0 vision=1 current=1 vframe=787 vs=1 vage=31 vpage=31 vdt=34 vmax=45 vacc=787 vrej=0 seq=0 elapsed=0 oled=3C
[  17795] S
[  17795] >>> stream off
[  17811] TATUS mode=1 fault=none enc=-56 denc=0 sreq=0 sapplied=0 crate=0 uimp=-38835 upos=1795 uneg=1950 ball=-40.79 vball=-0.00 aball=0.0 bref=0.00 pid=0.0 pref=-38.8 ppos=-38.8 apid=0.0 integ=0.0 vision=1 current=1 vframe=789 vs=1 vage=15 vpage=15 vdt=33 vmax=45 vacc=789 vrej=0 seq=0 elapsed=0 oled=3C
[  17827] OK stream off
