[     16] >>> bench on
[     16] OK stepper visual-only bench active; command pose preserved
[    204] >>> clear
[    204] OK fault cleared
[    391] >>> diag reset
[    391] OK actuator diagnostics reset
[    579] >>> gain ball 1.0 0.0 3.0 -1
[    579] OK ball gains kp=1.000 ki=0.000 kd=3.000 sign=-1
[    766] >>> gain accel 0.0
[    766] OK ball acceleration gain ka=0.000
[    954] >>> limit rate 60
[    954] OK ball rate limit=60 steps/s
[   1141] >>> stream on 20
[   1141] OK stream on 20 ms
[   1188] STATUS mode=1 fault=none enc=893 denc=0 sreq=0 sapplied=0 crate=0 uimp=0 upos=0 uneg=0 ball=71.80 vball=0.08 aball=0.0 bref=0.00 pid=0.0 pref=692.5 ppos=692.5 apid=0.0 integ=0.0 vision=1 current=1 vframe=12091 vs=1 vage=7 vpage=7 vdt=34 vmax=334 vacc=11972 vrej=0 seq=0 elapsed=0 oled=3C
[   1204] STATUS mode=1 fault=none enc=893 denc=0 sreq=0 sapplied=0 crate=0 uimp=0 upos=0 uneg=0 ball=71.80 vball=0.08 aball=0.0 bref=0.00 pid=0.0 pref=692.5 ppos=692.5 apid=0.0 integ=0.0 vision=1 current=1 vframe=12091 vs=1 vage=27 vpage=27 vdt=34 vmax=334 vacc=11972 vrej=0 seq=0 elapsed=0 oled=3C
[   1235] STATUS mode=1 fault=none enc=893 denc=0 sreq=0 sapplied=0 crate=0 uimp=0 upos=0 uneg=0 ball=71.80 vball=0.05 aball=0.0 bref=0.00 pid=0.0 pref=692.5 ppos=692.5 apid=0.0 integ=0.0 vision=1 current=1 vframe=12092 vs=1 vage=14 vpage=14 vdt=33 vmax=334 vacc=11973 vrej=0 seq=0 elapsed=0 oled=3C
[   1266] STATUS mode=1 fault=none enc=893 denc=0 sreq=0 sapplied=0 crate=0 uimp=0 upos=0 uneg=0 ball=71.80 vball=0.03 aball=0.0 bref=0.00 pid=0.0 pref=692.5 ppos=692.5 apid=0.0 integ=0.0 vision=1 current=1 vframe=12093 vs=1 vage=1 vpage=1 vdt=33 vmax=334 vacc=11974 vrej=0 seq=0 elapsed=0 oled=3C
[   1282] STATUS mode=1 fault=none enc=893 denc=0 sreq=0 sapplied=0 crate=0 uimp=0 upos=0 uneg=0 ball=71.80 vball=0.02 aball=0.0 bref=0.00 pid=0.0 pref=692.5 ppos=692.5 apid=0.0 integ=0.0 vision=1 current=1 vframe=12094 vs=1 vage=7 vpage=7 vdt=34 vmax=334 vacc=11975 vrej=0 seq=0 elapsed=0 oled=3C
[   1313] STATUS mode=1 fault=none enc=893 denc=0 sreq=0 sapplied=0 crate=0 uimp=0 upos=0 uneg=0 ball=71.80 vball=0.02 aball=0.0 bref=0.00 pid=0.0 pref=692.5 ppos=692.5 apid=0.0 integ=0.0 vision=1 current=1 vframe=12094 vs=1 vage=27 vpage=27 vdt=34 vmax=334 vacc=11975 vrej=0 seq=0 elapsed=0 oled=3C
[   1313] >>> ball 0.0
[   1329] STATUS mode=1 fault=none enc=893 denc=0 sreq=0 sapplied=0 crate=0 uimp=0 upos=0 uneg=0 ball=71.78 vball=-0.18 aball=0.0 bref=0.00 pid=0.0 pref=692.5 ppos=692.5 apid=0.0 integ=0.0 vision=1 current=1 vframe=12095 vs=1 vage=14 vpage=14 vdt=33 vmax=334 vacc=11976 vrej=0 seq=0 elapsed=0 oled=3C
[   1360] STATUS mode=3 fault=none enc=909 denc=16 sreq=60 sapplied=60 crate=60 uimp=0 upos=0 uneg=0 ball=71.76 vball=-0.29 aball=0.0 bref=0.00 pid=60.0 pref=763.7 ppos=692.5 apid=0.0 integ=-0.0 vision=1 current=1 vframe=12096 vs=1 vage=0 vpage=0 vdt=34 vmax=334 vacc=11977 vrej=0 seq=0 elapsed=0 oled=3C
[   1391] STATUS mode=3 fault=none enc=911 denc=-1 sreq=60 sapplied=60 crate=60 uimp=2400 upos=40 uneg=0 ball=71.80 vball=0.14 aball=0.0 bref=0.00 pid=60.0 pref=764.7 ppos=694.9 apid=0.0 integ=-0.0 vision=1 current=1 vframe=12097 vs=1 vage=7 vpage=7 vdt=33 vmax=334 vacc=11978 vrej=0 seq=0 elapsed=0 oled=3C
[   1407] STATUS mode=3 fault=none enc=913 denc=-1 sreq=60 sapplied=60 crate=60 uimp=3600 upos=60 uneg=0 ball=71.80 vball=0.14 aball=0.0 bref=0.00 pid=60.0 pref=764.7 ppos=696.1 apid=0.0 integ=-0.0 vision=1 current=1 vframe=12097 vs=1 vage=27 vpage=27 vdt=33 vmax=334 vacc=11978 vrej=0 seq=0 elapsed=0 oled=3C
[   1438] STATUS mode=3 fault=none enc=915 denc=1 sreq=60 sapplied=60 crate=60 uimp=4800 upos=80 uneg=0 ball=71.84 vball=0.42 aball=2.7 bref=0.00 pid=60.0 pref=765.6 ppos=697.3 apid=0.0 integ=-0.0 vision=1 current=1 vframe=12098 vs=1 vage=13 vpage=13 vdt=34 vmax=334 vacc=11979 vrej=0 seq=0 elapsed=0 oled=3C
[   1469] STATUS mode=3 fault=none enc=918 denc=0 sreq=60 sapplied=60 crate=60 uimp=7200 upos=120 uneg=0 ball=72.25 vball=4.19 aball=2.7 bref=0.00 pid=60.0 pref=777.3 ppos=699.7 apid=0.0 integ=-0.0 vision=1 current=1 vframe=12099 vs=1 vage=21 vpage=21 vdt=32 vmax=334 vacc=11980 vrej=0 seq=0 elapsed=0 oled=3C
[   1485] STATUS mode=3 fault=none enc=919 denc=0 sreq=60 sapplied=60 crate=60 uimp=8400 upos=140 uneg=0 ball=72.13 vball=1.65 aball=2.7 bref=0.00 pid=60.0 pref=769.5 ppos=700.9 apid=0.0 integ=-0.0 vision=1 current=1 vframe=12100 vs=1 vage=8 vpage=8 vdt=33 vmax=334 vacc=11981 vrej=0 seq=0 elapsed=0 oled=3C
[   1516] STATUS mode=3 fault=none enc=921 denc=0 sreq=60 sapplied=60 crate=60 uimp=9600 upos=160 uneg=0 ball=72.13 vball=1.65 aball=2.7 bref=0.00 pid=60.0 pref=769.5 ppos=702.1 apid=0.0 integ=-0.0 vision=1 current=1 vframe=12100 vs=1 vage=28 vpage=28 vdt=33 vmax=334 vacc=11981 vrej=0 seq=0 elapsed=0 oled=3C
[   1547] STATUS mode=3 fault=none enc=922 denc=1 sreq=60 sapplied=60 crate=60 uimp=10800 upos=180 uneg=0 ball=71.91 vball=-0.76 aball=-3.9 bref=0.00 pid=60.0 pref=762.1 ppos=703.3 apid=-0.0 integ=-0.0 vision=1 current=1 vframe=12101 vs=1 vage=14 vpage=14 vdt=34 vmax=334 vacc=11982 vrej=0 seq=0 elapsed=0 oled=3C
[   1563] STATUS mode=3 fault=none enc=926 denc=1 sreq=60 sapplied=60 crate=60 uimp=13200 upos=220 uneg=0 ball=71.27 vball=-6.78 aball=-3.9 bref=0.00 pid=60.0 pref=743.4 ppos=705.7 apid=-0.0 integ=-0.0 vision=1 current=1 vframe=12102 vs=1 vage=21 vpage=21 vdt=33 vmax=334 vacc=11983 vrej=0 seq=0 elapsed=0 oled=3C
[   1594] STATUS mode=3 fault=none enc=927 denc=0 sreq=60 sapplied=60 crate=60 uimp=14400 upos=240 uneg=0 ball=70.24 vball=-13.49 aball=-3.9 bref=0.00 pid=60.0 pref=722.2 ppos=706.9 apid=-0.0 integ=-0.0 vision=1 current=1 vframe=12103 vs=1 vage=7 vpage=7 vdt=34 vmax=334 vacc=11984 vrej=0 seq=0 elapsed=0 oled=3C
[   1625] STATUS mode=3 fault=none enc=928 denc=0 sreq=60 sapplied=60 crate=60 uimp=15600 upos=260 uneg=0 ball=70.24 vball=-13.49 aball=-3.9 bref=0.00 pid=60.0 pref=722.2 ppos=708.1 apid=-0.0 integ=-0.0 vision=1 current=1 vframe=12103 vs=1 vage=27 vpage=27 vdt=34 vmax=334 vacc=11984 vrej=0 seq=0 elapsed=0 oled=3C
[   1657] STATUS mode=3 fault=none enc=929 denc=-1 sreq=-60 sapplied=-60 crate=-60 uimp=15300 upos=275 uneg=20 ball=68.76 vball=-22.66 aball=-99.7 bref=0.00 pid=-60.0 pref=693.2 ppos=707.8 apid=-0.0 integ=-0.0 vision=1 current=1 vframe=12104 vs=1 vage=33 vpage=33 vdt=34 vmax=334 vacc=11985 vrej=0 seq=0 elapsed=0 oled=3C
[   1672] STATUS mode=3 fault=none enc=927 denc=-1 sreq=-60 sapplied=-60 crate=-60 uimp=14100 upos=275 uneg=40 ball=67.19 vball=-29.76 aball=-99.7 bref=0.00 pid=-60.0 pref=670.4 ppos=706.6 apid=-0.0 integ=-0.0 vision=1 current=1 vframe=12105 vs=1 vage=20 vpage=20 vdt=33 vmax=334 vacc=11986 vrej=0 seq=0 elapsed=0 oled=3C
[   1704] STATUS mode=3 fault=none enc=926 denc=0 sreq=-60 sapplied=-60 crate=-60 uimp=12900 upos=275 uneg=60 ball=65.61 vball=-34.63 aball=-99.7 bref=0.00 pid=-60.0 pref=654.2 ppos=705.4 apid=-0.0 integ=-0.0 vision=1 current=1 vframe=12106 vs=1 vage=6 vpage=6 vdt=34 vmax=334 vacc=11987 vrej=0 seq=0 elapsed=0 oled=3C
[   1735] STATUS mode=3 fault=none enc=924 denc=0 sreq=-60 sapplied=-60 crate=-60 uimp=10500 upos=275 uneg=100 ball=63.68 vball=-42.12 aball=-142.4 bref=0.00 pid=-60.0 pref=629.8 ppos=703.0 apid=-0.0 integ=-0.0 vision=1 current=1 vframe=12107 vs=1 vage=13 vpage=13 vdt=33 vmax=334 vacc=11988 vrej=0 seq=0 elapsed=0 oled=3C
[   1766] STATUS mode=3 fault=none enc=922 denc=-1 sreq=-60 sapplied=-60 crate=-60 uimp=9300 upos=275 uneg=120 ball=63.68 vball=-42.12 aball=-142.4 bref=0.00 pid=-60.0 pref=629.8 ppos=701.8 apid=-0.0 integ=-0.0 vision=1 current=1 vframe=12107 vs=1 vage=33 vpage=33 vdt=33 vmax=334 vacc=11988 vrej=0 seq=0 elapsed=0 oled=3C
[   1782] STATUS mode=3 fault=none enc=919 denc=0 sreq=-60 sapplied=-60 crate=-60 uimp=6900 upos=275 uneg=160 ball=60.77 vball=-42.34 aball=-142.4 bref=0.00 pid=-60.0 pref=626.2 ppos=699.4 apid=-0.0 integ=-0.0 vision=1 current=1 vframe=12109 vs=1 vage=7 vpage=7 vdt=33 vmax=334 vacc=11990 vrej=0 seq=0 elapsed=0 oled=3C
[   1813] STATUS mode=3 fault=none enc=918 denc=0 sreq=-60 sapplied=-60 crate=-60 uimp=5700 upos=275 uneg=180 ball=60.77 vball=-42.34 aball=-142.4 bref=0.00 pid=-60.0 pref=626.2 ppos=698.2 apid=-0.0 integ=-0.0 vision=1 current=1 vframe=12109 vs=1 vage=27 vpage=27 vdt=33 vmax=334 vacc=11990 vrej=0 seq=0 elapsed=0 oled=3C
[   1844] STATUS mode=3 fault=none enc=916 denc=0 sreq=-60 sapplied=-60 crate=-60 uimp=4500 upos=275 uneg=200 ball=59.68 vball=-39.32 aball=-65.7 bref=0.00 pid=-60.0 pref=634.2 ppos=697.0 apid=-0.0 integ=-0.0 vision=1 current=1 vframe=12110 vs=1 vage=13 vpage=13 vdt=34 vmax=334 vacc=11991 vrej=0 seq=0 elapsed=0 oled=3C
[   1875] STATUS mode=3 fault=none enc=913 denc=0 sreq=-60 sapplied=-60 crate=-60 uimp=2100 upos=275 uneg=240 ball=58.18 vball=-41.06 aball=-65.7 bref=0.00 pid=-60.0 pref=627.5 ppos=694.6 apid=-0.0 integ=-0.0 vision=1 current=1 vframe=12111 vs=1 vage=20 vpage=20 vdt=33 vmax=334 vacc=11992 vrej=0 seq=0 elapsed=0 oled=3C
[   1891] STATUS mode=3 fault=none enc=912 denc=1 sreq=-60 sapplied=-60 crate=-60 uimp=900 upos=275 uneg=260 ball=56.54 vball=-43.41 aball=-65.7 bref=0.00 pid=-60.0 pref=618.8 ppos=693.4 apid=-0.0 integ=-0.0 vision=1 current=1 vframe=12112 vs=1 vage=7 vpage=7 vdt=33 vmax=334 vacc=11993 vrej=0 seq=0 elapsed=0 oled=3C
[   1922] STATUS mode=3 fault=none enc=910 denc=0 sreq=-60 sapplied=-60 crate=-60 uimp=-300 upos=275 uneg=280 ball=56.54 vball=-43.41 aball=-65.7 bref=0.00 pid=-60.0 pref=618.8 ppos=692.2 apid=-0.0 integ=-0.0 vision=1 current=1 vframe=12112 vs=1 vage=27 vpage=27 vdt=33 vmax=334 vacc=11993 vrej=0 seq=0 elapsed=0 oled=3C
[   1954] STATUS mode=3 fault=none enc=907 denc=-1 sreq=-60 sapplied=-60 crate=-60 uimp=-2700 upos=275 uneg=320 ball=54.57 vball=-48.25 aball=-76.7 bref=0.00 pid=-60.0 pref=602.3 ppos=689.8 apid=-0.0 integ=-0.0 vision=1 current=1 vframe=12113 vs=1 vage=34 vpage=34 vdt=33 vmax=334 vacc=11994 vrej=0 seq=0 elapsed=0 oled=3C
[   1969] STATUS mode=3 fault=none enc=905 denc=0 sreq=-60 sapplied=-60 crate=-60 uimp=-3900 upos=275 uneg=340 ball=52.43 vball=-52.90 aball=-76.7 bref=0.00 pid=-60.0 pref=586.2 ppos=688.6 apid=-0.0 integ=-0.0 vision=1 current=1 vframe=12114 vs=1 vage=20 vpage=20 vdt=34 vmax=334 vacc=11995 vrej=0 seq=0 elapsed=0 oled=3C
[   2000] STATUS mode=3 fault=none enc=904 denc=1 sreq=-60 sapplied=-60 crate=-60 uimp=-5100 upos=275 uneg=360 ball=50.21 vball=-56.52 aball=-76.7 bref=0.00 pid=-60.0 pref=573.1 ppos=687.4 apid=-0.0 integ=-0.0 vision=1 current=1 vframe=12115 vs=1 vage=7 vpage=7 vdt=33 vmax=334 vacc=11996 vrej=0 seq=0 elapsed=0 oled=3C
[   2032] STATUS mode=3 fault=none enc=901 denc=0 sreq=-60 sapplied=-60 crate=-60 uimp=-7500 upos=275 uneg=400 ball=50.21 vball=-56.52 aball=-76.7 bref=0.00 pid=-60.0 pref=573.1 ppos=685.0 apid=-0.0 integ=-0.0 vision=1 current=0 vframe=12116 vs=0 vage=47 vpage=15 vdt=33 vmax=334 vacc=11996 vrej=0 seq=0 elapsed=0 oled=3C
[   2063] STATUS mode=3 fault=none enc=899 denc=-1 sreq=-60 sapplied=-60 crate=-60 uimp=-8700 upos=275 uneg=420 ball=50.21 vball=-56.52 aball=-76.7 bref=0.00 pid=-60.0 pref=573.1 ppos=683.8 apid=-0.0 integ=-0.0 vision=1 current=0 vframe=12116 vs=0 vage=67 vpage=35 vdt=33 vmax=334 vacc=11996 vrej=0 seq=0 elapsed=0 oled=3C
[   2079] STATUS mode=3 fault=none enc=898 denc=0 sreq=-60 sapplied=-60 crate=-60 uimp=-9900 upos=275 uneg=440 ball=45.97 vball=-62.02 aball=-88.5 bref=0.00 pid=-60.0 pref=552.4 ppos=682.6 apid=-0.0 integ=-0.0 vision=1 current=1 vframe=12117 vs=1 vage=20 vpage=20 vdt=67 vmax=334 vacc=11997 vrej=0 seq=0 elapsed=0 oled=3C
[   2110] STATUS mode=3 fault=none enc=894 denc=-1 sreq=-60 sapplied=-60 crate=-60 uimp=-12300 upos=275 uneg=480 ball=43.65 vball=-63.84 aball=-88.5 bref=0.00 pid=-60.0 pref=544.6 ppos=680.2 apid=-0.0 integ=-0.0 vision=1 current=1 vframe=12118 vs=1 vage=27 vpage=27 vdt=33 vmax=334 vacc=11998 vrej=0 seq=0 elapsed=0 oled=3C
[   2141] STATUS mode=3 fault=none enc=893 denc=0 sreq=-60 sapplied=-60 crate=-60 uimp=-13500 upos=275 uneg=500 ball=41.16 vball=-67.29 aball=-88.5 bref=0.00 pid=-60.0 pref=531.8 ppos=679.0 apid=-0.0 integ=-0.0 vision=1 current=1 vframe=12119 vs=1 vage=13 vpage=13 vdt=34 vmax=334 vacc=11999 vrej=0 seq=0 elapsed=0 oled=3C
[   2172] STATUS mode=3 fault=none enc=889 denc=0 sreq=-60 sapplied=-60 crate=-60 uimp=-15900 upos=275 uneg=540 ball=38.63 vball=-70.22 aball=-85.9 bref=0.00 pid=-60.0 pref=520.4 ppos=676.6 apid=-0.0 integ=-0.0 vision=1 current=1 vframe=12120 vs=1 vage=21 vpage=21 vdt=32 vmax=334 vacc=12000 vrej=0 seq=0 elapsed=0 oled=3C
[   2188] STATUS mode=3 fault=none enc=888 denc=0 sreq=-60 sapplied=-60 crate=-60 uimp=-17100 upos=275 uneg=560 ball=36.46 vball=-68.76 aball=-85.9 bref=0.00 pid=-60.0 pref=522.6 ppos=675.4 apid=-0.0 integ=-0.0 vision=1 current=1 vframe=12121 vs=1 vage=7 vpage=7 vdt=34 vmax=334 vacc=12001 vrej=0 seq=0 elapsed=0 oled=3C
[   2219] STATUS mode=3 fault=none enc=887 denc=0 sreq=-60 sapplied=-60 crate=-60 uimp=-18300 upos=275 uneg=580 ball=36.46 vball=-68.76 aball=-85.9 bref=0.00 pid=-60.0 pref=522.6 ppos=674.2 apid=-0.0 integ=-0.0 vision=1 current=1 vframe=12121 vs=1 vage=27 vpage=27 vdt=34 vmax=334 vacc=12001 vrej=0 seq=0 elapsed=0 oled=3C
[   2250] STATUS mode=3 fault=none enc=883 denc=-1 sreq=-60 sapplied=-60 crate=-60 uimp=-20700 upos=275 uneg=620 ball=32.26 vball=-66.99 aball=-85.9 bref=0.00 pid=-60.0 pref=531.7 ppos=671.8 apid=-0.0 integ=-0.0 vision=1 current=1 vframe=12123 vs=1 vage=1 vpage=1 vdt=34 vmax=334 vacc=12003 vrej=0 seq=0 elapsed=0 oled=3C
[   2282] STATUS mode=3 fault=none enc=881 denc=-1 sreq=-60 sapplied=-60 crate=-60 uimp=-21900 upos=275 uneg=640 ball=32.26 vball=-66.99 aball=-32.7 bref=0.00 pid=-60.0 pref=523.8 ppos=670.6 apid=-0.0 integ=-0.0 vision=1 current=1 vframe=12123 vs=1 vage=21 vpage=21 vdt=34 vmax=334 vacc=12003 vrej=0 seq=0 elapsed=0 oled=3C
[   2297] STATUS mode=3 fault=none enc=881 denc=1 sreq=-60 sapplied=-60 crate=-60 uimp=-23100 upos=275 uneg=660 ball=30.02 vball=-67.96 aball=-32.7 bref=0.00 pid=-60.0 pref=518.6 ppos=669.4 apid=-0.0 integ=-0.0 vision=1 current=1 vframe=12124 vs=1 vage=8 vpage=8 vdt=33 vmax=334 vacc=12004 vrej=0 seq=0 elapsed=0 oled=3C
[   2329] STATUS mode=3 fault=none enc=878 denc=0 sreq=-60 sapplied=-60 crate=-60 uimp=-25500 upos=275 uneg=700 ball=27.16 vball=-72.33 aball=-32.7 bref=0.00 pid=-60.0 pref=502.6 ppos=667.0 apid=-0.0 integ=-0.0 vision=1 current=1 vframe=12125 vs=1 vage=14 vpage=14 vdt=34 vmax=334 vacc=12005 vrej=0 seq=0 elapsed=0 oled=3C
[   2360] STATUS mode=3 fault=none enc=876 denc=-1 sreq=-60 sapplied=-60 crate=-60 uimp=-26700 upos=275 uneg=720 ball=24.83 vball=-71.49 aball=-32.7 bref=0.00 pid=-60.0 pref=502.6 ppos=665.8 apid=-0.0 integ=-0.0 vision=1 current=1 vframe=12126 vs=1 vage=1 vpage=1 vdt=33 vmax=334 vacc=12006 vrej=0 seq=0 elapsed=0 oled=3C
[   2391] STATUS mode=3 fault=none enc=875 denc=0 sreq=-60 sapplied=-60 crate=-60 uimp=-27900 upos=275 uneg=740 ball=24.83 vball=-71.49 aball=-38.2 bref=0.00 pid=-60.0 pref=502.8 ppos=664.6 apid=-0.0 integ=-0.0 vision=1 current=1 vframe=12126 vs=1 vage=21 vpage=21 vdt=33 vmax=334 vacc=12006 vrej=0 seq=0 elapsed=0 oled=3C
[   2407] STATUS mode=3 fault=none enc=872 denc=0 sreq=-60 sapplied=-60 crate=-60 uimp=-30300 upos=275 uneg=780 ball=22.46 vball=-71.44 aball=-38.2 bref=0.00 pid=-60.0 pref=500.6 ppos=662.2 apid=-0.0 integ=-0.0 vision=1 current=1 vframe=12127 vs=1 vage=28 vpage=28 vdt=33 vmax=334 vacc=12007 vrej=0 seq=0 elapsed=0 oled=3C
[   2438] STATUS mode=3 fault=none enc=871 denc=0 sreq=-60 sapplied=-60 crate=-60 uimp=-31500 upos=275 uneg=800 ball=20.28 vball=-69.39 aball=-38.2 bref=0.00 pid=-60.0 pref=504.6 ppos=661.0 apid=-0.0 integ=-0.0 vision=1 current=1 vframe=12128 vs=1 vage=15 vpage=15 vdt=33 vmax=334 vacc=12008 vrej=0 seq=0 elapsed=0 oled=3C
[   2469] STATUS mode=3 fault=none enc=867 denc=0 sreq=-60 sapplied=-60 crate=-60 uimp=-33900 upos=275 uneg=840 ball=17.36 vball=-75.18 aball=-37.8 bref=0.00 pid=-60.0 pref=484.3 ppos=658.6 apid==-0.0 integ=-0.0 vision=1 current=1 vframe=12129 vs=1 vage=2 vpage=2 vdt=33 vmax=334 vacc=12009 vrej=0 seq=0 elapsed=0 oled=3C
[   2500] STATUS mode=3 fault=none enc=866 denc=1 sreq=-60 sapplied=-60 crate=-60 uimp=-35100 upos=275 uneg=860 ball=15.06 vball=-73.88 aball=-37.8 bref=0.00 pid=-60.0 pref=485.9 ppos=657.4 apid=-0.0 integ=-0.0 vision=1 current=1 vframe=12130 vs=1 vage=8 vpage=8 vdt=34 vmax=334 vacc=12010 vrej=0 seq=0 elapsed=0 oled=3C
[   2516] STATUS mode=3 fault=none enc=864 denc=0 sreq=-60 sapplied=-60 crate=-60 uimp=-36300 upos=275 uneg=880 ball=15.06 vball=-73.88 aball=-37.8 bref=0.00 pid=-60.0 pref=485.9 ppos=656.2 apid=-0.0 integ=-0.0 vision=1 current=1 vframe=12130 vs=1 vage=28 vpage=28 vdt=34 vmax=334 vacc=12010 vrej=0 seq=0 elapsed=0 oled=3C
[   2547] STATUS mode=3 fault=none enc=861 denc=-1 sreq=-60 sapplied=-60 crate=-60 uimp=-38700 upos=275 uneg=920 ball=15.06 vball=-73.88 aball=-37.8 bref=0.00 pid=-60.0 pref=485.9 ppos=653.8 apid=-0.0 integ=-0.0 vision=1 current=0 vframe=12131 vs=0 vage=68 vpage=35 vdt=34 vmax=334 vacc=12010 vrej=0 seq=0 elapsed=0 oled=3C
[   2579] STATUS mode=3 fault=none enc=858 denc=0 sreq=-60 sapplied=-60 crate=-60 uimp=-39900 upos=275 uneg=940 ball=10.32 vball=-74.42 aball=-17.4 bref=0.00 pid=-60.0 pref=479.5 ppos=652.6 apid=-0.0 integ=-0.0 vision=1 current=1 vframe=12132 vs=1 vage=20 vpage=20 vdt=68 vmax=334 vacc=12011 vrej=0 seq=0 elapsed=0 oled=3C
[   2610] STATUS mode=3 fault=none enc=858 denc=0 sreq=-60 sapplied=-60 crate=-60 uimp=-41100 upos=275 uneg=960 ball=7.10 vball=-81.16 aball=-17.4 bref=0.00 pid=-60.0 pref=456.1 ppos=651.4 apid=-0.0 integ=-0.0 vision=1 current=1 vframe=12133 vs=1 vage=7 vpage=7 vdt=33 vmax=334 vacc=12012 vrej=0 seq=0 elapsed=0 oled=3C
[   2610] >>> stop
[   2625] STATUS mode=3 fault=none enc=855 denc=0 sreq=-60 sapplied=-60 crate=-60 uimp=-43500 upos=275 uneg=1000 ball=4.04 vball=-83.40 aball=-17.4 bref=0.00 pid=-60.0 pref=446.3 ppos=649.0 apid=-0.0 integ=-0.0 vision=1 current=1 vframe=12134 vs=1 vage=13 vpage=13 vdt=34 vmax=334 vacc=12013 vrej=0 seq=0 elapsed=0 oled=3C
[   2657] STATUS mode=1 fault=none enc=853 denc=-1 sreq=0 sapplied=0 crate=0 uimp=-43800 upos=275 uneg=1005 ball=4.04 vball=-83.40 aball=0.0 bref=0.00 pid=0.0 pref=648.7 ppos=648.7 apid=0.0 integ=0.0 vision=1 current=1 vframe=12134 vs=1 vage=33 vpage=33 vdt=34 vmax=334 vacc=12013 vrej=0 seq=0 elapsed=0 oled=3C
[   2688] STATUS mode=1 fault=none enc=854 denc=0 sreq=0 sapplied=0 crate=0 uimp=-43800 upos=275 uneg=1005 ball=1.42 vball=-82.31 aball=0.0 bref=0.00 pid=0.0 pref=648.7 ppos=648.7 apid=0.0 integ=0.0 vision=1 current=1 vframe=12135 vs=1 vage=19 vpage=19 vdt=34 vmax=334 vacc=12014 vrej=0 seq=0 elapsed=0 oled=3C
[   2704] STATUS mode=1 fault=none enc=854 denc=0 sreq=0 sapplied=0 crate=0 uimp=-43800 upos=275 uneg=1005 ball=-0.73 vball=-79.23 aball=0.0 bref=0.00 pid=0.0 pref=648.7 ppos=648.7 apid=0.0 integ=0.0 vision=1 current=1 vframe=12136 vs=1 vage=26 vpage=26 vdt=33 vmax=334 vacc=12015 vrej=0 seq=0 elapsed=0 oled=3C
[   2735] STATUS mode=1 fault=none enc=854 denc=0 sreq=0 sapplied=0 crate=0 uimp=-43800 upos=275 uneg=1005 ball=-3.09 vball=-77.37 aball=0.0 bref=0.00 pid=0.0 pref=648.7 ppos=648.7 apid=0.0 integ=0.0 vision=1 current=1 vframe=12137 vs=1 vage=13 vpage=13 vdt=33 vmax=334 vacc=12016 vrej=0 seq=0 elapsed=0 oled=3C
[   2766] STATUS mode=1 fault=none enc=854 denc=0 sreq=0 sapplied=0 crate=0 uimp=-43800 upos=275 uneg=1005 ball=-3.09 vball=-77.37 aball=0.0 bref=0.00 pid=0.0 pref=648.7 ppos=648.7 apid=0.0 integ=0.0 vision=1 current=1 vframe=12137 vs=1 vage=33 vpage=33 vdt=33 vmax=334 vacc=12016 vrej=0 seq=0 elapsed=0 oled=3C
[   2782] STATUS mode=1 fault=none enc=854 denc=0 sreq=0 sapplied=0 crate=0 uimp=-43800 upos=275 uneg=1005 ball=-8.59 vball=-80.07 aball=0.0 bref=0.00 pid=0.0 pref=648.7 ppos=648.7 apid=0.0 integ=0.0 vision=1 current=1 vframe=12139 vs=1 vage=6 vpage=6 vdt=34 vmax=334 vacc=12018 vrej=0 seq=0 elapsed=0 oled=3C
[   2813] STATUS mode=1 fault=none enc=854 denc=0 sreq=0 sapplied=0 crate=0 uimp=-43800 upos=275 uneg=1005 ball=-8.59 vball=-80.07 aball=0.0 bref=0.00 pid=0.0 pref=648.7 ppos=648.7 apid=0.0 integ=0.0 vision=1 current=1 vframe=12139 vs=1 vage=26 vpage=26 vdt=34 vmax=334 vacc=12018 vrej=0 seq=0 elapsed=0 oled=3C
[   2844] STATUS mode=1 fault=none enc=854 denc=0 sreq=0 sapplied=0 crate=0 uimp=-43800 upos=275 uneg=1005 ball=-10.98 vball=-76.59 aball=0.0 bref=0.00 pid=0.0 pref=648.7 ppos=648.7 apid=0.0 integ=0.0 vision=1 current=1 vframe=12140 vs=1 vage=11 vpage=11 vdt=35 vmax=334 vacc=12019 vrej=0 seq=0 elapsed=0 oled=3C
[   2860] STATUS mode=1 fault=none enc=854 denc=0 sreq=0 sapplied=0 crate=0 uimp=-43800 upos=275 uneg=1005 ball=-13.52 vball=-78.95 aball=0.0 bref=0.00 pid=0.0 pref=648.7 ppos=648.7 apid=0.0 integ=0.0 vision=1 current=1 vframe=12141 vs=1 vage=19 vpage=19 vdt=32 vmax=334 vacc=12020 vrej=0 seq=0 elapsed=0 oled=3C
[   2891] STATUS mode=1 fault=none enc=854 denc=0 sreq=0 sapplied=0 crate=0 uimp=-43800 upos=275 uneg=1005 ball=-15.52 vball=-73.41 aball=0.0 bref=0.00 pid=0.0 pref=648.7 ppos=648.7 apid=0.0 integ=0.0 vision=1 current=1 vframe=12142 vs=1 vage=6 vpage=6 vdt=33 vmax=334 vacc=12021 vrej=0 seq=0 elapsed=0 oled=3C
[   2922] STATUS mode=1 fault=none enc=854 denc=0 sreq=0 sapplied=0 crate=0 uimp=-43800 upos=275 uneg=1005 ball=-15.52 vball=-73.41 aball=0.0 bref=0.00 pid=0.0 pref=648.7 ppos=648.7 apid=0.0 integ=0.0 vision=1 current=1 vframe=12142 vs=1 vage=26 vpage=26 vdt=33 vmax=334 vacc=12021 vrej=0 seq=0 elapsed=0 oled=3C
[   2954] STATUS mode=1 fault=none enc=854 denc=0 sreq=0 sapplied=0 crate=0 uimp=-43800 upos=275 uneg=1005 ball=-17.92 vball=-72.69 aball=0.0 bref=0.00 pid=0.0 pref=648.7 ppos=648.7 apid=0.0 integ=0.0 vision=1 current=1 vframe=12143 vs=1 vage=13 vpage=13 vdt=33 vmax=334 vacc=12022 vrej=0 seq=0 elapsed=0 oled=3C
[   2969] STATUS mode=1 fault=none enc=854 denc=0 sreq=0 sapplied=0 crate=0 uimp=-43800 upos=275 uneg=1005 ball=-19.98 vball=-69.75 aball=0.0 bref=0.00 pid=0.0 pref=648.7 ppos=648.7 apid=0.0 integ=0.0 vision=1 current=1 vframe=12144 vs=1 vage=19 vpage=19 vdt=34 vmax=334 vacc=12023 vrej=0 seq=0 elapsed=0 oled=3C
[   2969] >>> stream off
[   3000] STATUS mode=1 fault=none enc=854 denc=0 sreq=0 sapplied=0 crate=0 uimp=-43800 upos=275 uneg=1005 ball=-22.07 vball=-67.78 aball=0.0 bref=0.00 pid=0.0 pref=648.7 ppos=648.7 apid=0.0 integ=0.0 vision=1 current=1 vframe=12145 vs=1 vage=6 vpage=6 vdt=33 vmax=334 vacc=12024 vrej=0 seq=0 elapsed=0 oled=3C
[   3000] OK stream off
[   3172] STOP_REASON speed_limit
