[      0] >>> bench on
[      0] OK visual-only bench active; use zero before motor tests
[    625] >>> stop
[    625] OK stopped
[   1250] >>> gain ball 2.0 0.0 20.0 -1
[   1250] OK ball gains kp=2.000 ki=0.000 kd=20.000 sign=-1
[   1875] >>> limit pwm 140
[   1875] OK beam PWM limit=140
[   2483] >>> stream on 20
[   2500] OK stream on 20 ms
[   2531] STATUS mode=1 fault=none p60=-296 dp60=0 pwm=0 ball=9.46 vball=2.70 bref=0.00 pid=0.0 integ=0.0 vision=1 current=0 vframe=4431 vs=0 vage=52 vpage=7 vdt=27 vmax=7730 vacc=4015 vrej=0 seq=0 elapsed=0 oled=3C
[   2545] STATUS mode=1 fault=none p60=-296 dp60=0 pwm=0 ball=9.46 vball=2.70 bref=0.00 pid=0.0 integ=0.0 vision=1 current=0 vframe=4431 vs=0 vage=72 vpage=27 vdt=27 vmax=7730 vacc=4015 vrej=0 seq=0 elapsed=0 oled=3C
[   2577] STATUS mode=1 fault=none p60=-296 dp60=0 pwm=0 ball=9.46 vball=2.70 bref=0.00 pid=0.0 integ=0.0 vision=1 current=0 vframe=4431 vs=0 vage=92 vpage=47 vdt=27 vmax=7730 vacc=4015 vrej=0 seq=0 elapsed=0 oled=3C
[   2592] STATUS mode=1 fault=none p60=-296 dp60=0 pwm=0 ball=9.46 vball=2.70 bref=0.00 pid=0.0 integ=0.0 vision=1 current=0 vframe=4431 vs=0 vage=112 vpage=67 vdt=27 vmax=7730 vacc=4015 vrej=0 seq=0 elapsed=0 oled=3C
[   2608] STATUS mode=1 fault=none p60=-296 dp60=0 pwm=0 ball=9.46 vball=2.70 bref=0.00 pid=0.0 integ=0.0 vision=1 current=0 vframe=4431 vs=0 vage=132 vpage=87 vdt=27 vmax=7730 vacc=4015 vrej=0 seq=0 elapsed=0 oled=3C
[   2625] STATUS mode=1 fault=none p60=-296 dp60=0 pwm=0 ball=9.27 vball=-4.89 bref=0.00 pid=0.0 integ=0.0 vision=1 current=1 vframe=4433 vs=1 vage=3 vpage=3 vdt=10 vmax=7730 vacc=4017 vrej=0 seq=0 elapsed=0 oled=3C
[   2656] STATUS mode=1 fault=none p60=-296 dp60=0 pwm=0 ball=9.55 vball=0.02 bref=0.00 pid=0.0 integ=0.0 vision=1 current=1 vframe=4434 vs=1 vage=4 vpage=4 vdt=19 vmax=7730 vacc=4018 vrej=0 seq=0 elapsed=0 oled=3C
[   2670] STATUS mode=1 fault=none p60=-296 dp60=0 pwm=0 ball=9.55 vball=0.02 bref=0.00 pid=0.0 integ=0.0 vision=1 current=1 vframe=4434 vs=1 vage=24 vpage=24 vdt=19 vmax=7730 vacc=4018 vrej=0 seq=0 elapsed=0 oled=3C
[   2686] STATUS mode=1 fault=none p60=-296 dp60=0 pwm=0 ball=9.55 vball=0.02 bref=0.00 pid=0.0 integ=0.0 vision=1 current=1 vframe=4434 vs=1 vage=44 vpage=44 vdt=19 vmax=7730 vacc=4018 vrej=0 seq=0 elapsed=0 oled=3C
[   2717] STATUS mode=1 fault=none p60=-296 dp60=0 pwm=0 ball=9.55 vball=0.02 bref=0.00 pid=0.0 integ=0.0 vision=1 current=0 vframe=4435 vs=0 vage=64 vpage=20 vdt=19 vmax=7730 vacc=4018 vrej=0 seq=0 elapsed=0 oled=3C
[   2733] STATUS mode=1 fault=none p60=-296 dp60=0 pwm=0 ball=9.55 vball=0.02 bref=0.00 pid=0.0 integ=0.0 vision=1 current=0 vframe=4435 vs=0 vage=84 vpage=40 vdt=19 vmax=7730 vacc=4018 vrej=0 seq=0 elapsed=0 oled=3C
[   2750] STATUS mode=1 fault=none p60=-296 dp60=0 pwm=0 ball=9.55 vball=0.02 bref=0.00 pid=0.0 integ=0.0 vision=1 current=0 vframe=4435 vs=0 vage=104 vpage=60 vdt=19 vmax=7730 vacc=4018 vrej=0 seq=0 elapsed=0 oled=3C
[   2765] STATUS mode=1 fault=none p60=-296 dp60=0 pwm=0 ball=9.55 vball=0.02 bref=0.00 pid=0.0 integ=0.0 vision=1 current=0 vframe=4435 vs=0 vage=124 vpage=80 vdt=19 vmax=7730 vacc=4018 vrej=0 seq=0 elapsed=0 oled=3C
[   2795] STATUS mode=1 fault=none p60=-296 dp60=0 pwm=0 ball=9.59 vball=0.09 bref=0.00 pid=0.0 integ=0.0 vision=1 current=1 vframe=4436 vs=1 vage=11 vpage=11 vdt=133 vmax=7730 vacc=4019 vrej=0 seq=0 elapsed=0 oled=3C
[   2811] STATUS mode=1 fault=none p60=-296 dp60=0 pwm=0 ball=9.60 vball=0.29 bref=0.00 pid=0.0 integ=0.0 vision=1 current=1 vframe=4437 vs=1 vage=20 vpage=20 vdt=11 vmax=7730 vacc=4020 vrej=0 seq=0 elapsed=0 oled=3C
[   2827] STATUS mode=1 fault=none p60=-296 dp60=0 pwm=0 ball=9.56 vball=-0.20 bref=0.00 pid=0.0 integ=0.0 vision=1 current=1 vframe=4438 vs=1 vage=16 vpage=16 vdt=24 vmax=7730 vacc=4021 vrej=0 seq=0 elapsed=0 oled=3C
[   2842] STATUS mode=1 fault=none p60=-296 dp60=0 pwm=0 ball=9.57 vball=-0.07 bref=0.00 pid=0.0 integ=0.0 vision=1 current=1 vframe=4439 vs=1 vage=2 vpage=2 vdt=34 vmax=7730 vacc=4022 vrej=0 seq=0 elapsed=0 oled=3C
[   2875] STATUS mode=1 fault=none p60=-296 dp60=0 pwm=0 ball=9.57 vball=-0.07 bref=0.00 pid=0.0 integ=0.0 vision=1 current=1 vframe=4439 vs=1 vage=22 vpage=22 vdt=34 vmax=7730 vacc=4022 vrej=0 seq=0 elapsed=0 oled=3C
[   2890] STATUS mode=1 fault=none p60=-296 dp60=0 pwm=0 ball=9.57 vball=-0.07 bref=0.00 pid=0.0 integ=0.0 vision=1 current=1 vframe=4439 vs=1 vage=42 vpage=42 vdt=34 vmax=7730 vacc=4022 vrej=0 seq=0 elapsed=0 oled=3C
[   2906] STATUS mode=1 fault=none p60=-296 dp60=0 pwm=0 ball=9.57 vball=-0.07 bref=0.00 pid=0.0 integ=0.0 vision=1 current=1 vframe=4439 vs=1 vage=62 vpage=62 vdt=34 vmax=7730 vacc=4022 vrej=0 seq=0 elapsed=0 oled=3C
[   2936] STATUS mode=1 fault=none p60=-296 dp60=0 pwm=0 ball=9.57 vball=-0.07 bref=0.00 pid=0.0 integ=0.0 vision=1 current=1 vframe=4439 vs=1 vage=82 vpage=82 vdt=34 vmax=7730 vacc=4022 vrej=0 seq=0 elapsed=0 oled=3C
[   2952] STATUS mode=1 fault=none p60=-296 dp60=0 pwm=0 ball=9.58 vball=-0.03 bref=0.00 pid=0.0 integ=0.0 vision=1 current=1 vframe=4440 vs=1 vage=2 vpage=2 vdt=100 vmax=7730 vacc=4023 vrej=0 seq=0 elapsed=0 oled=3C
[   2967] STATUS mode=1 fault=none p60=-296 dp60=0 pwm=0 ball=9.58 vball=-0.03 bref=0.00 pid=0.0 integ=0.0 vision=1 current=1 vframe=4440 vs=1 vage=22 vpage=22 vdt=100 vmax=7730 vacc=4023 vrej=0 seq=0 elapsed=0 oled=3C
[   2983] STATUS mode=1 fault=none p60=-296 dp60=0 pwm=0 ball=9.56 vball=-0.17 bref=0.00 pid=0.0 integ=0.0 vision=1 current=1 vframe=4441 vs=1 vage=9 vpage=9 vdt=33 vmax=7730 vacc=4024 vrej=0 seq=0 elapsed=0 oled=3C
[   3015] STATUS mode=1 fault=none p60=-296 dp60=0 pwm=0 ball=9.56 vball=-0.17 bref=0.00 pid=0.0 integ=0.0 vision=1 current=1 vframe=4441 vs=1 vage=29 vpage=29 vdt=33 vmax=7730 vacc=4024 vrej=0 seq=0 elapsed=0 oled=3C
[   3031] STATUS mode=1 fault=none p60=-296 dp60=0 pwm=0 ball=9.56 vball=-0.13 bref=0.00 pid=0.0 integ=0.0 vision=1 current=1 vframe=4442 vs=1 vage=18 vpage=18 vdt=31 vmax=7730 vacc=4025 vrej=0 seq=0 elapsed=0 oled=3C
[   3045] STATUS mode=1 fault=none p60=-296 dp60=0 pwm=0 ball=9.56 vball=-0.13 bref=0.00 pid=0.0 integ=0.0 vision=1 current=1 vframe=4442 vs=1 vage=38 vpage=38 vdt=31 vmax=7730 vacc=4025 vrej=0 seq=0 elapsed=0 oled=3C
[   3077] STATUS mode=1 fault=none p60=-296 dp60=0 pwm=0 ball=9.56 vball=-0.13 bref=0.00 pid=0.0 integ=0.0 vision=1 current=1 vframe=4442 vs=1 vage=58 vpage=58 vdt=31 vmax=7730 vacc=4025 vrej=0 seq=0 elapsed=0 oled=3C
[   3092] STATUS mode=1 fault=none p60=-296 dp60=0 pwm=0 ball=9.56 vball=-0.13 bref=0.00 pid=0.0 integ=0.0 vision=1 current=1 vframe=4442 vs=1 vage=78 vpa
[   3092] >>> ball 50
[   3092] ge=78 vdt=31 vmax=7730 vacc=4025 vrej=0 seq=0 elapsed=0 oled=3C
[   3092] OK visual PWM ball target=50.00 mm
[   3108] STATUS mode=3 fault=none p60=-296 dp60=0 pwm=-127 ball=9.56 vball=-0.13 bref=50.00 pid=-83.5 integ=-0.0 vision=1 current=1 vframe=4442 vs=1 vage=98 vpage=98 vdt=31 vmax=7730 vacc=4025 vrej=0 seq=0 elapsed=0 oled=3C
[   3125] STATUS mode=3 fault=none p60=-298 dp60=-1 pwm=-127 ball=9.57 vball=-0.07 bref=50.00 pid=-82.3 integ=-0.0 vision=1 current=1 vframe=4443 vs=1 vage=16 vpage=16 vdt=102 vmax=7730 vacc=4026 vrej=0 seq=0 elapsed=0 oled=3C
[   3156] STATUS mode=3 fault=none p60=-303 dp60=-2 pwm=-127 ball=9.56 vball=-0.13 bref=50.00 pid=-82.3 integ=-0.0 vision=1 current=1 vframe=4444 vs=1 vage=4 vpage=4 vdt=32 vmax=7730 vacc=4027 vrej=0 seq=0 elapsed=0 oled=3C
[   3170] STATUS mode=3 fault=none p60=-308 dp60=-1 pwm=-127 ball=9.56 vball=-0.13 bref=50.00 pid=-83.5 integ=-0.0 vision=1 current=1 vframe=4444 vs=1 vage=24 vpage=24 vdt=32 vmax=7730 vacc=4027 vrej=0 seq=0 elapsed=0 oled=3C
[   3186] STATUS mode=3 fault=none p60=-315 dp60=-1 pwm=-127 ball=9.56 vball=-0.10 bref=50.00 pid=-82.9 integ=-0.0 vision=1 current=1 vframe=4445 vs=1 vage=11 vpage=11 vdt=33 vmax=7730 vacc=4028 vrej=0 seq=0 elapsed=0 oled=3C
[   3217] STATUS mode=3 fault=none p60=-323 dp60=-2 pwm=-127 ball=9.56 vball=-0.10 bref=50.00 pid=-82.9 integ=-0.0 vision=1 current=1 vframe=4445 vs=1 vage=31 vpage=31 vdt=33 vmax=7730 vacc=4028 vrej=0 seq=0 elapsed=0 oled=3C
[   3233] STATUS mode=3 fault=none p60=-331 dp60=-2 pwm=0 ball=9.56 vball=-0.10 bref=50.00 pid=-82.9 integ=-0.0 vision=1 current=1 vframe=4445 vs=1 vage=51 vpage=51 vdt=33 vmax=7730 vacc=4028 vrej=0 seq=0 elapsed=0 oled=3C
[   3250] STATUS mode=3 fault=none p60=-338 dp60=-2 pwm=0 ball=9.56 vball=-0.10 bref=50.00 pid=-82.9 integ=-0.0 vision=1 current=1 vframe=4445 vs=1 vage=71 vpage=71 vdt=33 vmax=7730 vacc=4028 vrej=0 seq=0 elapsed=0 oled=3C
[   3265] STATUS mode=3 fault=none p60=-342 dp60=-1 pwm=0 ball=9.56 vball=-0.10 bref=50.00 pid=-82.9 integ=-0.0 vision=1 current=1 vframe=4445 vs=1 vage=91 vpage=91 vdt=33 vmax=7730 vacc=4028 vrej=0 seq=0 elapsed=0 oled=3C
[   3295] STATUS mode=3 fault=none p60=-343 dp60=0 pwm=-127 ball=9.57 vball=-0.05 bref=50.00 pid=-81.9 integ=-0.0 vision=1 current=1 vframe=4446 vs=1 vage=9 vpage=9 vdt=102 vmax=7730 vacc=4029 vrej=0 seq=0 elapsed=0 oled=3C
[   3311] STATUS mode=3 fault=none p60=-347 dp60=-1 pwm=-127 ball=9.57 vball=-0.05 bref=50.00 pid=-81.9 integ=-0.0 vision=1 current=1 vframe=4446 vs=1 vage=29 vpage=29 vdt=102 vmax=7730 vacc=4029 vrej=0 seq=0 elapsed=0 oled=3C
[   3327] STATUS mode=3 fault=none p60=-355 dp60=-2 pwm=-126 ball=9.60 vball=0.21 bref=50.00 pid=-76.6 integ=-0.0 vision=1 current=1 vframe=4447 vs=1 vage=19 vpage=19 vdt=30 vmax=7730 vacc=4030 vrej=0 seq=0 elapsed=0 oled=3C
[   3342] STATUS mode=3 fault=none p60=-362 dp60=-2 pwm=0 ball=9.60 vball=0.16 bref=50.00 pid=-77.6 integ=-0.0 vision=1 current=1 vframe=4448 vs=1 vage=5 vpage=5 vdt=34 vmax=7730 vacc=4031 vrej=0 seq=0 elapsed=0 oled=3C
[   3375] STATUS mode=3 fault=none p60=-370 dp60=-2 pwm=-126 ball=9.60 vball=0.16 bref=50.00 pid=-77.6 integ=-0.0 vision=1 current=1 vframe=4448 vs=1 vage=25 vpage=25 vdt=34 vmax=7730 vacc=4031 vrej=0 seq=0 elapsed=0 oled=3C
[   3390] STATUS mode=3 fault=none p60=-379 dp60=-2 pwm=0 ball=9.60 vball=0.16 bref=50.00 pid=-77.6 integ=-0.0 vision=1 current=1 vframe=4448 vs=1 vage=45 vpage=45 vdt=34 vmax=7730 vacc=4031 vrej=0 seq=0 elapsed=0 oled=3C
[   3406] STATUS mode=3 fault=none p60=-387 dp60=-2 pwm=0 ball=9.60 vball=0.16 bref=50.00 pid=-77.6 integ=-0.0 vision=1 current=1 vframe=4448 vs=1 vage=65 vpage=65 vdt=34 vmax=7730 vacc=4031 vrej=0 seq=0 elapsed=0 oled=3C
[   3436] STATUS mode=3 fault=none p60=-394 dp60=-2 pwm=0 ball=9.60 vball=0.16 bref=50.00 pid=-77.6 integ=-0.0 vision=1 current=1 vframe=4448 vs=1 vage=85 vpage=85 vdt=34 vmax=7730 vacc=4031 vrej=0 seq=0 elapsed=0 oled=3C
[   3452] STATUS mode=3 fault=none p60=-397 dp60=-1 pwm=-126 ball=9.66 vball=0.27 bref=50.00 pid=-75.3 integ=-0.0 vision=1 current=1 vframe=4449 vs=1 vage=6 vpage=6 vdt=99 vmax=7730 vacc=4032 vrej=0 seq=0 elapsed=0 oled=3C
[   3467] STATUS mode=3 fault=none p60=-403 dp60=-2 pwm=0 ball=10.50 vball=8.60 bref=50.00 pid=-75.3 integ=-0.0 vision=1 current=1 vframe=4450 vs=1 vage=1 vpage=1 vdt=25 vmax=7730 vacc=4033 vrej=0 seq=0 elapsed=0 oled=3C
[   3483] STATUS mode=3 fault=none p60=-409 dp60=-1 pwm=129 ball=10.50 vball=8.60 bref=50.00 pid=93.1 integ=-0.0 vision=1 current=1 vframe=4450 vs=1 vage=21 vpage=21 vdt=25 vmax=7730 vacc=4033 vrej=0 seq=0 elapsed=0 oled=3C
[   3515] STATUS mode=3 fault=none p60=-409 dp60=0 pwm=0 ball=10.64 vball=7.85 bref=50.00 pid=78.3 integ=-0.0 vision=1 current=1 vframe=4451 vs=1 vage=16 vpage=16 vdt=25 vmax=7730 vacc=4034 vrej=0 seq=0 elapsed=0 oled=3C
[   3531] STATUS mode=3 fault=none p60=-405 dp60=1 pwm=126 ball=10.64 vball=7.85 bref=50.00 pid=78.3 integ=-0.0 vision=1 current=1 vframe=4451 vs=1 vage=36 vpage=36 vdt=25 vmax=7730 vacc=4034 vrej=0 seq=0 elapsed=0 oled=3C
[   3545] STATUS mode=3 fault=none p60=-400 dp60=2 pwm=0 ball=10.64 vball=7.85 bref=50.00 pid=78.3 integ=-0.0 vision=1 current=1 vframe=4451 vs=1 vage=56 vpage=56 vdt=25 vmax=7730 vacc=4034 vrej=0 seq=0 elapsed=0 oled=3C
[   3577] STATUS mode=3 fault=none p60=-396 dp60=1 pwm=0 ball=10.64 vball=7.85 bref=50.00 pid=78.3 integ=-0.0 vision=1 current=1 vframe=4451 vs=1 vage=76 vpage=76 vdt=25 vmax=7730 vacc=4034 vrej=0 seq=0 elapsed=0 oled=3C
[   3592] STATUS mode=3 fault=none p60=-395 dp60=0 pwm=0 ball=10.64 vball=7.85 bref=50.00 pid=78.3 integ=-0.0 vision=1 current=1 vframe=4451 vs=1 vage=96 vpage=96 vdt=25 vmax=7730 vacc=4034 vrej=0 seq=0 elapsed=0 oled=3C
[   3608] STATUS mode=3 fault=none p60=-397 dp60=0 pwm=119 ball=10.72 vball=6.08 bref=50.00 pid=43.1 integ=-0.0 vision=1 current=1 vframe=4452 vs=1 vage=13 vpage=13 vdt=103 vmax=7730 vacc=4035 vrej=0 seq=0 elapsed=0 oled=3C
[   3625] STATUS mode=3 fault=none p60=-397 dp60=0 pwm=0 ball=11.12 vball=7.79 bref=50.00 pid=43.1 integ=-0.0 vision=1 current=1 vframe=4453 vs=1 vage=2 vpage=2 vdt=31 vmax=7730 vacc=4036 vrej=0 seq=0 elapsed=0 oled=3C
[   3656] STATUS mode=3 fault=none p60=-398 dp60=-1 pwm=0 ball=11.12 vball=7.79 bref=50.00 pid=78.0 integ=-0.0 vision=1 current=1 vframe=4453 vs=1 vage=22 vpage=22 vdt=31 vmax=7730 vacc=4036 vrej=0 seq=0 elapsed=0 oled=3C
[   3670] STATUS mode=3 fault=none p60=-397 dp60=1 pwm=126 ball=11.38 vball=7.81 bref=50.00 pid=79.0 integ=-0.0 vision=1 current=1 vframe=4454 vs=1 vage=9 vpage=9 vdt=33 vmax=7730 vacc=4037 vrej=0 seq=0 elapsed=0 oled=3C
[   3686] STATUS mode=3 fault=none p60=-395 dp60=1 pwm=0 ball=11.38 vball=7.81 bref=50.00 pid=79.0 integ=-0.0 vision=1 current=1 vframe=4454 vs=1 vage=29 vpage=29 vdt=33 vmax=7730 vacc=4037 vrej=0 seq=0 elapsed=0 oled=3C
[   3702] STATUS mode=3 fault=no
[   3717] ne p60=-395 dp60=0 pwm=126 ball=11.38 vball=7.81 bref=50.00 pid=79.0 integ=-0.0 vision=1 current=1 vframe=4454 vs=1 vage=49 vpage=49 vdt=33 vmax=7730 vacc=4037 vrej=0 seq=0 elapsed=0 oled=3C
[   3733] STATUS mode=3 fault=none p60=-391 dp60=2 pwm=0 ball=11.38 vball=7.81 bref=50.00 pid=79.0 integ=-0.0 vision=1 current=1 vframe=4454 vs=1 vage=69 vpage=69 vdt=33 vmax=7730 vacc=4037 vrej=0 seq=0 elapsed=0 oled=3C
[   3750] STATUS mode=3 fault=none p60=-388 dp60=1 pwm=0 ball=11.38 vball=7.81 bref=50.00 pid=79.0 integ=-0.0 vision=1 current=1 vframe=4454 vs=1 vage=89 vpage=89 vdt=33 vmax=7730 vacc=4037 vrej=0 seq=0 elapsed=0 oled=3C
[   3765] STATUS mode=3 fault=none p60=-387 dp60=0 pwm=121 ball=11.62 vball=6.47 bref=50.00 pid=52.6 integ=-0.0 vision=1 current=1 vframe=4455 vs=1 vage=11 vpage=11 vdt=98 vmax=7730 vacc=4038 vrej=0 seq=0 elapsed=0 oled=3C
[   3795] STATUS mode=3 fault=none p60=-386 dp60=1 pwm=0 ball=11.62 vball=6.47 bref=50.00 pid=52.6 integ=-0.0 vision=1 current=1 vframe=4455 vs=1 vage=31 vpage=31 vdt=98 vmax=7730 vacc=4038 vrej=0 seq=0 elapsed=0 oled=3C
[   3811] STATUS mode=3 fault=none p60=-386 dp60=0 pwm=140 ball=12.97 vball=13.97 bref=50.00 pid=140.0 integ=-0.0 vision=1 current=1 vframe=4456 vs=1 vage=14 vpage=14 vdt=37 vmax=7730 vacc=4039 vrej=0 seq=0 elapsed=0 oled=3C
[   3827] STATUS mode=3 fault=none p60=-386 dp60=0 pwm=140 ball=12.97 vball=13.97 bref=50.00 pid=140.0 integ=-0.0 vision=1 current=1 vframe=4456 vs=1 vage=34 vpage=34 vdt=37 vmax=7730 vacc=4039 vrej=0 seq=0 elapsed=0 oled=3C
[   3858] STATUS mode=3 fault=none p60=-383 dp60=1 pwm=0 ball=12.97 vball=13.97 bref=50.00 pid=140.0 integ=-0.0 vision=1 current=1 vframe=4456 vs=1 vage=54 vpage=54 vdt=37 vmax=7730 vacc=4039 vrej=0 seq=0 elapsed=0 oled=3C
[   3875] STATUS mode=3 fault=none p60=-381 dp60=0 pwm=0 ball=12.97 vball=13.97 bref=50.00 pid=140.0 integ=-0.0 vision=1 current=1 vframe=4456 vs=1 vage=74 vpage=74 vdt=37 vmax=7730 vacc=4039 vrej=0 seq=0 elapsed=0 oled=3C
[   3890] STATUS mode=3 fault=none p60=-381 dp60=0 pwm=0 ball=12.97 vball=13.97 bref=50.00 pid=140.0 integ=-0.0 vision=1 current=1 vframe=4456 vs=1 vage=94 vpage=94 vdt=37 vmax=7730 vacc=4039 vrej=0 seq=0 elapsed=0 oled=3C
[   3906] STATUS mode=3 fault=none p60=-381 dp60=0 pwm=140 ball=13.80 vball=25.37 bref=50.00 pid=140.0 integ=-0.0 vision=1 current=1 vframe=4458 vs=1 vage=3 vpage=3 vdt=10 vmax=7730 vacc=4041 vrej=0 seq=0 elapsed=0 oled=3C
[   3936] STATUS mode=3 fault=none p60=-378 dp60=1 pwm=140 ball=13.80 vball=25.37 bref=50.00 pid=140.0 integ=-0.0 vision=1 current=1 vframe=4458 vs=1 vage=23 vpage=23 vdt=10 vmax=7730 vacc=4041 vrej=0 seq=0 elapsed=0 oled=3C
[   3952] STATUS mode=3 fault=none p60=-373 dp60=1 pwm=140 ball=14.77 vball=29.57 bref=50.00 pid=140.0 integ=-0.0 vision=1 current=1 vframe=4459 vs=1 vage=20 vpage=20 vdt=23 vmax=7730 vacc=4042 vrej=0 seq=0 elapsed=0 oled=3C
[   3967] STATUS mode=3 fault=none p60=-365 dp60=3 pwm=0 ball=15.87 vball=30.77 bref=50.00 pid=140.0 integ=-0.0 vision=1 current=1 vframe=4460 vs=1 vage=8 vpage=8 vdt=32 vmax=7730 vacc=4043 vrej=0 seq=0 elapsed=0 oled=3C
[   3983] STATUS mode=3 fault=none p60=-356 dp60=3 pwm=140 ball=15.87 vball=30.77 bref=50.00 pid=140.0 integ=-0.0 vision=1 current=1 vframe=4460 vs=1 vage=28 vpage=28 vdt=32 vmax=7730 vacc=4043 vrej=0 seq=0 elapsed=0 oled=3C
[   4015] STATUS mode=3 fault=none p60=-346 dp60=2 pwm=0 ball=15.87 vball=30.77 bref=50.00 pid=140.0 integ=-0.0 vision=1 current=1 vframe=4460 vs=1 vage=48 vpage=48 vdt=32 vmax=7730 vacc=4043 vrej=0 seq=0 elapsed=0 oled=3C
[   4031] STATUS mode=3 fault=none p60=-337 dp60=2 pwm=0 ball=15.87 vball=30.77 bref=50.00 pid=140.0 integ=-0.0 vision=1 current=1 vframe=4460 vs=1 vage=68 vpage=68 vdt=32 vmax=7730 vacc=4043 vrej=0 seq=0 elapsed=0 oled=3C
[   4045] STATUS mode=3 fault=none p60=-332 dp60=1 pwm=0 ball=15.87 vball=30.77 bref=50.00 pid=140.0 integ=-0.0 vision=1 current=1 vframe=4460 vs=1 vage=88 vpage=88 vdt=32 vmax=7730 vacc=4043 vrej=0 seq=0 elapsed=0 oled=3C
[   4077] STATUS mode=3 fault=none p60=-328 dp60=1 pwm=0 ball=15.87 vball=30.77 bref=50.00 pid=140.0 integ=-0.0 vision=1 current=1 vframe=4460 vs=1 vage=108 vpage=108 vdt=32 vmax=7730 vacc=4043 vrej=0 seq=0 elapsed=0 oled=3C
[   4092] STATUS mode=3 fault=none p60=-327 dp60=0 pwm=140 ball=16.99 vball=25.62 bref=50.00 pid=140.0 integ=-0.0 vision=1 current=1 vframe=4461 vs=1 vage=18 vpage=18 vdt=110 vmax=7730 vacc=4044 vrej=0 seq=0 elapsed=0 oled=3C
[   4108] STATUS mode=3 fault=none p60=-322 dp60=2 pwm=0 ball=18.12 vball=27.53 bref=50.00 pid=140.0 integ=-0.0 vision=1 current=1 vframe=4462 vs=1 vage=4 vpage=4 vdt=34 vmax=7730 vacc=4045 vrej=0 seq=0 elapsed=0 oled=3C
[   4125] STATUS mode=3 fault=none p60=-316 dp60=1 pwm=140 ball=18.56 vball=30.65 bref=50.00 pid=140.0 integ=-0.0 vision=1 current=1 vframe=4463 vs=1 vage=13 vpage=13 vdt=11 vmax=7730 vacc=4046 vrej=0 seq=0 elapsed=0 oled=3C
[   4156] STATUS mode=3 fault=none p60=-307 dp60=2 pwm=140 ball=19.27 vball=29.32 bref=50.00 pid=140.0 integ=-0.0 vision=1 current=1 vframe=4464 vs=1 vage=5 vpage=5 vdt=28 vmax=7730 vacc=4047 vrej=0 seq=0 elapsed=0 oled=3C
[   4170] STATUS mode=3 fault=none p60=-297 dp60=2 pwm=140 ball=19.27 vball=29.32 bref=50.00 pid=140.0 integ=-0.0 vision=1 current=1 vframe=4464 vs=1 vage=25 vpage=25 vdt=28 vmax=7730 vacc=4047 vrej=0 seq=0 elapsed=0 oled=3C
[   4186] STATUS mode=3 fault=none p60=-286 dp60=3 pwm=0 ball=19.27 vball=29.32 bref=50.00 pid=140.0 integ=-0.0 vision=1 current=1 vframe=4464 vs=1 vage=45 vpage=45 vdt=28 vmax=7730 vacc=4047 vrej=0 seq=0 elapsed=0 oled=3C
[   4217] STATUS mode=3 fault=none p60=-279 dp60=2 pwm=0 ball=19.27 vball=29.32 bref=50.00 pid=140.0 integ=-0.0 vision=1 current=1 vframe=4464 vs=1 vage=65 vpage=65 vdt=28 vmax=7730 vacc=4047 vrej=0 seq=0 elapsed=0 oled=3C
[   4233] STATUS mode=3 fault=none p60=-274 dp60=1 pwm=0 ball=19.27 vball=29.32 bref=50.00 pid=140.0 integ=-0.0 vision=1 current=1 vframe=4464 vs=1 vage=85 vpage=85 vdt=28 vmax=7730 vacc=4047 vrej=0 seq=0 elapsed=0 oled=3C
[   4250] STATUS mode=3 fault=none p60=-273 dp60=0 pwm=0 ball=19.27 vball=29.32 bref=50.00 pid=140.0 integ=-0.0 vision=1 current=1 vframe=4464 vs=1 vage=105 vpage=105 vdt=28 vmax=7730 vacc=4047 vrej=0 seq=0 elapsed=0 oled=3C
[   4265] STATUS mode=3 fault=none p60=-271 dp60=1 pwm=140 ball=19.98 vball=23.61 bref=50.00 pid=140.0 integ=-0.0 vision=1 current=1 vframe=4465 vs=1 vage=15 vpage=15 vdt=110 vmax=7730 vacc=4048 vrej=0 seq=0 elapsed=0 oled=3C
[   4295] STATUS mode=3 fault=none p60=-266 dp60=2 pwm=0 ball=20.23 vball=20.55 bref=50.00 pid=140.0 integ=-0.0 vision=1 current=1 vframe=4466 vs=1 vage=13 vpage=13 vdt=22 vmax=7730 vacc=4049 vrej=0 seq=0 elapsed=0 oled=3C
[   4311] STATUS mode=3 fault=none p60=-259 dp60=2 pwm=140 ball=20.30 vball=16.33 bref=50.00 pid=140.0 integ=-0.0 vision=1 current=1 vframe=4467 vs=1 vage=14 vpage=14 vdt=19 vmax=7730 vacc=4050 vrej=0 seq=0 elapsed=0 oled=3C
[   4327] STATUS mode=3 fault=none p60=-250 dp60=2 pwm=140 ball=20.33 vball=12.56 bref=50.00 pid=140.0 integ=-0.0 vision=1 current=1 vframe=4468 vs=1 vage=10 vpage=10 vdt=24 vmax=7730 vacc=4051 vrej=0 seq=0 elapsed=0 oled=3C
[   4358] STATUS mode=3 fault=none p60=-240 dp60=2 pwm=140 ball=20.30 vball=9.09 bref=50.00 pid=122.5 integ=-0.0 vision=1 current=1 vframe=4469 vs=1 vage=7 vpage=7 vdt=23 vmax=7730 vacc=4052 vrej=0 seq=0 elapsed=0 oled=3C
[   4375] STATUS mode=3 fault=none p60=-230 dp60=2 pwm=136 ball=20.30 vball=9.09 bref=50.00 pid=122.5 integ=-0.0 vision=1 current=1 vframe=4469 vs=1 vage=27 vpage=27 vdt=23 vmax=7730 vacc=4052 vrej=0 seq=0 elapsed=0 oled=3C
[   4390] STATUS mode=3 fault=none p60=-220 dp60=2 pwm=136 ball=20.30 vball=9.09 bref=50.00 pid=122.5 integ=-0.0 vision=1 current=1 vframe=4469 vs=1 vage=47 vpage=47 vdt=23 vmax=7730 vacc=4052 vrej=0 seq=0 elapsed=0 oled=3C
[   4406] STATUS mode=3 fault=none p60=-210 dp60=2 pwm=0 ball=20.30 vball=9.09 bref=50.00 pid=122.5 integ=-0.0 vision=1 current=1 vframe=4469 vs=1 vage=67 vpage=67 vdt=23 vmax=7730 vacc=4052 vrej=0 seq=0 elapsed=0 oled=3C
[   4436] STATUS mode=3 fault=none p60=-203 dp60=2 pwm=0 ball=20.30 vball=9.09 bref=50.00 pid=122.5 integ=-0.0 vision=1 current=1 vframe=4469 vs=1 vage=87 vpage=87 vdt=23 vmax=7730 vacc=4052 vrej=0 seq=0 elapsed=0 oled=3C
[   4452] STATUS mode=3 fault=none p60=-199 dp60=1 pwm=126 ball=20.30 vball=6.82 bref=50.00 pid=77.0 integ=-0.0 vision=1 current=1 vframe=4470 vs=1 vage=14 vpage=14 vdt=93 vmax=7730 vacc=4053 vrej=0 seq=0 elapsed=0 oled=3C
[   4467] STATUS mode=3 fault=none p60=-194 dp60=1 pwm=0 ball=20.55 vball=8.40 bref=50.00 pid=109.2 integ=-0.0 vision=1 current=1 vframe=4471 vs=1 vage=15 vpage=15 vdt=19 vmax=7730 vacc=4054 vrej=0 seq=0 elapsed=0 oled=3C
[   4483] STATUS mode=3 fault=none p60=-188 dp60=1 pwm=133 ball=20.55 vball=8.40 bref=50.00 pid=109.2 integ=-0.0 vision=1 current=1 vframe=4471 vs=1 vage=35 vpage=35 vdt=19 vmax=7730 vacc=4054 vrej=0 seq=0 elapsed=0 oled=3C
[   4515] STATUS mode=3 fault=none p60=-183 dp60=1 pwm=-140 ball=18.87 vball=-5.05 bref=50.00 pid=-140.0 integ=-0.0 vision=1 current=1 vframe=4472 vs=1 vage=18 vpage=18 vdt=37 vmax=7730 vacc=4055 vrej=0 seq=0 elapsed=0 oled=3C
[   4531] STATUS mode=3 fault=none p60=-182 dp60=-1 pwm=-140 ball=18.14 vball=-13.39 bref=50.00 pid=-140.0 integ=-0.0 vision=1 current=1 vframe=4473 vs=1 vage=19 vpage=19 vdt=19 vmax=7730 vacc=4056 vrej=0 seq=0 elapsed=0 oled=3C
[   4545] STATUS mode=3 fault=none p60=-186 dp60=-1 pwm=-140 ball=18.14 vball=-13.39 bref=50.00 pid=-140.0 integ=-0.0 vision=1 current=1 vframe=4473 vs=1 vage=39 vpage=39 vdt=19 vmax=7730 vacc=4056 vrej=0 seq=0 elapsed=0 oled=3C
[   4577] STATUS mode=3 fault=none p60=-193 dp60=-3 pwm=0 ball=18.14 vball=-13.39 bref=50.00 pid=-140.0 integ=-0.0 vision=1 current=1 vframe=4473 vs=1 vage=59 vpage=59 vdt=19 vmax=7730 vacc=4056 vrej=0 seq=0 elapsed=0 oled=3C
[   4592] STATUS mode=3 fault=none p60=-202 dp60=-2 pwm=0 ball=18.14 vball=-13.39 bref=50.00 pid=-140.0 integ=-0.0 vision=1 current=1 vframe=4473 vs=1 vage=79 vpage=79 vdt=19 vmax=7730 vacc=4056 vrej=0 seq=0 elapsed=0 oled=3C
[   4608] STATUS mode=3 fault=none p60=-207 dp60=-1 pwm=0 ball=18.14 vball=-13.39 bref=50.00 pid=-140.0 integ=-0.0 vision=1 current=1 vframe=4473 vs=1 vage=99 vpage=99 vdt=19 vmax=7730 vacc=4056 vrej=0 seq=0 elapsed=0 oled=3C
[   4625] STATUS mode=3 fault=none p60=-211 dp60=-1 pwm=-140 ball=17.11 vball=-12.32 bref=50.00 pid=-140.0 integ=-0.0 vision=1 current=1 vframe=4474 vs=1 vage=6 vpage=6 vdt=113 vmax=7730 vacc=4057 vrej=0 seq=0 elapsed=0 oled=3C
[   4656] STATUS mode=3 fault=none p60=-215 dp60=-2 pwm=-140 ball=16.42 vball=-28.41 bref=50.00 pid=-140.0 integ=-0.0 vision=1 current=1 vframe=4475 vs=1 vage=17 vpage=17 vdt=9 vmax=7730 vacc=4058 vrej=0 seq=0 elapsed=0 oled=3C
[   4670] STATUS mode=3 fault=none p60=-223 dp60=-2 pwm=-140 ball=12.67 vball=-54.79 bref=50.00 pid=-140.0 integ=-0.0 vision=1 current=1 vframe=4476 vs=1 vage=9 vpage=9 vdt=28 vmax=7730 vacc=4059 vrej=0 seq=0 elapsed=0 oled=3C
[   4686] STATUS mode=3 fault=none p60=-233 dp60=-3 pwm=-140 ball=12.67 vball=-54.79 bref=50.00 pid=-140.0 integ=-0.0 vision=1 current=1 vframe=4476 vs=1 vage=29 vpage=29 vdt=28 vmax=7730 vacc=4059 vrej=0 seq=0 elapsed=0 oled=3C
[   4717] STATUS mode=3 fault=none p60=-244 dp60=-2 pwm=-140 ball=12.67 vball=-54.79 bref=50.00 pid=-140.0 integ=-0.0 vision=1 current=0 vframe=4477 vs=0 vage=49 vpage=7 vdt=28 vmax=7730 vacc=4059 vrej=0 seq=0 elapsed=0 oled=3C
[   4733] STATUS mode=3 fault=none p60=-258 dp60=-4 pwm=0 ball=12.67 vball=-54.79 bref=50.00 pid=-140.0 integ=-0.0 vision=1 current=0 vframe=4477 vs=0 vage=69 vpage=27 vdt=28 vmax=7730 vacc=4059 vrej=0 seq=0 elapsed=0 oled=3C
[   4750] STATUS mode=3 fault=none p60=-270 dp60=-3 pwm=0 ball=12.67 vball=-54.79 bref=50.00 pid=-140.0 integ=-0.0 vision=1 current=0 vframe=4477 vs=0 vage=89 vpage=47 vdt=28 vmax=7730 vacc=4059 vrej=0 seq=0 elapsed=0 oled=3C
[   4765] STATUS mode=3 fault=none p60=-279 dp60=-2 pwm=0 ball=12.67 vball=-54.79 bref=50.00 pid=-140.0 integ=-0.0 vision=1 current=0 vframe=4477 vs=0 vage=109 vpage=67 vdt=28 vmax=7730 vacc=4059 vrej=0 seq=0 elapsed=0 oled=3C
[   4795] STATUS mode=3 fault=none p60=-285 dp60=-1 pwm=0 ball=12.67 vball=-54.79 bref=50.00 pid=-140.0 integ=-0.0 vision=1 current=0 vframe=4477 vs=0 vage=129 vpage=87 vdt=28 vmax=7730 vacc=4059 vrej=0 seq=0 elapsed=0 oled=3C
[   4811] STATUS mode=3 fault=none p60=-290 dp60=-1 pwm=-140 ball=9.88 vball=-45.97 bref=50.00 pid=-140.0 integ=-0.0 vision=1 current=1 vframe=4478 vs=1 vage=6 vpage=6 vdt=143 vmax=7730 vacc=4060 vrej=0 seq=0 elapsed=0 oled=3C
[   4827] STATUS mode=3 fault=none p60=-295 dp60=-3 pwm=-140 ball=6.55 vball=-80.73 bref=50.00 pid=-140.0 integ=-0.0 vision=1 current=1 vframe=4479 vs=1 vage=8 vpage=8 vdt=18 vmax=7730 vacc=4061 vrej=0 seq=0 elapsed=0 oled=3C
[   4858] STATUS mode=3 fault=none p60=-304 dp60=-2 pwm=-140 ball=6.55 vball=-80.73 bref=50.00 pid=-140.0 integ=-0.0 vision=1 current=0 vframe=4480 vs=0 vage=28 vpage=7 vdt=18 vmax=7730 vacc=4061 vrej=0 seq=0 elapsed=0 oled=3C
[   4875] STATUS mode=3 fault=none p60=-316 dp60=-3 pwm=-140 ball=6.55 vball=-80.73 bref=50.00 pid=-140.0 integ=-0.0 vision=1 current=0 vframe=4480 vs=0 vage=48 vpage=27 vdt=18 vmax=7730 vacc=4061 vrej=0 seq=0 elapsed=0 oled=3C
[   4890] STATUS mode=3 fault=none p60=-328 dp60=-3 pwm=0 ball=6.55 vball=-80.73 bref=50.00 pid=-140.0 integ=-0.0 vision=1 current=0 vframe=4480 vs=0 vage=68 vpage=47 vdt=18 vmax=7730 vacc=4061 vrej=0 seq=0 elapsed=0 oled=3C
[   4906] STATUS mode=3 fault=none p60=-337 dp60=-2 pwm=0 ball=6.55 vball=-80.73 bref=50.00 pid=-140.0 integ=-0.0 vision=1 current=0 vframe=4480 vs=0 vage=88 vpage=67 vdt=18 vmax=7730 vacc=4061 vrej=0 seq=0 elapsed=0 oled=3C
[   4936] STATUS mode=3 fault=none p60=-343 dp60=-1 pwm=0 ball=6.55 vball=-80.73 bref=50.00 pid=-140.0 integ=-0.0 vision=1 current=0 vframe=4480 vs=0 vage=108 vpage=87 vdt=18 vmax=7730 vacc=4061 vrej=0 seq=0 elapsed=0 oled=3C
[   4952] STATUS mode=3 fault=none p60=-348 dp60=-1 pwm=0 ball=6.55 vball=-80.73 bref=50.00 pid=-140.0 integ=-0.0 vision=1 current=0 vframe=4480 vs=0 vage=128 vpage=107 vdt=18 vmax=7730 vacc=4061 vrej=0 seq=0 elapsed=0 oled=3C
[   4967] STATUS mode=3 fault=none p60=-350 dp60=0 pwm=0 ball=6.55 vball=-80.73 bref=50.00 pid=-140.0 integ=-0.0 vision=1 current=0 vframe=4481 vs=0 vage=148 vpage=7 vdt=18 vmax=7730 vacc=4061 vrej=0 seq=0 elapsed=0 oled=3C
[   4983] STATUS mode=3 fault=none p60=-349 dp60=0 pwm=0 ball=6.55 vball=-80.73 bref=50.00 pid=-140.0 integ=-0.0 vision=1 current=0 vframe=4482 vs=0 vage=168 vpage=19 vdt=18 vmax=7730 vacc=4061 vrej=0 seq=0 elapsed=0 oled=3C
[   5015] STATUS mode=3 fault=none p60=-348 dp60=0 pwm=0 ball=6.55 vball=-80.73 bref=50.00 pid=-140.0 integ=-0.0 vision=1 current=0 vframe=4483 vs=0 vage=188 vpage=17 vdt=18 vmax=7730 vacc=4061 vrej=0 seq=0 elapsed=0 oled=3C
[   5031] STATUS mode=3 fault=none p60=-347 dp60=0 pwm=0 ball=6.55 vball=-80.73 bref=50.00 pid=-140.0 integ=-0.0 vision=1 current=0 vframe=4484 vs=0 vage=208 vpage=4 vdt=18 vmax=7730 vacc=4061 vrej=0 seq=0 elapsed=0 oled=3C
[   5045] STATUS mode=3 fault=none p60=-347 dp60=0 pwm=0 ball=6.55 vball=-80.73 bref=50.00 pid=-140.0 integ=-0.0 vision=1 current=0 vframe=4484 vs=0 vage=228 vpage=24 vdt=18 vmax=7730 vacc=4061 vrej=0 seq=0 elapsed=0 oled=3C
[   5077] STATUS mode=3 fault=none p60=-347 dp60=0 pwm=0 ball=6.55 vball=-80.73 bref=50.00 pid=-140.0 integ=-0.0 vision=1 current=0 vframe=4484 vs=0 vage=248 vpage=44 vdt=18 vmax=7730 vacc=4061 vrej=0 seq=0 elapsed=0 oled=3C
[   5092] STATUS mode=3 fault=none p60=-347 dp60=0 pwm=0 ball=6.55 vball=-80.73 bref=50.00 pid=-140.0 integ=-0.0 vision=1 current=0 vframe=4484 vs=0 vage=268 vpage=64 vdt=18 vmax=7730 vacc=4061 vrej=0 seq=0 elapsed=0 oled=3C
[   5108] STATUS mode=3 fault=none p60=-347 dp60=0 pwm=0 ball=6.55 vball=-80.73 bref=50.00 pid=-140.0 integ=-0.0 vision=1 current=0 vframe=4484 vs=0 vage=288 vpage=84 vdt=18 vmax=7730 vacc=4061 vrej=0 seq=0 elapsed=0 oled=3C
[   5125] STATUS mode=3 fault=none p60=-347 dp60=0 pwm=0 ball=6.55 vball=-80.73 bref=50.00 pid=-140.0 integ=-0.0 vision=1 current=0 vframe=4484 vs=0 vage=308 vpage=104 vdt=18 vmax=7730 vacc=4061 vrej=0 seq=0 elapsed=0 oled=3C
[   5156] STATUS mode=3 fault=none p60=-347 dp60=0 pwm=0 ball=6.55 vball=-80.73 bref=50.00 pid=-140.0 integ=-0.0 vision=1 current=0 vframe=4485 vs=0 vage=328 vpage=13 vdt=18 vmax=7730 vacc=4061 vrej=0 seq=0 elapsed=0 oled=3C
[   5170] STATUS mode=3 fault=none p60=-347 dp60=0 pwm=0 ball=6.55 vball=-80.73 bref=50.00 pid=-140.0 integ=-0.0 vision=1 current=0 vframe=4485 vs=0 vage=348 vpage=33 vdt=18 vmax=7730 vacc=4061 vrej=0 seq=0 elapsed=0 oled=3C
[   5186] STATUS mode=3 fault=none p60=-347 dp60=0 pwm=0 ball=6.55 vball=-80.73 bref=50.00 pid=-140.0 integ=-0.0 vision=1 current=0 vframe=4486 vs=0 vage=368 vpage=9 vdt=18 vmax=7730 vacc=4061 vrej=0 seq=0 elapsed=0 oled=3C
[   5217] STATUS mode=3 fault=none p60=-348 dp60=-1 pwm=-135 ball=-9.70 vball=0.00 bref=50.00 pid=-119.4 integ=-0.0 vision=1 current=1 vframe=4487 vs=1 vage=18 vpage=18 vdt=370 vmax=7730 vacc=4062 vrej=0 seq=0 elapsed=0 oled=3C
[   5233] STATUS mode=3 fault=none p60=-353 dp60=-2 pwm=0 ball=-9.70 vball=0.00 bref=50.00 pid=-119.4 integ=-0.0 vision=1 current=1 vframe=4487 vs=1 vage=38 vpage=38 vdt=370 vmax=7730 vacc=4062 vrej=0 seq=0 elapsed=0 oled=3C
[   5250] STATUS mode=3 fault=none p60=-359 dp60=-1 pwm=0 ball=-9.70 vball=0.00 bref=50.00 pid=-119.4 integ=-0.0 vision=1 current=1 vframe=4487 vs=1 vage=58 vpage=58 vdt=370 vmax=7730 vacc=4062 vrej=0 seq=0 elapsed=0 oled=3C
[   5265] STATUS mode=3 fault=none p60=-363 dp60=-1 pwm=0 ball=-9.70 vball=0.00 bref=50.00 pid=-119.4 integ=-0.0 vision=1 current=1 vframe=4487 vs=1 vage=78 vpage=78 vdt=370 vmax=7730 vacc=4062 vrej=0 seq=0 elapsed=0 oled=3C
[   5295] STATUS mode=3 fault=none p60=-366 dp60=-1 pwm=0 ball=-9.70 vball=0.00 bref=50.00 pid=-119.4 integ=-0.0 vision=1 current=1 vframe=4487 vs=1 vage=98 vpage=98 vdt=370 vmax=7730 vacc=4062 vrej=0 seq=0 elapsed=0 oled=3C
[   5311] STATUS mode=3 fault=none p60=-366 dp60=0 pwm=0 ball=-9.70 vball=0.00 bref=50.00 pid=-119.4 integ=-0.0 vision=1 current=1 vframe=4487 vs=1 vage=118 vpage=118 vdt=370 vmax=7730 vacc=4062 vrej=0 seq=0 elapsed=0 oled=3C
[   5327] STATUS mode=3 fault=none p60=-365 dp60=0 pwm=0 ball=-9.70 vball=0.00 bref=50.00 pid=-119.4 integ=-0.0 vision=1 current=1 vframe=4487 vs=1 vage=138 vpage=138 vdt=370 vmax=7730 vacc=4062 vrej=0 seq=0 elapsed=0 oled=3C
[   5358] STATUS mode=3 fault=none p60=-365 dp60=0 pwm=0 ball=-9.70 vball=0.00 bref=50.00 pid=-119.4 integ=-0.0 vision=1 current=1 vframe=4487 vs=1 vage=158 vpage=158 vdt=370 vmax=7730 vacc=4062 vrej=0 seq=0 elapsed=0 oled=3C
[   5375] STATUS mode=3 fault=none p60=-365 dp60=0 pwm=-140 ball=-15.14 vball=-8.45 bref=50.00 pid=-140.0 integ=-0.0 vision=1 current=1 vframe=4488 vs=1 vage=17 vpage=17 vdt=161 vmax=7730 vacc=4063 vrej=0 seq=0 elapsed=0 oled=3C
[   5390] STATUS mode=3 fault=none p60=-369 dp60=-1 pwm=0 ball=-15.14 vball=-8.45 bref=50.00 pid=-140.0 integ=-0.0 vision=1 current=0 vframe=4489 vs=0 vage=37 vpage=19 vdt=161 vmax=7730 vacc=4063 vrej=0 seq=0 elapsed=0 oled=3C
[   5406] STATUS mode=3 fault=none p60=-374 dp60=-1 pwm=0 ball=-15.14 vball=-8.45 bref=50.00 pid=-140.0 integ=-0.0 vision=1 current=0 vframe=4490 vs=0 vage=57 vpage=17 vdt=161 vmax=7730 vacc=4063 vrej=0 seq=0 elapsed=0 oled=3C
[   5436] STATUS mode=3 fault=none p60=-377 dp60=0 pwm=0 ball=-15.14 vball=-8.45 bref=50.00 pid=-140.0 integ=-0.0 vision=1 current=0 vframe=4490 vs=0 vage=77 vpage=37 vdt=161 vmax=7730 vacc=4063 vrej=0 seq=0 elapsed=0 oled=3C
[   5452] STATUS mode=3 fault=none p60=-378 dp60=-1 pwm=0 ball=-15.14 vball=-8.45 bref=50.00 pid=-140.0 integ=-0.0 vision=1 current=0 vframe=4491 vs=0 vage=97 vpage=20 vdt=161 vmax=7730 vacc=4063 vrej=0 seq=0 elapsed=0 oled=3C
[   5467] STATUS mode=3 fault=none p60=-378 dp60=0 pwm=0 ball=-15.14 vball=-8.45 bref=50.00 pid=-140.0 integ=-0.0 vision=1 current=0 vframe=4491 vs=0 vage=117 vpage=40 vdt=161 vmax=7730 vacc=4063 vrej=0 seq=0 elapsed=0 oled=3C
[   5483] STATUS mode=3 fault=none p60=-380 dp60=0 pwm=0 ball=-15.14 vball=-8.45 bref=50.00 pid=-140.0 integ=-0.0 vision=1 current=0 vframe=4491 vs=0 vage=137 vpage=60 vdt=161 vmax=7730 vacc=4063 vrej=0 seq=0 elapsed=0 oled=3C
[   5515] STATUS mode=3 fault=none p60=-382 dp60=0 pwm=0 ball=-15.14 vball=-8.45 bref=50.00 pid=-140.0 integ=-0.0 vision=1 current=0 vframe=4491 vs=0 vage=157 vpage=80 vdt=161 vmax=7730 vacc=4063 vrej=0 seq=0 elapsed=0 oled=3C
[   5531] STATUS mode=3 fault=none p60=-382 dp60=0 pwm=0 ball=-15.14 vball=-8.45 bref=50.00 pid=-140.0 integ=-0.0 vision=1 current=0 vframe=4491 vs=0 vage=177 vpage=100 vdt=161 vmax=7730 vacc=4063 vrej=0 seq=0 elapsed=0 oled=3C
[   5545] STATUS mode=3 fault=none p60=-382 dp60=0 pwm=-140 ball=-16.93 vball=-8.84 bref=50.00 pid=-140.0 integ=-0.0 vision=1 current=1 vframe=4492 vs=1 vage=18 vpage=18 vdt=179 vmax=7730 vacc=4064 vrej=0 seq=0 elapsed=0 oled=3C
[   5577] STATUS mode=3 fault=none p60=-386 dp60=-1 pwm=0 ball=-25.21 vball=-106.31 bref=50.00 pid=-140.0 integ=-0.0 vision=1 current=1 vframe=4494 vs=1 vage=6 vpage=6 vdt=12 vmax=7730 vacc=4066 vrej=0 seq=0 elapsed=0 oled=3C
[   5592] STATUS mode=3 fault=none p60=-393 dp60=-2 pwm=-140 ball=-25.21 vball=-106.31 bref=50.00 pid=-140.0 integ=-0.0 vision=1 current=1 vframe=4494 vs=1 vage=26 vpage=26 vdt=12 vmax=7730 vacc=4066 vrej=0 seq=0 elapsed=0 oled=3C
[   5608] STATUS mode=3 fault=none p60=-403 dp60=-3 pwm=0 ball=-25.21 vball=-106.31 bref=50.00 pid=-140.0 integ=-0.0 vision=1 current=0 vframe=4495 vs=0 vage=46 vpage=7 vdt=12 vmax=7730 vacc=4066 vrej=0 seq=0 elapsed=0 oled=3C
[   5625] STATUS mode=3 fault=none p60=-412 dp60=-2 pwm=0 ball=-25.21 vball=-106.31 bref=50.00 pid=-140.0 integ=-0.0 vision=1 current=0 vframe=4495 vs=0 vage=66 vpage=27 vdt=12 vmax=7730 vacc=4066 vrej=0 seq=0 elapsed=0 oled=3C
[   5656] STATUS mode=3 fault=none p60=-418 dp60=-1 pwm=0 ball=-25.21 vball=-106.31 bref=50.00 pid=-140.0 integ=-0.0 vision=1 current=0 vframe=4495 vs=0 vage=86 vpage=47 vdt=12 vmax=7730 vacc=4066 vrej=0 seq=0 elapsed=0 oled=3C
[   5670] STATUS mode=3 fault=none p60=-421 dp60=-1 pwm=0 ball=-25.21 vball=-106.31 bref=50.00 pid=-140.0 integ=-0.0 vision=1 current=0 vframe=4495 vs=0 vage=106 vpage=67 vdt=12 vmax=7730 vacc=4066 vrej=0 seq=0 elapsed=0 oled=3C
[   5686] STATUS mode=3 fault=none p60=-423 dp60=-1 pwm=0 ball=-25.21 vball=-106.31 bref=50.00 pid=-140.0 integ=-0.0 vision=1 current=0 vframe=4495 vs=0 vage=126 vpage=87 vdt=12 vmax=7730 vacc=4066 vrej=0 seq=0 elapsed=0 oled=3C
[   5717] STATUS mode=3 fault=none p60=-425 dp60=-1 pwm=-140 ball=-26.17 vball=-81.49 bref=50.00 pid=-140.0 integ=-0.0 vision=1 current=1 vframe=4496 vs=1 vage=9 vpage=9 vdt=137 vmax=7730 vacc=4067 vrej=0 seq=0 elapsed=0 oled=3C
[   5733] STATUS mode=3 fault=none p60=-427 dp60=-1 pwm=-140 ball=-27.02 vball=-82.37 bref=50.00 pid=-140.0 integ=-0.0 vision=1 current=1 vframe=4497 vs=1 vage=19 vpage=19 vdt=10 vmax=7730 vacc=4068 vrej=0 seq=0 elapsed=0 oled=3C
[   5750] STATUS mode=3 fault=none p60=-432 dp60=-2 pwm=-140 ball=-26.43 vball=-57.68 bref=50.00 pid=-140.0 integ=-0.0 vision=1 current=1 vframe=4498 vs=1 vage=3 vpage=3 vdt=36 vmax=7730 vacc=4069 vrej=0 seq=0 elapsed=0 oled=3C
[   5765] STATUS mode=3 fault=none p60=-440 dp60=-3 pwm=-140 ball=-26.43 vball=-57.68 bref=50.00 pid=-140.0 integ=-0.0 vision=1 current=1 vframe=4498 vs=1 vage=23 vpage=23 vdt=36 vmax=7730 vacc=4069 vrej=0 seq=0 elapsed=0 oled=3C
[   5795] STATUS mode=3 fault=none p60=-450 dp60=-3 pwm=-140 ball=-26.43 vball=-57.68 bref=50.00 pid=-140.0 integ=-0.0 vision=1 current=1 vframe=4498 vs=1 vage=43 vpage=43 vdt=36 vmax=7730 vacc=4069 vrej=0 seq=0 elapsed=0 oled=3C
[   5811] STATUS mode=3 fault=none p60=-463 dp60=-3 pwm=0 ball=-26.43 vball=-57.68 bref=50.00 pid=-140.0 integ=-0.0 vision=1 current=1 vframe=4498 vs=1 vage=63 vpage=63 vdt=36 vmax=7730 vacc=4069 vrej=0 seq=0 elapsed=0 oled=3C
[   5827] STATUS mode=3 fault=none p60=-474 dp60=-2 pwm=0 ball=-26.43 vball=-57.68 bref=50.00 pid=-140.0 integ=-0.0 vision=1 current=1 vframe=4498 vs=1 vage=83 vpage=83 vdt=36 vmax=7730 vacc=4069 vrej=0 seq=0 elapsed=0 oled=3C
[   5858] STATUS mode=3 fault=none p60=-482 dp60=-1 pwm=0 ball=-26.43 vball=-57.68 bref=50.00 pid=-140.0 integ=-0.0 vision=1 current=1 vframe=4498 vs=1 vage=103 vpage=103 vdt=36 vmax=7730 vacc=4069 vrej=0 seq=0 elapsed=0 oled=3C
[   5875] STATUS mode=3 fault=none p60=-489 dp60=-2 pwm=-140 ball=-27.09 vball=-46.39 bref=50.00 pid=-140.0 integ=-0.0 vision=1 current=1 vframe=4500 vs=1 vage=8 vpage=8 vdt=10 vmax=7730 vacc=4071 vrej=0 seq=0 elapsed=0 oled=3C
[   5890] STATUS mode=3 fault=none p60=-498 dp60=-3 pwm=0 ball=-27.09 vball=-46.39 bref=50.00 pid=-140.0 integ=-0.0 vision=1 current=1 vframe=4500 vs=1 vage=28 vpage=28 vdt=10 vmax=7730 vacc=4071 vrej=0 seq=0 elapsed=0 oled=3C
[   5906] STATUS mode=3 fault=none p60=-508 dp60=-3 pwm=-140 ball=-26.19 vball=-27.97 bref=50.00 pid=-140.0 integ=-0.0 vision=1 current=1 vframe=4501 vs=1 vage=15 vpage=15 vdt=33 vmax=7730 vacc=4072 vrej=0 seq=0 elapsed=0 oled=3C
[   5936] STATUS mode=3 fault=none p60=-521 dp60=-3 pwm=-140 ball=-26.19 vball=-27.97 bref=50.00 pid=-140.0 integ=-0.0 vision=1 current=1 vframe=4501 vs=1 vage=35 vpage=35 vdt=33 vmax=7730 vacc=4072 vrej=0 seq=0 elapsed=0 oled=3C
[   5952] STATUS mode=3 fault=none p60=-534 dp60=-3 pwm=-140 ball=-25.29 vball=-14.55 bref=50.00 pid=-140.0 integ=-0.0 vision=1 current=1 vframe=4502 vs=1 vage=20 vpage=20 vdt=35 vmax=7730 vacc=4073 vrej=0 seq=0 elapsed=0 oled=3C
[   5967] STATUS mode=3 fault=none p60=-548 dp60=-3 pwm=-140 ball=-25.29 vball=-14.55 bref=50.00 pid=-140.0 integ=-0.0 vision=1 current=1 vframe=4502 vs=1 vage=40 vpage=40 vdt=35 vmax=7730 vacc=4073 vrej=0 seq=0 elapsed=0 oled=3C
[   6000] STATUS mode=3 fault=none p60=-563 dp60=-4 pwm=-140 ball=-25.29 vball=-14.55 bref=50.00 pid=-140.0 integ=-0.0 vision=1 current=1 vframe=4502 vs=1 vage=60 vpage=60 vdt=35 vmax=7730 vacc=4073 vrej=0 seq=0 elapsed=0 oled=3C
[   6015] STATUS mode=3 fault=none p60=-577 dp60=-3 pwm=0 ball=-25.29 vball=-14.55 bref=50.00 pid=-140.0 integ=-0.0 vision=1 current=1 vframe=4502 vs=1 vage=80 vpage=80 vdt=35 vmax=7730 vacc=4073 vrej=0 seq=0 elapsed=0 oled=3C
[   6031] STATUS mode=3 fault=none p60=-587 dp60=-2 pwm=0 ball=-25.29 vball=-14.55 bref=50.00 pid=-140.0 integ=-0.0 vision=1 current=1 vframe=4502 vs=1 vage=100 vpage=100 vdt=35 vmax=7730 vacc=4073 vrej=0 seq=0 elapsed=0 oled=3C
[   6045] STATUS mode=3 fault=none p60=-595 dp60=-2 pwm=-140 ball=-24.88 vball=-9.90 bref=50.00 pid=-140.0 integ=-0.0 vision=1 current=1 vframe=4503 vs=1 vage=19 vpage=19 vdt=101 vmax=7730 vacc=4074 vrej=0 seq=0 elapsed=0 oled=3C
[   6077] STATUS mode=3 fault=none p60=-606 dp60=-3 pwm=0 ball=-24.88 vball=-9.90 bref=50.00 pid=-140.0 integ=-0.0 vision=1 current=1 vframe=4503 vs=1 vage=39 vpage=39 vdt=101 vmax=7730 vacc=4074 vrej=0 seq=0 elapsed=0 oled=3C
[   6092] STATUS mode=3 fault=none p60=-616 dp60=-3 pwm=0 ball=-24.88 vball=-9.90 bref=50.00 pid=-140.0 integ=-0.0 vision=1 current=0 vframe=4504 vs=0 vage=59 vpage=20 vdt=101 vmax=7730 vacc=4074 vrej=0 seq=0 elapsed=0 oled=3C
[   6108] STATUS mode=3 fault=none p60=-622 dp60=-1 pwm=0 ball=-24.88 vball=-9.90 bref=50.00 pid=-140.0 integ=-0.0 vision=1 current=0 vframe=4504 vs=0 vage=79 vpage=40 vdt=101 vmax=7730 vacc=4074 vrej=0 seq=0 elapsed=0 oled=3C
[   6125] STATUS mode=3 fault=none p60=-627 dp60=-1 pwm=-128 ball=-21.60 vball=2.83 bref=50.00 pid=-86.7 integ=-0.0 vision=1 current=1 vframe=4505 vs=1 vage=19 vpage=19 vdt=80 vmax=7730 vacc=4075 vrej=0 seq=0 elapsed=0 oled=3C
[   6156] STATUS mode=3 fault=none p60=-634 dp60=-2 pwm=0 ball=-21.60 vball=2.83 bref=50.00 pid=-86.7 integ=-0.0 vision=1 current=1 vframe=4505 vs=1 vage=39 vpage=39 vdt=80 vmax=7730 vacc=4075 vrej=0 seq=0 elapsed=0 oled=3C
[   6170] STATUS mode=3 fault=none p60=-641 dp60=-2 pwm=0 ball=-21.60 vball=2.83 bref=50.00 pid=-86.7 integ=-0.0 vision=1 current=1 vframe=4505 vs=1 vage=59 vpage=59 vdt=80 vmax=7730 vacc=4075 vrej=0 seq=0 elapsed=0 oled=3C
[   6186] STATUS mode=3 fault=none p60=-645 dp60=-1 pwm=0 ball=-21.60 vball=2.83 bref=50.00 pid=-86.7 integ=-0.0 vision=1 current=1 vframe=4505 vs=1 vage=79 vpage=79 vdt=80 vmax=7730 vacc=4075 vrej=0 seq=0 elapsed=0 oled=3C
[   6217] STATUS mode=3 fault=none p60=-647 dp60=0 pwm=114 ball=-18.22 vball=42.08 bref=50.00 pid=20.2 integ=-0.0 vision=1 current=1 vframe=4507 vs=1 vage=1 vpage=1 vdt=9 vmax=7730 vacc=4077 vrej=0 seq=0 elapsed=0 oled=3C
[   6233] STATUS mode=3 fault=none p60=-647 dp60=0 pwm=0 ball=-18.22 vball=42.08 bref=50.00 pid=140.0 integ=-0.0 vision=1 current=1 vframe=4507 vs=1 vage=21 vpage=21 vdt=9 vmax=7730 vacc=4077 vrej=0 seq=0 elapsed=0 oled=3C
[   6250] STATUS mode=3 fault=none p60=-648 dp60=0 pwm=0 ball=-11.16 vball=108.30 bref=50.00 pid=140.0 integ=-0.0 vision=1 current=1 vframe=4508 vs=1 vage=18 vpage=18 vdt=23 vmax=7730 vacc=4078 vrej=0 seq=0 elapsed=0 oled=3C
[   6265] STATUS mode=3 fault=none p60=-649 dp60=0 pwm=0 ball=-9.99 vball=90.37 bref=50.00 pid=140.0 integ=-0.0 vision=1 current=1 vframe=4509 vs=1 vage=6 vpage=6 vdt=32 vmax=7730 vacc=4079 vrej=0 seq=0 elapsed=0 oled=3C
[   6295] STATUS mode=3 fault=none p60=-649 dp60=1 pwm=140 ball=-9.99 vball=90.37 bref=50.00 pid=140.0 integ=-0.0 vision=1 current=1 vframe=4509 vs=1 vage=26 vpage=26 vdt=32 vmax=7730 vacc=4079 vrej=0 seq=0 elapsed=0 oled=3C
[   6311] STATUS mode=3 fault=none p60=-646 dp60=1 pwm=0 ball=-9.99 vball=90.37 bref=50.00 pid=140.0 integ=-0.0 vision=1 current=1 vframe=4509 vs=1 vage=46 vpage=46 vdt=32 vmax=7730 vacc=4079 vrej=0 seq=0 elapsed=0 oled=3C
[   6327] STATUS mode=3 fault=none p60=-641 dp60=1 pwm=0 ball=-9.99 vball=90.37 bref=50.00 pid=140.0 integ=-0.0 vision=1 current=1 vframe=4509 vs=1 vage=66 vpage=66 vdt=32 vmax=7730 vacc=4079 vrej=0 seq=0 elapsed=0 oled=3C
[   6358] STATUS mode=3 fault=none p60=-639 dp60=0 pwm=0 ball=-9.99 vball=90.37 bref=50.00 pid=140.0 integ=-0.0 vision=1 current=1 vframe=4509 vs=1 vage=86 vpage=86 vdt=32 vmax=7730 vacc=4079 vrej=0 seq=0 elapsed=0 oled=3C
[   6375] STATUS mode=3 fault=none p60=-640 dp60=-1 pwm=140 ball=-6.94 vball=75.32 bref=50.00 pid=140.0 integ=-0.0 vision=1 current=1 vframe=4510 vs=1 vage=5 vpage=5 vdt=101 vmax=7730 vacc=4080 vrej=0 seq=0 elapsed=0 oled=3C
[   6390] STATUS mode=3 fault=none p60=-639 dp60=0 pwm=140 ball=-6.94 vball=75.32 bref=50.00 pid=140.0 integ=-0.0 vision=1 current=1 vframe=4510 vs=1 vage=25 vpage=25 vdt=101 vmax=7730 vacc=4080 vrej=0 seq=0 elapsed=0 oled=3C
[   6406] STATUS mode=3 fault=none p60=-634 dp60=1 pwm=140 ball=4.21 vball=152.61 bref=50.00 pid=140.0 integ=-0.0 vision=1 current=1 vframe=4511 vs=1 vage=16 vpage=16 vdt=29 vmax=7730 vacc=4081 vrej=0 seq=0 elapsed=0 oled=3C
[   6436] STATUS mode=3 fault=none p60=-627 dp60=2 pwm=140 ball=9.14 vball=150.71 bref=50.00 pid=140.0 integ=-0.0 vision=1 current=1 vframe=4512 vs=1 vage=2 vpage=2 vdt=34 vmax=7730 vacc=4082 vrej=0 seq=0 elapsed=0 oled=3C
[   6452] STATUS mode=3 fault=none p60=-618 dp60=2 pwm=140 ball=9.14 vball=150.71 bref=50.00 pid=140.0 integ=-0.0 vision=1 current=1 vframe=4512 vs=1 vage=22 vpage=22 vdt=34 vmax=7730 vacc=4082 vrej=0 seq=0 elapsed=0 oled=3C
[   6467] STATUS mode=3 fault=none p60=-607 dp60=3 pwm=0 ball=9.14 vball=150.71 bref=50.00 pid=140.0 integ=-0.0 vision=1 current=1 vframe=4512 vs=1 vage=42 vpage=42 vdt=34 vmax=7730 vacc=4082 vrej=0 seq=0 elapsed=0 oled=3C
[   6483] STATUS mode=3 fault=none p60=-598 dp60=2 pwm=0 ball=9.14 vball=150.71 bref=50.00 pid=140.0 integ=-0.0 vision=1 current=1 vframe=4512 vs=1 vage=62 vpage=62 vdt=34 vmax=7730 vacc=4082 vrej=0 seq=0 elapsed=0 oled=3C
[   6515] STATUS mode=3 fault=none p60=-592 dp60=1 pwm=0 ball=9.14 vball=150.71 bref=50.00 pid=140.0 integ=-0.0 vision=1 current=1 vframe=4512 vs=1 vage=82 vpage=82 vdt=34 vmax=7730 vacc=4082 vrej=0 seq=0 elapsed=0 oled=3C
[   6531] STATUS mode=3 fault=none p60=-587 dp60=1 pwm=0 ball=9.14 vball=150.71 bref=50.00 pid=140.0 integ=-0.0 vision=1 current=1 vframe=4512 vs=1 vage=102 vpage=102 vdt=34 vmax=7730 vacc=4082 vrej=0 seq=0 elapsed=0 oled=3C
[   6545] STATUS mode=3 fault=none p60=-586 dp60=0 pwm=140 ball=13.99 vball=123.67 bref=50.00 pid=140.0 integ=-0.0 vision=1 current=1 vframe=4513 vs=1 vage=8 vpage=8 vdt=114 vmax=7730 vacc=4083 vrej=0 seq=0 elapsed=0 oled=3C
[   6577] STATUS mode=3 fault=none p60=-585 dp60=1 pwm=140 ball=22.05 vball=316.64 bref=50.00 pid=140.0 integ=-0.0 vision=1 current=1 vframe=4514 vs=1 vage=19 vpage=19 vdt=9 vmax=7730 vacc=4084 vrej=0 seq=0 elapsed=0 oled=3C
[   6592] STATUS mode=3 fault=none p60=-579 dp60=2 pwm=140 ball=22.05 vball=316.64 bref=50.00 pid=140.0 integ=-0.0 vision=1 current=1 vframe=4514 vs=1 vage=39 vpage=39 vdt=9 vmax=7730 vacc=4084 vrej=0 seq=0 elapsed=0 oled=3C
[   6608] STATUS mode=3 fault=none p60=-572 dp60=2 pwm=140 ball=29.59 vball=282.36 bref=50.00 pid=140.0 integ=-0.0 vision=1 current=1 vframe=4515 vs=1 vage=17 vpage=17 vdt=42 vmax=7730 vacc=4085 vrej=0 seq=0 elapsed=0 oled=3C
[   6625] STATUS mode=3 fault=none p60=-562 dp60=2 pwm=140 ball=29.59 vball=282.36 bref=50.00 pid=140.0 integ=-0.0 vision=1 current=0 vframe=4516 vs=0 vage=37 vpage=18 vdt=42 vmax=7730 vacc=4085 vrej=0 seq=0 elapsed=0 oled=3C
[   6656] STATUS mode=3 fault=none p60=-551 dp60=3 pwm=0 ball=29.59 vball=282.36 bref=50.00 pid=140.0 integ=-0.0 vision=1 current=0 vframe=4516 vs=0 vage=57 vpage=38 vdt=42 vmax=7730 vacc=4085 vrej=0 seq=0 elapsed=0 oled=3C
[   6670] STATUS mode=3 fault=none p60=-542 dp60=2 pwm=0 ball=29.59 vball=282.36 bref=50.00 pid=140.0 integ=-0.0 vision=1 current=0 vframe=4516 vs=0 vage=77 vpage=58 vdt=42 vmax=7730 vacc=4085 vrej=0 seq=0 elapsed=0 oled=3C
[   6686] STATUS mode=3 fault=none p60=-535 dp60=2 pwm=0 ball=29.59 vball=282.36 bref=50.00 pid=140.0 integ=-0.0 vision=1 current=0 vframe=4516 vs=0 vage=97 vpage=78 vdt=42 vmax=7730 vacc=4085 vrej=0 seq=0 elapsed=0 oled=3C
[   6717] STATUS mode=3 fault=none p60=-531 dp60=1 pwm=140 ball=32.99 vball=219.64 bref=50.00 pid=140.0 integ=-0.0 vision=1 current=1 vframe=4517 vs=1 vage=9 vpage=9 vdt=108 vmax=7730 vacc=4086 vrej=0 seq=0 elapsed=0 oled=3C
[   6733] STATUS mode=3 fault=none p60=-527 dp60=1 pwm=140 ball=38.64 vball=282.44 bref=50.00 pid=140.0 integ=-0.0 vision=1 current=1 vframe=4518 vs=1 vage=17 vpage=17 vdt=12 vmax=7730 vacc=4087 vrej=0 seq=0 elapsed=0 oled=3C
[   6750] STATUS mode=3 fault=none p60=-519 dp60=2 pwm=140 ball=52.26 vball=353.70 bref=50.00 pid=140.0 integ=-0.0 vision=1 current=1 vframe=4519 vs=1 vage=13 vpage=13 vdt=24 vmax=7730 vacc=4088 vrej=0 seq=0 elapsed=0 oled=3C
[   6765] STATUS mode=3 fault=none p60=-510 dp60=2 pwm=140 ball=59.75 vball=343.30 bref=50.00 pid=140.0 integ=-0.0 vision=1 current=1 vframe=4520 vs=1 vage=9 vpage=9 vdt=24 vmax=7730 vacc=4089 vrej=0 seq=0 elapsed=0 oled=3C
[   6795] STATUS mode=3 fault=none p60=-499 dp60=3 pwm=140 ball=59.75 vball=343.30 bref=50.00 pid=140.0 integ=-0.0 vision=1 current=1 vframe=4520 vs=1 vage=29 vpage=29 vdt=24 vmax=7730 vacc=4089 vrej=0 seq=0 elapsed=0 oled=3C
[   6811] STATUS mode=3 fault=none p60=-488 dp60=2 pwm=0 ball=59.75 vball=343.30 bref=50.00 pid=140.0 integ=-0.0 vision=1 current=1 vframe=4520 vs=1 vage=49 vpage=49 vdt=24 vmax=7730 vacc=4089 vrej=0 seq=0 elapsed=0 oled=3C
[   6827] STATUS mode=3 fault=none p60=-478 dp60=2 pwm=0 ball=59.75 vball=343.30 bref=50.00 pid=140.0 integ=-0.0 vision=1 current=1 vframe=4520 vs=1 vage=69 vpage=69 vdt=24 vmax=7730 vacc=4089 vrej=0 seq=0 elapsed=0 oled=3C
[   6858] STATUS mode=3 fault=none p60=-472 dp60=1 pwm=0 ball=59.75 vball=343.30 bref=50.00 pid=140.0 integ=-0.0 vision=1 current=1 vframe=4520 vs=1 vage=89 vpage=89 vdt=24 vmax=7730 vacc=4089 vrej=0 seq=0 elapsed=0 oled=3C
[   6875] STATUS mode=3 fault=none p60=-467 dp60=2 pwm=140 ball=68.00 vball=278.31 bref=50.00 pid=140.0 integ=-0.0 vision=1 current=1 vframe=4521 vs=1 vage=10 vpage=10 vdt=99 vmax=7730 vacc=4090 vrej=0 seq=0 elapsed=0 oled=3C
[   6890] STATUS mode=3 fault=none p60=-461 dp60=2 pwm=140 ball=79.59 vball=316.05 bref=50.00 pid=140.0 integ=-0.0 vision=1 current=1 vframe=4522 vs=1 vage=3 vpage=3 vdt=27 vmax=7730 vacc=4091 vrej=0 seq=0 elapsed=0 oled=3C
[   6906] STATUS mode=3 fault=none p60=-453 dp60=2 pwm=140 ball=79.59 vball=316.05 bref=50.00 pid=140.0 integ=-0.0 vision=1 current=1 vframe=4522 vs=1 vage=23 vpage=23 vdt=27 vmax=7730 vacc=4091 vrej=0 seq=0 elapsed=0 oled=3C
[   6936] STATUS mode=3 fault=none p60=-444 dp60=2 pwm=0 ball=85.82 vball=301.93 bref=50.00 pid=140.0 integ=-0.0 vision=1 current=1 vframe=4523 vs=1 vage=19 vpage=19 vdt=24 vmax=7730 vacc=4092 vrej=0 seq=0 elapsed=0 oled=3C
[   6952] STATUS mode=3 fault=none p60=-434 dp60=3 pwm=140 ball=85.82 vball=301.93 bref=50.00 pid=140.0 integ=-0.0 vision=1 current=1 vframe=4523 vs=1 vage=39 vpage=39 vdt=24 vmax=7730 vacc=4092 vrej=0 seq=0 elapsed=0 oled=3C
[   6967] STATUS mode=3 fault=none p60=-424 dp60=2 pwm=0 ball=85.82 vball=301.93 bref=50.00 pid=140.0 integ=-0.0 vision=1 current=1 vframe=4523 vs=1 vage=59 vpage=59 vdt=24 vmax=7730 vacc=4092 vrej=0 seq=0 elapsed=0 oled=3C
[   6983] STATUS mode=3 fault=none p60=-415 dp60=2 pwm=0 ball=85.82 vball=301.93 bref=50.00 pid=140.0 integ=-0.0 vision=1 current=1 vframe=4523 vs=1 vage=79 vpage=79 vdt=24 vmax=7730 vacc=4092 vrej=0 seq=0 elapsed=0 oled=3C
[   7015] STATUS mode=3 fault=none p60=-410 dp60=1 pwm=0 ball=95.32 vball=250.68 bref=50.00 pid=140.0 integ=-0.0 vision=1 current=1 vframe=4524 vs=1 vage=1 vpage=1 vdt=98 vmax=7730 vacc=4093 vrej=0 seq=0 elapsed=0 oled=3C
[   7031] STATUS mode=3 fault=none p60=-405 dp60=1 pwm=140 ball=95.32 vball=250.68 bref=50.00 pid=140.0 integ=-0.0 vision=1 current=1 vframe=4524 vs=1 vage=21 vpage=21 vdt=98 vmax=7730 vacc=4093 vrej=0 seq=0 elapsed=0 oled=3C
[   7045] STATUS mode=3 fault=none p60=-397 dp60=2 pwm=140 ball=108.99 vball=288.53 bref=50.00 pid=140.0 integ=-0.0 vision=1 current=1 vframe=4525 vs=1 vage=7 vpage=7 vdt=34 vmax=7730 vacc=4094 vrej=0 seq=0 elapsed=0 oled=3C
[   7077] STATUS mode=3 fault=none p60=-389 dp60=2 pwm=140 ball=108.99 vball=288.53 bref=50.00 pid=140.0 integ=-0.0 vision=1 current=1 vframe=4525 vs=1 vage=27 vpage=27 vdt=34 vmax=7730 vacc=4094 vrej=0 seq=0 elapsed=0 oled=3C
[   7092] STATUS mode=3 fault=none p60=-380 dp60=2 pwm=140 ball=114.19 vball=255.79 bref=50.00 pid=140.0 integ=-0.0 vision=1 current=1 vframe=4526 vs=1 vage=14 vpage=14 vdt=33 vmax=7730 vacc=4095 vrej=0 seq=0 elapsed=0 oled=3C
[   7108] STATUS mode=3 fault=none p60=-370 dp60=3 pwm=140 ball=114.19 vball=255.79 bref=50.00 pid=140.0 integ=-0.0 vision=1 current=1 vframe=4526 vs=1 vage=34 vpage=34 vdt=33 vmax=7730 vacc=4095 vrej=0 seq=0 elapsed=0 oled=3C
[   7125] STATUS mode=3 fault=none p60=-360 dp60=2 pwm=0 ball=114.19 vball=255.79 bref=50.00 pid=140.0 integ=-0.0 vision=1 current=1 vframe=4526 vs=1 vage=54 vpage=54 vdt=33 vmax=7730 vacc=4095 vrej=0 seq=0 elapsed=0 oled=3C
[   7156] STATUS mode=3 fault=none p60=-353 dp60=2 pwm=0 ball=114.19 vball=255.79 bref=50.00 pid=140.0 integ=-0.0 vision=1 current=1 vframe=4526 vs=1 vage=74 vpage=74 vdt=33 vmax=7730 vacc=4095 vrej=0 seq=0 elapsed=0 oled=3C
[   7170] STATUS mode=3 fault=none p60=-349 dp60=1 pwm=0 ball=114.19 vball=255.79 bref=50.00 pid=140.0 integ=-0.0 vision=1 current=1 vframe=4526 vs=1 vage=94 vpage=94 vdt=33 vmax=7730 vacc=4095 vrej=0 seq=0 elapsed=0 oled=3C
[   7186] STATUS mode=3 fault=none p60=-346 dp60=1 pwm=140 ball=123.49 vball=215.33 bref=50.00 pid=140.0 integ=-0.0 vision=1 current=1 vframe=4527 vs=1 vage=15 vpage=15 vdt=99 vmax=7730 vacc=4096 vrej=0 seq=0 elapsed=0 oled=3C
[   7217] STATUS mode=3 fault=none p60=-340 dp60=2 pwm=0 ball=123.49 vball=215.33 bref=50.00 pid=140.0 integ=-0.0 vision=1 current=1 vframe=4527 vs=1 vage=35 vpage=35 vdt=99 vmax=7730 vacc=4096 vrej=0 seq=0 elapsed=0 oled=3C
[   7233] STATUS mode=3 fault=none p60=-333 dp60=2 pwm=140 ball=121.40 vball=146.57 bref=50.00 pid=140.0 integ=-0.0 vision=1 current=1 vframe=4528 vs=1 vage=20 vpage=20 vdt=35 vmax=7730 vacc=4097 vrej=0 seq=0 elapsed=0 oled=3C
[   7250] STATUS mode=3 fault=none p60=-324 dp60=2 pwm=0 ball=121.40 vball=146.57 bref=50.00 pid=140.0 integ=-0.0 vision=1 current=1 vframe=4528 vs=1 vage=40 vpage=40 vdt=35 vmax=7730 vacc=4097 vrej=0 seq=0 elapsed=0 oled=3C
[   7265] STATUS mode=3 fault=none p60=-316 dp60=2 pwm=0 ball=121.40 vball=146.57 bref=50.00 pid=140.0 integ=-0.0 vision=1 current=1 vframe=4528 vs=1 vage=60 vpage=60 vdt=35 vmax=7730 vacc=4097 vrej=0 seq=0 elapsed=0 oled=3C
[   7295] STATUS mode=3 fault=none p60=-311 dp60=1 pwm=0 ball=121.40 vball=146.57 bref=50.00 pid=140.0 integ=-0.0 vision=1 current=1 vframe=4528 vs=1 vage=80 vpage=80 vdt=35 vmax=7730 vacc=4097 vrej=0 seq=0 elapsed=0 oled=3C
[   7311] STATUS mode=3 fault=none p60=-309 dp60=0 pwm=0 ball=121.40 vball=146.57 bref=50.00 pid=140.0 integ=-0.0 vision=1 current=1 vframe=4528 vs=1 vage=100 vpage=100 vdt=35 vmax=7730 vacc=4097 vrej=0 seq=0 elapsed=0 oled=3C
[   7327] STATUS mode=3 fault=none p60=-310 dp60=0 pwm=140 ball=121.81 vball=133.04 bref=50.00 pid=140.0 integ=-0.0 vision=1 current=1 vframe=4530 vs=1 vage=8 vpage=8 vdt=6 vmax=7730 vacc=4099 vrej=0 seq=0 elapsed=0 oled=3C
[   7358] STATUS mode=3 fault=none p60=-308 dp60=1 pwm=140 ball=121.81 vball=133.04 bref=50.00 pid=140.0 integ=-0.0 vision=1 current=1 vframe=4530 vs=1 vage=28 vpage=28 vdt=6 vmax=7730 vacc=4099 vrej=0 seq=0 elapsed=0 oled=3C
[   7375] STATUS mode=3 fault=none p60=-302 dp60=2 pwm=140 ball=113.06 vball=42.22 bref=50.00 pid=140.0 integ=-0.0 vision=1 current=1 vframe=4531 vs=1 vage=10 vpage=10 vdt=38 vmax=7730 vacc=4100 vrej=0 seq=0 elapsed=0 oled=3C
[   7390] STATUS mode=3 fault=none p60=-294 dp60=2 pwm=0 ball=113.06 vball=42.22 bref=50.00 pid=140.0 integ=-0.0 vision=1 current=1 vframe=4531 vs=1 vage=30 vpage=30 vdt=38 vmax=7730 vacc=4100 vrej=0 seq=0 elapsed=0 oled=3C
[   7406] STATUS mode=3 fault=none p60=-285 dp60=2 pwm=140 ball=113.06 vball=42.22 bref=50.00 pid=140.0 integ=-0.0 vision=1 current=1 vframe=4531 vs=1 vage=50 vpage=50 vdt=38 vmax=7730 vacc=4100 vrej=0 seq=0 elapsed=0 oled=3C
[   7436] STATUS mode=3 fault=none p60=-275 dp60=3 pwm=0 ball=113.06 vball=42.22 bref=50.00 pid=140.0 integ=-0.0 vision=1 current=1 vframe=4531 vs=1 vage=70 vpage=70 vdt=38 vmax=7730 vacc=4100 vrej=0 seq=0 elapsed=0 oled=3C
[   7452] STATUS mode=3 fault=none p60=-268 dp60=1 pwm=0 ball=113.06 vball=42.22 bref=50.00 pid=140.0 integ=-0.0 vision=1 current=1 vframe=4531 vs=1 vage=90 vpage=90 vdt=38 vmax=7730 vacc=4100 vrej=0 seq=0 elapsed=0 oled=3C
[   7467] STATUS mode=3 fault=none p60=-263 dp60=1 pwm=0 ball=110.68 vball=26.20 bref=50.00 pid=140.0 integ=-0.0 vision=1 current=1 vframe=4532 vs=1 vage=1 vpage=1 vdt=109 vmax=7730 vacc=4101 vrej=0 seq=0 elapsed=0 oled=3C
[   7483] STATUS mode=3 fault=none p60=-259 dp60=2 pwm=140 ball=110.58 vball=17.57 bref=50.00 pid=140.0 integ=-0.0 vision=1 current=1 vframe=4533 vs=1 vage=9 vpage=9 vdt=12 vmax=7730 vacc=4102 vrej=0 seq=0 elapsed=0 oled=3C
[   7515] STATUS mode=3 fault=none p60=-251 dp60=3 pwm=140 ball=110.58 vball=17.57 bref=50.00 pid=140.0 integ=-0.0 vision=1 current=1 vframe=4533 vs=1 vage=29 vpage=29 vdt=12 vmax=7730 vacc=4102 vrej=0 seq=0 elapsed=0 oled=3C
[   7531] STATUS mode=3 fault=none p60=-243 dp60=2 pwm=-140 ball=101.81 vball=-57.55 bref=50.00 pid=-140.0 integ=-0.0 vision=1 current=1 vframe=4534 vs=1 vage=18 vpage=18 vdt=31 vmax=7730 vacc=4103 vrej=0 seq=0 elapsed=0 oled=3C
[   7545] STATUS mode=3 fault=none p60=-241 dp60=0 pwm=-140 ball=98.18 vball=-70.66 bref=50.00 pid=-140.0 integ=-0.0 vision=1 current=1 vframe=4535 vs=1 vage=5 vpage=5 vdt=33 vmax=7730 vacc=4104 vrej=0 seq=0 elapsed=0 oled=3C
[   7577] STATUS mode=3 fault=none p60=-246 dp60=-2 pwm=-140 ball=98.18 vball=-70.66 bref=50.00 pid=-140.0 integ=-0.0 vision=1 current=1 vframe=4535 vs=1 vage=25 vpage=25 vdt=33 vmax=7730 vacc=4104 vrej=0 seq=0 elapsed=0 oled=3C
[   7592] STATUS mode=3 fault=none p60=-254 dp60=-2 pwm=0 ball=98.18 vball=-70.66 bref=50.00 pid=-140.0 integ=-0.0 vision=1 current=1 vframe=4535 vs=1 vage=45 vpage=45 vdt=33 vmax=7730 vacc=4104 vrej=0 seq=0 elapsed=0 oled=3C
[   7608] STATUS mode=3 fault=none p60=-263 dp60=-2 pwm=0 ball=98.18 vball=-70.66 bref=50.00 pid=-140.0 integ=-0.0 vision=1 current=1 vframe=4535 vs=1 vage=65 vpage=65 vdt=33 vmax=7730 vacc=4104 vrej=0 seq=0 elapsed=0 oled=3C
[   7625] STATUS mode=3 fault=none p60=-268 dp60=-1 pwm=0 ball=98.18 vball=-70.66 bref=50.00 pid=-140.0 integ=-0.0 vision=1 current=1 vframe=4535 vs=1 vage=85 vpage=85 vdt=33 vmax=7730 vacc=4104 vrej=0 seq=0 elapsed=0 oled=3C
[   7656] STATUS mode=3 fault=none p60=-272 dp60=-1 pwm=0 ball=95.26 vball=-60.08 bref=50.00 pid=-140.0 integ=-0.0 vision=1 current=1 vframe=4536 vs=1 vage=2 vpage=2 vdt=103 vmax=7730 vacc=4105 vrej=0 seq=0 elapsed=0 oled=3C
[   7670] STATUS mode=3 fault=none p60=-274 dp60=-1 pwm=-140 ball=95.26 vball=-60.08 bref=50.00 pid=-140.0 integ=-0.0 vision=1 current=1 vframe=4536 vs=1 vage=22 vpage=22 vdt=103 vmax=7730 vacc=4105 vrej=0 seq=0 elapsed=0 oled=3C
[   7686] STATUS mode=3 fault=none p60=-281 dp60=-2 pwm=-140 ball=84.31 vball=-136.31 bref=50.00 pid=-140.0 integ=-0.0 vision=1 current=1 vframe=4537 vs=1 vage=12 vpage=12 vdt=30 vmax=7730 vacc=4106 vrej=0 seq=0 elapsed=0 oled=3C
[   7702] STATUS mode=3 fault=none
[   7702] >>> stop
[   7717]  p60=-290 dp60=-3 pwm=-140 ball=84.31 vball=-136.31 bref=50.00 pid=-140.0 integ=-0.0 vision=1 current=1 vframe=4537 vs=1 vage=32 vpage=32 vdt=30 vmax=7730 vacc=4106 vrej=0 seq=0 elapsed=0 oled=3C
[   7717] OK stopped
[   7733] STATUS mode=1 fault=none p60=-300 dp60=-2 pwm=0 ball=79.87 vball=-136.92 bref=50.00 pid=-140.0 integ=-0.0 vision=1 current=1 vframe=4538 vs=1 vage=20 vpage=20 vdt=32 vmax=7730 vacc=4107 vrej=0 seq=0 elapsed=0 oled=3C
[   7750] STATUS mode=1 fault=none p60=-310 dp60=-2 pwm=0 ball=79.87 vball=-136.92 bref=50.00 pid=-140.0 integ=-0.0 vision=1 current=1 vframe=4538 vs=1 vage=40 vpage=40 vdt=32 vmax=7730 vacc=4107 vrej=0 seq=0 elapsed=0 oled=3C
[   7765] STATUS mode=1 fault=none p60=-319 dp60=-2 pwm=0 ball=79.87 vball=-136.92 bref=50.00 pid=-140.0 integ=-0.0 vision=1 current=1 vframe=4538 vs=1 vage=60 vpage=60 vdt=32 vmax=7730 vacc=4107 vrej=0 seq=0 elapsed=0 oled=3C
[   7795] STATUS mode=1 fault=none p60=-326 dp60=-1 pwm=0 ball=79.87 vball=-136.92 bref=50.00 pid=-140.0 integ=-0.0 vision=1 current=1 vframe=4538 vs=1 vage=80 vpage=80 vdt=32 vmax=7730 vacc=4107 vrej=0 seq=0 elapsed=0 oled=3C
[   7811] STATUS mode=1 fault=none p60=-333 dp60=-2 pwm=0 ball=79.87 vball=-136.92 bref=50.00 pid=-140.0 integ=-0.0 vision=1 current=1 vframe=4538 vs=1 vage=100 vpage=100 vdt=32 vmax=7730 vacc=4107 vrej=0 seq=0 elapsed=0 oled=3C
[   7827] STATUS mode=1 fault=none p60=-338 dp60=-2 pwm=0 ball=74.86 vball=-114.97 bref=50.00 pid=-140.0 integ=-0.0 vision=1 current=1 vframe=4539 vs=1 vage=18 vpage=18 vdt=102 vmax=7730 vacc=4108 vrej=0 seq=0 elapsed=0 oled=3C
[   7858] STATUS mode=1 fault=none p60=-342 dp60=-1 pwm=0 ball=74.86 vball=-114.97 bref=50.00 pid=-140.0 integ=-0.0 vision=1 current=1 vframe=4539 vs=1 vage=38 vpage=38 vdt=102 vmax=7730 vacc=4108 vrej=0 seq=0 elapsed=0 oled=3C
[   7875] STATUS mode=1 fault=none p60=-343 dp60=0 pwm=0 ball=74.86 vball=-114.97 bref=50.00 pid=-140.0 integ=-0.0 vision=1 current=0 vframe=4540 vs=0 vage=58 vpage=17 vdt=102 vmax=7730 vacc=4108 vrej=0 seq=0 elapsed=0 oled=3C
[   7890] STATUS mode=1 fault=none p60=-345 dp60=-1 pwm=0 ball=59.80 vball=-144.15 bref=50.00 pid=-140.0 integ=-0.0 vision=1 current=1 vframe=4541 vs=1 vage=13 vpage=13 vdt=65 vmax=7730 vacc=4109 vrej=0 seq=0 elapsed=0 oled=3C
[   7906] STATUS mode=1 fault=none p60=-347 dp60=0 pwm=0 ball=59.80 vball=-144.15 bref=50.00 pid=-140.0 integ=-0.0 vision=1 current=1 vframe=4541 vs=1 vage=33 vpage=33 vdt=65 vmax=7730 vacc=4109 vrej=0 seq=0 elapsed=0 oled=3C
[   7936] STATUS mode=1 fault=none p60=-348 dp60=0 pwm=0 ball=59.80 vball=-144.15 bref=50.00 pid=-140.0 integ=-0.0 vision=1 current=1 vframe=4541 vs=1 vage=53 vpage=53 vdt=65 vmax=7730 vacc=4109 vrej=0 seq=0 elapsed=0 oled=3C
[   7952] STATUS mode=1 fault=none p60=-348 dp60=0 pwm=0 ball=59.80 vball=-144.15 bref=50.00 pid=-140.0 integ=-0.0 vision=1 current=1 vframe=4541 vs=1 vage=73 vpage=73 vdt=65 vmax=7730 vacc=4109 vrej=0 seq=0 elapsed=0 oled=3C
[   7967] STATUS mode=1 fault=none p60=-348 dp60=0 pwm=0 ball=59.80 vball=-144.15 bref=50.00 pid=-140.0 integ=-0.0 vision=1 current=1 vframe=4541 vs=1 vage=93 vpage=93 vdt=65 vmax=7730 vacc=4109 vrej=0 seq=0 elapsed=0 oled=3C
[   7983] STATUS mode=1 fault=none p60=-348 dp60=0 pwm=0 ball=52.67 vball=-124.47 bref=50.00 pid=-140.0 integ=-0.0 vision=1 current=1 vframe=4542 vs=1 vage=4 vpage=4 vdt=109 vmax=7730 vacc=4110 vrej=0 seq=0 elapsed=0 oled=3C
[   8015] STATUS mode=1 fault=none p60=-348 dp60=0 pwm=0 ball=52.67 vball=-124.47 bref=50.00 pid=-140.0 integ=-0.0 vision=1 current=1 vframe=4542 vs=1 vage=24 vpage=24 vdt=109 vmax=7730 vacc=4110 vrej=0 seq=0 elapsed=0 oled=3C
[   8031] STATUS mode=1 fault=none p60=-348 dp60=0 pwm=0 ball=52.67 vball=-124.47 bref=50.00 pid=-140.0 integ=-0.0 vision=1 current=0 vframe=4543 vs=0 vage=44 vpage=8 vdt=109 vmax=7730 vacc=4110 vrej=0 seq=0 elapsed=0 oled=3C
[   8045] STATUS mode=1 fault=none p60=-348 dp60=0 pwm=0 ball=52.67 vball=-124.47 bref=50.00 pid=-140.0 integ=-0.0 vision=1 current=0 vframe=4543 vs=0 vage=64 vpage=28 vdt=109 vmax=7730 vacc=4110 vrej=0 seq=0 elapsed=0 oled=3C
[   8077] STATUS mode=1 fault=none p60=-348 dp60=0 pwm=0 ball=52.67 vball=-124.47 bref=50.00 pid=-140.0 integ=-0.0 vision=1 current=0 vframe=4544 vs=0 vage=84 vpage=12 vdt=109 vmax=7730 vacc=4110 vrej=0 seq=0 elapsed=0 oled=3C
[   8092] STATUS mode=1 fault=none p60=-348 dp60=0 pwm=0 ball=52.67 vball=-124.47 bref=50.00 pid=-140.0 integ=-0.0 vision=1 current=0 vframe=4544 vs=0 vage=104 vpage=32 vdt=109 vmax=7730 vacc=4110 vrej=0 seq=0 elapsed=0 oled=3C
[   8108] STATUS mode=1 fault=none p60=-348 dp60=0 pwm=0 ball=52.67 vball=-124.47 bref=50.00 pid=-140.0 integ=-0.0 vision=1 current=0 vframe=4544 vs=0 vage=124 vpage=52 vdt=109 vmax=7730 vacc=4110 vrej=0 seq=0 elapsed=0 oled=3C
[   8125] STATUS mode=1 fault=none p60=-348 dp60=0 pwm=0 ball=52.67 vball=-124.47 bref=50.00 pid=-140.0 integ=-0.0 vision=1 current=0 vframe=4544 vs=0 vage=144 vpage=72 vdt=109 vmax=7730 vacc=4110 vrej=0 seq=0 elapsed=0 oled=3C
[   8156] STATUS mode=1 fault=none p60=-348 dp60=0 pwm=0 ball=52.67 vball=-124.47 bref=50.00 pid=-140.0 integ=-0.0 vision=1 current=0 vframe=4544 vs=0 vage=164 vpage=92 vdt=109 vmax=7730 vacc=4110 vrej=0 seq=0 elapsed=0 oled=3C
[   8170] STATUS mode=1 fault=none p60=-348 dp60=0 pwm=0 ball=52.67 vball=-124.47 bref=50.00 pid=-140.0 integ=-0.0 vision=1 current=0 vframe=4545 vs=0 vage=184 vpage=5 vdt=109 vmax=7730 vacc=4110 vrej=0 seq=0 elapsed=0 oled=3C
[   8186] STATUS mode=1 fault=none p60=-348 dp60=0 pwm=0 ball=52.67 vball=-124.47 bref=50.00 pid=-140.0 integ=-0.0 vision=1 current=0 vframe=4545 vs=0 vage=204 vpage=25 vdt=109 vmax=7730 vacc=4110 vrej=0 seq=0 elapsed=0 oled=3C
[   8217] STATUS mode=1 fault=none p60=-348 dp60=0 pwm=0 ball=43.79 vball=-103.63 bref=50.00 pid=-140.0 integ=-0.0 vision=1 current=1 vframe=4547 vs=1 vage=8 vpage=8 vdt=216 vmax=7730 vacc=4111 vrej=0 seq=0 elapsed=0 oled=3C
[   8233] STATUS mode=1 fault=none p60=-348 dp60=0 pwm=0 ball=15.05 vball=-354.07 bref=50.00 pid=-140.0 integ=-0.0 vision=1 current=1 vframe=4548 vs=1 vage=2 vpage=2 vdt=26 vmax=7730 vacc=4112 vrej=0 seq=0 elapsed=0 oled=3C
[   8250] STATUS mode=1 fault=none p60=-348 dp60=0 pwm=0 ball=15.05 vball=-354.07 bref=50.00 pid=-140.0 integ=-0.0 vision=1 current=1 vframe=4548 vs=1 vage=22 vpage=22 vdt=26 vmax=7730 vacc=4112 vrej=0 seq=0 elapsed=0 oled=3C
[   8265] STATUS mode=1 fault=none p60=-348 dp60=0 pwm=0 ball=15.05 vball=-354.07 bref=50.00 pid=-140.0 integ=-0.0 vision=1 current=1 vframe=4548 vs=1 vage=42 vpage=42 vdt=26 vmax=7730 vacc=4112 vrej=0 seq=0 elapsed=0 oled=3C
[   8295] STATUS mode=1 fault=none p60=-348 dp60=0 pwm=0 ball=15.05 vball=-354.07 bref=50.00 pid=-140.0 integ=-0.0 vision=1 current=1 vframe=4548 vs=1 vage=62 vpage=62 vdt=26 vmax=7730 vacc=4112 vrej=0 seq=0 elapsed=0 oled=3C
[   8311] STATUS mode=1 fault=none p60=-348 dp60=0 pwm=0 ball=15.05 vball=-354.07 bref=50.00 pid=-140.0 integ=-0.0 vision=1 current=1 vframe=4548 vs
[   8311] >>> status
[   8311] =1 vage=82 vpage=82 vdt=26 vmax=7730 vacc=4112 vrej=0 seq=0 elapsed=0 oled=3C
[   8327] STATUS mode=1 fault=none p60=-348 dp60=0 pwm=0 ball=15.05 vball=-354.07 bref=50.00 pid=-140.0 integ=-0.0 vision=1 current=1 vframe=4548 vs=1 vage=95 vpage=95 vdt=26 vmax=7730 vacc=4112 vrej=0 seq=0 elapsed=0 oled=3C
[   8342] STATUS mode=1 fault=none p60=-348 dp60=0 pwm=0 ball=15.05 vball=-354.07 bref=50.00 pid=-140.0 integ=-0.0 vision=1 current=1 vframe=4548 vs=1 vage=102 vpage=102 vdt=26 vmax=7730 vacc=4112 vrej=0 seq=0 elapsed=0 oled=3C
[   8375] STATUS mode=1 fault=none p60=-348 dp60=0 pwm=0 ball=15.05 vball=0.00 bref=50.00 pid=-140.0 integ=-0.0 vision=1 current=0 vframe=4561 vs=0 vage=16 vpage=16 vdt=106 vmax=7730 vacc=4118 vrej=0 seq=0 elapsed=0 oled=3C
[   8390] STATUS mode=1 fault=none p60=-348 dp60=0 pwm=0 ball=15.05 vball=0.00 bref=50.00 pid=-140.0 integ=-0.0 vision=1 current=0 vframe=4561 vs=0 vage=36 vpage=36 vdt=106 vmax=7730 vacc=4118 vrej=0 seq=0 elapsed=0 oled=3C
[   8406] STATUS mode=1 fault=none p60=-348 dp60=0 pwm=0 ball=15.05 vball=0.00 bref=50.00 pid=-140.0 integ=-0.0 vision=1 current=0 vframe=4562 vs=0 vage=56 vpage=20 vdt=106 vmax=7730 vacc=4118 vrej=0 seq=0 elapsed=0 oled=3C
[   8420] STATUS mode=1 fault=none p60=-348 dp60=0 pwm=0 ball=15.05 vball=0.00 bref=50.00 pid=-140.0 integ=-0.0 vision=1 current=0 vframe=4563 vs=0 vage=76 vpage=17 vdt=106 vmax=7730 vacc=4118 vrej=0 seq=0 elapsed=0 oled=3C
[   8436] STATUS mode=1 fault=none p60=-348 dp60=0 pwm=0 ball=15.05 vball=0.00 bref=50.00 pid=-140.0 integ=-0.0 vision=1 current=0 vframe=4563 vs=0 vage=96 vpage=37 vdt=106 vmax=7730 vacc=4118 vrej=0 seq=0 elapsed=0 oled=3C
[   8467] STATUS mode=1 fault=none p60=-348 dp60=0 pwm=0 ball=15.05 vball=0.00 bref=50.00 pid=-140.0 integ=-0.0 vision=1 current=0 vframe=4563 vs=0 vage=116 vpage=57 vdt=106 vmax=7730 vacc=4118 vrej=0 seq=0 elapsed=0 oled=3C
[   8483] STATUS mode=1 fault=none p60=-348 dp60=0 pwm=0 ball=15.05 vball=0.00 bref=50.00 pid=-140.0 integ=-0.0 vision=1 current=0 vframe=4563 vs=0 vage=136 vpage=77 vdt=106 vmax=7730 vacc=4118 vrej=0 seq=0 elapsed=0 oled=3C
[   8500] STATUS mode=1 fault=none p60=-348 dp60=0 pwm=0 ball=15.05 vball=0.00 bref=50.00 pid=-140.0 integ=-0.0 vision=1 current=0 vframe=4563 vs=0 vage=156 vpage=97 vdt=106 vmax=7730 vacc=4118 vrej=0 seq=0 elapsed=0 oled=3C
[   8515] STATUS mode=1 fault=none p60=-348 dp60=0 pwm=0 ball=10.93 vball=-6.40 bref=50.00 pid=-140.0 integ=-0.0 vision=1 current=1 vframe=4564 vs=1 vage=15 vpage=15 vdt=161 vmax=7730 vacc=4119 vrej=0 seq=0 elapsed=0 oled=3C
[   8531] STATUS mode=1 fault=none p60=-348 dp60=0 pwm=0 ball=10.93 vball=-6.40 bref=50.00 pid=-140.0 integ=-0.0 vision=1 current=0 vframe=4565 vs=0 vage=35 vpage=18 vdt=161 vmax=7730 vacc=4119 vrej=0 seq=0 elapsed=0 oled=3C
[   8561] STATUS mode=1 fault=none p60=-348 dp60=0 pwm=0 ball=10.93 vball=-6.40 bref=50.00 pid=-140.0 integ=-0.0 vision=1 current=0 vframe=4566 vs=0 vage=55 vpage=10 vdt=161 vmax=7730 vacc=4119 vrej=0 seq=0 elapsed=0 oled=3C
[   8577] STATUS mode=1 fault=none p60=-348 dp60=0 pwm=0 ball=10.93 vball=-6.40 bref=50.00 pid=-140.0 integ=-0.0 vision=1 current=0 vframe=4566 vs=0 vage=75 vpage=30 vdt=161 vmax=7730 vacc=4119 vrej=0 seq=0 elapsed=0 oled=3C
[   8592] STATUS mode=1 fault=none p60=-348 dp60=0 pwm=0 ball=10.93 vball=-6.40 bref=50.00 pid=-140.0 integ=-0.0 vision=1 current=0 vframe=4567 vs=0 vage=95 vpage=17 vdt=161 vmax=7730 vacc=4119 vrej=0 seq=0 elapsed=0 oled=3C
[   8608] STATUS mode=1 fault=none p60=-348 dp60=0 pwm=0 ball=10.93 vball=-6.40 bref=50.00 pid=-140.0 integ=-0.0 vision=1 current=0 vframe=4567 vs=0 vage=115 vpage=37 vdt=161 vmax=7730 vacc=4119 vrej=0 seq=0 elapsed=0 oled=3C
[   8625] STATUS mode=1 fault=none p60=-348 dp60=0 pwm=0 ball=10.93 vball=-6.40 bref=50.00 pid=-140.0 integ=-0.0 vision=1 current=0 vframe=4567 vs=0 vage=135 vpage=57 vdt=161 vmax=7730 vacc=4119 vrej=0 seq=0 elapsed=0 oled=3C
[   8656] STATUS mode=1 fault=none p60=-348 dp60=0 pwm=0 ball=10.93 vball=-6.40 bref=50.00 pid=-140.0 integ=-0.0 vision=1 current=0 vframe=4567 vs=0 vage=155 vpage=77 vdt=161 vmax=7730 vacc=4119 vrej=0 seq=0 elapsed=0 oled=3C
[   8670] STATUS mode=1 fault=none p60=-348 dp60=0 pwm=0 ball=10.93 vball=-6.40 bref=50.00 pid=-140.0 integ=-0.0 vision=1 current=0 vframe=4567 vs=0 vage=175 vpage=97 vdt=161 vmax=7730 vacc=4119 vrej=0 seq=0 elapsed=0 oled=3C
[   8686] STATUS mode=1 fault=none p60=-348 dp60=0 pwm=0 ball=-26.96 vball=-182.48 bref=50.00 pid=-140.0 integ=-0.0 vision=1 current=1 vframe=4569 vs=1 vage=8 vpage=8 vdt=9 vmax=7730 vacc=4121 vrej=0 seq=0 elapsed=0 oled=3C
[   8717] STATUS mode=1 fault=none p60=-348 dp60=0 pwm=0 ball=-26.96 vball=-182.48 bref=50.00 pid=-140.0 integ=-0.0 vision=1 current=1 vframe=4569 vs=1 vage=28 vpage=28 vdt=9 vmax=7730 vacc=4121 vrej=0 seq=0 elapsed=0 oled=3C
[   8733] STATUS mode=1 fault=none p60=-348 dp60=0 pwm=0 ball=-26.96 vball=-182.48 bref=50.00 pid=-140.0 integ=-0.0 vision=1 current=0 vframe=4570 vs=0 vage=48 vpage=5 vdt=9 vmax=7730 vacc=4121 vrej=0 seq=0 elapsed=0 oled=3C
[   8750] STATUS mode=1 fault=none p60=-348 dp60=0 pwm=0 ball=-35.24 vball=-175.91 bref=50.00 pid=-140.0 integ=-0.0 vision=1 current=1 vframe=4571 vs=1 vage=15 vpage=15 vdt=53 vmax=7730 vacc=4122 vrej=0 seq=0 elapsed=0 oled=3C
[   8765] STATUS mode=1 fault=none p60=-348 dp60=0 pwm=0 ball=-35.24 vball=-175.91 bref=50.00 pid=-140.0 integ=-0.0 vision=1 current=1 vframe=4571 vs=1 vage=35 vpage=35 vdt=53 vmax=7730 vacc=4122 vrej=0 seq=0 elapsed=0 oled=3C
[   8795] STATUS mode=1 fault=none p60=-348 dp60=0 pwm=0 ball=-35.24 vball=-175.91 bref=50.00 pid=-140.0 integ=-0.0 vision=1 current=1 vframe=4571 vs=1 vage=55 vpage=55 vdt=53 vmax=7730 vacc=4122 vrej=0 seq=0 elapsed=0 oled=3C
[   8811] STATUS mode=1 fault=none p60=-348 dp60=0 pwm=0 ball=-35.24 vball=-175.91 bref=50.00 pid=-140.0 integ=-0.0 vision=1 current=1 vframe=4571 vs=1 vage=75 vpage=75 vdt=53 vmax=7730 vacc=4122 vrej=0 seq=0 elapsed=0 oled=3C
[   8827] STATUS mode=1 fault=none p60=-348 dp60=0 pwm=0 ball=-35.24 vball=-175.91 bref=50.00 pid=-140.0 integ=-0.0 vision=1 current=1 vframe=4571 vs=1 vage=95 vpage=95 vdt=53 vmax=7730 vacc=4122 vrej=0 seq=0 elapsed=0 oled=3C
[   8858] STATUS mode=1 fault=none p60=-348 dp60=0 pwm=0 ball=-35.24 vball=-175.91 bref=50.00 pid=-140.0 integ=-0.0 vision=1 current=1 vframe=4571 vs=1 vage=115 vpage=115 vdt=53 vmax=7730 vacc=4122 vrej=0 seq=0 elapsed=0 oled=3C
[   8875] STATUS mode=1 fault=none p60=-348 dp60=0 pwm=0 ball=-41.17 vball=-143.17 bref=50.00 pid=-140.0 integ=-0.0 vision=1 current=1 vframe=4573 vs=1 vage=3 vpage=3 vdt=132 vmax=7730 vacc=4123 vrej=0 seq=0 elapsed=0 oled=3C
[   8890] STATUS mode=1 fault=none p60=-348 dp60=0 pwm=0 ball=-41.17 vball=-143.17 bref=50.00 pid=-140.0 integ=-0.0 vision=1 current=1 vframe=4573 vs=1 vage=23 vpage=23 vdt=132 vmax=7730 vacc=4123 vrej=0 seq=0 elapsed=0 oled=3C
[   8906] STATUS mode=1 fault=none p60=-348 dp60=0 pwm=0 ball=-52.79 vball=-211.13 bref=50.00 pid=-140.0 integ=-0.0 vision=1 current=1 vframe=4574 vs=1 vage=15 vpage=15 vdt=28 vmax=7730 vacc=4124 vrej=0 seq=0 elapsed=0 oled=3C
[   8920] STATUS mode=1 fault=non
[   8920] >>> stream off
[   8936] e p60=-348 dp60=0 pwm=0 ball=-55.95 vball=-181.58 bref=50.00 pid=-140.0 integ=-0.0 vision=1 current=1 vframe=4575 vs=1 vage=1 vpage=1 vdt=34 vmax=7730 vacc=4125 vrej=0 seq=0 elapsed=0 oled=3C
[   8936] OK stream off
