[      0] >>> bench on
[     15] OK visual-only bench active; use zero before motor tests
[    625] >>> stop
[    625] OK stopped
[   1250] >>> zero
[   1250] OK P60 encoder zeroed at current mechanical position
[   1875] >>> diag reset
[   1890] OK beam diagnostics reset
[   2500] >>> stream on 20
[   2515] OK stream on 20 ms
[   2545] STATUS mode=1 fault=none p60=0 dp60=0 pwm=0 cpwm=0 uimp=0 upos=0 uneg=0 ball=-107.28 vball=0.73 aball=0.0 bref=0.00 pid=0.0 apid=0.0 integ=0.0 vision=1 current=1 vframe=19187 vs=1 vage=23 vpage=23 vdt=33 vmax=6728 vacc=18772 vrej=0 seq=0 elapsed=0 oled=3C
[   2577] STATUS mode=1 fault=none p60=0 dp60=0 pwm=0 cpwm=0 uimp=0 upos=0 uneg=0 ball=-107.28 vball=0.73 aball=0.0 bref=0.00 pid=0.0 apid=0.0 integ=0.0 vision=1 current=1 vframe=19187 vs=1 vage=43 vpage=43 vdt=33 vmax=6728 vacc=18772 vrej=0 seq=0 elapsed=0 oled=3C
[   2592] STATUS mode=1 fault=none p60=0 dp60=0 pwm=0 cpwm=0 uimp=0 upos=0 uneg=0 ball=-107.28 vball=0.73 aball=0.0 bref=0.00 pid=0.0 apid=0.0 integ=0.0 vision=1 current=1 vframe=19187 vs=1 vage=63 vpage=63 vdt=33 vmax=6728 vacc=18772 vrej=0 seq=0 elapsed=0 oled=3C
[   2608] STATUS mode=1 fault=none p60=0 dp60=0 pwm=0 cpwm=0 uimp=0 upos=0 uneg=0 ball=-107.28 vball=0.73 aball=0.0 bref=0.00 pid=0.0 apid=0.0 integ=0.0 vision=1 current=1 vframe=19187 vs=1 vage=83 vpage=83 vdt=33 vmax=6728 vacc=18772 vrej=0 seq=0 elapsed=0 oled=3C
[   2640] STATUS mode=1 fault=none p60=0 dp60=0 pwm=0 cpwm=0 uimp=0 upos=0 uneg=0 ball=-107.27 vball=0.46 aball=0.0 bref=0.00 pid=0.0 apid=0.0 integ=0.0 vision=1 current=1 vframe=19188 vs=1 vage=8 vpage=8 vdt=95 vmax=6728 vacc=18773 vrej=0 seq=0 elapsed=0 oled=3C
[   2656] STATUS mode=1 fault=none p60=0 dp60=0 pwm=0 cpwm=0 uimp=0 upos=0 uneg=0 ball=-107.27 vball=0.46 aball=0.0 bref=0.00 pid=0.0 apid=0.0 integ=0.0 vision=1 current=1 vframe=19188 vs=1 vage=28 vpage=28 vdt=95 vmax=6728 vacc=18773 vrej=0 seq=0 elapsed=0 oled=3C
[   2686] STATUS mode=1 fault=none p60=0 dp60=0 pwm=0 cpwm=0 uimp=0 upos=0 uneg=0 ball=-107.34 vball=-1.53 aball=0.0 bref=0.00 pid=0.0 apid=0.0 integ=0.0 vision=1 current=1 vframe=19189 vs=1 vage=12 vpage=12 vdt=36 vmax=6728 vacc=18774 vrej=0 seq=0 elapsed=0 oled=3C
[   2702] STATUS mode=1 fault=none p60=0 dp60=0 pwm=0 cpwm=0 uimp=0 upos=0 uneg=0 ball=-107.34 vball=-1.53 aball=0.0 bref=0.00 pid=0.0 apid=0.0 integ=0.0 vision=1 current=1 vframe=19189 vs=1 vage=32 vpage=32 vdt=36 vmax=6728 vacc=18774 vrej=0 seq=0 elapsed=0 oled=3C
[   2733] STATUS mode=1 fault=none p60=0 dp60=0 pwm=0 cpwm=0 uimp=0 upos=0 uneg=0 ball=-107.34 vball=-1.53 aball=0.0 bref=0.00 pid=0.0 apid=0.0 integ=0.0 vision=1 current=1 vframe=19189 vs=1 vage=52 vpage=52 vdt=36 vmax=6728 vacc=18774 vrej=0 seq=0 elapsed=0 oled=3C
[   2750] STATUS mode=1 fault=none p60=0 dp60=0 pwm=0 cpwm=0 uimp=0 upos=0 uneg=0 ball=-107.34 vball=-1.53 aball=0.0 bref=0.00 pid=0.0 apid=0.0 integ=0.0 vision=1 current=1 vframe=19189 vs=1 vage=92 vpage=92 vdt=36 vmax=6728 vacc=18774 vrej=0 seq=0 elapsed=0 oled=3C
[   2765] STATUS mode=1 fault=none p60=0 dp60=0 pwm=0 cpwm=0 uimp=0 upos=0 uneg=0 ball=-107.76 vball=-7.83 aball=0.0 bref=0.00 pid=0.0 apid=0.0 integ=0.0 vision=1 current=1 vframe=19190 vs=1 vage=1 vpage=1 vdt=111 vmax=6728 vacc=18775 vrej=0 seq=0 elapsed=0 oled=3C
[   2795] STATUS mode=1 fault=none p60=0 dp60=0 pwm=0 cpwm=0 uimp=0 upos=0 uneg=0 ball=-108.07 vball=-6.67 aball=0.0 bref=0.00 pid=0.0 apid=0.0 integ=0.0 vision=1 current=1 vframe=19191 vs=1 vage=13 vpage=13 vdt=8 vmax=6728 vacc=18776 vrej=0 seq=0 elapsed=0 oled=3C
[   2811] STATUS mode=1 fault=none p60=0 dp60=0 pwm=0 cpwm=0 uimp=0 upos=0 uneg=0 ball=-107.39 vball=6.79 aball=0.0 bref=0.00 pid=0.0 apid=0.0 integ=0.0 vision=1 current=1 vframe=19192 vs=1 vage=1 vpage=1 vdt=32 vmax=6728 vacc=18777 vrej=0 seq=0 elapsed=0 oled=3C
[   2842] STATUS mode=1 fault=none p60=0 dp60=0 pwm=0 cpwm=0 uimp=0 upos=0 uneg=0 ball=-107.39 vball=6.79 aball=0.0 bref=0.00 pid=0.0 apid=0.0 integ=0.0 vision=1 current=1 vframe=19192 vs=1 vage=21 vpage=21 vdt=32 vmax=6728 vacc=18777 vrej=0 seq=0 elapsed=0 oled=3C
[   2858] STATUS mode=1 fault=none p60=0 dp60=0 pwm=0 cpwm=0 uimp=0 upos=0 uneg=0 ball=-107.24 vball=5.42 aball=0.0 bref=0.00 pid=0.0 apid=0.0 integ=0.0 vision=1 current=1 vframe=19193 vs=1 vage=8 vpage=8 vdt=33 vmax=6728 vacc=18778 vrej=0 seq=0 elapsed=0 oled=3C
[   2890] STATUS mode=1 fault=none p60=0 dp60=0 pwm=0 cpwm=0 uimp=0 upos=0 uneg=0 ball=-107.24 vball=5.42 aball=0.0 bref=0.00 pid=0.0 apid=0.0 integ=0.0 vision=1 current=1 vframe=19193 vs=1 vage=28 vpage=28 vdt=33 vmax=6728 vacc=18778 vrej=0 seq=0 elapsed=0 oled=3C
[   2906] STATUS mode=1 fault=none p60=0 dp60=0 pwm=0 cpwm=0 uimp=0 upos=0 uneg=0 ball=-107.24 vball=5.42 aball=0.0 bref=0.00 pid=0.0 apid=0.0 integ=0.0 vision=1 current=1 vframe=19193 vs=1 vage=48 vpage=48 vdt=33 vmax=6728 vacc=18778 vrej=0 seq=0 elapsed=0 oled=3C
[   2920] STATUS mode=1 fault=none p60=0 dp60=0 pwm=0 cpwm=0 uimp=0 upos=0 uneg=0 ball=-107.24 vball=5.42 aball=0.0 bref=0.00 pid=0.0 apid=0.0 integ=0.0 vision=1 current=1 vframe=19193 vs=1 vage=68 vpage=68 vdt=33 vmax=6728 vacc=18778 vrej=0 seq=0 elapsed=0 oled=3C
[   2952] STATUS mode=1 fault=none p60=0 dp60=0 pwm=0 cpwm=0 uimp=0 upos=0 uneg=0 ball=-107.24 vball=5.42 aball=0.0 bref=0.00 pid=0.0 apid=0.0 integ=0.0 vision=1 current=1 vframe=19193 vs=1 vage=108 vpage=108 vdt=33 vmax=6728 vacc=18778 vrej=0 seq=0 elapsed=0 oled=3C
[   2967] STATUS mode=1 fault=none p60=0 dp60=0 pwm=0 cpwm=0 uimp=0 upos=0 uneg=0 ball=-107.24 vball=5.42 aball=0.0 bref=0.00 pid=0.0 apid=0.0 integ=0.0 vision=1 current=1 vframe=19193 vs=1 vage=128 vpage=128 vdt=33 vmax=6728 vacc=18778 vrej=0 seq=0 elapsed=0 oled=3C
[   3000] STATUS mode=1 fault=none p60=0 dp60=0 pwm=0 cpwm=0 uimp=0 upos=0 uneg=0 ball=-107.24 vball=5.42 aball=0.0 bref=0.00 pid=0.0 apid=0.0 integ=0.0 vision=1 current=1 vframe=19193 vs=1 vage=148 vpage=148 vdt=33 vmax=6728 vacc=18778 vrej=0 seq=0 elapsed=0 oled=3C
[   3015] STATUS mode=1 fault=none p60=0 dp60=0 pwm=0 cpwm=0 uimp=0 upos=0 uneg=0 ball=-107.42 vball=2.35 aball=0.0 bref=0.00 pid=0.0 apid=0.0 integ=0.0 vision=1 current=1 vframe=19194 vs=1 vage=6 vpage=6 vdt=162 vmax=6728 vacc=18779 vrej=0 seq=0 elapsed=0 oled=3C
[   3045] STATUS mode=1 fault=none p60=0 dp60=0 pwm=0 cpwm=0 uimp=0 upos=0 uneg=0 ball=-107.54 vball=-1.49 aball=0.0 bref=0.00 pid=0.0 apid=0.0 integ=0.0 vision=1 current=1 vframe=19195 vs=1 vage=3 vpage=3 vdt=23 vmax=6728 vacc=18780 vrej=0 seq=0 elapsed=0 oled=3C
[   3061] STATUS mode=1 fault=none p60=0 dp60=0 pwm=0 cpwm=0 uimp=0 upos=0 uneg=0 ball=-107.54 vball=-1.49 aball=0.0 bref=0.00 pid=0.0 apid=0.0 integ=0.0 vision=1 current=1 vframe=19195 vs=1 vage=23 vpage=23 vdt=23 vmax=6728 vacc=18780 vrej=0 seq=0 elapsed=0 oled=3C
[   3092] STATUS mode=1 fault=none p60=0 dp60=0 pwm=0 cpwm=0 uimp=0 upos=0 uneg=0 ball=-107.55 vball=-1.14 aball=0.0 bref=0.00 pid=0.0 apid=0.0 integ=0.0 vision=1 current=1 vframe=19196 vs=1 vage=10 vpage=10 vdt=33 vmax=6728 vacc=18781 vrej=0 seq=0 elapsed=0 oled=3C
[   3108] STATUS mode=1 fault=none p60=0 dp60=0 pwm=0 cpwm=0 uimp=0 upos=0 uneg=0 ball=-107.55 vball=-1.14 aball=0.0 bref=0.00 pid=0.0 apid=0.0 integ=0.0 vision=1 current=1 vframe=19196 vs=1 va
[   3108] ge=30 vpage=30 vdt=33 vmax=6728 vacc=18781 vrej=0 seq=0 elapsed=0 oled=3C
[   3125] STATUS mode=1 fault=none p60=0 dp60=0 pwm=0 cpwm=0 uimp=0 upos=0 uneg=0 ball=-107.55 vball=-1.14 aball=0.0 bref=0.00 pid=0.0 apid=0.0 integ=0.0 vision=1 current=1 vframe=19196 vs=1 vage=70 vpage=70 vdt=33 vmax=6728 vacc=18781 vrej=0 seq=0 elapsed=0 oled=3C
[   3156] STATUS mode=1 fault=none p60=0 dp60=0 pwm=0 cpwm=0 uimp=0 upos=0 uneg=0 ball=-107.55 vball=-1.14 aball=0.0 bref=0.00 pid=0.0 apid=0.0 integ=0.0 vision=1 current=1 vframe=19196 vs=1 vage=90 vpage=90 vdt=33 vmax=6728 vacc=18781 vrej=0 seq=0 elapsed=0 oled=3C
[   3170] STATUS mode=1 fault=none p60=0 dp60=0 pwm=0 cpwm=0 uimp=0 upos=0 uneg=0 ball=-107.56 vball=-0.71 aball=0.0 bref=0.00 pid=0.0 apid=0.0 integ=0.0 vision=1 current=1 vframe=19197 vs=1 vage=15 vpage=15 vdt=95 vmax=6728 vacc=18782 vrej=0 seq=0 elapsed=0 oled=3C
[   3202] STATUS mode=1 fault=none p60=0 dp60=0 pwm=0 cpwm=0 uimp=0 upos=0 uneg=0 ball=-107.56 vball=-0.71 aball=0.0 bref=0.00 pid=0.0 apid=0.0 integ=0.0 vision=1 current=1 vframe=19197 vs=1 vage=35 vpage=35 vdt=95 vmax=6728 vacc=18782 vrej=0 seq=0 elapsed=0 oled=3C
[   3217] STATUS mode=1 fault=none p60=0 dp60=0 pwm=0 cpwm=0 uimp=0 upos=0 uneg=0 ball=-107.23 vball=5.22 aball=0.0 bref=0.00 pid=0.0 apid=0.0 integ=0.0 vision=1 current=1 vframe=19198 vs=1 vage=18 vpage=18 vdt=37 vmax=6728 vacc=18783 vrej=0 seq=0 elapsed=0 oled=3C
[   3250] STATUS mode=1 fault=none p60=0 dp60=0 pwm=0 cpwm=0 uimp=0 upos=0 uneg=0 ball=-107.23 vball=5.22 aball=0.0 bref=0.00 pid=0.0 apid=0.0 integ=0.0 vision=1 current=1 vframe=19198 vs=1 vage=38 vpage=38 vdt=37 vmax=6728 vacc=18783 vrej=0 seq=0 elapsed=0 oled=3C
[   3265] STATUS mode=1 fault=none p60=0 dp60=0 pwm=0 cpwm=0 uimp=0 upos=0 uneg=0 ball=-107.23 vball=5.22 aball=0.0 bref=0.00 pid=0.0 apid=0.0 integ=0.0 vision=1 current=1 vframe=19198 vs=1 vage=58 vpage=58 vdt=37 vmax=6728 vacc=18783 vrej=0 seq=0 elapsed=0 oled=3C
[   3281] STATUS mode=1 fault=none p60=0 dp60=0 pwm=0 cpwm=0 uimp=0 upos=0 uneg=0 ball=-107.23 vball=5.22 aball=0.0 bref=0.00 pid=0.0 apid=0.0 integ=0.0 vision=1 current=1 vframe=19198 vs=1 vage=78 vpage=78 vdt=37 vmax=6728 vacc=18783 vrej=0 seq=0 elapsed=0 oled=3C
[   3311] STATUS mode=1 fault=none p60=0 dp60=0 pwm=0 cpwm=0 uimp=0 upos=0 uneg=0 ball=-107.23 vball=5.22 aball=0.0 bref=0.00 pid=0.0 apid=0.0 integ=0.0 vision=1 current=1 vframe=19198 vs=1 vage=98 vpage=98 vdt=37 vmax=6728 vacc=18783 vrej=0 seq=0 elapsed=0 oled=3C
[   3327] STATUS mode=1 fault=none p60=0 dp60=0 pwm=0 cpwm=0 uimp=0 upos=0 uneg=0 ball=-107.63 vball=-7.22 aball=0.0 bref=0.00 pid=0.0 apid=0.0 integ=0.0 vision=1 current=1 vframe=19201 vs=1 vage=5 vpage=5 vdt=23 vmax=6728 vacc=18786 vrej=0 seq=0 elapsed=0 oled=3C
[   3358] STATUS mode=1 fault=none p60=0 dp60=0 pwm=0 cpwm=0 uimp=0 upos=0 uneg=0 ball=-107.63 vball=-7.22 aball=0.0 bref=0.00 pid=0.0 apid=0.0 integ=0.0 vision=1 current=1 vframe=19201 vs=1 vage=25 vpage=25 vdt=23 vmax=6728 vacc=18786 vrej=0 seq=0 elapsed=0 oled=3C
[   3375] STATUS mode=1 fault=none p60=0 dp60=0 pwm=0 cpwm=0 uimp=0 upos=0 uneg=0 ball=-107.66 vball=-3.90 aball=0.0 bref=0.00 pid=0.0 apid=0.0 integ=0.0 vision=1 current=1 vframe=19202 vs=1 vage=12 vpage=12 vdt=33 vmax=6728 vacc=18787 vrej=0 seq=0 elapsed=0 oled=3C
[   3406] STATUS mode=1 fault=none p60=0 dp60=0 pwm=0 cpwm=0 uimp=0 upos=0 uneg=0 ball=-107.66 vball=-3.90 aball=0.0 bref=0.00 pid=0.0 apid=0.0 integ=0.0 vision=1 current=1 vframe=19202 vs=1 vage=32 vpage=32 vdt=33 vmax=6728 vacc=18787 vrej=0 seq=0 elapsed=0 oled=3C
[   3420] STATUS mode=1 fault=none p60=0 dp60=0 pwm=0 cpwm=0 uimp=0 upos=0 uneg=0 ball=-107.66 vball=-3.90 aball=0.0 bref=0.00 pid=0.0 apid=0.0 integ=0.0 vision=1 current=1 vframe=19202 vs=1 vage=52 vpage=52 vdt=33 vmax=6728 vacc=18787 vrej=0 seq=0 elapsed=0 oled=3C
[   3436] STATUS mode=1 fault=none p60=0 dp60=0 pwm=0 cpwm=0 uimp=0 upos=0 uneg=0 ball=-107.66 vball=-3.90 aball=0.0 bref=0.00 pid=0.0 apid=0.0 integ=0.0 vision=1 current=1 vframe=19202 vs=1 vage=72 vpage=72 vdt=33 vmax=6728 vacc=18787 vrej=0 seq=0 elapsed=0 oled=3C
[   3467] STATUS mode=1 fault=none p60=0 dp60=0 pwm=0 cpwm=0 uimp=0 upos=0 uneg=0 ball=-107.66 vball=-3.90 aball=0.0 bref=0.00 pid=0.0 apid=0.0 integ=0.0 vision=1 current=1 vframe=19202 vs=1 vage=92 vpage=92 vdt=33 vmax=6728 vacc=18787 vrej=0 seq=0 elapsed=0 oled=3C
[   3483] STATUS mode=1 fault=none p60=0 dp60=0 pwm=0 cpwm=0 uimp=0 upos=0 uneg=0 ball=-107.65 vball=-1.89 aball=0.0 bref=0.00 pid=0.0 apid=0.0 integ=0.0 vision=1 current=1 vframe=19203 vs=1 vage=18 vpage=18 vdt=94 vmax=6728 vacc=18788 vrej=0 seq=0 elapsed=0 oled=3C
[   3515] STATUS mode=1 fault=none p60=0 dp60=0 pwm=0 cpwm=0 uimp=0 upos=0 uneg=0 ball=-107.39 vball=2.37 aball=0.0 bref=0.00 pid=0.0 apid=0.0 integ=0.0 vision=1 current=1 vframe=19205 vs=1 vage=3 vpage=3 vdt=33 vmax=6728 vacc=18790 vrej=0 seq=0 elapsed=0 oled=3C
[   3531] STATUS mode=1 fault=none p60=0 dp60=0 pwm=0 cpwm=0 uimp=0 upos=0 uneg=0 ball=-107.39 vball=2.37 aball=0.0 bref=0.00 pid=0.0 apid=0.0 integ=0.0 vision=1 current=1 vframe=19205 vs=1 vage=23 vpage=23 vdt=33 vmax=6728 vacc=18790 vrej=0 seq=0 elapsed=0 oled=3C
[   3561] STATUS mode=1 fault=none p60=0 dp60=0 pwm=0 cpwm=0 uimp=0 upos=0 uneg=0 ball=-107.39 vball=2.37 aball=0.0 bref=0.00 pid=0.0 apid=0.0 integ=0.0 vision=1 current=1 vframe=19205 vs=1 vage=43 vpage=43 vdt=33 vmax=6728 vacc=18790 vrej=0 seq=0 elapsed=0 oled=3C
[   3577] STATUS mode=1 fault=none p60=0 dp60=0 pwm=0 cpwm=0 uimp=0 upos=0 uneg=0 ball=-107.39 vball=2.37 aball=0.0 bref=0.00 pid=0.0 apid=0.0 integ=0.0 vision=1 current=1 vframe=19205 vs=1 vage=63 vpage=63 vdt=33 vmax=6728 vacc=18790 vrej=0 seq=0 elapsed=0 oled=3C
[   3592] STATUS mode=1 fault=none p60=0 dp60=0 pwm=0 cpwm=0 uimp=0 upos=0 uneg=0 ball=-107.39 vball=2.37 aball=0.0 bref=0.00 pid=0.0 apid=0.0 integ=0.0 vision=1 current=1 vframe=19205 vs=1 vage=83 vpage=83 vdt=33 vmax=6728 vacc=18790 vrej=0 seq=0 elapsed=0 oled=3C
[   3608] STATUS mode=1 faul
[   3608] >>> pulse -130 100
[   3625] t=none p60=0 dp60=0 pwm=0 cpwm=0 uimp=0 upos=0 uneg=0 ball=-107.33 vball=0.76 aball=0.0 bref=0.00 pid=0.0 apid=0.0 integ=0.0 vision=1 current=1 vframe=19206 vs=1 vage=7 vpage=7 vdt=96 vmax=6728 vacc=18791 vrej=0 seq=0 elapsed=0 oled=3C
[   3640] STATUS mode=2 fault=none p60=0 dp60=0 pwm=-130 cpwm=0 uimp=0 upos=0 uneg=0 ball=-107.15 vball=4.50 aball=0.0 bref=0.00 pid=0.0 apid=0.0 integ=0.0 vision=1 current=1 vframe=19207 vs=1 vage=7 vpage=7 vdt=20 vmax=6728 vacc=18792 vrej=0 seq=0 elapsed=0 oled=3C
[   3670] STATUS mode=2 fault=none p60=-1 dp60=0 pwm=-130 cpwm=0 uimp=-2600 upos=0 uneg=20 ball=-107.15 vball=4.50 aball=0.0 bref=0.00 pid=0.0 apid=0.0 integ=0.0 vision=1 current=1 vframe=19207 vs=1 vage=27 vpage=27 vdt=20 vmax=6728 vacc=18792 vrej=0 seq=0 elapsed=0 oled=3C
[   3686] STATUS mode=2 fault=none p60=-12 dp60=-2 pwm=-130 cpwm=0 uimp=-7800 upos=0 uneg=60 ball=-107.10 vball=3.04 aball=0.0 bref=0.00 pid=0.0 apid=0.0 integ=0.0 vision=1 current=1 vframe=19208 vs=1 vage=31 vpage=31 vdt=36 vmax=6728 vacc=18793 vrej=0 seq=0 elapsed=0 oled=3C
[   3717] STATUS mode=2 fault=none p60=-21 dp60=-2 pwm=-130 cpwm=0 uimp=-10400 upos=0 uneg=80 ball=-107.10 vball=3.04 aball=0.0 bref=0.00 pid=0.0 apid=0.0 integ=0.0 vision=1 current=1 vframe=19208 vs=1 vage=51 vpage=51 vdt=36 vmax=6728 vacc=18793 vrej=0 seq=0 elapsed=0 oled=3C
[   3733] STATUS mode=1 fault=none p60=-33 dp60=-3 pwm=0 cpwm=0 uimp=-13000 upos=0 uneg=100 ball=-107.10 vball=3.04 aball=0.0 bref=0.00 pid=0.0 apid=0.0 integ=0.0 vision=1 current=1 vframe=19208 vs=1 vage=71 vpage=71 vdt=36 vmax=6728 vacc=18793 vrej=0 seq=0 elapsed=0 oled=3C
[   3765] STATUS mode=1 fault=none p60=-45 dp60=-3 pwm=0 cpwm=0 uimp=-13000 upos=0 uneg=100 ball=-107.10 vball=3.04 aball=0.0 bref=0.00 pid=0.0 apid=0.0 integ=0.0 vision=1 current=1 vframe=19208 vs=1 vage=91 vpage=91 vdt=36 vmax=6728 vacc=18793 vrej=0 seq=0 elapsed=0 oled=3C
[   3781] STATUS mode=1 fault=none p60=-55 dp60=-2 pwm=0 cpwm=0 uimp=-13000 upos=0 uneg=100 ball=-107.30 vball=-1.32 aball=0.0 bref=0.00 pid=0.0 apid=0.0 integ=0.0 vision=1 current=1 vframe=19209 vs=1 vage=19 vpage=19 vdt=92 vmax=6728 vacc=18794 vrej=0 seq=0 elapsed=0 oled=3C
[   3811] STATUS mode=1 fault=none p60=-64 dp60=-2 pwm=0 cpwm=0 uimp=-13000 upos=0 uneg=100 ball=-107.23 vball=0.67 aball=0.0 bref=0.00 pid=0.0 apid=0.0 integ=0.0 vision=1 current=1 vframe=19210 vs=1 vage=16 vpage=16 vdt=23 vmax=6728 vacc=18795 vrej=0 seq=0 elapsed=0 oled=3C
[   3827] STATUS mode=1 fault=none p60=-72 dp60=-2 pwm=0 cpwm=0 uimp=-13000 upos=0 uneg=100 ball=-107.20 vball=0.70 aball=0.0 bref=0.00 pid=0.0 apid=0.0 integ=0.0 vision=1 current=1 vframe=19211 vs=1 vage=3 vpage=3 vdt=33 vmax=6728 vacc=18796 vrej=0 seq=0 elapsed=0 oled=3C
[   3858] STATUS mode=1 fault=none p60=-84 dp60=-2 pwm=0 cpwm=0 uimp=-13000 upos=0 uneg=100 ball=-107.20 vball=0.70 aball=0.0 bref=0.00 pid=0.0 apid=0.0 integ=0.0 vision=1 current=1 vframe=19211 vs=1 vage=43 vpage=43 vdt=33 vmax=6728 vacc=18796 vrej=0 seq=0 elapsed=0 oled=3C
[   3875] STATUS mode=1 fault=none p60=-89 dp60=-2 pwm=0 cpwm=0 uimp=-13000 upos=0 uneg=100 ball=-107.20 vball=0.70 aball=0.0 bref=0.00 pid=0.0 apid=0.0 integ=0.0 vision=1 current=1 vframe=19211 vs=1 vage=63 vpage=63 vdt=33 vmax=6728 vacc=18796 vrej=0 seq=0 elapsed=0 oled=3C
[   3906] STATUS mode=1 fault=none p60=-91 dp60=0 pwm=0 cpwm=0 uimp=-13000 upos=0 uneg=100 ball=-107.20 vball=0.70 aball=0.0 bref=0.00 pid=0.0 apid=0.0 integ=0.0 vision=1 current=1 vframe=19211 vs=1 vage=83 vpage=83 vdt=33 vmax=6728 vacc=18796 vrej=0 seq=0 elapsed=0 oled=3C
[   3920] STATUS mode=1 fault=none p60=-93 dp60=-1 pwm=0 cpwm=0 uimp=-13000 upos=0 uneg=100 ball=-107.08 vball=0.82 aball=0.0 bref=0.00 pid=0.0 apid=0.0 integ=0.0 vision=1 current=1 vframe=19212 vs=1 vage=8 vpage=8 vdt=95 vmax=6728 vacc=18797 vrej=0 seq=0 elapsed=0 oled=3C
[   3952] STATUS mode=1 fault=none p60=-95 dp60=-1 pwm=0 cpwm=0 uimp=-13000 upos=0 uneg=100 ball=-107.04 vball=1.36 aball=0.0 bref=0.00 pid=0.0 apid=0.0 integ=0.0 vision=1 current=1 vframe=19213 vs=1 vage=6 vpage=6 vdt=22 vmax=6728 vacc=18798 vrej=0 seq=0 elapsed=0 oled=3C
[   3967] STATUS mode=1 fault=none p60=-96 dp60=0 pwm=0 cpwm=0 uimp=-13000 upos=0 uneg=100 ball=-107.04 vball=1.36 aball=0.0 bref=0.00 pid=0.0 apid=0.0 integ=0.0 vision=1 current=1 vframe=19213 vs=1 vage=26 vpage=26 vdt=22 vmax=6728 vacc=18798 vrej=0 seq=0 elapsed=0 oled=3C
[   4000] STATUS mode=1 fault=none p60=-96 dp60=0 pwm=0 cpwm=0 uimp=-13000 upos=0 uneg=100 ball=-107.04 vball=0.74 aball=0.0 bref=0.00 pid=0.0 apid=0.0 integ=0.0 vision=1 current=1 vframe=19214 vs=1 vage=31 vpage=31 vdt=35 vmax=6728 vacc=18799 vrej=0 seq=0 elapsed=0 oled=3C
[   4015] STATUS mode=1 fault=none p60=-96 dp60=0 pwm=0 cpwm=0 uimp=-13000 upos=0 uneg=100 ball=-107.04 vball=0.74 aball=0.0 bref=0.00 pid=0.0 apid=0.0 integ=0.0 vision=1 current=1 vframe=19214 vs=1 vage=51 vpage=51 vdt=35 vmax=6728 vacc=18799 vrej=0 seq=0 elapsed=0 oled=3C
[   4031] STATUS mode=1 fault=none p60=-96 dp60=0 pwm=0 cpwm=0 uimp=-13000 upos=0 uneg=100 ball=-107.04 vball=0.74 aball=0.0 bref=0.00 pid=0.0 apid=0.0 integ=0.0 vision=1 current=1 vframe=19214 vs=1 vage=71 vpage=71 vdt=35 vmax=6728 vacc=18799 vrej=0 seq=0 elapsed=0 oled=3C
[   4061] STATUS mode=1 fault=none p60=-96 dp60=0 pwm=0 cpwm=0 uimp=-13000 upos=0 uneg=100 ball=-107.04 vball=0.74 aball=0.0 bref=0.00 pid=0.0 apid=0.0 integ=0.0 vision=1 current=1 vframe=19214 vs=1 vage=91 vpage=91 vdt=35 vmax=6728 vacc=18799 vrej=0 seq=0 elapsed=0 oled=3C
[   4077] STATUS mode=1 fault=none p60=-96 dp60=0 pwm=0 cpwm=0 uimp=-13000 upos=0 uneg=100 ball=-107.00 vball=0.58 aball=0.0 bref=0.00 pid=0.0 apid=0.0 integ=0.0 vision=1 current=1 vframe=19215 vs=1 vage=19 vpage=19 vdt=92 vmax=6728 vacc=18800 vrej=0 seq=0 elapsed=0 oled=3C
[   4108] STATUS mode=1 fault=none p60=-96 dp60=0 pwm=0 cpwm=0 uimp=-13000 upos=0 uneg=100 ball=-106.34 vball=12.67 aball=0.0 bref=0.00 pid=0.0 apid=0.0 integ=0.0 vision=1 current=1 vframe=19216 vs=1 vage=14 vpage=14 vdt=25 vmax=6728 vacc=18801 vrej=0 seq=0 elapsed=0 oled=3C
[   4125] STATUS mode=1 fault=none p60=-96 dp60=0 pwm=0 cpwm=0 uimp=-13000 upos=0 uneg=100 ball=-106.15 vball=9.34 aball=0.0 bref=0.00 pid=0.0 apid=0.0 integ=0.0 vision=1 current=1 vframe=19217 vs=1 vage=2 vpage=2 vdt=32 vmax=6728 vacc=18802 vrej=0 seq=0 elapsed=0 oled=3C
[   4156] STATUS mode=1 fault=none p60=-96 dp60=0 pwm=0 cpwm=0 uimp=-13000 upos=0 uneg=100 ball=-106.15 vball=9.34 aball=0.0 bref=0.00 pid=0.0 apid=0.0 integ=0.0 vision=1 current=1 vframe=19217 vs=1 vage=42 vpage=42 vdt=32 vmax=6728 vacc=18802 vrej=0 seq=0 elapsed=0 oled=3C
[   4170] STATUS mode=1 fault=none p60=-96 dp60=0 pwm=0 cpwm=0 uimp=-13000 upos=0 uneg=100 ball=-106.15 vball=9.34 aball=0.0 bref=0.00 pid=0.0 apid=0.0 integ=0.0 vision=1 current=1 vframe=19217 vs=1 vage=62 vpage=62 vdt=32 vmax=6728 vacc=18802 vrej=0 seq=0 elapsed=0 oled=3C
[   4202] STATUS mode=1 fault=none p60=-96 dp60=0 pwm=0 cpwm=0 uimp=-13000 upos=0 uneg=100 ball=-106.15 vball=9.34 aball=0.0 bref=0.00 pid=0.0 apid=0.0 integ=0.0 vision=1 current=1 vframe=19217 vs=1 vage=82 vpage=82 vdt=32 vmax=6728 vacc=18802 vrej=0 seq=0 elapsed=0 oled=3C
[   4217] STATUS mode=1 fault=none p60=-96 dp60=0 pwm=0 cpwm=0 uimp=-13000 upos=0 uneg=100 ball=-106.15 vball=9.34 aball=0.0 bref=0.00 
[   4217] pid=0.0 apid=0.0 integ=0.0 vision=1 current=1 vframe=19217 vs=1 vage=102 vpage=102 vdt=32 vmax=6728 vacc=18802 vrej=0 seq=0 elapsed=0 oled=3C
[   4250] STATUS mode=1 fault=none p60=-96 dp60=0 pwm=0 cpwm=0 uimp=-13000 upos=0 uneg=100 ball=-106.37 vball=2.40 aball=0.0 bref=0.00 pid=0.0 apid=0.0 integ=0.0 vision=1 current=1 vframe=19218 vs=1 vage=19 vpage=19 vdt=103 vmax=6728 vacc=18803 vrej=0 seq=0 elapsed=0 oled=3C
[   4265] STATUS mode=1 fault=none p60=-96 dp60=0 pwm=0 cpwm=0 uimp=-13000 upos=0 uneg=100 ball=-104.60 vball=28.11 aball=0.0 bref=0.00 pid=0.0 apid=0.0 integ=0.0 vision=1 current=1 vframe=19225 vs=1 vage=8 vpage=8 vdt=31 vmax=6728 vacc=18810 vrej=0 seq=0 elapsed=0 oled=3C
[   4295] STATUS mode=1 fault=none p60=-96 dp60=0 pwm=0 cpwm=0 uimp=-13000 upos=0 uneg=100 ball=-104.27 vball=19.06 aball=0.0 bref=0.00 pid=0.0 apid=0.0 integ=0.0 vision=1 current=1 vframe=19226 vs=1 vage=15 vpage=15 vdt=33 vmax=6728 vacc=18811 vrej=0 seq=0 elapsed=0 oled=3C
[   4311] STATUS mode=1 fault=none p60=-96 dp60=0 pwm=0 cpwm=0 uimp=-13000 upos=0 uneg=100 ball=-104.27 vball=19.06 aball=0.0 bref=0.00 pid=0.0 apid=0.0 integ=0.0 vision=1 current=1 vframe=19226 vs=1 vage=35 vpage=35 vdt=33 vmax=6728 vacc=18811 vrej=0 seq=0 elapsed=0 oled=3C
[   4327] STATUS mode=1 fault=none p60=-96 dp60=0 pwm=0 cpw
[   4327] >>> pulse 0 500
[   4342] m=0 uimp=-13000 upos=0 uneg=100 ball=-104.27 vball=19.06 aball=0.0 bref=0.00 pid=0.0 apid=0.0 integ=0.0 vision=1 current=1 vframe=19226 vs=1 vage=55 vpage=55 vdt=33 vmax=6728 vacc=18811 vrej=0 seq=0 elapsed=0 oled=3C
[   4358] STATUS mode=2 fault=none p60=-96 dp60=0 pwm=0 cpwm=0 uimp=-13000 upos=0 uneg=100 ball=-104.27 vball=19.06 aball=0.0 bref=0.00 pid=0.0 apid=0.0 integ=0.0 vision=1 current=1 vframe=19226 vs=1 vage=75 vpage=75 vdt=33 vmax=6728 vacc=18811 vrej=0 seq=0 elapsed=0 oled=3C
[   4390] STATUS mode=2 fault=none p60=-96 dp60=0 pwm=0 cpwm=0 uimp=-13000 upos=0 uneg=100 ball=-103.54 vball=14.70 aball=0.0 bref=0.00 pid=0.0 apid=0.0 integ=0.0 vision=1 current=1 vframe=19227 vs=1 vage=1 vpage=1 vdt=94 vmax=6728 vacc=18812 vrej=0 seq=0 elapsed=0 oled=3C
[   4406] STATUS mode=2 fault=none p60=-96 dp60=0 pwm=0 cpwm=0 uimp=-13000 upos=0 uneg=100 ball=-103.54 vball=14.70 aball=0.0 bref=0.00 pid=0.0 apid=0.0 integ=0.0 vision=1 current=1 vframe=19227 vs=1 vage=21 vpage=21 vdt=94 vmax=6728 vacc=18812 vrej=0 seq=0 elapsed=0 oled=3C
[   4436] STATUS mode=2 fault=none p60=-96 dp60=0 pwm=0 cpwm=0 uimp=-13000 upos=0 uneg=100 ball=-100.97 vball=37.39 aball=0.0 bref=0.00 pid=0.0 apid=0.0 integ=0.0 vision=1 current=1 vframe=19229 vs=1 vage=6 vpage=6 vdt=33 vmax=6728 vacc=18814 vrej=0 seq=0 elapsed=0 oled=3C
[   4452] STATUS mode=2 fault=none p60=-96 dp60=0 pwm=0 cpwm=0 uimp=-13000 upos=0 uneg=100 ball=-100.97 vball=37.39 aball=0.0 bref=0.00 pid=0.0 apid=0.0 integ=0.0 vision=1 current=1 vframe=19229 vs=1 vage=26 vpage=26 vdt=33 vmax=6728 vacc=18814 vrej=0 seq=0 elapsed=0 oled=3C
[   4483] STATUS mode=2 fault=none p60=-96 dp60=0 pwm=0 cpwm=0 uimp=-13000 upos=0 uneg=100 ball=-100.97 vball=37.39 aball=0.0 bref=0.00 pid=0.0 apid=0.0 integ=0.0 vision=1 current=1 vframe=19229 vs=1 vage=46 vpage=46 vdt=33 vmax=6728 vacc=18814 vrej=0 seq=0 elapsed=0 oled=3C
[   4500] STATUS mode=2 fault=none p60=-96 dp60=0 pwm=0 cpwm=0 uimp=-13000 upos=0 uneg=100 ball=-100.97 vball=37.39 aball=0.0 bref=0.00 pid=0.0 apid=0.0 integ=0.0 vision=1 current=1 vframe=19229 vs=1 vage=66 vpage=66 vdt=33 vmax=6728 vacc=18814 vrej=0 seq=0 elapsed=0 oled=3C
[   4531] STATUS mode=2 fault=none p60=-96 dp60=0 pwm=0 cpwm=0 uimp=-13000 upos=0 uneg=100 ball=-100.97 vball=37.39 aball=0.0 bref=0.00 pid=0.0 apid=0.0 integ=0.0 vision=1 current=1 vframe=19229 vs=1 vage=86 vpage=86 vdt=33 vmax=6728 vacc=18814 vrej=0 seq=0 elapsed=0 oled=3C
[   4545] STATUS mode=2 fault=none p60=-96 dp60=0 pwm=0 cpwm=0 uimp=-13000 upos=0 uneg=100 ball=-99.99 vball=24.26 aball=0.0 bref=0.00 pid=0.0 apid=0.0 integ=0.0 vision=1 current=1 vframe=19230 vs=1 vage=12 vpage=12 vdt=94 vmax=6728 vacc=18815 vrej=0 seq=0 elapsed=0 oled=3C
[   4561] STATUS mode=2 fault=none p60=-96 dp60=0 pwm=0 cpwm=0 uimp=-13000 upos=0 uneg=100 ball=-97.83 vball=70.72 aball=0.0 bref=0.00 pid=0.0 apid=0.0 integ=0.0 vision=1 current=1 vframe=19231 vs=1 vage=8 vpage=8 vdt=24 vmax=6728 vacc=18816 vrej=0 seq=0 elapsed=0 oled=3C
[   4592] STATUS mode=2 fault=none p60=-96 dp60=0 pwm=0 cpwm=0 uimp=-13000 upos=0 uneg=100 ball=-96.35 vball=58.24 aball=0.0 bref=0.00 pid=0.0 apid=0.0 integ=0.0 vision=1 current=1 vframe=19232 vs=1 vage=16 vpage=16 vdt=32 vmax=6728 vacc=18817 vrej=0 seq=0 elapsed=0 oled=3C
[   4608] STATUS mode=2 fault=none p60=-96 dp60=0 pwm=0 cpwm=0 uimp=-13000 upos=0 uneg=100 ball=-96.35 vball=58.24 aball=0.0 bref=0.00 pid=0.0 apid=0.0 integ=0.0 vision=1 current=1 vframe=19232 vs=1 vage=36 vpage=36 vdt=32 vmax=6728 vacc=18817 vrej=0 seq=0 elapsed=0 oled=3C
[   4640] STATUS mode=2 fault=none p60=-96 dp60=0 pwm=0 cpwm=0 uimp=-13000 upos=0 uneg=100 ball=-96.35 vball=58.24 aball=0.0 bref=0.00 pid=0.0 apid=0.0 integ=0.0 vision=1 current=1 vframe=19232 vs=1 vage=56 vpage=56 vdt=32 vmax=6728 vacc=18817 vrej=0 seq=0 elapsed=0 oled=3C
[   4656] STATUS mode=2 fault=none p60=-96 dp60=0 pwm=0 cpwm=0 uimp=-13000 upos=0 uneg=100 ball=-96.35 vball=58.24 aball=0.0 bref=0.00 pid=0.0 apid=0.0 integ=0.0 vision=1 current=1 vframe=19232 vs=1 vage=76 vpage=76 vdt=32 vmax=6728 vacc=18817 vrej=0 seq=0 elapsed=0 oled=3C
[   4686] STATUS mode=2 fault=none p60=-96 dp60=0 pwm=0 cpwm=0 uimp=-13000 upos=0 uneg=100 ball=-96.35 vball=58.24 aball=0.0 bref=0.00 pid=0.0 apid=0.0 integ=0.0 vision=1 current=1 vframe=19232 vs=1 vage=96 vpage=96 vdt=32 vmax=6728 vacc=18817 vrej=0 seq=0 elapsed=0 oled=3C
[   4702] STATUS mode=2 fault=none p60=-96 dp60=0 pwm=0 cpwm=0 uimp=-13000 upos=0 uneg=100 ball=-94.56 vball=40.36 aball=0.0 bref=0.00 pid=0.0 apid=0.0 integ=0.0 vision=1 current=1 vframe=19233 vs=1 vage=14 vpage=14 vdt=102 vmax=6728 vacc=18818 vrej=0 seq=0 elapsed=0 oled=3C
[   4733] STATUS mode=2 fault=none p60=-96 dp60=0 pwm=0 cpwm=0 uimp=-13000 upos=0 uneg=100 ball=-90.73 vball=60.49 aball=0.0 bref=0.00 pid=0.0 apid=0.0 integ=0.0 vision=1 current=1 vframe=19235 vs=1 vage=5 vpage=5 vdt=32 vmax=6728 vacc=18820 vrej=0 seq=0 elapsed=0 oled=3C
[   4750] STATUS mode=2 fault=none p60=-96 dp60=0 pwm=0 cpwm=0 uimp=-13000 upos=0 uneg=100 ball=-90.73 vball=60.49 aball=0.0 bref=0.00 pid=0.0 apid=0.0 integ=0.0 vision=1 current=1 vframe=19235 vs=1 vage=25 vpage=25 vdt=32 vmax=6728 vacc=18820 vrej=0 seq=0 elapsed=0 oled=3C
[   4781] STATUS mode=2 fault=none p60=-96 dp60=0 pwm=0 cpwm=0 uimp=-13000 upos=0 uneg=100 ball=-90.73 vball=60.49 aball=0.0 bref=0.00 pid=0.0 apid=0.0 integ=0.0 vision=1 current=1 vframe=19235 vs=1 vage=45 vpage=45 vdt=32 vmax=6728 vacc=18820 vrej=0 seq=0 elapsed=0 oled=3C
[   4795] STATUS mode=2 fault=none p60=-96 dp60=0 pwm=0 cpwm=0 uimp=-13000 upos=0 uneg=100 ball=-90.73 vball=60.49 aball=0.0 bref=0.00 pid=0.0 apid=0.0 integ=0.0 vision=1 current=1 vframe=19235 vs=1 vage=65 vpage=65 vdt=32 vmax=6728 vacc=18820 vrej=0 seq=0 elapsed=0 oled=3C
[   4827] STATUS mode=2 fault=none p60=-96 dp60=0 pwm=0 cpwm=0 uimp=-13000 upos=0 uneg=100 ball=-90.73 vball=60.49 aball=0.0 bref=0.00 pid=0.0 apid=0.0 integ=0.0 vision=1 current=1 vframe=19235 vs=1 vage=85 vpage=85 vdt=32 vmax=6728 vacc=18820 vrej=0 seq=0 elapsed=0 oled=3C
[   4827] OK pulse complete
[   4842] STATUS mode=1 fault=none p60=-96 dp60=0 pwm=0 cpwm=0 uimp=-13000 upos=0 uneg=100 ball=-88.47 vball=44.75 aball=0.0 bref=0.00 pid=0.0 apid=0.0 integ=0.0 vision=1 current=1 vframe=19236 vs=1 vage=24 vpage=24 vdt=101 vmax=6728 vacc=18821 vrej=0 seq=0 elapsed=0 oled=3C
[   4875] STATUS mode=1 fault=none p60=-96 dp60=0 pwm=0 cpwm=0 uimp=-13000 upos=0 uneg=100 ball=-84.77 vball=76.81 aball=0.0 bref=0.00 pid=0.0 apid=0.0 integ=0.0 vision=1 current=1 vframe=19237 vs=1 vage=12 vpage=12 vdt=32 vmax=6728 vacc=18822 vrej=0 seq=0 elapsed=0 oled=3C
[   4890] STATUS mode=1 fault=none p60=-96 dp60=0 pwm=0 cpwm=0 uimp=-13000 upos=0 uneg=100 ball=-84.77 vball=76.81 aball=0.0 bref=0.00 pid=0.0 apid=0.0 integ=0.0 vision=1 current=1 vframe=19237 vs=1 vage=32 vpage=32 vdt=32 vmax=6728 vacc=18822 vrej=0 seq=0 elapsed=0 oled=3C
[   4920] STATUS mode=1 fault=none p60=-96 dp60=0 pwm=0 cpwm=0 uimp=-13000 upos=0 uneg=100 ball=-82.96 vball=66.02 aball=0.0 bref=0.00 pid=0.0 apid=0.0 integ=0.0 vision=1 current=1 vframe=19238 vs=1 vage=19 vpage=19 vdt=33 vmax=6728 vacc=18823 vrej=0 seq=0 elapsed=0 oled=3C
[   4936] STATUS mode=1 fault=none p60=-96 dp60=0 pwm=0 cpwm=0 uimp=-13000 upos=0 uneg=100 ball=-82.96 vball=66.
[   4936] 02 aball=0.0 bref=0.00 pid=0.0 apid=0.0 integ=0.0 vision=1 current=1 vframe=19238 vs=1 vage=39 vpage=39 vdt=33 vmax=6728 vacc=18823 vrej=0 seq=0 elapsed=0 oled=3C
[   4967] STATUS mode=1 fault=none p60=-96 dp60=0 pwm=0 cpwm=0 uimp=-13000 upos=0 uneg=100 ball=-82.96 vball=66.02 aball=0.0 bref=0.00 pid=0.0 apid=0.0 integ=0.0 vision=1 current=1 vframe=19238 vs=1 vage=59 vpage=59 vdt=33 vmax=6728 vacc=18823 vrej=0 seq=0 elapsed=0 oled=3C
[   4983] STATUS mode=1 fault=none p60=-96 dp60=0 pwm=0 cpwm=0 uimp=-13000 upos=0 uneg=100 ball=-82.96 vball=66.02 aball=0.0 bref=0.00 pid=0.0 apid=0.0 integ=0.0 vision=1 current=1 vframe=19238 vs=1 vage=79 vpage=79 vdt=33 vmax=6728 vacc=18823 vrej=0 seq=0 elapsed=0 oled=3C
[   5015] STATUS mode=1 fault=none p60=-96 dp60=0 pwm=0 cpwm=0 uimp=-13000 upos=0 uneg=100 ball=-80.09 vball=51.15 aball=0.0 bref=0.00 pid=0.0 apid=0.0 integ=0.0 vision=1 current=1 vframe=19239 vs=1 vage=19 vpage=19 vdt=100 vmax=6728 vacc=18824 vrej=0 seq=0 elapsed=0 oled=3C
[   5031] STATUS mode=1 fault=none p60=-96 dp60=0 pwm=0 cpwm=0 uimp=-13000 upos=0 uneg=100 ball=-76.10 vball=82.37 aball=0.0 bref=0.00 pid=0.0 apid=0.0 integ=0.0 vision=1 current=1 vframe=19240 vs=1 vage=6 vpage=6 vdt=33 vmax=6728 vacc=18825 vrej=0 seq=0 elapsed=0 oled=3C
[   5061] STATUS mode=1 fault=none p60=-96 dp60=0 pwm=0 cpwm=0 uimp=-13000 upos=0 uneg=100 ball=-76.10 vball=82.37 aball=0.0 bref=0.00 pid=0.0 apid=0.0 integ=0.0 vision=1 current=1 vframe=19240 vs=1 vage=26 vpage=26 vdt=33 vmax=6728 vacc=18825 vrej=0 seq=0 elapsed=0 oled=3C
[   5077] STATUS mode=1 fault=none p60=-96 dp60=0 pwm=0 cpwm=0 uimp=-13000 upos=0 uneg=100 ball=-74.10 vball=72.03 aball=0.0 bref=0.00 pid=0.0 apid=0.0 integ=0.0 vision=1 current=1 vframe=19241 vs=1 vage=13 vpage=13 vdt=33 vmax=6728 vacc=18826 vrej=0 seq=0 elapsed=0 oled=3C
[   5108] STATUS mode=1 fault=none p60=-96 dp60=0 pwm=0 cpwm=0 uimp=-13000 upos=0 uneg=100 ball=-74.10 vball=72.03 aball=0.0 bref=0.00 pid=0.0 apid=0.0 integ=0.0 vision=1 current=1 vframe=19241 vs=1 vage=33 vpage=33 vdt=33 vmax=6728 vacc=18826 vrej=0 seq=0 elapsed=0 oled=3C
[   5125] STATUS mode=1 fault=none p60=-96 dp60=0 pwm=0 cpwm=0 uimp=-13000 upos=0 uneg=100 ball=-74.10 vball=72.03 aball=0.0 bref=0.00 pid=0.0 apid=0.0 integ=0.0 vision=1 current=1 vframe=19241 vs=1 vage=53 vpage=53 vdt=33 vmax=6728 vacc=18826 vrej=0 seq=0 elapsed=0 oled=3C
[   5156] STATUS mode=1 fault=none p60=-96 dp60=0 pwm=0 cpwm=0 uimp=-13000 upos=0 uneg=100 ball=-74.10 vball=72.03 aball=0.0 bref=0.00 pid=0.0 apid=0.0 integ=0.0 vision=1 current=1 vframe=19241 vs=1 vage=93 vpage=93 vdt=33 vmax=6728 vacc=18826 vrej=0 seq=0 elapsed=0 oled=3C
[   5170] STATUS mode=1 fault=none p60=-96 dp60=0 pwm=0 cpwm=0 uimp=-13000 upos=0 uneg=100 ball=-71.21 vball=55.98 aball=0.0 bref=0.00 pid=0.0 apid=0.0 integ=0.0 vision=1 current=1 vframe=19242 vs=1 vage=18 vpage=18 vdt=95 vmax=6728 vacc=18827 vrej=0 seq=0 elapsed=0 oled=3C
[   5202] STATUS mode=1 fault=none p60=-96 dp60=0 pwm=0 cpwm=0 uimp=-13000 upos=0 uneg=100 ball=-67.44 vball=121.32 aball=0.0 bref=0.00 pid=0.0 apid=0.0 integ=0.0 vision=1 current=1 vframe=19243 vs=1 vage=17 vpage=17 vdt=21 vmax=6728 vacc=18828 vrej=0 seq=0 elapsed=0 oled=3C
[   5217] STATUS mode=1 fault=none p60=-96 dp60=0 pwm=0 cpwm=0 uimp=-13000 upos=0 uneg=100 ball=-65.76 vball=87.12 aball=0.0 bref=0.00 pid=0.0 apid=0.0 integ=0.0 vision=1 current=1 vframe=19244 vs=1 vage=1 vpage=1 vdt=36 vmax=6728 vacc=18829 vrej=0 seq=0 elapsed=0 oled=3C
[   5250] STATUS mode=1 fault=none p60=-96 dp60=0 pwm=0 cpwm=0 uimp=-13000 upos=0 uneg=100 ball=-65.76 vball=87.12 aball=0.0 bref=0.00 pid=0.0 apid=0.0 integ=0.0 vision=1 current=1 vframe=19244 vs=1 vage=21 vpage=21 vdt=36 vmax=6728 vacc=18829 vrej=0 seq=0 elapsed=0 oled=3C
[   5265] STATUS mode=1 fault=none p60=-96 dp60=0 pwm=0 cpwm=0 uimp=-13000 upos=0 uneg=100 ball=-65.76 vball=87.12 aball=0.0 bref=0.00 pid=0.0 apid=0.0 integ=0.0 vision=1 current=1 vframe=19244 vs=1 vage=41 vpage=41 vdt=36 vmax=6728 vacc=18829 vrej=0 seq=0 elapsed=0 oled=3C
[   5295] STATUS mode=1 fault=none p60=-96 dp60=0 pwm=0 cpwm=0 uimp=-13000 upos=0 uneg=100 ball=-65.76 vball=87.12 aball=0.0 bref=0.00 pid=0.0 apid=0.0 integ=0.0 vision=1 current=1 vframe=19244 vs=1 vage=61 vpage=61 vdt=36 vmax=6728 vacc=18829 vrej=0 seq=0 elapsed=0 oled=3C
[   5311] STATUS mode=1 fault=none p60=-96 dp60=0 pwm=0 cpwm=0 uimp=-13000 upos=0 uneg=100 ball=-62.22 vball=65.21 aball=0.0 bref=0.00 pid=0.0 apid=0.0 integ=0.0 vision=1 current=1 vframe=19245 vs=1 vage=2 vpage=2 vdt=99 vmax=6728 vacc=18830 vrej=0 seq=0 elapsed=0 oled=3C
[   5342] STATUS mode=1 fault=none p60=-96 dp60=0 pwm=0 cpwm=0 uimp=-13000 upos=0 uneg=100 ball=-62.22 vball=65.21 aball=0.0 bref=0.00 pid=0.0 apid=0.0 integ=0.0 vision=1 current=1 vframe=19245 vs=1 vage=22 vpage=22 vdt=99 vmax=6728 vacc=18830 vrej=0 seq=0 elapsed=0 oled=3C
[   5358] STATUS mode=1 fault=none p60=-96 dp60=0 pwm=0 cpwm=0 uimp=-13000 upos=0 uneg=100 ball=-57.49 vball=99.95 aball=0.0 bref=0.00 pid=0.0 apid=0.0 integ=0.0 vision=1 current=1 vframe=19246 vs=1 vage=9 vpage=9 vdt=33 vmax=6728 vacc=18831 vrej=0 seq=0 elapsed=0 oled=3C
[   5375] STATUS mode=1 fault=none p60=-96 dp60=0 pwm=0 cpwm=0 uimp=-13000 upos=0 uneg=100 ball=-57.49 vball=99.95 aball=0.0 bref=0.00 pid=0.0 apid=0.0 integ=0.0 vision=1 current=1 vframe=19246 vs=1 vage=29 vpage=29 vdt=33 vmax=6728 vacc=18831 vrej=0 seq=0 elapsed=0 oled=3C
[   5406] STATUS mode=1 fault=none p60=-96 dp60=0 pwm=0 cpwm=0 uimp=-13000 upos=0 uneg=100 ball=-54.95 vball=85.83 aball=0.0 bref=0.00 pid=0.0 apid=0.0 integ=0.0 vision=1 current=1 vframe=19247 vs=1 vage=15 vpage=15 vdt=34 vmax=6728 vacc=18832 vrej=0 seq=0 elapsed=0 oled=3C
[   5420] STATUS mode=1 fault=none p60=-96 dp60=0 pwm=0 cpwm=0 uimp=-13000 upos=0 uneg=100 ball=-54.95 vball=85.83 aball=0.0 bref=0.00 pid=0.0 apid=0.0 integ=0.0 vision=1 current=1 vframe=19247 vs=1 vage=35 vpage=35 vdt=34 vmax=6728 vacc=18832 vrej=0 seq=0 elapsed=0 oled=3C
[   5452] STATUS mode=1 fault=none p60=-96 dp60=0 pwm=0 cpwm=0 uimp=-13000 upos=0 uneg=100 ball=-54.95 vball=85.83 aball=0.0 bref=0.00 pid=0.0 apid=0.0 integ=0.0 vision=1 current=1 vframe=19247 vs=1 vage=75 vpage=75 vdt=34 vmax=6728 vacc=18832 vrej=0 seq=0 elapsed=0 oled=3C
[   5467] STATUS mode=1 fault=none p60=-96 dp60=0 pwm=0 cpwm=0 uimp=-13000 upos=0 uneg=100 ball=-51.88 vball=62.07 aball=0.0 bref=0.00 pid=0.0 apid=0.0 integ=0.0 vision=1 current=1 vframe=19248 vs=1 vage=2 vpage=2 vdt=93 vmax=6728 vacc=18833 vrej=0 seq=0 elapsed=0 oled=3C
[   5500] STATUS mode=1 fault=none p60=-96 dp60=0 pwm=0 cpwm=0 uimp=-13000 upos=0 uneg=100 ball=-51.88 vball=62.07 aball=0.0 bref=0.00 pid=0.0 apid=0.0 integ=0.0 vision=1 current=1 vframe=19248 vs=1 vage=22 vpage=22 vdt=93 vmax=6728 vacc=18833 vrej=0 seq=0 elapsed=0 oled=3C
[   5515] STATUS mode=1 fault=none p60=-96 dp60=0 pwm=0 cpwm=0 uimp=-13000 upos=0 uneg=100 ball=-48.07 vball=117.15 aball=0.0 bref=0.00 pid=0.0 apid=0.0 integ=0.0 vision=1 current=1 vframe=19249 vs=1 vage=17 vpage=17 vdt=25 vmax=6728 vacc=18834 vrej=0 seq=0 elapsed=0 oled=3C
[   5545] STATUS mode=1 fault=none p60=-96 dp60=0 pwm=0 cpwm=0 uimp=-13000 upos=0 uneg=100 ball=-45.51 vball=98.38 aball=0.0 bref=0.00 pid=0.0 apid=0.0 integ=0.0 vision=1 current=1 vframe=19250 vs=1 vage=5 vpage=5 vdt=32 vmax=6728 vacc=18835 vrej=0 seq=0 elapsed=0 oled=3C
[   5561] STATUS mode=1 fault=none p60=-96 dp60=0 pwm=0 cpwm=0 uimp=-13000 upos=0 uneg=100 ball=-45.51 vball=98.38 aball=0.0 bref=0.00 pid=0.0 apid=0.0 integ=0.0 vision=1 current=1 vframe=19250 vs=1 vage=25 vpage=25 vdt=32 vmax=6728 vacc=18835 vrej=0 seq=0 elapsed=0 oled=3C
[   5592] STATUS mode=1 fault=none p60=-96 dp60=0 pwm=0 cpwm=0 uimp=-13000 upos=0 uneg=100 ball=-45.51 vball=98.38 aball=0.0 bref=0.00 pid=0.0 apid=0.0 integ=0.0 vision=1 current=1 vframe=19250 vs=1 vage=45 vpage=45 vdt=32 vmax=6728 vacc=18835 vrej=0 seq=0 elapsed=0 oled=3C
[   5608] STATUS mode=1 fault=none p60=-96 dp60=0 pwm=0 cpwm=0 uimp=-13000 upos=0 uneg=100 ball=-45.51 vball=98.38 aball=0.0 bref=0.00 pid=0.0 apid=0.0 integ=0.0 vision=1 current=1 vframe=19250 vs=1 vage=85 vpage=85 vdt=32 vmax=6728 vacc=18835 vrej=0 seq=0 elapsed=0 oled=3C
[   5640] STATUS mode=1 fault=none p60=-96 dp60=0 pwm=0 cpwm=0 uimp=-13000 upos=0 uneg=100 ball=-42.01 vball=70.86 aball=0.0 bref=0.00 pid=0.0 apid=0.0 integ=0.0 vision=1 current=1 vframe=19251 vs=1 vage=6 vpage=6 vdt=99 vmax=6728 vacc=18836 vrej=0 seq=0 elapsed=0 oled=3C
[   5656] STATUS mode=1 fault=none p60=-96 dp60=0 pwm=0 cpwm=0 uimp=-13000 upos=0 uneg=100 ball=-42.01 vball=70.86 aball=0.0 bref=0.00 pid=0.0 apid=0.0 integ=0.0 vision=1 current=1 vframe=19251 vs=1 vage=26 vpage=26 vdt=99 vmax=6728 vacc=18836 vrej=0 seq=0 elapsed=0 oled=3C
[   5686] STATUS mode=1 fault=none p60=-96 dp60=0 pwm=0 cpwm=0 uimp=-13000 upos=0 uneg=100 ball=-37.42 vball=112.69 aball=0.0 bref=0.00 pid=0.0 apid=0.0 integ=0.0 vision=1 current=1 vframe=19252 vs=1 vage=12 vpage=12 vdt=34 vmax=6728 vacc=18837 vrej=0 seq=0 elapsed=0 oled=3C
[   5702] STATUS mode=1 fault=none p60=-96 dp60=0 pwm=0 cpwm=0 uimp=-13000 upos=0 uneg=100 ball=-37.42 vball=112.69 aball=0.0 bref=0.00 pid=0.0 apid=0.0 integ=0.0 vision=1 current=1 vframe=19252 vs=1 vage=32 vpage=32 vdt=34 vmax=6728 vacc=18837 vrej=0 seq=0 elapsed=0 oled=3C
[   5733] STATUS mode=1 fault=none p60=-96 dp60=0 pwm=0 cpwm=0 uimp=-13000 upos=0 uneg=100 ball=-37.42 vball=112.69 aball=0.0 bref=0.00 pid=0.0 apid=0.0 integ=0.0 vision=1 current=1 vframe=19252 vs=1 vage=52 vpage=52 vdt=34 vmax=6728 vacc=18837 vrej=0 seq=0 elapsed=0 oled=3C
[   5750] STATUS mode=1 fault=none p60=-96 dp60=0 pwm=0 cpwm=0 uimp=-13000 upos=0 uneg=100 ball=-37.42 vball=112.69 aball=0.0 bref=0.00 pid=0.0 apid=0.0 integ=0.0 vision=1 cu
[   5750] >>> status
[   5750] rrent=1 vframe=19252 vs=1 vage=92 vpage=92 vdt=34 vmax=6728 vacc=18837 vrej=0 seq=0 elapsed=0 oled=3C
[   5781] STATUS mode=1 fault=none p60=-96 dp60=0 pwm=0 cpwm=0 uimp=-13000 upos=0 uneg=100 ball=-37.42 vball=112.69 aball=0.0 bref=0.00 pid=0.0 apid=0.0 integ=0.0 vision=1 current=1 vframe=19252 vs=1 vage=112 vpage=112 vdt=34 vmax=6728 vacc=18837 vrej=0 seq=0 elapsed=0 oled=3C
[   5795] STATUS mode=1 fault=none p60=-96 dp60=0 pwm=0 cpwm=0 uimp=-13000 upos=0 uneg=100 ball=-35.03 vball=93.23 aball=0.0 bref=0.00 pid=0.0 apid=0.0 integ=0.0 vision=1 current=1 vframe=19253 vs=1 vage=6 vpage=6 vdt=126 vmax=6728 vacc=18838 vrej=0 seq=0 elapsed=0 oled=3C
[   5811] STATUS mode=1 fault=none p60=-96 dp60=0 pwm=0 cpwm=0 uimp=-13000 upos=0 uneg=100 ball=-31.94 vball=75.91 aball=0.0 bref=0.00 pid=0.0 apid=0.0 integ=0.0 vision=1 current=1 vframe=19254 vs=1 vage=18 vpage=18 vdt=8 vmax=6728 vacc=18839 vrej=0 seq=0 elapsed=0 oled=3C
[   5842] STATUS mode=1 fault=none p60=-96 dp60=0 pwm=0 cpwm=0 uimp=-13000 upos=0 uneg=100 ball=-26.88 vball=108.44 aball=0.0 bref=0.00 pid=0.0 apid=0.0 integ=0.0 vision=1 current=1 vframe=19255 vs=1 vage=4 vpage=4 vdt=34 vmax=6728 vacc=18840 vrej=0 seq=0 elapsed=0 oled=3C
[   5875] STATUS mode=1 fault=none p60=-96 dp60=0 pwm=0 cpwm=0 uimp=-13000 upos=0 uneg=100 ball=-26.88 vball=108.44 aball=0.0 bref=0.00 pid=0.0 apid=0.0 integ=0.0 vision=1 current=1 vframe=19255 vs=1 vage=24 vpage=24 vdt=34 vmax=6728 vacc=18840 vrej=0 seq=0 elapsed=0 oled=3C
[   5890] STATUS mode=1 fault=none p60=-96 dp60=0 pwm=0 cpwm=0 uimp=-13000 upos=0 uneg=100 ball=-24.30 vball=94.62 aball=0.0 bref=0.00 pid=0.0 apid=0.0 integ=0.0 vision=1 current=1 vframe=19256 vs=1 vage=12 vpage=12 vdt=32 vmax=6728 vacc=18841 vrej=0 seq=0 elapsed=0 oled=3C
[   5906] STATUS mode=1 fault=none p60=-96 dp60=0 pwm=0 cpwm=0 uimp=-13000 upos=0 uneg=100 ball=-24.30 vball=94.62 aball=0.0 bref=0.00 pid=0.0 apid=0.0 integ=0.0 vision=1 current=1 vframe=19256 vs=1 vage=52 vpage=52 vdt=32 vmax=6728 vacc=18841 vrej=0 seq=0 elapsed=0 oled=3C
[   5936] STATUS mode=1 fault=none p60=-96 dp60=0 pwm=0 cpwm=0 uimp=-13000 upos=0 uneg=100 ball=-24.30 vball=94.62 aball=0.0 bref=0.00 pid=0.0 apid=0.0 integ=0.0 vision=1 current=1 vframe=19256 vs=1 vage=72 vpage=72 vdt=32 vmax=6728 vacc=18841 vrej=0 seq=0 elapsed=0 oled=3C
[   5952] STATUS mode=1 fault=none p60=-96 dp60=0 pwm=0 cpwm=0 uimp=-13000 upos=0 uneg=100 ball=-24.30 vball=94.62 aball=0.0 bref=0.00 pid=0.0 apid=0.0 integ=0.0 vision=1 current=1 vframe=19256 vs=1 vage=92 vpage=92 vdt=32 vmax=6728 vacc=18841 vrej=0 seq=0 elapsed=0 oled=3C
[   5983] STATUS mode=1 fault=none p60=-96 dp60=0 pwm=0 cpwm=0 uimp=-13000 upos=0 uneg=100 ball=-21.22 vball=66.20 aball=0.0 bref=0.00 pid=0.0 apid=0.0 integ=0.0 vision=1 current=1 vframe=19257 vs=1 vage=18 vpage=18 vdt=94 vmax=6728 vacc=18842 vrej=0 seq=0 elapsed=0 oled=3C
[   6000] STATUS mode=1 fault=none p60=-96 dp60=0 pwm=0 cpwm=0 uimp=-13000 upos=0 uneg=100 ball=-17.63 vball=128.65 aball=0.0 bref=0.00 pid=0.0 apid=0.0 integ=0.0 vision=1 current=1 vframe=19258 vs=1 vage=14 vpage=14 vdt=24 vmax=6728 vacc=18843 vrej=0 seq=0 elapsed=0 oled=3C
[   6031] STATUS mode=1 fault=none p60=-96 dp60=0 pwm=0 cpwm=0 uimp=-13000 upos=0 uneg=100 ball=-15.43 vball=98.86 aball=0.0 bref=0.00 pid=0.0 apid=0.0 integ=0.0 vision=1 current=1 vframe=19259 vs=1 vage=2 vpage=2 vdt=32 vmax=6728 vacc=18844 vrej=0 seq=0 elapsed=0 oled=3C
[   6045] STATUS mode=1 fault=none p60=-96 dp60=0 pwm=0 cpwm=0 uimp=-13000 upos=0 uneg=100 ball=-15.43 vball=98.86 aball=0.0 bref=0.00 pid=0.0 apid=0.0 integ=0.0 vision=1 current=1 vframe=19259 vs=1 vage=42 vpage=42 vdt=32 vmax=6728 vacc=18844 vrej=0 seq=0 elapsed=0 oled=3C
[   6077] STATUS mode=1 fault=none p60=-96 dp60=0 pwm=0 cpwm=0 uimp=-13000 upos=0 uneg=100 ball=-15.43 vball=98.86 aball=0.0 bref=0.00 pid=0.0 apid=0.0 integ=0.0 vision=1 current=1 vframe=19259 vs=1 vage=62 vpage=62 vdt=32 vmax=6728 vacc=18844 vrej=0 seq=0 elapsed=0 oled=3C
[   6092] STATUS mode=1 fault=none p60=-96 dp60=0 pwm=0 cpwm=0 uimp=-13000 upos=0 uneg=100 ball=-15.43 vball=98.86 aball=0.0 bref=0.00 pid=0.0 apid=0.0 integ=0.0 vision=1 current=1 vframe=19259 vs=1 vage=82 vpage=82 vdt=32 vmax=6728 vacc=18844 vrej=0 seq=0 elapsed=0 oled=3C
[   6125] STATUS mode=1 fault=none p60=-96 dp60=0 pwm=0 cpwm=0 uimp=-13000 upos=0 uneg=100 ball=-15.43 vball=98.86 aball=0.0 bref=0.00 pid=0.0 apid=0.0 integ=0.0 vision=1 current=1 vframe=19259 vs=1 vage=102 vpage=102 vdt=32 vmax=6728 vacc=18844 vrej=0 seq=0 elapsed=0 oled=3C
[   6140] STATUS mode=1 fault=none p60=-96 dp60=0 pwm=0 cpwm=0 uimp=-13000 upos=0 uneg=100 ball=-12.00 vball=70.08 aball=0.0 bref=0.00 pid=0.0 apid=0.0 integ=0.0 vision=1 current=1 vframe=19260 vs=1 vage=18 vpage=18 vdt=104 vmax=6728 vacc=18845 vrej=0 seq=0 elapsed=0 oled=3C
[   6170] STATUS mode=1 fault=none p60=-96 dp60=0 pwm=0 cpwm=0 uimp=-13000 upos=0 uneg=100 ball=-8.38 vball=96.16 aball=0.0 bref=0.00 pid=0.0 apid=0.0 integ=0.0 vision=1 current=1 vframe=19261 vs=1 vage=9 vpage=9 vdt=29 vmax=6728 vacc=18846 vrej=0 seq=0 elapsed=0 oled=3C
[   6186] STATUS mode=1 fault=none p60=-96 dp60=0 pwm=0 cpwm=0 uimp=-13000 upos=0 uneg=100 ball=-8.38 vball=96.16 aball=0.0 bref=0.00 pid=0.0 apid=0.0 integ=0.0 vision=1 current=1 vframe=19261 vs=1 vage=29 vpage=29 vdt=29 vmax=6728 vacc=18846 vrej=0 seq=0 elapsed=0 oled=3C
[   6217] STATUS mode=1 fault=none p60=-96 dp60=0 pwm=0 cpwm=0 uimp=-13000 upos=0 uneg=100 ball=-5.67 vball=90.70 aball=0.0 bref=0.00 pid=0.0 apid=0.0 integ=0.0 vision=1 current=1 vframe=19262 vs=1 vage=36 vpage=36 vdt=33 vmax=6728 vacc=18847 vrej=0 seq=0 elapsed=0 oled=3C
[   6233] STATUS mode=1 fault=none p60=-96 dp60=0 pwm=0 cpwm=0 uimp=-13000 upos=0 uneg=100 ball=-5.67 vball=90.70 aball=0.0 bref=0.00 pid=0.0 apid=0.0 integ=0.0 vision=1 current=1 vframe=19262 vs=1 vage=56 vpage=56 vdt=33 vmax=6728 vacc=18847 vrej=0 seq=0 elapsed=0 oled=3C
[   6265] STATUS mode=1 fault=none p60=-96 dp60=0 pwm=0 cpwm=0 uimp=-13000 upos=0 uneg=100 ball=-5.67 vball=90.70 aball=0.0 bref=0.00 pid=0.0 apid=0.0 integ=0.0 vision=1 current=1 vframe=19262 vs=1 vage=76 vpage=76 vdt=33 vmax=6728 vacc=18847 vrej=0 seq=0 elapsed=0 oled=3C
[   6281] STATUS mode=1 fault=none p60=-96 dp60=0 pwm=0 cpwm=0 uimp=-13000 upos=0 uneg=100 ball=-5.67 vball=90.70 aball=0.0 bref=0.00 pid=0.0 apid=0.0 integ=0.0 vision=1 current=1 vframe=19262 vs=1 vage=96 vpage=96 vdt=33 vmax=6728 vacc=18847 vrej=0 seq=0 elapsed=0 oled=3C
[   6311] STATUS mode=1 fault=none p60=-96 dp60=0 pwm=0 cpwm=0 uimp=-13000 upos=0 uneg=100 ball=-2.72 vball=61.23 aball=0.0 bref=0.00 pid=0.0 apid=0.0 integ=0.0 vision=1 current=1 vframe=19263 vs=1 vage=11 vpage=11 vdt=105 vmax=6728 vacc=18848 vrej=0 seq=0 elapsed=0 oled=3C
[   6327] STATUS mode=1 fault=none p60=-96 dp60=0 pwm=0 cpwm=0 uimp=-13000 upos=0 uneg=100 ball=-2.72 vball=61.23 aball=0.0 bref=0.00 pid=0.0 apid=0.0 integ=0.0 vision=1 current=0 vframe=19264 vs=0 vage=31 vpage=5 vdt=105 vmax=6728 vacc=18848 vrej=0 seq=0 elapsed=0 oled=3C
[   6342] STATUS mode=1 fault=none p60=-96 dp60=0 pwm=0 cpwm=0 uimp=-13000 upos=0 uneg=100 ball=1.85 vball=73.50 aball=0.0 bref=0.00 pid=0.0 apid=0.0 integ=0.0 vision=1 current=1 vframe=19265 vs=1 vage=10 vpage=10 vdt=61 vmax=6728 vacc=18849 vrej=0 seq=0 elapsed=0 oled=3C
[   6358] ST
[   6358] >>> stop
[   6375] ATUS mode=1 fault=none p60=-96 dp60=0 pwm=0 cpwm=0 uimp=-13000 upos=0 uneg=100 ball=1.85 vball=73.50 aball=0.0 bref=0.00 pid=0.0 apid=0.0 integ=0.0 vision=1 current=1 vframe=19265 vs=1 vage=30 vpage=30 vdt=61 vmax=6728 vacc=18849 vrej=0 seq=0 elapsed=0 oled=3C
[   6390] STATUS mode=1 fault=none p60=-96 dp60=0 pwm=0 cpwm=0 uimp=-13000 upos=0 uneg=100 ball=1.85 vball=73.50 aball=0.0 bref=0.00 pid=0.0 apid=0.0 integ=0.0 vision=1 current=1 vframe=19265 vs=1 vage=50 vpage=50 vdt=61 vmax=6728 vacc=18849 vrej=0 seq=0 elapsed=0 oled=3C
[   6420] STATUS mode=1 fault=none p60=-96 dp60=0 pwm=0 cpwm=0 uimp=-13000 upos=0 uneg=100 ball=1.85 vball=73.50 aball=0.0 bref=0.00 pid=0.0 apid=0.0 integ=0.0 vision=1 current=1 vframe=19265 vs=1 vage=70 vpage=70 vdt=61 vmax=6728 vacc=18849 vrej=0 seq=0 elapsed=0 oled=3C
[   6436] STATUS mode=1 fault=none p60=-96 dp60=0 pwm=0 cpwm=0 uimp=-13000 upos=0 uneg=100 ball=1.85 vball=73.50 aball=0.0 bref=0.00 pid=0.0 apid=0.0 integ=0.0 vision=1 current=1 vframe=19265 vs=1 vage=90 vpage=90 vdt=61 vmax=6728 vacc=18849 vrej=0 seq=0 elapsed=0 oled=3C
[   6467] STATUS mode=1 fault=none p60=-96 dp60=0 pwm=0 cpwm=0 uimp=-13000 upos=0 uneg=100 ball=5.66 vball=59.29 aball=0.0 bref=0.00 pid=0.0 apid=0.0 integ=0.0 vision=1 current=1 vframe=19266 vs=1 vage=8 vpage=8 vdt=102 vmax=6728 vacc=18850 vrej=0 seq=0 elapsed=0 oled=3C
[   6483] STATUS mode=1 fault=none p60=-96 dp60=0 pwm=0 cpwm=0 uimp=-13000 upos=0 uneg=100 ball=5.66 vball=59.29 aball=0.0 bref=0.00 pid=0.0 apid=0.0 integ=0.0 vision=1 current=1 vframe=19266 vs=1 vage=28 vpage=28 vdt=102 vmax=6728 vacc=18850 vrej=0 seq=0 elapsed=0 oled=3C
[   6515] STATUS mode=1 fault=none p60=-96 dp60=0 pwm=0 cpwm=0 uimp=-13000 upos=0 uneg=100 ball=8.21 vball=75.45 aball=0.0 bref=0.00 pid=0.0 apid=0.0 integ=0.0 vision=1 current=1 vframe=19267 vs=1 vage=36 vpage=36 vdt=32 vmax=6728 vacc=18851 vrej=0 seq=0 elapsed=0 oled=3C
[   6531] STATUS mode=1 fault=none p60=-96 dp60=0 pwm=0 cpwm=0 uimp=-13000 upos=0 uneg=100 ball=8.21 vball=75.45 aball=0.0 bref=0.00 pid=0.0 apid=0.0 integ=0.0 vision=1 current=1 vframe=19267 vs=1 vage=56 vpage=56 vdt=32 vmax=6728 vacc=18851 vrej=0 seq=0 elapsed=0 oled=3C
[   6561] STATUS mode=1 fault=none p60=-96 dp60=0 pwm=0 cpwm=0 uimp=-13000 upos=0 uneg=100 ball=8.21 vball=75.45 aball=0.0 bref=0.00 pid=0.0 apid=0.0 integ=0.0 vision=1 current=1 vframe=19267 vs=1 vage=76 vpage=76 vdt=32 vmax=6728 vacc=18851 vrej=0 seq=0 elapsed=0 oled=3C
[   6577] STATUS mode=1 fault=none p60=-96 dp60=0 pwm=0 cpwm=0 uimp=-13000 upos=0 uneg=100 ball=8.21 vball=75.45 aball=0.0 bref=0.00 pid=0.0 apid=0.0 integ=0.0 vision=1 current=1 vframe=19267 vs=1 vage=96 vpage=96 vdt=32 vmax=6728 vacc=18851 vrej=0 seq=0 elapsed=0 oled=3C
[   6608] STATUS mode=1 fault=none p60=-96 dp60=0 pwm=0 cpwm=0 uimp=-13000 upos=0 uneg=100 ball=11.35 vball=44.31 aball=0.0 bref=0.00 pid=0.0 apid=0.0 integ=0.0 vision=1 current=1 vframe=19269 vs=1 vage=3 vpage=3 vdt=7 vmax=6728 vacc=18853 vrej=0 seq=0 elapsed=0 oled=3C
[   6625] STATUS mode=1 fault=none p60=-96 dp60=0 pwm=0 cpwm=0 uimp=-13000 upos=0 uneg=100 ball=11.35 vball=44.31 aball=0.0 bref=0.00 pid=0.0 apid=0.0 integ=0.0 vision=1 current=1 vframe=19269 vs=1 vage=23 vpage=23 vdt=7 vmax=6728 vacc=18853 vrej=0 seq=0 elapsed=0 oled=3C
[   6656] STATUS mode=1 fault=none p60=-96 dp60=0 pwm=0 cpwm=0 uimp=-13000 upos=0 uneg=100 ball=11.35 vball=44.31 aball=0.0 bref=0.00 pid=0.0 apid=0.0 integ=0.0 vision=1 current=1 vframe=19269 vs=1 vage=43 vpage=43 vdt=7 vmax=6728 vacc=18853 vrej=0 seq=0 elapsed=0 oled=3C
[   6670] STATUS mode=1 fault=none p60=-96 dp60=0 pwm=0 cpwm=0 uimp=-13000 upos=0 uneg=100 ball=13.92 vball=64.64 aball=0.0 bref=0.00 pid=0.0 apid=0.0 integ=0.0 vision=1 current=1 vframe=19270 vs=1 vage=36 vpage=36 vdt=47 vmax=6728 vacc=18854 vrej=0 seq=0 elapsed=0 oled=3C
[   6686] STATUS mode=1 fault=none p60=-96 dp60=0 pwm=0 cpwm=0 uimp=-13000 upos=0 uneg=100 ball=13.92 vball=64.64 aball=0.0 bref=0.00 pid=0.0 apid=0.0 integ=0.0 vision=1 current=1 vframe=19270 vs=1 vage=56 vpage=56 vdt=47 vmax=6728 vacc=18854 vrej=0 seq=0 elapsed=0 oled=3C
[   6717] STATUS mode=1 fault=none p60=-96 dp60=0 pwm=0 cpwm=0 uimp=-13000 upos=0 uneg=100 ball=13.92 vball=64.64 aball=0.0 bref=0.00 pid=0.0 apid=0.0 integ=0.0 vision=1 current=1 vframe=19270 vs=1 vage=76 vpage=76 vdt=47 vmax=6728 vacc=18854 vrej=0 seq=0 elapsed=0 oled=3C
[   6733] STATUS mode=1 fault=none p60=-96 dp60=0 pwm=0 cpwm=0 uimp=-13000 upos=0 uneg=100 ball=13.92 vball=64.64 aball=0.0 bref=0.00 pid=0.0 apid=0.0 integ=0.0 vision=1 current=1 vframe=19270 vs=1 vage=96 vpage=96 vdt=47 vmax=6728 vacc=18854 vrej=0 seq=0 elapsed=0 oled=3C
[   6765] STATUS mode=1 fault=none p60=-96 dp60=0 pwm=0 cpwm=0 uimp=-13000 upos=0 uneg=100 ball=15.35 vball=33.15 aball=0.0 bref=0.00 pid=0.0 apid=0.0 integ=0.0 vision=1 current=1 vframe=19272 vs=1 vage=13 vpage=13 vdt=7 vmax=6728 vacc=18856 vrej=0 seq=0 elapsed=0 oled=3C
[   6781] STATUS mode=1 fault=none p60=-96 dp60=0 pwm=0 cpwm=0 uimp=-13000 upos=0 uneg=100 ball=15.35 vball=33.15 aball=0.0 bref=0.00 pid=0.0 apid=0.0 integ=0.0 vision=1 current=1 vframe=19272 vs=1 vage=33 vpage=33 vdt=7 vmax=6728 vacc=18856 vrej=0 seq=0 elapsed=0 oled=3C
[   6811] STATUS mode=1 fault=none p60=-96 dp60=0 pwm=0 cpwm=0 uimp=-13000 upos=0 uneg=100 ball=17.72 vball=54.24 aball=0.0 bref=0.00 pid=0.0 apid=0.0 integ=0.0 vision=1 current=1 vframe=19280 vs=1 vage=12 vpage=12 vdt=41 vmax=6728 vacc=18864 vrej=0 seq=0 elapsed=0 oled=3C
[   6827] STATUS mode=1 fault=none p60=-96 dp60=0 pwm=0 cpwm=0 uimp=-13000 upos=0 uneg=100 ball=17.72 vball=54.24 aball=0.0 bref=0.00 pid=0.0 apid=0.0 integ=0.0 vision=1 current=1 vframe=19280 vs=1 vage=52 vpage=52 vdt=41 vmax=6728 vacc=18864 vrej=0 seq=0 elapsed=0 oled=3C
[   6858] STATUS mode=1 fault=none p60=-96 dp60=0 pwm=0 cpwm=0 uimp=-13000 upos=0 uneg=100 ball=17.72 vball=54.24 aball=0.0 bref=0.00 pid=0.0 apid=0.0 integ=0.0 vision=1 current=1 vframe=19280 vs=1 vage=72 vpage=72 vdt=41 vmax=6728 vacc=18864 vrej=0 seq=0 elapsed=0 oled=3C
[   6875] STATUS mode=1 fault=none p60=-96 dp60=0 pwm=0 cpwm=0 uimp=-13000 upos=0 uneg=100 ball=17.72 vball=54.24 aball=0.0 bref=0.00 pid=0.0 apid=0.0 integ=0.0 vision=1 current=1 vframe=19280 vs=1 vage=92 vpage=92 vdt=41 vmax=6728 vacc=18864 vrej=0 seq=0 elapsed=0 oled=3C
[   6906] STATUS mode=1 fault=none p60=-96 dp60=0 pwm=0 cpwm=0 uimp=-13000 upos=0 uneg=100 ball=18.18 vball=34.67 aball=0.0 bref=0.00 pid=0.0 apid=0.0 integ=0.0 vision=1 current=1 vframe=19281 vs=1 vage=3 vpage=3 vdt=109 vmax=6728 vacc=18865 vrej=0 seq=0 elapsed=0 oled=3C
[   6920] STATUS mode=1 fault=none p60=-96 dp60=0 pwm=0 cpwm=0 uimp=-13000 upos=0 uneg=100 ball=19.92 vball=30.73 aball=0.0 bref=0.00 pid=0.0 apid=0.0 integ=0.0 vision=1 current=1 vframe=19282 vs=1 vage=15 vpage=15 vdt=8 vmax=6728 vacc=18866 vrej=0 seq=0 elapsed=0 oled=3C
[   6952] STATUS mode=1 fault=none p60=-96 dp60=0 pwm=0 cpwm=0 uimp=-13000 upos=0 uneg=100 ball=20.57 vball=26.42 aball=0.0 bref=0.00 pid=0.0 apid=0.0 integ=0.0 vision=1 current=1 vframe=19283 vs=1 vage=7 vpage=7 vdt=28 vmax=6728 vacc=18867 vrej=0 seq=0 elapsed=0 oled=3C
[   6967] STATUS mode=1 fault=none p60=-96 dp60=0 pwm=0 cpwm=0 uimp=-13000 upos=0 uneg=100 ball=21.25 vball=22.82 aball=0.0 bref=0.00 pid=0.0 apid=0.0 integ=0
[   6967] >>> stream off
[   6967] .0 vision=1 current=1 vframe=19284 vs=1 vage=10 vpage=10 vdt=37 vmax=6728 vacc=18868 vrej=0 seq=0 elapsed=0 oled=3C
[   6967] OK stream off
