[     16] >>> bench on
[     16] OK stepper visual-only bench active; command pose preserved
[    141] >>> stop
[    141] OK stopped
[    328] >>> stream on 20
[    328] OK stream on 20 ms
[    375] STATUS mode=1 fault=none enc=-887 denc=0 sreq=0 sapplied=0 crate=0 uimp=0 upos=0 uneg=0 ball=-129.90 vball=0.00 aball=0.0 bref=0.00 pid=0.0 pref=-1105.3 ppos=-1105.3 apid=0.0 integ=0.0 vision=1 current=1 vframe=15423 vs=1 vage=12 vpage=12 vdt=30 vmax=130413 vacc=11460 vrej=0 seq=0 elapsed=0 oled=3C
[    391] STATUS mode=1 fault=none enc=-887 denc=0 sreq=0 sapplied=0 crate=0 uimp=0 upos=0 uneg=0 ball=-129.90 vball=0.00 aball=0.0 bref=0.00 pid=0.0 pref=-1105.3 ppos=-1105.3 apid=0.0 integ=0.0 vision=1 current=1 vframe=15423 vs=1 vage=32 vpage=32 vdt=30 vmax=130413 vacc=11460 vrej=0 seq=0 elapsed=0 oled=3C
[    422] STATUS mode=1 fault=none enc=-887 denc=0 sreq=0 sapplied=0 crate=0 uimp=0 upos=0 uneg=0 ball=-129.90 vball=0.01 aball=0.0 bref=0.00 pid=0.0 pref=-1105.3 ppos=-1105.3 apid=0.0 integ=0.0 vision=1 current=1 vframe=15424 vs=1 vage=18 vpage=18 vdt=34 vmax=130413 vacc=11461 vrej=0 seq=0 elapsed=0 oled=3C
[    453] STATUS mode=1 fault=none enc=-887 denc=0 sreq=0 sapplied=0 crate=0 uimp=0 upos=0 uneg=0 ball=-129.90 vball=0.01 aball=0.0 bref=0.00 pid=0.0 pref=-1105.3 ppos=-1105.3 apid=0.0 integ=0.0 vision=1 current=1 vframe=15425 vs=1 vage=6 vpage=6 vdt=32 vmax=130413 vacc=11462 vrej=0 seq=0 elapsed=0 
[    453] oled=3C
[    469] STATUS mode=1 fault=none enc=-887 denc=0 sreq=0 sapplied=0 crate=0 uimp=0 upos=0 uneg=0 ball=-129.90 vball=0.02 aball=0.0 bref=0.00 pid=0.0 pref=-1105.3 ppos=-1105.3 apid=0.0 integ=0.0 vision=1 current=1 vframe=15426 vs=1 vage=13 vpage=13 vdt=33 vmax=130413 vacc=11463 vrej=0 seq=0 elapsed=0 oled=3C
[    500] STATUS mode=1 fault=none enc=-887 denc=0 sreq=0 sapplied=0 crate=0 uimp=0 upos=0 uneg=0 ball=-129.90 vball=0.02 aball=0.0 bref=0.00 pid=0.0 pref=-1105.3 ppos=-1105.3 apid=0.0 integ=0.0 vision=1 current=1 vframe=15426 vs=1 vage=33 vpage=33 vdt=33 vmax=130413 vacc=11463 vrej=0 seq=0 elapsed=0 oled=3C
[    531] STATUS mode=1 fault=none enc=-887 denc=0 sreq=0 sapplied=0 crate=0 uimp=0 upos=0 uneg=0 ball=-129.90 vball=0.00 aball=0.0 bref=0.00 pid=0.0 pref=-1105.3 ppos=-1105.3 apid=0.0 integ=0.0 vision=1 current=1 vframe=15427 vs=1 vage=19 vpage=19 vdt=34 vmax=130413 vacc=11464 vrej=0 seq=0 elapsed=0 oled=3C
[    547] STATUS mode=1 fault=none enc=-887 denc=0 sreq=0 sapplied=0 crate=0 uimp=0 upos=0 uneg=0 ball=-129.90 vball=-0.01 aball=0.0 bref=0.00 pid=0.0 pref=-1105.3 ppos=-1105.3 apid=0.0 integ=0.0 vision=1 current=1 vframe=15428 vs=1 vage=26 vpage=26 vdt=33 vmax=130413 vacc=11465 vrej=0 seq=0 elapsed=0 oled=3C
[    578] STATUS mode=1 fault=none enc=-887 denc=0 sreq=0 sapplied=0 crate=0 uimp=0 upos=0 uneg=0 ball=-129.90 vball=-0.01 aball=0.0 bref=0.00 pid=0.0 pref=-1105.3 ppos=-1105.3 apid=0.0 integ=0.0 vision=1 current=1 vframe=15429 vs=1 vage=13 vpage=13 vdt=33 vmax=130413 vacc=11466 vrej=0 seq=0 elapsed=0 oled=3C
[    608] STATUS mode=1 fault=none enc=-887 denc=0 sreq=0 sapplied=0 crate=0 uimp=0 upos=0 uneg=0 ball=-129.90 vball=-0.01 aball=0.0 bref=0.00 pid=0.0 pref=-1105.3 ppos=-1105.3 apid=0.0 integ=0.0 vision=1 current=1 vframe=15429 vs=1 vage=33 vpage=33 vdt=33 vmax=130413 vacc=11466 vrej=0 seq=0 elapsed=0 oled=3C
[    625] STATUS mode=1 fault=none enc=-887 denc=0 sreq=0 sapplied=0 crate=0 uimp=0 upos=0 uneg=0 ball=-129.90 vball=0.01 aball=0.0 bref=0.00 pid=0.0 pref=-1105.3 ppos=-1105.3 apid=0.0 integ=0.0 vision=1 current=1 vframe=15431 vs=1 vage=2 vpage=2 vdt=37 vmax=130413 vacc=11468 vrej=0 seq=0 elapsed=0 oled=3C
[    656] STATUS mode=1 fault=none enc=-887 denc=0 sreq=0 sapplied=0 crate=0 uimp=0 upos=0 uneg=0 ball=-129.90 vball=0.01 aball=0.0 bref=0.00 pid=0.0 pref=-1105.3 ppos=-1105.3 apid=0.0 integ=0.0 vision=1 current=1 vframe=15431 vs=1 vage=22 vpage=22 vdt=37 vmax=130413 vacc=11468 vrej=0 seq=0 elapsed=0 oled=3C
[    688] STATUS mode=1 fault=none enc=-887 denc=0 sreq=0 sapplied=0 crate=0 uimp=0 upos=0 uneg=0 ball=-129.90 vball=0.02 aball=0.0 bref=0.00 pid=0.0 pref=-1105.3 ppos=-1105.3 apid=0.0 integ=0.0 vision=1 current=1 vframe=15432 vs=1 vage=10 vpage=10 vdt=32 vmax=130413 vacc=11469 vrej=0 seq=0 elapsed=0 oled=3C
[    703] STATUS mode=1 fault=none enc=-887 denc=0 sreq=0 sapplied=0 crate=0 uimp=0 upos=0 uneg=0 ball=-129.90 vball=0.02 aball=0.0 bref=0.00 pid=0.0 pref=-1105.3 ppos=-1105.3 apid=0.0 integ=0.0 vision=1 current=1 vframe=15433 vs=1 vage=9 vpage=9 vdt=21 vmax=130413 vacc=11470 vrej=0 seq=0 elapsed=0 oled=3C
[    733] STATUS mode=1 fault=none enc=-887 denc=0 sreq=0 sapplied=0 crate=0 uimp=0 upos=0 uneg=0 ball=-129.90 vball=0.03 aball=0.0 bref=0.00 pid=0.0 pref=-1105.3 ppos=-1105.3 apid=0.0 integ=0.0 vision=1 current=1 vframe=15434 vs=1 vage=17 vpage=17 vdt=32 vmax=130413 vacc=11471 vrej=0 seq=0 elapsed=0 oled=3C
[    766] STATUS mode=1 fault=none enc=-887 denc=0 sreq=0 sapplied=0 crate=0 uimp=0 upos=0 uneg=0 ball=-129.90 vball=0.02 aball=0.0 bref=0.00 pid=0.0 pref=-1105.3 ppos=-1105.3 apid=0.0 integ=0.0 vision=1 current=1 vframe=15435 vs=1 vage=5 vpage=5 vdt=32 vmax=130413 vacc=11472 vrej=0 seq=0 elapsed=0 oled=3C
[    781] STATUS mode=1 fault=none enc=-887 denc=0 sreq=0 sapplied=0 crate=0 uimp=0 upos=0 uneg=0 ball=-129.90 vball=0.02 aball=0.0 bref=0.00 pid=0.0 pref=-1105.3 ppos=-1105.3 apid=0.0 integ=0.0 vision=1 current=1 vframe=15435 vs=1 vage=25 vpage=25 vdt=32 vmax=130413 vacc=11472 vrej=0 seq=0 elapsed=0 oled=3C
[    813] STATUS mode=1 fault=none enc=-887 denc=0 sreq=0 sapplied=0 crate=0 uimp=0 upos=0 uneg=0 ball=-129.90 vball=0.00 aball=0.0 bref=0.00 pid=0.0 pref=-1105.3 ppos=-1105.3 apid=0.0 integ=0.0 vision=1 current=1 vframe=15436 vs=1 vage=33 vpage=33 vdt=32 vmax=130413 vacc=11473 vrej=0 seq=0 elapsed=0 oled=3C
[    844] STATUS mode=1 fault=none enc=-887 denc=0 sreq=0 sapplied=0 crate=0 uimp=0 upos=0 uneg=0 ball=-129.90 vball=-0.01 aball=0.0 bref=0.00 pid=0.0 pref=-1105.3 ppos=-1105.3 apid=0.0 integ=0.0 vision=1 current=1 vframe=15437 vs=1 vage=20 vpage=20 vdt=33 vmax=130413 vacc=11474 vrej=0 seq=0 elapsed=0 oled=3C
[    858] STATUS mode=1 fault=none enc=-887 denc=0 sreq=0 sapplied=0 crate=0 uimp=0 upos=0 uneg=0 ball=-129.90 vball=-0.02 aball=0.0 bref=0.00 pid=0.0 pref=-1105.3 ppos=-1105.3 apid=0.0 integ=0.0 vision=1 current=1 vframe=15438 vs=1 vage=8 vpage=8 vdt=32 vmax=130413 vacc=11475 vrej=0 seq=0 elapsed=0 oled=3C
[    891] STATUS mode=1 fault=none enc=-887 denc=0 sreq=0 sapplied=0 crate=0 uimp=0 upos=0 uneg=0 ball=-129.90 vball=-0.04 aball=0.0 bref=0.00 pid=0.0 pref=-1105.3 ppos=-1105.3 apid=0.0 integ=0.0 vision=1 current=1 vframe=15439 vs=1 vage=16 vpage=16 vdt=32 vmax=130413 vacc=11476 vrej=0 seq=0 elapsed=0 oled=3C
[    922] STATUS mode=1 fault=none enc=-887 denc=0 sreq=0 sapplied=0 crate=0 uimp=0 upos=0 uneg=0 ball=-129.91 vball=-0.04 aball=0.0 bref=0.00 pid=0.0 pref=-1105.3 ppos=-1105.3 apid=0.0 integ=0.0 vision=1 current=1 vframe=15440 vs=1 vage=2 vpage=2 vdt=34 vmax=130413 vacc=11477 vrej=0 seq=0 elapsed=0 oled=3C
[    938] STATUS mode=1 fault=none enc=-887 denc=0 sreq=0 sapplied=0 crate=0 uimp=0 upos=0 uneg=0 ball=-129.91 vball=-0.04 aball=0.0 bref=0.00 pid=0.0 pref=-1105.3 ppos=-1105.3 apid=0.0 integ=0.0 vision=1 current=1 vframe=15440 vs=1 vage=22 vpage=22 vdt=34 vmax=130413 vacc=11477 vrej=0 seq=0 elapsed=0 oled=3C
[    953] STATUS mode=1 fault=none enc=
[    953] >>> stream off
[    969] -887 denc=0 sreq=0 sapplied=0 crate=0 uimp=0 upos=0 uneg=0 ball=-129.91 vball=-0.05 aball=0.0 bref=0.00 pid=0.0 pref=-1105.3 ppos=-1105.3 apid=0.0 integ=0.0 vision=1 current=1 vframe=15441 vs=1 vage=29 vpage=29 vdt=33 vmax=130413 vacc=11478 vrej=0 seq=0 elapsed=0 oled=3C
[    969] OK stream off
