[      0] >>> bench on
[     15] OK stepper visual-only bench active; command pose preserved
[    125] >>> stop
[    125] OK stopped
[    250] >>> stream on 50
[    250] OK stream on 50 ms
[    327] STATUS mode=1 fault=none enc=864 denc=0 sreq=0 sapplied=0 crate=0 uimp=0 upos=0 uneg=0 ball=-125.00 vball=0.00 aball=0.0 bref=0.00 pid=0.0 pref=676.1 ppos=676.1 apid=0.0 integ=0.0 vision=1 current=1 vframe=3061 vs=1 vage=1 vpage=1 vdt=93 vmax=959 vacc=3006 vrej=0 seq=0 elapsed=0 oled=3C
[    358] S
[    358] >>> run -200 1000
[    375] TATUS mode=1 fault=none enc=864 denc=-1 sreq=0 sapplied=0 crate=0 uimp=0 upos=0 uneg=0 ball=-125.00 vball=0.00 aball=0.0 bref=0.00 pid=0.0 pref=676.1 ppos=676.1 apid=0.0 integ=0.0 vision=1 current=1 vframe=3062 vs=1 vage=27 vpage=27 vdt=24 vmax=959 vacc=3007 vrej=0 seq=0 elapsed=0 oled=3C
[    375] ERR run limit +/- 100 steps/s, 1..500 ms, <=10 pulses
[    420] STATUS mode=1 fault=none enc=864 denc=-1 sreq=0 sapplied=0 crate=0 uimp=0 upos=0 uneg=0 ball=-125.00 vball=0.00 aball=0.0 bref=0.00 pid=0.0 pref=676.1 ppos=676.1 apid=0.0 integ=0.0 vision=1 current=1 vframe=3063 vs=1 vage=43 vpage=43 vdt=34 vmax=959 vacc=3008 vrej=0 seq=0 elapsed=0 oled=3C
[    467] STATUS mode=1 fault=none enc=865 denc=1 sreq=0 sapplied=0 crate=0 uimp=0 upos=0 uneg=0 ball=-125.00 vball=
[    483] 0.00 aball=0.0 bref=0.00 pid=0.0 pref=676.1 ppos=676.1 apid=0.0 integ=0.0 vision=1 current=1 vframe=3064 vs=1 vage=1 vpage=1 vdt=92 vmax=959 vacc=3009 vrej=0 seq=0 elapsed=0 oled=3C
[    531] STATUS mode=1 fault=none enc=864 denc=-1 sreq=0 sapplied=0 crate=0 uimp=0 upos=0 uneg=0 ball=-125.00 vball=0.00 aball=0.0 bref=0.00 pid=0.0 pref=676.1 ppos=676.1 apid=0.0 integ=0.0 vision=1 current=1 vframe=3065 vs=1 vage=26 vpage=26 vdt=25 vmax=959 vacc=3010 vrej=0 seq=0 elapsed=0 oled=3C
[    577] STATUS mode=1 fault=none enc=865 denc=1 sreq=0 sapplied=0 crate=0 uimp=0 upos=0 uneg=0 ball=-125.00 vball=0.00 aball=0.0 bref=0.00 pid=0.0 pref=676.1 ppos=676.1 apid=0.0 integ=0.0 vision=1 current=1 vframe=3066 vs=1 vage=43 vpage=43 vdt=33 vmax=959 vacc=3011 vrej=0 seq=0 elapsed=0 oled=3C
[    625] STATUS mode=1 fault=none enc=864 denc=0 sreq=0 sapplied=0 crate=0 uimp=0 upos=0 uneg=0 ball=-125.00 vball=0.00 aball=0.0 bref=0.00 pid=0.0 pref=676.1 ppos=676.1 apid=0.0 integ=0.0 vision=1 current=1 vframe=3066 vs=1 vage=93 vpage=93 vdt=33 vmax=959 vacc=3011 vrej=0 seq=0 elapsed=0 oled=3C
[    670] STATUS mode=1 fault=none enc=865 denc=0 sreq=0 sapplied=0 crate=0 uimp=0 upos=0 uneg=0 ball=-125.00 vball=0.00 aball=0.0 bref=0.00 pid=0.0 pref=676.1 ppos=676.1 apid=0.0 integ=0.0 vision=1 current=1 vframe=3068 vs=1 vage=26 vpage=26 vdt=23 vmax=959 vacc=3013 vrej=0 seq=0 elapsed=0 oled=3C
[    733] STATUS mode=1 fault=none enc=864 denc=0 sreq=0 sapplied=0 crate=0 uimp=0 upos=0 uneg=0 ball=-125.00 vball=0.00 aball=0.0 bref=0.00 pid=0.0 pref=676.1 ppos=676.1 apid=0.0 integ=0.0 vision=1 current=1 vframe=3069 vs=1 vage=43 vpage=43 vdt=33 vmax=959 vacc=3014 vrej=0 seq=0 elapsed=0 oled=3C
[    781] STATUS mode=1 fault=none enc=865 denc=0 sreq=0 sapplied=0 crate=0 uimp=0 upos=0 uneg=0 ball=-125.00 vball=0.00 aball=0.0 bref=0.00 pid=0.0 pref=676.1 ppos=676.1 apid=0.0 integ=0.0 vision=1 current=1 vframe=3069 vs=1 vage=93 vpage=93 vdt=33 vmax=959 vacc=3014 vrej=0 seq=0 elapsed=0 oled=3C
[    827] STATUS mode=1 fault=none enc=864 denc=-1 sreq=0 sapplied=0 crate=0 uimp=0 upos=0 uneg=0 ball=-125.00 vball=0.00 aball=0.0 bref=0.00 pid=0.0 pref=676.1 ppos=676.1 apid=0.0 integ=0.0 vision=1 current=1 vframe=3071 vs=1 vage=26 vpage=26 vdt=24 vmax=959 vacc=3016 vrej=0 seq=0 elapsed=0 oled=3C
[    875] STATUS mode=1 fault=none enc=865 denc=0 sreq=0 sapplied=0 crate=0 uimp=0 upos=0 uneg=0 ball=-125.00 vball=0.00 aball=0.0 bref=0.00 pid=0.0 pref=676.1 ppos=676.1 apid=0.0 integ=0.0 vision=1 current=1 vframe=3072 vs=1 vage=43 vpage=43 vdt=33 vmax=959 vacc=3017 vrej=0 seq=0 elapsed=0 oled=3C
[    920] STATUS mode=1 fault=none enc=865 denc=0 sreq=0 sapplied=0 crate=0 uimp=0 upos=0 uneg=0 ball=-125.00 vball=0.00 aball=0.0 bref=0.00 pid=0.0 pref=676.1 ppos=676.1 apid=0.0 integ=0.0 vision=1 current=1 vframe=3072 vs=1 vage=93 vpage=93 vdt=33 vmax=959 vacc=3017 vrej=0 seq=0 elapsed=0 oled=3C
[    983] STATUS mode=1 fault=none enc=864 denc=0 sreq=0 sapplied=0 crate=0 uimp=0 upos=0 uneg=0 ball=-125.00 vball=0.00 aball=0.0 bref=0.00 pid=0.0 pref=676.1 ppos=676.1 apid=0.0 integ=0.0 vision=1 current=1 vframe=3074 vs=1 vage=27 vpage=27 vdt=23 vmax=959 vacc=3019 vrej=0 seq=0 elapsed=0 oled=3C
[   1031] STATUS mode=1 fault=none enc=864 denc=0 sreq=0 sapplied=0 crate=0 uimp=0 upos=0 uneg=0 ball=-125.00 vball=0.00 aball=0.0 bref=0.00 pid=0.0 pref=676.1 ppos=676.1 apid=0.0 integ=0.0 vision=1 current=1 vframe=3075 vs=1 vage=43 vpage=43 vdt=34 vmax=959 vacc=3020 vrej=0 seq=0 elapsed=0 oled=3C
[   1077] STATUS mode=1 fault=none enc=864 denc=0 sreq=0 sapplied=0 crate=0 uimp=0 upos=0 uneg=0 ball=-125.00 vball=0.00 aball=0.0 bref=0.00 pid=0.0 pref=676.1 ppos=676.1 apid=0.0 integ=0.0 vision=1 current=1 vframe=3076 vs=1 vage=1 vpage=1 vdt=92 vmax=959 vacc=3021 vrej=0 seq=0 elapsed=0 oled=3C
[   1125] STATUS mode=1 fault=none enc=864 denc=0 sreq=0 sapplied=0 crate=0 uimp=0 upos=0 uneg=0 ball=-125.00 vball=0.00 aball=0.0 bref=0.00 pid=0.0 pref=676.1 ppos=676.1 apid=0.0 integ=0.0 vision=1 current=1 vframe=3077 vs=1 vage=27 vpage=27 vdt=24 vmax=959 vacc=3022 vrej=0 seq=0 elapsed=0 oled=3C
[   1170] STATUS mode=1 fault=none enc=864 denc=0 sreq=0 sapplied=0 crate=0 uimp=0 upos=0 uneg=0 ball=-125.00 vball=0.00 aball=0.0 bref=0.00 pid=0.0 pref=676.1 ppos=676.1 apid=0.0 integ=0.0 vision=1 current=1 vframe=3078 vs=1 vage=44 vpage=44 vdt=33 vmax=959 vacc=3023 vrej=0 seq=0 elapsed=0 oled=3C
[   1233] STATUS mode=1 fault=none enc=864 denc=0 sreq=0 sapplied=0 crate=0 uimp=0 upos=0 uneg=0 ball=-125.00 vball=0.00 aball=0.0 bref=0.00 pid=0.0 pref=676.1 ppos=676.1 apid=0.0 integ=0.0 vision=1 current=1 vframe=3079 vs=1 vage=1 vpage=1 vdt=93 vmax=959 vacc=3024 vrej=0 seq=0 elapsed=0 oled=3C
[   1281] STATUS mode=1 fault=none enc=865 denc=0 sreq=0 sapplied=0 crate=0 uimp=0 upos=0 uneg=0 ball=-125.00 vball=0.00 aball=0.0 bref=0.00 pid=0.0 pref=676.1 ppos=676.1 apid=0.0 integ=0.0 vision=1 current=1 vframe=3080 vs=1 vage=28 vpage=28 vdt=23 vmax=959 vacc=3025 vrej=0 seq=0 elapsed=0 oled=3C
[   1327] STATUS mode=1 fault=none enc=864 denc=0 sreq=0 sapplied=0 crate=0 uimp=0 upos=0 uneg=0 ball=-125.00 vball=0.00 aball=0.0 bref=0.00 pid=0.0 pref=676.1 ppos=676.1 apid=0.0 integ=0.0 vision=1 current=1 vframe=3081 vs=1 vage=44 vpage=44 vdt=34 vmax=959 vacc=3026 vrej=0 seq=0 elapsed=0 oled=3C
[   1375] STATUS mode=1 fault=none enc=864 denc=0 sreq=0 sapplied=0 crate=0 uimp=0 upos=0 uneg=0 ball=-125.00 vball=0.00 aball=0.0 bref=0.00 pid=0.0 pref=676.1 ppos=676.1 apid=0.0 integ=0.0 vision=1 current=1 vframe=3081 vs=1 vage=94 vpage=94 vdt=34 vmax=959 vacc=3026 vrej=0 seq=0 elapsed=0 oled=3C
[   1420] STATUS mode=1 fault=none enc=864 denc=0 sreq=0 sapplied=0 crate=0 uimp=0 upos=0 uneg=0 ball=-125.00 vball=0.00 aball=0.0 bref=0.00 pid=0.0 pref=676.1 ppos=676.1 apid=0.0 integ=0.0 vision=1 current=1 vframe=3082 vs=1 vage=24 vpage=24 vdt=120 vmax=959 vacc=3027 vrej=0 seq=0 elapsed=0 oled=3C
[   1483] STATUS mode=1 fault=none enc=865 denc=1 sreq=0 sapplied=0 crate=0 uimp=0 upos=0 uneg=0 ball=-125.00 vball=0.00 aball=0.0 bref=0.00 pid=0.0 pref=676.1 ppos=676.1 apid=0.0 integ=0.0 vision=1 current=1 vframe=3084 vs=1 vage=11 vpage=11 vdt=29 vmax=959 vacc=3029 vrej=0 seq=0 elapsed=0 oled=3C
[   1531] STATUS mode=1 fault=none enc=864 denc=0 sreq=0 sapplied=0 crate=0 uimp=0 upos=0 uneg=0 ball=-125.00 vball=0.00 aball=0.0 bref=0.00 pid=0.0 pref=676.1 ppos=676.1 apid=0.0 integ=0.0 vision=1 current=1 vframe=3084 vs=1 vage=61 vpage=61 vdt=29 vmax=959 vacc=3029 vrej=0 seq=0 elapsed=0 oled=3C
[   1577] STATUS mode=1 fault=none enc=864 denc=0 sreq=0 sapplied=0 crate=0 uimp=0 upos=0 uneg=0 ball=-125.00 vball=0.00 aball=0.0 bref=0.00 pid=0.0 pref=676.1 ppos=676.1 apid=0.0 integ=0.0 vision=1 current=1 vframe=3085 vs=1 vage=7 vpage=7 vdt=104 vmax=959 vacc=3030 vrej=0 seq=0 elapsed=0 oled=3C
[   1625] STATUS mode=1 fault=none enc=864 denc=0 sreq=0 sapplied=0 crate=0 uimp=0 upos=0 uneg=0 ball=-125.00 vball=0.00 aball=0.0 bref=0.00 pid=0.0 pref=676.1 ppos=676.1 apid=0.0 integ=0.0 vision=1 current=1 vframe=3087 vs=1 vage=28 vpage=28 vdt=22 vmax=959 vacc=3032 vrej=0 seq=0 elapsed=0 oled=3C
[   1670] STATUS mode=1 fault=none enc=864 denc=0 sreq=0 sapplied=0 crate=0 uimp=0 upos=0 uneg=0 ball=-125.00 vball=0.00 aball=0.0 bref=0.00 pid=0.0 pref=676.1 ppos=676.1 apid=0.0 integ=0.0 vision=1 current=1 vframe=3088 vs=1 vage=45 vpage=45 vdt=33 vmax=959 vacc=3033 vrej=0 seq=0 elapsed=0 oled=3C
[   1733] STATUS mode=1 fault=none enc=864 denc=0 sreq=0 sapplied=0 crate=0 uimp=0 upos=0 uneg=0 ball=-125.00 vball=0.00 aball=0.0 bref=0.00 pid=0.0 pref=676.1 ppos=676.1 apid=0.0 integ=0.0 vision=1 current=1 vframe=3089 vs=1 vage=2 vpage=2 vdt=93 vmax=959 vacc=3034 vrej=0 seq=0 elapsed=0 oled=3C
[   1781] STATUS mode=1 fault=none enc=864 denc=0 sreq=0 sapplied=0 crate=0 uimp=0 upos=0 uneg=0 ball=-125.00 vball=0.00 aball=0.0 bref=0.00 pid=0.0 pref=676.1 ppos=676.1 apid=0.0 integ=0.0 vision=1 current=1 vframe=3090 vs=1 vage=28 vpage=28 vdt=24 vmax=959 vacc=3035 vrej=0 seq=0 elapsed=0 oled=3C
[   1827] STATUS mode=1 fault=none enc=865 denc=0 sreq=0 sapplied=0 crate=0 uimp=0 upos=0 uneg=0 ball=-125.00 vball=0.00 aball=0.0 bref=0.00 pid=0.0 pref=676.1 ppos=676.1 apid=0.0 integ=0.0 vision=1 current=1 vframe=3091 vs=1 vage=45 vpage=45 vdt=33 vmax=959 vacc=3036 vrej=0 seq=0 elapsed=0 oled=3C
[   1875] STATUS mode=1 fault=none enc=865 denc=0 sreq=0 sapplied=0 crate=0 uimp=0 upos=0 uneg=0 ball=-125.00 vball=0.00 aball=0.0 bref=0.00 pid=0.0 pref=676.1 ppos=676.1 apid=0.0 integ=0.0 vision=1 current=1 vframe=3092 vs=1 vage=2 vpage=2 vdt=93 vmax=959 vacc=3037 vrej=0 seq=0 elapsed=0 oled=3C
[   1920] STATUS mode=1 fault=none enc=864 denc=0 sreq=0 sapplied=0 crate=0 uimp=0 upos=0 uneg=0 ball=-125.00 vball=0.00 aball=0.0 bref=0.00 pid=0.0 pref=676.1 ppos=676.1 apid=0.0 integ=0.0 vision=1 current=1 vframe=3093 vs=1 vage=28 vpage=28 vdt=24 vmax=959 vacc=3038 vrej=0 seq=0 elapsed=0 oled=3C
[   1983] STATUS mode=1 fault=none enc=864 denc=0 sreq=0 sapplied=0 crate=0 uimp=0 upos=0 uneg=0 ball=-125.00 vball=0.00 aball=0.0 bref=0.00 pid=0.0 pref=676.1 ppos=676.1 apid=0.0 integ=0.0 vision=1 current=1 vframe=3094 vs=1 vage=44 vpage=44 vdt=34 vmax=959 vacc=3039 vrej=0 seq=0 elapsed=0 oled=3C
[   2031] STATUS mode=1 fault=none enc=864 denc=0 sreq=0 sapplied=0 crate=0 uimp=0 upos=0 uneg=0 ball=-125.00 vball=0.00 aball=0.0 bref=0.00 pid=0.0 pref=676.1 ppos=676.1 apid=0.0 integ=0.0 vision=1 current=1 vframe=3095 vs=1 vage=1 vpage=1 vdt=93 vmax=959 vacc=3040 vrej=0 seq=0 elapsed=0 oled=3C
[   2077] STATUS mode=1 fault=none enc=864 denc=0 sreq=0 sapplied=0 crate=0 uimp=0 upos=0 uneg=0 ball=-125.00 vball=0.00 aball=0.0 bref=0.00 pid=0.0 pref=676.1 ppos=676.1 apid=0.0 integ=0.0 vision=1 current=1 vframe=3096 vs=1 vage=27 vpage=27 vdt=24 vmax=959 vacc=3041 vrej=0 seq=0 elapsed=0 oled=3C
[   2125] STATUS mode=1 fault=none enc=864 denc=0 sreq=0 sapplied=0 crate=0 uimp=0 upos=0 uneg=0 ball=-125.00 vball=0.00 aball=0.0 bref=0.00 pid=0.0 pref=676.1 ppos=676.1 apid=0.0 integ=0.0 vision=1 current=1 vframe=3097 vs=1 vage=44 vpage=44 vdt=33 vmax=959 vacc=3042 vrej=0 seq=0 elapsed=0 oled=3C
[   2170] STATUS mode=1 fault=none enc=864 denc=0 sreq=0 sapplied=0 crate=0 uimp=0 upos=0 uneg=0 ball=-125.00 vball=0.00 aball=0.0 bref=0.00 pid=0.0 pref=676.1 ppos=676.1 apid=0.0 integ=0.0 vision=1 current=1 vframe=3098 vs=1 vage=1 vpage=1 vdt=93 vmax=959 vacc=3043 vrej=0 seq=0 elapsed=0 oled=3C
[   2233] STATUS mode=1 fault=none enc=864 denc=0 sreq=0 sapplied=0 crate=0 uimp=0 upos=0 uneg=0 ball=-125.00 vball=0.00 aball=0.0 bref=0.00 pid=0.0 pref=676.1 ppos=676.1 apid=0.0 integ=0.0 vision=1 current=1 vframe=3099 vs=1 vage=28 vpage=28 vdt=23 vmax=959 vacc=3044 vrej=0 seq=0 elapsed=0 oled=3C
[   2281] STATUS mode=1 fault=none enc=865 denc=0 sreq=0 sapplied=0 crate=0 uimp=0 upos=0 uneg=0 ball=-125.00 vball=0.00 aball=0.0 bref=0.00 pid=0.0 pref=676.1 ppos=676.1 apid=0.0 integ=0.0 vision=1 current=1 vframe=3100 vs=1 vage=44 vpage=44 vdt=34 vmax=959 vacc=3045 vrej=0 seq=0 elapsed=0 oled=3C
[   2327] STATUS mode=1 fault=none enc=865 denc=0 sreq=0 sapplied=0 crate=0 uimp=0 upos=0 uneg=0 ball=-125.00 vball=0.00 aball=0.0 bref=0.00 pid=0.0 pref=676.1 ppos=676.1 apid=0.0 integ=0.0 vision=1 current=1 vframe=3100 vs=1 vage=94 vpage=94 vdt=34 vmax=959 vacc=3045 vrej=0 seq=0 elapsed=0 oled=3C
[   2375] STATUS mode=1 fault=none enc=864 denc=0 sreq=0 sapplied=0 crate=0 uimp=0 upos=0 uneg=0 ball=-125.00 vball=0.00 aball=0.0 bref=0.00 pid=0.0 pref=676.1 ppos=676.1 apid=0.0 integ=0.0 vision=1 current=1 vframe=3102 vs=1 vage=11 vpage=11 vdt=38 vmax=959 vacc=3047 vrej=0 seq=0 elapsed=0 oled=3C
[   2420] STATUS mode=1 fault=none enc=864 denc=-1 sreq=0 sapplied=0 crate=0 uimp=0 upos=0 uneg=0 ball=-125.00 vball=0.00 aball=0.0 bref=0.00 pid=0.0 pref=676.1 ppos=676.1 apid=0.0 integ=0.0 vision=1 current=1 vframe=3102 vs=1 vage=61 vpage=61 vdt=38 vmax=959 vacc=3047 vrej=0 seq=0 elapsed=0 oled=3C
[   2467] STATUS mode=1 fault=none enc=865 denc=1 sreq=0 sapplied=0 crate=0 uimp=0 upos=0 uneg=0 ball
[   2467] >>> status
[   2483] =-125.00 vball=0.00 aball=0.0 bref=0.00 pid=0.0 pref=676.1 ppos=676.1 apid=0.0 integ=0.0 vision=1 current=1 vframe=3104 vs=1 vage=1 vpage=1 vdt=7 vmax=959 vacc=3049 vrej=0 seq=0 elapsed=0 oled=3C
[   2500] STATUS mode=1 fault=none enc=864 denc=-1 sreq=0 sapplied=0 crate=0 uimp=0 upos=0 uneg=0 ball=-125.00 vball=0.00 aball=0.0 bref=0.00 pid=0.0 pref=676.1 ppos=676.1 apid=0.0 integ=0.0 vision=1 current=1 vframe=3104 vs=1 vage=10 vpage=10 vdt=7 vmax=959 vacc=3049 vrej=0 seq=0 elapsed=0 oled=3C
[   2531] STATUS mode=1 fault=none enc=864 denc=0 sreq=0 sapplied=0 crate=0 uimp=0 upos=0 uneg=0 ball=-125.00 vball=0.00 aball=0.0 bref=0.00 pid=0.0 pref=676.1 ppos=676.1 apid=0.0 integ=0.0 vision=1 current=1 vframe=3105 vs=1 vage=28 vpage=28 vdt=23 vmax=959 vacc=3050 vrej=0 seq=0 elapsed=0 oled=3C
[   2577] STATUS mode=1 fault=none enc=865 denc=0 sreq=0 sapplied=0 crate=0 uimp=0 upos=0 uneg=0 ball=-125.00 vball=0.00 aball=0.0 bref=0.00 pid=0.0 pref=676.1 ppos=676.1 apid=0.0 integ=0.0 vision=1 curren
[   2577] >>> stream off
[   2577] t=1 vframe=3106 vs=1 vage=45 vpage=45 vdt=33 vmax=959 vacc=3051 vrej=0 seq=0 elapsed=0 oled=3C
[   2577] OK stream off
[   2702] >>> stop
[   2702] OK stopped
