[      0] >>> bench on
[      0] OK stepper visual-only bench active; command pose preserved
[    625] >>> clear
[    625] OK fault cleared
[   1250] >>> diag reset
[   1250] OK actuator diagnostics reset
[   1875] >>> stream on 50
[   1875] OK stream on 50 ms
[   1937] STATUS mode=1 fault=none enc=0 denc=0 sreq=0 sapplied=0 crate=0 uimp=0 upos=0 uneg=0 ball=-60.68 vball=0.51 aball=0.0 bref=0.00 pid=0.0 pref=-2.9 ppos=-2.9 apid=0.0 integ=0.0 vision=1 current=1 vframe=3598 vs=1 vage=14 vpage=14 vdt=33 vmax=67 vacc=3596 vrej=0 seq=0 elapsed=0 oled=3C
[   2000] STATUS mode=1 fault=none enc=0 denc=0 sreq=0 sapplied=0 crate=0 uimp=0 upos=0 uneg=0 ball=-60.64 vball=0.70 aball=0.0 bref=0.00 pid=0.0 pref=-2.9 ppos=-2.9 apid=0.0 integ=0.0 vision=1 current=1 vframe=3599 vs=1 vage=30 vpage=30 vdt=34 vmax=67 vacc=3597 vrej=0 seq=0 elapsed=0 oled=3C
[   2047] STATUS mode=1 fault=none enc=0 denc=0 sreq=0 sapplied=0 crate=0 uimp=0 upos=0 uneg=0 ball=-60.67 vball=0.16 aball=0.0 bref=0.00 pid=0.0 pref=-2.9 ppos=-2.9 apid=0.0 integ=0.0 vision=1 current=1 vframe=3601 vs=1 vage=14 vpage=14 vdt=33 vmax=67 vacc=3599 vrej=0 seq=0 elapsed=0 oled=3C
[   2092] STATUS mode=1 fault=none enc=0 denc=0 sreq=0 sapplied=0 crate=0 uimp=0 upos=0 uneg=0 ball=-60.67 vball=0.06 aball=0.0 bref=0.00 pid=0.0 pref=-2.9 ppos=-2.9 apid=0.0 integ=0.0 vision=1 current=1 vframe=3602 vs=1 vage=31 vpage=31 vdt=33 vmax=67 vacc=3600 vrej=0 seq=0 elapsed=0 oled=3C
[   2140] STATUS mode=1 fault=none enc=0 denc=0 sreq=0 sapplied=0 crate=0 uimp=0 upos=0 uneg=0 ball=-60.71 vball=-0.29 aball=0.0 bref=0.00 pid=0.0 pref=-2.9 ppos=-2.9 apid=0.0 integ=0.0 vision=1 current=1 vframe=3604 vs=1 vage=14 vpage=14 vdt=33 vmax=67 vacc=3602 vrej=0 seq=0 elapsed=0 oled=3C
[   2187] STATUS mode=1 fault=none enc=0 denc=0 sreq=0 sapplied=0 crate=0 uimp=0 upos=0 uneg=0 ball=-60.74 vball=-0.45 aball=0.0 bref=0.00 pid=0.0 pref=-2.9 ppos=-2.9 apid=0.0 integ=0.0 vision=1 current=1 vframe=3605 vs=1 vage=30 vpage=30 vdt=34 vmax=67 vacc=3603 vrej=0 seq=0 elapsed=0 oled=3C
[   2250] STATUS mode=1 fault=none enc=0 denc=0 sreq=0 sapplied=0 crate=0 uimp=0 upos=0 uneg=0 ball=-60.77 vball=-0.50 aball=0.0 bref=0.00 pid=0.0 pref=-2.9 ppos=-2.9 apid=0.0 integ=0.0 vision=1 current=1 vframe=3607 vs=1 vage=14 vpage=14 vdt=33 vmax=67 vacc=3605 vrej=0 seq=0 elapsed=0 oled=3C
[   2297] STATUS mode=1 fault=none enc=0 denc=0 sreq=0 sapplied=0 crate=0 uimp=0 upos=0 uneg=0 ball=-60.80 vball=-0.63 aball=0.0 bref=0.00 pid=0.0 pref=-2.9 ppos=-2.9 apid=0.0 integ=0.0 vision=1 current=1 vframe=3608 vs=1 vage=31 vpage=31 vdt=33 vmax=67 vacc=3606 vrej=0 seq=0 elapsed=0 oled=3C
[   2342] STATUS mode=1 fault=none enc=0 denc=0 sreq=0 sapplied=0 crate=0 uimp=0 upos=0 uneg=0 ball=-60.81 vball=-0.36 aball=0.0 bref=0.00 pid=0.0 pref=-2.9 ppos=-2.9 apid=0.0 integ=0.0 vision=1 current=1 vframe=3610 vs=1 vage=14 vpage=14 vdt=33 vmax=67 vacc=3608 vrej=0 seq=0 elapsed=0 oled=3C
[   2390] STATUS mode=1 fault=none enc=0 denc=0 sreq=0 sapplied=0 crate=0 uimp=0 upos=0 uneg=0 ball=-60.81 vball=-0.24 aball=0.0 bref=0.00 pid=0.0 pref=-2.9 ppos=-2.9 apid=0.0 integ=0.0 vision=1 current=1 vframe=3611 vs=1 vage=30 vpage=30 vdt=34 vmax=67 vacc=3609 vrej=0 seq=0 elapsed=0 oled=3C
[   2437] STATUS mode=1 fault=none enc=0 denc=0 sreq=0 sapplied=0 crate=0 uimp=0 upos=0 uneg=0 ball=-60.78 vball=0.15 aball=0.0 bref=0.00 pid=0.0 pref=-2.9 ppos=-2.9 apid=0.0 integ=0.0 vision=1 current=1 vframe=3613 vs=1 vage=14 vpage=14 vdt=33 vmax=67 vacc=3611 vrej=0 seq=0 elapsed=0 oled=3C
[   2483] STATUS mode=1 fault=none enc=0 denc=0 sreq=0 sapplied=0 crate=0 uimp=0 upos=0 un
[   2483] >>> run -100 500
[   2500] eg=0 ball=-60.77 vball=0.19 aball=0.0 bref=0.00 pid=0.0 pref=-2.9 ppos=-2.9 apid=0.0 integ=0.0 vision=1 current=1 vframe=3614 vs=1 vage=30 vpage=30 vdt=34 vmax=67 vacc=3612 vrej=0 seq=0 elapsed=0 oled=3C
[   2500] ERR run pulse budget <=10; rate*ms must be <=10000
[   2547] STATUS mode=1 fault=none enc=0 denc=0 sreq=0 sapplied=0 crate=0 uimp=0 upos=0 uneg=0 ball=-60.77 vball=0.11 aball=0.0 bref=0.00 pid=0.0 pref=-2.9 ppos=-2.9 apid=0.0 integ=0.0 vision=1 current=1 vframe=3616 vs=1 vage=14 vpage=14 vdt=33 vmax=67 vacc=3614 vrej=0 seq=0 elapsed=0 oled=3C
[   2592] STATUS mode=1 fault=none enc=0 denc=0 sreq=0 sapplied=0 crate=0 uimp=0 upos=0 uneg=0 ball=-60.77 vball=0.07 aball=0.0 bref=0.00 pid=0.0 pref=-2.9 ppos=-2.9 apid=0.0 integ=0.0 vision=1 current=1 vframe=3617 vs=1 vage=31 vpage=31 vdt=33 vmax=67 vacc=3615 vrej=0 seq=0 elapsed=0 oled=3C
[   2640] STATUS mode=1 fault=none enc=0 denc=0 sreq=0 sapplied=0 crate=0 uimp=0 upos=0 uneg=0 ball=-60.77 vball=0.03 aball=0.0 bref=0.00 pid=0.0 pref=-2.9 ppos=-2.9 apid=0.0 integ=0.0 vision=1 current=1 vframe=3619 vs=1 vage=14 vpage=14 vdt=34 vmax=67 vacc=3617 vrej=0 seq=0 elapsed=0 oled=3C
[   2687] STATUS mode=1 fault=none enc=0 denc=0 sreq=0 sapplied=0 crate=0 uimp=0 upos=0 uneg=0 ball=-60.77 vball=0.02 aball=0.0 bref=0.00 pid=0.0 pref=-2.9 ppos=-2.9 apid=0.0 integ=0.0 vision=1 current=1 vframe=3620 vs=1 vage=31 vpage=31 vdt=33 vmax=67 vacc=3618 vrej=0 seq=0 elapsed=0 oled=3C
[   2750] STATUS mode=1 fault=none enc=0 denc=0 sreq=0 sapplied=0 crate=0 uimp=0 upos=0 uneg=0 ball=-61.02 vball=-2.18 aball=0.0 bref=0.00 pid=0.0 pref=-2.9 ppos=-2.9 apid=0.0 integ=0.0 vision=1 current=1 vframe=3622 vs=1 vage=15 vpage=15 vdt=33 vmax=67 vacc=3620 vrej=0 seq=0 elapsed=0 oled=3C
[   2797] STATUS mode=1 fault=none enc=0 denc=0 sreq=0 sapplied=0 crate=0 uimp=0 upos=0 uneg=0 ball=-61.10 vball=-2.17 aball=0.0 bref=0.00 pid=0.0 pref=-2.9 ppos=-2.9 apid=0.0 integ=0.0 vision=1 current=1 vframe=3623 vs=1 vage=32 vpage=32 vdt=33 vmax=67 vacc=3621 vrej=0 seq=0 elapsed=0 oled=3C
[   2842] STATUS mode=1 fault=none enc=0 denc=0 sreq=0 sapplied=0 crate=0 uimp=0 upos=0 uneg=0 ball=-61.08 vball=-0.91 aball=0.0 bref=0.00 pid=0.0 pref=-2.9 ppos=-2.9 apid=0.0 integ=0.0 vision=1 current=1 vframe=3625 vs=1 vage=15 vpage=15 vdt=31 vmax=67 vacc=3623 vrej=0 seq=0 elapsed=0 oled=3C
[   2890] STATUS mode=1 fault=none enc=0 denc=0 sreq=0 sapplied=0 crate=0 uimp=0 upos=0 uneg=0 ball=-61.05 vball=-0.37 aball=0.0 bref=0.00 pid=0.0 pref=-2.9 ppos=-2.9 apid=0.0 integ=0.0 vision=1 current=1 vframe=3626 vs=1 vage=32 vpage=32 vdt=33 vmax=67 vacc=3624 vrej=0 seq=0 elapsed=0 oled=3C
[   2937] STATUS mode=1 fault=none enc=0 denc=0 sreq=0 sapplied=0 crate=0 uimp=0 upos=0 uneg=0 ball=-61.05 vball=-0.23 aball=0.0 bref=0.00 pid=0.0 pref=-2.9 ppos=-2.9 apid=0.0 integ=0.0 vision=1 current=1 vframe=3628 vs=1 vage=15 vpage=15 vdt=33 vmax=67 vacc=3626 vrej=0 seq=0 elapsed=0 oled=3C
[   3000] STATUS mode=1 fault=none enc=0 denc=0 sreq=0 sapplied=0 crate=0 uimp=0 upos=0 uneg=0 ball=-61.03 vball=0.08 aball=0.0 bref=0.00 pid=0.0 pref=-2.9 ppos=-2.9 apid=0.0 integ=0.0 vision=1 current=1 vframe=3629 vs=1 vage=32 vpage=32 vdt=33 vmax=67 vacc=3627 vrej=0 seq=0 elapsed=0 oled=3C
[   3047] STATUS mode=1 fault=none enc=0 denc=0 sreq=0 sapplied=0 crate=0 uimp=0 upos=0 uneg=0 ball=-61.03 vball=-0.07 aball=0.0 bref=0.00 pid=0.0 pref=-2.9 ppos=-2.9 apid=0.0 integ=0.0 vision=1 current=1 vframe=3631 vs=1 vage=15 vpage=15 vdt=34 vmax=67 vacc=3629 vrej=0 seq=0 elapsed=0 oled=3C
[   3092] STATUS mode=1 fault=none enc=0 denc=0 sreq=0 sapplied=0 crate=0 uimp=0 upos=0 uneg=0 ball=-61.06 vball=-0.30 aball=0.0 bref=0.00 pid=0.0 pref=-2.9 ppos=-2.9 apid=0.0 integ=0.0 vision
[   3092] =1 current=1 vframe=3632 vs=1 vage=32 vpage=32 vdt=33 vmax=67 vacc=3630 vrej=0 seq=0 elapsed=0 oled=3C
[   3140] STATUS mode=1 fault=none enc=0 denc=0 sreq=0 sapplied=0 crate=0 uimp=0 upos=0 uneg=0 ball=-61.07 vball=-0.21 aball=0.0 bref=0.00 pid=0.0 pref=-2.9 ppos=-2.9 apid=0.0 integ=0.0 vision=1 current=1 vframe=3634 vs=1 vage=14 vpage=14 vdt=33 vmax=67 vacc=3632 vrej=0 seq=0 elapsed=0 oled=3C
[   3187] STATUS mode=1 fault=none enc=0 denc=0 sreq=0 sapplied=0 crate=0 uimp=0 upos=0 uneg=0 ball=-61.07 vball=-0.15 aball=0.0 bref=0.00 pid=0.0 pref=-2.9 ppos=-2.9 apid=0.0 integ=0.0 vision=1 current=1 vframe=3635 vs=1 vage=32 vpage=32 vdt=32 vmax=67 vacc=3633 vrej=0 seq=0 elapsed=0 oled=3C
[   3250] STATUS mode=1 fault=none enc=0 denc=0 sreq=0 sapplied=0 crate=0 uimp=0 upos=0 uneg=0 ball=-61.07 vball=-0.06 aball=0.0 bref=0.00 pid=0.0 pref=-2.9 ppos=-2.9 apid=0.0 integ=0.0 vision=1 current=1 vframe=3637 vs=1 vage=15 vpage=15 vdt=32 vmax=67 vacc=3635 vrej=0 seq=0 elapsed=0 oled=3C
[   3297] STATUS mode=1 fault=none enc=0 denc=0 sreq=0 sapplied=0 crate=0 uimp=0 upos=0 uneg=0 ball=-61.06 vball=0.04 aball=0.0 bref=0.00 pid=0.0 pref=-2.9 ppos=-2.9 apid=0.0 integ=0.0 vision=1 current=1 vframe=3638 vs=1 vage=31 vpage=31 vdt=34 vmax=67 vacc=3636 vrej=0 seq=0 elapsed=0 oled=3C
[   3342] STATUS mode=1 fault=none enc=0 denc=0 sreq=0 sapplied=0 crate=0 uimp=0 upos=0 uneg=0 ball=-61.05 vball=0.11 aball=0.0 bref=0.00 pid=0.0 pref=-2.9 ppos=-2.9 apid=0.0 integ=0.0 vision=1 current=1 vframe=3640 vs=1 vage=15 vpage=15 vdt=33 vmax=67 vacc=3638 vrej=0 seq=0 elapsed=0 oled=3C
[   3390] STATUS mode=1 fault=none enc=0 denc=0 sreq=0 sapplied=0 crate=0 uimp=0 upos=0 uneg=0 ball=-60.90 vball=1.54 aball=0.0 bref=0.00 pid=0.0 pref=-2.9 ppos=-2.9 apid=0.0 integ=0.0 vision=1 current=1 vframe=3641 vs=1 vage=31 vpage=31 vdt=34 vmax=67 vacc=3639 vrej=0 seq=0 elapsed=0 oled=3C
[   3437] STATUS mode=1 fault=none enc=0 denc=0 sreq=0 sapplied=0 crate=0 uimp=0 upos=0 uneg=0 ball=-60.73 vball=1.87 aball=0.0 bref=0.00 pid=0.0 pref=-2.9 ppos=-2.9 apid=0.0 integ=0.0 vision=1 current=1 vframe=3643 vs=1 vage=15 vpage=15 vdt=33 vmax=67 vacc=3641 vrej=0 seq=0 elapsed=0 oled=3C
[   3500] STATUS mode=1 fault=none enc=0 denc=0 sreq=0 sapplied=0 crate=0 uimp=0 upos=0 uneg=0 ball=-60.73 vball=1.36 aball=0.0 bref=0.00 pid=0.0 pref=-2.9 ppos=-2.9 apid=0.0 integ=0.0 vision=1 current=1 vframe=3644 vs=1 vage=31 vpage=31 vdt=34 vmax=67 vacc=3642 vrej=0 seq=0 elapsed=0 oled=3C
[   3547] STATUS mode=1 fault=none enc=0 denc=0 sreq=0 sapplied=0 crate=0 uimp=0 upos=0 uneg=0 ball=-60.88 vball=-0.29 aball=0.0 bref=0.00 pid=0.0 pref=-2.9 ppos=-2.9 apid=0.0 integ=0.0 vision=1 current=1 vframe=3646 vs=1 vage=14 vpage=14 vdt=34 vmax=67 vacc=3644 vrej=0 seq=0 elapsed=0 oled=3C
[   3592] STATUS mode=1 fault=none enc=0 denc=0 sreq=0 sapplied=0 crate=0 uimp=0 upos=0 uneg=0 ball=-60.80 vball=0.52 aball=0.0 bref=0.00 pid=0.0 pref=-2.9 ppos=-2.9 apid=0.0 integ=0.0 vision=1 current=1 vframe=3647 vs=1 vage=31 vpage=31 vdt=33 vmax=67 vacc=3645 vrej=0 seq=0 elapsed=0 oled=3C
[   3640] STATUS mode=1 fault=none enc=0 denc=0 sreq=0 sapplied=0 crate=0 uimp=0 upos=0 uneg=0 ball=-60.77 vball=0.47 aball=0.0 bref=0.00 pid=0.0 pref=-2.9 ppos=-2.9 apid=0.0 integ=0.0 vision=1 current=1 vframe=3649 vs=1 vage=15 vpage=15 vdt=33 vmax=67 vacc=3647 vrej=0 seq=0 elapsed=0 oled=3C
[   3687] STATUS mode=1 fault=none enc=0 denc=0 sreq=0 sapplied=0 crate=0 uimp=0 upos=0 uneg=0 ball=-60.78 vball=0.18 aball=0.0 bref=0.00 pid=0.0 pref=-2.9 ppos=-2.9 apid=0.0 integ=0.0 vision=1 current=1 vframe=3650 vs=1 vage=31 vpage=31 vdt=34 vmax=67 vacc=3648 vrej=0 seq=0 elapsed=0 oled=3C
[   3750] STATUS mode=1 fault=none enc=0 denc=0 sreq=0 sapplied=0 crate=0 uimp=0 upos=0 uneg=0 ball=-60.80 vball=-0.06 aball=0.0 bref=0.00 pid=0.0 pref=-2.9 ppos=-2.9 apid=0.0 integ=0.0 vision=1 current=1 vframe=3652 vs=1 vage=15 vpage=15 vdt=33 vmax=67 vacc=3650 vrej=0 seq=0 elapsed=0 oled=3C
[   3797] STATUS mode=1 fault=none enc=0 denc=0 sreq=0 sapplied=0 crate=0 uimp=0 upos=0 uneg=0 ball=-60.91 vball=-1.08 aball=0.0 bref=0.00 pid=0.0 pref=-2.9 ppos=-2.9 apid=0.0 integ=0.0 vision=1 current=1 vframe=3653 vs=1 vage=31 vpage=31 vdt=34 vmax=67 vacc=3651 vrej=0 seq=0 elapsed=0 oled=3C
[   3842] STATUS mode=1 fault=none enc=0 denc=0 sreq=0 sapplied=0 crate=0 uimp=0 upos=0 uneg=0 ball=-61.01 vball=-1.09 aball=0.0 bref=0.00 pid=0.0 pref=-2.9 ppos=-2.9 apid=0.0 integ=0.0 vision=1 current=1 vframe=3655 vs=1 vage=15 vpage=15 vdt=33 vmax=67 vacc=3653 vrej=0 seq=0 elapsed=0 oled=3C
[   3890] STATUS mode=1 fault=none enc=0 denc=0 sreq=0 sapplied=0 crate=0 uimp=0 upos=0 uneg=0 ball=-61.00 vball=-0.71 aball=0.0 bref=0.00 pid=0.0 pref=-2.9 ppos=-2.9 apid=0.0 integ=0.0 vision=1 current=1 vframe=3656 vs=1 vage=32 vpage=32 vdt=33 vmax=67 vacc=3654 vrej=0 seq=0 elapsed=0 oled=3C
[   3937] STATUS mode=1 fault=none enc=0 denc=0 sreq=0 sapplied=0 crate=0 uimp=0 upos=0 uneg=0 ball=-60.99 vball=-0.28 aball=0.0 bref=0.00 pid=0.0 pref=-2.9 ppos=-2.9 apid=0.0 integ=0.0 vision=1 current=1 vframe=3658 vs=1 vage=15 vpage=15 vdt=34 vmax=67 vacc=3656 vrej=0 seq=0 elapsed=0 oled=3C
[   4000] STATUS mode=1 fault=none enc=0 denc=0 sreq=0 sapplied=0 crate=0 uimp=0 upos=0 uneg=0 ball=-61.00 vball=-0.29 aball=0.0 bref=0.00 pid=0.0 pref=-2.9 ppos=-2.9 apid=0.0 integ=0.0 vision=1 current=1 vframe=3659 vs=1 vage=32 vpage=32 vdt=33 vmax=67 vacc=3657 vrej=0 seq=0 elapsed=0 oled=3C
[   4047] STATUS mode=1 fault=none enc=0 denc=0 sreq=0 sapplied=0 crate=0 uimp=0 upos=0 uneg=0 ball=-61.01 vball=-0.15 aball=0.0 bref=0.00 pid=0.0 pref=-2.9 ppos=-2.9 apid=0.0 integ=0.0 vision=1 current=1 vframe=3661 vs=1 vage=16 vpage=16 vdt=33 vmax=67 vacc=3659 vrej=0 seq=0 elapsed=0 oled=3C
[   4092] STATUS mode=1 fault=none enc=0 denc=0 sreq=0 sapplied=0 crate=0 uimp=0 upos=0 uneg=0 ball=-61.00 vball=-0.10 aball=0.0 bref=0.00 pid=0.0 pref=-2.9 ppos=-2.9 apid=0.0 integ=0.0 vision=1 current=1 vframe=3662 vs=1 vage=33 vpage=33 vdt=33 vmax=67 vacc=3660 vrej=0 seq=0 elapsed=0 oled=3C
[   4140] STATUS mode=1 fault=none enc=0 denc=0 sreq=0 sapplied=0 crate=0 uimp=0 upos=0 uneg=0 ball=-61.06 vball=-0.43 aball=0.0 bref=0.00 pid=0.0 pref=-2.9 ppos=-2.9 apid=0.0 integ=0.0 vision=1 current=1 vframe=3664 vs=1 vage=16 vpage=16 vdt=33 vmax=67 vacc=3662 vrej=0 seq=0 elapsed=0 oled=3C
[   4187] STATUS mode=1 fault=none enc=0 denc=0 sreq=0 sapplied=0 crate=0 uimp=0 upos=0 uneg=0 ball=-61.05 vball=-0.20 aball=0.0 bref=0.00 pid=0.0 pref=-2.9 ppos=-2.9 apid=0.0 integ=0.0 vision=1 current=1 vframe=3665 vs=1 vage=33 vpage=33 vdt=33 vmax=67 vacc=3663 vrej=0 seq=0 elapsed=0 oled=3C
[   4250] STATUS mode=1 fault=none enc=0 denc=0 sreq=0 sapplied=0 crate=0 uimp=0 upos=0 uneg=0 ball=-61.06 vball=-0.18 aball=0.0 bref=0.00 pid=0.0 pref=-2.9 ppos=-2.9 apid=0.0 integ=0.0 vision=1 current=1 vframe=3667 vs=1 vage=16 vpage=16 vdt=33 vmax=67 vacc=3665 vrej=0 seq=0 elapsed=0 oled=3C
[   4297] STATUS mode=1 fault=none enc=0 denc=0 sreq=0 sapplied=0 crate=0 uimp=0 upos=0 uneg=0 ball=-61.06 vball=-0.14 aball=0.0 bref=0.00 pid=0.0 pref=-2.9 ppos=-2.9 apid=0.0 integ=0.0 vision=1 current=1 vframe=3668 vs=1
[   4297] >>> status
[   4297]  vage=33 vpage=33 vdt=33 vmax=67 vacc=3666 vrej=0 seq=0 elapsed=0 oled=3C
[   4312] STATUS mode=1 fault=none enc=0 denc=0 sreq=0 sapplied=0 crate=0 uimp=0 upos=0 uneg=0 ball=-60.83 vball=1.84 aball=0.0 bref=0.00 pid=0.0 pref=-2.9 ppos=-2.9 apid=0.0 integ=0.0 vision=1 current=1 vframe=3669 vs=1 vage=19 vpage=19 vdt=33 vmax=67 vacc=3667 vrej=0 seq=0 elapsed=0 oled=3C
[   4342] STATUS mode=1 fault=none enc=0 denc=0 sreq=0 sapplied=0 crate=0 uimp=0 upos=0 uneg=0 ball=-60.76 vball=1.93 aball=0.0 bref=0.00 pid=0.0 pref=-2.9 ppos=-2.9 apid=0.0 integ=0.0 vision=1 current=1 vframe=3670 vs=1 vage=16 vpage=16 vdt=34 vmax=67 vacc=3668 vrej=0 seq=0 elapsed=0 oled=3C
[   4390] STATUS mode=1 fault=none enc=0 denc=0 sreq=0 sapplied=0 crate=0 uimp=0 upos=0 uneg=0 ball=-60.74 vball=1.50 aball=0.0 bref=0.00 pid=0.0 pref=-2.9 ppos=-2.9 apid=0.0 integ=0.0 vision=1 current=1 vframe=3671 vs=1 vage=33 vpage=33 vdt=33 vmax=67 vacc=3669 vrej=0 seq=0 elapsed=0 oled=3C
[   4453] STATUS mode=1 fault=none enc=0 denc=0 sreq=0 sapplied=0 crate=0 uimp=0 upos=0 uneg=0 ball=-60.75 vball=0.68 aball=0.0 bref=0.00 pid=0.0 pref=-2.9 ppos=-2.9 apid=0.0 integ=0.0 vision=1 current=1 vframe=3673 vs=1 vage=16 vpage=16 vdt=34 vmax=67 vacc=3671 vrej=0 seq=0 elapsed=0 oled=3C
[   4500] STATUS mode=1 fault=none enc=0 denc=0 sreq=0 sapplied=0 crate=0 uimp=0 upos=0 uneg=0 ball=-60.76 vball=0.44 aball=0.0 bref=0.00 pid=0.0 pref=-2.9 ppos=-2.9 apid=0.0 integ=0.0 vision=1 current=1 vframe=3674 vs=1 vage=31 vpage=31 vdt=35 vmax=67 vacc=3672 vrej=0 seq=0 elapsed=0 oled=3C
[   4547] STATUS mode=1 fault=none enc=0 denc=0 sreq=0 sapplied=0 crate=0 uimp=0 upos=0 uneg=0 ball=-60.77 vball=0.16 aball=0.0 bref=0.00 pid=0.0 pref=-2.9 ppos=-2.9 apid=0.0 integ=0.0 vision=1 current=1 vframe=3676 vs=1 vage=16 vpage=16 vdt=33 vmax=67 vacc=3674 vrej=0 seq=0 elapsed=0 oled=3C
[   4592] STATUS mode=1 fault=none enc=0 denc=0 sreq=0 sapplied=0 crate=0 uimp=0 upos=0 uneg=0 ball=-60.77 vball=0.10 aball=0.0 bref=0.00 pid=0.0 pref=-2.9 ppos=-2.9 apid=0.0 integ=0.0 vision=1 current=1 vframe=3677 vs=1 vage=32 vpage=32 vdt=34 vmax=67 vacc=3675 vrej=0 seq=0 elapsed=0 oled=3C
[   4640] STATUS mode=1 fault=none enc=0 denc=0 sreq=0 sapplied=0 crate=0 uimp=0 upos=0 uneg=0 ball=-60.74 vball=0.28 aball=0.0 bref=0.00 pid=0.0 pref=-2.9 ppos=-2.9 apid=0.0 integ=0.0 vision=1 current=1 vframe=3679 vs=1 vage=16 vpage=16 vdt=34 vmax=67 vacc=3677 vrej=0 seq=0 elapsed=0 oled=3C
[   4687] STATUS mode=1 fault=none enc=0 denc=0 sreq=0 sapplied=0 crate=0 uimp=0 upos=0 uneg=0 ball=-60.73 vball=0.27 aball=0.0 bref=0.00 pid=0.0 pref=-2.9 ppos=-2.9 apid=0.0 integ=0.0 vision=1 current=1 vframe=3680 vs=1 vage=33 vpage=33 vdt=33 vmax=67 vacc=3678 vrej=0 seq=0 elapsed=0 oled=3C
[   4750] STATUS mode=1 fault=none enc=0 denc=0 sreq=0 sapplied=0 crate=0 uimp=0 upos=0 uneg=0 ball=-60.74 vball=0.02 aball=0.0 bref=0.00 pid=0.0 pref=-2.9 ppos=-2.9 apid=0.0 integ=0.0 vision=1 current=1 vframe=3682 vs=1 vage=16 vpage=16 vdt=33 vmax=67 vacc=3680 vrej=0 seq=0 elapsed=0 oled=3C
[   4797] STATUS mode=1 fault=none enc=0 denc=0 sreq=0 sapplied=0 crate=0 uimp=0 upos=0 uneg=0 ball=-60.75 vball=-0.08 aball=0.0 bref=0.00 pid=0.0 pref=-2.9 ppos=-2.9 apid=0.0 integ=0.0 vision=1 current=1 vframe=3683 vs=1 vage=33 vpage=33 vdt=33 vmax=67 vacc=3681 vrej=0 seq=0 elapsed=0 oled=3C
[   4842] STATUS mode=1 fault=none enc=0 denc=0 sreq=0 sapplied=0 crate=0 uimp=0 upos=0 uneg=0 ball=-60.76 vball=-0.07 aball=0.0 bref=0.00 pid=0.0 pref=-2.9 ppos=-2.9 apid=0.0 integ=0.0 vision=1 current=1 vframe=3685 vs=1 vage=16 vpage=16 vdt=33 vmax=67 vacc=3683 vrej=0 seq=0 elapsed=0 oled=3C
[   4890] STATUS mode=1 fault=none enc=0 denc=0 sreq=0 sapplied=0 crate=0 uimp=0 upos=0 uneg=0 ball=-60.76 vball=-0.05 aball=0.0 bref=0.00 pid=0.0 pref=-2.9 ppos=-2.9 apid=0.0 integ=0.0 vision=1 current=1 vframe=3686 vs=1 vage=33 vpage=33 vdt=33 vmax=67 vacc=3684 vrej=0 seq=0 elapsed=0 oled=3C
[   4922] S
[   4922] >>> stop
[   4953] TATUS mode=1 fault=none enc=0 denc=0 sreq=0 sapplied=0 crate=0 uimp=0 upos=0 uneg=0 ball=-60.74 vball=0.10 aball=0.0 bref=0.00 pid=0.0 pref=-2.9 ppos=-2.9 apid=0.0 integ=0.0 vision=1 current=1 vframe=3688 vs=1 vage=16 vpage=16 vdt=33 vmax=67 vacc=3686 vrej=0 seq=0 elapsed=0 oled=3C
[   4953] OK stopped
[   5000] STATUS mode=1 fault=none enc=0 denc=0 sreq=0 sapplied=0 crate=0 uimp=0 upos=0 uneg=0 ball=-60.73 vball=0.16 aball=0.0 bref=0.00 pid=0.0 pref=-2.9 ppos=-2.9 apid=0.0 integ=0.0 vision=1 current=1 vframe=3689 vs=1 vage=33 vpage=33 vdt=33 vmax=67 vacc=3687 vrej=0 seq=0 elapsed=0 oled=3C
[   5047] STATUS mode=1 fault=none enc=0 denc=0 sreq=0 sapplied=0 crate=0 uimp=0 upos=0 uneg=0 ball=-60.70 vball=0.26 aball=0.0 bref=0.00 pid=0.0 pref=-2.9 ppos=-2.9 apid=0.0 integ=0.0 vision=1 current=1 vframe=3691 vs=1 vage=15 vpage=15 vdt=34 vmax=67 vacc=3689 vrej=0 seq=0 elapsed=0 oled=3C
[   5092] STATUS mode=1 fault=none enc=0 denc=0 sreq=0 sapplied=0 crate=0 uimp=0 upos=0 uneg=0 ball=-60.70 vball=0.19 aball=0.0 bref=0.00 pid=0.0 pref=-2.9 ppos=-2.9 apid=0.0 integ=0.0 vision=1 current=1 vframe=3692 vs=1 vage=32 vpage=32 vdt=33 vmax=67 vacc=3690 vrej=0 seq=0 elapsed=0 oled=3C
[   5140] STATUS mode=1 fault=none enc=0 denc=0 sreq=0 sapplied=0 crate=0 uimp=0 upos=0 uneg=0 ball=-60.72 vball=-0.03 aball=0.0 bref=0.00 pid=0.0 pref=-2.9 ppos=-2.9 apid=0.0 integ=0.0 vision=1 current=1 vframe=3694 vs=1 vage=15 vpage=15 vdt=34 vmax=67 vacc=3692 vrej=0 seq=0 elapsed=0 oled=3C
[   5187] STATUS mode=1 fault=none enc=0 denc=0 sreq=0 sapplied=0 crate=0 uimp=0 upos=0 uneg=0 ball=-60.72 vball=-0.06 aball=0.0 bref=0.00 pid=0.0 pref=-2.9 ppos=-2.9 apid=0.0 integ=0.0 vision=1 current=1 vframe=3695 vs=1 vage=32 vpage=32 vdt=33 vmax=67 vacc=3693 vrej=0 seq=0 elapsed=0 oled=3C
[   5250] STATUS mode=1 fault=none enc=0 denc=0 sreq=0 sapplied=0 crate=0 uimp=0 upos=0 uneg=0 ball=-60.72 vball=-0.02 aball=0.0 bref=0.00 pid=0.0 pref=-2.9 ppos=-2.9 apid=0.0 integ=0.0 vision=1 current=1 vframe=3697 vs=1 vage=16 vpage=16 vdt=33 vmax=67 vacc=3695 vrej=0 seq=0 elapsed=0 oled=3C
[   5297] STATUS mode=1 fault=none enc=0 denc=0 sreq=0 sapplied=0 crate=0 uimp=0 upos=0 uneg=0 ball=-60.72 vball=-0.01 aball=0.0 bref=0.00 pid=0.0 pref=-2.9 ppos=-2.9 apid=0.0 integ=0.0 vision=1 current=1 vframe=3698 vs=1 vage=32 vpage=32 vdt=34 vmax=67 vacc=3696 vrej=0 seq=0 elapsed=0 oled=3C
[   5342] STATUS mode=1 fault=none enc=0 denc=0 sreq=0 sapplied=0 crate=0 uimp=0 upos=0 uneg=0 ball=-60.72 vball=-0.00 aball=0.0 bref=0.00 pid=0.0 pref=-2.9 ppos=-2.9 apid=0.0 integ=0.0 vision=1 current=1 vframe=3700 vs=1 vage=16 vpage=16 vdt=33 vmax=67 vacc=3698 vrej=0 seq=0 elapsed=0 oled=3C
[   5390] STATUS mode=1 fault=none enc=0 denc=0 sreq=0 sapplied=0 crate=0 uimp=0 upos=0 uneg=0 ball=-60.72 vball=-0.00 aball=0.0 bref=0.00 pid=0.0 pref=-2.9 ppos=-2.9 apid=0.0 integ=0.0 vision=1 current=1 vframe=3701 vs=1 vage=32 vpage=32 vdt=34 vmax=67 vacc=3699 vrej=0 seq=0 elapsed=0 oled=3C
[   5453] STATUS mode=1 fault=none enc=0 denc=0 sreq=0 sapplied=0 crate=0 uimp=0 upos=0 uneg=0 ball=-60.72 vball=0.00 aball=0.0 bref=0.00 pid=0.0 pref=-2.9 ppos=-2.9 apid=0.0 integ=0.0 vision=1 current=1 vframe=3703 vs=1 vage=15 vpage=15 vdt=34 vmax=67 vacc=3701 vrej=0 seq=0 elapsed=0 oled=3C
[   5500] STATUS mode=1 fault=none enc=0 denc=0 sreq=0 sapplied=0 crate=0 uimp=0 upos=0 uneg=0 ball=-60.72 vball=0.00 aball=0.0 bref=0.00 pid=0.0 pref=-2.9 ppos=-2.9 apid=0.0 integ=0.0 vision=1 current=1 vframe=3704 vs=1 vage=32 vpage=32 vdt=33 vmax=67 vacc=3702 vrej=0 seq=0 elapsed=0 oled=3C
[   5531] STATUS mode=1 fault=none 
[   5531] >>> stream off
[   5547] enc=0 denc=0 sreq=0 sapplied=0 crate=0 uimp=0 upos=0 uneg=0 ball=-60.73 vball=-0.11 aball=0.0 bref=0.00 pid=0.0 pref=-2.9 ppos=-2.9 apid=0.0 integ=0.0 vision=1 current=1 vframe=3706 vs=1 vage=16 vpage=16 vdt=33 vmax=67 vacc=3704 vrej=0 seq=0 elapsed=0 oled=3C
[   5547] OK stream off
