[      0] >>> bench on
[     16] OK stepper visual-only bench active; command pose preserved
[    625] >>> clear
[    625] OK fault cleared
[   1250] >>> diag reset
[   1266] OK actuator diagnostics reset
[   1891] >>> stream on 50
[   1891] OK stream on 50 ms
[   1952] STATUS mode=1 fault=none enc=0 denc=0 sreq=0 sapplied=0 crate=0 uimp=0 upos=0 uneg=0 ball=-61.15 vball=-0.98 aball=0.0 bref=0.00 pid=0.0 pref=-2.9 ppos=-2.9 apid=0.0 integ=0.0 vision=1 current=1 vframe=5457 vs=1 vage=3 vpage=3 vdt=34 vmax=67 vacc=5455 vrej=0 seq=0 elapsed=0 oled=3C
[   2016] STATUS mode=1 fault=none enc=0 denc=0 sreq=0 sapplied=0 crate=0 uimp=0 upos=0 uneg=0 ball=-61.15 vball=-0.69 aball=0.0 bref=0.00 pid=0.0 pref=-2.9 ppos=-2.9 apid=0.0 integ=0.0 vision=1 current=1 vframe=5458 vs=1 vage=20 vpage=20 vdt=33 vmax=67 vacc=5456 vrej=0 seq=0 elapsed=0 oled=3C
[   2061] STATUS mode=1 fault=none enc=0 denc=0 sreq=0 sapplied=0 crate=0 uimp=0 upos=0 uneg=0 ball=-61.12 vball=-0.17 aball=0.0 bref=0.00 pid=0.0 pref=-2.9 ppos=-2.9 apid=0.0 integ=0.0 vision=1 current=1 vframe=5460 vs=1 vage=3 vpage=3 vdt=34 vmax=67 vacc=5458 vrej=0 seq=0 elapsed=0 oled=3C
[   2108] STATUS mode=1 fault=none enc=0 denc=0 sreq=0 sapplied=0 crate=0 uimp=0 upos=0 uneg=0 ball=-61.09 vball=0.17 aball=0.0 bref=0.00 pid=0.0 pref=-2.9 ppos=-2.9 apid=0.0 integ=0.0 vision=1 current=1 vframe=5461 vs=1 vage=18 vpage=18 vdt=35 vmax=67 vacc=5459 vrej=0 seq=0 elapsed=0 oled=3C
[   2156] STATUS mode=1 fault=none enc=0 denc=0 sreq=0 sapplied=0 crate=0 uimp=0 upos=0 uneg=0 ball=-60.78 vball=2.24 aball=0.0 bref=0.00 pid=0.0 pref=-2.9 ppos=-2.9 apid=0.0 integ=0.0 vision=1 current=1 vframe=5463 vs=1 vage=3 vpage=3 vdt=32 vmax=67 vacc=5461 vrej=0 seq=0 elapsed=0 oled=3C
[   2202] STATUS mode=1 fault=none enc=0 denc=0 sreq=0 sapplied=0 crate=0 uimp=0 upos=0 uneg=0 ball=-60.74 vball=1.92 aball=0.0 bref=0.00 pid=0.0 pref=-2.9 ppos=-2.9 apid=0.0 integ=0.0 vision=1 current=1 vframe=5464 vs=1 vage=20 vpage=20 vdt=33 vmax=67 vacc=5462 vrej=0 seq=0 elapsed=0 oled=3C
[   2266] STATUS mode=1 fault=none enc=0 denc=0 sreq=0 sapplied=0 crate=0 uimp=0 upos=0 uneg=0 ball=-60.73 vball=0.97 aball=0.0 bref=0.00 pid=0.0 pref=-2.9 ppos=-2.9 apid=0.0 integ=0.0 vision=1 current=1 vframe=5466 vs=1 vage=3 vpage=3 vdt=33 vmax=67 vacc=5464 vrej=0 seq=0 elapsed=0 oled=3C
[   2311] STATUS mode=1 fault=none enc=0 denc=0 sreq=0 sapplied=0 crate=0 uimp=0 upos=0 uneg=0 ball=-60.74 vball=0.63 aball=0.0 bref=0.00 pid=0.0 pref=-2.9 ppos=-2.9 apid=0.0 integ=0.0 vision=1 current=1 vframe=5467 vs=1 vage=20 vpage=20 vdt=33 vmax=67 vacc=5465 vrej=0 seq=0 elapsed=0 oled=3C
[   2358] STATUS mode=1 fault=none enc=0 denc=0 sreq=0 sapplied=0 crate=0 uimp=0 upos=0 uneg=0 ball=-60.75 vball=0.24 aball=0.0 bref=0.00 pid=0.0 pref=-2.9 ppos=-2.9 apid=0.0 integ=0.0 vision=1 current=1 vframe=5469 vs=1 vage=3 vpage=3 vdt=33 vmax=67 vacc=5467 vrej=0 seq=0 elapsed=0 oled=3C
[   2406] STATUS mode=1 fault=none enc=0 denc=0 sreq=0 sapplied=0 crate=0 uimp=0 upos=0 uneg=0 ball=-60.76 vball=0.06 aball=0.0 bref=0.00 pid=0.0 pref=-2.9 ppos=-2.9 apid=0.0 integ=0.0 vision=1 current=1 vframe=5470 vs=1 vage=20 vpage=20 vdt=33 vmax=67 vacc=5468 vrej=0 seq=0 elapsed=0 oled=3C
[   2452] STATUS mode=1 fault=none enc=0 denc=0 sreq=0 sapplied=0 crate=0 uimp=0 upos=0 uneg=0 ball=-60.78 vball=-0.07 aball=0.0 bref=0.00 pid=0.0 pref=-2.9 ppos=-2.9 apid=0.0 integ=0.0 vision=1 current=1 vframe=5472 vs=1 vage=2 vpage=2 vdt=34 vmax=67 vacc=5470 vrej=0 seq=0 elapsed=0 oled=3C
[   2500] STATUS mode=1 fault=none enc=0 denc=0 sreq=0 sapplied=0 crate=0 uimp=0 upos=
[   2500] >>> run -100 100
[   2516] 0 uneg=0 ball=-60.78 vball=-0.06 aball=0.0 bref=0.00 pid=0.0 pref=-2.9 ppos=-2.9 apid=0.0 integ=0.0 vision=1 current=1 vframe=5473 vs=1 vage=19 vpage=19 vdt=33 vmax=67 vacc=5471 vrej=0 seq=0 elapsed=0 oled=3C
[   2516] OK run rate=-100 steps/s ms=100
[   2561] STATUS mode=2 fault=none enc=4 denc=1 sreq=-100 sapplied=-100 crate=-100 uimp=-3000 upos=0 uneg=30 ball=-60.95 vball=-1.66 aball=0.0 bref=0.00 pid=0.0 pref=-2.9 ppos=-5.9 apid=0.0 integ=0.0 vision=1 current=1 vframe=5475 vs=1 vage=3 vpage=3 vdt=33 vmax=67 vacc=5473 vrej=0 seq=0 elapsed=0 oled=3C
[   2608] STATUS mode=2 fault=none enc=-3 denc=0 sreq=-100 sapplied=-100 crate=-100 uimp=-8000 upos=0 uneg=80 ball=-61.08 vball=-2.27 aball=0.0 bref=0.00 pid=0.0 pref=-2.9 ppos=-10.9 apid=0.0 integ=0.0 vision=1 current=1 vframe=5476 vs=1 vage=17 vpage=17 vdt=36 vmax=67 vacc=5474 vrej=0 seq=0 elapsed=0 oled=3C
[   2608] OK run complete
[   2656] STATUS mode=1 fault=none enc=-11 denc=0 sreq=0 sapplied=0 crate=0 uimp=-9000 upos=0 uneg=90 ball=-61.09 vball=-1.15 aball=0.0 bref=0.00 pid=0.0 pref=-11.9 ppos=-11.9 apid=0.0 integ=0.0 vision=1 current=1 vframe=5478 vs=1 vage=2 vpage=2 vdt=34 vmax=67 vacc=5476 vrej=0 seq=0 elapsed=0 oled=3C
[   2718] STATUS mode=1 fault=none enc=-11 denc=0 sreq=0 sapplied=0 crate=0 uimp=-9000 upos=0 uneg=90 ball=-60.95 vball=0.53 aball=0.0 bref=0.00 pid=0.0 pref=-11.9 ppos=-11.9 apid=0.0 integ=0.0 vision=1 current=1 vframe=5479 vs=1 vage=19 vpage=19 vdt=33 vmax=67 vacc=5477 vrej=0 seq=0 elapsed=0 oled=3C
[   2766] STATUS mode=1 fault=none enc=-11 denc=0 sreq=0 sapplied=0 crate=0 uimp=-9000 upos=0 uneg=90 ball=-60.62 vball=2.57 aball=0.0 bref=0.00 pid=0.0 pref=-11.9 ppos=-11.9 apid=0.0 integ=0.0 vision=1 current=1 vframe=5481 vs=1 vage=2 vpage=2 vdt=34 vmax=67 vacc=5479 vrej=0 seq=0 elapsed=0 oled=3C
[   2811] STATUS mode=1 fault=none enc=-11 denc=0 sreq=0 sapplied=0 crate=0 uimp=-9000 upos=0 uneg=90 ball=-60.58 vball=2.17 aball=0.0 bref=0.00 pid=0.0 pref=-11.9 ppos=-11.9 apid=0.0 integ=0.0 vision=1 current=1 vframe=5482 vs=1 vage=19 vpage=19 vdt=33 vmax=67 vacc=5480 vrej=0 seq=0 elapsed=0 oled=3C
[   2858] STATUS mode=1 fault=none enc=-11 denc=0 sreq=0 sapplied=0 crate=0 uimp=-9000 upos=0 uneg=90 ball=-60.59 vball=1.04 aball=0.0 bref=0.00 pid=0.0 pref=-11.9 ppos=-11.9 apid=0.0 integ=0.0 vision=1 current=1 vframe=5484 vs=1 vage=3 vpage=3 vdt=33 vmax=67 vacc=5482 vrej=0 seq=0 elapsed=0 oled=3C
[   2906] STATUS mode=1 fault=none enc=-11 denc=0 sreq=0 sapplied=0 crate=0 uimp=-9000 upos=0 uneg=90 ball=-60.63 vball=0.33 aball=0.0 bref=0.00 pid=0.0 pref=-11.9 ppos=-11.9 apid=0.0 integ=0.0 vision=1 current=1 vframe=5485 vs=1 vage=19 vpage=19 vdt=34 vmax=67 vacc=5483 vrej=0 seq=0 elapsed=0 oled=3C
[   2952] STATUS mode=1 fault=none enc=-11 denc=0 sreq=0 sapplied=0 crate=0 uimp=-9000 upos=0 uneg=90 ball=-60.66 vball=-0.01 aball=0.0 bref=0.00 pid=0.0 pref=-11.9 ppos=-11.9 apid=0.0 integ=0.0 vision=1 current=1 vframe=5487 vs=1 vage=2 vpage=2 vdt=34 vmax=67 vacc=5485 vrej=0 seq=0 elapsed=0 oled=3C
[   3016] STATUS mode=1 fault=none enc=-11 denc=0 sreq=0 sapplied=0 crate=0 uimp=-9000 upos=0 uneg=90 ball=-60.67 vball=-0.10 aball=0.0 bref=0.00 pid=0.0 pref=-11.9 ppos=-11.9 apid=0.0 integ=0.0 vision=1 current=1 vframe=5488 vs=1 vage=19 vpage=19 vdt=33 vmax=67 vacc=5486 vrej=0 seq=0 elapsed=0 oled=3C
[   3061] STATUS mode=1 fault=none enc=-11 denc=0 sreq=0 sapplied=0 crate=0 uimp=-9000 upos=0 uneg=90 ball=-60.68 vball=-0.11 aball=0.0 bref=0.00 pid=0.0 pref=-11.9 ppos=-11.9 apid=0.0 integ=0.0 vision=1 current=1 vframe=5490 vs=1 vage=2 vpage=2 vdt=33 vmax=67 vacc=5488 vrej=0 seq=0 elapsed=0 oled=3C
[   3108] STATUS mode=1 fault=none enc=-11 denc=0 sreq=0 sapplied=0 crate=0 uimp=-9000 upos=0 uneg=90 ball=-60.70 vball=-0.28 aball=0.0 bref=0.00 pid=0.0 pref=-11.9 ppos=-11.9 apid=0.0 inte
[   3108] g=0.0 vision=1 current=1 vframe=5491 vs=1 vage=19 vpage=19 vdt=33 vmax=67 vacc=5489 vrej=0 seq=0 elapsed=0 oled=3C
[   3156] STATUS mode=1 fault=none enc=-11 denc=0 sreq=0 sapplied=0 crate=0 uimp=-9000 upos=0 uneg=90 ball=-60.72 vball=-0.31 aball=0.0 bref=0.00 pid=0.0 pref=-11.9 ppos=-11.9 apid=0.0 integ=0.0 vision=1 current=1 vframe=5493 vs=1 vage=4 vpage=4 vdt=33 vmax=67 vacc=5491 vrej=0 seq=0 elapsed=0 oled=3C
[   3218] STATUS mode=1 fault=none enc=-11 denc=0 sreq=0 sapplied=0 crate=0 uimp=-9000 upos=0 uneg=90 ball=-60.73 vball=-0.22 aball=0.0 bref=0.00 pid=0.0 pref=-11.9 ppos=-11.9 apid=0.0 integ=0.0 vision=1 current=1 vframe=5494 vs=1 vage=20 vpage=20 vdt=34 vmax=67 vacc=5492 vrej=0 seq=0 elapsed=0 oled=3C
[   3266] STATUS mode=1 fault=none enc=-11 denc=0 sreq=0 sapplied=0 crate=0 uimp=-9000 upos=0 uneg=90 ball=-60.72 vball=-0.15 aball=0.0 bref=0.00 pid=0.0 pref=-11.9 ppos=-11.9 apid=0.0 integ=0.0 vision=1 current=1 vframe=5495 vs=1 vage=37 vpage=37 vdt=33 vmax=67 vacc=5493 vrej=0 seq=0 elapsed=0 oled=3C
[   3311] STATUS mode=1 fault=none enc=-11 denc=0 sreq=0 sapplied=0 crate=0 uimp=-9000 upos=0 uneg=90 ball=-60.70 vball=0.28 aball=0.0 bref=0.00 pid=0.0 pref=-11.9 ppos=-11.9 apid=0.0 integ=0.0 vision=1 current=1 vframe=5497 vs=1 vage=19 vpage=19 vdt=26 vmax=67 vacc=5495 vrej=0 seq=0 elapsed=0 oled=3C
[   3358] STATUS mode=1 fault=none enc=-11 denc=0 sreq=0 sapplied=0 crate=0 uimp=-9000 upos=0 uneg=90 ball=-60.68 vball=0.21 aball=0.0 bref=0.00 pid=0.0 pref=-11.9 ppos=-11.9 apid=0.0 integ=0.0 vision=1 current=1 vframe=5499 vs=1 vage=4 vpage=4 vdt=33 vmax=67 vacc=5497 vrej=0 seq=0 elapsed=0 oled=3C
[   3406] STATUS mode=1 fault=none enc=-11 denc=0 sreq=0 sapplied=0 crate=0 uimp=-9000 upos=0 uneg=90 ball=-60.68 vball=0.15 aball=0.0 bref=0.00 pid=0.0 pref=-11.9 ppos=-11.9 apid=0.0 integ=0.0 vision=1 current=1 vframe=5500 vs=1 vage=20 vpage=20 vdt=34 vmax=67 vacc=5498 vrej=0 seq=0 elapsed=0 oled=3C
[   3452] STATUS mode=1 fault=none enc=-11 denc=0 sreq=0 sapplied=0 crate=0 uimp=-9000 upos=0 uneg=90 ball=-60.69 vball=0.04 aball=0.0 bref=0.00 pid=0.0 pref=-11.9 ppos=-11.9 apid=0.0 integ=0.0 vision=1 current=1 vframe=5502 vs=1 vage=4 vpage=4 vdt=33 vmax=67 vacc=5500 vrej=0 seq=0 elapsed=0 oled=3C
[   3516] STATUS mode=1 fault=none enc=-11 denc=0 sreq=0 sapplied=0 crate=0 uimp=-9000 upos=0 uneg=90 ball=-60.69 vball=0.01 aball=0.0 bref=0.00 pid=0.0 pref=-11.9 ppos=-11.9 apid=0.0 integ=0.0 vision=1 current=1 vframe=5503 vs=1 vage=20 vpage=20 vdt=34 vmax=67 vacc=5501 vrej=0 seq=0 elapsed=0 oled=3C
[   3561] STATUS mode=1 fault=none enc=-11 denc=0 sreq=0 sapplied=0 crate=0 uimp=-9000 upos=0 uneg=90 ball=-60.69 vball=0.00 aball=0.0 bref=0.00 pid=0.0 pref=-11.9 ppos=-11.9 apid=0.0 integ=0.0 vision=1 current=1 vframe=5505 vs=1 vage=3 vpage=3 vdt=34 vmax=67 vacc=5503 vrej=0 seq=0 elapsed=0 oled=3C
[   3608] STATUS mode=1 fault=none enc=-11 denc=0 sreq=0 sapplied=0 crate=0 uimp=-9000 upos=0 uneg=90 ball=-60.69 vball=0.00 aball=0.0 bref=0.00 pid=0.0 pref=-11.9 ppos=-11.9 apid=0.0 integ=0
[   3608] >>> status
[   3608] .0 vision=1 current=1 vframe=5506 vs=1 vage=20 vpage=20 vdt=33 vmax=67 vacc=5504 vrej=0 seq=0 elapsed=0 oled=3C
[   3641] STATUS mode=1 fault=none enc=-11 denc=0 sreq=0 sapplied=0 crate=0 uimp=-9000 upos=0 uneg=90 ball=-60.72 vball=-0.31 aball=0.0 bref=0.00 pid=0.0 pref=-11.9 ppos=-11.9 apid=0.0 integ=0.0 vision=1 current=1 vframe=5507 vs=1 vage=4 vpage=4 vdt=33 vmax=67 vacc=5505 vrej=0 seq=0 elapsed=0 oled=3C
[   3656] STATUS mode=1 fault=none enc=-11 denc=0 sreq=0 sapplied=0 crate=0 uimp=-9000 upos=0 uneg=90 ball=-60.75 vball=-0.48 aball=0.0 bref=0.00 pid=0.0 pref=-11.9 ppos=-11.9 apid=0.0 integ=0.0 vision=1 current=1 vframe=5508 vs=1 vage=4 vpage=4 vdt=33 vmax=67 vacc=5506 vrej=0 seq=0 elapsed=0 oled=3C
[   3718] STATUS mode=1 fault=none enc=-11 denc=0 sreq=0 sapplied=0 crate=0 uimp=-9000 upos=0 uneg=90 ball=-60.73 vball=-0.10 aball=0.0 bref=0.00 pid=0.0 pref=-11.9 ppos=-11.9 apid=0.0 integ=0.0 vision=1 current=1 vframe=5509 vs=1 vage=20 vpage=20 vdt=34 vmax=67 vacc=5507 vrej=0 seq=0 elapsed=0 oled=3C
[   3766] STATUS mode=1 fault=none enc=-11 denc=0 sreq=0 sapplied=0 crate=0 uimp=-9000 upos=0 uneg=90 ball=-60.69 vball=0.24 aball=0.0 bref=0.00 pid=0.0 pref=-11.9 ppos=-11.9 apid=0.0 integ=0.0 vision=1 current=1 vframe=5511 vs=1 vage=3 vpage=3 vdt=34 vmax=67 vacc=5509 vrej=0 seq=0 elapsed=0 oled=3C
[   3811] STATUS mode=1 fault=none enc=-11 denc=0 sreq=0 sapplied=0 crate=0 uimp=-9000 upos=0 uneg=90 ball=-60.68 vball=0.19 aball=0.0 bref=0.00 pid=0.0 pref=-11.9 ppos=-11.9 apid=0.0 integ=0.0 vision=1 current=1 vframe=5512 vs=1 vage=20 vpage=20 vdt=33 vmax=67 vacc=5510 vrej=0 seq=0 elapsed=0 oled=3C
[   3858] STATUS mode=1 fault=none enc=-11 denc=0 sreq=0 sapplied=0 crate=0 uimp=-9000 upos=0 uneg=90 ball=-60.69 vball=0.09 aball=0.0 bref=0.00 pid=0.0 pref=-11.9 ppos=-11.9 apid=0.0 integ=0.0 vision=1 current=1 vframe=5514 vs=1 vage=3 vpage=3 vdt=34 vmax=67 vacc=5512 vrej=0 seq=0 elapsed=0 oled=3C
[   3906] STATUS mode=1 fault=none enc=-11 denc=0 sreq=0 sapplied=0 crate=0 uimp=-9000 upos=0 uneg=90 ball=-60.69 vball=0.06 aball=0.0 bref=0.00 pid=0.0 pref=-11.9 ppos=-11.9 apid=0.0 integ=0.0 vision=1 current=1 vframe=5515 vs=1 vage=20 vpage=20 vdt=33 vmax=67 vacc=5513 vrej=0 seq=0 elapsed=0 oled=3C
[   3968] STATUS mode=1 fault=none enc=-11 denc=0 sreq=0 sapplied=0 crate=0 uimp=-9000 upos=0 uneg=90 ball=-60.69 vball=0.02 aball=0.0 bref=0.00 pid=0.0 pref=-11.9 ppos=-11.9 apid=0.0 integ=0.0 vision=1 current=1 vframe=5517 vs=1 vage=4 vpage=4 vdt=33 vmax=67 vacc=5515 vrej=0 seq=0 elapsed=0 oled=3C
[   4016] STATUS mode=1 fault=none enc=-11 denc=0 sreq=0 sapplied=0 crate=0 uimp=-9000 upos=0 uneg=90 ball=-60.67 vball=0.17 aball=0.0 bref=0.00 pid=0.0 pref=-11.9 ppos=-11.9 apid=0.0 integ=0.0 vision=1 current=1 vframe=5518 vs=1 vage=20 vpage=20 vdt=34 vmax=67 vacc=5516 vrej=0 seq=0 elapsed=0 oled=3C
[   4061] STATUS mode=1 fault=none enc=-11 denc=0 sreq=0 sapplied=0 crate=0 uimp=-9000 upos=0 uneg=90 ball=-60.65 vball=0.21 aball=0.0 bref=0.00 pid=0.0 pref=-11.9 ppos=-11.9 apid=0.0 integ=0.0 vision=1 current=1 vframe=5520 vs=1 vage=4 vpage=4 vdt=33 vmax=67 vacc=5518 vrej=0 seq=0 elapsed=0 oled=3C
[   4108] STATUS mode=1 fault=none enc=-11 denc=0 sreq=0 sapplied=0 crate=0 uimp=-9000 upos=0 uneg=90 ball=-60.69 vball=-0.16 aball=0.0 bref=0.00 pid=0.0 pref=-11.9 ppos=-11.9 apid=0.0 integ=0.0 vision=1 current=1 vframe=5521 vs=1 vage=20 vpage=20 vdt=34 vmax=67 vacc=5519 vrej=0 seq=0 elapsed=0 oled=3C
[   4156] STATUS mode=1 fault=none enc=-11 denc=0 sreq=0 sapplied=0 crate=0 uimp=-9000 upos=0 uneg=90 ball=-60.74 vball=-0.41 aball=0.0 bref=0.00 pid=0.0 pref=-11.9 ppos=-11.9 apid=0.0 integ=0.0 vision=1 current=1 vframe=5523 vs=1 vage=4 vpage=4 vdt=33 vmax=67 vacc=5521 vrej=0 seq=0 elapsed=0 oled=3C
[   4218] STATUS mode=1 fault=none enc=-11 denc=0 sreq=0 sapplied=0 crate=0 uimp=-9000 upos=0 uneg=90 ball=-60.74 vball=-0.31 aball=0.0 bref=0.00 pid=0.0 pref=-11.9 ppos=-11.9 apid=0.0 integ=0.0 vision=1 current=1 vframe=5524 vs=1 vage=19 vpage=19 vdt=35 vmax=67 vacc=5522 vrej=0 seq=0 elapsed=0 ol
[   4218] >>> stop
[   4218] ed=3C
[   4218] OK stopped
[   4266] STATUS mode=1 fault=none enc=-11 denc=0 sreq=0 sapplied=0 crate=0 uimp=-9000 upos=0 uneg=90 ball=-60.72 vball=0.01 aball=0.0 bref=0.00 pid=0.0 pref=-11.9 ppos=-11.9 apid=0.0 integ=0.0 vision=1 current=1 vframe=5526 vs=1 vage=4 vpage=4 vdt=33 vmax=67 vacc=5524 vrej=0 seq=0 elapsed=0 oled=3C
[   4311] STATUS mode=1 fault=none enc=-11 denc=0 sreq=0 sapplied=0 crate=0 uimp=-9000 upos=0 uneg=90 ball=-60.54 vball=1.29 aball=0.0 bref=0.00 pid=0.0 pref=-11.9 ppos=-11.9 apid=0.0 integ=0.0 vision=1 current=1 vframe=5527 vs=1 vage=20 vpage=20 vdt=34 vmax=67 vacc=5525 vrej=0 seq=0 elapsed=0 oled=3C
[   4358] STATUS mode=1 fault=none enc=-11 denc=0 sreq=0 sapplied=0 crate=0 uimp=-9000 upos=0 uneg=90 ball=-60.45 vball=0.98 aball=0.0 bref=0.00 pid=0.0 pref=-11.9 ppos=-11.9 apid=0.0 integ=0.0 vision=1 current=1 vframe=5529 vs=1 vage=4 vpage=4 vdt=33 vmax=67 vacc=5527 vrej=0 seq=0 elapsed=0 oled=3C
[   4406] STATUS mode=1 fault=none enc=-11 denc=0 sreq=0 sapplied=0 crate=0 uimp=-9000 upos=0 uneg=90 ball=-60.66 vball=-1.15 aball=0.0 bref=0.00 pid=0.0 pref=-11.9 ppos=-11.9 apid=0.0 integ=0.0 vision=1 current=1 vframe=5530 vs=1 vage=20 vpage=20 vdt=34 vmax=67 vacc=5528 vrej=0 seq=0 elapsed=0 oled=3C
[   4468] STATUS mode=1 fault=none enc=-11 denc=0 sreq=0 sapplied=0 crate=0 uimp=-9000 upos=0 uneg=90 ball=-60.73 vball=-0.92 aball=0.0 bref=0.00 pid=0.0 pref=-11.9 ppos=-11.9 apid=0.0 integ=0.0 vision=1 current=1 vframe=5532 vs=1 vage=3 vpage=3 vdt=33 vmax=67 vacc=5530 vrej=0 seq=0 elapsed=0 oled=3C
[   4516] STATUS mode=1 fault=none enc=-11 denc=0 sreq=0 sapplied=0 crate=0 uimp=-9000 upos=0 uneg=90 ball=-60.71 vball=-0.47 aball=0.0 bref=0.00 pid=0.0 pref=-11.9 ppos=-11.9 apid=0.0 integ=0.0 vision=1 current=1 vframe=5533 vs=1 vage=20 vpage=20 vdt=33 vmax=67 vacc=5531 vrej=0 seq=0 elapsed=0 oled=3C
[   4561] STATUS mode=1 fault=none enc=-11 denc=0 sreq=0 sapplied=0 crate=0 uimp=-9000 upos=0 uneg=90 ball=-60.72 vball=-0.39 aball=0.0 bref=0.00 pid=0.0 pref=-11.9 ppos=-11.9 apid=0.0 integ=0.0 vision=1 current=1 vframe=5535 vs=1 vage=5 vpage=5 vdt=31 vmax=67 vacc=5533 vrej=0 seq=0 elapsed=0 oled=3C
[   4608] STATUS mode=1 fault=none enc=-11 denc=0 sreq=0 sapplied=0 crate=0 uimp=-9000 upos=0 uneg=90 ball=-60.73 vball=-0.29 aball=0.0 bref=0.00 pid=0.0 pref=-11.9 ppos=-11.9 apid=0.0 integ=0.0 vision=1 current=1 vframe=5536 vs=1 vage=21 vpage=21 vdt=34 vmax=67 vacc=5534 vrej=0 seq=0 elapsed=0 oled=3C
[   4656] STATUS mode=1 fault=none enc=-11 denc=0 sreq=0 sapplied=0 crate=0 uimp=-9000 upos=0 uneg=90 ball=-60.74 vball=-0.25 aball=0.0 bref=0.00 pid=0.0 pref=-11.9 ppos=-11.9 apid=0.0 integ=0.0 vision=1 current=1 vframe=5538 vs=1 vage=5 vpage=5 vdt=33 vmax=67 vacc=5536 vrej=0 seq=0 elapsed=0 oled=3C
[   4718] STATUS mode=1 fault=none enc=-11 denc=0 sreq=0 sapplied=0 crate=0 uimp=-9000 upos=0 uneg=90 ball=-60.74 vball=-0.18 aball=0.0 bref=0.00 pid=0.0 pref=-11.9 ppos=-11.9 apid=0.0 integ=0.0 vision=1 current=1 vframe=5539 vs=1 vage=21 vpage=21 vdt=34 vmax=67 vacc=5537 vrej=0 seq=0 elapsed=0 oled=3C
[   4766] STATUS mode=1 fault=none enc=-11 denc=0 sreq=0 sapplied=0 crate=0 uimp=-9000 upos=0 uneg=90 ball=-60.74 vball=-0.08 aball=0.0 bref=0.00 pid=0.0 pref=-11.9 ppos=-11.9 apid=0.0 integ=0.0 vision=1 current=1 vframe=5541 vs=1 vage=3 vpage=3 vdt=35 vmax=67 vacc=5539 vrej=0 seq=0 elapsed=0 oled=3C
[   4811] STATUS mode=1 fault=none enc=-11 denc=0 sreq=0 sapplied=0 crate=0 uimp=-9000 upos=0 uneg=90 ball=-60.74 vball=-0.05 aball=0.0 bref=0.00 pid=0.0 pref=-11.9 ppos=-11.9 apid=0.0 integ=0.0 vision=1 current=1 vframe=5542 vs=1 vage=20 vpage=20 vdt=33 vmax=67 vacc=5540 vrej=0 seq=0 elapsed=0 oled=3C
[   4843] S
[   4843] >>> stream off
[   4858] TATUS mode=1 fault=none enc=-11 denc=0 sreq=0 sapplied=0 crate=0 uimp=-9000 upos=0 uneg=90 ball=-60.72 vball=0.10 aball=0.0 bref=0.00 pid=0.0 pref=-11.9 ppos=-11.9 apid=0.0 integ=0.0 vision=1 current=1 vframe=5544 vs=1 vage=4 vpage=4 vdt=34 vmax=67 vacc=5542 vrej=0 seq=0 elapsed=0 oled=3C
[   4858] OK stream off
