[      0] >>> bench on
[     16] OK stepper visual-only bench active; command pose preserved
[    157] >>> clear
[    172] OK fault cleared
[    313] >>> diag reset
[    327] OK actuator diagnostics reset
[    468] >>> gain zero 4.0 6.0 0.0 5.0 0.0
[    484] OK zero gains kx=4.000 kv=6.000 ki=0.000 kq=5.000 ka=0.000
[    625] >>> limit zero 100.0 100.0
[    641] OK zero limits rate=100 pose=100
[    782] >>> stream on 20
[    797] OK stream on 20 ms
[    827] STATUS mode=1 fault=none enc=882 denc=0 sreq=0 sapplied=0 crate=0 uimp=0 upos=0 uneg=0 ball=-4.70 vball=-0.08 aball=0.0 bref=0.00 pid=0.0 pref=665.6 ppos=665.6 apid=0.0 integ=0.0 vision=1 current=1 vframe=7818 vs=1 vage=3 vpage=3 vdt=33 vmax=233 vacc=7783 vrej=0 seq=0 elapsed=0 oled=3C
[    859] STATUS mode=1 fault=none enc=882 denc=0 sreq=0 sapplied=0 crate=0 uimp=0 upos=0 uneg=0 ball=-4.70 vball=-0.08 aball=0.0 bref=0.00 pid=0.0 pref=665.6 ppos=665.6 apid=0.0 integ=0.0 vision=1 current=1 vframe=7818 vs=1 vage=23 vpage=23 vdt=33 vmax=233 vacc=7783 vrej=0 seq=0 elapsed=0 oled=3C
[    891] STATUS mode=1 fault=none enc=882 denc=0 sreq=0 sapplied=0 crate=0 uimp=0 upos=0 uneg=0 ball=-4.70 vball=-0.06 aball=0.0 bref=0.00 pid=0.0 pref=665.6 ppos=665.6 apid=0.0 integ=0.0 vision=1 current=1 vframe=7819 vs=1 vage=8 vpage=8 vdt=35 vmax=233 vacc=7784 vrej=0 seq=0 elapsed=0 oled=3C
[    907] STATUS mode=1 fault=none enc=882 denc=0 sreq=0 sapplied=0 crate=0 uimp=0 upos=0 uneg=0 ball=-4.70 vball=-0.06 aball=0.0 bref=0.00 pid=0.0 pref=665.6 ppos=665.6 apid=0.0 integ=0.0 vision=1 current=1 vframe=7819 vs=1 vage=28 vpage=28 vdt=35 vmax=233 vacc=7784 vrej=0 seq=0 elapsed=0 oled=3C
[    938] STATUS mode=1 fault=none enc=882 denc=0 sreq=0 sapplied=0 crate=0 uimp=0 upos=0 uneg=0 ball=-4.70 vball=-0.02 aball=0.0 bref=0.00 pid=0.0 pref=665.6 ppos=665.6 apid=0.0 integ=0.0 vision=1 current=1 vframe=7821 vs=1 vage=1 vpage=1 vdt=36 vmax=233 vacc=7786 vrej=0 seq=0 elapsed=0 oled=3C
[    938] >>> zeroctl start
[    952] STATUS mode=1 fault=none enc=882 denc=0 sreq=0 sapplied=0 crate=0 uimp=0 upos=0 uneg=0 ball=-4.70 vball=-0.02 aball=0.0 bref=0.00 pid=0.0 pref=665.6 ppos=665.6 apid=0.0 integ=0.0 vision=1 current=1 vframe=7821 vs=1 vage=21 vpage=21 vdt=36 vmax=233 vacc=7786 vrej=0 seq=0 elapsed=0 oled=3C
[    984] STATUS mode=3 fault=none enc=885 denc=-1 sreq=0 sapplied=0 crate=-19 uimp=0 upos=0 uneg=0 ball=-4.70 vball=-0.02 aball=0.0 bref=0.00 pid=-18.9 pref=0.0 ppos=0.0 apid=0.0 integ=-0.0 vision=1 current=1 vframe=7822 vs=1 vage=8 vpage=8 vdt=33 vmax=233 vacc=7787 vrej=0 seq=0 elapsed=0 oled=3C
[   1016] STATUS mode=3 fault=none enc=886 denc=0 sreq=0 sapplied=0 crate=-19 uimp=0 upos=0 uneg=0 ball=-4.70 vball=-0.02 aball=0.0 bref=0.00 pid=-18.9 pref=0.0 ppos=0.0 apid=0.0 integ=-0.0 vision=1 current=1 vframe=7822 vs=1 vage=28 vpage=28 vdt=33 vmax=233 vacc=7787 vrej=0 seq=0 elapsed=0 oled=3C
[   1032] STATUS mode=3 fault=none enc=886 denc=0 sreq=0 sapplied=0 crate=-19 uimp=0 upos=0 uneg=0 ball=-4.69 vball=0.02 aball=0.7 bref=0.00 pid=-18.6 pref=0.0 ppos=0.0 apid=0.0 integ=-0.0 vision=1 current=1 vframe=7824 vs=1 vage=1 vpage=1 vdt=34 vmax=233 vacc=7789 vrej=0 seq=0 elapsed=0 oled=3C
[   1063] STATUS mode=3 fault=none enc=886 denc=0 sreq=0 sapplied=0 crate=-19 uimp=0 upos=0 uneg=0 ball=-4.69 vball=0.02 aball=0.1 bref=0.00 pid=-18.6 pref=0.0 ppos=0.0 apid=0.0 integ=-0.0 vision=1 current=1 vframe=7824 vs=1 vage=21 vpage=21 vdt=34 vmax=233 vacc=7789 vrej=0 seq=0 elapsed=0 oled=3C
[   1077] STATUS mode=3 fault=none enc=886 denc=0 sreq=0 sapplied=0 crate=-19 uimp=0 upos=0 uneg=0 ball=-4.69 vball=-0.03 aball=-0.3 bref=0.00 pid=-18.8 pref=0.0 ppos=0.0 apid=-0.0 integ=-0.0 vision=1 current=1 vframe=7825 vs=1 vage=8 vpage=8 vdt=33 vmax=233 vacc=7790 vrej=0 seq=0 elapsed=0 oled=3C
[   1109] STATUS mode=3 fault=none enc=886 denc=0 sreq=0 sapplied=0 crate=-19 uimp=0 upos=0 uneg=0 ball=-4.69 vball=-0.03 aball=-0.3 bref=0.00 pid=-18.8 pref=0.0 ppos=0.0 apid=-0.0 integ=-0.0 vision=1 current=1 vframe=7825 vs=1 vage=28 vpage=28 vdt=33 vmax=233 vacc=7790 vrej=0 seq=0 elapsed=0 oled=3C
[   1141] STATUS mode=3 fault=none enc=886 denc=0 sreq=0 sapplied=0 crate=-18 uimp=0 upos=0 uneg=0 ball=-4.68 vball=0.11 aball=0.8 bref=0.00 pid=-18.3 pref=0.0 ppos=0.0 apid=0.0 integ=-0.0 vision=1 current=1 vframe=7827 vs=1 vage=2 vpage=2 vdt=32 vmax=233 vacc=7792 vrej=0 seq=0 elapsed=0 oled=3C
[   1157] STATUS mode=3 fault=none enc=886 denc=0 sreq=0 sapplied=0 crate=-18 uimp=0 upos=0 uneg=0 ball=-4.68 vball=0.11 aball=0.8 bref=0.00 pid=-18.3 pref=0.0 ppos=0.0 apid=0.0 integ=-0.0 vision=1 current=1 vframe=7827 vs=1 vage=22 vpage=22 vdt=32 vmax=233 vacc=7792 vrej=0 seq=0 elapsed=0 oled=3C
[   1188] STATUS mode=3 fault=none enc=886 denc=0 sreq=0 sapplied=0 crate=-18 uimp=0 upos=0 uneg=0 ball=-4.68 vball=0.09 aball=0.4 bref=0.00 pid=-18.2 pref=0.0 ppos=0.0 apid=0.0 integ=-0.0 vision=1 current=1 vframe=7828 vs=1 vage=7 vpage=7 vdt=35 vmax=233 vacc=7793 vrej=0 seq=0 elapsed=0 oled=3C
[   1202] STATUS mode=3 fault=none enc=886 denc=0 sreq=0 sapplied=0 crate=-18 uimp=0 upos=0 uneg=0 ball=-4.68 vball=0.09 aball=0.4 bref=0.00 pid=-18.2 pref=0.0 ppos=0.0 apid=0.0 integ=-0.0 vision=1 current=1 vframe=7828 vs=1 vage=27 vpage=27 vdt=35 vmax=233 vacc=7793 vrej=0 seq=0 elapsed=0 oled=3C
[   1234] STATUS mode=3 fault=none enc=886 denc=0 sreq=0 sapplied=0 crate=-19 uimp=0 upos=0 uneg=0 ball=-4.68 vball=0.01 aball=-0.4 bref=0.00 pid=-18.5 pref=0.0 ppos=0.0 apid=-0.0 integ=-0.0 vision=1 current=1 vframe=7830 vs=1 vage=3 vpage=3 vdt=31 vmax=233 vacc=7795 vrej=0 seq=0 elapsed=0 oled=3C
[   1266] STATUS mode=3 fault=none enc=886 denc=0 sreq=0 sapplied=0 crate=-18 uimp=0 upos=0 uneg=0 ball=-4.68 vball=0.01 aball=-0.4 bref=0.00 pid=-18.5 pref=0.0 ppos=0.0 apid=-0.0 integ=-0.0 vision=1 current=1 vframe=7830 vs=1 vage=23 vpage=23 vdt=31 vmax=233 vacc=7795 vrej=0 seq=0 elapsed=0 oled=3C
[   1282] STATUS mode=3 fault=none enc=886 denc=0 sreq=0 sapplied=0 crate=-19 uimp=0 upos=0 uneg=0 ball=-4.68 vball=-0.01 aball=-0.4 bref=0.00 pid=-18.7 pref=0.0 ppos=0.0 apid=-0.0 integ=-0.0 vision=1 current=1 vframe=7831 vs=1 vage=9 vpage=9 vdt=34 vmax=233 vacc=7796 vrej=0 seq=0 elapsed=0 oled=3C
[   1313] STATUS mode=3 fault=none enc=886 denc=0 sreq=0 sapplied=0 crate=-19 uimp=0 upos=0 uneg=0 ball=-4.68 vball=-0.01 aball=-0.4 bref=0.00 pid=-18.7 pref=0.0 ppos=0.0 apid=-0.0 integ=-0.0 vision=1 current=1 vframe=7831 vs=1 vage=29 vpage=29 vdt=34 vmax=233 vacc=7796 vrej=0 seq=0 elapsed=0 oled=3C
[   1343] STATUS mode=3 fault=none enc=886 denc=0 sreq=0 sapplied=0 crate=-19 uimp=0 upos=0 uneg=0 ball=-4.70 vball=-0.10 aball=-0.7 bref=0.00 pid=-19.3 pref=0.0 ppos=0.0 apid=-0.0 integ=-0.0 vision=1 current=1 vframe=7833 vs=1 vage=2 vpage=2 vdt=34 vmax=233 vacc=7798 vrej=0 seq=0 elapsed=0 oled=3C
[   1359] STATUS mode=3 fault=none enc=886 denc=0 sreq=0 sapplied=0 crate=-19 uimp=0 upos=0 uneg=0 ball=-4.70 vball=-0.10 aball=-0.7 bref=0.00 pid=-19.3 pref=0.0 ppos=0.0 apid=-0.0 integ=-0.0 vision=1 current=1 vframe=7833 vs=1 vage=22 vpage=22 vdt=34 vmax=233 vacc=7798 vrej=0 seq=0 elapsed=0 oled=3C
[   1391] STATUS mode=3 fault=none enc=886 denc=0 sreq=0 sapplied=0 crate=-19 uimp=0 upos=0 uneg=0 ball=-4.70 vball=-0.07 aball=-0.3 bref=0.00 pid=-19.3 pref=0.0 ppos=0.0 apid=-0.0 integ=-0.0 vision=1 current=1 vframe=7834 vs=1 vage=9 vpage=9 vdt=33 vmax=233 vacc=7799 vrej=0 seq=0 elapsed=0 oled=3C
[   1407] STATUS mode=3 fault=none enc=886 denc=0 sreq=0 sapplied=0 crate=-19 uimp=0 upos=0 uneg=0 ball=-4.70 vball=-0.07 aball=-0.3 bref=0.00 pid=-19.3 pref=0.0 ppos=0.0 apid=-0.0 integ=-0.0 vision=1 current=1 vframe=7834 vs=1 vage=29 vpage=29 vdt=33 vmax=233 vacc=7799 vrej=0 seq=0 elapsed=0 oled=3C
[   1438] STATUS mode=3 fault=none enc=886 denc=0 sreq=0 sapplied=0 crate=-19 uimp=0 upos=0 uneg=0 ball=-4.70 vball=-0.03 aball=0.1 bref=0.00 pid=-19.1 pref=0.0 ppos=0.0 apid=0.0 integ=-0.0 vision=1 current=1 vframe=7836 vs=1 vage=2 vpage=2 vdt=34 vmax=233 vacc=7801 vrej=0 seq=0 elapsed=0 oled=3C
[   1468] STATUS mode=3 fault=none enc=886 denc=0 sreq=0 sapplied=0 crate=-19 uimp=0 upos=0 uneg=0 ball=-4.70 vball=-0.03 aball=0.1 bref=0.00 pid=-19.1 pref=0.0 ppos=0.0 apid=0.0 integ=-0.0 vision=1 current=1 vframe=7836 vs=1 vage=22 vpage=22 vdt=34 vmax=233 vacc=7801 vrej=0 seq=0 elapsed=0 oled=3C
[   1484] STATUS mode=3 fault=none enc=886 denc=0 sreq=0 sapplied=0 crate=-19 uimp=0 upos=0 uneg=0 ball=-4.70 vball=-0.03 aball=0.1 bref=0.00 pid=-19.1 pref=0.0 ppos=0.0 apid=0.0 integ=-0.0 vision=1 current=1 vframe=7836 vs=1 vage=42 vpage=42 vdt=34 vmax=233 vacc=7801 vrej=0 seq=0 elapsed=0 oled=3C
[   1516] STATUS mode=3 fault=none enc=886 denc=0 sreq=0 sapplied=0 crate=-19 uimp=0 upos=0 uneg=0 ball=-4.70 vball=-0.02 aball=0.1 bref=0.00 pid=-18.9 pref=0.0 ppos=0.0 apid=0.0 integ=-0.0 vision=1 current=1 vframe=7838 vs=1 vage=17 vpage=17 vdt=20 vmax=233 vacc=7803 vrej=0 seq=0 elapsed=0 oled=3C
[   1547] STATUS mode=3 fault=none enc=886 denc=0 sreq=0 sapplied=0 crate=-19 uimp=0 upos=0 uneg=0 ball=-4.70 vball=-0.01 aball=0.2 bref=0.00 pid=-18.9 pref=0.0 ppos=0.0 apid=0.0 integ=-0.0 vision=1 current=1 vframe=7839 vs=1 vage=17 vpage=17 vdt=20 vmax=233 vacc=7804 vrej=0 seq=0 elapsed=0 oled=3C
[   1563] STATUS mode=3 fault=none enc=886 denc=0 sreq=0 sapplied=0 crate=-19 uimp=0 upos=0 uneg=0 ball=-4.70 vball=-0.01 aball=0.1 bref=0.00 pid=-18.9 pref=0.0 ppos=0.0 apid=0.0 integ=-0.0 vision=1 current=1 vframe=7840 vs=1 vage=12 vpage=12 vdt=25 vmax=233 vacc=7805 vrej=0 seq=0 elapsed=0 oled=3C
[   1593] STATUS mode=3 fault=none enc=886 denc=0 sreq=0 sapplied=0 crate=-19 uimp=0 upos=0 uneg=0 ball=-4.70 vball=-0.01 aball=0.1 bref=0.00 pid=-18.9 pref=0.0 ppos=0.0 apid=0.0 integ=-0.0 vision=1 current=1 vframe=7840 vs=1 vage=32 vpage=32 vdt=25 vmax=233 vacc=7805 vrej=0 seq=0 elapsed=0 oled=3C
[   1609] STATUS mode=3 fault=none enc=886 denc=0 sreq=0 sapplied=0 crate=-19 uimp=0 upos=0 uneg=0 ball=-4.70 vball=-0.01 aball=0.1 bref=0.00 pid=-18.9 pref=0.0 ppos=0.0 apid=0.0 integ=-0.0 vision=1 current=1 vframe=7841 vs=1 vage=34 vpage=34 vdt=38 vmax=233 vacc=7806 vrej=0 seq=0 elapsed=0 oled=3C
[   1641] STATUS mode=3 fault=none enc=886 denc=0 sreq=0 sapplied=0 crate=-19 uimp=0 upos=0 uneg=0 ball=-4.70 vball=-0.00 aball=0.1 bref=0.00 pid=-18.9 pref=0.0 ppos=0.0 apid=0.0 integ=-0.0 vision=1 current=1 vframe=7842 vs=1 vage=0 vpage=0 vdt=54 vmax=233 vacc=7807 vrej=0 seq=0 elapsed=0 oled=3C
[   1672] STATUS mode=3 fault=none enc=886 denc=0 sreq=0 sapplied=0 crate=-19 uimp=0 upos=0 uneg=0 ball=-4.70 vball=-0.00 aball=0.1 bref=0.00 pid=-18.8 pref=0.0 ppos=0.0 apid=0.0 integ=-0.0 vision=1 current=1 vframe=7842 vs=1 vage=20 vpage=20 vdt=54 vmax=233 vacc=7807 vrej=0 seq=0 elapsed=0 oled=3C
[   1688] STATUS mode=3 fault=none enc=886 denc=0 sreq=0 sapplied=0 crate=-19 uimp=0 upos=0 uneg=0 ball=-4.71 vball=-0.06 aball=-0.6 bref=0.00 pid=-19.1 pref=0.0 ppos=0.0 apid=-0.0 integ=-0.0 vision=1 current=1 vframe=7844 vs=1 vage=5 vpage=5 vdt=14 vmax=233 vacc=7809 vrej=0 seq=0 elapsed=0 oled=3C
[   1718] STATUS mode=3 fault=none enc=886 denc=0 sreq=0 sapplied=0 crate=-19 uimp=0 upos=0 uneg=0 ball=-4.71 vball=-0.07 aball=-0.6 bref=0.00 pid=-19.2 pref=0.0 ppos=0.0 apid=-0.0 integ=-0.0 vision=1 current=1 vframe=7845 vs=1 vage=16 vpage=16 vdt=29 vmax=233 vacc=7810 vrej=0 seq=0 elapsed=0 oled=3C
[   1734] STATUS mode=3 fault=none enc=886 denc=0 sreq=0 sapplied=0 crate=-19 uimp=0 upos=0 uneg=0 ball=-4.71 vball=-0.06 aball=-0.4 bref=0.00 pid=-19.2 pref=0.0 ppos=0.0 apid=-0.0 integ=-0.0 vision=1 current=1 vframe=7846 vs=1 vage=2 vpage=2 vdt=34 vmax=233 vacc=7811 vrej=0 seq=0 elapsed=0 oled=3C
[   1766] STATUS mode=3 fault=none enc=886 denc=0 sreq=0 sapplied=0 crate=-19 uimp=0 upos=0 uneg=0 ball=-4.71 vball=-0.06 aball=-0.4 bref=0.00 pid=-19.2 pref=0.0 ppos=0.0 apid=-0.0 integ=-0.0 vision=1 current=1 vframe=7846 vs=1 vage=22 vpage=22 vdt=34 vmax=233 vacc=7811 vrej=0 seq=0 elapsed=0 oled=3C
[   1797] STATUS mode=3 fault=none enc=886 denc=0 sreq=0 sapplied=0 crate=-18 uimp=0 upos=0 uneg=0 ball=-4.69 vball=0.12 aball=1.1 bref=0.00 pid=-18.5 pref=0.0 ppos=0.0 apid=0.0 integ=-0.0 vision=1 current=1 vframe=7847 vs=1 vage=8 vpage=8 vdt=34 vmax=233 vacc=7812 vrej=0 seq=0 elapsed=0 oled=3C
[   1813] STATUS mode=3 fault=none enc=886 denc=0 sreq=0 sapplied=0 crate=-18 uimp=0 upos=0 uneg=0 ball=-4.68 vball=0.21 aball=1.5 bref=0.00 pid=-17.8 pref=0.0 ppos=0.0 apid=0.0 integ=-0.0 vision=1 current=1 vframe=7848 vs=1 vage=16 vpage=16 vdt=32 vmax=233 vacc=7813 vrej=0 seq=0 elapsed=0 oled=3C
[   1843] STATUS mode=3 fault=none enc=886 denc=0 sreq=0 sapplied=0 crate=-18 uimp=0 upos=0 uneg=0 ball=-4.68 vball=0.21 aball=1.5 bref=0.00 pid=-17.8 pref=0.0 ppos=0.0 apid=0.0 integ=-0.0 vision=1 current=0 vframe=7849 vs=0 vage=36 vpage=2 vdt=32 vmax=233 vacc=7813 vrej=0 seq=0 elapsed=0 oled=3C
[   1859] STATUS mode=3 fault=none enc=886 denc=0 sreq=0 sapplied=0 crate=-18 uimp=0 upos=0 uneg=0 ball=-4.68 vball=0.21 aball=1.5 bref=0.00 pid=-17.8 pref=0.0 ppos=0.0 apid=0.0 integ=-0.0 vision=1 current=0 vframe=7849 vs=0 vage=56 vpage=22 vdt=32 vmax=233 vacc=7813 vrej=0 seq=0 elapsed=0 oled=3C
[   1891] STATUS mode=3 fault=none enc=886 denc=0 sreq=0 sapplied=0 crate=-18 uimp=0 upos=0 uneg=0 ball=-4.68 vball=0.21 aball=1.5 bref=0.00 pid=-17.8 pref=0.0 ppos=0.0 apid=0.0 integ=-0.0 vision=1 current=0 vframe=7850 vs=0 vage=76 vpage=8 vdt=32 vmax=233 vacc=7813 vrej=0 seq=0 elapsed=0 oled=3C
[   1922] STATUS mode=3 fault=none enc=886 denc=0 sreq=0 sapplied=0 crate=0 uimp=0 upos=0 uneg=0 ball=-4.68 vball=0.21 aball=1.5 bref=0.00 pid=-17.8 pref=0.0 ppos=0.0 apid=0.0 integ=-0.0 vision=1 current=0 vframe=7851 vs=0 vage=116 vpage=16 vdt=32 vmax=233 vacc=7813 vrej=0 seq=0 elapsed=0 oled=3C
[   1938] STATUS mode=3 fault=none enc=886 denc=0 sreq=0 sapplied=0 crate=0 uimp=0 upos=0 uneg=0 ball=-4.68 vball=0.21 aball=1.5 bref=0.00 pid=-17.8 pref=0.0 ppos=0.0 apid=0.0 integ=-0.0 vision=1 current=0 vframe=7852 vs=0 vage=136 vpage=2 vdt=32 vmax=233 vacc=7813 vrej=0 seq=0 elapsed=0 oled=3C
[   1938] >>> stop
[   1968] STATUS mode=3 fault=none enc=886 denc=0 sreq=0 sapplied=0 crate=0 uimp=0 upos=0 uneg=0 ball=-4.68 vball=0.21 aball=1.5 bref=0.00 pid=-17.8 pref=0.0 ppos=0.0 apid=0.0 integ=-0.0 vision=1 current=0 vframe=7852 vs=0 vage=156 vpage=22 vdt=32 vmax=233 vacc=7813 vrej=0 seq=0 elapsed=0 oled=3C
[   2000] STATUS mode=1 fault=none enc=882 denc=0 sreq==0 sapplied=0 crate=0 uimp=0 upos=0 uneg=0 ball=-4.68 vball=0.21 aball=0.0 bref=0.00 pid=0.0 pref=665.6 ppos=665.6 apid=0.0 integ=0.0 vision=1 current=0 vframe=7853 vs=0 vage=176 vpage=9 vdt=32 vmax=233 vacc=7813 vrej=0 seq=0 elapsed=0 oled=3C
[   2016] STATUS mode=1 fault=none enc=882 denc=0 sreq=0 sapplied=0 crate=0 uimp=0 upos=0 uneg=0 ball=-4.68 vball=0.21 aball=0.0 bref=0.00 pid=0.0 pref=665.6 ppos=665.6 apid=0.0 integ=0.0 vision=1 current=0 vframe=7854 vs=0 vage=216 vpage=15 vdt=32 vmax=233 vacc=7813 vrej=0 seq=0 elapsed=0 oled=3C
[   2047] STATUS mode=1 fault=none enc=882 denc=0 sreq=0 sapplied=0 crate=0 uimp=0 upos=0 uneg=0 ball=-4.68 vball=0.21 aball=0.0 bref=0.00 pid=0.0 pref=665.6 ppos=665.6 apid=0.0 integ=0.0 vision=1 current=0 vframe=7855 vs=0 vage=236 vpage=4 vdt=32 vmax=233 vacc=7813 vrej=0 seq=0 elapsed=0 oled=3C
[   2063] STATUS mode=1 fault=none enc=882 denc=0 sreq=0 sapplied=0 crate=0 uimp=0 upos=0 uneg=0 ball=-4.68 vball=0.21 aball=0.0 bref=0.00 pid=0.0 pref=665.6 ppos=665.6 apid=0.0 integ=0.0 vision=1 current=0 vframe=7855 vs=0 vage=256 vpage=24 vdt=32 vmax=233 vacc=7813 vrej=0 seq=0 elapsed=0 oled=3C
[   2093] STATUS mode=1 fault=none enc=882 denc=0 sreq=0 sapplied=0 crate=0 uimp=0 upos=0 uneg=0 ball=-4.68 vball=0.21 aball=0.0 bref=0.00 pid=0.0 pref=665.6 ppos=665.6 apid=0.0 integ=0.0 vision=1 current=0 vframe=7856 vs=0 vage=296 vpage=31 vdt=32 vmax=233 vacc=7813 vrej=0 seq=0 elapsed=0 oled=3C
[   2125] STATUS mode=1 fault=none enc=882 denc=0 sreq=0 sapplied=0 crate=0 uimp=0 upos=0 uneg=0 ball=-4.68 vball=0.21 aball=0.0 bref=0.00 pid=0.0 pref=665.6 ppos=665.6 apid=0.0 integ=0.0 vision=1 current=0 vframe=7857 vs=0 vage=316 vpage=18 vdt=32 vmax=233 vacc=7813 vrej=0 seq=0 elapsed=0 oled=3C
[   2141] STATUS mode=1 fault=none enc=882 denc=0 sreq=0 sapplied=0 crate=0 uimp=0 upos=0 uneg=0 ball=-4.68 vball=0.21 aball=0.0 bref=0.00 pid=0.0 pref=665.6 ppos=665.6 apid=0.0 integ=0.0 vision=1 current=0 vframe=7858 vs=0 vage=336 vpage=3 vdt=32 vmax=233 vacc=7813 vrej=0 seq=0 elapsed=0 oled=3C
[   2172] STATUS mode=1 fault=none enc=882 denc=0 sreq=0 sapplied=0 crate=0 uimp=0 upos=0 uneg=0 ball=-4.68 vball=0.21 aball=0.0 bref=0.00 pid=0.0 pref=665.6 ppos=665.6 apid=0.0 integ=0.0 vision=1 current=0 vframe=7858 vs=0 vage=356 vpage=23 vdt=32 vmax=233 vacc=7813 vrej=0 seq=0 elapsed=0 oled=3C
[   2188] STATUS mode=1 fault=none enc=882 denc=0 sreq=0 sapplied=0 crate=0 uimp=0 upos=0 uneg=0 ball=-4.68 vball=0.21 aball=0.0 bref=0.00 pid=0.0 pref=665.6 ppos=665.6 apid=0.0 integ=0.0 vision=1 current=0 vframe=7859 vs=0 vage=396 vpage=29 vdt=32 vmax=233 vacc=7813 vrej=0 seq=0 elapsed=0 oled=3C
[   2218] STATUS mode=1 fault=none enc=882 denc=0 sreq=0 sapplied=0 crate=0 uimp=0 upos=0 uneg=0 ball=-4.68 vball=0.21 aball=0.0 bref=0.00 pid=0.0 pref=665.6 ppos=665.6 apid=0.0 integ=0.0 vision=1 current=0 vframe=7860 vs=0 vage=416 vpage=16 vdt=32 vmax=233 vacc=7813 vrej=0 seq=0 elapsed=0 oled=3C
[   2250] STATUS mode=1 fault=none enc=882 denc=0 sreq=0 sapplied=0 crate=0 uimp=0 upos=0 uneg=0 ball=-4.68 vball=0.21 aball=0.0 bref=0.00 pid=0.0 pref=665.6 ppos=665.6 apid=0.0 integ=0.0 vision=1 current=0 vframe=7861 vs=0 vage=436 vpage=2 vdt=32 vmax=233 vacc=7813 vrej=0 seq=0 elapsed=0 oled=3C
[   2250] >>> stream off
[   2266] STATUS mode=1 fault=none enc=882 denc=0 sreq=0 sapplied=0 crate=0 uimp=0 upos=0 uneg=0 ball=-4.68 vball=0.21 aball=0.0 bref=0.00 pid=0.0 pref=665.6 ppos=665.6 apid=0.0 integ=0.0 vision=1 current=0 vframe=7861 vs=0 vage=456 vpage=22 vdt=32 vmax=233 vacc=7813 vrej=0 seq=0 elapsed=0 oled=3C
[   2266] OK stream off
[   2422] STOP_REASON vision_loss
