[      0] >>> bench on
[     15] OK stepper visual-only bench active; command pose preserved
[    156] >>> clear
[    156] OK fault cleared
[    312] >>> diag reset
[    328] OK actuator diagnostics reset
[    467] >>> gain zero 4.0 6.0 0.0 2.0 0.0
[    483] OK zero gains kx=4.000 kv=6.000 ki=0.000 kq=2.000 ka=0.000
[    625] >>> limit zero 100.0 100.0
[    625] OK zero limits rate=100 pose=100
[    781] >>> stream on 20
[    781] OK stream on 20 ms
[    828] STATUS mode=1 fault=none enc=897 denc=0 sreq=0 sapplied=0 crate=0 uimp=0 upos=0 uneg=0 ball=-69.72 vball=0.03 aball=0.0 bref=0.00 pid=0.0 pref=670.1 ppos=670.1 apid=0.0 integ=0.0 vision=1 current=1 vframe=16902 vs=1 vage=29 vpage=29 vdt=34 vmax=6166 vacc=16033 vrej=0 seq=0 elapsed=0 oled=3C
[    858] STATUS mode=1 fault=none enc=897 denc=0 sreq=0 sapplied=0 crate=0 uimp=0 upos=0 uneg=0 ball=-69.72 vball=0.02 aball=0.0 bref=0.00 pid=0.0 pref=670.1 ppos=670.1 apid=0.0 integ=0.0 vision=1 current=1 vframe=16903 vs=1 vage=16 vpage=16 vdt=33 vmax=6166 vacc=16034 vrej=0 seq=0 elapsed=0 oled=3C
[    875] STATUS mode=1 fault=none enc=897 denc=0 sreq=0 sapplied=0 crate=0 uimp=0 upos=0 uneg=0 ball=-69.72 vball=0.02 aball=0.0 bref=0.00 pid=0.0 pref=670.1 ppos=670.1 apid=0.0 integ=0.0 vision=1 current=1 vframe=16904 vs=1 vage=3 vpage=3 vdt=33 vmax=6166 vacc=16035 vrej=0 seq=0 elapsed=0 oled=3C
[    906] STATUS mode=1 fault=none enc=897 denc=0 sreq=0 sapplied=0 crate=0 uimp=0 upos=0 uneg=0 ball=-69.72 vball=0.02 aball=0.0 bref=0.00 pid=0.0 pref=670.1 ppos=670.1 apid=0.0 integ=0.0 vision=1 current=1 vframe=16904 vs=1 vage=23 vpage=23 vdt=33 vmax=6166 vacc=16035 vrej=0 seq=0 elapsed=0 oled=3C
[    937] STATUS mode=1 fault=none enc=897 denc=0 sreq=0 sapplied=0 crate=0 uimp=0 upos=0 uneg=0 ball=-69.72 vball=0.01 aball=0.0 bref=0.00 pid=0.0 pref=670.1 ppos=670.1 apid=0.0 integ=0.0 vision=1 current=1 vframe=16905 vs=1 vage=30 vpage=30 vdt=33 vmax=6166 vacc=16036 vrej=0 seq=0 elapsed=0 oled=3C
[    937] >>> zeroctl start
[    953] STATUS mode=1 fault=none enc=897 denc=0 sreq=0 sapplied=0 crate=0 uimp=0 upos=0 uneg=0 ball=-69.72 vball=0.01 aball=0.0 bref=0.00 pid=0.0 pref=670.1 ppos=670.1 apid=0.0 integ=0.0 vision=1 current=1 vframe=16906 vs=1 vage=16 vpage=16 vdt=34 vmax=6166 vacc=16037 vrej=0 seq=0 elapsed=0 oled=3C
[    983] STATUS mode=3 fault=none enc=897 denc=0 sreq=-100 sapplied=-100 crate=-100 uimp=-1000 upos=0 uneg=10 ball=-69.72 vball=0.00 aball=-0.1 bref=0.00 pid=-100.0 pref=0.0 ppos=-1.0 apid=-0.0 integ=-0.0 vision=1 current=1 vframe=16907 vs=1 vage=3 vpage=3 vdt=33 vmax=6166 vacc=16038 vrej=0 seq=0 elapsed=0 oled=3C
[   1015] STATUS mode=3 fault=none enc=894 denc=0 sreq=-100 sapplied=-100 crate=-100 uimp=-3000 upos=0 uneg=30 ball=-69.72 vball=0.00 aball=-0.1 bref=0.00 pid=-100.0 pref=0.0 ppos=-3.0 apid=-0.0 integ=-0.0 vision=1 current=1 vframe=16907 vs=1 vage=23 vpage=23 vdt=33 vmax=6166 vacc=16038 vrej=0 seq=0 elapsed=0 oled=3C
[   1031] STATUS mode=3 fault=none enc=889 denc=0 sreq=-100 sapplied=-100 crate=-100 uimp=-7000 upos=0 uneg=70 ball=-69.73 vball=-0.06 aball=-0.5 bref=0.00 pid=-100.0 pref=0.0 ppos=-7.0 apid=-0.0 integ=-0.0 vision=1 current=1 vframe=16915 vs=1 vage=30 vpage=30 vdt=33 vmax=6166 vacc=16046 vrej=0 seq=0 elapsed=0 oled=3C
[   1062] STATUS mode=3 fault=none enc=887 denc=1 sreq=-100 sapplied=-100 crate=-100 uimp=-9000 upos=0 uneg=90 ball=-69.73 vball=-0.06 aball=-0.4 bref=0.00 pid=-100.0 pref=0.0 ppos=-9.0 apid=-0.0 integ=-0.0 vision=1 current=1 vframe=16916 vs=1 vage=16 vpage=16 vdt=34 vmax=6166 vacc=16047 vrej=0 seq=0 elapsed=0 oled=3C
[   1092] STATUS mode=3 fault=none enc=882 denc=1 sreq=-100 sapplied=-100 crate=-100 uimp=-13000 upos=0 uneg=130 ball=-69.73 vball=-0.05 aball=-0.2 bref=0.00 pid=-100.0 pref=0.0 ppos=-13.0 apid=-0.0 integ=-0.0 vision=1 current=1 vframe=16917 vs=1 vage=23 vpage=23 vdt=33 vmax=6166 vacc=16048 vrej=0 seq=0 elapsed=0 oled=3C
[   1125] STATUS mode=3 fault=none enc=879 denc=0 sreq=-100 sapplied=-100 crate=-100 uimp=-15000 upos=0 uneg=150 ball=-69.73 vball=-0.03 aball=-0.0 bref=0.00 pid=-100.0 pref=0.0 ppos=-15.0 apid=-0.0 integ=-0.0 vision=1 current=1 vframe=16918 vs=1 vage=10 vpage=10 vdt=33 vmax=6166 vacc=16049 vrej=0 seq=0 elapsed=0 oled=3C
[   1140] STATUS mode=3 fault=none enc=877 denc=0 sreq=-100 sapplied=-100 crate=-100 uimp=-17000 upos=0 uneg=170 ball=-69.73 vball=-0.03 aball=-0.0 bref=0.00 pid=-100.0 pref=0.0 ppos=-17.0 apid=-0.0 integ=-0.0 vision=1 current=1 vframe=16918 vs=1 vage=30 vpage=30 vdt=33 vmax=6166 vacc=16049 vrej=0 seq=0 elapsed=0 oled=3C
[   1172] STATUS mode=3 fault=none enc=871 denc=-1 sreq=-100 sapplied=-100 crate=-100 uimp=-21000 upos=0 uneg=210 ball=-69.73 vball=-0.01 aball=0.1 bref=0.00 pid=-100.0 pref=0.0 ppos=-21.0 apid=0.0 integ=-0.0 vision=1 current=1 vframe=16920 vs=1 vage=3 vpage=3 vdt=34 vmax=6166 vacc=16051 vrej=0 seq=0 elapsed=0 oled=3C
[   1203] STATUS mode=3 fault=none enc=869 denc=0 sreq=-100 sapplied=-100 crate=-100 uimp=-23000 upos=0 uneg=230 ball=-69.73 vball=-0.01 aball=0.1 bref=0.00 pid=-100.0 pref=0.0 ppos=-23.0 apid=0.0 integ=-0.0 vision=1 current=1 vframe=16920 vs=1 vage=23 vpage=23 vdt=34 vmax=6166 vacc=16051 vrej=0 seq=0 elapsed=0 oled=3C
[   1233] STATUS mode=3 fault=none enc=867 denc=1 sreq=-100 sapplied=-100 crate=-100 uimp=-25000 upos=0 uneg=250 ball=-69.73 vball=-0.01 aball=0.1 bref=0.00 pid=-100.0 pref=0.0 ppos=-25.0 apid=0.0 integ=-0.0 vision=1 current=1 vframe=16921 vs=1 vage=9 vpage=9 vdt=34 vmax=6166 vacc=16052 vrej=0 seq=0 elapsed=0 oled=3C
[   1250] STATUS mode=3 fault=none enc=861 denc=0 sreq=-100 sapplied=-100 crate=-100 uimp=-29000 upos=0 uneg=290 ball=-69.71 vball=0.20 aball=1.7 bref=0.00 pid=-100.0 pref=0.0 ppos=-29.0 apid=0.0 integ=-0.0 vision=1 current=1 vframe=16922 vs=1 vage=16 vpage=16 vdt=33 vmax=6166 vacc=16053 vrej=0 seq=0 elapsed=0 oled=3C
[   1281] STATUS mode=3 fault=none enc=859 denc=1 sreq=-100 sapplied=-100 crate=-100 uimp=-31000 upos=0 uneg=310 ball=-69.69 vball=0.30 aball=1.7 bref=0.00 pid=-100.0 pref=0.0 ppos=-31.0 apid=0.0 integ=-0.0 vision=1 current=1 vframe=16923 vs=1 vage=1 vpage=1 vdt=35 vmax=6166 vacc=16054 vrej=0 seq=0 elapsed=0 oled=3C
[   1312] STATUS mode=3 fault=none enc=856 denc=0 sreq=-100 sapplied=-100 crate=-100 uimp=-33000 upos=0 uneg=330 ball=-69.69 vball=0.30 aball=2.0 bref=0.00 pid=-100.0 pref=0.0 ppos=-33.0 apid=0.0 integ=-0.0 vision=1 current=1 vframe=16923 vs=1 vage=21 vpage=21 vdt=35 vmax=6166 vacc=16054 vrej=0 seq=0 elapsed=0 oled=3C
[   1342] STATUS mode=3 fault=none enc=850 denc=0 sreq=-100 sapplied=-100 crate=-100 uimp=-37000 upos=0 uneg=370 ball=-69.68 vball=0.25 aball=1.1 bref=0.00 pid=-100.0 pref=0.0 ppos=-37.0 apid=0.0 integ=-0.0 vision=1 current=1 vframe=16924 vs=1 vage=26 vpage=26 vdt=35 vmax=6166 vacc=16055 vrej=0 seq=0 elapsed=0 oled=3C
[   1358] STATUS mode=3 fault=none enc=848 denc=1 sreq=-100 sapplied=-100 crate=-100 uimp=-39000 upos=0 uneg=390 ball=-69.68 vball=0.21 aball=0.5 bref=0.00 pid=-100.0 pref=0.0 ppos=-39.0 apid=0.0 integ=-0.0 vision=1 current=1 vframe=16925 vs=1 vage=15 vpage=15 vdt=31 vmax=6166 vacc=16056 vrej=0 seq=0 elapsed=0 oled=3C
[   1390] STATUS mode=3 fault=none enc=845 denc=0 sreq=-100 sapplied=-100 crate=-100 uimp=-41000 upos=0 uneg=410 ball=-69.68 vball=0.21 aball=0.5 bref=0.00 pid=-100.0 pref=0.0 ppos=-41.0 apid=0.0 integ=-0.0 vision=1 current=1 vframe=16925 vs=1 vage=35 vpage=35 vdt=31 vmax=6166 vacc=16056 vrej=0 seq=0 elapsed=0 oled=3C
[   1422] STATUS mode=3 fault=none enc=840 denc=0 sreq=-100 sapplied=-100 crate=-100 uimp=-45000 upos=0 uneg=450 ball=-69.67 vball=0.24 aball=0.6 bref=0.00 pid=-100.0 pref=0.0 ppos=-45.0 apid=0.0 integ=-0.0 vision=1 current=1 vframe=16926 vs=1 vage=33 vpage=33 vdt=42 vmax=6166 vacc=16057 vrej=0 seq=0 elapsed=0 oled=3C
[   1437] STATUS mode=3 fault=none enc=838 denc=1 sreq=-100 sapplied=-100 crate=-100 uimp=-47000 upos=0 uneg=470 ball=-69.67 vball=0.24 aball=0.6 bref=0.00 pid=-100.0 pref=0.0 ppos=-47.0 apid=0.0 integ=-0.0 vision=1 current=1 vframe=16926 vs=1 vage=53 vpage=53 vdt=42 vmax=6166 vacc=16057 vrej=0 seq=0 elapsed=0 oled=3C
[   1467] STATUS mode=3 fault=none enc=835 denc=0 sreq=-100 sapplied=-100 crate=-100 uimp=-49000 upos=0 uneg=490 ball=-69.64 vball=0.36 aball=1.0 bref=0.00 pid=-100.0 pref=0.0 ppos=-49.0 apid=0.0 integ=-0.0 vision=1 current=1 vframe=16927 vs=1 vage=18 vpage=18 vdt=55 vmax=6166 vacc=16058 vrej=0 seq=0 elapsed=0 oled=3C
[   1500] STATUS mode=3 fault=none enc=830 denc=0 sreq=-100 sapplied=-100 crate=-100 uimp=-53000 upos=0 uneg=530 ball=-69.64 vball=0.28 aball=-0.2 bref=0.00 pid=-100.0 pref=0.0 ppos=-53.0 apid=-0.0 integ=-0.0 vision=1 current=1 vframe=16929 vs=1 vage=12 vpage=12 vdt=26 vmax=6166 vacc=16060 vrej=0 seq=0 elapsed=0 oled=3C
[   1531] STATUS mode=3 fault=none enc=828 denc=1 sreq=-100 sapplied=-100 crate=-100 uimp=-55000 upos=0 uneg=550 ball=-69.66 vball=0.13 aball=-1.7 bref=0.00 pid=-100.0 pref=0.0 ppos=-55.0 apid=-0.0 integ=-0.0 vision=1 current=1 vframe=16930 vs=1 vage=7 vpage=7 vdt=25 vmax=6166 vacc=16061 vrej=0 seq=0 elapsed=0 oled=3C
[   1547] STATUS mode=3 fault=none enc=823 denc=1 sreq=-100 sapplied=-100 crate=-100 uimp=-59000 upos=0 uneg=590 ball=-69.67 vball=-0.02 aball=-2.7 bref=0.00 pid=-100.0 pref=0.0 ppos=-59.0 apid=-0.0 integ=-0.0 vision=1 current=1 vframe=16932 vs=1 vage=12 vpage=12 vdt=18 vmax=6166 vacc=16063 vrej=0 seq=0 elapsed=0 oled=3C
[   1578] STATUS mode=3 fault=none enc=820 denc=1 sreq=-100 sapplied=-100 crate=-100 uimp=-61000 upos=0 uneg=610 ball=-69.63 vball=0.43 aball=-2.7 bref=0.00 pid=-100.0 pref=0.0 ppos=-61.0 apid=-0.0 integ=-0.0 vision=1 current=1 vframe=16933 vs=1 vage=1 vpage=1 vdt=31 vmax=6166 vacc=16064 vrej=0 seq=0 elapsed=0 oled=3C
[   1608] STATUS mode=3 fault=none enc=817 denc=0 sreq=-100 sapplied=-100 crate=-100 uimp=-63000 upos=0 uneg=630 ball=-69.63 vball=0.43 aball=1.6 bref=0.00 pid=-100.0 pref=0.0 ppos=-63.0 apid=0.0 integ=-0.0 vision=1 current=1 vframe=16933 vs=1 vage=21 vpage=21 vdt=31 vmax=6166 vacc=16064 vrej=0 seq=0 elapsed=0 oled=3C
[   1640] STATUS mode=3 fault=none enc=812 denc=0 sreq=-100 sapplied=-100 crate=-100 uimp=-67000 upos=0 uneg=670 ball=-69.58 vball=0.69 aball=3.2 bref=0.00 pid=-100.0 pref=0.0 ppos=-67.0 apid=0.0 integ=-0.0 vision=1 current=1 vframe=16934 vs=1 vage=28 vpage=28 vdt=33 vmax=6166 vacc=16065 vrej=0 seq=0 elapsed=0 oled=3C
[   1656] STATUS mode=3 fault=none enc=809 denc=0 sreq=-100 sapplied=-100 crate=-100 uimp=-69000 upos=0 uneg=690 ball=-69.65 vball=-0.08 aball=-3.3 bref=0.00 pid=-100.0 pref=0.0 ppos=-69.0 apid=-0.0 integ=-0.0 vision=1 current=1 vframe=16935 vs=1 vage=14 vpage=14 vdt=34 vmax=6166 vacc=16066 vrej=0 seq=0 elapsed=0 oled=3C
[   1687] STATUS mode=3 fault=none enc=807 denc=1 sreq=-100 sapplied=-100 crate=-100 uimp=-71000 upos=0 uneg=710 ball=-69.67 vball=-0.25 aball=-3.3 bref=0.00 pid=-100.0 pref=0.0 ppos=-71.0 apid=-0.0 integ=-0.0 vision=1 current=1 vframe=16936 vs=1 vage=1 vpage=1 vdt=33 vmax=6166 vacc=16067 vrej=0 seq=0 elapsed=0 oled=3C
[   1717] STATUS mode=3 fault=none enc=802 denc=1 sreq=-100 sapplied=-100 crate=-100 uimp=-75000 upos=0 uneg=750 ball=-69.68 vball=-0.23 aball=-2.7 bref=0.00 pid=-100.0 pref=0.0 ppos=-75.0 apid=-0.0 integ=-0.0 vision=1 current=1 vframe=16937 vs=1 vage=8 vpage=8 vdt=33 vmax=6166 vacc=16068 vrej=0 seq=0 elapsed=0 oled=3C
[   1750] STATUS mode=3 fault=none enc=799 denc=0 sreq=-100 sapplied=-100 crate=-100 uimp=-77000 upos=0 uneg=770 ball=-69.68 vball=-0.23 aball=-2.7 bref=0.00 pid=-100.0 pref=0.0 ppos=-77.0 apid=-0.0 integ=-0.0 vision=1 current=1 vframe=16937 vs=1 vage=28 vpage=28 vdt=33 vmax=6166 vacc=16068 vrej=0 seq=0 elapsed=0 oled=3C
[   1765] STATUS mode=3 fault=none enc=797 denc=0 sreq=-100 sapplied=-100 crate=-100 uimp=-79000 upos=0 uneg=790 ball=-69.68 vball=-0.17 aball=-1.6 bref=0.00 pid=-100.0 pref=0.0 ppos=-79.0 apid=-0.0 integ=-0.0 vision=1 current=1 vframe=16938 vs=1 vage=14 vpage=14 vdt=34 vmax=6166 vacc=16069 vrej=0 seq=0 elapsed=0 oled=3C
[   1797] STATUS mode=3 fault=none enc=792 denc=0 sreq=-100 sapplied=-100 crate=-100 uimp=-83000 upos=0 uneg=830 ball=-69.68 vball=-0.12 aball=-0.8 bref=0.00 pid=-100.0 pref=0.0 ppos=-83.0 apid=-0.0 integ=-0.0 vision=1 current=1 vframe=16939 vs=1 vage=21 vpage=21 vdt=33 vmax=6166 vacc=16070 vrej=0 seq=0 elapsed=0 oled=3C
[   1828] STATUS mode=3 fault=none enc=789 denc=0 sreq=-100 sapplied=-100 crate=-100 uimp=-85000 upos=0 uneg=850 ball=-69.65 vball=0.15 aball=1.5 bref=0.00 pid=-100.0 pref=0.0 ppos=-85.0 apid=0.0 integ=-0.0 vision=1 current=1 vframe=16940 vs=1 vage=8 vpage=8 vdt=33 vmax=6166 vacc=16071 vrej=0 seq=0 elapsed=0 oled=3C
[   1842] STATUS mode=3 fault=none enc=787 denc=1 sreq=-100 sapplied=-100 crate=-100 uimp=-87000 upos=0 uneg=870 ball=-69.65 vball=0.15 aball=1.5 bref=0.00 pid=-100.0 pref=0.0 ppos=-87.0 apid=0.0 integ=-0.0 vision=1 current=1 vframe=16940 vs=1 vage=28 vpage=28 vdt=33 vmax=6166 vacc=16071 vrej=0 seq=0 elapsed=0 oled=3C
[   1875] STATUS mode=3 fault=none enc=781 denc=0 sreq=-93 sapplied=-93 crate=-93 uimp=-90925 upos=0 uneg=910 ball=-69.56 vball=0.72 aball=4.1 bref=0.00 pid=-92.7 pref=0.0 ppos=-90.9 apid=0.0 integ=-0.0 vision=1 current=1 vframe=16942 vs=1 vage=3 vpage=3 vdt=33 vmax=6166 vacc=16073 vrej=0 seq=0 elapsed=0 oled=3C
[   1906] STATUS mode=3 fault=none enc=779 denc=0 sreq=-89 sapplied=-89 crate=-89 uimp=-92755 upos=0 uneg=930 ball=-69.56 vball=0.72 aball=4.1 bref=0.00 pid=-89.0 pref=0.0 ppos=-92.8 apid=0.0 integ=-0.0 vision=1 current=1 vframe=16942 vs=1 vage=23 vpage=23 vdt=33 vmax=6166 vacc=16073 vrej=0 seq=0 elapsed=0 oled=3C
[   1937] STATUS mode=3 fault=none enc=776 denc=-1 sreq=-86 sapplied=-86 crate=-86 uimp=-94510 upos=0 uneg=950 ball=-69.56 vball=0.51 aball=1.6 bref=0.00 pid=-85.9 pref=0.0 ppos=-94.5 apid=0.0 integ=-0.0 vision=1 current=1 vframe=16943 vs=1 vage=9 vpage=9 vdt=34 vmax=6166 vacc=16074 vrej=0 seq=0 elapsed=0 oled=3C
[   1953] STATUS mode=3 fault=none enc=772 denc=0 sreq=-80 sapplied=-80 crate=-80 uimp=-97835 upos=0 uneg=990 ball=-69.56 vball=0.34 aball=-0.1 bref=0.00 pid=-80.0 pref=0.0 ppos=-97.8 apid=-0.0 integ=-0.0 vision=1 current=1 vframe=16944 vs=1 vage=16 vpage=16 vdt=33 vmax=6166 vacc=16075 vrej=0 seq=0 elapsed=0 oled=3C
[   1983] STATUS mode=3 fault=none enc=769 denc=-1 sreq=-78 sapplied=-78 crate=-78 uimp=-99410 upos=0 uneg=1010 ball=-69.57 vball=0.18 aball=-1.3 bref=0.00 pid=-77.8 pref=0.0 ppos=-99.4 apid=-0.0 integ=-0.0 vision=1 current=1 vframe=16945 vs=1 vage=3 vpage=3 vdt=33 vmax=6166 vacc=16076 vrej=0 seq=0 elapsed=0 oled=3C
[   2015] STATUS mode=3 fault=none enc=768 denc=1 sreq=0 sapplied=0 crate=0 uimp=-100185 upos=0 uneg=1020 ball=-69.57 vball=0.18 aball=-1.3 bref=0.00 pid=0.0 pref=0.0 ppos=-100.2 apid=-0.0 integ=-0.0 vision=1 current=1 vframe=16945 vs=1 vage=23 vpage=23 vdt=33 vmax=6166 vacc=16076 vrej=0 seq=0 elapsed=0 oled=3C
[   2031] STATUS mode=3 fault=none enc=768 denc=0 sreq=0 sapplied=0 crate=0 uimp=-100185 upos=0 uneg=1020 ball=-69.57 vball=0.07 aball=-1.8 bref=0.00 pid=0.0 pref=0.0 ppos=-100.2 apid=-0.0 integ=-0.0 vision=1 current=1 vframe=16946 vs=1 vage=30 vpage=30 vdt=33 vmax=6166 vacc=16077 vrej=0 seq=0 elapsed=0 oled=3C
[   2062] STATUS mode=3 fault=none enc=768 denc=0 sreq=0 sapplied=0 crate=0 uimp=-100185 upos=0 uneg=1020 ball=-69.35 vball=1.95 aball=12.5 bref=0.00 pid=0.0 pref=0.0 ppos=-100.2 apid=0.0 integ=-0.0 vision=1 current=1 vframe=16947 vs=1 vage=16 vpage=16 vdt=34 vmax=6166 vacc=16078 vrej=0 seq=0 elapsed=0 oled=3C
[   2092] STATUS mode=3 fault=none enc=768 denc=0 sreq=0 sapplied=0 crate=0 uimp=-100185 upos=0 uneg=1020 ball=-69.27 vball=2.07 aball=10.3 bref=0.00 pid=0.0 pref=0.0 ppos=-100.2 apid=0.0 integ=-0.0 vision=1 current=1 vframe=16948 vs=1 vage=3 vpage=3 vdt=33 vmax=6166 vacc=16079 vrej=0 seq=0 elapsed=0 oled=3C
[   2108] STATUS mode=3 fault=none enc=768 denc=0 sreq=0 sapplied=0 crate=0 uimp=-100185 upos=0 uneg=1020 ball=-69.25 vball=1.61 aball=4.3 bref=0.00 pid=0.0 pref=0.0 ppos=-100.2 apid=0.0 integ=-0.0 vision=1 current=1 vframe=16949 vs=1 vage=9 vpage=9 vdt=34 vmax=6166 vacc=16080 vrej=0 seq=0 elapsed=0 oled=3C
[   2140] STATUS mode=3 fault=none enc=768 denc=0 sreq=0 sapplied=0 crate=0 uimp=-100185 upos=0 uneg=1020 ball=-69.25 vball=1.61 aball=4.3 bref=0.00 pid=0.0 pref=0.0 ppos=-100.2 apid=0.0 integ=-0.0 vision=1 current=1 vframe=16949 vs=1 vage=29 vpage=29 vdt=34 vmax=6166 vacc=16080 vrej=0 seq=0 elapsed=0 oled=3C
[   2172] STATUS mode=3 fault=none enc=768 denc=0 sreq=0 sapplied=0 crate=0 uimp=-100185 upos=0 uneg=1020 ball=-69.25 vball=1.12 aball=-0.5 bref=0.00 pid=0.0 pref=0.0 ppos=-100.2 apid=-0.0 integ=-0.0 vision=1 current=1 vframe=16950 vs=1 vage=16 vpage=16 vdt=33 vmax=6166 vacc=16081 vrej=0 seq=0 elapsed=0 oled=3C
[   2187] STATUS mode=3 fault=none enc=768 denc=0 sreq=0 sapplied=0 crate=0 uimp=-100185 upos=0 uneg=1020 ball=-69.10 vball=2.26 aball=8.3 bref=0.00 pid=0.0 pref=0.0 ppos=-100.2 apid=0.0 integ=-0.0 vision=1 current=1 vframe=16951 vs=1 vage=23 vpage=23 vdt=33 vmax=6166 vacc=16082 vrej=0 seq=0 elapsed=0 oled=3C
[   2217] STATUS mode=3 fault=none enc=768 denc=0 sreq=0 sapplied=0 crate=0 uimp=-100185 upos=0 uneg=1020 ball=-68.90 vball=3.34 aball=14.4 bref=0.00 pid=0.0 pref=0.0 ppos=-100.2 apid=0.0 integ=-0.0 vision=1 current=1 vframe=16952 vs=1 vage=10 vpage=10 vdt=33 vmax=6166 vacc=16083 vrej=0 seq=0 elapsed=0 oled=3C
[   2250] STATUS mode=3 fault=none enc=768 denc=0 sreq=0 sapplied=0 crate=0 uimp=-100185 upos=0 uneg=1020 ball=-68.90 vball=3.34 aball=14.4 bref=0.00 pid=0.0 pref=0.0 ppos=-100.2 apid=0.0 integ=-0.0 vision=1 current=1 vframe=16952 vs=1 vage=30 vpage=30 vdt=33 vmax=6166 vacc=16083 vrej=0 seq=0 elapsed=0 oled=3C
[   2281] STATUS mode=3 fault=none enc=768 denc=0 sreq=0 sapplied=0 crate=0 uimp=-100185 upos=0 uneg=1020 ball=-68.84 vball=2.03 aball=-0.8 bref=0.00 pid=0.0 pref=0.0 ppos=-100.2 apid=-0.0 integ=-0.0 vision=1 current=1 vframe=16954 vs=1 vage=4 vpage=4 vdt=33 vmax=6166 vacc=16085 vrej=0 seq=0 elapsed=0 oled=3C
[   2297] STATUS mode=3 fault=none enc=768 denc=0 sreq=0 sapplied=0 crate=0 uimp=-100185 upos=0 uneg=1020 ball=-68.84 vball=2.03 aball=-0.8 bref=0.00 pid=0.0 pref=0.0 ppos=-100.2 apid=-0.0 integ=-0.0 vision=1 current=1 vframe=16954 vs=1 vage=24 vpage=24 vdt=33 vmax=6166 vacc=16085 vrej=0 seq=0 elapsed=0 oled=3C
[   2328] STATUS mode=3 fault=none enc=768 denc=0 sreq=0 sapplied=0 crate=0 uimp=-100185 upos=0 uneg=1020 ball=-68.83 vball=1.52 aball=-4.5 bref=0.00 pid=0.0 pref=0.0 ppos=-100.2 apid=-0.0 integ=-0.0 vision=1 current=1 vframe=16955 vs=1 vage=11 vpage=11 vdt=33 vmax=6166 vacc=16086 vrej=0 seq=0 elapsed=0 oled=3C
[   2358] STATUS mode=3 fault=none enc=768 denc=0 sreq=0 sapplied=0 crate=0 uimp=-100185 upos=0 uneg=1020 ball=-68.83 vball=1.03 aball=-7.0 bref=0.00 pid=0.0 pref=0.0 ppos=-100.2 apid=-0.0 integ=-0.0 vision=1 current=1 vframe=16956 vs=1 vage=17 vpage=17 vdt=34 vmax=6166 vacc=16087 vrej=0 seq=0 elapsed=0 oled=3C
[   2375] STATUS mode=3 fault=none enc=768 denc=0 sreq=0 sapplied=0 crate=0 uimp=-100185 upos=0 uneg=1020 ball=-68.84 vball=0.67 aball=-8.0 bref=0.00 pid=0.0 pref=0.0 ppos=-100.2 apid=-0.0 integ=-0.0 vision=1 current=1 vframe=16964 vs=1 vage=4 vpage=4 vdt=33 vmax=6166 vacc=16095 vrej=0 seq=0 elapsed=0 oled=3C
[   2406] STATUS mode=3 fault=none enc=768 denc=0 sreq=0 sapplied=0 crate=0 uimp=-100185 upos=0 uneg=1020 ball=-68.84 vball=0.67 aball=-8.0 bref=0.00 pid=0.0 pref=0.0 ppos=-100.2 apid=-0.0 integ=-0.0 vision=1 current=1 vframe=16964 vs=1 vage=24 vpage=24 vdt=33 vmax=6166 vacc=16095 vrej=0 seq=0 elapsed=0 oled=3C
[   2437] STATUS mode=3 fault=none enc=768 denc=0 sreq=0 sapplied=0 crate=0 uimp=-100185 upos=0 uneg=1020 ball=-68.85 vball=0.42 aball=-7.8 bref=0.00 pid=0.0 pref=0.0 ppos=-100.2 apid=-0.0 integ=-0.0 vision=1 current=1 vframe=16965 vs=1 vage=10 vpage=10 vdt=34 vmax=6166 vacc=16096 vrej=0 seq=0 elapsed=0 oled=3C
[   2453] STATUS mode=3 fault=none enc=768 denc=0 sreq=0 sapplied=0 crate=0 uimp=-100185 upos=0 uneg=1020 ball=-68.84 vball=0.38 aball=-6.1 bref=0.00 pid=0.0 pref=0.0 ppos=-100.2 apid=-0.0 integ=-0.0 vision=1 current=1 vframe=16966 vs=1 vage=16 vpage=16 vdt=34 vmax=6166 vacc=16097 vrej=0 seq=0 elapsed=0 oled=3C
[   2483] STATUS mode=3 fault=none enc=768 denc=0 sreq=0 sapplied=0 crate=0 uimp=-100185 upos=0 uneg=1020 ball=-68.81 vball=0.54 aball=-3.4 bref=0.00 pid=0.0 pref=0.0 ppos=-100.2 apid=-0.0 integ=-0.0 vision=1 current=1 vframe=16967 vs=1 vage=3 vpage=3 vdt=33 vmax=6166 vacc=16098 vrej=0 seq=0 elapsed=0 oled=3C
[   2515] STATUS mode=3 fault=none enc=768 denc=0 sreq=0 sapplied=0 crate=0 uimp=-100185 upos=0 uneg=1020 ball=-68.81 vball=0.54 aball=-3.4 bref=0.00 pid=0.0 pref=0.0 ppos=-100.2 apid=-0.0 integ=-0.0 vision=1 current=1 vframe=16967 vs=1 vage=23 vpage=23 vdt=33 vmax=6166 vacc=16098 vrej=0 seq=0 elapsed=0 oled=3C
[   2531] STATUS mode=3 fault=none enc=768 denc=0 sreq=0 sapplied=0 crate=0 uimp=-100185 upos=0 uneg=1020 ball=-68.35 vball=4.24 aball=25.5 bref=0.00 pid=0.0 pref=0.0 ppos=-100.2 apid=0.0 integ=-0.0 vision=1 current=1 vframe=16968 vs=1 vage=30 vpage=30 vdt=33 vmax=6166 vacc=16099 vrej=0 seq=0 elapsed=0 oled=3C
[   2562] STATUS mode=3 fault=none enc=768 denc=0 sreq=0 sapplied=0 crate=0 uimp=-100185 upos=0 uneg=1020 ball=-68.03 vball=5.97 aball=31.8 bref=0.00 pid=0.0 pref=0.0 ppos=-100.2 apid=0.0 integ=-0.0 vision=1 current=1 vframe=16969 vs=1 vage=16 vpage=16 vdt=34 vmax=6166 vacc=16100 vrej=0 seq=0 elapsed=0 oled=3C
[   2592] STATUS mode=3 fault=none enc=768 denc=0 sreq=0 sapplied=0 crate=0 uimp=-100185 upos=0 uneg=1020 ball=-67.32 vball=10.38 aball=58.3 bref=0.00 pid=0.0 pref=0.0 ppos=-100.2 apid=0.0 integ=-0.0 vision=1 current=1 vframe=16970 vs=1 vage=4 vpage=4 vdt=32 vmax=6166 vacc=16101 vrej=0 seq=0 elapsed=0 oled=3C
[   2608] STATUS mode=3 fault=none enc=768 denc=0 sreq=0 sapplied=0 crate=7 uimp=-100185 upos=0 uneg=1020 ball=-66.49 vball=14.64 aball=75.1 bref=0.00 pid=7.0 pref=0.0 ppos=-100.2 apid=0.0 integ=-0.0 vision=1 current=1 vframe=16978 vs=1 vage=10 vpage=10 vdt=34 vmax=6166 vacc=16109 vrej=0 seq=0 elapsed=0 oled=3C
[   2640] STATUS mode=3 fault=none enc=768 denc=0 sreq=0 sapplied=0 crate=8 uimp=-100185 upos=0 uneg=1020 ball=-66.49 vball=14.64 aball=75.1 bref=0.00 pid=8.0 pref=0.0 ppos=-100.2 apid=0.0 integ=-0.0 vision=1 current=1 vframe=16978 vs=1 vage=30 vpage=30 vdt=34 vmax=6166 vacc=16109 vrej=0 seq=0 elapsed=0 oled=3C
[   2672] STATUS mode=3 fault=none enc=768 denc=0 sreq=48 sapplied=48 crate=48 uimp=-99945 upos=5 uneg=1020 ball=-65.22 vball=21.93 aball=109.9 bref=0.00 pid=47.9 pref=0.0 ppos=-99.9 apid=0.0 integ=-0.0 vision=1 current=1 vframe=16979 vs=1 vage=16 vpage=16 vdt=34 vmax=6166 vacc=16110 vrej=0 seq=0 elapsed=0 oled=3C
[   2703] STATUS mode=3 fault=none enc=770 denc=0 sreq=72 sapplied=72 crate=72 uimp=-97530 upos=45 uneg=1020 ball=-64.16 vball=24.60 aball=104.0 bref=0.00 pid=72.2 pref=0.0 ppos=-97.5 apid=0.0 integ=-0.0 vision=1 current=1 vframe=16980 vs=1 vage=25 vpage=25 vdt=31 vmax=6166 vacc=16111 vrej=0 seq=0 elapsed=0 oled=3C
[   2717] STATUS mode=3 fault=none enc=773 denc=1 sreq=99 sapplied=99 crate=99 uimp=-95815 upos=65 uneg=1020 ball=-62.84 vball=29.03 aball=111.5 bref=0.00 pid=98.6 pref=0.0 ppos=-95.8 apid=0.0 integ=-0.0 vision=1 current=1 vframe=16981 vs=1 vage=12 vpage=12 vdt=33 vmax=6166 vacc=16112 vrej=0 seq=0 elapsed=0 oled=3C
[   2750] STATUS mode=3 fault=none enc=775 denc=0 sreq=97 sapplied=97 crate=97 uimp=-93855 upos=85 uneg=1020 ball=-62.84 vball=29.03 aball=111.5 bref=0.00 pid=96.8 pref=0.0 ppos=-93.9 apid=0.0 integ=-0.0 vision=1 current=1 vframe=16981 vs=1 vage=32 vpage=32 vdt=33 vmax=6166 vacc=16112 vrej=0 seq=0 elapsed=0 oled=3C
[   2781] STATUS mode=3 fault=none enc=781 denc=1 sreq=100 sapplied=100 crate=100 uimp=-89870 upos=125 uneg=1020 ball=-59.86 vball=36.80 aball=111.7 bref=0.00 pid=100.0 pref=0.0 ppos=-89.9 apid=0.0 integ=-0.0 vision=1 current=1 vframe=16983 vs=1 vage=3 vpage=3 vdt=36 vmax=6166 vacc=16114 vrej=0 seq=0 elapsed=0 oled=3C
[   2797] STATUS mode=3 fault=none enc=784 denc=1 sreq=100 sapplied=100 crate=100 uimp=-87870 upos=145 uneg=1020 ball=-59.86 vball=36.80 aball=111.7 bref=0.00 pid=100.0 pref=0.0 ppos=-87.9 apid=0.0 integ=-0.0 vision=1 current=1 vframe=16983 vs=1 vage=23 vpage=23 vdt=36 vmax=6166 vacc=16114 vrej=0 seq=0 elapsed=0 oled=3C
[   2828] STATUS mode=3 fault=none enc=786 denc=1 sreq=100 sapplied=100 crate=100 uimp=-85870 upos=165 uneg=1020 ball=-57.87 vball=39.62 aball=101.4 bref=0.00 pid=100.0 pref=0.0 ppos=-85.9 apid=0.0 integ=-0.0 vision=1 current=1 vframe=16984 vs=1 vage=3 vpage=3 vdt=40 vmax=6166 vacc=16115 vrej=0 seq=0 elapsed=0 oled=3C
[   2858] STATUS mode=3 fault=none enc=791 denc=1 sreq=100 sapplied=100 crate=100 uimp=-81870 upos=205 uneg=1020 ball=-56.33 vball=45.47 aball=134.6 bref=0.00 pid=100.0 pref=0.0 ppos=-81.9 apid=0.0 integ=-0.0 vision=1 current=1 vframe=16985 vs=1 vage=18 vpage=18 vdt=25 vmax=6166 vacc=16116 vrej=0 seq=0 elapsed=0 oled=3C
[   2890] STATUS mode=3 fault=none enc=794 denc=1 sreq=100 sapplied=100 crate=100 uimp=-79870 upos=225 uneg=1020 ball=-54.45 vball=48.70 aball=124.0 bref=0.00 pid=100.0 pref=0.0 ppos=-79.9 apid=0.0 integ=-0.0 vision=1 current=1 vframe=16986 vs=1 vage=3 vpage=3 vdt=35 vmax=6166 vacc=16117 vrej=0 seq=0 elapsed=0 oled=3C
[   2906] STATUS mode=3 fault=none enc=796 denc=0 sreq=100 sapplied=100 crate=100 uimp=-77870 upos=245 uneg=1020 ball=-54.45 vball=48.70 aball=124.0 bref=0.00 pid=100.0 pref=0.0 ppos=-77.9 apid=0.0 integ=-0.0 vision=1 current=1 vframe=16986 vs=1 vage=23 vpage=23 vdt=35 vmax=6166 vacc=16117 vrej=0 seq=0 elapsed=0 oled=3C
[   2937] STATUS mode=3 fault=none enc=801 denc=0 sreq=100 sapplied=100 crate=100 uimp=-73870 upos=285 uneg=1020 ball=-54.45 vball=48.70 aball=124.0 bref=0.00 pid=100.0 pref=0.0 ppos=-73.9 apid=0.0 integ=-0.0 vision=1 current=0 vframe=16987 vs=0 vage=63 vpage=31 vdt=35 vmax=6166 vacc=16117 vrej=0 seq=0 elapsed=0 oled=3C
[   2967] STATUS mode=3 fault=none enc=804 denc=1 sreq=100 sapplied=100 crate=100 uimp=-71870 upos=305 uneg=1020 ball=-50.58 vball=56.57 aball=122.8 bref=0.00 pid=100.0 pref=0.0 ppos=-71.9 apid=0.0 integ=-0.0 vision=1 current=1 vframe=16988 vs=1 vage=17 vpage=17 vdt=66 vmax=6166 vacc=16118 vrej=0 seq=0 elapsed=0 oled=3C
[   3000] STATUS mode=3 fault=none enc=809 denc=1 sreq=100 sapplied=100 crate=100 uimp=-67870 upos=345 uneg=1020 ball=-48.08 vball=61.99 aball=132.0 bref=0.00 pid=100.0 pref=0.0 ppos=-67.9 apid=0.0 integ=-0.0 vision=1 current=1 vframe=16989 vs=1 vage=23 vpage=23 vdt=34 vmax=6166 vacc=16119 vrej=0 seq=0 elapsed=0 oled=3C
[   3015] STATUS mode=3 fault=none enc=811 denc=0 sreq=100 sapplied=100 crate=100 uimp=-65870 upos=365 uneg=1020 ball=-46.20 vball=60.32 aball=86.3 bref=0.00 pid=100.0 pref=0.0 ppos=-65.9 apid=0.0 integ=-0.0 vision=1 current=1 vframe=16990 vs=1 vage=10 vpage=10 vdt=33 vmax=6166 vacc=16120 vrej=0 seq=0 elapsed=0 oled=3C
[   3047] STATUS mode=3 fault=none enc=814 denc=1 sreq=100 sapplied=100 crate=100 uimp=-63870 upos=385 uneg=1020 ball=-46.20 vball=60.32 aball=86.3 bref=0.00 pid=100.0 pref=0.0 ppos=-63.9 apid=0.0 integ=-0.0 vision=1 current=1 vframe=16990 vs=1 vage=30 vpage=30 vdt=33 vmax=6166 vacc=16120 vrej=0 seq=0 elapsed=0 oled=3C
[   3078] STATUS mode=3 fault=none enc=819 denc=0 sreq=100 sapplied=100 crate=100 uimp=-59870 upos=425 uneg=1020 ball=-40.85 vball=70.56 aball=112.2 bref=0.00 pid=100.0 pref=0.0 ppos=-59.9 apid=0.0 integ=-0.0 vision=1 current=1 vframe=16992 vs=1 vage=4 vpage=4 vdt=32 vmax=6166 vacc=16122 vrej=0 seq=0 elapsed=0 oled=3C
[   3078] >>> stop
[   3108] STATUS mode=3 fault=none enc=822 denc=1 sreq=100 sapplied=100 crate=100 uimp=-57870 upos=445 uneg=1020 ball=-40.85 vball=70.56 aball=112.2 bref=0.00 pid=100.0 pref=0.0 ppos=-57.9 apid=0.0 integ=-0.0 vision=1 current=1 vframe=16992 vs=1 vage=24 vpage=24 vdt=32 vmax=6166 vacc=16122 vrej=0 seq=0 elapsed=0 oled=3C
[   3125] STATUS mode=1 fault=none enc=816 denc=-2 sreq=0 sapplied=0 crate=0 uimp=-56870 upos=455 uneg=1020 ball=-38.02 vball=74.30 aball=0.0 bref=0.00 pid=0.0 pref=613.3 ppos=613.3 apid=0.0 integ=0.0 vision=1 current=1 vframe=16993 vs=1 vage=10 vpage=10 vdt=34 vmax=6166 vacc=16123 vrej=0 seq=0 elapsed=0 oled=3C
[   3156] STATUS mode=1 fault=none enc=816 denc=0 sreq=0 sapplied=0 crate=0 uimp=-56870 upos=455 uneg=1020 ball=-35.22 vball=77.09 aball=0.0 bref=0.00 pid=0.0 pref=613.3 ppos=613.3 apid=0.0 integ=0.0 vision=1 current=1 vframe=16994 vs=1 vage=16 vpage=16 vdt=34 vmax=6166 vacc=16124 vrej=0 seq=0 elapsed=0 oled=3C
[   3187] STATUS mode=1 fault=none enc=816 denc=0 sreq=0 sapplied=0 crate=0 uimp=-56870 upos=455 uneg=1020 ball=-32.21 vball=81.34 aball=0.0 bref=0.00 pid=0.0 pref=613.3 ppos=613.3 apid=0.0 integ=0.0 vision=1 current=1 vframe=16995 vs=1 vage=3 vpage=3 vdt=33 vmax=6166 vacc=16125 vrej=0 seq=0 elapsed=0 oled=3C
[   3203] STATUS mode=1 fault=none enc=816 denc=0 sreq=0 sapplied=0 crate=0 uimp=-56870 upos=455 uneg=1020 ball=-32.21 vball=81.34 aball=0.0 bref=0.00 pid=0.0 pref=613.3 ppos=613.3 apid=0.0 integ=0.0 vision=1 current=1 vframe=16995 vs=1 vage=23 vpage=23 vdt=33 vmax=6166 vacc=16125 vrej=0 seq=0 elapsed=0 oled=3C
[   3233] STATUS mode=1 fault=none enc=816 denc=0 sreq=0 sapplied=0 crate=0 uimp=-56870 upos=455 uneg=1020 ball=-29.17 vball=83.95 aball=0.0 bref=0.00 pid=0.0 pref=613.3 ppos=613.3 apid=0.0 integ=0.0 vision=1 current=1 vframe=16996 vs=1 vage=30 vpage=30 vdt=33 vmax=6166 vacc=16126 vrej=0 seq=0 elapsed=0 oled=3C
[   3265] STATUS mode=1 fault=none enc=816 denc=0 sreq=0 sapplied=0 crate=0 uimp=-56870 upos=455 uneg=1020 ball=-26.49 vball=82.60 aball=0.0 bref=0.00 pid=0.0 pref=613.3 ppos=613.3 apid=0.0 integ=0.0 vision=1 current=1 vframe=16997 vs=1 vage=16 vpage=16 vdt=34 vmax=6166 vacc=16127 vrej=0 seq=0 elapsed=0 oled=3C
[   3281] STATUS mode=1 fault=none enc=816 denc=0 sreq=0 sapplied=0 crate=0 uimp=-56870 upos=455 uneg=1020 ball=-23.81 vball=81.46 aball=0.0 bref=0.00 pid=0.0 pref=613.3 ppos=613.3 apid=0.0 integ=0.0 vision=1 current=1 vframe=16998 vs=1 vage=3 vpage=3 vdt=33 vmax=6166 vacc=16128 vrej=0 seq=0 elapsed=0 oled=3C
[   3312] STATUS mode=1 fault=none enc=816 denc=0 sreq=0 sapplied=0 crate=0 uimp=-56870 upos=455 uneg=1020 ball=-20.71 vball=85.57 aball=0.0 bref=0.00 pid=0.0 pref=613.3 ppos=613.3 apid=0.0 integ=0.0 vision=1 current=1 vframe=16999 vs=1 vage=8 vpage=8 vdt=35 vmax=6166 vacc=16129 vrej=0 seq=0 elapsed=0 oled=3C
[   3342] STATUS mode=1 fault=none enc=816 denc=0 sreq=0 sapplied=0 crate=0 uimp=-56870 upos=455 uneg=1020 ball=-20.71 vball=85.57 aball=0.0 bref=0.00 pid=0.0 pref=613.3 ppos=613.3 apid=0.0 integ=0.0 vision=1 current=1 vframe=16999 vs=1 vage=28 vpage=28 vdt=35 vmax=6166 vacc=16129 vrej=0 seq=0 elapsed=0 oled=3C
[   3358] STATUS mode=1 fault=none enc=816 denc=0 sreq=0 sapplied=0 crate=0 uimp=-56870 upos=455 uneg=1020 ball=-19.01 vball=75.13 aball=0.0 bref=0.00 pid=0.0 pref=613.3 ppos=613.3 apid=0.0 integ=0.0 vision=1 current=1 vframe=17000 vs=1 vage=17 vpage=17 vdt=31 vmax=6166 vacc=16130 vrej=0 seq=0 elapsed=0 oled=3C
[   3390] STATUS mode=1 fault=none enc=816 denc=0 sreq=0 sapplied=0 crate=0 uimp=-56870 upos=455 uneg=1020 ball=-15.19 vball=87.79 aball=0.0 bref=0.00 pid=0.0 pref=613.3 ppos=613.3 apid=0.0 integ=0.0 vision=1 current=1 vframe=17001 vs=1 vage=3 vpage=3 vdt=34 vmax=6166 vacc=16131 vrej=0 seq=0 elapsed=0 oled=3C
[   3390] >>> stream off
[   3422] STATUS mode=1 fault=none enc=816 denc=0 sreq=0 sapplied=0 crate=0 uimp=-56870 upos=455 uneg=1020 ball=-12.38 vball=86.97 aball=0.0 bref=0.00 pid=0.0 pref=613.3 ppos=613.3 apid=0.0 integ=0.0 vision=1 current=1 vframe=17002 vs=1 vage=10 vpage=10 vdt=33 vmax=6166 vacc=16132 vrej=0 seq=0 elapsed=0 oled=3C
[   3422] OK stream off
[   3562] STOP_REASON speed_limit
