[      0] >>> stop
[      0] OK stopped
[    625] >>> zero
[    625] OK P60 encoder zeroed at current mechanical position
[   1250] >>> stream on 20
[   1250] OK stream on 20 ms
[   1297] STATUS mode=1 fault=none p60=0 dp60=0 pwm=0 ball=26.56 vball=4.21 aball=1.1 bref=50.00 pid=-36.6 apid=1.1 integ=-0.0 vision=1 current=1 vframe=1129 vs=1 vage=4 vpage=4 vdt=95 vmax=170 vacc=1125 vrej=0 seq=0 elapsed=0 oled=3C
[   1313] STATUS mode=1 fault=none p60=0 dp60=0 pwm=0 ball=26.49 vball=2.99 aball=1.1 bref=50.00 pid=-36.6 apid=1.1 integ=-0.0 vision=1 current=1 vframe=1130 vs=1 vage=3 vpage=3 vdt=21 vmax=170 vacc=1126 vrej=0 seq=0 elapsed=0 oled=3C
[   1328] STATUS mode=1 fault=none p60=0 dp60=0 pwm=0 ball=26.49 vball=2.99 aball=1.1 bref=50.00 pid=-36.6 apid=1.1 integ=-0.0 vision=1 current=1 vframe=1130 vs=1 vage=23 vpage=23 vdt=21 vmax=170 vacc=1126 vrej=0 seq=0 elapsed=0 oled=3C
[   1344] STATUS mode=1 fault=none p60=0 dp60=0 pwm=0 ball=26.48 vball=2.51 aball=1.1 bref=50.00 pid=-36.6 apid=1.1 integ=-0.0 vision=1 current=1 vframe=1131 vs=1 vage=9 vpage=9 vdt=34 vmax=170 vacc=1127 vrej=0 seq=0 elapsed=0 oled=3C
[   1375] STATUS mode=1 fault=none p60=0 dp60=0 pwm=0 ball=26.48 vball=2.51 aball=1.1 bref=50.00 pid=-36.6 apid=1.1 integ=-0.0 vision=1 current=1 vframe=1131 vs=1 vage=29 vpage=29 vdt=34 vmax=170 vacc=1127 vrej=0 seq=0 elapsed=0 oled=3C
[   1391] STATUS mode=1 fault=none p60=0 dp60=0 pwm=0 ball=26.48 vball=2.51 aball=1.1 bref=50.00 pid=-36.6 apid=1.1 integ=-0.0 vision=1 current=1 vframe=1131 vs=1 vage=49 vpage=49 vdt=34 vmax=170 vacc=1127 vrej=0 seq=0 elapsed=0 oled=3C
[   1406] STATUS mode=1 fault=none p60=0 dp60=0 pwm=0 ball=26.48 vball=2.51 aball=1.1 bref=50.00 pid=-36.6 apid=1.1 integ=-0.0 vision=1 current=1 vframe=1131 vs=1 vage=69 vpage=69 vdt=34 vmax=170 vacc=1127 vrej=0 seq=0 elapsed=0 oled=3C
[   1438] STATUS mode=1 fault=none p60=0 dp60=0 pwm=0 ball=26.48 vball=2.51 aball=1.1 bref=50.00 pid=-36.6 apid=1.1 integ=-0.0 vision=1 current=1 vframe=1131 vs=1 vage=89 vpage=89 vdt=34 vmax=170 vacc=1127 vrej=0 seq=0 elapsed=0 oled=3C
[   1453] STATUS mode=1 fault=none p60=0 dp60=0 pwm=0 ball=26.52 vball=2.14 aball=1.1 bref=50.00 pid=-36.6 apid=1.1 integ=-0.0 vision=1 current=1 vframe=1132 vs=1 vage=13 vpage=13 vdt=96 vmax=170 vacc=1128 vrej=0 seq=0 elapsed=0 oled=3C
[   1469] STATUS mode=1 fault=none p60=0 dp60=0 pwm=0 ball=26.23 vball=-0.43 aball=1.1 bref=50.00 pid=-36.6 apid=1.1 integ=-0.0 vision=1 current=1 vframe=1133 vs=1 vage=12 vpage=12 vdt=21 vmax=170 vacc=1129 vrej=0 seq=0 elapsed=0 oled=3C
[   1483] STATUS mode=1 fault=none p60=0 dp60=0 pwm=0 ball=26.23 vball=-0.43 aball=1.1 bref=50.00 pid=-36.6 apid=1.1 integ=-0.0 vision=1 current=1 vframe=1133 vs=1 vage=32 vpage=32 vdt=21 vmax=170 vacc=1129 vrej=0 seq=0 elapsed=0 oled=3C
[   1516] STATUS mode=1 fault=none p60=0 dp60=0 pwm=0 ball=26.12 vball=-0.83 aball=1.1 bref=50.00 pid=-36.6 apid=1.1 integ=-0.0 vision=1 current=1 vframe=1134 vs=1 vage=19 vpage=19 vdt=33 vmax=170 vacc=1130 vrej=0 seq=0 elapsed=0 oled=3C
[   1531] STATUS mode=1 fault=none p60=0 dp60=0 pwm=0 ball=26.12 vball=-0.83 aball=1.1 bref=50.00 pid=-36.6 apid=1.1 integ=-0.0 vision=1 current=1 vframe=1134 vs=1 vage=39 vpage=39 vdt=33 vmax=170 vacc=1130 vrej=0 seq=0 elapsed=0 oled=3C
[   1547] STATUS mode=1 fault=none p60=0 dp60=0 pwm=0 ball=26.12 vball=-0.83 aball=1.1 bref=50.00 pid=-36.6 apid=1.1 integ=-0.0 vision=1 current=1 vframe=1134 vs=1 vage=59 vpage=59 vdt=33 vmax=170 vacc=1130 vrej=0 seq=0 elapsed=0 oled=3C
[   1578] STATUS mode=1 fault=none p60=0 dp60=0 pwm=0 ball=26.12 vball=-0.83 aball=1.1 bref=50.00 pid=-36.6 apid=1.1 integ=-0.0 vision=1 current=1 vframe=1134 vs=1 vage=79 vpage=79 vdt=33 vmax=170 vacc=1130 vrej=0 seq=0 elapsed=0 oled=3C
[   1594] STATUS mode=1 fault=none p60=0 dp60=0 pwm=0 ball=26.10 vball=-0.75 aball=1.1 bref=50.00 pid=-36.6 apid=1.1 integ=-0.0 vision=1 current=1 vframe=1135 vs=1 vage=2 vpage=2 vdt=97 vmax=170 vacc=1131 vrej=0 seq=0 elapsed=0 oled=3C
[   1608] STATUS mode=1 fault=none p60=0 dp60=0 pwm=0 ball=26.06 vball=-0.94 aball=1.1 bref=50.00 pid=-36.6 apid=1.1 integ=-0.0 vision=1 current=1 vframe=1136 vs=1 vage=2 vpage=2 vdt=20 vmax=170 vacc=1132 vrej=0 seq=0 elapsed=0 oled=3C
[   1625] STATUS mode=1 fault=none p60=0 dp60=0 pwm=0 ball=26.06 vball=-0.94 aball=1.1 bref=50.00 pid=-36.6 apid=1.1 integ=-0.0 vision=1 current=1 vframe=1136 vs=1 vage=22 vpage=22 vdt=20 vmax=170 vacc=1132 vrej=0 seq=0 elapsed=0 oled=3C
[   1656] STATUS mode=1 fault=none p60=0 dp60=0 pwm=0 ball=26.06 vball=-0.82 aball=1.1 bref=50.00 pid=-36.6 apid=1.1 integ=-0.0 vision=1 current=1 vframe=1137 vs=1 vage=8 vpage=8 vdt=34 vmax=170 vacc=1133 vrej=0 seq=0 elapsed=0 oled=3C
[   1672] STATUS mode=1 fault=none p60=0 dp60=0 pwm=0 ball=26.06 vball=-0.82 aball=1.1 bref=50.00 pid=-36.6 apid=1.1 integ=-0.0 vision=1 current=1 vframe=1137 vs=1 vage=28 vpage=28 vdt=34 vmax=170 vacc=1133 vrej=0 seq=0 elapsed=0 oled=3C
[   1688] STATUS mode=1 fault=none p60=0 dp60=0 pwm=0 ball=26.06 vball=-0.82 aball=1.1 bref=50.00 pid=-36.6 apid=1.1 integ=-0.0 vision=1 current=1 vframe=1137 vs=1 vage=48 vpage=48 vdt=34 vmax=170 vacc=1133 vrej=0 seq=0 elapsed=0 oled=3C
[   1719] STATUS mode=1 fault=none p60=0 dp60=0 pwm=0 ball=26.06 vball=-0.82 aball=1.1 bref=50.00 pid=-36.6 apid=1.1 integ=-0.0 vision=1 current=1 vframe=1137 vs=1 vage=68 vpage=68 vdt=34 vmax=170 vacc=1133 vrej=0 seq=0 elapsed=0 oled=3C
[   1733] STATUS mode=1 fault=none p60=0 dp60=0 pwm=0 ball=26.06 vball=-0.82 aball=1.1 bref=50.00 pid=-36.6 apid=1.1 integ=-0.0 vision=1 current=1 vframe=1137 vs=1 vage=88 vpage=88 vdt=34 vmax=170 vacc=1133 vrej=0 seq=0 elapsed=0 oled=3C
[   1750] STATUS mode=1 fault=none p60=0 dp60=0 pwm=0 ball=26.04 vball=-0.70 aball=1.1 bref=50.00 pid=-36.6 apid=1.1 integ=-0.0 vision=1 current=1 vframe=1138 vs=1 vage=11 vpage=11 vdt=97 vmax=170 vacc=1134 vrej=0 seq=0 elapsed=0 oled=3C
[   1766] STATUS mode=1 fault=none p60=0 dp60=0 pwm=0 ball=26.06 vball=-0.51 aball=1.1 bref=50.00 pid=-36.6 apid=1.1 integ=-0.0 vision=1 current=1 vframe=1139 vs=1 vage=2 vpage=2 vdt=29 vmax=170 vacc=1135 vrej=0 seq=0 elapsed=0 oled=3C
[   1797] STATUS mode=1 fault=none p60=0 dp60=0 pwm=0 ball=26.06 vball=-0.51 aball=1.1 bref=50.00 pid=-36.6 apid=1.1 integ=-0.0 vision=1 current=1 vframe=1139 vs=1 vage=22 vpage=22 vdt=29 vmax=170 vacc=1135 vrej=0 seq=0 elapsed=0 oled=3C
[   1813] STATUS mode=1 fault=none p60=0 dp60=0 pwm=0 ball=25.46 vball=-3.92 aball=1.1 bref=50.00 pid=-36.6 apid=1.1 integ=-0.0 vision=1 current=1 vframe=1140 vs=1 vage=17 vpage=17 vdt=25 vmax=170 vacc=1136 vrej=0 seq=0 elapsed=0 oled=3C
[   1828] STATUS mode=1 fault=none p60=0 dp60=0 pwm=0 ball=25.46 vball=-3.92 aball=1.1 bref=50.00 pid=-36.6 apid=1.1 integ=-0.0 vision=1 current=1 vframe=1140 vs=1 vage=37 vpage=37 vdt=25 vmax=170 vacc=1136 vrej=0 seq=0 elapsed=0 oled=3C
[   1844] STATUS mode=1 fault=none p60=0 dp60=0 pwm=0 ball=25.46 vball=-3.92 aball=1.1 bref=50.00 pid=-36.6 apid=1.1 integ=-0.0 vision=1 current=1 vframe=1140 vs=1 vage=57 vpage=57 vdt=25 vmax=170 vacc=1136 vrej=0 seq=0 elapsed=0 oled=3C
[   1858] STATU
[   1858] >>> pulse 130 25
[   1875] S mode=1 fault=none p60=0 dp60=0 pwm=0 ball=25.46 vball=-3.92 aball=1.1 bref=50.00 pid=-36.6 apid=1.1 integ=-0.0 vision=1 current=1 vframe=1140 vs=1 vage=77 vpage=77 vdt=25 vmax=170 vacc=1136 vrej=0 seq=0 elapsed=0 oled=3C
[   1891] STATUS mode=2 fault=noneSTATUS mode=2 fault=none p60=2 dp60=1 pwm=0 ball=25.46 vball=-3.92 aball=1.1 bref=50.00 pid=-36.6 apid=1.1 integ=-0.0 vision=1 current=1 vframe=1140 vs=1 vage=97 vpage=97 vdt=25 vmax=170 vacc=1136 vrej=0 seq=0 elapsed=0 oled=3C
[   1906] STATUS mode=1 fault=none p60=6 dp60=1 pwm=0 ball=25.33 vball=-3.58 aball=1.1 bref=50.00 pid=-36.6 apid=1.1 integ=-0.0 vision=1 current=1 vframe=1141 vs=1 vage=8 vpage=8 vdt=109 vmax=170 vacc=1137 vrej=0 seq=0 elapsed=0 oled=3C
[   1938] STATUS mode=1 fault=none p60=9 dp60=1 pwm=0 ball=25.41 vball=-2.39 aball=1.1 bref=50.00 pid=-36.6 apid=1.1 integ=-0.0 vision=1 current=1 vframe=1142 vs=1 vage=6 vpage=6 vdt=22 vmax=170 vacc=1138 vrej=0 seq=0 elapsed=0 oled=3C
[   1953] STATUS mode=1 fault=none p60=11 dp60=1 pwm=0 ball=25.41 vball=-2.39 aball=1.1 bref=50.00 pid=-36.6 apid=1.1 integ=-0.0 vision=1 current=1 vframe=1142 vs=1 vage=26 vpage=26 vdt=22 vmax=170 vacc=1138 vrej=0 seq=0 elapsed=0 oled=3C
[   1969] STATUS mode=1 fault=none p60=11 dp60=0 pwm=0 ball=25.41 vball=-1.98 aball=1.1 bref=50.00 pid=-36.6 apid=1.1 integ=-0.0 vision=1 current=1 vframe=1143 vs=1 vage=12 vpage=12 vdt=34 vmax=170 vacc=1139 vrej=0 seq=0 elapsed=0 oled=3C
[   2000] STATUS mode=1 fault=none p60=10 dp60=-1 pwm=0 ball=25.41 vball=-1.98 aball=1.1 bref=50.00 pid=-36.6 apid=1.1 integ=-0.0 vision=1 current=1 vframe=1143 vs=1 vage=32 vpage=32 vdt=34 vmax=170 vacc=1139 vrej=0 seq=0 elapsed=0 oled=3C
[   2016] STATUS mode=1 fault=none p60=10 dp60=0 pwm=0 ball=25.41 vball=-1.98 aball=1.1 bref=50.00 pid=-36.6 apid=1.1 integ=-0.0 vision=1 current=1 vframe=1143 vs=1 vage=52 vpage=52 vdt=34 vmax=170 vacc=1139 vrej=0 seq=0 elapsed=0 oled=3C
[   2031] STATUS mode=1 fault=none p60=10 dp60=0 pwm=0 ball=25.41 vball=-1.98 aball=1.1 bref=50.00 pid=-36.6 apid=1.1 integ=-0.0 vision=1 current=1 vframe=1143 vs=1 vage=72 vpage=72 vdt=34 vmax=170 vacc=1139 vrej=0 seq=0 elapsed=0 oled=3C
[   2047] STATUS mode=1 fault=none p60=10 dp60=0 pwm=0 ball=25.41 vball=-1.98 aball=1.1 bref=50.00 pid=-36.6 apid=1.1 integ=-0.0 vision=1 current=1 vframe=1143 vs=1 vage=92 vpage=92 vdt=34 vmax=170 vacc=1139 vrej=0 seq=0 elapsed=0 oled=3C
[   2078] STATUS mode=1 fault=none p60=10 dp60=0 pwm=0 ball=25.38 vball=-1.69 aball=1.1 bref=50.00 pid=-36.6 apid=1.1 integ=-0.0 vision=1 current=1 vframe=1144 vs=1 vage=12 vpage=12 vdt=100 vmax=170 vacc=1140 vrej=0 seq=0 elapsed=0 oled=3C
[   2094] STATUS mode=1 fault=none p60=10 dp60=0 pwm=0 ball=25.38 vball=-1.69 aball=1.1 bref=50.00 pid=-36.6 apid=1.1 integ=-0.0 vision=1 current=1 vframe=1144 vs=1 vage=32 vpage=32 vdt=100 vmax=170 vacc=1140 vrej=0 seq=0 elapsed=0 oled=3C
[   2108] STATUS mode=1 fault=none p60=10 dp60=0 pwm=0 ball=25.87 vball=0.73 aball=1.1 bref=50.00 pid=-36.6 apid=1.1 integ=-0.0 vision=1 current=1 vframe=1145 vs=1 vage=13 vpage=13 vdt=39 vmax=170 vacc=1141 vrej=0 seq=0 elapsed=0 oled=3C
[   2141] STATUS mode=1 fault=none p60=10 dp60=0 pwm=0 ball=26.06 vball=1.62 aball=1.1 bref=50.00 pid=-36.6 apid=1.1 integ=-0.0 vision=1 current=1 vframe=1146 vs=1 vage=6 vpage=6 vdt=27 vmax=170 vacc=1142 vrej=0 seq=0 elapsed=0 oled=3C
[   2156] STATUS mode=1 fault=none p60=10 dp60=0 pwm=0 ball=26.06 vball=1.62 aball=1.1 bref=50.00 pid=-36.6 apid=1.1 integ=-0.0 vision=1 current=1 vframe=1146 vs=1 vage=26 vpage=26 vdt=27 vmax=170 vacc=1142 vrej=0 seq=0 elapsed=0 oled=3C
[   2172] STATUS mode=1 fault=none p60=10 dp60=0 pwm=0 ball=26.06 vball=1.62 aball=1.1 bref=50.00 pid=-36.6 apid=1.1 integ=-0.0 vision=1 current=1 vframe=1146 vs=1 vage=46 vpage=46 vdt=27 vmax=170 vacc=1142 vrej=0 seq=0 elapsed=0 oled=3C
[   2188] STATUS mode=1 fault=none p60=10 dp60=0 pwm=0 ball=26.06 vball=1.62 aball=1.1 bref=50.00 pid=-36.6 apid=1.1 integ=-0.0 vision=1 current=1 vframe=1146 vs=1 vage=66 vpage=66 vdt=27 vmax=170 vacc=1142 vrej=0 seq=0 elapsed=0 oled=3C
[   2219] STATUS mode=1 fault=none p60=10 dp60=0 pwm=0 ball=26.06 vball=1.62 aball=1.1 bref=50.00 pid=-36.6 apid=1.1 integ=-0.0 vision=1 current=1 vframe=1146 vs=1 vage=86 vpage=86 vdt=27 vmax=170 vacc=1142 vrej=0 seq=0 elapsed=0 oled=3C
[   2233] STATUS mode=1 fault=none p60=10 dp60=0 pwm=0 ball=26.11 vball=1.46 aball=1.1 bref=50.00 pid=-36.6 apid=1.1 integ=-0.0 vision=1 current=1 vframe=1147 vs=1 vage=6 vpage=6 vdt=100 vmax=170 vacc=1143 vrej=0 seq=0 elapsed=0 oled=3C
[   2250] STATUS mode=1 fault=none p60=10 dp60=0 pwm=0 ball=26.11 vball=1.46 aball=1.1 bref=50.00 pid=-36.6 apid=1.1 integ=-0.0 vision=1 current=1 vframe=1147 vs=1 vage=26 vpage=26 vdt=100 vmax=170 vacc=1143 vrej=0 seq=0 elapsed=0 oled=3C
[   2266] STATUS mode=1 fault=none p60=10 dp60=0 pwm=0 ball=25.43 vball=-4.03 aball=1.1 bref=50.00 pid=-36.6 apid=1.1 integ=-0.0 vision=1 current=1 vframe=1148 vs=1 vage=13 vpage=13 vdt=33 vmax=170 vacc=1144 vrej=0 seq=0 elapsed=0 oled=3C
[   2297] STATUS mode=1 fault=none p60=10 dp60=0 pwm=0 ball=25.43 vball=-4.03 aball=1.1 bref=50.00 pid=-36.6 apid=1.1 integ=-0.0 vision=1 current=1 vframe=1148 vs=1 vage=33 vpage=33 vdt=33 vmax=170 vacc=1144 vrej=0 seq=0 elapsed=0 oled=3C
[   2313] STATUS mode=1 fault=none p60=10 dp60=0 pwm=0 ball=25.43 vball=-4.03 aball=1.1 bref=50.00 pid=-36.6 apid=1.1 integ=-0.0 vision=1 current=1 vframe=1148 vs=1 vage=53 vpage=53 vdt=33 vmax=170 vacc=1144 vrej=0 seq=0 elapsed=0 oled=3C
[   2328] STATUS mode=1 fault=none p60=10 dp60=0 pwm=0 ball=25.43 vball=-4.03 aball=1.1 bref=50.00 pid=-36.6 apid=1.1 integ=-0.0 vision=1 current=1 vframe=1148 vs=1 vage=73 vpage=73 vdt=33 vmax=170 vacc=1144 vrej=0 seq=0 elapsed=0 oled=3C
[   2358] STATUS mode=1 fault=none p60=10 dp60=0 pwm=0 ball=25.43 vball=-4.03 aball=1.1 bref=50.00 pid=-36.6 apid=1.1 integ=-0.0 vision=1 current=1 vframe=1148 vs=1 vage=93 vpage=93 vdt=33 vmax=170 vacc=1144 vrej=0 seq=0 elapsed=0 oled=3C
[   2375] STATUS mode=1 fault=none p60=10 dp60=0 pwm=0 ball=25.35 vball=-3.26 aball=1.1 bref=50.00 pid=-36.6 apid=1.1 integ=-0.0 vision=1 current=1 vframe=1150 vs=1 vage=1 vpage=1 vdt=9 vmax=170 vacc=1146 vrej=0 seq=0 elapsed=0 oled=3C
[   2391] STATUS mode=1 fault=none p60=10 dp60=0 pwm=0 ball=25.35 vball=-3.26 aball=1.1 bref=50.00 pid=-36.6 apid=1.1 integ=-0.0 vision=1 current=1 vframe=1150 vs=1 vage=21 vpage=21 vdt=9 vmax=170 vacc=1146 vrej=0 seq=0 elapsed=0 oled=3C
[   2406] STATUS mode=1 fault=none p60=10 dp60=0 pwm=0 ball=25.41 vball=-2.31 aball=1.1 bref=50.00 pid=-36.6 apid=1.1 integ=-0.0 vision=1 current=1 vframe=1151 vs=1 vage=17 vpage=17 vdt=24 vmax=170 vacc=1147 vrej=0 seq=0 elapsed=0 oled=3C
[   2438] STATUS mode=1 fault=none p60=10 dp60=0 pwm=0 ball=25.41 vball=-1.92 aball=1.1 bref=50.00 pid=-36.6 apid=1.1 integ=-0.0 vision=1 current=1 vframe=1152 vs=1 vage=6 vpage=6 vdt=31 vmax=170 vacc=1148 vrej=0 seq=0 elapsed=0 oled=3C
[   2453] STATUS mode=1 fault=none p60=10 dp60=0 pwm=0 ball=25.41 vball=-1.92 aball=1.1 bref=50.00 pid=-36.6 apid=1.1 integ=-0.0 vision=1 current=1 vframe=1152 vs=1 vage=26 vpage=26 vdt=31 vmax=170 vacc=1148 vrej=0 seq=0 elapsed=0 oled=3C
[   2469] STATUS mode=1 fault=none p60=10 dp60=0 pwm=0 ball=25.41 vball=-1.92 aball=1.1 bref=50.00 pid=-36.6 apid=1.1 inte
[   2469] g=-0.0 vision=1 current=1 vframe=1152 vs=1 vage=46 vpage=46 vdt=31 vmax=170 vacc=1148 vrej=0 seq=0 elapsed=0 oled=3C
[   2483] STATUS mode=1 fault=none p60=10 dp60=0 pwm=0 ball=25.41 vball=-1.92 aball=1.1 bref=50.00 pid=-36.6 apid=1.1 integ=-0.0 vision=1 current=1 vframe=1152 vs=1 vage=66 vpage=66 vdt=31 vmax=170 vacc=1148 vrej=0 seq=0 elapsed=0 oled=3C
[   2516] STATUS mode=1 fault=none p60=10 dp60=0 pwm=0 ball=25.41 vball=-1.92 aball=1.1 bref=50.00 pid=-36.6 apid=1.1 integ=-0.0 vision=1 current=1 vframe=1152 vs=1 vage=86 vpage=86 vdt=31 vmax=170 vacc=1148 vrej=0 seq=0 elapsed=0 oled=3C
[   2531] STATUS mode=1 fault=none p60=10 dp60=0 pwm=0 ball=26.13 vball=-0.87 aball=1.1 bref=50.00 pid=-36.6 apid=1.1 integ=-0.0 vision=1 current=1 vframe=1153 vs=1 vage=8 vpage=8 vdt=98 vmax=170 vacc=1149 vrej=0 seq=0 elapsed=0 oled=3C
[   2547] STATUS mode=1 fault=none p60=10 dp60=0 pwm=0 ball=26.43 vball=1.50 aball=1.1 bref=50.00 pid=-36.6 apid=1.1 integ=-0.0 vision=1 current=1 vframe=1154 vs=1 vage=9 vpage=9 vdt=19 vmax=170 vacc=1150 vrej=0 seq=0 elapsed=0 oled=3C
[   2578] STATUS mode=1 fault=none p60=10 dp60=0 pwm=0 ball=26.43 vball=1.50 aball=1.1 bref=50.00 pid=-36.6 apid=1.1 integ=-0.0 vision=1 current=1 vframe=1154 vs=1 vage=29 vpage=29 vdt=19 vmax=170 vacc=1150 vrej=0 seq=0 elapsed=0 oled=3C
[   2594] STATUS mode=1 fault=none p60=10 dp60=0 pwm=0 ball=26.46 vball=1.40 aball=1.1 bref=50.00 pid=-36.6 apid=1.1 integ=-0.0 vision=1 current=1 vframe=1155 vs=1 vage=16 vpage=16 vdt=33 vmax=170 vacc=1151 vrej=0 seq=0 elapsed=0 oled=3C
[   2608] STATUS mode=1 fault=none p60=10 dp60=0 pwm=0 ball=26.46 vball=1.40 aball=1.1 bref=50.00 pid=-36.6 apid=1.1 integ=-0.0 vision=1 current=1 vframe=1155 vs=1 vage=36 vpage=36 vdt=33 vmax=170 vacc=1151 vrej=0 seq=0 elapsed=0 oled=3C
[   2625] STATUS mode=1 fault=none p60=10 dp60=0 pwm=0 ball=26.46 vball=1.40 aball=1.1 bref=50.00 pid=-36.6 apid=1.1 integ=-0.0 vision=1 current=1 vframe=1155 vs=1 vage=56 vpage=56 vdt=33 vmax=170 vacc=1151 vrej=0 seq=0 elapsed=0 oled=3C
[   2656] STATUS mode=1 fault=none p60=10 dp60=0 pwm=0 ball=26.46 vball=1.40 aball=1.1 bref=50.00 pid=-36.6 apid=1.1 integ=-0.0 vision=1 current=1 vframe=1155 vs=1 vage=76 vpage=76 vdt=33 vmax=170 vacc=1151 vrej=0 seq=0 elapsed=0 oled=3C
[   2672] STATUS mode=1 fault=none p60=10 dp60=0 pwm=0 ball=26.46 vball=1.40 aball=1.1 bref=50.00 pid=-36.6 apid=1.1 integ=-0.0 vision=1 current=1 vframe=1155 vs=1 vage=96 vpage=96 vdt=33 vmax=170 vacc=1151 vrej=0 seq=0 elapsed=0 oled=3C
[   2688] STATUS mode=1 fault=none p60=10 dp60=0 pwm=0 ball=26.49 vball=1.22 aball=1.1 bref=50.00 pid=-36.6 apid=1.1 integ=-0.0 vision=1 current=1 vframe=1156 vs=1 vage=12 vpage=12 vdt=104 vmax=170 vacc=1152 vrej=0 seq=0 elapsed=0 oled=3C
[   2719] STATUS mode=1 fault=none p60=10 dp60=0 pwm=0 ball=26.47 vball=0.91 aball=1.1 bref=50.00 pid=-36.6 apid=1.1 integ=-0.0 vision=1 current=1 vframe=1157 vs=1 vage=9 vpage=9 vdt=23 vmax=170 vacc=1153 vrej=0 seq=0 elapsed=0 oled=3C
[   2733] STATUS mode=1 fault=none p60=10 dp60=0 pwm=0 ball=26.46 vball=0.70 aball=1.1 bref=50.00 pid=-36.6 apid=1.1 integ=-0.0 vision=1 current=1 vframe=1158 vs=1 vage=4 vpage=4 vdt=25 vmax=170 vacc=1154 vrej=0 seq=0 elapsed=0 oled=3C
[   2750] STATUS mode=1 fault=none p60=10 dp60=0 pwm=0 ball=26.46 vball=0.70 aball=1.1 bref=50.00 pid=-36.6 apid=1.1 integ=-0.0 vision=1 current=1 vframe=1158 vs=1 vage=24 vpage=24 vdt=25 vmax=170 vacc=1154 vrej=0 seq=0 elapsed=0 oled=3C
[   2766] STATUS mode=1 fault=none p60=10 dp60=0 pwm=0 ball=26.46 vball=0.70 aball=1.1 bref=50.00 pid=-36.6 apid=1.1 integ=-0.0 vision=1 current=1 vframe=1158 vs=1 vage=44 vpage=44 vdt=25 vmax=170 vacc=1154 vrej=0 seq=0 elapsed=0 oled=3C
[   2797] STATUS mode=1 fault=none p60=10 dp60=0 pwm=0 ball=26.46 vball=0.70 aball=1.1 bref=50.00 pid=-36.6 apid=1.1 integ=-0.0 vision=1 current=1 vframe=1158 vs=1 vage=64 vpage=64 vdt=25 vmax=170 vacc=1154 vrej=0 seq=0 elapsed=0 oled=3C
[   2813] STATUS mode=1 fault=none p60=10 dp60=0 pwm=0 ball=26.46 vball=0.70 aball=1.1 bref=50.00 pid=-36.6 apid=1.1 integ=-0.0 vision=1 current=1 vframe=1158 vs=1 vage=84 vpage=84 vdt=25 vmax=170 vacc=1154 vrej=0 seq=0 elapsed=0 oled=3C
[   2828] STATUS mode=1 fault=none p60=10 dp60=0 pwm=0 ball=26.47 vball=0.60 aball=1.1 bref=50.00 pid=-36.6 apid=1.1 integ=-0.0 vision=1 current=1 vframe=1159 vs=1 vage=4 vpage=4 vdt=100 vmax=170 vacc=1155 vrej=0 seq=0 elapsed=0 oled=3C
[   2858] STATUS mode=1 fault=none p60=10 dp60=0 pwm=0 ball=26.47 vball=0.60 aball=1.1 bref=50.00 pid=-36.6 apid=1.1 integ=-0.0 vision=1 current=1 vframe=1159 vs=1 vage=24 vpage=24 vdt=100 vmax=170 vacc=1155 vrej=0 seq=0 elapsed=0 oled=3C
[   2875] STATUS mode=1 fault=none p60=10 dp60=0 pwm=0 ball=26.46 vball=0.44 aball=1.1 bref=50.00 pid=-36.6 apid=1.1 integ=-0.0 vision=1 current=1 vframe=1167 vs=1 vage=12 vpage=12 vdt=32 vmax=170 vacc=1163 vrej=0 seq=0 elapsed=0 oled=3C
[   2891] STATUS mode=1 fault=none p60=10 dp60=0 pwm=0 ball=26.46 vball=0.44 aball=1.1 bref=50.00 pid=-36.6 apid=1.1 integ=-0.0 vision=1 current=1 vframe=1167 vs=1 vage=32 vpage=32 vdt=32 vmax=170 vacc=1163 vrej=0 seq=0 elapsed=0 oled=3C
[   2906] STATUS mode=1 fault=none p60=10 dp60=0 pwm=0 ball=26.88 vball=2.32 aball=1.1 bref=50.00 pid=-36.6 apid=1.1 integ=-0.0 vision=1 current=1 vframe=1168 vs=1 vage=19 vpage=19 vdt=33 vmax=170 vacc=1164 vrej=0 seq=0 elapsed=0 oled=3C
[   2938] STATUS mode=1 fault=none p60=10 dp60=0 pwm=0 ball=26.88 vball=2.32 aball=1.1 bref=50.00 pid=-36.6 apid=1.1 integ=-0.0 vision=1 current=1 vframe=1168 vs=1 vage=39 vpage=39 vdt=33 vmax=170 vacc=1164 vrej=0 seq=0 elapsed=0 oled=3C
[   2953] STATUS mode=1 fault=none p60=10 dp60=0 pwm=0 ball=26.88 vball=2.32 aball=1.1 bref=50.00 pid=-36.6 apid=1.1 integ=-0.0 vision=1 current=1 vframe=1168 vs=1 vage=59 vpage=59 vdt=33 vmax=170 vacc=1164 vrej=0 seq=0 elapsed=0 oled=3C
[   2969] STATUS mode=1 fault=none p60=10 dp60=0 pwm=0 ball=26.88 vball=2.32 aball=1.1 bref=50.00 pid=-36.6 apid=1.1 integ=-0.0 vision=1 current=1 vframe=1168 vs=1 vage=79 vpage=79 vdt=33 vmax=170 vacc=1164 vrej=0 seq=0 elapsed=0 oled=3C
[   2983] STATUS mode=1 fault=none p60=10 dp60=0 pwm=0 ball=26.96 vball=2.13 aball=1.1 bref=50.00 pid=-36.6 apid=1.1 integ=-0.0 vision=1 current=1 vframe=1169 vs=1 vage=2 vpage=2 vdt=97 vmax=170 vacc=1165 vrej=0 seq=0 elapsed=0 oled=3C
[   3016] STATUS mode=1 fault=none p60=10 dp60=0 pwm=0 ball=26.96 vball=2.13 aball=1.1 bref=50.00 pid=-36.6 apid=1.1 integ=-0.0 vision=1 current=1 vframe=1169 vs=1 vage=22 vpage=22 vdt=97 vmax=170 vacc=1165 vrej=0 seq=0 elapsed=0 oled=3C
[   3031] STATUS mode=1 fault=none p60=10 dp60=0 pwm=0 ball=26.92 vball=1.57 aball=1.1 bref=50.00 pid=-36.6 apid=1.1 integ=-0.0 vision=1 current=1 vframe=1170 vs=1 vage=17 vpage=17 vdt=25 vmax=170 vacc=1166 vrej=0 seq=0 elapsed=0 oled=3C
[   3047] STATUS mode=1 fault=none p60=10 dp60=0 pwm=0 ball=26.92 vball=1.29 aball=1.1 bref=50.00 pid=-36.6 apid=1.1 integ=-0.0 vision=1 current=1 vframe=1171 vs=1 vage=9 vpage=9 vdt=28 vmax=170 vacc=1167 vrej=0 seq=0 elapsed=0 oled=3C
[   3078] STATUS mode=1 fault=none p60=10 dp60=0 pwm=0 ball=26.92 vball=1.29 aball=1.1 bref=50.00 pid=-36.6 apid=1.1 integ=-0.0 vision=1 current=1 vframe=1171 vs=1 vage=29 vpage=29 vdt=28 vmax=170 vacc=1167 vrej=0 seq=0 elapsed=0 oled=3C
[   3094] STATUS mode=1 fault=none p60=10 dp60=0 pwm=0 ball=26.92 vball=1.29 aball=1.1 bref=50.00 pid=-36.6 apid=1.1 integ=-0.0 vision=1 current=1 vframe=1171 vs=1 vage=49 vpage=49 vdt=28 vmax=170 vacc=1167 vrej=0 seq=0 elapsed=0 oled=3C
[   3108] STATUS mode=1 fault=none p60=10 dp60=0 pwm=0 ball=26.92 vball=1.29 aball=1.1 bref=50.00 pid=-36.6 apid=1.1 integ=-0.0 vision=1 current=1 vframe=1171 vs=1 vage=69 vpage=69 vdt=28 vmax=170 vacc=1167 vrej=0 seq=0 elapsed=0 oled=3C
[   3125] STATUS mode=1 fault=none p60=10 dp60=0 pwm=0 ball=26.92 vball=1.29 aball=1.1 bref=50.00 pid=-36.6 apid=1.1 integ=-0.0 vision=1 current=1 vframe=1171 vs=1 vage=89 vpage=89 vdt=28 vmax=170 vacc=1167 vrej=0 seq=0 elapsed=0 oled=3C
[   3156] STATUS mode=1 fault=none p60=10 dp60=0 pwm=0 ball=26.94 vball=1.10 aball=1.1 bref=50.00 pid=-36.6 apid=1.1 integ=-0.0 vision=1 current=1 vframe=1172 vs=1 vage=4 vpage=4 vdt=105 vmax=170 vacc=1168 vrej=0 seq=0 elapsed=0 oled=3C
[   3172] STATUS mode=1 fault=none p60=10 dp60=0 pwm=0 ball=26.94 vball=1.10 aball=1.1 bref=50.00 pid=-36.6 apid=1.1 integ=-0.0 vision=1 current=1 vframe=
[   3172] >>> status
[   3172] 1172 vs=1 vage=24 vpage=24 vdt=105 vmax=170 vacc=1168 vrej=0 seq=0 elapsed=0 oled=3C
[   3188] STATUS mode=1 fault=none p60=10 dp60=0 pwm=0 ball=25.72 vball=-5.83 aball=1.1 bref=50.00 pid=-36.6 apid=1.1 integ=-0.0 vision=1 current=1 vframe=1173 vs=1 vage=16 vpage= vdt=28 vmax=170 vacc=1169 vrej=0 seq=0 elapsed=0 oled=3C
[   3219] STATUS mode=1 fault=none p60=10 dp60=0 pwm=0 ball=26.32 vball=-2.01 aball=1.1 bref=50.00 pid=-36.6 apid=1.1 integ=-0.0 vision=1 current=1 vframe=1173 vs=1 vage=16 vpage=16 vdt=28 vmax=170 vacc=1169 vrej=0 seq=0 elapsed=0 oled=3C
[   3233] STATUS mode=1 fault=none p60=10 dp60=0 pwm=0 ball=26.32 vball=-2.01 aball=1.1 bref=50.00 pid=-36.6 apid=1.1 integ=-0.0 vision=1 current=1 vframe=1174 vs=1 vage=2 vpage=2 vdt=34 vmax=170 vacc=1170 vrej=0 seq=0 elapsed=0 oled=3C
[   3250] STATUS mode=1 fault=none p60=10 dp60=0 pwm=0 ball=26.32 vball=-2.01 aball=1.1 bref=50.00 pid=-36.6 apid=1.1 integ=-0.0 vision=1 current=1 vframe=1174 vs=1 vage=22 vpage=22 vdt=34 vmax=170 vacc=1170 vrej=0 seq=0 elapsed=0 oled=3C
[   3266] STATUS mode=1 fault=none p60=10 dp60=0 pwm=0 ball=26.32 vball=-2.01 aball=1.1 bref=50.00 pid=-36.6 apid=1.1 integ=-0.0 vision=1 current=1 vframe=1174 vs=1 vage=42 vpage=42 vdt=34 vmax=170 vacc=1170 vrej=0 seq=0 elapsed=0 oled=3C
[   3297] STATUS mode=1 fault=none p60=10 dp60=0 pwm=0 ball=26.32 vball=-2.01 aball=1.1 bref=50.00 pid=-36.6 apid=1.1 integ=-0.0 vision=1 current=1 vframe=1174 vs=1 vage=62 vpage=62 vdt=34 vmax=170 vacc=1170 vrej=0 seq=0 elapsed=0 oled=3C
[   3313] STATUS mode=1 fault=none p60=10 dp60=0 pwm=0 ball=26.32 vball=-2.01 aball=1.1 bref=50.00 pid=-36.6 apid=1.1 integ=-0.0 vision=1 current=1 vframe=1174 vs=1 vage=82 vpage=82 vdt=34 vmax=170 vacc=1170 vrej=0 seq=0 elapsed=0 oled=3C
[   3328] STATUS mode=1 fault=none p60=10 dp60=0 pwm=0 ball=26.86 vball=0.30 aball=1.1 bref=50.00 pid=-36.6 apid=1.1 integ=-0.0 vision=1 current=1 vframe=1175 vs=1 vage=6 vpage=6 vdt=96 vmax=170 vacc=1171 vrej=0 seq=0 elapsed=0 oled=3C
[   3344] STATUS mode=1 fault=none p60=10 dp60=0 pwm=0 ball=26.86 vball=0.30 aball=1.1 bref=50.00 pid=-36.6 apid=1.1 integ=-0.0 vision=1 current=1 vframe=1175 vs=1 vage=26 vpage=26 vdt=96 vmax=170 vacc=1171 vrej=0 seq=0 elapsed=0 oled=3C
[   3375] STATUS mode=1 fault=none p60=10 dp60=0 pwm=0 ball=26.48 vball=-2.16 aball=1.1 bref=50.00 pid=-36.6 apid=1.1 integ=-0.0 vision=1 current=1 vframe=1176 vs=1 vage=9 vpage=9 vdt=37 vmax=170 vacc=1172 vrej=0 seq=0 elapsed=0 oled=3C
[   3391] STATUS mode=1 fault=none p60=10 dp60=0 pwm=0 ball=26.48 vball=-2.16 aball=1.1 bref=50.00 pid=-36.6 apid=1.1 integ=-0.0 vision=1 current=1 vframe=1176 vs=1 vage=29 vpage=29 vdt=37 vmax=170 vacc=1172 vrej=0 seq=0 elapsed=0 oled=3C
[   3406] STATUS mode=1 fault=none p60=10 dp60=0 pwm=0 ball=26.48 vball=-2.16 aball=1.1 bref=50.00 pid=-36.6 apid=1.1 integ=-0.0 vision=1 current=1 vframe=1176 vs=1 vage=49 vpage=49 vdt=37 vmax=170 vacc=1172 vrej=0 seq=0 elapsed=0 oled=3C
[   3422] STATUS mode=1 fault=none p60=10 dp60=0 pwm=0 ball=26.48 vball=-2.16 aball=1.1 bref=50.00 pid=-36.6 apid=1.1 integ=-0.0 vision=1 current=1 vframe=1176 vs=1 vage=69 vpage=69 vdt=37 vmax=170 vacc=1172 vrej=0 seq=0 elapsed=0 oled=3C
[   3453] STATUS mode=1 fault=none p60=10 dp60=0 pwm=0 ball=26.48 vball=-2.16 aball=1.1 bref=50.00 pid=-36.6 apid=1.1 integ=-0.0 vision=1 current=1 vframe=1176 vs=1 vage=89 vpage=89 vdt=37 vmax=170 vacc=1172 vrej=0 seq=0 elapsed=0 oled=3C
[   3469] STATUS mode=1 fault=none p60=10 dp60=0 pwm=0 ball=26.87 vball=-0.05 aball=1.1 bref=50.00 pid=-36.6 apid=1.1 integ=-0.0 vision=1 current=1 vframe=1177 vs=1 vage=6 vpage=6 vdt=103 vmax=170 vacc=1173 vrej=0 seq=0 elapsed=0 oled=3C
[   3483] STATUS mode=1 fault=none p60=10 dp60=0 pwm=0 ball=26.88 vball=-0.03 aball=1.1 bref=50.00 pid=-36.6 apid=1.1 integ=-0.0 vision=1 current=1 vframe=1178 vs=1 vage=17 vpage=17 vdt=9 vmax=170 vacc=1174 vrej=0 seq=0 elapsed=0 oled=3C
[   3516] STATUS mode=1 fault=none p60=10 dp60=0 pwm=0 ball=26.89 vball=0.03 aball=1.1 bref=50.00 pid=-36.6 apid=1.1 integ=-0.0 vision=1 current=1 vframe=1179 vs=1 vage=16 vpage=16 vdt=21 vmax=170 vacc=1175 vrej=0 seq=0 elapsed=0 oled=3C
[   3531] STATUS mode=1 fault=none p60=10 dp60=0 pwm=0 ball=26.91 vball=0.10 aball=1.1 bref=50.00 pid=-36.6 apid=1.1 integ=-0.0 vision=1 current=1 vframe=1180 vs=1 vage=3 vpage=3 vdt=33 vmax=170 vacc=1176 vrej=0 seq=0 elapsed=0 oled=3C
[   3547] STATUS mode=1 fault=none p60=10 dp60=0 pwm=0 ball=26.91 vball=0.10 aball=1.1 bref=50.00 pid=-36.6 apid=1.1 integ=-0.0 vision=1 current=1 vframe=1180 vs=1 vage=23 vpage=23 vdt=33 vmax=170 vacc=1176 vrej=0 seq=0 elapsed=0 oled=3C
[   3563] STATUS mode=1 fault=none p60=10 dp60=0 pwm=0 ball=26.91 vball=0.10 aball=1.1 bref=50.00 pid=-36.6 apid=1.1 integ=-0.0 vision=1 current=1 vframe=1180 vs=1 vage=43 vpage=43 vdt=33 vmax=170 vacc=1176 vrej=0 seq=0 elapsed=0 oled=3C
[   3594] STATUS mode=1 fault=none p60=10 dp60=0 pwm=0 ball=26.91 vball=0.10 aball=1.1 bref=50.00 pid=-36.6 apid=1.1 integ=-0.0 vision=1 current=1 vframe=1180 vs=1 vage=63 vpage=63 vdt=33 vmax=170 vacc=1176 vrej=0 seq=0 elapsed=0 oled=3C
[   3608] STATUS mode=1 fault=none p60=10 dp60=0 pwm=0 ball=26.91 vball=0.10 aball=1.1 bref=50.00 pid=-36.6 apid=1.1 integ=-0.0 vision=1 current=1 vframe=1180 vs=1 vage=83 vpage=83 vdt=33 vmax=170 vacc=1176 vrej=0 seq=0 elapsed=0 oled=3C
[   3625] STATUS mode=1 fault=none p60=10 dp60=0 pwm=0 ball=26.89 vball=0.04 aball=1.1 bref=50.00 pid=-36.6 apid=1.1 integ=-0.0 vision=1 current=1 vframe=1181 vs=1 vage=7 vpage=7 vdt=96 vmax=170 vacc=1177 vrej=0 seq=0 elapsed=0 oled=3C
[   3641] STATUS mode=1 fault=none p60=10 dp60=0 pwm=0 ball=26.49 vball=-2.55 aball=1.1 bref=50.00 pid=-36.6 apid=1.1 integ=-0.0 vision=1 current=1 vframe=1182 vs=1 vage=4 vpage=4 vdt=23 vmax=170 vacc=1178 vrej=0 seq=0 elapsed=0 oled=3C
[   3672] STATUS mode=1 fault=none p60=10 dp60=0 pwm=0 ball=26.49 vball=-2.55 aball=1.1 bref=50.00 pid=-36.6 apid=1.1 integ=-0.0 vision=1 current=1 vframe=1182 vs=1 vage=24 vpage=24 vdt=23 vmax=170 vacc=1178 vrej=0 seq=0 elapsed=0 oled=3C
[   3688] STATUS mode=1 fault=none p60=10 dp60=0 pwm=0 ball=26.45 vball=-2.36 aball=1.1 bref=50.00 pid=-36.6 apid=1.1 integ=-0.0 vision=1 current=1 vframe=1183 vs=1 vage=12 vpage=12 vdt=32 vmax=170 vacc=1179 vrej=0 seq=0 elapsed=0 oled=3C
[   3703] STATUS mode=1 fault=none p60=10 dp60=0 pwm=0 ball=26.45 vball=-2.36 aball=1.1 bref=50.00 pid=-36.6 apid=1.1 integ=-0.0 vision=1 current=1 vframe=1183 vs=1 vage=32 vpage=32 vdt=32 vmax=170 vacc=1179 vrej=0 seq=0 elapsed=0 oled=3C
[   3733] STATUS mode=1 fault=none p60=10 dp60=0 pwm=0 ball=26.45 vball=-2.36 aball=1.1 bref=50.00 pid=-36.6 apid=1.1 integ=-0.0 vision=1 current=1 vframe=1183 vs=1 vage=52 vpage=52 vdt=32 vmax=170 vacc=1179 vrej=0 seq=0 elapsed=0 oled=3C
[   3750] STATUS mode=1 fault=none p60=10 dp60=0 pwm=0 ball=26.45 vball=-2.36 aball=1.1 bref=50.00 pid=-36.6 apid=1.1 integ=-0.0 vision=1 current=1 vframe=1183 vs=1 vage=72 vpage=72 vdt=32 vmax=170 vacc=1179 vrej=0 seq=0 elapsed=0 oled=3C
[   3766] STATUS mode=1 fault=none p60=10 dp60=0 pwm=0 ball=26.45 vball=-2.36 aball=1.1 bref=50.00 pid=-36.6 apid=1.1 integ=-0.0 vision=1 current=1 vframe=1183 vs=1 vage=92 vpage=92 vdt=32 vmax=170 vacc=1179 vrej=0 seq=0 elapsed=0 oled=3C
[   3781] STATUS mode=1 fault=none p60=10 dp60=0 pwm=0 ball=26.4
[   3781] >>> pulse -130 25
[   3781] 1 vball=-2.03 aball=1.1 bref=50.00 pid=-36.6 apid=1.1 integ=-0.0 vision=1 current=1 vframe=1184 vs=1 vage=18 vpage=18 vdt=94 vmax=170 vacc=1180 vrej=0 seq=0 elapsed=0 oled=3C
[   3797] OK pulse pwm=-130 ms=25
[   3813] STATUS mode=2 fault=none p60=9 dp60=-1 pwm=0 ball=26.46 vball=-1.15 aball=1.1 bref=50.00 pid=-36.6 apid=1.1 integ=-0.0 vision=1 current=1 vframe=1186 vs=1 vage=3 vpage=3 vdt=33 vmax=170 vacc=1182 vrej=0 seq=0 elapsed=0 oled=3C
[   3828] STATUS mode=1 faultSTATUS mode=1 fault=none p60=5 dp60=-1 pwm=0 ball=26.46 vball=-1.15 aball=1.1 bref=50.00 pid=-36.6 apid=1.1 integ=-0.0 vision=1 current=1 vframe=1186 vs=1 vage=23 vpage=23 vdt=33 vmax=170 vacc=1182 vrej=0 seq=0 elapsed=0 oled=3C
[   3858] STATUS mode=1 fault=none p60=2 dp60=-1 pwm=0 ball=26.46 vball=-1.15 aball=1.1 bref=50.00 pid=-36.6 apid=1.1 integ=-0.0 vision=1 current=1 vframe=1186 vs=1 vage=43 vpage=43 vdt=33 vmax=170 vacc=1182 vrej=0 seq=0 elapsed=0 oled=3C
[   3875] STATUS mode=1 fault=none p60=-1 dp60=0 pwm=0 ball=26.46 vball=-1.15 aball=1.1 bref=50.00 pid=-36.6 apid=1.1 integ=-0.0 vision=1 current=1 vframe=1186 vs=1 vage=63 vpage=63 vdt=33 vmax=170 vacc=1182 vrej=0 seq=0 elapsed=0 oled=3C
[   3891] STATUS mode=1 fault=none p60=-1 dp60=0 pwm=0 ball=26.46 vball=-1.15 aball=1.1 bref=50.00 pid=-36.6 apid=1.1 integ=-0.0 vision=1 current=1 vframe=1186 vs=1 vage=83 vpage=83 vdt=33 vmax=170 vacc=1182 vrej=0 seq=0 elapsed=0 oled=3C
[   3906] STATUS mode=1 fault=none p60=0 dp60=0 pwm=0 ball=26.46 vball=-1.15 aball=1.1 bref=50.00 pid=-36.6 apid=1.1 integ=-0.0 vision=1 current=1 vframe=1186 vs=1 vage=103 vpage=103 vdt=33 vmax=170 vacc=1182 vrej=0 seq=0 elapsed=0 oled=3C
[   3938] STATUS mode=1 fault=none p60=1 dp60=0 pwm=0 ball=26.44 vball=-0.98 aball=1.1 bref=50.00 pid=-36.6 apid=1.1 integ=-0.0 vision=1 current=1 vframe=1187 vs=1 vage=19 vpage=19 vdt=104 vmax=170 vacc=1183 vrej=0 seq=0 elapsed=0 oled=3C
[   3953] STATUS mode=1 fault=none p60=1 dp60=0 pwm=0 ball=26.09 vball=-2.71 aball=1.1 bref=50.00 pid=-36.6 apid=1.1 integ=-0.0 vision=1 current=1 vframe=1188 vs=1 vage=9 vpage=9 vdt=30 vmax=170 vacc=1184 vrej=0 seq=0 elapsed=0 oled=3C
[   3969] STATUS mode=1 fault=none p60=1 dp60=0 pwm=0 ball=26.09 vball=-2.71 aball=1.1 bref=50.00 pid=-36.6 apid=1.1 integ=-0.0 vision=1 current=1 vframe=1188 vs=1 vage=29 vpage=29 vdt=30 vmax=170 vacc=1184 vrej=0 seq=0 elapsed=0 oled=3C
[   4000] STATUS mode=1 fault=none p60=1 dp60=0 pwm=0 ball=26.05 vball=-2.46 aball=1.1 bref=50.00 pid=-36.6 apid=1.1 integ=-0.0 vision=1 current=1 vframe=1189 vs=1 vage=14 vpage=14 vdt=35 vmax=170 vacc=1185 vrej=0 seq=0 elapsed=0 oled=3C
[   4016] STATUS mode=1 fault=none p60=1 dp60=0 pwm=0 ball=26.05 vball=-2.46 aball=1.1 bref=50.00 pid=-36.6 apid=1.1 integ=-0.0 vision=1 current=1 vframe=1189 vs=1 vage=34 vpage=34 vdt=35 vmax=170 vacc=1185 vrej=0 seq=0 elapsed=0 oled=3C
[   4031] STATUS mode=1 fault=none p60=1 dp60=0 pwm=0 ball=26.05 vball=-2.46 aball=1.1 bref=50.00 pid=-36.6 apid=1.1 integ=-0.0 vision=1 current=1 vframe=1189 vs=1 vage=54 vpage=54 vdt=35 vmax=170 vacc=1185 vrej=0 seq=0 elapsed=0 oled=3C
[   4047] STATUS mode=1 fault=none p60=1 dp60=0 pwm=0 ball=26.05 vball=-2.46 aball=1.1 bref=50.00 pid=-36.6 apid=1.1 integ=-0.0 vision=1 current=1 vframe=1189 vs=1 vage=74 vpage=74 vdt=35 vmax=170 vacc=1185 vrej=0 seq=0 elapsed=0 oled=3C
[   4078] STATUS mode=1 fault=none p60=1 dp60=0 pwm=0 ball=26.05 vball=-2.46 aball=1.1 bref=50.00 pid=-36.6 apid=1.1 integ=-0.0 vision=1 current=1 vframe=1189 vs=1 vage=94 vpage=94 vdt=35 vmax=170 vacc=1185 vrej=0 seq=0 elapsed=0 oled=3C
[   4094] STATUS mode=1 fault=none p60=1 dp60=0 pwm=0 ball=26.00 vball=-2.12 aball=1.1 bref=50.00 pid=-36.6 apid=1.1 integ=-0.0 vision=1 current=1 vframe=1190 vs=1 vage=8 vpage=8 vdt=106 vmax=170 vacc=1186 vrej=0 seq=0 elapsed=0 oled=3C
[   4108] STATUS mode=1 fault=none p60=1 dp60=0 pwm=0 ball=26.00 vball=-2.12 aball=1.1 bref=50.00 pid=-36.6 apid=1.1 integ=-0.0 vision=1 current=1 vframe=1190 vs=1 vage=28 vpage=28 vdt=106 vmax=170 vacc=1186 vrej=0 seq=0 elapsed=0 oled=3C
[   4125] STATUS mode=1 fault=none p60=1 dp60=0 pwm=0 ball=26.05 vball=-1.44 aball=1.1 bref=50.00 pid=-36.6 apid=1.1 integ=-0.0 vision=1 current=1 vframe=1191 vs=1 vage=20 vpage=20 vdt=28 vmax=170 vacc=1187 vrej=0 seq=0 elapsed=0 oled=3C
[   4156] STATUS mode=1 fault=none p60=1 dp60=0 pwm=0 ball=26.05 vball=-1.19 aball=1.1 bref=50.00 pid=-36.6 apid=1.1 integ=-0.0 vision=1 current=1 vframe=1192 vs=1 vage=9 vpage=9 vdt=31 vmax=170 vacc=1188 vrej=0 seq=0 elapsed=0 oled=3C
[   4172] STATUS mode=1 fault=none p60=1 dp60=0 pwm=0 ball=26.05 vball=-1.19 aball=1.1 bref=50.00 pid=-36.6 apid=1.1 integ=-0.0 vision=1 current=1 vframe=1192 vs=1 vage=29 vpage=29 vdt=31 vmax=170 vacc=1188 vrej=0 seq=0 elapsed=0 oled=3C
[   4188] STATUS mode=1 fault=none p60=1 dp60=0 pwm=0 ball=26.05 vball=-1.19 aball=1.1 bref=50.00 pid=-36.6 apid=1.1 integ=-0.0 vision=1 current=1 vframe=1192 vs=1 vage=49 vpage=49 vdt=31 vmax=170 vacc=1188 vrej=0 seq=0 elapsed=0 oled=3C
[   4219] STATUS mode=1 fault=none p60=1 dp60=0 pwm=0 ball=26.05 vball=-1.19 aball=1.1 bref=50.00 pid=-36.6 apid=1.1 integ=-0.0 vision=1 current=1 vframe=1192 vs=1 vage=69 vpage=69 vdt=31 vmax=170 vacc=1188 vrej=0 seq=0 elapsed=0 oled=3C
[   4233] STATUS mode=1 fault=none p60=1 dp60=0 pwm=0 ball=26.05 vball=-1.19 aball=1.1 bref=50.00 pid=-36.6 apid=1.1 integ=-0.0 vision=1 current=1 vframe=1192 vs=1 vage=89 vpage=89 vdt=31 vmax=170 vacc=1188 vrej=0 seq=0 elapsed=0 oled=3C
[   4250] STATUS mode=1 fault=none p60=1 dp60=0 pwm=0 ball=26.03 vball=-1.01 aball=1.1 bref=50.00 pid=-36.6 apid=1.1 integ=-0.0 vision=1 current=1 vframe=1193 vs=1 vage=5 vpage=5 vdt=104 vmax=170 vacc=1189 vrej=0 seq=0 elapsed=0 oled=3C
[   4266] STATUS mode=1 fault=none p60=1 dp60=0 pwm=0 ball=26.03 vball=-1.01 aball=1.1 bref=50.00 pid=-36.6 apid=1.1 integ=-0.0 vision=1 current=1 vframe=1193 vs=1 vage=25 vpage=25 vdt=104 vmax=170 vacc=1189 vrej=0 seq=0 elapsed=0 oled=3C
[   4297] STATUS mode=1 fault=none p60=1 dp60=0 pwm=0 ball=26.05 vball=-0.73 aball=1.1 bref=50.00 pid=-36.6 apid=1.1 integ=-0.0 vision=1 current=1 vframe=1194 vs=1 vage=15 vpage=15 vdt=30 vmax=170 vacc=1190 vrej=0 seq=0 elapsed=0 oled=3C
[   4313] STATUS mode=1 fault=none p60=1 dp60=0 pwm=0 ball=26.06 vball=-0.60 aball=1.1 bref=50.00 pid=-36.6 apid=1.1 integ=-0.0 vision=1 current=1 vframe=1195 vs=1 vage=2 vpage=2 vdt=33 vmax=170 vacc=1191 vrej=0 seq=0 elapsed=0 oled=3C
[   4328] STATUS mode=1 fault=none p60=1 dp60=0 pwm=0 ball=26.06 vball=-0.60 aball=1.1 bref=50.00 pid=-36.6 apid=1.1 integ=-0.0 vision=1 current=1 vframe=1195 vs=1 vage=22 vpage=22 vdt=33 vmax=170 vacc=1191 vrej=0 seq=0 elapsed=0 oled=3C
[   4344] STATUS mode=1 fault=none p60=1 dp60=0 pwm=0 ball=26.06 vball=-0.60 aball=1.1 bref=50.00 pid=-36.6 apid=1.1 integ=-0.0 vision=1 current=1 vframe=1195 vs=1 vage=42 vpage=42 vdt=33 vmax=170 vacc=1191 vrej=0 seq=0 elapsed=0 oled=3C
[   4375] STATUS mode=1 fault=none p60=1 dp60=0 pwm=0 ball=26.06 vball=-0.60 aball=1.1 bref=50.00 pid=-36.6 apid=1.1 integ=-0.0 vision=1 current=1 vframe=1195 vs=1 vage=62 vpage=62 vdt=33 vmax=170 vacc=1191 vrej=0 seq=0 elapsed=0 oled=3C
[   4391] STATUS mode=1 fault=none p60=1 dp60=0 pwm=0 ball=26.06 vball=-0.60 aball=1.1 bref=50.00 pid=-36.6 apid=1.1 integ=-0.0 vision=1 cur
[   4391] rent=1 vframe=1195 vs=1 vage=82 vpage=82 vdt=33 vmax=170 vacc=1191 vrej=0 seq=0 elapsed=0 oled=3C
[   4406] STATUS mode=1 fault=none p60=1 dp60=0 pwm=0 ball=26.32 vball=-0.24 aball=1.1 bref=50.00 pid=-36.6 apid=1.1 integ=-0.0 vision=1 current=1 vframe=1196 vs=1 vage=3 vpage=3 vdt=99 vmax=170 vacc=1192 vrej=0 seq=0 elapsed=0 oled=3C
[   4438] STATUS mode=1 fault=none p60=1 dp60=0 pwm=0 ball=26.32 vball=-0.24 aball=1.1 bref=50.00 pid=-36.6 apid=1.1 integ=-0.0 vision=1 current=1 vframe=1196 vs=1 vage=23 vpage=23 vdt=99 vmax=170 vacc=1192 vrej=0 seq=0 elapsed=0 oled=3C
[   4453] STATUS mode=1 fault=none p60=1 dp60=0 pwm=0 ball=26.43 vball=0.32 aball=1.1 bref=50.00 pid=-36.6 apid=1.1 integ=-0.0 vision=1 current=1 vframe=1197 vs=1 vage=9 vpage=9 vdt=34 vmax=170 vacc=1193 vrej=0 seq=0 elapsed=0 oled=3C
[   4469] STATUS mode=1 fault=none p60=1 dp60=0 pwm=0 ball=26.43 vball=0.32 aball=1.1 bref=50.00 pid=-36.6 apid=1.1 integ=-0.0 vision=1 current=1 vframe=1197 vs=1 vage=29 vpage=29 vdt=34 vmax=170 vacc=1193 vrej=0 seq=0 elapsed=0 oled=3C
[   4483] STATUS mode=1 fault=none p60=1 dp60=0 pwm=0 ball=26.46 vball=0.38 aball=1.1 bref=50.00 pid=-36.6 apid=1.1 integ=-0.0 vision=1 current=1 vframe=1198 vs=1 vage=16 vpage=16 vdt=33 vmax=170 vacc=1194 vrej=0 seq=0 elapsed=0 oled=3C
[   4516] STATUS mode=1 fault=none p60=1 dp60=0 pwm=0 ball=26.46 vball=0.38 aball=1.1 bref=50.00 pid=-36.6 apid=1.1 integ=-0.0 vision=1 current=1 vframe=1198 vs=1 vage=36 vpage=36 vdt=33 vmax=170 vacc=1194 vrej=0 seq=0 elapsed=0 oled=3C
[   4531] STATUS mode=1 fault=none p60=1 dp60=0 pwm=0 ball=26.46 vball=0.38 aball=1.1 bref=50.00 pid=-36.6 apid=1.1 integ=-0.0 vision=1 current=1 vframe=1198 vs=1 vage=56 vpage=56 vdt=33 vmax=170 vacc=1194 vrej=0 seq=0 elapsed=0 oled=3C
[   4547] STATUS mode=1 fault=none p60=1 dp60=0 pwm=0 ball=26.46 vball=0.38 aball=1.1 bref=50.00 pid=-36.6 apid=1.1 integ=-0.0 vision=1 current=1 vframe=1198 vs=1 vage=76 vpage=76 vdt=33 vmax=170 vacc=1194 vrej=0 seq=0 elapsed=0 oled=3C
[   4578] STATUS mode=1 fault=none p60=1 dp60=0 pwm=0 ball=26.46 vball=0.38 aball=1.1 bref=50.00 pid=-36.6 apid=1.1 integ=-0.0 vision=1 current=1 vframe=1198 vs=1 vage=96 vpage=96 vdt=33 vmax=170 vacc=1194 vrej=0 seq=0 elapsed=0 oled=3C
[   4594] STATUS mode=1 fault=none p60=1 dp60=0 pwm=0 ball=26.47 vball=0.33 aball=1.1 bref=50.00 pid=-36.6 apid=1.1 integ=-0.0 vision=1 current=1 vframe=1199 vs=1 vage=15 vpage=15 vdt=101 vmax=170 vacc=1195 vrej=0 seq=0 elapsed=0 oled=3C
[   4608] STATUS mode=1 fault=none p60=1 dp60=0 pwm=0 ball=25.44 vball=-4.63 aball=1.1 bref=50.00 pid=-36.6 apid=1.1 integ=-0.0 vision=1 current=1 vframe=1200 vs=1 vage=2 vpage=2 vdt=33 vmax=170 vacc=1196 vrej=0 seq=0 elapsed=0 oled=3C
[   4625] STATUS mode=1 fault=none p60=1 dp60=0 pwm=0 ball=25.44 vball=-4.63 aball=1.1 bref=50.00 pid=-36.6 apid=1.1 integ=-0.0 vision=1 current=1 vframe=1200 vs=1 vage=22 vpage=22 vdt=33 vmax=170 vacc=1196 vrej=0 seq=0 elapsed=0 oled=3C
[   4656] STATUS mode=1 fault=none p60=1 dp60=0 pwm=0 ball=25.37 vball=-4.20 aball=1.1 bref=50.00 pid=-36.6 apid=1.1 integ=-0.0 vision=1 current=1 vframe=1201 vs=1 vage=7 vpage=7 vdt=35 vmax=170 vacc=1197 vrej=0 seq=0 elapsed=0 oled=3C
[   4672] STATUS mode=1 fault=none p60=1 dp60=0 pwm=0 ball=25.37 vball=-4.20 aball=1.1 bref=50.00 pid=-36.6 apid=1.1 integ=-0.0 vision=1 current=1 vframe=1201 vs=1 vage=27 vpage=27 vdt=35 vmax=170 vacc=1197 vrej=0 seq=0 elapsed=0 oled=3C
[   4688] STATUS mode=1 fault=none p60=1 dp60=0 pwm=0 ball=25.37 vball=-4.20 aball=1.1 bref=50.00 pid=-36.6 apid=1.1 integ=-0.0 vision=1 current=1 vframe=1201 vs=1 vage=47 vpage=47 vdt=35 vmax=170 vacc=1197 vrej=0 seq=0 elapsed=0 oled=3C
[   4703] STATUS mode=1 fault=none p60=1 dp60=0 pwm=0 ball=25.37 vball=-4.20 aball=1.1 bref=50.00 pid=-36.6 apid=1.1 integ=-0.0 vision=1 current=1 vframe=1201 vs=1 vage=67 vpage=67 vdt=35 vmax=170 vacc=1197 vrej=0 seq=0 elapsed=0 oled=3C
[   4733] STATUS mode=1 fault=none p60=1 dp60=0 pwm=0 ball=25.37 vball=-4.20 aball=1.1 bref=50.00 pid=-36.6 apid=1.1 integ=-0.0 vision=1 current=1 vframe=1201 vs=1 vage=87 vpage=87 vdt=35 vmax=170 vacc=1197 vrej=0 seq=0 elapsed=0 oled=3C
[   4750] STATUS mode=1 fault=none p60=1 dp60=0 pwm=0 ball=25.33 vball=-3.50 aball=1.1 bref=50.00 pid=-36.6 apid=1.1 integ=-0.0 vision=1 current=1 vframe=1202 vs=1 vage=5 vpage=5 vdt=102 vmax=170 vacc=1198 vrej=0 seq=0 elapsed=0 oled=3C
[   4766] STATUS mode=1 fault=none p60=1 dp60=0 pwm=0 ball=25.33 vball=-3.50 aball=1.1 bref=50.00 pid=-36.6 apid=1.1 integ=-0.0 vision=1 current=1 vframe=1202 vs=1 vage=25 vpage=25 vdt=102 vmax=170 vacc=1198 vrej=0 seq=0 elapsed=0 oled=3C
[   4797] STATUS mode=1 fault=none p60=1 dp60=0 pwm=0 ball=25.37 vball=-2.73 aball=1.1 bref=50.00 pid=-36.6 apid=1.1 integ=-0.0 vision=1 current=1 vframe=1203 vs=1 vage=16 vpage=16 vdt=29 vmax=170 vacc=1199 vrej=0 seq=0 elapsed=0 oled=3C
[   4813] STATUS mode=1 fault=none p60=1 dp60=0 pwm=0 ball=25.40 vball=-2.14 aball=1.1 bref=50.00 pid=-36.6 apid=1.1 integ=-0.0 vision=1 current=1 vframe=1204 vs=1 vage=3 vpage=3 vdt=33 vmax=170 vacc=1200 vrej=0 seq=0 elapsed=0 oled=3C
[   4828] STATUS mode=1 fault=none p60=1 dp60=0 pwm=0 ball=25.40 vball=-2.14 aball=1.1 bref=50.00 pid=-36.6 apid=1.1 integ=-0.0 vision=1 current=1 vframe=1204 vs=1 vage=23 vpage=23 vdt=33 vmax=170 vacc=1200 vrej=0 seq=0 elapsed=0 oled=3C
[   4844] STATUS mode=1 fault=none p60=1 dp60=0 pwm=0 ball=25.40 vball=-2.14 aball=1.1 bref=50.00 pid=-36.6 apid=1.1 integ=-0.0 vision=1 current=1 vframe=1204 vs=1 vage=43 vpage=43 vdt=33 vmax=170 vacc=1200 vrej=0 seq=0 elapsed=0 oled=3C
[   4875] STATUS mode=1 fault=none p60=1 dp60=0 pwm=0 ball=25.40 vball=-2.14 aball=1.1 bref=50.00 pid=-36.6 apid=1.1 integ=-0.0 vision=1 current=1 vframe=1204 vs=1 vage=63 vpage=63 vdt=33 vmax=170 vacc=1200 vrej=0 seq=0 elapsed=0 oled=3C
[   4891] STATUS mode=1 fault=none p60=1 dp60=0 pwm=0 ball=25.40 vball=-2.14 aball=1.1 bref=50.00 pid=-36.6 apid=1.1 integ=-0.0 vision=1 current=1 vframe=1204 vs=1 vage=83 vpage=83 vdt=33 vmax=170 vacc=1200 vrej=0 seq=0 elapsed=0 oled=3C
[   4906] STATUS mode=1 fault=none p60=1 dp60=0 pwm=0 ball=25.40 vball=-2.14 aball=1.1 bref=50.00 pid=-36.6 apid=1.1 integ=-0.0 vision=1 current=1 vframe=1204 vs=1 vage=103 vpage=103 vdt=33 vmax=170 vacc=1200 vrej=0 seq=0 elapsed=0 oled=3C
[   4938] STATUS mode=1 fault=none p60=1 dp60=0 pwm=0 ball=25.98 vball=0.46 aball=1.1 bref=50.00 pid=-36.6 apid=1.1 integ=-0.0 vision=1 current=1 vframe=1205 vs=1 vage=19 vpage=19 vdt=104 vmax=170 vacc=1201 vrej=0 seq=0 elapsed=0 oled=3C
[   4953] STATUS mode=1 fault=none p60=1 dp60=0 pwm=0 ball=26.01 vball=0.53 aball=1.1 bref=50.00 pid=-36.6 apid=1.1 integ=-0.0 vision=1 current=1 vframe=1206 vs=1 vage=10 vpage=10 vdt=29 vmax=170 vacc=1202 vrej=0 seq=0 elapsed=0 oled=3C
[   4969] STATUS mode=1 fault=none p60=1 dp60=0 pwm=0 ball=26.01 vball=0.53 aball=1.1 bref=50.00 pid=-36.6 apid=1.1 integ=-0.0 vision=1 current=1 vframe=1206 vs=1 vage=30 vpage=30 vdt=29 vmax=170 vacc=1202 vrej=0 seq=0 elapsed=0 oled=3C
[   4983] STATUS mode=1 fault=none p60=1 dp60=0 pwm=0 ball=25.99 vball=0.37 aball=1.1 bref=50.00 pid=-36.6 apid=1.1 integ=-0.0 vision=1 current=1 vframe=1207 vs=1 vage=17 vpage=17 vdt=33 vmax=170 vacc=1203 vrej=0 seq=0 elapsed=0 oled=3C
[   5016] STATUS mode=1 fault=none p60=1 dp60=0 pwm=0 ball=25.99 vball=0.37 aball=1.1 bref=50.00 pid=-36.6 apid=1.1 integ=-0.0 vision=1 current=1 vframe=1207 vs=1 vage=37 vpage=37 vdt=33 vmax=170 vacc=1203 vrej=0 seq=0 elapsed=0 oled=3C
[   5031] STATUS mode=1 fault=none p60=1 dp60=0 pwm=0 ball=25.99 vball=0.37 aball=1.1 bref=50.00 pid=-36.6 apid=1.1 integ=-0.0 vision=1 current=1 vframe=1207 vs=1 vage=57 vpage=57 vdt=33 vmax=170 vacc=1203 vrej=0 seq=0 elapsed=0 oled=3C
[   5047] STATUS mode=1 fault=none p60=1 dp60=0 pwm=0 ball=25.99 vball=0.37 aball=1.1 bref=50.00 pid=-36.6 apid=1.1 integ=-0.0 vision=1 current=1 vframe=1207 vs=1 vage=77 vpage=77 vdt=33 vmax=170 vacc=1203 vrej=0 seq=0 elapsed=0 oled=3C
[   5078] STATUS mode=1 fault=none p60=1 dp60=0 pwm=0 ball=26.00 vball=0.31 aball=1.1 bref=50.00 pid=-36.6 apid=1.1 integ=-0.0 vision=1 current=1 vframe=1208 vs=1 vage=1 vpage=1 vdt=96 vmax=170 vacc=1204 vrej=0 seq=0 elapsed=0 oled=3C
[   5094] STATUS mode=1 fault=none p60=1 dp60=0 pwm=0 ball=26.00 vball=0.31 aball=1.1 bref=50.00 pid=-36.6 apid=1.1 integ=-0.0 vision=1 current=1 vframe=1208 vs=1 vage=21 vpage=21 vdt=
[   5094] >>> status
[   5094] 96 vmax=170 vacc=1204 vrej=0 seq=0 elapsed=0 oled=3C
[   5108] STATUS mode=1 fault=none p60=1 dp60=0 pwm=0 ball=26.01 vball=0.32 aball=1.1 bref=50.00 pid=-36.6 apid=1.1 integ=-0.0 vision=1 current=1 vframe=1209 vs=1 vage=14 vpage=14 vdt=23 vmax=170 vacc=1205 vrej=0 seq=0 elapsed=0 oled=3C
[   5125] STATUS mode=1 fault=none p60=1 dp60=0 pwm=0 ball=26.01 vball=0.32 aball=1.1 bref=50.00 pid=-36.6 apid=1.1 integ=-0.0 vision=1 current=1 vframe=1209 vs=1 vage=18 vpage=18 vdt=23 vmax=170 vacc=1205 vrej=0 seq=0 elapsed=0 oled=3C
[   5156] STATUS mode=1 fault=none p60=1 dp60=0 pwm=0 ball=26.01 vball=0.30 aball=1.1 bref=50.00 pid=-36.6 apid=1.1 integ=-0.0 vision=1 current=1 vframe=1210 vs=1 vage=7 vpage=7 vdt=31 vmax=170 vacc=1206 vrej=0 seq=0 elapsed=0 oled=3C
[   5172] STATUS mode=1 fault=none p60=1 dp60=0 pwm=0 ball=26.01 vball=0.30 aball=1.1 bref=50.00 pid=-36.6 apid=1.1 integ=-0.0 vision=1 current=1 vframe=1210 vs=1 vage=27 vpage=27 vdt=31 vmax=170 vacc=1206 vrej=0 seq=0 elapsed=0 oled=3C
[   5188] STATUS mode=1 fault=none p60=1 dp60=0 pwm=0 ball=26.01 vball=0.30 aball=1.1 bref=50.00 pid=-36.6 apid=1.1 integ=-0.0 vision=1 current=1 vframe=1210 vs=1 vage=47 vpage=47 vdt=31 vmax=170 vacc=1206 vrej=0 seq=0 elapsed=0 oled=3C
[   5203] STATUS mode=1 fault=none p60=1 dp60=0 pwm=0 ball=26.01 vball=0.30 aball=1.1 bref=50.00 pid=-36.6 apid=1.1 integ=-0.0 vision=1 current=1 vframe=1210 vs=1 vage=67 vpage=67 vdt=31 vmax=170 vacc=1206 vrej=0 seq=0 elapsed=0 oled=3C
[   5233] STATUS mode=1 fault=none p60=1 dp60=0 pwm=0 ball=26.01 vball=0.30 aball=1.1 bref=50.00 pid=-36.6 apid=1.1 integ=-0.0 vision=1 current=1 vframe=1210 vs=1 vage=87 vpage=87 vdt=31 vmax=170 vacc=1206 vrej=0 seq=0 elapsed=0 oled=3C
[   5250] STATUS mode=1 fault=none p60=1 dp60=0 pwm=0 ball=26.02 vball=0.26 aball=1.1 bref=50.00 pid=-36.6 apid=1.1 integ=-0.0 vision=1 current=1 vframe=1211 vs=1 vage=8 vpage=8 vdt=99 vmax=170 vacc=1207 vrej=0 seq=0 elapsed=0 oled=3C
[   5266] STATUS mode=1 fault=none p60=1 dp60=0 pwm=0 ball=26.01 vball=0.18 aball=1.1 bref=50.00 pid=-36.6 apid=1.1 integ=-0.0 vision=1 current=1 vframe=1212 vs=1 vage=8 vpage=8 vdt=20 vmax=170 vacc=1208 vrej=0 seq=0 elapsed=0 oled=3C
[   5281] STATUS mode=1 fault=none p60=1 dp60=0 pwm=0 ball=26.01 vball=0.18 aball=1.1 bref=50.00 pid=-36.6 apid=1.1 integ=-0.0 vision=1 current=1 vframe=1212 vs=1 vage=28 vpage=28 vdt=20 vmax=170 vacc=1208 vrej=0 seq=0 elapsed=0 oled=3C
[   5313] STATUS mode=1 fault=none p60=1 dp60=0 pwm=0 ball=26.01 vball=0.15 aball=1.1 bref=50.00 pid=-36.6 apid=1.1 integ=-0.0 vision=1 current=1 vframe=1213 vs=1 vage=16 vpage=16 vdt=32 vmax=170 vacc=1209 vrej=0 seq=0 elapsed=0 oled=3C
[   5328] STATUS mode=1 fault=none p60=1 dp60=0 pwm=0 ball=26.01 vball=0.15 aball=1.1 bref=50.00 pid=-36.6 apid=1.1 integ=-0.0 vision=1 current=1 vframe=1213 vs=1 vage=36 vpage=36 vdt=32 vmax=170 vacc=1209 vrej=0 seq=0 elapsed=0 oled=3C
[   5344] STATUS mode=1 fault=none p60=1 dp60=0 pwm=0 ball=26.01 vball=0.15 aball=1.1 bref=50.00 pid=-36.6 apid=1.1 integ=-0.0 vision=1 current=1 vframe=1213 vs=1 vage=56 vpage=56 vdt=32 vmax=170 vacc=1209 vrej=0 seq=0 elapsed=0 oled=3C
[   5375] STATUS mode=1 fault=none p60=1 dp60=0 pwm=0 ball=26.01 vball=0.15 aball=1.1 bref=50.00 pid=-36.6 apid=1.1 integ=-0.0 vision=1 current=1 vframe=1213 vs=1 vage=76 vpage=76 vdt=32 vmax=170 vacc=1209 vrej=0 seq=0 elapsed=0 oled=3C
[   5391] STATUS mode=1 fault=none p60=1 dp60=0 pwm=0 ball=26.01 vball=0.13 aball=1.1 bref=50.00 pid=-36.6 apid=1.1 integ=-0.0 vision=1 current=1 vframe=1214 vs=1 vage=2 vpage=2 vdt=94 vmax=170 vacc=1210 vrej=0 seq=0 elapsed=0 oled=3C
[   5406] STATUS mode=1 fault=none p60=1 dp60=0 pwm=0 ball=26.01 vball=0.13 aball=1.1 bref=50.00 pid=-36.6 apid=1.1 integ=-0.0 vision=1 current=1 vframe=1214 vs=1 vage=22 vpage=22 vdt=94 vmax=170 vacc=1210 vrej=0 seq=0 elapsed=0 oled=3C
[   5422] STATUS mode=1 fault=none p60=1 dp60=0 pwm=0 ball=25.38 vball=-4.95 aball=1.1 bref=50.00 pid=-36.6 apid=1.1 integ=-0.0 vision=1 current=1 vframe=1215 vs=1 vage=19 vpage=19 vdt=23 vmax=170 vacc=1211 vrej=0 seq=0 elapsed=0 oled=3C
[   5453] STATUS mode=1 fault=none p60=1 dp60=0 pwm=0 ball=25.32 vball=-4.45 aball=1.1 bref=50.00 pid=-36.6 apid=1.1 integ=-0.0 vision=1 current=1 vframe=1216 vs=1 vage=6 vpage=6 vdt=33 vmax=170 vacc=1212 vrej=0 seq=0 elapsed=0 oled=3C
[   5469] STATUS mode=1 fault=none p60=1 dp60=0 pwm=0 ball=25.32 vball=-4.45 aball=1.1 bref=50.00 pid=-36.6 apid=1.1 integ=-0.0 vision=1 current=1 vframe=1216 vs=1 vage=26 vpage=26 vdt=33 vmax=170 vacc=1212 vrej=0 seq=0 elapsed=0 oled=3C
[   5483] STATUS mode=1 fault=none p60=1 dp60=0 pwm=0 ball=25.32 vball=-4.45 aball=1.1 bref=50.00 pid=-36.6 apid=1.1 integ=-0.0 vision=1 current=1 vframe=1216 vs=1 vage=46 vpage=46 vdt=33 vmax=170 vacc=1212 vrej=0 seq=0 elapsed=0 oled=3C
[   5500] STATUS mode=1 fault=none p60=1 dp60=0 pwm=0 ball=25.32 vball=-4.45 aball=1.1 bref=50.00 pid=-36.6 apid=1.1 integ=-0.0 vision=1 current=1 vframe=1216 vs=1 vage=66 vpage=66 vdt=33 vmax=170 vacc=1212 vrej=0 seq=0 elapsed=0 oled=3C
[   5531] STATUS mode=1 fault=none p60=1 dp60=0 pwm=0 ball=25.32 vball=-4.45 aball=1.1 bref=50.00 pid=-36.6 apid=1.1 integ=-0.0 vision=1 current=1 vframe=1216 vs=1 vage=86 vpage=86 vdt=33 vmax=170 vacc=1212 vrej=0 seq=0 elapsed=0 oled=3C
[   5547] STATUS mode=1 fault=none p60=1 dp60=0 pwm=0 ball=25.74 vball=-3.31 aball=1.1 bref=50.00 pid=-36.6 apid=1.1 integ=-0.0 vision=1 current=1 vframe=1217 vs=1 vage=10 vpage=10 vdt=96 vmax=170 vacc=1213 vrej=0 seq=0 elapsed=0 oled=3C
[   5563] STATUS mode=1 fault=none p60=1 dp60=0 pwm=0 ball=26.00 vball=-1.04 aball=1.1 bref=50.00 pid=-36.6 apid=1.1 integ=-0.0 vision=1 current=1 vframe=1225 vs=1 vage=7 vpage=7 vdt=23 vmax=170 vacc=1221 vrej=0 seq=0 elapsed=0 oled=3C
[   5594] STATUS mode=1 fault=none p60=1 dp60=0 pwm=0 ball=26.00 vball=-1.04 aball=1.1 bref=50.00 pid=-36.6 apid=1.1 integ=-0.0 vision=1 current=1 vframe=1225 vs=1 vage=27 vpage=27 vdt=23 vmax=170 vacc=1221 vrej=0 seq=0 elapsed=0 oled=3C
[   5608] STATUS mode=1 fault=none p60=1 dp60=0 pwm=0 ball=25.41 vball=-3.89 aball=1.1 bref=50.00 pid=-36.6 apid=1.1 integ=-0.0 vision=1 current=1 vframe=1226 vs=1 vage=16 vpage=16 vdt=31 vmax=170 vacc=1222 vrej=0 seq=0 elapsed=0 oled=3C
[   5625] STATUS mode=1 fault=none p60=1 dp60=0 pwm=0 ball=25.41 vball=-3.89 aball=1.1 bref=50.00 pid=-36.6 apid=1.1 integ=-0.0 vision=1 current=1 vframe=1226 vs=1 vage=36 vpage=36 vdt=31 vmax=170 vacc=1222 vrej=0 seq=0 elapsed=0 oled=3C
[   5641] STATUS mode=1 fault=none p60=1 dp60=0 pwm=0 ball=25.41 vball=-3.89 aball=1.1 bref=50.00 pid=-36.6 apid=1.1 integ=-0.0 vision=1 current=1 vframe=1226 vs=1 vage=56 vpage=56 vdt=31 vmax=170 vacc=1222 vrej=0 seq=0 elapsed=0 oled=3C
[   5672] STATUS mode=1 fault=none p60=1 dp60=0 pwm=0 ball=25.41 vball=-3.89 aball=1.1 bref=50.00 pid=-36.6 apid=1.1 integ=-0.0 vision=1 current=1 vframe=1226 vs=1 vage=76 vpage=76 vdt=31 vmax=170 vacc=1222 vrej=0 seq=0 elapsed=0 oled=3C
[   5688] STATUS mode=1 fault=none p60=1 dp60=0 pwm=0 ball=25.41 vball=-3.89 aball=1.1 bref=50.00 pid=-36.6 apid=1.1 integ=-0.0 vision=1 current=1 vframe=1226 vs=1 vage=96 vpage=96 vdt=31 vmax=170 vacc=1222 vrej=0 seq=0 elapsed=0 oled=3C
[   5703] STATUS mode=1 fault=none p60=1 dp60=0 pwm=0 ball=25.29 vball=-3.53 aball=1.1 bref=50.00 pid=-36.6 apid=1.1 integ=-0.0 vis
[   5703] >>> stream off
[   5703] ion=1 current=1 vframe=1227 vs=1 vage=19 vpage=19 vdt=97 vmax=170 vacc=1223 vrej=0 seq=0 elapsed=0 oled=3C
[   5703] OK stream off
[   6328] >>> stop
[   6328] OK stopped
