[      0] >>> bench on
[      0] OK visual-only bench active; use zero before motor tests
[    625] >>> stop
[    625] OK stopped
[   1250] >>> gain ball 1.5 0.0 7.5 -1
[   1250] OK ball gains kp=1.500 ki=0.000 kd=7.500 sign=-1
[   1875] >>> gain accel 1.0
[   1875] OK ball acceleration gain ka=1.000
[   2500] >>> limit pwm 140
[   2500] OK beam PWM limit=140
[   3125] >>> stream on 20
[   3125] OK stream on 20 ms
[   3172] STATUS mode=1 fault=none p60=0 dp60=0 pwm=0 ball=24.46 vball=-1.67 aball=0.0 bref=0.00 pid=0.0 apid=0.0 integ=0.0 vision=1 current=1 vframe=327 vs=1 vage=30 vpage=30 vdt=33 vmax=144 vacc=327 vrej=0 seq=0 elapsed=0 oled=3C
[   3188] STATUS mode=1 fault=none p60=0 dp60=0 pwm=0 ball=24.46 vball=-1.67 aball=0.0 bref=0.00 pid=0.0 apid=0.0 integ=0.0 vision=1 current=1 vframe=327 vs=1 vage=50 vpage=50 vdt=33 vmax=144 vacc=327 vrej=0 seq=0 elapsed=0 oled=3C
[   3202] STATUS mode=1 fault=none p60=0 dp60=0 pwm=0 ball=24.46 vball=-1.67 aball=0.0 bref=0.00 pid=0.0 apid=0.0 integ=0.0 vision=1 current=1 vframe=327 vs=1 vage=70 vpage=70 vdt=33 vmax=144 vacc=327 vrej=0 seq=0 elapsed=0 oled=3C
[   3234] STATUS mode=1 fault=none p60=0 dp60=0 pwm=0 ball=24.46 vball=-1.67 aball=0.0 bref=0.00 pid=0.0 apid=0.0 integ=0.0 vision=1 current=1 vframe=327 vs=1 vage=90 vpage=90 vdt=33 vmax=144 vacc=327 vrej=0 seq=0 elapsed=0 oled=3C
[   3250] STATUS mode=1 fault=none p60=0 dp60=0 pwm=0 ball=24.40 vball=-1.56 aball=0.0 bref=0.00 pid=0.0 apid=0.0 integ=0.0 vision=1 current=1 vframe=328 vs=1 vage=14 vpage=14 vdt=96 vmax=144 vacc=328 vrej=0 seq=0 elapsed=0 oled=3C
[   3266] STATUS mode=1 fault=none p60=0 dp60=0 pwm=0 ball=24.42 vball=-1.17 aball=0.0 bref=0.00 pid=0.0 apid=0.0 integ=0.0 vision=1 current=1 vframe=329 vs=1 vage=11 vpage=11 vdt=23 vmax=144 vacc=329 vrej=0 seq=0 elapsed=0 oled=3C
[   3282] STATUS mode=1 fault=none p60=0 dp60=0 pwm=0 ball=24.42 vball=-1.17 aball=0.0 bref=0.00 pid=0.0 apid=0.0 integ=0.0 vision=1 current=1 vframe=329 vs=1 vage=31 vpage=31 vdt=23 vmax=144 vacc=329 vrej=0 seq=0 elapsed=0 oled=3C
[   3313] STATUS mode=1 fault=none p60=0 dp60=0 pwm=0 ball=24.99 vball=1.80 aball=0.0 bref=0.00 pid=0.0 apid=0.0 integ=0.0 vision=1 current=1 vframe=330 vs=1 vage=20 vpage=20 vdt=31 vmax=144 vacc=330 vrej=0 seq=0 elapsed=0 oled=3C
[   3327] STATUS mode=1 fault=none p60=0 dp60=0 pwm=0 ball=24.99 vball=1.80 aball=0.0 bref=0.00 pid=0.0 apid=0.0 integ=0.0 vision=1 current=1 vframe=330 vs=1 vage=40 vpage=40 vdt=31 vmax=144 vacc=330 vrej=0 seq=0 elapsed=0 oled=3C
[   3343] STATUS mode=1 fault=none p60=0 dp60=0 pwm=0 ball=24.99 vball=1.80 aball=0.0 bref=0.00 pid=0.0 apid=0.0 integ=0.0 vision=1 current=1 vframe=330 vs=1 vage=60 vpage=60 vdt=31 vmax=144 vacc=330 vrej=0 seq=0 elapsed=0 oled=3C
[   3375] STATUS mode=1 fault=none p60=0 dp60=0 pwm=0 ball=24.99 vball=1.80 aball=0.0 bref=0.00 pid=0.0 apid=0.0 integ=0.0 vision=1 current=1 vframe=330 vs=1 vage=80 vpage=80 vdt=31 vmax=144 vacc=330 vrej=0 seq=0 elapsed=0 oled=3C
[   3391] STATUS mode=1 fault=none p60=0 dp60=0 pwm=0 ball=25.25 vball=2.36 aball=0.0 bref=0.00 pid=0.0 apid=0.0 integ=0.0 vision=1 current=1 vframe=331 vs=1 vage=5 vpage=5 vdt=95 vmax=144 vacc=331 vrej=0 seq=0 elapsed=0 oled=3C
[   3407] STATUS mode=1 fault=none p60=0 dp60=0 pwm=0 ball=24.52 vball=-3.64 aball=0.0 bref=0.00 pid=0.0 apid=0.0 integ=0.0 vision=1 current=1 vframe=332 vs=1 vage=3 vpage=3 vdt=22 vmax=144 vacc=332 vrej=0 seq=0 elapsed=0 oled=3C
[   3422] STATUS mode=1 fault=none p60=0 dp60=0 pwm=0 ball=24.52 vball=-3.64 aball=0.0 bref=0.00 pid=0.0 apid=0.0 integ=0.0 vision=1 current=1 vframe=332 vs=1 vage=23 vpage=23 vdt=22 vmax=144 vacc=332 vrej=0 seq=0 elapsed=0 oled=3C
[   3452] STATUS mode=1 fault=none p60=0 dp60=0 pwm=0 ball=24.44 vball=-3.44 aball=0.0 bref=0.00 pid=0.0 apid=0.0 integ=0.0 vision=1 current=1 vframe=333 vs=1 vage=10 vpage=10 vdt=33 vmax=144 vacc=333 vrej=0 seq=0 elapsed=0 oled=3C
[   3468] STATUS mode=1 fault=none p60=0 dp60=0 pwm=0 ball=24.44 vball=-3.44 aball=0.0 bref=0.00 pid=0.0 apid=0.0 integ=0.0 vision=1 current=1 vframe=333 vs=1 vage=30 vpage=30 vdt=33 vmax=144 vacc=333 vrej=0 seq=0 elapsed=0 oled=3C
[   3484] STATUS mode=1 fault=none p60=0 dp60=0 pwm=0 ball=24.44 vball=-3.44 aball=0.0 bref=0.00 pid=0.0 apid=0.0 integ=0.0 vision=1 current=1 vframe=333 vs=1 vage=50 vpage=50 vdt=33 vmax=144 vacc=333 vrej=0 seq=0 elapsed=0 oled=3C
[   3516] STATUS mode=1 fault=none p60=0 dp60=0 pwm=0 ball=24.44 vball=-3.44 aball=0.0 bref=0.00 pid=0.0 apid=0.0 integ=0.0 vision=1 current=1 vframe=333 vs=1 vage=70 vpage=70 vdt=33 vmax=144 vacc=333 vrej=0 seq=0 elapsed=0 oled=3C
[   3532] STATUS mode=1 fault=none p60=0 dp60=0 pwm=0 ball=24.44 vball=-3.44 aball=0.0 bref=0.00 pid=0.0 apid=0.0 integ=0.0 vision=1 current=1 vframe=333 vs=1 vage=90 vpage=90 vdt=33 vmax=144 vacc=333 vrej=0 seq=0 elapsed=0 oled=3C
[   3547] STATUS mode=1 fault=none p60=0 dp60=0 pwm=0 ball=24.30 vball=-3.25 aball=0.0 bref=0.00 pid=0.0 apid=0.0 integ=0.0 vision=1 current=1 vframe=334 vs=1 vage=7 vpage=7 vdt=103 vmax=144 vacc=334 vrej=0 seq=0 elapsed=0 oled=3C
[   3563] STATUS mode=1 fault=none p60=0 dp60=0 pwm=0 ball=24.30 vball=-3.25 aball=0.0 bref=0.00 pid=0.0 apid=0.0 integ=0.0 vision=1 current=1 vframe=334 vs=1 vage=27 vpage=27 vdt=103 vmax=144 vacc=334 vrej=0 seq=0 elapsed=0 oled=3C
[   3593] STATUS mode=1 fault=none p60=0 dp60=0 pwm=0 ball=24.68 vball=-0.74 aball=0.0 bref=0.00 pid=0.0 apid=0.0 integ=0.0 vision=1 current=1 vframe=335 vs=1 vage=16 vpage=16 vdt=31 vmax=144 vacc=335 vrej=0 seq=0 elapsed=0 oled=3C
[   3609] STATUS mode=1 fault=none p60=0 dp60=0 pwm=0 ball=24.58 vball=-1.20 aball=0.0 bref=0.00 pid=0.0 apid=0.0 integ=0.0 vision=1 current=1 vframe=336 vs=1 vage=3 vpage=3 vdt=33 vmax=144 vacc=336 vrej=0 seq=0 elapsed=0 oled=3C
[   3625] STATUS mode=1 fault=none p60=0 dp60=0 pwm=0 ball=24.58 vball=-1.20 aball=0.0 bref=0.00 pid=0.0 apid=0.0 integ=0.0 vision=1 current=1 vframe=336 vs=1 vage=23 vpage=23 vdt=33 vmax=144 vacc=336 vrej=0 seq=0 elapsed=0 oled=3C
[   3641] STATUS mode=1 fault=none p60=0 dp60=0 pwm=0 ball=24.58 vball=-1.20 aball=0.0 bref=0.00 pid=0.0 apid=0.0 integ=0.0 vision=1 current=1 vframe=336 vs=1 vage=43 vpage=43 vdt=33 vmax=144 vacc=336 vrej=0 seq=0 elapsed=0 oled=3C
[   3672] STATUS mode=1 fault=none p60=0 dp60=0 pwm=0 ball=24.58 vball=-1.20 aball=0.0 bref=0.00 pid=0.0 apid=0.0 integ=0.0 vision=1 current=1 vframe=336 vs=1 vage=63 vpage=63 vdt=33 vmax=144 vacc=336 vrej=0 seq=0 elapsed=0 oled=3C
[   3688] STATUS mode=1 fault=none p60=0 dp60=0 pwm=0 ball=24.58 vball=-1.20 aball=0.0 bref=0.00 pid=0.0 apid=0.0 integ=0.0 vision=1 current=1 vframe=336 vs=1 vage=83 vpage=83 vdt=33 vmax=144 vacc=336 vrej=0 seq=0 elapsed=0 oled=3C
[   3702] STATUS mode=1 fault=none p60=0 dp60=0 pwm=0 ball=24.48 vball=-1.33 aball=0.0 bref=0.00 pid=0.0 apid=0.0 integ=0.0 vision=1 current=1 vframe=337 vs=1 vage=8 vpage=8 vdt=95 vmax=144 vacc=337 vrej=0 seq=0 elapsed=0 oled=3C
[   3734] STATUS mode=1 fault=none p60=0 dp60=0 pwm=0 ball=24.38 vball=-1.92 aball=0.0 bref=0.00 pid=0.0 apid=0.0 integ=0.0 vision=1 current=1 vframe=338 vs=1 vage=7 vpage=7 vdt=21 vmax=144 vacc=338 vrej=0 seq=0 elapsed
[   3734] >>> ball 50
[   3734] =0 oled=3C
[   3734] OK visual PWM ball target=50.00 mm
[   3750] STATUS mode=3 fault=none p60=0 dp60=0 pwm=0 ball=24.38 vball=-1.92 aball=0.0 bref=50.00 pid=0.0 apid=0.0 integ=0.0 vision=1 current=1 vframe=338 vs=1 vage=27 vpage=27 vdt=21 vmax=144 vacc=338 vrej=0 seq=0 elapsed=0 oled=3C
[   3766] STATUS mode=3 fault=none p60=-1 dp60=-1 pwm=-133 ball=24.35 vball=-1.73 aball=0.9 bref=50.00 pid=-50.6 apid=0.9 integ=-0.0 vision=1 current=1 vframe=339 vs=1 vage=14 vpage=14 vdt=33 vmax=144 vacc=339 vrej=0 seq=0 elapsed=0 oled=3C
[   3797] STATUS mode=3 fault=none p60=-3 dp60=-1 pwm=-133 ball=24.35 vball=-1.73 aball=0.9 bref=50.00 pid=-50.6 apid=0.9 integ=-0.0 vision=1 current=1 vframe=339 vs=1 vage=34 vpage=34 vdt=33 vmax=144 vacc=339 vrej=0 seq=0 elapsed=0 oled=3C
[   3813] STATUS mode=3 fault=none p60=-6 dp60=-1 pwm=0 ball=24.35 vball=-1.73 aball=0.9 bref=50.00 pid=-50.6 apid=0.9 integ=-0.0 vision=1 current=1 vframe=339 vs=1 vage=54 vpage=54 vdt=33 vmax=144 vacc=339 vrej=0 seq=0 elapsed=0 oled=3C
[   3827] STATUS mode=3 fault=none p60=-9 dp60=0 pwm=0 ball=24.35 vball=-1.73 aball=0.9 bref=50.00 pid=-50.6 apid=0.9 integ=-0.0 vision=1 current=1 vframe=339 vs=1 vage=74 vpage=74 vdt=33 vmax=144 vacc=339 vrej=0 seq=0 elapsed=0 oled=3C
[   3843] STATUS mode=3 fault=none p60=-10 dp60=0 pwm=-133 ball=24.35 vball=-1.73 aball=0.9 bref=50.00 pid=-50.6 apid=0.9 integ=-0.0 vision=1 current=1 vframe=339 vs=1 vage=94 vpage=94 vdt=33 vmax=144 vacc=339 vrej=0 seq=0 elapsed=0 oled=3C
[   3875] STATUS mode=3 fault=none p60=-12 dp60=-1 pwm=-133 ball=24.34 vball=-1.47 aball=1.1 bref=50.00 pid=-48.4 apid=1.1 integ=-0.0 vision=1 current=1 vframe=340 vs=1 vage=19 vpage=19 vdt=95 vmax=144 vacc=340 vrej=0 seq=0 elapsed=0 oled=3C
[   3891] STATUS mode=3 fault=none p60=-17 dp60=-2 pwm=0 ball=24.38 vball=-0.92 aball=4.7 bref=50.00 pid=-40.6 apid=4.7 integ=-0.0 vision=1 current=1 vframe=341 vs=1 vage=17 vpage=17 vdt=22 vmax=144 vacc=341 vrej=0 seq=0 elapsed=0 oled=3C
[   3907] STATUS mode=3 fault=none p60=-22 dp60=-1 pwm=0 ball=24.39 vball=-0.76 aball=4.7 bref=50.00 pid=-39.4 apid=4.7 integ=-0.0 vision=1 current=1 vframe=342 vs=1 vage=4 vpage=4 vdt=33 vmax=144 vacc=342 vrej=0 seq=0 elapsed=0 oled=3C
[   3938] STATUS mode=3 fault=none p60=-25 dp60=0 pwm=0 ball=24.39 vball=-0.76 aball=4.7 bref=50.00 pid=-39.4 apid=4.7 integ=-0.0 vision=1 current=1 vframe=342 vs=1 vage=24 vpage=24 vdt=33 vmax=144 vacc=342 vrej=0 seq=0 elapsed=0 oled=3C
[   3952] STATUS mode=3 fault=none p60=-28 dp60=-1 pwm=-132 ball=24.39 vball=-0.76 aball=4.7 bref=50.00 pid=-39.4 apid=4.7 integ=-0.0 vision=1 current=1 vframe=342 vs=1 vage=44 vpage=44 vdt=33 vmax=144 vacc=342 vrej=0 seq=0 elapsed=0 oled=3C
[   3968] STATUS mode=3 fault=none p60=-32 dp60=-2 pwm=-132 ball=24.39 vball=-0.76 aball=4.7 bref=50.00 pid=-39.4 apid=4.7 integ=-0.0 vision=1 current=1 vframe=342 vs=1 vage=64 vpage=64 vdt=33 vmax=144 vacc=342 vrej=0 seq=0 elapsed=0 oled=3C
[   3984] STATUS mode=3 fault=none p60=-40 dp60=-2 pwm=0 ball=24.39 vball=-0.76 aball=4.7 bref=50.00 pid=-39.4 apid=4.7 integ=-0.0 vision=1 current=1 vframe=342 vs=1 vage=84 vpage=84 vdt=33 vmax=144 vacc=342 vrej=0 seq=0 elapsed=0 oled=3C
[   4016] STATUS mode=3 fault=none p60=-46 dp60=-2 pwm=0 ball=24.38 vball=-0.65 aball=4.2 bref=50.00 pid=-39.1 apid=4.2 integ=-0.0 vision=1 current=1 vframe=343 vs=1 vage=9 vpage=9 vdt=95 vmax=144 vacc=343 vrej=0 seq=0 elapsed=0 oled=3C
[   4032] STATUS mode=3 fault=none p60=-49 dp60=-1 pwm=0 ball=24.40 vball=-0.37 aball=5.4 bref=50.00 pid=-35.8 apid=5.4 integ=-0.0 vision=1 current=1 vframe=344 vs=1 vage=6 vpage=6 vdt=23 vmax=144 vacc=344 vrej=0 seq=0 elapsed=0 oled=3C
[   4047] STATUS mode=3 fault=none p60=-52 dp60=-1 pwm=0 ball=24.40 vball=-0.37 aball=5.4 bref=50.00 pid=-35.8 apid=5.4 integ=-0.0 vision=1 current=1 vframe=344 vs=1 vage=26 vpage=26 vdt=23 vmax=144 vacc=344 vrej=0 seq=0 elapsed=0 oled=3C
[   4077] STATUS mode=3 fault=none p60=-54 dp60=-1 pwm=-132 ball=24.44 vball=-0.08 aball=5.9 bref=50.00 pid=-33.0 apid=5.9 integ=-0.0 vision=1 current=1 vframe=345 vs=1 vage=13 vpage=13 vdt=33 vmax=144 vacc=345 vrej=0 seq=0 elapsed=0 oled=3C
[   4093] STATUS mode=3 fault=none p60=-57 dp60=-1 pwm=-132 ball=24.44 vball=-0.08 aball=5.9 bref=50.00 pid=-33.0 apid=5.9 integ=-0.0 vision=1 current=1 vframe=345 vs=1 vage=33 vpage=33 vdt=33 vmax=144 vacc=345 vrej=0 seq=0 elapsed=0 oled=3C
[   4109] STATUS mode=3 fault=none p60=-63 dp60=-2 pwm=0 ball=24.44 vball=-0.08 aball=5.9 bref=50.00 pid=-33.0 apid=5.9 integ=-0.0 vision=1 current=1 vframe=345 vs=1 vage=53 vpage=53 vdt=33 vmax=144 vacc=345 vrej=0 seq=0 elapsed=0 oled=3C
[   4125] STATUS mode=3 fault=none p60=-67 dp60=-1 pwm=0 ball=24.44 vball=-0.08 aball=5.9 bref=50.00 pid=-33.0 apid=5.9 integ=-0.0 vision=1 current=1 vframe=345 vs=1 vage=73 vpage=73 vdt=33 vmax=144 vacc=345 vrej=0 seq=0 elapsed=0 oled=3C
[   4157] STATUS mode=3 fault=none p60=-70 dp60=0 pwm=0 ball=24.44 vball=-0.08 aball=5.9 bref=50.00 pid=-33.0 apid=5.9 integ=-0.0 vision=1 current=1 vframe=345 vs=1 vage=93 vpage=93 vdt=33 vmax=144 vacc=345 vrej=0 seq=0 elapsed=0 oled=3C
[   4172] STATUS mode=3 fault=none p60=-71 dp60=0 pwm=0 ball=24.45 vball=-0.01 aball=5.1 bref=50.00 pid=-33.3 apid=5.1 integ=-0.0 vision=1 current=1 vframe=346 vs=1 vage=20 vpage=20 vdt=93 vmax=144 vacc=346 vrej=0 seq=0 elapsed=0 oled=3C
[   4188] STATUS mode=3 fault=none p60=-70 dp60=0 pwm=0 ball=24.39 vball=-0.47 aball=1.4 bref=50.00 pid=-40.6 apid=1.4 integ=-0.0 vision=1 current=1 vframe=347 vs=1 vage=17 vpage=17 vdt=23 vmax=144 vacc=347 vrej=0 seq=0 elapsed=0 oled=3C
[   4202] STATUS mode=3 fault=none p60=-70 dp60=-1 pwm=-132 ball=24.36 vball=-0.53 aball=1.4 bref=50.00 pid=-40.6 apid=1.4 integ=-0.0 vision=1 current=1 vframe=348 vs=1 vage=1 vpage=1 vdt=36 vmax=144 vacc=348 vrej=0 seq=0 elapsed=0 oled=3C
[   4234] STATUS mode=3 fault=none p60=-73 dp60=-1 pwm=0 ball=24.36 vball=-0.53 aball=0.9 bref=50.00 pid=-41.5 apid=0.9 integ=-0.0 vision=1 current=1 vframe=348 vs=1 vage=21 vpage=21 vdt=36 vmax=144 vacc=348 vrej=0 seq=0 elapsed=0 oled=3C
[   4250] STATUS mode=3 fault=none p60=-77 dp60=-2 pwm=0 ball=24.36 vball=-0.53 aball=0.9 bref=50.00 pid=-41.5 apid=0.9 integ=-0.0 vision=1 current=1 vframe=348 vs=1 vage=41 vpage=41 vdt=36 vmax=144 vacc=348 vrej=0 seq=0 elapsed=0 oled=3C
[   4266] STATUS mode=3 fault=none p60=-79 dp60=0 pwm=0 ball=24.36 vball=-0.53 aball=0.9 bref=50.00 pid=-41.5 apid=0.9 integ=-0.0 vision=1 current=1 vframe=348 vs=1 vage=61 vpage=61 vdt=36 vmax=144 vacc=348 vrej=0 seq=0 elapsed=0 oled=3C
[   4297] STATUS mode=3 fault=none p60=-80 dp60=0 pwm=0 ball=24.36 vball=-0.53 aball=0.9 bref=50.00 pid=-41.5 apid=0.9 integ=-0.0 vision=1 current=1 vframe=348 vs=1 vage=81 vpage=81 vdt=36 vmax=144 vacc=348 vrej=0 seq=0 elapsed=0 oled=3C
[   4313] STATUS mode=3 fault=none p60=-79 dp60=0 pwm=-132 ball=24.36 vball=-0.53 aball=0.9 bref=50.00 pid=-41.5 apid=0.9 integ=-0.0 vision=1 current=1 vframe=348 vs=1 vage=101 vpage=101 vdt=36 vmax=144 vacc=348 vrej=0 seq=0 elapsed=0 oled=3C
[   4327] STATUS mode=3 fault=none p60=-81 dp60=-2 pwm=-132 ball=24.36 vball=-0.45 aball=0.9 bref=50.00 pid=-41.0 apid=0.9 integ=-0.0 vision=1 current=1 vframe=349 vs=1 vage=11 vpage=11 vdt=110 vmax=144 vacc=349 vrej=0 seq=0 elapsed=0 oled=3C
[   4343] STATUS mode=3 fault=none p60=-86 dp60=-1 pwm=0 ball=2
[   4343] 4.41 vball=0.02 aball=4.1 bref=50.00 pid=-34.1 apid=4.1 integ=-0.0 vision=1 current=1 vframe=350 vs=1 vage=10 vpage=10 vdt=21 vmax=144 vacc=350 vrej=0 seq=0 elapsed=0 oled=3C
[   4375] STATUS mode=3 fault=none p60=-92 dp60=-1 pwm=0 ball=24.41 vball=0.02 aball=4.1 bref=50.00 pid=-34.1 apid=4.1 integ=-0.0 vision=1 current=1 vframe=350 vs=1 vage=30 vpage=30 vdt=21 vmax=144 vacc=350 vrej=0 seq=0 elapsed=0 oled=3C
[   4391] STATUS mode=3 fault=none p60=-96 dp60=-1 pwm=0 ball=24.43 vball=0.09 aball=3.8 bref=50.00 pid=-33.9 apid=3.8 integ=-0.0 vision=1 current=1 vframe=351 vs=1 vage=15 vpage=15 vdt=35 vmax=144 vacc=351 vrej=0 seq=0 elapsed=0 oled=3C
[   4407] STATUS mode=3 fault=none p60=-97 dp60=0 pwm=0 ball=24.43 vball=0.09 aball=3.8 bref=50.00 pid=-33.9 apid=3.8 integ=-0.0 vision=1 current=1 vframe=351 vs=1 vage=35 vpage=35 vdt=35 vmax=144 vacc=351 vrej=0 seq=0 elapsed=0 oled=3C
[   4438] STATUS mode=3 fault=none p60=-97 dp60=0 pwm=-132 ball=24.43 vball=0.09 aball=3.8 bref=50.00 pid=-33.9 apid=3.8 integ=-0.0 vision=1 current=1 vframe=351 vs=1 vage=55 vpage=55 vdt=35 vmax=144 vacc=351 vrej=0 seq=0 elapsed=0 oled=3C
[   4452] STATUS mode=3 fault=none p60=-99 dp60=-1 pwm=-132 ball=24.43 vball=0.09 aball=3.8 bref=50.00 pid=-33.9 apid=3.8 integ=-0.0 vision=1 current=1 vframe=351 vs=1 vage=75 vpage=75 vdt=35 vmax=144 vacc=351 vrej=0 seq=0 elapsed=0 oled=3C
[   4468] STATUS mode=3 fault=none p60=-104 dp60=-1 pwm=0 ball=24.43 vball=0.09 aball=3.8 bref=50.00 pid=-33.9 apid=3.8 integ=-0.0 vision=1 current=1 vframe=351 vs=1 vage=95 vpage=95 vdt=35 vmax=144 vacc=351 vrej=0 seq=0 elapsed=0 oled=3C
[   4484] STATUS mode=3 fault=none p60=-107 dp60=0 pwm=0 ball=24.44 vball=0.09 aball=3.2 bref=50.00 pid=-34.4 apid=3.2 integ=-0.0 vision=1 current=1 vframe=352 vs=1 vage=5 vpage=5 vdt=110 vmax=144 vacc=352 vrej=0 seq=0 elapsed=0 oled=3C
[   4516] STATUS mode=3 fault=none p60=-108 dp60=0 pwm=0 ball=24.46 vball=0.25 aball=3.9 bref=50.00 pid=-32.5 apid=3.9 integ=-0.0 vision=1 current=1 vframe=353 vs=1 vage=5 vpage=5 vdt=20 vmax=144 vacc=353 vrej=0 seq=0 elapsed=0 oled=3C
[   4532] STATUS mode=3 fault=none p60=-108 dp60=0 pwm=0 ball=24.46 vball=0.25 aball=3.9 bref=50.00 pid=-32.5 apid=3.9 integ=-0.0 vision=1 current=1 vframe=353 vs=1 vage=25 vpage=25 vdt=20 vmax=144 vacc=353 vrej=0 seq=0 elapsed=0 oled=3C
[   4547] STATUS mode=3 fault=none p60=-108 dp60=0 pwm=-132 ball=24.45 vball=0.17 aball=3.0 bref=50.00 pid=-34.0 apid=3.0 integ=-0.0 vision=1 current=1 vframe=354 vs=1 vage=10 vpage=10 vdt=35 vmax=144 vacc=354 vrej=0 seq=0 elapsed=0 oled=3C
[   4577] STATUS mode=3 fault=none p60=-110 dp60=-1 pwm=-132 ball=24.45 vball=0.17 aball=3.0 bref=50.00 pid=-34.0 apid=3.0 integ=-0.0 vision=1 current=1 vframe=354 vs=1 vage=30 vpage=30 vdt=35 vmax=144 vacc=354 vrej=0 seq=0 elapsed=0 oled=3C
[   4593] STATUS mode=3 fault=none p60=-117 dp60=-2 pwm=0 ball=24.45 vball=0.17 aball=3.0 bref=50.00 pid=-34.0 apid=3.0 integ=-0.0 vision=1 current=1 vframe=354 vs=1 vage=50 vpage=50 vdt=35 vmax=144 vacc=354 vrej=0 seq=0 elapsed=0 oled=3C
[   4609] STATUS mode=3 fault=none p60=-123 dp60=-1 pwm=0 ball=24.45 vball=0.17 aball=3.0 bref=50.00 pid=-34.0 apid=3.0 integ=-0.0 vision=1 current=1 vframe=354 vs=1 vage=70 vpage=70 vdt=35 vmax=144 vacc=354 vrej=0 seq=0 elapsed=0 oled=3C
[   4625] STATUS mode=3 fault=none p60=-126 dp60=0 pwm=0 ball=24.45 vball=0.17 aball=3.0 bref=50.00 pid=-34.0 apid=3.0 integ=-0.0 vision=1 current=1 vframe=354 vs=1 vage=90 vpage=90 vdt=35 vmax=144 vacc=354 vrej=0 seq=0 elapsed=0 oled=3C
[   4657] STATUS mode=3 fault=none p60=-130 dp60=-1 pwm=0 ball=24.45 vball=0.13 aball=2.5 bref=50.00 pid=-34.9 apid=2.5 integ=-0.0 vision=1 current=1 vframe=355 vs=1 vage=10 vpage=10 vdt=100 vmax=144 vacc=355 vrej=0 seq=0 elapsed=0 oled=3C
[   4672] STATUS mode=3 fault=none p60=-131 dp60=0 pwm=0 ball=24.45 vball=0.13 aball=2.5 bref=50.00 pid=-34.9 apid=2.5 integ=-0.0 vision=1 current=1 vframe=355 vs=1 vage=30 vpage=30 vdt=100 vmax=144 vacc=355 vrej=0 seq=0 elapsed=0 oled=3C
[   4688] STATUS mode=3 fault=none p60=-131 dp60=0 pwm=-132 ball=24.47 vball=0.18 aball=2.3 bref=50.00 pid=-34.6 apid=2.3 integ=-0.0 vision=1 current=1 vframe=356 vs=1 vage=14 vpage=14 vdt=36 vmax=144 vacc=356 vrej=0 seq=0 elapsed=0 oled=3C
[   4702] STATUS mode=3 fault=none p60=-135 dp60=-1 pwm=-132 ball=24.47 vball=0.19 aball=2.0 bref=50.00 pid=-34.8 apid=2.0 integ=-0.0 vision=1 current=1 vframe=357 vs=1 vage=3 vpage=3 vdt=31 vmax=144 vacc=357 vrej=0 seq=0 elapsed=0 oled=3C
[   4734] STATUS mode=3 fault=none p60=-142 dp60=-2 pwm=0 ball=24.47 vball=0.19 aball=2.0 bref=50.00 pid=-34.8 apid=2.0 integ=-0.0 vision=1 current=1 vframe=357 vs=1 vage=23 vpage=23 vdt=31 vmax=144 vacc=357 vrej=0 seq=0 elapsed=0 oled=3C
[   4750] STATUS mode=3 fault=none p60=-146 dp60=-1 pwm=0 ball=24.47 vball=0.19 aball=2.0 bref=50.00 pid=-34.8 apid=2.0 integ=-0.0 vision=1 current=1 vframe=357 vs=1 vage=43 vpage=43 vdt=31 vmax=144 vacc=357 vrej=0 seq=0 elapsed=0 oled=3C
[   4766] STATUS mode=3 fault=none p60=-149 dp60=-1 pwm=0 ball=24.47 vball=0.19 aball=2.0 bref=50.00 pid=-34.8 apid=2.0 integ=-0.0 vision=1 current=1 vframe=357 vs=1 vage=63 vpage=63 vdt=31 vmax=144 vacc=357 vrej=0 seq=0 elapsed=0 oled=3C
[   4797] STATUS mode=3 fault=none p60=-149 dp60=0 pwm=0 ball=24.47 vball=0.19 aball=2.0 bref=50.00 pid=-34.8 apid=2.0 integ=-0.0 vision=1 current=1 vframe=357 vs=1 vage=83 vpage=83 vdt=31 vmax=144 vacc=357 vrej=0 seq=0 elapsed=0 oled=3C
[   4813] STATUS mode=3 fault=none p60=-148 dp60=0 pwm=-132 ball=24.47 vball=0.19 aball=2.0 bref=50.00 pid=-34.8 apid=2.0 integ=-0.0 vision=1 current=1 vframe=357 vs=1 vage=103 vpage=103 vdt=31 vmax=144 vacc=357 vrej=0 seq=0 elapsed=0 oled=3C
[   4827] STATUS mode=3 fault=none p60=-149 dp60=-1 pwm=-132 ball=24.48 vball=0.16 aball=1.7 bref=50.00 pid=-35.4 apid=1.7 integ=-0.0 vision=1 current=1 vframe=358 vs=1 vage=19 vpage=19 vdt=104 vmax=144 vacc=358 vrej=0 seq=0 elapsed=0 oled=3C
[   4843] STATUS mode=3 fault=none p60=-154 dp60=-2 pwm=0 ball=24.46 vball=0.04 aball=0.8 bref=50.00 pid=-37.2 apid=0.8 integ=-0.0 vision=1 current=1 vframe=359 vs=1 vage=9 vpage=9 vdt=30 vmax=144 vacc=359 vrej=0 seq=0 elapsed=0 oled=3C
[   4875] STATUS mode=3 fault=none p60=-159 dp60=-1 pwm=0 ball=24.46 vball=0.04 aball=0.8 bref=50.00 pid=-37.2 apid=0.8 integ=-0.0 vision=1 current=1 vframe=359 vs=1 vage=29 vpage=29 vdt=30 vmax=144 vacc=359 vrej=0 seq=0 elapsed=0 oled=3C
[   4891] STATUS mode=3 fault=none p60=-160 dp60=0 pwm=0 ball=24.47 vball=0.08 aball=0.9 bref=50.00 pid=-36.8 apid=0.9 integ=-0.0 vision=1 current=1 vframe=360 vs=1 vage=15 vpage=15 vdt=34 vmax=144 vacc=360 vrej=0 seq=0 elapsed=0 oled=3C
[   4907] STATUS mode=3 fault=none p60=-162 dp60=0 pwm=0 ball=24.47 vball=0.08 aball=0.9 bref=50.00 pid=-36.8 apid=0.9 integ=-0.0 vision=1 current=1 vframe=360 vs=1 vage=35 vpage=35 vdt=34 vmax=144 vacc=360 vrej=0 seq=0 elapsed=0 oled=3C
[   4938] STATUS mode=3 fault=none p60=-164 dp60=0 pwm=0 ball=24.47 vball=0.08 aball=0.9 bref=50.00 pid=-36.8 apid=0.9 integ=-0.0 vision=1 current=1 vframe=360 vs=1 vage=55 vpage=55 vdt=34 vmax=144 vacc=360 vrej=0 seq=0 elapsed=0 oled=3C
[   4952] STATUS mode=3 fault=none p60=-167 dp60=-1 pwm=-132 ball=24.47 vball=0.08 aball=0.9 bref=50.00 pid=-36.8 apid=0.9 integ=-0.0 vision=1 current=1 vframe=360 vs=1 vage=75 vpage=75 vdt=34 vmax=144 vacc=360 vrej=0 seq=0 elapsed=0 oled=3C
[   4968] STATUS mode=3 fault=none p60=-172 dp60=-2 pwm=0 ball=24.47 vball=0.08 aball=0.9 bref=50.00 pid=-36.8 apid=0.9 integ=-0.0 vision=1 current=1 vframe=360 vs=1 vage=95 vpage=95 vdt=34 vmax=144 vacc=360 vrej=0 seq=0 elapsed=0 oled=3C
[   4984] STATUS mode=3 fault=none p60=-178 dp60=-1 pwm=0 ball=24.82 vball=0.39 aball=1.2 bref=50.00 pid=-33.7 apid=1.2 integ=-0.0 vision=1 current=1 vframe=361 vs=1 vage=8 vpage=8 vdt=107 vmax=144 vacc=361 vrej=0 seq=0 elapsed=0 oled=3C
[   5016] STATUS mode=3 fault=none p60=-183 dp60=-1 pwm=0 ball=24.82 vball=0.39 aball=1.2 bref=50.00 pid=-33.7 apid=1.2 integ=-0.0 vision=1 current=0 vframe=362 vs=0 vage=28 vpage=5 vdt=107 vmax=144 vacc=361 vrej=0 seq=0 elapsed=0 oled=3C
[   5032] STATUS mode=3 fault=none p60=-185 dp60=0 pwm=0 ball=24.82 vball=0.39 aball=1.2 bref=50.00 pid=-33.7 apid=1.2 integ=-0.0 vision=1 current=0 vframe=362 vs=0 vage=48 vpage=25 vdt=107 vmax=144 vacc=361 vrej=0 seq=0 elapsed=0 oled=3C
[   5047] STATUS mode=3 fault=none p60=-184 dp60=0 pwm=0 ball=27.88 vball=20.30 aball=1.2 bref=50.00 pid=-33.7 apid=1.2 integ=-0.0 vision=1 current=1 vframe=363 vs=1 vage=1 vpage=1 vdt=67 vmax=144 vacc=362 vrej=0 seq=0 elapsed=0 oled=3C
[   5077] STATUS mode=3 fault=none p60=-182 dp60=1 pwm=0 ball=27.88 vball=20.30 aball=45.6 bref=50.00 pid=140.0 apid=45.6 integ=-0.0 vision=1 current=1 vframe=363 vs=1 vage=21 vpage=21 vdt=67 vmax=144 vacc=362 vrej=0 seq=0 elapsed=0 oled=3C
[   5093] STATUS mode=3 fault=none p60=-179 dp60=1 pwm=0 ball=27.88 vball=20.30 aball=45.6 bref=50.00 pid=140.0 apid=45.6 integ=-0.0 vision=1 current=1 vframe=363 vs=1 vage=41 vpage=41 vdt=67 vmax=144 vacc=362 vrej=0 seq=0 elapsed=0 oled=3C
[   5109] STATUS mode=3 fault=none p60=-180 dp60=0 pwm=0 ball=27.88 vball=20.30 aball=45.6 bref=50.00 pid=140.0 apid=45.6 integ=-0.0 vision=1 current=1 vframe=363 vs=1 vage=61 vpage=61 vdt=67 vmax=144 vacc=362 vrej=0 seq=0 elapsed=0 oled=3C
[   5125] STATUS mode=3 fault=none p60=-181 dp60=0 pwm=0 ball=27.88 vball=20.30 aball=45.6 bref=50.00 pid=140.0 apid=45.6 integ=-0.0 vision=1 current=1 vframe=363 vs=1 vage=81 vpage=81 vdt=67 vmax=144 vacc=362 vrej=0 seq=0 elapsed=0 oled=3C
[   5157] STATUS mode=3 fault=none p60=-182 dp60=0 pwm=140 ball=28.81 vball=19.10 aball=36.9 bref=50.00 pid=140.0 apid=36.9 integ=-0.0 vision=1 current=1 vframe=364 vs=1 vage=3 vpage=3 vdt=98 vmax=144 vacc=363 vrej=0 seq=0 elapsed=0 oled=3C
[   5172] STATUS mode=3 fault=none p60=-180 dp60=1 pwm=0 ball=28.81 vball=19.10 aball=36.9 bref=50.00 pid=140.0 apid=36.9 integ=-0.0 vision=1 current=1 vframe=364 vs=1 vage=23 vpage=23 vdt=98 vmax=144 vacc=363 vrej=0 seq=0 elapsed=0 oled=3C
[   5188] STATUS mode=3 fault=none p60=-178 dp60=0 pwm=140 ball=30.17 vball=21.84 aball=46.0 bref=50.00 pid=140.0 apid=46.0 integ=-0.0 vision=1 current=1 vframe=365 vs=1 vage=15 vpage=15 vdt=28 vmax=144 vacc=364 vrej=0 seq=0 elapsed=0 oled=3C
[   5218] STATUS mode=3 fault=none p60=-175 dp60=1 pwm=140 ball=32.42 vball=28.91 aball=73.4 bref=50.00 pid=140.0 apid=73.4 integ=-0.0 vision=1 current=1 vframe=366 vs=1 vage=4 vpage=4 vdt=31 vmax=144 vacc=365 vrej=0 seq=0 elapsed=0 oled=3C
[   5234] STATUS mode=3 fault=none p60=-170 dp60=2 pwm=0 ball=32.42 vball=28.91 aball=73.4 bref=50.00 pid=140.0 apid=73.4 integ=-0.0 vision=1 current=1 vframe=366 vs=1 vage=24 vpage=24 vdt=31 vmax=144 vacc=365 vrej=0 seq=0 elapsed=0 oled=3C
[   5250] STATUS mode=3 fault=none p60=-167 dp60=1 pwm=0 ball=32.42 vball=28.91 aball=73.4 bref=50.00 pid=140.0 apid=73.4 integ=-0.0 vision=1 current=1 vframe=366 vs=1 vage=44 vpage=44 vdt=31 vmax=144 vacc=365 vrej=0 seq=0 elapsed=0 oled=3C
[   5266] STATUS mode=3 fault=none p60=-165 dp60=0 pwm=0 ball=32.42 vball=28.91 aball=73.4 bref=50.00 pid=140.0 apid=73.4 integ=-0.0 vision=1 current=1 vframe=366 vs=1 vage=64 vpage=64 vdt=31 vmax=144 vacc=365 vrej=0 seq=0 elapsed=0 oled=3C
[   5297] STATUS mode=3 fault=none p60=-164 dp60=0 pwm=0 ball=32.42 vball=28.91 aball=73.4 bref=50.00 pid=140.0 apid=73.4 integ=-0.0 vision=1 current=1 vframe=366 vs=1 vage=84 vpage=84 vdt=31 vmax=144 vacc=365 vrej=0 seq=0 elapsed=0 oled=3C
[   5313] STATUS mode=3 fault=none p60=-164 dp60=0 pwm=0 ball=32.42 vball=28.91 aball=73.4 bref=50.00 pid=140.0 apid=73.4 integ=-0.0 vision=1 current=1 vframe=366 vs=1 vage=104 vpage=104 vdt=31 vmax=144 vacc=365 vrej=0 seq=0 elapsed=0 oled=3C
[   5327] STATUS mode=3 fault=none p60=-164 dp60=0 pwm=140 ball=37.49 vball=37.03 aball=275.7 bref=50.00 pid=140.0 apid=275.7 integ=-0.0 vision=1 current=1 vframe=368 vs=1 vage=4 vpage=4 vdt=6 vmax=144 vacc=367 vrej=0 seq=0 elapsed=0 oled=3C
[   5359] STATUS mode=3 fault=none p60=-162 dp60=0 pwm=140 ball=37.49 vball=37.03 aball=275.7 bref=50.00 pid=140.0 apid=275.7 integ=-0.0 vision=1 current=1 vframe=368 vs=1 vage=24 vpage=24 vdt=6 vmax=144 vacc=367 vrej=0 seq=0 elapsed=0 oled=3C
[   5375] STATUS mode=3 fault=none p60=-158 dp60=1 pwm=140 ball=40.89 vball=53.21 aball=321.0 bref=50.00 pid=140.0 apid=321.0 integ=-0.0 vision=1 current=1 vframe=369 vs=1 vage=16 vpage=16 vdt=28 vmax=144 vacc=368 vrej=0 seq=0 elapsed=0 oled=3C
[   5391] STATUS mode=3 fault=none p60=-152 dp60=1 pwm=0 ball=40.89 vball=53.21 aball=321.0 bref=50.00 pid=140.0 apid=321.0 integ=-0.0 vision=1 current=1 vframe=369 vs=1 vage=36 vpage=36 vdt=28 vmax=144 vacc=368 vrej=0 seq=0 elapsed=0 oled=3C
[   5422] STATUS mode=3 fault=none p60=-147 dp60=1 pwm=0 ball=40.89 vball=53.21 aball=321.0 bref=50.00 pid=140.0 apid=321.0 integ=-0.0 vision=1 current=1 vframe=369 vs=1 vage=56 vpage=56 vdt=28 vmax=144 vacc=368 vrej=0 seq=0 elapsed=0 oled=3C
[   5438] STATUS mode=3 fault=none p60=-145 dp60=0 pwm=0 ball=40.89 vball=53.21 aball=321.0 bref=50.00 pid=140.0 apid=321.0 integ=-0.0 vision=1 current=1 vframe=369 vs=1 vage=76 vpage=76 vdt=28 vmax=144 vacc=368 vrej=0 seq=0 elapsed=0 oled=3C
[   5452] STATUS mode=3 fault=none p60=-145 dp60=0 pwm=0 ball=40.89 vball=53.21 aball=321.0 bref=50.00 pid=140.0 apid=321.0 integ=-0.0 vision=1 current=1 vframe=369 vs=1 vage=96 vpage=96 vdt=28 vmax=144 vacc=368 vrej=0 seq=0 elapsed=0 oled=3C
[   5468] STATUS mode=3 fault=none p60=-146 dp60=0 pwm=140 ball=43.66 vball=57.34 aball=278.4 bref=50.00 pid=140.0 apid=278.4 integ=-0.0 vision=1 current=1 vframe=370 vs=1 vage=3 vpage=3 vdt=113 vmax=144 vacc=369 vrej=0 seq=0 elapsed=0 oled=3C
[   5500] STATUS mode=3 fault=none p60=-145 dp60=1 pwm=140 ball=45.54 vball=54.40 aball=202.7 bref=50.00 pid=140.0 apid=202.7 integ=-0.0 vision=1 current=1 vframe=378 vs=1 vage=10 vpage=10 vdt=13 vmax=144 vacc=377 vrej=0 seq=0 elapsed=0 oled=3C
[   5516] STATUS mode=3 fault=none p60=-142 dp60=1 pwm=140 ball=50.44 vball=73.96 aball=285.1 bref=50.00 pid=140.0 apid=285.1 integ=-0.0 vision=1 current=1 vframe=379 vs=1 vage=4 vpage=4 vdt=26 vmax=144 vacc=378 vrej=0 seq=0 elapsed=0 oled=3C
[   5532] STATUS mode=3 fault=none p60=-137 dp60=1 pwm=0 ball=50.44 vball=73.96 aball=285.1 bref=50.00 pid=140.0 apid=285.1 integ=-0.0 vision=1 current=1 vframe=379 vs=1 vage=24 vpage=24 vdt=26 vmax=144 vacc=378 vrej=0 seq=0 elapsed=0 oled=3C
[   5563] STATUS mode=3 fault=none p60=-132 dp60=1 pwm=140 ball=54.58 vball=82.09 aball=279.3 bref=50.00 pid=140.0 apid=279.3 integ=-0.0 vision=1 current=1 vframe=380 vs=1 vage=11 vpage=11 vdt=33 vmax=144 vacc=379 vrej=0 seq=0 elapsed=0 oled=3C
[   5577] STATUS mode=3 fault=none p60=-127 dp60=1 pwm=0 ball=54.58 vball=82.09 aball=279.3 bref=50.00 pid=140.0 apid=279.3 integ=-0.0 vision=1 current=1 vframe=380 vs=1 vage=31 vpage=31 vdt=33 vmax=144 vacc=379 vrej=0 seq=0 elapsed=0 oled=3C
[   5593] STATUS mode=3 fault=none p60=-125 dp60=0 pwm=0 ball=54.58 vball=82.09 aball=279.3 bref=50.00 pid=140.0 apid=279.3 integ=-0.0 vision=1 current=1 vframe=380 vs=1 vage=51 vpage=51 vdt=33 vmax=144 vacc=379 vrej=0 seq=0 elapsed=0 oled=3C
[   5625] STATUS mode=3 fault=none p60=-123 dp60=1 pwm=0 ball=54.58 vball=82.09 aball=279.3 bref=50.00 pid=140.0 apid=279.3 integ=-0.0 vision=1 current=1 vframe=380 vs=1 vage=71 vpage=71 vdt=33 vmax=144 vacc=379 vrej=0 seq=0 elapsed=0 oled=3C
[   5641] STATUS mode=3 fault=none p60=-122 dp60=0 pwm=0 ball=54.58 vball=82.09 aball=279.3 bref=50.00 pid=140.0 apid=279.3 integ=-0.0 vision=1 current=1 vframe=380 vs=1 vage=91 vpage=91 vdt=33 vmax=144 vacc=379 vrej=0 seq=0 elapsed=0 oled=3C
[   5657] STATUS mode=3 fault=none p60=-120 dp60=1 pwm=140 ball=58.53 vball=75.05 aball=227.1 bref=50.00 pid=140.0 apid=227.1 integ=-0.0 vision=1 current=1 vframe=381 vs=1 vage=9 vpage=9 vdt=102 vmax=144 vacc=380 vrej=0 seq=0 elapsed=0 oled=3C
[   5672] STATUS mode=3 fault=none p60=-117 dp60=1 pwm=0 ball=58.53 vball=75.05 aball=227.1 bref=50.00 pid=140.0 apid=227.1 integ=-0.0 vision=1 current=1 vframe=381 vs=1 vage=29 vpage=29 vdt=102 vmax=144 vacc=380 vrej=0 seq=0 elapsed=0 oled=3C
[   5702] STATUS mode=3 fault=none p60=-115 dp60=1 pwm=140 ball=65.23 vball=96.66 aball=291.2 bref=50.00 pid=140.0 apid=291.2 integ=-0.0 vision=1 current=1 vframe=382 vs=1 vage=16 vpage=16 vdt=33 vmax=144 vacc=381 vrej=0 seq=0 elapsed=0 oled=3C
[   5718] STATUS mode=3 fault=none p60=-110 dp60=1 pwm=140 ball=67.79 vball=93.13 aball=231.5 bref=50.00 pid=140.0 apid=231.5 integ=-0.0 vision=1 current=1 vframe=383 vs=1 vage=3 vpage=3 vdt=33 vmax=144 vacc=382 vrej=0 seq=0 elapsed=0 oled=3C
[   5734] STATUS mode=3 fault=none p60=-105 dp60=2 pwm=0 ball=67.79 vball=93.13 aball=231.5 bref=50.00 pid=140.0 apid=231.5 integ=-0.0 vision=1 current=1 vframe=383 vs=1 vage=23 vpage=23 vdt=33 vmax=144 vacc=382 vrej=0 seq=0 elapsed=0 oled=3C
[   5766] STATUS mode=3 fault=none p60=-100 dp60=1 pwm=0 ball=67.79 vball=93.13 aball=231.5 bref=50.00 pid=140.0 apid=231.5 integ=-0.0 vision=1 current=1 vframe=383 vs=1 vage=43 vpage=43 vdt=33 vmax=144 vacc=382 vrej=0 seq=0 elapsed=0 oled=3C
[   5782] STATUS mode=3 fault=none p60=-98 dp60=1 pwm=0 ball=67.79 vball=93.13 aball=231.5 bref=50.00 pid=140.0 apid=231.5 integ=-0.0 vision=1 current=1 vframe=383 vs=1 vage=63 vpage=63 vdt=33 vmax=144 vacc=382 vrej=0 seq=0 elapsed=0 oled=3C
[   5797] STATUS mode=3 fault=none p60=-97 dp60=0 pwm=0 ball=67.79 vball=93.13 aball=231.5 bref=50.00 pid=140.0 apid=231.5 integ=-0.0 vision=1 current=1 vframe=383 vs=1 vage=83 vpage=83 vdt=33 vmax=144 vacc=382 vrej=0 seq=0 elapsed=0 oled=3C
[   5827] STATUS mode=3 fault=none p60=-95 dp60=1 pwm=140 ball=72.99 vball=91.96 aball=195.0 bref=50.00 pid=140.0 apid=195.0 integ=-0.0 vision=1 current=1 vframe=384 vs=1 vage=3 vpage=3 vdt=100 vmax=144 vacc=383 vrej=0 seq=0 elapsed=0 oled=3C
[   5843] STATUS mode=3 fault=none p60=-93 dp60=0 pwm=0 ball=72.99 vball=91.96 aball=195.0 bref=50.00 pid=140.0 apid=195.0 integ=-0.0 vision=1 current=1 vframe=384 vs=1 vage=23 vpage=23 vdt=100 vmax=144 vacc=383 vrej=0 seq=0 elapsed=0 oled=3C
[   5859] STATUS mode=3 fault=none p60=-91 dp60=0 pwm=140 ball=79.71 vball=110.25 aball=248.9 bref=50.00 pid=140.0 apid=248.9 integ=-0.0 vision=1 current=1 vframe=385 vs=1 vage=10 vpage=10 vdt=33 vmax=144 vacc=384 vrej=0 seq=0 elapsed=0 oled=3C
[   5891] STATUS mode=3 fault=none p60=-87 dp60=2 pwm=0 ball=79.71 vball=110.25 aball=248.9 bref=50.00 pid=140.0 apid=248.9 integ=-0.0 vision=1 current=1 vframe=385 vs=1 vage=30 vpage=30 vdt=33 vmax=144 vacc=384 vrej=0 seq=0 elapsed=0 oled=3C
[   5907] STATUS mode=3 fault=none p60=-83 dp60=2 pwm=140 ball=83.05 vball=108.37 aball=203.0 bref=50.00 pid=140.0 apid=203.0 integ=-0.0 vision=1 current=1 vframe=386 vs=1 vage=17 vpage=17 vdt=33 vmax=144 vacc=385 vrej=0 seq=0 elapsed=0 oled=3C
[   5922] STATUS mode=3 fault=none p60=-78 dp60=2 pwm=0 ball=83.05 vball=108.37 aball=203.0 bref=50.00 pid=140.0 apid=203.0 integ=-0.0 vision=1 current=1 vframe=386 vs=1 vage=37 vpage=37 vdt=33 vmax=144 vacc=385 vrej=0 seq=0 elapsed=0 oled=3C
[   5938] STATUS mode=3 fault=none p60=-75 dp60=1 pwm=0 ball=83.05 vball=108.37 aball=203.0 bref=50.00 pid=140.0 apid=203.0 integ=-0.0 vision=1 current=1 vframe=386 vs=1 vage=57 vpage=57 vdt=33 vmax=144 vacc=385 vrej=0 seq=0 elapsed=0 oled=3C
[   5968] STATUS mode=3 fault=none p60=-75 dp60=0 pwm=0 ball=83.05 vball=108.37 aball=203.0 bref=50.00 pid=140.0 apid=203.0 integ=-0.0 vision=1 current=1 vframe=386 vs=1 vage=77 vpage=77 vdt=33 vmax=144 vacc=385 vrej=0 seq=0 elapsed=0 oled=3C
[   5984] STATUS mode=3 fault=none p60=-77 dp60=0 pwm=0 ball=83.05 vball=108.37 aball=203.0 bref=50.00 pid=140.0 apid=203.0 integ=-0.0 vision=1 current=1 vframe=386 vs=1 vage=97 vpage=97 vdt=33 vmax=144 vacc=385 vrej=0 seq=0 elapsed=0 oled=3C
[   6000] STATUS mode=3 fault=none p60=-77 dp60=1 pwm=0 ball=87.88 vball=101.29 aball=161.6 bref=50.00 pid=140.0 apid=161.6 integ=-0.0 vision=1 current=1 vframe=387 vs=1 vage=20 vpage=20 vdt=97 vmax=144 vacc=386 vrej=0 seq=0 elapsed=0 oled=3C
[   6032] STATUS mode=3 fault=none p60=-75 dp60=0 pwm=140 ball=95.10 vball=134.63 aball=280.3 bref=50.00 pid=140.0 apid=280.3 integ=-0.0 vision=1 current=1 vframe=388 vs=1 vage=5 vpage=5 vdt=35 vmax=144 vacc=387 vrej=0 seq=0 elapsed=0 oled=3C
[   6047] STATUS mode=3 fault=none p60=-74 dp60=0 pwm=0 ball=95.10 vball=134.63 aball=280.3 bref=50.00 pid=140.0 apid=280.3 integ=-0.0 vision=1 current=1 vframe=388 vs=1 vage=25 vpage=25 vdt=35 vmax=144 vacc=387 vrej=0 seq=0 elapsed=0 oled=3C
[   6063] STATUS mode=3 fault=none p60=-73 dp60=0 pwm=0 ball=95.10 vball=134.63 aball=280.3 bref=50.00 pid=140.0 apid=280.3 integ=-0.0 vision=1 current=1 vframe=388 vs=1 vage=45 vpage=45 vdt=35 vmax=144 vacc=387 vrej=0 seq=0 elapsed=0 oled=3C
[   6093] STATUS mode=3 fault=none p60=-73 dp60=0 pwm=0 ball=95.10 vball=134.63 aball=280.3 bref=50.00 pid=140.0 apid=280.3 integ=-0.0 vision=1 current=1 vframe=388 vs=1 vage=65 vpage=65 vdt=35 vmax=144 vacc=387 vrej=0 seq=0 elapsed=0 oled=3C
[   6109] STATUS mode=3 fault=none p60=-73 dp60=0 pwm=0 ball=95.10 vball=134.63 aball=280.3 bref=50.00 pid=140.0 apid=280.3 integ=-0.0 vision=1 current=1 vframe=388 vs=1 vage=85 vpage=85 vdt=35 vmax=144 vacc=387 vrej=0 seq=0 elapsed=0 oled=3C
[   6125] STATUS mode=3 fault=none p60=-73 dp60=0 pwm=0 ball=95.10 vball=134.63 aball=280.3 bref=50.00 pid=140.0 apid=280.3 integ=-0.0 vision=1 current=1 vframe=388 vs=1 vage=105 vpage=105 vdt=35 vmax=144 vacc=387 vrej=0 seq=0 elapsed=0 oled=3C
[   6141] STATUS mode=3 fault=none p60=-71 dp60=1 pwm=0 ball=101.66 vball=119.65 aball=25.8 bref=50.00 pid=140.0 apid=25.8 integ=-0.0 vision=1 current=1 vframe=390 vs=1 vage=12 vpage=12 vdt=6 vmax=144 vacc=389 vrej=0 seq=0 elapsed=0 oled=3C
[   6172] STATUS mode=3 fault=none p60=-65 dp60=2 pwm=0 ball=101.66 vball=119.65 aball=25.8 bref=50.00 pid=140.0 apid=25.8 integ=-0.0 vision=1 current=1 vframe=390 vs=1 vage=32 vpage=32 vdt=6 vmax=144 vacc=389 vrej=0 seq=0 elapsed=0 oled=3C
[   6188] STATUS mode=3 fault=none p60=-59 dp60=2 pwm=140 ball=107.87 vball=135.53 aball=86.3 bref=50.00 pid=140.0 apid=86.3 integ=-0.0 vision=1 current=1 vframe=391 vs=1 vage=15 vpage=15 vdt=37 vmax=144 vacc=390 vrej=0 seq=0 elapsed=0 oled=3C
[   6202] STATUS mode=3 fault=none p60=-52 dp60=2 pwm=0 ball=107.87 vball=135.53 aball=86.3 bref=50.00 pid=140.0 apid=86.3 integ=-0.0 vision=1 current=1 vframe=391 vs=1 vage=35 vpage=35 vdt=37 vmax=144 vacc=390 vrej=0 seq=0 elapsed=0 oled=3C
[   6234] STATUS mode=3 fault=none p60=-48 dp60=0 pwm=0 ball=107.87 vball=135.53 aball=86.3 bref=50.00 pid=140.0 apid=86.3 integ=-0.0 vision=1 current=1 vframe=391 vs=1 vage=55 vpage=55 vdt=37 vmax=144 vacc=390 vrej=0 seq=0 elapsed=0 oled=3C
[   6250] STATUS mode=3 fault=none p60=-45 dp60=1 pwm=0 ball=107.87 vball=135.53 aball=86.3 bref=50.00 pid=140.0 apid=86.3 integ=-0.0 vision=1 current=1 vframe=391 vs=1 vage=75 vpage=75 vdt=37 vmax=144 vacc=390 vrej=0 seq=0 elapsed=0 oled=3C
[   6266] STATUS mode=3 fault=none p60=-43 dp60=1 pwm=0 ball=107.87 vball=135.53 aball=86.3 bref=50.00 pid=140.0 apid=86.3 integ=-0.0 vision=1 current=1 vframe=391 vs=1 vage=95 vpage=95 vdt=37 vmax=144 vacc=390 vrej=0 seq=0 elapsed=0 oled=3C
[   6282] STATUS mode=3 fault=none p60=-42 dp60=1 pwm=140 ball=114.76 vball=5.53 aball=86.3 bref=50.00 pid=140.0 apid=86.3 integ=-0.0 vision=1 current=1 vframe=391 vs=1 vage=115 vpage=115 vdt=37 vmax=144 vacc=390 vrej=0 seq=0 elapsed=0 oled=3C
[   6313] STATUS mode=3 fault=none p60=-39 dp60=1 pwm=140 ball=119.73 vball=146.54 aball=94.5 bref=50.00 pid=140.0 apid=94.5 integ=-0.0 vision=1 current=1 vframe=394 vs=1 vage=6 vpage=6 vdt=22 vmax=144 vacc=393 vrej=0 seq=0 elapsed=0 oled=3C
[   6327] STATUS mode=3 fault=none p60=-34 dp60=2 pwm=140 ball=119.73 vball=146.54 aball=94.5 bref=50.00 pid=140.0 apid=94.5 integ=-0.0 vision=1 current=1 vframe=394 vs=1 vage=26 vpage=26 vdt=22 vmax=144 vacc=393 vrej=0 seq=0 elapsed=0 oled=3C
[   6343] STATUS mode=3 fault=none p60=-27 dp60=2 pwm=140 ball=121.66 vball=132.45 aball=16.3 bref=50.00 pid=140.0 apid=16.3 integ=-0.0 vision=1 current=1 vframe=395 vs=1 vage=13 vpage=13 vdt=33 vmax=144 vacc=394 vrej=0 seq=0 elapsed=0 oled=3C
[   6375] STATUS mode=3 fault=none p60=-20 dp60=1 pwm=0 ball=121.66 vball=132.45 aball=16.3 bref=50.00 pid=140.0 apid=16.3 integ=-0.0 vision=1 current=1 vframe=395 vs=1 vage=33 vpage=33 vdt=33 vmax=144 vacc=394 vrej=0 seq=0 elapsed=0 oled=3C
[   6391] STATUS mode=3 fault=none p60=-15 dp60=1 pwm=0 ball=121.66 vball=132.45 aball=16.3 bref=50.00 pid=140.0 apid=16.3 integ=-0.0 vision=1 current=1 vframe=395 vs=1 vage=53 vpage=53 vdt=33 vmax=144 vacc=394 vrej=0 seq=0 elapsed=0 oled=3C
[   6407] STATUS mode=3 fault=none p60=-14 dp60=0 pwm=0 ball=121.66 vball=132.45 aball=16.3 bref=50.00 pid=140.0 apid=16.3 integ=-0.0 vision=1 current=1 vframe=395 vs=1 vage=73 vpage=73 vdt=33 vmax=144 vacc=394 vrej=0 seq=0 elapsed=0 oled=3C
[   6438] STATUS mode=3 fault=none p60=-15 dp60=-1 pwm=0 ball=121.66 vball=132.45 aball=16.3 bref=50.00 pid=140.0 apid=16.3 integ=-0.0 vision=1 current=1 vframe=395 vs=1 vage=93 vpage=93 vdt=33 vmax=144 vacc=394 vrej=0 seq=0 elapsed=0 oled=3C
[   6452] STATUS mode=3 fault=none p60=-16 dp60=0 pwm=140 ball=124.67 vball=116.84 aball=-10.6 bref=50.00 pid=140.0 apid=-10.6 integ=-0.0 vision=1 current=1 vframe=396 vs=1 vage=17 vpage=17 vdt=96 vmax=144 vacc=395 vrej=0 seq=0 elapsed=0 oled=3C
[   6468] STATUS mode=3 fault=none p60=-14 dp60=1 pwm=140 ball=122.29 vball=74.65 aball=-234.0 bref=50.00 pid=140.0 apid=-234.0 integ=-0.0 vision=1 current=1 vframe=397 vs=1 vage=16 vpage=16 vdt=21 vmax=144 vacc=396 vrej=0 seq=0 elapsed=0 oled=3C
[   6500] STATUS mode=3 fault=none p60=-11 dp60=1 pwm=140 ball=121.65 vball=59.53 aball=-267.6 bref=50.00 pid=140.0 apid=-267.6 integ=-0.0 vision=1 current=1 vframe=398 vs=1 vage=3 vpage=3 vdt=33 vmax=144 vacc=397 vrej=0 seq=0 elapsed=0 oled=3C
[   6516] STATUS mode=3 fault=none p60=-6 dp60=2 pwm=0 ball=121.65 vball=59.53 aball=-267.6 bref=50.00 pid=140.0 apid=-267.6 integ=-0.0 vision=1 current=1 vframe=398 vs=1 vage=23 vpage=23 vdt=33 vmax=144 vacc=397 vrej=0 seq=0 elapsed=0 oled=3C
[   6532] STATUS mode=3 fault=none p60=-3 dp60=0 pwm=0 ball=121.65 vball=59.53 aball=-267.6 bref=50.00 pid=140.0 apid=-267.6 integ=-0.0 vision=1 current=1 vframe=398 vs=1 vage=43 vpage=43 vdt=33 vmax=144 vacc=397 vrej=0 seq=0 elapsed=0 oled=3C
[   6547] STATUS mode=3 fault=none p60=0 dp60=1 pwm=0 ball=121.65 vball=59.53 aball=-267.6 bref=50.00 pid=140.0 apid=-267.6 integ=-0.0 vision=1 current=1 vframe=398 vs=1 vage=63 vpage=63 vdt=33 vmax=144 vacc=397 vrej=0 seq=0 elapsed=0 oled=3C
[   6577] STATUS mode=3 fault=none p60=1 dp60=0 pwm=0 ball=121.65 vball=59.53 aball=-267.6 bref=50.00 pid=140.0 apid=-267.6 integ=-0.0 vision=1 current=1 vframe=398 vs=1 vage=83 vpage=83 vdt=33 vmax=144 vacc=397 vrej=0 seq=0 elapsed=0 oled=3C
[   6593] STATUS mode=3 fault=none p60=1 dp60=0 pwm=0 ball=121.65 vball=59.53 aball=-267.6 bref=50.00 pid=140.0 apid=-267.6 integ=-0.0 vision=1 current=1 vframe=398 vs=1 vage=103 vpage=103 vdt=33 vmax=144 vacc=397 vrej=0 seq=0 elapsed=0 oled=3C
[   6609] STATUS mode=3 fault=none p60=2 dp60=1 pwm=0 ball=121.88 vball=48.35 aball=-243.7 bref=50.00 pid=140.0 apid=-243.7 integ=-0.0 vision=1 current=1 vframe=399 vs=1 vage=20 vpage=20 vdt=103 vmax=144 vacc=398 vrej=0 seq=0 elapsed=0 oled=3C
[   6641] STATUS mode=3 fault=none p60=3 dp60=0 pwm=135 ball=120.57 vball=33.63 aball=-278.4 bref=50.00 pid=79.7 apid=-278.4 integ=-0.0 vision=1 current=1 vframe=400 vs=1 vage=9 vpage=9 vdt=31 vmax=144 vacc=399 vrej=0 seq=0 elapsed=0 oled=3C
[   6657] STATUS mode=3 fault=none p60=3 dp60=0 pwm=0 ball=120.57 vball=33.63 aball=-278.4 bref=50.00 pid=79.7 apid=-278.4 integ=-0.0 vision=1 current=1 vframe=400 vs=1 vage=29 vpage=29 vdt=31 vmax=144 vacc=399 vrej=0 seq=0 elapsed=0 oled=3C
[   6672] STATUS mode=3 fault=none p60=2 dp60=-1 pwm=-135 ball=118.31 vball=17.35 aball=-308.5 bref=50.00 pid=-75.9 apid=-308.5 integ=-0.0 vision=1 current=1 vframe=401 vs=1 vage=15 vpage=15 vdt=34 vmax=144 vacc=400 vrej=0 seq=0 elapsed=0 oled=3C
[   6702] STATUS mode=3 fault=none p60=-4 dp60=-2 pwm=0 ball=118.31 vball=17.35 aball=-308.5 bref=50.00 pid=-75.9 apid=-308.5 integ=-0.0 vision=1 current=1 vframe=401 vs=1 vage=35 vpage=35 vdt=34 vmax=144 vacc=400 vrej=0 seq=0 elapsed=0 oled=3C
[   6718] STATUS mode=3 fault=none p60=-7 dp60=-1 pwm=0 ball=118.31 vball=17.35 aball=-308.5 bref=50.00 pid=-75.9 apid=-308.5 integ=-0.0 vision=1 current=1 vframe=401 vs=1 vage=55 vpage=55 vdt=34 vmax=144 vacc=400 vrej=0 seq=0 elapsed=0 oled=3C
[   6734] STATUS mode=3 fault=none p60=-10 dp60=0 pwm=0 ball=118.31 vball=17.35 aball=-308.5 bref=50.00 pid=-75.9 apid=-308.5 integ=-0.0 vision=1 current=1 vframe=401 vs=1 vage=75 vpage=75 vdt=34 vmax=144 vacc=400 vrej=0 seq=0 elapsed=0 oled=3C
[   6766] STATUS mode=3 fault=none p60=-10 dp60=0 pwm=0 ball=118.31 vball=17.35 aball=-308.5 bref=50.00 pid=-75.9 apid=-308.5 integ=-0.0 vision=1 current=1 vframe=401 vs=1 vage=95 vpage=95 vdt=34 vmax=144 vacc=400 vrej=0 seq=0 elapsed=0 oled=3C
[   6782] STATUS mode=3 fault=none p60=-11 dp60=-1 pwm=0 ball=116.05 vball=8.59 aball=-275.7 bref=50.00 pid=-112.2 apid=-275.7 integ=-0.0 vision=1 current=1 vframe=402 vs=1 vage=18 vpage=18 vdt=97 vmax=144 vacc=401 vrej=0 seq=0 elapsed=0 oled=3C
[   6797] STATUS mode=3 fault=none p60=-13 dp60=-1 pwm=-140 ball=112.67 vball=-17.27 aball=-403.0 bref=50.00 pid=-140.0 apid=-403.0 integ=-0.0 vision=1 current=1 vframe=403 vs=1 vage=15 vpage=15 vdt=23 vmax=144 vacc=402 vrej=0 seq=0 elapsed=0 oled=3C
[   6827] STATUS mode=3 fault=none p60=-18 dp60=-1 pwm=-140 ball=111.25 vball=-21.98 aball=-366.1 bref=50.00 pid=-140.0 apid=-366.1 integ=-0.0 vision=1 current=1 vframe=404 vs=1 vage=5 vpage=5 vdt=30 vmax=144 vacc=403 vrej=0 seq=0 elapsed=0 oled=3C
[   6843] STATUS mode=3 fault=none p60=-23 dp60=-1 pwm=0 ball=111.25 vball=-21.98 aball=-366.1 bref=50.00 pid=-140.0 apid=-366.1 integ=-0.0 vision=1 current=1 vframe=404 vs=1 vage=25 vpage=25 vdt=30 vmax=144 vacc=403 vrej=0 seq=0 elapsed=0 oled=3C
[   6859] STATUS mode=3 fault=none p60=-28 dp60=-1 pwm=0 ball=111.25 vball=-21.98 aball=-366.1 bref=50.00 pid=-140.0 apid=-366.1 integ=-0.0 vision=1 current=1 vframe=404 vs=1 vage=45 vpage=45 vdt=30 vmax=144 vacc=403 vrej=0 seq=0 elapsed=0 oled=3C
[   6891] STATUS mode=3 fault=none p60=-30 dp60=0 pwm=0 ball=111.25 vball=-21.98 aball=-366.1 bref=50.00 pid=-140.0 apid=-366.1 integ=-0.0 vision=1 current=1 vframe=404 vs=1 vage=65 vpage=65 vdt=30 vmax=144 vacc=403 vrej=0 seq=0 elapsed=0 oled=3C
[   6907] STATUS mode=3 fault=none p60=-32 dp60=-1 pwm=0 ball=111.25 vball=-21.98 aball=-366.1 bref=50.00 pid=-140.0 apid=-366.1 integ=-0.0 vision=1 current=1 vframe=404 vs=1 vage=85 vpage=85 vdt=30 vmax=144 vacc=403 vrej=0 seq=0 elapsed=0 oled=3C
[   6922] STATUS mode=3 fault=none p60=-34 dp60=0 pwm=-140 ball=108.89 vball=-23.74 aball=-313.9 bref=50.00 pid=-140.0 apid=-313.9 integ=-0.0 vision=1 current=1 vframe=405 vs=1 vage=5 vpage=5 vdt=100 vmax=144 vacc=404 vrej=0 seq=0 elapsed=0 oled=3C
[   6952] STATUS mode=3 fault=none p60=-38 dp60=-1 pwm=0 ball=108.89 vball=-23.74 aball=-313.9 bref=50.00 pid=-140.0 apid=-313.9 integ=-0.0 vision=1 current=1 vframe=405 vs=1 vage=25 vpage=25 vdt=100 vmax=144 vacc=404 vrej=0 seq=0 elapsed=0 oled=3C
[   6968] STATUS mode=3 fault=none p60=-40 dp60=0 pwm=-140 ball=104.66 vball=-47.53 aball=-371.7 bref=50.00 pid=-140.0 apid=-371.7 integ=-0.0 vision=1 current=1 vframe=406 vs=1 vage=11 vpage=11 vdt=34 vmax=144 vacc=405 vrej=0 seq=0 elapsed=0 oled=3C
[   6984] STATUS mode=3 fault=none p60=-47 dp60=-2 pwm=0 ball=104.66 vball=-47.53 aball=-371.7 bref=50.00 pid=-140.0 apid=-371.7 integ=-0.0 vision=1 current=1 vframe=406 vs=1 vage=31 vpage=31 vdt=34 vmax=144 vacc=405 vrej=0 seq=0 elapsed=0 oled=3C
[   7016] STATUS mode=3 fault=none p60=-52 dp60=-1 pwm=0 ball=104.66 vball=-47.53 aball=-371.7 bref=50.00 pid=-140.0 apid=-371.7 integ=-0.0 vision=1 current=1 vframe=406 vs=1 vage=51 vpage=51 vdt=34 vmax=144 vacc=405 vrej=0 seq=0 elapsed=0 oled=3C
[   7032] STATUS mode=3 fault=none p60=-55 dp60=-1 pwm=0 ball=104.66 vball=-47.53 aball=-371.7 bref=50.00 pid=-140.0 apid=-371.7 integ=-0.0 vision=1 current=1 vframe=406 vs=1 vage=71 vpage=71 vdt=34 vmax=144 vacc=405 vrej=0 seq=0 elapsed=0 oled=3C
[   7047] STATUS mode=3 fault=none p60=-54 dp60=0 pwm=-140 ball=103.26 vball=.53 aball=-371.7 bref=50.00 pid=-140.0 apid=-371.7 integ=-0.0 vision=1 current=1 vframe=406 vs=1 vage=91 vpage=91 vdt=34 vmax=144 vacc=405 vrej=0 seq=0 elapsed=0 oled=3C
[   7077] STATUS mode=3 fault=none p60=-54 dp60=0 pwm=-140 ball=101.36 vball=-44.28 aball=-238.9 bref=50.00 pid=-140.0 apid=-238.9 integ=-0.0 vision=1 current=1 vframe=408 vs=1 vage=14 vpage=14 vdt=10 vmax=144 vacc=407 vrej=0 seq=0 elapsed=0 oled=3C
[   7093] STATUS mode=3 fault=none p60=-57 dp60=-1 pwm=0 ball=101.36 vball=-44.28 aball=-238.9 bref=50.00 pid=-140.0 apid=-238.9 integ=-0.0 vision=1 current=1 vframe=408 vs=1 vage=34 vpage=34 vdt=10 vmax=144 vacc=407 vrej=0 seq=0 elapsed=0 oled=3C
[   7109] STATUS mode=3 fault=none p60=-62 dp60=-2 pwm=0 ball=97.19 vball=-63.16 aball=-286.3 bref=50.00 pid=-140.0 apid=-286.3 integ=-0.0 vision=1 current=1 vframe=409 vs=1 vage=20 vpage=20 vdt=34 vmax=144 vacc=408 vrej=0 seq=0 elapsed=0 oled=3C
[   7125] STATUS mode=3 fault=none p60=-68 dp60=-2 pwm=0 ball=97.19 vball=-63.16 aball=-286.3 bref=50.00 pid=-140.0 apid=-286.3 integ=-0.0 vision=1 current=1 vframe=409 vs=1 vage=40 vpage=40 vdt=34 vmax=144 vacc=408 vrej=0 seq=0 elapsed=0 oled=3C
[   7157] STATUS mode=3 fault=none p60=-72 dp60=-1 pwm=0 ball=97.19 vball=-63.16 aball=-286.3 bref=50.00 pid=-140.0 apid=-286.3 integ=-0.0 vision=1 current=1 vframe=409 vs=1 vage=60 vpage=60 vdt=34 vmax=144 vacc=408 vrej=0 seq=0 elapsed=0 oled=3C
[   7172] STATUS mode=3 fault=none p60=-73 dp60=0 pwm=0 ball=97.19 vball=-63.16 aball=-286.3 bref=50.00 pid=-140.0 apid=-286.3 integ=-0.0 vision=1 current=1 vframe=409 vs=1 vage=80 vpage=80 vdt=34 vmax=144 vacc=408 vrej=0 seq=0 elapsed=0 oled=3C
[   7188] STATUS mode=3 fault=none p60=-73 dp60=0 pwm=0 ball=97.19 vball=-63.16 aball=-286.3 bref=50.00 pid=-140.0 apid=-286.3 integ=-0.0 vision=1 current=1 vframe=409 vs=1 vage=100 vpage=100 vdt=34 vmax=144 vacc=408 vrej=0 seq=0 elapsed=0 oled=3C
[   7218] STATUS mode=3 fault=none p60=-74 dp60=-1 pwm=0 ball=93.88 vball=-57.36 aball=-149.5 bref=50.00 pid=-140.0 apid=-149.5 integ=-0.0 vision=1 current=1 vframe=411 vs=1 vage=9 vpage=9 vdt=9 vmax=144 vacc=410 vrej=0 seq=0 elapsed=0 oled=3C
[   7234] STATUS mode=3 fault=none p60=-81 dp60=-2 pwm=0 ball=90.99 vball=-70.36 aball=-224.6 bref=50.00 pid=-140.0 apid=-224.6 integ=-0.0 vision=1 current=1 vframe=412 vs=1 vage=9 vpage=9 vdt=20 vmax=144 vacc=411 vrej=0 seq=0 elapsed=0 oled=3C
[   7250] STATUS mode=3 fault=none p60=-89 dp60=-2 pwm=0 ball=90.99 vball=-70.36 aball=-224.6 bref=50.00 pid=-140.0 apid=-224.6 integ=-0.0 vision=1 current=1 vframe=412 vs=1 vage=29 vpage=29 vdt=20 vmax=144 vacc=411 vrej=0 seq=0 elapsed=0 oled=3C
[   7282] STATUS mode=3 fault=none p60=-98 dp60=-2 pwm=-140 ball=89.14 vball=-68.07 aball=-180.8 bref=50.00 pid=-140.0 apid=-180.8 integ=-0.0 vision=1 current=1 vframe=413 vs=1 vage=15 vpage=15 vdt=34 vmax=144 vacc=412 vrej=0 seq=0 elapsed=0 oled=3C
[   7297] STATUS mode=3 fault=none p60=-108 dp60=-2 pwm=0 ball=89.14 vball=-68.07 aball=-180.8 bref=50.00 pid=-140.0 apid=-180.8 integ=-0.0 vision=1 current=1 vframe=413 vs=1 vage=35 vpage=35 vdt=34 vmax=144 vacc=412 vrej=0 seq=0 elapsed=0 oled=3C
[   7313] STATUS mode=3 fault=none p60=-115 dp60=-2 pwm=0 ball=89.14 vball=-68.07 aball=-180.8 bref=50.00 pid=-140.0 apid=-180.8 integ=-0.0 vision=1 current=1 vframe=413 vs=1 vage=55 vpage=55 vdt=34 vmax=144 vacc=412 vrej=0 seq=0 elapsed=0 oled=3C
[   7343] STATUS mode=3 fault=none p60=-119 dp60=-1 pwm=0 ball=89.14 vball=-68.07 aball=-180.8 bref=50.00 pid=-140.0 apid=-180.8 integ=-0.0 vision=1 current=1 vframe=413 vs=1 vage=75 vpage=75 vdt=34 vmax=144 vacc=412 vrej=0 seq=0 elapsed=0 oled=3C
[   7359] STATUS mode=3 fault=none p60=-123 dp60=-1 pwm=0 ball=89.14 vball=-68.07 aball=-180.8 bref=50.00 pid=-140.0 apid=-180.8 integ=-0.0 vision=1 current=1 vframe=413 vs=1 vage=95 vpage=95 vdt=34 vmax=144 vacc=412 vrej=0 seq=0 elapsed=0 oled=3C
[   7375] STATUS mode=3 fault=none p60=-123 dp60=0 pwm=0 ball=89.14 vball=-68.07 aball=-180.8 bref=50.00 pid=-140.0 apid=-180.8 integ=-0.0 vision=1 current=1 vframe=413 vs=1 vage=115 vpage=115 vdt=34 vmax=144 vacc=412 vrej=0 seq=0 elapsed=0 oled=3C
[   7407] STATUS mode=3 fault=none p60=-122 dp60=0 pwm=0 ball=86.26 vball=-62.79 aball=-146.9 bref=50.00 pid=-140.0 apid=-146.9 integ=-0.0 vision=1 current=1 vframe=414 vs=1 vage=18 vpage=18 vdt=117 vmax=144 vacc=413 vrej=0 seq=0 elapsed=0 oled=3C
[   7422] STATUS mode=3 fault=none p60=-122 dp60=0 pwm=-140 ball=84.26 vball=-63.72 aball=-129.7 bref=50.00 pid=-140.0 apid=-129.7 integ=-0.0 vision=1 current=1 vframe=415 vs=1 vage=9 vpage=9 vdt=29 vmax=144 vacc=414 vrej=0 seq=0 elapsed=0 oled=3C
[   7438] STATUS mode=3 fault=none p60=-123 dp60=0 pwm=0 ball=84.26 vball=-63.72 aball=-129.7 bref=50.00 pid=-140.0 apid=-129.7 integ=-0.0 vision=1 current=1 vframe=415 vs=1 vage=29 vpage=29 vdt=29 vmax=144 vacc=414 vrej=0 seq=0 elapsed=0 oled=3C
[   7468] STATUS mode=3 fault=none p60=-123 dp60=0 pwm=-140 ball=82.51 vball=-62.55 aball=-104.9 bref=50.00 pid=-140.0 apid=-104.9 integ=-0.0 vision=1 current=1 vframe=416 vs=1 vage=16 vpage=16 vdt=33 vmax=144 vacc=415 vrej=0 seq=0 elapsed=0 oled=3C
[   7484] STATUS mode=3 fault=none p60=-124 dp60=0 pwm=0 ball=82.51 vball=-62.55 aball=-104.9 bref=50.00 pid=-140.0 apid=-104.9 integ=-0.0 vision=1 current=1 vframe=416 vs=1 vage=36 vpage=36 vdt=33 vmax=144 vacc=415 vrej=0 seq=0 elapsed=0 oled=3C
[   7500] STATUS mode=3 fault=none p60=-123 dp60=0 pwm=0 ball=82.51 vball=-62.55 aball=-104.9 bref=50.00 pid=-140.0 apid=-104.9 integ=-0.0 vision=1 current=1 vframe=416 vs=1 vage=56 vpage=56 vdt=33 vmax=144 vacc=415 vrej=0 seq=0 elapsed=0 oled=3C
[   7532] STATUS mode=3 fault=none p60=-121 dp60=1 pwm=0 ball=82.51 vball=-62.55 aball=-104.9 bref=50.00 pid=-140.0 apid=-104.9 integ=-0.0 vision=1 current=1 vframe=416 vs=1 vage=76 vpage=76 vdt=33 vmax=144 vacc=415 vrej=0 seq=0 elapsed=0 oled=3C
[   7547] STATUS mode=3 fault=none p60=-121 dp60=0 pwm=0 ball=82.51 vball=-62.55 aball=-104.9 bref=50.00 pid=-140.0 apid=-104.9 integ=-0.0 vision=1 current=1 vframe=416 vs=1 vage=96 vpage=96 vdt=33 vmax=144 vacc=415 vrej=0 seq=0 elapsed=0 oled=3C
[   7563] STATUS mode=3 fault=none p60=-121 dp60=0 pwm=0 ball=82.51 vball=-62.55 aball=-104.9 bref=50.00 pid=-140.0 apid=-104.9 integ=-0.0 vision=1 current=1 vframe=416 vs=1 vage=116 vpage=116 vdt=33 vmax=144 vacc=415 vrej=0 seq=0 elapsed=0 oled=3C
[   7593] STATUS mode=3 fault=none p60=-121 dp60=0 pwm=-140 ball=79.70 vball=-54.60 aball=16.5 bref=50.00 pid=-140.0 apid=16.5 integ=-0.0 vision=1 current=1 vframe=418 vs=1 vage=6 vpage=6 vdt=6 vmax=144 vacc=417 vrej=0 seq=0 elapsed=0 oled=3C
[   7609] STATUS mode=3 fault=none p60=-123 dp60=-1 pwm=-140 ball=79.06 vball=-49.96 aball=44.3 bref=50.00 pid=-140.0 apid=44.3 integ=-0.0 vision=1 current=1 vframe=419 vs=1 vage=3 vpage=3 vdt=23 vmax=144 vacc=418 vrej=0 seq=0 elapsed=0 oled=3C
[   7625] STATUS mode=3 fault=none p60=-127 dp60=-1 pwm=-140 ball=79.06 vball=-49.96 aball=44.3 bref=50.00 pid=-140.0 apid=44.3 integ=-0.0 vision=1 current=1 vframe=419 vs=1 vage=23 vpage=23 vdt=23 vmax=144 vacc=418 vrej=0 seq=0 elapsed=0 oled=3C
[   7657] STATUS mode=3 fault=none p60=-144 dp60=-2 pwm=0 ball=78.80 vball=-43.16 aball=67.7 bref=50.00 pid=-140.0 apid=67.7 integ=-0.0 vision=1 current=1 vframe=420 vs=vs=1 vage=9 vpage=9 vdt=34 vmax=144 vacc=419 vrej=0 seq=0 elapsed=0 oled=3C
[   7672] STATUS mode=3 fault=none p60=-152 dp60=-2 pwm=0 ball=78.80 vball=-43.16 aball=67.7 bref=50.00 pid=-140.0 apid=67.7 integ=-0.0 vision=1 current=1 vframe=420 vs=1 vage=49 vpage=49 vdt=34 vmax=144 vacc=419 vrej=0 seq=0 elapsed=0 oled=3C
[   7688] STATUS mode=3 fault=none p60=-157 dp60=-1 pwm=0 ball=78.80 vball=-43.16 aball=67.7 bref=50.00 pid=-140.0 apid=67.7 integ=-0.0 vision=1 current=1 vframe=420 vs=1 vage=69 vpage=69 vdt=34 vmax=144 vacc=419 vrej=0 seq=0 elapsed=0 oled=3C
[   7702] STATUS mode=3 fault=none p60=-159 dp60=0 pwm=0 ball=78.80 vball=-43.16 aball=67.7 bref=50.00 pid=-140.0 apid=67.7 integ=-0.0 vision=1 current=1 vframe=420 vs=1 vage=89 vpage=89 vdt=34 vmax=144 vacc=419 vrej=0 seq=0 elapsed=0 oled=3C
[   7734] STATUS mode=3 fault=none p60=-159 dp60=0 pwm=-140 ball=77.78 vball=-37.72 aball=65.3 bref=50.00 pid=-140.0 apid=65.3 integ=-0.0 vision=1 current=1 vframe=421 vs=1 vage=4 vpage=4 vdt=105 vmax=144 vacc=420 vrej=0 seq=0 elapsed=0 oled=3C
[   7750] STATUS mode=3 fault=none p60=-160 dp60=-1 pwm=0 ball=77.78 vball=-37.72 aball=65.3 bref=50.00 pid=-140.0 apid=65.3 integ=-0.0 vision=1 current=1 vframe=421 vs=1 vage=24 vpage=24 vdt=105 vmax=144 vacc=420 vrej=0 seq=0 elapsed=0 oled=3C
[   7766] STATUS mode=3 fault=none p60=-162 dp60=-1 pwm=-138 ball=77.75 vball=-31.85 aball=84.8 bref=50.00 pid=-112.4 apid=84.8 integ=-0.0 vision=1 current=1 vframe=422 vs=1 vage=14 vpage=14 vdt=30 vmax=144 vacc=421 vrej=0 seq=0 elapsed=0 oled=3C
[   7797] STATUS mode=3 fault=none p60=-167 dp60=-1 pwm=0 ball=77.75 vball=-31.85 aball=84.8 bref=50.00 pid=-112.4 apid=84.8 integ=-0.0 vision=1 current=1 vframe=422 vs=1 vage=34 vpage=34 vdt=30 vmax=144 vacc=421 vrej=0 seq=0 elapsed=0 oled=3C
[   7813] STATUS mode=3 fault=none p60=-171 dp60=-1 pwm=0 ball=77.75 vball=-26.76 aball=93.9 bref=50.00 pid=-65.2 apid=93.9 integ=-0.0 vision=1 current=1 vframe=423 vs=1 vage=19 vpage=19 vdt=35 vmax=144 vacc=422 vrej=0 seq=0 elapsed=0 oled=3C
[   7827] STATUS mode=3 fault=none p60=-177 dp60=-1 pwm=0 ball=77.75 vball=-26.76 aball=93.9 bref=50.00 pid=-65.2 apid=93.9 integ=-0.0 vision=1 current=1 vframe=423 vs=1 vage=39 vpage=39 vdt=35 vmax=144 vacc=422 vrej=0 seq=0 elapsed=0 oled=3C
[   7859] STATUS mode=3 fault=none p60=-180 dp60=-1 pwm=0 ball=77.75 vball=-26.76 aball=93.9 bref=50.00 pid=-65.2 apid=93.9 integ=-0.0 vision=1 current=1 vframe=423 vs=1 vage=59 vpage=59 vdt=35 vmax=144 vacc=422 vrej=0 seq=0 elapsed=0 oled=3C
[   7875] STATUS mode=3 fault=none p60=-183 dp60=-1 pwm=0 ball=77.75 vball=-26.76 aball=93.9 bref=50.00 pid=-65.2 apid=93.9 integ=-0.0 vision=1 current=1 vframe=423 vs=1 vage=79 vpage=79 vdt=35 vmax=144 vacc=422 vrej=0 seq=0 elapsed=0 oled=3C
[   7891] STATUS mode=3 fault=none p60=-183 dp60=0 pwm=0 ball=77.75 vball=-26.76 aball=93.9 bref=50.00 pid=-65.2 apid=93.9 integ=-0.0 vision=1 current=1 vframe=423 vs=1 vage=99 vpage=99 vdt=35 vmax=144 vacc=422 vrej=0 seq=0 elapsed=0 oled=3C
[   7922] STATUS mode=3 fault=none p60=-183 dp60=0 pwm=-133 ball=77.32 vball=-22.83 aball=85.6 bref=50.00 pid=-44.7 apid=85.6 integ=-0.0 vision=1 current=1 vframe=424 vs=1 vage=16 vpage=16 vdt=103 vmax=144 vacc=423 vrej=0 seq=0 elapsed=0 oled=3C
[   7938] STATUS mode=3 fault=none p60=-186 dp60=-1 pwm=0 ball=77.72 vball=-16.92 aball=103.3 bref=50.00 pid=18.0 apid=103.3 integ=-0.0 vision=1 current=1 vframe=425 vs=1 vage=7 vpage=7 vdt=29 vmax=144 vacc=424 vrej=0 seq=0 elapsed=0 oled=3C
[   7952] STATUS mode=3 fault=none p60=-186 dp60=0 pwm=0 ball=77.72 vball=-16.92 aball=103.3 bref=50.00 pid=18.0 apid=103.3 integ=-0.0 vision=1 current=1 vframe=425 vs=1 vage=27 vpage=27 vdt=29 vmax=144 vacc=424 vrej=0 seq=0 elapsed=0 oled=3C
[   7968] STATUS mode=3 fault=none p60=-183 dp60=1 pwm=0 ball=77.74 vball=-14.11 aball=100.6 bref=50.00 pid=36.4 apid=100.6 integ=-0.0 vision=1 current=1 vframe=426 vs=1 vage=14 vpage=14 vdt=33 vmax=144 vacc=425 vrej=0 seq=0 elapsed=0 oled=3C
[   8000] STATUS mode=3 fault=none p60=-182 dp60=0 pwm=0 ball=77.74 vball=-14.11 aball=100.6 bref=50.00 pid=36.4 apid=100.6 integ=-0.0 vision=1 current=1 vframe=426 vs=1 vage=34 vpage=34 vdt=33 vmax=144 vacc=425 vrej=0 seq=0 elapsed=0 oled=3C
[   8016] STATUS mode=3 fault=none p60=-181 dp60=0 pwm=0 ball=77.74 vball=-14.11 aball=100.6 bref=50.00 pid=36.4 apid=100.6 integ=-0.0 vision=1 current=1 vframe=426 vs=1 vage=54 vpage=54 vdt=33 vmax=144 vacc=425 vrej=0 seq=0 elapsed=0 oled=3C
[   8032] STATUS mode=3 fault=none p60=-181 dp60=0 pwm=132 ball=77.74 vball=-14.11 aball=100.6 bref=50.00 pid=36.4 apid=100.6 integ=-0.0 vision=1 current=1 vframe=426 vs=1 vage=74 vpage=74 vdt=33 vmax=144 vacc=425 vrej=0 seq=0 elapsed=0 oled=3C
[   8063] STATUS mode=3 fault=none p60=-179 dp60=0 pwm=0 ball=77.74 vball=-14.11 aball=100.6 bref=50.00 pid=36.4 apid=100.6 integ=-0.0 vision=1 current=1 vframe=426 vs=1 vage=94 vpage=94 vdt=33 vmax=144 vacc=425 vrej=0 seq=0 elapsed=0 oled=3C
[   8077] STATUS mode=3 fault=none p60=-180 dp60=-1 pwm=132 ball=77.53 vball=-12.04 aball=88.6 bref=50.00 pid=39.6 apid=88.6 integ=-0.0 vision=1 current=1 vframe=427 vs=1 vage=15 vpage=15 vdt=99 vmax=144 vacc=426 vrej=0 seq=0 elapsed=0 oled=3C
[   8093] STATUS mode=3 fault=none p60=-179 dp60=0 pwm=0 ball=77.83 vball=-8.76 aball=88.6 bref=50.00 pid=39.6 apid=88.6 integ=-0.0 vision=1 current=1 vframe=428 vs=1 vage=2 vpage=2 vdt=33 vmax=144 vacc=427 vrej=0 seq=0 elapsed=0 oled=3C
[   8125] STATUS mode=3 fault=none p60=-179 dp60=0 pwm=134 ball=77.83 vball=-8.76 aball=90.2 bref=50.00 pid=66.3 apid=90.2 integ=-0.0 vision=1 current=1 vframe=428 vs=1 vage=22 vpage=22 vdt=33 vmax=144 vacc=427 vrej=0 seq=0 elapsed=0 oled=3C
[   8141] STATUS mode=3 fault=none p60=-179 dp60=0 pwm=0 ball=78.41 vball=-4.37 aball=95.5 bref=50.00 pid=105.4 apid=95.5 integ=-0.0 vision=1 current=1 vframe=429 vs=1 vage=7 vpage=7 vdt=35 vmax=144 vacc=428 vrej=0 seq=0 elapsed=0 oled=3C
[   8157] STATUS mode=3 fault=none p60=-179 dp60=0 pwm=137 ball=78.41 vball=-4.37 aball=95.5 bref=50.00 pid=105.4 apid=95.5 integ=-0.0 vision=1 current=1 vframe=429 vs=1 vage=27 vpage=27 vdt=35 vmax=144 vacc=428 vrej=0 seq=0 elapsed=0 oled=3C
[   8172] STATUS mode=3 fault=none p60=-176 dp60=1 pwm=137 ball=78.41 vball=-4.37 aball=95.5 bref=50.00 pid=105.4 apid=95.5 integ=-0.0 vision=1 current=1 vframe=429 vs=1 vage=47 vpage=47 vdt=35 vmax=144 vacc=428 vrej=0 seq=0 elapsed=0 oled=3C
[   8202] STATUS mode=3 fault=none p60=-169 dp60=2 pwm=0 ball=78.41 vball=-4.37 aball=95.5 bref=50.00 pid=105.4 apid=95.5 integ=-0.0 vision=1 current=1 vframe=429 vs=1 vage=67 vpage=67 vdt=35 vmax=144 vacc=428 vrej=0 seq=0 elapsed=0 oled=3C
[   8218] STATUS mode=3 fault=none p60=-162 dp60=2 pwm=0 ball=78.41 vball=-4.37 aball=95.5 bref=50.00 pid=105.4 apid=95.5 integ=-0.0 vision=1 current=1 vframe=429 vs=1 vage=87 vpage=87 vdt=35 vmax=144 vacc=428 vrej=0 seq=0 elapsed=0 oled=3C
[   8234] STATUS mode=3 fault=none p60=-159 dp60=1 pwm=137 ball=78.87 vball=-2.50 aball=84.1 bref=50.00 pid=108.6 apid=84.1 integ=-0.0 vision=1 current=1 vframe=430 vs=1 vage=9 vpage=9 vdt=98 vmax=144 vacc=429 vrej=0 seq=0 elapsed=0 oled=3C
[   8266] STATUS mode=3 fault=none p60=-153 dp60=2 pwm=137 ball=78.87 vball=-2.50 aball=84.1 bref=50.00 pid=108.6 apid=84.1 integ=-0.0 vision=1 current=1 vframe=430 vs=1 vage=29 vpage=29 vdt=98 vmax=144 vacc=429 vrej=0 seq=0 elapsed=0 oled=3C
[   8282] STATUS mode=3 fault=none p60=-145 dp60=3 pwm=137 ball=80.33 vball=8.78 aball=118.4 bref=50.00 pid=140.0 apid=118.4 integ=-0.0 vision=1 current=1 vframe=431 vs=1 vage=13 vpage=13 vdt=36 vmax=144 vacc=430 vrej=0 seq=0 elapsed=0 oled=3C
[   8297] STATUS mode=3 fault=none p60=-136 dp60=2 pwm=140 ball=80.33 vball=8.78 aball=118.4 bref=50.00 pid=140.0 apid=118.4 integ=-0.0 vision=1 current=1 vframe=431 vs=1 vage=33 vpage=33 vdt=36 vmax=144 vacc=430 vrej=0 seq=0 elapsed=0 oled=3C
[   8313] STATUS mode=3 fault=none p60=-128 dp60=2 pwm=0 ball=80.33 vball=8.78 aball=118.4 bref=50.00 pid=140.0 apid=118.4 integ=-0.0 vision=1 current=1 vframe=431 vs=1 vage=53 vpage=53 vdt=36 vmax=144 vacc=430 vrej=0 seq=0 elapsed=0 oled=3C
[   8343] STATUS mode=3 fault=none p60=-122 dp60=1 pwm=0 ball=80.33 vball=8.78 aball=118.4 bref=50.00 pid=140.0 apid=118.4 integ=-0.0 vision=1 current=1 vframe=431 vs=1 vage=73 vpage=73 vdt=3
[   8343] >>> stop
[   8343] 6 vmax=144 vacc=430 vrej=0 seq=0 elapsed=0 oled=3C
[   8343] OK stopped
[   8375] STATUS mode=1 fault=none p60=-117 dp60=0 pwm=0 ball=80.65 vball=7.57 aball=118.4 bref=50.00 pid=140.0 apid=118.4 integ=-0.0 vision=1 current=1 vframe=433 vs=1 vage=1 vpage=1 vdt=10 vmax=144 vacc=432 vrej=0 seq=0 elapsed=0 oled=3C
[   8391] STATUS mode=1 fault=none p60=-118 dp60=0 pwm=0 ball=80.38 vball=4.30 aball=118.4 bref=50.00 pid=140.0 apid=118.4 integ=-0.0 vision=1 current=1 vframe=434 vs=1 vage=3 vpage=3 vdt=18 vmax=144 vacc=433 vrej=0 seq=0 elapsed=0 oled=3C
[   8407] STATUS mode=1 fault=none p60=-121 dp60=-1 pwm=0 ball=80.38 vball=4.30 aball=118.4 bref=50.00 pid=140.0 apid=118.4 integ=-0.0 vision=1 current=1 vframe=434 vs=1 vage=23 vpage=23 vdt=18 vmax=144 vacc=433 vrej=0 seq=0 elapsed=0 oled=3C
[   8422] STATUS mode=1 fault=none p60=-122 dp60=0 pwm=0 ball=80.17 vball=2.62 aball=118.4 bref=50.00 pid=140.0 apid=118.4 integ=-0.0 vision=1 current=1 vframe=435 vs=1 vage=8 vpage=8 vdt=35 vmax=144 vacc=434 vrej=0 seq=0 elapsed=0 oled=3C
[   8452] STATUS mode=1 fault=none p60=-121 dp60=1 pwm=0 ball=80.17 vball=2.62 aball=118.4 bref=50.00 pid=140.0 apid=118.4 integ=-0.0 vision=1 current=1 vframe=435 vs=1 vage=28 vpage=28 vdt=35 vmax=144 vacc=434 vrej=0 seq=0 elapsed=0 oled=3C
[   8468] STATUS mode=1 fault=none p60=-121 dp60=0 pwm=0 ball=80.17 vball=2.62 aball=118.4 bref=50.00 pid=140.0 apid=118.4 integ=-0.0 vision=1 current=1 vframe=435 vs=1 vage=48 vpage=48 vdt=35 vmax=144 vacc=434 vrej=0 seq=0 elapsed=0 oled=3C
[   8484] STATUS mode=1 fault=none p60=-121 dp60=0 pwm=0 ball=80.17 vball=2.62 aball=118.4 bref=50.00 pid=140.0 apid=118.4 integ=-0.0 vision=1 current=1 vframe=435 vs=1 vage=68 vpage=68 vdt=35 vmax=144 vacc=434 vrej=0 seq=0 elapsed=0 oled=3C
[   8516] STATUS mode=1 fault=none p60=-121 dp60=0 pwm=0 ball=80.17 vball=2.62 aball=118.4 bref=50.00 pid=140.0 apid=118.4 integ=-0.0 vision=1 current=1 vframe=435 vs=1 vage=88 vpage=88 vdt=35 vmax=144 vacc=434 vrej=0 seq=0 elapsed=0 oled=3C
[   8532] STATUS mode=1 fault=none p60=-121 dp60=0 pwm=0 ball=80.18 vball=2.12 aball=118.4 bref=50.00 pid=140.0 apid=118.4 integ=-0.0 vision=1 current=1 vframe=436 vs=1 vage=8 vpage=8 vdt=100 vmax=144 vacc=435 vrej=0 seq=0 elapsed=0 oled=3C
[   8547] STATUS mode=1 fault=none p60=-121 dp60=0 pwm=0 ball=80.18 vball=2.12 aball=118.4 bref=50.00 pid=140.0 apid=118.4 integ=-0.0 vision=1 current=1 vframe=436 vs=1 vage=28 vpage=28 vdt=100 vmax=144 vacc=435 vrej=0 seq=0 elapsed=0 oled=3C
[   8577] STATUS mode=1 fault=none p60=-121 dp60=0 pwm=0 ball=80.34 vball=2.27 aball=118.4 bref=50.00 pid=140.0 apid=118.4 integ=-0.0 vision=1 current=1 vframe=437 vs=1 vage=14 vpage=14 vdt=34 vmax=144 vacc=436 vrej=0 seq=0 elapsed=0 oled=3C
[   8593] STATUS mode=1 fault=none p60=-121 dp60=0 pwm=0 ball=80.34 vball=2.27 aball=118.4 bref=50.00 pid=140.0 apid=118.4 integ=-0.0 vision=1 current=1 vframe=437 vs=1 vage=34 vpage=34 vdt=34 vmax=144 vacc=436 vrej=0 seq=0 elapsed=0 oled=3C
[   8609] STATUS mode=1 fault=none p60=-121 dp60=0 pwm=0 ball=80.34 vball=2.27 aball=118.4 bref=50.00 pid=140.0 apid=118.4 integ=-0.0 vision=1 current=1 vframe=437 vs=1 vage=54 vpage=54 vdt=34 vmax=144 vacc=436 vrej=0 seq=0 elapsed=0 oled=3C
[   8625] STATUS mode=1 fault=none p60=-121 dp60=0 pwm=0 ball=80.34 vball=2.27 aball=118.4 bref=50.00 pid=140.0 apid=118.4 integ=-0.0 vision=1 current=1 vframe=437 vs=1 vage=74 vpage=74 vdt=34 vmax=144 vacc=436 vrej=0 seq=0 elapsed=0 oled=3C
[   8657] STATUS mode=1 fault=none p60=-121 dp60=0 pwm=0 ball=80.34 vball=2.27 aball=118.4 bref=50.00 pid=140.0 apid=118.4 integ=-0.0 vision=1 current=1 vframe=437 vs=1 vage=94 vpage=94 vdt=34 vmax=144 vacc=436 vrej=0 seq=0 elapsed=0 oled=3C
[   8672] STATUS mode=1 fault=none p60=-121 dp60=0 pwm=0 ball=80.48 vball=2.18 aball=118.4 bref=50.00 pid=140.0 apid=118.4 integ=-0.0 vision=1 current=1 vframe=439 vs=1 vage=3 vpage=3 vdt=9 vmax=144 vacc=438 vrej=0 seq=0 elapsed=0 oled=3C
[   8688] STATUS mode=1 fault=none p60=-121 dp60=0 pwm=0 ball=80.48 vball=2.18 aball=118.4 bref=50.00 pid=140.0 apid=118.4 integ=-0.0 vision=1 current=1 vframe=439 vs=1 vage=23 vpage=23 vdt=9 vmax=144 vacc=438 vrej=0 seq=0 elapsed=0 oled=3C
[   8718] STATUS mode=1 fault=none p60=-121 dp60=0 pwm=0 ball=80.16 vball=-0.21 aball=118.4 bref=50.00 pid=140.0 apid=118.4 integ=-0.0 vision=1 current=1 vframe=440 vs=1 vage=20 vpage=20 vdt=23 vmax=144 vacc=439 vrej=0 seq=0 elapsed=0 oled=3C
[   8734] STATUS mode=1 fault=none p60=-121 dp60=0 pwm=0 ball=80.43 vball=1.18 aball=118.4 bref=50.00 pid=140.0 apid=118.4 integ=-0.0 vision=1 current=1 vframe=441 vs=1 vage=7 vpage=7 vdt=33 vmax=144 vacc=440 vrej=0 seq=0 elapsed=0 oled=3C
[   8750] STATUS mode=1 fault=none p60=-121 dp60=0 pwm=0 ball=80.43 vball=1.18 aball=118.4 bref=50.00 pid=140.0 apid=118.4 integ=-0.0 vision=1 current=1 vframe=441 vs=1 vage=27 vpage=27 vdt=33 vmax=144 vacc=440 vrej=0 seq=0 elapsed=0 oled=3C
[   8766] STATUS mode=1 fault=none p60=-121 dp60=0 pwm=0 ball=80.43 vball=1.18 aball=118.4 bref=50.00 pid=140.0 apid=118.4 integ=-0.0 vision=1 current=1 vframe=441 vs=1 vage=47 vpage=47 vdt=33 vmax=144 vacc=440 vrej=0 seq=0 elapsed=0 oled=3C
[   8797] STATUS mode=1 fault=none p60=-121 dp60=0 pwm=0 ball=80.43 vball=1.18 aball=118.4 bref=50.00 pid=140.0 apid=118.4 integ=-0.0 vision=1 current=1 vframe=441 vs=1 vage=67 vpage=67 vdt=33 vmax=144 vacc=440 vrej=0 seq=0 elapsed=0 oled=3C
[   8813] STATUS mode=1 fault=none p60=-121 dp60=0 pwm=0 ball=80.43 vball=1.18 aball=118.4 bref=50.00 pid=140.0 apid=118.4 integ=-0.0 vision=1 current=1 vframe=441 vs=1 vage=87 vpage=87 vdt=33 vmax=144 vacc=440 vrej=0 seq=0 elapsed=0 oled=3C
[   8827] STATUS mode=1 fault=none p60=-121 dp60=0 pwm=0 ball=80.24 vball=0.86 aball=118.4 bref=50.00 pid=140.0 apid=118.4 integ=-0.0 vision=1 current=1 vframe=442 vs=1 vage=11 vpage=11 vdt=96 vmax=144 vacc=441 vrej=0 seq=0 elapsed=0 oled=3C
[   8859] STATUS mode=1 fault=none p60=-121 dp60=0 pwm=0 ball=80.16 vball=0.17 aball=118.4 bref=50.00 pid=140.0 apid=118.4 integ=-0.0 vision=1 current=1 vframe=443 vs=1 vage=11 vpage=11 vdt=20 vmax=144 vacc=442 vrej=0 seq=0 elapsed=0 oled=3C
[   8875] STATUS mode=1 fault=none p60=-121 dp60=0 pwm=0 ball=80.16 vball=0.17 aball=118.4 bref=50.00 pid=140.0 apid=118.4 integ=-0.0 vision=1 current=1 vframe=443 vs=1 vage=31 vpage=31 vdt=20 vmax=144 vacc=442 vrej=0 seq=0 elapsed=0 oled=3C
[   8891] STATUS mode=1 fault=none p60=-121 dp60=0 pwm=0 ball=80.15 vball=0.11 aball=118.4 bref=50.00 pid=140.0 apid=118.4 integ=-0.0 vision=1 current=1 vframe=444 vs=1 vage=18 vpage=18 vdt=33 vmax=144 vacc=443 vrej=0 seq=0 elapsed=0 oled=3C
[   8922] STATUS mode=1 fault=none p60=-121 dp60=0 pwm=0 ball=80.15 vball=0.11 aball=118.4 bref=50.00 pid=140.0 apid=118.4 integ=-0.0 vision=1 current=1 vframe=444 vs=1 vage=38 vpage=38 vdt=33 vmax=144 vacc=443 vrej=0 seq=0 elapsed=0 oled=3C
[   8938] STATUS mode=1 fault=none p60=-121 dp60=0 pwm=0 ball=80.15 vball=0.11 aball=118.4 bref=50.00 pid=140.0 apid=118.4 integ=-0.0 vision=1 current=1 vframe=444 vs=1 vage=58 vpage=58 vdt=33 vmax=144 vacc=443 vrej=0 seq=0 elapsed=0 oled=3C
[   8952] STATUS mode=1 fault=none p60=-121 dp60=0 pwm=0 ball=80.15 vball=0.11 aball=118.4 bref=50.00 pid=140.0 apid=118.4 in
[   8952] >>> status
[   8952] teg=-0.0 vision=1 current=1 vframe=444 vs=1 vage=78 vpage=78 vdt=33 vmax=144 vacc=443 vrej=0 seq=0 elapsed=0 oled=3C
[   8968] STATUS mode=1 fault=none p60=-121 dp60=0 pwm=0 ball=80.15 vball=0.09 aball=118.4 bref=50.00 pid=140.0 apid=118.4 integ=-0.0 vision=1 current=1 vframe=445 vs=1 vage=2 vpage=2 vdt=96 vmax=144 vacc=444 vrej=0 seq=0 elapsed=0 oled=3C
[   9000] STATUS mode=1 fault=none p60=-121 dp60=0 pwm=0 ball=80.15 vball=0.09 aball=118.4 bref=50.00 pid=140.0 apid=118.4 integ=-0.0 vision=1 current=1 vframe=445 vs=1 vage=22 vpage=22 vdt=96 vmax=144 vacc=444 vrej=0 seq=0 elapsed=0 oled=3C
[   9016] STATUS mode=1 fault=none p60=-121 dp60=0 pwm=0 ball=80.15 vball=0.09 aball=118.4 bref=50.00 pid=140.0 apid=118.4 integ=-0.0 vision=1 current=1 vframe=445 vs=1 vage=42 vpage=42 vdt=96 vmax=144 vacc=444 vrej=0 seq=0 elapsed=0 oled=3C
[   9032] STATUS mode=1 fault=none p60=-121 dp60=0 pwm=0 ball=80.15 vball=0.06 aball=118.4 bref=50.00 pid=140.0 apid=118.4 integ=-0.0 vision=1 current=1 vframe=446 vs=1 vage=7 vpage=7 vdt=55 vmax=144 vacc=445 vrej=0 seq=0 elapsed=0 oled=3C
[   9063] STATUS mode=1 fault=none p60=-121 dp60=0 pwm=0 ball=80.15 vball=0.05 aball=118.4 bref=50.00 pid=140.0 apid=118.4 integ=-0.0 vision=1 current=1 vframe=447 vs=1 vage=15 vpage=15 vdt=12 vmax=144 vacc=446 vrej=0 seq=0 elapsed=0 oled=3C
[   9077] STATUS mode=1 fault=none p60=-121 dp60=0 pwm=0 ball=80.15 vball=0.05 aball=118.4 bref=50.00 pid=140.0 apid=118.4 integ=-0.0 vision=1 current=1 vframe=447 vs=1 vage=35 vpage=35 vdt=12 vmax=144 vacc=446 vrej=0 seq=0 elapsed=0 oled=3C
[   9093] STATUS mode=1 fault=none p60=-121 dp60=0 pwm=0 ball=80.15 vball=0.05 aball=118.4 bref=50.00 pid=140.0 apid=118.4 integ=-0.0 vision=1 current=1 vframe=447 vs=1 vage=55 vpage=55 vdt=12 vmax=144 vacc=446 vrej=0 seq=0 elapsed=0 oled=3C
[   9125] STATUS mode=1 fault=none p60=-121 dp60=0 pwm=0 ball=80.15 vball=0.05 aball=118.4 bref=50.00 pid=140.0 apid=118.4 integ=-0.0 vision=1 current=1 vframe=447 vs=1 vage=75 vpage=75 vdt=12 vmax=144 vacc=446 vrej=0 seq=0 elapsed=0 oled=3C
[   9141] STATUS mode=1 fault=none p60=-121 dp60=0 pwm=0 ball=80.16 vball=0.10 aball=118.4 bref=50.00 pid=140.0 apid=118.4 integ=-0.0 vision=1 current=1 vframe=448 vs=1 vage=1 vpage=1 vdt=94 vmax=144 vacc=447 vrej=0 seq=0 elapsed=0 oled=3C
[   9157] STATUS mode=1 fault=none p60=-121 dp60=0 pwm=0 ball=80.37 vball=0.31 aball=118.4 bref=50.00 pid=140.0 apid=118.4 integ=-0.0 vision=1 current=1 vframe=449 vs=1 vage=13 vpage=13 vdt=8 vmax=144 vacc=448 vrej=0 seq=0 elapsed=0 oled=3C
[   9172] STATUS mode=1 fault=none p60=-121 dp60=0 pwm=0 ball=80.37 vball=0.31 aball=118.4 bref=50.00 pid=140.0 apid=118.4 integ=-0.0 vision=1 current=1 vframe=449 vs=1 vage=33 vpage=33 vdt=8 vmax=144 vacc=448 vrej=0 seq=0 elapsed=0 oled=3C
[   9202] STATUS mode=1 fault=none p60=-121 dp60=0 pwm=0 ball=80.18 vball=-1.27 aball=118.4 bref=50.00 pid=140.0 apid=118.4 integ=-0.0 vision=1 current=1 vframe=450 vs=1 vage=18 vpage=18 vdt=35 vmax=144 vacc=449 vrej=0 seq=0 elapsed=0 oled=3C
[   9218] STATUS mode=1 fault=none p60=-121 dp60=0 pwm=0 ball=80.18 vball=-1.27 aball=118.4 bref=50.00 pid=140.0 apid=118.4 integ=-0.0 vision=1 current=1 vframe=450 vs=1 vage=38 vpage=38 vdt=35 vmax=144 vacc=449 vrej=0 seq=0 elapsed=0 oled=3C
[   9234] STATUS mode=1 fault=none p60=-121 dp60=0 pwm=0 ball=80.18 vball=-1.27 aball=118.4 bref=50.00 pid=140.0 apid=118.4 integ=-0.0 vision=1 current=1 vframe=450 vs=1 vage=58 vpage=58 vdt=35 vmax=144 vacc=449 vrej=0 seq=0 elapsed=0 oled=3C
[   9266] STATUS mode=1 fault=none p60=-121 dp60=0 pwm=0 ball=80.18 vball=-1.27 aball=118.4 bref=50.00 pid=140.0 apid=118.4 integ=-0.0 vision=1 current=1 vframe=450 vs=1 vage=78 vpage=78 vdt=35 vmax=144 vacc=449 vrej=0 seq=0 elapsed=0 oled=3C
[   9282] STATUS mode=1 fault=none p60=-121 dp60=0 pwm=0 ball=80.18 vball=-1.27 aball=118.4 bref=50.00 pid=140.0 apid=118.4 integ=-0.0 vision=1 current=1 vframe=450 vs=1 vage=98 vpage=98 vdt=35 vmax=144 vacc=449 vrej=0 seq=0 elapsed=0 oled=3C
[   9297] STATUS mode=1 fault=none p60=-121 dp60=0 pwm=0 ball=80.22 vball=-0.66 aball=118.4 bref=50.00 pid=140.0 apid=118.4 integ=-0.0 vision=1 current=1 vframe=452 vs=1 vage=4 vpage=4 vdt=9 vmax=144 vacc=451 vrej=0 seq=0 elapsed=0 oled=3C
[   9313] STATUS mode=1 fault=none p60=-121 dp60=0 pwm=0 ball=80.23 vball=-0.52 aball=118.4 bref=50.00 pid=140.0 apid=118.4 integ=-0.0 vision=1 current=1 vframe=453 vs=1 vage=2 vpage=2 vdt=22 vmax=144 vacc=452 vrej=0 seq=0 elapsed=0 oled=3C
[   9343] STATUS mode=1 fault=none p60=-121 dp60=0 pwm=0 ball=80.23 vball=-0.52 aball=118.4 bref=50.00 pid=140.0 apid=118.4 integ=-0.0 vision=1 current=1 vframe=453 vs=1 vage=22 vpage=22 vdt=22 vmax=144 vacc=452 vrej=0 seq=0 elapsed=0 oled=3C
[   9359] STATUS mode=1 fault=none p60=-121 dp60=0 pwm=0 ball=80.15 vball=-0.81 aball=118.4 bref=50.00 pid=140.0 apid=118.4 integ=-0.0 vision=1 current=1 vframe=454 vs=1 vage=10 vpage=10 vdt=32 vmax=144 vacc=453 vrej=0 seq=0 elapsed=0 oled=3C
[   9375] STATUS mode=1 fault=none p60=-121 dp60=0 pwm=0 ball=80.15 vball=-0.81 aball=118.4 bref=50.00 pid=140.0 apid=118.4 integ=-0.0 vision=1 current=1 vframe=454 vs=1 vage=30 vpage=30 vdt=32 vmax=144 vacc=453 vrej=0 seq=0 elapsed=0 oled=3C
[   9407] STATUS mode=1 fault=none p60=-121 dp60=0 pwm=0 ball=80.15 vball=-0.81 aball=118.4 bref=50.00 pid=140.0 apid=118.4 integ=-0.0 vision=1 current=1 vframe=454 vs=1 vage=50 vpage=50 vdt=32 vmax=144 vacc=453 vrej=0 seq=0 elapsed=0 oled=3C
[   9422] STATUS mode=1 fault=none p60=-121 dp60=0 pwm=0 ball=80.15 vball=-0.81 aball=118.4 bref=50.00 pid=140.0 apid=118.4 integ=-0.0 vision=1 current=1 vframe=454 vs=1 vage=70 vpage=70 vdt=32 vmax=144 vacc=453 vrej=0 seq=0 elapsed=0 oled=3C
[   9438] STATUS mode=1 fault=none p60=-121 dp60=0 pwm=0 ball=80.15 vball=-0.81 aball=118.4 bref=50.00 pid=140.0 apid=118.4 integ=-0.0 vision=1 current=1 vframe=454 vs=1 vage=90 vpage=90 vdt=32 vmax=144 vacc=453 vrej=0 seq=0 elapsed=0 oled=3C
[   9468] STATUS mode=1 fault=none p60=-121 dp60=0 pwm=0 ball=80.13 vball=-0.73 aball=118.4 bref=50.00 pid=140.0 apid=118.4 integ=-0.0 vision=1 current=1 vframe=455 vs=1 vage=10 vpage=10 vdt=100 vmax=144 vacc=454 vrej=0 seq=0 elapsed=0 oled=3C
[   9484] STATUS mode=1 fault=none p60=-121 dp60=0 pwm=0 ball=80.13 vball=-0.73 aball=118.4 bref=50.00 pid=140.0 apid=118.4 integ=-0.0 vision=1 current=1 vframe=455 vs=1 vage=30 vpage=30 vdt=100 vmax=144 vacc=454 vrej=0 seq=0 elapsed=0 oled=3C
[   9500] STATUS mode=1 fault=none p60=-121 dp60=0 pwm=0 ball=80.14 vball=-0.55 aball=118.4 bref=50.00 pid=140.0 apid=118.4 integ=-0.0 vision=1 current=1 vframe=456 vs=1 vage=18 vpage=18 vdt=32 vmax=144 vacc=455 vrej=0 seq=0 elapsed=0 oled=3C
[   9516] STATUS mode=1 fault=none p60=-121 dp60=0 pwm=0 ball=80.14 vball=-0.45 aball=118.4 bref=50.00 pid=140.0 apid=118.4 integ=-0.0 vision=1 current=1 vframe=457 vs=1 vage=4 vpage=4 vdt=34 vmax=144 vacc=456 vrej=0 seq=0 elapsed=0 oled=3C
[   9547] STATUS mode=1 fault=none p60=-121 dp60=0 pwm=0 ball=80.14 vball=-0.45 aball=118.4 bref=50.00 pid=140.0 apid=118.4 integ=-0.0 vision=1 current=1 vframe=457 vs=1 vage=24 vpage=24 vdt=34 vmax=144 vacc=456 vrej=0 seq=0 elapsed=0 oled=3C
[   9563] STATUS mode=1 fault=none p60=-121 dp60=0 pwm=0 ball=80.14 vball=-0.45 aball=118.4 bref=50.00 pid=140.0 apid=118.4 integ=-0.0 vision=1 cu
[   9563] >>> stream off
[   9563] rrent=1 vframe=457 vs=1 vage=44 vpage=44 vdt=34 vmax=144 vacc=456 vrej=0 seq=0 elapsed=0 oled=3C
[   9563] OK stream off
