[      0] >>> bench on
[      0] OK visual-only bench active; use zero before motor tests
[    625] >>> stop
[    625] OK stopped
[   1250] >>> gain ball 1.5 0.0 7.5 -1
[   1264] OK ball gains kp=1.500 ki=0.000 kd=7.500 sign=-1
[   1875] >>> gain accel 1.0
[   1875] OK ball acceleration gain ka=1.000
[   2500] >>> limit pwm 140
[   2500] OK beam PWM limit=140
[   3125] >>> stream on 20
[   3125] OK stream on 20 ms
[   3171] STATUS mode=1 fault=none p60=0 dp60=0 pwm=0 ball=26.30 vball=-0.06 aball=0.0 bref=0.00 pid=0.0 apid=0.0 integ=0.0 vision=1 current=1 vframe=464 vs=1 vage=12 vpage=12 vdt=33 vmax=170 vacc=462 vrej=0 seq=0 elapsed=0 oled=3C
[   3186] STATUS mode=1 fault=none p60=0 dp60=0 pwm=0 ball=26.30 vball=-0.06 aball=0.0 bref=0.00 pid=0.0 apid=0.0 integ=0.0 vision=1 current=1 vframe=464 vs=1 vage=32 vpage=32 vdt=33 vmax=170 vacc=462 vrej=0 seq=0 elapsed=0 oled=3C
[   3202] STATUS mode=1 fault=none p60=0 dp60=0 pwm=0 ball=26.30 vball=-0.06 aball=0.0 bref=0.00 pid=0.0 apid=0.0 integ=0.0 vision=1 current=1 vframe=464 vs=1 vage=52 vpage=52 vdt=33 vmax=170 vacc=462 vrej=0 seq=0 elapsed=0 oled=3C
[   3218] STATUS mode=1 fault=none p60=0 dp60=0 pwm=0 ball=26.30 vball=-0.06 aball=0.0 bref=0.00 pid=0.0 apid=0.0 integ=0.0 vision=1 current=1 vframe=464 vs=1 vage=72 vpage=72 vdt=33 vmax=170 vacc=462 vrej=0 seq=0 elapsed=0 oled=3C
[   3250] STATUS mode=1 fault=none p60=0 dp60=0 pwm=0 ball=26.30 vball=-0.06 aball=0.0 bref=0.00 pid=0.0 apid=0.0 integ=0.0 vision=1 current=1 vframe=464 vs=1 vage=92 vpage=92 vdt=33 vmax=170 vacc=462 vrej=0 seq=0 elapsed=0 oled=3C
[   3264] STATUS mode=1 fault=none p60=0 dp60=0 pwm=0 ball=26.29 vball=-0.05 aball=0.0 bref=0.00 pid=0.0 apid=0.0 integ=0.0 vision=1 current=1 vframe=465 vs=1 vage=20 vpage=20 vdt=92 vmax=170 vacc=463 vrej=0 seq=0 elapsed=0 oled=3C
[   3280] STATUS mode=1 fault=none p60=0 dp60=0 pwm=0 ball=26.27 vball=-0.22 aball=0.0 bref=0.00 pid=0.0 apid=0.0 integ=0.0 vision=1 current=1 vframe=466 vs=1 vage=14 vpage=14 vdt=26 vmax=170 vacc=464 vrej=0 seq=0 elapsed=0 oled=3C
[   3311] STATUS mode=1 fault=none p60=0 dp60=0 pwm=0 ball=26.31 vball=0.02 aball=0.0 bref=0.00 pid=0.0 apid=0.0 integ=0.0 vision=1 current=1 vframe=467 vs=1 vage=2 vpage=2 vdt=32 vmax=170 vacc=465 vrej=0 seq=0 elapsed=0 oled=3C
[   3327] STATUS mode=1 fault=none p60=0 dp60=0 pwm=0 ball=26.31 vball=0.02 aball=0.0 bref=0.00 pid=0.0 apid=0.0 integ=0.0 vision=1 current=1 vframe=467 vs=1 vage=22 vpage=22 vdt=32 vmax=170 vacc=465 vrej=0 seq=0 elapsed=0 oled=3C
[   3343] STATUS mode=1 fault=none p60=0 dp60=0 pwm=0 ball=26.31 vball=0.02 aball=0.0 bref=0.00 pid=0.0 apid=0.0 integ=0.0 vision=1 current=1 vframe=467 vs=1 vage=42 vpage=42 vdt=32 vmax=170 vacc=465 vrej=0 seq=0 elapsed=0 oled=3C
[   3358] STATUS mode=1 fault=none p60=0 dp60=0 pwm=0 ball=26.31 vball=0.02 aball=0.0 bref=0.00 pid=0.0 apid=0.0 integ=0.0 vision=1 current=1 vframe=467 vs=1 vage=62 vpage=62 vdt=32 vmax=170 vacc=465 vrej=0 seq=0 elapsed=0 oled=3C
[   3389] STATUS mode=1 fault=none p60=0 dp60=0 pwm=0 ball=26.31 vball=0.02 aball=0.0 bref=0.00 pid=0.0 apid=0.0 integ=0.0 vision=1 current=1 vframe=467 vs=1 vage=82 vpage=82 vdt=32 vmax=170 vacc=465 vrej=0 seq=0 elapsed=0 oled=3C
[   3405] STATUS mode=1 fault=none p60=0 dp60=0 pwm=0 ball=26.33 vball=0.08 aball=0.0 bref=0.00 pid=0.0 apid=0.0 integ=0.0 vision=1 current=1 vframe=468 vs=1 vage=8 vpage=8 vdt=94 vmax=170 vacc=466 vrej=0 seq=0 elapsed=0 oled=3C
[   3421] STATUS mode=1 fault=none p60=0 dp60=0 pwm=0 ball=26.34 vball=0.15 aball=0.0 bref=0.00 pid=0.0 apid=0.0 integ=0.0 vision=1 current=1 vframe=469 vs=1 vage=6 vpage=6 vdt=22 vmax=170 vacc=467 vrej=0 seq=0 elapsed=0 oled=3C
[   3436] STATUS mode=1 fault=none p60=0 dp60=0 pwm=0 ball=26.34 vball=0.15 aball=0.0 bref=0.00 pid=0.0 apid=0.0 integ=0.0 vision=1 current=1 vframe=469 vs=1 vage=26 vpage=26 vdt=22 vmax=170 vacc=467 vrej=0 seq=0 elapsed=0 oled=3C
[   3468] STATUS mode=1 fault=none p60=0 dp60=0 pwm=0 ball=26.43 vball=0.56 aball=0.0 bref=0.00 pid=0.0 apid=0.0 integ=0.0 vision=1 current=1 vframe=470 vs=1 vage=12 vpage=12 vdt=34 vmax=170 vacc=468 vrej=0 seq=0 elapsed=0 oled=3C
[   3483] STATUS mode=1 fault=none p60=0 dp60=0 pwm=0 ball=26.43 vball=0.56 aball=0.0 bref=0.00 pid=0.0 apid=0.0 integ=0.0 vision=1 current=1 vframe=470 vs=1 vage=32 vpage=32 vdt=34 vmax=170 vacc=468 vrej=0 seq=0 elapsed=0 oled=3C
[   3500] STATUS mode=1 fault=none p60=0 dp60=0 pwm=0 ball=26.43 vball=0.56 aball=0.0 bref=0.00 pid=0.0 apid=0.0 integ=0.0 vision=1 current=1 vframe=470 vs=1 vage=52 vpage=52 vdt=34 vmax=170 vacc=468 vrej=0 seq=0 elapsed=0 oled=3C
[   3530] STATUS mode=1 fault=none p60=0 dp60=0 pwm=0 ball=26.43 vball=0.56 aball=0.0 bref=0.00 pid=0.0 apid=0.0 integ=0.0 vision=1 current=1 vframe=470 vs=1 vage=72 vpage=72 vdt=34 vmax=170 vacc=468 vrej=0 seq=0 elapsed=0 oled=3C
[   3546] STATUS mode=1 fault=none p60=0 dp60=0 pwm=0 ball=26.43 vball=0.56 aball=0.0 bref=0.00 pid=0.0 apid=0.0 integ=0.0 vision=1 current=1 vframe=470 vs=1 vage=92 vpage=92 vdt=34 vmax=170 vacc=468 vrej=0 seq=0 elapsed=0 oled=3C
[   3561] STATUS mode=1 fault=none p60=0 dp60=0 pwm=0 ball=26.47 vball=0.60 aball=0.0 bref=0.00 pid=0.0 apid=0.0 integ=0.0 vision=1 current=1 vframe=471 vs=1 vage=17 vpage=17 vdt=95 vmax=170 vacc=469 vrej=0 seq=0 elapsed=0 oled=3C
[   3577] STATUS mode=1 fault=none p60=0 dp60=0 pwm=0 ball=26.46 vball=0.44 aball=0.0 bref=0.00 pid=0.0 apid=0.0 integ=0.0 vision=1 current=1 vframe=472 vs=1 vage=15 vpage=15 vdt=22 vmax=170 vacc=470 vrej=0 seq=0 elapsed=0 oled=3C
[   3608] STATUS mode=1 fault=none p60=0 dp60=0 pwm=0 ball=26.46 vball=0.37 aball=0.0 bref=0.00 pid=0.0 apid=0.0 integ=0.0 vision=1 current=1 vframe=473 vs=1 vage=2 vpage=2 vdt=33 vmax=170 vacc=471 vrej=0 seq=0 elapsed=0 oled=3C
[   3625] STATUS mode=1 fault=none p60=0 dp60=0 pwm=0 ball=26.46 vball=0.37 aball=0.0 bref=0.00 pid=0.0 apid=0.0 integ=0.0 vision=1 current=1 vframe=473 vs=1 vage=22 vpage=22 vdt=33 vmax=170 vacc=471 vrej=0 seq=0 elapsed=0 oled=3C
[   3639] STATUS mode=1 fault=none p60=0 dp60=0 pwm=0 ball=26.46 vball=0.37 aball=0.0 bref=0.00 pid=0.0 apid=0.0 integ=0.0 vision=1 current=1 vframe=473 vs=1 vage=42 vpage=42 vdt=33 vmax=170 vacc=471 vrej=0 seq=0 elapsed=0 oled=3C
[   3671] STATUS mode=1 fault=none p60=0 dp60=0 pwm=0 ball=26.46 vball=0.37 aball=0.0 bref=0.00 pid=0.0 apid=0.0 integ=0.0 vision=1 current=1 vframe=473 vs=1 vage=62 vpage=62 vdt=33 vmax=170 vacc=471 vrej=0 seq=0 elapsed=0 oled=3C
[   3686] STATUS mode=1 fault=none p60=0 dp60=0 pwm=0 ball=26.46 vball=0.37 aball=0.0 bref=0.00 pid=0.0 apid=0.0 integ=0.0 vision=1 current=1 vframe=473 vs=1 vage=82 vpage=82 vdt=33 vmax=170 vacc=471 vrej=0 seq=0 elapsed=0 oled=3C
[   3702] STATUS mode=1 fault=none p60=0 dp60=0 pwm=0 ball=26.07 vball=-1.09 aball=0.0 bref=0.00 pid=0.0 apid=0.0 integ=0.0 vision=1 current=1 vframe=474 vs=1 vage=8 vpage=8 vdt=94 vmax=170 vacc=472 vrej=0 seq=0 elapsed=0 oled=3C
[   3718] STATUS mode=1 fault=none p60=0 dp60=0 pwm=0 ball=26.31 vball=0.90 aball=0.0 bref=0.00 pid=0.0 apid=0.0 integ=0.0 vision=1 current=1 vframe=475 vs=1 vage=5 vpage=5 vdt=23 vmax=170 vacc=473 vrej=0 seq=0 elapsed=0 oled=3C
[   3733] STATUS mode
[   3733] >>> ball 50
[   3750] =1 fault=none p60=0 dp60=0 pwm=0 ball=26.31 vball=0.90 aball=0.0 bref=0.00 pid=0.0 apid=0.0 integ=0.0 vision=1 current=1 vframe=475 vs=1 vage=25 vpage=25 vdt=23 vmax=170 vacc=473 vrej=0 seq=0 elapsed=0 oled=3C
[   3750] OK visual PWM ball target=50.00 mm
[   3764] STATUS mode=3 fault=none p60=0 dp60=0 pwm=-116 ball=26.36 vball=0.94 aball=0.2 bref=50.00 pid=-28.2 apid=0.2 integ=-0.0 vision=1 current=1 vframe=476 vs=1 vage=12 vpage=12 vdt=33 vmax=170 vacc=474 vrej=0 seq=0 elapsed=0 oled=3C
[   3780] STATUS mode=3 fault=none p60=-2 dp60=0 pwm=0 ball=26.36 vball=0.94 aball=0.2 bref=50.00 pid=-28.2 apid=0.2 integ=-0.0 vision=1 current=1 vframe=476 vs=1 vage=32 vpage=32 vdt=33 vmax=170 vacc=474 vrej=0 seq=0 elapsed=0 oled=3C
[   3811] STATUS mode=3 fault=none p60=-2 dp60=0 pwm=0 ball=26.36 vball=0.94 aball=0.2 bref=50.00 pid=-28.2 apid=0.2 integ=-0.0 vision=1 current=1 vframe=476 vs=1 vage=52 vpage=52 vdt=33 vmax=170 vacc=474 vrej=0 seq=0 elapsed=0 oled=3C
[   3827] STATUS mode=3 fault=none p60=-1 dp60=0 pwm=-116 ball=26.36 vball=0.94 aball=0.2 bref=50.00 pid=-28.2 apid=0.2 integ=-0.0 vision=1 current=1 vframe=476 vs=1 vage=72 vpage=72 vdt=33 vmax=170 vacc=474 vrej=0 seq=0 elapsed=0 oled=3C
[   3843] STATUS mode=3 fault=none p60=-2 dp60=0 pwm=0 ball=26.36 vball=0.94 aball=0.2 bref=50.00 pid=-28.2 apid=0.2 integ=-0.0 vision=1 current=1 vframe=476 vs=1 vage=92 vpage=92 vdt=33 vmax=170 vacc=474 vrej=0 seq=0 elapsed=0 oled=3C
[   3875] STATUS mode=3 fault=none p60=-1 dp60=1 pwm=0 ball=26.16 vball=0.51 aball=-0.5 bref=50.00 pid=-32.5 apid=-0.5 integ=-0.0 vision=1 current=1 vframe=477 vs=1 vage=18 vpage=18 vdt=94 vmax=170 vacc=475 vrej=0 seq=0 elapsed=0 oled=3C
[   3889] STATUS mode=3 fault=none p60=-1 dp60=0 pwm=-120 ball=26.00 vball=-0.73 aball=-8.5 bref=50.00 pid=-50.0 apid=-8.5 integ=-0.0 vision=1 current=1 vframe=478 vs=1 vage=15 vpage=15 vdt=23 vmax=170 vacc=476 vrej=0 seq=0 elapsed=0 oled=3C
[   3905] STATUS mode=3 fault=none p60=-3 dp60=0 pwm=0 ball=25.96 vball=-0.79 aball=-8.5 bref=50.00 pid=-50.0 apid=-8.5 integ=-0.0 vision=1 current=1 vframe=479 vs=1 vage=2 vpage=2 vdt=33 vmax=170 vacc=477 vrej=0 seq=0 elapsed=0 oled=3C
[   3921] STATUS mode=3 fault=none p60=-3 dp60=0 pwm=-120 ball=25.96 vball=-0.79 aball=-7.5 bref=50.00 pid=-49.5 apid=-7.5 integ=-0.0 vision=1 current=1 vframe=479 vs=1 vage=22 vpage=22 vdt=33 vmax=170 vacc=477 vrej=0 seq=0 elapsed=0 oled=3C
[   3952] STATUS mode=3 fault=none p60=-4 dp60=0 pwm=0 ball=25.96 vball=-0.79 aball=-7.5 bref=50.00 pid=-49.5 apid=-7.5 integ=-0.0 vision=1 current=1 vframe=479 vs=1 vage=42 vpage=42 vdt=33 vmax=170 vacc=477 vrej=0 seq=0 elapsed=0 oled=3C
[   3968] STATUS mode=3 fault=none p60=-6 dp60=0 pwm=0 ball=25.96 vball=-0.79 aball=-7.5 bref=50.00 pid=-49.5 apid=-7.5 integ=-0.0 vision=1 current=1 vframe=479 vs=1 vage=62 vpage=62 vdt=33 vmax=170 vacc=477 vrej=0 seq=0 elapsed=0 oled=3C
[   3983] STATUS mode=3 fault=none p60=-8 dp60=0 pwm=0 ball=25.96 vball=-0.79 aball=-7.5 bref=50.00 pid=-49.5 apid=-7.5 integ=-0.0 vision=1 current=1 vframe=479 vs=1 vage=82 vpage=82 vdt=33 vmax=170 vacc=477 vrej=0 seq=0 elapsed=0 oled=3C
[   4000] STATUS mode=3 fault=none p60=-9 dp60=0 pwm=-117 ball=26.31 vball=0.54 aball=-4.3 bref=50.00 pid=-35.8 apid=-4.3 integ=-0.0 vision=1 current=1 vframe=480 vs=1 vage=7 vpage=7 vdt=95 vmax=170 vacc=478 vrej=0 seq=0 elapsed=0 oled=3C
[   4030] STATUS mode=3 fault=none p60=-10 dp60=-1 pwm=0 ball=26.02 vball=-1.89 aball=-20.2 bref=50.00 pid=-70.4 apid=-20.2 integ=-0.0 vision=1 current=1 vframe=481 vs=1 vage=5 vpage=5 vdt=22 vmax=170 vacc=479 vrej=0 seq=0 elapsed=0 oled=3C
[   4046] STATUS mode=3 fault=none p60=-9 dp60=1 pwm=0 ball=26.02 vball=-1.89 aball=-20.2 bref=50.00 pid=-70.4 apid=-20.2 integ=-0.0 vision=1 current=1 vframe=481 vs=1 vage=25 vpage=25 vdt=22 vmax=170 vacc=479 vrej=0 seq=0 elapsed=0 oled=3C
[   4061] STATUS mode=3 fault=none p60=-10 dp60=-1 pwm=-125 ball=25.92 vball=-2.10 aball=-18.1 bref=50.00 pid=-70.0 apid=-18.1 integ=-0.0 vision=1 current=1 vframe=482 vs=1 vage=12 vpage=12 vdt=33 vmax=170 vacc=480 vrej=0 seq=0 elapsed=0 oled=3C
[   4093] STATUS mode=3 fault=none p60=-10 dp60=0 pwm=0 ball=25.92 vball=-2.10 aball=-18.1 bref=50.00 pid=-70.0 apid=-18.1 integ=-0.0 vision=1 current=1 vframe=482 vs=1 vage=32 vpage=32 vdt=33 vmax=170 vacc=480 vrej=0 seq=0 elapsed=0 oled=3C
[   4108] STATUS mode=3 fault=none p60=-11 dp60=-1 pwm=-125 ball=25.92 vball=-2.10 aball=-18.1 bref=50.00 pid=-70.0 apid=-18.1 integ=-0.0 vision=1 current=1 vframe=482 vs=1 vage=52 vpage=52 vdt=33 vmax=170 vacc=480 vrej=0 seq=0 elapsed=0 oled=3C
[   4125] STATUS mode=3 fault=none p60=-11 dp60=0 pwm=0 ball=25.92 vball=-2.10 aball=-18.1 bref=50.00 pid=-70.0 apid=-18.1 integ=-0.0 vision=1 current=1 vframe=482 vs=1 vage=72 vpage=72 vdt=33 vmax=170 vacc=480 vrej=0 seq=0 elapsed=0 oled=3C
[   4155] STATUS mode=3 fault=none p60=-10 dp60=1 pwm=0 ball=25.92 vball=-2.10 aball=-18.1 bref=50.00 pid=-70.0 apid=-18.1 integ=-0.0 vision=1 current=1 vframe=482 vs=1 vage=92 vpage=92 vdt=33 vmax=170 vacc=480 vrej=0 seq=0 elapsed=0 oled=3C
[   4171] STATUS mode=3 fault=none p60=-10 dp60=0 pwm=-123 ball=25.94 vball=-1.61 aball=-14.6 bref=50.00 pid=-62.8 apid=-14.6 integ=-0.0 vision=1 current=1 vframe=483 vs=1 vage=18 vpage=18 vdt=94 vmax=170 vacc=481 vrej=0 seq=0 elapsed=0 oled=3C
[   4186] STATUS mode=3 fault=none p60=-10 dp60=0 pwm=0 ball=25.97 vball=-1.13 aball=-9.7 bref=50.00 pid=-54.2 apid=-9.7 integ=-0.0 vision=1 current=1 vframe=484 vs=1 vage=12 vpage=12 vdt=26 vmax=170 vacc=482 vrej=0 seq=0 elapsed=0 oled=3C
[   4202] STATUS mode=3 fault=none p60=-10 dp60=0 pwm=-121 ball=25.98 vball=-0.93 aball=-9.7 bref=50.00 pid=-54.2 apid=-9.7 integ=-0.0 vision=1 current=1 vframe=485 vs=1 vage=2 vpage=2 vdt=30 vmax=170 vacc=483 vrej=0 seq=0 elapsed=0 oled=3C
[   4233] STATUS mode=3 fault=none p60=-11 dp60=0 pwm=0 ball=25.98 vball=-0.93 aball=-7.2 bref=50.00 pid=-50.2 apid=-7.2 integ=-0.0 vision=1 current=1 vframe=485 vs=1 vage=22 vpage=22 vdt=30 vmax=170 vacc=483 vrej=0 seq=0 elapsed=0 oled=3C
[   4250] STATUS mode=3 fault=none p60=-11 dp60=0 pwm=-120 ball=25.98 vball=-0.93 aball=-7.2 bref=50.00 pid=-50.2 apid=-7.2 integ=-0.0 vision=1 current=1 vframe=485 vs=1 vage=42 vpage=42 vdt=30 vmax=170 vacc=483 vrej=0 seq=0 elapsed=0 oled=3C
[   4264] STATUS mode=3 fault=none p60=-11 dp60=0 pwm=0 ball=25.98 vball=-0.93 aball=-7.2 bref=50.00 pid=-50.2 apid=-7.2 integ=-0.0 vision=1 current=1 vframe=485 vs=1 vage=62 vpage=62 vdt=30 vmax=170 vacc=483 vrej=0 seq=0 elapsed=0 oled=3C
[   4296] STATUS mode=3 fault=none p60=-11 dp60=0 pwm=0 ball=25.98 vball=-0.93 aball=-7.2 bref=50.00 pid=-50.2 apid=-7.2 integ=-0.0 vision=1 current=1 vframe=485 vs=1 vage=82 vpage=82 vdt=30 vmax=170 vacc=483 vrej=0 seq=0 elapsed=0 oled=3C
[   4311] STATUS mode=3 fault=none p60=-10 dp60=0 pwm=-120 ball=25.98 vball=-0.77 aball=-5.9 bref=50.00 pid=-47.7 apid=-5.9 integ=-0.0 vision=1 current=1 vframe=486 vs=1 vage=6 vpage=6 vdt=96 vmax=170 vacc=484 vrej=0 seq=0 elapsed=0 oled=3C
[   4327] STATUS mode=3 fault=none p60=-10 dp60=0 pwm=0 ball=25.98 vball=-0.77 aball=-5.9 bref=50.00 pid=-47.7 apid=-5.9 integ=-0.0 vision=1 current=1 vframe=486 vs=1 vage=26 vpage=26 vdt=96 vmax=170 vacc=484 vrej=0 seq=0 elapsed=0 oled=3C
[   4343] STATUS mode=3 fault=none p60=-11 dp60=0 pwm=0 ball=26.03 vball=-0.
[   4343] 23 aball=-2.8 bref=50.00 pid=-40.4 apid=-2.8 integ=-0.0 vision=1 current=1 vframe=487 vs=1 vage=10 vpage=10 vdt=36 vmax=170 vacc=485 vrej=0 seq=0 elapsed=0 oled=3C
[   4375] STATUS mode=3 fault=none p60=-11 dp60=-1 pwm=0 ball=26.03 vball=-0.23 aball=-2.8 bref=50.00 pid=-40.4 apid=-2.8 integ=-0.0 vision=1 current=1 vframe=487 vs=1 vage=30 vpage=30 vdt=36 vmax=170 vacc=485 vrej=0 seq=0 elapsed=0 oled=3C
[   4389] STATUS mode=3 fault=none p60=-10 dp60=1 pwm=0 ball=26.03 vball=-0.23 aball=-2.8 bref=50.00 pid=-40.4 apid=-2.8 integ=-0.0 vision=1 current=1 vframe=487 vs=1 vage=50 vpage=50 vdt=36 vmax=170 vacc=485 vrej=0 seq=0 elapsed=0 oled=3C
[   4405] STATUS mode=3 fault=none p60=-10 dp60=0 pwm=0 ball=26.03 vball=-0.23 aball=-2.8 bref=50.00 pid=-40.4 apid=-2.8 integ=-0.0 vision=1 current=1 vframe=487 vs=1 vage=70 vpage=70 vdt=36 vmax=170 vacc=485 vrej=0 seq=0 elapsed=0 oled=3C
[   4436] STATUS mode=3 fault=none p60=-9 dp60=0 pwm=0 ball=26.03 vball=-0.23 aball=-2.8 bref=50.00 pid=-40.4 apid=-2.8 integ=-0.0 vision=1 current=1 vframe=487 vs=1 vage=90 vpage=90 vdt=36 vmax=170 vacc=485 vrej=0 seq=0 elapsed=0 oled=3C
[   4452] STATUS mode=3 fault=none p60=-9 dp60=0 pwm=-119 ball=25.97 vball=-0.53 aball=-2.8 bref=50.00 pid=-42.8 apid=-2.8 integ=-0.0 vision=1 current=1 vframe=488 vs=1 vage=6 vpage=6 vdt=104 vmax=170 vacc=486 vrej=0 seq=0 elapsed=0 oled=3C
[   4468] STATUS mode=3 fault=none p60=-10 dp60=0 pwm=0 ball=25.94 vball=-0.52 aball=-2.2 bref=50.00 pid=-42.2 apid=-2.2 integ=-0.0 vision=1 current=1 vframe=489 vs=1 vage=17 vpage=17 vdt=9 vmax=170 vacc=487 vrej=0 seq=0 elapsed=0 oled=3C
[   4483] STATUS mode=3 fault=none p60=-10 dp60=0 pwm=0 ball=25.98 vball=-0.13 aball=0.9 bref=50.00 pid=-36.1 apid=0.9 integ=-0.0 vision=1 current=1 vframe=490 vs=1 vage=16 vpage=16 vdt=21 vmax=170 vacc=488 vrej=0 seq=0 elapsed=0 oled=3C
[   4514] STATUS mode=3 fault=none p60=-10 dp60=0 pwm=-117 ball=25.98 vball=-0.09 aball=0.9 bref=50.00 pid=-36.1 apid=0.9 integ=-0.0 vision=1 current=1 vframe=491 vs=1 vage=2 vpage=2 vdt=34 vmax=170 vacc=489 vrej=0 seq=0 elapsed=0 oled=3C
[   4530] STATUS mode=3 fault=none p60=-10 dp60=0 pwm=0 ball=25.98 vball=-0.09 aball=1.0 bref=50.00 pid=-35.7 apid=1.0 integ=-0.0 vision=1 current=1 vframe=491 vs=1 vage=22 vpage=22 vdt=34 vmax=170 vacc=489 vrej=0 seq=0 elapsed=0 oled=3C
[   4546] STATUS mode=3 fault=none p60=-10 dp60=0 pwm=-117 ball=25.98 vball=-0.09 aball=1.0 bref=50.00 pid=-35.7 apid=1.0 integ=-0.0 vision=1 current=1 vframe=491 vs=1 vage=42 vpage=42 vdt=34 vmax=170 vacc=489 vrej=0 seq=0 elapsed=0 oled=3C
[   4577] STATUS mode=3 fault=none p60=-10 dp60=0 pwm=0 ball=25.98 vball=-0.09 aball=1.0 bref=50.00 pid=-35.7 apid=1.0 integ=-0.0 vision=1 current=1 vframe=491 vs=1 vage=62 vpage=62 vdt=34 vmax=170 vacc=489 vrej=0 seq=0 elapsed=0 oled=3C
[   4593] STATUS mode=3 fault=none p60=-10 dp60=0 pwm=0 ball=25.98 vball=-0.09 aball=1.0 bref=50.00 pid=-35.7 apid=1.0 integ=-0.0 vision=1 current=1 vframe=491 vs=1 vage=82 vpage=82 vdt=34 vmax=170 vacc=489 vrej=0 seq=0 elapsed=0 oled=3C
[   4608] STATUS mode=3 fault=none p60=-10 dp60=0 pwm=-117 ball=25.98 vball=-0.11 aball=0.8 bref=50.00 pid=-36.1 apid=0.8 integ=-0.0 vision=1 current=1 vframe=492 vs=1 vage=8 vpage=8 vdt=94 vmax=170 vacc=490 vrej=0 seq=0 elapsed=0 oled=3C
[   4625] STATUS mode=3 fault=none p60=-10 dp60=0 pwm=0 ball=25.98 vball=-0.06 aball=0.8 bref=50.00 pid=-36.1 apid=0.8 integ=-0.0 vision=1 current=1 vframe=493 vs=1 vage=4 vpage=4 vdt=24 vmax=170 vacc=491 vrej=0 seq=0 elapsed=0 oled=3C
[   4655] STATUS mode=3 fault=none p60=-10 dp60=0 pwm=0 ball=25.98 vball=-0.06 aball=1.0 bref=50.00 pid=-35.5 apid=1.0 integ=-0.0 vision=1 current=1 vframe=493 vs=1 vage=24 vpage=24 vdt=24 vmax=170 vacc=491 vrej=0 seq=0 elapsed=0 oled=3C
[   4671] STATUS mode=3 fault=none p60=-10 dp60=0 pwm=-117 ball=25.98 vball=-0.05 aball=0.9 bref=50.00 pid=-35.5 apid=0.9 integ=-0.0 vision=1 current=1 vframe=494 vs=1 vage=12 vpage=12 vdt=32 vmax=170 vacc=492 vrej=0 seq=0 elapsed=0 oled=3C
[   4686] STATUS mode=3 fault=none p60=-10 dp60=0 pwm=0 ball=25.98 vball=-0.05 aball=0.9 bref=50.00 pid=-35.5 apid=0.9 integ=-0.0 vision=1 current=1 vframe=494 vs=1 vage=32 vpage=32 vdt=32 vmax=170 vacc=492 vrej=0 seq=0 elapsed=0 oled=3C
[   4702] STATUS mode=3 fault=none p60=-10 dp60=0 pwm=-117 ball=25.98 vball=-0.05 aball=0.9 bref=50.00 pid=-35.5 apid=0.9 integ=-0.0 vision=1 current=1 vframe=494 vs=1 vage=52 vpage=52 vdt=32 vmax=170 vacc=492 vrej=0 seq=0 elapsed=0 oled=3C
[   4733] STATUS mode=3 fault=none p60=-10 dp60=0 pwm=0 ball=25.98 vball=-0.05 aball=0.9 bref=50.00 pid=-35.5 apid=0.9 integ=-0.0 vision=1 current=1 vframe=494 vs=1 vage=72 vpage=72 vdt=32 vmax=170 vacc=492 vrej=0 seq=0 elapsed=0 oled=3C
[   4750] STATUS mode=3 fault=none p60=-10 dp60=0 pwm=0 ball=25.98 vball=-0.05 aball=0.9 bref=50.00 pid=-35.5 apid=0.9 integ=-0.0 vision=1 current=1 vframe=494 vs=1 vage=92 vpage=92 vdt=32 vmax=170 vacc=492 vrej=0 seq=0 elapsed=0 oled=3C
[   4764] STATUS mode=3 fault=none p60=-10 dp60=0 pwm=-117 ball=25.99 vball=0.09 aball=1.0 bref=50.00 pid=-34.4 apid=1.0 integ=-0.0 vision=1 current=1 vframe=495 vs=1 vage=11 vpage=11 vdt=101 vmax=170 vacc=493 vrej=0 seq=0 elapsed=0 oled=3C
[   4796] STATUS mode=3 fault=none p60=-10 dp60=0 pwm=0 ball=25.99 vball=0.09 aball=1.0 bref=50.00 pid=-34.4 apid=1.0 integ=-0.0 vision=1 current=1 vframe=495 vs=1 vage=31 vpage=31 vdt=101 vmax=170 vacc=493 vrej=0 seq=0 elapsed=0 oled=3C
[   4811] STATUS mode=3 fault=none p60=-10 dp60=0 pwm=0 ball=25.94 vball=-0.17 aball=-0.4 bref=50.00 pid=-37.8 apid=-0.4 integ=-0.0 vision=1 current=1 vframe=496 vs=1 vage=19 vpage=19 vdt=32 vmax=170 vacc=494 vrej=0 seq=0 elapsed=0 oled=3C
[   4827] STATUS mode=3 fault=none p60=-10 dp60=0 pwm=0 ball=25.93 vball=-0.21 aball=-0.5 bref=50.00 pid=-38.2 apid=-0.5 integ=-0.0 vision=1 current=1 vframe=497 vs=1 vage=5 vpage=5 vdt=34 vmax=170 vacc=495 vrej=0 seq=0 elapsed=0 oled=3C
[   4843] STATUS mode=3 fault=none p60=-10 dp60=0 pwm=0 ball=25.93 vball=-0.21 aball=-0.5 bref=50.00 pid=-38.2 apid=-0.5 integ=-0.0 vision=1 current=1 vframe=497 vs=1 vage=25 vpage=25 vdt=34 vmax=170 vacc=495 vrej=0 seq=0 elapsed=0 oled=3C
[   4875] STATUS mode=3 fault=none p60=-10 dp60=0 pwm=-118 ball=25.93 vball=-0.21 aball=-0.5 bref=50.00 pid=-38.2 apid=-0.5 integ=-0.0 vision=1 current=1 vframe=497 vs=1 vage=45 vpage=45 vdt=34 vmax=170 vacc=495 vrej=0 seq=0 elapsed=0 oled=3C
[   4889] STATUS mode=3 fault=none p60=-10 dp60=0 pwm=0 ball=25.93 vball=-0.21 aball=-0.5 bref=50.00 pid=-38.2 apid=-0.5 integ=-0.0 vision=1 current=1 vframe=497 vs=1 vage=65 vpage=65 vdt=34 vmax=170 vacc=495 vrej=0 seq=0 elapsed=0 oled=3C
[   4905] STATUS mode=3 fault=none p60=-10 dp60=0 pwm=0 ball=25.93 vball=-0.21 aball=-0.5 bref=50.00 pid=-38.2 apid=-0.5 integ=-0.0 vision=1 current=1 vframe=497 vs=1 vage=85 vpage=85 vdt=34 vmax=170 vacc=495 vrej=0 seq=0 elapsed=0 oled=3C
[   4936] STATUS mode=3 fault=none p60=-10 dp60=0 pwm=0 ball=25.93 vball=-0.21 aball=-0.5 bref=50.00 pid=-38.2 apid=-0.5 integ=-0.0 vision=1 current=1 vframe=497 vs=1 vage=105 vpage=105 vdt=34 vmax=170 vacc=495 vrej=0 seq=0 elapsed=0 oled=3C
[   4952] STATUS mode=3 fault=none p60=-10 dp60=-1 pwm=-118 ball=25.96 vball=-0.15 aball=-0.4 bref=50.00 pid=-37.5 apid=-0.4 integ=-0.0 vision=1 current=1 vframe=498 vs=1 vage=18 vpage=18 vdt=107 vmax=170 vacc=496 vrej=0 seq=0 elapsed=0 oled=3C
[   4968] STATUS mode=3 fault=none p60=-10 dp60=0 pwm=0 ball=25.98 vball=-0.00 aball=0.6 bref=50.00 pid=-35.5 apid=0.6 integ=-0.0 vision=1 current=1 vframe=499 vs=1 vage=12 vpage=12 vdt=26 vmax=170 vacc=497 vrej=0 seq=0 elapsed=0 oled=3C
[   4983] STATUS mode=3 fault=none p60=-10 dp60=0 pwm=-117 ball=25.98 vball=-0.00 aball=0.6 bref=50.00 pid=-35.5 apid=0.6 integ=-0.0 vision=1 current=1 vframe=499 vs=1 vage=32 vpage=32 vdt=26 vmax=170 vacc=497 vrej=0 seq=0 elapsed=0 oled=3C
[   5014] STATUS mode=3 fault=none p60=-10 dp60=0 pwm=0 ball=25.61 vball=-1.74 aball=-7.4 bref=50.00 pid=-57.1 apid=-7.4 integ=-0.0 vision=1 current=1 vframe=500 vs=1 vage=19 vpage=19 vdt=33 vmax=170 vacc=498 vrej=0 seq=0 elapsed=0 oled=3C
[   5030] STATUS mode=3 fault=none p60=-10 dp60=0 pwm=0 ball=25.61 vball=-1.74 aball=-7.4 bref=50.00 pid=-57.1 apid=-7.4 integ=-0.0 vision=1 current=1 vframe=500 vs=1 vage=39 vpage=39 vdt=33 vmax=170 vacc=498 vrej=0 seq=0 elapsed=0 oled=3C
[   5046] STATUS mode=3 fault=none p60=-10 dp60=0 pwm=-122 ball=25.61 vball=-1.74 aball=-7.4 bref=50.00 pid=-57.1 apid=-7.4 integ=-0.0 vision=1 current=1 vframe=500 vs=1 vage=59 vpage=59 vdt=33 vmax=170 vacc=498 vrej=0 seq=0 elapsed=0 oled=3C
[   5077] STATUS mode=3 fault=none p60=-11 dp60=0 pwm=0 ball=25.61 vball=-1.74 aball=-7.4 bref=50.00 pid=-57.1 apid=-7.4 integ=-0.0 vision=1 current=1 vframe=500 vs=1 vage=79 vpage=79 vdt=33 vmax=170 vacc=498 vrej=0 seq=0 elapsed=0 oled=3C
[   5093] STATUS mode=3 fault=none p60=-10 dp60=0 pwm=0 ball=25.54 vball=-1.62 aball=-7.4 bref=50.00 pid=-57.1 apid=-7.4 integ=-0.0 vision=1 current=1 vframe=501 vs=1 vage=4 vpage=4 vdt=95 vmax=170 vacc=499 vrej=0 seq=0 elapsed=0 oled=3C
[   5108] STATUS mode=3 fault=none p60=-10 dp60=0 pwm=-121 ball=25.57 vball=-1.12 aball=-6.1 bref=50.00 pid=-55.0 apid=-6.1 integ=-0.0 vision=1 current=1 vframe=502 vs=1 vage=2 vpage=2 vdt=22 vmax=170 vacc=500 vrej=0 seq=0 elapsed=0 oled=3C
[   5125] STATUS mode=3 fault=none p60=-11 dp60=0 pwm=0 ball=25.57 vball=-1.12 aball=-1.8 bref=50.00 pid=-46.8 apid=-1.8 integ=-0.0 vision=1 current=1 vframe=502 vs=1 vage=22 vpage=22 vdt=22 vmax=170 vacc=500 vrej=0 seq=0 elapsed=0 oled=3C
[   5155] STATUS mode=3 fault=none p60=-11 dp60=-1 pwm=-120 ball=25.55 vball=-1.04 aball=-1.2 bref=50.00 pid=-45.6 apid=-1.2 integ=-0.0 vision=1 current=1 vframe=503 vs=1 vage=9 vpage=9 vdt=33 vmax=170 vacc=501 vrej=0 seq=0 elapsed=0 oled=3C
[   5171] STATUS mode=3 fault=none p60=-11 dp60=0 pwm=0 ball=25.55 vball=-1.04 aball=-1.2 bref=50.00 pid=-45.6 apid=-1.2 integ=-0.0 vision=1 current=1 vframe=503 vs=1 vage=29 vpage=29 vdt=33 vmax=170 vacc=501 vrej=0 seq=0 elapsed=0 oled=3C
[   5186] STATUS mode=3 fault=none p60=-11 dp60=0 pwm=-119 ball=25.55 vball=-1.04 aball=-1.2 bref=50.00 pid=-45.6 apid=-1.2 integ=-0.0 vision=1 current=1 vframe=503 vs=1 vage=49 vpage=49 vdt=33 vmax=170 vacc=501 vrej=0 seq=0 elapsed=0 oled=3C
[   5218] STATUS mode=3 fault=none p60=-11 dp60=0 pwm=0 ball=25.55 vball=-1.04 aball=-1.2 bref=50.00 pid=-45.6 apid=-1.2 integ=-0.0 vision=1 current=1 vframe=503 vs=1 vage=69 vpage=69 vdt=33 vmax=170 vacc=501 vrej=0 seq=0 elapsed=0 oled=3C
[   5233] STATUS mode=3 fault=none p60=-11 dp60=0 pwm=0 ball=25.55 vball=-1.04 aball=-1.2 bref=50.00 pid=-45.6 apid=-1.2 integ=-0.0 vision=1 current=1 vframe=503 vs=1 vage=89 vpage=89 vdt=33 vmax=170 vacc=501 vrej=0 seq=0 elapsed=0 oled=3C
[   5250] STATUS mode=3 fault=none p60=-10 dp60=1 pwm=-119 ball=25.52 vball=-0.91 aball=-0.8 bref=50.00 pid=-44.3 apid=-0.8 integ=-0.0 vision=1 current=1 vframe=504 vs=1 vage=12 vpage=12 vdt=97 vmax=170 vacc=502 vrej=0 seq=0 elapsed=0 oled=3C
[   5264] STATUS mode=3 fault=none p60=-11 dp60=0 pwm=0 ball=25.52 vball=-0.76 aball=0.5 bref=50.00 pid=-42.0 apid=0.5 integ=-0.0 vision=1 current=1 vframe=505 vs=1 vage=12 vpage=12 vdt=20 vmax=170 vacc=503 vrej=0 seq=0 elapsed=0 oled=3C
[   5296] STATUS mode=3 fault=none p60=-11 dp60=0 pwm=0 ball=25.52 vball=-0.76 aball=0.5 bref=50.00 pid=-42.0 apid=0.5 integ=-0.0 vision=1 current=1 vframe=505 vs=1 vage=32 vpage=32 vdt=20 vmax=170 vacc=503 vrej=0 seq=0 elapsed=0 oled=3C
[   5311] STATUS mode=3 fault=none p60=-11 dp60=0 pwm=0 ball=25.52 vball=-0.67 aball=0.8 bref=50.00 pid=-41.0 apid=0.8 integ=-0.0 vision=1 current=1 vframe=506 vs=1 vage=19 vpage=19 vdt=33 vmax=170 vacc=504 vrej=0 seq=0 elapsed=0 oled=3C
[   5327] STATUS mode=3 fault=none p60=-11 dp60=0 pwm=0 ball=25.52 vball=-0.67 aball=0.8 bref=50.00 pid=-41.0 apid=0.8 integ=-0.0 vision=1 current=1 vframe=506 vs=1 vage=39 vpage=39 vdt=33 vmax=170 vacc=504 vrej=0 seq=0 elapsed=0 oled=3C
[   5358] STATUS mode=3 fault=none p60=-10 dp60=0 pwm=-118 ball=25.52 vball=-0.67 aball=0.8 bref=50.00 pid=-41.0 apid=0.8 integ=-0.0 vision=1 current=1 vframe=506 vs=1 vage=59 vpage=59 vdt=33 vmax=170 vacc=504 vrej=0 seq=0 elapsed=0 oled=3C
[   5375] STATUS mode=3 fault=none p60=-11 dp60=0 pwm=0 ball=25.52 vball=-0.67 aball=0.8 bref=50.00 pid=-41.0 apid=0.8 integ=-0.0 vision=1 current=1 vframe=506 vs=1 vage=79 vpage=79 vdt=33 vmax=170 vacc=504 vrej=0 seq=0 elapsed=0 oled=3C
[   5389] STATUS mode=3 fault=none p60=-10 dp60=0 pwm=0 ball=25.52 vball=-0.67 aball=0.8 bref=50.00 pid=-41.0 apid=0.8 integ=-0.0 vision=1 current=1 vframe=506 vs=1 vage=99 vpage=99 vdt=33 vmax=170 vacc=504 vrej=0 seq=0 elapsed=0 oled=3C
[   5405] STATUS mode=3 fault=none p60=-9 dp60=1 pwm=0 ball=25.50 vball=-0.60 aball=0.8 bref=50.00 pid=-41.0 apid=0.8 integ=-0.0 vision=1 current=1 vframe=507 vs=1 vage=2 vpage=2 vdt=117 vmax=170 vacc=505 vrej=0 seq=0 elapsed=0 oled=3C
[   5436] STATUS mode=3 fault=none p60=-10 dp60=0 pwm=0 ball=25.50 vball=-0.60 aball=0.8 bref=50.00 pid=-40.5 apid=0.8 integ=-0.0 vision=1 current=1 vframe=507 vs=1 vage=22 vpage=22 vdt=117 vmax=170 vacc=505 vrej=0 seq=0 elapsed=0 oled=3C
[   5452] STATUS mode=3 fault=none p60=-10 dp60=0 pwm=0 ball=25.53 vball=-0.32 aball=2.3 bref=50.00 pid=-36.8 apid=2.3 integ=-0.0 vision=1 current=1 vframe=508 vs=1 vage=17 vpage=17 vdt=25 vmax=170 vacc=506 vrej=0 seq=0 elapsed=0 oled=3C
[   5468] STATUS mode=3 fault=none p60=-10 dp60=0 pwm=-117 ball=25.55 vball=-0.16 aball=2.9 bref=50.00 pid=-34.9 apid=2.9 integ=-0.0 vision=1 current=1 vframe=509 vs=1 vage=12 vpage=12 vdt=25 vmax=170 vacc=507 vrej=0 seq=0 elapsed=0 oled=3C
[   5500] STATUS mode=3 fault=none p60=-10 dp60=0 pwm=0 ball=25.55 vball=-0.16 aball=2.9 bref=50.00 pid=-34.9 apid=2.9 integ=-0.0 vision=1 current=1 vframe=509 vs=1 vage=32 vpage=32 vdt=25 vmax=170 vacc=507 vrej=0 seq=0 elapsed=0 oled=3C
[   5514] STATUS mode=3 fault=none p60=-10 dp60=0 pwm=-117 ball=25.55 vball=-0.16 aball=2.9 bref=50.00 pid=-34.9 apid=2.9 integ=-0.0 vision=1 current=1 vframe=509 vs=1 vage=52 vpage=52 vdt=25 vmax=170 vacc=507 vrej=0 seq=0 elapsed=0 oled=3C
[   5530] STATUS mode=3 fault=none p60=-10 dp60=0 pwm=0 ball=25.55 vball=-0.16 aball=2.9 bref=50.00 pid=-34.9 apid=2.9 integ=-0.0 vision=1 current=1 vframe=509 vs=1 vage=72 vpage=72 vdt=25 vmax=170 vacc=507 vrej=0 seq=0 elapsed=0 oled=3C
[   5546] STATUS mode=3 fault=none p60=-10 dp60=0 pwm=0 ball=25.55 vball=-0.16 aball=2.9 bref=50.00 pid=-34.9 apid=2.9 integ=-0.0 vision=1 current=1 vframe=509 vs=1 vage=92 vpage=92 vdt=25 vmax=170 vacc=507 vrej=0 seq=0 elapsed=0 oled=3C
[   5577] STATUS mode=3 fault=none p60=-10 dp60=0 pwm=-117 ball=25.55 vball=-0.12 aball=2.6 bref=50.00 pid=-35.0 apid=2.6 integ=-0.0 vision=1 current=1 vframe=510 vs=1 vage=9 vpage=9 vdt=103 vmax=170 vacc=508 vrej=0 seq=0 elapsed=0 oled=3C
[   5593] STATUS mode=3 fault=none p60=-10 dp60=0 pwm=0 ball=25.55 vball=-0.12 aball=2.6 bref=50.00 pid=-35.0 apid=2.6 integ=-0.0 vision=1 current=1 vframe=510 vs=1 vage=29 vpage=29 vdt=103 vmax=170 vacc=508 vrej=0 seq=0 elapsed=0 oled=3C
[   5608] STATUS mode=3 fault=none p60=-10 dp60=0 pwm=0 ball=25.53 vball=-0.19 aball=1.8 bref=50.00 pid=-36.3 apid=1.8 integ=-0.0 vision=1 current=1 vframe=511 vs=1 vage=19 vpage=19 vdt=30 vmax=170 vacc=509 vrej=0 seq=0 elapsed=0 oled=3C
[   5625] STATUS mode=3 fault=none p60=-10 dp60=0 pwm=-117 ball=25.53 vball=-0.18 aball=1.6 bref=50.00 pid=-36.5 apid=1.6 integ=-0.0 vision=1 current=1 vframe=512 vs=1 vage=6 vpage=6 vdt=33 vmax=170 vacc=510 vrej=0 seq=0 elapsed=0 oled=3C
[   5655] STATUS mode=3 fault=none p60=-10 dp60=0 pwm=0 ball=25.53 vball=-0.18 aball=1.6 bref=50.00 pid=-36.5 apid=1.6 integ=-0.0 vision=1 current=1 vframe=512 vs=1 vage=26 vpage=26 vdt=33 vmax=170 vacc=510 vrej=0 seq=0 elapsed=0 oled=3C
[   5671] STATUS mode=3 fault=none p60=-10 dp60=0 pwm=-117 ball=25.53 vball=-0.18 aball=1.6 bref=50.00 pid=-36.5 apid=1.6 integ=-0.0 vision=1 current=1 vframe=512 vs=1 vage=46 vpage=46 vdt=33 vmax=170 vacc=510 vrej=0 seq=0 elapsed=0 oled=3C
[   5686] STATUS mode=3 fault=none p60=-10 dp60=0 pwm=0 ball=25.53 vball=-0.18 aball=1.6 bref=50.00 pid=-36.5 apid=1.6 integ=-0.0 vision=1 current=1 vframe=512 vs=1 vage=66 vpage=66 vdt=33 vmax=170 vacc=510 vrej=0 seq=0 elapsed=0 oled=3C
[   5718] STATUS mode=3 fault=none p60=-10 dp60=0 pwm=0 ball=25.53 vball=-0.18 aball=1.6 bref=50.00 pid=-36.5 apid=1.6 integ=-0.0 vision=1 current=1 vframe=512 vs=1 vage=86 vpage=86 vdt=33 vmax=170 vacc=510 vrej=0 seq=0 elapsed=0 oled=3C
[   5733] STATUS mode=3 fault=none p60=-10 dp60=0 pwm=0 ball=25.54 vball=-0.09 aball=1.6 bref=50.00 pid=-36.5 apid=1.6 integ=-0.0 vision=1 current=1 vframe=513 vs=1 vage=3 vpage=3 vdt=103 vmax=170 vacc=511 vrej=0 seq=0 elapsed=0 oled=3C
[   5750] STATUS mode=3 fault=none p60=-10 dp60=0 pwm=0 ball=25.54 vball=-0.09 aball=1.5 bref=50.00 pid=-35.9 apid=1.5 integ=-0.0 vision=1 current=1 vframe=513 vs=1 vage=23 vpage=23 vdt=103 vmax=170 vacc=511 vrej=0 seq=0 elapsed=0 oled=3C
[   5764] STATUS mode=3 fault=none p60=-10 dp60=0 pwm=0 ball=25.54 vball=-0.07 aball=1.4 bref=50.00 pid=-35.9 apid=1.4 integ=-0.0 vision=1 current=1 vframe=514 vs=1 vage=13 vpage=13 vdt=30 vmax=170 vacc=512 vrej=0 seq=0 elapsed=0 oled=3C
[   5796] STATUS mode=3 fault=none p60=-10 dp60=0 pwm=-117 ball=25.54 vball=-0.07 aball=1.4 bref=50.00 pid=-35.9 apid=1.4 integ=-0.0 vision=1 current=1 vframe=514 vs=1 vage=33 vpage=33 vdt=30 vmax=170 vacc=512 vrej=0 seq=0 elapsed=0 oled=3C
[   5811] STATUS mode=3 fault=none p60=-10 dp60=0 pwm=0 ball=25.54 vball=-0.06 aball=1.2 bref=50.00 pid=-35.9 apid=1.2 integ=-0.0 vision=1 current=1 vframe=515 vs=1 vage=19 vpage=19 vdt=34 vmax=170 vacc=513 vrej=0 seq=0 elapsed=0 oled=3C
[   5827] STATUS mode=3 fault=none p60=-10 dp60=0 pwm=0 ball=25.54 vball=-0.06 aball=1.2 bref=50.00 pid=-35.9 apid=1.2 integ=-0.0 vision=1 current=1 vframe=515 vs=1 vage=39 vpage=39 vdt=34 vmax=170 vacc=513 vrej=0 seq=0 elapsed=0 oled=3C
[   5843] STATUS mode=3 fault=none p60=-10 dp60=0 pwm=0 ball=25.54 vball=-0.06 aball=1.2 bref=50.00 pid=-35.9 apid=1.2 integ=-0.0 vision=1 current=1 vframe=515 vs=1 vage=59 vpage=59 vdt=34 vmax=170 vacc=513 vrej=0 seq=0 elapsed=0 oled=3C
[   5875] STATUS mode=3 fault=none p60=-10 dp60=0 pwm=0 ball=25.54 vball=-0.06 aball=1.2 bref=50.00 pid=-35.9 apid=1.2 integ=-0.0 vision=1 current=1 vframe=515 vs=1 vage=79 vpage=79 vdt=34 vmax=170 vacc=513 vrej=0 seq=0 elapsed=0 oled=3C
[   5889] STATUS mode=3 fault=none p60=-10 dp60=0 pwm=0 ball=25.54 vball=-0.06 aball=1.2 bref=50.00 pid=-35.9 apid=1.2 integ=-0.0 vision=1 current=1 vframe=515 vs=1 vage=99 vpage=99 vdt=34 vmax=170 vacc=513 vrej=0 seq=0 elapsed=0 oled=3C
[   5905] STATUS mode=3 fault=none p60=-10 dp60=0 pwm=-117 ball=25.55 vball=0.09 aball=1.2 bref=50.00 pid=-34.8 apid=1.2 integ=-0.0 vision=1 current=1 vframe=516 vs=1 vage=10 vpage=10 vdt=109 vmax=170 vacc=514 vrej=0 seq=0 elapsed=0 oled=3C
[   5936] STATUS mode=3 fault=none p60=-10 dp60=0 pwm=0 ball=25.54 vball=0.02 aball=0.6 bref=50.00 pid=-35.9 apid=0.6 integ=-0.0 vision=1 current=1 vframe=517 vs=1 vage=5 vpage=5 vdt=25 vmax=170 vacc=515 vrej=0 seq=0 elapsed=0 oled=3C
[   5952] STATUS mode=3 fault=none p60=-10 dp60=0 pwm=0 ball=25.54 vball=0.02 aball=0.6 bref=50.00 pid=-35.9 apid=0.6 integ=-0.0 vision=1 current=1 vframe=517 vs=1 vage=25 vpage=25 vdt=25 vmax=170 vacc=515 vrej=0 seq=0 elapsed=0 oled=3C
[   5968] STATUS mode=3 fault=none p60=-10 dp60=0 pwm=0 ball=25.92 vball=1.73 aball=8.1 bref=50.00 pid=-15.1 apid=8.1 integ=-0.0 vision=1 current=1 vframe=518 vs=1 vage=11 vpage=11 vdt=34 vmax=170 vacc=516 vrej=0 seq=0 elapsed=0 oled=3C
[   5983] STATUS mode=3 fault=none p60=-10 dp60=0 pwm=0 ball=25.92 vball=1.73 aball=8.1 bref=50.00 pid=-15.1 apid=8.1 integ=-0.0 vision=1 current=1 vframe=518 vs=1 vage=31 vpage=31 vdt=34 vmax=170 vacc=516 vrej=0 seq=0 elapsed=0 oled=3C
[   6014] STATUS mode=3 fault=none p60=-10 dp60=0 pwm=-113 ball=25.92 vball=1.73 aball=8.1 bref=50.00 pid=-15.1 apid=8.1 integ=-0.0 vision=1 current=1 vframe=518 vs=1 vage=51 vpage=51 vdt=34 vmax=170 vacc=516 vrej=0 seq=0 elapsed=0 oled=3C
[   6030] STATUS mode=3 fault=none p60=-10 dp60=0 pwm=0 ball=25.92 vball=1.73 aball=8.1 bref=50.00 pid=-15.1 apid=8.1 integ=-0.0 vision=1 current=1 vframe=518 vs=1 vage=71 vpage=71 vdt=34 vmax=170 vacc=516 vrej=0 seq=0 elapsed=0 oled=3C
[   6046] STATUS mode=3 fault=none p60=-10 dp60=0 pwm=0 ball=25.92 vball=1.73 aball=8.1 bref=50.00 pid=-15.1 apid=8.1 integ=-0.0 vision=1 current=1 vframe=518 vs=1 vage=91 vpage=91 vdt=34 vmax=170 vacc=516 vrej=0 seq=0 elapsed=0 oled=3C
[   6061] STATUS mode=3 fault=none p60=-10 dp60=0 pwm=0 ball=26.02 vball=1.71 aball=6.8 bref=50.00 pid=-16.3 apid=6.8 integ=-0.0 vision=1 current=1 vframe=519 vs=1 vage=8 vpage=8 vdt=103 vmax=170 vacc=517 vrej=0 seq=0 elapsed=0 oled=3C
[   6093] STATUS mode=3 fault=none p60=-10 dp60=0 pwm=0 ball=26.02 vball=1.71 aball=6.8 bref=50.00 pid=-16.3 apid=6.8 integ=-0.0 vision=1 current=1 vframe=519 vs=1 vage=28 vpage=28 vdt=103 vmax=170 vacc=517 vrej=0 seq=0 elapsed=0 oled=3C
[   6108] STATUS mode=3 fault=none p60=-10 dp60=0 pwm=-114 ball=26.00 vball=1.31 aball=3.7 bref=50.00 pid=-22.4 apid=3.7 integ=-0.0 vision=1 current=1 vframe=520 vs=1 vage=19 vpage=19 vdt=29 vmax=170 vacc=518 vrej=0 seq=0 elapsed=0 oled=3C
[   6125] STATUS mode=3 fault=none p60=-10 dp60=0 pwm=0 ball=25.99 vball=1.08 aball=2.1 bref=50.00 pid=-25.8 apid=2.1 integ=-0.0 vision=1 current=1 vframe=521 vs=1 vage=6 vpage=6 vdt=33 vmax=170 vacc=519 vrej=0 seq=0 elapsed=0 oled=3C
[   6155] STATUS mode=3 fault=none p60=-10 dp60=0 pwm=0 ball=25.99 vball=1.08 aball=2.1 bref=50.00 pid=-25.8 apid=2.1 integ=-0.0 vision=1 current=1 vframe=521 vs=1 vage=26 vpage=26 vdt=33 vmax=170 vacc=519 vrej=0 seq=0 elapsed=0 oled=3C
[   6171] STATUS mode=3 fault=none p60=-10 dp60=0 pwm=-115 ball=25.99 vball=1.08 aball=2.1 bref=50.00 pid=-25.8 apid=2.1 integ=-0.0 vision=1 current=1 vframe=521 vs=1 vage=46 vpage=46 vdt=33 vmax=170 vacc=519 vrej=0 seq=0 elapsed=0 oled=3C
[   6186] STATUS mode=3 fault=none p60=-10 dp60=0 pwm=0 ball=25.99 vball=1.08 aball=2.1 bref=50.00 pid=-25.8 apid=2.1 integ=-0.0 vision=1 current=1 vframe=521 vs=1 vage=66 vpage=66 vdt=33 vmax=170 vacc=519 vrej=0 seq=0 elapsed=0 oled=3C
[   6202] STATUS mode=3 fault=none p60=-10 dp60=0 pwm=0 ball=25.99 vball=1.08 aball=2.1 bref=50.00 pid=-25.8 apid=2.1 integ=-0.0 vision=1 current=1 vframe=521 vs=1 vage=86 vpage=86 vdt=33 vmax=170 vacc=519 vrej=0 seq=0 elapsed=0 oled=3C
[   6233] STATUS mode=3 fault=none p60=-10 dp60=0 pwm=0 ball=25.98 vball=0.82 aball=1.4 bref=50.00 pid=-28.5 apid=1.4 integ=-0.0 vision=1 current=1 vframe=522 vs=1 vage=6 vpage=6 vdt=100 vmax=170 vacc=520 vrej=0 seq=0 elapsed=0 oled=3C
[   6250] STATUS mode=3 fault=none p60=-10 dp60=0 pwm=0 ball=25.88 vball=-0.09 aball=-6.0 bref=50.00 pid=-42.8 apid=-6.0 integ=-0.0 vision=1 current=1 vframe=523 vs=1 vage=7 vpage=7 vdt=19 vmax=170 vacc=521 vrej=0 seq=0 elapsed=0 oled=3C
[   6264] STATUS mode=3 fault=none p60=-10 dp60=0 pwm=0 ball=25.88 vball=-0.09 aball=-6.0 bref=50.00 pid=-42.8 apid=-6.0 integ=-0.0 vision=1 current=1 vframe=523 vs=1 vage=27 vpage=27 vdt=19 vmax=170 vacc=521 vrej=0 seq=0 elapsed=0 oled=3C
[   6280] STATUS mode=3 fault=none p60=-10 dp60=0 pwm=0 ball=25.96 vball=0.34 aball=-3.1 bref=50.00 pid=-36.6 apid=-3.1 integ=-0.0 vision=1 current=1 vframe=524 vs=1 vage=15 vpage=15 vdt=32 vmax=170 vacc=522 vrej=0 seq=0 elapsed=0 oled=3C
[   6311] STATUS mode=3 fault=none p60=-10 dp60=0 pwm=0 ball=25.96 vball=0.34 aball=-3.1 bref=50.00 pid=-36.6 apid=-3.1 integ=-0.0 vision=1 current=1 vframe=524 vs=1 vage=35 vpage=35 vdt=32 vmax=170 vacc=522 vrej=0 seq=0 elapsed=0 oled=3C
[   6327] STATUS mode=3 fault=none p60=-10 dp60=0 pwm=0 ball=25.96 vball=0.34 aball=-3.1 bref=50.00 pid=-36.6 apid=-3.1 integ=-0.0 vision=1 current=1 vframe=524 vs=1 vage=55 vpage=55 vdt=32 vmax=170 vacc=522 vrej=0 seq=0 elapsed=0 oled=3C
[   6343] STATUS mode=3 fault=none p60=-10 dp60=0 pwm=0 ball=25.96 vball=0.34 aball=-3.1 bref=50.00 pid=-36.6 apid=-3.1 integ=-0.0 vision=1 current=1 vframe=524 vs=1 vage=75 vpage=75 vdt=32 vmax=170 vacc=522 vrej=0 seq=0 elapsed=0 oled=3C
[   6375] STATUS mode=3 fault=none p60=-10 dp60=0 pwm=0 ball=25.96 vball=0.34 aball=-3.1 bref=50.00 pid=-36.6 apid=-3.1 integ=-0.0 vision=1 current=1 vframe=524 vs=1 vage=95 vpage=95 vdt=32 vmax=170 vacc=522 vrej=0 seq=0 elapsed=0 oled=3C
[   6389] STATUS mode=3 fault=none p60=-10 dp60=0 pwm=-120 ball=25.61 vball=-0.94 aball=-4.5 bref=50.00 pid=-48.1 apid=-4.5 integ=-0.0 vision=1 current=1 vframe=525 vs=1 vage=14 vpage=14 vdt=101 vmax=170 vacc=523 vrej=0 seq=0 elapsed=0 oled=3C
[   6405] STATUS mode=3 fault=none p60=-10 dp60=0 pwm=0 ball=25.61 vball=-0.94 aball=-4.5 bref=50.00 pid=-48.1 apid=-4.5 integ=-0.0 vision=1 current=1 vframe=525 vs=1 vage=34 vpage=34 vdt=101 vmax=170 vacc=523 vrej=0 seq=0 elapsed=0 oled=3C
[   6421] STATUS mode=3 fault=none p60=-10 dp60=0 pwm=-114 ball=26.01 vball=1.24 aball=5.8 bref=50.00 pid=-20.9 apid=5.8 integ=-0.0 vision=1 current=1 vframe=526 vs=1 vage=20 vpage=20 vdt=34 vmax=170 vacc=524 vrej=0 seq=0 elapsed=0 oled=3C
[   6452] STATUS mode=3 fault=none p60=-10 dp60=0 pwm=0 ball=26.05 vball=1.21 aball=4.8 bref=50.00 pid=-22.1 apid=4.8 integ=-0.0 vision=1 current=1 vframe=527 vs=1 vage=9 vpage=9 vdt=31 vmax=170 vacc=525 vrej=0 seq=0 elapsed=0 oled=3C
[   6468] STATUS mode=3 fault=none p60=-10 dp60=0 pwm=0 ball=26.05 vball=1.21 aball=4.8 bref=50.00 pid=-22.1 apid=4.8 integ=-0.0 vision=1 current=1 vframe=527 vs=1 vage=29 vpage=29 vdt=31 vmax=170 vacc=525 vrej=0 seq=0 elapsed=0 oled=3C
[   6483] STATUS mode=3 fault=none p60=-10 dp60=0 pwm=0 ball=26.05 vball=1.21 aball=4.8 bref=50.00 pid=-22.1 apid=4.8 integ=-0.0 vision=1 current=1 vframe=527 vs=1 vage=49 vpage=49 vdt=31 vmax=170 vacc=525 vrej=0 seq=0 elapsed=0 oled=3C
[   6500] STATUS mode=3 fault=none p60=-9 dp60=0 pwm=-114 ball=26.05 vball=1.21 aball=4.8 bref=50.00 pid=-22.1 apid=4.8 integ=-0.0 vision=1 current=1 vframe=527 vs=1 vage=69 vpage=69 vdt=31 vmax=170 vacc=525 vrej=0 seq=0 elapsed=0 oled=3C
[   6530] STATUS mode=3 fault=none p60=-10 dp60=0 pwm=0 ball=26.05 vball=1.21 aball=4.8 bref=50.00 pid=-22.1 apid=4.8 integ=-0.0 vision=1 current=1 vframe=527 vs=1 vage=89 vpage=89 vdt=31 vmax=170 vacc=525 vrej=0 seq=0 elapsed=0 oled=3C
[   6546] STATUS mode=3 fault=none p60=-10 dp60=0 pwm=0 ball=25.99 vball=0.76 aball=3.4 bref=50.00 pid=-26.9 apid=3.4 integ=-0.0 vision=1 current=1 vframe=528 vs=1 vage=9 vpage=9 vdt=100 vmax=170 vacc=526 vrej=0 seq=0 elapsed=0 oled=3C
[   6561] STATUS mode=3 fault=none p60=-10 dp60=0 pwm=0 ball=25.99 vball=0.76 aball=3.4 bref=50.00 pid=-26.9 apid=3.4 integ=-0.0 vision=1 current=1 vframe=528 vs=1 vage=29 vpage=29 vdt=100 vmax=170 vacc=526 vrej=0 seq=0 elapsed=0 oled=3C
[   6593] STATUS mode=3 fault=none p60=-10 dp60=0 pwm=0 ball=25.98 vball=0.53 aball=1.9 bref=50.00 pid=-30.2 apid=1.9 integ=-0.0 vision=1 current=1 vframe=529 vs=1 vage=15 vpage=15 vdt=34 vmax=170 vacc=527 vrej=0 seq=0 elapsed=0 oled=3C
[   6608] STATUS mode=3 fault=none p60=-10 dp60=0 pwm=0 ball=25.98 vball=0.53 aball=1.9 bref=50.00 pid=-30.2 apid=1.9 integ=-0.0 vision=1 current=1 vframe=529 vs=1 vage=35 vpage=35 vdt=34 vmax=170 vacc=527 vrej=0 seq=0 elapsed=0 oled=3C
[   6625] STATUS mode=3 fault=none p60=-10 dp60=0 pwm=0 ball=25.98 vball=0.53 aball=1.9 bref=50.00 pid=-30.2 apid=1.9 integ=-0.0 vision=1 current=1 vframe=529 vs=1 vage=55 vpage=55 vdt=34 vmax=170 vacc=527 vrej=0 seq=0 elapsed=0 oled=3C
[   6639] STATUS mode=3 fault=none p60=-10 dp60=0 pwm=0 ball=25.98 vball=0.53 aball=1.9 bref=50.00 pid=-30.2 apid=1.9 integ=-0.0 vision=1 current=1 vframe=529 vs=1 vage=75 vpage=75 vdt=34 vmax=170 vacc=527 vrej=0 seq=0 elapsed=0 oled=3C
[   6671] STATUS mode=3 fault=none p60=-10 dp60=0 pwm=0 ball=25.98 vball=0.53 aball=1.9 bref=50.00 pid=-30.2 apid=1.9 integ=-0.0 vision=1 current=1 vframe=529 vs=1 vage=95 vpage=95 vdt=34 vmax=170 vacc=527 vrej=0 seq=0 elapsed=0 oled=3C
[   6686] STATUS mode=3 fault=none p60=-10 dp60=0 pwm=-116 ball=25.97 vball=0.43 aball=1.4 bref=50.00 pid=-31.4 apid=1.4 integ=-0.0 vision=1 current=1 vframe=530 vs=1 vage=6 vpage=6 vdt=109 vmax=170 vacc=528 vrej=0 seq=0 elapsed=0 oled=3C
[   6702] STATUS mode=3 fault=none p60=-10 dp60=0 pwm=0 ball=26.01 vball=0.43 aball=1.2 bref=50.00 pid=-31.5 apid=1.2 integ=-0.0 vision=1 current=1 vframe=531 vs=1 vage=16 vpage=16 vdt=10 vmax=170 vacc=529 vrej=0 seq=0 elapsed=0 oled=3C
[   6718] STATUS mode=3 fault=none p60=-10 dp60=0 pwm=0 ball=25.98 vball=0.25 aball=0.2 bref=50.00 pid=-34.0 apid=0.2 integ=-0.0 vision=1 current=1 vframe=532 vs=1 vage=5 vpage=5 vdt=31 vmax=170 vacc=530 vrej=0 seq=0 elapsed=0 oled=3C
[   6750] STATUS mode=3 fault=none p60=-10 dp60=0 pwm=-117 ball=25.98 vball=0.25 aball=0.2 bref=50.00 pid=-34.0 apid=0.2 integ=-0.0 vision=1 current=1 vframe=532 vs=1 vage=25 vpage=25 vdt=31 vmax=170 vacc=530 vrej=0 seq=0 elapsed=0 oled=3C
[   6764] STATUS mode=3 fault=none p60=-10 dp60=0 pwm=0 ball=25.97 vball=0.16 aball=-0.2 bref=50.00 pid=-35.1 apid=-0.2 integ=-0.0 vision=1 current=1 vframe=533 vs=1 vage=11 vpage=11 vdt=34 vmax=170 vacc=531 vrej=0 seq=0 elapsed=0 oled=3C
[   6780] STATUS mode=3 fault=none p60=-10 dp60=0 pwm=0 ball=25.97 vball=0.16 aball=-0.2 bref=50.00 pid=-35.1 apid=-0.2 integ=-0.0 vision=1 current=1 vframe=533 vs=1 vage=31 vpage=31 vdt=34 vmax=170 vacc=531 vrej=0 seq=0 elapsed=0 oled=3C
[   6811] STATUS mode=3 fault=none p60=-10 dp60=0 pwm=-117 ball=25.97 vball=0.16 aball=-0.2 bref=50.00 pid=-35.1 apid=-0.2 integ=-0.0 vision=1 current=1 vframe=533 vs=1 vage=51 vpage=51 vdt=34 vmax=170 vacc=531 vrej=0 seq=0 elapsed=0 oled=3C
[   6827] STATUS mode=3 fault=none p60=-10 dp60=0 pwm=0 ball=25.97 vball=0.16 aball=-0.2 bref=50.00 pid=-35.1 apid=-0.2 integ=-0.0 vision=1 current=1 vframe=533 vs=1 vage=71 vpage=71 vdt=34 vmax=170 vacc=531 vrej=0 seq=0 elapsed=0 oled=3C
[   6843] STATUS mode=3 fault=none p60=-10 dp60=0 pwm=0 ball=25.97 vball=0.16 aball=-0.2 bref=50.00 pid=-35.1 apid=-0.2 integ=-0.0 vision=1 current=1 vframe=533 vs=1 vage=91 vpage=91 vdt=34 vmax=170 vacc=531 vrej=0 seq=0 elapsed=0 oled=3C
[   6858] STATUS mode=3 fault=none p60=-10 dp60=0 pwm=-117 ball=25.97 vball=0.14 aball=-0.2 bref=50.00 pid=-35.2 apid=-0.2 integ=-0.0 vision=1 current=1 vframe=534 vs=1 vage=6 vpage=6 vdt=105 vmax=170 vacc=532 vrej=0 seq=0 elapsed=0 oled=3C
[   6889] STATUS mode=3 fault=none p60=-10 dp60=0 pwm=0 ball=25.97 vball=0.14 aball=-0.2 bref=50.00 pid=-35.2 apid=-0.2 integ=-0.0 vision=1 current=1 vframe=534 vs=1 vage=26 vpage=26 vdt=105 vmax=170 vacc=532 vrej=0 seq=0 elapsed=0 oled=3C
[   6905] STATUS mode=3 fault=none p60=-10 dp60=0 pwm=0 ball=25.97 vball=0.09 aball=-0.5 bref=50.00 pid=-35.8 apid=-0.5 integ=-0.0 vision=1 current=1 vframe=535 vs=1 vage=17 vpage=17 vdt=29 vmax=170 vacc=533 vrej=0 seq=0 elapsed=0 oled=3C
[   6921] STATUS mode=3 fault=none p60=-10 dp60=0 pwm=-117 ball=25.95 vball=-0.05 aball=-1.1 bref=50.00 pid=-37.5 apid=-1.1 integ=-0.0 vision=1 current=1 vframe=536 vs=1 vage=5 vpage=5 vdt=32 vmax=170 vacc=534 vrej=0 seq=0 elapsed=0 oled=3C
[   6952] STATUS mode=3 fault=none p60=-10 dp60=0 pwm=0 ball=25.95 vball=-0.05 aball=-1.1 bref=50.00 pid=-37.5 apid=-1.1 integ=-0.0 vision=1 current=1 vframe=536 vs=1 vage=25 vpage=25 vdt=32 vmax=170 vacc=534 vrej=0 seq=0 elapsed=0 oled=3C
[   6968] STATUS mode=3 fault=none p60=-10 dp60=0 pwm=-118 ball=25.95 vball=-0.05 aball=-1.1 bref=50.00 pid=-37.5 apid=-1.1 integ=-0.0 vision=1 current=1 vframe=536 vs=1 vage=45 vpage=45 vdt=32 vmax=170 vacc=534 vrej=0 seq=0 elapsed=0 oled=3C
[   6983] STATUS mode=3 fault=none p60=-10 dp60=0 pwm=0 ball=25.95 vball=-0.05 aball=-1.1 bref=50.00 pid=-37.5 apid=-1.1 integ=-0.0 vision=1 current=1 vframe=536 vs=1 vage=65 vpage=65 vdt=32 vmax=170 vacc=534 vrej=0 seq=0 elapsed=0 oled=3C
[   7000] STATUS mode=3 fault=none p60=-10 dp60=0 pwm=0 ball=25.95 vball=-0.05 aball=-1.1 bref=50.00 pid=-37.5 apid=-1.1 integ=-0.0 vision=1 current=1 vframe=536 vs=1 vage=85 vpage=85 vdt=32 vmax=170 vacc=534 vrej=0 seq=0 elapsed=0 oled=3C
[   7030] STATUS mode=3 fault=none p60=-10 dp60=0 pwm=-118 ball=25.94 vball=-0.05 aball=-0.9 bref=50.00 pid=-37.4 apid=-0.9 integ=-0.0 vision=1 current=1 vframe=537 vs=1 vage=7 vpage=7 vdt=98 vmax=170 vacc=535 vrej=0 seq=0 elapsed=0 oled=3C
[   7046] STATUS mode=3 fault=none p60=-10 dp60=0 pwm=0 ball=25.94 vball=-0.05 aball=-0.9 bref=50.00 pid=-37.4 apid=-0.9 integ=-0.0 vision=1 current=1 vframe=537 vs=1 vage=27 vpage=27 vdt=98 vmax=170 vacc=535 vrej=0 seq=0 elapsed=0 oled=3C
[   7061] STATUS mode=3 fault=none p60=-10 dp60=0 pwm=0 ball=25.65 vball=-1.50 aball=-6.8 bref=50.00 pid=-54.6 apid=-6.8 integ=-0.0 vision=1 current=1 vframe=538 vs=1 vage=11 vpage=11 vdt=36 vmax=170 vacc=536 vrej=0 seq=0 elapsed=0 oled=3C
[   7093] STATUS mode=3 fault=none p60=-10 dp60=0 pwm=-121 ball=25.65 vball=-1.50 aball=-6.8 bref=50.00 pid=-54.6 apid=-6.8 integ=-0.0 vision=1 current=1 vframe=538 vs=1 vage=31 vpage=31 vdt=36 vmax=170 vacc=536 vrej=0 seq=0 elapsed=0 oled=3C
[   7108] STATUS mode=3 fault=none p60=-11 dp60=0 pwm=0 ball=25.65 vball=-1.50 aball=-6.8 bref=50.00 pid=-54.6 apid=-6.8 integ=-0.0 vision=1 current=1 vframe=538 vs=1 vage=51 vpage=51 vdt=36 vmax=170 vacc=536 vrej=0 seq=0 elapsed=0 oled=3C
[   7125] STATUS mode=3 fault=none p60=-10 dp60=1 pwm=0 ball=25.65 vball=-1.50 aball=-6.8 bref=50.00 pid=-54.6 apid=-6.8 integ=-0.0 vision=1 current=1 vframe=538 vs=1 vage=71 vpage=71 vdt=36 vmax=170 vacc=536 vrej=0 seq=0 elapsed=0 oled=3C
[   7139] STATUS mode=3 fault=none p60=-10 dp60=0 pwm=0 ball=25.65 vball=-1.50 aball=-6.8 bref=50.00 pid=-54.6 apid=-6.8 integ=-0.0 vision=1 current=1 vframe=538 vs=1 vage=91 vpage=91 vdt=36 vmax=170 vacc=536 vrej=0 seq=0 elapsed=0 oled=3C
[   7171] STATUS mode=3 fault=none p60=-9 dp60=0 pwm=-122 ball=25.54 vball=-1.79 aball=-6.2 bref=50.00 pid=-56.3 apid=-6.2 integ=-0.0 vision=1 current=1 vframe=539 vs=1 vage=6 vpage=6 vdt=105 vmax=170 vacc=537 vrej=0 seq=0 elapsed=0 oled=3C
[   7186] STATUS mode=3 fault=none p60=-10 dp60=0 pwm=0 ball=25.50 vball=-1.68 aball=-3.4 bref=50.00 pid=-52.8 apid=-3.4 integ=-0.0 vision=1 current=1 vframe=540 vs=1 vage=17 vpage=17 vdt=9 vmax=170 vacc=538 vrej=0 seq=0 elapsed=0 oled=3C
[   7202] STATUS mode=3 fault=none p60=-10 dp60=0 pwm=0 ball=25.60 vball=-0.51 aball=-3.4 bref=50.00 pid=-52.8 apid=-3.4 integ=-0.0 vision=1 current=1 vframe=541 vs=1 vage=3 vpage=3 vdt=34 vmax=170 vacc=539 vrej=0 seq=0 elapsed=0 oled=3C
[   7233] STATUS mode=3 fault=none p60=-10 dp60=0 pwm=0 ball=25.60 vball=-0.51 aball=2.2 bref=50.00 pid=-38.2 apid=2.2 integ=-0.0 vision=1 current=1 vframe=541 vs=1 vage=23 vpage=23 vdt=34 vmax=170 vacc=539 vrej=0 seq=0 elapsed=0 oled=3C
[   7250] STATUS mode=3 fault=none p60=-10 dp60=0 pwm=0 ball=25.60 vball=-0.51 aball=2.2 bref=50.00 pid=-38.2 apid=2.2 integ=-0.0 vision=1 current=1 vframe=541 vs=1 vage=43 vpage=43 vdt=34 vmax=170 vacc=539 vrej=0 seq=0 elapsed=0 oled=3C
[   7264] STATUS mode=3 fault=none p60=-10 dp60=0 pwm=0 ball=25.60 vball=-0.51 aball=2.2 bref=50.00 pid=-38.2 apid=2.2 integ=-0.0 vision=1 current=1 vframe=541 vs=1 vage=63 vpage=63 vdt=34 vmax=170 vacc=539 vrej=0 seq=0 elapsed=0 oled=3C
[   7280] STATUS mode=3 fault=none p60=-9 dp60=0 pwm=0 ball=25.60 vball=-0.51 aball=2.2 bref=50.00 pid=-38.2 apid=2.2 integ=-0.0 vision=1 current=1 vframe=541 vs=1 vage=83 vpage=83 vdt=34 vmax=170 vacc=539 vrej=0 seq=0 elapsed=0 oled=3C
[   7311] STATUS mode=3 fault=none p60=-9 dp60=0 pwm=0 ball=25.60 vball=-0.51 aball=2.2 bref=50.00 pid=-38.2 apid=2.2 integ=-0.0 vision=1 current=1 vframe=541 vs=1 vage=103 vpage=103 vdt=34 vmax=170 vacc=539 vrej=0 seq=0 elapsed=0 oled=3C
[   7327] STATUS mode=3 fault=none p60=-9 dp60=0 pwm=0 ball=25.60 vball=-0.51 aball=2.2 bref=50.00 pid=-38.2 apid=2.2 integ=-0.0 vision=1 current=1 vframe=541 vs=1 vage=123 vpage=123 vdt=34 vmax=170 vacc=539 vrej=0 seq=0 elapsed=0 oled=3C
[   7343] STATUS mode=3 fault=none p60=-9 dp60=0 pwm=0 ball=25.60 vball=-0.51 aball=2.2 bref=50.00 pid=-38.2 apid=2.2 integ=-0.0 vision=1 current=1 vframe=541 vs=1 vage=143 vpage=143 vdt=34 vmax=170 vacc=539 vrej=0 seq=0 elapsed=0 oled=3C
[   7358] STATUS mode=3 fault=none p60=-10 dp60=-1 pwm=-114 ball=26.10 vball=1.56 aball=2.5 bref=50.00 pid=-21.6 apid=2.5 integ=-0.0 vision=1 current=1 vframe=543 vs=1 vage=7 vpage=7 vdt=12 vmax=170 vacc=541 vrej=0 seq=0 elapsed=0 oled=3C
[   7389] STATUS mode=3 fault=none p60=-10 dp60=0 pwm=0 ball=26.10 vball=1.56 aball=2.5 bref=50.00 pid=-21.6 apid=2.5 integ=-0.0 vision=1 current=1 vframe=543 vs=1 vage=27 vpage=27 vdt=12 vmax=170 vacc=541 vrej=0 seq=0 elapsed=0 oled=3C
[   7405] STATUS mode=3 fault=none p60=-10 dp60=0 pwm=0 ball=26.07 vball=1.17 aball=0.3 bref=50.00 pid=-26.8 apid=0.3 integ=-0.0 vision=1 current=1 vframe=544 vs=1 vage=15 vpage=15 vdt=32 vmax=170 vacc=542 vrej=0 seq=0 elapsed=0 oled=3C
[   7421] STATUS mode=3 fault=none p60=-10 dp60=0 pwm=0 ball=26.07 vball=1.17 aball=0.3 bref=50.00 pid=-26.8 apid=0.3 integ=-0.0 vision=1 current=1 vframe=544 vs=1 vage=35 vpage=35 vdt=32 vmax=170 vacc=542 vrej=0 seq=0 elapsed=0 oled=3C
[   7452] STATUS mode=3 fault=none p60=-10 dp60=0 pwm=-116 ball=26.07 vball=0.97 aball=-0.5 bref=50.00 pid=-29.1 apid=-0.5 integ=-0.0 vision=1 current=1 vframe=545 vs=1 vage=16 vpage=16 vdt=39 vmax=170 vacc=543 vrej=0 seq=0 elapsed=0 oled=3C
[   7468] STATUS mode=3 fault=none p60=-10 dp60=0 pwm=0 ball=26.07 vball=0.97 aball=-0.5 bref=50.00 pid=-29.1 apid=-0.5 integ=-0.0 vision=1 current=1 vframe=545 vs=1 vage=36 vpage=36 vdt=39 vmax=170 vacc=543 vrej=0 seq=0 elapsed=0 oled=3C
[   7483] STATUS mode=3 fault=none p60=-10 dp60=0 pwm=0 ball=26.07 vball=0.97 aball=-0.5 bref=50.00 pid=-29.1 apid=-0.5 integ=-0.0 vision=1 current=1 vframe=545 vs=1 vage=56 vpage=56 vdt=39 vmax=170 vacc=543 vrej=0 seq=0 elapsed=0 oled=3C
[   7500] STATUS mode=3 fault=none p60=-10 dp60=0 pwm=0 ball=26.07 vball=0.97 aball=-0.5 bref=50.00 pid=-29.1 apid=-0.5 integ=-0.0 vision=1 current=1 vframe=545 vs=1 vage=76 vpage=76 vdt=39 vmax=170 vacc=543 vrej=0 seq=0 elapsed=0 oled=3C
[   7530] STATUS mode=3 fault=none p60=-10 dp60=0 pwm=0 ball=26.07 vball=0.97 aball=-0.5 bref=50.00 pid=-29.1 apid=-0.5 integ=-0.0 vision=1 current=1 vframe=545 vs=1 vage=96 vpage=96 vdt=39 vmax=170 vacc=543 vrej=0 seq=0 elapsed=0 oled=3C
[   7546] STATUS mode=3 fault=none p60=-10 dp60=0 pwm=0 ball=26.07 vball=0.97 aball=-0.5 bref=50.00 pid=-29.1 apid=-0.5 integ=-0.0 vision=1 current=1 vframe=545 vs=1 vage=116 vpage=116 vdt=39 vmax=170 vacc=543 vrej=0 seq=0 elapsed=0 oled=3C
[   7561] STATUS mode=3 fault=none p60=-10 dp60=0 pwm=-116 ball=26.12 vball=0.93 aball=-0.5 bref=50.00 pid=-29.3 apid=-0.5 integ=-0.0 vision=1 current=1 vframe=546 vs=1 vage=19 vpage=19 vdt=117 vmax=170 vacc=544 vrej=0 seq=0 elapsed=0 oled=3C
[   7593] STATUS mode=3 fault=none p60=-10 dp60=0 pwm=0 ball=26.07 vball=0.41 aball=-3.8 bref=50.00 pid=-36.6 apid=-3.8 integ=-0.0 vision=1 current=1 vframe=547 vs=1 vage=16 vpage=16 vdt=23 vmax=170 vacc=545 vrej=0 seq=0 elapsed=0 oled=3C
[   7608] STATUS mode=3 fault=none p60=-10 dp60=0 pwm=0 ball=26.05 vball=0.25 aball=-3.8 bref=50.00 pid=-36.6 apid=-3.8 integ=-0.0 vision=1 current=1 vframe=548 vs=1 vage=2 vpage=2 vdt=34 vmax=170 vacc=546 vrej=0 seq=0 elapsed=0 oled=3C
[   7625] STATUS mode=3 fault=none p60=-10 dp60=0 pwm=-118 ball=26.05 vball=0.25 aball=-3.9 bref=50.00 pid=-38.0 apid=-3.9 integ=-0.0 vision=1 current=1 vframe=548 vs=1 vage=22 vpage=22 vdt=34 vmax=170 vacc=546 vrej=0 seq=0 elapsed=0 oled=3C
[   7639] STATUS mode=3 fault=none p60=-10 dp60=0 pwm=0 ball=26.05 vball=0.25 aball=-3.9 bref=50.00 pid=-38.0 apid=-3.9 integ=-0.0 vision=1 current=1 vframe=548 vs=1 vage=42 vpage=42 vdt=34 vmax=170 vacc=546 vrej=0 seq=0 elapsed=0 oled=3C
[   7671] STATUS mode=3 fault=none p60=-10 dp60=0 pwm=0 ball=26.05 vball=0.25 aball=-3.9 bref=50.00 pid=-38.0 apid=-3.9 integ=-0.0 vision=1 current=1 vframe=548 vs=1 vage=62 vpage=62 vdt=34 vmax=170 vacc=546 vrej=0 seq=0 elapsed=0 oled=3C
[   7686] STATUS mode=3 fault=none p60=-10 dp60=0 pwm=0 ball=26.05 vball=0.25 aball=-3.9 bref=50.00 pid=-38.0 apid=-3.9 integ=-0.0 vision=1 current=1 vframe=548 vs=1 vage=82 vpage=82 vdt=34 vmax=170 vacc=546 vrej=0 seq=0 elapsed=0 oled=3C
[   7702] STATUS mode=3 fault=none p60=-10 dp60=0 pwm=-118 ball=26.04 vball=0.19 aball=-3.4 bref=50.00 pid=-38.0 apid=-3.4 integ=-0.0 vision=1 current=1 vframe=549 vs=1 vage=7 vpage=7 vdt=95 vmax=170 vacc=547 vrej=0 seq=0 elapsed=0 oled=3C
[   7733] STATUS mode=3 fault=none p60=-10 dp60=0 pwm=0 ball=26.01 vball=-0.06 aball=-4.7 bref=50.00 pid=-41.1 apid=-4.7 integ=-0.0 vision=1 current=1 vframe=550 vs=1 vage=6 vpage=6 vdt=21 vmax=170 vacc=548 vrej=0 seq=0 elapsed=0 oled=3C
[   7750] STATUS mode=3 fault=none p60=-10 dp60=0 pwm=0 ball=26.01 vball=-0.06 aball=-4.7 bref=50.00 pid=-41.1 apid=-4.7 integ=-0.0 vision=1 current=1 vframe=550 vs=1 vage=26 vpage=26 vdt=21 vmax=170 vacc=548 vrej=0 seq=0 elapsed=0 oled=3C
[   7764] STATUS mode=3 fault=none p60=-10 dp60=0 pwm=-118 ball=26.00 vball=-0.10 aball=-4.2 bref=50.00 pid=-40.9 apid=-4.2 integ=-0.0 vision=1 current=1 vframe=551 vs=1 vage=12 vpage=12 vdt=34 vmax=170 vacc=549 vrej=0 seq=0 elapsed=0 oled=3C
[   7780] STATUS mode=3 fault=none p60=-10 dp60=0 pwm=0 ball=26.00 vball=-0.10 aball=-4.2 bref=50.00 pid=-40.9 apid=-4.2 integ=-0.0 vision=1 current=1 vframe=551 vs=1 vage=32 vpage=32 vdt=34 vmax=170 vacc=549 vrej=0 seq=0 elapsed=0 oled=3C
[   7811] STATUS mode=3 fault=none p60=-10 dp60=0 pwm=-118 ball=26.00 vball=-0.10 aball=-4.2 bref=50.00 pid=-40.9 apid=-4.2 integ=-0.0 vision=1 current=1 vframe=551 vs=1 vage=52 vpage=52 vdt=34 vmax=170 vacc=549 vrej=0 seq=0 elapsed=0 oled=3C
[   7827] STATUS mode=3 fault=none p60=-10 dp60=0 pwm=0 ball=26.00 vball=-0.10 aball=-4.2 bref=50.00 pid=-40.9 apid=-4.2 integ=-0.0 vision=1 current=1 vframe=551 vs=1 vage=72 vpage=72 vdt=34 vmax=170 vacc=549 vrej=0 seq=0 elapsed=0 oled=3C
[   7843] STATUS mode=3 fault=none p60=-10 dp60=0 pwm=0 ball=26.00 vball=-0.10 aball=-4.2 bref=50.00 pid=-40.9 apid=-4.2 integ=-0.0 vision=1 current=1 vframe=551 vs=1 vage=92 vpage=92 vdt=34 vmax=170 vacc=549 vrej=0 seq=0 elapsed=0 oled=3C
[   7875] STATUS mode=3 fault=none p60=-10 dp60=0 pwm=-118 ball=25.97 vball=-0.12 aball=-3.6 bref=50.00 pid=-40.5 apid=-3.6 integ=-0.0 vision=1 current=1 vframe=552 vs=1 vage=17 vpage=17 vdt=95 vmax=170 vacc=550 vrej=0 seq=0 elapsed=0 oled=3C
[   7889] STATUS mode=3 fault=none p60=-10 dp60=0 pwm=0 ball=25.98 vball=-0.08 aball=-2.8 bref=50.00 pid=-39.4 apid=-2.8 integ=-0.0 vision=1 current=1 vframe=553 vs=1 vage=14 vpage=14 vdt=23 vmax=170 vacc=551 vrej=0 seq=0 elapsed=0 oled=3C
[   7905] STATUS mode=3 fault=none p60=-10 dp60=0 pwm=-118 ball=26.04 vball=0.20 aball=-2.8 bref=50.00 pid=-39.4 apid=-2.8 integ=-0.0 vision=1 current=1 vframe=554 vs=1 vage=2 vpage=2 vdt=32 vmax=170 vacc=552 vrej=0 seq=0 elapsed=0 oled=3C
[   7921] STATUS mode=3 fault=none p60=-10 dp60=0 pwm=0 ball=26.04 vball=0.20 aball=-1.1 bref=50.00 pid=-35.5 apid=-1.1 integ=-0.0 vision=1 current=1 vframe=554 vs=1 vage=22 vpage=22 vdt=32 vmax=170 vacc=552 vrej=0 seq=0 elapsed=0 oled=3C
[   7952] STATUS mode=3 fault=none p60=-10 dp60=0 pwm=0 ball=26.04 vball=0.20 aball=-1.1 bref=50.00 pid=-35.5 apid=-1.1 integ=-0.0 vision=1 current=1 vframe=554 vs=1 vage=42 vpage=42 vdt=32 vmax=170 vacc=552 vrej=0 seq=0 elapsed=0 oled=3C
[   7968] STATUS mode=3 fault=none p60=-10 dp60=0 pwm=0 ball=26.04 vball=0.20 aball=-1.1 bref=50.00 pid=-35.5 apid=-1.1 integ=-0.0 vision=1 current=1 vframe=554 vs=1 vage=62 vpage=62 vdt=32 vmax=170 vacc=552 vrej=0 seq=0 elapsed=0 oled=3C
[   7983] STATUS mode=3 fault=none p60=-10 dp60=0 pwm=0 ball=26.04 vball=0.20 aball=-1.1 bref=50.00 pid=-35.5 apid=-1.1 integ=-0.0 vision=1 current=1 vframe=554 vs=1 vage=82 vpage=82 vdt=32 vmax=170 vacc=552 vrej=0 seq=0 elapsed=0 oled=3C
[   8014] STATUS mode=3 fault=none p60=-10 dp60=0 pwm=-117 ball=26.04 vball=0.19 aball=-0.9 bref=50.00 pid=-35.4 apid=-0.9 integ=-0.0 vision=1 current=1 vframe=555 vs=1 vage=7 vpage=7 vdt=95 vmax=170 vacc=553 vrej=0 seq=0 elapsed=0 oled=3C
[   8030] STATUS mode=3 fault=none p60=-10 dp60=0 pwm=0 ball=26.07 vball=0.41 aball=-0.9 bref=50.00 pid=-35.4 apid=-0.9 integ=-0.0 vision=1 current=1 vframe=556 vs=1 vage=3 vpage=3 vdt=24 vmax=170 vacc=554 vrej=0 seq=0 elapsed=0 oled=3C
[   8046] STATUS mode=3 fault=none p60=-10 dp60=0 pwm=0 ball=26.07 vball=0.41 aball=0.6 bref=50.00 pid=-32.2 apid=0.6 integ=-0.0 vision=1 current=1 vframe=556 vs=1 vage=23 vpage=23 vdt=24 vmax=170 vacc=554 vrej=0 seq=0 elapsed=0 oled=3C
[   8061] STATUS mode=3 fault=none p60=-10 dp60=0 pwm=-116 ball=26.08 vball=0.40 aball=0.5 bref=50.00 pid=-32.4 apid=0.5 integ=-0.0 vision=1 current=1 vframe=557 vs=1 vage=12 vpage=12 vdt=31 vmax=170 vacc=555 vrej=0 seq=0 elapsed=0 oled=3C
[   8093] STATUS mode=3 fault=none p60=-10 dp60=0 pwm=0 ball=26.08 vball=0.40 aball=0.5 bref=50.00 pid=-32.4 apid=0.5 integ=-0.0 vision=1 current=1 vframe=557 vs=1 vage=32 vpage=32 vdt=31 vmax=170 vacc=555 vrej=0 seq=0 elapsed=0 oled=3C
[   8108] STATUS mode=3 fault=none p60=-10 dp60=0 pwm=0 ball=26.08 vball=0.40 aball=0.5 bref=50.00 pid=-32.4 apid=0.5 integ=-0.0 vision=1 current=1 vframe=557 vs=1 vage=52 vpage=52 vdt=31 vmax=170 vacc=555 vrej=0 seq=0 elapsed=0 oled=3C
[   8125] STATUS mode=3 fault=none p60=-10 dp60=0 pwm=0 ball=26.08 vball=0.40 aball=0.5 bref=50.00 pid=-32.4 apid=0.5 integ=-0.0 vision=1 current=1 vframe=557 vs=1 vage=72 vpage=72 vdt=31 vmax=170 vacc=555 vrej=0 seq=0 elapsed=0 oled=3C
[   8139] STATUS mode=3 fault=none p60=-10 dp60=0 pwm=0 ball=26.08 vball=0.40 aball=0.5 bref=50.00 pid=-32.4 apid=0.5 integ=-0.0 vision=1 current=1 vframe=557 vs=1 vage=92 vpage=92 vdt=31 vmax=170 vacc=555 vrej=0 seq=0 elapsed=0 oled=3C
[   8171] STATUS mode=3 fault=none p60=-10 dp60=0 pwm=-117 ball=26.09 vball=0.34 aball=0.3 bref=50.00 pid=-33.0 apid=0.3 integ=-0.0 vision=1 current=1 vframe=558 vs=1 vage=14 vpage=14 vdt=98 vmax=170 vacc=556 vrej=0 seq=0 elapsed=0 oled=3C
[   8186] STATUS mode=3 fault=none p60=-10 dp60=0 pwm=0 ball=26.27 vball=1.95 aball=13.0 bref=50.00 pid=-8.0 apid=13.0 integ=-0.0 vision=1 current=1 vframe=559 vs=1 vage=15 vpage=15 vdt=19 vmax=170 vacc=557 vrej=0 seq=0 elapsed=0 oled=3C
[   8202] STATUS mode=3 fault=none p60=-10 dp60=0 pwm=0 ball=26.34 vball=2.01 aball=13.0 bref=50.00 pid=-8.0 apid=13.0 integ=-0.0 vision=1 current=1 vframe=560 vs=1 vage=1 vpage=1 vdt=34 vmax=170 vacc=558 vrej=0 seq=0 elapsed=0 oled=3C
[   8218] STATUS mode=3 fault=none p60=-10 dp60=0 pwm=-111 ball=26.34 vball=2.01 aball=11.3 bref=50.00 pid=-9.1 apid=11.3 integ=-0.0 vision=1 current=1 vframe=560 vs=1 vage=21 vpage=21 vdt=34 vmax=170 vacc=558 vrej=0 seq=0 elapsed=0 oled=3C
[   8250] STATUS mode=3 fault=none p60=-10 dp60=0 pwm=0 ball=26.34 vball=2.01 aball=11.3 bref=50.00 pid=-9.1 apid=11.3 integ=-0.0 vision=1 current=1 vframe=560 vs=1 vage=41 vpage=41 vdt=34 vmax=170 vacc=558 vrej=0 seq=0 elapsed=0 oled=3C
[   8264] STATUS mode=3 fault=none p60=-10 dp60=0 pwm=0 ball=26.34 vball=2.01 aball=11.3 bref=50.00 pid=-9.1 apid=11.3 integ=-0.0 vision=1 current=1 vframe=560 vs=1 vage=61 vpage=61 vdt=34 vmax=170 vacc=558 vrej=0 seq=0 elapsed=0 oled=3C
[   8280] STATUS mode=3 fault=none p60=-10 dp60=0 pwm=0 ball=26.34 vball=2.01 aball=11.3 bref=50.00 pid=-9.1 apid=11.3 integ=-0.0 vision=1 current=1 vframe=560 vs=1 vage=81 vpage=81 vdt=34 vmax=170 vacc=558 vrej=0 seq=0 elapsed=0 oled=3C
[   8311] STATUS mode=3 fault=none p60=-10 dp60=0 pwm=0 ball=25.85 vball=1.21 aball=11.3 bref=50.00 pid=-9.1 apid=11.3 integ=-0.0 vision=1 current=1 vframe=561 vs=1 vage=2 vpage=2 vdt=99 vmax=170 vacc=559 vrej=0 seq=0 elapsed=0 oled=3C
[   8327] STATUS mode=3 fault=none p60=-10 dp60=0 pwm=0 ball=25.85 vball=1.21 aball=8.4 bref=50.00 pid=-18.8 apid=8.4 integ=-0.0 vision=1 current=1 vframe=561 vs=1 vage=22 vpage=22 vdt=99 vmax=170 vacc=559 vrej=0 seq=0 elapsed=0 oled=3C
[   8343] STATUS mode=3 fault=none p60=-10 dp60=0 pwm=0 ball=25.61 vball=-0.15 aball=1.1 bref=50.00 pid=-36.6 apid=1.1 inte
[   8343] >>> stop
[   8343] g=-0.0 vision=1 current=1 vframe=562 vs=1 vage=8 vpage=8 vdt=34 vmax=170 vacc=560 vrej=0 seq=0 elapsed=0 oled=3C
[   8358] STATUS mode=1 fault=none p60=-10 dp60=0 pwm=0 ball=25.61 vball=-0.15 aball=1.1 bref=50.00 pid=-36.6 apid=1.1 integ=-0.0 vision=1 current=1 vframe=562 vs=1 vage=28 vpage=28 vdt=34 vmax=170 vacc=560 vrej=0 seq=0 elapsed=0 oled=3C
[   8389] STATUS mode=1 fault=none p60=-10 dp60=0 pwm=0 ball=25.95 vball=1.45 aball=1.1 bref=50.00 pid=-36.6 apid=1.1 integ=-0.0 vision=1 current=1 vframe=563 vs=1 vage=15 vpage=15 vdt=33 vmax=170 vacc=561 vrej=0 seq=0 elapsed=0 oled=3C
[   8405] STATUS mode=1 fault=none p60=-10 dp60=0 pwm=0 ball=25.95 vball=1.45 aball=1.1 bref=50.00 pid=-36.6 apid=1.1 integ=-0.0 vision=1 current=1 vframe=563 vs=1 vage=35 vpage=35 vdt=33 vmax=170 vacc=561 vrej=0 seq=0 elapsed=0 oled=3C
[   8421] STATUS mode=1 fault=none p60=-10 dp60=0 pwm=0 ball=25.95 vball=1.45 aball=1.1 bref=50.00 pid=-36.6 apid=1.1 integ=-0.0 vision=1 current=1 vframe=563 vs=1 vage=55 vpage=55 vdt=33 vmax=170 vacc=561 vrej=0 seq=0 elapsed=0 oled=3C
[   8436] STATUS mode=1 fault=none p60=-10 dp60=0 pwm=0 ball=25.95 vball=1.45 aball=1.1 bref=50.00 pid=-36.6 apid=1.1 integ=-0.0 vision=1 current=1 vframe=563 vs=1 vage=75 vpage=75 vdt=33 vmax=170 vacc=561 vrej=0 seq=0 elapsed=0 oled=3C
[   8468] STATUS mode=1 fault=none p60=-10 dp60=0 pwm=0 ball=25.95 vball=1.45 aball=1.1 bref=50.00 pid=-36.6 apid=1.1 integ=-0.0 vision=1 current=1 vframe=563 vs=1 vage=95 vpage=95 vdt=33 vmax=170 vacc=561 vrej=0 seq=0 elapsed=0 oled=3C
[   8483] STATUS mode=1 fault=none p60=-10 dp60=0 pwm=0 ball=26.00 vball=1.35 aball=1.1 bref=50.00 pid=-36.6 apid=1.1 integ=-0.0 vision=1 current=1 vframe=564 vs=1 vage=15 vpage=15 vdt=100 vmax=170 vacc=562 vrej=0 seq=0 elapsed=0 oled=3C
[   8500] STATUS mode=1 fault=none p60=-10 dp60=0 pwm=0 ball=25.67 vball=-0.56 aball=1.1 bref=50.00 pid=-36.6 apid=1.1 integ=-0.0 vision=1 current=1 vframe=565 vs=1 vage=1 vpage=1 vdt=34 vmax=170 vacc=563 vrej=0 seq=0 elapsed=0 oled=3C
[   8530] STATUS mode=1 fault=none p60=-10 dp60=0 pwm=0 ball=25.67 vball=-0.56 aball=1.1 bref=50.00 pid=-36.6 apid=1.1 integ=-0.0 vision=1 current=1 vframe=565 vs=1 vage=21 vpage=21 vdt=34 vmax=170 vacc=563 vrej=0 seq=0 elapsed=0 oled=3C
[   8546] STATUS mode=1 fault=none p60=-10 dp60=0 pwm=0 ball=25.55 vball=-1.02 aball=1.1 bref=50.00 pid=-36.6 apid=1.1 integ=-0.0 vision=1 current=1 vframe=566 vs=1 vage=9 vpage=9 vdt=32 vmax=170 vacc=564 vrej=0 seq=0 elapsed=0 oled=3C
[   8561] STATUS mode=1 fault=none p60=-10 dp60=0 pwm=0 ball=25.55 vball=-1.02 aball=1.1 bref=50.00 pid=-36.6 apid=1.1 integ=-0.0 vision=1 current=1 vframe=566 vs=1 vage=29 vpage=29 vdt=32 vmax=170 vacc=564 vrej=0 seq=0 elapsed=0 oled=3C
[   8577] STATUS mode=1 fault=none p60=-10 dp60=0 pwm=0 ball=25.55 vball=-1.02 aball=1.1 bref=50.00 pid=-36.6 apid=1.1 integ=-0.0 vision=1 current=1 vframe=566 vs=1 vage=49 vpage=49 vdt=32 vmax=170 vacc=564 vrej=0 seq=0 elapsed=0 oled=3C
[   8608] STATUS mode=1 fault=none p60=-10 dp60=0 pwm=0 ball=25.55 vball=-1.02 aball=1.1 bref=50.00 pid=-36.6 apid=1.1 integ=-0.0 vision=1 current=1 vframe=566 vs=1 vage=69 vpage=69 vdt=32 vmax=170 vacc=564 vrej=0 seq=0 elapsed=0 oled=3C
[   8625] STATUS mode=1 fault=none p60=-10 dp60=0 pwm=0 ball=25.55 vball=-1.02 aball=1.1 bref=50.00 pid=-36.6 apid=1.1 integ=-0.0 vision=1 current=1 vframe=566 vs=1 vage=89 vpage=89 vdt=32 vmax=170 vacc=564 vrej=0 seq=0 elapsed=0 oled=3C
[   8639] STATUS mode=1 fault=none p60=-10 dp60=0 pwm=0 ball=25.98 vball=0.60 aball=1.1 bref=50.00 pid=-36.6 apid=1.1 integ=-0.0 vision=1 current=1 vframe=567 vs=1 vage=14 vpage=14 vdt=95 vmax=170 vacc=565 vrej=0 seq=0 elapsed=0 oled=3C
[   8655] STATUS mode=1 fault=none p60=-10 dp60=0 pwm=0 ball=26.02 vball=0.77 aball=1.1 bref=50.00 pid=-36.6 apid=1.1 integ=-0.0 vision=1 current=1 vframe=568 vs=1 vage=2 vpage=2 vdt=32 vmax=170 vacc=566 vrej=0 seq=0 elapsed=0 oled=3C
[   8686] STATUS mode=1 fault=none p60=-10 dp60=0 pwm=0 ball=26.02 vball=0.77 aball=1.1 bref=50.00 pid=-36.6 apid=1.1 integ=-0.0 vision=1 current=1 vframe=568 vs=1 vage=22 vpage=22 vdt=32 vmax=170 vacc=566 vrej=0 seq=0 elapsed=0 oled=3C
[   8702] STATUS mode=1 fault=none p60=-10 dp60=0 pwm=0 ball=25.98 vball=0.39 aball=1.1 bref=50.00 pid=-36.6 apid=1.1 integ=-0.0 vision=1 current=1 vframe=569 vs=1 vage=19 vpage=19 vdt=23 vmax=170 vacc=567 vrej=0 seq=0 elapsed=0 oled=3C
[   8718] STATUS mode=1 fault=none p60=-10 dp60=0 pwm=0 ball=25.98 vball=0.39 aball=1.1 bref=50.00 pid=-36.6 apid=1.1 integ=-0.0 vision=1 current=1 vframe=569 vs=1 vage=39 vpage=39 vdt=23 vmax=170 vacc=567 vrej=0 seq=0 elapsed=0 oled=3C
[   8750] STATUS mode=1 fault=none p60=-10 dp60=0 pwm=0 ball=25.98 vball=0.39 aball=1.1 bref=50.00 pid=-36.6 apid=1.1 integ=-0.0 vision=1 current=1 vframe=569 vs=1 vage=59 vpage=59 vdt=23 vmax=170 vacc=567 vrej=0 seq=0 elapsed=0 oled=3C
[   8764] STATUS mode=1 fault=none p60=-10 dp60=0 pwm=0 ball=25.98 vball=0.39 aball=1.1 bref=50.00 pid=-36.6 apid=1.1 integ=-0.0 vision=1 current=1 vframe=569 vs=1 vage=79 vpage=79 vdt=23 vmax=170 vacc=567 vrej=0 seq=0 elapsed=0 oled=3C
[   8780] STATUS mode=1 fault=none p60=-10 dp60=0 pwm=0 ball=25.95 vball=0.25 aball=1.1 bref=50.00 pid=-36.6 apid=1.1 integ=-0.0 vision=1 current=1 vframe=570 vs=1 vage=1 vpage=1 vdt=98 vmax=170 vacc=568 vrej=0 seq=0 elapsed=0 oled=3C
[   8811] STATUS mode=1 fault=none p60=-10 dp60=0 pwm=0 ball=25.92 vball=0.01 aball=1.1 bref=50.00 pid=-36.6 apid=1.1 integ=-0.0 vision=1 current=1 vframe=571 vs=1 vage=2 vpage=2 vdt=19 vmax=170 vacc=569 vrej=0 seq=0 elapsed=0 oled=3C
[   8827] STATUS mode=1 fault=none p60=-10 dp60=0 pwm=0 ball=25.92 vball=0.01 aball=1.1 bref=50.00 pid=-36.6 apid=1.1 integ=-0.0 vision=1 current=1 vframe=571 vs=1 vage=22 vpage=22 vdt=19 vmax=170 vacc=569 vrej=0 seq=0 elapsed=0 oled=3C
[   8843] STATUS mode=1 fault=none p60=-10 dp60=0 pwm=0 ball=25.92 vball=-0.01 aball=1.1 bref=50.00 pid=-36.6 apid=1.1 integ=-0.0 vision=1 current=1 vframe=572 vs=1 vage=8 vpage=8 vdt=34 vmax=170 vacc=570 vrej=0 seq=0 elapsed=0 oled=3C
[   8858] STATUS mode=1 fault=none p60=-10 dp60=0 pwm=0 ball=25.92 vball=-0.01 aball=1.1 bref=50.00 pid=-36.6 apid=1.1 integ=-0.0 vision=1 current=1 vframe=572 vs=1 vage=28 vpage=28 vdt=34 vmax=170 vacc=570 vrej=0 seq=0 elapsed=0 oled=3C
[   8889] STATUS mode=1 fault=none p60=-10 dp60=0 pwm=0 ball=25.92 vball=-0.01 aball=1.1 bref=50.00 pid=-36.6 apid=1.1 integ=-0.0 vision=1 current=1 vframe=572 vs=1 vage=48 vpage=48 vdt=34 vmax=170 vacc=570 vrej=0 seq=0 elapsed=0 oled=3C
[   8905] STATUS mode=1 fault=none p60=-10 dp60=0 pwm=0 ball=25.92 vball=-0.01 aball=1.1 bref=50.00 pid=-36.6 apid=1.1 integ=-0.0 vision=1 current=1 vframe=572 vs=1 vage=68 vpage=68 vdt=34 vmax=170 vacc=570 vrej=0 seq=0 elapsed=0 oled=3C
[   8921] STATUS mode=1 fault=none p60=-10 dp60=0 pwm=0 ball=25.92 vball=-0.01 aball=1.1 bref=50.00 pid=-36.6 apid=1.1 integ=-0.0 vision=1 current=1 vframe=572 vs=1 vage=88 vpage=88 vdt=34 vmax=170 vacc=570 vrej=0 seq=0 elapsed=0 oled=3C
[   8936] STATUS mode=1 fault=none p60=-10 dp60=0 pwm=0 ball=25.92 vball=-0.01 aball=1.1 bref=50.00 pid=-36.6 apid=1.1 integ=-0.0 vision=1 current=1 vframe=573 vs=1 vage=15 vpage=15 vdt=93 vmax=170 vacc=571 vrej=0 seq=0 elapsed=0 oled=3C
[   8952] STA
[   8952] >>> status
[   8968] TUS mode=1 fault=none p60=-10 dp60=0 pwm=0 ball=25.92 vball=-0.01 aball=1.1 bref=50.00 pid=-36.6 apid=1.1 integ=-0.0 vision=1 current=1 vframe=574 vs=1 vage=10 vpage=10 vdt=25 vmax=170 vacc=572 vrej=0 seq=0 elapsed=0 oled=3C
[   8983] STATUS mode=1 fault=none p60=-10 dp60=0 pwm=0 ball=25.92 vball=-0.01 aball=1.1 bref=50.00 pid=-36.6 apid=1.1 integ=-0.0 vision=1 current=1 vframe=574 vs=1 vage=11 vpage=11 vdt=25 vmax=170 vacc=572 vrej=0 seq=0 elapsed=0 oled=3C
[   9000] STATUS mode=1 fault=none p60=-10 dp60=0 pwm=0 ball=25.92 vball=-0.00 aball=1.1 bref=50.00 pid=-36.6 apid=1.1 integ=-0.0 vision=1 current=1 vframe=574 vs=1 vage=30 vpage=30 vdt=25 vmax=170 vacc=572 vrej=0 seq=0 elapsed=0 oled=3C
[   9030] STATUS mode=1 fault=none p60=-10 dp60=0 pwm=0 ball=25.92 vball=-0.00 aball=1.1 bref=50.00 pid=-36.6 apid=1.1 integ=-0.0 vision=1 current=1 vframe=575 vs=1 vage=19 vpage=19 vdt=31 vmax=170 vacc=573 vrej=0 seq=0 elapsed=0 oled=3C
[   9046] STATUS mode=1 fault=none p60=-10 dp60=0 pwm=0 ball=25.92 vball=-0.00 aball=1.1 bref=50.00 pid=-36.6 apid=1.1 integ=-0.0 vision=1 current=1 vframe=575 vs=1 vage=39 vpage=39 vdt=31 vmax=170 vacc=573 vrej=0 seq=0 elapsed=0 oled=3C
[   9061] STATUS mode=1 fault=none p60=-10 dp60=0 pwm=0 ball=25.92 vball=-0.00 aball=1.1 bref=50.00 pid=-36.6 apid=1.1 integ=-0.0 vision=1 current=1 vframe=575 vs=1 vage=59 vpage=59 vdt=31 vmax=170 vacc=573 vrej=0 seq=0 elapsed=0 oled=3C
[   9077] STATUS mode=1 fault=none p60=-10 dp60=0 pwm=0 ball=25.92 vball=-0.00 aball=1.1 bref=50.00 pid=-36.6 apid=1.1 integ=-0.0 vision=1 current=1 vframe=575 vs=1 vage=79 vpage=79 vdt=31 vmax=170 vacc=573 vrej=0 seq=0 elapsed=0 oled=3C
[   9108] STATUS mode=1 fault=none p60=-10 dp60=0 pwm=0 ball=25.95 vball=0.02 aball=1.1 bref=50.00 pid=-36.6 apid=1.1 integ=-0.0 vision=1 current=1 vframe=576 vs=1 vage=2 vpage=2 vdt=97 vmax=170 vacc=574 vrej=0 seq=0 elapsed=0 oled=3C
[   9125] STATUS mode=1 fault=none p60=-10 dp60=0 pwm=0 ball=25.95 vball=0.08 aball=1.1 bref=50.00 pid=-36.6 apid=1.1 integ=-0.0 vision=1 current=1 vframe=584 vs=1 vage=2 vpage=2 vdt=20 vmax=170 vacc=582 vrej=0 seq=0 elapsed=0 oled=3C
[   9139] STATUS mode=1 fault=none p60=-10 dp60=0 pwm=0 ball=25.95 vball=0.08 aball=1.1 bref=50.00 pid=-36.6 apid=1.1 integ=-0.0 vision=1 current=1 vframe=584 vs=1 vage=22 vpage=22 vdt=20 vmax=170 vacc=582 vrej=0 seq=0 elapsed=0 oled=3C
[   9155] STATUS mode=1 fault=none p60=-10 dp60=0 pwm=0 ball=25.97 vball=0.14 aball=1.1 bref=50.00 pid=-36.6 apid=1.1 integ=-0.0 vision=1 current=1 vframe=585 vs=1 vage=9 vpage=9 vdt=33 vmax=170 vacc=583 vrej=0 seq=0 elapsed=0 oled=3C
[   9186] STATUS mode=1 fault=none p60=-10 dp60=0 pwm=0 ball=25.97 vball=0.14 aball=1.1 bref=50.00 pid=-36.6 apid=1.1 integ=-0.0 vision=1 current=1 vframe=585 vs=1 vage=29 vpage=29 vdt=33 vmax=170 vacc=583 vrej=0 seq=0 elapsed=0 oled=3C
[   9202] STATUS mode=1 fault=none p60=-10 dp60=0 pwm=0 ball=25.97 vball=0.14 aball=1.1 bref=50.00 pid=-36.6 apid=1.1 integ=-0.0 vision=1 current=1 vframe=585 vs=1 vage=49 vpage=49 vdt=33 vmax=170 vacc=583 vrej=0 seq=0 elapsed=0 oled=3C
[   9218] STATUS mode=1 fault=none p60=-10 dp60=0 pwm=0 ball=25.97 vball=0.14 aball=1.1 bref=50.00 pid=-36.6 apid=1.1 integ=-0.0 vision=1 current=1 vframe=585 vs=1 vage=69 vpage=69 vdt=33 vmax=170 vacc=583 vrej=0 seq=0 elapsed=0 oled=3C
[   9233] STATUS mode=1 fault=none p60=-10 dp60=0 pwm=0 ball=25.97 vball=0.14 aball=1.1 bref=50.00 pid=-36.6 apid=1.1 integ=-0.0 vision=1 current=1 vframe=585 vs=1 vage=89 vpage=89 vdt=33 vmax=170 vacc=583 vrej=0 seq=0 elapsed=0 oled=3C
[   9264] STATUS mode=1 fault=none p60=-10 dp60=0 pwm=0 ball=25.98 vball=0.14 aball=1.1 bref=50.00 pid=-36.6 apid=1.1 integ=-0.0 vision=1 current=1 vframe=586 vs=1 vage=12 vpage=12 vdt=97 vmax=170 vacc=584 vrej=0 seq=0 elapsed=0 oled=3C
[   9280] STATUS mode=1 fault=none p60=-10 dp60=0 pwm=0 ball=25.98 vball=0.11 aball=1.1 bref=50.00 pid=-36.6 apid=1.1 integ=-0.0 vision=1 current=1 vframe=587 vs=1 vage=2 vpage=2 vdt=30 vmax=170 vacc=585 vrej=0 seq=0 elapsed=0 oled=3C
[   9296] STATUS mode=1 fault=none p60=-10 dp60=0 pwm=0 ball=25.98 vball=0.11 aball=1.1 bref=50.00 pid=-36.6 apid=1.1 integ=-0.0 vision=1 current=1 vframe=587 vs=1 vage=22 vpage=22 vdt=30 vmax=170 vacc=585 vrej=0 seq=0 elapsed=0 oled=3C
[   9327] STATUS mode=1 fault=none p60=-10 dp60=0 pwm=0 ball=26.04 vball=0.43 aball=1.1 bref=50.00 pid=-36.6 apid=1.1 integ=-0.0 vision=1 current=1 vframe=588 vs=1 vage=17 vpage=17 vdt=25 vmax=170 vacc=586 vrej=0 seq=0 elapsed=0 oled=3C
[   9343] STATUS mode=1 fault=none p60=-10 dp60=0 pwm=0 ball=26.04 vball=0.43 aball=1.1 bref=50.00 pid=-36.6 apid=1.1 integ=-0.0 vision=1 current=1 vframe=588 vs=1 vage=37 vpage=37 vdt=25 vmax=170 vacc=586 vrej=0 seq=0 elapsed=0 oled=3C
[   9358] STATUS mode=1 fault=none p60=-10 dp60=0 pwm=0 ball=26.04 vball=0.43 aball=1.1 bref=50.00 pid=-36.6 apid=1.1 integ=-0.0 vision=1 current=1 vframe=588 vs=1 vage=57 vpage=57 vdt=25 vmax=170 vacc=586 vrej=0 seq=0 elapsed=0 oled=3C
[   9375] STATUS mode=1 fault=none p60=-10 dp60=0 pwm=0 ball=26.04 vball=0.43 aball=1.1 bref=50.00 pid=-36.6 apid=1.1 integ=-0.0 vision=1 current=1 vframe=588 vs=1 vage=77 vpage=77 vdt=25 vmax=170 vacc=586 vrej=0 seq=0 elapsed=0 oled=3C
[   9405] STATUS mode=1 fault=none p60=-10 dp60=0 pwm=0 ball=26.04 vball=0.43 aball=1.1 bref=50.00 pid=-36.6 apid=1.1 integ=-0.0 vision=1 current=1 vframe=588 vs=1 vage=97 vpage=97 vdt=25 vmax=170 vacc=586 vrej=0 seq=0 elapsed=0 oled=3C
[   9421] STATUS mode=1 fault=none p60=-10 dp60=0 pwm=0 ball=26.07 vball=0.47 aball=1.1 bref=50.00 pid=-36.6 apid=1.1 integ=-0.0 vision=1 current=1 vframe=589 vs=1 vage=18 vpage=18 vdt=99 vmax=170 vacc=587 vrej=0 seq=0 elapsed=0 oled=3C
[   9436] STATUS mode=1 fault=none p60=-10 dp60=0 pwm=0 ball=26.06 vball=0.34 aball=1.1 bref=50.00 pid=-36.6 apid=1.1 integ=-0.0 vision=1 current=1 vframe=590 vs=1 vage=19 vpage=19 vdt=19 vmax=170 vacc=588 vrej=0 seq=0 elapsed=0 oled=3C
[   9452] STATUS mode=1 fault=none p60=-10 dp60=0 pwm=0 ball=26.06 vball=0.29 aball=1.1 bref=50.00 pid=-36.6 apid=1.1 integ=-0.0 vision=1 current=1 vframe=591 vs=1 vage=8 vpage=8 vdt=31 vmax=170 vacc=589 vrej=0 seq=0 elapsed=0 oled=3C
[   9483] STATUS mode=1 fault=none p60=-10 dp60=0 pwm=0 ball=26.06 vball=0.29 aball=1.1 bref=50.00 pid=-36.6 apid=1.1 integ=-0.0 vision=1 current=1 vframe=591 vs=1 vage=28 vpage=28 vdt=31 vmax=170 vacc=589 vrej=0 seq=0 elapsed=0 oled=3C
[   9500] STATUS mode=1 fault=none p60=-10 dp60=0 pwm=0 ball=26.06 vball=0.29 aball=1.1 bref=50.00 pid=-36.6 apid=1.1 integ=-0.0 vision=1 current=1 vframe=591 vs=1 vage=48 vpage=48 vdt=31 vmax=170 vacc=589 vrej=0 seq=0 elapsed=0 oled=3C
[   9514] STATUS mode=1 fault=none p60=-10 dp60=0 pwm=0 ball=26.06 vball=0.29 aball=1.1 bref=50.00 pid=-36.6 apid=1.1 integ=-0.0 vision=1 current=1 vframe=591 vs=1 vage=68 vpage=68 vdt=31 vmax=170 vacc=589 vrej=0 seq=0 elapsed=0 oled=3C
[   9530] STATUS mode=1 fault=none p60=-10 dp60=0 pwm=0 ball=26.06 vball=0.29 aball=1.1 bref=50.00 pid=-36.6 apid=1.1 integ=-0.0 vision=1 current=1 vframe=591 vs=1 vage=88 vpage=88 vdt=31 vmax=170 vacc=589 vrej=0 seq=0 elapsed=0 oled=3C
[   9561] STATUS mode=1 fault=none p60=-10 dp60=0 pwm=0 ball=25.61 vball=-1.45 aball=1.1 bref=50.00 pid=-36.6 apid=1.1 integ=-0.0 vision=1 current=1 vframe=592 vs=1 vage=8 vpage=8 vdt=100 vmax=170 vac
[   9561] >>> stream off
[   9561] c=590 vrej=0 seq=0 elapsed=0 oled=3C
[   9561] OK stream off
