[     16] >>> bench on
[     16] OK visual-only bench active; use zero before motor tests
[    641] >>> stop
[    641] OK stopped
[   1266] >>> gain ball 1.5 0.0 7.5 -1
[   1266] OK ball gains kp=1.500 ki=0.000 kd=7.500 sign=-1
[   1875] >>> gain accel 1.0
[   1891] OK ball acceleration gain ka=1.000
[   2500] >>> limit pwm 140
[   2516] OK beam PWM limit=140
[   3141] >>> stream on 20
[   3141] OK stream on 20 ms
[   3172] STATUS mode=1 fault=none p60=0 dp60=0 pwm=0 ball=24.48 vball=0.63 aball=0.0 bref=0.00 pid=0.0 apid=0.0 integ=0.0 vision=1 current=1 vframe=357 vs=1 vage=30 vpage=30 vdt=34 vmax=165 vacc=357 vrej=0 seq=0 elapsed=0 oled=3C
[   3188] STATUS mode=1 fault=none p60=0 dp60=0 pwm=0 ball=24.48 vball=0.63 aball=0.0 bref=0.00 pid=0.0 apid=0.0 integ=0.0 vision=1 current=1 vframe=357 vs=1 vage=50 vpage=50 vdt=34 vmax=165 vacc=357 vrej=0 seq=0 elapsed=0 oled=3C
[   3219] STATUS mode=1 fault=none p60=0 dp60=0 pwm=0 ball=24.48 vball=0.63 aball=0.0 bref=0.00 pid=0.0 apid=0.0 integ=0.0 vision=1 current=1 vframe=357 vs=1 vage=70 vpage=70 vdt=34 vmax=165 vacc=357 vrej=0 seq=0 elapsed=0 oled=3C
[   3233] STATUS mode=1 fault=none p60=0 dp60=0 pwm=0 ball=24.48 vball=0.63 aball=0.0 bref=0.00 pid=0.0 apid=0.0 integ=0.0 vision=1 current=1 vframe=357 vs=1 vage=90 vpage=90 vdt=34 vmax=165 vacc=357 vrej=0 seq=0 elapsed=0 oled=3C
[   3250] STATUS mode=1 fault=none p60=0 dp60=0 pwm=0 ball=24.46 vball=0.53 aball=0.0 bref=0.00 pid=0.0 apid=0.0 integ=0.0 vision=1 current=1 vframe=358 vs=1 vage=11 vpage=11 vdt=99 vmax=165 vacc=358 vrej=0 seq=0 elapsed=0 oled=3C
[   3281] STATUS mode=1 fault=none p60=0 dp60=0 pwm=0 ball=24.46 vball=0.53 aball=0.0 bref=0.00 pid=0.0 apid=0.0 integ=0.0 vision=1 current=1 vframe=358 vs=1 vage=31 vpage=31 vdt=99 vmax=165 vacc=358 vrej=0 seq=0 elapsed=0 oled=3C
[   3297] STATUS mode=1 fault=none p60=0 dp60=0 pwm=0 ball=24.45 vball=0.33 aball=0.0 bref=0.00 pid=0.0 apid=0.0 integ=0.0 vision=1 current=1 vframe=359 vs=1 vage=18 vpage=18 vdt=33 vmax=165 vacc=359 vrej=0 seq=0 elapsed=0 oled=3C
[   3313] STATUS mode=1 fault=none p60=0 dp60=0 pwm=0 ball=24.45 vball=0.33 aball=0.0 bref=0.00 pid=0.0 apid=0.0 integ=0.0 vision=1 current=1 vframe=359 vs=1 vage=38 vpage=38 vdt=33 vmax=165 vacc=359 vrej=0 seq=0 elapsed=0 oled=3C
[   3328] STATUS mode=1 fault=none p60=0 dp60=0 pwm=0 ball=24.45 vball=0.33 aball=0.0 bref=0.00 pid=0.0 apid=0.0 integ=0.0 vision=1 current=1 vframe=359 vs=1 vage=58 vpage=58 vdt=33 vmax=165 vacc=359 vrej=0 seq=0 elapsed=0 oled=3C
[   3358] STATUS mode=1 fault=none p60=0 dp60=0 pwm=0 ball=24.45 vball=0.33 aball=0.0 bref=0.00 pid=0.0 apid=0.0 integ=0.0 vision=1 current=1 vframe=359 vs=1 vage=78 vpage=78 vdt=33 vmax=165 vacc=359 vrej=0 seq=0 elapsed=0 oled=3C
[   3375] STATUS mode=1 fault=none p60=0 dp60=0 pwm=0 ball=24.45 vball=0.33 aball=0.0 bref=0.00 pid=0.0 apid=0.0 integ=0.0 vision=1 current=1 vframe=359 vs=1 vage=98 vpage=98 vdt=33 vmax=165 vacc=359 vrej=0 seq=0 elapsed=0 oled=3C
[   3391] STATUS mode=1 fault=none p60=0 dp60=0 pwm=0 ball=24.46 vball=0.26 aball=0.0 bref=0.00 pid=0.0 apid=0.0 integ=0.0 vision=1 current=1 vframe=361 vs=1 vage=5 vpage=5 vdt=8 vmax=165 vacc=361 vrej=0 seq=0 elapsed=0 oled=3C
[   3406] STATUS mode=1 fault=none p60=0 dp60=0 pwm=0 ball=24.45 vball=0.17 aball=0.0 bref=0.00 pid=0.0 apid=0.0 integ=0.0 vision=1 current=1 vframe=362 vs=1 vage=5 vpage=5 vdt=20 vmax=165 vacc=362 vrej=0 seq=0 elapsed=0 oled=3C
[   3438] STATUS mode=1 fault=none p60=0 dp60=0 pwm=0 ball=24.45 vball=0.17 aball=0.0 bref=0.00 pid=0.0 apid=0.0 integ=0.0 vision=1 current=1 vframe=362 vs=1 vage=25 vpage=25 vdt=20 vmax=165 vacc=362 vrej=0 seq=0 elapsed=0 oled=3C
[   3453] STATUS mode=1 fault=none p60=0 dp60=0 pwm=0 ball=24.44 vball=0.09 aball=0.0 bref=0.00 pid=0.0 apid=0.0 integ=0.0 vision=1 current=1 vframe=363 vs=1 vage=12 vpage=12 vdt=33 vmax=165 vacc=363 vrej=0 seq=0 elapsed=0 oled=3C
[   3469] STATUS mode=1 fault=none p60=0 dp60=0 pwm=0 ball=24.44 vball=0.09 aball=0.0 bref=0.00 pid=0.0 apid=0.0 integ=0.0 vision=1 current=1 vframe=363 vs=1 vage=32 vpage=32 vdt=33 vmax=165 vacc=363 vrej=0 seq=0 elapsed=0 oled=3C
[   3500] STATUS mode=1 fault=none p60=0 dp60=0 pwm=0 ball=24.44 vball=0.09 aball=0.0 bref=0.00 pid=0.0 apid=0.0 integ=0.0 vision=1 current=1 vframe=363 vs=1 vage=52 vpage=52 vdt=33 vmax=165 vacc=363 vrej=0 seq=0 elapsed=0 oled=3C
[   3516] STATUS mode=1 fault=none p60=0 dp60=0 pwm=0 ball=24.44 vball=0.09 aball=0.0 bref=0.00 pid=0.0 apid=0.0 integ=0.0 vision=1 current=1 vframe=363 vs=1 vage=72 vpage=72 vdt=33 vmax=165 vacc=363 vrej=0 seq=0 elapsed=0 oled=3C
[   3531] STATUS mode=1 fault=none p60=0 dp60=0 pwm=0 ball=24.44 vball=0.09 aball=0.0 bref=0.00 pid=0.0 apid=0.0 integ=0.0 vision=1 current=1 vframe=363 vs=1 vage=92 vpage=92 vdt=33 vmax=165 vacc=363 vrej=0 seq=0 elapsed=0 oled=3C
[   3547] STATUS mode=1 fault=none p60=0 dp60=0 pwm=0 ball=24.43 vball=0.06 aball=0.0 bref=0.00 pid=0.0 apid=0.0 integ=0.0 vision=1 current=1 vframe=364 vs=1 vage=16 vpage=16 vdt=96 vmax=165 vacc=364 vrej=0 seq=0 elapsed=0 oled=3C
[   3578] STATUS mode=1 fault=none p60=0 dp60=0 pwm=0 ball=24.37 vball=-0.46 aball=0.0 bref=0.00 pid=0.0 apid=0.0 integ=0.0 vision=1 current=1 vframe=365 vs=1 vage=12 vpage=12 vdt=24 vmax=165 vacc=365 vrej=0 seq=0 elapsed=0 oled=3C
[   3594] STATUS mode=1 fault=none p60=0 dp60=0 pwm=0 ball=24.37 vball=-0.46 aball=0.0 bref=0.00 pid=0.0 apid=0.0 integ=0.0 vision=1 current=1 vframe=365 vs=1 vage=32 vpage=32 vdt=24 vmax=165 vacc=365 vrej=0 seq=0 elapsed=0 oled=3C
[   3608] STATUS mode=1 fault=none p60=0 dp60=0 pwm=0 ball=24.35 vball=-0.51 aball=0.0 bref=0.00 pid=0.0 apid=0.0 integ=0.0 vision=1 current=1 vframe=366 vs=1 vage=19 vpage=19 vdt=33 vmax=165 vacc=366 vrej=0 seq=0 elapsed=0 oled=3C
[   3641] STATUS mode=1 fault=none p60=0 dp60=0 pwm=0 ball=24.35 vball=-0.51 aball=0.0 bref=0.00 pid=0.0 apid=0.0 integ=0.0 vision=1 current=1 vframe=366 vs=1 vage=39 vpage=39 vdt=33 vmax=165 vacc=366 vrej=0 seq=0 elapsed=0 oled=3C
[   3656] STATUS mode=1 fault=none p60=0 dp60=0 pwm=0 ball=24.35 vball=-0.51 aball=0.0 bref=0.00 pid=0.0 apid=0.0 integ=0.0 vision=1 current=1 vframe=366 vs=1 vage=59 vpage=59 vdt=33 vmax=165 vacc=366 vrej=0 seq=0 elapsed=0 oled=3C
[   3672] STATUS mode=1 fault=none p60=0 dp60=0 pwm=0 ball=24.35 vball=-0.51 aball=0.0 bref=0.00 pid=0.0 apid=0.0 integ=0.0 vision=1 current=1 vframe=366 vs=1 vage=79 vpage=79 vdt=33 vmax=165 vacc=366 vrej=0 seq=0 elapsed=0 oled=3C
[   3688] STATUS mode=1 fault=none p60=0 dp60=0 pwm=0 ball=24.35 vball=-0.51 aball=0.0 bref=0.00 pid=0.0 apid=0.0 integ=0.0 vision=1 current=1 vframe=366 vs=1 vage=99 vpage=99 vdt=33 vmax=165 vacc=366 vrej=0 seq=0 elapsed=0 oled=3C
[   3719] STATUS mode=1 fault=none p60=0 dp60=0 pwm=0 ball=24.35 vball=-0.51 aball=0.0 bref=0.00 pid=0.0 apid=0.0 integ=0.0 vision=1 current=1 vframe=366 vs=1 vage=119 vpage=119 vdt=33 vmax=165 vacc=366 vrej=0 seq=0 elapsed=0 oled=3C
[   3733] STATUS mode=1 fault=none p60=0 dp60=0 pwm=0 ball=24.35 vball=-0.51 aball=0.0 bref=0.00 pid=0.0 apid=0.0 integ=0.0 vision=1 current=1 vframe=366 vs=1 vage=139 vpage=139 vdt=33 vmax=165 vacc=366 vrej=0 seq=0 elapsed=0 oled=3C
[   3750] STATUS mode=1 fault=none p60=0 dp60=0 pwm=0 ball=24.35 vball=-0.51 aball=0.0 bref
[   3750] >>> ball 50
[   3750] =0.00 pid=0.0 apid=0.0 integ=0.0 vision=1 current=1 vframe=366 vs=1 vage=159 vpage=159 vdt=33 vmax=165 vacc=366 vrej=0 seq=0 elapsed=0 oled=3C
[   3750] OK visual PWM ball target=50.00 mm
[   3781] STATUS mode=3 fault=none p60=0 dp60=0 pwm=-132 ball=24.38 vball=-0.19 aball=0.0 bref=50.00 pid=-39.9 apid=0.0 integ=-0.0 vision=1 current=1 vframe=367 vs=1 vage=15 vpage=15 vdt=164 vmax=165 vacc=367 vrej=0 seq=0 elapsed=0 oled=3C
[   3797] STATUS mode=3 fault=none p60=-2 dp60=0 pwm=0 ball=24.38 vball=-0.18 aball=0.1 bref=50.00 pid=-39.7 apid=0.1 integ=-0.0 vision=1 current=1 vframe=368 vs=1 vage=14 vpage=14 vdt=21 vmax=165 vacc=368 vrej=0 seq=0 elapsed=0 oled=3C
[   3813] STATUS mode=3 fault=none p60=-1 dp60=0 pwm=0 ball=24.38 vball=-0.15 aball=0.2 bref=50.00 pid=-39.4 apid=0.2 integ=-0.0 vision=1 current=1 vframe=369 vs=1 vage=2 vpage=2 vdt=32 vmax=165 vacc=369 vrej=0 seq=0 elapsed=0 oled=3C
[   3844] STATUS mode=3 fault=none p60=-1 dp60=0 pwm=0 ball=24.38 vball=-0.15 aball=0.2 bref=50.00 pid=-39.4 apid=0.2 integ=-0.0 vision=1 current=1 vframe=369 vs=1 vage=22 vpage=22 vdt=32 vmax=165 vacc=369 vrej=0 seq=0 elapsed=0 oled=3C
[   3858] STATUS mode=3 fault=none p60=-1 dp60=0 pwm=0 ball=24.38 vball=-0.15 aball=0.2 bref=50.00 pid=-39.4 apid=0.2 integ=-0.0 vision=1 current=1 vframe=369 vs=1 vage=42 vpage=42 vdt=32 vmax=165 vacc=369 vrej=0 seq=0 elapsed=0 oled=3C
[   3875] STATUS mode=3 fault=none p60=-1 dp60=0 pwm=0 ball=24.38 vball=-0.15 aball=0.2 bref=50.00 pid=-39.4 apid=0.2 integ=-0.0 vision=1 current=1 vframe=369 vs=1 vage=62 vpage=62 vdt=32 vmax=165 vacc=369 vrej=0 seq=0 elapsed=0 oled=3C
[   3891] STATUS mode=3 fault=none p60=0 dp60=0 pwm=0 ball=24.38 vball=-0.15 aball=0.2 bref=50.00 pid=-39.4 apid=0.2 integ=-0.0 vision=1 current=1 vframe=369 vs=1 vage=82 vpage=82 vdt=32 vmax=165 vacc=369 vrej=0 seq=0 elapsed=0 oled=3C
[   3922] STATUS mode=3 fault=none p60=0 dp60=0 pwm=-132 ball=24.38 vball=-0.13 aball=0.2 bref=50.00 pid=-39.2 apid=0.2 integ=-0.0 vision=1 current=1 vframe=370 vs=1 vage=2 vpage=2 vdt=100 vmax=165 vacc=370 vrej=0 seq=0 elapsed=0 oled=3C
[   3938] STATUS mode=3 fault=none p60=-1 dp60=0 pwm=0 ball=24.38 vball=-0.13 aball=0.2 bref=50.00 pid=-39.2 apid=0.2 integ=-0.0 vision=1 current=1 vframe=370 vs=1 vage=22 vpage=22 vdt=100 vmax=165 vacc=370 vrej=0 seq=0 elapsed=0 oled=3C
[   3953] STATUS mode=3 fault=none p60=-1 dp60=0 pwm=0 ball=24.40 vball=0.01 aball=0.8 bref=50.00 pid=-37.5 apid=0.8 integ=-0.0 vision=1 current=1 vframe=371 vs=1 vage=11 vpage=11 vdt=31 vmax=165 vacc=371 vrej=0 seq=0 elapsed=0 oled=3C
[   3969] STATUS mode=3 fault=none p60=-1 dp60=0 pwm=-132 ball=24.40 vball=0.01 aball=0.8 bref=50.00 pid=-37.5 apid=0.8 integ=-0.0 vision=1 current=1 vframe=371 vs=1 vage=31 vpage=31 vdt=31 vmax=165 vacc=371 vrej=0 seq=0 elapsed=0 oled=3C
[   4000] STATUS mode=3 fault=none p60=-1 dp60=0 pwm=0 ball=24.41 vball=0.04 aball=0.9 bref=50.00 pid=-37.2 apid=0.9 integ=-0.0 vision=1 current=1 vframe=372 vs=1 vage=18 vpage=18 vdt=33 vmax=165 vacc=372 vrej=0 seq=0 elapsed=0 oled=3C
[   4016] STATUS mode=3 fault=none p60=-1 dp60=0 pwm=0 ball=24.41 vball=0.04 aball=0.9 bref=50.00 pid=-37.2 apid=0.9 integ=-0.0 vision=1 current=1 vframe=372 vs=1 vage=38 vpage=38 vdt=33 vmax=165 vacc=372 vrej=0 seq=0 elapsed=0 oled=3C
[   4031] STATUS mode=3 fault=none p60=-1 dp60=0 pwm=-132 ball=24.41 vball=0.04 aball=0.9 bref=50.00 pid=-37.2 apid=0.9 integ=-0.0 vision=1 current=1 vframe=372 vs=1 vage=58 vpage=58 vdt=33 vmax=165 vacc=372 vrej=0 seq=0 elapsed=0 oled=3C
[   4047] STATUS mode=3 fault=none p60=-1 dp60=0 pwm=0 ball=24.41 vball=0.04 aball=0.9 bref=50.00 pid=-37.2 apid=0.9 integ=-0.0 vision=1 current=1 vframe=372 vs=1 vage=78 vpage=78 vdt=33 vmax=165 vacc=372 vrej=0 seq=0 elapsed=0 oled=3C
[   4078] STATUS mode=3 fault=none p60=-1 dp60=0 pwm=0 ball=24.41 vball=0.04 aball=0.9 bref=50.00 pid=-37.2 apid=0.9 integ=-0.0 vision=1 current=1 vframe=372 vs=1 vage=98 vpage=98 vdt=33 vmax=165 vacc=372 vrej=0 seq=0 elapsed=0 oled=3C
[   4094] STATUS mode=3 fault=none p60=-1 dp60=0 pwm=0 ball=24.42 vball=0.06 aball=0.8 bref=50.00 pid=-37.2 apid=0.8 integ=-0.0 vision=1 current=1 vframe=373 vs=1 vage=17 vpage=17 vdt=101 vmax=165 vacc=373 vrej=0 seq=0 elapsed=0 oled=3C
[   4108] STATUS mode=3 fault=none p60=-1 dp60=0 pwm=0 ball=24.39 vball=-0.07 aball=0.1 bref=50.00 pid=-38.9 apid=0.1 integ=-0.0 vision=1 current=1 vframe=374 vs=1 vage=4 vpage=4 vdt=33 vmax=165 vacc=374 vrej=0 seq=0 elapsed=0 oled=3C
[   4141] STATUS mode=3 fault=none p60=-1 dp60=0 pwm=-132 ball=24.39 vball=-0.07 aball=0.1 bref=50.00 pid=-38.9 apid=0.1 integ=-0.0 vision=1 current=1 vframe=374 vs=1 vage=24 vpage=24 vdt=33 vmax=165 vacc=374 vrej=0 seq=0 elapsed=0 oled=3C
[   4156] STATUS mode=3 fault=none p60=-1 dp60=0 pwm=0 ball=24.39 vball=-0.10 aball=-0.1 bref=50.00 pid=-39.3 apid=-0.1 integ=-0.0 vision=1 current=1 vframe=375 vs=1 vage=10 vpage=10 vdt=34 vmax=165 vacc=375 vrej=0 seq=0 elapsed=0 oled=3C
[   4172] STATUS mode=3 fault=none p60=-1 dp60=0 pwm=0 ball=24.39 vball=-0.10 aball=-0.1 bref=50.00 pid=-39.3 apid=-0.1 integ=-0.0 vision=1 current=1 vframe=375 vs=1 vage=30 vpage=30 vdt=34 vmax=165 vacc=375 vrej=0 seq=0 elapsed=0 oled=3C
[   4188] STATUS mode=3 fault=none p60=-1 dp60=0 pwm=-132 ball=24.39 vball=-0.10 aball=-0.1 bref=50.00 pid=-39.3 apid=-0.1 integ=-0.0 vision=1 current=1 vframe=375 vs=1 vage=50 vpage=50 vdt=34 vmax=165 vacc=375 vrej=0 seq=0 elapsed=0 oled=3C
[   4219] STATUS mode=3 fault=none p60=-1 dp60=0 pwm=0 ball=24.39 vball=-0.10 aball=-0.1 bref=50.00 pid=-39.3 apid=-0.1 integ=-0.0 vision=1 current=1 vframe=375 vs=1 vage=70 vpage=70 vdt=34 vmax=165 vacc=375 vrej=0 seq=0 elapsed=0 oled=3C
[   4233] STATUS mode=3 fault=none p60=-1 dp60=0 pwm=0 ball=24.39 vball=-0.10 aball=-0.1 bref=50.00 pid=-39.3 apid=-0.1 integ=-0.0 vision=1 current=1 vframe=375 vs=1 vage=90 vpage=90 vdt=34 vmax=165 vacc=375 vrej=0 seq=0 elapsed=0 oled=3C
[   4250] STATUS mode=3 fault=none p60=0 dp60=1 pwm=-132 ball=24.39 vball=-0.06 aball=-0.0 bref=50.00 pid=-38.9 apid=-0.0 integ=-0.0 vision=1 current=1 vframe=376 vs=1 vage=5 vpage=5 vdt=105 vmax=165 vacc=376 vrej=0 seq=0 elapsed=0 oled=3C
[   4281] STATUS mode=3 fault=none p60=-1 dp60=0 pwm=0 ball=24.39 vball=-0.06 aball=-0.0 bref=50.00 pid=-38.9 apid=-0.0 integ=-0.0 vision=1 current=1 vframe=376 vs=1 vage=25 vpage=25 vdt=105 vmax=165 vacc=376 vrej=0 seq=0 elapsed=0 oled=3C
[   4297] STATUS mode=3 fault=none p60=-1 dp60=0 pwm=0 ball=24.39 vball=-0.07 aball=-0.1 bref=50.00 pid=-39.0 apid=-0.1 integ=-0.0 vision=1 current=1 vframe=377 vs=1 vage=17 vpage=17 vdt=28 vmax=165 vacc=377 vrej=0 seq=0 elapsed=0 oled=3C
[   4313] STATUS mode=3 fault=none p60=-1 dp60=0 pwm=-132 ball=24.40 vball=-0.02 aball=0.2 bref=50.00 pid=-38.4 apid=0.2 integ=-0.0 vision=1 current=1 vframe=378 vs=1 vage=4 vpage=4 vdt=33 vmax=165 vacc=378 vrej=0 seq=0 elapsed=0 oled=3C
[   4328] STATUS mode=3 fault=none p60=-1 dp60=0 pwm=0 ball=24.40 vball=-0.02 aball=0.2 bref=50.00 pid=-38.4 apid=0.2 integ=-0.0 vision=1 current=1 vframe=378 vs=1 vage=24 vpage=24 vdt=33 vmax=165 vacc=378 vrej=0 seq=0 elapsed=0 oled=3C
[   4358] STATUS mode=3 fault=none p60=-1 dp60=0 pwm=0 ball=24.40 vball=-0.02 aball=0.2 bref=50.00 pid=-38.4 apid=0.2 integ=-0.0 vision=1 current=1 vframe=378 vs=1 vage=44 vpage=44 vdt=33 vmax=165 vacc=3
[   4358] 78 vrej=0 seq=0 elapsed=0 oled=3C
[   4375] STATUS mode=3 fault=none p60=-1 dp60=0 pwm=-132 ball=24.40 vball=-0.02 aball=0.2 bref=50.00 pid=-38.4 apid=0.2 integ=-0.0 vision=1 current=1 vframe=378 vs=1 vage=64 vpage=64 vdt=33 vmax=165 vacc=378 vrej=0 seq=0 elapsed=0 oled=3C
[   4391] STATUS mode=3 fault=none p60=-1 dp60=0 pwm=0 ball=24.40 vball=-0.02 aball=0.2 bref=50.00 pid=-38.4 apid=0.2 integ=-0.0 vision=1 current=1 vframe=378 vs=1 vage=84 vpage=84 vdt=33 vmax=165 vacc=378 vrej=0 seq=0 elapsed=0 oled=3C
[   4422] STATUS mode=3 fault=none p60=-1 dp60=0 pwm=0 ball=24.40 vball=-0.02 aball=0.2 bref=50.00 pid=-38.4 apid=0.2 integ=-0.0 vision=1 current=1 vframe=378 vs=1 vage=104 vpage=104 vdt=33 vmax=165 vacc=378 vrej=0 seq=0 elapsed=0 oled=3C
[   4438] STATUS mode=3 fault=none p60=-1 dp60=0 pwm=-132 ball=24.39 vball=-0.07 aball=0.1 bref=50.00 pid=-38.9 apid=0.1 integ=-0.0 vision=1 current=1 vframe=379 vs=1 vage=15 vpage=15 vdt=109 vmax=165 vacc=379 vrej=0 seq=0 elapsed=0 oled=3C
[   4453] STATUS mode=3 fault=none p60=-1 dp60=0 pwm=0 ball=24.41 vball=0.06 aball=0.8 bref=50.00 pid=-37.1 apid=0.8 integ=-0.0 vision=1 current=1 vframe=380 vs=1 vage=9 vpage=9 vdt=26 vmax=165 vacc=380 vrej=0 seq=0 elapsed=0 oled=3C
[   4469] STATUS mode=3 fault=none p60=-1 dp60=0 pwm=0 ball=24.41 vball=0.06 aball=0.8 bref=50.00 pid=-37.1 apid=0.8 integ=-0.0 vision=1 current=1 vframe=380 vs=1 vage=29 vpage=29 vdt=26 vmax=165 vacc=380 vrej=0 seq=0 elapsed=0 oled=3C
[   4500] STATUS mode=3 fault=none p60=-1 dp60=0 pwm=0 ball=24.42 vball=0.10 aball=0.9 bref=50.00 pid=-36.7 apid=0.9 integ=-0.0 vision=1 current=1 vframe=381 vs=1 vage=17 vpage=17 vdt=32 vmax=165 vacc=381 vrej=0 seq=0 elapsed=0 oled=3C
[   4516] STATUS mode=3 fault=none p60=-1 dp60=0 pwm=0 ball=24.42 vball=0.10 aball=0.9 bref=50.00 pid=-36.7 apid=0.9 integ=-0.0 vision=1 current=1 vframe=381 vs=1 vage=37 vpage=37 vdt=32 vmax=165 vacc=381 vrej=0 seq=0 elapsed=0 oled=3C
[   4531] STATUS mode=3 fault=none p60=-1 dp60=0 pwm=0 ball=24.42 vball=0.10 aball=0.9 bref=50.00 pid=-36.7 apid=0.9 integ=-0.0 vision=1 current=1 vframe=381 vs=1 vage=57 vpage=57 vdt=32 vmax=165 vacc=381 vrej=0 seq=0 elapsed=0 oled=3C
[   4563] STATUS mode=3 fault=none p60=0 dp60=0 pwm=0 ball=24.42 vball=0.10 aball=0.9 bref=50.00 pid=-36.7 apid=0.9 integ=-0.0 vision=1 current=1 vframe=381 vs=1 vage=77 vpage=77 vdt=32 vmax=165 vacc=381 vrej=0 seq=0 elapsed=0 oled=3C
[   4578] STATUS mode=3 fault=none p60=0 dp60=0 pwm=0 ball=24.42 vball=0.10 aball=0.9 bref=50.00 pid=-36.7 apid=0.9 integ=-0.0 vision=1 current=1 vframe=381 vs=1 vage=97 vpage=97 vdt=32 vmax=165 vacc=381 vrej=0 seq=0 elapsed=0 oled=3C
[   4594] STATUS mode=3 fault=none p60=0 dp60=0 pwm=-132 ball=24.40 vball=0.00 aball=0.6 bref=50.00 pid=-37.8 apid=0.6 integ=-0.0 vision=1 current=1 vframe=382 vs=1 vage=7 vpage=7 vdt=110 vmax=165 vacc=382 vrej=0 seq=0 elapsed=0 oled=3C
[   4608] STATUS mode=3 fault=none p60=-1 dp60=0 pwm=0 ball=24.38 vball=-0.10 aball=-0.1 bref=50.00 pid=-39.3 apid=-0.1 integ=-0.0 vision=1 current=1 vframe=383 vs=1 vage=4 vpage=4 vdt=23 vmax=165 vacc=383 vrej=0 seq=0 elapsed=0 oled=3C
[   4641] STATUS mode=3 fault=none p60=-1 dp60=0 pwm=0 ball=24.38 vball=-0.10 aball=-0.1 bref=50.00 pid=-39.3 apid=-0.1 integ=-0.0 vision=1 current=1 vframe=383 vs=1 vage=24 vpage=24 vdt=23 vmax=165 vacc=383 vrej=0 seq=0 elapsed=0 oled=3C
[   4656] STATUS mode=3 fault=none p60=-1 dp60=0 pwm=-132 ball=24.38 vball=-0.10 aball=-0.1 bref=50.00 pid=-39.3 apid=-0.1 integ=-0.0 vision=1 current=1 vframe=384 vs=1 vage=9 vpage=9 vdt=35 vmax=165 vacc=384 vrej=0 seq=0 elapsed=0 oled=3C
[   4672] STATUS mode=3 fault=none p60=-1 dp60=0 pwm=0 ball=24.38 vball=-0.10 aball=-0.1 bref=50.00 pid=-39.3 apid=-0.1 integ=-0.0 vision=1 current=1 vframe=384 vs=1 vage=29 vpage=29 vdt=35 vmax=165 vacc=384 vrej=0 seq=0 elapsed=0 oled=3C
[   4688] STATUS mode=3 fault=none p60=-1 dp60=0 pwm=0 ball=24.38 vball=-0.10 aball=-0.1 bref=50.00 pid=-39.3 apid=-0.1 integ=-0.0 vision=1 current=1 vframe=384 vs=1 vage=49 vpage=49 vdt=35 vmax=165 vacc=384 vrej=0 seq=0 elapsed=0 oled=3C
[   4719] STATUS mode=3 fault=none p60=-1 dp60=0 pwm=0 ball=24.38 vball=-0.10 aball=-0.1 bref=50.00 pid=-39.3 apid=-0.1 integ=-0.0 vision=1 current=1 vframe=384 vs=1 vage=69 vpage=69 vdt=35 vmax=165 vacc=384 vrej=0 seq=0 elapsed=0 oled=3C
[   4733] STATUS mode=3 fault=none p60=-1 dp60=0 pwm=0 ball=24.38 vball=-0.10 aball=-0.1 bref=50.00 pid=-39.3 apid=-0.1 integ=-0.0 vision=1 current=1 vframe=384 vs=1 vage=89 vpage=89 vdt=35 vmax=165 vacc=384 vrej=0 seq=0 elapsed=0 oled=3C
[   4750] STATUS mode=3 fault=none p60=-1 dp60=0 pwm=-132 ball=24.39 vball=-0.05 aball=-0.0 bref=50.00 pid=-38.8 apid=-0.0 integ=-0.0 vision=1 current=1 vframe=385 vs=1 vage=8 vpage=8 vdt=101 vmax=165 vacc=385 vrej=0 seq=0 elapsed=0 oled=3C
[   4781] STATUS mode=3 fault=none p60=-1 dp60=0 pwm=0 ball=24.39 vball=-0.05 aball=-0.0 bref=50.00 pid=-38.8 apid=-0.0 integ=-0.0 vision=1 current=1 vframe=385 vs=1 vage=28 vpage=28 vdt=101 vmax=165 vacc=385 vrej=0 seq=0 elapsed=0 oled=3C
[   4797] STATUS mode=3 fault=none p60=-1 dp60=0 pwm=0 ball=24.40 vball=-0.01 aball=0.2 bref=50.00 pid=-38.3 apid=0.2 integ=-0.0 vision=1 current=1 vframe=386 vs=1 vage=17 vpage=17 vdt=31 vmax=165 vacc=386 vrej=0 seq=0 elapsed=0 oled=3C
[   4813] STATUS mode=3 fault=none p60=-1 dp60=0 pwm=-132 ball=24.40 vball=-0.01 aball=0.1 bref=50.00 pid=-38.3 apid=0.1 integ=-0.0 vision=1 current=1 vframe=387 vs=1 vage=4 vpage=4 vdt=33 vmax=165 vacc=387 vrej=0 seq=0 elapsed=0 oled=3C
[   4828] STATUS mode=3 fault=none p60=-1 dp60=0 pwm=0 ball=24.40 vball=-0.01 aball=0.1 bref=50.00 pid=-38.3 apid=0.1 integ=-0.0 vision=1 current=1 vframe=387 vs=1 vage=24 vpage=24 vdt=33 vmax=165 vacc=387 vrej=0 seq=0 elapsed=0 oled=3C
[   4858] STATUS mode=3 fault=none p60=-1 dp60=0 pwm=0 ball=24.40 vball=-0.01 aball=0.1 bref=50.00 pid=-38.3 apid=0.1 integ=-0.0 vision=1 current=1 vframe=387 vs=1 vage=44 vpage=44 vdt=33 vmax=165 vacc=387 vrej=0 seq=0 elapsed=0 oled=3C
[   4875] STATUS mode=3 fault=none p60=-1 dp60=0 pwm=-132 ball=24.40 vball=-0.01 aball=0.1 bref=50.00 pid=-38.3 apid=0.1 integ=-0.0 vision=1 current=1 vframe=387 vs=1 vage=64 vpage=64 vdt=33 vmax=165 vacc=387 vrej=0 seq=0 elapsed=0 oled=3C
[   4891] STATUS mode=3 fault=none p60=-1 dp60=0 pwm=0 ball=24.40 vball=-0.01 aball=0.1 bref=50.00 pid=-38.3 apid=0.1 integ=-0.0 vision=1 current=1 vframe=387 vs=1 vage=84 vpage=84 vdt=33 vmax=165 vacc=387 vrej=0 seq=0 elapsed=0 oled=3C
[   4922] STATUS mode=3 fault=none p60=-1 dp60=0 pwm=0 ball=24.40 vball=-0.01 aball=0.1 bref=50.00 pid=-38.3 apid=0.1 integ=-0.0 vision=1 current=1 vframe=387 vs=1 vage=104 vpage=104 vdt=33 vmax=165 vacc=387 vrej=0 seq=0 elapsed=0 oled=3C
[   4938] STATUS mode=3 fault=none p60=-1 dp60=0 pwm=0 ball=24.40 vball=-0.00 aball=0.1 bref=50.00 pid=-38.3 apid=0.1 integ=-0.0 vision=1 current=1 vframe=388 vs=1 vage=18 vpage=18 vdt=106 vmax=165 vacc=388 vrej=0 seq=0 elapsed=0 oled=3C
[   4953] STATUS mode=3 fault=none p60=-1 dp60=0 pwm=0 ball=24.38 vball=-0.13 aball=-0.6 bref=50.00 pid=-40.0 apid=-0.6 integ=-0.0 vision=1 current=1 vframe=389 vs=1 vage=10 vpage=10 vdt=28 vmax=165 vacc=389 vrej=0 seq=0 elapsed=0 oled=3C
[   4969] STATUS mode=3 fault=none p60=-1 dp60=0 pwm=-132 ball=24.38 vball=-0.13 aball=-0.6 bref=50.00 pid=-40.0 apid=-0.6 integ=-0.0 vision=1 current=1 vframe=389 vs=1 vage=30 vpage=30 vdt=28 vmax=165 vacc=389 vrej=0 seq=0 elapsed=0 oled=3C
[   5000] STATUS mode=3 fault=none p60=-1 dp60=0 pwm=0 ball=24.38 vball=-0.12 aball=-0.4 bref=50.00 pid=-39.8 apid=-0.4 integ=-0.0 vision=1 current=1 vframe=390 vs=1 vage=17 vpage=17 vdt=33 vmax=165 vacc=390 vrej=0 seq=0 elapsed=0 oled=3C
[   5016] STATUS mode=3 fault=none p60=-1 dp60=0 pwm=0 ball=24.38 vball=-0.12 aball=-0.4 bref=50.00 pid=-39.8 apid=-0.4 integ=-0.0 vision=1 current=1 vframe=390 vs=1 vage=37 vpage=37 vdt=33 vmax=165 vacc=390 vrej=0 seq=0 elapsed=0 oled=3C
[   5031] STATUS mode=3 fault=none p60=-1 dp60=0 pwm=-132 ball=24.38 vball=-0.12 aball=-0.4 bref=50.00 pid=-39.8 apid=-0.4 integ=-0.0 vision=1 current=1 vframe=390 vs=1 vage=57 vpage=57 vdt=33 vmax=165 vacc=390 vrej=0 seq=0 elapsed=0 oled=3C
[   5063] STATUS mode=3 fault=none p60=-1 dp60=0 pwm=0 ball=24.38 vball=-0.12 aball=-0.4 bref=50.00 pid=-39.8 apid=-0.4 integ=-0.0 vision=1 current=1 vframe=390 vs=1 vage=77 vpage=77 vdt=33 vmax=165 vacc=390 vrej=0 seq=0 elapsed=0 oled=3C
[   5078] STATUS mode=3 fault=none p60=-1 dp60=0 pwm=0 ball=24.38 vball=-0.12 aball=-0.4 bref=50.00 pid=-39.8 apid=-0.4 integ=-0.0 vision=1 current=1 vframe=390 vs=1 vage=97 vpage=97 vdt=33 vmax=165 vacc=390 vrej=0 seq=0 elapsed=0 oled=3C
[   5094] STATUS mode=3 fault=none p60=-1 dp60=0 pwm=-132 ball=24.38 vball=-0.10 aball=-0.3 bref=50.00 pid=-39.5 apid=-0.3 integ=-0.0 vision=1 current=1 vframe=391 vs=1 vage=20 vpage=20 vdt=97 vmax=165 vacc=391 vrej=0 seq=0 elapsed=0 oled=3C
[   5108] STATUS mode=3 fault=none p60=-1 dp60=0 pwm=0 ball=24.38 vball=-0.06 aball=-0.1 bref=50.00 pid=-39.0 apid=-0.1 integ=-0.0 vision=1 current=1 vframe=392 vs=1 vage=5 vpage=5 vdt=35 vmax=165 vacc=392 vrej=0 seq=0 elapsed=0 oled=3C
[   5141] STATUS mode=3 fault=none p60=-1 dp60=0 pwm=0 ball=24.38 vball=-0.06 aball=-0.1 bref=50.00 pid=-39.0 apid=-0.1 integ=-0.0 vision=1 current=1 vframe=392 vs=1 vage=25 vpage=25 vdt=35 vmax=165 vacc=392 vrej=0 seq=0 elapsed=0 oled=3C
[   5156] STATUS mode=3 fault=none p60=-1 dp60=0 pwm=0 ball=24.38 vball=-0.06 aball=-0.1 bref=50.00 pid=-39.0 apid=-0.1 integ=-0.0 vision=1 current=1 vframe=392 vs=1 vage=45 vpage=45 vdt=35 vmax=165 vacc=392 vrej=0 seq=0 elapsed=0 oled=3C
[   5172] STATUS mode=3 fault=none p60=-1 dp60=0 pwm=0 ball=24.38 vball=-0.06 aball=-0.1 bref=50.00 pid=-39.0 apid=-0.1 integ=-0.0 vision=1 current=1 vframe=392 vs=1 vage=65 vpage=65 vdt=35 vmax=165 vacc=392 vrej=0 seq=0 elapsed=0 oled=3C
[   5188] STATUS mode=3 fault=none p60=-1 dp60=0 pwm=0 ball=24.38 vball=-0.06 aball=-0.1 bref=50.00 pid=-39.0 apid=-0.1 integ=-0.0 vision=1 current=1 vframe=392 vs=1 vage=85 vpage=85 vdt=35 vmax=165 vacc=392 vrej=0 seq=0 elapsed=0 oled=3C
[   5219] STATUS mode=3 fault=none p60=0 dp60=0 pwm=0 ball=24.38 vball=-0.06 aball=-0.1 bref=50.00 pid=-39.0 apid=-0.1 integ=-0.0 vision=1 current=1 vframe=392 vs=1 vage=105 vpage=105 vdt=35 vmax=165 vacc=392 vrej=0 seq=0 elapsed=0 oled=3C
[   5233] STATUS mode=3 fault=none p60=-1 dp60=-1 pwm=-132 ball=24.36 vball=-0.07 aball=-0.4 bref=50.00 pid=-39.4 apid=-0.4 integ=-0.0 vision=1 current=1 vframe=394 vs=1 vage=3 vpage=3 vdt=9 vmax=165 vacc=394 vrej=0 seq=0 elapsed=0 oled=3C
[   5250] STATUS mode=3 fault=none p60=-1 dp60=0 pwm=0 ball=24.36 vball=-0.07 aball=-0.4 bref=50.00 pid=-39.4 apid=-0.4 integ=-0.0 vision=1 current=1 vframe=394 vs=1 vage=23 vpage=23 vdt=9 vmax=165 vacc=394 vrej=0 seq=0 elapsed=0 oled=3C
[   5281] STATUS mode=3 fault=none p60=-1 dp60=0 pwm=0 ball=24.36 vball=-0.02 aball=-0.1 bref=50.00 pid=-38.7 apid=-0.1 integ=-0.0 vision=1 current=1 vframe=395 vs=1 vage=14 vpage=14 vdt=29 vmax=165 vacc=395 vrej=0 seq=0 elapsed=0 oled=3C
[   5297] STATUS mode=3 fault=none p60=-1 dp60=0 pwm=0 ball=24.38 vball=0.08 aball=-0.1 bref=50.00 pid=-38.7 apid=-0.1 integ=-0.0 vision=1 current=1 vframe=396 vs=1 vage=1 vpage=1 vdt=33 vmax=165 vacc=396 vrej=0 seq=0 elapsed=0 oled=3C
[   5313] STATUS mode=3 fault=none p60=-1 dp60=0 pwm=0 ball=24.38 vball=0.08 aball=0.4 bref=50.00 pid=-37.5 apid=0.4 integ=-0.0 vision=1 current=1 vframe=396 vs=1 vage=21 vpage=21 vdt=33 vmax=165 vacc=396 vrej=0 seq=0 elapsed=0 oled=3C
[   5328] STATUS mode=3 fault=none p60=-1 dp60=0 pwm=-132 ball=24.38 vball=0.08 aball=0.4 bref=50.00 pid=-37.5 apid=0.4 integ=-0.0 vision=1 current=1 vframe=396 vs=1 vage=41 vpage=41 vdt=33 vmax=165 vacc=396 vrej=0 seq=0 elapsed=0 oled=3C
[   5358] STATUS mode=3 fault=none p60=-1 dp60=0 pwm=0 ball=24.38 vball=0.08 aball=0.4 bref=50.00 pid=-37.5 apid=0.4 integ=-0.0 vision=1 current=1 vframe=396 vs=1 vage=61 vpage=61 vdt=33 vmax=165 vacc=396 vrej=0 seq=0 elapsed=0 oled=3C
[   5375] STATUS mode=3 fault=none p60=-1 dp60=0 pwm=0 ball=24.38 vball=0.08 aball=0.4 bref=50.00 pid=-37.5 apid=0.4 integ=-0.0 vision=1 current=1 vframe=396 vs=1 vage=81 vpage=81 vdt=33 vmax=165 vacc=396 vrej=0 seq=0 elapsed=0 oled=3C
[   5391] STATUS mode=3 fault=none p60=-1 dp60=0 pwm=-132 ball=24.38 vball=0.07 aball=0.3 bref=50.00 pid=-37.6 apid=0.3 integ=-0.0 vision=1 current=1 vframe=397 vs=1 vage=2 vpage=2 vdt=99 vmax=165 vacc=397 vrej=0 seq=0 elapsed=0 oled=3C
[   5422] STATUS mode=3 fault=none p60=-1 dp60=0 pwm=0 ball=24.36 vball=-0.07 aball=-0.8 bref=50.00 pid=-39.8 apid=-0.8 integ=-0.0 vision=1 current=1 vframe=398 vs=1 vage=3 vpage=3 vdt=19 vmax=165 vacc=398 vrej=0 seq=0 elapsed=0 oled=3C
[   5438] STATUS mode=3 fault=none p60=-1 dp60=0 pwm=0 ball=24.36 vball=-0.07 aball=-0.8 bref=50.00 pid=-39.8 apid=-0.8 integ=-0.0 vision=1 current=1 vframe=398 vs=1 vage=23 vpage=23 vdt=19 vmax=165 vacc=398 vrej=0 seq=0 elapsed=0 oled=3C
[   5453] STATUS mode=3 fault=none p60=-1 dp60=0 pwm=-132 ball=24.36 vball=-0.07 aball=-0.7 bref=50.00 pid=-39.7 apid=-0.7 integ=-0.0 vision=1 current=1 vframe=399 vs=1 vage=11 vpage=11 vdt=32 vmax=165 vacc=399 vrej=0 seq=0 elapsed=0 oled=3C
[   5469] STATUS mode=3 fault=none p60=-1 dp60=0 pwm=0 ball=24.36 vball=-0.07 aball=-0.7 bref=50.00 pid=-39.7 apid=-0.7 integ=-0.0 vision=1 current=1 vframe=399 vs=1 vage=31 vpage=31 vdt=32 vmax=165 vacc=399 vrej=0 seq=0 elapsed=0 oled=3C
[   5500] STATUS mode=3 fault=none p60=-1 dp60=0 pwm=0 ball=24.36 vball=-0.07 aball=-0.7 bref=50.00 pid=-39.7 apid=-0.7 integ=-0.0 vision=1 current=1 vframe=399 vs=1 vage=51 vpage=51 vdt=32 vmax=165 vacc=399 vrej=0 seq=0 elapsed=0 oled=3C
[   5516] STATUS mode=3 fault=none p60=-1 dp60=0 pwm=0 ball=24.36 vball=-0.07 aball=-0.7 bref=50.00 pid=-39.7 apid=-0.7 integ=-0.0 vision=1 current=1 vframe=399 vs=1 vage=71 vpage=71 vdt=32 vmax=165 vacc=399 vrej=0 seq=0 elapsed=0 oled=3C
[   5531] STATUS mode=3 fault=none p60=0 dp60=0 pwm=0 ball=24.36 vball=-0.07 aball=-0.7 bref=50.00 pid=-39.7 apid=-0.7 integ=-0.0 vision=1 current=1 vframe=399 vs=1 vage=91 vpage=91 vdt=32 vmax=165 vacc=399 vrej=0 seq=0 elapsed=0 oled=3C
[   5563] STATUS mode=3 fault=none p60=0 dp60=0 pwm=-132 ball=24.36 vball=-0.06 aball=-0.6 bref=50.00 pid=-39.5 apid=-0.6 integ=-0.0 vision=1 current=1 vframe=400 vs=1 vage=10 vpage=10 vdt=101 vmax=165 vacc=400 vrej=0 seq=0 elapsed=0 oled=3C
[   5578] STATUS mode=3 fault=none p60=-1 dp60=0 pwm=0 ball=24.36 vball=-0.06 aball=-0.6 bref=50.00 pid=-39.5 apid=-0.6 integ=-0.0 vision=1 current=1 vframe=400 vs=1 vage=30 vpage=30 vdt=101 vmax=165 vacc=400 vrej=0 seq=0 elapsed=0 oled=3C
[   5594] STATUS mode=3 fault=none p60=-1 dp60=0 pwm=0 ball=24.36 vball=-0.04 aball=-0.4 bref=50.00 pid=-39.2 apid=-0.4 integ=-0.0 vision=1 current=1 vframe=401 vs=1 vage=18 vpage=18 vdt=32 vmax=165 vacc=401 vrej=0 seq=0 elapsed=0 oled=3C
[   5608] STATUS mode=3 fault=none p60=-1 dp60=0 pwm=-132 ball=24.36 vball=-0.04 aball=-0.4 bref=50.00 pid=-39.1 apid=-0.4 integ=-0.0 vision=1 current=1 vframe=402 vs=1 vage=3 vpage=3 vdt=35 vmax=165 vacc=402 vrej=0 seq=0 elapsed=0 oled=3C
[   5641] STATUS mode=3 fault=none p60=-1 dp60=0 pwm=0 ball=24.36 vball=-0.04 aball=-0.4 bref=50.00 pid=-39.1 apid=-0.4 integ=-0.0 vision=1 current=1 vframe=402 vs=1 vage=23 vpage=23 vdt=35 vmax=165 vacc=402 vrej=0 seq=0 elapsed=0 oled=3C
[   5656] STATUS mode=3 fault=none p60=-1 dp60=0 pwm=0 ball=24.36 vball=-0.04 aball=-0.4 bref=50.00 pid=-39.1 apid=-0.4 integ=-0.0 vision=1 current=1 vframe=402 vs=1 vage=43 vpage=43 vdt=35 vmax=165 vacc=402 vrej=0 seq=0 elapsed=0 oled=3C
[   5672] STATUS mode=3 fault=none p60=-1 dp60=0 pwm=0 ball=24.36 vball=-0.04 aball=-0.4 bref=50.00 pid=-39.1 apid=-0.4 integ=-0.0 vision=1 current=1 vframe=402 vs=1 vage=63 vpage=63 vdt=35 vmax=165 vacc=402 vrej=0 seq=0 elapsed=0 oled=3C
[   5703] STATUS mode=3 fault=none p60=-1 dp60=0 pwm=0 ball=24.36 vball=-0.04 aball=-0.4 bref=50.00 pid=-39.1 apid=-0.4 integ=-0.0 vision=1 current=1 vframe=402 vs=1 vage=83 vpage=83 vdt=35 vmax=165 vacc=402 vrej=0 seq=0 elapsed=0 oled=3C
[   5719] STATUS mode=3 fault=none p60=-1 dp60=0 pwm=-132 ball=24.38 vball=0.03 aball=-0.2 bref=50.00 pid=-38.4 apid=-0.2 integ=-0.0 vision=1 current=1 vframe=403 vs=1 vage=3 vpage=3 vdt=100 vmax=165 vacc=403 vrej=0 seq=0 elapsed=0 oled=3C
[   5733] STATUS mode=3 fault=none p60=-1 dp60=0 pwm=0 ball=24.38 vball=0.03 aball=-0.2 bref=50.00 pid=-38.4 apid=-0.2 integ=-0.0 vision=1 current=1 vframe=403 vs=1 vage=23 vpage=23 vdt=100 vmax=165 vacc=403 vrej=0 seq=0 elapsed=0 oled=3C
[   5750] STATUS mode=3 fault=none p60=-1 dp60=0 pwm=0 ball=24.37 vball=-0.03 aball=-0.4 bref=50.00 pid=-39.1 apid=-0.4 integ=-0.0 vision=1 current=1 vframe=404 vs=1 vage=11 vpage=11 vdt=32 vmax=165 vacc=404 vrej=0 seq=0 elapsed=0 oled=3C
[   5781] STATUS mode=3 fault=none p60=-1 dp60=0 pwm=-132 ball=24.37 vball=-0.03 aball=-0.4 bref=50.00 pid=-39.1 apid=-0.4 integ=-0.0 vision=1 current=1 vframe=404 vs=1 vage=31 vpage=31 vdt=32 vmax=165 vacc=404 vrej=0 seq=0 elapsed=0 oled=3C
[   5797] STATUS mode=3 fault=none p60=-1 dp60=0 pwm=0 ball=24.36 vball=-0.05 aball=-0.5 bref=50.00 pid=-39.3 apid=-0.5 integ=-0.0 vision=1 current=1 vframe=405 vs=1 vage=10 vpage=10 vdt=41 vmax=165 vacc=405 vrej=0 seq=0 elapsed=0 oled=3C
[   5813] STATUS mode=3 fault=none p60=-1 dp60=0 pwm=0 ball=24.36 vball=-0.05 aball=-0.5 bref=50.00 pid=-39.3 apid=-0.5 integ=-0.0 vision=1 current=1 vframe=405 vs=1 vage=30 vpage=30 vdt=41 vmax=165 vacc=405 vrej=0 seq=0 elapsed=0 oled=3C
[   5828] STATUS mode=3 fault=none p60=-1 dp60=0 pwm=-132 ball=24.36 vball=-0.05 aball=-0.5 bref=50.00 pid=-39.3 apid=-0.5 integ=-0.0 vision=1 current=1 vframe=405 vs=1 vage=50 vpage=50 vdt=41 vmax=165 vacc=405 vrej=0 seq=0 elapsed=0 oled=3C
[   5858] STATUS mode=3 fault=none p60=-1 dp60=0 pwm=0 ball=24.36 vball=-0.05 aball=-0.5 bref=50.00 pid=-39.3 apid=-0.5 integ=-0.0 vision=1 current=1 vframe=405 vs=1 vage=70 vpage=70 vdt=41 vmax=165 vacc=405 vrej=0 seq=0 elapsed=0 oled=3C
[   5875] STATUS mode=3 fault=none p60=-1 dp60=0 pwm=0 ball=24.36 vball=-0.05 aball=-0.5 bref=50.00 pid=-39.3 apid=-0.5 integ=-0.0 vision=1 current=1 vframe=405 vs=1 vage=90 vpage=90 vdt=41 vmax=165 vacc=405 vrej=0 seq=0 elapsed=0 oled=3C
[   5891] STATUS mode=3 fault=none p60=-1 dp60=0 pwm=0 ball=24.36 vball=-0.04 aball=-0.4 bref=50.00 pid=-39.1 apid=-0.4 integ=-0.0 vision=1 current=1 vframe=406 vs=1 vage=18 vpage=18 vdt=92 vmax=165 vacc=406 vrej=0 seq=0 elapsed=0 oled=3C
[   5922] STATUS mode=3 fault=none p60=-1 dp60=0 pwm=0 ball=24.50 vball=0.65 aball=2.7 bref=50.00 pid=-30.6 apid=2.7 integ=-0.0 vision=1 current=1 vframe=407 vs=1 vage=4 vpage=4 vdt=34 vmax=165 vacc=407 vrej=0 seq=0 elapsed=0 oled=3C
[   5938] STATUS mode=3 fault=none p60=-1 dp60=0 pwm=-132 ball=24.50 vball=0.65 aball=2.7 bref=50.00 pid=-30.6 apid=2.7 integ=-0.0 vision=1 current=1 vframe=407 vs=1 vage=24 vpage=24 vdt=34 vmax=165 vacc=407 vrej=0 seq=0 elapsed=0 oled=3C
[   5953] STATUS mode=3 fault=none p60=-1 dp60=0 pwm=0 ball=24.37 vball=-0.04 aball=-0.8 bref=50.00 pid=-39.6 apid=-0.8 integ=-0.0 vision=1 current=1 vframe=408 vs=1 vage=11 vpage=11 vdt=33 vmax=165 vacc=408 vrej=0 seq=0 elapsed=0 oled=3C
[   5969] STATUS mode=3 fault=none p60=-1 dp60=0 pwm=0 ball=24.37 vball=-0.04 aball=-0.8 bref=50.00 pid=-39.6 apid=-0.8 integ=-0.0 vision=1 current=1 vframe=408 vs=1 vage=31 vpage=31 vdt=33 vmax=165 vacc=408 vrej=0 seq=0 elapsed=0 oled=3C
[   6000] STATUS mode=3 fault=none p60=-1 dp60=0 pwm=0 ball=24.37 vball=-0.04 aball=-0.8 bref=50.00 pid=-39.6 apid=-0.8 integ=-0.0 vision=1 current=1 vframe=408 vs=1 vage=51 vpage=51 vdt=33 vmax=165 vacc=408 vrej=0 seq=0 elapsed=0 oled=3C
[   6016] STATUS mode=3 fault=none p60=-1 dp60=0 pwm=0 ball=24.37 vball=-0.04 aball=-0.8 bref=50.00 pid=-39.6 apid=-0.8 integ=-0.0 vision=1 current=1 vframe=408 vs=1 vage=71 vpage=71 vdt=33 vmax=165 vacc=408 vrej=0 seq=0 elapsed=0 oled=3C
[   6031] STATUS mode=3 fault=none p60=-1 dp60=0 pwm=0 ball=24.37 vball=-0.04 aball=-0.8 bref=50.00 pid=-39.6 apid=-0.8 integ=-0.0 vision=1 current=1 vframe=408 vs=1 vage=91 vpage=91 vdt=33 vmax=165 vacc=408 vrej=0 seq=0 elapsed=0 oled=3C
[   6063] STATUS mode=3 fault=none p60=-1 dp60=0 pwm=-132 ball=24.36 vball=-0.08 aball=-0.8 bref=50.00 pid=-39.8 apid=-0.8 integ=-0.0 vision=1 current=1 vframe=409 vs=1 vage=16 vpage=16 vdt=95 vmax=165 vacc=409 vrej=0 seq=0 elapsed=0 oled=3C
[   6078] STATUS mode=3 fault=none p60=-1 dp60=0 pwm=0 ball=24.36 vball=-0.06 aball=-0.5 bref=50.00 pid=-39.4 apid=-0.5 integ=-0.0 vision=1 current=1 vframe=410 vs=1 vage=15 vpage=15 vdt=21 vmax=165 vacc=410 vrej=0 seq=0 elapsed=0 oled=3C
[   6094] STATUS mode=3 fault=none p60=-1 dp60=0 pwm=0 ball=24.36 vball=-0.05 aball=-0.4 bref=50.00 pid=-39.2 apid=-0.4 integ=-0.0 vision=1 current=1 vframe=411 vs=1 vage=2 vpage=2 vdt=33 vmax=165 vacc=411 vrej=0 seq=0 elapsed=0 oled=3C
[   6108] STATUS mode=3 fault=none p60=-1 dp60=0 pwm=-132 ball=24.36 vball=-0.05 aball=-0.4 bref=50.00 pid=-39.2 apid=-0.4 integ=-0.0 vision=1 current=1 vframe=411 vs=1 vage=22 vpage=22 vdt=33 vmax=165 vacc=411 vrej=0 seq=0 elapsed=0 oled=3C
[   6141] STATUS mode=3 fault=none p60=-1 dp60=0 pwm=0 ball=24.36 vball=-0.05 aball=-0.4 bref=50.00 pid=-39.2 apid=-0.4 integ=-0.0 vision=1 current=1 vframe=411 vs=1 vage=42 vpage=42 vdt=33 vmax=165 vacc=411 vrej=0 seq=0 elapsed=0 oled=3C
[   6156] STATUS mode=3 fault=none p60=-1 dp60=0 pwm=0 ball=24.36 vball=-0.05 aball=-0.4 bref=50.00 pid=-39.2 apid=-0.4 integ=-0.0 vision=1 current=1 vframe=411 vs=1 vage=62 vpage=62 vdt=33 vmax=165 vacc=411 vrej=0 seq=0 elapsed=0 oled=3C
[   6172] STATUS mode=3 fault=none p60=-1 dp60=0 pwm=0 ball=24.36 vball=-0.05 aball=-0.4 bref=50.00 pid=-39.2 apid=-0.4 integ=-0.0 vision=1 current=1 vframe=411 vs=1 vage=82 vpage=82 vdt=33 vmax=165 vacc=411 vrej=0 seq=0 elapsed=0 oled=3C
[   6188] STATUS mode=3 fault=none p60=0 dp60=0 pwm=-132 ball=24.37 vball=-0.01 aball=-0.3 bref=50.00 pid=-38.8 apid=-0.3 integ=-0.0 vision=1 current=1 vframe=412 vs=1 vage=7 vpage=7 vdt=95 vmax=165 vacc=412 vrej=0 seq=0 elapsed=0 oled=3C
[   6219] STATUS mode=3 fault=none p60=-1 dp60=0 pwm=0 ball=24.40 vball=0.15 aball=0.9 bref=50.00 pid=-36.4 apid=0.9 integ=-0.0 vision=1 current=1 vframe=413 vs=1 vage=5 vpage=5 vdt=22 vmax=165 vacc=413 vrej=0 seq=0 elapsed=0 oled=3C
[   6233] STATUS mode=3 fault=none p60=-1 dp60=0 pwm=0 ball=24.40 vball=0.15 aball=0.9 bref=50.00 pid=-36.4 apid=0.9 integ=-0.0 vision=1 current=1 vframe=413 vs=1 vage=25 vpage=25 vdt=22 vmax=165 vacc=413 vrej=0 seq=0 elapsed=0 oled=3C
[   6250] STATUS mode=3 fault=none p60=-1 dp60=0 pwm=-132 ball=24.40 vball=0.14 aball=0.7 bref=50.00 pid=-36.7 apid=0.7 integ=-0.0 vision=1 current=1 vframe=414 vs=1 vage=12 vpage=12 vdt=33 vmax=165 vacc=414 vrej=0 seq=0 elapsed=0 oled=3C
[   6281] STATUS mode=3 fault=none p60=-1 dp60=0 pwm=0 ball=24.40 vball=0.14 aball=0.7 bref=50.00 pid=-36.7 apid=0.7 integ=-0.0 vision=1 current=1 vframe=414 vs=1 vage=32 vpage=32 vdt=33 vmax=165 vacc=414 vrej=0 seq=0 elapsed=0 oled=3C
[   6297] STATUS mode=3 fault=none p60=-1 dp60=0 pwm=0 ball=24.40 vball=0.14 aball=0.7 bref=50.00 pid=-36.7 apid=0.7 integ=-0.0 vision=1 current=1 vframe=414 vs=1 vage=52 vpage=52 vdt=33 vmax=165 vacc=414 vrej=0 seq=0 elapsed=0 oled=3C
[   6313] STATUS mode=3 fault=none p60=0 dp60=1 pwm=0 ball=24.40 vball=0.14 aball=0.7 bref=50.00 pid=-36.7 apid=0.7 integ=-0.0 vision=1 current=1 vframe=414 vs=1 vage=72 vpage=72 vdt=33 vmax=165 vacc=414 vrej=0 seq=0 elapsed=0 oled=3C
[   6328] STATUS mode=3 fault=none p60=0 dp60=0 pwm=0 ball=24.40 vball=0.14 aball=0.7 bref=50.00 pid=-36.7 apid=0.7 integ=-0.0 vision=1 current=1 vframe=414 vs=1 vage=92 vpage=92 vdt=33 vmax=165 vacc=414 vrej=0 seq=0 elapsed=0 oled=3C
[   6358] STATUS mode=3 fault=none p60=-1 dp60=-1 pwm=-132 ball=24.42 vball=0.18 aball=0.7 bref=50.00 pid=-36.4 apid=0.7 integ=-0.0 vision=1 current=1 vframe=415 vs=1 vage=16 vpage=16 vdt=96 vmax=165 vacc=415 vrej=0 seq=0 elapsed=0 oled=3C
[   6375] STATUS mode=3 fault=none p60=-2 dp60=0 pwm=0 ball=24.44 vball=0.30 aball=1.4 bref=50.00 pid=-34.7 apid=1.4 integ=-0.0 vision=1 current=1 vframe=416 vs=1 vage=15 vpage=15 vdt=21 vmax=165 vacc=416 vrej=0 seq=0 elapsed=0 oled=3C
[   6391] STATUS mode=3 fault=none p60=-1 dp60=0 pwm=0 ball=24.44 vball=0.27 aball=1.1 bref=50.00 pid=-35.3 apid=1.1 integ=-0.0 vision=1 current=1 vframe=417 vs=1 vage=2 vpage=2 vdt=33 vmax=165 vacc=417 vrej=0 seq=0 elapsed=0 oled=3C
[   6422] STATUS mode=3 fault=none p60=-1 dp60=0 pwm=0 ball=24.44 vball=0.27 aball=1.1 bref=50.00 pid=-35.3 apid=1.1 integ=-0.0 vision=1 current=1 vframe=417 vs=1 vage=22 vpage=22 vdt=33 vmax=165 vacc=417 vrej=0 seq=0 elapsed=0 oled=3C
[   6438] STATUS mode=3 fault=none p60=-1 dp60=1 pwm=0 ball=24.44 vball=0.27 aball=1.1 bref=50.00 pid=-35.3 apid=1.1 integ=-0.0 vision=1 current=1 vframe=417 vs=1 vage=42 vpage=42 vdt=33 vmax=165 vacc=417 vrej=0 seq=0 elapsed=0 oled=3C
[   6453] STATUS mode=3 fault=none p60=-1 dp60=0 pwm=0 ball=24.44 vball=0.27 aball=1.1 bref=50.00 pid=-35.3 apid=1.1 integ=-0.0 vision=1 current=1 vframe=417 vs=1 vage=62 vpage=62 vdt=33 vmax=165 vacc=417 vrej=0 seq=0 elapsed=0 oled=3C
[   6469] STATUS mode=3 fault=none p60=0 dp60=0 pwm=0 ball=24.44 vball=0.27 aball=1.1 bref=50.00 pid=-35.3 apid=1.1 integ=-0.0 vision=1 current=1 vframe=417 vs=1 vage=82 vpage=82 vdt=33 vmax=165 vacc=417 vrej=0 seq=0 elapsed=0 oled=3C
[   6500] STATUS mode=3 fault=none p60=0 dp60=0 pwm=-132 ball=24.45 vball=0.26 aball=0.9 bref=50.00 pid=-35.5 apid=0.9 integ=-0.0 vision=1 current=1 vframe=418 vs=1 vage=6 vpage=6 vdt=96 vmax=165 vacc=418 vrej=0 seq=0 elapsed=0 oled=3C
[   6516] STATUS mode=3 fault=none p60=-1 dp60=0 pwm=0 ball=24.46 vball=0.23 aball=0.5 bref=50.00 pid=-36.0 apid=0.5 integ=-0.0 vision=1 current=1 vframe=419 vs=1 vage=5 vpage=5 vdt=21 vmax=165 vacc=419 vrej=0 seq=0 elapsed=0 oled=3C
[   6531] STATUS mode=3 fault=none p60=-1 dp60=0 pwm=0 ball=24.46 vball=0.23 aball=0.5 bref=50.00 pid=-36.0 apid=0.5 integ=-0.0 vision=1 current=1 vframe=419 vs=1 vage=25 vpage=25 vdt=21 vmax=165 vacc=419 vrej=0 seq=0 elapsed=0 oled=3C
[   6563] STATUS mode=3 fault=none p60=-1 dp60=0 pwm=-131 ball=24.66 vball=1.07 aball=4.3 bref=50.00 pid=-25.7 apid=4.3 integ=-0.0 vision=1 current=1 vframe=420 vs=1 vage=12 vpage=12 vdt=33 vmax=165 vacc=420 vrej=0 seq=0 elapsed=0 oled=3C
[   6578] STATUS mode=3 fault=none p60=-1 dp60=0 pwm=0 ball=24.66 vball=1.07 aball=4.3 bref=50.00 pid=-25.7 apid=4.3 integ=-0.0 vision=1 current=1 vframe=420 vs=1 vage=32 vpage=32 vdt=33 vmax=165 vacc=420 vrej=0 seq=0 elapsed=0 oled=3C
[   6594] STATUS mode=3 fault=none p60=-1 dp60=0 pwm=0 ball=24.66 vball=1.07 aball=4.3 bref=50.00 pid=-25.7 apid=4.3 integ=-0.0 vision=1 current=1 vframe=420 vs=1 vage=52 vpage=52 vdt=33 vmax=165 vacc=420 vrej=0 seq=0 elapsed=0 oled=3C
[   6608] STATUS mode=3 fault=none p60=-1 dp60=0 pwm=0 ball=24.66 vball=1.07 aball=4.3 bref=50.00 pid=-25.7 apid=4.3 integ=-0.0 vision=1 current=1 vframe=420 vs=1 vage=72 vpage=72 vdt=33 vmax=165 vacc=420 vrej=0 seq=0 elapsed=0 oled=3C
[   6641] STATUS mode=3 fault=none p60=0 dp60=0 pwm=0 ball=24.66 vball=1.07 aball=4.3 bref=50.00 pid=-25.7 apid=4.3 integ=-0.0 vision=1 current=1 vframe=420 vs=1 vage=92 vpage=92 vdt=33 vmax=165 vacc=420 vrej=0 seq=0 elapsed=0 oled=3C
[   6656] STATUS mode=3 fault=none p60=0 dp60=0 pwm=-132 ball=24.53 vball=0.82 aball=3.3 bref=50.00 pid=-28.8 apid=3.3 integ=-0.0 vision=1 current=1 vframe=421 vs=1 vage=9 vpage=9 vdt=103 vmax=165 vacc=421 vrej=0 seq=0 elapsed=0 oled=3C
[   6672] STATUS mode=3 fault=none p60=-1 dp60=0 pwm=0 ball=24.53 vball=0.82 aball=3.3 bref=50.00 pid=-28.8 apid=3.3 integ=-0.0 vision=1 current=1 vframe=421 vs=1 vage=29 vpage=29 vdt=103 vmax=165 vacc=421 vrej=0 seq=0 elapsed=0 oled=3C
[   6688] STATUS mode=3 fault=none p60=-1 dp60=0 pwm=0 ball=24.41 vball=0.02 aball=-1.1 bref=50.00 pid=-39.3 apid=-1.1 integ=-0.0 vision=1 current=1 vframe=422 vs=1 vage=18 vpage=18 vdt=31 vmax=165 vacc=422 vrej=0 seq=0 elapsed=0 oled=3C
[   6719] STATUS mode=3 fault=none p60=-1 dp60=0 pwm=-132 ball=24.38 vball=-0.10 aball=-1.5 bref=50.00 pid=-40.6 apid=-1.5 integ=-0.0 vision=1 current=1 vframe=423 vs=1 vage=4 vpage=4 vdt=34 vmax=165 vacc=423 vrej=0 seq=0 elapsed=0 oled=3C
[   6733] STATUS mode=3 fault=none p60=-1 dp60=0 pwm=0 ball=24.38 vball=-0.10 aball=-1.5 bref=50.00 pid=-40.6 apid=-1.5 integ=-0.0 vision=1 current=1 vframe=423 vs=1 vage=24 vpage=24 vdt=34 vmax=165 vacc=423 vrej=0 seq=0 elapsed=0 oled=3C
[   6750] STATUS mode=3 fault=none p60=-1 dp60=0 pwm=0 ball=24.38 vball=-0.10 aball=-1.5 bref=50.00 pid=-40.6 apid=-1.5 integ=-0.0 vision=1 current=1 vframe=423 vs=1 vage=44 vpage=44 vdt=34 vmax=165 vacc=423 vrej=0 seq=0 elapsed=0 oled=3C
[   6781] STATUS mode=3 fault=none p60=-1 dp60=0 pwm=0 ball=24.38 vball=-0.10 aball=-1.5 bref=50.00 pid=-40.6 apid=-1.5 integ=-0.0 vision=1 current=1 vframe=423 vs=1 vage=64 vpage=64 vdt=34 vmax=165 vacc=423 vrej=0 seq=0 elapsed=0 oled=3C
[   6797] STATUS mode=3 fault=none p60=0 dp60=0 pwm=0 ball=24.38 vball=-0.10 aball=-1.5 bref=50.00 pid=-40.6 apid=-1.5 integ=-0.0 vision=1 current=1 vframe=423 vs=1 vage=84 vpage=84 vdt=34 vmax=165 vacc=423 vrej=0 seq=0 elapsed=0 oled=3C
[   6813] STATUS mode=3 fault=none p60=0 dp60=0 pwm=-132 ball=24.38 vball=-0.10 aball=-1.2 bref=50.00 pid=-40.4 apid=-1.2 integ=-0.0 vision=1 current=1 vframe=424 vs=1 vage=2 vpage=2 vdt=102 vmax=165 vacc=424 vrej=0 seq=0 elapsed=0 oled=3C
[   6828] STATUS mode=3 fault=none p60=-1 dp60=0 pwm=0 ball=24.38 vball=-0.10 aball=-1.2 bref=50.00 pid=-40.4 apid=-1.2 integ=-0.0 vision=1 current=1 vframe=424 vs=1 vage=22 vpage=22 vdt=102 vmax=165 vacc=424 vrej=0 seq=0 elapsed=0 oled=3C
[   6858] STATUS mode=3 fault=none p60=-1 dp60=0 pwm=0 ball=24.38 vball=-0.07 aball=-0.9 bref=50.00 pid=-39.9 apid=-0.9 integ=-0.0 vision=1 current=1 vframe=425 vs=1 vage=11 vpage=11 vdt=31 vmax=165 vacc=425 vrej=0 seq=0 elapsed=0 oled=3C
[   6875] STATUS mode=3 fault=none p60=-1 dp60=0 pwm=-132 ball=24.38 vball=-0.07 aball=-0.9 bref=50.00 pid=-39.9 apid=-0.9 integ=-0.0 vision=1 current=1 vframe=425 vs=1 vage=31 vpage=31 vdt=31 vmax=165 vacc=425 vrej=0 seq=0 elapsed=0 oled=3C
[   6891] STATUS mode=3 fault=none p60=-1 dp60=0 pwm=0 ball=24.38 vball=-0.06 aball=-0.7 bref=50.00 pid=-39.6 apid=-0.7 integ=-0.0 vision=1 current=1 vframe=426 vs=1 vage=18 vpage=18 vdt=33 vmax=165 vacc=426 vrej=0 seq=0 elapsed=0 oled=3C
[   6922] STATUS mode=3 fault=none p60=-1 dp60=0 pwm=0 ball=24.38 vball=-0.06 aball=-0.7 bref=50.00 pid=-39.6 apid=-0.7 integ=-0.0 vision=1 current=1 vframe=426 vs=1 vage=38 vpage=38 vdt=33 vmax=165 vacc=426 vrej=0 seq=0 elapsed=0 oled=3C
[   6938] STATUS mode=3 fault=none p60=-1 dp60=0 pwm=-132 ball=24.38 vball=-0.06 aball=-0.7 bref=50.00 pid=-39.6 apid=-0.7 integ=-0.0 vision=1 current=1 vframe=426 vs=1 vage=58 vpage=58 vdt=33 vmax=165 vacc=426 vrej=0 seq=0 elapsed=0 oled=3C
[   6953] STATUS mode=3 fault=none p60=-1 dp60=0 pwm=0 ball=24.38 vball=-0.06 aball=-0.7 bref=50.00 pid=-39.6 apid=-0.7 integ=-0.0 vision=1 current=1 vframe=426 vs=1 vage=78 vpage=78 vdt=33 vmax=165 vacc=426 vrej=0 seq=0 elapsed=0 oled=3C
[   6969] STATUS mode=3 fault=none p60=-1 dp60=0 pwm=0 ball=24.38 vball=-0.05 aball=-0.7 bref=50.00 pid=-39.6 apid=-0.7 integ=-0.0 vision=1 current=1 vframe=427 vs=1 vage=1 vpage=1 vdt=97 vmax=165 vacc=427 vrej=0 seq=0 elapsed=0 oled=3C
[   7000] STATUS mode=3 fault=none p60=-1 dp60=0 pwm=0 ball=24.40 vball=0.12 aball=-0.6 bref=50.00 pid=-39.4 apid=-0.6 integ=-0.0 vision=1 current=1 vframe=428 vs=1 vage=1 vpage=1 vdt=20 vmax=165 vacc=428 vrej=0 seq=0 elapsed=0 oled=3C
[   7016] STATUS mode=3 fault=none p60=-1 dp60=0 pwm=0 ball=24.40 vball=0.12 aball=0.8 bref=50.00 pid=-36.7 apid=0.8 integ=-0.0 vision=1 current=1 vframe=428 vs=1 vage=21 vpage=21 vdt=20 vmax=165 vacc=428 vrej=0 seq=0 elapsed=0 oled=3C
[   7031] STATUS mode=3 fault=none p60=-1 dp60=0 pwm=-132 ball=24.38 vball=0.01 aball=0.1 bref=50.00 pid=-38.2 apid=0.1 integ=-0.0 vision=1 current=1 vframe=429 vs=1 vage=8 vpage=8 vdt=33 vmax=165 vacc=429 vrej=0 seq=0 elapsed=0 oled=3C
[   7063] STATUS mode=3 fault=none p60=-1 dp60=0 pwm=0 ball=24.38 vball=0.01 aball=0.1 bref=50.00 pid=-38.2 apid=0.1 integ=-0.0 vision=1 current=1 vframe=429 vs=1 vage=28 vpage=28 vdt=33 vmax=165 vacc=429 vrej=0 seq=0 elapsed=0 oled=3C
[   7078] STATUS mode=3 fault=none p60=-1 dp60=0 pwm=0 ball=24.38 vball=0.01 aball=0.1 bref=50.00 pid=-38.2 apid=0.1 integ=-0.0 vision=1 current=1 vframe=429 vs=1 vage=48 vpage=48 vdt=33 vmax=165 vacc=429 vrej=0 seq=0 elapsed=0 oled=3C
[   7094] STATUS mode=3 fault=none p60=-1 dp60=0 pwm=0 ball=24.38 vball=0.01 aball=0.1 bref=50.00 pid=-38.2 apid=0.1 integ=-0.0 vision=1 current=1 vframe=429 vs=1 vage=68 vpage=68 vdt=33 vmax=165 vacc=429 vrej=0 seq=0 elapsed=0 oled=3C
[   7108] STATUS mode=3 fault=none p60=0 dp60=0 pwm=0 ball=24.38 vball=0.01 aball=0.1 bref=50.00 pid=-38.2 apid=0.1 integ=-0.0 vision=1 current=1 vframe=429 vs=1 vage=88 vpage=88 vdt=33 vmax=165 vacc=429 vrej=0 seq=0 elapsed=0 oled=3C
[   7141] STATUS mode=3 fault=none p60=-1 dp60=-1 pwm=-132 ball=24.38 vball=0.00 aball=0.1 bref=50.00 pid=-38.3 apid=0.1 integ=-0.0 vision=1 current=1 vframe=430 vs=1 vage=13 vpage=13 vdt=95 vmax=165 vacc=430 vrej=0 seq=0 elapsed=0 oled=3C
[   7156] STATUS mode=3 fault=none p60=-1 dp60=0 pwm=0 ball=24.38 vball=0.00 aball=0.1 bref=50.00 pid=-38.3 apid=0.1 integ=-0.0 vision=1 current=1 vframe=431 vs=1 vage=11 vpage=11 vdt=22 vmax=165 vacc=431 vrej=0 seq=0 elapsed=0 oled=3C
[   7172] STATUS mode=3 fault=none p60=-1 dp60=0 pwm=0 ball=24.38 vball=0.00 aball=0.1 bref=50.00 pid=-38.3 apid=0.1 integ=-0.0 vision=1 current=1 vframe=431 vs=1 vage=31 vpage=31 vdt=22 vmax=165 vacc=431 vrej=0 seq=0 elapsed=0 oled=3C
[   7188] STATUS mode=3 fault=none p60=-1 dp60=0 pwm=0 ball=24.38 vball=0.00 aball=0.1 bref=50.00 pid=-38.3 apid=0.1 integ=-0.0 vision=1 current=1 vframe=432 vs=1 vage=18 vpage=18 vdt=33 vmax=165 vacc=432 vrej=0 seq=0 elapsed=0 oled=3C
[   7219] STATUS mode=3 fault=none p60=-1 dp60=0 pwm=0 ball=24.38 vball=0.00 aball=0.1 bref=50.00 pid=-38.3 apid=0.1 integ=-0.0 vision=1 current=1 vframe=432 vs=1 vage=38 vpage=38 vdt=33 vmax=165 vacc=432 vrej=0 seq=0 elapsed=0 oled=3C
[   7233] STATUS mode=3 fault=none p60=-1 dp60=0 pwm=0 ball=24.38 vball=0.00 aball=0.1 bref=50.00 pid=-38.3 apid=0.1 integ=-0.0 vision=1 current=1 vframe=432 vs=1 vage=58 vpage=58 vdt=33 vmax=165 vacc=432 vrej=0 seq=0 elapsed=0 oled=3C
[   7250] STATUS mode=3 fault=none p60=0 dp60=0 pwm=0 ball=24.38 vball=0.00 aball=0.1 bref=50.00 pid=-38.3 apid=0.1 integ=-0.0 vision=1 current=1 vframe=432 vs=1 vage=78 vpage=78 vdt=33 vmax=165 vacc=432 vrej=0 seq=0 elapsed=0 oled=3C
[   7281] STATUS mode=3 fault=none p60=0 dp60=0 pwm=0 ball=24.38 vball=0.00 aball=0.1 bref=50.00 pid=-38.3 apid=0.1 integ=-0.0 vision=1 current=1 vframe=432 vs=1 vage=98 vpage=98 vdt=33 vmax=165 vacc=432 vrej=0 seq=0 elapsed=0 oled=3C
[   7297] STATUS mode=3 fault=none p60=-1 dp60=0 pwm=0 ball=24.38 vball=0.00 aball=0.1 bref=50.00 pid=-38.4 apid=0.1 integ=-0.0 vision=1 current=1 vframe=433 vs=1 vage=19 vpage=19 vdt=99 vmax=165 vacc=433 vrej=0 seq=0 elapsed=0 oled=3C
[   7313] STATUS mode=3 fault=none p60=-1 dp60=0 pwm=0 ball=24.35 vball=-0.31 aball=-1.3 bref=50.00 pid=-42.1 apid=-1.3 integ=-0.0 vision=1 current=1 vframe=434 vs=1 vage=4 vpage=4 vdt=35 vmax=165 vacc=434 vrej=0 seq=0 elapsed=0 oled=3C
[   7328] STATUS mode=3 fault=none p60=-1 dp60=0 pwm=-133 ball=24.35 vball=-0.31 aball=-1.3 bref=50.00 pid=-42.1 apid=-1.3 integ=-0.0 vision=1 current=1 vframe=434 vs=1 vage=24 vpage=24 vdt=35 vmax=165 vacc=434 vrej=0 seq=0 elapsed=0 oled=3C
[   7358] STATUS mode=3 fault=none p60=-1 dp60=0 pwm=0 ball=24.35 vball=-0.31 aball=-1.3 bref=50.00 pid=-42.1 apid=-1.3 integ=-0.0 vision=1 current=1 vframe=434 vs=1 vage=44 vpage=44 vdt=35 vmax=165 vacc=434 vrej=0 seq=0 elapsed=0 oled=3C
[   7375] STATUS mode=3 fault=none p60=-2 dp60=0 pwm=0 ball=24.35 vball=-0.31 aball=-1.3 bref=50.00 pid=-42.1 apid=-1.3 integ=-0.0 vision=1 current=1 vframe=434 vs=1 vage=64 vpage=64 vdt=35 vmax=165 vacc=434 vrej=0 seq=0 elapsed=0 oled=3C
[   7391] STATUS mode=3 fault=none p60=-1 dp60=0 pwm=0 ball=24.35 vball=-0.31 aball=-1.3 bref=50.00 pid=-42.1 apid=-1.3 integ=-0.0 vision=1 current=1 vframe=434 vs=1 vage=84 vpage=84 vdt=35 vmax=165 vacc=434 vrej=0 seq=0 elapsed=0 oled=3C
[   7422] STATUS mode=3 fault=none p60=0 dp60=0 pwm=0 ball=24.35 vball=-0.31 aball=-1.3 bref=50.00 pid=-42.1 apid=-1.3 integ=-0.0 vision=1 current=1 vframe=434 vs=1 vage=104 vpage=104 vdt=35 vmax=165 vacc=434 vrej=0 seq=0 elapsed=0 oled=3C
[   7438] STATUS mode=3 fault=none p60=-1 dp60=-1 pwm=-133 ball=24.28 vball=-0.47 aball=-1.0 bref=50.00 pid=-43.1 apid=-1.0 integ=-0.0 vision=1 current=1 vframe=436 vs=1 vage=6 vpage=6 vdt=11 vmax=165 vacc=436 vrej=0 seq=0 elapsed=0 oled=3C
[   7453] STATUS mode=3 fault=none p60=-2 dp60=0 pwm=0 ball=24.28 vball=-0.47 aball=-1.0 bref=50.00 pid=-43.1 apid=-1.0 integ=-0.0 vision=1 current=1 vframe=436 vs=1 vage=26 vpage=26 vdt=11 vmax=165 vacc=436 vrej=0 seq=0 elapsed=0 oled=3C
[   7469] STATUS mode=3 fault=none p60=-1 dp60=0 pwm=-132 ball=24.44 vball=0.40 aball=3.2 bref=50.00 pid=-32.1 apid=3.2 integ=-0.0 vision=1 current=1 vframe=437 vs=1 vage=14 vpage=14 vdt=32 vmax=165 vacc=437 vrej=0 seq=0 elapsed=0 oled=3C
[   7500] STATUS mode=3 fault=none p60=-2 dp60=-1 pwm=0 ball=24.40 vball=0.08 aball=3.2 bref=50.00 pid=-32.1 apid=3.2 integ=-0.0 vision=1 current=1 vframe=438 vs=1 vage=1 vpage=1 vdt=33 vmax=165 vacc=438 vrej=0 seq=0 elapsed=0 oled=3C
[   7516] STATUS mode=3 fault=none p60=-2 dp60=0 pwm=0 ball=24.40 vball=0.08 aball=1.3 bref=50.00 pid=-36.5 apid=1.3 integ=-0.0 vision=1 current=1 vframe=438 vs=1 vage=21 vpage=21 vdt=33 vmax=165 vacc=438 vrej=0 seq=0 elapsed=0 oled=3C
[   7531] STATUS mode=3 fault=none p60=-1 dp60=0 pwm=-132 ball=24.40 vball=0.08 aball=1.3 bref=50.00 pid=-36.5 apid=1.3 integ=-0.0 vision=1 current=1 vframe=438 vs=1 vage=41 vpage=41 vdt=33 vmax=165 vacc=438 vrej=0 seq=0 elapsed=0 oled=3C
[   7563] STATUS mode=3 fault=none p60=-1 dp60=0 pwm=0 ball=24.40 vball=0.08 aball=1.3 bref=50.00 pid=-36.5 apid=1.3 integ=-0.0 vision=1 current=1 vframe=438 vs=1 vage=61 vpage=61 vdt=33 vmax=165 vacc=438 vrej=0 seq=0 elapsed=0 oled=3C
[   7578] STATUS mode=3 fault=none p60=-1 dp60=0 pwm=0 ball=24.40 vball=0.08 aball=1.3 bref=50.00 pid=-36.5 apid=1.3 integ=-0.0 vision=1 current=1 vframe=438 vs=1 vage=81 vpage=81 vdt=33 vmax=165 vacc=438 vrej=0 seq=0 elapsed=0 oled=3C
[   7594] STATUS mode=3 fault=none p60=-1 dp60=0 pwm=0 ball=24.40 vball=0.08 aball=1.3 bref=50.00 pid=-36.5 apid=1.3 integ=-0.0 vision=1 current=1 vframe=438 vs=1 vage=101 vpage=101 vdt=33 vmax=165 vacc=438 vrej=0 seq=0 elapsed=0 oled=3C
[   7608] STATUS mode=3 fault=none p60=-1 dp60=-1 pwm=-132 ball=24.37 vball=-0.04 aball=0.9 bref=50.00 pid=-37.8 apid=0.9 integ=-0.0 vision=1 current=1 vframe=439 vs=1 vage=16 vpage=16 vdt=105 vmax=165 vacc=439 vrej=0 seq=0 elapsed=0 oled=3C
[   7641] STATUS mode=3 fault=none p60=-2 dp60=0 pwm=0 ball=24.40 vball=0.12 aball=1.7 bref=50.00 pid=-35.8 apid=1.7 integ=-0.0 vision=1 current=1 vframe=440 vs=1 vage=8 vpage=8 vdt=28 vmax=165 vacc=440 vrej=0 seq=0 elapsed=0 oled=3C
[   7656] STATUS mode=3 fault=none p60=-1 dp60=0 pwm=0 ball=24.40 vball=0.12 aball=1.7 bref=50.00 pid=-35.8 apid=1.7 integ=-0.0 vision=1 current=1 vframe=440 vs=1 vage=28 vpage=28 vdt=28 vmax=165 vacc=440 vrej=0 seq=0 elapsed=0 oled=3C
[   7672] STATUS mode=3 fault=none p60=-1 dp60=0 pwm=0 ball=24.41 vball=0.16 aball=1.6 bref=50.00 pid=-35.6 apid=1.6 integ=-0.0 vision=1 current=1 vframe=441 vs=1 vage=15 vpage=15 vdt=33 vmax=165 vacc=441 vrej=0 seq=0 elapsed=0 oled=3C
[   7688] STATUS mode=3 fault=none p60=-1 dp60=1 pwm=0 ball=24.41 vball=0.16 aball=1.6 bref=50.00 pid=-35.6 apid=1.6 integ=-0.0 vision=1 current=1 vframe=441 vs=1 vage=35 vpage=35 vdt=33 vmax=165 vacc=441 vrej=0 seq=0 elapsed=0 oled=3C
[   7719] STATUS mode=3 fault=none p60=-1 dp60=0 pwm=-132 ball=24.41 vball=0.16 aball=1.6 bref=50.00 pid=-35.6 apid=1.6 integ=-0.0 vision=1 current=1 vframe=441 vs=1 vage=55 vpage=55 vdt=33 vmax=165 vacc=441 vrej=0 seq=0 elapsed=0 oled=3C
[   7733] STATUS mode=3 fault=none p60=-1 dp60=0 pwm=0 ball=24.41 vball=0.16 aball=1.6 bref=50.00 pid=-35.6 apid=1.6 integ=-0.0 vision=1 current=1 vframe=441 vs=1 vage=75 vpage=75 vdt=33 vmax=165 vacc=441 vrej=0 seq=0 elapsed=0 oled=3C
[   7750] STATUS mode=3 fault=none p60=-1 dp60=0 pwm=0 ball=24.41 vball=0.16 aball=1.6 bref=50.00 pid=-35.6 apid=1.6 integ=-0.0 vision=1 current=1 vframe=441 vs=1 vage=95 vpage=95 vdt=33 vmax=165 vacc=441 vrej=0 seq=0 elapsed=0 oled=3C
[   7781] STATUS mode=3 fault=none p60=-1 dp60=0 pwm=-132 ball=24.42 vball=0.14 aball=1.3 bref=50.00 pid=-36.0 apid=1.3 integ=-0.0 vision=1 current=1 vframe=442 vs=1 vage=18 vpage=18 vdt=97 vmax=165 vacc=442 vrej=0 seq=0 elapsed=0 oled=3C
[   7797] STATUS mode=3 fault=none p60=-1 dp60=0 pwm=0 ball=24.48 vball=0.52 aball=2.7 bref=50.00 pid=-31.7 apid=2.7 integ=-0.0 vision=1 current=1 vframe=443 vs=1 vage=2 vpage=2 vdt=36 vmax=165 vacc=443 vrej=0 seq=0 elapsed=0 oled=3C
[   7813] STATUS mode=3 fault=none p60=-1 dp60=0 pwm=0 ball=24.48 vball=0.52 aball=2.7 bref=50.00 pid=-31.7 apid=2.7 integ=-0.0 vision=1 current=1 vframe=443 vs=1 vage=22 vpage=22 vdt=36 vmax=165 vacc=443 vrej=0 seq=0 elapsed=0 oled=3C
[   7828] STATUS mode=3 fault=none p60=-1 dp60=0 pwm=-132 ball=24.48 vball=0.52 aball=2.7 bref=50.00 pid=-31.7 apid=2.7 integ=-0.0 vision=1 current=1 vframe=443 vs=1 vage=42 vpage=42 vdt=36 vmax=165 vacc=443 vrej=0 seq=0 elapsed=0 oled=3C
[   7858] STATUS mode=3 fault=none p60=-1 dp60=0 pwm=0 ball=24.48 vball=0.52 aball=2.7 bref=50.00 pid=-31.7 apid=2.7 integ=-0.0 vision=1 current=1 vframe=443 vs=1 vage=62 vpage=62 vdt=36 vmax=165 vacc=443 vrej=0 seq=0 elapsed=0 oled=3C
[   7875] STATUS mode=3 fault=none p60=-1 dp60=0 pwm=0 ball=24.48 vball=0.52 aball=2.7 bref=50.00 pid=-31.7 apid=2.7 integ=-0.0 vision=1 current=1 vframe=443 vs=1 vage=82 vpage=82 vdt=36 vmax=165 vacc=443 vrej=0 seq=0 elapsed=0 oled=3C
[   7891] STATUS mode=3 fault=none p60=-1 dp60=0 pwm=0 ball=24.48 vball=0.52 aball=2.7 bref=50.00 pid=-31.7 apid=2.7 integ=-0.0 vision=1 current=1 vframe=443 vs=1 vage=102 vpage=102 vdt=36 vmax=165 vacc=443 vrej=0 seq=0 elapsed=0 oled=3C
[   7922] STATUS mode=3 fault=none p60=-1 dp60=0 pwm=0 ball=24.42 vball=0.16 aball=1.2 bref=50.00 pid=-35.9 apid=1.2 integ=-0.0 vision=1 current=1 vframe=445 vs=1 vage=8 vpage=8 vdt=10 vmax=165 vacc=445 vrej=0 seq=0 elapsed=0 oled=3C
[   7938] STATUS mode=3 fault=none p60=-1 dp60=1 pwm=0 ball=24.38 vball=-0.21 aball=-1.7 bref=50.00 pid=-41.7 apid=-1.7 integ=-0.0 vision=1 current=1 vframe=446 vs=1 vage=8 vpage=8 vdt=20 vmax=165 vacc=446 vrej=0 seq=0 elapsed=0 oled=3C
[   7953] STATUS mode=3 fault=none p60=-1 dp60=0 pwm=0 ball=24.38 vball=-0.21 aball=-1.7 bref=50.00 pid=-41.7 apid=-1.7 integ=-0.0 vision=1 current=1 vframe=446 vs=1 vage=28 vpage=28 vdt=20 vmax=165 vacc=446 vrej=0 seq=0 elapsed=0 oled=3C
[   7969] STATUS mode=3 fault=none p60=-1 dp60=0 pwm=0 ball=24.40 vball=-0.12 aball=-1.1 bref=50.00 pid=-40.4 apid=-1.1 integ=-0.0 vision=1 current=1 vframe=447 vs=1 vage=15 vpage=15 vdt=33 vmax=165 vacc=447 vrej=0 seq=0 elapsed=0 oled=3C
[   8000] STATUS mode=3 fault=none p60=-1 dp60=0 pwm=0 ball=24.40 vball=-0.12 aball=-1.1 bref=50.00 pid=-40.4 apid=-1.1 integ=-0.0 vision=1 current=1 vframe=447 vs=1 vage=35 vpage=35 vdt=33 vmax=165 vacc=447 vrej=0 seq=0 elapsed=0 oled=3C
[   8016] STATUS mode=3 fault=none p60=-1 dp60=0 pwm=-132 ball=24.40 vball=-0.12 aball=-1.1 bref=50.00 pid=-40.4 apid=-1.1 integ=-0.0 vision=1 current=1 vframe=447 vs=1 vage=55 vpage=55 vdt=33 vmax=165 vacc=447 vrej=0 seq=0 elapsed=0 oled=3C
[   8031] STATUS mode=3 fault=none p60=-2 dp60=0 pwm=0 ball=24.40 vball=-0.12 aball=-1.1 bref=50.00 pid=-40.4 apid=-1.1 integ=-0.0 vision=1 current=1 vframe=447 vs=1 vage=75 vpage=75 vdt=33 vmax=165 vacc=447 vrej=0 seq=0 elapsed=0 oled=3C
[   8063] STATUS mode=3 fault=none p60=-1 dp60=1 pwm=0 ball=24.40 vball=-0.12 aball=-1.1 bref=50.00 pid=-40.4 apid=-1.1 integ=-0.0 vision=1 current=1 vframe=447 vs=1 vage=95 vpage=95 vdt=33 vmax=165 vacc=447 vrej=0 seq=0 elapsed=0 oled=3C
[   8078] STATUS mode=3 fault=none p60=-1 dp60=0 pwm=-132 ball=24.40 vball=0.10 aball=-0.6 bref=50.00 pid=-38.2 apid=-0.6 integ=-0.0 vision=1 current=1 vframe=448 vs=1 vage=15 vpage=15 vdt=100 vmax=165 vacc=448 vrej=0 seq=0 elapsed=0 oled=3C
[   8094] STATUS mode=3 fault=none p60=-2 dp60=0 pwm=0 ball=24.36 vball=-0.19 aball=-2.0 bref=50.00 pid=-41.9 apid=-2.0 integ=-0.0 vision=1 current=1 vframe=449 vs=1 vage=6 vpage=6 vdt=29 vmax=165 vacc=449 vrej=0 seq=0 elapsed=0 oled=3C
[   8108] STATUS mode=3 fault=none p60=-1 dp60=0 pwm=0 ball=24.36 vball=-0.19 aball=-2.0 bref=50.00 pid=-41.9 apid=-2.0 integ=-0.0 vision=1 current=1 vframe=449 vs=1 vage=26 vpage=26 vdt=29 vmax=165 vacc=449 vrej=0 seq=0 elapsed=0 oled=3C
[   8141] STATUS mode=3 fault=none p60=-1 dp60=0 pwm=0 ball=24.35 vball=-0.18 aball=-1.6 bref=50.00 pid=-41.5 apid=-1.6 integ=-0.0 vision=1 current=1 vframe=450 vs=1 vage=16 vpage=16 vdt=30 vmax=165 vacc=450 vrej=0 seq=0 elapsed=0 oled=3C
[   8156] STATUS mode=3 fault=none p60=-1 dp60=1 pwm=0 ball=24.35 vball=-0.18 aball=-1.6 bref=50.00 pid=-41.5 apid=-1.6 integ=-0.0 vision=1 current=1 vframe=450 vs=1 vage=36 vpage=36 vdt=30 vmax=165 vacc=450 vrej=0 seq=0 elapsed=0 oled=3C
[   8172] STATUS mode=3 fault=none p60=-1 dp60=0 pwm=-132 ball=24.35 vball=-0.18 aball=-1.6 bref=50.00 pid=-41.5 apid=-1.6 integ=-0.0 vision=1 current=1 vframe=450 vs=1 vage=56 vpage=56 vdt=30 vmax=165 vacc=450 vrej=0 seq=0 elapsed=0 oled=3C
[   8203] STATUS mode=3 fault=none p60=-2 dp60=0 pwm=0 ball=24.35 vball=-0.18 aball=-1.6 bref=50.00 pid=-41.5 apid=-1.6 integ=-0.0 vision=1 current=1 vframe=450 vs=1 vage=76 vpage=76 vdt=30 vmax=165 vacc=450 vrej=0 seq=0 elapsed=0 oled=3C
[   8219] STATUS mode=3 fault=none p60=-1 dp60=1 pwm=0 ball=24.35 vball=-0.15 aball=-1.3 bref=50.00 pid=-40.9 apid=-1.3 integ=-0.0 vision=1 current=1 vframe=451 vs=1 vage=4 vpage=4 vdt=92 vmax=165 vacc=451 vrej=0 seq=0 elapsed=0 oled=3C
[   8233] STATUS mode=3 fault=none p60=-1 dp60=0 pwm=0 ball=24.35 vball=-0.15 aball=-1.3 bref=50.00 pid=-40.9 apid=-1.3 integ=-0.0 vision=1 current=1 vframe=451 vs=1 vage=24 vpage=24 vdt=92 vmax=165 vacc=451 vrej=0 seq=0 elapsed=0 oled=3C
[   8250] STATUS mode=3 fault=none p60=-2 dp60=0 pwm=0 ball=24.35 vball=-0.12 aball=-1.0 bref=50.00 pid=-40.4 apid=-1.0 integ=-0.0 vision=1 current=1 vframe=452 vs=1 vage=11 vpage=11 vdt=33 vmax=165 vacc=452 vrej=0 seq=0 elapsed=0 oled=3C
[   8281] STATUS mode=3 fault=none p60=-1 dp60=0 pwm=-132 ball=24.35 vball=-0.12 aball=-1.0 bref=50.00 pid=-40.4 apid=-1.0 integ=-0.0 vision=1 current=1 vframe=452 vs=1 vage=31 vpage=31 vdt=33 vmax=165 vacc=452 vrej=0 seq=0 elapsed=0 oled=3C
[   8297] STATUS mode=3 fault=none p60=-2 dp60=0 pwm=0 ball=24.35 vball=-0.10 aball=-0.8 bref=50.00 pid=-40.0 apid=-0.8 integ=-0.0 vision=1 current=1 vframe=453 vs=1 vage=17 vpage=17 vdt=34 vmax=165 vacc=453 vrej=0 seq=0 elapsed=0 oled=3C
[   8313] STATUS mode=3 fault=none p60=-1 dp60=1 pwm=0 ball=24.35 vball=-0.10 aball=-0.8 bref=50.00 pid=-40.0 apid=-0.8 integ=-0.0 vision=1 current=1 vframe=453 vs=1 vage=37 vpage=37 vdt=34 vmax=165 vacc=453 vrej=0 seq=0 elapsed=0 oled=3C
[   8328] STATUS mode=3 fault=none p60=-1 dp60=0 pwm=-132 ball=24.35 vball=-0.10 aball=-0.8 bref=50.00 pid=-40.0 apid=-0.8 integ=-0.0 vision=1 current=1 vframe=453 vs=1 vage=57 vpage=57 vdt=34 vmax=165 vacc=453 vrej=0 seq=0 elapsed=0 oled=3C
[   8358] STATUS mode=3 fault=none p60=-2 dp60=0 pwm=0 ball=24.35 vball=-0.10 aball=-0.8 bref=50.00 pid=-40.0 apid=-0.8 integ=-0.0 vision=1 current=1 vframe=453 vs=1 vage=77 vpage=77 vdt=34 vmax=1
[   8358] >>> stop
[   8358] 65 vacc=453 vrej=0 seq=0 elapsed=0 oled=3C
[   8375] STATUS mode=1 fault=none p60=-1 dp60=0 pwm=0 ball=24.35 vball=-0.10 aball=-0.8 bref=50.00 pid=-40.0 apid=-0.8 integ=-0.0 vision=1 current=1 vframe=453 vs=1 vage=97 vpage=97 vdt=34 vmax=165 vacc=453 vrej=0 seq=0 elapsed=0 oled=3C
[   8391] STATUS mode=1 fault=none p60=0 dp60=0 pwm=0 ball=24.35 vball=-0.08 aball=-0.8 bref=50.00 pid=-40.0 apid=-0.8 integ=-0.0 vision=1 current=1 vframe=454 vs=1 vage=17 vpage=17 vdt=100 vmax=165 vacc=454 vrej=0 seq=0 elapsed=0 oled=3C
[   8422] STATUS mode=1 fault=none p60=0 dp60=0 pwm=0 ball=24.32 vball=-0.21 aball=-0.8 bref=50.00 pid=-40.0 apid=-0.8 integ=-0.0 vision=1 current=1 vframe=455 vs=1 vage=5 vpage=5 vdt=32 vmax=165 vacc=455 vrej=0 seq=0 elapsed=0 oled=3C
[   8438] STATUS mode=1 fault=none p60=0 dp60=0 pwm=0 ball=24.32 vball=-0.21 aball=-0.8 bref=50.00 pid=-40.0 apid=-0.8 integ=-0.0 vision=1 current=1 vframe=455 vs=1 vage=25 vpage=25 vdt=32 vmax=165 vacc=455 vrej=0 seq=0 elapsed=0 oled=3C
[   8453] STATUS mode=1 fault=none p60=0 dp60=0 pwm=0 ball=24.31 vball=-0.23 aball=-0.8 bref=50.00 pid=-40.0 apid=-0.8 integ=-0.0 vision=1 current=1 vframe=456 vs=1 vage=11 vpage=11 vdt=34 vmax=165 vacc=456 vrej=0 seq=0 elapsed=0 oled=3C
[   8469] STATUS mode=1 fault=none p60=0 dp60=0 pwm=0 ball=24.31 vball=-0.23 aball=-0.8 bref=50.00 pid=-40.0 apid=-0.8 integ=-0.0 vision=1 current=1 vframe=456 vs=1 vage=31 vpage=31 vdt=34 vmax=165 vacc=456 vrej=0 seq=0 elapsed=0 oled=3C
[   8500] STATUS mode=1 fault=none p60=0 dp60=0 pwm=0 ball=24.31 vball=-0.23 aball=-0.8 bref=50.00 pid=-40.0 apid=-0.8 integ=-0.0 vision=1 current=1 vframe=456 vs=1 vage=51 vpage=51 vdt=34 vmax=165 vacc=456 vrej=0 seq=0 elapsed=0 oled=3C
[   8516] STATUS mode=1 fault=none p60=0 dp60=0 pwm=0 ball=24.31 vball=-0.23 aball=-0.8 bref=50.00 pid=-40.0 apid=-0.8 integ=-0.0 vision=1 current=1 vframe=456 vs=1 vage=71 vpage=71 vdt=34 vmax=165 vacc=456 vrej=0 seq=0 elapsed=0 oled=3C
[   8531] STATUS mode=1 fault=none p60=0 dp60=0 pwm=0 ball=24.31 vball=-0.23 aball=-0.8 bref=50.00 pid=-40.0 apid=-0.8 integ=-0.0 vision=1 current=1 vframe=456 vs=1 vage=91 vpage=91 vdt=34 vmax=165 vacc=456 vrej=0 seq=0 elapsed=0 oled=3C
[   8563] STATUS mode=1 fault=none p60=0 dp60=0 pwm=0 ball=24.38 vball=-0.03 aball=-0.8 bref=50.00 pid=-40.0 apid=-0.8 integ=-0.0 vision=1 current=1 vframe=457 vs=1 vage=11 vpage=11 vdt=100 vmax=165 vacc=457 vrej=0 seq=0 elapsed=0 oled=3C
[   8578] STATUS mode=1 fault=none p60=0 dp60=0 pwm=0 ball=24.38 vball=-0.03 aball=-0.8 bref=50.00 pid=-40.0 apid=-0.8 integ=-0.0 vision=1 current=1 vframe=457 vs=1 vage=31 vpage=31 vdt=100 vmax=165 vacc=457 vrej=0 seq=0 elapsed=0 oled=3C
[   8594] STATUS mode=1 fault=none p60=0 dp60=0 pwm=0 ball=24.41 vball=0.21 aball=-0.8 bref=50.00 pid=-40.0 apid=-0.8 integ=-0.0 vision=1 current=1 vframe=458 vs=1 vage=18 vpage=18 vdt=33 vmax=165 vacc=458 vrej=0 seq=0 elapsed=0 oled=3C
[   8608] STATUS mode=1 fault=none p60=0 dp60=0 pwm=0 ball=24.41 vball=0.21 aball=-0.8 bref=50.00 pid=-40.0 apid=-0.8 integ=-0.0 vision=1 current=1 vframe=458 vs=1 vage=38 vpage=38 vdt=33 vmax=165 vacc=458 vrej=0 seq=0 elapsed=0 oled=3C
[   8641] STATUS mode=1 fault=none p60=0 dp60=0 pwm=0 ball=24.41 vball=0.21 aball=-0.8 bref=50.00 pid=-40.0 apid=-0.8 integ=-0.0 vision=1 current=1 vframe=458 vs=1 vage=58 vpage=58 vdt=33 vmax=165 vacc=458 vrej=0 seq=0 elapsed=0 oled=3C
[   8656] STATUS mode=1 fault=none p60=0 dp60=0 pwm=0 ball=24.41 vball=0.21 aball=-0.8 bref=50.00 pid=-40.0 apid=-0.8 integ=-0.0 vision=1 current=1 vframe=458 vs=1 vage=78 vpage=78 vdt=33 vmax=165 vacc=458 vrej=0 seq=0 elapsed=0 oled=3C
[   8672] STATUS mode=1 fault=none p60=0 dp60=0 pwm=0 ball=24.41 vball=0.21 aball=-0.8 bref=50.00 pid=-40.0 apid=-0.8 integ=-0.0 vision=1 current=1 vframe=458 vs=1 vage=98 vpage=98 vdt=33 vmax=165 vacc=458 vrej=0 seq=0 elapsed=0 oled=3C
[   8688] STATUS mode=1 fault=none p60=0 dp60=0 pwm=0 ball=24.39 vball=0.07 aball=-0.8 bref=50.00 pid=-40.0 apid=-0.8 integ=-0.0 vision=1 current=1 vframe=460 vs=1 vage=4 vpage=4 vdt=10 vmax=165 vacc=460 vrej=0 seq=0 elapsed=0 oled=3C
[   8719] STATUS mode=1 fault=none p60=0 dp60=0 pwm=0 ball=24.39 vball=0.07 aball=-0.8 bref=50.00 pid=-40.0 apid=-0.8 integ=-0.0 vision=1 current=1 vframe=460 vs=1 vage=24 vpage=24 vdt=10 vmax=165 vacc=460 vrej=0 seq=0 elapsed=0 oled=3C
[   8733] STATUS mode=1 fault=none p60=0 dp60=0 pwm=0 ball=24.78 vball=2.79 aball=-0.8 bref=50.00 pid=-40.0 apid=-0.8 integ=-0.0 vision=1 current=1 vframe=461 vs=1 vage=16 vpage=16 vdt=28 vmax=165 vacc=461 vrej=0 seq=0 elapsed=0 oled=3C
[   8750] STATUS mode=1 fault=none p60=0 dp60=0 pwm=0 ball=24.89 vball=3.05 aball=-0.8 bref=50.00 pid=-40.0 apid=-0.8 integ=-0.0 vision=1 current=1 vframe=462 vs=1 vage=14 vpage=14 vdt=22 vmax=165 vacc=462 vrej=0 seq=0 elapsed=0 oled=3C
[   8781] STATUS mode=1 fault=none p60=0 dp60=0 pwm=0 ball=24.89 vball=3.05 aball=-0.8 bref=50.00 pid=-40.0 apid=-0.8 integ=-0.0 vision=1 current=1 vframe=462 vs=1 vage=34 vpage=34 vdt=22 vmax=165 vacc=462 vrej=0 seq=0 elapsed=0 oled=3C
[   8797] STATUS mode=1 fault=none p60=0 dp60=0 pwm=0 ball=24.89 vball=3.05 aball=-0.8 bref=50.00 pid=-40.0 apid=-0.8 integ=-0.0 vision=1 current=1 vframe=462 vs=1 vage=54 vpage=54 vdt=22 vmax=165 vacc=462 vrej=0 seq=0 elapsed=0 oled=3C
[   8813] STATUS mode=1 fault=none p60=0 dp60=0 pwm=0 ball=24.89 vball=3.05 aball=-0.8 bref=50.00 pid=-40.0 apid=-0.8 integ=-0.0 vision=1 current=1 vframe=462 vs=1 vage=74 vpage=74 vdt=22 vmax=165 vacc=462 vrej=0 seq=0 elapsed=0 oled=3C
[   8828] STATUS mode=1 fault=none p60=0 dp60=0 pwm=0 ball=24.89 vball=3.05 aball=-0.8 bref=50.00 pid=-40.0 apid=-0.8 integ=-0.0 vision=1 current=1 vframe=462 vs=1 vage=94 vpage=94 vdt=22 vmax=165 vacc=462 vrej=0 seq=0 elapsed=0 oled=3C
[   8858] STATUS mode=1 fault=none p60=0 dp60=0 pwm=0 ball=24.96 vball=2.65 aball=-0.8 bref=50.00 pid=-40.0 apid=-0.8 integ=-0.0 vision=1 current=1 vframe=463 vs=1 vage=8 vpage=8 vdt=106 vmax=165 vacc=463 vrej=0 seq=0 elapsed=0 oled=3C
[   8875] STATUS mode=1 fault=none p60=0 dp60=0 pwm=0 ball=24.96 vball=2.65 aball=-0.8 bref=50.00 pid=-40.0 apid=-0.8 integ=-0.0 vision=1 current=1 vframe=463 vs=1 vage=28 vpage=28 vdt=106 vmax=165 vacc=463 vrej=0 seq=0 elapsed=0 oled=3C
[   8891] STATUS mode=1 fault=none p60=0 dp60=0 pwm=0 ball=24.60 vball=0.47 aball=-0.8 bref=50.00 pid=-40.0 apid=-0.8 integ=-0.0 vision=1 current=1 vframe=464 vs=1 vage=18 vpage=18 vdt=30 vmax=165 vacc=464 vrej=0 seq=0 elapsed=0 oled=3C
[   8922] STATUS mode=1 fault=none p60=0 dp60=0 pwm=0 ball=24.48 vball=-0.21 aball=-0.8 bref=50.00 pid=-40.0 apid=-0.8 integ=-0.0 vision=1 current=1 vframe=465 vs=1 vage=5 vpage=5 vdt=33 vmax=165 vacc=465 vrej=0 seq=0 elapsed=0 oled=3C
[   8938] STATUS mode=1 fault=none p60=0 dp60=0 pwm=0 ball=24.48 vball=-0.21 aball=-0.8 bref=50.00 pid=-40.0 apid=-0.8 integ=-0.0 vision=1 current=1 vframe=465 vs=1 vage=25 vpage=25 vdt=33 vmax=165 vacc=465 vrej=0 seq=0 elapsed=0 oled=3C
[   8953] STATUS mode=1 fault=none p60=0 dp60=0 pwm=0 ball=24.48 vball=-0.21 aball=-0.8 bref=50.00 pid=-40.0 apid=-0.8 integ=-0.0 vision=1 current=1 vframe=465 vs=1 vage=45 vpage=45 vdt=33 vmax=165 vacc=465 vrej=0 seq=0 elapsed=0 oled=3C
[   8969] STATUS mode=1 fault=none p60=0 dp60=0 pwm=0 ball=24.48 vball=-0.21 aba
[   8969] >>> status
[   8969] ll=-0.8 bref=50.00 pid=-40.0 apid=-0.8 integ=-0.0 vision=1 current=1 vframe=465 vs=1 vage=65 vpage=65 vdt=33 vmax=165 vacc=465 vrej=0 seq=0 elapsed=0 oled=3C
[   9000] STATUS mode=1 fault=none p60=0 dp60=0 pwm=0 ball=24.48 vball=-0.21 aball=-0.8 bref=50.00 pid=-40.0 apid=-0.8 integ=-0.0 vision=1 current=1 vframe=465 vs=1 vage=72 vpage=72 vdt=33 vmax=165 vacc=465 vrej=0 seq=0 elapsed=0 oled=3C
[   9016] STATUS mode=1 fault=none p60=0 dp60=0 pwm=0 ball=24.88 vball=1.25 aball=-0.8 bref==50.00 pid=-40.0 apid=-0.8 integ=-0.0 vision=1 current=1 vframe=465 vs=1 vage=85 vpage=85 vdt=33 vmax=165 vacc=465 vrej=0 seq=0 elapsed=0 oled=3C
[   9031] STATUS mode=1 fault=none p60=0 dp60=0 pwm=0 ball=24.88 vball=1.25 aball=-0.8 bref=50.00 pid=-40.0 apid=-0.8 integ=-0.0 vision=1 current=1 vframe=466 vs=1 vage=5 vpage=5 vdt=100 vmax=165 vacc=466 vrej=0 seq=0 elapsed=0 oled=3C
[   9047] STATUS mode=1 fault=none p60=0 dp60=0 pwm=0 ball=24.88 vball=1.25 aball=-0.8 bref=50.00 pid=-40.0 apid=-0.8 integ=-0.0 vision=1 current=1 vframe=466 vs=1 vage=25 vpage=25 vdt=100 vmax=165 vacc=466 vrej=0 seq=0 elapsed=0 oled=3C
[   9078] STATUS mode=1 fault=none p60=0 dp60=0 pwm=0 ball=24.87 vball=1.01 aball=-0.8 bref=50.00 pid=-40.0 apid=-0.8 integ=-0.0 vision=1 current=1 vframe=467 vs=1 vage=10 vpage=10 vdt=35 vmax=165 vacc=467 vrej=0 seq=0 elapsed=0 oled=3C
[   9094] STATUS mode=1 fault=none p60=0 dp60=0 pwm=0 ball=24.87 vball=1.01 aball=-0.8 bref=50.00 pid=-40.0 apid=-0.8 integ=-0.0 vision=1 current=1 vframe=467 vs=1 vage=30 vpage=30 vdt=35 vmax=165 vacc=467 vrej=0 seq=0 elapsed=0 oled=3C
[   9108] STATUS mode=1 fault=none p60=0 dp60=0 pwm=0 ball=24.53 vball=-0.79 aball=-0.8 bref=50.00 pid=-40.0 apid=-0.8 integ=-0.0 vision=1 current=1 vframe=468 vs=1 vage=18 vpage=18 vdt=32 vmax=165 vacc=468 vrej=0 seq=0 elapsed=0 oled=3C
[   9141] STATUS mode=1 fault=none p60=0 dp60=0 pwm=0 ball=24.53 vball=-0.79 aball=-0.8 bref=50.00 pid=-40.0 apid=-0.8 integ=-0.0 vision=1 current=1 vframe=468 vs=1 vage=38 vpage=38 vdt=32 vmax=165 vacc=468 vrej=0 seq=0 elapsed=0 oled=3C
[   9156] STATUS mode=1 fault=none p60=0 dp60=0 pwm=0 ball=24.53 vball=-0.79 aball=-0.8 bref=50.00 pid=-40.0 apid=-0.8 integ=-0.0 vision=1 current=1 vframe=468 vs=1 vage=58 vpage=58 vdt=32 vmax=165 vacc=468 vrej=0 seq=0 elapsed=0 oled=3C
[   9172] STATUS mode=1 fault=none p60=0 dp60=0 pwm=0 ball=24.53 vball=-0.79 aball=-0.8 bref=50.00 pid=-40.0 apid=-0.8 integ=-0.0 vision=1 current=1 vframe=468 vs=1 vage=78 vpage=78 vdt=32 vmax=165 vacc=468 vrej=0 seq=0 elapsed=0 oled=3C
[   9188] STATUS mode=1 fault=none p60=0 dp60=0 pwm=0 ball=24.46 vball=-0.90 aball=-0.8 bref=50.00 pid=-40.0 apid=-0.8 integ=-0.0 vision=1 current=1 vframe=469 vs=1 vage=3 vpage=3 vdt=95 vmax=165 vacc=469 vrej=0 seq=0 elapsed=0 oled=3C
[   9219] STATUS mode=1 fault=none p60=0 dp60=0 pwm=0 ball=24.53 vball=-0.22 aball=-0.8 bref=50.00 pid=-40.0 apid=-0.8 integ=-0.0 vision=1 current=1 vframe=470 vs=1 vage=2 vpage=2 vdt=21 vmax=165 vacc=470 vrej=0 seq=0 elapsed=0 oled=3C
[   9233] STATUS mode=1 fault=none p60=0 dp60=0 pwm=0 ball=24.53 vball=-0.22 aball=-0.8 bref=50.00 pid=-40.0 apid=-0.8 integ=-0.0 vision=1 current=1 vframe=470 vs=1 vage=22 vpage=22 vdt=21 vmax=165 vacc=470 vrej=0 seq=0 elapsed=0 oled=3C
[   9250] STATUS mode=1 fault=none p60=0 dp60=0 pwm=0 ball=24.83 vball=1.24 aball=-0.8 bref=50.00 pid=-40.0 apid=-0.8 integ=-0.0 vision=1 current=1 vframe=471 vs=1 vage=7 vpage=7 vdt=35 vmax=165 vacc=471 vrej=0 seq=0 elapsed=0 oled=3C
[   9266] STATUS mode=1 fault=none p60=0 dp60=0 pwm=0 ball=24.83 vball=1.24 aball=-0.8 bref=50.00 pid=-40.0 apid=-0.8 integ=-0.0 vision=1 current=1 vframe=471 vs=1 vage=27 vpage=27 vdt=35 vmax=165 vacc=471 vrej=0 seq=0 elapsed=0 oled=3C
[   9297] STATUS mode=1 fault=none p60=0 dp60=0 pwm=0 ball=24.83 vball=1.24 aball=-0.8 bref=50.00 pid=-40.0 apid=-0.8 integ=-0.0 vision=1 current=1 vframe=471 vs=1 vage=47 vpage=47 vdt=35 vmax=165 vacc=471 vrej=0 seq=0 elapsed=0 oled=3C
[   9313] STATUS mode=1 fault=none p60=0 dp60=0 pwm=0 ball=24.83 vball=1.24 aball=-0.8 bref=50.00 pid=-40.0 apid=-0.8 integ=-0.0 vision=1 current=1 vframe=471 vs=1 vage=67 vpage=67 vdt=35 vmax=165 vacc=471 vrej=0 seq=0 elapsed=0 oled=3C
[   9328] STATUS mode=1 fault=none p60=0 dp60=0 pwm=0 ball=24.83 vball=1.24 aball=-0.8 bref=50.00 pid=-40.0 apid=-0.8 integ=-0.0 vision=1 current=1 vframe=471 vs=1 vage=87 vpage=87 vdt=35 vmax=165 vacc=471 vrej=0 seq=0 elapsed=0 oled=3C
[   9344] STATUS mode=1 fault=none p60=0 dp60=0 pwm=0 ball=24.56 vball=-0.03 aball=-0.8 bref=50.00 pid=-40.0 apid=-0.8 integ=-0.0 vision=1 current=1 vframe=472 vs=1 vage=11 vpage=11 vdt=96 vmax=165 vacc=472 vrej=0 seq=0 elapsed=0 oled=3C
[   9375] STATUS mode=1 fault=none p60=0 dp60=0 pwm=0 ball=24.55 vball=-0.02 aball=-0.8 bref=50.00 pid=-40.0 apid=-0.8 integ=-0.0 vision=1 current=1 vframe=473 vs=1 vage=9 vpage=9 vdt=22 vmax=165 vacc=473 vrej=0 seq=0 elapsed=0 oled=3C
[   9391] STATUS mode=1 fault=none p60=0 dp60=0 pwm=0 ball=24.55 vball=-0.02 aball=-0.8 bref=50.00 pid=-40.0 apid=-0.8 integ=-0.0 vision=1 current=1 vframe=473 vs=1 vage=29 vpage=29 vdt=22 vmax=165 vacc=473 vrej=0 seq=0 elapsed=0 oled=3C
[   9406] STATUS mode=1 fault=none p60=0 dp60=0 pwm=0 ball=24.57 vball=0.09 aball=-0.8 bref=50.00 pid=-40.0 apid=-0.8 integ=-0.0 vision=1 current=1 vframe=474 vs=1 vage=17 vpage=17 vdt=32 vmax=165 vacc=474 vrej=0 seq=0 elapsed=0 oled=3C
[   9438] STATUS mode=1 fault=none p60=0 dp60=0 pwm=0 ball=24.57 vball=0.09 aball=-0.8 bref=50.00 pid=-40.0 apid=-0.8 integ=-0.0 vision=1 current=1 vframe=474 vs=1 vage=37 vpage=37 vdt=32 vmax=165 vacc=474 vrej=0 seq=0 elapsed=0 oled=3C
[   9453] STATUS mode=1 fault=none p60=0 dp60=0 pwm=0 ball=24.57 vball=0.09 aball=-0.8 bref=50.00 pid=-40.0 apid=-0.8 integ=-0.0 vision=1 current=1 vframe=474 vs=1 vage=57 vpage=57 vdt=32 vmax=165 vacc=474 vrej=0 seq=0 elapsed=0 oled=3C
[   9469] STATUS mode=1 fault=none p60=0 dp60=0 pwm=0 ball=24.57 vball=0.09 aball=-0.8 bref=50.00 pid=-40.0 apid=-0.8 integ=-0.0 vision=1 current=1 vframe=474 vs=1 vage=77 vpage=77 vdt=32 vmax=165 vacc=474 vrej=0 seq=0 elapsed=0 oled=3C
[   9483] STATUS mode=1 fault=none p60=0 dp60=0 pwm=0 ball=24.44 vball=-0.44 aball=-0.8 bref=50.00 pid=-40.0 apid=-0.8 integ=-0.0 vision=1 current=1 vframe=475 vs=1 vage=4 vpage=4 vdt=93 vmax=165 vacc=475 vrej=0 seq=0 elapsed=0 oled=3C
[   9516] STATUS mode=1 fault=none p60=0 dp60=0 pwm=0 ball=24.75 vball=1.73 aball=-0.8 bref=50.00 pid=-40.0 apid=-0.8 integ=-0.0 vision=1 current=1 vframe=476 vs=1 vage=2 vpage=2 vdt=22 vmax=165 vacc=476 vrej=0 seq=0 elapsed=0 oled=3C
[   9531] STATUS mode=1 fault=none p60=0 dp60=0 pwm=0 ball=24.75 vball=1.73 aball=-0.8 bref=50.00 pid=-40.0 apid=-0.8 integ=-0.0 vision=1 current=1 vframe=476 vs=1 vage=22 vpage=22 vdt=22 vmax=165 vacc=476 vrej=0 seq=0 elapsed=0 oled=3C
[   9547] STATUS mode=1 fault=none p60=0 dp60=0 pwm=0 ball=24.85 vball=1.92 aball=-0.8 bref=50.00 pid=-40.0 apid=-0.8 integ=-0.0 vision=1 current=1 vframe=477 vs=1 vage=8 vpage=8 vdt=34 vmax=165 vacc=477 vrej=0 seq=0 elapsed=0 oled=3C
[   9563] STATUS mode=1 fault=none p60=0 dp60=0 pwm=0 ball=24.85 vball=1.92 aball=-0.8 bref=50.00 pid=-40.0 apid=-0.8 integ=-0.0 vision=1 current=1 vframe=477 vs=1 vage=28 vpage=28 vdt=34 vmax=165 vacc=477 vrej=0 seq=0 elapsed=0 oled=3C
[   9578] STATUS mode=1 fault=none
[   9578] >>> stream off
[   9594]  p60=0 dp60=0 pwm=0 ball=24.85 vball=1.92 aball=-0.8 bref=50.00 pid=-40.0 apid=-0.8 integ=-0.0 vision=1 current=1 vframe=477 vs=1 vage=48 vpage=48 vdt=34 vmax=165 vacc=477 vrej=0 seq=0 elapsed=0 oled=3C
[   9594] OK stream off
