[      0] >>> bench on
[      0] OK visual-only bench active; use zero before motor tests
[    625] >>> stop
[    625] OK stopped
[   1233] >>> gain ball 1.5 0.0 7.5 -1
[   1250] OK ball gains kp=1.500 ki=0.000 kd=7.500 sign=-1
[   1858] >>> limit pwm 140
[   1875] OK beam PWM limit=140
[   2483] >>> stream on 20
[   2500] OK stream on 20 ms
[   2531] STATUS mode=1 fault=none p60=-348 dp60=0 pwm=0 ball=55.54 vball=-1.52 bref=0.00 pid=0.0 integ=0.0 vision=1 current=1 vframe=6617 vs=1 vage=33 vpage=33 vdt=33 vmax=7730 vacc=6155 vrej=0 seq=0 elapsed=0 oled=3C
[   2547] STATUS mode=1 fault=none p60=-348 dp60=0 pwm=0 ball=55.54 vball=-1.52 bref=0.00 pid=0.0 integ=0.0 vision=1 current=1 vframe=6617 vs=1 vage=53 vpage=53 vdt=33 vmax=7730 vacc=6155 vrej=0 seq=0 elapsed=0 oled=3C
[   2563] STATUS mode=1 fault=none p60=-348 dp60=0 pwm=0 ball=55.54 vball=-1.52 bref=0.00 pid=0.0 integ=0.0 vision=1 current=1 vframe=6617 vs=1 vage=73 vpage=73 vdt=33 vmax=7730 vacc=6155 vrej=0 seq=0 elapsed=0 oled=3C
[   2594] STATUS mode=1 fault=none p60=-348 dp60=0 pwm=0 ball=55.54 vball=-1.52 bref=0.00 pid=0.0 integ=0.0 vision=1 current=1 vframe=6617 vs=1 vage=93 vpage=93 vdt=33 vmax=7730 vacc=6155 vrej=0 seq=0 elapsed=0 oled=3C
[   2608] STATUS mode=1 fault=none p60=-348 dp60=0 pwm=0 ball=55.52 vball=-1.19 bref=0.00 pid=0.0 integ=0.0 vision=1 current=1 vframe=6618 vs=1 vage=16 vpage=16 vdt=97 vmax=7730 vacc=6156 vrej=0 seq=0 elapsed=0 oled=3C
[   2625] STATUS mode=1 fault=none p60=-348 dp60=0 pwm=0 ball=55.50 vball=-1.10 bref=0.00 pid=0.0 integ=0.0 vision=1 current=1 vframe=6619 vs=1 vage=12 vpage=12 vdt=24 vmax=7730 vacc=6157 vrej=0 seq=0 elapsed=0 oled=3C
[   2656] STATUS mode=1 fault=none p60=-348 dp60=0 pwm=0 ball=55.49 vball=-0.91 bref=0.00 pid=0.0 integ=0.0 vision=1 current=1 vframe=6620 vs=1 vage=3 vpage=3 vdt=29 vmax=7730 vacc=6158 vrej=0 seq=0 elapsed=0 oled=3C
[   2672] STATUS mode=1 fault=none p60=-348 dp60=0 pwm=0 ball=55.49 vball=-0.91 bref=0.00 pid=0.0 integ=0.0 vision=1 current=1 vframe=6620 vs=1 vage=23 vpage=23 vdt=29 vmax=7730 vacc=6158 vrej=0 seq=0 elapsed=0 oled=3C
[   2688] STATUS mode=1 fault=none p60=-348 dp60=0 pwm=0 ball=55.49 vball=-0.91 bref=0.00 pid=0.0 integ=0.0 vision=1 current=1 vframe=6620 vs=1 vage=43 vpage=43 vdt=29 vmax=7730 vacc=6158 vrej=0 seq=0 elapsed=0 oled=3C
[   2703] STATUS mode=1 fault=none p60=-348 dp60=0 pwm=0 ball=55.49 vball=-0.91 bref=0.00 pid=0.0 integ=0.0 vision=1 current=1 vframe=6620 vs=1 vage=63 vpage=63 vdt=29 vmax=7730 vacc=6158 vrej=0 seq=0 elapsed=0 oled=3C
[   2733] STATUS mode=1 fault=none p60=-348 dp60=0 pwm=0 ball=55.49 vball=-0.91 bref=0.00 pid=0.0 integ=0.0 vision=1 current=1 vframe=6620 vs=1 vage=83 vpage=83 vdt=29 vmax=7730 vacc=6158 vrej=0 seq=0 elapsed=0 oled=3C
[   2750] STATUS mode=1 fault=none p60=-348 dp60=0 pwm=0 ball=55.48 vball=-0.71 bref=0.00 pid=0.0 integ=0.0 vision=1 current=1 vframe=6621 vs=1 vage=4 vpage=4 vdt=99 vmax=7730 vacc=6159 vrej=0 seq=0 elapsed=0 oled=3C
[   2766] STATUS mode=1 fault=none p60=-348 dp60=0 pwm=0 ball=55.48 vball=-0.53 bref=0.00 pid=0.0 integ=0.0 vision=1 current=1 vframe=6622 vs=1 vage=5 vpage=5 vdt=19 vmax=7730 vacc=6160 vrej=0 seq=0 elapsed=0 oled=3C
[   2781] STATUS mode=1 fault=none p60=-348 dp60=0 pwm=0 ball=55.48 vball=-0.53 bref=0.00 pid=0.0 integ=0.0 vision=1 current=1 vframe=6622 vs=1 vage=25 vpage=25 vdt=19 vmax=7730 vacc=6160 vrej=0 seq=0 elapsed=0 oled=3C
[   2813] STATUS mode=1 fault=none p60=-348 dp60=0 pwm=0 ball=55.48 vball=-0.40 bref=0.00 pid=0.0 integ=0.0 vision=1 current=1 vframe=6623 vs=1 vage=12 vpage=12 vdt=33 vmax=7730 vacc=6161 vrej=0 seq=0 elapsed=0 oled=3C
[   2828] STATUS mode=1 fault=none p60=-348 dp60=0 pwm=0 ball=55.48 vball=-0.40 bref=0.00 pid=0.0 integ=0.0 vision=1 current=1 vframe=6623 vs=1 vage=32 vpage=32 vdt=33 vmax=7730 vacc=6161 vrej=0 seq=0 elapsed=0 oled=3C
[   2844] STATUS mode=1 fault=none p60=-348 dp60=0 pwm=0 ball=55.48 vball=-0.40 bref=0.00 pid=0.0 integ=0.0 vision=1 current=1 vframe=6623 vs=1 vage=52 vpage=52 vdt=33 vmax=7730 vacc=6161 vrej=0 seq=0 elapsed=0 oled=3C
[   2875] STATUS mode=1 fault=none p60=-348 dp60=0 pwm=0 ball=55.48 vball=-0.40 bref=0.00 pid=0.0 integ=0.0 vision=1 current=1 vframe=6623 vs=1 vage=72 vpage=72 vdt=33 vmax=7730 vacc=6161 vrej=0 seq=0 elapsed=0 oled=3C
[   2891] STATUS mode=1 fault=none p60=-348 dp60=0 pwm=0 ball=55.48 vball=-0.40 bref=0.00 pid=0.0 integ=0.0 vision=1 current=1 vframe=6623 vs=1 vage=92 vpage=92 vdt=33 vmax=7730 vacc=6161 vrej=0 seq=0 elapsed=0 oled=3C
[   2906] STATUS mode=1 fault=none p60=-348 dp60=0 pwm=0 ball=55.47 vball=-0.32 bref=0.00 pid=0.0 integ=0.0 vision=1 current=1 vframe=6624 vs=1 vage=11 vpage=11 vdt=101 vmax=7730 vacc=6162 vrej=0 seq=0 elapsed=0 oled=3C
[   2938] STATUS mode=1 fault=none p60=-348 dp60=0 pwm=0 ball=55.47 vball=-0.32 bref=0.00 pid=0.0 integ=0.0 vision=1 current=1 vframe=6624 vs=1 vage=31 vpage=31 vdt=101 vmax=7730 vacc=6162 vrej=0 seq=0 elapsed=0 oled=3C
[   2953] STATUS mode=1 fault=none p60=-348 dp60=0 pwm=0 ball=55.48 vball=-0.17 bref=0.00 pid=0.0 integ=0.0 vision=1 current=1 vframe=6625 vs=1 vage=19 vpage=19 vdt=32 vmax=7730 vacc=6163 vrej=0 seq=0 elapsed=0 oled=3C
[   2969] STATUS mode=1 fault=none p60=-348 dp60=0 pwm=0 ball=55.48 vball=-0.12 bref=0.00 pid=0.0 integ=0.0 vision=1 current=1 vframe=6626 vs=1 vage=5 vpage=5 vdt=34 vmax=7730 vacc=6164 vrej=0 seq=0 elapsed=0 oled=3C
[   2983] STATUS mode=1 fault=none p60=-348 dp60=0 pwm=0 ball=55.48 vball=-0.12 bref=0.00 pid=0.0 integ=0.0 vision=1 current=1 vframe=6626 vs=1 vage=25 vpage=25 vdt=34 vmax=7730 vacc=6164 vrej=0 seq=0 elapsed=0 oled=3C
[   3016] STATUS mode=1 fault=none p60=-348 dp60=0 pwm=0 ball=55.48 vball=-0.12 bref=0.00 pid=0.0 integ=0.0 vision=1 current=1 vframe=6626 vs=1 vage=45 vpage=45 vdt=34 vmax=7730 vacc=6164 vrej=0 seq=0 elapsed=0 oled=3C
[   3031] STATUS mode=1 fault=none p60=-348 dp60=0 pwm=0 ball=55.48 vball=-0.12 bref=0.00 pid=0.0 integ=0.0 vision=1 current=1 vframe=6626 vs=1 vage=65 vpage=65 vdt=34 vmax=7730 vacc=6164 vrej=0 seq=0 elapsed=0 oled=3C
[   3047] STATUS mode=1 fault=none p60=-348 dp60=0 pwm=0 ball=55.48 vball=-0.12 bref=0.00 pid=0.0 integ=0.0 vision=1 current=1 vframe=6626 vs=1 vage=85 vpage=85 vdt=34 vmax=7730 vacc=6164 vrej=0 seq=0 elapsed=0 oled=3C
[   3063] STATUS mode=1 fault=none p60=-348 dp60=0 pwm=0 ball=55.47 vball=-0.12 bref=0.00 pid=0.0 integ=0.0 vision=1 current=1 vframe=6627 vs=1 vage=4 vpage=4 vdt=101 vmax=7730 vacc=6165 vrej=0 seq=0 elapsed=0 oled=3C
[   3094] STATUS mode=1 fault=none p60=-348 dp60=0 pwm=0 ball=55.47 vball=-0.12 bref=0.00 pid=0.0 integ=0.0 vision=1 current=1 vframe=6627 vs=1 vage=24 vpage=24 vdt=101 vmax=7730
[   3094] >>> ball -50
[   3094]  vacc=6165 vrej=0 seq=0 elapsed=0 oled=3C
[   3094] OK visual PWM ball target=-50.00 mm
[   3108] STATUS mode=3 fault=none p60=-348 dp60=0 pwm=140 ball=55.70 vball=0.00 bref=-50.00 pid=140.0 integ=-0.0 vision=1 current=1 vframe=6638 vs=1 vage=12 vpage=12 vdt=32 vmax=7730 vacc=6176 vrej=0 seq=0 elapsed=0 oled=3C
[   3125] STATUS mode=3 fault=none p60=-346 dp60=0 pwm=140 ball=55.70 vball=0.00 bref=-50.00 pid=140.0 integ=-0.0 vision=1 current=1 vframe=6638 vs=1 vage=32 vpage=32 vdt=32 vmax=7730 vacc=6176 vrej=0 seq=0 elapsed=0 oled=3C
[   3156] STATUS mode=3 fault=none p60=-340 dp60=2 pwm=140 ball=55.56 vball=-1.06 bref=-50.00 pid=140.0 integ=-0.0 vision=1 current=1 vframe=6639 vs=1 vage=19 vpage=19 vdt=33 vmax=7730 vacc=6177 vrej=0 seq=0 elapsed=0 oled=3C
[   3172] STATUS mode=3 fault=none p60=-333 dp60=2 pwm=140 ball=55.56 vball=-1.06 bref=-50.00 pid=140.0 integ=-0.0 vision=1 current=1 vframe=6639 vs=1 vage=39 vpage=39 vdt=33 vmax=7730 vacc=6177 vrej=0 seq=0 elapsed=0 oled=3C
[   3188] STATUS mode=3 fault=none p60=-326 dp60=1 pwm=0 ball=55.56 vball=-1.06 bref=-50.00 pid=140.0 integ=-0.0 vision=1 current=1 vframe=6639 vs=1 vage=59 vpage=59 vdt=33 vmax=7730 vacc=6177 vrej=0 seq=0 elapsed=0 oled=3C
[   3203] STATUS mode=3 fault=none p60=-321 dp60=1 pwm=0 ball=55.56 vball=-1.06 bref=-50.00 pid=140.0 integ=-0.0 vision=1 current=1 vframe=6639 vs=1 vage=79 vpage=79 vdt=33 vmax=7730 vacc=6177 vrej=0 seq=0 elapsed=0 oled=3C
[   3233] STATUS mode=3 fault=none p60=-318 dp60=0 pwm=0 ball=55.70 vball=-0.43 bref=-50.00 pid=140.0 integ=-0.0 vision=1 current=1 vframe=6640 vs=1 vage=3 vpage=3 vdt=96 vmax=7730 vacc=6178 vrej=0 seq=0 elapsed=0 oled=3C
[   3250] STATUS mode=3 fault=none p60=-318 dp60=0 pwm=140 ball=55.70 vball=-0.43 bref=-50.00 pid=140.0 integ=-0.0 vision=1 current=1 vframe=6640 vs=1 vage=23 vpage=23 vdt=96 vmax=7730 vacc=6178 vrej=0 seq=0 elapsed=0 oled=3C
[   3266] STATUS mode=3 fault=none p60=-314 dp60=1 pwm=140 ball=55.78 vball=0.55 bref=-50.00 pid=140.0 integ=-0.0 vision=1 current=1 vframe=6641 vs=1 vage=20 vpage=20 vdt=23 vmax=7730 vacc=6179 vrej=0 seq=0 elapsed=0 oled=3C
[   3297] STATUS mode=3 fault=none p60=-307 dp60=2 pwm=140 ball=55.79 vball=0.49 bref=-50.00 pid=140.0 integ=-0.0 vision=1 current=1 vframe=6642 vs=1 vage=9 vpage=9 vdt=31 vmax=7730 vacc=6180 vrej=0 seq=0 elapsed=0 oled=3C
[   3313] STATUS mode=3 fault=none p60=-298 dp60=2 pwm=140 ball=55.79 vball=0.49 bref=-50.00 pid=140.0 integ=-0.0 vision=1 current=1 vframe=6642 vs=1 vage=29 vpage=29 vdt=31 vmax=7730 vacc=6180 vrej=0 seq=0 elapsed=0 oled=3C
[   3328] STATUS mode=3 fault=none p60=-290 dp60=2 pwm=140 ball=55.79 vball=0.49 bref=-50.00 pid=140.0 integ=-0.0 vision=1 current=1 vframe=6642 vs=1 vage=49 vpage=49 vdt=31 vmax=7730 vacc=6180 vrej=0 seq=0 elapsed=0 oled=3C
[   3344] STATUS mode=3 fault=none p60=-280 dp60=2 pwm=0 ball=55.79 vball=0.49 bref=-50.00 pid=140.0 integ=-0.0 vision=1 current=1 vframe=6642 vs=1 vage=69 vpage=69 vdt=31 vmax=7730 vacc=6180 vrej=0 seq=0 elapsed=0 oled=3C
[   3375] STATUS mode=3 fault=none p60=-274 dp60=1 pwm=0 ball=55.79 vball=0.49 bref=-50.00 pid=140.0 integ=-0.0 vision=1 current=1 vframe=6642 vs=1 vage=89 vpage=89 vdt=31 vmax=7730 vacc=6180 vrej=0 seq=0 elapsed=0 oled=3C
[   3391] STATUS mode=3 fault=none p60=-271 dp60=1 pwm=140 ball=55.79 vball=0.37 bref=-50.00 pid=140.0 integ=-0.0 vision=1 current=1 vframe=6643 vs=1 vage=11 vpage=11 vdt=98 vmax=7730 vacc=6181 vrej=0 seq=0 elapsed=0 oled=3C
[   3406] STATUS mode=3 fault=none p60=-266 dp60=1 pwm=140 ball=55.79 vball=0.37 bref=-50.00 pid=140.0 integ=-0.0 vision=1 current=1 vframe=6643 vs=1 vage=31 vpage=31 vdt=98 vmax=7730 vacc=6181 vrej=0 seq=0 elapsed=0 oled=3C
[   3422] STATUS mode=3 fault=none p60=-258 dp60=2 pwm=140 ball=55.81 vball=0.42 bref=-50.00 pid=140.0 integ=-0.0 vision=1 current=1 vframe=6644 vs=1 vage=16 vpage=16 vdt=35 vmax=7730 vacc=6182 vrej=0 seq=0 elapsed=0 oled=3C
[   3453] STATUS mode=3 fault=none p60=-249 dp60=2 pwm=0 ball=55.81 vball=0.42 bref=-50.00 pid=140.0 integ=-0.0 vision=1 current=1 vframe=6644 vs=1 vage=36 vpage=36 vdt=35 vmax=7730 vacc=6182 vrej=0 seq=0 elapsed=0 oled=3C
[   3469] STATUS mode=3 fault=none p60=-239 dp60=3 pwm=0 ball=55.81 vball=0.42 bref=-50.00 pid=140.0 integ=-0.0 vision=1 current=1 vframe=6644 vs=1 vage=56 vpage=56 vdt=35 vmax=7730 vacc=6182 vrej=0 seq=0 elapsed=0 oled=3C
[   3483] STATUS mode=3 fault=none p60=-233 dp60=2 pwm=0 ball=55.81 vball=0.42 bref=-50.00 pid=140.0 integ=-0.0 vision=1 current=1 vframe=6644 vs=1 vage=76 vpage=76 vdt=35 vmax=7730 vacc=6182 vrej=0 seq=0 elapsed=0 oled=3C
[   3516] STATUS mode=3 fault=none p60=-230 dp60=0 pwm=0 ball=55.81 vball=0.42 bref=-50.00 pid=140.0 integ=-0.0 vision=1 current=1 vframe=6644 vs=1 vage=96 vpage=96 vdt=35 vmax=7730 vacc=6182 vrej=0 seq=0 elapsed=0 oled=3C
[   3531] STATUS mode=3 fault=none p60=-229 dp60=0 pwm=140 ball=55.84 vball=0.03 bref=-50.00 pid=140.0 integ=-0.0 vision=1 current=1 vframe=6646 vs=1 vage=2 vpage=2 vdt=9 vmax=7730 vacc=6184 vrej=0 seq=0 elapsed=0 oled=3C
[   3547] STATUS mode=3 fault=none p60=-225 dp60=1 pwm=140 ball=55.84 vball=0.03 bref=-50.00 pid=140.0 integ=-0.0 vision=1 current=1 vframe=6646 vs=1 vage=22 vpage=22 vdt=9 vmax=7730 vacc=6184 vrej=0 seq=0 elapsed=0 oled=3C
[   3563] STATUS mode=3 fault=none p60=-219 dp60=1 pwm=140 ball=55.82 vball=-0.12 bref=-50.00 pid=140.0 integ=-0.0 vision=1 current=1 vframe=6647 vs=1 vage=7 vpage=7 vdt=35 vmax=7730 vacc=6185 vrej=0 seq=0 elapsed=0 oled=3C
[   3594] STATUS mode=3 fault=none p60=-210 dp60=3 pwm=0 ball=55.82 vball=-0.12 bref=-50.00 pid=140.0 integ=-0.0 vision=1 current=1 vframe=6647 vs=1 vage=27 vpage=27 vdt=35 vmax=7730 vacc=6185 vrej=0 seq=0 elapsed=0 oled=3C
[   3608] STATUS mode=3 fault=none p60=-200 dp60=3 pwm=140 ball=55.82 vball=-0.12 bref=-50.00 pid=140.0 integ=-0.0 vision=1 current=1 vframe=6647 vs=1 vage=47 vpage=47 vdt=35 vmax=7730 vacc=6185 vrej=0 seq=0 elapsed=0 oled=3C
[   3625] STATUS mode=3 fault=none p60=-189 dp60=3 pwm=0 ball=55.82 vball=-0.12 bref=-50.00 pid=140.0 integ=-0.0 vision=1 current=1 vframe=6647 vs=1 vage=67 vpage=67 vdt=35 vmax=7730 vacc=6185 vrej=0 seq=0 elapsed=0 oled=3C
[   3656] STATUS mode=3 fault=none p60=-180 dp60=2 pwm=0 ball=55.82 vball=-0.12 bref=-50.00 pid=140.0 integ=-0.0 vision=1 current=1 vframe=6647 vs=1 vage=87 vpage=87 vdt=35 vmax=7730 vacc=6185 vrej=0 seq=0 elapsed=0 oled=3C
[   3672] STATUS mode=3 fault=none p60=-175 dp60=1 pwm=0 ball=55.82 vball=-0.12 bref=-50.00 pid=140.0 integ=-0.0 vision=1 current=1 vframe=6647 vs=1 vage=107 vpage=107 vdt=35 vmax=7730 vacc=6185 vrej=0 seq=0 elapsed=0 oled=3C
[   3688] STATUS mode=3 fault=none p60=-171 dp60=1 pwm=140 ball=55.88 vball=0.25 bref=-50.00 pid=140.0 integ=-0.0 vision=1 current=1 vframe=6649 vs=1 vage=7 vpage=7 vdt=11 vmax=7730 vacc=6187 vrej=0 seq=0 elapsed=0 oled=3C
[   3703] STATUS mode=3 fault=none p60=-164 dp60=2 pwm=0 ba
[   3703] ll=55.88 vball=0.25 bref=-50.00 pid=140.0 integ=-0.0 vision=1 current=1 vframe=6649 vs=1 vage=27 vpage=27 vdt=11 vmax=7730 vacc=6187 vrej=0 seq=0 elapsed=0 oled=3C
[   3733] STATUS mode=3 fault=none p60=-156 dp60=3 pwm=140 ball=55.04 vball=-6.59 bref=-50.00 pid=108.1 integ=-0.0 vision=1 current=1 vframe=6650 vs=1 vage=16 vpage=16 vdt=31 vmax=7730 vacc=6188 vrej=0 seq=0 elapsed=0 oled=3C
[   3750] STATUS mode=3 fault=none p60=-146 dp60=3 pwm=133 ball=55.04 vball=-6.59 bref=-50.00 pid=108.1 integ=-0.0 vision=1 current=1 vframe=6650 vs=1 vage=36 vpage=36 vdt=31 vmax=7730 vacc=6188 vrej=0 seq=0 elapsed=0 oled=3C
[   3766] STATUS mode=3 fault=none p60=-135 dp60=3 pwm=133 ball=53.68 vball=-12.50 bref=-50.00 pid=61.8 integ=-0.0 vision=1 current=1 vframe=6651 vs=1 vage=11 vpage=11 vdt=45 vmax=7730 vacc=6189 vrej=0 seq=0 elapsed=0 oled=3C
[   3797] STATUS mode=3 fault=none p60=-125 dp60=3 pwm=123 ball=53.68 vball=-12.50 bref=-50.00 pid=61.8 integ=-0.0 vision=1 current=1 vframe=6651 vs=1 vage=31 vpage=31 vdt=45 vmax=7730 vacc=6189 vrej=0 seq=0 elapsed=0 oled=3C
[   3813] STATUS mode=3 fault=none p60=-116 dp60=2 pwm=0 ball=53.68 vball=-12.50 bref=-50.00 pid=61.8 integ=-0.0 vision=1 current=1 vframe=6651 vs=1 vage=51 vpage=51 vdt=45 vmax=7730 vacc=6189 vrej=0 seq=0 elapsed=0 oled=3C
[   3828] STATUS mode=3 fault=none p60=-109 dp60=1 pwm=0 ball=53.68 vball=-12.50 bref=-50.00 pid=61.8 integ=-0.0 vision=1 current=1 vframe=6651 vs=1 vage=71 vpage=71 vdt=45 vmax=7730 vacc=6189 vrej=0 seq=0 elapsed=0 oled=3C
[   3844] STATUS mode=3 fault=none p60=-106 dp60=0 pwm=0 ball=53.68 vball=-12.50 bref=-50.00 pid=61.8 integ=-0.0 vision=1 current=1 vframe=6651 vs=1 vage=91 vpage=91 vdt=45 vmax=7730 vacc=6189 vrej=0 seq=0 elapsed=0 oled=3C
[   3875] STATUS mode=3 fault=none p60=-103 dp60=1 pwm=126 ball=53.14 vball=-10.64 bref=-50.00 pid=74.9 integ=-0.0 vision=1 current=1 vframe=6652 vs=1 vage=4 vpage=4 vdt=107 vmax=7730 vacc=6190 vrej=0 seq=0 elapsed=0 oled=3C
[   3891] STATUS mode=3 fault=none p60=-101 dp60=1 pwm=0 ball=53.14 vball=-10.64 bref=-50.00 pid=74.9 integ=-0.0 vision=1 current=1 vframe=6652 vs=1 vage=24 vpage=24 vdt=107 vmax=7730 vacc=6190 vrej=0 seq=0 elapsed=0 oled=3C
[   3906] STATUS mode=3 fault=none p60=-98 dp60=1 pwm=-140 ball=48.26 vball=-43.86 bref=-50.00 pid=-140.0 integ=-0.0 vision=1 current=1 vframe=6653 vs=1 vage=10 vpage=10 vdt=34 vmax=7730 vacc=6191 vrej=0 seq=0 elapsed=0 oled=3C
[   3938] STATUS mode=3 fault=none p60=-99 dp60=-1 pwm=-140 ball=48.26 vball=-43.86 bref=-50.00 pid=-140.0 integ=-0.0 vision=1 current=1 vframe=6653 vs=1 vage=30 vpage=30 vdt=34 vmax=7730 vacc=6191 vrej=0 seq=0 elapsed=0 oled=3C
[   3953] STATUS mode=3 fault=none p60=-103 dp60=-1 pwm=-140 ball=45.29 vball=-57.64 bref=-50.00 pid=-140.0 integ=-0.0 vision=1 current=1 vframe=6654 vs=1 vage=20 vpage=20 vdt=30 vmax=7730 vacc=6192 vrej=0 seq=0 elapsed=0 oled=3C
[   3969] STATUS mode=3 fault=none p60=-112 dp60=-2 pwm=0 ball=45.29 vball=-57.64 bref=-50.00 pid=-140.0 integ=-0.0 vision=1 current=1 vframe=6654 vs=1 vage=40 vpage=40 vdt=30 vmax=7730 vacc=6192 vrej=0 seq=0 elapsed=0 oled=3C
[   3983] STATUS mode=3 fault=none p60=-121 dp60=-2 pwm=0 ball=45.29 vball=-57.64 bref=-50.00 pid=-140.0 integ=-0.0 vision=1 current=1 vframe=6654 vs=1 vage=60 vpage=60 vdt=30 vmax=7730 vacc=6192 vrej=0 seq=0 elapsed=0 oled=3C
[   4016] STATUS mode=3 fault=none p60=-128 dp60=-1 pwm=0 ball=45.29 vball=-57.64 bref=-50.00 pid=-140.0 integ=-0.0 vision=1 current=1 vframe=6654 vs=1 vage=80 vpage=80 vdt=30 vmax=7730 vacc=6192 vrej=0 seq=0 elapsed=0 oled=3C
[   4031] STATUS mode=3 fault=none p60=-133 dp60=-1 pwm=0 ball=45.29 vball=-57.64 bref=-50.00 pid=-140.0 integ=-0.0 vision=1 current=1 vframe=6654 vs=1 vage=100 vpage=100 vdt=30 vmax=7730 vacc=6192 vrej=0 seq=0 elapsed=0 oled=3C
[   4047] STATUS mode=3 fault=none p60=-137 dp60=-2 pwm=-140 ball=42.70 vball=-49.52 bref=-50.00 pid=-140.0 integ=-0.0 vision=1 current=1 vframe=6655 vs=1 vage=17 vpage=17 vdt=103 vmax=7730 vacc=6193 vrej=0 seq=0 elapsed=0 oled=3C
[   4063] STATUS mode=3 fault=none p60=-145 dp60=-2 pwm=0 ball=34.47 vball=-103.51 bref=-50.00 pid=-140.0 integ=-0.0 vision=1 current=1 vframe=6656 vs=1 vage=6 vpage=6 vdt=31 vmax=7730 vacc=6194 vrej=0 seq=0 elapsed=0 oled=3C
[   4094] STATUS mode=3 fault=none p60=-155 dp60=-2 pwm=-140 ball=34.47 vball=-103.51 bref=-50.00 pid=-140.0 integ=-0.0 vision=1 current=1 vframe=6656 vs=1 vage=26 vpage=26 vdt=31 vmax=7730 vacc=6194 vrej=0 seq=0 elapsed=0 oled=3C
[   4108] STATUS mode=3 fault=none p60=-168 dp60=-3 pwm=-140 ball=30.38 vball=-107.71 bref=-50.00 pid=-140.0 integ=-0.0 vision=1 current=1 vframe=6657 vs=1 vage=12 vpage=12 vdt=34 vmax=7730 vacc=6195 vrej=0 seq=0 elapsed=0 oled=3C
[   4125] STATUS mode=3 fault=none p60=-181 dp60=-3 pwm=-140 ball=30.38 vball=-107.71 bref=-50.00 pid=-140.0 integ=-0.0 vision=1 current=1 vframe=6657 vs=1 vage=32 vpage=32 vdt=34 vmax=7730 vacc=6195 vrej=0 seq=0 elapsed=0 oled=3C
[   4156] STATUS mode=3 fault=none p60=-195 dp60=-3 pwm=0 ball=30.38 vball=-107.71 bref=-50.00 pid=-140.0 integ=-0.0 vision=1 current=1 vframe=6657 vs=1 vage=52 vpage=52 vdt=34 vmax=7730 vacc=6195 vrej=0 seq=0 elapsed=0 oled=3C
[   4172] STATUS mode=3 fault=none p60=-206 dp60=-3 pwm=0 ball=30.38 vball=-107.71 bref=-50.00 pid=-140.0 integ=-0.0 vision=1 current=1 vframe=6657 vs=1 vage=72 vpage=72 vdt=34 vmax=7730 vacc=6195 vrej=0 seq=0 elapsed=0 oled=3C
[   4188] STATUS mode=3 fault=none p60=-213 dp60=-2 pwm=0 ball=30.38 vball=-107.71 bref=-50.00 pid=-140.0 integ=-0.0 vision=1 current=1 vframe=6657 vs=1 vage=92 vpage=92 vdt=34 vmax=7730 vacc=6195 vrej=0 seq=0 elapsed=0 oled=3C
[   4203] STATUS mode=3 fault=none p60=-218 dp60=-1 pwm=0 ball=30.38 vball=-107.71 bref=-50.00 pid=-140.0 integ=-0.0 vision=1 current=1 vframe=6657 vs=1 vage=112 vpage=112 vdt=34 vmax=7730 vacc=6195 vrej=0 seq=0 elapsed=0 oled=3C
[   4233] STATUS mode=3 fault=none p60=-221 dp60=-1 pwm=-140 ball=17.28 vball=-256.83 bref=-50.00 pid=-140.0 integ=-0.0 vision=1 current=1 vframe=6659 vs=1 vage=8 vpage=8 vdt=10 vmax=7730 vacc=6197 vrej=0 seq=0 elapsed=0 oled=3C
[   4250] STATUS mode=3 fault=none p60=-227 dp60=-2 pwm=0 ball=11.29 vball=-250.22 bref=-50.00 pid=-140.0 integ=-0.0 vision=1 current=1 vframe=6660 vs=1 vage=2 vpage=2 vdt=26 vmax=7730 vacc=6198 vrej=0 seq=0 elapsed=0 oled=3C
[   4266] STATUS mode=3 fault=none p60=-237 dp60=-3 pwm=-140 ball=11.29 vball=-250.22 bref=-50.00 pid=-140.0 integ=-0.0 vision=1 current=1 vframe=6660 vs=1 vage=22 vpage=22 vdt=26 vmax=7730 vacc=6198 vrej=0 seq=0 elapsed=0 oled=3C
[   4297] STATUS mode=3 fault=none p60=-248 dp60=-3 pwm=0 ball=11.29 vball=-250.22 bref=-50.00 pid=-140.0 integ=-0.0 vision=1 current=1 vframe=6660 vs=1 vage=42 vpage=42 vdt=26 vmax=7730 vacc=6198 vrej=0 seq=0 elapsed=0 oled=3C
[   4313] STATUS mode=3 fault=none p60=-258 dp60=-2 pwm=0 ball=11.29 vball=-250.22 bref=-50.00 pid=-140.0 integ=-0.0 vision=1 current=1 vframe=6660 vs=1 vage=62 vpage=62 vdt=26 vmax=7730 vacc=6198 vrej=0 seq=0 elapsed=0 oled=3C
[   4328] STATUS mode=3 fault=none p60=-265 dp60=-2 pwm=0 ball=11.29 vball=-250.22 bref=-50.00 pid=-140.0 integ=-0.0 vision=1 current=1 vframe=6660 vs=1 vage=82 vpage=82 vdt=26 vmax=7730 vacc=6198 vrej=0 seq=0 elapsed=0 oled=3C
[   4344] STATUS mode=3 fault=none p60=-269 dp60=-1 pwm=0 ball=11.29 vball=-250.22 bref=-50.00 pid=-140.0 integ=-0.0 vision=1 current=1 vframe=6660 vs=1 vage=102 vpage=102 vdt=26 vmax=7730 vacc=6198 vrej=0 seq=0 elapsed=0 oled=3C
[   4375] STATUS mode=3 fault=none p60=-272 dp60=-1 pwm=-140 ball=3.32 vball=-270.67 bref=-50.00 pid=-140.0 integ=-0.0 vision=1 current=1 vframe=6662 vs=1 vage=4 vpage=4 vdt=10 vmax=7730 vacc=6200 vrej=0 seq=0 elapsed=0 oled=3C
[   4391] STATUS mode=3 fault=none p60=-277 dp60=-2 pwm=0 ball=3.32 vball=-270.67 bref=-50.00 pid=-140.0 integ=-0.0 vision=1 current=1 vframe=6662 vs=1 vage=24 vpage=24 vdt=10 vmax=7730 vacc=6200 vrej=0 seq=0 elapsed=0 oled=3C
[   4406] STATUS mode=3 fault=none p60=-285 dp60=-2 pwm=-140 ball=3.32 vball=-270.67 bref=-50.00 pid=-140.0 integ=-0.0 vision=1 current=0 vframe=6663 vs=0 vage=44 vpage=12 vdt=10 vmax=7730 vacc=6200 vrej=0 seq=0 elapsed=0 oled=3C
[   4438] STATUS mode=3 fault=none p60=-296 dp60=-2 pwm=0 ball=3.32 vball=-270.67 bref=-50.00 pid=-140.0 integ=-0.0 vision=1 current=0 vframe=6663 vs=0 vage=64 vpage=32 vdt=10 vmax=7730 vacc=6200 vrej=0 seq=0 elapsed=0 oled=3C
[   4453] STATUS mode=3 fault=none p60=-307 dp60=-3 pwm=-140 ball=-13.67 vball=-268.35 bref=-50.00 pid=-140.0 integ=-0.0 vision=1 current=1 vframe=6664 vs=1 vage=19 vpage=19 vdt=65 vmax=7730 vacc=6201 vrej=0 seq=0 elapsed=0 oled=3C
[   4469] STATUS mode=3 fault=none p60=-320 dp60=-3 pwm=0 ball=-13.67 vball=-268.35 bref=-50.00 pid=-140.0 integ=-0.0 vision=1 current=1 vframe=6664 vs=1 vage=39 vpage=39 vdt=65 vmax=7730 vacc=6201 vrej=0 seq=0 elapsed=0 oled=3C
[   4483] STATUS mode=3 fault=none p60=-330 dp60=-2 pwm=0 ball=-13.67 vball=-268.35 bref=-50.00 pid=-140.0 integ=-0.0 vision=1 current=1 vframe=6664 vs=1 vage=59 vpage=59 vdt=65 vmax=7730 vacc=6201 vrej=0 seq=0 elapsed=0 oled=3C
[   4516] STATUS mode=3 fault=none p60=-338 dp60=-2 pwm=0 ball=-13.67 vball=-268.35 bref=-50.00 pid=-140.0 integ=-0.0 vision=1 current=1 vframe=6664 vs=1 vage=79 vpage=79 vdt=65 vmax=7730 vacc=6201 vrej=0 seq=0 elapsed=0 oled=3C
[   4531] STATUS mode=3 fault=none p60=-343 dp60=-1 pwm=0 ball=-13.67 vball=-268.35 bref=-50.00 pid=-140.0 integ=-0.0 vision=1 current=1 vframe=6664 vs=1 vage=99 vpage=99 vdt=65 vmax=7730 vacc=6201 vrej=0 seq=0 elapsed=0 oled=3C
[   4547] STATUS mode=3 fault=none p60=-348 dp60=-1 pwm=-140 ball=-21.28 vball=-220.48 bref=-50.00 pid=-140.0 integ=-0.0 vision=1 current=1 vframe=6665 vs=1 vage=20 vpage=20 vdt=99 vmax=7730 vacc=6202 vrej=0 seq=0 elapsed=0 oled=3C
[   4578] STATUS mode=3 fault=none p60=-358 dp60=-2 pwm=-140 ball=-29.98 vball=-264.22 bref=-50.00 pid=-140.0 integ=-0.0 vision=1 current=1 vframe=6666 vs=1 vage=18 vpage=18 vdt=22 vmax=7730 vacc=6203 vrej=0 seq=0 elapsed=0 oled=3C
[   4594] STATUS mode=3 fault=none p60=-369 dp60=-3 pwm=-140 ball=-34.66 vball=-238.51 bref=-50.00 pid=-140.0 integ=-0.0 vision=1 current=1 vframe=6667 vs=1 vage=9 vpage=9 vdt=29 vmax=7730 vacc=6204 vrej=0 seq=0 elapsed=0 oled=3C
[   4608] STATUS mode=3 fault=none p60=-382 dp60=-3 pwm=-140 ball=-34.66 vball=-238.51 bref=-50.00 pid=-140.0 integ=-0.0 vision=1 current=1 vframe=6667 vs=1 vage=29 vpage=29 vdt=29 vmax=7730 vacc=6204 vrej=0 seq=0 elapsed=0 oled=3C
[   4625] STATUS mode=3 fault=none p60=-396 dp60=-3 pwm=-140 ball=-34.66 vball=-238.51 bref=-50.00 pid=-140.0 integ=-0.0 vision=1 current=1 vframe=6667 vs=1 vage=49 vpage=49 vdt=29 vmax=7730 vacc=6204 vrej=0 seq=0 elapsed=0 oled=3C
[   4656] STATUS mode=3 fault=none p60=-410 dp60=-3 pwm=0 ball=-34.66 vball=-238.51 bref=-50.00 pid=-140.0 integ=-0.0 vision=1 current=1 vframe=6667 vs=1 vage=69 vpage=69 vdt=29 vmax=7730 vacc=6204 vrej=0 seq=0 elapsed=0 oled=3C
[   4672] STATUS mode=3 fault=none p60=-420 dp60=-2 pwm=0 ball=-34.66 vball=-238.51 bref=-50.00 pid=-140.0 integ=-0.0 vision=1 current=1 vframe=6667 vs=1 vage=89 vpage=89 vdt=29 vmax=7730 vacc=6204 vrej=0 seq=0 elapsed=0 oled=3C
[   4688] STATUS mode=3 fault=none p60=-427 dp60=-2 pwm=-140 ball=-41.85 vball=-196.17 bref=-50.00 pid=-140.0 integ=-0.0 vision=1 current=1 vframe=6668 vs=1 vage=5 vpage=5 vdt=104 vmax=7730 vacc=6205 vrej=0 seq=0 elapsed=0 oled=3C
[   4703] STATUS mode=3 fault=none p60=-433 dp60=-2 pwm=-140 ball=-41.85 vball=-196.17 bref=-50.00 pid=-140.0 integ=-0.0 vision=1 current=1 vframe=6668 vs=1 vage=25 vpage=25 vdt=104 vmax=7730 vacc=6205 vrej=0 seq=0 elapsed=0 oled=3C
[   4733] STATUS mode=3 fault=none p60=-443 dp60=-3 pwm=-140 ball=-50.48 vball=-221.52 bref=-50.00 pid=-140.0 integ=-0.0 vision=1 current=1 vframe=6669 vs=1 vage=16 vpage=16 vdt=29 vmax=7730 vacc=6206 vrej=0 seq=0 elapsed=0 oled=3C
[   4750] STATUS mode=3 fault=none p60=-454 dp60=-3 pwm=-140 ball=-54.75 vball=-198.49 bref=-50.00 pid=-140.0 integ=-0.0 vision=1 current=1 vframe=6670 vs=1 vage=3 vpage=3 vdt=33 vmax=7730 vacc=6207 vrej=0 seq=0 elapsed=0 oled=3C
[   4766] STATUS mode=3 fault=none p60=-467 dp60=-3 pwm=-140 ball=-54.75 vball=-198.49 bref=-50.00 pid=-140.0 integ=-0.0 vision=1 current=1 vframe=6670 vs=1 vage=23 vpage=23 vdt=33 vmax=7730 vacc=6207 vrej=0 seq=0 elapsed=0 oled=3C
[   4797] STATUS mode=3 fault=none p60=-481 dp60=-3 pwm=0 ball=-54.75 vball=-198.49 bref=-50.00 pid=-140.0 integ=-0.0 vision=1 current=1 vframe=6670 vs=1 vage=43 vpage=43 vdt=33 vmax=7730 vacc=6207 vrej=0 seq=0 elapsed=0 oled=3C
[   4813] STATUS mode=3 fault=none p60=-494 dp60=-3 pwm=0 ball=-54.75 vball=-198.49 bref=-50.00 pid=-140.0 integ=-0.0 vision=1 current=1 vframe=6670 vs=1 vage=63 vpage=63 vdt=33 vmax=7730 vacc=6207 vrej=0 seq=0 elapsed=0 oled=3C
[   4828] STATUS mode=3 fault=none p60=-503 dp60=-1 pwm=0 ball=-54.75 vball=-198.49 bref=-50.00 pid=-140.0 integ=-0.0 vision=1 current=1 vframe=6670 vs=1 vage=83 vpage=83 vdt=33 vmax=7730 vacc=6207 vrej=0 seq=0 elapsed=0 oled=3C
[   4844] STATUS mode=3 fault=none p60=-509 dp60=-1 pwm=0 ball=-60.85 vball=-164.12 bref=-50.00 pid=-140.0 integ=-0.0 vision=1 current=1 vframe=6671 vs=1 vage=3 vpage=3 vdt=100 vmax=7730 vacc=6208 vrej=0 seq=0 elapsed=0 oled=3C
[   4875] STATUS mode=3 fault=none p60=-515 dp60=-2 pwm=-140 ball=-60.85 vball=-164.12 bref=-50.00 pid=-140.0 integ=-0.0 vision=1 current=1 vframe=6671 vs=1 vage=23 vpage=23 vdt=100 vmax=7730 vacc=6208 vrej=0 seq=0 elapsed=0 oled=3C
[   4891] STATUS mode=3 fault=none p60=-524 dp60=-3 pwm=-140 ball=-66.80 vball=-168.16 bref=-50.00 pid=-140.0 integ=-0.0 vision=1 current=1 vframe=6672 vs=1 vage=10 vpage=10 vdt=33 vmax=7730 vacc=6209 vrej=0 seq=0 elapsed=0 oled=3C
[   4906] STATUS mode=3 fault=none p60=-534 dp60=-2 pwm=-140 ball=-66.80 vball=-168.16 bref=-50.00 pid=-140.0 integ=-0.0 vision=1 current=1 vframe=6672 vs=1 vage=30 vpage=30 vdt=33 vmax=7730 vacc=6209 vrej=0 seq=0 elapsed=0 oled=3C
[   4938] STATUS mode=3 fault=none p60=-547 dp60=-3 pwm=-140 ball=-69.78 vball=-148.70 bref=-50.00 pid=-140.0 integ=-0.0 vision=1 current=1 vframe=6673 vs=1 vage=17 vpage=17 vdt=33 vmax=7730 vacc=6210 vrej=0 seq=0 elapsed=0 oled=3C
[   4953] STATUS mode=3 fault=none p60=-560 dp60=-3 pwm=-140 ball=-69.78 vball=-148.70 bref=-50.00 pid=-140.0 integ=-0.0 vision=1 current=1 vframe=6673 vs=1 vage=37 vpage=37 vdt=33 vmax=7730 vacc=6210 vrej=0 seq=0 elapsed=0 oled=3C
[   4969] STATUS mode=3 fault=none p60=-574 dp60=-3 pwm=0 ball=-69.78 vball=-148.70 bref=-50.00 pid=-140.0 integ=-0.0 vision=1 current=1 vframe=6673 vs=1 vage=57 vpage=57 vdt=33 vmax=7730 vacc=6210 vrej=0 seq=0 elapsed=0 oled=3C
[   4983] STATUS mode=3 fault=none p60=-584 dp60=-2 pwm=0 ball=-69.78 vball=-148.70 bref=-50.00 pid=-140.0 integ=-0.0 vision=1 current=1 vframe=6673 vs=1 vage=77 vpage=77 vdt=33 vmax=7730 vacc=6210 vrej=0 seq=0 elapsed=0 oled=3C
[   5016] STATUS mode=3 fault=none p60=-590 dp60=-1 pwm=0 ball=-69.78 vball=-148.70 bref=-50.00 pid=-140.0 integ=-0.0 vision=1 current=1 vframe=6673 vs=1 vage=97 vpage=97 vdt=33 vmax=7730 vacc=6210 vrej=0 seq=0 elapsed=0 oled=3C
[   5031] STATUS mode=3 fault=none p60=-594 dp60=0 pwm=0 ball=-69.78 vball=-148.70 bref=-50.00 pid=-140.0 integ=-0.0 vision=1 current=1 vframe=6673 vs=1 vage=117 vpage=117 vdt=33 vmax=7730 vacc=6210 vrej=0 seq=0 elapsed=0 oled=3C
[   5047] STATUS mode=3 fault=none p60=-599 dp60=-1 pwm=-140 ball=-74.67 vball=-121.97 bref=-50.00 pid=-140.0 integ=-0.0 vision=1 current=1 vframe=6674 vs=1 vage=20 vpage=20 vdt=117 vmax=7730 vacc=6211 vrej=0 seq=0 elapsed=0 oled=3C
[   5078] STATUS mode=3 fault=none p60=-607 dp60=-2 pwm=-140 ball=-75.87 vball=-103.48 bref=-50.00 pid=-140.0 integ=-0.0 vision=1 current=1 vframe=6675 vs=1 vage=15 vpage=15 vdt=25 vmax=7730 vacc=6212 vrej=0 seq=0 elapsed=0 oled=3C
[   5094] STATUS mode=3 fault=none p60=-618 dp60=-3 pwm=-140 ball=-76.44 vball=-83.31 bref=-50.00 pid=-140.0 integ=-0.0 vision=1 current=1 vframe=6676 vs=1 vage=10 vpage=10 vdt=25 vmax=7730 vacc=6213 vrej=0 seq=0 elapsed=0 oled=3C
[   5108] STATUS mode=3 fault=none p60=-630 dp60=-3 pwm=-140 ball=-76.44 vball=-83.31 bref=-50.00 pid=-140.0 integ=-0.0 vision=1 current=1 vframe=6676 vs=1 vage=30 vpage=30 vdt=25 vmax=7730 vacc=6213 vrej=0 seq=0 elapsed=0 oled=3C
[   5125] STATUS mode=3 fault=none p60=-644 dp60=-4 pwm=-140 ball=-76.44 vball=-83.31 bref=-50.00 pid=-140.0 integ=-0.0 vision=1 current=1 vframe=6676 vs=1 vage=50 vpage=50 vdt=25 vmax=7730 vacc=6213 vrej=0 seq=0 elapsed=0 oled=3C
[   5156] STATUS mode=3 fault=none p60=-657 dp60=-3 pwm=0 ball=-76.44 vball=-83.31 bref=-50.00 pid=-140.0 integ=-0.0 vision=1 current=1 vframe=6676 vs=1 vage=70 vpage=70 vdt=25 vmax=7730 vacc=6213 vrej=0 seq=0 elapsed=0 oled=3C
[   5172] STATUS mode=3 fault=none p60=-667 dp60=-3 pwm=0 ball=-76.44 vball=-83.31 bref=-50.00 pid=-140.0 integ=-0.0 vision=1 current=1 vframe=6676 vs=1 vage=90 vpage=90 vdt=25 vmax=7730 vacc=6213 vrej=0 seq=0 elapsed=0 oled=3C
[   5188] STATUS mode=3 fault=none p60=-673 dp60=-2 pwm=-140 ball=-79.24 vball=-69.15 bref=-50.00 pid=-140.0 integ=-0.0 vision=1 current=1 vframe=6677 vs=1 vage=5 vpage=5 vdt=105 vmax=7730 vacc=6214 vrej=0 seq=0 elapsed=0 oled=3C
[   5203] STATUS mode=3 fault=none p60=-680 dp60=-2 pwm=-140 ball=-79.24 vball=-69.15 bref=-50.00 pid=-140.0 integ=-0.0 vision=1 current=1 vframe=6677 vs=1 vage=25 vpage=25 vdt=105 vmax=7730 vacc=6214 vrej=0 seq=0 elapsed=0 oled=3C
[   5233] STATUS mode=3 fault=none p60=-690 dp60=-2 pwm=-140 ball=-75.92 vball=-22.22 bref=-50.00 pid=-140.0 integ=-0.0 vision=1 current=1 vframe=6678 vs=1 vage=17 vpage=17 vdt=28 vmax=7730 vacc=6215 vrej=0 seq=0 elapsed=0 oled=3C
[   5250] STATUS mode=3 fault=none p60=-702 dp60=-3 pwm=-140 ball=-74.31 vball=-4.09 bref=-50.00 pid=-67.1 integ=-0.0 vision=1 current=1 vframe=6679 vs=1 vage=5 vpage=5 vdt=32 vmax=7730 vacc=6216 vrej=0 seq=0 elapsed=0 oled=3C
[   5266] STATUS mode=3 fault=none p60=-715 dp60=-3 pwm=-124 ball=-74.31 vball=-4.09 bref=-50.00 pid=-67.1 integ=-0.0 vision=1 current=1 vframe=6679 vs=1 vage=25 vpage=25 vdt=32 vmax=7730 vacc=6216 vrej=0 seq=0 elapsed=0 oled=3C
[   5297] STATUS mode=3 fault=none p60=-728 dp60=-3 pwm=0 ball=-74.31 vball=-4.09 bref=-50.00 pid=-67.1 integ=-0.0 vision=1 current=1 vframe=6679 vs=1 vage=45 vpage=45 vdt=32 vmax=7730 vacc=6216 vrej=0 seq=0 elapsed=0 oled=3C
[   5313] STATUS mode=3 fault=none p60=-737 dp60=-2 pwm=0 ball=-74.31 vball=-4.09 bref=-50.00 pid=-67.1 integ=-0.0 vision=1 current=1 vframe=6679 vs=1 vage=65 vpage=65 vdt=32 vmax=7730 vacc=6216 vrej=0 seq=0 elapsed=0 oled=3C
[   5328] STATUS mode=3 fault=none p60=-743 dp60=-1 pwm=0 ball=-74.31 vball=-4.09 bref=-50.00 pid=-67.1 integ=-0.0 vision=1 current=1 vframe=6679 vs=1 vage=85 vpage=85 vdt=32 vmax=7730 vacc=6216 vrej=0 seq=0 elapsed=0 oled=3C
[   5344] STATUS mode=3 fault=none p60=-747 dp60=0 pwm=-120 ball=-73.72 vball=-1.59 bref=-50.00 pid=-47.5 integ=-0.0 vision=1 current=1 vframe=6680 vs=1 vage=5 vpage=5 vdt=100 vmax=7730 vacc=6217 vrej=0 seq=0 elapsed=0 oled=3C
[   5375] STATUS mode=3 fault=none p60=-751 dp60=-1 pwm=0 ball=-73.72 vball=-1.59 bref=-50.00 pid=-47.5 integ=-0.0 vision=1 current=1 vframe=6680 vs=1 vage=25 vpage=25 vdt=100 vmax=7730 vacc=6217 vrej=0 seq=0 elapsed=0 oled=3C
[   5391] STATUS mode=3 fault=none p60=-757 dp60=-2 pwm=0 ball=-65.71 vball=56.02 bref=-50.00 pid=140.0 integ=-0.0 vision=1 current=1 vframe=6681 vs=1 vage=10 vpage=10 vdt=35 vmax=7730 vacc=6218 vrej=0 seq=0 elapsed=0 oled=3C
[   5406] STATUS mode=3 fault=none p60=-757 dp60=1 pwm=140 ball=-65.71 vball=56.02 bref=-50.00 pid=140.0 integ=-0.0 vision=1 current=1 vframe=6681 vs=1 vage=30 vpage=30 vdt=35 vmax=7730 vacc=6218 vrej=0 seq=0 elapsed=0 oled=3C
[   5438] STATUS mode=3 fault=none p60=-751 dp60=2 pwm=140 ball=-62.07 vball=68.78 bref=-50.00 pid=140.0 integ=-0.0 vision=1 current=1 vframe=6682 vs=1 vage=16 vpage=16 vdt=34 vmax=7730 vacc=6219 vrej=0 seq=0 elapsed=0 oled=3C
[   5453] STATUS mode=3 fault=none p60=-745 dp60=2 pwm=140 ball=-62.07 vball=68.78 bref=-50.00 pid=140.0 integ=-0.0 vision=1 current=1 vframe=6682 vs=1 vage=36 vpage=36 vdt=34 vmax=7730 vacc=6219 vrej=0 seq=0 elapsed=0 oled=3C
[   5469] STATUS mode=3 fault=none p60=-736 dp60=2 pwm=0 ball=-62.07 vball=68.78 bref=-50.00 pid=140.0 integ=-0.0 vision=1 current=1 vframe=6682 vs=1 vage=56 vpage=56 vdt=34 vmax=7730 vacc=6219 vrej=0 seq=0 elapsed=0 oled=3C
[   5483] STATUS mode=3 fault=none p60=-730 dp60=1 pwm=0 ball=-62.07 vball=68.78 bref=-50.00 pid=140.0 integ=-0.0 vision=1 current=1 vframe=6682 vs=1 vage=76 vpage=76 vdt=34 vmax=7730 vacc=6219 vrej=0 seq=0 elapsed=0 oled=3C
[   5516] STATUS mode=3 fault=none p60=-725 dp60=1 pwm=0 ball=-58.64 vball=60.61 bref=-50.00 pid=140.0 integ=-0.0 vision=1 current=1 vframe=6683 vs=1 vage=1 vpage=1 vdt=95 vmax=7730 vacc=6220 vrej=0 seq=0 elapsed=0 oled=3C
[   5531] STATUS mode=3 fault=none p60=-722 dp60=2 pwm=140 ball=-58.64 vball=60.61 bref=-50.00 pid=140.0 integ=-0.0 vision=1 current=1 vframe=6683 vs=1 vage=21 vpage=21 vdt=95 vmax=7730 vacc=6220 vrej=0 seq=0 elapsed=0 oled=3C
[   5547] STATUS mode=3 fault=none p60=-715 dp60=2 pwm=140 ball=-45.18 vball=136.41 bref=-50.00 pid=140.0 integ=-0.0 vision=1 current=1 vframe=6684 vs=1 vage=4 vpage=4 vdt=37 vmax=7730 vacc=6221 vrej=0 seq=0 elapsed=0 oled=3C
[   5563] STATUS mode=3 fault=none p60=-708 dp60=2 pwm=140 ball=-45.18 vball=136.41 bref=-50.00 pid=140.0 integ=-0.0 vision=1 current=1 vframe=6684 vs=1 vage=24 vpage=24 vdt=37 vmax=7730 vacc=6221 vrej=0 seq=0 elapsed=0 oled=3C
[   5594] STATUS mode=3 fault=none p60=-699 dp60=2 pwm=0 ball=-45.18 vball=136.41 bref=-50.00 pid=140.0 integ=-0.0 vision=1 current=1 vframe=6684 vs=1 vage=44 vpage=44 vdt=37 vmax=7730 vacc=6221 vrej=0 seq=0 elapsed=0 oled=3C
[   5608] STATUS mode=3 fault=none p60=-693 dp60=1 pwm=0 ball=-45.18 vball=136.41 bref=-50.00 pid=140.0 integ=-0.0 vision=1 current=1 vframe=6684 vs=1 vage=64 vpage=64 vdt=37 vmax=7730 vacc=6221 vrej=0 seq=0 elapsed=0 oled=3C
[   5625] STATUS mode=3 fault=none p60=-689 dp60=1 pwm=0 ball=-45.18 vball=136.41 bref=-50.00 pid=140.0 integ=-0.0 vision=1 current=1 vframe=6684 vs=1 vage=84 vpage=84 vdt=37 vmax=7730 vacc=6221 vrej=0 seq=0 elapsed=0 oled=3C
[   5656] STATUS mode=3 fault=none p60=-688 dp60=0 pwm=0 ball=-45.18 vball=136.41 bref=-50.00 pid=140.0 integ=-0.0 vision=1 current=1 vframe=6684 vs=1 vage=104 vpage=104 vdt=37 vmax=7730 vacc=6221 vrej=0 seq=0 elapsed=0 oled=3C
[   5672] STATUS mode=3 fault=none p60=-688 dp60=0 pwm=140 ball=-35.70 vball=173.16 bref=-50.00 pid=140.0 integ=-0.0 vision=1 current=1 vframe=6686 vs=1 vage=3 vpage=3 vdt=10 vmax=7730 vacc=6223 vrej=0 seq=0 elapsed=0 oled=3C
[   5688] STATUS mode=3 fault=none p60=-684 dp60=1 pwm=140 ball=-35.70 vball=173.16 bref=-50.00 pid=140.0 integ=-0.0 vision=1 current=1 vframe=6686 vs=1 vage=23 vpage=23 vdt=10 vmax=7730 vacc=6223 vrej=0 seq=0 elapsed=0 oled=3C
[   5703] STATUS mode=3 fault=none p60=-677 dp60=2 pwm=140 ball=-35.70 vball=173.16 bref=-50.00 pid=140.0 integ=-0.0 vision=1 current=0 vframe=6687 vs=0 vage=43 vpage=14 vdt=10 vmax=7730 vacc=6223 vrej=0 seq=0 elapsed=0 oled=3C
[   5733] STATUS mode=3 fault=none p60=-668 dp60=2 pwm=0 ball=-35.70 vball=173.16 bref=-50.00 pid=140.0 integ=-0.0 vision=1 current=0 vframe=6687 vs=0 vage=63 vpage=34 vdt=10 vmax=7730 vacc=6223 vrej=0 seq=0 elapsed=0 oled=3C
[   5750] STATUS mode=3 fault=none p60=-658 dp60=2 pwm=140 ball=-12.95 vball=218.74 bref=-50.00 pid=140.0 integ=-0.0 vision=1 current=1 vframe=6688 vs=1 vage=19 vpage=19 vdt=64 vmax=7730 vacc=6224 vrej=0 seq=0 elapsed=0 oled=3C
[   5766] STATUS mode=3 fault=none p60=-647 dp60=3 pwm=0 ball=-12.95 vball=218.74 bref=-50.00 pid=140.0 integ=-0.0 vision=1 current=1 vframe=6688 vs=1 vage=39 vpage=39 vdt=64 vmax=7730 vacc=6224 vrej=0 seq=0 elapsed=0 oled=3C
[   5797] STATUS mode=3 fault=none p60=-638 dp60=2 pwm=0 ball=-12.95 vball=218.74 bref=-50.00 pid=140.0 integ=-0.0 vision=1 current=1 vframe=6688 vs=1 vage=59 vpage=59 vdt=64 vmax=7730 vacc=6224 vrej=0 seq=0 elapsed=0 oled=3C
[   5813] STATUS mode=3 fault=none p60=-633 dp60=1 pwm=0 ball=-12.95 vball=218.74 bref=-50.00 pid=140.0 integ=-0.0 vision=1 current=1 vframe=6688 vs=1 vage=79 vpage=79 vdt=64 vmax=7730 vacc=6224 vrej=0 seq=0 elapsed=0 oled=3C
[   5828] STATUS mode=3 fault=none p60=-630 dp60=0 pwm=0 ball=-12.95 vball=218.74 bref=-50.00 pid=140.0 integ=-0.0 vision=1 current=1 vframe=6688 vs=1 vage=99 vpage=99 vdt=64 vmax=7730 vacc=6224 vrej=0 seq=0 elapsed=0 oled=3C
[   5844] STATUS mode=3 fault=none p60=-629 dp60=0 pwm=140 ball=-3.04 vball=188.58 bref=-50.00 pid=140.0 integ=-0.0 vision=1 current=1 vframe=6689 vs=1 vage=18 vpage=18 vdt=101 vmax=7730 vacc=6225 vrej=0 seq=0 elapsed=0 oled=3C
[   5875] STATUS mode=3 fault=none p60=-625 dp60=1 pwm=0 ball=10.22 vball=245.03 bref=-50.00 pid=140.0 integ=-0.0 vision=1 current=1 vframe=6690 vs=1 vage=6 vpage=6 vdt=32 vmax=7730 vacc=6226 vrej=0 seq=0 elapsed=0 oled=3C
[   5891] STATUS mode=3 fault=none p60=-617 dp60=2 pwm=140 ball=10.22 vball=245.03 bref=-50.00 pid=140.0 integ=-0.0 vision=1 current=1 vframe=6690 vs=1 vage=26 vpage=26 vdt=32 vmax=7730 vacc=6226 vrej=0 seq=0 elapsed=0 oled=3C
[   5906] STATUS mode=3 fault=none p60=-607 dp60=2 pwm=140 ball=22.17 vball=274.30 bref=-50.00 pid=140.0 integ=-0.0 vision=1 current=1 vframe=6691 vs=1 vage=13 vpage=13 vdt=33 vmax=7730 vacc=6227 vrej=0 seq=0 elapsed=0 oled=3C
[   5922] STATUS mode=3 fault=none p60=-596 dp60=3 pwm=140 ball=22.17 vball=274.30 bref=-50.00 pid=140.0 integ=-0.0 vision=1 current=1 vframe=6691 vs=1 vage=33 vpage=33 vdt=33 vmax=7730 vacc=6227 vrej=0 seq=0 elapsed=0 oled=3C
[   5953] STATUS mode=3 fault=none p60=-585 dp60=3 pwm=0 ball=22.17 vball=274.30 bref=-50.00 pid=140.0 integ=-0.0 vision=1 current=1 vframe=6691 vs=1 vage=53 vpage=53 vdt=33 vmax=7730 vacc=6227 vrej=0 seq=0 elapsed=0 oled=3C
[   5969] STATUS mode=3 fault=none p60=-577 dp60=2 pwm=0 ball=22.17 vball=274.30 bref=-50.00 pid=140.0 integ=-0.0 vision=1 current=1 vframe=6691 vs=1 vage=73 vpage=73 vdt=33 vmax=7730 vacc=6227 vrej=0 seq=0 elapsed=0 oled=3C
[   5983] STATUS mode=3 fault=none p60=-572 dp60=1 pwm=0 ball=22.17 vball=274.30 bref=-50.00 pid=140.0 integ=-0.0 vision=1 current=1 vframe=6691 vs=1 vage=93 vpage=93 vdt=33 vmax=7730 vacc=6227 vrej=0 seq=0 elapsed=0 oled=3C
[   6016] STATUS mode=3 fault=none p60=-569 dp60=0 pwm=140 ball=35.36 vball=236.26 bref=-50.00 pid=140.0 integ=-0.0 vision=1 current=1 vframe=6692 vs=1 vage=5 vpage=5 vdt=108 vmax=7730 vacc=6228 vrej=0 seq=0 elapsed=0 oled=3C
[   6031] STATUS mode=3 fault=none p60=-566 dp60=2 pwm=140 ball=35.36 vball=236.26 bref=-50.00 pid=140.0 integ=-0.0 vision=1 current=1 vframe=6692 vs=1 vage=25 vpage=25 vdt=108 vmax=7730 vacc=6228 vrej=0 seq=0 elapsed=0 oled=3C
[   6047] STATUS mode=3 fault=none p60=-559 dp60=2 pwm=140 ball=56.15 vball=385.10 bref=-50.00 pid=140.0 integ=-0.0 vision=1 current=1 vframe=6693 vs=1 vage=20 vpage=20 vdt=25 vmax=7730 vacc=6229 vrej=0 seq=0 elapsed=0 oled=3C
[   6063] STATUS mode=3 fault=none p60=-551 dp60=3 pwm=140 ball=66.41 vball=366.55 bref=-50.00 pid=140.0 integ=-0.0 vision=1 current=1 vframe=6694 vs=1 vage=7 vpage=7 vdt=33 vmax=7730 vacc=6230 vrej=0 seq=0 elapsed=0 oled=3C
[   6094] STATUS mode=3 fault=none p60=-542 dp60=3 pwm=140 ball=66.41 vball=366.55 bref=-50.00 pid=140.0 integ=-0.0 vision=1 current=1 vframe=6694 vs=1 vage=27 vpage=27 vdt=33 vmax=7730 vacc=6230 vrej=0 seq=0 elapsed=0 oled=3C
[   6108] STATUS mode=3 fault=none p60=-532 dp60=3 pwm=0 ball=66.41 vball=366.55 bref=-50.00 pid=140.0 integ=-0.0 vision=1 current=1 vframe=6694 vs=1 vage=47 vpage=47 vdt=33 vmax=7730 vacc=6230 vrej=0 seq=0 elapsed=0 oled=3C
[   6125] STATUS mode=3 fault=none p60=-522 dp60=3 pwm=0 ball=66.41 vball=366.55 bref=-50.00 pid=140.0 integ=-0.0 vision=1 current=1 vframe=6694 vs=1 vage=67 vpage=67 vdt=33 vmax=7730 vacc=6230 vrej=0 seq=0 elapsed=0 oled=3C
[   6156] STATUS mode=3 fault=none p60=-516 dp60=1 pwm=0 ball=66.41 vball=366.55 bref=-50.00 pid=140.0 integ=-0.0 vision=1 current=1 vframe=6694 vs=1 vage=87 vpage=87 vdt=33 vmax=7730 vacc=6230 vrej=0 seq=0 elapsed=0 oled=3C
[   6172] STATUS mode=3 fault=none p60=-512 dp60=1 pwm=0 ball=66.41 vball=366.55 bref=-50.00 pid=140.0 integ=-0.0 vision=1 current=1 vframe=6694 vs=1 vage=107 vpage=107 vdt=33 vmax=7730 vacc=6230 vrej=0 seq=0 elapsed=0 oled=3C
[   6188] STATUS mode=3 fault=none p60=-509 dp60=1 pwm=140 ball=79.29 vball=301.75 bref=-50.00 pid=140.0 integ=-0.0 vision=1 current=1 vframe=6695 vs=1 vage=7 vpage=7 vdt=120 vmax=7730 vacc=6231 vrej=0 seq=0 elapsed=0 oled=3C
[   6203] STATUS mode=3 fault=none p60=-507 dp60=1 pwm=140 ball=79.29 vball=301.75 bref=-50.00 pid=140.0 integ=-0.0 vision=1 current=1 vframe=6695 vs=1 vage=27 vpage=27 vdt=120 vmax=7730 vacc=6231 vrej=0 seq=0 elapsed=0 oled=3C
[   6233] STATUS mode=3 fault=none p60=-502 dp60=1 pwm=140 ball=103.36 vball=441.22 bref=-50.00 pid=140.0 integ=-0.0 vision=1 current=1 vframe=6696 vs=1 vage=19 vpage=19 vdt=28 vmax=7730 vacc=6232 vrej=0 seq=0 elapsed=0 oled=3C
[   6250] STATUS mode=3 fault=none p60=-495 dp60=2 pwm=140 ball=113.13 vball=402.75 bref=-50.00 pid=140.0 integ=-0.0 vision=1 current=1 vframe=6697 vs=1 vage=5 vpage=5 vdt=34 vmax=7730 vacc=6233 vrej=0 seq=0 elapsed=0 oled=3C
[   6266] STATUS mode=3 fault=none p60=-487 dp60=2 pwm=140 ball=113.13 vball=402.75 bref=-50.00 pid=140.0 integ=-0.0 vision=1 current=1 vframe=6697 vs=1 vage=25 vpage=25 vdt=34 vmax=7730 vacc=6233 vrej=0 seq=0 elapsed=0 oled=3C
[   6297] STATUS mode=3 fault=none p60=-478 dp60=3 pwm=0 ball=113.13 vball=402.75 bref=-50.00 pid=140.0 integ=-0.0 vision=1 current=1 vframe=6697 vs=1 vage=45 vpage=45 vdt=34 vmax=7730 vacc=6233 vrej=0 seq=0 elapsed=0 oled=3C
[   6313] STATUS mode=3 fault=none p60=-469 dp60=2 pwm=0 ball=113.13 vball=402.75 bref=-50.00 pid=140.0 integ=-0.0 vision=1 current=1 vframe=6697 vs=1 vage=65 vpage=65 vdt=34 vmax=7730 vacc=6233 vrej=0 seq=0 elapsed=0 oled=3C
[   6328] STATUS mode=3 fault=none p60=-464 dp60=1 pwm=0 ball=113.13 vball=402.75 bref=-50.00 pid=140.0 integ=-0.0 vision=1 current=1 vframe=6697 vs=1 vage=85 vpage=85 vdt=34 vmax=7730 vacc=6233 vrej=0 seq=0 elapsed=0 oled=3C
[   6344] STATUS mode=3 fault=none p60=-460 dp60=1 pwm=140 ball=122.72 vball=327.30 bref=-50.00 pid=140.0 integ=-0.0 vision=1 current=1 vframe=6698 vs=1 vage=10 vpage=10 vdt=95 vmax=7730 vacc=6234 vrej=0 seq=0 elapsed=0 oled=3C
[   6375] STATUS mode=3 fault=none p60=-454 dp60=1 pwm=140 ball=116.87 vball=172.35 bref=-50.00 pid=140.0 integ=-0.0 vision=1 current=1 vframe=6699 vs=1 vage=10 vpage=10 vdt=20 vmax=7730 vacc=6235 vrej=0 seq=0 elapsed=0 oled=3C
[   6391] STATUS mode=3 fault=none p60=-446 dp60=2 pwm=140 ball=116.87 vball=172.35 bref=-50.00 pid=140.0 integ=-0.0 vision=1 current=1 vframe=6699 vs=1 vage=30 vpage=30 vdt=20 vmax=7730 vacc=6235 vrej=0 seq=0 elapsed=0 oled=3C
[   6406] STATUS mode=3 fault=none p60=-437 dp60=3 pwm=0 ball=114.45 vball=112.46 bref=-50.00 pid=140.0 integ=-0.0 vision=1 current=1 vframe=6700 vs=1 vage=14 vpage=14 vdt=36 vmax=7730 vacc=6236 vrej=0 seq=0 elapsed=0 oled=3C
[   6422] STATUS mode=3 fault=none p60=-428 dp60=2 pwm=140 ball=114.45 vball=112.46 bref=-50.00 pid=140.0 integ=-0.0 vision=1 current=1 vframe=6700 vs=1 vage=34 vpage=34 vdt=36 vmax=7730 vacc=6236 vrej=0 seq=0 elapsed=0 oled=3C
[   6453] STATUS mode=3 fault=none p60=-417 dp60=3 pwm=0 ball=114.45 vball=112.46 bref=-50.00 pid=140.0 integ=-0.0 vision=1 current=1 vframe=6700 vs=1 vage=54 vpage=54 vdt=36 vmax=7730 vacc=6236 vrej=0 seq=0 elapsed=0 oled=3C
[   6469] STATUS mode=3 fault=none p60=-408 dp60=2 pwm=0 ball=114.45 vball=112.46 bref=-50.00 pid=140.0 integ=-0.0 vision=1 current=1 vframe=6700 vs=1 vage=74 vpage=74 vdt=36 vmax=7730 vacc=6236 vrej=0 seq=0 elapsed=0 oled=3C
[   6483] STATUS mode=3 fault=none p60=-403 dp60=1 pwm=0 ball=114.45 vball=112.46 bref=-50.00 pid=140.0 integ=-0.0 vision=1 current=1 vframe=6700 vs=1 vage=94 vpage=94 vdt=36 vmax=7730 vacc=6236 vrej=0 seq=0 elapsed=0 oled=3C
[   6516] STATUS mode=3 fault=none p60=-399 dp60=1 pwm=140 ball=114.86 vball=85.36 bref=-50.00 pid=140.0 integ=-0.0 vision=1 current=1 vframe=6701 vs=1 vage=13 vpage=13 vdt=101 vmax=7730 vacc=6237 vrej=0 seq=0 elapsed=0 oled=3C
[   6531] STATUS mode=3 fault=none p60=-394 dp60=1 pwm=140 ball=114.86 vball=85.36 bref=-50.00 pid=140.0 integ=-0.0 vision=1 current=1 vframe=6701 vs=1 vage=33 vpage=33 vdt=101 vmax=7730 vacc=6237 vrej=0 seq=0 elapsed=0 oled=3C
[   6547] STATUS mode=3 fault=none p60=-386 dp60=2 pwm=138 ball=104.63 vball=-13.48 bref=-50.00 pid=130.8 integ=-0.0 vision=1 current=1 vframe=6702 vs=1 vage=20 vpage=20 vdt=33 vmax=7730 vacc=6238 vrej=0 seq=0 elapsed=0 oled=3C
[   6563] STATUS mode=3 fault=none p60=-376 dp60=3 pwm=0 ball=101.28 vball=-34.04 bref=-50.00 pid=-28.4 integ=-0.0 vision=1 current=1 vframe=6703 vs=1 vage=5 vpage=5 vdt=35 vmax=7730 vacc=6239 vrej=0 seq=0 elapsed=0 oled=3C
[   6594] STATUS mode=3 fault=none p60=-369 dp60=1 pwm=0 ball=101.28 vball=-34.04 bref=-50.00 pid=-28.4 integ=-0.0 vision=1 current=1 vframe=6703 vs=1 vage=25 vpage=25 vdt=35 vmax=7730 vacc=6239 vrej=0 seq=0 elapsed=0 oled=3C
[   6608] STATUS mode=3 fault=none p60=-369 dp60=0 pwm=0 ball=101.28 vball=-34.04 bref=-50.00 pid=-28.4 integ=-0.0 vision=1 current=1 vframe=6703 vs=1 vage=45 vpage=45 vdt=35 vmax=7730 vacc=6239 vrej=0 seq=0 elapsed=0 oled=3C
[   6625] STATUS mode=3 fault=none p60=-369 dp60=0 pwm=0 ball=101.28 vball=-34.04 bref=-50.00 pid=-28.4 integ=-0.0 vision=1 current=1 vframe=6703 vs=1 vage=65 vpage=65 vdt=35 vmax=7730 vacc=6239 vrej=0 seq=0 elapsed=0 oled=3C
[   6656] STATUS mode=3 fault=none p60=-370 dp60=0 pwm=0 ball=101.28 vball=-34.04 bref=-50.00 pid=-28.4 integ=-0.0 vision=1 current=1 vframe=6703 vs=1 vage=85 vpage=85 vdt=35 vmax=7730 vacc=6239 vrej=0 seq=0 elapsed=0 oled=3C
[   6672] STATUS mode=3 fault=none p60=-372 dp60=-1 pwm=113 ball=100.22 vball=-28.15 bref=-50.00 pid=14.2 integ=-0.0 vision=1 current=1 vframe=6704 vs=1 vage=4 vpage=4 vdt=101 vmax=7730 vacc=6240 vrej=0 seq=0 elapsed=0 oled=3C
[   6688] STATUS mode=3 fault=none p60=-372 dp60=0 pwm=0 ball=100.22 vball=-28.15 bref=-50.00 pid=14.2 integ=-0.0 vision=1 current=1 vframe=6704 vs=1 vage=24 vpage=24 vdt=101 vmax=7730 vacc=6240 vrej=0 seq=0 elapsed=0 oled=3C
[   6703] STATUS mode=3 fault=none p60=-372 dp60=0 pwm=0 ball=90.71 vball=-97.81 bref=-50.00 pid=-140.0 integ=-0.0 vision=1 current=1 vframe=6705 vs=1 vage=13 vpage=13 vdt=31 vmax=7730 vacc=6241 vrej=0 seq=0 elapsed=0 oled=3C
[   6733] STATUS mode=3 fault=none p60=-372 dp60=0 pwm=0 ball=90.71 vball=-97.81 bref=-50.00 pid=-140.0 integ=-0.0 vision=1 current=1 vframe=6705 vs=1 vage=33 vpage=33 vdt=31 vmax=7730 vacc=6241 vrej=0 seq=0 elapsed=0 oled=3C
[   6750] STATUS mode=3 fault=none p60=-372 dp60=0 pwm=0 ball=87.24 vball=-98.14 bref=-50.00 pid=-140.0 integ=-0.0 vision=1 current=1 vframe=6706 vs=1 vage=18 vpage=18 vdt=35 vmax=7730 vacc=6242 vrej=0 seq=0 elapsed=0 oled=3C
[   6766] STATUS mode=3 fault=none p60=-372 dp60=0 pwm=-140 ball=87.24 vball=-98.14 bref=-50.00 pid=-140.0 integ=-0.0 vision=1 current=1 vframe=6706 vs=1 vage=38 vpage=38 vdt=35 vmax=7730 vacc=6242 vrej=0 seq=0 elapsed=0 oled=3C
[   6797] STATUS mode=3 fault=none p60=-375 dp60=-2 pwm=-140 ball=87.24 vball=-98.14 bref=-50.00 pid=-140.0 integ=-0.0 vision=1 current=1 vframe=6706 vs=1 vage=58 vpage=58 vdt=35 vmax=7730 vacc=6242 vrej=0 seq=0 elapsed=0 oled=3C
[   6813] STATUS mode=3 fault=none p60=-379 dp60=-1 pwm=0 ball=87.24 vball=-98.14 bref=-50.00 pid=-140.0 integ=-0.0 vision=1 current=1 vframe=6706 vs=1 vage=78 vpage=78 vdt=35 vmax=7730 vacc=6242 vrej=0 seq=0 elapsed=0 oled=3C
[   6828] STATUS mode=3 fault=none p60=-384 dp60=-1 pwm=0 ball=87.24 vball=-98.14 bref=-50.00 pid=-140.0 integ=-0.0 vision=1 current=1 vframe=6706 vs=1 vage=98 vpage=98 vdt=35 vmax=7730 vacc=6242 vrej=0 seq=0 elapsed=0 oled=3C
[   6844] STATUS mode=3 fault=none p60=-386 dp60=0 pwm=-140 ball=84.66 vball=-79.93 bref=-50.00 pid=-140.0 integ=-0.0 vision=1 current=1 vframe=6707 vs=1 vage=16 vpage=16 vdt=102 vmax=7730 vacc=6243 vrej=0 seq=0 elapsed=0 oled=3C
[   6875] STATUS mode=3 fault=none p60=-393 dp60=-2 pwm=0 ball=75.51 vball=-136.20 bref=-50.00 pid=-140.0 integ=-0.0 vision=1 current=1 vframe=6708 vs=1 vage=6 vpage=6 vdt=30 vmax=7730 vacc=6244 vrej=0 seq=0 elapsed=0 oled=3C
[   6891] STATUS mode=3 fault=none p60=-402 dp60=-3 pwm=-140 ball=75.51 vball=-136.20 bref=-50.00 pid=-140.0 integ=-0.0 vision=1 current=1 vframe=6708 vs=1 vage=26 vpage=26 vdt=30 vmax=7730 vacc=6244 vrej=0 seq=0 elapsed=0 oled=3C
[   6906] STATUS mode=3 fault=none p60=-413 dp60=-2 pwm=-140 ball=72.53 vball=-124.72 bref=-50.00 pid=-140.0 integ=-0.0 vision=1 current=1 vframe=6709 vs=1 vage=13 vpage=13 vdt=33 vmax=7730 vacc=6245 vrej=0 seq=0 elapsed=0 oled=3C
[   6938] STATUS mode=3 fault=none p60=-426 dp60=-4 pwm=-140 ball=72.53 vball=-124.72 bref=-50.00 pid=-140.0 integ=-0.0 vision=1 current=1 vframe=6709 vs=1 vage=33 vpage=33 vdt=33 vmax=7730 vacc=6245 vrej=0 seq=0 elapsed=0 oled=3C
[   6953] STATUS mode=3 fault=none p60=-439 dp60=-3 pwm=0 ball=72.53 vball=-124.72 bref=-50.00 pid=-140.0 integ=-0.0 vision=1 current=1 vframe=6709 vs=1 vage=53 vpage=53 vdt=33 vmax=7730 vacc=6245 vrej=0 seq=0 elapsed=0 oled=3C
[   6969] STATUS mode=3 fault=none p60=-449 dp60=-2 pwm=0 ball=72.53 vball=-124.72 bref=-50.00 pid=-140.0 integ=-0.0 vision=1 current=1 vframe=6709 vs=1 vage=73 vpage=73 vdt=33 vmax=7730 vacc=6245 vrej=0 seq=0 elapsed=0 oled=3C
[   6983] STATUS mode=3 fault=none p60=-456 dp60=-1 pwm=0 ball=72.53 vball=-124.72 bref=-50.00 pid=-140.0 integ=-0.0 vision=1 current=1 vframe=6709 vs=1 vage=93 vpage=93 vdt=33 vmax=7730 vacc=6245 vrej=0 seq=0 elapsed=0 oled=3C
[   7016] STATUS mode=3 fault=none p60=-461 dp60=-1 pwm=-140 ball=68.90 vball=-101.87 bref=-50.00 pid=-140.0 integ=-0.0 vision=1 current=1 vframe=6710 vs=1 vage=4 vpage=4 vdt=109 vmax=7730 vacc=6246 vrej=0 seq=0 elapsed=0 oled=3C
[   7031] STATUS mode=3 fault=none p60=-465 dp60=-1 pwm=-140 ball=68.90 vball=-101.87 bref=-50.00 pid=-140.0 integ=-0.0 vision=1 current=1 vframe=6710 vs=1 vage=24 vpage=24 vdt=109 vmax=7730 vacc=6246 vrej=0 seq=0 elapsed=0 oled=3C
[   7047] STATUS mode=3 fault=none p60=-474 dp60=-2 pwm=-140 ball=60.68 vball=-158.60 bref=-50.00 pid=-140.0 integ=-0.0 vision=1 current=1 vframe=6711 vs=1 vage=19 vpage=19 vdt=25 vmax=7730 vacc=6247 vrej=0 seq=0 elapsed=0 oled=3C
[   7078] STATUS mode=3 fault=none p60=-485 dp60=-3 pwm=-140 ball=57.21 vball=-145.24 bref=-50.00 pid=-140.0 integ=-0.0 vision=1 current=1 vframe=6712 vs=1 vage=6 vpage=6 vdt=33 vmax=7730 vacc=6248 vrej=0 seq=0 elapsed=0 oled=3C
[   7094] STATUS mode=3 fault=none p60=-497 dp60=-3 pwm=-140 ball=57.21 vball=-145.24 bref=-50.00 pid=-140.0 integ=-0.0 vision=1 current=1 vframe=6712 vs=1 vage=26 vpage=26 vdt=33 vmax=7730 vacc=6248 vrej=0 seq=0 elapsed=0 oled=3C
[   7108] STATUS mode=3 fault=none p60=-511 dp60=-4 pwm=0 ball=57.21 vball=-145.24 bref=-50.00 pid=-140.0 integ=-0.0 vision=1 current=1 vframe=6712 vs=1 vage=46 vpage=46 vdt=33 vmax=7730 vacc=6248 vrej=0 seq=0 elapsed=0 oled=3C
[   7125] STATUS mode=3 fault=none p60=-524 dp60=-3 pwm=0 ball=57.21 vball=-145.24 bref=-50.00 pid=-140.0 integ=-0.0 vision=1 current=1 vframe=6712 vs=1 vage=66 vpage=66 vdt=33 vmax=7730 vacc=6248 vrej=0 seq=0 elapsed=0 oled=3C
[   7156] STATUS mode=3 fault=none p60=-532 dp60=-2 pwm=0 ball=57.21 vball=-145.24 bref=-50.00 pid=-140.0 integ=-0.0 vision=1 current=1 vframe=6712 vs=1 vage=86 vpage=86 vdt=33 vmax=7730 vacc=6248 vrej=0 seq=0 elapsed=0 oled=3C
[   7172] STATUS mode=3 fault=none p60=-538 dp60=-1 pwm=-140 ball=53.23 vball=-118.78 bref=-50.00 pid=-140.0 integ=-0.0 vision=1 current=1 vframe=6713 vs=1 vage=5 vpage=5 vdt=101 vmax=7730 vacc=6249 vrej=0 seq=0 elapsed=0 oled=3C
[   7188] STATUS mode=3 fault=none p60=-545 dp60=-2 pwm=-140 ball=53.23 vball=-118.78 bref=-50.00 pid=-140.0 integ=-0.0 vision=1 current=1 vframe=6713 vs=1 vage=25 vpage=25 vdt=101 vmax=7730 vacc=6249 vrej=0 seq=0 elapsed=0 oled=3C
[   7203] STATUS mode=3 fault=none p60=-554 dp60=-2 pwm=-140 ball=47.40 vball=-131.95 bref=-50.00 pid=-140.0 integ=-0.0 vision=1 current=1 vframe=6714 vs=1 vage=11 vpage=11 vdt=34 vmax=7730 vacc=6250 vrej=0 seq=0 elapsed=0 oled=3C
[   7233] STATUS mode=3 fault=none p60=-566 dp60=-3 pwm=-140 ball=47.40 vball=-131.95 bref=-50.00 pid=-140.0 integ=-0.0 vision=1 current=1 vframe=6714 vs=1 vage=31 vpage=31 vdt=34 vmax=7730 vacc=6250 vrej=0 seq=0 elapsed=0 oled=3C
[   7250] STATUS mode=3 fault=none p60=-579 dp60=-4 pwm=-140 ball=44.70 vball=-120.06 bref=-50.00 pid=-140.0 integ=-0.0 vision=1 current=1 vframe=6715 vs=1 vage=19 vpage=19 vdt=32 vmax=7730 vacc=6251 vrej=0 seq=0 elapsed=0 oled=3C
[   7266] STATUS mode=3 fault=none p60=-592 dp60=-3 pwm=0 ball=44.70 vball=-120.06 bref=-50.00 pid=-140.0 integ=-0.0 vision=1 current=1 vframe=6715 vs=1 vage=39 vpage=39 vdt=32 vmax=7730 vacc=6251 vrej=0 seq=0 elapsed=0 oled=3C
[   7297] STATUS mode=3 fault=none p60=-605 dp60=-3 pwm=0 ball=44.70 vball=-120.06 bref=-50.00 pid=-140.0 integ=-0.0 vision=1 current=1 vframe=6715 vs=1 vage=59 vpage=59 vdt=32 vmax=7730 vacc=6251 vrej=0 seq=0 elapsed=0 oled=3C
[   7313] STATUS mode=3 fault=none p60=-614 dp60=-3 pwm=0 ball=44.70 vball=-120.06 bref=-50.00 pid=-140.0 integ=-0.0 vision=1 current=1 vframe=6715 vs=1 vage=79 vpage=79 vdt=32 vmax=7730 vacc=6251 vrej=0 seq=0 elapsed=0 oled=3C
[   7328] STATUS mode=3 fault=none p60=-619 dp60=-1 pwm=0 ball=44.70 vball=-120.06 bref=-50.00 pid=-140.0 integ=-0.0 vision=1 current=1 vframe=6715 vs=1 vage=99 vpage=99 vdt=32 vmax=7730 vacc=6251 vrej=0 seq=0 elapsed=0 oled=3C
[   7344] STATUS mode=3 fault=none p60=-623 dp60=-1 pwm=-140 ball=41.74 vball=-97.30 bref=-50.00 pid=-140.0 integ=-0.0 vision=1 current=1 vframe=6716 vs=1 vage=17 vpage=17 vdt=102 vmax=7730 vacc=6252 vrej=0 seq=0 elapsed=0 oled=3C
[   7375] STATUS mode=3 fault=none p60=-631 dp60=-2 pwm=0 ball=38.13 vball=-102.09 bref=-50.00 pid=-140.0 integ=-0.0 vision=1 current=1 vframe=6717 vs=1 vage=6 vpage=6 vdt=31 vmax=7730 vacc=6253 vrej=0 seq=0 elapsed=0 oled=3C
[   7391] STATUS mode=3 fault=none p60=-642 dp60=-3 pwm=-140 ball=38.13 vball=-102.09 bref=-50.00 pid=-140.0 integ=-0.0 vision=1 current=1 vframe=6717 vs=1 vage=26 vpage=26 vdt=31 vmax=7730 vacc=6253 vrej=0 seq=0 elapsed=0 oled=3C
[   7406] STATUS mode=3 fault=none p60=-654 dp60=-3 pwm=-140 ball=36.96 vball=-85.43 bref=-50.00 pid=-140.0 integ=-0.0 vision=1 current=1 vframe=6718 vs=1 vage=13 vpage=13 vdt=33 vmax=7730 vacc=6254 vrej=0 seq=0 elapsed=0 oled=3C
[   7438] STATUS mode=3 fault=none p60=-667 dp60=-3 pwm=-140 ball=36.96 vball=-85.43 bref=-50.00 pid=-140.0 integ=-0.0 vision=1 current=1 vframe=6718 vs=1 vage=33 vpage=33 vdt=33 vmax=7730 vacc=6254 vrej=0 seq=0 elapsed=0 oled=3C
[   7453] STATUS mode=3 fault=none p60=-682 dp60=-4 pwm=0 ball=36.96 vball=-85.43 bref=-50.00 pid=-140.0 integ=-0.0 vision=1 current=1 vframe=6718 vs=1 vage=53 vpage=53 vdt=33 vmax=7730 vacc=6254 vrej=0 seq=0 elapsed=0 oled=3C
[   7469] STATUS mode=3 fault=none p60=-693 dp60=-3 pwm=0 ball=36.96 vball=-85.43 bref=-50.00 pid=-140.0 integ=-0.0 vision=1 current=1 vframe=6718 vs=1 vage=73 vpage=73 vdt=33 vmax=7730 vacc=6254 vrej=0 seq=0 elapsed=0 oled=3C
[   7483] STATUS mode=3 fault=none p60=-700 dp60=-1 pwm=0 ball=36.96 vball=-85.43 bref=-50.00 pid=-140.0 integ=-0.0 vision=1 current=1 vframe=6718 vs=1 vage=93 vpage=93 vdt=33 vmax=7730 vacc=6254 vrej=0 seq=0 elapsed=0 oled=3C
[   7516] STATUS mode=3 fault=none p60=-706 dp60=-1 pwm=-140 ball=35.10 vball=-68.82 bref=-50.00 pid=-140.0 integ=-0.0 vision=1 current=1 vframe=6719 vs=1 vage=15 vpage=15 vdt=98 vmax=7730 vacc=6255 vrej=0 seq=0 elapsed=0 oled=3C
[   7531] STATUS mode=3 fault=none p60=-715 dp60=-3 pwm=0 ball=35.31 vball=-50.02 bref=-50.00 pid=-140.0 integ=-0.0 vision=1 current=1 vframe=6720 vs=1 vage=2 vpage=2 vdt=33 vmax=7730 vacc=6256 vrej=0 seq=0 elapsed=0 oled=3C
[   7547] STATUS mode=3 fault=none p60=-726 dp60=-3 pwm=-140 ball=35.31 vball=-50.02 bref=-50.00 pid=-140.0 integ=-0.0 vision=1 current=1 vframe=6720 vs=1 vage=22 vpage=22 vdt=33 vmax=7730 vacc=6256 vrej=0 seq=0 elapsed=0 oled=3C
[   7563] STATUS mode=3 fault=none p60=-739 dp60=-3 pwm=-140 ball=35.48 vball=-36.23 bref=-50.00 pid=-140.0 integ=-0.0 vision=1 current=1 vframe=6721 vs=1 vage=9 vpage=9 vdt=33 vmax=7730 vacc=6257 vrej=0 seq=0 elapsed=0 oled=3C
[   7594] STATUS mode=3 fault=none p60=-752 dp60=-3 pwm=-140 ball=35.48 vball=-36.23 bref=-50.00 pid=-140.0 integ=-0.0 vision=1 current=1 vframe=6721 vs=1 vage=29 vpage=29 vdt=33 vmax=7730 vacc=6257 vrej=0 seq=0 elapsed=0 oled=3C
[   7608] STATUS mode=3 fault=none p60=-767 dp60=-4 pwm=0 ball=35.48 vball=-36.23 bref=-50.00 pid=-140.0 integ=-0.0 vision=1 current=1 vframe=6721 vs=1 vage=49 vpage=49 vdt=33 vmax=7730 vacc=6257 vrej=0 seq=0 elapsed=0 oled=3C
[   7625] STATUS mode=3 fault=none p60=-777 dp60=-2 pwm=0 ball=35.48 vball=-36.23 bref=-50.00 pid=-140.0 integ=-0.0 vision=1 current=1 vframe=6721 vs=1 vage=69 vpage=69 vdt=33 vmax=7730 vacc=6257 vrej=0 seq=0 elapsed=0 oled=3C
[   7656] STATUS mode=3 fault=none p60=-785 dp60=-2 pwm=0 ball=35.48 vball=-36.23 bref=-50.00 pid=-140.0 integ=-0.0 vision=1 current=1 vframe=6721 vs=1 vage=89 vpage=89 vdt=33 vmax=7730 vacc=6257 vrej=0 seq=0 elapsed=0 oled=3C
[   7672] STATUS mode=3 fault=none p60=-789 dp60=-1 pwm=-127 ball=35.14 vball=-28.00 bref=-50.00 pid=-82.3 integ=-0.0 vision=1 current=1 vframe=6722 vs=1 vage=7 vpage=7 vdt=102 vmax=7730 vacc=6258 vrej=0 seq=0 elapsed=0 oled=3C
[   7688] STATUS mode=3 fault=none p60=-793 dp60=-1 pwm=-127 ball=35.14 vball=-28.00 bref=-50.00 pid=-82.3 integ=-0.0 vision=1 current=1 vframe=6722 vs=1 vage=27 vpage=27 vdt=102 vmax=7730 vacc=6258 vrej=0 seq=0 elapsed=0 oled=3C
[   7703] STATUS mode=3 fault=none p60=-799 dp60=-1 pwm=140 ball=
[   7703] >>> stop
[   7703] 40.07 vball=17.51 bref=-50.00 pid=140.0 integ=-0.0 vision=1 current=1 vframe=6723 vs=1 vage=15 vpage=15 vdt=32 vmax=7730 vacc=6259 vrej=0 seq=0 elapsed=0 oled=3C
[   7703] OK stopped
[   7733] STATUS mode=1 fault=none p60=-801 dp60=0 pwm=0 ball=40.07 vball=17.51 bref=-50.00 pid=140.0 integ=-0.0 vision=1 current=1 vframe=6723 vs=1 vage=35 vpage=35 vdt=32 vmax=7730 vacc=6259 vrej=0 seq=0 elapsed=0 oled=3C
[   7750] STATUS mode=1 fault=none p60=-800 dp60=0 pwm=0 ball=40.07 vball=17.51 bref=-50.00 pid=140.0 integ=-0.0 vision=1 current=1 vframe=6723 vs=1 vage=55 vpage=55 vdt=32 vmax=7730 vacc=6259 vrej=0 seq=0 elapsed=0 oled=3C
[   7766] STATUS mode=1 fault=none p60=-799 dp60=0 pwm=0 ball=40.07 vball=17.51 bref=-50.00 pid=140.0 integ=-0.0 vision=1 current=1 vframe=6723 vs=1 vage=75 vpage=75 vdt=32 vmax=7730 vacc=6259 vrej=0 seq=0 elapsed=0 oled=3C
[   7797] STATUS mode=1 fault=none p60=-798 dp60=0 pwm=0 ball=40.07 vball=17.51 bref=-50.00 pid=140.0 integ=-0.0 vision=1 current=1 vframe=6723 vs=1 vage=95 vpage=95 vdt=32 vmax=7730 vacc=6259 vrej=0 seq=0 elapsed=0 oled=3C
[   7813] STATUS mode=1 fault=none p60=-798 dp60=0 pwm=0 ball=42.53 vball=32.87 bref=-50.00 pid=140.0 integ=-0.0 vision=1 current=1 vframe=6725 vs=1 vage=2 vpage=2 vdt=7 vmax=7730 vacc=6261 vrej=0 seq=0 elapsed=0 oled=3C
[   7828] STATUS mode=1 fault=none p60=-798 dp60=0 pwm=0 ball=42.53 vball=32.87 bref=-50.00 pid=140.0 integ=-0.0 vision=1 current=1 vframe=6725 vs=1 vage=22 vpage=22 vdt=7 vmax=7730 vacc=6261 vrej=0 seq=0 elapsed=0 oled=3C
[   7844] STATUS mode=1 fault=none p60=-798 dp60=0 pwm=0 ball=49.57 vball=104.65 bref=-50.00 pid=140.0 integ=-0.0 vision=1 current=1 vframe=6726 vs=1 vage=20 vpage=20 vdt=22 vmax=7730 vacc=6262 vrej=0 seq=0 elapsed=0 oled=3C
[   7875] STATUS mode=1 fault=none p60=-798 dp60=0 pwm=0 ball=52.54 vball=101.69 bref=-50.00 pid=140.0 integ=-0.0 vision=1 current=1 vframe=6727 vs=1 vage=8 vpage=8 vdt=32 vmax=7730 vacc=6263 vrej=0 seq=0 elapsed=0 oled=3C
[   7891] STATUS mode=1 fault=none p60=-798 dp60=0 pwm=0 ball=52.54 vball=101.69 bref=-50.00 pid=140.0 integ=-0.0 vision=1 current=1 vframe=6727 vs=1 vage=28 vpage=28 vdt=32 vmax=7730 vacc=6263 vrej=0 seq=0 elapsed=0 oled=3C
[   7906] STATUS mode=1 fault=none p60=-798 dp60=0 pwm=0 ball=52.54 vball=101.69 bref=-50.00 pid=140.0 integ=-0.0 vision=1 current=1 vframe=6727 vs=1 vage=48 vpage=48 vdt=32 vmax=7730 vacc=6263 vrej=0 seq=0 elapsed=0 oled=3C
[   7922] STATUS mode=1 fault=none p60=-798 dp60=0 pwm=0 ball=52.54 vball=101.69 bref=-50.00 pid=140.0 integ=-0.0 vision=1 current=1 vframe=6727 vs=1 vage=68 vpage=68 vdt=32 vmax=7730 vacc=6263 vrej=0 seq=0 elapsed=0 oled=3C
[   7953] STATUS mode=1 fault=none p60=-798 dp60=0 pwm=0 ball=52.54 vball=101.69 bref=-50.00 pid=140.0 integ=-0.0 vision=1 current=1 vframe=6727 vs=1 vage=88 vpage=88 vdt=32 vmax=7730 vacc=6263 vrej=0 seq=0 elapsed=0 oled=3C
[   7969] STATUS mode=1 fault=none p60=-798 dp60=0 pwm=0 ball=57.52 vball=88.60 bref=-50.00 pid=140.0 integ=-0.0 vision=1 current=1 vframe=6728 vs=1 vage=7 vpage=7 vdt=101 vmax=7730 vacc=6264 vrej=0 seq=0 elapsed=0 oled=3C
[   7983] STATUS mode=1 fault=none p60=-798 dp60=0 pwm=0 ball=57.52 vball=88.60 bref=-50.00 pid=140.0 integ=-0.0 vision=1 current=1 vframe=6728 vs=1 vage=27 vpage=27 vdt=101 vmax=7730 vacc=6264 vrej=0 seq=0 elapsed=0 oled=3C
[   8016] STATUS mode=1 fault=none p60=-798 dp60=0 pwm=0 ball=68.34 vball=153.71 bref=-50.00 pid=140.0 integ=-0.0 vision=1 current=1 vframe=6729 vs=1 vage=16 vpage=16 vdt=31 vmax=7730 vacc=6265 vrej=0 seq=0 elapsed=0 oled=3C
[   8031] STATUS mode=1 fault=none p60=-798 dp60=0 pwm=0 ball=73.39 vball=152.41 bref=-50.00 pid=140.0 integ=-0.0 vision=1 current=1 vframe=6730 vs=1 vage=2 vpage=2 vdt=34 vmax=7730 vacc=6266 vrej=0 seq=0 elapsed=0 oled=3C
[   8047] STATUS mode=1 fault=none p60=-798 dp60=0 pwm=0 ball=73.39 vball=152.41 bref=-50.00 pid=140.0 integ=-0.0 vision=1 current=1 vframe=6730 vs=1 vage=22 vpage=22 vdt=34 vmax=7730 vacc=6266 vrej=0 seq=0 elapsed=0 oled=3C
[   8063] STATUS mode=1 fault=none p60=-798 dp60=0 pwm=0 ball=73.39 vball=152.41 bref=-50.00 pid=140.0 integ=-0.0 vision=1 current=1 vframe=6730 vs=1 vage=42 vpage=42 vdt=34 vmax=7730 vacc=6266 vrej=0 seq=0 elapsed=0 oled=3C
[   8094] STATUS mode=1 fault=none p60=-798 dp60=0 pwm=0 ball=73.39 vball=152.41 bref=-50.00 pid=140.0 integ=-0.0 vision=1 current=1 vframe=6730 vs=1 vage=62 vpage=62 vdt=34 vmax=7730 vacc=6266 vrej=0 seq=0 elapsed=0 oled=3C
[   8108] STATUS mode=1 fault=none p60=-798 dp60=0 pwm=0 ball=73.39 vball=152.41 bref=-50.00 pid=140.0 integ=-0.0 vision=1 current=1 vframe=6730 vs=1 vage=82 vpage=82 vdt=34 vmax=7730 vacc=6266 vrej=0 seq=0 elapsed=0 oled=3C
[   8125] STATUS mode=1 fault=none p60=-798 dp60=0 pwm=0 ball=79.59 vball=129.81 bref=-50.00 pid=140.0 integ=-0.0 vision=1 current=1 vframe=6731 vs=1 vage=2 vpage=2 vdt=100 vmax=7730 vacc=6267 vrej=0 seq=0 elapsed=0 oled=3C
[   8156] STATUS mode=1 fault=none p60=-798 dp60=0 pwm=0 ball=79.59 vball=129.81 bref=-50.00 pid=140.0 integ=-0.0 vision=1 current=1 vframe=6731 vs=1 vage=22 vpage=22 vdt=100 vmax=7730 vacc=6267 vrej=0 seq=0 elapsed=0 oled=3C
[   8172] STATUS mode=1 fault=none p60=-798 dp60=0 pwm=0 ball=79.59 vball=129.81 bref=-50.00 pid=140.0 integ=-0.0 vision=1 current=0 vframe=6732 vs=0 vage=42 vpage=13 vdt=100 vmax=7730 vacc=6267 vrej=0 seq=0 elapsed=0 oled=3C
[   8188] STATUS mode=1 fault=none p60=-798 dp60=0 pwm=0 ball=79.59 vball=129.81 bref=-50.00 pid=140.0 integ=-0.0 vision=1 current=0 vframe=6732 vs=0 vage=62 vpage=33 vdt=100 vmax=7730 vacc=6267 vrej=0 seq=0 elapsed=0 oled=3C
[   8203] STATUS mode=1 fault=none p60=-798 dp60=0 pwm=0 ball=79.59 vball=129.81 bref=-50.00 pid=140.0 integ=-0.0 vision=1 current=0 vframe=6732 vs=0 vage=82 vpage=53 vdt=100 vmax=7730 vacc=6267 vrej=0 seq=0 elapsed=0 oled=3C
[   8233] STATUS mode=1 fault=none p60=-798 dp60=0 pwm=0 ball=79.59 vball=129.81 bref=-50.00 pid=140.0 integ=-0.0 vision=1 current=0 vframe=6732 vs=0 vage=102 vpage=73 vdt=100 vmax=7730 vacc=6267 vrej=0 seq=0 elapsed=0 oled=3C
[   8250] STATUS mode=1 fault=none p60=-798 dp60=0 pwm=0 ball=79.59 vball=129.81 bref=-50.00 pid=140.0 integ=-0.0 vision=1 current=0 vframe=6732 vs=0 vage=122 vpage=93 vdt=100 vmax=7730 vacc=6267 vrej=0 seq=0 elapsed=0 oled=3C
[   8266] STATUS mode=1 fault=none p60=-798 dp60=0 pwm=0 ball=79.59 vball=129.81 bref=-50.00 pid=140.0 integ=-0.0 vision=1 current=0 vframe=6732 vs=0 vage=142 vpage=113 vdt=100 vmax=7730 vacc=6267 vrej=0 seq=0 elapsed=0 oled=3C
[   8297] STATUS mode=1 fault=none p60=-798 dp60=0 pwm=0 ball=103.58 vball=379.41 bref=-50.00 pid=140.0 integ=-0.0 vision=1 current=1 vframe=6734 vs=1 vage=10 vpage=10 vdt=7 vmax=7730 vacc=6269 vrej=0 seq=0 elapsed=0 oled=3C
[   8313] STATUS mode=1 fault=none p60=-798 dp60=0 pwm=0 ball=103.58 vball=379.41 bref=-50.00 pid=140.0 integ=-0.0 vision=1 current=1 vframe=6734 vs=1 vage=30 vpage=3
[   8313] >>> status
[   8313] 0 vdt=7 vmax=7730 vacc=6269 vrej=0 seq=0 elapsed=0 oled=3C
[   8328] STATUS mode=1 fault=none p60=-798 dp60=0 pwm=0 ball=117.27 vball=391.51 bref=-50.00 pid=140.0 integ=-0.0 vision=1 current=1 vframe=6735 vs=1 vage=12 vpage=12 vdt=32 vmax=7730 vacc=6270 vrej=0 seq=0 elapsed=0 oled=3C
[   8344] STATUS mode=1 fault=none p60=-798 dp60=0 pwm=0 ball=117.27 vball=391.51 bref=-50.00 pid=140.0 integ=-0.0 vision=1 current=1 vframe=6735 vs=1 vage=18 vpage=18 vdt=32 vmax=7730 vacc=6270 vrej=0 seq=0 elapsed=0 oled=3C
[   8358] STATUS mode=1 fault=none p60=-798 dp60=0 pwm=0 ball=116.49 vball=287.90 bref=-50.00 pid=140.0 integ=-0.0 vision=1 current=1 vframe=6736 vs=1 vage=4 vpage=4 vdt=34 vmax=7730 vacc=6271 vrej=0 seq=0 elapsed=0 oled=3C
[   8391] STATUS mode=1 fault=none p60=-798 dp60=0 pwm=0 ball=116.49 vball=287.90 bref=-50.00 pid=140.0 integ=-0.0 vision=1 current=1 vframe=6736 vs=1 vage=24 vpage=24 vdt=34 vmax=7730 vacc=6271 vrej=0 seq=0 elapsed=0 oled=3C
[   8406] STATUS mode=1 fault=none p60=-798 dp60=0 pwm=0 ball=116.49 vball=287.90 bref=-50.00 pid=140.0 integ=-0.0 vision=1 current=1 vframe=6736 vs=1 vage=44 vpage=44 vdt=34 vmax=7730 vacc=6271 vrej=0 seq=0 elapsed=0 oled=3C
[   8422] STATUS mode=1 fault=none p60=-798 dp60=0 pwm=0 ball=116.49 vball=287.90 bref=-50.00 pid=140.0 integ=-0.0 vision=1 current=1 vframe=6736 vs=1 vage=64 vpage=64 vdt=34 vmax=7730 vacc=6271 vrej=0 seq=0 elapsed=0 oled=3C
[   8438] STATUS mode=1 fault=none p60=-798 dp60=0 pwm=0 ball=116.49 vball=287.90 bref=-50.00 pid=140.0 integ=-0.0 vision=1 current=1 vframe=6736 vs=1 vage=84 vpage=84 vdt=34 vmax=7730 vacc=6271 vrej=0 seq=0 elapsed=0 oled=3C
[   8453] STATUS mode=1 fault=none p60=-798 dp60=0 pwm=0 ball=116.84 vball=216.82 bref=-50.00 pid=140.0 integ=-0.0 vision=1 current=1 vframe=6737 vs=1 vage=6 vpage=6 vdt=98 vmax=7730 vacc=6272 vrej=0 seq=0 elapsed=0 oled=3C
[   8483] STATUS mode=1 fault=none p60=-798 dp60=0 pwm=0 ball=111.30 vball=96.66 bref=-50.00 pid=140.0 integ=-0.0 vision=1 current=1 vframe=6738 vs=1 vage=5 vpage=5 vdt=21 vmax=7730 vacc=6273 vrej=0 seq=0 elapsed=0 oled=3C
[   8500] STATUS mode=1 fault=none p60=-798 dp60=0 pwm=0 ball=111.30 vball=96.66 bref=-50.00 pid=140.0 integ=-0.0 vision=1 current=1 vframe=6738 vs=1 vage=25 vpage=25 vdt=21 vmax=7730 vacc=6273 vrej=0 seq=0 elapsed=0 oled=3C
[   8516] STATUS mode=1 fault=none p60=-798 dp60=0 pwm=0 ball=110.14 vball=62.83 bref=-50.00 pid=140.0 integ=-0.0 vision=1 current=1 vframe=6739 vs=1 vage=15 vpage=15 vdt=30 vmax=7730 vacc=6274 vrej=0 seq=0 elapsed=0 oled=3C
[   8531] STATUS mode=1 fault=none p60=-798 dp60=0 pwm=0 ball=110.14 vball=62.83 bref=-50.00 pid=140.0 integ=-0.0 vision=1 current=1 vframe=6739 vs=1 vage=35 vpage=35 vdt=30 vmax=7730 vacc=6274 vrej=0 seq=0 elapsed=0 oled=3C
[   8547] STATUS mode=1 fault=none p60=-798 dp60=0 pwm=0 ball=110.14 vball=62.83 bref=-50.00 pid=140.0 integ=-0.0 vision=1 current=1 vframe=6739 vs=1 vage=55 vpage=55 vdt=30 vmax=7730 vacc=6274 vrej=0 seq=0 elapsed=0 oled=3C
[   8578] STATUS mode=1 fault=none p60=-798 dp60=0 pwm=0 ball=110.14 vball=62.83 bref=-50.00 pid=140.0 integ=-0.0 vision=1 current=1 vframe=6739 vs=1 vage=75 vpage=75 vdt=30 vmax=7730 vacc=6274 vrej=0 seq=0 elapsed=0 oled=3C
[   8594] STATUS mode=1 fault=none p60=-798 dp60=0 pwm=0 ball=110.14 vball=62.83 bref=-50.00 pid=140.0 integ=-0.0 vision=1 current=1 vframe=6739 vs=1 vage=95 vpage=95 vdt=30 vmax=7730 vacc=6274 vrej=0 seq=0 elapsed=0 oled=3C
[   8608] STATUS mode=1 fault=none p60=-798 dp60=0 pwm=0 ball=111.21 vball=49.94 bref=-50.00 pid=140.0 integ=-0.0 vision=1 current=1 vframe=6740 vs=1 vage=20 vpage=20 vdt=95 vmax=7730 vacc=6275 vrej=0 seq=0 elapsed=0 oled=3C
[   8625] STATUS mode=1 fault=none p60=-798 dp60=0 pwm=0 ball=110.20 vball=25.98 bref=-50.00 pid=140.0 integ=-0.0 vision=1 current=1 vframe=6741 vs=1 vage=18 vpage=18 vdt=22 vmax=7730 vacc=6276 vrej=0 seq=0 elapsed=0 oled=3C
[   8656] STATUS mode=1 fault=none p60=-798 dp60=0 pwm=0 ball=111.22 vball=26.98 bref=-50.00 pid=140.0 integ=-0.0 vision=1 current=1 vframe=6742 vs=1 vage=4 vpage=4 vdt=34 vmax=7730 vacc=6277 vrej=0 seq=0 elapsed=0 oled=3C
[   8672] STATUS mode=1 fault=none p60=-798 dp60=0 pwm=0 ball=111.22 vball=26.98 bref=-50.00 pid=140.0 integ=-0.0 vision=1 current=1 vframe=6742 vs=1 vage=24 vpage=24 vdt=34 vmax=7730 vacc=6277 vrej=0 seq=0 elapsed=0 oled=3C
[   8688] STATUS mode=1 fault=none p60=-798 dp60=0 pwm=0 ball=111.22 vball=26.98 bref=-50.00 pid=140.0 integ=-0.0 vision=1 current=1 vframe=6742 vs=1 vage=44 vpage=44 vdt=34 vmax=7730 vacc=6277 vrej=0 seq=0 elapsed=0 oled=3C
[   8703] STATUS mode=1 fault=none p60=-798 dp60=0 pwm=0 ball=111.22 vball=26.98 bref=-50.00 pid=140.0 integ=-0.0 vision=1 current=1 vframe=6742 vs=1 vage=64 vpage=64 vdt=34 vmax=7730 vacc=6277 vrej=0 seq=0 elapsed=0 oled=3C
[   8733] STATUS mode=1 fault=none p60=-798 dp60=0 pwm=0 ball=111.22 vball=26.98 bref=-50.00 pid=140.0 integ=-0.0 vision=1 current=1 vframe=6742 vs=1 vage=84 vpage=84 vdt=34 vmax=7730 vacc=6277 vrej=0 seq=0 elapsed=0 oled=3C
[   8750] STATUS mode=1 fault=none p60=-798 dp60=0 pwm=0 ball=113.75 vball=26.62 bref=-50.00 pid=140.0 integ=-0.0 vision=1 current=1 vframe=6743 vs=1 vage=5 vpage=5 vdt=99 vmax=7730 vacc=6278 vrej=0 seq=0 elapsed=0 oled=3C
[   8766] STATUS mode=1 fault=none p60=-798 dp60=0 pwm=0 ball=113.75 vball=26.62 bref=-50.00 pid=140.0 integ=-0.0 vision=1 current=1 vframe=6743 vs=1 vage=25 vpage=25 vdt=99 vmax=7730 vacc=6278 vrej=0 seq=0 elapsed=0 oled=3C
[   8797] STATUS mode=1 fault=none p60=-798 dp60=0 pwm=0 ball=117.16 vball=45.04 bref=-50.00 pid=140.0 integ=-0.0 vision=1 current=1 vframe=6744 vs=1 vage=11 vpage=11 vdt=34 vmax=7730 vacc=6279 vrej=0 seq=0 elapsed=0 oled=3C
[   8813] STATUS mode=1 fault=none p60=-798 dp60=0 pwm=0 ball=117.16 vball=45.04 bref=-50.00 pid=140.0 integ=-0.0 vision=1 current=1 vframe=6744 vs=1 vage=31 vpage=31 vdt=34 vmax=7730 vacc=6279 vrej=0 seq=0 elapsed=0 oled=3C
[   8828] STATUS mode=1 fault=none p60=-798 dp60=0 pwm=0 ball=117.16 vball=45.04 bref=-50.00 pid=140.0 integ=-0.0 vision=1 current=1 vframe=6744 vs=1 vage=51 vpage=51 vdt=34 vmax=7730 vacc=6279 vrej=0 seq=0 elapsed=0 oled=3C
[   8844] STATUS mode=1 fault=none p60=-798 dp60=0 pwm=0 ball=117.16 vball=45.04 bref=-50.00 pid=140.0 integ=-0.0 vision=1 current=1 vframe=6744 vs=1 vage=71 vpage=71 vdt=34 vmax=7730 vacc=6279 vrej=0 seq=0 elapsed=0 oled=3C
[   8875] STATUS mode=1 fault=none p60=-798 dp60=0 pwm=0 ball=117.16 vball=45.04 bref=-50.00 pid=140.0 integ=-0.0 vision=1 current=1 vframe=6744 vs=1 vage=91 vpage=91 vdt=34 vmax=7730 vacc=6279 vrej=0 seq=0 elapsed=0 oled=3C
[   8891] STATUS mode=1 fault=none p60=-798 dp60=0 pwm=0 ball=117.16 vball=45.04 bref=-50.00 pid=140.0 integ=-0.0 vision=1 current=1 vframe=6744 vs=1 vage=111 vpage=111 vdt=34 vmax=7730 vacc=6279 vrej=0 seq=0 elapsed=0 oled=3C
[   8906] STATUS mode=1 fault=none p60=-798 dp60=0 pwm=0 ball=120.74 vball=86.05 bref=-50.00 pid=140.0 integ=-0.0 vision=1 current=1 vframe=6746 vs=1 vage=9 vpage=9 vdt=7 vmax=7730 vacc=6281 vrej=0 seq=0 elapsed=0 oled=3C
[   8922] STATUS mode=1 fault=none p60=-798 dp60=
[   8922] >>> stream off
[   8922] 0 pwm=0 ball=120.56 vball=62.87 bref=-50.00 pid=140.0 integ=-0.0 vision=1 current=1 vframe=6747 vs=1 vage=2 vpage=2 vdt=27 vmax=7730 vacc=6282 vrej=0 seq=0 elapsed=0 oled=3C
[   8938] OK stream off
