[      0] >>> bench on
[      0] OK stepper visual-only bench active; use zero before tests
[    188] >>> clear
[    188] OK fault cleared
[    375] >>> diag reset
[    375] OK actuator diagnostics reset
[    563] >>> gain ball 2.5 1.0 5.0 -1
[    563] OK ball gains kp=2.500 ki=1.000 kd=5.000 sign=-1
[    750] >>> gain accel 0.0
[    750] OK ball acceleration gain ka=0.000
[    938] >>> limit rate 1500
[    938] OK ball rate limit=1500 steps/s
[   1125] >>> stream on 20
[   1125] OK stream on 20 ms
[   1156] STATUS mode=1 fault=none enc=232 denc=0 sreq=0 sapplied=0 crate=0 uimp=0 upos=0 uneg=0 ball=9.69 vball=0.06 aball=0.0 bref=0.00 pid=0.0 pref=0.0 ppos=0.0 apid=0.0 integ=0.0 vision=1 current=1 vframe=2144 vs=1 vage=39 vpage=39 vdt=33 vmax=255 vacc=2085 vrej=0 seq=0 elapsed=0 oled=3C
[   1188] STATUS mode=1 fault=none enc=232 denc=0 sreq=0 sapplied=0 crate=0 uimp=0 upos=0 uneg=0 ball=9.69 vball=0.06 aball=0.0 bref=0.00 pid=0.0 pref=0.0 ppos=0.0 apid=0.0 integ=0.0 vision=1 current=1 vframe=2144 vs=1 vage=59 vpage=59 vdt=33 vmax=255 vacc=2085 vrej=0 seq=0 elapsed=0 oled=3C
[   1219] STATUS mode=1 fault=none enc=232 denc=0 sreq=0 sapplied=0 crate=0 uimp=0 upos=0 uneg=0 ball=9.69 vball=0.06 aball=0.0 bref=0.00 pid=0.0 pref=0.0 ppos=0.0 apid=0.0 integ=0.0 vision=1 current=1 vframe=2144 vs=1 vage=79 vpage=79 vdt=33 vmax=255 vacc=2085 vrej=0 seq=0 elapsed=0 oled=3C
[   1233] STATUS mode=1 fault=none enc=232 denc=0 sreq=0 sapplied=0 crate=0 uimp=0 upos=0 uneg=0 ball=9.69 vball=0.03 aball=0.0 bref=0.00 pid=0.0 pref=0.0 ppos=0.0 apid=0.0 integ=0.0 vision=1 current=1 vframe=2145 vs=1 vage=4 vpage=4 vdt=95 vmax=255 vacc=2086 vrej=0 seq=0 elapsed=0 oled=3C
[   1266] STATUS mode=1 fault=none enc=232 denc=0 sreq=0 sapplied=0 crate=0 uimp=0 upos=0 uneg=0 ball=9.69 vball=0.03 aball=0.0 bref=0.00 pid=0.0 pref=0.0 ppos=0.0 apid=0.0 integ=0.0 vision=1 current=1 vframe=2145 vs=1 vage=24 vpage=24 vdt=95 vmax=255 vacc=2086 vrej=0 seq=0 elapsed=0 oled=3C
[   1281] STATUS mode=1 fault=none enc=232 denc=0 sreq=0 sapplied=0 crate=0 uimp=0 upos=0 uneg=0 ball=9.66 vball=-0.67 aball=0.0 bref=0.00 pid=0.0 pref=0.0 ppos=0.0 apid=0.0 integ=0.0 vision=1 current=1 vframe=2146 vs=1 vage=27 vpage=27 vdt=37 vmax=255 vacc=2087 vrej=0 seq=0 elapsed=0 oled=3C
[   1313] STATUS mode=1 fault=none enc=232 denc=0 sreq=0 sapplied=0 crate=0 uimp=0 upos=0 uneg=0 ball=9.66 vball=-0.67 aball=0.0 bref=0.00 pid=0.0 pref=0.0 ppos=0.0 apid=0.0 integ=0.0 vision=1 current=1 vframe=2146 vs=1 vage=47 vpage=47 vdt=37 vmax=255 vacc=2087 vrej=0 seq=0 elapsed=0 oled=3C
[   1313] >>> ball -50.0
[   1344] STATUS mode=1 fault=none enc=232 denc=0 sreq=0 sapplied=0 crate=0 uimp=0 upos=0 uneg=0 ball=9.66 vball=-0.67 aball=0.0 bref=0.00 pid=0.0 pref=0.0 ppos=0.0 apid=0.0 integ=0.0 vision=1 current=1 vframe=2146 vs=1 vage=67 vpage=67 vdt=37 vmax=255 vacc=2087 vrej=0 seq=0 elapsed=0 oled=3C
[   1358] STATUS mode=3 fault=none enc=239 denc=7 sreq=100 sapplied=0 crate=100 uimp=0 upos=0 uneg=0 ball=9.66 vball=-0.67 aball=0.0 bref=-50.00 pid=1458.0 pref=145.8 ppos=0.0 apid=0.0 integ=-0.0 vision=1 current=1 vframe=2146 vs=1 vage=87 vpage=87 vdt=37 vmax=255 vacc=2087 vrej=0 seq=0 elapsed=0 oled=3C
[   1391] STATUS mode=3 fault=none enc=260 denc=5 sreq=900 sapplied=900 crate=900 uimp=17500 upos=35 uneg=0 ball=9.65 vball=-0.26 aball=1.5 bref=-50.00 pid=1368.9 pref=154.4 ppos=17.5 apid=0.0 integ=6.6 vision=1 current=1 vframe=2148 vs=1 vage=14 vpage=14 vdt=10 vmax=255 vacc=2089 vrej=0 seq=0 elapsed=0 oled=3C
[   1422] STATUS mode=3 fault=none enc=288 denc=8 sreq=1186 sapplied=1186 crate=1186 uimp=38500 upos=55 uneg=0 ball=9.66 vball=0.03 aball=1.5 bref=-50.00 pid=1185.6 pref=157.1 ppos=38.5 apid=0.0 integ=7.8 vision=1 current=1 vframe=2149 vs=1 vage=14 vpage=14 vdt=20 vmax=255 vacc=2090 vrej=0 seq=0 elapsed=0 oled=3C
[   1438] STATUS mode=3 fault=none enc=316 denc=7 sreq=966 sapplied=966 crate=966 uimp=60490 upos=75 uneg=0 ball=9.66 vball=0.03 aball=1.5 bref=-50.00 pid=965.7 pref=157.1 ppos=60.5 apid=0.0 integ=7.8 vision=1 current=1 vframe=2150 vs=1 vage=1 vpage=1 vdt=33 vmax=255 vacc=2091 vrej=0 seq=0 elapsed=0 oled=3C
[   1469] STATUS mode=3 fault=none enc=358 denc=4 sreq=654 sapplied=654 crate=654 uimp=93585 upos=115 uneg=0 ball=9.66 vball=0.03 aball=1.5 bref=-50.00 pid=654.4 pref=159.0 ppos=93.6 apid=0.0 integ=9.7 vision=1 current=1 vframe=2150 vs=1 vage=41 vpage=41 vdt=33 vmax=255 vacc=2091 vrej=0 seq=0 elapsed=0 oled=3C
[   1500] STATUS mode=3 fault=none enc=374 denc=4 sreq=533 sapplied=533 crate=533 uimp=105725 upos=135 uneg=0 ball=9.66 vball=0.03 aball=1.5 bref=-50.00 pid=533.0 pref=159.0 ppos=105.7 apid=0.0 integ=9.7 vision=1 current=1 vframe=2150 vs=1 vage=61 vpage=61 vdt=33 vmax=255 vacc=2091 vrej=0 seq=0 elapsed=0 oled=3C
[   1516] STATUS mode=3 fault=none enc=386 denc=3 sreq=434 sapplied=434 crate=434 uimp=115610 upos=155 uneg=0 ball=9.66 vball=0.03 aball=1.5 bref=-50.00 pid=434.1 pref=159.0 ppos=115.6 apid=0.0 integ=9.7 vision=1 current=1 vframe=2150 vs=1 vage=81 vpage=81 vdt=33 vmax=255 vacc=2091 vrej=0 seq=0 elapsed=0 oled=3C
[   1547] STATUS mode=3 fault=none enc=405 denc=2 sreq=326 sapplied=326 crate=326 uimp=130850 upos=195 uneg=0 ball=9.59 vball=-0.24 aball=1.1 bref=-50.00 pid=326.1 pref=163.5 ppos=130.8 apid=0.0 integ=15.7 vision=1 current=1 vframe=2151 vs=1 vage=19 vpage=19 vdt=102 vmax=255 vacc=2092 vrej=0 seq=0 elapsed=0 oled=3C
[   1578] STATUS mode=3 fault=none enc=413 denc=2 sreq=180 sapplied=180 crate=180 uimp=136900 upos=215 uneg=0 ball=9.23 vball=-5.59 aball=1.1 bref=-50.00 pid=-10.9 pref=135.8 ppos=136.9 apid=0.0 integ=15.7 vision=1 current=1 vframe=2152 vs=1 vage=8 vpage=8 vdt=31 vmax=255 vacc=2093 vrej=0 seq=0 elapsed=0 oled=3C
[   1594] STATUS mode=3 fault=none enc=415 denc=-1 sreq=-23 sapplied=-23 crate=-23 uimp=138080 upos=225 uneg=5 ball=9.23 vball=-5.59 aball=1.1 bref=-50.00 pid=-22.7 pref=135.8 ppos=138.1 apid=0.0 integ=15.7 vision=1 current=1 vframe=2152 vs=1 vage=28 vpage=28 vdt=31 vmax=255 vacc=2093 vrej=0 seq=0 elapsed=0 oled=3C
[   1625] STATUS mode=3 fault=none enc=415 denc=0 sreq=0 sapplied=0 crate=-19 uimp=137755 upos=225 uneg=20 ball=9.23 vball=-5.59 aball=1.1 bref=-50.00 pid=-19.5 pref=135.8 ppos=137.8 apid=0.0 integ=15.7 vision=1 current=0 vframe=2153 vs=0 vage=68 vpage=37 vdt=31 vmax=255 vacc=2093 vrej=0 seq=0 elapsed=0 oled=3C
[   1656] STATUS mode=3 fault=none enc=415 denc=0 sreq=0 sapplied=0 crate=-19 uimp=137755 upos=225 uneg=20 ball=9.23 vball=-5.59 aball=1.1 bref=-50.00 pid=-19.5 pref=135.8 ppos=137.8 apid=0.0 integ=15.7 vision=1 current=0 vframe=2153 vs=0 vage=88 vpage=57 vdt=31 vmax=255 vacc=2093 vrej=0 seq=0 elapsed=0 oled=3C
[   1688] STATUS mode=3 fault=none enc=415 denc=0 sreq=0 sapplied=0 crate=-19 uimp=137755 upos=225 uneg=20 ball=9.23 vball=-5.59 aball=1.1 bref=-50.00 pid=-19.5 pref=135.8 ppos=137.8 apid=0.0 integ=15.7 vision=1 current=0 vframe=2153 vs=0 vage=108 vpage=77 vdt=31 vmax=255 vacc=2093 vrej=0 seq=0 elapsed=0 oled=3C
[   1703] STATUS mode=3 fault=none enc=415 denc=0 sreq=0 sapplied=0 crate=-19 uimp=137755 upos=225 uneg=20 ball=9.23 vball=-5.59 aball=1.1 bref=-50.00 pid=-19.5 pref=135.8 ppos=137.8 apid=0.0 integ=15.7 vision=1 current=0 vframe=2154 vs=0 vage=148 vpage=20 vdt=31 vmax=255 vacc=2093 vrej=0 seq=0 elapsed=0 oled=3C
[   1733] STATUS mode=3 fault=none enc=415 denc=0 sreq=0 sapplied=0 crate=0 uimp=137755 upos=225 uneg=20 ball=9.23 vball=-5.59 aball=1.1 bref=-50.00 pid=-19.5 pref=137.8 ppos=137.8 apid=0.0 integ=15.7 vision=1 current=0 vframe=2155 vs=0 vage=168 vpage=20 vdt=31 vmax=255 vacc=2093 vrej=0 seq=0 elapsed=0 oled=3C
[   1766] STATUS mode=3 fault=none enc=415 denc=0 sreq=0 sapplied=0 crate=0 uimp=137755 upos=225 uneg=20 ball=9.23 vball=-5.59 aball=1.1 bref=-50.00 pid=-19.5 pref=137.8 ppos=137.8 apid=0.0 integ=15.7 vision=1 current=0 vframe=2156 vs=0 vage=188 vpage=6 vdt=31 vmax=255 vacc=2093 vrej=0 seq=0 elapsed=0 oled=3C
[   1781] STATUS mode=3 fault=none enc=415 denc=0 sreq=0 sapplied=0 crate=0 uimp=137755 upos=225 uneg=20 ball=9.23 vball=-5.59 aball=1.1 bref=-50.00 pid=-19.5 pref=137.8 ppos=137.8 apid=0.0 integ=15.7 vision=1 current=0 vframe=2156 vs=0 vage=208 vpage=26 vdt=31 vmax=255 vacc=2093 vrej=0 seq=0 elapsed=0 oled=3C
[   1813] STATUS mode=3 fault=none enc=415 denc=0 sreq=0 sapplied=0 crate=0 uimp=137755 upos=225 uneg=20 ball=9.23 vball=-5.59 aball=1.1 bref=-50.00 pid=-19.5 pref=137.8 ppos=137.8 apid=0.0 integ=15.7 vision=1 current=0 vframe=2156 vs=0 vage=248 vpage=66 vdt=31 vmax=255 vacc=2093 vrej=0 seq=0 elapsed=0 oled=3C
[   1844] STATUS mode=3 fault=none enc=415 denc=0 sreq=0 sapplied=0 crate=0 uimp=137755 upos=225 uneg=20 ball=9.23 vball=-5.59 aball=1.1 bref=-50.00 pid=-19.5 pref=137.8 ppos=137.8 apid=0.0 integ=15.7 vision=1 current=0 vframe=2156 vs=0 vage=268 vpage=86 vdt=31 vmax=255 vacc=2093 vrej=0 seq=0 elapsed=0 oled=3C
[   1858] STATUS mode=3 fault=none enc=415 denc=0 sreq=0 sapplied=0 crate=0 uimp=137755 upos=225 uneg=20 ball=9.23 vball=-5.59 aball=1.1 bref=-50.00 pid=-19.5 pref=137.8 ppos=137.8 apid=0.0 integ=15.7 vision=1 current=0 vframe=2157 vs=0 vage=288 vpage=11 vdt=31 vmax=255 vacc=2093 vrej=0 seq=0 elapsed=0 oled=3C
[   1891] STATUS mode=3 fault=none enc=415 denc=0 sreq=0 sapplied=0 crate=0 uimp=137755 upos=225 uneg=20 ball=9.23 vball=-5.59 aball=1.1 bref=-50.00 pid=-19.5 pref=137.8 ppos=137.8 apid=0.0 integ=15.7 vision=1 current=0 vframe=2158 vs=0 vage=328 vpage=29 vdt=31 vmax=255 vacc=2093 vrej=0 seq=0 elapsed=0 oled=3C
[   1922] STATUS mode=3 fault=none enc=415 denc=0 sreq=0 sapplied=0 crate=0 uimp=137755 upos=225 uneg=20 ball=9.23 vball=-5.59 aball=1.1 bref=-50.00 pid=-19.5 pref=137.8 ppos=137.8 apid=0.0 integ=15.7 vision=1 current=0 vframe=2159 vs=0 vage=348 vpage=17 vdt=31 vmax=255 vacc=2093 vrej=0 seq=0 elapsed=0 oled=3C
[   1938] STATUS mode=3 fault=none enc=415 denc=0 sreq=0 sapplied=0 crate=0 uimp=137755 upos=225 uneg=20 ball=9.23 vball=-5.59 aball=1.1 bref=-50.00 pid=-19.5 pref=137.8 ppos=137.8 apid=0.0 integ=15.7 vision=1 current=0 vframe=2159 vs=0 vage=368 vpage=37 vdt=31 vmax=255 vacc=2093 vrej=0 seq=0 elapsed=0 oled=3C
[   1938] >>> stop
[   1969] STATUS mode=3 fault=none enc=415 denc=0 sreq=0 sapplied=0 crate=0 uimp=137755 upos=225 uneg=20 ball=9.23 vball=-5.59 aball=1.1 bref=-50.00 pid=-19.5 pref=137.8 ppos=137.8 apid=0.0 integ=15.7 vision=1 current=0 vframe=2159 vs=0 vage=408 vpage=77 vdt=31 vmax=255 vacc=2093 vrej=0 seq=0 elapsed=0 oled=3C
[   2000] STATUS mode=1 fault=none enc=410 denc=-2 sreq=0 sapplied=0 crate=0 uimp=137755 upos=225 uneg=20 ball=9.23 vball=-5.59 aball=0.0 bref=-50.00 pid=0.0 pref=0.0 ppos=0.0 apid=0.0 integ=0.0 vision=1 current=0 vframe=2159 vs=0 vage=428 vpage=97 vdt=31 vmax=255 vacc=2093 vrej=0 seq=0 elapsed=0 oled=3C
[   2016] STATUS mode=1 fault=none enc=410 denc=0 sreq=0 sapplied=0 crate=0 uimp=137755 upos=225 uneg=20 ball=9.23 vball=-5.59 aball=0.0 bref=-50.00 pid=0.0 pref=0.0 ppos=0.0 apid=0.0 integ=0.0 vision=1 current=0 vframe=2159 vs=0 vage=448 vpage=117 vdt=31 vmax=255 vacc=2093 vrej=0 seq=0 elapsed=0 oled=3C
[   2047] STATUS mode=1 fault=none enc=410 denc=0 sreq=0 sapplied=0 crate=0 uimp=137755 upos=225 uneg=20 ball=123.31 vball=6.43 aball=0.0 bref=-50.00 pid=0.0 pref=0.0 ppos=0.0 apid=0.0 integ=0.0 vision=1 current=1 vframe=2161 vs=1 vage=3 vpage=3 vdt=34 vmax=451 vacc=2095 vrej=0 seq=0 elapsed=0 oled=3C
[   2078] STATUS mode=1 fault=none enc=410 denc=0 sreq=0 sapplied=0 crate=0 uimp=137755 upos=225 uneg=20 ball=123.31 vball=6.43 aball=0.0 bref=-50.00 pid=0.0 pref=0.0 ppos=0.0 apid=0.0 integ=0.0 vision=1 current=1 vframe=2161 vs=1 vage=23 vpage=23 vdt=34 vmax=451 vacc=2095 vrej=0 seq=0 elapsed=0 oled=3C
[   2094] STATUS mode=1 fault=none enc=410 denc=0 sreq=0 sapplied=0 crate=0 uimp=137755 upos=225 uneg=20 ball=123.31 vball=6.43 aball=0.0 bref=-50.00 pid=0.0 pref=0.0 ppos=0.0 apid=0.0 integ=0.0 vision=1 current=1 vframe=2161 vs=1 vage=43 vpage=43 vdt=34 vmax=451 vacc=2095 vrej=0 seq=0 elapsed=0 oled=3C
[   2125] STATUS mode=1 fault=none enc=410 denc=0 sreq=0 sapplied=0 crate=0 uimp=137755 upos=225 uneg=20 ball=123.31 vball=6.43 aball=0.0 bref=-50.00 pid=0.0 pref=0.0 ppos=0.0 apid=0.0 integ=0.0 vision=1 current=1 vframe=2161 vs=1 vage=63 vpage=63 vdt=34 vmax=451 vacc=2095 vrej=0 seq=0 elapsed=0 oled=3C
[   2156] STATUS mode=1 fault=none enc=410 denc=0 sreq=0 sapplied=0 crate=0 uimp=137755 upos=225 uneg=20 ball=123.31 vball=6.43 aball=0.0 bref=-50.00 pid=0.0 pref=0.0 ppos=0.0 apid=0.0 integ=0.0 vision=1 current=1 vframe=2161 vs=1 vage=103 vpage=103 vdt=34 vmax=451 vacc=2095 vrej=0 seq=0 elapsed=0 oled=3C
[   2172] STATUS mode=1 fault=none enc=410 denc=0 sreq=0 sapplied=0 crate=0 uimp=137755 upos=225 uneg=20 ball=122.99 vball=-0.35 aball=0.0 bref=-50.00 pid=0.0 pref=0.0 ppos=0.0 apid=0.0 integ=0.0 vision=1 current=1 vframe=2163 vs=1 vage=3 vpage=3 vdt=9 vmax=451 vacc=2097 vrej=0 seq=0 elapsed=0 oled=3C
[   2203] STATUS mode=1 fault=none enc=410 denc=0 sreq=0 sapplied=0 crate=0 uimp=137755 upos=225 uneg=20 ball=122.99 vball=-0.35 aball=0.0 bref=-50.00 pid=0.0 pref=0.0 ppos=0.0 apid=0.0 integ=0.0 vision=1 current=1 vframe=2163 vs=1 vage=23 vpage=23 vdt=9 vmax=451 vacc=2097 vrej=0 seq=0 elapsed=0 oled=3C
[   2233] STATUS mode=1 fault=none enc=410 denc=0 sreq=0 sapplied=0 crate=0 uimp=137755 upos=225 uneg=20 ball=123.59 vball=9.83 aball=0.0 bref=-50.00 pid=0.0 pref=0.0 ppos=0.0 apid=0.0 integ=0.0 vision=1 current=1 vframe=2164 vs=1 vage=33 vpage=33 vdt=30 vmax=451 vacc=2098 vrej=0 seq=0 elapsed=0 oled=3C
[   2250] STATUS mode=1 fault=none enc=410 denc=0 sreq=0 sapplied=0 crate=0 uimp=137755 upos=225 uneg=20 ball=123.57 vball=4.15 aball=0.0 bref=-50.00 pid=0.0 pref=0.0 ppos=0.0 apid=0.0 integ=0.0 vision=1 current=1 vframe=2165 vs=1 vage=20 vpage=20 vdt=33 vmax=451 vacc=2099 vrej=0 seq=0 elapsed=0 oled=3C
[   2281] STATUS mode=1 fault=none enc=410 denc=0 sreq=0 sapplied=0 crate=0 uimp=137755 upos=225 uneg=20 ball=123.57 vball=4.15 aball=0.0 bref=-50.00 pid=0.0 pref=0.0 ppos=0.0 apid=0.0 integ=0.0 vision=1 current=1 vframe=2165 vs=1 vage=40 vpage=40 vdt=33 vmax=451 vacc=2099 vrej=0 seq=0 elapsed=0 oled=3C
[   2297] STATUS mode=1 fault=none enc=410 denc=0 sreq=0 sapplied=0 crate=0 uimp=137755 upos=225 uneg=20 ball=123.57 vball=4.15 aball=0.0 bref=-50.00 pid=0.0 pref=0.0 ppos=0.0 apid=0.0 integ=0.0 vision=1 current=1 vframe=2165 vs=1 vage=60 vpage=60 vdt=33 vmax=451 vacc=2099 vrej=0 seq=0 elapsed=0 oled=3C
[   2297] >>> stream off
[   2328] STATUS mode=1 fault=none enc=410 denc=0 sreq=0 sapplied=0 crate=0 uimp=137755 upos=225 uneg=20 ball=123.57 vball=4.15 aball=0.0 bref=-50.00 pid=0.0 pref=0.0 ppos=0.0 apid=0.0 integ=0.0 vision=1 current=1 vframe=2165 vs=1 vage=100 vpage=100 vdt=33 vmax=451 vacc=2099 vrej=0 seq=0 elapsed=0 oled=3C
[   2328] OK stream off
[   2516] STOP_REASON vision_loss
