[      0] >>> bench on
[     15] OK stepper visual-only bench active; command pose preserved
[    170] >>> clear
[    170] OK fault cleared
[    358] >>> diag reset
[    358] OK actuator diagnostics reset
[    545] >>> gain ball 1.2 2.0 0.6 -1
[    545] OK ball gains kp=1.200 ki=2.000 kd=0.600 sign=-1
[    733] >>> gain accel 0.0
[    733] OK ball acceleration gain ka=0.000
[    920] >>> limit rate 400
[    920] OK ball rate limit=400 steps/s
[   1108] >>> stream on 20
[   1108] OK stream on 20 ms
[   1156] STATUS mode=1 fault=none enc=-673 denc=0 sreq=0 sapplied=0 crate=0 uimp=0 upos=0 uneg=0 ball=117.34 vball=0.51 aball=0.0 bref=0.00 pid=0.0 pref=-522.0 ppos=-522.0 apid=0.0 integ=0.0 vision=1 current=1 vframe=38355 vs=1 vage=14 vpage=14 vdt=26 vmax=68111 vacc=35005 vrej=0 seq=0 elapsed=0 oled=3C
[   1170] STATUS mode=1 fault=none enc=-673 denc=0 sreq=0 sapplied=0 crate=0 uimp=0 upos=0 uneg=0 ball=117.34 vball=0.51 aball=0.0 bref=0.00 pid=0.0 pref=-522.0 ppos=-522.0 apid=0.0 integ=0.0 vision=1 current=1 vframe=38355 vs=1 vage=34 vpage=34 vdt=26 vmax=68111 vacc=35005 vrej=0 seq=0 elapsed=0 oled=3C
[   1202] STATUS mode=1 fault=none enc=-673 denc=0 sreq=0 sapplied=0 crate=0 uimp=0 upos=0 uneg=0 ball=117.34 vball=0.29 aball=0.0 bref=0.00 pid=0.0 pref=-522.0 ppos=-522.0 apid=0.0 integ=0.0 vision=1 current=1 vframe=38356 vs=1 vage=20 vpage=20 vdt=34 vmax=68111 vacc=35006 vrej=0 seq=0 elapsed=0 oled=3C
[   1233] STATUS mode=1 fault=none enc=-673 denc=0 sreq=0 sapplied=0 crate=0 uimp=0 upos=0 uneg=0 ball=117.09 vball=-4.03 aball=0.0 bref=0.00 pid=0.0 pref=-522.0 ppos=-522.0 apid=0.0 integ=0.0 vision=1 current=1 vframe=38357 vs=1 vage=7 vpage=7 vdt=33 vmax=68111 vacc=35007 vrej=0 seq=0 elapsed=0 oled=3C
[   1250] STATUS mode=1 fault=none enc=-673 denc=0 sreq=0 sapplied=0 crate=0 uimp=0 upos=0 uneg=0 ball=117.26 vball=-0.04 aball=0.0 bref=0.00 pid=0.0 pref=-522.0 ppos=-522.0 apid=0.0 integ=0.0 vision=1 current=1 vframe=38358 vs=1 vage=14 vpage=14 vdt=33 vmax=68111 vacc=35008 vrej=0 seq=0 elapsed=0 oled=3C
[   1281] STATUS mode=1 fault=none enc=-673 denc=0 sreq=0 sapplied=0 crate=0 uimp=0 upos=0 uneg=0 ball=117.26 vball=0.03 aball=0.0 bref=0.00 pid=0.0 pref=-522.0 ppos=-522.0 apid=0.0 integ=0.0 vision=1 current=1 vframe=38359 vs=1 vage=1 vpage=1 vdt=33 vmax=68111 vacc=35009 vrej=0 seq=0 elapsed=0 oled=3C
[   1281] >>> ball 80.0
[   1311] STATUS mode=1 fault=none enc=-673 denc=0 sreq=0 sapplied=0 crate=0 uimp=0 upos=0 uneg=0 ball=117.26 vball=0.03 aball=0.0 bref=0.00 pid=0.0 pref=-522.0 ppos=-522.0 apid=0.0 integ=0.0 vision=1 current=1 vframe=38359 vs=1 vage=21 vpage=21 vdt=33 vmax=68111 vacc=35009 vrej=0 seq=0 elapsed=0 oled=3C
[   1327] STATUS mode=3 fault=none enc=-651 denc=2 sreq=400 sapplied=400 crate=400 uimp=4500 upos=15 uneg=0 ball=117.26 vball=0.02 aball=0.0 bref=80.00 pid=400.0 pref=678.0 ppos=-517.5 apid=0.0 integ=0.0 vision=1 current=1 vframe=38360 vs=1 vage=27 vpage=27 vdt=34 vmax=68111 vacc=35010 vrej=0 seq=0 elapsed=0 oled=3C
[   1358] STATUS mode=3 fault=none enc=-643 denc=2 sreq=400 sapplied=400 crate=400 uimp=12500 upos=35 uneg=0 ball=117.29 vball=0.32 aball=0.0 bref=80.00 pid=400.0 pref=678.0 ppos=-509.5 apid=0.0 integ=0.0 vision=1 current=1 vframe=38361 vs=1 vage=14 vpage=14 vdt=33 vmax=68111 vacc=35011 vrej=0 seq=0 elapsed=0 oled=3C
[   1390] STATUS mode=3 fault=none enc=-632 denc=2 sreq=400 sapplied=400 crate=400 uimp=20500 upos=55 uneg=0 ball=117.29 vball=0.32 aball=0.0 bref=80.00 pid=400.0 pref=678.0 ppos=-501.5 apid=0.0 integ=0.0 vision=1 current=1 vframe=38361 vs=1 vage=34 vpage=34 vdt=33 vmax=68111 vacc=35011 vrej=0 seq=0 elapsed=0 oled=3C
[   1406] STATUS mode=3 fault=none enc=-611 denc=3 sreq=400 sapplied=400 crate=400 uimp=36500 upos=95 uneg=0 ball=116.97 vball=-8.88 aball=-40.1 bref=80.00 pid=400.0 pref=678.0 ppos=-485.5 apid=-0.0 integ=0.0 vision=1 current=1 vframe=38363 vs=1 vage=7 vpage=7 vdt=33 vmax=68111 vacc=35013 vrej=0 seq=0 elapsed=0 oled=3C
[   1436] STATUS mode=3 fault=none enc=-602 denc=2 sreq=400 sapplied=400 crate=400 uimp=44500 upos=115 uneg=0 ball=116.97 vball=-8.88 aball=-40.1 bref=80.00 pid=400.0 pref=678.0 ppos=-477.5 apid=-0.0 integ=0.0 vision=1 current=1 vframe=38363 vs=1 vage=27 vpage=27 vdt=33 vmax=68111 vacc=35013 vrej=0 seq=0 elapsed=0 oled=3C
[   1467] STATUS mode=3 fault=none enc=-591 denc=3 sreq=400 sapplied=400 crate=400 uimp=52500 upos=135 uneg=0 ball=114.40 vball=-40.31 aball=-40.1 bref=80.00 pid=400.0 pref=678.0 ppos=-469.5 apid=-0.0 integ=0.0 vision=1 current=1 vframe=38364 vs=1 vage=12 vpage=12 vdt=35 vmax=68111 vacc=35014 vrej=0 seq=0 elapsed=0 oled=3C
[   1500] STATUS mode=3 fault=none enc=-572 denc=1 sreq=400 sapplied=400 crate=400 uimp=68500 upos=175 uneg=0 ball=112.81 vball=-41.86 aball=-40.1 bref=80.00 pid=400.0 pref=678.0 ppos=-453.5 apid=-0.0 integ=0.0 vision=1 current=1 vframe=38365 vs=1 vage=18 vpage=18 vdt=34 vmax=68111 vacc=35015 vrej=0 seq=0 elapsed=0 oled=3C
[   1515] STATUS mode=3 fault=none enc=-561 denc=3 sreq=400 sapplied=400 crate=400 uimp=76500 upos=195 uneg=0 ball=112.23 vball=-30.63 aball=-119.9 bref=80.00 pid=400.0 pref=678.0 ppos=-445.5 apid=-0.0 integ=0.0 vision=1 current=1 vframe=38366 vs=1 vage=7 vpage=7 vdt=31 vmax=68111 vacc=35016 vrej=0 seq=0 elapsed=0 oled=3C
[   1545] STATUS mode=3 fault=none enc=-551 denc=2 sreq=400 sapplied=400 crate=400 uimp=84500 upos=215 uneg=0 ball=112.23 vball=-30.63 aball=-119.9 bref=80.00 pid=400.0 pref=678.0 ppos=-437.5 apid=-0.0 integ=0.0 vision=1 current=1 vframe=38366 vs=1 vage=27 vpage=27 vdt=31 vmax=68111 vacc=35016 vrej=0 seq=0 elapsed=0 oled=3C
[   1577] STATUS mode=3 fault=none enc=-538 denc=0 sreq=-30 sapplied=-30 crate=-30 uimp=93500 upos=245 uneg=0 ball=111.32 vball=-28.54 aball=-119.9 bref=80.00 pid=-30.0 pref=-431.5 ppos=-428.5 apid=-0.0 integ=-0.0 vision=1 current=1 vframe=38367 vs=1 vage=33 vpage=33 vdt=34 vmax=68111 vacc=35017 vrej=0 seq=0 elapsed=0 oled=3C
[   1608] STATUS mode=3 fault=none enc=-538 denc=0 sreq=0 sapplied=0 crate=0 uimp=93350 upos=245 uneg=5 ball=110.72 vball=-23.72 aball=-119.9 bref=80.00 pid=0.0 pref=-429.3 ppos=-428.6 apid=-0.0 integ=-0.0 vision=1 current=1 vframe=38368 vs=1 vage=20 vpage=20 vdt=33 vmax=68111 vacc=35018 vrej=0 seq=0 elapsed=0 oled=3C
[   1625] STATUS mode=3 fault=none enc=-538 denc=0 sreq=0 sapplied=0 crate=15 uimp=93350 upos=245 uneg=5 ball=110.27 vball=-19.13 aball=-14.2 bref=80.00 pid=15.4 pref=-427.1 ppos=-428.6 apid=-0.0 integ=-0.0 vision=1 current=1 vframe=38369 vs=1 vage=7 vpage=7 vdt=33 vmax=68111 vacc=35019 vrej=0 seq=0 elapsed=0 oled=3C
[   1656] STATUS mode=3 fault=none enc=-538 denc=0 sreq=28 sapplied=28 crate=28 uimp=93350 upos=245 uneg=5 ball=109.84 vball=-16.20 aball=-14.2 bref=80.00 pid=27.8 pref=-425.8 ppos=-428.6 apid=-0.0 integ=-0.0 vision=1 current=1 vframe=38370 vs=1 vage=13 vpage=13 vdt=34 vmax=68111 vacc=35020 vrej=0 seq=0 elapsed=0 oled=3C
[   1686] STATUS mode=3 fault=none enc=-538 denc=0 sreq=23 sapplied=23 crate=23 uimp=93865 upos=265 uneg=5 ball=109.84 vball=-16.20 aball=-14.2 bref=80.00 pid=22.6 pref=-425.8 ppos=-428.1 apid=-0.0 integ=-0.0 vision=1 current=1 vframe=38370 vs=1 vage=33 vpage=33 vdt=34 vmax=68111 vacc=35020 vrej=0 seq=0 elapsed=0 oled=3C
[   1717] STATUS mode=3 fault=none enc=-535 denc=1 sreq=71 sapplied=71 crate=71 uimp=95660 upos=305 uneg=5 ball=109.73 vball=-4.86 aball=55.1 bref=80.00 pid=71.4 pref=-419.2 ppos=-426.3 apid=0.0 integ=-0.0 vision=1 current=1 vframe=38372 vs=1 vage=5 vpage=5 vdt=35 vmax=68111 vacc=35022 vrej=0 seq=0 elapsed=0 oled=3C
[   1733] STATUS mode=3 fault=none enc=-534 denc=0 sreq=58 sapplied=58 crate=58 uimp=96980 upos=325 uneg=5 ball=109.73 vball=-4.86 aball=55.1 bref=80.00 pid=58.2 pref=-419.2 ppos=-425.0 apid=0.0 integ=-0.0 vision=1 current=1 vframe=38372 vs=1 vage=25 vpage=25 vdt=35 vmax=68111 vacc=35022 vrej=0 seq=0 elapsed=0 oled=3C
[   1765] STATUS mode=3 fault=none enc=-532 denc=1 sreq=56 sapplied=56 crate=56 uimp=98150 upos=345 uneg=5 ball=109.68 vball=-3.23 aball=55.1 bref=80.00 pid=55.7 pref=-418.2 ppos=-423.8 apid=0.0 integ=-0.0 vision=1 current=1 vframe=38373 vs=1 vage=14 vpage=14 vdt=31 vmax=68111 vacc=35023 vrej=0 seq=0 elapsed=0 oled=3C
[   1795] STATUS mode=3 fault=none enc=-531 denc=0 sreq=37 sapplied=37 crate=37 uimp=100025 upos=385 uneg=5 ball=109.58 vball=-3.06 aball=55.1 bref=80.00 pid=36.7 pref=-418.3 ppos=-421.9 apid=0.0 integ=-0.0 vision=1 current=1 vframe=38374 vs=1 vage=20 vpage=20 vdt=34 vmax=68111 vacc=35024 vrej=0 seq=0 elapsed=0 oled=3C
[   1827] STATUS mode=3 fault=none enc=-529 denc=1 sreq=38 sapplied=38 crate=38 uimp=100705 upos=405 uneg=5 ball=109.57 vball=-1.78 aball=44.5 bref=80.00 pid=37.5 pref=-417.5 ppos=-421.3 apid=0.0 integ=-0.0 vision=1 current=1 vframe=38375 vs=1 vage=7 vpage=7 vdt=33 vmax=68111 vacc=35025 vrej=0 seq=0 elapsed=0 oled=3C
[   1842] STATUS mode=3 fault=none enc=-529 denc=0 sreq=31 sapplied=31 crate=31 uimp=101405 upos=425 uneg=5 ball=109.57 vball=-1.78 aball=44.5 bref=80.00 pid=30.5 pref=-417.5 ppos=-420.6 apid=0.0 integ=-0.0 vision=1 current=1 vframe=38375 vs=1 vage=27 vpage=27 vdt=33 vmax=68111 vacc=35025 vrej=0 seq=0 elapsed=0 oled=3C
[   1875] STATUS mode=3 fault=none enc=-528 denc=0 sreq=0 sapplied=0 crate=12 uimp=101845 upos=440 uneg=5 ball=109.40 vball=-3.75 aball=44.5 bref=80.00 pid=12.2 pref=-418.9 ppos=-420.1 apid=0.0 integ=-0.0 vision=1 current=1 vframe=38376 vs=1 vage=33 vpage=33 vdt=34 vmax=68111 vacc=35026 vrej=0 seq=0 elapsed=0 oled=3C
[   1906] STATUS mode=3 fault=none enc=-528 denc=0 sreq=0 sapplied=0 crate=-12 uimp=101845 upos=440 uneg=5 ball=109.02 vball=-6.99 aball=44.5 bref=80.00 pid=-11.8 pref=-421.3 ppos=-420.1 apid=0.0 integ=-0.0 vision=1 current=1 vframe=38377 vs=1 vage=20 vpage=20 vdt=33 vmax=68111 vacc=35027 vrej=0 seq=0 elapsed=0 oled=3C
[   1920] STATUS mode=3 fault=none enc=-528 denc=0 sreq=0 sapplied=0 crate=0 uimp=101845 upos=440 uneg=5 ball=108.99 vball=-4.04 aball=14.3 bref=80.00 pid=0.0 pref=-419.6 ppos=-420.1 apid=0.0 integ=-0.0 vision=1 current=1 vframe=38378 vs=1 vage=7 vpage=7 vdt=33 vmax=68111 vacc=35028 vrej=0 seq=0 elapsed=0 oled=3C
[   1952] STATUS mode=3 fault=none enc=-528 denc=0 sreq=0 sapplied=0 crate=19 uimp=101845 upos=440 uneg=5 ball=109.00 vball=-1.90 aball=14.3 bref=80.00 pid=18.5 pref=-418.3 ppos=-420.1 apid=0.0 integ=-0.0 vision=1 current=1 vframe=38379 vs=1 vage=13 vpage=13 vdt=34 vmax=68111 vacc=35029 vrej=0 seq=0 elapsed=0 oled=3C
[   1983] STATUS mode=3 fault=none enc=-528 denc=0 sreq=0 sapplied=0 crate=19 uimp=101845 upos=440 uneg=5 ball=109.00 vball=-1.90 aball=14.3 bref=80.00 pid=18.5 pref=-418.3 ppos=-420.1 apid=0.0 integ=-0.0 vision=1 current=1 vframe=38379 vs=1 vage=33 vpage=33 vdt=34 vmax=68111 vacc=35029 vrej=0 seq=0 elapsed=0 oled=3C
[   2015] STATUS mode=3 fault=none enc=-528 denc=0 sreq=0 sapplied=0 crate=18 uimp=101845 upos=440 uneg=5 ball=108.95 vball=-1.82 aball=14.3 bref=80.00 pid=18.4 pref=-418.3 ppos=-420.1 apid=0.0 integ=-0.0 vision=1 current=1 vframe=38380 vs=1 vage=20 vpage=20 vdt=33 vmax=68111 vacc=35030 vrej=0 seq=0 elapsed=0 oled=3C
[   2031] STATUS mode=3 fault=none enc=-528 denc=0 sreq=0 sapplied=0 crate=14 uimp=101845 upos=440 uneg=5 ball=108.84 vball=-2.35 aball=15.4 bref=80.00 pid=13.9 pref=-418.7 ppos=-420.1 apid=0.0 integ=-0.0 vision=1 current=1 vframe=38381 vs=1 vage=26 vpage=26 vdt=34 vmax=68111 vacc=35031 vrej=0 seq=0 elapsed=0 oled=3C
[   2061] STATUS mode=3 fault=none enc=-528 denc=0 sreq=0 sapplied=0 crate=19 uimp=101845 upos=440 uneg=5 ball=108.82 vball=-1.51 aball=15.4 bref=80.00 pid=18.7 pref=-418.2 ppos=-420.1 apid=0.0 integ=-0.0 vision=1 current=1 vframe=38382 vs=1 vage=12 vpage=12 vdt=34 vmax=68111 vacc=35032 vrej=0 seq=0 elapsed=0 oled=3C
[   2092] STATUS mode=3 fault=none enc=-528 denc=0 sreq=0 sapplied=0 crate=19 uimp=101845 upos=440 uneg=5 ball=108.82 vball=-1.51 aball=15.4 bref=80.00 pid=18.7 pref=-418.2 ppos=-420.1 apid=0.0 integ=-0.0 vision=1 current=1 vframe=38382 vs=1 vage=32 vpage=32 vdt=34 vmax=68111 vacc=35032 vrej=0 seq=0 elapsed=0 oled=3C
[   2125] STATUS mode=3 fault=none enc=-527 denc=0 sreq=27 sapplied=27 crate=27 uimp=102630 upos=470 uneg=5 ball=108.95 vball=0.97 aball=23.3 bref=80.00 pid=27.3 pref=-416.6 ppos=-419.3 apid=0.0 integ=-0.0 vision=1 current=1 vframe=38384 vs=1 vage=5 vpage=5 vdt=33 vmax=68111 vacc=35034 vrej=0 seq=0 elapsed=0 oled=3C
[   2140] STATUS mode=3 fault=none enc=-526 denc=0 sreq=22 sapplied=22 crate=22 uimp=103135 upos=490 uneg=5 ball=108.95 vball=0.97 aball=23.3 bref=80.00 pid=22.3 pref=-416.6 ppos=-418.8 apid=0.0 integ=-0.0 vision=1 current=1 vframe=38384 vs=1 vage=25 vpage=25 vdt=33 vmax=68111 vacc=35034 vrej=0 seq=0 elapsed=0 oled=3C
[   2170] STATUS mode=3 fault=none enc=-524 denc=2 sreq=34 sapplied=34 crate=34 uimp=103630 upos=510 uneg=5 ball=108.95 vball=0.53 aball=23.3 bref=80.00 pid=34.4 pref=-414.9 ppos=-418.3 apid=0.0 integ=2.0 vision=1 current=1 vframe=38385 vs=1 vage=11 vpage=11 vdt=34 vmax=68111 vacc=35035 vrej=0 seq=0 elapsed=0 oled=3C
[   2202] STATUS mode=3 fault=none enc=-524 denc=0 sreq=38 sapplied=38 crate=38 uimp=104960 upos=550 uneg=5 ball=108.95 vball=0.25 aball=23.3 bref=80.00 pid=38.5 pref=-413.2 ppos=-417.0 apid=0.0 integ=3.9 vision=1 current=1 vframe=38386 vs=1 vage=18 vpage=18 vdt=33 vmax=68111 vacc=35036 vrej=0 seq=0 elapsed=0 oled=3C
[   2217] STATUS mode=3 fault=none enc=-524 denc=0 sreq=47 sapplied=47 crate=47 uimp=105675 upos=570 uneg=5 ball=108.93 vball=-0.06 aball=8.1 bref=80.00 pid=47.2 pref=-411.6 ppos=-416.3 apid=0.0 integ=5.7 vision=1 current=1 vframe=38387 vs=1 vage=7 vpage=7 vdt=31 vmax=68111 vacc=35037 vrej=0 seq=0 elapsed=0 oled=3C
[   2250] STATUS mode=3 fault=none enc=-521 denc=0 sreq=53 sapplied=53 crate=53 uimp=107380 upos=610 uneg=5 ball=108.95 vball=0.18 aball=8.1 bref=80.00 pid=53.2 pref=-409.3 ppos=-414.6 apid=0.0 integ==5.7 vision=1 current=1 vframe=38387 vs=1 vage=27 vpage=27 vdt=31 vmax=68111 vacc=35037 vrej=0 seq=0 elapsed=0 oled=3C
[   2281] STATUS mode=3 fault=none enc=-520 denc=0 sreq=43 sapplied=43 crate=43 uimp=108370 upos=630 uneg=5 ball=108.95 vball=0.18 aball=8.1 bref=80.00 pid=43.3 pref=-409.3 ppos=-413.6 apid=0.0 integ=7.8 vision=1 current=1 vframe=38388 vs=1 vage=30 vpage=30 vdt=37 vmax=68111 vacc=35038 vrej=0 seq=0 elapsed=0 oled=3C
[   2311] STATUS mode=3 fault=none enc=-519 denc=-1 sreq=55 sapplied=55 crate=55 uimp=109375 upos=650 uneg=5 ball=108.97 vball=0.49 aball=8.1 bref=80.00 pid=54.5 pref=-407.1 ppos=-412.6 apid=0.0 integ=9.7 vision=1 current=1 vframe=38396 vs=1 vage=17 vpage=17 vdt=1 vmax=68111 vacc=35046 vrej=0 seq=0 elapsed=0 oled=3C
[   2327] STATUS mode=3 fault=none enc=-516 denc=0 sreq=53 sapplied=53 crate=53 uimp=111580 upos=690 uneg=5 ball=109.00 vball=0.68 aball=7.7 bref=80.00 pid=52.5 pref=-405.1 ppos=-410.4 apid=0.0 integ=11.6 vision=1 current=1 vframe=38397 vs=1 vage=25 vpage=25 vdt=32 vmax=68111 vacc=35047 vrej=0 seq=0 elapsed=0 oled=3C
[   2358] STATUS mode=3 fault=none enc=-514 denc=1 sreq=57 sapplied=57 crate=57 uimp=112720 upos=710 uneg=5 ball=109.01 vball=0.49 aball=7.7 bref=80.00 pid=57.5 pref=-403.5 ppos=-409.2 apid=0.0 integ=13.3 vision=1 current=1 vframe=38398 vs=1 vage=15 vpage=15 vdt=30 vmax=68111 vacc=35048 vrej=0 seq=0 elapsed=0 oled=3C
[   2390] STATUS mode=3 fault=none enc=-513 denc=0 sreq=47 sapplied=47 crate=47 uimp=113785 upos=730 uneg=5 ball=109.06 vball=0.86 aball=7.7 bref=80.00 pid=46.8 pref=-403.5 ppos=-408.2 apid=0.0 integ=13.3 vision=1 current=1 vframe=38399 vs=1 vage=1 vpage=1 vdt=34 vmax=68111 vacc=35049 vrej=0 seq=0 elapsed=0 oled=3C
[   2406] STATUS mode=3 fault=none enc=-511 denc=0 sreq=60 sapplied=60 crate=60 uimp=116045 upos=770 uneg=5 ball=109.02 vball=-0.03 aball=0.9 bref=80.00 pid=60.2 pref=-399.9 ppos=-405.9 apid=0.0 integ=17.2 vision=1 current=1 vframe=38400 vs=1 vage=8 vpage=8 vdt=33 vmax=68111 vacc=35050 vrej=0 seq=0 elapsed=0 oled=3C
[   2436] STATUS mode=3 fault=none enc=-509 denc=0 sreq=49 sapplied=49 crate=49 uimp=117160 upos=790 uneg=5 ball=109.02 vball=-0.03 aball=0.9 bref=80.00 pid=49.0 pref=-399.9 ppos=-404.8 apid=0.0 integ=17.2 vision=1 current=1 vframe=38400 vs=1 vage=28 vpage=28 vdt=33 vmax=68111 vacc=35050 vrej=0 seq=0 elapsed=0 oled=3C
[   2467] STATUS mode=3 fault=none enc=-507 denc=1 sreq=58 sapplied=58 crate=58 uimp=118165 upos=810 uneg=5 ball=109.01 vball=-0.19 aball=0.9 bref=80.00 pid=58.2 pref=-398.0 ppos=-403.8 apid=0.0 integ=19.2 vision=1 current=1 vframe=38401 vs=1 vage=13 vpage=13 vdt=35 vmax=68111 vacc=35051 vrej=0 seq=0 elapsed=0 oled=3C
[   2500] STATUS mode=3 fault=none enc=-504 denc=0 sreq=55 sapplied=55 crate=55 uimp=120400 upos=850 uneg=5 ball=109.01 vball=-0.11 aball=0.9 bref=80.00 pid=55.5 pref=-396.0 ppos=-401.6 apid=0.0 integ=21.2 vision=1 current=1 vframe=38402 vs=1 vage=20 vpage=20 vdt=33 vmax=68111 vacc=35052 vrej=0 seq=0 elapsed=0 oled=3C
[   2515] STATUS mode=3 fault=none enc=-503 denc=1 sreq=60 sapplied=60 crate=60 uimp=121430 upos=870 uneg=5 ball=108.96 vball=-0.69 aball=-2.5 bref=80.00 pid=59.6 pref=-394.6 ppos=-400.5 apid=-0.0 integ=23.0 vision=1 current=1 vframe=38403 vs=1 vage=8 vpage=8 vdt=32 vmax=68111 vacc=35053 vrej=0 seq=0 elapsed=0 oled=3C
[   2545] STATUS mode=3 fault=none enc=-502 denc=0 sreq=49 sapplied=49 crate=49 uimp=122540 upos=890 uneg=5 ball=108.96 vball=-0.69 aball=-2.5 bref=80.00 pid=48.5 pref=-394.6 ppos=-399.4 apid=-0.0 integ=23.0 vision=1 current=1 vframe=38403 vs=1 vage=28 vpage=28 vdt=32 vmax=68111 vacc=35053 vrej=0 seq=0 elapsed=0 oled=3C
[   2577] STATUS mode=3 fault=none enc=-499 denc=0 sreq=48 sapplied=48 crate=48 uimp=124740 upos=930 uneg=5 ball=108.95 vball=-0.24 aball=-2.5 bref=80.00 pid=47.7 pref=-392.4 ppos=-397.2 apid=-0.0 integ=25.0 vision=1 current=1 vframe=38405 vs=1 vage=1 vpage=1 vdt=33 vmax=68111 vacc=35055 vrej=0 seq=0 elapsed=0 oled=3C
[   2608] STATUS mode=3 fault=none enc=-498 denc=1 sreq=56 sapplied=56 crate=56 uimp=125915 upos=950 uneg=5 ball=108.95 vball=-0.24 aball=-2.5 bref=80.00 pid=56.2 pref=-390.4 ppos=-396.0 apid=-0.0 integ=26.9 vision=1 current=1 vframe=38405 vs=1 vage=21 vpage=21 vdt=33 vmax=68111 vacc=35055 vrej=0 seq=0 elapsed=0 oled=3C
[   2625] STATUS mode=3 fault=none enc=-497 denc=0 sreq=67 sapplied=67 crate=67 uimp=126955 upos=970 uneg=5 ball=108.95 vball=-0.14 aball=1.1 bref=80.00 pid=66.6 pref=-388.3 ppos=-395.0 apid=0.0 integ=28.9 vision=1 current=1 vframe=38406 vs=1 vage=6 vpage=6 vdt=35 vmax=68111 vacc=35056 vrej=0 seq=0 elapsed=0 oled=3C
[   2656] STATUS mode=3 fault=none enc=-494 denc=-1 sreq=62 sapplied=62 crate=62 uimp=129390 upos=1010 uneg=5 ball=108.96 vball=0.08 aball=1.1 bref=80.00 pid=62.2 pref=-386.3 ppos=-392.6 apid=0.0 integ=30.8 vision=1 current=1 vframe=38407 vs=1 vage=14 vpage=14 vdt=32 vmax=68111 vacc=35057 vrej=0 seq=0 elapsed=0 oled=3C
[   2686] STATUS mode=3 fault=none enc=-492 denc=1 sreq=51 sapplied=51 crate=51 uimp=130540 upos=1030 uneg=5 ball=108.91 vball=-0.76 aball=1.1 bref=80.00 pid=50.7 pref=-386.3 ppos=-391.4 apid=0.0 integ=30.8 vision=1 current=1 vframe=38408 vs=1 vage=1 vpage=1 vdt=33 vmax=68111 vacc=35058 vrej=0 seq=0 elapsed=0 oled=3C
[   2702] STATUS mode=3 fault=none enc=-491 denc=0 sreq=53 sapplied=53 crate=53 uimp=131680 upos=1050 uneg=5 ball=108.91 vball=-0.76 aball=1.1 bref=80.00 pid=52.8 pref=-385.0 ppos=-390.3 apid=0.0 integ=32.7 vision=1 current=1 vframe=38408 vs=1 vage=21 vpage=21 vdt=33 vmax=68111 vacc=35058 vrej=0 seq=0 elapsed=0 oled=3C
[   2733] STATUS mode=3 fault=none enc=-488 denc=0 sreq=51 sapplied=51 crate=51 uimp=133830 upos=1090 uneg=5 ball=108.89 vball=-0.71 aball=-2.0 bref=80.00 pid=51.0 pref=-383.0 ppos=-388.1 apid=-0.0 integ=34.6 vision=1 current=1 vframe=38409 vs=1 vage=27 vpage=27 vdt=34 vmax=68111 vacc=35059 vrej=0 seq=0 elapsed=0 oled=3C
[   2765] STATUS mode=3 fault=none enc=-486 denc=1 sreq=62 sapplied=62 crate=62 uimp=134880 upos=1110 uneg=5 ball=108.89 vball=-0.37 aball=-2.0 bref=80.00 pid=62.2 pref=-380.9 ppos=-387.1 apid=-0.0 integ=36.6 vision=1 current=1 vframe=38410 vs=1 vage=13 vpage=13 vdt=34 vmax=68111 vacc=35060 vrej=0 seq=0 elapsed=0 oled=3C
[   2795] STATUS mode=3 fault=none enc=-484 denc=0 sreq=64 sapplied=64 crate=64 uimp=137355 upos=1150 uneg=5 ball=108.96 vball=0.72 aball=-2.0 bref=80.00 pid=64.5 pref==-380.9 ppos=-385.9 apid=-0.0 integ=36.6 vision=1 current=1 vframe=38410 vs=1 vage=33 vpage=33 vdt=34 vmax=68111 vacc=35060 vrej=0 seq=0 elapsed=0 oled=3C
[   2811] STATUS mode=3 fault=none enc=-482 denc=0 sreq=82 sapplied=82 crate=82 uimp=138545 upos=1170 uneg=5 ball=109.24 vball=5.00 aball=24.6 bref=80.00 pid=81.6 pref=-375.3 ppos=-383.4 apid=0.0 integ=38.6 vision=1 current=1 vframe=38412 vs=1 vage=7 vpage=7 vdt=32 vmax=68111 vacc=35062 vrej=0 seq=0 elapsed=0 oled=3C
[   2842] STATUS mode=3 fault=none enc=-480 denc=0 sreq=66 sapplied=66 crate=66 uimp=140065 upos=1190 uneg=5 ball=109.24 vball=5.00 aball=24.6 bref=80.00 pid=66.4 pref=-375.3 ppos=-381.9 apid=0.0 integ=38.6 vision=1 current=1 vframe=38412 vs=1 vage=27 vpage=27 vdt=32 vmax=68111 vacc=35062 vrej=0 seq=0 elapsed=0 oled=3C
[   2875] STATUS mode=3 fault=none enc=-477 denc=0 sreq=42 sapplied=42 crate=42 uimp=142230 upos=1230 uneg=5 ball=109.38 vball=4.30 aball=24.6 bref=80.00 pid=42.3 pref=-375.5 ppos=-379.7 apid=0.0 integ=38.6 vision=1 current=1 vframe=38413 vs=1 vage=34 vpage=34 vdt=33 vmax=68111 vacc=35063 vrej=0 seq=0 elapsed=0 oled=3C
[   2906] STATUS mode=3 fault=none enc=-477 denc=0 sreq=22 sapplied=22 crate=22 uimp=142805 upos=1250 uneg=5 ball=109.36 vball=1.93 aball=24.6 bref=80.00 pid=22.1 pref=-376.9 ppos=-379.2 apid=0.0 integ=38.6 vision=1 current=1 vframe=38414 vs=1 vage=20 vpage=20 vdt=34 vmax=68111 vacc=35064 vrej=0 seq=0 elapsed=0 oled=3C
[   2920] STATUS mode=3 fault=none enc=-476 denc=1 sreq=0 sapplied=0 crate=12 uimp=143120 upos=1265 uneg=5 ball=109.34 vball=0.75 aball=-5.6 bref=80.00 pid=11.6 pref=-377.7 ppos=-378.8 apid=-0.0 integ=38.6 vision=1 current=1 vframe=38415 vs=1 vage=7 vpage=7 vdt=33 vmax=68111 vacc=35065 vrej=0 seq=0 elapsed=0 oled=3C
[   2952] STATUS mode=3 fault=none enc=-476 denc=0 sreq=0 sapplied=0 crate=0 uimp=143120 upos=1265 uneg=5 ball=109.33 vball=0.17 aball=-5.6 bref=80.00 pid=0.0 pref=-378.0 ppos=-378.8 apid=-0.0 integ=38.6 vision=1 current=1 vframe=38416 vs=1 vage=13 vpage=13 vdt=34 vmax=68111 vacc=35066 vrej=0 seq=0 elapsed=0 oled=3C
[   2983] STATUS mode=3 fault=none enc=-476 denc=0 sreq=0 sapplied=0 crate=0 uimp=143120 upos=1265 uneg=5 ball=109.33 vball=0.17 aball=-5.6 bref=80.00 pid=0.0 pref=-378.0 ppos=-378.8 apid=-0.0 integ=38.6 vision=1 current=1 vframe=38416 vs=1 vage=33 vpage=33 vdt=34 vmax=68111 vacc=35066 vrej=0 seq=0 elapsed=0 oled=3C
[   3015] STATUS mode=3 fault=none enc=-476 denc=0 sreq=31 sapplied=31 crate=31 uimp=143645 upos=1280 uneg=5 ball=109.65 vball=4.32 aball=-5.6 bref=80.00 pid=31.5 pref=-375.2 ppos=-378.3 apid=-0.0 integ=38.6 vision=1 current=1 vframe=38417 vs=1 vage=20 vpage=20 vdt=33 vmax=68111 vacc=35067 vrej=0 seq=0 elapsed=0 oled=3C
[   3031] STATUS mode=3 fault=none enc=-474 denc=0 sreq=0 sapplied=0 crate=16 uimp=144225 upos=1300 uneg=5 ball=109.68 vball=2.62 aball=5.3 bref=80.00 pid=15.8 pref=-376.2 ppos=-377.7 apid=0.0 integ=38.6 vision=1 current=1 vframe=38418 vs=1 vage=27 vpage=27 vdt=33 vmax=68111 vacc=35068 vrej=0 seq=0 elapsed=0 oled=3C
[   3061] STATUS mode=3 fault=none enc=-474 denc=0 sreq=0 sapplied=0 crate=15 uimp=144225 upos=1300 uneg=5 ball=109.75 vball=2.29 aball=5.3 bref=80.00 pid=14.7 pref=-376.3 ppos=-377.7 apid=0.0 integ=38.6 vision=1 current=1 vframe=38419 vs=1 vage=13 vpage=13 vdt=34 vmax=68111 vacc=35069 vrej=0 seq=0 elapsed=0 oled=3C
[   3092] STATUS mode=3 fault=none enc=-474 denc=0 sreq=0 sapplied=0 crate=15 uimp=144225 upos=1300 uneg=5 ball=109.75 vball=2.29 aball=5.3 bref=80.00 pid=14.7 pref=-376.3 ppos=-377.7 apid=0.0 integ=38.6 vision=1 current=1 vframe=38419 vs=1 vage=33 vpage=33 vdt=34 vmax=68111 vacc=35069 vrej=0 seq=0 elapsed=0 oled=3C
[   3108] STATUS mode=3 fault=none enc=-474 denc=0 sreq=0 sapplied=0 crate=0 uimp=144225 upos=1300 uneg=5 ball=109.76 vball=0.75 aball=-5.5 bref=80.00 pid=0.0 pref=-377.2 ppos=-377.7 apid=-0.0 integ=38.6 vision=1 current=1 vframe=38421 vs=1 vage=7 vpage=7 vdt=33 vmax=68111 vacc=35071 vrej=0 seq=0 elapsed=0 oled=3C
[   3140] STATUS mode=3 fault=none enc=-474 denc=0 sreq=0 sapplied=0 crate=0 uimp=144225 upos=1300 uneg=5 ball=109.76 vball=0.75 aball=-5.5 bref=80.00 pid=0.0 pref=-377.2 ppos=-377.7 apid=-0.0 integ=38.6 vision=1 current=1 vframe=38421 vs=1 vage=27 vpage=27 vdt=33 vmax=68111 vacc=35071 vrej=0 seq=0 elapsed=0 oled=3C
[   3170] STATUS mode=3 fault=none enc=-474 denc=0 sreq=0 sapplied=0 crate=0 uimp=144225 upos=1300 uneg=5 ball=109.79 vball=0.81 aball=-5.5 bref=80.00 pid=0.0 pref=-377.1 ppos=-377.7 apid=-0.0 integ=38.6 vision=1 current=1 vframe=38422 vs=1 vage=14 vpage=14 vdt=33 vmax=68111 vacc=35072 vrej=0 seq=0 elapsed=0 oled=3C
[   3186] STATUS mode=3 fault=none enc=-474 denc=0 sreq=0 sapplied=0 crate=0 uimp=144225 upos=1300 uneg=5 ball=109.80 vball=0.57 aball=-5.5 bref=80.00 pid=0.0 pref=-377.2 ppos=-377.7 apid=-0.0 integ=38.6 vision=1 current=1 vframe=38423 vs=1 vage=20 vpage=20 vdt=34 vmax=68111 vacc=35073 vrej=0 seq=0 elapsed=0 oled=3C
[   3217] STATUS mode=3 fault=none enc=-474 denc=0 sreq=22 sapplied=22 crate=22 uimp=144225 upos=1300 uneg=5 ball=109.79 vball=0.12 aball=-5.8 bref=80.00 pid=21.8 pref=-375.6 ppos=-377.7 apid=-0.0 integ=40.5 vision=1 current=1 vframe=38424 vs=1 vage=7 vpage=7 vdt=33 vmax=68111 vacc=35074 vrej=0 seq=0 elapsed=0 oled=3C
[   3250] STATUS mode=3 fault=none enc=-474 denc=0 sreq=0 sapplied=0 crate=19 uimp=144540 upos=1315 uneg=5 ball=109.79 vball=0.12 aball=-5.8 bref=80.00 pid=18.7 pref=-375.6 ppos=-377.4 apid=-0.0 integ=40.5 vision=1 current=1 vframe=38424 vs=1 vage=27 vpage=27 vdt=33 vmax=68111 vacc=35074 vrej=0 seq=0 elapsed=0 oled=3C
[   3281] STATUS mode=3 fault=none enc=-474 denc=0 sreq=32 sapplied=32 crate=32 uimp=145705 upos=1345 uneg=5 ball=109.85 vball=0.90 aball=-5.8 bref=80.00 pid=32.1 pref=-373.0 ppos=-376.3 apid=-0.0 integ=42.5 vision=1 current=1 vframe=38425 vs=1 vage=34 vpage=34 vdt=33 vmax=68111 vacc=35075 vrej=0 seq=0 elapsed=0 oled=3C
[   3295] STATUS mode=3 fault=none enc=-473 denc=0 sreq=42 sapplied=42 crate=42 uimp=146565 upos=1365 uneg=5 ball=109.86 vball=0.60 aball=-5.8 bref=80.00 pid=42.1 pref=-371.2 ppos=-375.4 apid=-0.0 integ=44.5 vision=1 current=1 vframe=38426 vs=1 vage=20 vpage=20 vdt=34 vmax=68111 vacc=35076 vrej=0 seq=0 elapsed=0 oled=3C
[   3327] STATUS mode=3 fault=none enc=-472 denc=0 sreq=43 sapplied=43 crate=43 uimp=147345 upos=1385 uneg=5 ball=109.78 vball=-0.99 aball=-8.2 bref=80.00 pid=43.5 pref=-370.3 ppos=-374.6 apid=-0.0 integ=46.5 vision=1 current=1 vframe=38427 vs=1 vage=7 vpage=7 vdt=33 vmax=68111 vacc=35077 vrej=0 seq=0 elapsed=0 oled=3C
[   3358] STATUS mode=3 fault=none enc=-470 denc=-1 sreq=56 sapplied=56 crate=56 uimp=149100 upos=1425 uneg=5 ball=109.84 vball=0.69 aball=-8.2 bref=80.00 pid=56.4 pref=-367.2 ppos=-372.9 apid=-0.0 integ=48.5 vision=1 current=1 vframe=38428 vs=1 vage=14 vpage=14 vdt=33 vmax=68111 vacc=35078 vrej=0 seq=0 elapsed=0 oled=3C
[   3390] STATUS mode=3 fault=none enc=-468 denc=0 sreq=46 sapplied=46 crate=46 uimp=150145 upos=1445 uneg=5 ball=109.84 vball=0.69 aball=-8.2 bref=80.00 pid=46.0 pref=-367.2 ppos=-371.8 apid=-0.0 integ=48.5 vision=1 current=1 vframe=38428 vs=1 vage=34 vpage=34 vdt=33 vmax=68111 vacc=35078 vrej=0 seq=0 elapsed=0 oled=3C
[   3406] STATUS mode=3 fault=none enc=-465 denc=0 sreq=51 sapplied=51 crate=51 uimp=152305 upos=1485 uneg=5 ball=109.76 vball=-1.38 aball=-6.3 bref=80.00 pid=51.0 pref=-364.6 ppos=-369.7 apid=-0.0 integ=52.5 vision=1 current=1 vframe=38430 vs=1 vage=7 vpage=7 vdt=33 vmax=68111 vacc=35080 vrej=0 seq=0 elapsed=0 oled=3C
[   3436] STATUS mode=3 fault=none enc=-464 denc=0 sreq=42 sapplied=42 crate=42 uimp=153250 upos=1505 uneg=5 ball=109.76 vball=-1.38 aball=-6.3 bref=80.00 pid=41.5 pref=-364.6 ppos=-368.7 apid=-0.0 integ=52.5 vision=1 current=1 vframe=38430 vs=1 vage=27 vpage=27 vdt=33 vmax=68111 vacc=35080 vrej=0 seq=0 elapsed=0 oled=3C
[   3467] STATUS mode=3 fault=none enc=-463 denc=0 sreq=53 sapplied=53 crate=53 uimp=154120 upos=1525 uneg=5 ball=109.71 vball=-1.34 aball=-6.3 bref=80.00 pid=53.2 pref=-362.5 ppos=-367.8 apid=-0.0 integ=54.6 vision=1 current=1 vframe=38431 vs=1 vage=12 vpage=12 vdt=35 vmax=68111 vacc=35081 vrej=0 seq=0 elapsed=0 oled=3C
[   3500] STATUS mode=3 fault=none enc=-460 denc=0 sreq=55 sapplied=55 crate=55 uimp=156240 upos=1565 uneg=5 ball=109.71 vball=-0.70 aball=-6.3 bref=80.00 pid=54.9 pref=-360.2 ppos=-365.7 apid=-0.0 integ=56.5 vision=1 current=1 vframe=38432 vs=1 vage=20 vpage=20 vdt=32 vmax=68111 vacc=35082 vrej=0 seq=0 elapsed=0 oled=3C
[   3515] STATUS mode=3 fault=none enc=-459 denc=0 sreq=67 sapplied=67 crate=67 uimp=157260 upos=1585 uneg=5 ball=109.71 vball=-0.32 aball=1.3 bref=80.00 pid=66.6 pref=-358.0 ppos=-364.7 apid=0.0 integ=58.4 vision=1 current=1 vframe=38433 vs=1 vage=7 vpage=7 vdt=33 vmax=68111 vacc=35083 vrej=0 seq=0 elapsed=0 oled=3C
[   3545] STATUS mode=3 fault=none enc=-456 denc=2 sreq=54 sapplied=54 crate=54 uimp=158495 upos=1605 uneg=5 ball=109.71 vball=-0.32 aball=1.3 bref=80.00 pid=54.2 pref=-358.0 ppos=-363.5 apid=0.0 integ=58.4 vision=1 current=1 vframe=38433 vs=1 vage=27 vpage=27 vdt=33 vmax=68111 vacc=35083 vrej=0 seq=0 elapsed=0 oled=3C
[   3577] STATUS mode=3 fault=none enc=-454 denc=0 sreq=51 sapplied=51 crate=51 uimp=160875 upos=1645 uneg=5 ball=109.71 vball=-0.06 aball=1.3 bref=80.00 pid=51.1 pref=-356.0 ppos=-361.1 apid=0.0 integ=60.4 vision=1 current=1 vframe=38435 vs=1 vage=1 vpage=1 vdt=33 vmax=68111 vacc=35085 vrej=0 seq=0 elapsed=0 oled=3C
[   3608] STATUS mode=3 fault=none enc=-453 denc=0 sreq=59 sapplied=59 crate=59 uimp=162110 upos=1665 uneg=5 ball=109.71 vball=-0.06 aball=1.3 bref=80.00 pid=58.9 pref=-354.0 ppos=-359.9 apid=0.0 integ=62.3 vision=1 current=1 vframe=38435 vs=1 vage=21 vpage=21 vdt=33 vmax=68111 vacc=35085 vrej=0 seq=0 elapsed=0 oled=3C
[   3625] STATUS mode=3 fault=none enc=-452 denc=0 sreq=69 sapplied=69 crate=69 uimp=163200 upos=1685 uneg=5 ball=109.71 vball=-0.03 aball=2.0 bref=80.00 pid=68.9 pref=-351.9 ppos=-358.8 apid=0.0 integ=64.4 vision=1 current=1 vframe=38436 vs=1 vage=6 vpage=6 vdt=35 vmax=68111 vacc=35086 vrej=0 seq=0 elapsed=0 oled=3C
[   3656] STATUS mode=3 fault=none enc=-450 denc=-1 sreq=40 sapplied=40 crate=40 uimp=165450 upos=1725 uneg=5 ball=109.49 vball=-3.71 aball=2.0 bref=80.00 pid=40.0 pref=-352.5 ppos=-356.5 apid=0.0 integ=66.2 vision=1 current=1 vframe=38437 vs=1 vage=15 vpage=15 vdt=31 vmax=68111 vacc=35087 vrej=0 seq=0 elapsed=0 oled=3C
[   3686] STATUS mode=3 fault=none enc=-448 denc=1 sreq=33 sapplied=33 crate=33 uimp=166190 upos=1745 uneg=5 ball=109.35 vball=-3.80 aball=2.0 bref=80.00 pid=32.6 pref=-352.5 ppos=-355.8 apid=0.0 integ=66.2 vision=1 current=1 vframe=38438 vs=1 vage=1 vpage=1 vdt=34 vmax=68111 vacc=35088 vrej=0 seq=0 elapsed=0 oled=3C
[   3702] STATUS mode=3 fault=none enc=-447 denc=0 sreq=42 sapplied=42 crate=42 uimp=167050 upos=1765 uneg=5 ball=109.35 vball=-3.80 aball=2.0 bref=80.00 pid=41.7 pref=-350.7 ppos=-354.9 apid=0.0 integ=68.2 vision=1 current=1 vframe=38438 vs=1 vage=21 vpage=21 vdt=34 vmax=68111 vacc=35088 vrej=0 seq=0 elapsed=0 oled=3C
[   3733] STATUS mode=3 fault=none enc=-444 denc=1 sreq=52 sapplied=52 crate=52 uimp=169020 upos=1805 uneg=5 ball=109.34 vball=-2.03 aball=-8.1 bref=80.00 pid=51.9 pref=-347.7 ppos=-352.9 apid=-0.0 integ=70.2 vision=1 current=1 vframe=38439 vs=1 vage=28 vpage=28 vdt=33 vmax=68111 vacc=35089 vrej=0 seq=0 elapsed=0 oled=3C
[   3765] STATUS mode=3 fault=none enc=-443 denc=1 sreq=66 sapplied=66 crate=66 uimp=170235 upos=1825 uneg=5 ball=109.35 vball=-0.93 aball=-8.1 bref=80.00 pid=65.8 pref=-345.1 ppos=-351.7 apid=-0.0 integ=72.1 vision=1 current=1 vframe=38440 vs=1 vage=15 vpage=15 vdt=33 vmax=68111 vacc=35090 vrej=0 seq=0 elapsed=0 oled=3C
[   3795] STATUS mode=3 fault=none enc=-439 denc=2 sreq=64 sapplied=64 crate=64 uimp=172785 upos=1865 uneg=5 ball=109.36 vball=-0.40 aball=-8.1 bref=80.00 pid=63.6 pref=-342.8 ppos=-349.2 apid=-0.0 integ=74.1 vision=1 current=1 vframe=38441 vs=1 vage=21 vpage=21 vdt=34 vmax=68111 vacc=35091 vrej=0 seq=0 elapsed=0 oled=3C
[   3811] STATUS mode=3 fault=none enc=-438 denc=1 sreq=84 sapplied=84 crate=84 uimp=173965 upos=1885 uneg=5 ball=109.70 vball=4.33 aball=24.2 bref=80.00 pid=84.3 pref=-339.6 ppos=-348.0 apid=0.0 integ=74.1 vision=1 current=1 vframe=38442 vs=1 vage=8 vpage=8 vdt=33 vmax=68111 vacc=35092 vrej=0 seq=0 elapsed=0 oled=3C
[   3842] STATUS mode=3 fault=none enc=-437 denc=0 sreq=69 sapplied=69 crate=69 uimp=175525 upos=1905 uneg=5 ball=109.70 vball=4.33 aball=24.2 bref=80.00 pid=68.7 pref=-339.6 ppos=-346.4 apid=0.0 integ=74.1 vision=1 current=1 vframe=38442 vs=1 vage=28 vpage=28 vdt=33 vmax=68111 vacc=35092 vrej=0 seq=0 elapsed=0 oled=3C
[   3875] STATUS mode=3 fault=none enc=-435 denc=-1 sreq=0 sapplied=0 crate=19 uimp=176825 upos=1935 uneg=5 ball=109.49 vball=-1.31 aball=24.2 bref=80.00 pid=19.3 pref=-343.2 ppos=-345.1 apid=0.0 integ=74.1 vision=1 current=1 vframe=38443 vs=1 vage=32 vpage=32 vdt=36 vmax=68111 vacc=35093 vrej=0 seq=0 elapsed=0 oled=3C
[   3906] STATUS mode=3 fault=none enc=-434 denc=0 sreq=0 sapplied=0 crate=12 uimp=176825 upos=1935 uneg=5 ball=109.37 vball=-2.23 aball=24.2 bref=80.00 pid=12.4 pref=-343.9 ppos=-345.1 apid=0.0 integ=74.1 vision=1 current=1 vframe=38444 vs=1 vage=19 vpage=19 vdt=33 vmax=68111 vacc=35094 vrej=0 seq=0 elapsed=0 oled=3C
[   3920] STATUS mode=3 fault=none enc=-434 denc=0 sreq=77 sapplied=77 crate=77 uimp=176825 upos=1935 uneg=5 ball=109.87 vball=7.54 aball=27.7 bref=80.00 pid=77.0 pref=-337.4 ppos=-345.1 apid=0.0 integ=74.1 vision=1 current=1 vframe=38445 vs=1 vage=8 vpage=8 vdt=31 vmax=68111 vacc=35095 vrej=0 seq=0 elapsed=0 oled=3C
[   3952] STATUS mode=3 fault=none enc=-433 denc=-1 sreq=51 sapplied=51 crate=51 uimp=179420 upos=1975 uneg=5 ball=110.11 vball=7.05 aball=27.7 bref=80.00 pid=51.0 pref=-337.4 ppos=-342.5 apid=0.0 integ=74.1 vision=1 current=1 vframe=38446 vs=1 vage=15 vpage=15 vdt=33 vmax=68111 vacc=35096 vrej=0 seq=0 elapsed=0 oled=3C
[   3983] STATUS mode=3 fault=none enc=-431 denc=1 sreq=42 sapplied=42 crate=42 uimp=180365 upos=1995 uneg=5 ball=110.11 vball=7.05 aball=27.7 bref=80.00 pid=41.5 pref=-337.4 ppos=-341.6 apid=0.0 integ=74.1 vision=1 current=1 vframe=38446 vs=1 vage=35 vpage=35 vdt=33 vmax=68111 vacc=35096 vrej=0 seq=0 elapsed=0 oled=3C
[   4015] STATUS mode=3 fault=none enc=-431 denc=-1 sreq=0 sapplied=0 crate=19 uimp=180890 upos=2015 uneg=5 ball=110.14 vball=4.15 aball=27.7 bref=80.00 pid=19.2 pref=-339.1 ppos=-341.1 apid=0.0 integ=74.1 vision=1 current=1 vframe=38447 vs=1 vage=20 vpage=20 vdt=35 vmax=68111 vacc=35097 vrej=0 seq=0 elapsed=0 oled=3C
[   4031] STATUS mode=3 fault=none enc=-430 denc=0 sreq=0 sapplied=0 crate=16 uimp=180890 upos=2015 uneg=5 ball=110.22 vball=3.41 aball=-3.1 bref=80.00 pid=15.7 pref=-339.5 ppos=-341.1 apid=-0.0 integ=74.1 vision=1 current=1 vframe=38448 vs=1 vage=27 vpage=27 vdt=33 vmax=68111 vacc=35098 vrej=0 seq=0 elapsed=0 oled=3C
[   4061] STATUS mode=3 fault=none enc=-430 denc=0 sreq=0 sapplied=0 crate=0 uimp=180890 upos=2015 uneg=5 ball=110.24 vball=2.10 aball=-3.1 bref=80.00 pid=0.0 pref=-340.3 ppos=-341.1 apid=-0.0 integ=74.1 vision=1 current=1 vframe=38449 vs=1 vage=13 vpage=13 vdt=34 vmax=68111 vacc=35099 vrej=0 seq=0 elapsed=0 oled=3C
[   4092] STATUS mode=3 fault=none enc=-430 denc=0 sreq=0 sapplied=0 crate=0 uimp=180890 upos=2015 uneg=5 ball=110.24 vball=0.98 aball=-3.1 bref=80.00 pid=0.0 pref=-340.3 ppos=-341.1 apid=-0.0 integ=74.1 vision=1 current=1 vframe=38450 vs=1 vage=1 vpage=1 vdt=32 vmax=68111 vacc=35100 vrej=0 seq=0 elapsed=0 oled=3C
[   4108] STATUS mode=3 fault=none enc=-430 denc=0 sreq=0 sapplied=0 crate=0 uimp=180890 upos=2015 uneg=5 ball=110.22 vball=0.29 aball=-15.8 bref=80.00 pid=0.0 pref=-341.4 ppos=-341.1 apid=-0.0 integ=74.1 vision=1 current=1 vframe=38451 vs=1 vage=7 vpage=7 vdt=34 vmax=68111 vacc=35101 vrej=0 seq=0 elapsed=0 oled=3C
[   4140] STATUS mode=3 fault=none enc=-430 denc=0 sreq=0 sapplied=0 crate=0 uimp=180890 upos=2015 uneg=5 ball=110.22 vball=0.29 aball=-15.8 bref=80.00 pid=0.0 pref=-341.4 ppos=-341.1 apid=-0.0 integ=74.1 vision=1 current=1 vframe=38451 vs=1 vage=27 vpage=27 vdt=34 vmax=68111 vacc=35101 vrej=0 seq=0 elapsed=0 oled=3C
[   4170] STATUS mode=3 fault=none enc=-430 denc=0 sreq=0 sapplied=0 crate=0 uimp=180890 upos=2015 uneg=5 ball=110.22 vball=0.06 aball=-15.8 bref=80.00 pid=0.0 pref=-341.5 ppos=-341.1 apid=-0.0 integ=74.1 vision=1 current=1 vframe=38452 vs=1 vage=12 vpage=12 vdt=35 vmax=68111 vacc=35102 vrej=0 seq=0 elapsed=0 oled=3C
[   4202] STATUS mode=3 fault=none enc=-430 denc=0 sreq=0 sapplied=0 crate=0 uimp=180890 upos=2015 uneg=5 ball=110.30 vball=0.57 aball=-15.8 bref=80.00 pid=0.0 pref=-341.1 ppos=-341.1 apid=-0.0 integ=74.1 vision=1 current=1 vframe=38453 vs=1 vage=21 vpage=21 vdt=31 vmax=68111 vacc=35103 vrej=0 seq=0 elapsed=0 oled=3C
[   4217] STATUS mode=3 fault=none enc=-430 denc=0 sreq=0 sapplied=0 crate=11 uimp=180890 upos=2015 uneg=5 ball=110.22 vball=-0.79 aball=-13.5 bref=80.00 pid=11.1 pref=-340.0 ppos=-341.1 apid=-0.0 integ=76.2 vision=1 current=1 vframe=38454 vs=1 vage=7 vpage=7 vdt=34 vmax=68111 vacc=35104 vrej=0 seq=0 elapsed=0 oled=3C
[   4250] STATUS mode=3 fault=none enc=-430 denc=0 sreq=0 sapplied=0 crate=11 uimp=180890 upos=2015 uneg=5 ball=110.22 vball=-0.79 aball=-13.5 bref=80.00 pid=11.1 pref=-340.0 ppos=-341.1 apid=-0.0 integ=76.2 vision=1 current=1 vframe=38454 vs=1 vage=27 vpage=27 vdt=34 vmax=68111 vacc=35104 vrej=0 seq=0 elapsed=0 oled=3C
[   4281] STATUS mode=3 fault=none enc=-430 denc=-1 sreq=26 sapplied=26 crate=26 uimp=181820 upos=2045 uneg=5 ball=110.24 vball=-0.13 aball=-13.5 bref=80.00 pid=25.9 pref=-337.5 ppos=-340.1 apid=-0.0 integ=78.2 vision=1 current=1 vframe=38455 vs=1 vage=34 vpage=34 vdt=33 vmax=68111 vacc=35105 vrej=0 seq=0 elapsed=0 oled=3C
[   4311] STATUS mode=3 fault=none enc=-429 denc=0 sreq=39 sapplied=39 crate=39 uimp=182595 upos=2065 uneg=5 ball=110.23 vball=-0.20 aball=-13.5 bref=80.00 pid=38.8 pref=-335.5 ppos=-339.4 apid=-0.0 integ=80.3 vision=1 current=1 vframe=38456 vs=1 vage=19 vpage=19 vdt=35 vmax=68111 vacc=35106 vrej=0 seq=0 elapsed=0 oled=3C
[   4327] STATUS mode=3 fault=none enc=-425 denc=1 sreq=45 sapplied=45 crate=45 uimp=184335 upos=2105 uneg=5 ball=110.26 vball=0.33 aball=-2.5 bref=80.00 pid=44.9 pref=-333.1 ppos=-337.6 apid=-0.0 integ=82.3 vision=1 current=1 vframe=38457 vs=1 vage=26 vpage=26 vdt=33 vmax=68111 vacc=35107 vrej=0 seq=0 elapsed=0 oled=3C
[   4358] STATUS mode=3 fault=none enc=-425 denc=-1 sreq=56 sapplied=56 crate=56 uimp=185380 upos=2125 uneg=5 ball=110.29 vball=0.58 aball=-2.5 bref=80.00 pid=55.7 pref=-331.0 ppos=-336.6 apid=-0.0 integ=84.2 vision=1 current=1 vframe=38458 vs=1 vage=14 vpage=14 vdt=32 vmax=68111 vacc=35108 vrej=0 seq=0 elapsed=0 oled=3C
[   4390] STATUS mode=3 fault=none enc=-423 denc=0 sreq=45 sapplied=45 crate=45 uimp=186415 upos=2145 uneg=5 ball=110.29 vball=0.58 aball=-2.5 bref=80.00 pid=45.4 pref=-331.0 ppos=-335.5 apid=-0.0 integ=84.2 vision=1 current=1 vframe=38458 vs=1 vage=34 vpage=34 vdt=32 vmax=68111 vacc=35108 vrej=0 seq=0 elapsed=0 oled=3C
[   4420] STATUS mode=3 fault=none enc=-420 denc=0 sreq=63 sapplied=63 crate=63 uimp=188515 upos=2185 uneg=5 ball=110.29 vball=0.15 aball=-2.2 bref=80.00 pid=63.0 pref=-327.1 ppos=-333.4 apid=-0.0 integ=88.3 vision=1 current=1 vframe=38460 vs=1 vage=6 vpage=6 vdt=34 vmax=68111 vacc=35110 vrej=0 seq=0 elapsed=0 oled=3C
[   4436] STATUS mode=3 fault=none enc=-418 denc=1 sreq=51 sapplied=51 crate=51 uimp=189685 upos=2205 uneg=5 ball=110.29 vball=0.15 aball=-2.2 bref=80.00 pid=51.3 pref=-327.1 ppos=-332.3 apid=-0.0 integ=88.3 vision=1 current=1 vframe=38460 vs=1 vage=26 vpage=26 vdt=34 vmax=68111 vacc=35110 vrej=0 seq=0 elapsed=0 oled=3C
[   4467] STATUS mode=3 fault=none enc=-416 denc=2 sreq=60 sapplied=60 crate=60 uimp=190735 upos=2225 uneg=5 ball=110.29 vball=0.07 aball=-2.2 bref=80.00 pid=60.3 pref=-325.2 ppos=-331.2 apid=-0.0 integ=90.3 vision=1 current=1 vframe=38461 vs=1 vage=13 vpage=13 vdt=33 vmax=68111 vacc=35111 vrej=0 seq=0 elapsed=0 oled=3C
[   4500] STATUS mode=3 fault=none enc=-414 denc=0 sreq=57 sapplied=57 crate=57 uimp=193040 upos=2265 uneg=5 ball=110.29 vball=0.03 aball=-2.2 bref=80.00 pid=57.0 pref=-323.2 ppos=-328.9 apid=-0.0 integ=92.3 vision=1 current=1 vframe=38462 vs=1 vage=20 vpage=20 vdt=33 vmax=68111 vacc=35112 vrej=0 seq=0 elapsed=0 oled=3C
[   4515] STATUS mode=3 fault=none enc=-413 denc=0 sreq=74 sapplied=74 crate=74 uimp=194095 upos=2285 uneg=5 ball=110.54 vball=4.05 aball=16.5 bref=80.00 pid=73.6 pref=-320.5 ppos=-327.9 apid=0.0 integ=92.3 vision=1 current=1 vframe=38463 vs=1 vage=7 vpage=7 vdt=33 vmax=68111 vacc=35113 vrej=0 seq=0 elapsed=0 oled=3C
[   4545] STATUS mode=3 fault=none enc=-411 denc=1 sreq=60 sapplied=60 crate=60 uimp=195460 upos=2305 uneg=5 ball=110.54 vball=4.05 aball=16.5 bref=80.00 pid=59.9 pref=-320.5 ppos=-326.5 apid=0.0 integ=92.3 vision=1 current=1 vframe=38463 vs=1 vage=27 vpage=27 vdt=33 vmax=68111 vacc=35113 vrej=0 seq=0 elapsed=0 oled=3C
[   4577] STATUS mode=3 fault=none enc=-409 denc=0 sreq=41 sapplied=41 crate=41 uimp=197525 upos=2345 uneg=5 ball=110.68 vball=4.08 aball=16.5 bref=80.00 pid=41.1 pref=-320.3 ppos=-324.4 apid=0.0 integ=92.3 vision=1 current=1 vframe=38464 vs=1 vage=34 vpage=34 vdt=33 vmax=68111 vacc=35114 vrej=0 seq=0 elapsed=0 oled=3C
[   4608] STATUS mode=3 fault=none enc=-408 denc=0 sreq=25 sapplied=25 crate=25 uimp=198145 upos=2365 uneg=5 ball=110.69 vball=2.41 aball=16.5 bref=80.00 pid=25.0 pref=-321.3 ppos=-323.8 apid=0.0 integ=92.3 vision=1 current=1 vframe=38465 vs=1 vage=20 vpage=20 vdt=34 vmax=68111 vacc=35115 vrej=0 seq=0 elapsed=0 oled=3C
[   4625] STATUS mode=3 fault=none enc=-408 denc=1 sreq=0 sapplied=0 crate=16 uimp=198610 upos=2385 uneg=5 ball=110.72 vball=1.57 aball=-2.0 bref=80.00 pid=15.7 pref=-321.8 ppos=-323.4 apid=-0.0 integ=92.3 vision=1 current=1 vframe=38466 vs=1 vage=6 vpage=6 vdt=34 vmax=68111 vacc=35116 vrej=0 seq=0 elapsed=0 oled=3C
[   4656] STATUS mode=3 fault=none enc=-408 denc=0 sreq=0 sapplied=0 crate=11 uimp=198610 upos=2385 uneg=5 ball=110.71 vball=0.75 aball=-2.0 bref=80.00 pid=10.7 pref=-322.3 ppos=-323.4 apid=-0.0 integ=92.3 vision=1 current=1 vframe=38467 vs=1 vage=13 vpage=13 vdt=33 vmax=68111 vacc=35117 vrej=0 seq=0 elapsed=0 oled=3C
[   4686] STATUS mode=3 fault=none enc=-408 denc=0 sreq=0 sapplied=0 crate=11 uimp=198610 upos=2385 uneg=5 ball=110.74 vball=0.84 aball=-2.0 bref=80.00 pid=10.7 pref=-322.3 ppos=-323.4 apid=-0.0 integ=92.3 vision=1 current=1 vframe=38468 vs=1 vage=1 vpage=1 vdt=32 vmax=68111 vacc=35118 vrej=0 seq=0 elapsed=0 oled=3C
[   4717] STATUS mode=3 fault=none enc=-408 denc=0 sreq=0 sapplied=0 crate=10 uimp=198610 upos=2385 uneg=5 ball=110.75 vball=0.57 aball=-5.6 bref=80.00 pid=10.1 pref=-322.3 ppos=-323.4 apid=-0.0 integ=92.3 vision=1 current=1 vframe=38468 vs=1 vage=21 vpage=21 vdt=32 vmax=68111 vacc=35118 vrej=0 seq=0 elapsed=0 oled=3C
[   4733] STATUS mode=3 fault=none enc=-408 denc=0 sreq=0 sapplied=0 crate=10 uimp=198610 upos=2385 uneg=5 ball=110.75 vball=0.57 aball=-5.6 bref=80.00 pid=10.1 pref=-322.3 ppos=-323.4 apid=-0.0 integ=92.3 vision=1 current=1 vframe=38469 vs=1 vage=27 vpage=27 vdt=34 vmax=68111 vacc=35119 vrej=0 seq=0 elapsed=0 oled=3C
[   4765] STATUS mode=3 fault=none enc=-408 denc=0 sreq=0 sapplied=0 crate=0 uimp=198610 upos=2385 uneg=5 ball=110.67 vball=-1.06 aball=-5.6 bref=80.00 pid=0.0 pref=-323.4 ppos=-323.4 apid=-0.0 integ=92.3 vision=1 current=1 vframe=38470 vs=1 vage=14 vpage=14 vdt=33 vmax=68111 vacc=35120 vrej=0 seq=0 elapsed=0 oled=3C
[   4795] STATUS mode=3 fault=none enc=-408 denc=0 sreq=0 sapplied=0 crate=19 uimp=198710 upos=2390 uneg=5 ball=110.63 vball=-1.04 aball=-5.6 bref=80.00 pid=19.4 pref=-321.3 ppos=-323.3 apid=-0.0 integ=94.5 vision=1 current=1 vframe=38471 vs=1 vage=19 vpage=19 vdt=35 vmax=68111 vacc=35121 vrej=0 seq=0 elapsed=0 oled=3C
[   4811] STATUS mode=3 fault=none enc=-407 denc=0 sreq=50 sapplied=50 crate=50 uimp=198710 upos=2390 uneg=5 ball=110.70 vball=0.70 aball=-2.5 bref=80.00 pid=50.3 pref=-318.2 ppos=-323.3 apid=-0.0 integ=96.4 vision=1 current=1 vframe=38472 vs=1 vage=7 vpage=7 vdt=32 vmax=68111 vacc=35122 vrej=0 seq=0 elapsed=0 oled=3C
[   4842] STATUS mode=3 fault=none enc=-407 denc=-1 sreq=41 sapplied=41 crate=41 uimp=199640 upos=2410 uneg=5 ball=110.70 vball=0.70 aball=-2.5 bref=80.00 pid=41.0 pref=-318.2 ppos=-322.3 apid=-0.0 integ=96.4 vision=1 current=1 vframe=38472 vs=1 vage=27 vpage=27 vdt=32 vmax=68111 vacc=35122 vrej=0 seq=0 elapsed=0 oled=3C
[   4875] STATUS mode=3 fault=none enc=-404 denc=0 sreq=45 sapplied=45 crate=45 uimp=201530 upos=2450 uneg=5 ball=110.74 vball=0.88 aball=-2.5 bref=80.00 pid=44.6 pref=-316.0 ppos=-320.4 apid=-0.0 integ=98.5 vision=1 current=1 vframe=38473 vs=1 vage=33 vpage=33 vdt=34 vmax=68111 vacc=35123 vrej=0 seq=0 elapsed=0 oled=3C
[   4906] STATUS mode=3 fault=none enc=-402 denc=2 sreq=50 sapplied=50 crate=50 uimp=202580 upos=2470 uneg=5 ball=110.71 vball=0.03 aball=-2.5 bref=80.00 pid=49.5 pref=-314.4 ppos=-319.4 apid=-0.0 integ=100.6 vision=1 current=1 vframe=38474 vs=1 vage=19 vpage=19 vdt=34 vmax=68111 vacc=35124 vrej=0 seq=0 elapsed=0 oled=3C
[   4920] STATUS mode=3 fault=none enc=-401 denc=1 sreq=58 sapplied=58 crate=58 uimp=203500 upos=2490 uneg=5 ball=110.68 vball=-0.36 aball=-6.1 bref=80.00 pid=58.5 pref=-312.6 ppos=-318.5 apid=-0.0 integ=102.7 vision=1 current=1 vframe=38475 vs=1 vage=5 vpage=5 vdt=34 vmax=68111 vacc=35125 vrej=0 seq=0 elapsed=0 oled=3C
[   4952] STATUS mode=3 fault=none enc=-399 denc=0 sreq=57 sapplied=57 crate=57 uimp=205665 upos=2530 uneg=5 ball=110.68 vball=-0.22 aball=-6.1 bref=80.00 pid=56.7 pref=-310.6 ppos=-316.3 apid=-0.0 integ=104.6 vision=1 current=1 vframe=38476 vs=1 vage=14 vpage=14 vdt=31 vmax=68111 vacc=35126 vrej=0 seq=0 elapsed=0 oled=3C
[   4983] STATUS mode=3 fault=none enc=-398 denc=0 sreq=46 sapplied=46 crate=46 uimp=206720 upos=2550 uneg=5 ball=110.68 vball=-0.11 aball=-6.1 bref=80.00 pid=46.1 pref=-310.6 ppos=-315.2 apid=-0.0 integ=104.6 vision=1 current=1 vframe=38477 vs=1 vage=1 vpage=1 vdt=33 vmax=68111 vacc=35127 vrej=0 seq=0 elapsed=0 oled=3C
[   5015] STATUS mode=3 fault=none enc=-395 denc=1 sreq=56 sapplied=56 crate=56 uimp=207875 upos=2570 uneg=5 ball=110.68 vball=-0.11 aball=-6.1 bref=80.00 pid=55.5 pref=-308.5 ppos=-314.1 apid=-0.0 integ=106.6 vision=1 current=1 vframe=38477 vs=1 vage=21 vpage=21 vdt=33 vmax=68111 vacc=35127 vrej=0 seq=0 elapsed=0 oled=3C
[   5031] STATUS mode=3 fault=none enc=-392 denc=1 sreq=52 sapplied=52 crate=52 uimp=210080 upos=2610 uneg=5 ball=110.65 vball=-0.51 aball=-4.0 bref=80.00 pid=51.5 pref=-306.7 ppos=-311.9 apid=-0.0 integ=108.7 vision=1 current=1 vframe=38478 vs=1 vage=27 vpage=27 vdt=34 vmax=68111 vacc=35128 vrej=0 seq=0 elapsed=0 oled=3C
[   5061] STATUS mode=3 fault=none enc=-391 denc=0 sreq=61 sapplied=61 crate=61 uimp=211245 upos=2630 uneg=5 ball=110.64 vball=-0.30 aball=-4.0 bref=80.00 pid=61.2 pref=-304.6 ppos=-310.7 apid=-0.0 integ=110.7 vision=1 current=1 vframe=38479 vs=1 vage=14 vpage=14 vdt=33 vmax=68111 vacc=35129 vrej=0 seq=0 elapsed=0 oled=3C
[   5092] STATUS mode=3 fault=none enc=-388 denc=1 sreq=63 sapplied=63 crate=63 uimp=213685 upos=2670 uneg=5 ball=110.69 vball=0.62 aball=-4.0 bref=80.00 pid=63.2 pref=-302.0 ppos=-308.3 apid=-0.0 integ=112.8 vision=1 current=1 vframe=38480 vs=1 vage=21 vpage=21 vdt=33 vmax=68111 vacc=35130 vrej=0 seq=0 elapsed=0 oled=3C
[   5125] STATUS mode=3 fault=none enc=-387 denc=0 sreq=72 sapplied=72 crate=72 uimp=214855 upos=2690 uneg=5 ball=110.71 vball=0.54 aball=2.5 bref=80.00 pid=72.2 pref=-299.9 ppos=-307.1 apid=0.0 integ=114.9 vision=1 current=1 vframe=38481 vs=1 vage=7 vpage=7 vdt=34 vmax=68111 vacc=35131 vrej=0 seq=0 elapsed=0 oled=3C
[   5140] STATUS mode=3 fault=none enc=-384 denc=1 sreq=59 sapplied=59 crate=59 uimp=216195 upos=2710 uneg=5 ball=110.71 vball=0.54 aball=2.5 bref=80.00 pid=58.8 pref=-299.9 ppos=-305.8 apid=0.0 integ=114.9 vision=1 current=1 vframe=38481 vs=1 vage=27 vpage=27 vdt=34 vmax=68111 vacc=35131 vrej=0 seq=0 elapsed=0 oled=3C
[   5170] STATUS mode=3 fault=none enc=-381 denc=1 sreq=51 sapplied=51 crate=51 uimp=218590 upos=2750 uneg=5 ball=110.67 vball=-0.20 aball=2.5 bref=80.00 pid=50.6 pref=-298.3 ppos=-303.4 apid=0.0 integ=116.9 vision=1 current=1 vframe=38483 vs=1 vage=1 vpage=1 vdt=33 vmax=68111 vacc=35133 vrej=0 seq=0 elapsed=0 oled=3C
[   5202] STATUS mode=3 fault=none enc=-380 denc=1 sreq=58 sapplied=58 crate=58 uimp=219810 upos=2770 uneg=5 ball=110.67 vball=-0.20 aball=2.5 bref=80.00 pid=58.2 pref=-296.3 ppos=-302.2 apid=0.0 integ=118.9 vision=1 current=1 vframe=38483 vs=1 vage=21 vpage=21 vdt=33 vmax=68111 vacc=35133 vrej=0 seq=0 elapsed=0 oled=3C
[   5233] STATUS mode=3 fault=none enc=-379 denc=0 sreq=73 sapplied=73 crate=73 uimp=220890 upos=2790 uneg=5 ball=110.71 vball=0.48 aball=1.1 bref=80.00 pid=72.8 pref=-293.8 ppos=-301.1 apid=0.0 integ=121.0 vision=1 current=1 vframe=38484 vs=1 vage=7 vpage=7 vdt=34 vmax=68111 vacc=35134 vrej=0 seq=0 elapsed=0 oled=3C
[   5250] STATUS mode=3 fault=none enc=-375 denc=0 sreq=70 sapplied=70 crate=70 uimp=223575 upos=2830 uneg=5 ball=110.77 vball=1.04 aball=1.1 bref=80.00 pid=70.4 pref=-291.3 ppos=-298.4 apid=0.0 integ=123.0 vision=1 current=1 vframe=38485 vs=1 vage=14 vpage=14 vdt=33 vmax=68111 vacc=35135 vrej=0 seq=0 elapsed=0 oled=3C
[   5281] STATUS mode=3 fault=none enc=-374 denc=0 sreq=57 sapplied=57 crate=57 uimp=224880 upos=2850 uneg=5 ball=110.79 vball=0.79 aball=1.1 bref=80.00 pid=57.3 pref=-291.3 ppos=-297.1 apid=0.0 integ=123.0 vision=1 current=1 vframe=38486 vs=1 vage=1 vpage=1 vdt=33 vmax=68111 vacc=35136 vrej=0 seq=0 elapsed=0 oled=3C
[   5311] STATUS mode=3 fault=none enc=-372 denc=1 sreq=63 sapplied=63 crate=63 uimp=226215 upos=2870 uneg=5 ball=110.79 vball=0.79 aball=1.1 bref=80.00 pid=63.0 pref=-289.4 ppos=-295.7 apid=0.0 integ=125.1 vision=1 current=1 vframe=38486 vs=1 vage=21 vpage=21 vdt=33 vmax=68111 vacc=35136 vrej=0 seq=0 elapsed=0 oled=3C
[   5327] STATUS mode=3 fault=none enc=-369 denc=0 sreq=58 sapplied=58 crate=58 uimp=228705 upos=2910 uneg=5 ball=110.80 vball=0.59 aball=1.1 bref=80.00 pid=58.0 pref=-287.5 ppos=-293.3 apid=0.0 integ=127.2 vision=1 current=1 vframe=38487 vs=1 vage=27 vpage=27 vdt=34 vmax=68111 vacc=35137 vrej=0 seq=0 elapsed=0 oled=3C
[   5358] STATUS mode=3 fault=none enc=-368 denc=1 sreq=64 sapplied=64 crate=64 uimp=229960 upos=2930 uneg=5 ball=110.80 vball=0.29 aball=1.1 bref=80.00 pid=64.0 pref=-285.6 ppos=-292.0 apid=0.0 integ=129.2 vision=1 current=1 vframe=38488 vs=1 vage=14 vpage=14 vdt=33 vmax=68111 vacc=35138 vrej=0 seq=0 elapsed=0 oled=3C
[   5390] STATUS mode=3 fault=none enc=-367 denc=0 sreq=52 sapplied=52 crate=52 uimp=231150 upos=2950 uneg=5 ball=110.80 vball=0.13 aball=1.1 bref=80.00 pid=52.1 pref=-285.6 ppos=-290.8 apid=0.0 integ=129.2 vision=1 current=1 vframe=38489 vs=1 vage=1 vpage=1 vdt=33 vmax=68111 vacc=35139 vrej=0 seq=0 elapsed=0 oled=3C
[   5420] STATUS mode=3 fault=none enc=-364 denc=0 sreq=69 sapplied=69 crate=69 uimp=233485 upos=2990 uneg=5 ball=110.81 vball=0.18 aball=-1.2 bref=80.00 pid=69.5 pref=-281.5 ppos=-288.5 apid=-0.0 integ=133.3 vision=1 current=1 vframe=38490 vs=1 vage=7 vpage=7 vdt=34 vmax=68111 vacc=35140 vrej=0 seq=0 elapsed=0 oled=3C
[   5436] STATUS mode=3 fault=none enc=-362 denc=1 sreq=57 sapplied=57 crate=57 uimp=234775 upos=3010 uneg=5 ball=110.81 vball=0.18 aball=-1.2 bref=80.00 pid=56.6 pref=-281.5 ppos=-287.2 apid=-0.0 integ=133.3 vision=1 current=1 vframe=38490 vs=1 vage=27 vpage=27 vdt=34 vmax=68111 vacc=35140 vrej=0 seq=0 elapsed=0 oled=3C
[   5467] STATUS mode=3 fault=none enc=-361 denc=-1 sreq=61 sapplied=61 crate=61 uimp=235990 upos=3030 uneg=5 ball=110.77 vball=-0.34 aball=-1.2 bref=80.00 pid=61.1 pref=-279.9 ppos=-286.0 apid=-0.0 integ=135.3 vision=1 current=1 vframe=38491 vs=1 vage=14 vpage=14 vdt=33 vmax=68111 vacc=35141 vrej=0 seq=0 elapsed=0 oled=3C
[   5500] STATUS mode=3 fault=none enc=-358 denc=0 sreq=59 sapplied=59 crate=59 uimp=238355 upos=3070 uneg=5 ball=110.77 vball=-0.22 aball=-1.2 bref=80.00 pid=59.1 pref=-277.7 ppos=-283.6 apid=-0.0 integ=137.4 vision=1 current=1 vframe=38492 vs=1 vage=20 vpage=20 vdt=34 vmax=68111 vacc=35142 vrej=0 seq=0 elapsed=0 oled=3C
[   5531] STATUS mode=3 fault=none enc=-357 denc=0 sreq=72 sapplied=72 crate=72 uimp=239450 upos=3090 uneg=5 ball=110.78 vball=0.06 aball=-1.2 bref=80.00 pid=71.5 pref=-275.4 ppos=-282.5 apid=-0.0 integ=139.6 vision=1 current=1 vframe=38493 vs=1 vage=5 vpage=5 vdt=35 vmax=68111 vacc=35143 vrej=0 seq=0 elapsed=0 oled=3C
[   5545] STATUS mode=3 fault=none enc=-352 denc=2 sreq=67 sapplied=67 crate=67 uimp=241960 upos=3130 uneg=5 ball=110.78 vball=0.05 aball=-1.2 bref=80.00 pid=66.7 pref=-273.3 ppos=-280.0 apid=-0.0 integ=141.6 vision=1 current=1 vframe=38494 vs=1 vage=12 vpage=12 vdt=33 vmax=68111 vacc=35144 vrej=0 seq=0 elapsed=0 oled=3C
[   5577] STATUS mode=3 fault=none enc=-352 denc=-1 sreq=54 sapplied=54 crate=54 uimp=243195 upos=3150 uneg=5 ball=110.78 vball=0.05 aball=-1.2 bref=80.00 pid=54.3 pref=-273.3 ppos=-278.8 apid=-0.0 integ=141.6 vision=1 current=1 vframe=38494 vs=1 vage=32 vpage=32 vdt=33 vmax=68111 vacc=35144 vrej=0 seq=0 elapsed=0 oled=3C
[   5608] STATUS mode=3 fault=none enc=-350 denc=1 sreq=62 sapplied=62 crate=62 uimp=244490 upos=3170 uneg=5 ball=110.78 vball=0.03 aball=-1.2 bref=80.00 pid=61.6 pref=-271.3 ppos=-277.5 apid=-0.0 integ=143.7 vision=1 current=1 vframe=38495 vs=1 vage=19 vpage=19 vdt=33 vmax=68111 vacc=35145 vrej=0 seq=0 elapsed=0 oled=3C
[   5640] STATUS mode=3 fault=none enc=-347 denc=-1 sreq=75 sapplied=75 crate=75 uimp=247340 upos=3210 uneg=5 ball=111.02 vball=3.12 aball=13.2 bref=80.00 pid=75.0 pref=-267.1 ppos=-274.6 apid=0.0 integ=145.7 vision=1 current=1 vframe=38496 vs=1 vage=26 vpage=26 vdt=33 vmax=68111 vacc=35146 vrej=0 seq=0 elapsed=0 oled=3C
[   5656] STATUS mode=3 fault=none enc=-345 denc=1 sreq=73 sapplied=73 crate=73 uimp=248850 upos=3230 uneg=5 ball=111.04 vball=1.90 aball=13.2 bref=80.00 pid=72.6 pref=-265.8 ppos=-273.1 apid=0.0 integ=147.7 vision=1 current=1 vframe=38497 vs=1 vage=14 vpage=14 vdt=32 vmax=68111 vacc=35147 vrej=0 seq=0 elapsed=0 oled=3C
[   5686] STATUS mode=3 fault=none enc=-343 denc=1 sreq=59 sapplied=59 crate=59 uimp=250200 upos=3250 uneg=5 ball=111.04 vball=1.90 aball=13.2 bref=80.00 pid=59.1 pref=-265.8 ppos=-271.8 apid=0.0 integ=147.7 vision=1 current=1 vframe=38497 vs=1 vage=34 vpage=34 vdt=32 vmax=68111 vacc=35147 vrej=0 seq=0 elapsed=0 oled=3C
[   5717] STATUS mode=3 fault=none enc=-340 denc=0 sreq=68 sapplied=68 crate=68 uimp=252645 upos=3290 uneg=5 ball=111.04 vball=0.53 aball=-4.5 bref=80.00 pid=68.1 pref=-262.5 ppos=-269.3 apid=-0.0 integ=151.8 vision=1 current=1 vframe=38499 vs=1 vage=7 vpage=7 vdt=33 vmax=68111 vacc=35149 vrej=0 seq=0 elapsed=0 oled=3C
[   5750] STATUS mode=3 fault=none enc=-337 denc=2 sreq=55 sapplied=55 crate=55 uimp=253905 upos=3310 uneg=5 ball=111.04 vball=0.53 aball=-4.5 bref=80.00 pid=55.5 pref=-262.5 ppos=-268.1 apid=-0.0 integ=151.8 vision=1 current=1 vframe=38499 vs=1 vage=27 vpage=27 vdt=33 vmax=68111 vacc=35149 vrej=0 seq=0 elapsed=0 oled=3C
[   5765] STATUS mode=3 fault=none enc=-336 denc=1 sreq=65 sapplied=65 crate=65 uimp=255040 upos=3330 uneg=5 ball=111.06 vball=0.51 aball=-4.5 bref=80.00 pid=65.3 pref=-260.4 ppos=-266.9 apid=-0.0 integ=154.0 vision=1 current=1 vframe=38500 vs=1 vage=13 vpage=13 vdt=34 vmax=68111 vacc=35150 vrej=0 seq=0 elapsed=0 oled=3C
[   5795] STATUS mode=3 fault=none enc=-334 denc=-1 sreq=62 sapplied=62 crate=62 uimp=257435 upos=3370 uneg=5 ball=111.06 vball=0.27 aball=-4.5 bref=80.00 pid=61.7 pref=-258.4 ppos=-264.5 apid=-0.0 integ=156.1 vision=1 current=1 vframe=38501 vs=1 vage=18 vpage=18 vdt=35 vmax=68111 vacc=35151 vrej=0 seq=0 elapsed=0 oled=3C
[   5827] STATUS mode=3 fault=none enc=-332 denc=0 sreq=73 sapplied=73 crate=73 uimp=258585 upos=3390 uneg=5 ball=111.09 vball=0.61 aball=-2.1 bref=80.00 pid=73.1 pref=-256.1 ppos=-263.4 apid=-0.0 integ=158.2 vision=1 current=1 vframe=38502 vs=1 vage=5 vpage=5 vdt=33 vmax=68111 vacc=35152 vrej=0 seq=0 elapsed=0 oled=3C
[   5858] STATUS mode=3 fault=none enc=-329 denc=1 sreq=67 sapplied=67 crate=67 uimp=261150 upos=3430 uneg=5 ball=111.10 vball=0.49 aball=-2.1 bref=80.00 pid=67.4 pref=-254.1 ppos=-260.8 apid=-0.0 integ=160.2 vision=1 current=1 vframe=38503 vs=1 vage=12 vpage=12 vdt=33 vmax=68111 vacc=35153 vrej=0 seq=0 elapsed=0 oled=3C
[   5875] STATUS mode=3 fault=none enc=-328 denc=-1 sreq=55 sapplied=55 crate=55 uimp=262400 upos=3450 uneg=5 ball=111.10 vball=0.49 aball=-2.1 bref=80.00 pid=54.9 pref=-254.1 ppos=-259.6 apid=-0.0 integ=160.2 vision=1 current=1 vframe=38503 vs=1 vage=32 vpage=32 vdt=33 vmax=68111 vacc=35153 vrej=0 seq=0 elapsed=0 oled=3C
[   5906] STATUS mode=3 fault=none enc=-327 denc=0 sreq=-31 sapplied=-31 crate=-31 uimp=262770 upos=3460 uneg=10 ball=110.31 vball=-11.63 aball=-2.1 bref=80.00 pid=-31.0 pref=-262.3 ppos=-259.2 apid=-0.0 integ=-0.0 vision=1 current=1 vframe=38504 vs=1 vage=18 vpage=18 vdt=34 vmax=68111 vacc=35154 vrej=0 seq=0 elapsed=0 oled=3C
[   5936] STATUS mode=3 fault=none enc=-329 denc=-1 sreq=-52 sapplied=-52 crate=-52 uimp=261015 upos=3460 uneg=50 ball=109.53 vball=-16.46 aball=-78.0 bref=80.00 pid=-51.8 pref=-266.1 ppos=-260.9 apid=-0.0 integ=-0.0 vision=1 current=1 vframe=38505 vs=1 vage=25 vpage=25 vdt=33 vmax=68111 vacc=35155 vrej=0 seq=0 elapsed=0 oled=3C
[   5967] STATUS mode=3 fault=none enc=-330 denc=-2 sreq=-52 sapplied=-52 crate=-52 uimp=260005 upos=3460 uneg=70 ball=108.93 vball=-16.91 aball=-78.0 bref=80.00 pid=-51.6 pref=-267.1 ppos=-262.0 apid=-0.0 integ=-0.0 vision=1 current=1 vframe=38506 vs=1 vage=11 vpage=11 vdt=34 vmax=68111 vacc=35156 vrej=0 seq=0 elapsed=0 oled=3C
[   5983] STATUS mode=3 fault=none enc=-330 denc=0 sreq=-42 sapplied=-42 crate=-42 uimp=259045 upos=3460 uneg=90 ball=108.93 vball=-16.91 aball=-78.0 bref=80.00 pid=-42.0 pref=-267.1 ppos=-262.9 apid=-0.0 integ=-0.0 vision=1 current=1 vframe=38506 vs=1 vage=31 vpage=31 vdt=34 vmax=68111 vacc=35156 vrej=0 seq=0 elapsed=0 oled=3C
[   6015] STATUS mode=3 fault=none enc=-333 denc=0 sreq=-154 sapplied=-154 crate=-154 uimp=256565 upos=3460 uneg=130 ball=106.51 vball=-34.94 aball=-126.0 bref=80.00 pid=-154.4 pref=-280.8 ppos=-265.4 apid=-0.0 integ=-0.0 vision=1 current=1 vframe=38508 vs=1 vage=5 vpage=5 vdt=33 vmax=68111 vacc=35158 vrej=0 seq=0 elapsed=0 oled=3C
[   6045] STATUS mode=3 fault=none enc=-336 denc=-1 sreq=-126 sapplied=-126 crate=-126 uimp=253705 upos=3460 uneg=150 ball=106.51 vball=-34.94 aball=-126.0 bref=80.00 pid=-125.8 pref=-280.8 ppos=-268.3 apid=-0.0 integ=-0.0 vision=1 current=1 vframe=38508 vs=1 vage=25 vpage=25 vdt=33 vmax=68111 vacc=35158 vrej=0 seq=0 elapsed=0 oled=3C
[   6077] STATUS mode=3 fault=none enc=-339 denc=0 sreq=-54 sapplied=-54 crate=-54 uimp=250320 upos=3460 uneg=190 ball=105.81 vball=-27.25 aball=-126.0 bref=80.00 pid=-54.2 pref=-277.1 ppos=-271.6 apid=-0.0 integ=-0.0 vision=1 current=1 vframe=38509 vs=1 vage=31 vpage=31 vdt=34 vmax=68111 vacc=35159 vrej=0 seq=0 elapsed=0 oled=3C
[   6108] STATUS mode=3 fault=none enc=-342 denc=-1 sreq=-77 sapplied=-77 crate=-77 uimp=248960 upos=3460 uneg=210 ball=104.68 vball=-31.07 aball=-126.0 bref=80.00 pid=-77.1 pref=-280.7 ppos=-273.0 apid=-0.0 integ=-0.0 vision=1 current=1 vframe=38510 vs=1 vage=18 vpage=18 vdt=33 vmax=68111 vacc=35160 vrej=0 seq=0 elapsed=0 oled=3C
[   6125] STATUS mode=3 fault=none enc=-346 denc=-1 sreq=-73 sapplied=-73 crate=-73 uimp=245865 upos=3460 uneg=250 ball=103.45 vball=-33.14 aball=-61.2 bref=80.00 pid=-73.3 pref=-283.4 ppos=-276.1 apid=-0.0 integ=-0.0 vision=1 current=1 vframe=38511 vs=1 vage=25 vpage=25 vdt=33 vmax=68111 vacc=35161 vrej=0 seq=0 elapsed=0 oled=3C
[   6156] STATUS mode=3 fault=none enc=-348 denc=-1 sreq=-64 sapplied=-64 crate=-64 uimp=244480 upos=3460 uneg=270 ball=102.44 vball=-31.91 aball=-61.2 bref=80.00 pid=-64.2 pref=-283.9 ppos=-277.5 apid=-0.0 integ=-0.0 vision=1 current=1 vframe=38512 vs=1 vage=12 vpage=12 vdt=33 vmax=68111 vacc=35162 vrej=0 seq=0 elapsed=0 oled=3C
[   6186] STATUS mode=3 fault=none enc=-348 denc=1 sreq=-52 sapplied=-52 crate=-52 uimp=243290 upos=3460 uneg=290 ball=102.44 vball=-31.91 aball=-61.2 bref=80.00 pid=-52.3 pref=-283.9 ppos=-278.7 apid=-0.0 integ=-0.0 vision=1 current=1 vframe=38512 vs=1 vage=32 vpage=32 vdt=33 vmax=68111 vacc=35162 vrej=0 seq=0 elapsed=0 oled=3C
[   6217] STATUS mode=3 fault=none enc=-351 denc=0 sreq=-81 sapplied=-81 crate=-81 uimp=240705 upos=3460 uneg=330 ball=100.01 vball=-36.09 aball=-46.9 bref=80.00 pid=-80.7 pref=-289.3 ppos=-281.3 apid=-0.0 integ=-0.0 vision=1 current=1 vframe=38514 vs=1 vage=5 vpage=5 vdt=33 vmax=68111 vacc=35164 vrej=0 seq=0 elapsed=0 oled=3C
[   6250] STATUS mode=3 fault=none enc=-354 denc=0 sreq=-66 sapplied=-66 crate=-66 uimp=239205 upos=3460 uneg=350 ball=100.01 vball=-36.09 aball=-46.9 bref=80.00 pid=-65.7 pref=-289.3 ppos=-282.8 apid=-0.0 integ=-0.0 vision=1 current=1 vframe=38514 vs=1 vage=25 vpage=25 vdt=33 vmax=68111 vacc=35164 vrej=0 seq=0 elapsed=0 oled=3C
[   6265] STATUS mode=3 fault=none enc=-357 denc=-1 sreq=-48 sapplied=-48 crate=-48 uimp=236865 upos=3460 uneg=390 ball=98.83 vball=-34.68 aball=-46.9 bref=80.00 pid=-48.0 pref=-289.9 ppos=-285.1 apid=-0.0 integ=-0.0 vision= current=1 vframe=38515 vs=1 vage=12 vpage=12 vdt=33 vmax=68111 vacc=35165 vrej=0 seq=0 elapsed=0 oled=3C
[   6295] STATUS mode=3 fault=none enc=-357 denc=0 sreq=-72 sapplied=-72 crate=-72 uimp=235615 upos=3460 uneg=410 ball=97.46 vball=-38.03 aball=-46.9 bref=80.00 pid=-72.1 pref=-293.6 ppos=-286.3 apid=-0.0 integ=-0.0 vision=1 current=1 vframe=38516 vs=1 vage=18 vpage=18 vdt=34 vmax=68111 vacc=35166 vrej=0 seq=0 elapsed=0 oled=3C
[   6327] STATUS mode=3 fault=none enc=-360 denc=-1 sreq=-117 sapplied=-117 crate=-117 uimp=234280 upos=3460 uneg=430 ball=95.84 vball=-44.55 aball=-63.9 bref=80.00 pid=-117.3 pref=-299.4 ppos=-287.7 apid=-0.0 integ=-0.0 vision=1 current=1 vframe=38517 vs=1 vage=5 vpage=5 vdt=33 vmax=68111 vacc=35167 vrej=0 seq=0 elapsed=0 oled=3C
[   6358] STATUS mode=3 fault=none enc=-365 denc=-1 sreq=-123 sapplied=-123 crate=-123 uimp=229845 upos=3460 uneg=470 ball=93.99 vball=-49.12 aball=-63.9 bref=80.00 pid=-122.5 pref=-304.4 ppos=-292.1 apid=-0.0 integ=-0.0 vision=1 current=1 vframe=38518 vs=1 vage=14 vpage=14 vdt=31 vmax=68111 vacc=35168 vrej=0 seq=0 elapsed=0 oled=3C
[   6390] STATUS mode=3 fault=none enc=-368 denc=0 sreq=-100 sapplied=-100 crate=-100 uimp=227570 upos=3460 uneg=490 ball=92.65 vball=-45.11 aball=-63.9 bref=80.00 pid=-99.8 pref=-304.4 ppos=-294.4 apid=-0.0 integ=-0.0 vision=1 current=1 vframe=38519 vs=1 vage=1 vpage=1 vdt=33 vmax=68111 vacc=35169 vrej=0 seq=0 elapsed=0 oled=3C
[   6406] STATUS mode=3 fault=none enc=-371 denc=0 sreq=-98 sapplied=-98 crate=-98 uimp=224455 upos=3460 uneg=530 ball=90.97 vball=-47.92 aball=-50.6 bref=80.00 pid=-97.7 pref=-307.3 ppos=-297.5 apid=-0.0 integ=-0.0 vision=1 current=1 vframe=38520 vs=1 vage=7 vpage=7 vdt=34 vmax=68111 vacc=35170 vrej=0 seq=0 elapsed=0 oled=3C
[   6436] STATUS mode=3 fault=none enc=-374 denc=0 sreq=-80 sapplied=-80 crate=-80 uimp=222640 upos=3460 uneg=550 ball=90.97 vball=-47.92 aball=-50.6 bref=80.00 pid=-79.5 pref=-307.3 ppos=-299.3 apid=-0.0 integ=-0.0 vision=1 current=1 vframe=38520 vs=1 vage=27 vpage=27 vdt=34 vmax=68111 vacc=35170 vrej=0 seq=0 elapsed=0 oled=3C
[   6467] STATUS mode=3 fault=none enc=-376 denc=-1 sreq=-73 sapplied=-73 crate=-73 uimp=221070 upos=3460 uneg=570 ball=89.40 vball=-46.32 aball=-50.6 bref=80.00 pid=-73.1 pref=-308.2 ppos=-300.9 apid=-0.0 integ=-0.0 vision=1 current=1 vframe=38521 vs=1 vage=14 vpage=14 vdt=33 vmax=68111 vacc=35171 vrej=0 seq=0 elapsed=0 oled=3C
[   6500] STATUS mode=3 fault=none enc=-380 denc=-1 sreq=-82 sapplied=-82 crate=-82 uimp=218055 upos=3460 uneg=610 ball=87.69 vball=-49.39 aball=-50.6 bref=80.00 pid=-81.9 pref=-312.1 ppos=-303.9 apid=-0.0 integ=-0.0 vision=1 current=1 vframe=38522 vs=1 vage=20 vpage=20 vdt=34 vmax=68111 vacc=35172 vrej=0 seq=0 elapsed=0 oled=3C
[   6531] STATUS mode=3 fault=none enc=-381 denc=0 sreq=-55 sapplied=-55 crate=-55 uimp=216535 upos=3460 uneg=630 ball=86.36 vball=-44.72 aball=-13.4 bref=80.00 pid=-54.6 pref=-310.9 ppos=-305.4 apid=-0.0 integ=-0.0 vision=1 current=1 vframe=38523 vs=1 vage=7 vpage=7 vdt=33 vmax=68111 vacc=35173 vrej=0 seq=0 elapsed=0 oled=3C
[   6545] STATUS mode=3 fault=none enc=-382 denc=1 sreq=-44 sapplied=-44 crate=-44 uimp=215520 upos=3460 uneg=650 ball=86.36 vball=-44.72 aball=-13.4 bref=80.00 pid=-44.4 pref=-310.9 ppos=-306.4 apid=-0.0 integ=-0.0 vision=1 current=1 vframe=38523 vs=1 vage=27 vpage=27 vdt=33 vmax=68111 vacc=35173 vrej=0 seq=0 elapsed=0 oled=3C
[   6577] STATUS mode=3 fault=none enc=-385 denc=0 sreq=-51 sapplied=-51 crate=-51 uimp=213265 upos=3460 uneg=690 ball=83.12 vball=-47.31 aball=-13.4 bref=80.00 pid=-50.8 pref=-313.8 ppos=-308.7 apid=-0.0 integ=-0.0 vision=1 current=1 vframe=38525 vs=1 vage=1 vpage=1 vdt=33 vmax=68111 vacc=35175 vrej=0 seq=0 elapsed=0 oled=3C
[   6608] STATUS mode=3 fault=none enc=-386 denc=1 sreq=-63 sapplied=-63 crate=-63 uimp=211955 upos=3460 uneg=710 ball=83.12 vball=-47.31 aball=-13.4 bref=80.00 pid=-63.2 pref=-316.3 ppos=-310.0 apid=-0.0 integ=-0.0 vision=1 current=1 vframe=38525 vs=1 vage=21 vpage=21 vdt=33 vmax=68111 vacc=35175 vrej=0 seq=0 elapsed=0 oled=3C
[   6640] STATUS mode=3 fault=none enc=-391 denc=-2 sreq=-50 sapplied=-50 crate=-50 uimp=209635 upos=3460 uneg=750 ball=81.56 vball=-45.89 aball=-12.6 bref=80.00 pid=-50.2 pref=-317.3 ppos=-312.3 apid=-0.0 integ=-0.0 vision=1 current=1 vframe=38526 vs=1 vage=26 vpage=26 vdt=35 vmax=68111 vacc=35176 vrej=0 seq=0 elapsed=0 oled=3C
[   6656] STATUS mode=3 fault=none enc=-392 denc=0 sreq=-55 sapplied=-55 crate=-55 uimp=208550 upos=3460 uneg=770 ball=80.12 vball=-45.68 aball=-12.6 bref=80.00 pid=-55.4 pref=-318.9 ppos=-313.4 apid=-0.0 integ=-0.0 vision=1 current=1 vframe=38533 vs=1 vage=14 vpage=14 vdt=32 vmax=68111 vacc=35183 vrej=0 seq=0 elapsed=0 oled=3C
[   6686] STATUS mode=3 fault=none enc=-393 denc=-1 sreq=-45 sapplied=-45 crate=-45 uimp=207525 upos=3460 uneg=790 ball=79.05 vball=-38.99 aball=-12.6 bref=80.00 pid=-45.1 pref=-318.9 ppos=-314.4 apid=-0.0 integ=-0.0 vision=1 current=1 vframe=38534 vs=1 vage=1 vpage=1 vdt=33 vmax=68111 vacc=35184 vrej=0 seq=0 elapsed=0 oled=3C
[   6717] STATUS mode=3 fault=none enc=-394 denc=0 sreq=-61 sapplied=-61 crate=-61 uimp=207300 upos=3460 uneg=795 ball=77.43 vball=-43.25 aball=5.1 bref=80.00 pid=-60.6 pref=-320.7 ppos=-314.7 apid=0.0 integ=-0.0 vision=1 current=1 vframe=38535 vs=1 vage=7 vpage=7 vdt=34 vmax=68111 vacc=35185 vrej=0 seq=0 elapsed=0 oled=3C
[   6750] STATUS mode=3 fault=none enc=-395 denc=0 sreq=-49 sapplied=-49 crate=-49 uimp=206170 upos=3460 uneg=815 ball=77.43 vball=-43.25 aball=5.1 bref=80.00 pid=-49.3 pref=-320.7 ppos=-315.8 apid=0.0 integ=-0.0 vision=1 current=1 vframe=38535 vs=1 vage=27 vpage=27 vdt=34 vmax=68111 vacc=35185 vrej=0 seq=0 elapsed=0 oled=3C
[   6781] STATUS mode=3 fault=none enc=-396 denc=0 sreq=-24 sapplied=-24 crate=-24 uimp=204835 upos=3460 uneg=855 ball=76.31 vball=-38.97 aball=5.1 bref=80.00 pid=-23.7 pref=-319.5 ppos=-317.1 apid=0.0 integ=-0.0 vision=1 current=1 vframe=38536 vs=1 vage=34 vpage=34 vdt=33 vmax=68111 vacc=35186 vrej=0 seq=0 elapsed=0 oled=3C
[   6795] STATUS mode=3 fault=none enc=-397 denc=0 sreq=-28 sapplied=-28 crate=-28 uimp=204255 upos=3460 uneg=875 ball=75.04 vball=-38.09 aball=5.1 bref=80.00 pid=-27.9 pref=-320.5 ppos=-317.7 apid=0.0 integ=-0.0 vision=1 current=1 vframe=38537 vs=1 vage=20 vpage=20 vdt=34 vmax=68111 vacc=35187 vrej=0 seq=0 elapsed=0 oled=3C
[   6827] STATUS mode=3 fault=none enc=-397 denc=0 sreq=0 sapplied=0 crate=-18 uimp=203740 upos=3460 uneg=895 ball=73.96 vball=-35.22 aball=39.3 bref=80.00 pid=-18.4 pref=-320.1 ppos=-318.2 apid=0.0 integ=-0.0 vision=1 current=1 vframe=38538 vs=1 vage=8 vpage=8 vdt=32 vmax=68111 vacc=35188 vrej=0 seq=0 elapsed=0 oled=3C
[   6858] STATUS mode=3 fault=none enc=-398 denc=0 sreq=-29 sapplied=-29 crate=-29 uimp=203585 upos=3460 uneg=900 ball=72.77 vball=-34.92 aball=39.3 bref=80.00 pid=-29.4 pref=-321.3 ppos=-318.4 apid=0.0 integ=-0.0 vision=1 current=1 vframe=38539 vs=1 vage=13 vpage=13 vdt=35 vmax=68111 vacc=35189 vrej=0 seq=0 elapsed=0 oled=3C
[   6890] STATUS mode=3 fault=none enc=-398 denc=1 sreq=-24 sapplied=-24 crate=-24 uimp=203040 upos=3460 uneg=920 ball=72.77 vball=-34.92 aball=39.3 bref=80.00 pid=-23.9 pref=-321.3 ppos=-318.9 apid=0.0 integ=-0.0 vision=1 current=1 vframe=38539 vs=1 vage=33 vpage=33 vdt=35 vmax=68111 vacc=35189 vrej=0 seq=0 elapsed=0 oled=3C
[   6906] STATUS mode=3 fault=none enc=-400 denc=0 sreq=0 sapplied=0 crate=0 uimp=202920 upos=3460 uneg=925 ball=71.94 vball=-30.91 aball=39.3 bref=80.00 pid=0.0 pref=-319.9 ppos=-319.0 apid=0.0 integ=-0.0 vision=1 current=1 vframe=38540 vs=1 vage=19 vpage=19 vdt=34 vmax=68111 vacc=35190 vrej=0 seq=0 elapsed=0 oled=3C
[   6936] STATUS mode=3 fault=none enc=-400 denc=0 sreq=0 sapplied=0 crate=-19 uimp=202605 upos=3460 uneg=940 ball=70.83 vball=-30.87 aball=41.0 bref=80.00 pid=-18.6 pref=-321.2 ppos=-319.4 apid=0.0 integ=-0.0 vision=1 current=1 vframe=38541 vs=1 vage=27 vpage=27 vdt=32 vmax=68111 vacc=35191 vrej=0 seq=0 elapsed=0 oled=3C
[   6967] STATUS mode=3 fault=none enc=-400 denc=0 sreq=0 sapplied=0 crate=0 uimp=202605 upos=3460 uneg=940 ball=70.20 vball=-25.83 aball=41.0 bref=80.00 pid=0.0 pref=-318.9 ppos=-319.4 apid=0.0 integ=-0.0 vision=1 current=1 vframe=38542 vs=1 vage=14 vpage=14 vdt=33 vmax=68111 vacc=35192 vrej=0 seq=0 elapsed=0 oled=3C
[   7000] STATUS mode=3 fault=none enc=-400 denc=0 sreq=-34 sapplied=-34 crate=-34 uimp=202035 upos=3460 uneg=955 ball=69.04 vball=-30.85 aball=41.0 bref=80.00 pid=-34.2 pref=-323.3 ppos=-319.9 apid=0.0 integ=-0.0 vision=1 current=1 vframe=38543 vs=1 vage=21 vpage=21 vdt=33 vmax=68111 vacc=35193 vrej=0 seq=0 elapsed=0 oled=3C
[   7015] STATUS mode=3 fault=none enc=-400 denc=0 sreq=0 sapplied=0 crate=0 uimp=201400 upos=3460 uneg=975 ball=68.43 vball=-25.11 aball=48.5 bref=80.00 pid=0.0 pref=-320.6 ppos=-320.6 apid=0.0 integ=-0.0 vision=1 current=1 vframe=38544 vs=1 vage=7 vpage=7 vdt=34 vmax=68111 vacc=35194 vrej=0 seq=0 elapsed=0 oled=3C
[   7045] STATUS mode=3 fault=none enc=-401 denc=0 sreq=0 sapplied=0 crate=0 uimp=201400 upos=3460 uneg=975 ball=68.43 vball=-25.11 aball=48.5 bref=80.00 pid=0.0 pref=-320.6 ppos=-320.6 apid=0.0 integ=-0.0 vision=1 current=1 vframe=38544 vs=1 vage=27 vpage=27 vdt=34 vmax=68111 vacc=35194 vrej=0 seq=0 elapsed=0 oled=3C
[   7077] STATUS mode=3 fault=none enc=-401 denc=0 sreq=0 sapplied=0 crate=14 uimp=201400 upos=3460 uneg=975 ball=67.79 vball=-21.41 aball=48.5 bref=80.00 pid=13.8 pref=-319.2 ppos=-320.6 apid=0.0 integ=-0.0 vision=1 current=1 vframe=38545 vs=1 vage=34 vpage=34 vdt=33 vmax=68111 vacc=35195 vrej=0 seq=0 elapsed=0 oled=3C
[   7092] STATUS mode=3 fault=none enc=-401 denc=0 sreq=0 sapplied=0 crate=0 uimp=201400 upos=3460 uneg=975 ball=67.11 vball=-21.26 aball=48.5 bref=80.00 pid=0.0 pref=-319.9 ppos=-320.6 apid=0.0 integ=-0.0 vision=1 current=1 vframe=38546 vs=1 vage=20 vpage=20 vdt=34 vmax=68111 vacc=35196 vrej=0 seq=0 elapsed=0 oled=3C
[   7125] STATUS mode=3 fault=none enc=-401 denc=0 sreq=0 sapplied=0 crate=0 uimp=201400 upos=3460 uneg=975 ball=66.34 vball=-21.49 aball=42.9 bref=80.00 pid=0.0 pref=-321.0 ppos=-320.6 apid=0.0 integ=-0.0 vision=1 current=1 vframe=38547 vs=1 vage=7 vpage=7 vdt=33 vmax=68111 vacc=35197 vrej=0 seq=0 elapsed=0 oled=3C
[   7156] STATUS mode=3 fault=none enc=-401 denc=0 sreq=-27 sapplied=-27 crate=-27 uimp=201105 upos=3460 uneg=985 ball=65.40 vball=-23.98 aball=42.9 bref=80.00 pid=-27.4 pref=-323.6 ppos=-320.9 apid=0.0 integ=-0.0 vision=1 current=1 vframe=38548 vs=1 vage=14 vpage=14 vdt=33 vmax=68111 vacc=35198 vrej=0 seq=0 elapsed=0 oled=3C
[   7186] STATUS mode=3 fault=none enc=-401 denc=0 sreq=-22 sapplied=-22 crate=-22 uimp=200600 upos=3460 uneg=1005 ball=65.40 vball=-23.98 aball=42.9 bref=80.00 pid=-22.3 pref=-323.6 ppos=-321.4 apid=0.0 integ=-0.0 vision=1 current=1 vframe=38548 vs=1 vage=34 vpage=34 vdt=33 vmax=68111 vacc=35198 vrej=0 seq=0 elapsed=0 oled=3C
[   7202] STATUS mode=3 fault=none enc=-403 denc=-1 sreq=0 sapplied=0 crate=0 uimp=200490 upos=3460 uneg=1010 ball=64.95 vball=-19.31 aball=42.9 bref=80.00 pid=0.0 pref=-321.3 ppos=-321.5 apid=0.0 integ=-0.0 vision=1 current=1 vframe=38549 vs=1 vage=20 vpage=20 vdt=34 vmax=68111 vacc=35199 vrej=0 seq=0 elapsed=0 oled=3C
[   7233] STATUS mode=3 fault=none enc=-402 denc=0 sreq=33 sapplied=33 crate=33 uimp=201045 upos=3475 uneg=1010 ball=64.75 vball=-12.69 aball=63.2 bref=80.00 pid=33.2 pref=-317.6 ppos=-320.9 apid=0.0 integ=-0.0 vision=1 current=1 vframe=38550 vs=1 vage=27 vpage=27 vdt=33 vmax=68111 vacc=35200 vrej=0 seq=0 elapsed=0 oled=3C
[   7265] STATUS mode=3 fault=none enc=-402 denc=-1 sreq=0 sapplied=0 crate=0 uimp=201370 upos=3485 uneg=1010 ball=64.13 vball=-16.71 aball=63.2 bref=80.00 pid=0.0 pref=-320.8 ppos=-320.6 apid=0.0 integ=-0.0 vision=1 current=1 vframe=38551 vs=1 vage=13 vpage=13 vdt=34 vmax=68111 vacc=35201 vrej=0 seq=0 elapsed=0 oled=3C
[   7295] STATUS mode=3 fault=none enc=-402 denc=0 sreq=0 sapplied=0 crate=19 uimp=201575 upos=3495 uneg=1010 ball=63.85 vball=-12.43 aball=63.2 bref=80.00 pid=18.6 pref=-318.5 ppos=-320.4 apid=0.0 integ=-0.0 vision=1 current=1 vframe=38552 vs=1 vage=20 vpage=20 vdt=33 vmax=68111 vacc=35202 vrej=0 seq=0 elapsed=0 oled=3C
[   7311] STATUS mode=3 fault=none enc=-402 denc=0 sreq=-20 sapplied=0 crate=-20 uimp=201575 upos=3495 uneg=1010 ball=63.20 vball=-17.57 aball=12.8 bref=80.00 pid=-20.0 pref=-322.4 ppos=-320.4 apid=0.0 integ=-0.0 vision=1 current=1 vframe=38553 vs=1 vage=7 vpage=7 vdt=33 vmax=68111 vacc=35203 vrej=0 seq=0 elapsed=0 oled=3C
[   7342] STATUS mode=3 fault=none enc=-402 denc=-1 sreq=0 sapplied=0 crate=-19 uimp=201475 upos=3495 uneg=1015 ball=63.20 vball=-17.57 aball=12.8 bref=80.00 pid=-19.0 pref=-322.4 ppos=-320.5 apid=0.0 integ=-0.0 vision=1 current=1 vframe=38553 vs=1 vage=27 vpage=27 vdt=33 vmax=68111 vacc=35203 vrej=0 seq=0 elapsed=0 oled=3C
[   7375] STATUS mode=3 fault=none enc=-403 denc=0 sreq=-48 sapplied=-48 crate=-48 uimp=199750 upos=3495 uneg=1045 ball=62.15 vball=-23.15 aball=12.8 bref=80.00 pid=-47.8 pref=-327.0 ppos=-322.2 apid=0.0 integ=-0.0 vision=1 current=1 vframe=38554 vs=1 vage=34 vpage=34 vdt=33 vmax=68111 vacc=35204 vrej=0 seq=0 elapsed=0 oled=3C
[   7406] STATUS mode=3 fault=none enc=-404 denc=0 sreq=0 sapplied=0 crate=15 uimp=199510 upos=3495 uneg=1050 ball=62.10 vball=-12.98 aball=12.8 bref=80.00 pid=15.0 pref=-321.0 ppos=-322.4 apid=0.0 integ=-0.0 vision=1 current=1 vframe=38555 vs=1 vage=20 vpage=20 vdt=34 vmax=68111 vacc=35205 vrej=0 seq=0 elapsed=0 oled=3C
[   7406] >>> stop
[   7420] STATUS mode=3 fault=none enc=-404 denc=0 sreq=0 sapplied=0 crate=0 uimp=199510 upos=3495 uneg=1050 ball=61.65 vball=-12.97 aball=27.7 bref=80.00 pid=0.0 pref=-321.5 ppos=-322.4 apid=0.0 integ=-0.0 vision=1 current=1 vframe=38556 vs=1 vage=7 vpage=7 vdt=33 vmax=68111 vacc=35206 vrej=0 seq=0 elapsed=0 oled=3C
[   7452] STATUS mode=1 fault=none enc=-407 denc=0 sreq=0 sapplied=0 crate=0 uimp=199510 upos=3495 uneg=1050 ball=60.94 vball=-16.31 aball=0.0 bref=80.00 pid=0.0 pref=-322.4 ppos=-322.4 apid=0.0 integ=0.0 vision=1 current=1 vframe=38557 vs=1 vage=14 vpage=14 vdt=33 vmax=68111 vacc=35207 vrej=0 seq=0 elapsed=0 oled=3C
[   7483] STATUS mode=1 fault=none enc=-407 denc=0 sreq=0 sapplied=0 crate=0 uimp=199510 upos=3495 uneg=1050 ball=60.69 vball=-12.16 aball=0.0 bref=80.00 pid=0.0 pref=-322.4 ppos=-322.4 apid=0.0 integ=0.0 vision=1 current=1 vframe=38558 vs=1 vage=0 vpage=0 vdt=34 vmax=68111 vacc=35208 vrej=0 seq=0 elapsed=0 oled=3C
[   7515] STATUS mode=1 fault=none enc=-407 denc=0 sreq=0 sapplied=0 crate=0 uimp=199510 upos=3495 uneg=1050 ball=60.69 vball=-12.16 aball=0.0 bref=80.00 pid=0.0 pref=-322.4 ppos=-322.4 apid=0.0 integ=0.0 vision=1 current=1 vframe=38558 vs=1 vage=20 vpage=20 vdt=34 vmax=68111 vacc=35208 vrej=0 seq=0 elapsed=0 oled=3C
[   7531] STATUS mode=1 fault=none enc=-407 denc=0 sreq=0 sapplied=0 crate=0 uimp=199510 upos=3495 uneg=1050 ball=60.40 vball=-10.28 aball=0.0 bref=80.00 pid=0.0 pref=-322.4 ppos=-322.4 apid=0.0 integ=0.0 vision=1 current=1 vframe=38559 vs=1 vage=27 vpage=27 vdt=33 vmax=68111 vacc=35209 vrej=0 seq=0 elapsed=0 oled=3C
[   7561] STATUS mode=1 fault=none enc=-407 denc=0 sreq=0 sapplied=0 crate=0 uimp=199510 upos=3495 uneg=1050 ball=60.40 vball=-10.28 aball=0.0 bref=80.00 pid=0.0 pref=-322.4 ppos=-322.4 apid=0.0 integ=0.0 vision=1 current=0 vframe=38560 vs=0 vage=47 vpage=13 vdt=33 vmax=68111 vacc=35209 vrej=0 seq=0 elapsed=0 oled=3C
[   7592] STATUS mode=1 fault=none enc=-407 denc=0 sreq=0 sapplied=0 crate=0 uimp=199510 upos=3495 uneg=1050 ball=60.05 vball=-6.48 aball=0.0 bref=80.00 pid=0.0 pref=-322.4 ppos=-322.4 apid=0.0 integ=0.0 vision=1 current=1 vframe=38561 vs=1 vage=1 vpage=1 vdt=66 vmax=68111 vacc=35210 vrej=0 seq=0 elapsed=0 oled=3C
[   7608] STATUS mode=1 fault=none enc=-407 denc=0 sreq=0 sapplied=0 crate=0 uimp=199510 upos=3495 uneg=1050 ball=60.07 vball=-3.08 aball=0.0 bref=80.00 pid=0.0 pref=-322.4 ppos=-322.4 apid=0.0 integ=0.0 vision=1 current=1 vframe=38562 vs=1 vage=5 vpage=5 vdt=36 vmax=68111 vacc=35211 vrej=0 seq=0 elapsed=0 oled=3C
[   7640] STATUS mode=1 fault=none enc=-407 denc=0 sreq=0 sapplied=0 crate=0 uimp=199510 upos=3495 uneg=1050 ball=60.07 vball=-3.08 aball=0.0 bref=80.00 pid=0.0 pref=-322.4 ppos=-322.4 apid=0.0 integ=0.0 vision=1 current=1 vframe=38562 vs=1 vage=25 vpage=25 vdt=36 vmax=68111 vacc=35211 vrej=0 seq=0 elapsed=0 oled=3C
[   7670] STATUS mode=1 fault=none enc=-407 denc=0 sreq=0 sapplied=0 crate=0 uimp=199510 upos=3495 uneg=1050 ball=60.09 vball=-1.38 aball=0.0 bref=80.00 pid=0.0 pref=-322.4 ppos=-322.4 apid=0.0 integ=0.0 vision=1 current=1 vframe=38563 vs=1 vage=14 vpage=14 vdt=31 vmax=68111 vacc=35212 vrej=0 seq=0 elapsed=0 oled=3C
[   7702] STATUS mode=1 fault=none enc=-407 denc=0 sreq=0 sapplied=0 crate=0 uimp=199510 upos=3495 uneg=1050 ball=60.22 vball=1.14 aball=0.0 bref=80.00 pid=0.0 pref=-322.4 ppos=-322.4 apid=0.0 integ=0.0 vision=1 current=1 vframe=38564 vs=1 vage=21 vpage=21 vdt=33 vmax=68111 vacc=35213 vrej=0 seq=0 elapsed=0 oled=3C
[   7717] STATUS mode=1 fault=none enc=-407 denc=0 sreq=0 sapplied=0 crate=0 uimp=199510 upos=3495 uneg=1050 ball=60.24 vball=0.85 aball=0.0 bref=80.00 pid=0.0 pref=-322.4 ppos=-322.4 apid=0.0 integ=0.0 vision=1 current=1 vframe=38565 vs=1 vage=8 vpage=8 vdt=33 vmax=68111 vacc=35214 vrej=0 seq=0 elapsed=0 oled=3C
[   7750] STATUS mode=1 fault=none enc=-407 denc=0 sreq=0 sapplied=0 crate=0 uimp=199510 upos=3495 uneg=1050 ball=60.24 vball=0.85 aball=0.0 bref=80.00 pid=0.0 pref=-322.4 ppos=-322.4 apid=0.0 integ=0.0 vision=1 current=1 vframe=38565 vs=1 vage=28 vpage=28 vdt=33 vmax=68111 vacc=35214 vrej=0 seq=0 elapsed=0 oled=3C
[   7781] STATUS mode=1 fault=none enc=-407 denc=0 sreq=0 sapplied=0 crate=0 uimp=199510 upos=3495 uneg=1050 ball=60.19 vball=-0.16 aball=0.0 bref=80.00 pid=0.0 pref=-322.4 ppos=-322.4 apid=0.0 integ=0.0 vision=1 current=1 vframe=38567 vs=1 vage=2 vpage=2 vdt=33 vmax=68111 vacc=35216 vrej=0 seq=0 elapsed=0 oled=3C
[   7781] >>> stream off
[   7795] STATUS mode=1 fault=none enc=-407 denc=0 sreq=0 sapplied=0 crate=0 uimp=199510 upos=3495 uneg=1050 ball=60.19 vball=-0.16 aball=0.0 bref=80.00 pid=0.0 pref=-322.4 ppos=-322.4 apid=0.0 integ=0.0 vision=1 current=1 vframe=38567 vs=1 vage=22 vpage=22 vdt=33 vmax=68111 vacc=35216 vrej=0 seq=0 elapsed=0 oled=3C
[   7811] OK stream off
[   7983] STOP_REASON displacement_limit
