[     14] >>> bench on
[     14] OK stepper visual-only bench active; use zero before tests
[    202] >>> clear
[    202] OK fault cleared
[    389] >>> diag reset
[    389] OK actuator diagnostics reset
[    577] >>> gain ball 3.0 1.5 6.5 -1
[    577] OK ball gains kp=3.000 ki=1.500 kd=6.500 sign=-1
[    764] >>> gain accel 0.0
[    764] OK ball acceleration gain ka=0.000
[    952] >>> limit rate 400
[    952] OK ball rate limit=400 steps/s
[   1139] >>> stream on 20
[   1139] OK stream on 20 ms
[   1186] STATUS mode=1 fault=none enc=-12 denc=0 sreq=0 sapplied=0 crate=0 uimp=0 upos=0 uneg=0 ball=105.26 vball=-0.13 aball=0.0 bref=0.00 pid=0.0 pref=0.0 ppos=0.0 apid=0.0 integ=0.0 vision=1 current=1 vframe=844 vs=1 vage=41 vpage=41 vdt=33 vmax=166 vacc=844 vrej=0 seq=0 elapsed=0 oled=3C
[   1202] STATUS mode=1 fault=none enc=-12 denc=0 sreq=0 sapplied=0 crate=0 uimp=0 upos=0 uneg=0 ball=105.26 vball=-0.13 aball=0.0 bref=0.00 pid=0.0 pref=0.0 ppos=0.0 apid=0.0 integ=0.0 vision=1 current=1 vframe=844 vs=1 vage=61 vpage=61 vdt=33 vmax=166 vacc=844 vrej=0 seq=0 elapsed=0 oled=3C
[   1233] STATUS mode=1 fault=none enc=-12 denc=0 sreq=0 sapplied=0 crate=0 uimp=0 upos=0 uneg=0 ball=105.26 vball=-0.13 aball=0.0 bref=0.00 pid=0.0 pref=0.0 ppos=0.0 apid=0.0 integ=0.0 vision=1 current=1 vframe=844 vs=1 vage=81 vpage=81 vdt=33 vmax=166 vacc=844 vrej=0 seq=0 elapsed=0 oled=3C
[   1250] STATUS mode=1 fault=none enc=-12 denc=0 sreq=0 sapplied=0 crate=0 uimp=0 upos=0 uneg=0 ball=105.03 vball=-0.76 aball=0.0 bref=0.00 pid=0.0 pref=0.0 ppos=0.0 apid=0.0 integ=0.0 vision=1 current=1 vframe=845 vs=1 vage=6 vpage=6 vdt=95 vmax=166 vacc=845 vrej=0 seq=0 elapsed=0 oled=3C
[   1280] STATUS mode=1 fault=none enc=-12 denc=0 sreq=0 sapplied=0 crate=0 uimp=0 upos=0 uneg=0 ball=104.95 vball=-2.19 aball=0.0 bref=0.00 pid=0.0 pref=0.0 ppos=0.0 apid=0.0 integ=0.0 vision=1 current=1 vframe=846 vs=1 vage=5 vpage=5 vdt=21 vmax=166 vacc=846 vrej=0 seq=0 elapsed=0 oled=3C
[   1296] STATUS mode=1 fault=none enc=-12 denc=0 sreq=0 sapplied=0 crate=0 uimp=0 upos=0 uneg=0 ball=104.99 vball=-0.59 aball=0.0 bref=0.00 pid=0.0 pref=0.0 ppos=0.0 apid=0.0 integ=0.0 vision=1 current=1 vframe=847 vs=1 vage=12 vpage=12 vdt=33 vmax=166 vacc=847 vrej=0 seq=0 elapsed=0 oled=3C
[   1327] STATUS mode=1 fault=none enc=-12 denc=0 sreq=0 sapplied=0 crate=0 uimp=0 upos=0 uneg=0 ball=104.99 vball=-0.59 aball=0.0 bref=0.00 pid=0.0 pref=0.0 ppos=0.0 apid=0.0 integ=0.0 vision=1 current=1 vframe=847 vs=1 vage=32 vpage=32 vdt=33 vmax=166 vacc=847 vrej=0 seq=0 elapsed=0 oled=3C
[   1327] >>> ball 0.0
[   1358] STATUS mode=1 fault=none enc=-12 denc=0 sreq=0 sapplied=0 crate=0 uimp=0 upos=0 uneg=0 ball=104.99 vball=-0.59 aball=0.0 bref=0.00 pid=0.0 pref=0.0 ppos=0.0 apid=0.0 integ=0.0 vision=1 current=1 vframe=847 vs=1 vage=52 vpage=52 vdt=33 vmax=166 vacc=847 vrej=0 seq=0 elapsed=0 oled=3C
[   1375] STATUS mode=3 fault=none enc=3 denc=15 sreq=35 sapplied=0 crate=35 uimp=0 upos=0 uneg=0 ball=104.99 vball=-0.59 aball=0.0 bref=0.00 pid=400.0 pref=311.1 ppos=0.0 apid=0.0 integ=-0.0 vision=1 current=1 vframe=847 vs=1 vage=72 vpage=72 vdt=33 vmax=166 vacc=847 vrej=0 seq=0 elapsed=0 oled=3C
[   1405] STATUS mode=3 fault=none enc=5 denc=1 sreq=175 sapplied=175 crate=175 uimp=3685 upos=35 uneg=0 ball=105.17 vball=0.37 aball=4.5 bref=0.00 pid=400.0 pref=332.9 ppos=3.7 apid=0.0 integ=15.0 vision=1 current=1 vframe=848 vs=1 vage=17 vpage=17 vdt=95 vmax=166 vacc=848 vrej=0 seq=0 elapsed=0 oled=3C
[   1436] STATUS mode=3 fault=none enc=9 denc=1 sreq=245 sapplied=245 crate=245 uimp=7715 upos=55 uneg=0 ball=105.35 vball=4.21 aball=4.5 bref=0.00 pid=400.0 pref=358.4 ppos=7.7 apid=0.0 integ=15.0 vision=1 current=1 vframe=849 vs=1 vage=16 vpage=16 vdt=21 vmax=166 vacc=849 vrej=0 seq=0 elapsed=0 oled=3C
[   1452] STATUS mode=3 fault=none enc=16 denc=2 sreq=315 sapplied=315 crate=315 uimp=13145 upos=75 uneg=0 ball=105.57 vball=5.00 aball=4.5 bref=0.00 pid=400.0 pref=364.2 ppos=13.1 apid=0.0 integ=15.0 vision=1 current=1 vframe=850 vs=1 vage=1 vpage=1 vdt=35 vmax=166 vacc=850 vrej=0 seq=0 elapsed=0 oled=3C
[   1483] STATUS mode=3 fault=none enc=36 denc=3 sreq=400 sapplied=400 crate=400 uimp=27900 upos=115 uneg=0 ball=105.57 vball=5.00 aball=4.5 bref=0.00 pid=400.0 pref=364.2 ppos=27.9 apid=0.0 integ=15.0 vision=1 current=1 vframe=850 vs=1 vage=41 vpage=41 vdt=35 vmax=166 vacc=850 vrej=0 seq=0 elapsed=0 oled=3C
[   1514] STATUS mode=3 fault=none enc=46 denc=3 sreq=400 sapplied=400 crate=400 uimp=35900 upos=135 uneg=0 ball=105.57 vball=5.00 aball=4.5 bref=0.00 pid=400.0 pref=364.2 ppos=35.9 apid=0.0 integ=15.0 vision=1 current=1 vframe=850 vs=1 vage=61 vpage=61 vdt=35 vmax=166 vacc=850 vrej=0 seq=0 elapsed=0 oled=3C
[   1530] STATUS mode=3 fault=none enc=55 denc=2 sreq=400 sapplied=400 crate=400 uimp=43900 upos=155 uneg=0 ball=105.57 vball=5.00 aball=4.5 bref=0.00 pid=400.0 pref=364.2 ppos=43.9 apid=0.0 integ=15.0 vision=1 current=1 vframe=850 vs=1 vage=81 vpage=81 vdt=35 vmax=166 vacc=850 vrej=0 seq=0 elapsed=0 oled=3C
[   1561] STATUS mode=3 fault=none enc=65 denc=2 sreq=400 sapplied=400 crate=400 uimp=51900 upos=175 uneg=0 ball=105.57 vball=5.00 aball=4.5 bref=0.00 pid=400.0 pref=364.2 ppos=51.9 apid=0.0 integ=15.0 vision=1 current=1 vframe=850 vs=1 vage=101 vpage=101 vdt=35 vmax=166 vacc=850 vrej=0 seq=0 elapsed=0 oled=3C
[   1593] STATUS mode=3 fault=none enc=86 denc=3 sreq=400 sapplied=400 crate=400 uimp=67900 upos=215 uneg=0 ball=106.23 vball=9.55 aball=11.4 bref=0.00 pid=400.0 pref=411.6 ppos=67.9 apid=0.0 integ=30.9 vision=1 current=1 vframe=852 vs=1 vage=8 vpage=8 vdt=28 vmax=166 vacc=852 vrej=0 seq=0 elapsed=0 oled=3C
[   1608] STATUS mode=3 fault=none enc=96 denc=3 sreq=400 sapplied=400 crate=400 uimp=75900 upos=235 uneg=0 ball=106.23 vball=9.55 aball=11.4 bref=0.00 pid=400.0 pref=411.6 ppos=75.9 apid=0.0 integ=30.9 vision=1 current=1 vframe=852 vs=1 vage=28 vpage=28 vdt=28 vmax=166 vacc=852 vrej=0 seq=0 elapsed=0 oled=3C
[   1639] STATUS mode=3 fault=none enc=106 denc=3 sreq=400 sapplied=400 crate=400 uimp=83900 upos=255 uneg=0 ball=106.42 vball=7.34 aball=11.4 bref=0.00 pid=400.0 pref=397.8 ppos=83.9 apid=0.0 integ=30.9 vision=1 current=1 vframe=853 vs=1 vage=15 vpage=15 vdt=33 vmax=166 vacc=853 vrej=0 seq=0 elapsed=0 oled=3C
[   1671] STATUS mode=3 fault=none enc=127 denc=3 sreq=400 sapplied=400 crate=400 uimp=99900 upos=295 uneg=0 ball=106.42 vball=7.34 aball=11.4 bref=0.00 pid=400.0 pref=397.8 ppos=99.9 apid=0.0 integ=30.9 vision=1 current=1 vframe=853 vs=1 vage=55 vpage=55 vdt=33 vmax=166 vacc=853 vrej=0 seq=0 elapsed=0 oled=3C
[   1686] STATUS mode=3 fault=none enc=137 denc=2 sreq=400 sapplied=400 crate=400 uimp=107900 upos=315 uneg=0 ball=106.42 vball=7.34 aball=11.4 bref=0.00 pid=400.0 pref=397.8 ppos=107.9 apid=0.0 integ=30.9 vision=1 current=1 vframe=853 vs=1 vage=75 vpage=75 vdt=33 vmax=166 vacc=853 vrej=0 seq=0 elapsed=0 oled=3C
[   1718] STATUS mode=3 fault=none enc=147 denc=3 sreq=400 sapplied=400 crate=400 uimp=115900 upos=335 uneg=0 ball=106.42 vball=7.34 aball=11.4 bref=0.00 pid=400.0 pref=397.8 ppos=115.9 apid=0.0 integ=30.9 vision=1 current=1 vframe=853 vs=1 vage=95 vpage=95 vdt=33 vmax=166 vacc=853 vrej=0 seq=0 elapsed=0 oled=3C
[   1750] STATUS mode=3 fault=none enc=168 denc=3 sreq=400 sapplied=400 crate=400 uimp=131900 upos=375 uneg=0 ball=106.46 vball=8.87 aball=-1.6 bref=0.00 pid=400.0 pref=423.2 ppos=131.9 apid=-0.0 integ=46.1 vision=1 current=1 vframe=855 vs=1 vage=18 vpage=18 vdt=21 vmax=166 vacc=855 vrej=0 seq=0 elapsed=0 oled=3C
[   1764] STATUS mode=3 fault=none enc=177 denc=2 sreq=400 sapplied=400 crate=400 uimp=139900 upos=395 uneg=0 ball=106.48 vball=4.74 aball=-1.6 bref=0.00 pid=400.0 pref=396.4 ppos=139.9 apid=-0.0 integ=46.1 vision=1 current=1 vframe=856 vs=1 vage=4 vpage=4 vdt=34 vmax=166 vacc=856 vrej=0 seq=0 elapsed=0 oled=3C
[   1796] STATUS mode=3 fault=none enc=188 denc=3 sreq=400 sapplied=400 crate=400 uimp=147900 upos=415 uneg=0 ball=106.48 vball=4.74 aball=-1.6 bref=0.00 pid=400.0 pref=396.4 ppos=147.9 apid=-0.0 integ=46.1 vision=1 current=1 vframe=856 vs=1 vage=24 vpage=24 vdt=34 vmax=166 vacc=856 vrej=0 seq=0 elapsed=0 oled=3C
[   1827] STATUS mode=3 fault=none enc=209 denc=3 sreq=400 sapplied=400 crate=400 uimp=163900 upos=455 uneg=0 ball=106.48 vball=4.74 aball=-1.6 bref=0.00 pid=400.0 pref=396.4 ppos=163.9 apid=-0.0 integ=46.1 vision=1 current=1 vframe=856 vs=1 vage=64 vpage=64 vdt=34 vmax=166 vacc=856 vrej=0 seq=0 elapsed=0 oled=3C
[   1858] STATUS mode=3 fault=none enc=218 denc=2 sreq=400 sapplied=400 crate=400 uimp=171900 upos=475 uneg=0 ball=106.48 vball=4.74 aball=-1.6 bref=0.00 pid=400.0 pref=396.4 ppos=171.9 apid=-0.0 integ=46.1 vision=1 current=1 vframe=856 vs=1 vage=84 vpage=84 vdt=34 vmax=166 vacc=856 vrej=0 seq=0 elapsed=0 oled=3C
[   1875] STATUS mode=3 fault=none enc=229 denc=3 sreq=400 sapplied=400 crate=400 uimp=179900 upos=495 uneg=0 ball=106.47 vball=2.24 aball=3.3 bref=0.00 pid=400.0 pref=395.6 ppos=179.9 apid=0.0 integ=61.6 vision=1 current=1 vframe=857 vs=1 vage=7 vpage=7 vdt=97 vmax=166 vacc=857 vrej=0 seq=0 elapsed=0 oled=3C
[   1905] STATUS mode=3 fault=none enc=249 denc=3 sreq=400 sapplied=400 crate=400 uimp=195900 upos=535 uneg=0 ball=105.82 vball=-11.25 aball=3.3 bref=0.00 pid=400.0 pref=244.3 ppos=195.9 apid=0.0 integ=-0.0 vision=1 current=1 vframe=858 vs=1 vage=9 vpage=9 vdt=38 vmax=166 vacc=858 vrej=0 seq=0 elapsed=0 oled=3C
[   1936] STATUS mode=3 fault=none enc=259 denc=2 sreq=400 sapplied=400 crate=400 uimp=203900 upos=555 uneg=0 ball=105.82 vball=-11.25 aball=3.3 bref=0.00 pid=400.0 pref=244.3 ppos=203.9 apid=0.0 integ=-0.0 vision=1 current=1 vframe=858 vs=1 vage=29 vpage=29 vdt=38 vmax=166 vacc=858 vrej=0 seq=0 elapsed=0 oled=3C
[   1952] STATUS mode=3 fault=none enc=269 denc=2 sreq=332 sapplied=332 crate=332 uimp=211400 upos=575 uneg=0 ball=105.82 vball=-11.25 aball=3.3 bref=0.00 pid=329.3 pref=244.3 ppos=211.4 apid=0.0 integ=-0.0 vision=1 current=1 vframe=858 vs=1 vage=49 vpage=49 vdt=38 vmax=166 vacc=858 vrej=0 seq=0 elapsed=0 oled=3C
[   1983] STATUS mode=3 fault=none enc=283 denc=1 sreq=218 sapplied=218 crate=218 uimp=222500 upos=615 uneg=0 ball=105.82 vball=-11.25 aball=3.3 bref=0.00 pid=218.3 pref=244.3 ppos=222.5 apid=0.0 integ=-0.0 vision=1 current=1 vframe=858 vs=1 vage=89 vpage=89 vdt=38 vmax=166 vacc=858 vrej=0 seq=0 elapsed=0 oled=3C
[   2014] STATUS mode=3 fault=none enc=289 denc=2 sreq=170 sapplied=170 crate=170 uimp=226545 upos=635 uneg=0 ball=104.77 vball=-21.61 aball=-72.7 bref=0.00 pid=-400.0 pref=173.8 ppos=226.5 apid=-0.0 integ=-0.0 vision=1 current=1 vframe=859 vs=1 vage=3 vpage=3 vdt=106 vmax=166 vacc=859 vrej=0 seq=0 elapsed=0 oled=3C
[   2030] STATUS mode=3 fault=none enc=292 denc=1 sreq=100 sapplied=100 crate=100 uimp=229415 upos=655 uneg=0 ball=103.86 vball=-18.67 aball=-72.7 bref=0.00 pid=-391.9 pref=190.2 ppos=229.4 apid=-0.0 integ=-0.0 vision=1 current=1 vframe=860 vs=1 vage=13 vpage=13 vdt=10 vmax=166 vacc=860 vrej=0 seq=0 elapsed=0 oled=3C
[   2061] STATUS mode=3 fault=none enc=294 denc=1 sreq=-40 sapplied=-40 crate=-40 uimp=231035 upos=680 uneg=0 ball=99.27 vball=-68.59 aball=-72.7 bref=0.00 pid=-400.0 pref=-148.0 ppos=231.0 apid=-0.0 integ=-0.0 vision=1 current=1 vframe=862 vs=1 vage=2 vpage=2 vdt=31 vmax=166 vacc=862 vrej=0 seq=0 elapsed=0 oled=3C
[   2093] STATUS mode=3 fault=none enc=293 denc=0 sreq=-110 sapplied=-110 crate=-110 uimp=229705 upos=680 uneg=20 ball=99.27 vball=-68.59 aball=-72.7 bref=0.00 pid=-400.0 pref=-148.0 ppos=229.7 apid=-0.0 integ=-0.0 vision=1 current=1 vframe=862 vs=1 vage=22 vpage=22 vdt=31 vmax=166 vacc=862 vrej=0 seq=0 elapsed=0 oled=3C
[   2125] STATUS mode=3 fault=none enc=290 denc=-1 sreq=-180 sapplied=-180 crate=-180 uimp=226975 upos=680 uneg=40 ball=99.27 vball=-68.59 aball=-72.7 bref=0.00 pid=-400.0 pref=-148.0 ppos=227.0 apid=-0.0 integ=-0.0 vision=1 current=1 vframe=862 vs=1 vage=42 vpage=42 vdt=31 vmax=166 vacc=862 vrej=0 seq=0 elapsed=0 oled=3C
[   2139] STATUS mode=3 fault=none enc=277 denc=-2 sreq=-320 sapplied=-320 crate=-320 uimp=217315 upos=680 uneg=80 ball=99.27 vball=-68.59 aball=-72.7 bref=0.00 pid=-400.0 pref=-148.0 ppos=217.3 apid=-0.0 integ=-0.0 vision=1 current=1 vframe=862 vs=1 vage=82 vpage=82 vdt=31 vmax=166 vacc=862 vrej=0 seq=0 elapsed=0 oled=3C
[   2171] STATUS mode=3 fault=none enc=267 denc=-3 sreq=-390 sapplied=-390 crate=-390 uimp=210385 upos=680 uneg=100 ball=96.31 vball=-53.03 aball=-126.7 bref=0.00 pid=-400.0 pref=-55.8 ppos=210.4 apid=-0.0 integ=-0.0 vision=1 current=1 vframe=863 vs=1 vage=0 vpage=0 vdt=102 vmax=166 vacc=863 vrej=0 seq=0 elapsed=0 oled=3C
[   2202] STATUS mode=3 fault=none enc=257 denc=-2 sreq=-400 sapplied=-400 crate=-400 uimp=202435 upos=680 uneg=120 ball=96.31 vball=-53.03 aball=-126.7 bref=0.00 pid=-400.0 pref=-55.8 ppos=202.4 apid=-0.0 integ=-0.0 vision=1 current=1 vframe=863 vs=1 vage=20 vpage=20 vdt=102 vmax=166 vacc=863 vrej=0 seq=0 elapsed=0 oled=3C
[   2233] STATUS mode=3 fault=none enc=236 denc=-3 sreq=-400 sapplied=-400 crate=-400 uimp=186435 upos=680 uneg=160 ball=90.57 vball=-114.48 aball=-126.7 bref=0.00 pid=-400.0 pref=-472.4 ppos=186.4 apid=-0.0 integ=-0.0 vision=1 current=1 vframe=864 vs=1 vage=29 vpage=29 vdt=31 vmax=166 vacc=864 vrej=0 seq=0 elapsed=0 oled=3C
[   2250] STATUS mode=3 fault=none enc=226 denc=-3 sreq=-400 sapplied=-400 crate=-400 uimp=178435 upos=680 uneg=180 ball=87.61 vball=-102.32 aball=-126.7 bref=0.00 pid=-400.0 pref=-402.2 ppos=178.4 apid=-0.0 integ=-0.0 vision=1 current=1 vframe=865 vs=1 vage=17 vpage=17 vdt=32 vmax=166 vacc=865 vrej=0 seq=0 elapsed=0 oled=3C
[   2280] STATUS mode=3 fault=none enc=206 denc=-2 sreq=-400 sapplied=-400 crate=-400 uimp=162435 upos=680 uneg=220 ball=87.61 vball=-102.32 aball=-126.7 bref=0.00 pid=-400.0 pref=-402.2 ppos=162.4 apid=-0.0 integ=-0.0 vision=1 current=1 vframe=865 vs=1 vage=57 vpage=57 vdt=32 vmax=166 vacc=865 vrej=0 seq=0 elapsed=0 oled=3C
[   2311] STATUS mode=3 fault=none enc=196 denc=-2 sreq=-400 sapplied=-400 crate=-400 uimp=154435 upos=680 uneg=240 ball=87.61 vball=-102.32 aball=-126.7 bref=0.00 pid=-400.0 pref=-402.2 ppos=154.4 apid=-0.0 integ=-0.0 vision=1 current=1 vframe=865 vs=1 vage=77 vpage=77 vdt=32 vmax=166 vacc=865 vrej=0 seq=0 elapsed=0 oled=3C
[   2343] STATUS mode=3 fault=none enc=184 denc=-4 sreq=-400 sapplied=-400 crate=-400 uimp=146435 upos=680 uneg=260 ball=82.70 vball=-83.17 aball=-155.5 bref=0.00 pid=-400.0 pref=-292.5 ppos=146.4 apid=-0.0 integ=-0.0 vision=1 current=1 vframe=866 vs=1 vage=2 vpage=2 vdt=95 vmax=166 vacc=866 vrej=0 seq=0 elapsed=0 oled=3C
[   2375] STATUS mode=3 fault=none enc=164 denc=-3 sreq=-400 sapplied=-400 crate=-400 uimp=130435 upos=680 uneg=300 ball=77.39 vball=-178.46 aball=-155.5 bref=0.00 pid=-400.0 pref=-600.0 ppos=130.4 apid=-0.0 integ=-0.0 vision=1 current=1 vframe=867 vs=1 vage=21 vpage=21 vdt=21 vmax=166 vacc=867 vrej=0 seq=0 elapsed=0 oled=3C
[   2389] STATUS mode=3 fault=none enc=154 denc=-3 sreq=-400 sapplied=-400 crate=-400 uimp=122435 upos=680 uneg=320 ball=73.95 vball=-142.49 aball=-155.5 bref=0.00 pid=-400.0 pref=-600.0 ppos=122.4 apid=-0.0 integ=-0.0 vision=1 current=1 vframe=868 vs=1 vage=6 vpage=6 vdt=35 vmax=166 vacc=868 vrej=0 seq=0 elapsed=0 oled=3C
[   2421] STATUS mode=3 fault=none enc=143 denc=-3 sreq=-400 sapplied=-400 crate=-400 uimp=114435 upos=680 uneg=340 ball=73.95 vball=-142.49 aball=-155.5 bref=0.00 pid=-400.0 pref=-600.0 ppos=114.4 apid=-0.0 integ=-0.0 vision=1 current=1 vframe=868 vs=1 vage=26 vpage=26 vdt=35 vmax=166 vacc=868 vrej=0 seq=0 elapsed=0 oled=3C
[   2452] STATUS mode=3 fault=none enc=124 denc=-3 sreq=-400 sapplied=-400 crate=-400 uimp=98435 upos=680 uneg=380 ball=73.95 vball=-142.49 aball=-155.5 bref=0.00 pid=-400.0 pref=-600.0 ppos=98.4 apid=-0.0 integ=-0.0 vision=1 current=1 vframe=868 vs=1 vage=66 vpage=66 vdt=35 vmax=166 vacc=868 vrej=0 seq=0 elapsed=0 oled=3C
[   2483] STATUS mode=3 fault=none enc=114 denc=-2 sreq=-400 sapplied=-400 crate=-400 uimp=90435 upos=680 uneg=400 ball=73.95 vball=-142.49 aball=-155.5 bref=0.00 pid=-400.0 pref=-600.0 ppos=90.4 apid=-0.0 integ=-0.0 vision=1 current=1 vframe=868 vs=1 vage=86 vpage=86 vdt=35 vmax=166 vacc=868 vrej=0 seq=0 elapsed=0 oled=3C
[   2500] STATUS mode=3 fault=none enc=93 denc=-2 sreq=-400 sapplied=-400 crate=-400 uimp=74435 upos=680 uneg=440 ball=68.23 vball=-107.10 aball=-153.3 bref=0.00 pid=-400.0 pref=-491.5 ppos=74.4 apid=-0.0 integ=-0.0 vision=1 current=1 vframe=869 vs=1 vage=23 vpage=23 vdt=103 vmax=166 vacc=869 vrej=0 seq=0 elapsed=0 oled=3C
[   2530] STATUS mode=3 fault=none enc=83 denc=-2 sreq=-400 sapplied=-400 crate=-400 uimp=66435 upos=680 uneg=460 ball=61.88 vball=-158.66 aball=-153.3 bref=0.00 pid=-400.0 pref=-600.0 ppos=66.4 apid=-0.0 integ=-0.0 vision=1 current=1 vframe=870 vs=1 vage=10 vpage=10 vdt=33 vmax=166 vacc=870 vrej=0 seq=0 elapsed=0 oled=3C
[   2561] STATUS mode=3 fault=none enc=72 denc=-3 sreq=-400 sapplied=-400 crate=-400 uimp=58435 upos=680 uneg=480 ball=61.88 vball=-158.66 aball=-153.3 bref=0.00 pid=-400.0 pref=-600.0 ppos=58.4 apid=-0.0 integ=-0.0 vision=1 current=1 vframe=870 vs=1 vage=30 vpage=30 vdt=33 vmax=166 vacc=870 vrej=0 seq=0 elapsed=0 oled=3C
[   2593] STATUS mode=3 fault=none enc=52 denc=-3 sreq=-400 sapplied=-400 crate=-400 uimp=42435 upos=680 uneg=520 ball=58.43 vball=-130.17 aball=-153.3 bref=0.00 pid=-400.0 pref=-600.0 ppos=42.4 apid=-0.0 integ=-0.0 vision=1 current=1 vframe=871 vs=1 vage=39 vpage=39 vdt=31 vmax=166 vacc=871 vrej=0 seq=0 elapsed=0 oled=3C
[   2608] STATUS mode=3 fault=none enc=42 denc=-3 sreq=-400 sapplied=-400 crate=-400 uimp=34435 upos=680 uneg=540 ball=58.43 vball=-130.17 aball=-153.3 bref=0.00 pid=-400.0 pref=-600.0 ppos=34.4 apid=-0.0 integ=-0.0 vision=1 current=1 vframe=871 vs=1 vage=59 vpage=59 vdt=31 vmax=166 vacc=871 vrej=0 seq=0 elapsed=0 oled=3C
[   2639] STATUS mode=3 fault=none enc=32 denc=-3 sreq=-400 sapplied=-400 crate=-400 uimp=26435 upos=680 uneg=560 ball=58.43 vball=-130.17 aball=-153.3 bref=0.00 pid=-400.0 pref=-600.0 ppos=26.4 apid=-0.0 integ=-0.0 vision=1 current=1 vframe=871 vs=1 vage=79 vpage=79 vdt=31 vmax=166 vacc=871 vrej=0 seq=0 elapsed=0 oled=3C
[   2671] STATUS mode=3 fault=none enc=12 denc=-2 sreq=-400 sapplied=-400 crate=-400 uimp=10435 upos=680 uneg=600 ball=53.76 vball=-96.47 aball=-55.1 bref=0.00 pid=-400.0 pref=-465.8 ppos=10.4 apid=-0.0 integ=-0.0 vision=1 current=1 vframe=872 vs=1 vage=19 vpage=19 vdt=100 vmax=166 vacc=872 vrej=0 seq=0 elapsed=0 oled=3C
[   2702] STATUS mode=3 fault=none enc=2 denc=-3 sreq=-400 sapplied=-400 crate=-400 uimp=2435 upos=680 uneg=620 ball=48.04 vball=-134.65 aball=-55.1 bref=0.00 pid=-400.0 pref=-600.0 ppos=2.4 apid=-0.0 integ=-0.0 vision=1 current=1 vframe=873 vs=1 vage=8 vpage=8 vdt=31 vmax=166 vacc=873 vrej=0 seq=0 elapsed=0 oled=3C
[   2718] STATUS mode=3 fault=none enc=-8 denc=-3 sreq=-400 sapplied=-400 crate=-400 uimp=-5565 upos=680 uneg=640 ball=48.04 vball=-134.65 aball=-55.1 bref=0.00 pid=-400.0 pref=-600.0 ppos=-5.6 apid=-0.0 integ=-0.0 vision=1 current=1 vframe=873 vs=1 vage=28 vpage=28 vdt=31 vmax=166 vacc=873 vrej=0 seq=0 elapsed=0 oled=3C
[   2750] STATUS mode=3 fault=none enc=-28 denc=-2 sreq=-400 sapplied=-400 crate=-400 uimp=-21565 upos=680 uneg=680 ball=44.93 vball=-115.42 aball=-55.1 bref=0.00 pid=-400.0 pref=-600.0 ppos=-21.6 apid=-0.0 integ=-0.0 vision=1 current=1 vframe=874 vs=1 vage=36 vpage=36 vdt=32 vmax=166 vacc=874 vrej=0 seq=0 elapsed=0 oled=3C
[   2780] STATUS mode=3 fault=none enc=-38 denc=-3 sreq=-400 sapplied=-400 crate=-400 uimp=-29565 upos=680 uneg=700 ball=44.93 vball=-115.42 aball=-55.1 bref=0.00 pid=-400.0 pref=-600.0 ppos=-29.6 apid=-0.0 integ=-0.0 vision=1 current=1 vframe=874 vs=1 vage=56 vpage=56 vdt=32 vmax=166 vacc=874 vrej=0 seq=0 elapsed=0 oled=3C
[   2811] STATUS mode=3 fault=none enc=-59 denc=-3 sreq=-400 sapplied=-400 crate=-400 uimp=-45565 upos=680 uneg=740 ball=44.93 vball=-115.42 aball=-55.1 bref=0.00 pid=-400.0 pref=-600.0 ppos=-45.6 apid=-0.0 integ=-0.0 vision=1 current=1 vframe=874 vs=1 vage=96 vpage=96 vdt=32 vmax=166 vacc=874 vrej=0 seq=0 elapsed=0 oled=3C
[   2827] STATUS mode=3 fault=none enc=-69 denc=-3 sreq=-400 sapplied=-400 crate=-400 uimp=-53565 upos=680 uneg=760 ball=40.77 vball=-83.03 aball=7.5 bref=0.00 pid=-400.0 pref=-417.4 ppos=-53.6 apid=0.0 integ=-0.0 vision=1 current=1 vframe=875 vs=1 vage=19 vpage=19 vdt=97 vmax=166 vacc=875 vrej=0 seq=0 elapsed=0 oled=3C
[   2858] STATUS mode=3 fault=none enc=-78 denc=-2 sreq=-400 sapplied=-400 crate=-400 uimp=-61565 upos=680 uneg=780 ball=36.57 vball=-115.11 aball=7.5 bref=0.00 pid=-400.0 pref=-600.0 ppos=-61.6 apid=0.0 integ=-0.0 vision=1 current=1 vframe=876 vs=1 vage=2 vpage=2 vdt=37 vmax=166 vacc=876 vrej=0 seq=0 elapsed=0 oled=3C
[   2889] STATUS mode=3 fault=none enc=-99 denc=-3 sreq=-400 sapplied=-400 crate=-400 uimp=-77565 upos=680 uneg=820 ball=36.57 vball=-115.11 aball=7.5 bref=0.00 pid=-400.0 pref=-600.0 ppos=-77.6 apid=0.0 integ=-0.0 vision=1 current=1 vframe=876 vs=1 vage=42 vpage=42 vdt=37 vmax=166 vacc=876 vrej=0 seq=0 elapsed=0 oled=3C
[   2921] STATUS mode=3 fault=none enc=-108 denc=-2 sreq=-400 sapplied=-400 crate=-400 uimp=-85565 upos=680 uneg=840 ball=36.57 vball=-115.11 aball=7.5 bref=0.00 pid=-400.0 pref=-600.0 ppos=-85.6 apid=0.0 integ=-0.0 vision=1 current=1 vframe=876 vs=1 vage=62 vpage=62 vdt=37 vmax=166 vacc=876 vrej=0 seq=0 elapsed=0 oled=3C
[   2936] STATUS mode=3 fault=none enc=-118 denc=-3 sreq=-400 sapplied=-400 crate=-400 uimp=-93565 upos=680 uneg=860 ball=36.57 vball=-115.11 aball=7.5 bref=0.00 pid=-400.0 pref=-600.0 ppos=-93.6 apid=0.0 integ=-0.0 vision=1 current=1 vframe=876 vs=1 vage=82 vpage=82 vdt=37 vmax=166 vacc=876 vrej=0 seq=0 elapsed=0 oled=3C
[   2968] STATUS mode=3 fault=none enc=-139 denc=-3 sreq=-400 sapplied=-400 crate=-400 uimp=-109565 upos=680 uneg=900 ball=33.27 vball=-64.43 aball=16.1 bref=0.00 pid=-400.0 pref=-319.0 ppos=-109.6 apid=0.0 integ=-0.0 vision=1 current=1 vframe=878 vs=1 vage=15 vpage=15 vdt=7 vmax=166 vacc=878 vrej=0 seq=0 elapsed=0 oled=3C
[   3000] STATUS mode=3 fault=none enc=-149 denc=-3 sreq=-400 sapplied=-400 crate=-400 uimp=-117565 upos=680 uneg=920 ball=32.07 vball=-58.72 aball=16.1 bref=0.00 pid=-400.0 pref=-285.5 ppos=-117.6 apid=0.0 integ=-0.0 vision=1 current=1 vframe=879 vs=1 vage=10 vpage=10 vdt=25 vmax=166 vacc=879 vrej=0 seq=0 elapsed=0 oled=3C
[   3030] STATUS mode=3 fault=none enc=-168 denc=-2 sreq=-330 sapplied=-330 crate=-330 uimp=-133045 upos=680 uneg=960 ball=31.95 vball=-31.84 aball=16.1 bref=0.00 pid=219.3 pref=-111.1 ppos=-133.0 apid=0.0 integ=-0.0 vision=1 current=1 vframe=880 vs=1 vage=16 vpage=16 vdt=34 vmax=166 vacc=880 vrej=0 seq=0 elapsed=0 oled=3C
[   3046] STATUS mode=3 fault=none enc=-176 denc=-2 sreq=-260 sapplied=-260 crate=-260 uimp=-139125 upos=680 uneg=980 ball=31.95 vball=-31.84 aball=16.1 bref=0.00 pid=280.1 pref=-111.1 ppos=-139.1 apid=0.0 integ=-0.0 vision=1 current=1 vframe=880 vs=1 vage=36 vpage=36 vdt=34 vmax=166 vacc=880 vrej=0 seq=0 elapsed=0 oled=3C
[   3077] STATUS mode=3 fault=none enc=-182 denc=-1 sreq=-190 sapplied=-190 crate=-190 uimp=-143805 upos=680 uneg=1000 ball=31.95 vball=-31.84 aball=16.1 bref=0.00 pid=326.9 pref=-111.1 ppos=-143.8 apid=0.0 integ=-0.0 vision=1 current=1 vframe=880 vs=1 vage=56 vpage=56 vdt=34 vmax=166 vacc=880 vrej=0 seq=0 elapsed=0 oled=3C
[   3108] STATUS mode=3 fault=none enc=-189 denc=-2 sreq=-50 sapplied=-50 crate=-50 uimp=-148965 upos=680 uneg=1040 ball=31.68 vball=-17.37 aball=186.6 bref=0.00 pid=400.0 pref=-17.9 ppos=-149.0 apid=0.0 integ=-0.0 vision=1 current=1 vframe=881 vs=1 vage=5 vpage=5 vdt=91 vmax=166 vacc=881 vrej=0 seq=0 elapsed=0 oled=3C
[   3139] STATUS mode=3 fault=none enc=-190 denc=0 sreq=20 sapplied=0 crate=20 uimp=-149380 upos=680 uneg=1050 ball=31.68 vball=-17.37 aball=186.6 bref=0.00 pid=400.0 pref=-17.9 ppos=-149.4 apid=0.0 integ=-0.0 vision=1 current=1 vframe=881 vs=1 vage=25 vpage=25 vdt=91 vmax=166 vacc=881 vrej=0 seq=0 elapsed=0 oled=3C
[   3155] STATUS mode=3 fault=none enc=-189 denc=1 sreq=90 sapplied=90 crate=90 uimp=-148550 upos=695 uneg=1050 ball=32.22 vball=0.60 aball=186.6 bref=0.00 pid=400.0 pref=101.8 ppos=-148.5 apid=0.0 integ=1.2 vision=1 current=1 vframe=882 vs=1 vage=20 vpage=20 vdt=25 vmax=166 vacc=882 vrej=0 seq=0 elapsed=0 oled=3C
[   3186] STATUS mode=3 fault=none enc=-182 denc=1 sreq=230 sapplied=230 crate=230 uimp=-142490 upos=735 uneg=1050 ball=33.28 vball=15.10 aball=186.6 bref=0.00 pid=400.0 pref=198.0 ppos=-142.5 apid=0.0 integ=-0.0 vision=1 current=1 vframe=883 vs=1 vage=26 vpage=26 vdt=34 vmax=166 vacc=883 vrej=0 seq=0 elapsed=0 oled=3C
[   3218] STATUS mode=3 fault=none enc=-175 denc=1 sreq=300 sapplied=300 crate=300 uimp=-137360 upos=755 uneg=1050 ball=33.28 vball=15.10 aball=186.6 bref=0.00 pid=400.0 pref=198.0 ppos=-137.4 apid=0.0 integ=-0.0 vision=1 current=1 vframe=883 vs=1 vage=46 vpage=46 vdt=34 vmax=166 vacc=883 vrej=0 seq=0 elapsed=0 oled=3C
[   3250] STATUS mode=3 fault=none enc=-166 denc=2 sreq=370 sapplied=370 crate=370 uimp=-130830 upos=775 uneg=1050 ball=33.28 vball=15.10 aball=186.6 bref=0.00 pid=400.0 pref=198.0 ppos=-130.8 apid=0.0 integ=-0.0 vision=1 current=1 vframe=883 vs=1 vage=66 vpage=66 vdt=34 vmax=166 vacc=883 vrej=0 seq=0 elapsed=0 oled=3C
[   3264] STATUS mode=3 fault=none enc=-146 denc=3 sreq=400 sapplied=400 crate=400 uimp=-115040 upos=815 uneg=1050 ball=34.41 vball=16.71 aball=206.3 bref=0.00 pid=400.0 pref=211.8 ppos=-115.0 apid=0.0 integ=-0.0 vision=1 current=1 vframe=884 vs=1 vage=17 vpage=17 vdt=89 vmax=166 vacc=884 vrej=0 seq=0 elapsed=0 oled=3C
[   3296] STATUS mode=3 fault=none enc=-136 denc=2 sreq=400 sapplied=400 crate=400 uimp=-107040 upos=835 uneg=1050 ball=39.37 vball=106.48 aball=206.3 bref=0.00 pid=400.0 pref=600.0 ppos=-107.0 apid=0.0 integ=-0.0 vision=1 current=1 vframe=885 vs=1 vage=8 vpage=8 vdt=29 vmax=166 vacc=885 vrej=0 seq=0 elapsed=0 oled=3C
[   3327] STATUS mode=3 fault=none enc=-124 denc=3 sreq=400 sapplied=400 crate=400 uimp=-99040 upos=855 uneg=1050 ball=39.37 vball=106.48 aball=206.3 bref=0.00 pid=400.0 pref=600.0 ppos=-99.0 apid=0.0 integ=-0.0 vision=1 current=1 vframe=885 vs=1 vage=28 vpage=28 vdt=29 vmax=166 vacc=885 vrej=0 seq=0 elapsed=0 oled=3C
[   3343] STATUS mode=3 fault=none enc=-105 denc=2 sreq=400 sapplied=400 crate=400 uimp=-83040 upos=895 uneg=1050 ball=42.06 vball=92.29 aball=206.3 bref=0.00 pid=400.0 pref=600.0 ppos=-83.0 apid=0.0 integ=-0.0 vision=1 current=1 vframe=886 vs=1 vage=36 vpage=36 vdt=32 vmax=166 vacc=886 vrej=0 seq=0 elapsed=0 oled=3C
[   3375] STATUS mode=3 fault=none enc=-95 denc=3 sreq=400 sapplied=400 crate=400 uimp=-75040 upos=915 uneg=1050 ball=42.06 vball=92.29 aball=206.3 bref=0.00 pid=400.0 pref=600.0 ppos=-75.0 apid=0.0 integ=-0.0 vision=1 current=1 vframe=886 vs=1 vage=56 vpage=56 vdt=32 vmax=166 vacc=886 vrej=0 seq=0 elapsed=0 oled=3C
[   3405] STATUS mode=3 fault=none enc=-85 denc=2 sreq=400 sapplied=400 crate=400 uimp=-67040 upos=935 uneg=1050 ball=42.06 vball=92.29 aball=206.3 bref=0.00 pid=400.0 pref=600.0 ppos=-67.0 apid=0.0 integ=-0.0 vision=1 current=1 vframe=886 vs=1 vage=76 vpage=76 vdt=32 vmax=166 vacc=886 vrej=0 seq=0 elapsed=0 oled=3C
[   3436] STATUS mode=3 fault=none enc=-65 denc=2 sreq=400 sapplied=400 crate=400 uimp=-51040 upos=975 uneg=1050 ball=45.68 vball=69.25 aball=267.0 bref=0.00 pid=400.0 pref=587.2 ppos=-51.0 apid=0.0 integ=-0.0 vision=1 current=1 vframe=887 vs=1 vage=23 vpage=23 vdt=93 vmax=166 vacc=887 vrej=0 seq=0 elapsed=0 oled=3C
[   3452] STATUS mode=3 fault=none enc=-54 denc=3 sreq=400 sapplied=400 crate=400 uimp=-43040 upos=995 uneg=1050 ball=51.49 vball=173.73 aball=267.0 bref=0.00 pid=400.0 pref=600.0 ppos=-43.0 apid=0.0 integ=-0.0 vision=1 current=1 vframe=888 vs=1 vage=19 vpage=19 vdt=24 vmax=166 vacc=888 vrej=0 seq=0 elapsed=0 oled=3C
[   3483] STATUS mode=3 fault=none enc=-34 denc=2 sreq=400 sapplied=400 crate=400 uimp=-27040 upos=1035 uneg=1050 ball=55.29 vball=145.06 aball=267.0 bref=0.00 pid=400.0 pref=600.0 ppos=-27.0 apid=0.0 integ=-0.0 vision=1 current=1 vframe=889 vs=1 vage=6 vpage=6 vdt=33 vmax=166 vacc=889 vrej=0 seq=0 elapsed=0 oled=3C
[   3514] STATUS mode=3 fault=none enc=-24 denc=2 sreq=400 sapplied=400 crate=400 uimp=-19040 upos=1055 uneg=1050 ball=55.29 vball=145.06 aball=267.0 bref=0.00 pid=400.0 pref=600.0 ppos=-19.0 apid=0.0 integ=-0.0 vision=1 current=1 vframe=889 vs=1 vage=46 vpage=46 vdt=33 vmax=166 vacc=889 vrej=0 seq=0 elapsed=0 oled=3C
[   3530] STATUS mode=3 fault=none enc=-14 denc=3 sreq=400 sapplied=400 crate=400 uimp=-11040 upos=1075 uneg=1050 ball=55.29 vball=145.06 aball=267.0 bref=0.00 pid=400.0 pref=600.0 ppos=-11.0 apid=0.0 integ=-0.0 vision=1 current=1 vframe=889 vs=1 vage=66 vpage=66 vdt=33 vmax=166 vacc=889 vrej=0 seq=0 elapsed=0 oled=3C
[   3561] STATUS mode=3 fault=none enc=6 denc=3 sreq=400 sapplied=400 crate=400 uimp=4960 upos=1115 uneg=1050 ball=60.92 vball=109.80 aball=263.8 bref=0.00 pid=400.0 pref=600.0 ppos=5.0 apid=0.0 integ=-0.0 vision=1 current=1 vframe=890 vs=1 vage=7 vpage=7 vdt=99 vmax=166 vacc=890 vrej=0 seq=0 elapsed=0 oled=3C
[   3593] STATUS mode=3 fault=none enc=15 denc=1 sreq=400 sapplied=400 crate=400 uimp=12960 upos=1135 uneg=1050 ball=66.64 vball=191.25 aball=263.8 bref=0.00 pid=400.0 pref=600.0 ppos=13.0 apid=0.0 integ=-0.0 vision=1 current=1 vframe=891 vs=1 vage=7 vpage=7 vdt=20 vmax=166 vacc=891 vrej=0 seq=0 elapsed=0 oled=3C
[   3625] STATUS mode=3 fault=none enc=26 denc=2 sreq=400 sapplied=400 crate=400 uimp=20960 upos=1155 uneg=1050 ball=66.64 vball=191.25 aball=263.8 bref=0.00 pid=400.0 pref=600.0 ppos=21.0 apid=0.0 integ=-0.0 vision=1 current=1 vframe=891 vs=1 vage=27 vpage=27 vdt=20 vmax=166 vacc=891 vrej=0 seq=0 elapsed=0 oled=3C
[   3639] STATUS mode=3 fault=none enc=46 denc=2 sreq=400 sapplied=400 crate=400 uimp=36960 upos=1195 uneg=1050 ball=71.40 vball=167.38 aball=263.8 bref=0.00 pid=400.0 pref=600.0 ppos=37.0 apid=0.0 integ=-0.0 vision=1 current=1 vframe=892 vs=1 vage=34 vpage=34 vdt=33 vmax=166 vacc=892 vrej=0 seq=0 elapsed=0 oled=3C
[   3671] STATUS mode=3 fault=none enc=56 denc=2 sreq=400 sapplied=400 crate=400 uimp=44960 upos=1215 uneg=1050 ball=71.40 vball=167.38 aball=263.8 bref=0.00 pid=400.0 pref=600.0 ppos=45.0 apid=0.0 integ=-0.0 vision=1 current=1 vframe=892 vs=1 vage=54 vpage=54 vdt=33 vmax=166 vacc=892 vrej=0 seq=0 elapsed=0 oled=3C
[   3702] STATUS mode=3 fault=none enc=66 denc=2 sreq=400 sapplied=400 crate=400 uimp=52960 upos=1235 uneg=1050 ball=71.40 vball=167.38 aball=263.8 bref=0.00 pid=400.0 pref=600.0 ppos=53.0 apid=0.0 integ=-0.0 vision=1 current=1 vframe=892 vs=1 vage=74 vpage=74 vdt=33 vmax=166 vacc=892 vrej=0 seq=0 elapsed=0 oled=3C
[   3718] STATUS mode=3 fault=none enc=87 denc=3 sreq=400 sapplied=400 crate=400 uimp=68960 upos=1275 uneg=1050 ball=78.04 vball=125.07 aball=190.0 bref=0.00 pid=400.0 pref=600.0 ppos=69.0 apid=0.0 integ=-0.0 vision=1 current=1 vframe=893 vs=1 vage=14 vpage=14 vdt=100 vmax=166 vacc=893 vrej=0 seq=0 elapsed=0 oled=3C
[   3750] STATUS mode=3 fault=none enc=96 denc=2 sreq=400 sapplied=400 crate=400 uimp=76960 upos=1295 uneg=1050 ball=86.83 vball=198.12 aball=190.0 bref=0.00 pid=400.0 pref=600.0 ppos=77.0 apid=0.0 integ=-0.0 vision=1 current=1 vframe=894 vs=1 vage=2 vpage=2 vdt=32 vmax=166 vacc=894 vrej=0 seq=0 elapsed=0 oled=3C
[   3780] STATUS mode=3 fault=none enc=107 denc=3 sreq=400 sapplied=400 crate=400 uimp=84960 upos=1315 uneg=1050 ball=86.83 vball=198.12 aball=190.0 bref=0.00 pid=400.0 pref=600.0 ppos=85.0 apid=0.0 integ=-0.0 vision=1 current=1 vframe=894 vs=1 vage=22 vpage=22 vdt=32 vmax=166 vacc=894 vrej=0 seq=0 elapsed=0 oled=3C
[   3811] STATUS mode=3 fault=none enc=128 denc=2 sreq=400 sapplied=400 crate=400 uimp=100960 upos=1355 uneg=1050 ball=90.97 vball=162.78 aball=190.0 bref=0.00 pid=400.0 pref=600.0 ppos=101.0 apid=0.0 integ=-0.0 vision=1 current=1 vframe=895 vs=1 vage=29 vpage=29 vdt=33 vmax=166 vacc=895 vrej=0 seq=0 elapsed=0 oled=3C
[   3827] STATUS mode=3 fault=none enc=138 denc=2 sreq=400 sapplied=400 crate=400 uimp=108960 upos=1375 uneg=1050 ball=90.97 vball=162.78 aball=190.0 bref=0.00 pid=400.0 pref=600.0 ppos=109.0 apid=0.0 integ=-0.0 vision=1 current=1 vframe=895 vs=1 vage=49 vpage=49 vdt=33 vmax=166 vacc=895 vrej=0 seq=0 elapsed=0 oled=3C
[   3858] STATUS mode=3 fault=none enc=148 denc=2 sreq=400 sapplied=400 crate=400 uimp=116960 upos=1395 uneg=1050 ball=90.97 vball=162.78 aball=190.0 bref=0.00 pid=400.0 pref=600.0 ppos=117.0 apid=0.0 integ=-0.0 vision=1 current=1 vframe=895 vs=1 vage=69 vpage=69 vdt=33 vmax=166 vacc=895 vrej=0 seq=0 elapsed=0 oled=3C
[   3889] STATUS mode=3 fault=none enc=168 denc=2 sreq=400 sapplied=400 crate=400 uimp=132960 upos=1435 uneg=1050 ball=97.86 vball=123.06 aball=99.1 bref=0.00 pid=400.0 pref=600.0 ppos=133.0 apid=0.0 integ=-0.0 vision=1 current=1 vframe=896 vs=1 vage=5 vpage=5 vdt=104 vmax=166 vacc=896 vrej=0 seq=0 elapsed=0 oled=3C
[   3905] STATUS mode=3 fault=none enc=179 denc=3 sreq=400 sapplied=400 crate=400 uimp=140960 upos=1455 uneg=1050 ball=97.86 vball=123.06 aball=99.1 bref=0.00 pid=400.0 pref=600.0 ppos=141.0 apid=0.0 integ=-0.0 vision=1 current=1 vframe=896 vs=1 vage=25 vpage=25 vdt=104 vmax=166 vacc=896 vrej=0 seq=0 elapsed=0 oled=3C
[   3936] STATUS mode=3 fault=none enc=189 denc=3 sreq=400 sapplied=400 crate=400 uimp=148960 upos=1475 uneg=1050 ball=105.97 vball=201.62 aball=99.1 bref=0.00 pid=400.0 pref=600.0 ppos=149.0 apid=0.0 integ=-0.0 vision=1 current=1 vframe=897 vs=1 vage=17 vpage=17 vdt=28 vmax=166 vacc=897 vrej=0 seq=0 elapsed=0 oled=3C
[   3968] STATUS mode=3 fault=none enc=210 denc=3 sreq=400 sapplied=400 crate=400 uimp=164960 upos=1515 uneg=1050 ball=110.21 vball=164.35 aball=99.1 bref=0.00 pid=400.0 pref=600.0 ppos=165.0 apid=0.0 integ=-0.0 vision=1 current=1 vframe=898 vs=1 vage=21 vpage=21 vdt=36 vmax=166 vacc=898 vrej=0 seq=0 elapsed=0 oled=3C
[   4000] STATUS mode=3 fault=none enc=219 denc=1 sreq=400 sapplied=400 crate=400 uimp=172960 upos=1535 uneg=1050 ball=110.21 vball=164.35 aball=99.1 bref=0.00 pid=400.0 pref=600.0 ppos=173.0 apid=0.0 integ=-0.0 vision=1 current=1 vframe=898 vs=1 vage=41 vpage=41 vdt=36 vmax=166 vacc=898 vrej=0 seq=0 elapsed=0 oled=3C
[   4014] STATUS mode=3 fault=none enc=230 denc=3 sreq=400 sapplied=400 crate=400 uimp=180960 upos=1555 uneg=1050 ball=110.21 vball=164.35 aball=99.1 bref=0.00 pid=400.0 pref=600.0 ppos=181.0 apid=0.0 integ=-0.0 vision=1 current=1 vframe=898 vs=1 vage=61 vpage=61 vdt=36 vmax=166 vacc=898 vrej=0 seq=0 elapsed=0 oled=3C
[   4046] STATUS mode=3 fault=none enc=250 denc=2 sreq=400 sapplied=400 crate=400 uimp=196960 upos=1595 uneg=1050 ball=115.76 vball=116.11 aball=35.5 bref=0.00 pid=400.0 pref=320.0 ppos=197.0 apid=0.0 integ=0.0 vision=1 current=1 vframe=899 vs=1 vage=1 vpage=1 vdt=100 vmax=166 vacc=899 vrej=0 seq=0 elapsed=0 oled=3C
[   4077] STATUS mode=3 fault=none enc=261 denc=3 sreq=400 sapplied=400 crate=400 uimp=204960 upos=1615 uneg=1050 ball=115.76 vball=116.11 aball=35.5 bref=0.00 pid=400.0 pref=320.0 ppos=205.0 apid=0.0 integ=0.0 vision=1 current=1 vframe=899 vs=1 vage=21 vpage=21 vdt=100 vmax=166 vacc=899 vrej=0 seq=0 elapsed=0 oled=3C
[   4108] STATUS mode=3 fault=none enc=271 denc=3 sreq=400 sapplied=400 crate=400 uimp=212960 upos=1635 uneg=1050 ball=124.05 vball=179.23 aball=35.5 bref=0.00 pid=400.0 pref=320.0 ppos=213.0 apid=0.0 integ=0.0 vision=1 current=1 vframe=900 vs=1 vage=8 vpage=8 vdt=33 vmax=166 vacc=900 vrej=0 seq=0 elapsed=0 oled=3C
[   4125] STATUS mode=3 fault=none enc=292 denc=3 sreq=400 sapplied=400 crate=400 uimp=228960 upos=1675 uneg=1050 ball=125.86 vball=116.33 aball=35.5 bref=0.00 pid=400.0 pref=320.0 ppos=229.0 apid=0.0 integ=0.0 vision=1 current=1 vframe=901 vs=1 vage=15 vpage=15 vdt=33 vmax=166 vacc=901 vrej=0 seq=0 elapsed=0 oled=3C
[   4155] STATUS mode=3 fault=none enc=301 denc=2 sreq=400 sapplied=400 crate=400 uimp=236960 upos=1695 uneg=1050 ball=125.86 vball=116.33 aball=35.5 bref=0.00 pid=400.0 pref=320.0 ppos=237.0 apid=0.0 integ=0.0 vision=1 current=1 vframe=901 vs=1 vage=35 vpage=35 vdt=33 vmax=166 vacc=901 vrej=0 seq=0 elapsed=0 oled=3C
[   4186] STATUS mode=3 fault=none enc=312 denc=3 sreq=400 sapplied=400 crate=400 uimp=244960 upos=1715 uneg=1050 ball=125.86 vball=116.33 aball=35.5 bref=0.00 pid=400.0 pref=320.0 ppos=245.0 apid=0.0 integ=0.0 vision=1 current=1 vframe=901 vs=1 vage=55 vpage=55 vdt=33 vmax=166 vacc=901 vrej=0 seq=0 elapsed=0 oled=3C
[   4202] STATUS mode=3 fault=none enc=332 denc=3 sreq=400 sapplied=400 crate=400 uimp=260960 upos=1755 uneg=1050 ball=125.86 vball=116.33 aball=35.5 bref=0.00 pid=400.0 pref=320.0 ppos=261.0 apid=0.0 integ=0.0 vision=1 current=1 vframe=901 vs=1 vage=95 vpage=95 vdt=33 vmax=166 vacc=901 vrej=0 seq=0 elapsed=0 oled=3C
[   4233] STATUS mode=3 fault=none enc=341 denc=2 sreq=400 sapplied=400 crate=400 uimp=268960 upos=1775 uneg=1050 ball=127.17 vball=64.50 aball=-117.9 bref=0.00 pid=400.0 pref=320.0 ppos=269.0 apid=-0.0 integ=0.0 vision=1 current=1 vframe=902 vs=1 vage=12 vpage=12 vdt=103 vmax=166 vacc=902 vrej=0 seq=0 elapsed=0 oled=3C
[   4264] STATUS mode=3 fault=none enc=352 denc=3 sreq=400 sapplied=400 crate=400 uimp=276960 upos=1795 uneg=1050 ball=125.37 vball=8.98 aball=-117.9 bref=0.00 pid=400.0 pref=320.0 ppos=277.0 apid=-0.0 integ=0.0 vision=1 current=1 vframe=903 vs=1 vage=2 vpage=2 vdt=30 vmax=166 vacc=903 vrej=0 seq=0 elapsed=0 oled=3C
[   4296] STATUS mode=3 fault=none enc=371 denc=3 sreq=286 sapplied=286 crate=286 uimp=291355 upos=1835 uneg=1050 ball=123.95 vball=-16.33 aball=-117.9 bref=0.00 pid=286.4 pref=320.0 ppos=291.4 apid=-0.0 integ=0.0 vision=1 current=1 vframe=904 vs=1 vage=10 vpage=10 vdt=32 vmax=166 vacc=904 vrej=0 seq=0 elapsed=0 oled=3C
[   4311] STATUS mode=3 fault=none enc=376 denc=1 sreq=233 sapplied=233 crate=233 uimp=296670 upos=1855 uneg=1050 ball=123.95 vball=-16.33 aball=-117.9 bref=0.00 pid=233.3 pref=320.0 ppos=296.7 apid=-0.0 integ=0.0 vision=1 current=1 vframe=904 vs=1 vage=30 vpage=30 vdt=32 vmax=166 vacc=904 vrej=0 seq=0 elapsed=0 oled=3C
[   4343] STATUS mode=3 fault=none enc=386 denc=1 sreq=155 sapplied=155 crate=155 uimp=304520 upos=1895 uneg=1050 ball=123.95 vball=-16.33 aball=-117.9 bref=0.00 pid=154.8 pref=320.0 ppos=304.5 apid=-0.0 integ=0.0 vision=1 current=1 vframe=904 vs=1 vage=70 vpage=70 vdt=32 vmax=166 vacc=904 vrej=0 seq=0 elapsed=0 oled=3C
[   4375] STATUS mode=3 fault=none enc=390 denc=1 sreq=126 sapplied=126 crate=126 uimp=307395 upos=1915 uneg=1050 ball=123.95 vball=-16.33 aball=-117.9 bref=0.00 pid=126.0 pref=320.0 ppos=307.4 apid=-0.0 integ=0.0 vision=1 current=1 vframe=904 vs=1 vage=90 vpage=90 vdt=32 vmax=166 vacc=904 vrej=0 seq=0 elapsed=0 oled=3C
[   4405] STATUS mode=3 fault=none enc=393 denc=2 sreq=103 sapplied=103 crate=103 uimp=309735 upos=1935 uneg=1050 ball=121.66 vball=-24.26 aball=-320.9 bref=0.00 pid=102.6 pref=320.0 ppos=309.7 apid=-0.0 integ=0.0 vision=1 current=1 vframe=905 vs=1 vage=16 vpage=16 vdt=94 vmax=166 vacc=905 vrej=0 seq=0 elapsed=0 oled=3C
[   4421] STATUS mode=3 fault=none enc=396 denc=0 sreq=68 sapplied=68 crate=68 uimp=313190 upos=1975 uneg=1050 ball=115.29 vball=-158.47 aball=-320.9 bref=0.00 pid=68.1 pref=320.0 ppos=313.2 apid=-0.0 integ=0.0 vision=1 current=1 vframe=906 vs=1 vage=32 vpage=32 vdt=24 vmax=166 vacc=906 vrej=0 seq=0 elapsed=0 oled=3C
[   4452] STATUS mode=3 fault=none enc=398 denc=0 sreq=55 sapplied=55 crate=55 uimp=314450 upos=1995 uneg=1050 ball=112.16 vball=-128.04 aball=-320.9 bref=0.00 pid=55.5 pref=320.0 ppos=314.5 apid=-0.0 integ=0.0 vision=1 current=1 vframe=907 vs=1 vage=19 vpage=19 vdt=33 vmax=166 vacc=907 vrej=0 seq=0 elapsed=0 oled=3C
[   4483] STATUS mode=3 fault=none enc=399 denc=0 sreq=45 sapplied=45 crate=45 uimp=315480 upos=2015 uneg=1050 ball=112.16 vball=-128.04 aball=-320.9 bref=0.00 pid=45.2 pref=320.0 ppos=315.5 apid=-0.0 integ=0.0 vision=1 current=1 vframe=907 vs=1 vage=39 vpage=39 vdt=33 vmax=166 vacc=907 vrej=0 seq=0 elapsed=0 oled=3C
[   4500] STATUS mode=3 fault=none enc=401 denc=1 sreq=30 sapplied=30 crate=30 uimp=317005 upos=2055 uneg=1050 ball=112.16 vball=-128.04 aball=-320.9 bref=0.00 pid=29.9 pref=320.0 ppos=317.0 apid=-0.0 integ=0.0 vision=1 current=1 vframe=907 vs=1 vage=79 vpage=79 vdt=33 vmax=166 vacc=907 vrej=0 seq=0 elapsed=0 oled=3C
[   4530] STATUS mode=3 fault=none enc=400 denc=-1 sreq=0 sapplied=0 crate=8 uimp=317560 upos=2075 uneg=1050 ball=105.48 vball=-110.70 aball=-429.1 bref=0.00 pid=-400.0 pref=-403.1 ppos=317.6 apid=-0.0 integ=-0.0 vision=1 current=1 vframe=908 vs=1 vage=2 vpage=2 vdt=97 vmax=166 vacc=908 vrej=0 seq=0 elapsed=0 oled=3C
[   4561] STATUS mode=3 fault=none enc=402 denc=0 sreq=-62 sapplied=-62 crate=-62 uimp=317340 upos=2075 uneg=1055 ball=97.63 vball=-234.60 aball=-429.1 bref=0.00 pid=-400.0 pref=-600.0 ppos=317.3 apid=-0.0 integ=-0.0 vision=1 current=1 vframe=909 vs=1 vage=2 vpage=2 vdt=20 vmax=166 vacc=909 vrej=0 seq=0 elapsed=0 oled=3C
[   4593] STATUS mode=3 fault=none enc=396 denc=-1 sreq=-202 sapplied=-202 crate=-202 uimp=312420 upos=2075 uneg=1095 ball=92.10 vball=-201.86 aball=-429.1 bref=0.00 pid=-400.0 pref=-600.0 ppos=312.4 apid=-0.0 integ=-0.0 vision=1 current=1 vframe=910 vs=1 vage=8 vpage=8 vdt=34 vmax=166 vacc=910 vrej=0 seq=0 elapsed=0 oled=3C
[   4625] STATUS mode=3 fault=none enc=390 denc=-2 sreq=-272 sapplied=-272 crate=-272 uimp=307860 upos=2075 uneg=1115 ball=92.10 vball=-201.86 aball=-429.1 bref=0.00 pid=-400.0 pref=-600.0 ppos=307.9 apid=-0.0 integ=-0.0 vision=1 current=1 vframe=910 vs=1 vage=28 vpage=28 vdt=34 vmax=166 vacc=910 vrej=0 seq=0 elapsed=0 oled=3C
[   4639] STATUS mode=3 fault=none enc=383 denc=-2 sreq=-342 sapplied=-342 crate=-342 uimp=301900 upos=2075 uneg=1135 ball=92.10 vball=-201.86 aball=-429.1 bref=0.00 pid=-400.0 pref=-600.0 ppos=301.9 apid=-0.0 integ=-0.0 vision=1 current=1 vframe=910 vs=1 vage=48 vpage=48 vdt=34 vmax=166 vacc=910 vrej=0 seq=0 elapsed=0 oled=3C
[   4671] STATUS mode=3 fault=none enc=364 denc=-2 sreq=-400 sapplied=-400 crate=-400 uimp=286540 upos=2075 uneg=1175 ball=92.10 vball=-201.86 aball=-429.1 bref=0.00 pid=-400.0 pref=-600.0 ppos=286.5 apid=-0.0 integ=-0.0 vision=1 current=1 vframe=910 vs=1 vage=88 vpage=88 vdt=34 vmax=166 vacc=910 vrej=0 seq=0 elapsed=0 oled=3C
[   4702] STATUS mode=3 fault=none enc=354 denc=-2 sreq=-400 sapplied=-400 crate=-400 uimp=278540 upos=2075 uneg=1195 ball=84.27 vball=-150.71 aball=-354.4 bref=0.00 pid=-400.0 pref=-600.0 ppos=278.5 apid=-0.0 integ=-0.0 vision=1 current=1 vframe=911 vs=1 vage=10 vpage=10 vdt=98 vmax=166 vacc=911 vrej=0 seq=0 elapsed=0 oled=3C
[   4733] STATUS mode=3 fault=none enc=334 denc=-1 sreq=-400 sapplied=-400 crate=-400 uimp=262540 upos=2075 uneg=1235 ball=74.10 vball=-316.29 aball=-354.4 bref=0.00 pid=-400.0 pref=-600.0 ppos=262.5 apid=-0.0 integ=-0.0 vision=1 current=1 vframe=912 vs=1 vage=33 vpage=33 vdt=17 vmax=166 vacc=912 vrej=0 seq=0 elapsed=0 oled=3C
[   4733] >>> stop
[   4750] STATUS mode=3 fault=none enc=323 denc=-3 sreq=-400 sapplied=-400 crate=-400 uimp=254540 upos=2075 uneg=1255 ball=66.88 vball=-271.30 aball=-354.4 bref=0.00 pid=-400.0 pref=-600.0 ppos=254.5 apid=-0.0 integ=-0.0 vision=1 current=1 vframe=913 vs=1 vage=20 vpage=20 vdt=33 vmax=166 vacc=913 vrej=0 seq=0 elapsed=0 oled=3C
[   4780] STATUS mode=1 fault=none enc=311 denc=-2 sreq=0 sapplied=0 crate=0 uimp=250540 upos=2075 uneg=1265 ball=66.88 vball=-271.30 aball=0.0 bref=0.00 pid=0.0 pref=0.0 ppos=0.0 apid=0.0 integ=0.0 vision=1 current=1 vframe=913 vs=1 vage=40 vpage=40 vdt=33 vmax=166 vacc=913 vrej=0 seq=0 elapsed=0 oled=3C
[   4811] STATUS mode=1 fault=none enc=312 denc=0 sreq=0 sapplied=0 crate=0 uimp=250540 upos=2075 uneg=1265 ball=66.88 vball=-271.30 aball=0.0 bref=0.00 pid=0.0 pref=0.0 ppos=0.0 apid=0.0 integ=0.0 vision=1 current=1 vframe=913 vs=1 vage=80 vpage=80 vdt=33 vmax=166 vacc=913 vrej=0 seq=0 elapsed=0 oled=3C
[   4827] STATUS mode=1 fault=none enc=312 denc=0 sreq=0 sapplied=0 crate=0 uimp=250540 upos=2075 uneg=1265 ball=56.62 vball=-203.94 aball=0.0 bref=0.00 pid=0.0 pref=0.0 ppos=0.0 apid=0.0 integ=0.0 vision=1 current=1 vframe=914 vs=1 vage=1 vpage=1 vdt=99 vmax=166 vacc=914 vrej=0 seq=0 elapsed=0 oled=3C
[   4858] STATUS mode=1 fault=none enc=312 denc=0 sreq=0 sapplied=0 crate=0 uimp=250540 upos=2075 uneg=1265 ball=45.72 vball=-347.03 aball=0.0 bref=0.00 pid=0.0 pref=0.0 ppos=0.0 apid=0.0 integ=0.0 vision=1 current=1 vframe=915 vs=1 vage=1 vpage=1 vdt=20 vmax=166 vacc=915 vrej=0 seq=0 elapsed=0 oled=3C
[   4889] STATUS mode=1 fault=none enc=312 denc=0 sreq=0 sapplied=0 crate=0 uimp=250540 upos=2075 uneg=1265 ball=37.82 vball=-295.51 aball=0.0 bref=0.00 pid=0.0 pref=0.0 ppos=0.0 apid=0.0 integ=0.0 vision=1 current=1 vframe=916 vs=1 vage=8 vpage=8 vdt=33 vmax=166 vacc=916 vrej=0 seq=0 elapsed=0 oled=3C
[   4905] STATUS mode=1 fault=none enc=312 denc=0 sreq=0 sapplied=0 crate=0 uimp=250540 upos=2075 uneg=1265 ball=37.82 vball=-295.51 aball=0.0 bref=0.00 pid=0.0 pref=0.0 ppos=0.0 apid=0.0 integ=0.0 vision=1 current=1 vframe=916 vs=1 vage=28 vpage=28 vdt=33 vmax=166 vacc=916 vrej=0 seq=0 elapsed=0 oled=3C
[   4936] STATUS mode=1 fault=none enc=312 denc=0 sreq=0 sapplied=0 crate=0 uimp=250540 upos=2075 uneg=1265 ball=37.82 vball=-295.51 aball=0.0 bref=0.00 pid=0.0 pref=0.0 ppos=0.0 apid=0.0 integ=0.0 vision=1 current=1 vframe=916 vs=1 vage=48 vpage=48 vdt=33 vmax=166 vacc=916 vrej=0 seq=0 elapsed=0 oled=3C
[   4968] STATUS mode=1 fault=none enc=312 denc=0 sreq=0 sapplied=0 crate=0 uimp=250540 upos=2075 uneg=1265 ball=37.82 vball=-295.51 aball=0.0 bref=0.00 pid=0.0 pref=0.0 ppos=0.0 apid=0.0 integ=0.0 vision=1 current=1 vframe=916 vs=1 vage=68 vpage=68 vdt=33 vmax=166 vacc=916 vrej=0 seq=0 elapsed=0 oled=3C
[   4983] STATUS mode=1 fault=none enc=312 denc=0 sreq=0 sapplied=0 crate=0 uimp=250540 upos=2075 uneg=1265 ball=26.57 vball=-220.65 aball=0.0 bref=0.00 pid=0.0 pref=0.0 ppos=0.0 apid=0.0 integ=0.0 vision=1 current=1 vframe=917 vs=1 vage=17 vpage=17 vdt=91 vmax=166 vacc=917 vrej=0 seq=0 elapsed=0 oled=3C
[   5014] STATUS mode=1 fault=none enc=312 denc=0 sreq=0 sapplied=0 crate=0 uimp=250540 upos=2075 uneg=1265 ball=14.79 vball=-403.35 aball=0.0 bref=0.00 pid=0.0 pref=0.0 ppos=0.0 apid=0.0 integ=0.0 vision=1 current=1 vframe=918 vs=1 vage=13 vpage=13 vdt=24 vmax=166 vacc=918 vrej=0 seq=0 elapsed=0 oled=3C
[   5046] STATUS mode=1 fault=none enc=312 denc=0 sreq=0 sapplied=0 crate=0 uimp=250540 upos=2075 uneg=1265 ball=14.79 vball=-403.35 aball=0.0 bref=0.00 pid=0.0 pref=0.0 ppos=0.0 apid=0.0 integ=0.0 vision=1 current=1 vframe=918 vs=1 vage=33 vpage=33 vdt=24 vmax=166 vacc=918 vrej=0 seq=0 elapsed=0 oled=3C
[   5061] STATUS mode=1 fault=none enc=312 denc=0 sreq=0 sapplied=0 crate=0 uimp=250540 upos=2075 uneg=1265 ball=6.74 vball=-322.48 aball=0.0 bref=0.00 pid=0.0 pref=0.0 ppos=0.0 apid=0.0 integ=0.0 vision=1 current=1 vframe=919 vs=1 vage=40 vpage=40 vdt=33 vmax=166 vacc=919 vrej=0 seq=0 elapsed=0 oled=3C
[   5093] STATUS mode=1 fault=none enc=312 denc=0 sreq=0 sapplied=0 crate=0 uimp=250540 upos=2075 uneg=1265 ball=6.74 vball=-322.48 aball=0.0 bref=0.00 pid=0.0 pref=0.0 ppos=0.0 apid=0.0 integ=0.0 vision=1 current=1 vframe=919 vs=1 vage=60 vpage=60 vdt=33 vmax=166 vacc=919 vrej=0 seq=0 elapsed=0 oled=3C
[   5093] >>> stream off
[   5125] STATUS mode=1 fault=none enc=312 denc=0 sreq=0 sapplied=0 crate=0 uimp=250540 upos=2075 uneg=1265 ball=6.74 vball=-322.48 aball=0.0 bref=0.00 pid=0.0 pref=0.0 ppos=0.0 apid=0.0 integ=0.0 vision=1 current=1 vframe=919 vs=1 vage=80 vpage=80 vdt=33 vmax=166 vacc=919 vrej=0 seq=0 elapsed=0 oled=3C
[   5125] OK stream off
[   5311] STOP_REASON speed_limit
