[      0] >>> bench on
[     15] OK stepper visual-only bench active; use zero before tests
[    187] >>> clear
[    203] OK fault cleared
[    375] >>> diag reset
[    390] OK actuator diagnostics reset
[    562] >>> gain ball 2.5 1.0 5.0 -1
[    578] OK ball gains kp=2.500 ki=1.000 kd=5.000 sign=-1
[    750] >>> gain accel 0.0
[    765] OK ball acceleration gain ka=0.000
[    937] >>> limit rate 120
[    953] OK ball rate limit=120 steps/s
[   1125] >>> stream on 20
[   1140] OK stream on 20 ms
[   1172] STATUS mode=1 fault=none enc=1040 denc=0 sreq=0 sapplied=0 crate=0 uimp=0 upos=0 uneg=0 ball=-125.00 vball=-0.00 aball=0.0 bref=0.00 pid=0.0 pref=0.0 ppos=0.0 apid=0.0 integ=0.0 vision=0 current=0 vframe=15970 vs=0 vage=13707 vpage=13 vdt=30 vmax=2668 vacc=15724 vrej=0 seq=0 elapsed=0 oled=3C
[   1203] STATUS mode=1 fault=none enc=1040 denc=0 sreq=0 sapplied=0 crate=0 uimp=0 upos=0 uneg=0 ball=-125.00 vball=-0.00 aball=0.0 bref=0.00 pid=0.0 pref=0.0 ppos=0.0 apid=0.0 integ=0.0 vision=0 current=0 vframe=15970 vs=0 vage=13727 vpage=33 vdt=30 vmax=2668 vacc=15724 vrej=0 seq=0 elapsed=0 oled=3C
[   1233] STATUS mode=1 fault=none enc=1040 denc=0 sreq=0 sapplied=0 crate=0 uimp=0 upos=0 uneg=0 ball=-125.00 vball=-0.00 aball=0.0 bref=0.00 pid=0.0 pref=0.0 ppos=0.0 apid=0.0 integ=0.0 vision=0 current=0 vframe=15971 vs=0 vage=13747 vpage=20 vdt=30 vmax=2668 vacc=15724 vrej=0 seq=0 elapsed=0 oled=3C
[   1250] STATUS mode=1 fault=none enc=1040 denc=0 sreq=0 sapplied=0 crate=0 uimp=0 upos=0 uneg=0 ball=-125.00 vball=-0.00 aball=0.0 bref=0.00 pid=0.0 pref=0.0 ppos=0.0 apid=0.0 integ=0.0 vision=0 current=0 vframe=15971 vs=0 vage=13767 vpage=40 vdt=30 vmax=2668 vacc=15724 vrej=0 seq=0 elapsed=0 oled=3C
[   1281] STATUS mode=1 fault=none enc=1040 denc=0 sreq=0 sapplied=0 crate=0 uimp=0 upos=0 uneg=0 ball=-125.00 vball=-0.00 aball=0.0 bref=0.00 pid=0.0 pref=0.0 ppos=0.0 apid=0.0 integ=0.0 vision=0 current=0 vframe=15971 vs=0 vage=13807 vpage=80 vdt=30 vmax=2668 vacc=15724 vrej=0 seq=0 elapsed=0 oled=3C
[   1297] STATUS mode=1 fault=none enc=1040 denc=0 sreq=0 sapplied=0 crate=0 uimp=0 upos=0 uneg=0 ball=-125.00 vball=-0.00 aball=0.0 bref=0.00 pid=0.0 pref=0.0 ppos=0.0 apid=0.0 integ=0.0 vision=0 current=0 vframe=15972 vs=0 vage=13827 vpage=3 vdt=30 vmax=2668 vacc=15724 vrej=0 seq=0 elapsed=0 oled=3C
[   1297] >>> ball 0.0
[   1328] STATUS mode=1 fault=none enc=1040 denc=0 sreq=0 sapplied=0 crate=0 uimp=0 upos=0 uneg=0 ball=-125.00 vball=-0.00 aball=0.0 bref=0.00 pid=0.0 pref=0.0 ppos=0.0 apid=0.0 integ=0.0 vision=0 current=0 vframe=15973 vs=0 vage=13847 vpage=4 vdt=30 vmax=2668 vacc=15724 vrej=0 seq=0 elapsed=0 oled=3C
[   1358] STATUS mode=1 fault=none enc=1040 denc=0 sreq=0 sapplied=0 crate=0 uimp=0 upos=0 uneg=0 ball=-125.00 vball=-0.00 aball=0.0 bref=0.00 pid=0.0 pref=0.0 ppos=0.0 apid=0.0 integ=0.0 vision=0 current=0 vframe=15973 vs=0 vage=13867 vpage=24 vdt=30 vmax=2668 vacc=15724 vrej=0 seq=0 elapsed=0 oled=3C
[   1375] STATUS mode=1 fault=none enc=1040 denc=0 sreq=0 sapplied=0 crate=0 uimp=0 upos=0 uneg=0 ball=-125.00 vball=-0.00 aball=0.0 bref=0.00 pid=0.0 pref=0.0 ppos=0.0 apid=0.0 integ=0.0 vision=0 current=0 vframe=15974 vs=0 vage=13907 vpage=30 vdt=30 vmax=2668 vacc=15724 vrej=0 seq=0 elapsed=0 oled=3C
[   1406] STATUS mode=1 fault=none enc=1040 denc=0 sreq=0 sapplied=0 crate=0 uimp=0 upos=0 uneg=0 ball=-125.00 vball=-0.00 aball=0.0 bref=0.00 pid=0.0 pref=0.0 ppos=0.0 apid=0.0 integ=0.0 vision=0 current=0 vframe=15974 vs=0 vage=13927 vpage=50 vdt=30 vmax=2668 vacc=15724 vrej=0 seq=0 elapsed=0 oled=3C
[   1437] STATUS mode=1 fault=none enc=1040 denc=0 sreq=0 sapplied=0 crate=0 uimp=0 upos=0 uneg=0 ball=-125.00 vball=-0.00 aball=0.0 bref=0.00 pid=0.0 pref=0.0 ppos=0.0 apid=0.0 integ=0.0 vision=0 current=0 vframe=15974 vs=0 vage=13947 vpage=70 vdt=30 vmax=2668 vacc=15724 vrej=0 seq=0 elapsed=0 oled=3C
[   1453] STATUS mode=1 fault=none enc=1040 denc=0 sreq=0 sapplied=0 crate=0 uimp=0 upos=0 uneg=0 ball=-125.00 vball=-0.00 aball=0.0 bref=0.00 pid=0.0 pref=0.0 ppos=0.0 apid=0.0 integ=0.0 vision=0 current=0 vframe=15975 vs=0 vage=13987 vpage=13 vdt=30 vmax=2668 vacc=15724 vrej=0 seq=0 elapsed=0 oled=3C
[   1483] STATUS mode=1 fault=none enc=1040 denc=0 sreq=0 sapplied=0 crate=0 uimp=0 upos=0 uneg=0 ball=-125.00 vball=-0.00 aball=0.0 bref=0.00 pid=0.0 pref=0.0 ppos=0.0 apid=0.0 integ=0.0 vision=0 current=0 vframe=15976 vs=0 vage=14007 vpage=14 vdt=30 vmax=2668 vacc=15724 vrej=0 seq=0 elapsed=0 oled=3C
[   1515] STATUS mode=1 fault=none enc=1040 denc=0 sreq=0 sapplied=0 crate=0 uimp=0 upos=0 uneg=0 ball=-125.00 vball=-0.00 aball=0.0 bref=0.00 pid=0.0 pref=0.0 ppos=0.0 apid=0.0 integ=0.0 vision=0 current=0 vframe=15977 vs=0 vage=14027 vpage=1 vdt=30 vmax=2668 vacc=15724 vrej=0 seq=0 elapsed=0 oled=3C
[   1531] STATUS mode=1 fault=none enc=1040 denc=0 sreq=0 sapplied=0 crate=0 uimp=0 upos=0 uneg=0 ball=-125.00 vball=-0.00 aball=0.0 bref=0.00 pid=0.0 pref=0.0 ppos=0.0 apid=0.0 integ=0.0 vision=0 current=0 vframe=15977 vs=0 vage=14047 vpage=21 vdt=30 vmax=2668 vacc=15724 vrej=0 seq=0 elapsed=0 oled=3C
[   1562] STATUS mode=1 fault=none enc=1040 denc=0 sreq=0 sapplied=0 crate=0 uimp=0 upos=0 uneg=0 ball=-125.00 vball=-0.00 aball=0.0 bref=0.00 pid=0.0 pref=0.0 ppos=0.0 apid=0.0 integ=0.0 vision=0 current=0 vframe=15977 vs=0 vage=14087 vpage=61 vdt=30 vmax=2668 vacc=15724 vrej=0 seq=0 elapsed=0 oled=3C
[   1578] STATUS mode=1 fault=none enc=1040 denc=0 sreq=0 sapplied=0 crate=0 uimp=0 upos=0 uneg=0 ball=-125.00 vball=-0.00 aball=0.0 bref=0.00 pid=0.0 pref=0.0 ppos=0.0 apid=0.0 integ=0.0 vision=0 current=0 vframe=15977 vs=0 vage=14107 vpage=81 vdt=30 vmax=2668 vacc=15724 vrej=0 seq=0 elapsed=0 oled=3C
[   1608] STATUS mode=1 fault=none enc=1040 denc=0 sreq=0 sapplied=0 crate=0 uimp=0 upos=0 uneg=0 ball=-125.00 vball=-0.00 aball=0.0 bref=0.00 pid=0.0 pref=0.0 ppos=0.0 apid=0.0 integ=0.0 vision=0 current=0 vframe=15977 vs=0 vage=14127 vpage=101 vdt=30 vmax=2668 vacc=15724 vrej=0 seq=0 elapsed=0 oled=3C
[   1640] STATUS mode=1 fault=none enc=1040 denc=0 sreq=0 sapplied=0 crate=0 uimp=0 upos=0 uneg=0 ball=-125.00 vball=-0.00 aball=0.0 bref=0.00 pid=0.0 pref=0.0 ppos=0.0 apid=0.0 integ=0.0 vision=0 current=0 vframe=15979 vs=0 vage=14167 vpage=7 vdt=30 vmax=2668 vacc=15724 vrej=0 seq=0 elapsed=0 oled=3C
[   1640] >>> stop
[   1656] STATUS mode=1 fault=none enc=1040 denc=0 sreq=0 sapplied=0 crate=0 uimp=0 upos=0 uneg=0 ball=-125.00 vball=-0.00 aball=0.0 bref=0.00 pid=0.0 pref=0.0 ppos=0.0 apid=0.0 integ=0.0 vision=0 current=0 vframe=15979 vs=0 vage=14187 vpage=27 vdt=30 vmax=2668 vacc=15724 vrej=0 seq=0 elapsed=0 oled=3C
[   1687] STATUS mode=1 fault=none enc=1040 denc=0 sreq=0 sapplied=0 crate=0 uimp=0 upos=0 uneg=0 ball=-125.00 vball=-0.00 aball=0.0 bref=0.00 pid=0.0 pref=0.0 ppos=0.0 apid=0.0 integ=0.0 vision=0 current=0 vframe=15979 vs=0 vage=14207 vpage=47 vdt=30 vmax=2668 vacc=15724 vrej=0 seq=0 elapsed=0 oled=3C
[   1717] STATUS mode=1 fault=none enc=1040 denc=0 sreq=0 sapplied=0 crate=0 uimp=0 upos=0 uneg=0 ball=-125.00 vball=-0.00 aball=0.0 bref=0.00 pid=0.0 pref=0.0 ppos=0.0 apid=0.0 integ=0.0 vision=0 current=0 vframe=15979 vs=0 vage=14227 vpage=67 vdt=30 vmax=2668 vacc=15724 vrej=0 seq=0 elapsed=0 oled=3C
[   1733] STATUS mode=1 fault=none enc=1040 denc=0 sreq=0 sapplied=0 crate=0 uimp=0 upos=0 uneg=0 ball=-125.00 vball=-0.00 aball=0.0 bref=0.00 pid=0.0 pref=0.0 ppos=0.0 apid=0.0 integ=0.0 vision=0 current=0 vframe=15979 vs=0 vage=14267 vpage=107 vdt=30 vmax=2668 vacc=15724 vrej=0 seq=0 elapsed=0 oled=3C
[   1765] STATUS mode=1 fault=none enc=1040 denc=0 sreq=0 sapplied=0 crate=0 uimp=0 upos=0 uneg=0 ball=-125.00 vball=-0.00 aball=0.0 bref=0.00 pid=0.0 pref=0.0 ppos=0.0 apid=0.0 integ=0.0 vision=0 current=0 vframe=15981 vs=0 vage=14287 vpage=12 vdt=30 vmax=2668 vacc=15724 vrej=0 seq=0 elapsed=0 oled=3C
[   1797] STATUS mode=1 fault=none enc=1040 denc=0 sreq=0 sapplied=0 crate=0 uimp=0 upos=0 uneg=0 ball=-125.00 vball=-0.00 aball=0.0 bref=0.00 pid=0.0 pref=0.0 ppos=0.0 apid=0.0 integ=0.0 vision=0 current=0 vframe=15981 vs=0 vage=14307 vpage=32 vdt=30 vmax=2668 vacc=15724 vrej=0 seq=0 elapsed=0 oled=3C
[   1812] STATUS mode=1 fault=none enc=1040 denc=0 sreq=0 sapplied=0 crate=0 uimp=0 upos=0 uneg=0 ball=-125.00 vball=-0.00 aball=0.0 bref=0.00 pid=0.0 pref=0.0 ppos=0.0 apid=0.0 integ=0.0 vision=0 current=0 vframe=15982 vs=0 vage=14347 vpage=38 vdt=30 vmax=2668 vacc=15724 vrej=0 seq=0 elapsed=0 oled=3C
[   1842] STATUS mode=1 fault=none enc=1040 denc=0 sreq=0 sapplied=0 crate=0 uimp=0 upos=0 uneg=0 ball=-125.00 vball=-0.00 aball=0.0 bref=0.00 pid=0.0 pref=0.0 ppos=0.0 apid=0.0 integ=0.0 vision=0 current=0 vframe=15982 vs=0 vage=14367 vpage=58 vdt=30 vmax=2668 vacc=15724 vrej=0 seq=0 elapsed=0 oled=3C
[   1875] STATUS mode=1 fault=none enc=1040 denc=0 sreq=0 sapplied=0 crate=0 uimp=0 upos=0 uneg=0 ball=-125.00 vball=-0.00 aball=0.0 bref=0.00 pid=0.0 pref=0.0 ppos=0.0 apid=0.0 integ=0.0 vision=0 current=0 vframe=15982 vs=0 vage=14387 vpage=78 vdt=30 vmax=2668 vacc=15724 vrej=0 seq=0 elapsed=0 oled=3C
[   1890] STATUS mode=1 fault=none enc=1040 denc=0 sreq=0 sapplied=0 crate=0 uimp=0 upos=0 uneg=0 ball=-125.00 vball=-0.00 aball=0.0 bref=0.00 pid=0.0 pref=0.0 ppos=0.0 apid=0.0 integ=0.0 vision=0 current=0 vframe=15982 vs=0 vage=14407 vpage=98 vdt=30 vmax=2668 vacc=15724 vrej=0 seq=0 elapsed=0 oled=3C
[   1922] STATUS mode=1 fault=none enc=1040 denc=0 sreq=0 sapplied=0 crate=0 uimp=0 upos=0 uneg=0 ball=-125.00 vball=-0.00 aball=0.0 bref=0.00 pid=0.0 pref=0.0 ppos=0.0 apid=0.0 integ=0.0 vision=0 current=0 vframe=15985 vs=0 vage=14447 vpage=3 vdt=30 vmax=2668 vacc=15724 vrej=0 seq=0 elapsed=0 oled=3C
[   1937] STATUS mode=1 fault=none enc=1040 denc=0 sreq=0 sapplied=0 crate=0 uimp=0 upos=0 uneg=0 ball=-125.00 vball=-0.00 aball=0.0 bref=0.00 pid=0.0 pref=0.0 ppos=0.0 apid=0.0 integ=0.0 vision=0 current=0 vframe=15985 vs=0 vage=14467 vpage=23 vdt=30 vmax=2668 vacc=15724 vrej=0 seq=0 elapsed=0 oled=3C
[   1967] STATUS mode=1 fault=none enc=1040 denc=0 sreq=0 sapplied=0 crate=0 uimp=0 upos=0 uneg=0 ball=-125.00 vball=-0.00 aball=0.0 bref=0.00 pid=0.0 pref=0.0 ppos=0.0 apid=0.0 integ=0.0 vision=0 current=0 vframe=15986 vs=0 vage=14487 vpage=11 vdt=30 vmax=2668 vacc=15724 vrej=0 seq=0 elapsed=0 oled=3C
[   2000] STATUS mode=1 fault=none enc=1040 denc=0 sreq=0 sapplied=0 crate=0 uimp=0 upos=0 uneg=0 ball=-125.00 vball=-0.00 aball=0.0 bref=0.00 pid=0.0 pref=0.0 ppos=0.0 apid=0.0 integ=0.0 vision=0 current=0 vframe=15986 vs=0 vage=14507 vpage=31 vdt=30 vmax=2668 vacc=15724 vrej=0 seq=0 elapsed=0 oled=3C
[   2000] >>> stream off
[   2015] STATUS mode=1 fault=none enc=1040 denc=0 sreq=0 sapplied=0 crate=0 uimp=0 upos=0 uneg=0 ball=-125.00 vball=-0.00 aball=0.0 bref=0.00 pid=0.0 pref=0.0 ppos=0.0 apid=0.0 integ=0.0 vision=0 current=0 vframe=15986 vs=0 vage=14547 vpage=71 vdt=30 vmax=2668 vacc=15724 vrej=0 seq=0 elapsed=0 oled=3C
[   2031] OK stream off
[   2203] STOP_REASON vision_loss
