[      0] >>> bench on
[      0] OK stepper visual-only bench active; command pose preserved
[    186] >>> clear
[    186] OK fault cleared
[    375] >>> diag reset
[    375] OK actuator diagnostics reset
[    561] >>> gain ball 1.2 1.0 0.8 -1
[    561] OK ball gains kp=1.200 ki=1.000 kd=0.800 sign=-1
[    750] >>> gain accel 0.0
[    750] OK ball acceleration gain ka=0.000
[    936] >>> limit rate 120
[    936] OK ball rate limit=120 steps/s
[   1125] >>> stream on 20
[   1125] OK stream on 20 ms
[   1172] STATUS mode=1 fault=none enc=-144 denc=0 sreq=0 sapplied=0 crate=0 uimp=0 upos=0 uneg=0 ball=14.05 vball=-0.01 aball=0.0 bref=0.00 pid=0.0 pref=17.8 ppos=17.8 apid=0.0 integ=0.0 vision=1 current=1 vframe=3666 vs=1 vage=22 vpage=22 vdt=33 vmax=166 vacc=3591 vrej=0 seq=0 elapsed=0 oled=3C
[   1186] STATUS mode=1 fault=none enc=-144 denc=0 sreq=0 sapplied=0 crate=0 uimp=0 upos=0 uneg=0 ball=14.05 vball=-0.00 aball=0.0 bref=0.00 pid=0.0 pref=17.8 ppos=17.8 apid=0.0 integ=0.0 vision=1 current=1 vframe=3667 vs=1 vage=8 vpage=8 vdt=34 vmax=166 vacc=3592 vrej=0 seq=0 elapsed=0 oled=3C
[   1218] STATUS mode=1 fault=none enc=-144 denc=0 sreq=0 sapplied=0 crate=0 uimp=0 upos=0 uneg=0 ball=14.05 vball=-0.00 aball=0.0 bref=0.00 pid=0.0 pref=17.8 ppos=17.8 apid=0.0 integ=0.0 vision=1 current=1 vframe=3667 vs=1 vage=28 vpage=28 vdt=34 vmax=166 vacc=3592 vrej=0 seq=0 elapsed=0 oled=3C
[   1250] STATUS mode=1 fault=none enc=-144 denc=0 sreq=0 sapplied=0 crate=0 uimp=0 upos=0 uneg=0 ball=14.05 vball=-0.00 aball=0.0 bref=0.00 pid=0.0 pref=17.8 ppos=17.8 apid=0.0 integ=0.0 vision=1 current=1 vframe=3668 vs=1 vage=15 vpage=15 vdt=33 vmax=166 vacc=3593 vrej=0 seq=0 elapsed=0 oled=3C
[   1266] STATUS mode=1 fault=none enc=-144 denc=0 sreq=0 sapplied=0 crate=0 uimp=0 upos=0 uneg=0 ball=14.05 vball=-0.00 aball=0.0 bref=0.00 pid=0.0 pref=17.8 ppos=17.8 apid=0.0 integ=0.0 vision=1 current=1 vframe=3669 vs=1 vage=22 vpage=22 vdt=33 vmax=166 vacc=3594 vrej=0 seq=0 elapsed=0 oled=3C
[   1297] STATUS mode=1 fault=none enc=-144 denc=0 sreq=0 sapplied=0 crate=0 uimp=0 upos=0 uneg=0 ball=14.08 vball=0.50 aball=0.0 bref=0.00 pid=0.0 pref=17.8 ppos=17.8 apid=0.0 integ=0.0 vision=1 current=1 vframe=3670 vs=1 vage=8 vpage=8 vdt=34 vmax=166 vacc=3595 vrej=0 seq=0 elapsed=0 oled=3C
[   1297] >>> ball 0.0
[   1311] STATUS mode=1 fault=none enc=-144 denc=0 sreq=0 sapplied=0 crate=0 uimp=0 upos=0 uneg=0 ball=14.08 vball=0.50 aball=0.0 bref=0.00 pid=0.0 pref=17.8 ppos=17.8 apid=0.0 integ=0.0 vision=1 current=1 vframe=3670 vs=1 vage=28 vpage=28 vdt=34 vmax=166 vacc=3595 vrej=0 seq=0 elapsed=0 oled=3C
[   1343] STATUS mode=3 fault=none enc=-142 denc=2 sreq=120 sapplied=120 crate=120 uimp=0 upos=0 uneg=0 ball=14.05 vball=-0.11 aball=0.0 bref=0.00 pid=120.0 pref=34.5 ppos=17.8 apid=0.0 integ=-0.0 vision=1 current=1 vframe=3671 vs=1 vage=15 vpage=15 vdt=33 vmax=166 vacc=3596 vrej=0 seq=0 elapsed=0 oled=3C
[   1375] STATUS mode=3 fault=none enc=-138 denc=2 sreq=89 sapplied=89 crate=89 uimp=4485 upos=40 uneg=0 ball=13.76 vball=-3.90 aball=0.0 bref=0.00 pid=89.1 pref=31.2 ppos=22.3 apid=0.0 integ=-0.0 vision=1 current=1 vframe=3672 vs=1 vage=22 vpage=22 vdt=33 vmax=166 vacc=3597 vrej=0 seq=0 elapsed=0 oled=3C
[   1391] STATUS mode=3 fault=none enc=-135 denc=2 sreq=117 sapplied=117 crate=117 uimp=6355 upos=60 uneg=0 ball=14.02 vball=1.60 aball=0.0 bref=0.00 pid=117.5 pref=35.9 ppos=24.1 apid=0.0 integ=-0.0 vision=1 current=1 vframe=3673 vs=1 vage=9 vpage=9 vdt=33 vmax=166 vacc=3598 vrej=0 seq=0 elapsed=0 oled=3C
[   1422] STATUS mode=3 fault=none enc=-133 denc=1 sreq=96 sapplied=96 crate=96 uimp=8535 upos=80 uneg=0 ball=14.02 vball=1.60 aball=0.0 bref=0.00 pid=95.7 pref=35.9 ppos=26.3 apid=0.0 integ=-0.0 vision=1 current=1 vframe=3673 vs=1 vage=29 vpage=29 vdt=33 vmax=166 vacc=3598 vrej=0 seq=0 elapsed=0 oled=3C
[   1452] STATUS mode=3 fault=none enc=-130 denc=2 sreq=80 sapplied=80 crate=80 uimp=10340 upos=100 uneg=0 ball=14.10 vball=1.81 aball=8.7 bref=0.00 pid=80.3 pref=36.1 ppos=28.1 apid=0.0 integ=-0.0 vision=1 current=1 vframe=3674 vs=1 vage=16 vpage=16 vdt=33 vmax=166 vacc=3599 vrej=0 seq=0 elapsed=0 oled=3C
[   1468] STATUS mode=3 fault=none enc=-128 denc=0 sreq=44 sapplied=44 crate=44 uimp=12880 upos=140 uneg=0 ball=14.07 vball=0.47 aball=8.7 bref=0.00 pid=43.8 pref=35.0 ppos=30.7 apid=0.0 integ=-0.0 vision=1 current=1 vframe=3675 vs=1 vage=23 vpage=23 vdt=33 vmax=166 vacc=3600 vrej=0 seq=0 elapsed=0 oled=3C
[   1500] STATUS mode=3 fault=none enc=-127 denc=0 sreq=0 sapplied=0 crate=0 uimp=13510 upos=155 uneg=0 ball=13.72 vball=-4.50 aball=8.7 bref=0.00 pid=0.0 pref=30.6 ppos=31.3 apid=0.0 integ=-0.0 vision=1 current=1 vframe=3676 vs=1 vage=9 vpage=9 vdt=34 vmax=166 vacc=3601 vrej=0 seq=0 elapsed=0 oled=3C
[   1531] STATUS mode=3 fault=none enc=-127 denc=0 sreq=0 sapplied=0 crate=0 uimp=13510 upos=155 uneg=0 ball=13.72 vball=-4.50 aball=8.7 bref=0.00 pid=0.0 pref=30.6 ppos=31.3 apid=0.0 integ=-0.0 vision=1 current=1 vframe=3676 vs=1 vage=29 vpage=29 vdt=34 vmax=166 vacc=3601 vrej=0 seq=0 elapsed=0 oled=3C
[   1547] STATUS mode=3 fault=none enc=-127 denc=0 sreq=0 sapplied=0 crate=0 uimp=13510 upos=155 uneg=0 ball=13.70 vball=-1.32 aball=-15.6 bref=0.00 pid=0.0 pref=32.0 ppos=31.3 apid=-0.0 integ=-0.0 vision=1 current=1 vframe=3678 vs=1 vage=3 vpage=3 vdt=33 vmax=166 vacc=3603 vrej=0 seq=0 elapsed=0 oled=3C
[   1577] STATUS mode=3 fault=none enc=-127 denc=0 sreq=0 sapplied=0 crate=19 uimp=13510 upos=155 uneg=0 ball=13.70 vball=-1.32 aball=-15.6 bref=0.00 pid=18.7 pref=33.2 ppos=31.3 apid=-0.0 integ=-0.0 vision=1 current=1 vframe=3678 vs=1 vage=23 vpage=23 vdt=33 vmax=166 vacc=3603 vrej=0 seq=0 elapsed=0 oled=3C
[   1608] STATUS mode=3 fault=none enc=-127 denc=0 sreq=61 sapplied=61 crate=61 uimp=13835 upos=160 uneg=0 ball=14.04 vball=3.91 aball=-15.6 bref=0.00 pid=61.4 pref=37.8 ppos=31.6 apid=-0.0 integ=-0.0 vision=1 current=1 vframe=3679 vs=1 vage=9 vpage=9 vdt=34 vmax=166 vacc=3604 vrej=0 seq=0 elapsed=0 oled=3C
[   1625] STATUS mode=3 fault=none enc=-126 denc=-1 sreq=30 sapplied=30 crate=30 uimp=15790 upos=200 uneg=0 ball=14.07 vball=2.44 aball=14.7 bref=0.00 pid=50.1 pref=37.8 ppos=32.7 apid=-0.0 integ=-0.0 vision=1 current=1 vframe=3679 vs=1 vage=29 vpage=29 vdt=34 vmax=166 vacc=3604 vrej=0 seq=0 elapsed=0 oled=3C
[   1656] STATUS mode=3 fault=none enc=-124 denc=0 sreq=25 sapplied=25 crate=25 uimp=16355 upos=220 uneg=0 ball=14.06 vball=1.19 aball=14.7 bref=0.00 pid=24.8 pref=36.6 ppos=34.1 apid=0.0 integ=-0.0 vision=1 current=1 vframe=3681 vs=1 vage=3 vpage=3 vdt=33 vmax=166 vacc=3606 vrej=0 seq=0 elapsed=0 oled=3C
[   1686] STATUS mode=3 fault=none enc=-123 denc=0 sreq=0 sapplied=0 crate=13 uimp=16480 upos=225 uneg=0 ball=14.06 vball=1.19 aball=14.7 bref=0.00 pid=13.4 pref=35.6 ppos=34.3 apid=0.0 integ=-0.0 vision=1 current=1 vframe=3681 vs=1 vage=23 vpage=23 vdt=33 vmax=166 vacc=3606 vrej=0 seq=0 elapsed=0 oled=3C
[   1702] STATUS mode=3 fault=none enc=-123 denc=0 sreq=0 sapplied=0 crate=0 uimp=16480 upos=225 uneg=0 ball=14.06 vball=0.52 aball=14.7 bref=0.00 pid=0.0 pref=35.1 ppos=34.3 apid=0.0 integ=-0.0 vision=1 current=1 vframe=3682 vs=1 vage=10 vpage=10 vdt=33 vmax=166 vacc=3607 vrej=0 seq=0 elapsed=0 oled=3C
[   1733] STATUS mode=3 fault=none enc=-123 denc=0 sreq=0 sapplied=0 crate=10 uimp=16480 upos=225 uneg=0 ball=14.05 vball=0.22 aball=-1.9 bref=0.00 pid=10.3 pref=35.3 ppos=34.3 apid=-0.0 integ=0.5 vision=1 current=1 vframe=3683 vs=1 vage=16 vpage=16 vdt=34 vmax=166 vacc=3608 vrej=0 seq=0 elapsed=0 oled=3C
[   1766] STATUS mode=3 fault=none enc=-123 denc=0 sreq=0 sapplied=0 crate=10 uimp=16480 upos=225 uneg=0 ball=14.05 vball=0.10 aball=-1.9 bref=0.00 pid=10.3 pref=35.3 ppos=34.3 apid=-0.0 integ=0.5 vision=1 current=1 vframe=3684 vs=1 vage=2 vpage=2 vdt=34 vmax=166 vacc=3609 vrej=0 seq=0 elapsed=0 oled=3C
[   1781] STATUS mode=3 fault=none enc=-123 denc=0 sreq=0 sapplied=0 crate=14 uimp=16480 upos=225 uneg=0 ball=14.05 vball=0.10 aball=-1.9 bref=0.00 pid=14.2 pref=35.7 ppos=34.3 apid=-0.0 integ=1.0 vision=1 current=1 vframe=3684 vs=1 vage=22 vpage=22 vdt=34 vmax=166 vacc=3609 vrej=0 seq=0 elapsed=0 oled=3C
[   1811] STATUS mode=3 fault=none enc=-123 denc=0 sreq=22 sapplied=22 crate=22 uimp=16970 upos=245 uneg=0 ball=14.12 vball=0.93 aball=-1.9 bref=0.00 pid=21.5 pref=36.9 ppos=34.7 apid=-0.0 integ=1.4 vision=1 current=1 vframe=3685 vs=1 vage=28 vpage=28 vdt=34 vmax=166 vacc=3610 vrej=0 seq=0 elapsed=0 oled=3C
[   1843] STATUS mode=3 fault=none enc=-122 denc=0 sreq=0 sapplied=0 crate=18 uimp=17180 upos=255 uneg=0 ball=14.10 vball=0.26 aball=-0.9 bref=0.00 pid=18.5 pref=36.8 ppos=35.0 apid=-0.0 integ=1.9 vision=1 current=1 vframe=3686 vs=1 vage=15 vpage=15 vdt=33 vmax=166 vacc=3611 vrej=0 seq=0 elapsed=0 oled=3C
[   1858] STATUS mode=3 fault=none enc=-122 denc=0 sreq=0 sapplied=0 crate=18 uimp=17180 upos=255 uneg=0 ball=14.09 vball=-0.02 aball=-0.9 bref=0.00 pid=18.5 pref=36.8 ppos=35.0 apid=-0.0 integ=1.9 vision=1 current=1 vframe=3687 vs=1 vage=1 vpage=1 vdt=34 vmax=166 vacc=3612 vrej=0 seq=0 elapsed=0 oled=3C
[   1891] STATUS mode=3 fault=none enc=-122 denc=0 sreq=0 sapplied=0 crate=19 uimp=17385 upos=265 uneg=0 ball=14.09 vball=-0.02 aball=-0.9 bref=0.00 pid=18.9 pref=37.0 ppos=35.2 apid=-0.0 integ=2.4 vision=1 current=1 vframe=3687 vs=1 vage=21 vpage=21 vdt=34 vmax=166 vacc=3612 vrej=0 seq=0 elapsed=0 oled=3C
[   1922] STATUS mode=3 fault=none enc=-122 denc=0 sreq=0 sapplied=0 crate=19 uimp=17820 upos=285 uneg=0 ball=14.09 vball=-0.03 aball=-0.9 bref=0.00 pid=19.2 pref=37.5 ppos=35.6 apid=-0.0 integ=2.9 vision=1 current=1 vframe=3688 vs=1 vage=27 vpage=27 vdt=34 vmax=166 vacc=3613 vrej=0 seq=0 elapsed=0 oled=3C
[   1936] STATUS mode=3 fault=none enc=-122 denc=0 sreq=25 sapplied=25 crate=25 uimp=17820 upos=285 uneg=0 ball=14.09 vball=-0.02 aball=-1.6 bref=0.00 pid=25.4 pref=38.1 ppos=35.6 apid=-0.0 integ=3.5 vision=1 current=1 vframe=3689 vs=1 vage=4 vpage=4 vdt=43 vmax=166 vacc=3614 vrej=0 seq=0 elapsed=0 oled=3C
[   1968] STATUS mode=3 fault=none enc=-122 denc=0 sreq=21 sapplied=21 crate=21 uimp=18290 upos=305 uneg=0 ball=14.09 vball=-0.01 aball=-1.6 bref=0.00 pid=20.7 pref=38.1 ppos=36.1 apid=-0.0 integ=3.5 vision=1 current=1 vframe=3690 vs=1 vage=3 vpage=3 vdt=21 vmax=166 vacc=3615 vrej=0 seq=0 elapsed=0 oled=3C
[   2000] STATUS mode=3 fault=none enc=-121 denc=0 sreq=21 sapplied=21 crate=21 uimp=19200 upos=345 uneg=0 ball=14.12 vball=0.41 aball=-1.6 bref=0.00 pid=21.0 pref=39.1 ppos=37.0 apid=-0.0 integ=4.0 vision=1 current=1 vframe=3691 vs=1 vage=24 vpage=24 vdt=19 vmax=166 vacc=3616 vrej=0 seq=0 elapsed=0 oled=3C
[   2016] STATUS mode=3 fault=none enc=-120 denc=-1 sreq=24 sapplied=24 crate=24 uimp=19405 upos=355 uneg=0 ball=14.13 vball=0.37 aball=-1.6 bref=0.00 pid=24.1 pref=39.6 ppos=37.2 apid=-0.0 integ=4.6 vision=1 current=1 vframe=3692 vs=1 vage=6 vpage=6 vdt=38 vmax=166 vacc=3617 vrej=0 seq=0 elapsed=0 oled=3C
[   2047] STATUS mode=3 fault=none enc=-120 denc=-1 sreq=20 sapplied=20 crate=20 uimp=19855 upos=375 uneg=0 ball=14.13 vball=0.37 aball=-1.6 bref=0.00 pid=19.6 pref=39.6 ppos=37.6 apid=-0.0 integ=4.6 vision=1 current=1 vframe=3692 vs=1 vage=26 vpage=26 vdt=38 vmax=166 vacc=3617 vrej=0 seq=0 elapsed=0 oled=3C
[   2077] STATUS mode=3 fault=none enc=-118 denc=0 sreq=22 sapplied=22 crate=22 uimp=19955 upos=380 uneg=0 ball=14.05 vball=-0.21 aball=-6.8 bref=0.00 pid=21.6 pref=39.9 ppos=37.7 apid=-0.0 integ=5.4 vision=1 current=1 vframe=3694 vs=1 vage=5 vpage=5 vdt=20 vmax=166 vacc=3619 vrej=0 seq=0 elapsed=0 oled=3C
[   2093] STATUS mode=3 fault=none enc=-118 denc=0 sreq=26 sapplied=26 crate=26 uimp=20165 upos=390 uneg=0 ball=14.08 vball=0.24 aball=-6.8 bref=0.00 pid=25.8 pref=40.5 ppos=37.9 apid=-0.0 integ=5.7 vision=1 current=1 vframe=3695 vs=1 vage=8 vpage=8 vdt=17 vmax=166 vacc=3620 vrej=0 seq=0 elapsed=0 oled=3C
[   2125] STATUS mode=3 fault=none enc=-118 denc=0 sreq=0 sapplied=0 crate=0 uimp=20645 upos=410 uneg=0 ball=14.01 vball=-1.48 aball=-6.8 bref=0.00 pid=0.0 pref=39.4 ppos=38.4 apid=-0.0 integ=6.0 vision=1 current=1 vframe=3696 vs=1 vage=5 vpage=5 vdt=23 vmax=166 vacc=3621 vrej=0 seq=0 elapsed=0 oled=3C
[   2156] STATUS mode=3 fault=none enc=-117 denc=0 sreq=0 sapplied=0 crate=0 uimp=20645 upos=410 uneg=0 ball=14.01 vball=-1.48 aball=-6.8 bref=0.00 pid=0.0 pref=39.4 ppos=38.4 apid=-0.0 integ=6.0 vision=1 current=1 vframe=3696 vs=1 vage=25 vpage=25 vdt=23 vmax=166 vacc=3621 vrej=0 seq=0 elapsed=0 oled=3C
[   2172] STATUS mode=3 fault=none enc=-117 denc=0 sreq=0 sapplied=0 crate=0 uimp=20330 upos=410 uneg=15 ball=13.74 vball=-3.31 aball=-22.0 bref=0.00 pid=0.0 pref=37.6 ppos=38.1 apid=-0.0 integ=6.0 vision=1 current=1 vframe=3698 vs=1 vage=6 vpage=6 vdt=33 vmax=166 vacc=3623 vrej=0 seq=0 elapsed=0 oled=3C
[   2202] STATUS mode=3 fault=none enc=-117 denc=0 sreq=0 sapplied=0 crate=0 uimp=20330 upos=410 uneg=15 ball=13.74 vball=-3.31 aball=-22.0 bref=0.00 pid=0.0 pref=37.6 ppos=38.1 apid=-0.0 integ=6.0 vision=1 current=1 vframe=3698 vs=1 vage=26 vpage=26 vdt=33 vmax=166 vacc=3623 vrej=0 seq=0 elapsed=0 oled=3C
[   2218] STATUS mode=3 fault=none enc=-117 denc=0 sreq=0 sapplied=0 crate=0 uimp=20330 upos=410 uneg=15 ball=13.63 vball=-3.10 aball=-22.0 bref=0.00 pid=0.0 pref=37.6 ppos=38.1 apid=-0.0 integ=6.0 vision=1 current=1 vframe=3699 vs=1 vage=12 vpage=12 vdt=34 vmax=166 vacc=3624 vrej=0 seq=0 elapsed=0 oled=3C
[   2250] STATUS mode=3 fault=none enc=-117 denc=0 sreq=0 sapplied=0 crate=18 uimp=20330 upos=410 uneg=15 ball=13.71 vball=-0.38 aball=9.0 bref=0.00 pid=18.0 pref=39.9 ppos=38.1 apid=0.0 integ=6.0 vision=1 current=1 vframe=3700 vs=1 vage=19 vpage=19 vdt=33 vmax=166 vacc=3625 vrej=0 seq=0 elapsed=0 oled=3C
[   2281] STATUS mode=3 fault=none enc=-117 denc=0 sreq=51 sapplied=0 crate=51 uimp=20330 upos=410 uneg=15 ball=13.97 vball=3.31 aball=9.0 bref=0.00 pid=50.6 pref=43.2 ppos=38.1 apid=0.0 integ=6.0 vision=1 current=1 vframe=3701 vs=1 vage=6 vpage=6 vdt=33 vmax=166 vacc=3626 vrej=0 seq=0 elapsed=0 oled=3C
[   2297] STATUS mode=3 fault=none enc=-116 denc=1 sreq=43 sapplied=43 crate=43 uimp=21055 upos=425 uneg=15 ball=13.97 vball=3.31 aball=9.0 bref=0.00 pid=43.4 pref=43.2 ppos=38.8 apid=0.0 integ=6.0 vision=1 current=1 vframe=3701 vs=1 vage=26 vpage=26 vdt=33 vmax=166 vacc=3626 vrej=0 seq=0 elapsed=0 oled=3C
[   2327] STATUS mode=3 fault=none enc=-116 denc=-1 sreq=38 sapplied=38 crate=38 uimp=21870 upos=445 uneg=15 ball=14.10 vball=3.51 aball=9.0 bref=0.00 pid=38.4 pref=43.5 ppos=39.6 apid=0.0 integ=6.0 vision=1 current=1 vframe=3702 vs=1 vage=12 vpage=12 vdt=34 vmax=166 vacc=3627 vrej=0 seq=0 elapsed=0 oled=3C
[   2358] STATUS mode=3 fault=none enc=-115 denc=0 sreq=0 sapplied=0 crate=17 uimp=22735 upos=470 uneg=15 ball=14.11 vball=1.88 aball=15.2 bref=0.00 pid=16.8 pref=42.2 ppos=40.5 apid=0.0 integ=6.0 vision=1 current=1 vframe=3703 vs=1 vage=20 vpage=20 vdt=32 vmax=166 vacc=3628 vrej=0 seq=0 elapsed=0 oled=3C
[   2375] STATUS mode=3 fault=none enc=-115 denc=0 sreq=0 sapplied=0 crate=0 uimp=22735 upos=470 uneg=15 ball=13.99 vball=-0.68 aball=15.2 bref=0.00 pid=0.0 pref=40.5 ppos=40.5 apid=0.0 integ=6.5 vision=1 current=1 vframe=3704 vs=1 vage=6 vpage=6 vdt=34 vmax=166 vacc=3629 vrej=0 seq=0 elapsed=0 oled=3C
[   2406] STATUS mode=3 fault=none enc=-115 denc=0 sreq=0 sapplied=0 crate=0 uimp=22735 upos=470 uneg=15 ball=13.99 vball=-0.68 aball=15.2 bref=0.00 pid=0.0 pref=40.5 ppos=40.5 apid=0.0 integ=6.5 vision=1 current=1 vframe=3704 vs=1 vage=26 vpage=26 vdt=34 vmax=166 vacc=3629 vrej=0 seq=0 elapsed=0 oled=3C
[   2436] STATUS mode=3 fault=none enc=-113 denc=2 sreq=-28 sapplied=-28 crate=-28 uimp=22090 upos=470 uneg=35 ball=13.67 vball=-4.51 aball=15.2 bref=0.00 pid=-28.4 pref=37.0 ppos=39.9 apid=0.0 integ=6.5 vision=1 current=1 vframe=3705 vs=1 vage=33 vpage=33 vdt=33 vmax=166 vacc=3630 vrej=0 seq=0 elapsed=0 oled=3C
[   2452] STATUS mode=3 fault=none enc=-115 denc=0 sreq=0 sapplied=0 crate=0 uimp=21950 upos=470 uneg=40 ball=13.75 vball=-1.37 aball=-6.3 bref=0.00 pid=0.0 pref=39.6 ppos=39.7 apid=-0.0 integ=6.5 vision=1 current=1 vframe=3706 vs=1 vage=20 vpage=20 vdt=33 vmax=166 vacc=3631 vrej=0 seq=0 elapsed=0 oled=3C
[   2483] STATUS mode=3 fault=none enc=-115 denc=0 sreq=0 sapplied=0 crate=0 uimp=21950 upos=470 uneg=40 ball=13.76 vball=-0.47 aball=-6.3 bref=0.00 pid=0.0 pref=40.4 ppos=39.7 apid=-0.0 integ=6.5 vision=1 current=1 vframe=3707 vs=1 vage=5 vpage=5 vdt=35 vmax=166 vacc=3632 vrej=0 seq=0 elapsed=0 oled=3C
[   2516] STATUS mode=3 fault=none enc=-115 denc=0 sreq=0 sapplied=0 crate=0 uimp=21950 upos=470 uneg=40 ball=13.76 vball=-0.20 aball=-6.3 bref=0.00 pid=0.0 pref=40.6 ppos=39.7 apid=-0.0 integ=6.5 vision=1 current=1 vframe=3708 vs=1 vage=13 vpage=13 vdt=32 vmax=166 vacc=3633 vrej=0 seq=0 elapsed=0 oled=3C
[   2531] STATUS mode=3 fault=none enc=-115 denc=0 sreq=0 sapplied=0 crate=0 uimp=21950 upos=470 uneg=40 ball=13.76 vball=-0.20 aball=-6.3 bref=0.00 pid=0.0 pref=40.6 ppos=39.7 apid=-0.0 integ=6.5 vision=1 current=1 vframe=3708 vs=1 vage=33 vpage=33 vdt=32 vmax=166 vacc=3633 vrej=0 seq=0 elapsed=0 oled=3C
[   2561] STATUS mode=3 fault=none enc=-115 denc=0 sreq=44 sapplied=44 crate=44 uimp=22180 upos=475 uneg=40 ball=14.08 vball=4.00 aball=20.3 bref=0.00 pid=43.7 pref=44.3 ppos=40.0 apid=0.0 integ=6.5 vision=1 current=1 vframe=3709 vs=1 vage=18 vpage=18 vdt=35 vmax=166 vacc=3634 vrej=0 seq=0 elapsed=0 oled=3C
[   2593] STATUS mode=3 fault=none enc=-115 denc=0 sreq=24 sapplied=24 crate=24 uimp=22990 upos=495 uneg=40 ball=14.11 vball=2.50 aball=20.3 bref=0.00 pid=24.0 pref=43.2 ppos=40.8 apid=0.0 integ=6.5 vision=1 current=1 vframe=3710 vs=1 vage=6 vpage=6 vdt=32 vmax=166 vacc=3635 vrej=0 seq=0 elapsed=0 oled=3C
[   2608] STATUS mode=3 fault=none enc=-115 denc=-1 sreq=-39 sapplied=-39 crate=-39 uimp=23440 upos=515 uneg=40 ball=13.78 vball=-4.34 aball=20.3 bref=0.00 pid=-39.2 pref=37.3 ppos=41.2 apid=0.0 integ=6.5 vision=1 current=1 vframe=3711 vs=1 vage=13 vpage=13 vdt=33 vmax=166 vacc=3636 vrej=0 seq=0 elapsed=0 oled=3C
[   2641] STATUS mode=3 fault=none enc=-114 denc=0 sreq=-32 sapplied=-32 crate=-32 uimp=22715 upos=515 uneg=60 ball=13.78 vball=-4.34 aball=20.3 bref=0.00 pid=-31.9 pref=37.3 ppos=40.5 apid=0.0 integ=6.5 vision=1 current=1 vframe=3711 vs=1 vage=33 vpage=33 vdt=33 vmax=166 vacc=3636 vrej=0 seq=0 elapsed=0 oled=3C
[   2672] STATUS mode=3 fault=none enc=-116 denc=-2 sreq=0 sapplied=0 crate=-19 uimp=22350 upos=515 uneg=75 ball=13.70 vball=-3.01 aball=-20.7 bref=0.00 pid=-18.6 pref=38.3 ppos=40.1 apid=-0.0 integ=6.5 vision=1 current=1 vframe=3712 vs=1 vage=19 vpage=19 vdt=34 vmax=166 vacc=3637 vrej=0 seq=0 elapsed=0 oled=3C
[   2686] STATUS mode=3 fault=none enc=-115 denc=0 sreq=30 sapplied=30 crate=30 uimp=22850 upos=530 uneg=75 ball=14.04 vball=3.17 aball=-20.7 bref=0.00 pid=29.9 pref=43.6 ppos=40.6 apid=-0.0 integ=6.5 vision=1 current=1 vframe=3713 vs=1 vage=26 vpage=26 vdt=33 vmax=166 vacc=3638 vrej=0 seq=0 elapsed=0 oled=3C
[   2718] STATUS mode=3 fault=none enc=-115 denc=0 sreq=22 sapplied=22 crate=22 uimp=23390 upos=550 uneg=75 ball=14.09 vball=2.79 aball=-20.7 bref=0.00 pid=22.1 pref=43.4 ppos=41.2 apid=-0.0 integ=6.5 vision=1 current=1 vframe=3714 vs=1 vage=13 vpage=13 vdt=33 vmax=166 vacc=3639 vrej=0 seq=0 elapsed=0 oled=3C
[   2750] STATUS mode=3 fault=none enc=-114 denc=1 sreq=0 sapplied=0 crate=19 uimp=23705 upos=565 uneg=75 ball=14.09 vball=2.79 aball=-20.7 bref=0.00 pid=18.9 pref=43.4 ppos=41.5 apid=-0.0 integ=6.5 vision=1 current=1 vframe=3714 vs=1 vage=33 vpage=33 vdt=33 vmax=166 vacc=3639 vrej=0 seq=0 elapsed=0 oled=3C
[   2766] STATUS mode=3 fault=none enc=-114 denc=0 sreq=0 sapplied=0 crate=0 uimp=23705 upos=565 uneg=75 ball=13.98 vball=-0.54 aball=10.4 bref=0.00 pid=0.0 pref=40.6 ppos=41.5 apid=0.0 integ=6.5 vision=1 current=1 vframe=3716 vs=1 vage=7 vpage=7 vdt=33 vmax=166 vacc=3641 vrej=0 seq=0 elapsed=0 oled=3C
[   2797] STATUS mode=3 fault=none enc=-114 denc=0 sreq=0 sapplied=0 crate=0 uimp=23705 upos=565 uneg=75 ball=13.98 vball=-0.54 aball=10.4 bref=0.00 pid=0.0 pref=40.6 ppos=41.5 apid=0.0 integ=6.5 vision=1 current=1 vframe=3716 vs=1 vage=27 vpage=27 vdt=33 vmax=166 vacc=3641 vrej=0 seq=0 elapsed=0 oled=3C
[   2827] STATUS mode=3 fault=none enc=-114 denc=0 sreq=0 sapplied=0 crate=0 uimp=23705 upos=565 uneg=75 ball=13.97 vball=-0.46 aball=10.4 bref=0.00 pid=0.0 pref=40.6 ppos=41.5 apid=0.0 integ=6.5 vision=1 current=1 vframe=3717 vs=1 vage=13 vpage=13 vdt=34 vmax=166 vacc=3642 vrej=0 seq=0 elapsed=0 oled=3C
[   2843] STATUS mode=3 fault=none enc=-114 denc=0 sreq=0 sapplied=0 crate=0 uimp=23705 upos=565 uneg=75 ball=13.97 vball=-0.46 aball=10.4 bref=0.00 pid=0.0 pref=40.6 ppos=41.5 apid=0.0 integ=6.5 vision=1 current=1 vframe=3717 vs=1 vage=33 vpage=33 vdt=34 vmax=166 vacc=3642 vrej=0 seq=0 elapsed=0 oled=3C
[   2875] STATUS mode=3 fault=none enc=-114 denc=0 sreq=0 sapplied=0 crate=0 uimp=23705 upos=565 uneg=75 ball=13.97 vball=-0.11 aball=-3.3 bref=0.00 pid=0.0 pref=41.4 ppos=41.5 apid=-0.0 integ=6.9 vision=1 current=1 vframe=3719 vs=1 vage=7 vpage=7 vdt=33 vmax=166 vacc=3644 vrej=0 seq=0 elapsed=0 oled=3C
[   2906] STATUS mode=3 fault=none enc=-114 denc=0 sreq=0 sapplied=0 crate=0 uimp=23705 upos=565 uneg=75 ball=13.97 vball=-0.11 aball=-3.3 bref=0.00 pid=0.0 pref=41.4 ppos=41.5 apid=-0.0 integ=6.9 vision=1 current=1 vframe=3719 vs=1 vage=27 vpage=27 vdt=33 vmax=166 vacc=3644 vrej=0 seq=0 elapsed=0 oled=3C
[   2922] STATUS mode=3 fault=none enc=-114 denc=0 sreq=0 sapplied=0 crate=0 uimp=23705 upos=565 uneg=75 ball=13.97 vball=-0.05 aball=-3.3 bref=0.00 pid=0.0 pref=41.9 ppos=41.5 apid=-0.0 integ=7.4 vision=1 current=1 vframe=3720 vs=1 vage=14 vpage=14 vdt=33 vmax=166 vacc=3645 vrej=0 seq=0 elapsed=0 oled=3C
[   2952] STATUS mode=3 fault=none enc=-114 denc=0 sreq=0 sapplied=0 crate=0 uimp=23705 upos=565 uneg=75 ball=13.97 vball=-0.02 aball=-0.9 bref=0.00 pid=0.0 pref=42.4 ppos=41.5 apid=-0.0 integ=7.8 vision=1 current=1 vframe=3721 vs=1 vage=21 vpage=21 vdt=33 vmax=166 vacc=3646 vrej=0 seq=0 elapsed=0 oled=3C
[   2983] STATUS mode=3 fault=none enc=-114 denc=0 sreq=0 sapplied=0 crate=14 uimp=23705 upos=565 uneg=75 ball=13.97 vball=-0.01 aball=-0.9 bref=0.00 pid=13.7 pref=42.8 ppos=41.5 apid=-0.0 integ=8.3 vision=1 current=1 vframe=3722 vs=1 vage=7 vpage=7 vdt=34 vmax=166 vacc=3647 vrej=0 seq=0 elapsed=0 oled=3C
[   3000] STATUS mode=3 fault=none enc=-114 denc=0 sreq=0 sapplied=0 crate=14 uimp=23705 upos=565 uneg=75 ball=13.97 vball=-0.01 aball=-0.9 bref=0.00 pid=13.7 pref=42.8 ppos=41.5 apid=-0.0 integ=8.3 vision=1 current=1 vframe=3722 vs=1 vage=27 vpage=27 vdt=34 vmax=166 vacc=3647 vrej=0 seq=0 elapsed=0 oled=3C
[   3031] STATUS mode=3 fault=none enc=-114 denc=0 sreq=0 sapplied=0 crate=18 uimp=23705 upos=565 uneg=75 ball=13.97 vball=-0.00 aball=-0.9 bref=0.00 pid=18.4 pref=43.3 ppos=41.5 apid=-0.0 integ=8.8 vision=1 current=1 vframe=3724 vs=1 vage=1 vpage=1 vdt=33 vmax=166 vacc=3649 vrej=0 seq=0 elapsed=0 oled=3C
[   3061] STATUS mode=3 fault=none enc=-114 denc=0 sreq=20 sapplied=20 crate=20 uimp=24035 upos=580 uneg=75 ball=13.97 vball=-0.00 aball=-0.4 bref=0.00 pid=19.7 pref=43.8 ppos=41.8 apid=-0.0 integ=9.2 vision=1 current=1 vframe=3724 vs=1 vage=21 vpage=21 vdt=33 vmax=166 vacc=3649 vrej=0 seq=0 elapsed=0 oled=3C
[   3077] STATUS mode=3 fault=none enc=-114 denc=0 sreq=24 sapplied=24 crate=24 uimp=24135 upos=585 uneg=75 ball=13.97 vball=-0.00 aball=-0.4 bref=0.00 pid=23.6 pref=44.3 ppos=41.9 apid=-0.0 integ=9.7 vision=1 current=1 vframe=3725 vs=1 vage=6 vpage=6 vdt=35 vmax=166 vacc=3650 vrej=0 seq=0 elapsed=0 oled=3C
[   3108] STATUS mode=3 fault=none enc=-114 denc=0 sreq=0 sapplied=0 crate=19 uimp=24570 upos=605 uneg=75 ball=13.97 vball=-0.00 aball=-0.4 bref=0.00 pid=19.2 pref=44.3 ppos=42.3 apid=-0.0 integ=9.7 vision=1 current=1 vframe=3725 vs=1 vage=26 vpage=26 vdt=35 vmax=166 vacc=3650 vrej=0 seq=0 elapsed=0 oled=3C
[   3141] STATUS mode=3 fault=none enc=-114 denc=0 sreq=0 sapplied=0 crate=19 uimp=25005 upos=625 uneg=75 ball=13.97 vball=-0.00 aball=-0.4 bref=0.00 pid=19.3 pref=44.7 ppos=42.8 apid=-0.0 integ=10.2 vision=1 current=1 vframe=3727 vs=1 vage=1 vpage=1 vdt=33 vmax=166 vacc=3652 vrej=0 seq=0 elapsed=0 oled=3C
[   3156] STATUS mode=3 fault=none enc=-114 denc=0 sreq=20 sapplied=20 crate=20 uimp=25350 upos=640 uneg=75 ball=13.97 vball=-0.00 aball=-0.2 bref=0.00 pid=20.5 pref=45.2 ppos=43.1 apid=-0.0 integ=10.6 vision=1 current=1 vframe=3727 vs=1 vage=21 vpage=21 vdt=33 vmax=166 vacc=3652 vrej=0 seq=0 elapsed=0 oled=3C
[   3186] STATUS mode=3 fault=none enc=-114 denc=0 sreq=24 sapplied=24 crate=24 uimp=25450 upos=645 uneg=75 ball=13.97 vball=-0.00 aball=-0.2 bref=0.00 pid=24.4 pref=45.7 ppos=43.2 apid=-0.0 integ=11.1 vision=1 current=1 vframe=3728 vs=1 vage=6 vpage=6 vdt=35 vmax=166 vacc=3653 vrej=0 seq=0 elapsed=0 oled=3C
[   3218] STATUS mode=3 fault=none enc=-113 denc=0 sreq=22 sapplied=22 crate=22 uimp=26115 upos=675 uneg=75 ball=13.97 vball=-0.00 aball=-0.2 bref=0.00 pid=22.3 pref=46.1 ppos=43.9 apid=-0.0 integ=11.6 vision=1 current=1 vframe=3729 vs=1 vage=13 vpage=13 vdt=33 vmax=166 vacc=3654 vrej=0 seq=0 elapsed=0 oled=3C
[   3233] STATUS mode=3 fault=none enc=-113 denc=0 sreq=0 sapplied=0 crate=19 uimp=26430 upos=690 uneg=75 ball=13.97 vball=-0.00 aball=-0.2 bref=0.00 pid=19.2 pref=46.1 ppos=44.2 apid=-0.0 integ=11.6 vision=1 current=1 vframe=3730 vs=1 vage=1 vpage=1 vdt=32 vmax=166 vacc=3655 vrej=0 seq=0 elapsed=0 oled=3C
[   3266] STATUS mode=3 fault=none enc=-113 denc=0 sreq=20 sapplied=20 crate=20 uimp=26765 upos=705 uneg=75 ball=13.97 vball=-0.00 aball=-0.1 bref=0.00 pid=20.3 pref=46.6 ppos=44.5 apid=-0.0 integ=12.0 vision=1 current=1 vframe=3730 vs=1 vage=21 vpage=21 vdt=32 vmax=166 vacc=3655 vrej=0 seq=0 elapsed=0 oled=3C
[   3297] STATUS mode=3 fault=none enc=-113 denc=0 sreq=22 sapplied=22 crate=22 uimp=27355 upos=730 uneg=75 ball=13.99 vball=0.23 aball=-0.1 bref=0.00 pid=21.5 pref=47.3 ppos=45.1 apid=-0.0 integ=12.5 vision=1 current=1 vframe=3731 vs=1 vage=25 vpage=25 vdt=36 vmax=166 vacc=3656 vrej=0 seq=0 elapsed=0 oled=3C
[   3311] STATUS mode=3 fault=none enc=-113 denc=0 sreq=21 sapplied=21 crate=21 uimp=27790 upos=750 uneg=75 ball=13.99 vball=0.13 aball=-0.1 bref=0.00 pid=20.7 pref=47.6 ppos=45.6 apid=-0.0 integ=13.0 vision=1 current=1 vframe=3732 vs=1 vage=14 vpage=14 vdt=31 vmax=166 vacc=3657 vrej=0 seq=0 elapsed=0 oled=3C
[   3343] STATUS mode=3 fault=none enc=-112 denc=-1 sreq=0 sapplied=0 crate=19 uimp=28200 upos=770 uneg=75 ball=13.99 vball=0.10 aball=0.5 bref=0.00 pid=19.0 pref=47.9 ppos=46.0 apid=0.0 integ=13.2 vision=1 current=1 vframe=3733 vs=1 vage=15 vpage=15 vdt=19 vmax=166 vacc=3658 vrej=0 seq=0 elapsed=0 oled=3C
[   3375] STATUS mode=3 fault=none enc=-112 denc=0 sreq=0 sapplied=0 crate=19 uimp=28630 upos=790 uneg=75 ball=13.99 vball=0.04 aball=0.5 bref=0.00 pid=18.6 pref=48.3 ppos=46.4 apid=0.0 integ=13.7 vision=1 current=1 vframe=3734 vs=1 vage=24 vpage=24 vdt=31 vmax=166 vacc=3659 vrej=0 seq=0 elapsed=0 oled=3C
[   3391] STATUS mode=3 fault=none enc=-112 denc=0 sreq=22 sapplied=22 crate=22 uimp=28745 upos=795 uneg=75 ball=13.99 vball=0.02 aball=0.5 bref=0.00 pid=22.0 pref=48.7 ppos=46.5 apid=0.0 integ=14.1 vision=1 current=1 vframe=3735 vs=1 vage=10 vpage=10 vdt=34 vmax=166 vacc=3660 vrej=0 seq=0 elapsed=0 oled=3C
[   3422] STATUS mode=3 fault=none enc=-112 denc=0 sreq=0 sapplied=0 crate=19 uimp=29060 upos=810 uneg=75 ball=13.99 vball=0.02 aball=0.5 bref=0.00 pid=18.9 pref=48.7 ppos=46.8 apid=0.0 integ=14.1 vision=1 current=1 vframe=3735 vs=1 vage=30 vpage=30 vdt=34 vmax=166 vacc=3660 vrej=0 seq=0 elapsed=0 oled=3C
[   3452] STATUS mode=3 fault=none enc=-112 denc=0 sreq=34 sapplied=34 crate=34 uimp=29430 upos=820 uneg=75 ball=14.09 vball=1.62 aball=7.2 bref=0.00 pid=33.8 pref=50.6 ppos=47.2 apid=0.0 integ=14.6 vision=1 current=1 vframe=3736 vs=1 vage=17 vpage=17 vdt=33 vmax=166 vacc=3661 vrej=0 seq=0 elapsed=0 oled=3C
[   3468] STATUS mode=3 fault=none enc=-110 denc=1 sreq=45 sapplied=45 crate=45 uimp=30945 upos=860 uneg=75 ball=14.31 vball=4.56 aball=7.2 bref=0.00 pid=44.8 pref=53.2 ppos=48.7 apid=0.0 integ=14.6 vision=1 current=1 vframe=3737 vs=1 vage=23 vpage=23 vdt=34 vmax=166 vacc=3662 vrej=0 seq=0 elapsed=0 oled=3C
[   3500] STATUS mode=3 fault=none enc=-109 denc=0 sreq=29 sapplied=29 crate=29 uimp=31740 upos=880 uneg=75 ball=14.40 vball=3.47 aball=7.2 bref=0.00 pid=29.2 pref=52.4 ppos=49.5 apid=0.0 integ=14.6 vision=1 current=1 vframe=3738 vs=1 vage=10 vpage=10 vdt=33 vmax=166 vacc=3663 vrej=0 seq=0 elapsed=0 oled=3C
[   3531] STATUS mode=3 fault=none enc=-109 denc=0 sreq=24 sapplied=24 crate=24 uimp=32280 upos=900 uneg=75 ball=14.40 vball=3.47 aball=7.2 bref=0.00 pid=23.8 pref=52.4 ppos=50.1 apid=0.0 integ=14.6 vision=1 current=1 vframe=3738 vs=1 vage=30 vpage=30 vdt=33 vmax=166 vacc=3663 vrej=0 seq=0 elapsed=0 oled=3C
[   3547] STATUS mode=3 fault=none enc=-108 denc=0 sreq=0 sapplied=0 crate=0 uimp=32515 upos=910 uneg=75 ball=14.39 vball=0.79 aball=4.6 bref=0.00 pid=0.0 pref=50.3 ppos=50.3 apid=0.0 integ=14.6 vision=1 current=1 vframe=3740 vs=1 vage=4 vpage=4 vdt=33 vmax=166 vacc=3665 vrej=0 seq=0 elapsed=0 oled=3C
[   3577] STATUS mode=3 fault=none enc=-108 denc=0 sreq=0 sapplied=0 crate=0 uimp=32515 upos=910 uneg=75 ball=14.39 vball=0.79 aball=4.6 bref=0.00 pid=0.0 pref=50.3 ppos=50.3 apid=0.0 integ=14.6 vision=1 current=1 vframe=3740 vs=1 vage=24 vpage=24 vdt=33 vmax=166 vacc=3665 vrej=0 seq=0 elapsed=0 oled=3C
[   3608] STATUS mode=3 fault=none enc=-108 denc=0 sreq=0 sapplied=0 crate=0 uimp=32515 upos=910 uneg=75 ball=14.38 vball=0.35 aball=4.6 bref=0.00 pid=0.0 pref=49.9 ppos=50.3 apid=0.0 integ=14.6 vision=1 current=1 vframe=3741 vs=1 vage=11 vpage=11 vdt=33 vmax=166 vacc=3666 vrej=0 seq=0 elapsed=0 oled=3C
[   3625] STATUS mode=3 fault=none enc=-108 denc=0 sreq=0 sapplied=0 crate=0 uimp=32515 upos=910 uneg=75 ball=14.38 vball=0.35 aball=4.6 bref=0.00 pid=0.0 pref=49.9 ppos=50.3 apid=0.0 integ=14.6 vision=1 current=1 vframe=3741 vs=1 vage=31 vpage=31 vdt=33 vmax=166 vacc=3666 vrej=0 seq=0 elapsed=0 oled=3C
[   3656] STATUS mode=3 fault=none enc=-108 denc=0 sreq=0 sapplied=0 crate=0 uimp=32515 upos=910 uneg=75 ball=14.38 vball=0.06 aball=-4.7 bref=0.00 pid=0.0 pref=49.8 ppos=50.3 apid=-0.0 integ=14.6 vision=1 current=1 vframe=3743 vs=1 vage=2 vpage=2 vdt=35 vmax=166 vacc=3668 vrej=0 seq=0 elapsed=0 oled=3C
[   3686] STATUS mode=3 fault=none enc=-108 denc=0 sreq=0 sapplied=0 crate=0 uimp=32515 upos=910 uneg=75 ball=14.38 vball=0.06 aball=-4.7 bref=0.00 pid=0.0 pref=49.7 ppos=50.3 apid=-0.0 integ=14.6 vision=1 current=1 vframe=3743 vs=1 vage=22 vpage=22 vdt=35 vmax=166 vacc=3668 vrej=0 seq=0 elapsed=0 oled=3C
[   3702] STATUS mode=3 fault=none enc=-108 denc=0 sreq=0 sapplied=0 crate=0 uimp=32515 upos=910 uneg=75 ball=14.38 vball=-0.01 aball=-4.7 bref=0.00 pid=0.0 pref=50.1 ppos=50.3 apid=-0.0 integ=15.1 vision=1 current=1 vframe=3744 vs=1 vage=10 vpage=10 vdt=32 vmax=166 vacc=3669 vrej=0 seq=0 elapsed=0 oled=3C
[   3733] STATUS mode=3 fault=none enc=-108 denc=0 sreq=0 sapplied=0 crate=0 uimp=32515 upos=910 uneg=75 ball=14.38 vball=-0.01 aball=-3.3 bref=0.00 pid=0.0 pref=50.6 ppos=50.3 apid=-0.0 integ=15.5 vision=1 current=1 vframe=3745 vs=1 vage=17 vpage=17 vdt=33 vmax=166 vacc=3670 vrej=0 seq=0 elapsed=0 oled=3C
[   3766] STATUS mode=3 fault=none enc=-108 denc=0 sreq=0 sapplied=0 crate=0 uimp=32515 upos=910 uneg=75 ball=14.38 vball=-0.01 aball=-3.3 bref=0.00 pid=0.0 pref=50.6 ppos=50.3 apid=-0.0 integ=15.5 vision=1 current=1 vframe=3746 vs=1 vage=3 vpage=3 vdt=34 vmax=166 vacc=3671 vrej=0 seq=0 elapsed=0 oled=3C
[   3781] STATUS mode=3 fault=none enc=-108 denc=0 sreq=0 sapplied=0 crate=0 uimp=32515 upos=910 uneg=75 ball=14.38 vball=-0.01 aball=-3.3 bref=0.00 pid=0.0 pref=51.1 ppos=50.3 apid=-0.0 integ=16.0 vision=1 current=1 vframe=3746 vs=1 vage=23 vpage=23 vdt=34 vmax=166 vacc=3671 vrej=0 seq=0 elapsed=0 oled=3C
[   3811] STATUS mode=3 fault=none enc=-108 denc=0 sreq=0 sapplied=0 crate=13 uimp=32515 upos=910 uneg=75 ball=14.38 vball=-0.00 aball=-3.3 bref=0.00 pid=12.9 pref=51.6 ppos=50.3 apid=-0.0 integ=16.6 vision=1 current=1 vframe=3747 vs=1 vage=27 vpage=27 vdt=36 vmax=166 vacc=3672 vrej=0 seq=0 elapsed=0 oled=3C
[   3843] STATUS mode=3 fault=none enc=-108 denc=0 sreq=0 sapplied=0 crate=18 uimp=32515 upos=910 uneg=75 ball=14.38 vball=-0.00 aball=-1.8 bref=0.00 pid=17.5 pref=52.0 ppos=50.3 apid=-0.0 integ=17.0 vision=1 current=1 vframe=3748 vs=1 vage=15 vpage=15 vdt=32 vmax=166 vacc=3673 vrej=0 seq=0 elapsed=0 oled=3C
[   3858] STATUS mode=3 fault=none enc=-108 denc=0 sreq=0 sapplied=0 crate=18 uimp=32515 upos=910 uneg=75 ball=14.38 vball=-0.00 aball=-1.8 bref=0.00 pid=17.5 pref=52.0 ppos=50.3 apid=-0.0 integ=17.0 vision=1 current=1 vframe=3749 vs=1 vage=3 vpage=3 vdt=32 vmax=166 vacc=3674 vrej=0 seq=0 elapsed=0 oled=3C
[   3891] STATUS mode=3 fault=none enc=-108 denc=0 sreq=0 sapplied=0 crate=19 uimp=32830 upos=925 uneg=75 ball=14.38 vball=-0.00 aball=-1.8 bref=0.00 pid=19.0 pref=52.5 ppos=50.6 apid=-0.0 integ=17.5 vision=1 current=1 vframe=3749 vs=1 vage=23 vpage=23 vdt=32 vmax=166 vacc=3674 vrej=0 seq=0 elapsed=0 oled=3C
[   3922] STATUS mode=3 fault=none enc=-108 denc=0 sreq=0 sapplied=0 crate=19 uimp=33270 upos=945 uneg=75 ball=14.38 vball=-0.00 aball=-1.8 bref=0.00 pid=19.3 pref=53.0 ppos=51.0 apid=-0.0 integ=17.9 vision=1 current=1 vframe=3750 vs=1 vage=30 vpage=30 vdt=33 vmax=166 vacc=3675 vrej=0 seq=0 elapsed=0 oled=3C
[   3936] STATUS mode=3 fault=none enc=-108 denc=0 sreq=22 sapplied=22 crate=22 uimp=33505 upos=955 uneg=75 ball=14.38 vball=-0.00 aball=-1.0 bref=0.00 pid=21.7 pref=53.5 ppos=51.3 apid=-0.0 integ=18.4 vision=1 current=1 vframe=3751 vs=1 vage=17 vpage=17 vdt=33 vmax=166 vacc=3676 vrej=0 seq=0 elapsed=0 oled=3C
[   3968] STATUS mode=3 fault=none enc=-106 denc=1 sreq=0 sapplied=0 crate=19 uimp=33820 upos=970 uneg=75 ball=14.38 vball=-0.00 aball=-1.0 bref=0.00 pid=18.6 pref=53.5 ppos=51.6 apid=-0.0 integ=18.4 vision=1 current=1 vframe=3752 vs=1 vage=3 vpage=3 vdt=34 vmax=166 vacc=3677 vrej=0 seq=0 elapsed=0 oled=3C
[   4000] STATUS mode=3 fault=none enc=-106 denc=0 sreq=55 sapplied=55 crate=55 uimp=34540 upos=995 uneg=75 ball=14.63 vball=4.45 aball=-1.0 bref=0.00 pid=54.8 pref=57.8 ppos=52.3 apid=-0.0 integ=18.9 vision=1 current=1 vframe=3753 vs=1 vage=10 vpage=10 vdt=33 vmax=166 vacc=3678 vrej=0 seq=0 elapsed=0 oled=3C
[   4016] STATUS mode=3 fault=none enc=-105 denc=1 sreq=45 sapplied=45 crate=45 uimp=35555 upos=1015 uneg=75 ball=14.63 vball=4.45 aball=-1.0 bref=0.00 pid=44.7 pref=57.8 ppos=53.3 apid=-0.0 integ=18.9 vision=1 current=1 vframe=3753 vs=1 vage=30 vpage=30 vdt=33 vmax=166 vacc=3678 vrej=0 seq=0 elapsed=0 oled=3C
[   4047] STATUS mode=3 fault=none enc=-105 denc=0 sreq=33 sapplied=33 crate=33 uimp=36350 upos=1035 uneg=75 ball=14.75 vball=3.84 aball=16.6 bref=0.00 pid=33.3 pref=57.5 ppos=54.1 apid=0.0 integ=18.9 vision=1 current=1 vframe=3754 vs=1 vage=16 vpage=16 vdt=34 vmax=166 vacc=3679 vrej=0 seq=0 elapsed=0 oled=3C
[   4077] STATUS mode=3 fault=none enc=-103 denc=0 sreq=0 sapplied=0 crate=11 uimp=37105 upos=1060 uneg=75 ball=14.75 vball=1.97 aball=16.6 bref=0.00 pid=10.8 pref=56.0 ppos=54.9 apid=0.0 integ=18.9 vision=1 current=1 vframe=3755 vs=1 vage=23 vpage=23 vdt=33 vmax=166 vacc=3680 vrej=0 seq=0 elapsed=0 oled=3C
[   4093] STATUS mode=3 fault=none enc=-103 denc=0 sreq=0 sapplied=0 crate=0 uimp=37105 upos=1060 uneg=75 ball=14.74 vball=0.89 aball=16.6 bref=0.00 pid=0.0 pref=55.1 ppos=54.9 apid=0.0 integ=18.9 vision=1 current=1 vframe=3756 vs=1 vage=9 vpage=9 vdt=34 vmax=166 vacc=3681 vrej=0 seq=0 elapsed=0 oled=3C
[   4125] STATUS mode=3 fault=none enc=-103 denc=0 sreq=0 sapplied=0 crate=0 uimp=37105 upos=1060 uneg=75 ball=14.74 vball=0.89 aball=16.6 bref=0.00 pid=0.0 pref=55.1 ppos=54.9 apid=0.0 integ=18.9 vision=1 current=1 vframe=3756 vs=1 vage=29 vpage=29 vdt=34 vmax=166 vacc=3681 vrej=0 seq=0 elapsed=0 oled=3C
[   4156] STATUS mode=3 fault=none enc=-103 denc=0 sreq=0 sapplied=0 crate=0 uimp=37105 upos=1060 uneg=75 ball=14.74 vball=0.39 aball=-6.6 bref=0.00 pid=0.0 pref=54.7 ppos=54.9 apid=-0.0 integ=18.9 vision=1 current=1 vframe=3757 vs=1 vage=17 vpage=17 vdt=32 vmax=166 vacc=3682 vrej=0 seq=0 elapsed=0 oled=3C
[   4172] STATUS mode=3 fault=none enc=-103 denc=0 sreq=0 sapplied=0 crate=0 uimp=37105 upos=1060 uneg=75 ball=14.71 vball=-0.17 aball=-6.6 bref=0.00 pid=0.0 pref=54.2 ppos=54.9 apid=-0.0 integ=18.9 vision=1 current=1 vframe=3758 vs=1 vage=23 vpage=23 vdt=34 vmax=166 vacc=3683 vrej=0 seq=0 elapsed=0 oled=3C
[   4202] STATUS mode=3 fault=none enc=-103 denc=0 sreq=0 sapplied=0 crate=0 uimp=37105 upos=1060 uneg=75 ball=14.70 vball=-0.22 aball=-6.6 bref=0.00 pid=0.0 pref=54.1 ppos=54.9 apid=-0.0 integ=18.9 vision=1 current=1 vframe=3759 vs=1 vage=10 vpage=10 vdt=33 vmax=166 vacc=3684 vrej=0 seq=0 elapsed=0 oled=3C
[   4233] STATUS mode=3 fault=none enc=-103 denc=0 sreq=0 sapplied=0 crate=0 uimp=37105 upos=1060 uneg=75 ball=14.70 vball=-0.22 aball=-6.6 bref=0.00 pid=0.0 pref=54.1 ppos=54.9 apid=-0.0 integ=18.9 vision=1 current=1 vframe=3759 vs=1 vage=30 vpage=30 vdt=33 vmax=166 vacc=3684 vrej=0 seq=0 elapsed=0 oled=3C
[   4250] STATUS mode=3 fault=none enc=-103 denc=0 sreq=0 sapplied=0 crate=0 uimp=37105 upos=1060 uneg=75 ball=14.70 vball=-0.06 aball=-5.9 bref=0.00 pid=0.0 pref=54.8 ppos=54.9 apid=-0.0 integ=19.4 vision=1 current=1 vframe=3761 vs=1 vage=4 vpage=4 vdt=34 vmax=166 vacc=3686 vrej=0 seq=0 elapsed=0 oled=3C
[   4281] STATUS mode=3 fault=none enc=-103 denc=0 sreq=0 sapplied=0 crate=0 uimp=37105 upos=1060 uneg=75 ball=14.70 vball=-0.06 aball=-5.9 bref=0.00 pid=0.0 pref=54.8 ppos=54.9 apid=-0.0 integ=19.4 vision=1 current=1 vframe=3761 vs=1 vage=24 vpage=24 vdt=34 vmax=166 vacc=3686 vrej=0 seq=0 elapsed=0 oled=3C
[   4311] STATUS mode=3 fault=none enc=-103 denc=0 sreq=0 sapplied=0 crate=0 uimp=37105 upos=1060 uneg=75 ball=14.71 vball=-0.01 aball=-5.9 bref=0.00 pid=0.0 pref=55.3 ppos=54.9 apid=-0.0 integ=19.9 vision=1 current=1 vframe=3762 vs=1 vage=11 vpage=11 vdt=33 vmax=166 vacc=3687 vrej=0 seq=0 elapsed=0 oled=3C
[   4327] STATUS mode=3 fault=none enc=-103 denc=0 sreq=0 sapplied=0 crate=0 uimp=37105 upos=1060 uneg=75 ball=14.71 vball=-0.00 aball=-2.7 bref=0.00 pid=0.0 pref=55.8 ppos=54.9 apid=-0.0 integ=20.4 vision=1 current=1 vframe=3763 vs=1 vage=17 vpage=17 vdt=34 vmax=166 vacc=3688 vrej=0 seq=0 elapsed=0 oled=3C
[   4358] STATUS mode=3 fault=none enc=-103 denc=0 sreq=-34 sapplied=0 crate=-34 uimp=37105 upos=1060 uneg=75 ball=14.35 vball=-4.83 aball=-2.7 bref=0.00 pid=-33.6 pref=51.5 ppos=54.9 apid=-0.0 integ=20.4 vision=1 current=1 vframe=3771 vs=1 vage=4 vpage=4 vdt=1 vmax=166 vacc=3696 vrej=0 seq=0 elapsed=0 oled=3C
[   4391] STATUS mode=3 fault=none enc=-103 denc=0 sreq=-29 sapplied=-29 crate=-29 uimp=36625 upos=1060 uneg=90 ball=14.35 vball=-4.83 aball=-2.7 bref=0.00 pid=-28.8 pref=51.5 ppos=54.4 apid=-0.0 integ=20.4 vision=1 current=1 vframe=3771 vs=1 vage=24 vpage=24 vdt=1 vmax=166 vacc=3696 vrej=0 seq=0 elapsed=0 oled=3C
[   4406] STATUS mode=3 fault=none enc=-103 denc=0 sreq=0 sapplied=0 crate=0 uimp=36215 upos=1060 uneg=105 ball=14.32 vball=-2.90 aball=-2.7 bref=0.00 pid=0.0 pref=53.0 ppos=54.0 apid=-0.0 integ=20.4 vision=1 current=1 vframe=3772 vs=1 vage=31 vpage=31 vdt=33 vmax=166 vacc=3697 vrej=0 seq=0 elapsed=0 oled=3C
[   4436] STATUS mode=3 fault=none enc=-103 denc=0 sreq=44 sapplied=44 crate=44 uimp=36445 upos=1065 uneg=105 ball=14.70 vball=3.53 aball=14.4 bref=0.00 pid=44.1 pref=58.6 ppos=54.2 apid=0.0 integ=20.4 vision=1 current=1 vframe=3773 vs=1 vage=17 vpage=17 vdt=34 vmax=166 vacc=3698 vrej=0 seq=0 elapsed=0 oled=3C
[   4468] STATUS mode=3 fault=none enc=-103 denc=0 sreq=28 sapplied=28 crate=28 uimp=37265 upos=1085 uneg=105 ball=14.75 vball=2.49 aball=14.4 bref=0.00 pid=28.2 pref=57.9 ppos=55.0 apid=0.0 integ=20.4 vision=1 current=1 vframe=3774 vs=1 vage=5 vpage=5 vdt=32 vmax=166 vacc=3699 vrej=0 seq=0 elapsed=0 oled=3C
[   4483] STATUS mode=3 fault=none enc=-103 denc=0 sreq=23 sapplied=23 crate=23 uimp=37785 upos=1105 uneg=105 ball=14.75 vball=2.49 aball=14.4 bref=0.00 pid=23.0 pref=57.9 ppos=55.6 apid=0.0 integ=20.4 vision=1 current=1 vframe=3774 vs=1 vage=25 vpage=25 vdt=32 vmax=166 vacc=3699 vrej=0 seq=0 elapsed=0 oled=3C
[   4516] STATUS mode=3 fault=none enc=-103 denc=0 sreq=0 sapplied=0 crate=0 uimp=38115 upos=1120 uneg=105 ball=14.66 vball=1.08 aball=14.4 bref=0.00 pid=0.0 pref=56.6 ppos=55.9 apid=0.0 integ=20.4 vision=1 current=1 vframe=3775 vs=1 vage=32 vpage=32 vdt=33 vmax=166 vacc=3700 vrej=0 seq=0 elapsed=0 oled=3C
[   4547] STATUS mode=3 fault=none enc=-103 denc=0 sreq=0 sapplied=0 crate=0 uimp=38115 upos=1120 uneg=105 ball=14.65 vball=1.27 aball=-2.4 bref=0.00 pid=0.0 pref=56.8 ppos=55.9 apid=-0.0 integ=20.4 vision=1 current=1 vframe=3776 vs=1 vage=18 vpage=18 vdt=34 vmax=166 vacc=3701 vrej=0 seq=0 elapsed=0 oled=3C
[   4561] STATUS mode=3 fault=none enc=-103 denc=0 sreq=0 sapplied=0 crate=15 uimp=38115 upos=1120 uneg=105 ball=14.74 vball=1.90 aball=-2.4 bref=0.00 pid=14.9 pref=57.4 ppos=55.9 apid=-0.0 integ=20.4 vision=1 current=1 vframe=3777 vs=1 vage=4 vpage=4 vdt=34 vmax=166 vacc=3702 vrej=0 seq=0 elapsed=0 oled=3C
[   4593] STATUS mode=3 fault=none enc=-103 denc=0 sreq=-28 sapplied=-28 crate=-28 uimp=38115 upos=1120 uneg=105 ball=14.40 vball=-3.49 aball=-2.4 bref=0.00 pid=-27.6 pref=53.1 ppos=55.9 apid=-0.0 integ=20.9 vision=1 current=1 vframe=3778 vs=1 vage=11 vpage=11 vdt=33 vmax=166 vacc=3703 vrej=0 seq=0 elapsed=0 oled=3C
[   4625] STATUS mode=3 fault=none enc=-103 denc=0 sreq=-22 sapplied=-22 crate=-22 uimp=37600 upos=1120 uneg=125 ball=14.40 vball=-3.49 aball=-2.4 bref=0.00 pid=-22.4 pref=53.1 ppos=55.4 apid=-0.0 integ=20.9 vision=1 current=1 vframe=3778 vs=1 vage=31 vpage=31 vdt=33 vmax=166 vacc=3703 vrej=0 seq=0 elapsed=0 oled=3C
[   4656] STATUS mode=3 fault=none enc=-103 denc=1 sreq=0 sapplied=0 crate=0 uimp=37385 upos=1120 uneg=135 ball=14.36 vball=-2.29 aball=-17.2 bref=0.00 pid=0.0 pref=54.5 ppos=55.2 apid=-0.0 integ=21.4 vision=1 current=1 vframe=3779 vs=1 vage=17 vpage=17 vdt=34 vmax=166 vacc=3704 vrej=0 seq=0 elapsed=0 oled=3C
[   4672] STATUS mode=3 fault=none enc=-103 denc=0 sreq=42 sapplied=42 crate=42 uimp=38085 upos=1135 uneg=135 ball=14.72 vball=4.09 aball=-17.2 bref=0.00 pid=42.1 pref=60.1 ppos=55.9 apid=-0.0 integ=21.4 vision=1 current=1 vframe=3780 vs=1 vage=25 vpage=25 vdt=32 vmax=166 vacc=3705 vrej=0 seq=0 elapsed=0 oled=3C
[   4702] STATUS mode=3 fault=none enc=-103 denc=-1 sreq=0 sapplied=0 crate=-14 uimp=38685 upos=1150 uneg=135 ball=14.50 vball=-1.82 aball=-17.2 bref=0.00 pid=-13.8 pref=55.1 ppos=56.5 apid=-0.0 integ=21.4 vision=1 current=1 vframe=3781 vs=1 vage=12 vpage=12 vdt=33 vmax=166 vacc=3706 vrej=0 seq=0 elapsed=0 oled=3C
[   4733] STATUS mode=3 fault=none enc=-103 denc=0 sreq=0 sapplied=0 crate=-14 uimp=38685 upos=1150 uneg=135 ball=14.50 vball=-1.82 aball=-17.2 bref=0.00 pid=-13.8 pref=55.1 ppos=56.5 apid=-0.0 integ=21.4 vision=1 current=1 vframe=3781 vs=1 vage=32 vpage=32 vdt=33 vmax=166 vacc=3706 vrej=0 seq=0 elapsed=0 oled=3C
[   4750] STATUS mode=3 fault=none enc=-103 denc=0 sreq=0 sapplied=0 crate=-10 uimp=38480 upos=1150 uneg=145 ball=14.37 vball=-1.41 aball=-10.7 bref=0.00 pid=-10.1 pref=55.2 ppos=56.3 apid=-0.0 integ=21.4 vision=1 current=1 vframe=3783 vs=1 vage=5 vpage=5 vdt=33 vmax=166 vacc=3708 vrej=0 seq=0 elapsed=0 oled=3C
[   4781] STATUS mode=3 fault=none enc=-103 denc=0 sreq=0 sapplied=0 crate=-10 uimp=38480 upos=1150 uneg=145 ball=14.37 vball=-1.41 aball=-10.7 bref=0.00 pid=-10.1 pref=55.2 ppos=56.3 apid=-0.0 integ=21.4 vision=1 current=1 vframe=3783 vs=1 vage=25 vpage=25 vdt=33 vmax=166 vacc=3708 vrej=0 seq=0 elapsed=0 oled=3C
[   4811] STATUS mode=3 fault=none enc=-103 denc=0 sreq=0 sapplied=0 crate=0 uimp=38480 upos=1150 uneg=145 ball=14.37 vball=-0.65 aball=-10.7 bref=0.00 pid=0.0 pref=55.9 ppos=56.3 apid=-0.0 integ=21.4 vision=1 current=1 vframe=3784 vs=1 vage=11 vpage=11 vdt=34 vmax=166 vacc=3709 vrej=0 seq=0 elapsed=0 oled=3C
[   4827] STATUS mode=3 fault=none enc=-103 denc=0 sreq=0 sapplied=0 crate=0 uimp=38480 upos=1150 uneg=145 ball=14.38 vball=-0.29 aball=4.2 bref=0.00 pid=0.0 pref=56.2 ppos=56.3 apid=0.0 integ=21.4 vision=1 current=1 vframe=3785 vs=1 vage=17 vpage=17 vdt=34 vmax=166 vacc=3710 vrej=0 seq=0 elapsed=0 oled=3C
[   4858] STATUS mode=3 fault=none enc=-103 denc=0 sreq=0 sapplied=0 crate=0 uimp=38480 upos=1150 uneg=145 ball=14.38 vball=-0.12 aball=4.2 bref=0.00 pid=0.0 pref=56.3 ppos=56.3 apid=0.0 integ=21.4 vision=1 current=1 vframe=3786 vs=1 vage=4 vpage=4 vdt=33 vmax=166 vacc=3711 vrej=0 seq=0 elapsed=0 oled=3C
[   4891] STATUS mode=3 fault=none enc=-103 denc=0 sreq=0 sapplied=0 crate=0 uimp=38480 upos=1150 uneg=145 ball=14.38 vball=-0.12 aball=4.2 bref=0.00 pid=0.0 pref=56.3 ppos=56.3 apid=0.0 integ=21.4 vision=1 current=1 vframe=3786 vs=1 vage=24 vpage=24 vdt=33 vmax=166 vacc=3711 vrej=0 seq=0 elapsed=0 oled=3C
[   4906] STATUS mode=3 fault=none enc=-103 denc=0 sreq=0 sapplied=0 crate=0 uimp=38480 upos=1150 uneg=145 ball=14.38 vball=-0.05 aball=4.2 bref=0.00 pid=0.0 pref=56.8 ppos=56.3 apid=0.0 integ=21.8 vision=1 current=1 vframe=3787 vs=1 vage=30 vpage=30 vdt=34 vmax=166 vacc=3712 vrej=0 seq=0 elapsed=0 oled=3C
[   4936] STATUS mode=3 fault=none enc=-103 denc=0 sreq=0 sapplied=0 crate=11 uimp=38480 upos=1150 uneg=145 ball=14.38 vball=-0.02 aball=3.6 bref=0.00 pid=10.8 pref=57.3 ppos=56.3 apid=0.0 integ=22.3 vision=1 current=1 vframe=3788 vs=1 vage=17 vpage=17 vdt=33 vmax=166 vacc=3713 vrej=0 seq=0 elapsed=0 oled=3C
[   4968] STATUS mode=3 fault=none enc=-103 denc=0 sreq=0 sapplied=0 crate=16 uimp=38480 upos=1150 uneg=145 ball=14.38 vball=-0.01 aball=3.6 bref=0.00 pid=15.6 pref=57.8 ppos=56.3 apid=0.0 integ=22.8 vision=1 current=1 vframe=3789 vs=1 vage=4 vpage=4 vdt=33 vmax=166 vacc=3714 vrej=0 seq=0 elapsed=0 oled=3C
[   4983] STATUS mode=3 fault=none enc=-103 denc=0 sreq=0 sapplied=0 crate=16 uimp=38480 upos=1150 uneg=145 ball=14.38 vball=-0.01 aball=3.6 bref=0.00 pid=15.6 pref=57.8 ppos=56.3 apid=0.0 integ=22.8 vision=1 current=1 vframe=3789 vs=1 vage=24 vpage=24 vdt=33 vmax=166 vacc=3714 vrej=0 seq=0 elapsed=0 oled=3C
[   5016] STATUS mode=3 fault=none enc=-103 denc=0 sreq=0 sapplied=0 crate=19 uimp=38580 upos=1155 uneg=145 ball=14.38 vball=-0.00 aball=3.6 bref=0.00 pid=19.5 pref=58.3 ppos=56.4 apid=0.0 integ=23.3 vision=1 current=1 vframe=3790 vs=1 vage=31 vpage=31 vdt=33 vmax=166 vacc=3715 vrej=0 seq=0 elapsed=0 oled=3C
[   5047] STATUS mode=3 fault=none enc=-103 denc=0 sreq=22 sapplied=22 crate=22 uimp=38815 upos=1165 uneg=145 ball=14.38 vball=-0.00 aball=2.0 bref=0.00 pid=22.0 pref=58.8 ppos=56.6 apid=0.0 integ=23.8 vision=1 current=1 vframe=3791 vs=1 vage=17 vpage=17 vdt=34 vmax=166 vacc=3716 vrej=0 seq=0 elapsed=0 oled=3C
[   5061] STATUS mode=3 fault=none enc=-101 denc=1 sreq=24 sapplied=24 crate=24 uimp=39130 upos=1180 uneg=145 ball=14.38 vball=-0.00 aball=2.0 bref=0.00 pid=23.6 pref=59.3 ppos=56.9 apid=0.0 integ=24.2 vision=1 current=1 vframe=3792 vs=1 vage=4 vpage=4 vdt=33 vmax=166 vacc=3717 vrej=0 seq=0 elapsed=0 oled=3C
[   5093] STATUS mode=3 fault=none enc=-102 denc=0 sreq=23 sapplied=23 crate=23 uimp=39685 upos=1205 uneg=145 ball=14.38 vball=-0.00 aball=2.0 bref=0.00 pid=22.9 pref=59.8 ppos=57.5 apid=0.0 integ=24.7 vision=1 current=1 vframe=3793 vs=1 vage=10 vpage=10 vdt=34 vmax=166 vacc=3718 vrej=0 seq=0 elapsed=0 oled=3C
[   5125] STATUS mode=3 fault=none enc=-101 denc=1 sreq=0 sapplied=0 crate=19 uimp=40115 upos=1225 uneg=145 ball=14.38 vball=-0.00 aball=2.0 bref=0.00 pid=18.6 pref=59.8 ppos=57.9 apid=0.0 integ=24.7 vision=1 current=1 vframe=3793 vs=1 vage=30 vpage=30 vdt=34 vmax=166 vacc=3718 vrej=0 seq=0 elapsed=0 oled=3C
[   5141] STATUS mode=3 fault=none enc=-101 denc=-1 sreq=21 sapplied=21 crate=21 uimp=40340 upos=1235 uneg=145 ball=14.38 vball=-0.00 aball=1.1 bref=0.00 pid=21.1 pref=60.2 ppos=58.1 apid=0.0 integ=25.2 vision=1 current=1 vframe=3794 vs=1 vage=17 vpage=17 vdt=33 vmax=166 vacc=3719 vrej=0 seq=0 elapsed=0 oled=3C
[   5172] STATUS mode=3 fault=none enc=-101 denc=0 sreq=0 sapplied=0 crate=19 uimp=40985 upos=1265 uneg=145 ball=14.38 vball=-0.00 aball=1.1 bref=0.00 pid=19.4 pref=60.7 ppos=58.8 apid=0.0 integ=25.7 vision=1 current=1 vframe=3795 vs=1 vage=24 vpage=24 vdt=33 vmax=166 vacc=3720 vrej=0 seq=0 elapsed=0 oled=3C
[   5202] STATUS mode=3 fault=none enc=-100 denc=1 sreq=23 sapplied=23 crate=23 uimp=41105 upos=1270 uneg=145 ball=14.38 vball=-0.04 aball=1.1 bref=0.00 pid=22.8 pref=61.2 ppos=58.9 apid=0.0 integ=26.2 vision=1 current=1 vframe=3796 vs=1 vage=10 vpage=10 vdt=34 vmax=166 vacc=3721 vrej=0 seq=0 elapsed=0 oled=3C
[   5218] STATUS mode=3 fault=none enc=-101 denc=0 sreq=0 sapplied=0 crate=19 uimp=41435 upos=1285 uneg=145 ball=14.38 vball=-0.04 aball=1.1 bref=0.00 pid=19.5 pref=61.2 ppos=59.2 apid=0.0 integ=26.2 vision=1 current=1 vframe=3796 vs=1 vage=30 vpage=30 vdt=34 vmax=166 vacc=3721 vrej=0 seq=0 elapsed=0 oled=3C
[   5250] STATUS mode=3 fault=none enc=-98 denc=2 sreq=24 sapplied=24 crate=24 uimp=41985 upos=1310 uneg=145 ball=14.38 vball=-0.02 aball=0.5 bref=0.00 pid=23.6 pref=62.1 ppos=59.8 apid=0.0 integ=27.1 vision=1 current=1 vframe=3798 vs=1 vage=4 vpage=4 vdt=34 vmax=166 vacc=3723 vrej=0 seq=0 elapsed=0 oled=3C
[   5281] STATUS mode=3 fault=none enc=-99 denc=0 sreq=0 sapplied=0 crate=19 uimp=42420 upos=1330 uneg=145 ball=14.38 vball=-0.02 aball=0.5 bref=0.00 pid=19.3 pref=62.1 ppos=60.2 apid=0.0 integ=27.1 vision=1 current=1 vframe=3798 vs=1 vage=24 vpage=24 vdt=34 vmax=166 vacc=3723 vrej=0 seq=0 elapsed=0 oled=3C
[   5297] STATUS mode=3 fault=none enc=-99 denc=0 sreq=23 sapplied=23 crate=23 uimp=42540 upos=1335 uneg=145 ball=14.38 vball=-0.01 aball=0.5 bref=0.00 pid=22.9 pref=62.6 ppos=60.3 apid=0.0 integ=27.6 vision=1 current=1 vframe=3799 vs=1 vage=11 vpage=11 vdt=33 vmax=166 vacc=3724 vrej=0 seq=0 elapsed=0 oled=3C
[   5327] STATUS mode=3 fault=none enc=-98 denc=1 sreq=0 sapplied=0 crate=19 uimp=42970 upos=1355 uneg=145 ball=14.38 vball=-0.01 aball=0.5 bref=0.00 pid=18.6 pref=62.6 ppos=60.7 apid=0.0 integ=27.6 vision=1 current=1 vframe=3799 vs=1 vage=31 vpage=31 vdt=33 vmax=166 vacc=3724 vrej=0 seq=0 elapsed=0 oled=3C
[   5358] STATUS mode=3 fault=none enc=-98 denc=0 sreq=24 sapplied=24 crate=24 uimp=43410 upos=1375 uneg=145 ball=14.38 vball=0.02 aball=0.5 bref=0.00 pid=24.1 pref=63.6 ppos=61.2 apid=0.0 integ=28.5 vision=1 current=1 vframe=3801 vs=1 vage=4 vpage=4 vdt=33 vmax=166 vacc=3726 vrej=0 seq=0 elapsed=0 oled=3C
[   5391] STATUS mode=3 fault=none enc=-98 denc=0 sreq=20 sapplied=20 crate=20 uimp=43860 upos=1395 uneg=145 ball=14.38 vball=0.02 aball=0.5 bref=0.00 pid=19.6 pref=63.6 ppos=61.6 apid=0.0 integ=28.5 vision=1 current=1 vframe=3801 vs=1 vage=24 vpage=24 vdt=33 vmax=166 vacc=3726 vrej=0 seq=0 elapsed=0 oled=3C
[   5406] STATUS mode=3 fault=none enc=-97 denc=0 sreq=22 sapplied=22 crate=22 uimp=44075 upos=1405 uneg=145 ball=14.38 vball=0.01 aball=0.5 bref=0.00 pid=22.1 pref=64.1 ppos=61.8 apid=0.0 integ=29.0 vision=1 current=1 vframe=3802 vs=1 vage=11 vpage=11 vdt=33 vmax=166 vacc=3727 vrej=0 seq=0 elapsed=0 oled=3C
[   5436] STATUS mode=3 fault=none enc=-97 denc=0 sreq=21 sapplied=21 crate=21 uimp=44625 upos=1430 uneg=145 ball=14.38 vball=0.00 aball=0.2 bref=0.00 pid=21.4 pref=64.5 ppos=62.4 apid=0.0 integ=29.5 vision=1 current=1 vframe=3803 vs=1 vage=17 vpage=17 vdt=34 vmax=166 vacc=3728 vrej=0 seq=0 elapsed=0 oled=3C
[   5452] STATUS mode=3 fault=none enc=-97 denc=0 sreq=28 sapplied=28 crate=28 uimp=44830 upos=1440 uneg=145 ball=14.42 vball=0.45 aball=0.2 bref=0.00 pid=28.2 pref=65.4 ppos=62.6 apid=0.0 integ=30.0 vision=1 current=1 vframe=3804 vs=1 vage=4 vpage=4 vdt=33 vmax=166 vacc=3729 vrej=0 seq=0 elapsed=0 oled=3C
[   5483] STATUS mode=3 fault=none enc=-96 denc=1 sreq=23 sapplied=23 crate=23 uimp=45350 upos=1460 uneg=145 ball=14.42 vball=0.45 aball=0.2 bref=0.00 pid=23.0 pref=65.4 ppos=63.1 apid=0.0 integ=30.0 vision=1 current=1 vframe=3804 vs=1 vage=24 vpage=24 vdt=33 vmax=166 vacc=3729 vrej=0 seq=0 elapsed=0 oled=3C
[   5516] STATUS mode=3 fault=none enc=-96 denc=0 sreq=0 sapplied=0 crate=19 uimp=45680 upos=1475 uneg=145 ball=14.38 vball=-0.19 aball=0.2 bref=0.00 pid=19.0 pref=65.4 ppos=63.5 apid=0.0 integ=30.5 vision=1 current=1 vframe=3805 vs=1 vage=30 vpage=30 vdt=34 vmax=166 vacc=3730 vrej=0 seq=0 elapsed=0 oled=3C
[   5547] STATUS mode=3 fault=none enc=-96 denc=0 sreq=22 sapplied=22 crate=22 uimp=45915 upos=1485 uneg=145 ball=14.38 vball=-0.15 aball=-0.6 bref=0.00 pid=21.7 pref=65.9 ppos=63.7 apid=-0.0 integ=31.0 vision=1 current=1 vframe=3806 vs=1 vage=17 vpage=17 vdt=33 vmax=166 vacc=3731 vrej=0 seq=0 elapsed=0 oled=3C
[   5561] STATUS mode=3 fault=none enc=-93 denc=1 sreq=24 sapplied=24 crate=24 uimp=46230 upos=1500 uneg=145 ball=14.38 vball=-0.08 aball=-0.6 bref=0.00 pid=23.9 pref=66.4 ppos=64.0 apid=-0.0 integ=31.4 vision=1 current=1 vframe=3807 vs=1 vage=4 vpage=4 vdt=33 vmax=166 vacc=3732 vrej=0 seq=0 elapsed=0 oled=3C
[   5593] STATUS mode=3 fault=none enc=-94 denc=0 sreq=23 sapplied=23 crate=23 uimp=46800 upos=1525 uneg=145 ball=14.38 vball=-0.03 aball=-0.6 bref=0.00 pid=23.3 pref=66.9 ppos=64.6 apid=-0.0 integ=31.9 vision=1 current=1 vframe=3808 vs=1 vage=11 vpage=11 vdt=33 vmax=6 vacc=3732 vrej=0 seq=0 elapsed=0 oled=3C
[   5625] STATUS mode=3 fault=none enc=-93 denc=1 sreq=0 sapplied=0 crate=19 uimp=47230 upos=1545 uneg=145 ball=14.38 vball=-0.03 aball=-0.6 bref=0.00 pid=19.0 pref=66.9 ppos=65.0 apid=-0.0 integ=31.9 vision=1 current=1 vframe=3808 vs=1 vage=31 vpage=31 vdt=33 vmax=166 vacc=3733 vrej=0 seq=0 elapsed=0 oled=3C
[   5641] STATUS mode=3 fault=none enc=-93 denc=-1 sreq=20 sapplied=20 crate=20 uimp=47570 upos=1560 uneg=145 ball=14.38 vball=-0.01 aball=0.3 bref=0.00 pid=20.4 pref=67.4 ppos=65.3 apid=0.0 integ=32.4 vision=1 current=1 vframe=3809 vs=1 vage=19 vpage=19 vdt=32 vmax=166 vacc=3734 vrej=0 seq=0 elapsed=0 oled=3C
[   5672] STATUS mode=3 fault=none enc=-93 denc=0 sreq=24 sapplied=24 crate=24 uimp=47670 upos=1565 uneg=145 ball=14.38 vball=-0.01 aball=0.3 bref=0.00 pid=24.3 pref=67.9 ppos=65.4 apid=0.0 integ=32.8 vision=1 current=1 vframe=3810 vs=1 vage=5 vpage=5 vdt=34 vmax=166 vacc=3735 vrej=0 seq=0 elapsed=0 oled=3C
[   5702] STATUS mode=3 fault=none enc=-91 denc=0 sreq=23 sapplied=23 crate=23 uimp=48340 upos=1595 uneg=145 ball=14.38 vball=-0.00 aball=0.3 bref=0.00 pid=22.5 pref=68.4 ppos=66.1 apid=0.0 integ=33.3 vision=1 current=1 vframe=3811 vs=1 vage=11 vpage=11 vdt=34 vmax=166 vacc=3736 vrej=0 seq=0 elapsed=0 oled=3C
[   5718] STATUS mode=3 fault=none enc=-91 denc=0 sreq=0 sapplied=0 crate=19 uimp=48660 upos=1610 uneg=145 ball=14.38 vball=-0.00 aball=0.3 bref=0.00 pid=19.3 pref=68.4 ppos=66.4 apid=0.0 integ=33.3 vision=1 current=1 vframe=3811 vs=1 vage=31 vpage=31 vdt=34 vmax=166 vacc=3736 vrej=0 seq=0 elapsed=0 oled=3C
[   5750] STATUS mode=3 fault=none enc=-91 denc=0 sreq=21 sapplied=21 crate=21 uimp=49005 upos=1625 uneg=145 ball=14.38 vball=-0.00 aball=0.2 bref=0.00 pid=20.6 pref=68.8 ppos=66.8 apid=0.0 integ=33.8 vision=1 current=1 vframe=3812 vs=1 vage=18 vpage=18 vdt=33 vmax=166 vacc=3737 vrej=0 seq=0 elapsed=0 oled=3C
[   5781] STATUS mode=3 fault=none enc=-90 denc=0 sreq=0 sapplied=0 crate=19 uimp=49640 upos=1655 uneg=145 ball=14.38 vball=-0.00 aball=0.2 bref=0.00 pid=18.9 pref=69.3 ppos=67.4 apid=0.0 integ=34.3 vision=1 current=1 vframe=3813 vs=1 vage=26 vpage=26 vdt=32 vmax=166 vacc=3738 vrej=0 seq=0 elapsed=0 oled=3C
[   5797] STATUS mode=3 fault=none enc=-90 denc=0 sreq=23 sapplied=23 crate=23 uimp=49760 upos=1660 uneg=145 ball=14.38 vball=-0.00 aball=0.2 bref=0.00 pid=22.6 pref=69.8 ppos=67.5 apid=0.0 integ=34.8 vision=1 current=1 vframe=3814 vs=1 vage=12 vpage=12 vdt=34 vmax=166 vacc=3739 vrej=0 seq=0 elapsed=0 oled=3C
[   5827] STATUS mode=3 fault=none enc=-90 denc=0 sreq=0 sapplied=0 crate=19 uimp=50080 upos=1675 uneg=145 ball=14.38 vball=-0.00 aball=0.2 bref=0.00 pid=19.4 pref=69.8 ppos=67.9 apid=0.0 integ=34.8 vision=1 current=1 vframe=3814 vs=1 vage=32 vpage=32 vdt=34 vmax=166 vacc=3739 vrej=0 seq=0 elapsed=0 oled=3C
[   5858] STATUS mode=3 fault=none enc=-88 denc=2 sreq=23 sapplied=23 crate=23 uimp=50630 upos=1700 uneg=145 ball=14.38 vball=-0.00 aball=0.1 bref=0.00 pid=23.4 pref=70.7 ppos=68.4 apid=0.0 integ=35.7 vision=1 current=1 vframe=3816 vs=1 vage=6 vpage=6 vdt=31 vmax=166 vacc=3741 vrej=0 seq=0 elapsed=0 oled=3C
[   5875] STATUS mode=3 fault=none enc=-88 denc=1 sreq=0 sapplied=0 crate=19 uimp=51060 upos=1720 uneg=145 ball=14.38 vball=-0.00 aball=0.1 bref=0.00 pid=19.1 pref=70.7 ppos=68.8 apid=0.0 integ=35.7 vision=1 current=1 vframe=3816 vs=1 vage=26 vpage=26 vdt=31 vmax=166 vacc=3741 vrej=0 seq=0 elapsed=0 oled=3C
[   5906] STATUS mode=3 fault=none enc=-89 denc=0 sreq=23 sapplied=23 crate=23 uimp=51180 upos=1725 uneg=145 ball=14.38 vball=-0.00 aball=0.1 bref=0.00 pid=22.7 pref=71.2 ppos=69.0 apid=0.0 integ=36.2 vision=1 current=1 vframe=3817 vs=1 vage=12 vpage=12 vdt=34 vmax=166 vacc=3742 vrej=0 seq=0 elapsed=0 oled=3C
[   5936] STATUS mode=3 fault=none enc=-89 denc=0 sreq=21 sapplied=21 crate=21 uimp=51850 upos=1755 uneg=145 ball=14.38 vball=-0.00 aball=0.1 bref=0.00 pid=20.8 pref=71.7 ppos=69.6 apid=0.0 integ=36.7 vision=1 current=1 vframe=3818 vs=1 vage=19 vpage=19 vdt=33 vmax=166 vacc=3743 vrej=0 seq=0 elapsed=oled=3C
[   5952] STATUS mode=3 fault=none enc=-87 denc=0 sreq=0 sapplied=0 crate=0 uimp=52055 upos=1765 uneg=145 ball=14.19 vball=-2.51 aball=0.1 bref=0.00 pid=0.0 pref=69.9 ppos=69.8 apid=0.0 integ=37.1 vision=1 current=1 vframe=3819 vs=1 vage=6 vpage=6 vdt=33 vmax=166 vacc=3744 vrej=0 seq=0 elapsed=0 oled=3C
[   5983] STATUS mode=3 fault=none enc=-87 denc=0 sreq=0 sapplied=0 crate=0 uimp=52055 upos=1765 uneg=145 ball=14.19 vball=-2.51 aball=0.1 bref=0.00 pid=0.0 pref=69.9 ppos=69.8 apid=0.0 integ=37.1 vision=1 current=1 vframe=3819 vs=1 vage=26 vpage=26 vdt=33 vmax=166 vacc=3744 vrej=0 seq=0 elapsed=0 oled=3C
[   6016] STATUS mode=3 fault=none enc=-87 denc=0 sreq=0 sapplied=0 crate=14 uimp=52055 upos=1765 uneg=145 ball=14.17 vball=-1.52 aball=0.1 bref=0.00 pid=13.7 pref=71.2 ppos=69.8 apid=0.0 integ=37.6 vision=1 current=1 vframe=3820 vs=1 vage=11 vpage=11 vdt=35 vmax=166 vacc=3745 vrej=0 seq=0 elapsed=0 oled=3C
[   6031] STATUS mode=3 fault=none enc=-87 denc=0 sreq=21 sapplied=21 crate=21 uimp=52410 upos=1780 uneg=145 ball=14.18 vball=-0.70 aball=-3.1 bref=0.00 pid=21.4 pref=72.3 ppos=70.2 apid=-0.0 integ=38.1 vision=1 current=1 vframe=3821 vs=1 vage=19 vpage=19 vdt=32 vmax=166 vacc=3746 vrej=0 seq=0 elapsed=0 oled=3C
[   6061] STATUS mode=3 fault=none enc=-86 denc=-1 sreq=27 sapplied=27 crate=27 uimp=52615 upos=1790 uneg=145 ball=14.18 vball=-0.32 aball=-3.1 bref=0.00 pid=27.0 pref=73.1 ppos=70.4 apid=-0.0 integ=38.6 vision=1 current=1 vframe=3822 vs=1 vage=6 vpage=6 vdt=33 vmax=166 vacc=3747 vrej=0 seq=0 elapsed=0 oled=3C
[   6093] STATUS mode=3 fault=none enc=-86 denc=0 sreq=22 sapplied=22 crate=22 uimp=53115 upos=1810 uneg=145 ball=14.18 vball=-0.32 aball=-3.1 bref=0.00 pid=22.0 pref=73.1 ppos=70.9 apid=-0.0 integ=38.6 vision=1 current=1 vframe=3822 vs=1 vage=26 vpage=26 vdt=33 vmax=166 vacc=3747 vrej=0 seq=0 elapsed=0 oled=3C
[   6108] STATUS mode=3 fault=none enc=-85 denc=-1 sreq=0 sapplied=0 crate=19 uimp=54000 upos=1850 uneg=145 ball=14.18 vball=-0.14 aball=-3.1 bref=0.00 pid=19.5 pref=73.7 ppos=71.8 apid=-0.0 integ=39.0 vision=1 current=1 vframe=3823 vs=1 vage=32 vpage=32 vdt=34 vmax=166 vacc=3748 vrej=0 seq=0 elapsed=0 oled=3C
[   6141] STATUS mode=3 fault=none enc=-84 denc=0 sreq=21 sapplied=21 crate=21 uimp=54355 upos=1865 uneg=145 ball=14.18 vball=-0.06 aball=1.2 bref=0.00 pid=21.2 pref=74.3 ppos=72.1 apid=0.0 integ=39.5 vision=1 current=1 vframe=3824 vs=1 vage=19 vpage=19 vdt=33 vmax=166 vacc=3749 vrej=0 seq=0 elapsed=0 oled=3C
[   6172] STATUS mode=3 fault=none enc=-83 denc=-1 sreq=24 sapplied=24 crate=24 uimp=54560 upos=1875 uneg=145 ball=14.18 vball=-0.02 aball=1.2 bref=0.00 pid=24.3 pref=74.8 ppos=72.3 apid=0.0 integ=40.0 vision=1 current=1 vframe=3825 vs=1 vage=5 vpage=5 vdt=34 vmax=166 vacc=3750 vrej=0 seq=0 elapsed=0 oled=3C
[   6186] STATUS mode=3 fault=none enc=-82 denc=0 sreq=22 sapplied=22 crate=22 uimp=55230 upos=1905 uneg=145 ball=14.18 vball=-0.01 aball=1.2 bref=0.00 pid=22.4 pref=75.2 ppos=73.0 apid=0.0 integ=40.5 vision=1 current=1 vframe=3826 vs=1 vage=12 vpage=12 vdt=33 vmax=166 vacc=3751 vrej=0 seq=0 elapsed=0 oled=3C
[   6218] STATUS mode=3 fault=none enc=-82 denc=0 sreq=0 sapplied=0 crate=19 uimp=55545 upos=1920 uneg=145 ball=14.18 vball=-0.01 aball=1.2 bref=0.00 pid=19.2 pref=75.2 ppos=73.3 apid=0.0 integ=40.5 vision=1 current=1 vframe=3826 vs=1 vage=32 vpage=32 vdt=33 vmax=166 vacc=3751 vrej=0 seq=0 elapsed=0 oled=3C
[   6250] STATUS mode=3 fault=none enc=-82 denc=0 sreq=22 sapplied=22 crate=22 uimp=55780 upos=1930 uneg=145 ball=14.18 vball=-0.00 aball=0.9 bref=0.00 pid=21.8 pref=75.7 ppos=73.6 apid=0.0 integ=40.9 vision=1 current=1 vframe=3827 vs=1 vage=18 vpage=18 vdt=34 vmax=166 vacc=3752 vrej=0 seq=0 elapsed=0 oled=3C
[   6266] STATUS mode=3 fault=none enc=-81 denc=0 sreq=0 sapplied=0 crate=19 uimp=56525 upos=1965 uneg=145 ball=14.18 vball=-0.00 aball=0.9 bref=0.00 pid=19.0 pref=76.2 ppos=74.3 apid=0.0 integ=41.4 vision=1 current=1 vframe=3828 vs=1 vage=25 vpage=25 vdt=33 vmax=166 vacc=3753 vrej=0 seq=0 elapsed=0 oled=3C
[   6297] STATUS mode=3 fault=none enc=-81 denc=0 sreq=26 sapplied=26 crate=26 uimp=56660 upos=1970 uneg=145 ball=14.21 vball=0.36 aball=0.9 bref=0.00 pid=25.6 pref=77.0 ppos=74.4 apid=0.0 integ=41.9 vision=1 current=1 vframe=3829 vs=1 vage=12 vpage=12 vdt=33 vmax=166 vacc=3754 vrej=0 seq=0 elapsed=0 oled=3C
[   6327] STATUS mode=3 fault=none enc=-80 denc=1 sreq=21 sapplied=21 crate=21 uimp=57135 upos=1990 uneg=145 ball=14.21 vball=0.36 aball=0.9 bref=0.00 pid=20.8 pref=77.0 ppos=74.9 apid=0.0 integ=41.9 vision=1 current=1 vframe=3829 vs=1 vage=32 vpage=32 vdt=33 vmax=166 vacc=3754 vrej=0 seq=0 elapsed=0 oled=3C
[   6343] STATUS mode=3 fault=none enc=-80 denc=-1 sreq=0 sapplied=0 crate=14 uimp=57340 upos=2000 uneg=145 ball=14.15 vball=-0.77 aball=-3.0 bref=0.00 pid=13.8 pref=76.5 ppos=75.1 apid=-0.0 integ=42.4 vision=1 current=1 vframe=3830 vs=1 vage=18 vpage=18 vdt=34 vmax=166 vacc=3755 vrej=0 seq=0 elapsed=0 oled=3C
[   6375] STATUS mode=3 fault=none enc=-80 denc=0 sreq=0 sapplied=0 crate=15 uimp=57340 upos=2000 uneg=145 ball=14.10 vball=-1.10 aball=-3.0 bref=0.00 pid=15.2 pref=76.6 ppos=75.1 apid=-0.0 integ=42.8 vision=1 current=1 vframe=3831 vs=1 vage=25 vpage=25 vdt=33 vmax=166 vacc=3756 vrej=0 seq=0 elapsed=0 oled=3C
[   6406] STATUS mode=3 fault=none enc=-80 denc=0 sreq=22 sapplied=22 crate=22 uimp=57455 upos=2005 uneg=145 ball=14.09 vball=-0.70 aball=-3.0 bref=0.00 pid=21.8 pref=77.4 ppos=75.2 apid=-0.0 integ=43.3 vision=1 current=1 vframe=3832 vs=1 vage=12 vpage=12 vdt=33 vmax=166 vacc=3757 vrej=0 seq=0 elapsed=0 oled=3C
[   6422] STATUS mode=3 fault=none enc=-80 denc=0 sreq=0 sapplied=0 crate=19 uimp=57770 upos=2020 uneg=145 ball=14.09 vball=-0.70 aball=-3.0 bref=0.00 pid=18.7 pref=77.4 ppos=75.5 apid=-0.0 integ=43.3 vision=1 current=1 vframe=3832 vs=1 vage=32 vpage=32 vdt=33 vmax=166 vacc=3757 vrej=0 seq=0 elapsed=0 oled=3C
[   6452] STATUS mode=3 fault=none enc=-78 denc=1 sreq=26 sapplied=26 crate=26 uimp=58470 upos=2050 uneg=145 ball=14.10 vball=-0.15 aball=0.4 bref=0.00 pid=25.6 pref=78.8 ppos=76.2 apid=0.0 integ=44.2 vision=1 current=1 vframe=3834 vs=1 vage=5 vpage=5 vdt=34 vmax=166 vacc=3759 vrej=0 seq=0 elapsed=0 oled=3C
[   6483] STATUS mode=3 fault=none enc=-78 denc=0 sreq=21 sapplied=21 crate=21 uimp=58945 upos=2070 uneg=145 ball=14.10 vball=-0.15 aball=0.4 bref=0.00 pid=20.9 pref=78.8 ppos=76.7 apid=0.0 integ=44.2 vision=1 current=1 vframe=3834 vs=1 vage=25 vpage=25 vdt=34 vmax=166 vacc=3759 vrej=0 seq=0 elapsed=0 oled=3C
[   6500] STATUS mode=3 fault=none enc=-77 denc=0 sreq=0 sapplied=0 crate=17 uimp=59150 upos=2080 uneg=145 ball=14.05 vball=-0.87 aball=0.4 bref=0.00 pid=17.1 pref=78.6 ppos=76.9 apid=0.0 integ=44.7 vision=1 current=1 vframe=3835 vs=1 vage=12 vpage=12 vdt=33 vmax=166 vacc=3760 vrej=0 seq=0 elapsed=0 oled=3C
[   6531] STATUS mode=3 fault=none enc=-77 denc=0 sreq=0 sapplied=0 crate=19 uimp=59470 upos=2095 uneg=145 ball=14.03 vball=-0.73 aball=-1.6 bref=0.00 pid=19.4 pref=79.2 ppos=77.2 apid=-0.0 integ=45.2 vision=1 current=1 vframe=3836 vs=1 vage=19 vpage=19 vdt=33 vmax=166 vacc=3761 vrej=0 seq=0 elapsed=0 oled=3C
[   6561] STATUS mode=3 fault=none enc=-77 denc=0 sreq=-65 sapplied=0 crate=-65 uimp=59470 upos=2095 uneg=145 ball=13.28 vball=-10.19 aball=-1.6 bref=0.00 pid=-65.3 pref=70.7 ppos=77.2 apid=-0.0 integ=-0.0 vision=1 current=1 vframe=3837 vs=1 vage=5 vpage=5 vdt=34 vmax=166 vacc=3762 vrej=0 seq=0 elapsed=0 oled=3C
[   6593] STATUS mode=3 fault=none enc=-76 denc=0 sreq=-56 sapplied=-56 crate=-56 uimp=58540 upos=2095 uneg=160 ball=13.28 vball=-10.19 aball=-1.6 bref=0.00 pid=-56.0 pref=70.7 ppos=76.3 apid=-0.0 integ=-0.0 vision=1 current=1 vframe=3837 vs=1 vage=25 vpage=25 vdt=34 vmax=166 vacc=3762 vrej=0 seq=0 elapsed=0 oled=3C
[   6608] STATUS mode=3 fault=none enc=-79 denc=0 sreq=0 sapplied=0 crate=-19 uimp=57425 upos=2095 uneg=190 ball=13.17 vball=-6.79 aball=-1.6 bref=0.00 pid=-18.9 pref=73.3 ppos=75.2 apid=-0.0 integ=-0.0 vision=1 current=1 vframe=3838 vs=1 vage=32 vpage=32 vdt=33 vmax=166 vacc=3763 vrej=0 seq=0 elapsed=0 oled=3C
[   6641] STATUS mode=3 fault=none enc=-79 denc=0 sreq=0 sapplied=0 crate=0 uimp=57425 upos=2095 uneg=190 ball=13.14 vball=-3.97 aball=-15.3 bref=0.00 pid=0.0 pref=75.5 ppos=75.2 apid=-0.0 integ=-0.0 vision=1 current=1 vframe=3839 vs=1 vage=18 vpage=18 vdt=34 vmax=166 vacc=3764 vrej=0 seq=0 elapsed=0 oled=3C
[   6672] STATUS mode=3 fault=none enc=-79 denc=0 sreq=0 sapplied=0 crate=19 uimp=57425 upos=2095 uneg=190 ball=13.14 vball=-2.05 aball=-15.3 bref=0.00 pid=18.6 pref=77.1 ppos=75.2 apid=-0.0 integ=-0.0 vision=1 current=1 vframe=3840 vs=1 vage=5 vpage=5 vdt=33 vmax=166 vacc=3765 vrej=0 seq=0 elapsed=0 oled=3C
[   6686] STATUS mode=3 fault=none enc=-79 denc=0 sreq=32 sapplied=32 crate=32 uimp=57425 upos=2095 uneg=190 ball=13.18 vball=-0.41 aball=-15.3 bref=0.00 pid=32.2 pref=78.4 ppos=75.2 apid=-0.0 integ=-0.0 vision=1 current=1 vframe=3841 vs=1 vage=12 vpage=12 vdt=33 vmax=166 vacc=3766 vrej=0 seq=0 elapsed=0 oled=3C
[   6718] STATUS mode=3 fault=none enc=-78 denc=1 sreq=26 sapplied=26 crate=26 uimp=58025 upos=2115 uneg=190 ball=13.18 vball=-0.41 aball=-15.3 bref=0.00 pid=26.2 pref=78.4 ppos=75.8 apid=-0.0 integ=-0.0 vision=1 current=1 vframe=3841 vs=1 vage=32 vpage=32 vdt=33 vmax=166 vacc=3766 vrej=0 seq=0 elapsed=0 oled=3C
[   6750] STATUS mode=3 fault=none enc=-79 denc=0 sreq=25 sapplied=25 crate=25 uimp=58550 upos=2135 uneg=190 ball=13.20 vball=0.05 aball=9.7 bref=0.00 pid=24.9 pref=78.8 ppos=76.3 apid=0.0 integ=-0.0 vision=1 current=1 vframe=3842 vs=1 vage=18 vpage=18 vdt=34 vmax=166 vacc=3767 vrej=0 seq=0 elapsed=0 oled=3C
[   6766] STATUS mode=3 fault=none enc=-77 denc=1 sreq=21 sapplied=21 crate=21 uimp=59010 upos=2155 uneg=190 ball=13.21 vball=0.07 aball=9.7 bref=0.00 pid=20.6 pref=78.8 ppos=76.8 apid=0.0 integ=-0.0 vision=1 current=1 vframe=3843 vs=1 vage=6 vpage=6 vdt=32 vmax=166 vacc=3768 vrej=0 seq=0 elapsed=0 oled=3C
[   6797] STATUS mode=3 fault=none enc=-77 denc=0 sreq=0 sapplied=0 crate=18 uimp=59215 upos=2165 uneg=190 ball=13.21 vball=0.04 aball=9.7 bref=0.00 pid=18.3 pref=78.8 ppos=77.0 apid=0.0 integ=-0.0 vision=1 current=1 vframe=3844 vs=1 vage=10 vpage=10 vdt=36 vmax=166 vacc=3769 vrej=0 seq=0 elapsed=0 oled=3C
[   6827] STATUS mode=3 fault=none enc=-77 denc=0 sreq=0 sapplied=0 crate=18 uimp=59215 upos=2165 uneg=190 ball=13.21 vball=0.04 aball=9.7 bref=0.00 pid=18.3 pref=78.8 ppos=77.0 apid=0.0 integ=-0.0 vision=1 current=1 vframe=3844 vs=1 vage=30 vpage=30 vdt=36 vmax=166 vacc=3769 vrej=0 seq=0 elapsed=0 oled=3C
[   6843] STATUS mode=3 fault=none enc=-77 denc=0 sreq=0 sapplied=0 crate=18 uimp=59215 upos=2165 uneg=190 ball=13.21 vball=0.03 aball=5.2 bref=0.00 pid=18.2 pref=78.8 ppos=77.0 apid=0.0 integ=-0.0 vision=1 current=1 vframe=3845 vs=1 vage=19 vpage=19 vdt=31 vmax=166 vacc=3770 vrej=0 seq=0 elapsed=0 oled=3C
[   6875] STATUS mode=3 fault=none enc=-77 denc=0 sreq=0 sapplied=0 crate=18 uimp=59215 upos=2165 uneg=190 ball=13.21 vball=0.03 aball=5.2 bref=0.00 pid=18.2 pref=78.8 ppos=77.0 apid=0.0 integ=-0.0 vision=1 current=0 vframe=3846 vs=0 vage=59 vpage=29 vdt=31 vmax=166 vacc=3770 vrej=0 seq=0 elapsed=0 oled=3C
[   6906] STATUS mode=3 fault=none enc=-77 denc=0 sreq=0 sapplied=0 crate=18 uimp=59215 upos=2165 uneg=190 ball=13.21 vball=0.03 aball=5.2 bref=0.00 pid=18.2 pref=78.8 ppos=77.0 apid=0.0 integ=-0.0 vision=1 current=0 vframe=3847 vs=0 vage=79 vpage=16 vdt=31 vmax=166 vacc=3770 vrej=0 seq=0 elapsed=0 oled=3C
[   6922] STATUS mode=3 fault=none enc=-77 denc=0 sreq=0 sapplied=0 crate=18 uimp=59215 upos=2165 uneg=190 ball=13.21 vball=0.03 aball=5.2 bref=0.00 pid=18.2 pref=78.8 ppos=77.0 apid=0.0 integ=-0.0 vision=1 current=0 vframe=3847 vs=0 vage=99 vpage=36 vdt=31 vmax=166 vacc=3770 vrej=0 seq=0 elapsed=0 oled=3C
[   6952] STATUS mode=3 fault=none enc=-76 denc=-1 sreq=38 sapplied=38 crate=38 uimp=60855 upos=2200 uneg=190 ball=13.64 vball=1.67 aball=12.9 bref=0.00 pid=38.2 pref=82.5 ppos=78.6 apid=0.0 integ=1.8 vision=1 current=1 vframe=3849 vs=1 vage=6 vpage=6 vdt=33 vmax=166 vacc=3772 vrej=0 seq=0 elapsed=0 oled=3C
[   6983] STATUS mode=3 fault=none enc=-74 denc=2 sreq=31 sapplied=31 crate=31 uimp=61565 upos=2220 uneg=190 ball=13.64 vball=1.67 aball=12.9 bref=0.00 pid=31.1 pref=82.5 ppos=79.3 apid=0.0 integ=1.8 vision=1 current=1 vframe=3849 vs=1 vage=26 vpage=26 vdt=33 vmax=166 vacc=3772 vrej=0 seq=0 elapsed=0 oled=3C
[   7000] STATUS mode=3 fault=none enc=-73 denc=1 sreq=25 sapplied=25 crate=25 uimp=62145 upos=2240 uneg=190 ball=13.64 vball=1.67 aball=12.9 bref=0.00 pid=25.3 pref=82.5 ppos=79.9 apid=0.0 integ=1.8 vision=1 current=0 vframe=3850 vs=0 vage=46 vpage=17 vdt=33 vmax=166 vacc=3772 vrej=0 seq=0 elapsed=0 oled=3C
[   7031] STATUS mode=3 fault=none enc=-74 denc=0 sreq=21 sapplied=21 crate=21 uimp=62615 upos=2260 uneg=190 ball=13.64 vball=1.67 aball=12.9 bref=0.00 pid=20.6 pref=82.5 ppos=80.4 apid=0.0 integ=1.8 vision=1 current=0 vframe=3851 vs=0 vage=66 vpage=3 vdt=33 vmax=166 vacc=3772 vrej=0 seq=0 elapsed=0 oled=3C
[   7061] STATUS mode=3 fault=none enc=-73 denc=0 sreq=0 sapplied=0 crate=19 uimp=62820 upos=2270 uneg=190 ball=13.64 vball=1.67 aball=12.9 bref=0.00 pid=18.6 pref=82.5 ppos=80.6 apid=0.0 integ=1.8 vision=1 current=0 vframe=3852 vs=0 vage=106 vpage=10 vdt=33 vmax=166 vacc=3772 vrej=0 seq=0 elapsed=0 oled=3C
[   7077] STATUS mode=3 fault=none enc=-73 denc=0 sreq=0 sapplied=0 crate=19 uimp=62820 upos=2270 uneg=190 ball=13.64 vball=1.67 aball=12.9 bref=0.00 pid=18.6 pref=82.5 ppos=80.6 apid=0.0 integ=1.8 vision=1 current=0 vframe=3852 vs=0 vage=126 vpage=30 vdt=33 vmax=166 vacc=3772 vrej=0 seq=0 elapsed=0 oled=3C
[   7108] STATUS mode=3 fault=none enc=-73 denc=0 sreq=0 sapplied=0 crate=19 uimp=62820 upos=2270 uneg=190 ball=13.64 vball=1.67 aball=12.9 bref=0.00 pid=18.6 pref=82.5 ppos=80.6 apid=0.0 integ=1.8 vision=1 current=0 vframe=3853 vs=0 vage=146 vpage=17 vdt=33 vmax=166 vacc=3772 vrej=0 seq=0 elapsed=0 oled=3C
[   7141] STATUS mode=3 fault=none enc=-73 denc=0 sreq=0 sapplied=0 crate=0 uimp=62820 upos=2270 uneg=190 ball=13.64 vball=1.67 aball=12.9 bref=0.00 pid=18.6 pref=80.6 ppos=80.6 apid=0.0 integ=1.8 vision=1 current=0 vframe=3854 vs=0 vage=186 vpage=23 vdt=33 vmax=166 vacc=3772 vrej=0 seq=0 elapsed=0 oled=3C
[   7141] >>> stop
[   7156] STATUS mode=3 fault=none enc=-73 denc=0 sreq=0 sapplied=0 crate=0 uimp=62820 upos=2270 uneg=190 ball=13.64 vball=1.67 aball=12.9 bref=0.00 pid=18.6 pref=80.6 ppos=80.6 apid=0.0 integ=1.8 vision=1 current=0 vframe=3855 vs=0 vage=206 vpage=10 vdt=33 vmax=166 vacc=3772 vrej=0 seq=0 elapsed=0 oled=3C
[   7186] STATUS mode=1 fault=none enc=-78 denc=-4 sreq=0 sapplied=0 crate=0 uimp=62820 upos=2270 uneg=190 ball=13.64 vball=1.67 aball=0.0 bref=0.00 pid=0.0 pref=80.6 ppos=80.6 apid=0.0 integ=0.0 vision=1 current=0 vframe=3855 vs=0 vage=226 vpage=30 vdt=33 vmax=166 vacc=3772 vrej=0 seq=0 elapsed=0 oled=3C
[   7218] STATUS mode=1 fault=none enc=-81 denc=0 sreq=0 sapplied=0 crate=0 uimp=62820 upos=2270 uneg=190 ball=13.64 vball=1.67 aball=0.0 bref=0.00 pid=0.0 pref=80.6 ppos=80.6 apid=0.0 integ=0.0 vision=1 current=0 vframe=3856 vs=0 vage=266 vpage=37 vdt=33 vmax=166 vacc=3772 vrej=0 seq=0 elapsed=0 oled=3C
[   7233] STATUS mode=1 fault=none enc=-81 denc=0 sreq=0 sapplied=0 crate=0 uimp=62820 upos=2270 uneg=190 ball=13.68 vball=1.32 aball=0.0 bref=0.00 pid=0.0 pref=80.6 ppos=80.6 apid=0.0 integ=0.0 vision=1 current=1 vframe=3857 vs=1 vage=20 vpage=20 vdt=266 vmax=266 vacc=3773 vrej=0 seq=0 elapsed=0 oled=3C
[   7266] STATUS mode=1 fault=none enc=-81 denc=0 sreq=0 sapplied=0 crate=0 uimp=62820 upos=2270 uneg=190 ball=13.36 vball=-1.79 aball=0.0 bref=0.00 pid=0.0 pref=80.6 ppos=80.6 apid=0.0 integ=0.0 vision=1 current=1 vframe=3858 vs=1 vage=6 vpage=6 vdt=34 vmax=266 vacc=3774 vrej=0 seq=0 elapsed=0 oled=3C
[   7297] STATUS mode=1 fault=none enc=-81 denc=0 sreq=0 sapplied=0 crate=0 uimp=62820 upos=2270 uneg=190 ball=13.36 vball=-1.79 aball=0.0 bref=0.00 pid=0.0 pref=80.6 ppos=80.6 apid=0.0 integ=0.0 vision=1 current=1 vframe=3858 vs=1 vage=26 vpage=26 vdt=34 vmax=266 vacc=3774 vrej=0 seq=0 elapsed=0 oled=3C
[   7311] STATUS mode=1 fault=none enc=-81 denc=0 sreq=0 sapplied=0 crate=0 uimp=62820 upos=2270 uneg=190 ball=13.36 vball=-1.79 aball=0.0 bref=0.00 pid=0.0 pref=80.6 ppos=80.6 apid=0.0 integ=0.0 vision=1 current=0 vframe=3860 vs=0 vage=66 vpage=2 vdt=34 vmax=266 vacc=3774 vrej=0 seq=0 elapsed=0 oled=3C
[   7343] STATUS mode=1 fault=none enc=-81 denc=0 sreq=0 sapplied=0 crate=0 uimp=62820 upos=2270 uneg=190 ball=13.36 vball=-1.79 aball=0.0 bref=0.00 pid=0.0 pref=80.6 ppos=80.6 apid=0.0 integ=0.0 vision=1 current=0 vframe=3860 vs=0 vage=86 vpage=22 vdt=34 vmax=266 vacc=3774 vrej=0 seq=0 elapsed=0 oled=3C
[   7375] STATUS mode=1 fault=none enc=-81 denc=0 sreq=0 sapplied=0 crate=0 uimp=62820 upos=2270 uneg=190 ball=13.36 vball=-1.79 aball=0.0 bref=0.00 pid=0.0 pref=80.6 ppos=80.6 apid=0.0 integ=0.0 vision=1 current=0 vframe=3861 vs=0 vage=106 vpage=10 vdt=34 vmax=266 vacc=3774 vrej=0 seq=0 elapsed=0 oled=3C
[   7391] STATUS mode=1 fault=none enc=-81 denc=0 sreq=0 sapplied=0 crate=0 uimp=62820 upos=2270 uneg=190 ball=13.36 vball=-1.79 aball=0.0 bref=0.00 pid=0.0 pref=80.6 ppos=80.6 apid=0.0 integ=0.0 vision=1 current=0 vframe=3862 vs=0 vage=146 vpage=17 vdt=34 vmax=266 vacc=3774 vrej=0 seq=0 elapsed=0 oled=3C
[   7422] STATUS mode=1 fault=none enc=-81 denc=0 sreq=0 sapplied=0 crate=0 uimp=62820 upos=2270 uneg=190 ball=13.36 vball=-1.79 aball=0.0 bref=0.00 pid=0.0 pref=80.6 ppos=80.6 apid=0.0 integ=0.0 vision=1 current=0 vframe=3863 vs=0 vage=166 vpage=3 vdt=34 vmax=266 vacc=3774 vrej=0 seq=0 elapsed=0 oled=3C
[   7452] STATUS mode=1 fault=none enc=-81 denc=0 sreq=0 sapplied=0 crate=0 uimp=62820 upos=2270 uneg=190 ball=13.36 vball=-1.79 aball=0.0 bref=0.00 pid=0.0 pref=80.6 ppos=80.6 apid=0.0 integ=0.0 vision=1 current=0 vframe=3863 vs=0 vage=186 vpage=23 vdt=34 vmax=266 vacc=3774 vrej=0 seq=0 elapsed=0 oled=3C
[   7468] STATUS mode=1 fault=none enc=-81 denc=0 sreq=0 sapplied=0 crate=0 uimp=62820 upos=2270 uneg=190 ball=13.36 vball=-1.79 aball=0.0 bref=0.00 pid=0.0 pref=80.6 ppos=80.6 apid=0.0 integ=0.0 vision=1 current=0 vframe=3875 vs=0 vage=9 vpage=9 vdt=197 vmax=266 vacc=3776 vrej=0 seq=0 elapsed=0 oled=3C
[   7500] STATUS mode=1 fault=none enc=-81 denc=0 sreq=0 sapplied=0 crate=0 uimp=62820 upos=2270 uneg=190 ball=13.36 vball=-1.79 aball=0.0 bref=0.00 pid=0.0 pref=80.6 ppos=80.6 apid=0.0 integ=0.0 vision=1 current=0 vframe=3876 vs=0 vage=49 vpage=16 vdt=197 vmax=266 vacc=3776 vrej=0 seq=0 elapsed=0 oled=3C
[   7500] >>> stream off
[   7516] STATUS mode=1 fault=none enc=-81 denc=0 sreq=0 sapplied=0 crate=0 uimp=62820 upos=2270 uneg=190 ball=13.36 vball=-1.79 aball=0.0 bref=0.00 pid=0.0 pref=80.6 ppos=80.6 apid=0.0 integ=0.0 vision=1 current=0 vframe=3877 vs=0 vage=69 vpage=2 vdt=197 vmax=266 vacc=3776 vrej=0 seq=0 elapsed=0 oled=3C
[   7531] OK stream off
[   7702] STOP_REASON vision_loss
