[      0] >>> bench on
[      0] OK stepper visual-only bench active; command pose preserved
[    186] >>> clear
[    186] OK fault cleared
[    375] >>> diag reset
[    375] OK actuator diagnostics reset
[    561] >>> gain ball 1.2 2.0 0.6 -1
[    577] OK ball gains kp=1.200 ki=2.000 kd=0.600 sign=-1
[    750] >>> gain accel 0.0
[    764] OK ball acceleration gain ka=0.000
[    936] >>> limit rate 800
[    936] OK ball rate limit=800 steps/s
[   1125] >>> stream on 20
[   1125] OK stream on 20 ms
[   1171] STATUS mode=1 fault=none enc=-3 denc=0 sreq=0 sapplied=0 crate=0 uimp=0 upos=0 uneg=0 ball=115.67 vball=0.75 aball=0.0 bref=0.00 pid=0.0 pref=0.0 ppos=0.0 apid=0.0 integ=0.0 vision=1 current=1 vframe=1507 vs=1 vage=9 vpage=9 vdt=23 vmax=178 vacc=1507 vrej=0 seq=0 elapsed=0 oled=3C
[   1186] STATUS mode=1 fault=none enc=-3 denc=0 sreq=0 sapplied=0 crate=0 uimp=0 upos=0 uneg=0 ball=115.67 vball=0.75 aball=0.0 bref=0.00 pid=0.0 pref=0.0 ppos=0.0 apid=0.0 integ=0.0 vision=1 current=1 vframe=1507 vs=1 vage=29 vpage=29 vdt=23 vmax=178 vacc=1507 vrej=0 seq=0 elapsed=0 oled=3C
[   1218] STATUS mode=1 fault=none enc=-3 denc=0 sreq=0 sapplied=0 crate=0 uimp=0 upos=0 uneg=0 ball=115.67 vball=0.41 aball=0.0 bref=0.00 pid=0.0 pref=0.0 ppos=0.0 apid=0.0 integ=0.0 vision=1 current=1 vframe=1508 vs=1 vage=15 vpage=15 vdt=34 vmax=178 vacc=1508 vrej=0 seq=0 elapsed=0 oled=3C
[   1250] STATUS mode=1 fault=none enc=-3 denc=0 sreq=0 sapplied=0 crate=0 uimp=0 upos=0 uneg=0 ball=115.67 vball=0.41 aball=0.0 bref=0.00 pid=0.0 pref=0.0 ppos=0.0 apid=0.0 integ=0.0 vision=1 current=1 vframe=1508 vs=1 vage=35 vpage=35 vdt=34 vmax=178 vacc=1508 vrej=0 seq=0 elapsed=0 oled=3C
[   1264] STATUS mode=1 fault=none enc=-3 denc=0 sreq=0 sapplied=0 crate=0 uimp=0 upos=0 uneg=0 ball=115.67 vball=0.41 aball=0.0 bref=0.00 pid=0.0 pref=0.0 ppos=0.0 apid=0.0 integ=0.0 vision=1 current=1 vframe=1508 vs=1 vage=55 vpage=55 vdt=34 vmax=178 vacc=1508 vrej=0 seq=0 elapsed=0 oled=3C
[   1296] STATUS mode=1 fault=none enc=-3 denc=0 sreq=0 sapplied=0 crate=0 uimp=0 upos=0 uneg=0 ball=115.67 vball=0.41 aball=0.0 bref=0.00 pid=0.0 pref=0.0 ppos=0.0 apid=0.0 integ=0.0 vision=1 current=1 vframe=1508 vs=1 vage=95 vpage=95 vdt=34 vmax=178 vacc=1508 vrej=0 seq=0 elapsed=0 oled=3C
[   1296] >>> ball 0.0
[   1311] STATUS mode=1 fault=none enc=-3 denc=0 sreq=0 sapplied=0 crate=0 uimp=0 upos=0 uneg=0 ball=115.67 vball=0.22 aball=0.0 bref=0.00 pid=0.0 pref=0.0 ppos=0.0 apid=0.0 integ=0.0 vision=1 current=1 vframe=1509 vs=1 vage=18 vpage=18 vdt=97 vmax=178 vacc=1509 vrej=0 seq=0 elapsed=0 oled=3C
[   1343] STATUS mode=3 fault=none enc=0 denc=2 sreq=200 sapplied=200 crate=200 uimp=0 upos=0 uneg=0 ball=115.63 vball=-0.68 aball=0.0 bref=0.00 pid=400.0 pref=1200.0 ppos=0.0 apid=0.0 integ=0.0 vision=1 current=1 vframe=1510 vs=1 vage=17 vpage=17 vdt=21 vmax=178 vacc=1510 vrej=0 seq=0 elapsed=0 oled=3C
[   1375] STATUS mode=3 fault=none enc=9 denc=3 sreq=400 sapplied=400 crate=400 uimp=6500 upos=20 uneg=0 ball=115.63 vball=-0.41 aball=0.0 bref=0.00 pid=400.0 pref=1200.0 ppos=6.5 apid=0.0 integ=0.0 vision=1 current=1 vframe=1511 vs=1 vage=5 vpage=5 vdt=32 vmax=178 vacc=1511 vrej=0 seq=0 elapsed=0 oled=3C
[   1389] STATUS mode=3 fault=none enc=28 denc=2 sreq=400 sapplied=400 crate=400 uimp=22500 upos=60 uneg=0 ball=115.63 vball=-0.41 aball=0.0 bref=0.00 pid=400.0 pref=1200.0 ppos=22.5 apid=0.0 integ=0.0 vision=1 current=1 vframe=1511 vs=1 vage=45 vpage=45 vdt=32 vmax=178 vacc=1511 vrej=0 seq=0 elapsed=0 oled=3C
[   1421] STATUS mode=3 fault=none enc=39 denc=3 sreq=400 sapplied=400 crate=400 uimp=30500 upos=80 uneg=0 ball=115.63 vball=-0.41 aball=0.0 bref=0.00 pid=400.0 pref=1200.0 ppos=30.5 apid=0.0 integ=0.0 vision=1 current=1 vframe=1511 vs=1 vage=65 vpage=65 vdt=32 vmax=178 vacc=1511 vrej=0 seq=0 elapsed=0 oled=3C
[   1452] STATUS mode=3 fault=none enc=49 denc=2 sreq=400 sapplied=400 crate=400 uimp=38500 upos=100 uneg=0 ball=115.63 vball=-0.41 aball=0.0 bref=0.00 pid=400.0 pref=1200.0 ppos=38.5 apid=0.0 integ=0.0 vision=1 current=1 vframe=1511 vs=1 vage=85 vpage=85 vdt=32 vmax=178 vacc=1511 vrej=0 seq=0 elapsed=0 oled=3C
[   1468] STATUS mode=3 fault=none enc=68 denc=2 sreq=400 sapplied=400 crate=400 uimp=54500 upos=140 uneg=0 ball=115.62 vball=-0.23 aball=1.4 bref=0.00 pid=400.0 pref=1200.0 ppos=54.5 apid=0.0 integ=0.0 vision=1 current=1 vframe=1512 vs=1 vage=8 vpage=8 vdt=117 vmax=178 vacc=1512 vrej=0 seq=0 elapsed=0 oled=3C
[   1500] STATUS mode=3 fault=none enc=79 denc=2 sreq=400 sapplied=400 crate=400 uimp=62500 upos=160 uneg=0 ball=115.62 vball=-0.23 aball=1.4 bref=0.00 pid=400.0 pref=1200.0 ppos=62.5 apid=0.0 integ=0.0 vision=1 current=1 vframe=1512 vs=1 vage=28 vpage=28 vdt=117 vmax=178 vacc=1512 vrej=0 seq=0 elapsed=0 oled=3C
[   1530] STATUS mode=3 fault=none enc=89 denc=2 sreq=400 sapplied=400 crate=400 uimp=70500 upos=180 uneg=0 ball=116.33 vball=13.18 aball=1.4 bref=0.00 pid=400.0 pref=1200.0 ppos=70.5 apid=0.0 integ=0.0 vision=1 current=1 vframe=1513 vs=1 vage=15 vpage=15 vdt=33 vmax=178 vacc=1513 vrej=0 seq=0 elapsed=0 oled=3C
[   1546] STATUS mode=3 fault=none enc=109 denc=3 sreq=400 sapplied=400 crate=400 uimp=86500 upos=220 uneg=0 ball=116.33 vball=13.18 aball=1.4 bref=0.00 pid=400.0 pref=1200.0 ppos=86.5 apid=0.0 integ=0.0 vision=1 current=1 vframe=1513 vs=1 vage=55 vpage=55 vdt=33 vmax=178 vacc=1513 vrej=0 seq=0 elapsed=0 oled=3C
[   1577] STATUS mode=3 fault=none enc=119 denc=2 sreq=400 sapplied=400 crate=400 uimp=94500 upos=240 uneg=0 ball=116.33 vball=13.18 aball=1.4 bref=0.00 pid=400.0 pref=1200.0 ppos=94.5 apid=0.0 integ=0.0 vision=1 current=1 vframe=1513 vs=1 vage=75 vpage=75 vdt=33 vmax=178 vacc=1513 vrej=0 seq=0 elapsed=0 oled=3C
[   1608] STATUS mode=3 fault=none enc=130 denc=3 sreq=400 sapplied=400 crate=400 uimp=102500 upos=260 uneg=0 ball=116.33 vball=13.18 aball=1.4 bref=0.00 pid=400.0 pref=1200.0 ppos=102.5 apid=0.0 integ=0.0 vision=1 current=1 vframe=1513 vs=1 vage=95 vpage=95 vdt=33 vmax=178 vacc=1513 vrej=0 seq=0 elapsed=0 oled=3C
[   1639] STATUS mode=3 fault=none enc=149 denc=2 sreq=400 sapplied=400 crate=400 uimp=118500 upos=300 uneg=0 ball=117.14 vball=10.63 aball=41.4 bref=0.00 pid=400.0 pref=1200.0 ppos=118.5 apid=0.0 integ=0.0 vision=1 current=1 vframe=1515 vs=1 vage=13 vpage=13 vdt=10 vmax=178 vacc=1515 vrej=0 seq=0 elapsed=0 oled=3C
[   1655] STATUS mode=3 fault=none enc=160 denc=3 sreq=400 sapplied=400 crate=400 uimp=126500 upos=320 uneg=0 ball=118.30 vball=23.05 aball=41.4 bref=0.00 pid=400.0 pref=1200.0 ppos=126.5 apid=0.0 integ=0.0 vision=1 current=1 vframe=1516 vs=1 vage=3 vpage=3 vdt=30 vmax=178 vacc=1516 vrej=0 seq=0 elapsed=0 oled=3C
[   1686] STATUS mode=3 fault=none enc=169 denc=2 sreq=400 sapplied=400 crate=400 uimp=134500 upos=340 uneg=0 ball=118.30 vball=23.05 aball=41.4 bref=0.00 pid=400.0 pref=1200.0 ppos=134.5 apid=0.0 integ=0.0 vision=1 current=1 vframe=1516 vs=1 vage=23 vpage=23 vdt=30 vmax=178 vacc=1516 vrej=0 seq=0 elapsed=0 oled=3C
[   1718] STATUS mode=3 fault=none enc=189 denc=2 sreq=400 sapplied=400 crate=400 uimp=150500 upos=380 uneg=0 ball=118.39 vball=13.05 aball=41.4 bref=0.00 pid=400.0 pref=1200.0 ppos=150.5 apid=0.0 integ=0.0 vision=1 current=1 vframe=1517 vs=1 vage=30 vpage=30 vdt=33 vmax=178 vacc=1517 vrej=0 seq=0 elapsed=0 oled=3C
[   1733] STATUS mode=3 fault=none enc=199 denc=2 sreq=400 sapplied=400 crate=400 uimp=158500 upos=400 uneg=0 ball=118.39 vball=13.05 aball=41.4 bref=0.00 pid=400.0 pref=1200.0 ppos=158.5 apid=0.0 integ=0.0 vision=1 current=1 vframe=1517 vs=1 vage=50 vpage=50 vdt=33 vmax=178 vacc=1517 vrej=0 seq=0 elapsed=0 oled=3C
[   1764] STATUS mode=3 fault=none enc=210 denc=4 sreq=400 sapplied=400 crate=400 uimp=166500 upos=420 uneg=0 ball=118.39 vball=13.05 aball=41.4 bref=0.00 pid=400.0 pref=1200.0 ppos=166.5 apid=0.0 integ=0.0 vision=1 current=1 vframe=1517 vs=1 vage=70 vpage=70 vdt=33 vmax=178 vacc=1517 vrej=0 seq=0 elapsed=0 oled=3C
[   1796] STATUS mode=3 fault=none enc=229 denc=3 sreq=400 sapplied=400 crate=400 uimp=182500 upos=460 uneg=0 ball=118.78 vball=8.05 aball=10.4 bref=0.00 pid=400.0 pref=1200.0 ppos=182.5 apid=0.0 integ=0.0 vision=1 current=1 vframe=1518 vs=1 vage=8 vpage=8 vdt=102 vmax=178 vacc=1518 vrej=0 seq=0 elapsed=0 oled=3C
[   1827] STATUS mode=3 fault=none enc=240 denc=3 sreq=400 sapplied=400 crate=400 uimp=190500 upos=480 uneg=0 ball=118.78 vball=8.05 aball=10.4 bref=0.00 pid=400.0 pref=1200.0 ppos=190.5 apid=0.0 integ=0.0 vision=1 current=1 vframe=1518 vs=1 vage=28 vpage=28 vdt=102 vmax=178 vacc=1518 vrej=0 seq=0 elapsed=0 oled=3C
[   1843] STATUS mode=3 fault=none enc=251 denc=3 sreq=400 sapplied=400 crate=400 uimp=198500 upos=500 uneg=0 ball=119.13 vball=9.68 aball=10.4 bref=0.00 pid=400.0 pref=1200.0 ppos=198.5 apid=0.0 integ=0.0 vision=1 current=1 vframe=1519 vs=1 vage=19 vpage=19 vdt=29 vmax=178 vacc=1519 vrej=0 seq=0 elapsed=0 oled=3C
[   1875] STATUS mode=3 fault=none enc=270 denc=2 sreq=400 sapplied=400 crate=400 uimp=214500 upos=540 uneg=0 ball=119.61 vball=11.46 aball=10.4 bref=0.00 pid=400.0 pref=1200.0 ppos=214.5 apid=0.0 integ=0.0 vision=1 current=1 vframe=1520 vs=1 vage=25 vpage=25 vdt=34 vmax=178 vacc=1520 vrej=0 seq=0 elapsed=0 oled=3C
[   1905] STATUS mode=3 fault=none enc=281 denc=3 sreq=400 sapplied=400 crate=400 uimp=222500 upos=560 uneg=0 ball=119.61 vball=11.46 aball=10.4 bref=0.00 pid=400.0 pref=1200.0 ppos=222.5 apid=0.0 integ=0.0 vision=1 current=1 vframe=1520 vs=1 vage=45 vpage=45 vdt=34 vmax=178 vacc=1520 vrej=0 seq=0 elapsed=0 oled=3C
[   1921] STATUS mode=3 fault=none enc=291 denc=2 sreq=400 sapplied=400 crate=400 uimp=230500 upos=580 uneg=0 ball=119.61 vball=11.46 aball=10.4 bref=0.00 pid=400.0 pref=1200.0 ppos=230.5 apid=0.0 integ=0.0 vision=1 current=1 vframe=1520 vs=1 vage=65 vpage=65 vdt=34 vmax=178 vacc=1520 vrej=0 seq=0 elapsed=0 oled=3C
[   1952] STATUS mode=3 fault=none enc=312 denc=3 sreq=400 sapplied=400 crate=400 uimp=246500 upos=620 uneg=0 ball=119.79 vball=6.80 aball=2.3 bref=0.00 pid=400.0 pref=1200.0 ppos=246.5 apid=0.0 integ=0.0 vision=1 current=1 vframe=1521 vs=1 vage=5 vpage=5 vdt=100 vmax=178 vacc=1521 vrej=0 seq=0 elapsed=0 oled=3C
[   1983] STATUS mode=3 fault=none enc=322 denc=3 sreq=400 sapplied=400 crate=400 uimp=254500 upos=640 uneg=0 ball=119.79 vball=6.80 aball=2.3 bref=0.00 pid=400.0 pref=1200.0 ppos=254.5 apid=0.0 integ=0.0 vision=1 current=1 vframe=1521 vs=1 vage=25 vpage=25 vdt=100 vmax=178 vacc=1521 vrej=0 seq=0 elapsed=0 oled=3C
[   2000] STATUS mode=3 fault=none enc=333 denc=3 sreq=400 sapplied=400 crate=400 uimp=262500 upos=660 uneg=0 ball=119.82 vball=4.23 aball=2.3 bref=0.00 pid=400.0 pref=1200.0 ppos=262.5 apid=0.0 integ=0.0 vision=1 current=1 vframe=1522 vs=1 vage=12 vpage=12 vdt=33 vmax=178 vacc=1522 vrej=0 seq=0 elapsed=0 oled=3C
[   2030] STATUS mode=3 fault=none enc=352 denc=2 sreq=400 sapplied=400 crate=400 uimp=278500 upos=700 uneg=0 ball=120.13 vball=7.10 aball=2.3 bref=0.00 pid=400.0 pref=1200.0 ppos=278.5 apid=0.0 integ=0.0 vision=1 current=1 vframe=1523 vs=1 vage=18 vpage=18 vdt=34 vmax=178 vacc=1523 vrej=0 seq=0 elapsed=0 oled=3C
[   2061] STATUS mode=3 fault=none enc=363 denc=3 sreq=400 sapplied=400 crate=400 uimp=286500 upos=720 uneg=0 ball=120.13 vball=7.10 aball=2.3 bref=0.00 pid=400.0 pref=1200.0 ppos=286.5 apid=0.0 integ=0.0 vision=1 current=1 vframe=1523 vs=1 vage=38 vpage=38 vdt=34 vmax=178 vacc=1523 vrej=0 seq=0 elapsed=0 oled=3C
[   2093] STATUS mode=3 fault=none enc=373 denc=2 sreq=400 sapplied=400 crate=400 uimp=294500 upos=740 uneg=0 ball=120.13 vball=7.10 aball=2.3 bref=0.00 pid=400.0 pref=1200.0 ppos=294.5 apid=0.0 integ=0.0 vision=1 current=1 vframe=1523 vs=1 vage=58 vpage=58 vdt=34 vmax=178 vacc=1523 vrej=0 seq=0 elapsed=0 oled=3C
[   2108] STATUS mode=3 fault=none enc=393 denc=2 sreq=400 sapplied=400 crate=400 uimp=310500 upos=780 uneg=0 ball=119.61 vball=2.46 aball=2.3 bref=0.00 pid=400.0 pref=1200.0 ppos=310.5 apid=0.0 integ=0.0 vision=1 current=1 vframe=1524 vs=1 vage=3 vpage=3 vdt=95 vmax=178 vacc=1524 vrej=0 seq=0 elapsed=0 oled=3C
[   2139] STATUS mode=3 fault=none enc=404 denc=3 sreq=400 sapplied=400 crate=400 uimp=318500 upos=800 uneg=0 ball=119.61 vball=2.46 aball=-10.8 bref=0.00 pid=400.0 pref=1200.0 ppos=318.5 apid=-0.0 integ=0.0 vision=1 current=1 vframe=1524 vs=1 vage=23 vpage=23 vdt=95 vmax=178 vacc=1524 vrej=0 seq=0 elapsed=0 oled=3C
[   2171] STATUS mode=3 fault=none enc=414 denc=3 sreq=400 sapplied=400 crate=400 uimp=326500 upos=820 uneg=0 ball=117.73 vball=-37.18 aball=-10.8 bref=0.00 pid=400.0 pref=1200.0 ppos=326.5 apid=-0.0 integ=0.0 vision=1 current=1 vframe=1525 vs=1 vage=18 vpage=18 vdt=25 vmax=178 vacc=1525 vrej=0 seq=0 elapsed=0 oled=3C
[   2186] STATUS mode=3 fault=none enc=434 denc=3 sreq=400 sapplied=400 crate=400 uimp=342500 upos=860 uneg=0 ball=117.07 vball=-28.91 aball=-10.8 bref=0.00 pid=400.0 pref=1200.0 ppos=342.5 apid=-0.0 integ=0.0 vision=1 current=1 vframe=1526 vs=1 vage=28 vpage=28 vdt=30 vmax=178 vacc=1526 vrej=0 seq=0 elapsed=0 oled=3C
[   2218] STATUS mode=3 fault=none enc=444 denc=2 sreq=400 sapplied=400 crate=400 uimp=350500 upos=880 uneg=0 ball=117.07 vball=-28.91 aball=-10.8 bref=0.00 pid=400.0 pref=1200.0 ppos=350.5 apid=-0.0 integ=0.0 vision=1 current=1 vframe=1526 vs=1 vage=48 vpage=48 vdt=30 vmax=178 vacc=1526 vrej=0 seq=0 elapsed=0 oled=3C
[   2250] STATUS mode=3 fault=none enc=455 denc=3 sreq=400 sapplied=400 crate=400 uimp=358500 upos=900 uneg=0 ball=117.07 vball=-28.91 aball=-10.8 bref=0.00 pid=400.0 pref=1200.0 ppos=358.5 apid=-0.0 integ=0.0 vision=1 current=1 vframe=1526 vs=1 vage=68 vpage=68 vdt=30 vmax=178 vacc=1526 vrej=0 seq=0 elapsed=0 oled=3C
[   2280] STATUS mode=3 fault=none enc=474 denc=2 sreq=400 sapplied=400 crate=400 uimp=374500 upos=940 uneg=0 ball=115.49 vball=-25.47 aball=-10.8 bref=0.00 pid=400.0 pref=1200.0 ppos=374.5 apid=-0.0 integ=0.0 vision=1 current=1 vframe=1527 vs=1 vage=4 vpage=4 vdt=104 vmax=178 vacc=1527 vrej=0 seq=0 elapsed=0 oled=3C
[   2296] STATUS mode=3 fault=none enc=485 denc=3 sreq=400 sapplied=400 crate=400 uimp=382500 upos=960 uneg=0 ball=115.49 vball=-25.47 aball=-85.0 bref=0.00 pid=400.0 pref=1200.0 ppos=382.5 apid=-0.0 integ=0.0 vision=1 current=1 vframe=1527 vs=1 vage=24 vpage=24 vdt=104 vmax=178 vacc=1527 vrej=0 seq=0 elapsed=0 oled=3C
[   2327] STATUS mode=3 fault=none enc=495 denc=2 sreq=400 sapplied=400 crate=400 uimp=390500 upos=980 uneg=0 ball=112.47 vball=-58.06 aball=-85.0 bref=0.00 pid=400.0 pref=1200.0 ppos=390.5 apid=-0.0 integ=0.0 vision=1 current=1 vframe=1528 vs=1 vage=12 vpage=12 vdt=32 vmax=178 vacc=1528 vrej=0 seq=0 elapsed=0 oled=3C
[   2358] STATUS mode=3 fault=none enc=515 denc=3 sreq=400 sapplied=400 crate=400 uimp=406500 upos=1020 uneg=0 ball=110.48 vball=-59.13 aball=-85.0 bref=0.00 pid=400.0 pref=1200.0 ppos=406.5 apid=-0.0 integ=0.0 vision=1 current=1 vframe=1529 vs=1 vage=19 vpage=19 vdt=33 vmax=178 vacc=1529 vrej=0 seq=0 elapsed=0 oled=3C
[   2389] STATUS mode=3 fault=none enc=525 denc=3 sreq=400 sapplied=400 crate=400 uimp=414500 upos=1040 uneg=0 ball=110.48 vball=-59.13 aball=-85.0 bref=0.00 pid=400.0 pref=1200.0 ppos=414.5 apid=-0.0 integ=0.0 vision=1 current=1 vframe=1529 vs=1 vage=39 vpage=39 vdt=33 vmax=178 vacc=1529 vrej=0 seq=0 elapsed=0 oled=3C
[   2405] STATUS mode=3 fault=none enc=535 denc=3 sreq=400 sapplied=400 crate=400 uimp=422500 upos=1060 uneg=0 ball=110.48 vball=-59.13 aball=-85.0 bref=0.00 pid=400.0 pref=1200.0 ppos=422.5 apid=-0.0 integ=0.0 vision=1 current=1 vframe=1529 vs=1 vage=59 vpage=59 vdt=33 vmax=178 vacc=1529 vrej=0 seq=0 elapsed=0 oled=3C
[   2436] STATUS mode=3 fault=none enc=554 denc=2 sreq=400 sapplied=400 crate=400 uimp=438500 upos=1100 uneg=0 ball=110.48 vball=-59.13 aball=-85.0 bref=0.00 pid=400.0 pref=1200.0 ppos=438.5 apid=-0.0 integ=0.0 vision=1 current=0 vframe=1530 vs=0 vage=99 vpage=1 vdt=33 vmax=178 vacc=1529 vrej=0 seq=0 elapsed=0 oled=3C
[   2468] STATUS mode=3 fault=none enc=565 denc=3 sreq=400 sapplied=400 crate=400 uimp=446500 upos=1120 uneg=0 ball=110.48 vball=-59.13 aball=-85.0 bref=0.00 pid=400.0 pref=1200.0 ppos=446.5 apid=-0.0 integ=0.0 vision=1 current=0 vframe=1530 vs=0 vage=119 vpage=21 vdt=33 vmax=178 vacc=1529 vrej=0 seq=0 elapsed=0 oled=3C
[   2483] STATUS mode=3 fault=none enc=585 denc=2 sreq=0 sapplied=0 crate=0 uimp=462500 upos=1160 uneg=0 ball=110.48 vball=-59.13 aball=-85.0 bref=0.00 pid=400.0 pref=462.5 ppos=462.5 apid=-0.0 integ=0.0 vision=1 current=0 vframe=1531 vs=0 vage=159 vpage=29 vdt=33 vmax=178 vacc=1529 vrej=0 seq=0 elapsed=0 oled=3C
[   2514] STATUS mode=3 fault=none enc=586 denc=0 sreq=0 sapplied=0 crate=0 uimp=462500 upos=1160 uneg=0 ball=110.48 vball=-59.13 aball=-85.0 bref=0.00 pid=400.0 pref=462.5 ppos=462.5 apid=-0.0 integ=0.0 vision=1 current=0 vframe=1532 vs=0 vage=179 vpage=15 vdt=33 vmax=178 vacc=1529 vrej=0 seq=0 elapsed=0 oled=3C
[   2546] STATUS mode=3 fault=none enc=586 denc=0 sreq=0 sapplied=0 crate=0 uimp=462500 upos=1160 uneg=0 ball=110.48 vball=-59.13 aball=-85.0 bref=0.00 pid=400.0 pref=462.5 ppos=462.5 apid=-0.0 integ=0.0 vision=1 current=0 vframe=1532 vs=0 vage=199 vpage=35 vdt=33 vmax=178 vacc=1529 vrej=0 seq=0 elapsed=0 oled=3C
[   2577] STATUS mode=3 fault=none enc=586 denc=0 sreq=0 sapplied=0 crate=0 uimp=462500 upos=1160 uneg=0 ball=110.48 vball=-59.13 aball=-85.0 bref=0.00 pid=400.0 pref=462.5 ppos=462.5 apid=-0.0 integ=0.0 vision=1 current=0 vframe=1532 vs=0 vage=219 vpage=55 vdt=33 vmax=178 vacc=1529 vrej=0 seq=0 elapsed=0 oled=3C
[   2593] STATUS mode=3 fault=none enc=586 denc=0 sreq=0 sapplied=0 crate=0 uimp=462500 upos=1160 uneg=0 ball=110.48 vball=-59.13 aball=-85.0 bref=0.00 pid=400.0 pref=462.5 ppos=462.5 apid=-0.0 integ=0.0 vision=1 current=0 vframe=1532 vs=0 vage=259 vpage=95 vdt=33 vmax=178 vacc=1529 vrej=0 seq=0 elapsed=0 oled=3C
[   2625] STATUS mode=3 fault=none enc=586 denc=0 sreq=0 sapplied=0 crate=0 uimp=462500 upos=1160 uneg=0 ball=110.48 vball=-59.13 aball=-85.0 bref=0.00 pid=400.0 pref=462.5 ppos=462.5 apid=-0.0 integ=0.0 vision=1 current=0 vframe=1533 vs=0 vage=279 vpage=16 vdt=33 vmax=178 vacc=1529 vrej=0 seq=0 elapsed=0 oled=3C
[   2655] STATUS mode=3 fault=none enc=586 denc=0 sreq=0 sapplied=0 crate=0 uimp=462500 upos=1160 uneg=0 ball=110.48 vball=-59.13 aball=-85.0 bref=0.00 pid=400.0 pref=462.5 ppos=462.5 apid=-0.0 integ=0.0 vision=1 current=0 vframe=1534 vs=0 vage=299 vpage=17 vdt=33 vmax=178 vacc=1529 vrej=0 seq=0 elapsed=0 oled=3C
[   2671] STATUS mode=3 fault=none enc=586 denc=0 sreq=0 sapplied=0 crate=0 uimp=462500 upos=1160 uneg=0 ball=110.48 vball=-59.13 aball=-85.0 bref=0.00 pid=400.0 pref=462.5 ppos=462.5 apid=-0.0 integ=0.0 vision=1 current=0 vframe=1535 vs=0 vage=339 vpage=24 vdt=33 vmax=178 vacc=1529 vrej=0 seq=0 elapsed=0 oled=3C
[   2702] STATUS mode=3 fault=none enc=586 denc=0 sreq=0 sapplied=0 crate=0 uimp=462500 upos=1160 uneg=0 ball=110.48 vball=-59.13 aball=-85.0 bref=0.00 pid=400.0 pref=462.5 ppos=462.5 apid=-0.0 integ=0.0 vision=1 current=0 vframe=1535 vs=0 vage=359 vpage=44 vdt=33 vmax=178 vacc=1529 vrej=0 seq=0 elapsed=0 oled=3C
[   2733] STATUS mode=3 fault=none enc=586 denc=0 sreq=0 sapplied=0 crate=0 uimp=462500 upos=1160 uneg=0 ball=110.48 vball=-59.13 aball=-85.0 bref=0.00 pid=400.0 pref=462.5 ppos=462.5 apid=-0.0 integ=0.0 vision=1 current=0 vframe=1535 vs=0 vage=379 vpage=64 vdt=33 vmax=178 vacc=1529 vrej=0 seq=0 elapsed=0 oled=3C
[   2750] STATUS mode=3 fault=none enc=586 denc=0 sreq=0 sapplied=0 crate=0 uimp=462500 upos=1160 uneg=0 ball=110.48 vball=-59.13 aball=-85.0 bref=0.00 pid=400.0 pref=462.5 ppos=462.5 apid=-0.0 integ=0.0 vision=1 current=0 vframe=1535 vs=0 vage=419 vpage=104 vdt=33 vmax=178 vacc=1529 vrej=0 seq=0 elapsed=0 oled=3C
[   2780] STATUS mode=3 fault=none enc=586 denc=0 sreq=0 sapplied=0 crate=0 uimp=462500 upos=1160 uneg=0 ball=110.48 vball=-59.13 aball=-85.0 bref=0.00 pid=400.0 pref=462.5 ppos=462.5 apid=-0.0 integ=0.0 vision=1 current=0 vframe=1535 vs=0 vage=439 vpage=124 vdt=33 vmax=178 vacc=1529 vrej=0 seq=0 elapsed=0 oled=3C
[   2811] STATUS mode=3 fault=none enc=586 denc=0 sreq=0 sapplied=0 crate=0 uimp=462500 upos=1160 uneg=0 ball=110.48 vball=-59.13 aball=-85.0 bref=0.00 pid=400.0 pref=462.5 ppos=462.5 apid=-0.0 integ=0.0 vision=1 current=0 vframe=1536 vs=0 vage=459 vpage=1 vdt=33 vmax=178 vacc=1529 vrej=0 seq=0 elapsed=0 oled=3C
[   2843] STATUS mode=3 fault=none enc=586 denc=0 sreq=0 sapplied=0 crate=0 uimp=462500 upos=1160 uneg=0 ball=110.48 vball=-59.13 aball=-85.0 bref=0.00 pid=400.0 pref=462.5 ppos=462.5 apid=-0.0 integ=0.0 vision=1 current=0 vframe=1537 vs=0 vage=499 vpage=15 vdt=33 vmax=178 vacc=1529 vrej=0 seq=0 elapsed=0 oled=3C
[   2858] STATUS mode=3 fault=none enc=586 denc=0 sreq=0 sapplied=0 crate=0 uimp=462500 upos=1160 uneg=0 ball=110.48 vball=-59.13 aball=-85.0 bref=0.00 pid=400.0 pref=462.5 ppos=462.5 apid=-0.0 integ=0.0 vision=1 current=0 vframe=1539 vs=0 vage=519 vpage=4 vdt=33 vmax=178 vacc=1529 vrej=0 seq=0 elapsed=0 oled=3C
[   2889] STATUS mode=3 fault=none enc=586 denc=0 sreq=0 sapplied=0 crate=0 uimp=462500 upos=1160 uneg=0 ball=110.48 vball=-59.13 aball=-85.0 bref=0.00 pid=400.0 pref=462.5 ppos=462.5 apid=-0.0 integ=0.0 vision=1 current=0 vframe=1539 vs=0 vage=539 vpage=24 vdt=33 vmax=178 vacc=1529 vrej=0 seq=0 elapsed=0 oled=3C
[   2921] STATUS mode=3 fault=none enc=586 denc=0 sreq=0 sapplied=0 crate=0 uimp=462500 upos=1160 uneg=0 ball=110.48 vball=-59.13 aball=-85.0 bref=0.00 pid=400.0 pref=462.5 ppos=462.5 apid=-0.0 integ=0.0 vision=1 current=0 vframe=1539 vs=0 vage=579 vpage=64 vdt=33 vmax=178 vacc=1529 vrej=0 seq=0 elapsed=0 oled=3C
[   2936] STATUS mode=3 fault=none enc=586 denc=0 sreq=0 sapplied=0 crate=0 uimp=462500 upos=1160 uneg=0 ball=110.48 vball=-59.13 aball=-85.0 bref=0.00 pid=400.0 pref=462.5 ppos=462.5 apid=-0.0 integ=0.0 vision=1 current=0 vframe=1539 vs=0 vage=599 vpage=84 vdt=33 vmax=178 vacc=1529 vrej=0 seq=0 elapsed=0 oled=3C
[   2968] STATUS mode=3 fault=none enc=586 denc=0 sreq=0 sapplied=0 crate=0 uimp=462500 upos=1160 uneg=0 ball=110.48 vball=-59.13 aball=-85.0 bref=0.00 pid=400.0 pref=462.5 ppos=462.5 apid=-0.0 integ=0.0 vision=1 current=0 vframe=1539 vs=0 vage=619 vpage=104 vdt=33 vmax=178 vacc=1529 vrej=0 seq=0 elapsed=0 oled=3C
[   3000] STATUS mode=3 fault=none enc=586 denc=0 sreq=0 sapplied=0 crate=0 uimp=462500 upos=1160 uneg=0 ball=110.48 vball=-59.13 aball=-85.0 bref=0.00 pid=400.0 pref=462.5 ppos=462.5 apid=-0.0 integ=0.0 vision=1 current=0 vframe=1542 vs=0 vage=659 vpage=12 vdt=33 vmax=178 vacc=1529 vrej=0 seq=0 elapsed=0 oled=3C
[   3014] STATUS mode=3 fault=none enc=586 denc=0 sreq=0 sapplied=0 crate=0 uimp=462500 upos=1160 uneg=0 ball=110.48 vball=-59.13 aball=-85.0 bref=0.00 pid=400.0 pref=462.5 ppos=462.5 apid=-0.0 integ=0.0 vision=1 current=0 vframe=1542 vs=0 vage=679 vpage=32 vdt=33 vmax=178 vacc=1529 vrej=0 seq=0 elapsed=0 oled=3C
[   3046] STATUS mode=3 fault=none enc=586 denc=0 sreq=0 sapplied=0 crate=0 uimp=462500 upos=1160 uneg=0 ball=110.48 vball=-59.13 aball=-85.0 bref=0.00 pid=400.0 pref=462.5 ppos=462.5 apid=-0.0 integ=0.0 vision=1 current=0 vframe=1543 vs=0 vage=699 vpage=19 vdt=33 vmax=178 vacc=1529 vrej=0 seq=0 elapsed=0 oled=3C
[   3077] STATUS mode=3 fault=none enc=586 denc=0 sreq=0 sapplied=0 crate=0 uimp=462500 upos=1160 uneg=0 ball=110.48 vball=-59.13 aball=-85.0 bref=0.00 pid=400.0 pref=462.5 ppos=462.5 apid=-0.0 integ=0.0 vision=1 current=0 vframe=1543 vs=0 vage=739 vpage=59 vdt=33 vmax=178 vacc=1529 vrej=0 seq=0 elapsed=0 oled=3C
[   3108] STATUS mode=3 fault=none enc=586 denc=0 sreq=0 sapplied=0 crate=0 uimp=462500 upos=1160 uneg=0 ball=110.48 vball=-59.13 aball=-85.0 bref=0.00 pid=400.0 pref=462.5 ppos=462.5 apid=-0.0 integ=0.0 vision=1 current=0 vframe=1543 vs=0 vage=759 vpage=79 vdt=33 vmax=178 vacc=1529 vrej=0 seq=0 elapsed=0 oled=3C
[   3125] STATUS mode=3 fault=none enc=586 denc=0 sreq=0 sapplied=0 crate=0 uimp=462500 upos=1160 uneg=0 ball=110.48 vball=-59.13 aball=-85.0 bref=0.00 pid=400.0 pref=462.5 ppos=462.5 apid=-0.0 integ=0.0 vision=1 current=0 vframe=1544 vs=0 vage=779 vpage=5 vdt=33 vmax=178 vacc=1529 vrej=0 seq=0 elapsed=0 oled=3C
[   3155] STATUS mode=3 fault=none enc=586 denc=0 sreq=0 sapplied=0 crate=0 uimp=462500 upos=1160 uneg=0 ball=110.48 vball=-59.13 aball=-85.0 bref=0.00 pid=400.0 pref=462.5 ppos=462.5 apid=-0.0 integ=0.0 vision=1 current=0 vframe=1545 vs=0 vage=819 vpage=24 vdt=33 vmax=178 vacc=1529 vrej=0 seq=0 elapsed=0 oled=3C
[   3186] STATUS mode=3 fault=none enc=586 denc=0 sreq=0 sapplied=0 crate=0 uimp=462500 upos=1160 uneg=0 ball=110.48 vball=-59.13 aball=-85.0 bref=0.00 pid=400.0 pref=462.5 ppos=462.5 apid=-0.0 integ=0.0 vision=1 current=0 vframe=1546 vs=0 vage=839 vpage=9 vdt=33 vmax=178 vacc=1529 vrej=0 seq=0 elapsed=0 oled=3C
[   3202] STATUS mode=3 fault=none enc=586 denc=0 sreq=0 sapplied=0 crate=0 uimp=462500 upos=1160 uneg=0 ball=110.48 vball=-59.13 aball=-85.0 bref=0.00 pid=400.0 pref=462.5 ppos=462.5 apid=-0.0 integ=0.0 vision=1 current=0 vframe=1546 vs=0 vage=859 vpage=29 vdt=33 vmax=178 vacc=1529 vrej=0 seq=0 elapsed=0 oled=3C
[   3233] STATUS mode=3 fault=none enc=586 denc=0 sreq=0 sapplied=0 crate=0 uimp=462500 upos=1160 uneg=0 ball=110.48 vball=-59.13 aball=-85.0 bref=0.00 pid=400.0 pref=462.5 ppos=462.5 apid=-0.0 integ=0.0 vision=1 current=0 vframe=1546 vs=0 vage=899 vpage=69 vdt=33 vmax=178 vacc=1529 vrej=0 seq=0 elapsed=0 oled=3C
[   3264] STATUS mode=3 fault=none enc=586 denc=0 sreq=0 sapplied=0 crate=0 uimp=462500 upos=1160 uneg=0 ball=110.48 vball=-59.13 aball=-85.0 bref=0.00 pid=400.0 pref=462.5 ppos=462.5 apid=-0.0 integ=0.0 vision=1 current=0 vframe=1546 vs=0 vage=919 vpage=89 vdt=33 vmax=178 vacc=1529 vrej=0 seq=0 elapsed=0 oled=3C
[   3280] STATUS mode=3 fault=none enc=586 denc=0 sreq=0 sapplied=0 crate=0 uimp=462500 upos=1160 uneg=0 ball=110.48 vball=-59.13 aball=-85.0 bref=0.00 pid=400.0 pref=462.5 ppos=462.5 apid=-0.0 integ=0.0 vision=1 current=0 vframe=1547 vs=0 vage=939 vpage=10 vdt=33 vmax=178 vacc=1529 vrej=0 seq=0 elapsed=0 oled=3C
[   3311] STATUS mode=3 fault=none enc=586 denc=0 sreq=0 sapplied=0 crate=0 uimp=462500 upos=1160 uneg=0 ball=110.48 vball=-59.13 aball=-85.0 bref=0.00 pid=400.0 pref=462.5 ppos=462.5 apid=-0.0 integ=0.0 vision=1 current=0 vframe=1548 vs=0 vage=979 vpage=16 vdt=33 vmax=178 vacc=1529 vrej=0 seq=0 elapsed=0 oled=3C
[   3343] STATUS mode=3 fault=none enc=586 denc=0 sreq=0 sapplied=0 crate=0 uimp=462500 upos=1160 uneg=0 ball=110.48 vball=-59.13 aball=-85.0 bref=0.00 pid=400.0 pref=462.5 ppos=462.5 apid=-0.0 integ=0.0 vision=1 current=0 vframe=1549 vs=0 vage=999 vpage=4 vdt=33 vmax=178 vacc=1529 vrej=0 seq=0 elapsed=0 oled=3C
[   3375] STATUS mode=3 fault=none enc=586 denc=0 sreq=0 sapplied=0 crate=0 uimp=462500 upos=1160 uneg=0 ball=110.48 vball=-59.13 aball=-85.0 bref=0.00 pid=400.0 pref=462.5 ppos=462.5 apid=-0.0 integ=0.0 vision=1 current=0 vframe=1549 vs=0 vage=1019 vpage=24 vdt=33 vmax=178 vacc=1529 vrej=0 seq=0 elapsed=0 oled=3C
[   3389] STATUS mode=3 fault=none enc=586 denc=0 sreq=0 sapplied=0 crate=0 uimp=462500 upos=1160 uneg=0 ball=110.48 vball=-59.13 aball=-85.0 bref=0.00 pid=400.0 pref=462.5 ppos=462.5 apid=-0.0 integ=0.0 vision=1 current=0 vframe=1549 vs=0 vage=1059 vpage=64 vdt=33 vmax=178 vacc=1529 vrej=0 seq=0 elapsed=0 oled=3C
[   3421] STATUS mode=3 fault=none enc=586 denc=0 sreq=0 sapplied=0 crate=0 uimp=462500 upos=1160 uneg=0 ball=110.48 vball=-59.13 aball=-85.0 bref=0.00 pid=400.0 pref=462.5 ppos=462.5 apid=-0.0 integ=0.0 vision=1 current=0 vframe=1549 vs=0 vage=1079 vpage=84 vdt=33 vmax=178 vacc=1529 vrej=0 seq=0 elapsed=0 oled=3C
[   3452] STATUS mode=3 fault=none enc=586 denc=0 sreq=0 sapplied=0 crate=0 uimp=462500 upos=1160 uneg=0 ball=110.48 vball=-59.13 aball=-85.0 bref=0.00 pid=400.0 pref=462.5 ppos=462.5 apid=-0.0 integ=0.0 vision=1 current=0 vframe=1550 vs=0 vage=1099 vpage=8 vdt=33 vmax=178 vacc=1529 vrej=0 seq=0 elapsed=0 oled=3C
[   3468] STATUS mode=3 fault=none enc=589 denc=3 sreq=400 sapplied=400 crate=400 uimp=465500 upos=1175 uneg=0 ball=106.93 vball=-49.14 aball=0.0 bref=0.00 pid=400.0 pref=1200.0 ppos=465.5 apid=0.0 integ=0.0 vision=1 current=1 vframe=1551 vs=1 vage=24 vpage=24 vdt=1115 vmax=1115 vacc=1530 vrej=0 seq=0 elapsed=0 oled=3C
[   3500] STATUS mode=3 fault=none enc=598 denc=2 sreq=400 sapplied=400 crate=400 uimp=473500 upos=1195 uneg=0 ball=-125.00 vball=0.00 aball=0.0 bref=0.00 pid=400.0 pref=1200.0 ppos=473.5 apid=0.0 integ=0.0 vision=1 current=1 vframe=1552 vs=1 vage=12 vpage=12 vdt=32 vmax=1115 vacc=1531 vrej=0 seq=0 elapsed=0 oled=3C
[   3530] STATUS mode=3 fault=none enc=609 denc=3 sreq=400 sapplied=400 crate=400 uimp=481500 upos=1215 uneg=0 ball=-125.00 vball=0.00 aball=0.0 bref=0.00 pid=400.0 pref=1200.0 ppos=481.5 apid=0.0 integ=0.0 vision=1 current=1 vframe=1552 vs=1 vage=32 vpage=32 vdt=32 vmax=1115 vacc=1531 vrej=0 seq=0 elapsed=0 oled=3C
[   3530] >>> stop
[   3561] STATUS mode=3 fault=none enc=628 denc=3 sreq=400 sapplied=400 crate=400 uimp=497500 upos=1255 uneg=0 ball=-125.00 vball=0.00 aball=0.0 bref=0.00 pid=400.0 pref=1200.0 ppos=497.5 apid=0.0 integ=0.0 vision=1 current=1 vframe=1552 vs=1 vage=72 vpage=72 vdt=32 vmax=1115 vacc=1531 vrej=0 seq=0 elapsed=0 oled=3C
[   3577] STATUS mode=1 fault=none enc=625 denc=-3 sreq=0 sapplied=0 crate=0 uimp=499500 upos=1260 uneg=0 ball=-125.00 vball=0.00 aball=0.0 bref=0.00 pid=0.0 pref=499.5 ppos=499.5 apid=0.0 integ=0.0 vision=1 current=1 vframe=1552 vs=1 vage=92 vpage=92 vdt=32 vmax=1115 vacc=1531 vrej=0 seq=0 elapsed=0 oled=3C
[   3608] STATUS mode=1 fault=none enc=604 denc=-6 sreq=0 sapplied=0 crate=0 uimp=499500 upos=1260 uneg=0 ball=-125.00 vball=0.00 aball=0.0 bref=0.00 pid=0.0 pref=499.5 ppos=499.5 apid=0.0 integ=0.0 vision=1 current=1 vframe=1553 vs=1 vage=9 vpage=9 vdt=103 vmax=1115 vacc=1532 vrej=0 seq=0 elapsed=0 oled=3C
[   3639] STATUS mode=1 fault=none enc=600 denc=-1 sreq=0 sapplied=0 crate=0 uimp=499500 upos=1260 uneg=0 ball=-125.00 vball=0.00 aball=0.0 bref=0.00 pid=0.0 pref=499.5 ppos=499.5 apid=0.0 integ=0.0 vision=1 current=1 vframe=1554 vs=1 vage=28 vpage=28 vdt=21 vmax=1115 vacc=1533 vrej=0 seq=0 elapsed=0 oled=3C
[   3655] STATUS mode=1 fault=none enc=600 denc=-1 sreq=0 sapplied=0 crate=0 uimp=499500 upos=1260 uneg=0 ball=-125.00 vball=0.00 aball=0.0 bref=0.00 pid=0.0 pref=499.5 ppos=499.5 apid=0.0 integ=0.0 vision=1 current=1 vframe=1555 vs=1 vage=20 vpage=20 vdt=28 vmax=1115 vacc=1534 vrej=0 seq=0 elapsed=0 oled=3C
[   3686] STATUS mode=1 fault=none enc=600 denc=0 sreq=0 sapplied=0 crate=0 uimp=499500 upos=1260 uneg=0 ball=-125.00 vball=0.00 aball=0.0 bref=0.00 pid=0.0 pref=499.5 ppos=499.5 apid=0.0 integ=0.0 vision=1 current=1 vframe=1555 vs=1 vage=40 vpage=40 vdt=28 vmax=1115 vacc=1534 vrej=0 seq=0 elapsed=0 oled=3C
[   3718] STATUS mode=1 fault=none enc=600 denc=0 sreq=0 sapplied=0 crate=0 uimp=499500 upos=1260 uneg=0 ball=-125.00 vball=0.00 aball=0.0 bref=0.00 pid=0.0 pref=499.5 ppos=499.5 apid=0.0 integ=0.0 vision=1 current=1 vframe=1555 vs=1 vage=80 vpage=80 vdt=28 vmax=1115 vacc=1534 vrej=0 seq=0 elapsed=0 oled=3C
[   3733] STATUS mode=1 fault=none enc=600 denc=0 sreq=0 sapplied=0 crate=0 uimp=499500 upos=1260 uneg=0 ball=-125.00 vball=0.00 aball=0.0 bref=0.00 pid=0.0 pref=499.5 ppos=499.5 apid=0.0 integ=0.0 vision=1 current=1 vframe=1555 vs=1 vage=100 vpage=100 vdt=28 vmax=1115 vacc=1534 vrej=0 seq=0 elapsed=0 oled=3C
[   3764] STATUS mode=1 fault=none enc=600 denc=0 sreq=0 sapplied=0 crate=0 uimp=499500 upos=1260 uneg=0 ball=-125.00 vball=0.00 aball=0.0 bref=0.00 pid=0.0 pref=499.5 ppos=499.5 apid=0.0 integ=0.0 vision=1 current=1 vframe=1556 vs=1 vage=17 vpage=17 vdt=103 vmax=1115 vacc=1535 vrej=0 seq=0 elapsed=0 oled=3C
[   3796] STATUS mode=1 fault=none enc=600 denc=0 sreq=0 sapplied=0 crate=0 uimp=499500 upos=1260 uneg=0 ball=-125.00 vball=0.00 aball=0.0 bref=0.00 pid=0.0 pref=499.5 ppos=499.5 apid=0.0 integ=0.0 vision=1 current=1 vframe=1557 vs=1 vage=26 vpage=26 vdt=31 vmax=1115 vacc=1536 vrej=0 seq=0 elapsed=0 oled=3C
[   3811] STATUS mode=1 fault=none enc=600 denc=0 sreq=0 sapplied=0 crate=0 uimp=499500 upos=1260 uneg=0 ball=-125.00 vball=0.00 aball=0.0 bref=0.00 pid=0.0 pref=499.5 ppos=499.5 apid=0.0 integ=0.0 vision=1 current=1 vframe=1558 vs=1 vage=13 vpage=13 vdt=33 vmax=1115 vacc=1537 vrej=0 seq=0 elapsed=0 oled=3C
[   3843] STATUS mode=1 fault=none enc=600 denc=0 sreq=0 sapplied=0 crate=0 uimp=499500 upos=1260 uneg=0 ball=-125.00 vball=0.00 aball=0.0 bref=0.00 pid=0.0 pref=499.5 ppos=499.5 apid=0.0 integ=0.0 vision=1 current=1 vframe=1558 vs=1 vage=33 vpage=33 vdt=33 vmax=1115 vacc=1537 vrej=0 seq=0 elapsed=0 oled=3C
[   3875] STATUS mode=1 fault=none enc=600 denc=0 sreq=0 sapplied=0 crate=0 uimp=499500 upos=1260 uneg=0 ball=-125.00 vball=0.00 aball=0.0 bref=0.00 pid=0.0 pref=499.5 ppos=499.5 apid=0.0 integ=0.0 vision=1 current=1 vframe=1558 vs=1 vage=53 vpage=53 vdt=33 vmax=1115 vacc=1537 vrej=0 seq=0 elapsed=0 oled=3C
[   3889] STATUS mode=1 fault=none enc=600 denc=0 sreq=0 sapplied=0 crate=0 uimp=499500 upos=1260 uneg=0 ball=-125.00 vball=0.00 aball=0.0 bref=0.00 pid=0.0 pref=499.5 ppos=499.5 apid=0.0 integ=0.0 vision=1 current=1 vframe=1558 vs=1 vage=93 vpage=93 vdt=33 vmax=1115 vacc=1537 vrej=0 seq=0 elapsed=0 oled=3C
[   3889] >>> stream off
[   3921] STATUS mode=1 fault=none enc=600 denc=0 sreq=0 sapplied=0 crate=0 uimp=499500 upos=1260 uneg=0 ball=-125.00 vball=0.00 aball=0.0 bref=0.00 pid=0.0 pref=499.5 ppos=499.5 apid=0.0 integ=0.0 vision=1 current=1 vframe=1559 vs=1 vage=12 vpage=12 vdt=101 vmax=1115 vacc=1538 vrej=0 seq=0 elapsed=0 oled=3C
[   3921] OK stream off
[   4108] STOP_REASON displacement_limit
