[      0] >>> bench on
[      0] OK stepper visual-only bench active; use zero before tests
[    188] >>> clear
[    188] OK fault cleared
[    375] >>> diag reset
[    375] OK actuator diagnostics reset
[    563] >>> gain ball 5.0 20.0 2.8 -1
[    563] OK ball gains kp=5.000 ki=20.000 kd=2.800 sign=-1
[    750] >>> gain accel 0.0
[    750] OK ball acceleration gain ka=0.000
[    938] >>> limit rate 2000
[    938] OK ball rate limit=2000 steps/s
[   1125] >>> stream on 20
[   1125] OK stream on 20 ms
[   1172] STATUS mode=1 fault=none enc=-217 denc=0 sreq=0 sapplied=0 crate=0 uimp=0 upos=0 uneg=0 ball=-125.00 vball=-0.00 aball=0.0 bref=0.00 pid=0.0 pref=0.0 ppos=0.0 apid=0.0 integ=0.0 vision=1 current=1 vframe=3473 vs=1 vage=78 vpage=78 vdt=33 vmax=689 vacc=3452 vrej=0 seq=0 elapsed=0 oled=3C
[   1188] STATUS mode=1 fault=none enc=-217 denc=0 sreq=0 sapplied=0 crate=0 uimp=0 upos=0 uneg=0 ball=-125.00 vball=-0.00 aball=0.0 bref=0.00 pid=0.0 pref=0.0 ppos=0.0 apid=0.0 integ=0.0 vision=1 current=1 vframe=3474 vs=1 vage=1 vpage=1 vdt=97 vmax=689 vacc=3453 vrej=0 seq=0 elapsed=0 oled=3C
[   1219] STATUS mode=1 fault=none enc=-217 denc=0 sreq=0 sapplied=0 crate=0 uimp=0 upos=0 uneg=0 ball=-125.00 vball=-0.00 aball=0.0 bref=0.00 pid=0.0 pref=0.0 ppos=0.0 apid=0.0 integ=0.0 vision=1 current=1 vframe=3474 vs=1 vage=21 vpage=21 vdt=97 vmax=689 vacc=3453 vrej=0 seq=0 elapsed=0 oled=3C
[   1250] STATUS mode=1 fault=none enc=-217 denc=0 sreq=0 sapplied=0 crate=0 uimp=0 upos=0 uneg=0 ball=-125.00 vball=-0.00 aball=0.0 bref=0.00 pid=0.0 pref=0.0 ppos=0.0 apid=0.0 integ=0.0 vision=1 current=1 vframe=3475 vs=1 vage=5 vpage=5 vdt=36 vmax=689 vacc=3454 vrej=0 seq=0 elapsed=0 oled=3C
[   1266] STATUS mode=1 fault=none enc=-217 denc=0 sreq=0 sapplied=0 crate=0 uimp=0 upos=0 uneg=0 ball=-125.00 vball=-0.00 aball=0.0 bref=0.00 pid=0.0 pref=0.0 ppos=0.0 apid=0.0 integ=0.0 vision=1 current=1 vframe=3475 vs=1 vage=45 vpage=45 vdt=36 vmax=689 vacc=3454 vrej=0 seq=0 elapsed=0 oled=3C
[   1297] STATUS mode=1 fault=none enc=-217 denc=0 sreq=0 sapplied=0 crate=0 uimp=0 upos=0 uneg=0 ball=-125.00 vball=-0.00 aball=0.0 bref=0.00 pid=0.0 pref=0.0 ppos=0.0 apid=0.0 integ=0.0 vision=1 current=1 vframe=3475 vs=1 vage=65 vpage=65 vdt=36 vmax=689 vacc=3454 vrej=0 seq=0 elapsed=0 oled=3C
[   1297] >>> ball 0.0
[   1313] STATUS mode=1 fault=none enc=-217 denc=0 sreq=0 sapplied=0 crate=0 uimp=0 upos=0 uneg=0 ball=-125.00 vball=-0.00 aball=0.0 bref=0.00 pid=0.0 pref=0.0 ppos=0.0 apid=0.0 integ=0.0 vision=1 current=1 vframe=3475 vs=1 vage=85 vpage=85 vdt=36 vmax=689 vacc=3454 vrej=0 seq=0 elapsed=0 oled=3C
[   1344] STATUS mode=3 fault=none enc=-181 denc=26 sreq=-200 sapplied=-200 crate=-200 uimp=0 upos=0 uneg=0 ball=-125.00 vball=-0.00 aball=0.0 bref=0.00 pid=-400.0 pref=-1200.0 ppos=0.0 apid=0.0 integ=0.0 vision=1 current=1 vframe=3476 vs=1 vage=2 vpage=2 vdt=103 vmax=689 vacc=3455 vrej=0 seq=0 elapsed=0 oled=3C
[   1375] STATUS mode=3 fault=none enc=-199 denc=-3 sreq=-400 sapplied=-400 crate=-400 uimp=-14500 upos=0 uneg=40 ball=-125.00 vball=-0.00 aball=0.0 bref=0.00 pid=-400.0 pref=-1200.0 ppos=-14.5 apid=0.0 integ=0.0 vision=1 current=1 vframe=3478 vs=1 vage=11 vpage=11 vdt=23 vmax=689 vacc=3457 vrej=0 seq=0 elapsed=0 oled=3C
[   1406] STATUS mode=3 fault=none enc=-209 denc=-1 sreq=-400 sapplied=-400 crate=-400 uimp=-22500 upos=0 uneg=60 ball=-125.00 vball=-0.00 aball=0.0 bref=0.00 pid=-400.0 pref=-1200.0 ppos=-22.5 apid=0.0 integ=0.0 vision=1 current=1 vframe=3478 vs=1 vage=31 vpage=31 vdt=23 vmax=689 vacc=3457 vrej=0 seq=0 elapsed=0 oled=3C
[   1422] STATUS mode=3 fault=none enc=-220 denc=-3 sreq=-400 sapplied=-400 crate=-400 uimp=-30500 upos=0 uneg=80 ball=-125.00 vball=-0.00 aball=0.0 bref=0.00 pid=-400.0 pref=-1200.0 ppos=-30.5 apid=0.0 integ=0.0 vision=1 current=1 vframe=3479 vs=1 vage=17 vpage=17 vdt=34 vmax=689 vacc=3458 vrej=0 seq=0 elapsed=0 oled=3C
[   1453] STATUS mode=3 fault=none enc=-239 denc=-3 sreq=-400 sapplied=-400 crate=-400 uimp=-46500 upos=0 uneg=120 ball=-125.00 vball=-0.00 aball=0.0 bref=0.00 pid=-400.0 pref=-1200.0 ppos=-46.5 apid=0.0 integ=0.0 vision=1 current=1 vframe=3479 vs=1 vage=57 vpage=57 vdt=34 vmax=689 vacc=3458 vrej=0 seq=0 elapsed=0 oled=3C
[   1483] STATUS mode=3 fault=none enc=-249 denc=-3 sreq=-400 sapplied=-400 crate=-400 uimp=-54500 upos=0 uneg=140 ball=-125.00 vball=-0.00 aball=0.0 bref=0.00 pid=-400.0 pref=-1200.0 ppos=-54.5 apid=0.0 integ=0.0 vision=1 current=1 vframe=3479 vs=1 vage=77 vpage=77 vdt=34 vmax=689 vacc=3458 vrej=0 seq=0 elapsed=0 oled=3C
[   1516] STATUS mode=3 fault=none enc=-260 denc=-3 sreq=-400 sapplied=-400 crate=-400 uimp=-62500 upos=0 uneg=160 ball=-125.00 vball=-0.00 aball=0.0 bref=0.00 pid=-400.0 pref=-1200.0 ppos=-62.5 apid=0.0 integ=0.0 vision=1 current=1 vframe=3480 vs=1 vage=1 vpage=1 vdt=96 vmax=689 vacc=3459 vrej=0 seq=0 elapsed=0 oled=3C
[   1531] STATUS mode=3 fault=none enc=-279 denc=-2 sreq=-400 sapplied=-400 crate=-400 uimp=-78500 upos=0 uneg=200 ball=-125.00 vball=-0.00 aball=0.0 bref=0.00 pid=-400.0 pref=-1200.0 ppos=-78.5 apid=0.0 integ=0.0 vision=1 current=1 vframe=3481 vs=1 vage=19 vpage=19 vdt=22 vmax=689 vacc=3460 vrej=0 seq=0 elapsed=0 oled=3C
[   1563] STATUS mode=3 fault=none enc=-289 denc=-2 sreq=-400 sapplied=-400 crate=-400 uimp=-86500 upos=0 uneg=220 ball=-125.00 vball=-0.00 aball=0.0 bref=0.00 pid=-400.0 pref=-1200.0 ppos=-86.5 apid=0.0 integ=0.0 vision=1 current=1 vframe=3482 vs=1 vage=5 vpage=5 vdt=34 vmax=689 vacc=3461 vrej=0 seq=0 elapsed=0 oled=3C
[   1594] STATUS mode=3 fault=none enc=-309 denc=-2 sreq=-400 sapplied=-400 crate=-400 uimp=-102500 upos=0 uneg=260 ball=-125.00 vball=-0.00 aball=0.0 bref=0.00 pid=-400.0 pref=-1200.0 ppos=-102.5 apid=0.0 integ=0.0 vision=1 current=1 vframe=3482 vs=1 vage=45 vpage=45 vdt=34 vmax=689 vacc=3461 vrej=seq=0 elapsed=0 oled=3C
[   1625] STATUS mode=3 fault=none enc=-320 denc=-3 sreq=-400 sapplied=-400 crate=-400 uimp=-110500 upos=0 uneg=280 ball=-125.00 vball=-0.00 aball=0.0 bref=0.00 pid=-400.0 pref=-1200.0 ppos=-110.5 apid=0.0 integ=0.0 vision=1 current=1 vframe=3482 vs=1 vage=65 vpage=65 vdt=34 vmax=689 vacc=3461 vrej=0 seq=0 elapsed=0 oled=3C
[   1641] STATUS mode=3 fault=none enc=-330 denc=-3 sreq=-400 sapplied=-400 crate=-400 uimp=-118500 upos=0 uneg=300 ball=-125.00 vball=-0.00 aball=0.0 bref=0.00 pid=-400.0 pref=-1200.0 ppos=-118.5 apid=0.0 integ=0.0 vision=1 current=1 vframe=3482 vs=1 vage=85 vpage=85 vdt=34 vmax=689 vacc=3461 vrej=0 seq=0 elapsed=0 oled=3C
[   1672] STATUS mode=3 fault=none enc=-351 denc=-3 sreq=-400 sapplied=-400 crate=-400 uimp=-134500 upos=0 uneg=340 ball=-125.00 vball=-0.00 aball=0.0 bref=0.00 pid=-400.0 pref=-1200.0 ppos=-134.5 apid=0.0 integ=0.0 vision=1 current=1 vframe=3483 vs=1 vage=28 vpage=28 vdt=97 vmax=689 vacc=3462 vrej=0 seq=0 elapsed=0 oled=3C
[   1703] STATUS mode=3 fault=none enc=-358 denc=-1 sreq=-100 sapplied=-100 crate=-100 uimp=-141000 upos=0 uneg=360 ball=-106.90 vball=248.46 aball=0.0 bref=0.00 pid=2000.0 pref=161.2 ppos=-141.0 apid=0.0 integ=-0.0 vision=1 current=1 vframe=3484 vs=1 vage=13 vpage=13 vdt=35 vmax=689 vacc=3463 vrej=0 seq=0 elapsed=0 oled=3C
[   1733] STATUS mode=3 fault=none enc=-359 denc=0 sreq=300 sapplied=300 crate=300 uimp=-140500 upos=5 uneg=365 ball=-103.36 vball=178.42 aball=0.0 bref=0.00 pid=1232.8 pref=-17.2 ppos=-140.5 apid=0.0 integ=-0.0 vision=1 current=1 vframe=3485 vs=1 vage=2 vpage=2 vdt=31 vmax=689 vacc=3464 vrej=0 seq=0 elapsed=0 oled=3C
[   1750] STATUS mode=3 fault=none enc=-325 denc=7 sreq=973 sapplied=973 crate=973 uimp=-114500 upos=45 uneg=365 ball=-103.36 vball=178.42 aball=0.0 bref=0.00 pid=972.8 pref=-17.2 ppos=-114.5 apid=0.0 integ=-0.0 vision=1 current=1 vframe=3485 vs=1 vage=42 vpage=42 vdt=31 vmax=689 vacc=3464 vrej=0 seq=0 elapsed=0 oled=3C
[   1781] STATUS mode=3 fault=none enc=-303 denc=5 sreq=792 sapplied=792 crate=792 uimp=-96455 upos=65 uneg=365 ball=-103.36 vball=178.42 aball=0.0 bref=0.00 pid=792.3 pref=-17.2 ppos=-96.5 apid=0.0 integ=-0.0 vision=1 current=1 vframe=3485 vs=1 vage=62 vpage=62 vdt=31 vmax=689 vacc=3464 vrej=0 seq=0 elapsed=0 oled=3C
[   1813] STATUS mode=3 fault=none enc=-284 denc=5 sreq=645 sapplied=645 crate=645 uimp=-81760 upos=85 uneg=365 ball=-103.36 vball=178.42 aball=0.0 bref=0.00 pid=645.4 pref=-17.2 ppos=-81.8 apid=0.0 integ=-0.0 vision=1 current=1 vframe=3485 vs=1 vage=82 vpage=82 vdt=31 vmax=689 vacc=3464 vrej=0 seq=0 elapsed=0 oled=3C
[   1844] STATUS mode=3 fault=none enc=-262 denc=1 sreq=53 sapplied=53 crate=53 uimp=-63735 upos=125 uneg=365 ball=-98.57 vball=118.08 aball=322.0 bref=0.00 pid=-984.9 pref=-162.2 ppos=-63.7 apid=0.0 integ=-0.0 vision=1 current=1 vframe=3486 vs=1 vage=23 vpage=23 vdt=99 vmax=689 vacc=3465 vrej=0 seq=0 elapsed=0 oled=3C
[   1858] STATUS mode=3 fault=none enc=-263 denc=-1 sreq=-347 sapplied=-347 crate=-347 uimp=-65440 upos=130 uneg=375 ball=-96.27 vball=88.18 aball=322.0 bref=0.00 pid=-1690.1 pref=-234.4 ppos=-65.4 apid=0.0 integ=-0.0 vision=1 current=1 vframe=3487 vs=1 vage=7 vpage=7 vdt=36 vmax=689 vacc=3466 vrej=0 seq=0 elapsed=0 oled=3C
[   1891] STATUS mode=3 fault=none enc=-298 denc=-7 sreq=-1147 sapplied=-1147 crate=-1147 uimp=-93320 upos=130 uneg=415 ball=-96.27 vball=88.18 aball=322.0 bref=0.00 pid=-1411.3 pref=-234.4 ppos=-93.3 apid=0.0 integ=-0.0 vision=1 current=1 vframe=3487 vs=1 vage=47 vpage=47 vdt=36 vmax=689 vacc=3466 vrej=0 seq=0 elapsed=0 oled=3C
[   1922] STATUS mode=3 fault=none enc=-328 denc=-7 sreq=-1166 sapplied=-1166 crate=-1166 uimp=-117885 upos=130 uneg=435 ball=-96.27 vball=88.18 aball=322.0 bref=0.00 pid=-1165.6 pref=-234.4 ppos=-117.9 apid=0.0 integ=-0.0 vision=1 current=1 vframe=3487 vs=1 vage=67 vpage=67 vdt=36 vmax=689 vacc=3466 vrej=0 seq=0 elapsed=0 oled=3C
[   1953] STATUS mode=3 fault=none enc=-356 denc=-6 sreq=-949 sapplied=-949 crate=-949 uimp=-139505 upos=130 uneg=455 ball=-96.27 vball=88.18 aball=322.0 bref=0.00 pid=-949.4 pref=-234.4 ppos=-139.5 apid=0.0 integ=-0.0 vision=1 current=1 vframe=3487 vs=1 vage=87 vpage=87 vdt=36 vmax=689 vacc=3466 vrej=0 seq=0 elapsed=0 oled=3C
[   1969] STATUS mode=3 fault=none enc=-406 denc=-8 sreq=-1216 sapplied=-1216 crate=-1216 uimp=-178395 upos=130 uneg=495 ball=-93.20 vball=50.95 aball=-2.8 bref=0.00 pid=-1216.0 pref=-300.0 ppos=-178.4 apid=-0.0 integ=-0.0 vision=1 current=1 vframe=3489 vs=1 vage=15 vpage=15 vdt=6 vmax=689 vacc=3468 vrej=0 seq=0 elapsed=0 oled=3C
[   2000] STATUS mode=3 fault=none enc=-435 denc=-6 sreq=-990 sapplied=-990 crate=-990 uimp=-200950 upos=130 uneg=515 ball=-93.20 vball=50.95 aball=-2.8 bref=0.00 pid=-990.5 pref=-300.0 ppos=-201.0 apid=-0.0 integ=-0.0 vision=1 current=1 vframe=3489 vs=1 vage=35 vpage=35 vdt=6 vmax=689 vacc=3468 vrej=0 seq=0 elapsed=0 oled=3C
[   2031] STATUS mode=3 fault=none enc=-467 denc=-1 sreq=-221 sapplied=-221 crate=-221 uimp=-226550 upos=130 uneg=555 ball=-90.32 vball=72.48 aball=-2.8 bref=0.00 pid=-221.1 pref=-248.7 ppos=-217.8 apid=-0.0 integ=-0.0 vision=1 current=1 vframe=3490 vs=1 vage=18 vpage=18 vdt=37 vmax=689 vacc=3469 vrej=0 seq=0 elapsed=0 oled=3C
[   2063] STATUS mode=3 fault=none enc=-472 denc=-1 sreq=-180 sapplied=-180 crate=-180 uimp=-230655 upos=130 uneg=575 ball=-90.32 vball=72.48 aball=-2.8 bref=0.00 pid=-180.0 pref=-248.7 ppos=-230.7 apid=-0.0 integ=-0.0 vision=1 current=1 vframe=3490 vs=1 vage=58 vpage=58 vdt=37 vmax=689 vacc=3469 vrej=0 seq=0 elapsed=0 oled=3C
[   2094] STATUS mode=3 fault=none enc=-476 denc=-1 sreq=-147 sapplied=-147 crate=-147 uimp=-233990 upos=130 uneg=595 ball=-90.32 vball=72.48 aball=-2.8 bref=0.00 pid=-146.7 pref=-248.7 ppos=-234.0 apid=-0.0 integ=-0.0 vision=1 current=1 vframe=3490 vs=1 vage=78 vpage=78 vdt=37 vmax=689 vacc=3469 vrej=0 seq=0 elapsed=0 oled=3C
[   2108] STATUS mode=3 fault=none enc=-484 denc=-2 sreq=-414 sapplied=-414 crate=-414 uimp=-240515 upos=130 uneg=635 ball=-87.61 vball=44.98 aball=-18.8 bref=0.00 pid=-594.8 pref=-300.0 ppos=-240.5 apid=-0.0 integ=-0.0 vision=1 current=1 vframe=3492 vs=1 vage=5 vpage=5 vdt=6 vmax=689 vacc=3471 vrej=0 seq=0 elapsed=0 oled=3C
[   2141] STATUS mode=3 fault=none enc=-497 denc=-3 sreq=-495 sapplied=-495 crate=-495 uimp=-250500 upos=130 uneg=655 ball=-87.61 vball=44.98 aball=-18.8 bref=0.00 pid=-495.0 pref=-300.0 ppos=-250.5 apid=-0.0 integ=-0.0 vision=1 current=1 vframe=3492 vs=1 vage=25 vpage=25 vdt=6 vmax=689 vacc=3471 vrej=0 seq=0 elapsed=0 oled=3C
[   2172] STATUS mode=3 fault=none enc=-509 denc=-2 sreq=-247 sapplied=-247 crate=-247 uimp=-259295 upos=130 uneg=675 ball=-85.13 vball=65.21 aball=-18.8 bref=0.00 pid=162.3 pref=-243.1 ppos=-259.3 apid=-0.0 integ=-0.0 vision=1 current=1 vframe=3493 vs=1 vage=8 vpage=8 vdt=37 vmax=689 vacc=3472 vrej=0 seq=0 elapsed=0 oled=3C
[   2203] STATUS mode=3 fault=none enc=-510 denc=1 sreq=152 sapplied=152 crate=152 uimp=-258215 upos=150 uneg=690 ball=-85.13 vball=65.21 aball=-18.8 bref=0.00 pid=151.5 pref=-243.1 ppos=-258.2 apid=-0.0 integ=-0.0 vision=1 current=1 vframe=3493 vs=1 vage=48 vpage=48 vdt=37 vmax=689 vacc=3472 vrej=0 seq=0 elapsed=0 oled=3C
[   2219] STATUS mode=3 fault=none enc=-507 denc=0 sreq=123 sapplied=123 crate=123 uimp=-255400 upos=170 uneg=690 ball=-85.13 vball=65.21 aball=-18.8 bref=0.00 pid=123.4 pref=-243.1 ppos=-255.4 apid=-0.0 integ=-0.0 vision=1 current=1 vframe=3493 vs=1 vage=68 vpage=68 vdt=37 vmax=689 vacc=3472 vrej=0 seq=0 elapsed=0 oled=3C
[   2250] STATUS mode=3 fault=none enc=-502 denc=-1 sreq=0 sapplied=0 crate=-14 uimp=-251250 upos=210 uneg=690 ball=-84.12 vball=47.98 aball=-33.4 bref=0.00 pid=-350.1 pref=-286.3 ppos=-251.2 apid=-0.0 integ=-0.0 vision=1 current=1 vframe=3494 vs=1 vage=3 vpage=3 vdt=105 vmax=689 vacc=3473 vrej=0 seq=0 elapsed=0 oled=3C
[   2281] STATUS mode=3 fault=none enc=-503 denc=-3 sreq=-414 sapplied=-414 crate=-414 uimp=-253890 upos=210 uneg=700 ball=-82.90 vball=38.90 aball=-33.4 bref=0.00 pid=-461.1 pref=-300.0 ppos=-253.9 apid=-0.0 integ=-0.0 vision=1 current=1 vframe=3495 vs=1 vage=15 vpage=15 vdt=8 vmax=689 vacc=3474 vrej=0 seq=0 elapsed=0 oled=3C
[   2313] STATUS mode=3 fault=none enc=-512 denc=-2 sreq=-140 sapplied=-140 crate=-140 uimp=-261060 upos=210 uneg=720 ball=-80.59 vball=75.04 aball=-33.4 bref=0.00 pid=682.2 pref=-192.8 ppos=-261.1 apid=-0.0 integ=-0.0 vision=1 current=1 vframe=3496 vs=1 vage=14 vpage=14 vdt=21 vmax=689 vacc=3475 vrej=0 seq=0 elapsed=0 oled=3C
[   2328] STATUS mode=3 fault=none enc=-507 denc=2 sreq=258 sapplied=258 crate=258 uimp=-255580 upos=235 uneg=730 ball=-79.12 vball=59.21 aball=-33.4 bref=0.00 pid=257.7 pref=-229.8 ppos=-255.6 apid=-0.0 integ=-0.0 vision=1 current=1 vframe=3497 vs=1 vage=21 vpage=21 vdt=33 vmax=689 vacc=3476 vrej=0 seq=0 elapsed=0 oled=3C
[   2358] STATUS mode=3 fault=none enc=-501 denc=2 sreq=210 sapplied=210 crate=210 uimp=-250795 upos=255 uneg=730 ball=-79.12 vball=59.21 aball=-33.4 bref=0.00 pid=209.8 pref=-229.8 ppos=-250.8 apid=-0.0 integ=-0.0 vision=1 current=1 vframe=3497 vs=1 vage=41 vpage=41 vdt=33 vmax=689 vacc=3476 vrej=0 seq=0 elapsed=0 oled=3C
[   2391] STATUS mode=3 fault=none enc=-496 denc=1 sreq=171 sapplied=171 crate=171 uimp=-246905 upos=275 uneg=730 ball=-79.12 vball=59.21 aball=-33.4 bref=0.00 pid=170.9 pref=-229.8 ppos=-246.9 apid=-0.0 integ=-0.0 vision=1 current=1 vframe=3497 vs=1 vage=61 vpage=61 vdt=33 vmax=689 vacc=3476 vrej=0 seq=0 elapsed=0 oled=3C
[   2422] STATUS mode=3 fault=none enc=-488 denc=2 sreq=0 sapplied=0 crate=19 uimp=-241155 upos=315 uneg=730 ball=-76.67 vball=44.77 aball=-27.2 bref=0.00 pid=-168.4 pref=-258.0 ppos=-241.2 apid=-0.0 integ=-0.0 vision=1 current=1 vframe=3498 vs=1 vage=0 vpage=0 vdt=101 vmax=689 vacc=3477 vrej=0 seq=0 elapsed=0 oled=3C
[   2438] STATUS mode=3 fault=none enc=-488 denc=-1 sreq=-152 sapplied=-152 crate=-152 uimp=-242795 upos=315 uneg=740 ball=-76.67 vball=44.77 aball=-27.2 bref=0.00 pid=-152.0 pref=-258.0 ppos=-242.8 apid=-0.0 integ=-0.0 vision=1 current=1 vframe=3498 vs=1 vage=20 vpage=20 vdt=101 vmax=689 vacc=3477 vrej=0 seq=0 elapsed=0 oled=3C
[   2469] STATUS mode=3 fault=none enc=-488 denc=2 sreq=463 sapplied=463 crate=463 uimp=-241200 upos=330 uneg=760 ball=-72.95 vball=76.84 aball=-27.2 bref=0.00 pid=916.0 pref=-149.6 ppos=-241.2 apid=-0.0 integ=-0.0 vision=1 current=1 vframe=3499 vs=1 vage=28 vpage=28 vdt=32 vmax=689 vacc=3478 vrej=0 seq=0 elapsed=0 oled=3C
[   2500] STATUS mode=3 fault=none enc=-473 denc=3 sreq=647 sapplied=647 crate=647 uimp=-229350 upos=350 uneg=760 ball=-71.06 vball=68.09 aball=-27.2 bref=0.00 pid=647.0 pref=-164.6 ppos=-229.4 apid=-0.0 integ=-0.0 vision=1 current=1 vframe=3500 vs=1 vage=15 vpage=15 vdt=33 vmax=689 vacc=3479 vrej=0 seq=0 elapsed=0 oled=3C
[   2531] STATUS mode=3 fault=none enc=-457 denc=4 sreq=527 sapplied=527 crate=527 uimp=-217345 upos=370 uneg=760 ball=-71.06 vball=68.09 aball=-27.2 bref=0.00 pid=527.0 pref=-164.6 ppos=-217.3 apid=-0.0 integ=-0.0 vision=1 current=1 vframe=3500 vs=1 vage=35 vpage=35 vdt=33 vmax=689 vacc=3479 vrej=0 seq=0 elapsed=0 oled=3C
[   2563] STATUS mode=3 fault=none enc=-435 denc=2 sreq=350 sapplied=350 crate=350 uimp=-199605 upos=410 uneg=760 ball=-71.06 vball=68.09 aball=-27.2 bref=0.00 pid=349.6 pref=-164.6 ppos=-199.6 apid=-0.0 integ=-0.0 vision=1 current=1 vframe=3500 vs=1 vage=75 vpage=75 vdt=33 vmax=689 vacc=3479 vrej=0 seq=0 elapsed=0 oled=3C
[   2578] STATUS mode=3 fault=none enc=-427 denc=1 sreq=285 sapplied=285 crate=285 uimp=-193120 upos=430 uneg=760 ball=-71.06 vball=68.09 aball=-27.2 bref=0.00 pid=284.7 pref=-164.6 ppos=-193.1 apid=-0.0 integ=-0.0 vision=1 current=1 vframe=3500 vs=1 vage=95 vpage=95 vdt=33 vmax=689 vacc=3479 vrej=0 seq=0 elapsed=0 oled=3C
[   2608] STATUS mode=3 fault=none enc=-422 denc=1 sreq=-30 sapplied=0 crate=-30 uimp=-189145 upos=450 uneg=760 ball=-68.44 vball=50.56 aball=0.8 bref=0.00 pid=-114.9 pref=-200.6 ppos=-189.1 apid=0.0 integ=-0.0 vision=1 current=1 vframe=3501 vs=1 vage=15 vpage=15 vdt=100 vmax=689 vacc=3480 vrej=0 seq=0 elapsed=0 oled=3C
[   2641] STATUS mode=3 fault=none enc=-423 denc=0 sreq=302 sapplied=302 crate=302 uimp=-190265 upos=455 uneg=780 ball=-64.10 vball=100.52 aball=0.8 bref=0.00 pid=1512.2 pref=-39.0 ppos=-190.3 apid=0.0 integ=-0.0 vision=1 current=1 vframe=3502 vs=1 vage=19 vpage=19 vdt=36 vmax=689 vacc=3481 vrej=0 seq=0 elapsed=0 oled=3C
[   2656] STATUS mode=3 fault=none enc=-410 denc=4 sreq=702 sapplied=702 crate=702 uimp=-181225 upos=475 uneg=780 ball=-64.10 vball=100.52 aball=0.8 bref=0.00 pid=1421.8 pref=-39.0 ppos=-181.2 apid=0.0 integ=-0.0 vision=1 current=1 vframe=3502 vs=1 vage=39 vpage=39 vdt=36 vmax=689 vacc=3481 vrej=0 seq=0 elapsed=0 oled=3C
[   2688] STATUS mode=3 fault=none enc=-360 denc=6 sreq=1026 sapplied=1026 crate=1026 uimp=-141610 upos=515 uneg=780 ball=-64.10 vball=100.52 aball=0.8 bref=0.00 pid=1025.7 pref=-39.0 ppos=-141.6 apid=0.0 integ=-0.0 vision=1 current=1 vframe=3502 vs=1 vage=79 vpage=79 vdt=36 vmax=689 vacc=3481 vrej=0 seq=0 elapsed=0 oled=3C
[   2719] STATUS mode=3 fault=none enc=-336 denc=6 sreq=835 sapplied=835 crate=835 uimp=-122585 upos=535 uneg=780 ball=-64.10 vball=100.52 aball=0.8 bref=0.00 pid=835.4 pref=-39.0 ppos=-122.6 apid=0.0 integ=-0.0 vision=1 current=1 vframe=3502 vs=1 vage=99 vpage=99 vdt=36 vmax=689 vacc=3481 vrej=0 seq=0 elapsed=0 oled=3C
[   2750] STATUS mode=3 fault=none enc=-318 denc=4 sreq=435 sapplied=435 crate=435 uimp=-108885 upos=555 uneg=780 ball=-60.49 vball=59.59 aball=67.0 bref=0.00 pid=-267.1 pref=-135.6 ppos=-108.9 apid=0.0 integ=-0.0 vision=1 current=1 vframe=3504 vs=1 vage=10 vpage=10 vdt=7 vmax=689 vacc=3483 vrej=0 seq=0 elapsed=0 oled=3C
[   2766] STATUS mode=3 fault=none enc=-298 denc=3 sreq=465 sapplied=465 crate=465 uimp=-92315 upos=595 uneg=780 ball=-58.28 vball=87.71 aball=67.0 bref=0.00 pid=465.0 pref=-45.8 ppos=-92.3 apid=0.0 integ=-0.0 vision=1 current=1 vframe=3505 vs=1 vage=28 vpage=28 vdt=22 vmax=689 vacc=3484 vrej=0 seq=0 elapsed=0 oled=3C
[   2797] STATUS mode=3 fault=none enc=-288 denc=3 sreq=142 sapplied=142 crate=142 uimp=-84860 upos=615 uneg=780 ball=-56.96 vball=63.83 aball=67.0 bref=0.00 pid=-212.2 pref=-106.1 ppos=-84.9 apid=0.0 integ=-0.0 vision=1 current=1 vframe=3506 vs=1 vage=15 vpage=15 vdt=33 vmax=689 vacc=3485 vrej=0 seq=0 elapsed=0 oled=3C
[   2828] STATUS mode=3 fault=none enc=-288 denc=-1 sreq=-213 sapplied=-213 crate=-213 uimp=-84730 upos=625 uneg=785 ball=-56.96 vball=63.83 aball=67.0 bref=0.00 pid=-213.5 pref=-106.1 ppos=-84.7 apid=0.0 integ=-0.0 vision=1 current=1 vframe=3506 vs=1 vage=35 vpage=35 vdt=33 vmax=689 vacc=3485 vrej=0 seq=0 elapsed=0 oled=3C
[   2858] STATUS mode=3 fault=none enc=-296 denc=-1 sreq=-142 sapplied=-142 crate=-142 uimp=-91915 upos=625 uneg=825 ball=-56.96 vball=63.83 aball=67.0 bref=0.00 pid=-141.6 pref=-106.1 ppos=-91.9 apid=0.0 integ=-0.0 vision=1 current=1 vframe=3506 vs=1 vage=75 vpage=75 vdt=33 vmax=689 vacc=3485 vrej=0 seq=0 elapsed=0 oled=3C
[   2875] STATUS mode=3 fault=none enc=-300 denc=-2 sreq=-115 sapplied=-115 crate=-115 uimp=-94545 upos=625 uneg=845 ball=-56.96 vball=63.83 aball=67.0 bref=0.00 pid=-115.3 pref=-106.1 ppos=-94.5 apid=0.0 integ=-0.0 vision=1 current=1 vframe=3506 vs=1 vage=95 vpage=95 vdt=33 vmax=689 vacc=3485 vrej=0 seq=0 elapsed=0 oled=3C
[   2906] STATUS mode=3 fault=none enc=-304 denc=-2 sreq=-410 sapplied=-410 crate=-410 uimp=-98270 upos=625 uneg=865 ball=-55.09 vball=44.95 aball=-34.6 bref=0.00 pid=-513.2 pref=-149.6 ppos=-98.3 apid=-0.0 integ=-0.0 vision=1 current=1 vframe=3507 vs=1 vage=13 vpage=13 vdt=102 vmax=689 vacc=3486 vrej=0 seq=0 elapsed=0 oled=3C
[   2938] STATUS mode=3 fault=none enc=-332 denc=-5 sreq=-602 sapplied=-602 crate=-602 uimp=-119805 upos=625 uneg=905 ball=-54.21 vball=32.51 aball=-34.6 bref=0.00 pid=-602.2 pref=-180.0 ppos=-119.8 apid=-0.0 integ=-0.0 vision=1 current=1 vframe=3508 vs=1 vage=22 vpage=22 vdt=31 vmax=689 vacc=3487 vrej=0 seq=0 elapsed=0 oled=3C
[   2969] STATUS mode=3 fault=none enc=-347 denc=-4 sreq=-491 sapplied=-491 crate=-491 uimp=-130970 upos=625 uneg=925 ball=-54.21 vball=32.51 aball=-34.6 bref=0.00 pid=-490.5 pref=-180.0 ppos=-131.0 apid=-0.0 integ=-0.0 vision=1 current=1 vframe=3508 vs=1 vage=42 vpage=42 vdt=31 vmax=689 vacc=3487 vrej=0 seq=0 elapsed=0 oled=3C
[   3000] STATUS mode=3 fault=none enc=-367 denc=-2 sreq=-325 sapplied=-325 crate=-325 uimp=-147485 upos=625 uneg=965 ball=-54.21 vball=32.51 aball=-34.6 bref=0.00 pid=-325.4 pref=-180.0 ppos=-147.5 apid=-0.0 integ=-0.0 vision=1 current=1 vframe=3508 vs=1 vage=82 vpage=82 vdt=31 vmax=689 vacc=3487 vrej=0 seq=0 elapsed=0 oled=3C
[   3016] STATUS mode=3 fault=none enc=-374 denc=-1 sreq=-265 sapplied=-265 crate=-265 uimp=-153520 upos=625 uneg=985 ball=-54.21 vball=32.51 aball=-34.6 bref=0.00 pid=-265.0 pref=-180.0 ppos=-153.5 apid=-0.0 integ=-0.0 vision=1 current=1 vframe=3508 vs=1 vage=102 vpage=102 vdt=31 vmax=689 vacc=3487 vrej=0 seq=0 elapsed=0 oled=3C
[   3047] STATUS mode=3 fault=none enc=-385 denc=-3 sreq=-535 sapplied=-535 crate=-535 uimp=-161810 upos=625 uneg=1005 ball=-53.32 vball=18.32 aball=-91.9 bref=0.00 pid=-534.9 pref=-215.3 ppos=-161.8 apid=-0.0 integ=-0.0 vision=1 current=1 vframe=3510 vs=1 vage=9 vpage=9 vdt=8 vmax=689 vacc=3489 vrej=0 seq=0 elapsed=0 oled=3C
[   3078] STATUS mode=3 fault=none enc=-419 denc=-5 sreq=-783 sapplied=-783 crate=-783 uimp=-188145 upos=625 uneg=1045 ball=-53.68 vball=0.70 aball=-91.9 bref=0.00 pid=-782.9 pref=-266.4 ppos=-188.1 apid=-0.0 integ=-0.0 vision=1 current=1 vframe=3511 vs=1 vage=29 vpage=29 vdt=20 vmax=689 vacc=3490 vrej=0 seq=0 elapsed=0 oled=3C
[   3108] STATUS mode=3 fault=none enc=-438 denc=-4 sreq=-661 sapplied=-661 crate=-661 uimp=-202920 upos=625 uneg=1065 ball=-53.72 vball=-0.14 aball=-91.9 bref=0.00 pid=-660.7 pref=-269.0 ppos=-202.9 apid=-0.0 integ=-0.0 vision=1 current=1 vframe=3512 vs=1 vage=14 vpage=14 vdt=35 vmax=689 vacc=3491 vrej=0 seq=0 elapsed=0 oled=3C
[   3141] STATUS mode=3 fault=none enc=-467 denc=-4 sreq=-438 sapplied=-438 crate=-438 uimp=-225155 upos=625 uneg=1105 ball=-53.72 vball=-0.14 aball=-91.9 bref=0.00 pid=-438.4 pref=-269.0 ppos=-225.2 apid=-0.0 integ=-0.0 vision=1 current=1 vframe=3512 vs=1 vage=54 vpage=54 vdt=35 vmax=689 vacc=3491 vrej=0 seq=0 elapsed=0 oled=3C
[   3156] STATUS mode=3 fault=none enc=-476 denc=-2 sreq=-357 sapplied=-357 crate=-357 uimp=-233285 upos=625 uneg=1125 ball=-53.72 vball=-0.14 aball=-91.9 bref=0.00 pid=-357.1 pref=-269.0 ppos=-233.3 apid=-0.0 integ=-0.0 vision=1 current=1 vframe=3512 vs=1 vage=74 vpage=74 vdt=35 vmax=689 vacc=3491 vrej=0 seq=0 elapsed=0 oled=3C
[   3188] STATUS mode=3 fault=none enc=-484 denc=-1 sreq=-291 sapplied=-291 crate=-291 uimp=-239905 upos=625 uneg=1145 ball=-53.72 vball=-0.14 aball=-91.9 bref=0.00 pid=-290.9 pref=-269.0 ppos=-239.9 apid=-0.0 integ=-0.0 vision=1 current=1 vframe=3512 vs=1 vage=94 vpage=94 vdt=35 vmax=689 vacc=3491 vrej=0 seq=0 elapsed=0 oled=3C
[   3219] STATUS mode=3 fault=none enc=-497 denc=-1 sreq=-100 sapplied=-100 crate=-100 uimp=-249555 upos=625 uneg=1185 ball=-53.13 vball=9.81 aball=-115.0 bref=0.00 pid=113.7 pref=-238.2 ppos=-249.6 apid=-0.0 integ=-0.0 vision=1 current=1 vframe=3514 vs=1 vage=2 vpage=2 vdt=35 vmax=689 vacc=3493 vrej=0 seq=0 elapsed=0 oled=3C
[   3250] STATUS mode=3 fault=none enc=-499 denc=-1 sreq=113 sapplied=113 crate=113 uimp=-249460 upos=630 uneg=1190 ball=-53.13 vball=9.81 aball=-115.0 bref=0.00 pid=112.8 pref=-238.2 ppos=-249.5 apid=-0.0 integ=-0.0 vision=1 current=1 vframe=3514 vs=1 vage=22 vpage=22 vdt=35 vmax=689 vacc=3493 vrej=0 seq=0 elapsed=0 oled=3C
[   3266] STATUS mode=3 fault=none enc=-494 denc=1 sreq=75 sapplied=75 crate=75 uimp=-245660 upos=670 uneg=1190 ball=-53.13 vball=9.81 aball=-115.0 bref=0.00 pid=74.8 pref=-238.2 ppos=-245.7 apid=-0.0 integ=-0.0 vision=1 current=1 vframe=3514 vs=1 vage=62 vpage=62 vdt=35 vmax=689 vacc=3493 vrej=0 seq=0 elapsed=0 oled=3C
[   3297] STATUS mode=3 fault=none enc=-493 denc=0 sreq=61 sapplied=61 crate=61 uimp=-244275 upos=690 uneg=1190 ball=-53.13 vball=9.81 aball=-115.0 bref=0.00 pid=60.9 pref=-238.2 ppos=-244.3 apid=-0.0 integ=-0.0 vision=1 current=1 vframe=3514 vs=1 vage=82 vpage=82 vdt=35 vmax=689 vacc=3493 vrej=0 seq=0 elapsed=0 oled=3C
[   3328] STATUS mode=3 fault=none enc=-492 denc=-1 sreq=50 sapplied=50 crate=50 uimp=-243145 upos=710 uneg=1190 ball=-53.13 vball=9.81 aball=-115.0 bref=0.00 pid=49.6 pref=-238.2 ppos=-243.1 apid=-0.0 integ=-0.0 vision=1 current=1 vframe=3514 vs=1 vage=102 vpage=102 vdt=35 vmax=689 vacc=3493 vrej=0 seq=0 elapsed=0 oled=3C
[   3358] STATUS mode=3 fault=none enc=-485 denc=2 sreq=-27 sapplied=0 crate=-27 uimp=-238965 upos=745 uneg=1190 ball=-52.15 vball=6.81 aball=-17.5 bref=0.00 pid=-27.2 pref=-241.7 ppos=-239.0 apid=-0.0 integ=-0.0 vision=1 current=1 vframe=3517 vs=1 vage=9 vpage=9 vdt=21 vmax=689 vacc=3496 vrej=0 seq=0 elapsed=0 oled=3C
[   3375] STATUS mode=3 fault=none enc=-486 denc=0 sreq=-23 sapplied=-23 crate=-23 uimp=-239355 upos=745 uneg=1205 ball=-52.15 vball=6.81 aball=-17.5 bref=0.00 pid=-23.3 pref=-241.7 ppos=-239.4 apid=-0.0 integ=-0.0 vision=1 current=1 vframe=3517 vs=1 vage=29 vpage=29 vdt=21 vmax=689 vacc=3496 vrej=0 seq=0 elapsed=0 oled=3C
[   3406] STATUS mode=3 fault=none enc=-489 denc=-2 sreq=-157 sapplied=-157 crate=-157 uimp=-241775 upos=745 uneg=1225 ball=-52.27 vball=1.40 aball=-17.5 bref=0.00 pid=-156.5 pref=-257.4 ppos=-241.8 apid=-0.0 integ=-0.0 vision=1 current=1 vframe=3518 vs=1 vage=16 vpage=16 vdt=33 vmax=689 vacc=3497 vrej=0 seq=0 elapsed=0 oled=3C
[   3438] STATUS mode=3 fault=none enc=-495 denc=-2 sreq=-104 sapplied=-104 crate=-104 uimp=-247040 upos=745 uneg=1265 ball=-52.27 vball=1.40 aball=-17.5 bref=0.00 pid=-103.9 pref=-257.4 ppos=-247.0 apid=-0.0 integ=-0.0 vision=1 current=1 vframe=3518 vs=1 vage=56 vpage=56 vdt=33 vmax=689 vacc=3497 vrej=0 seq=0 elapsed=0 oled=3C
[   3469] STATUS mode=3 fault=none enc=-497 denc=-1 sreq=-85 sapplied=-85 crate=-85 uimp=-248970 upos=745 uneg=1285 ball=-52.27 vball=1.40 aball=-17.5 bref=0.00 pid=-84.6 pref=-257.4 ppos=-249.0 apid=-0.0 integ=-0.0 vision=1 current=1 vframe=3518 vs=1 vage=76 vpage=76 vdt=33 vmax=689 vacc=3497 vrej=0 seq=0 elapsed=0 oled=3C
[   3500] STATUS mode=3 fault=none enc=-503 denc=-2 sreq=-205 sapplied=-205 crate=-205 uimp=-254810 upos=745 uneg=1325 ball=-52.83 vball=-3.97 aball=-61.5 bref=0.00 pid=-204.6 pref=-275.3 ppos=-254.8 apid=-0.0 integ=-0.0 vision=1 current=1 vframe=3519 vs=1 vage=21 vpage=21 vdt=95 vmax=689 vacc=3498 vrej=0 seq=0 elapsed=0 oled=3C
[   3516] STATUS mode=3 fault=none enc=-507 denc=-1 sreq=-164 sapplied=-164 crate=-164 uimp=-258565 upos=745 uneg=1345 ball=-52.90 vball=-3.74 aball=-61.5 bref=0.00 pid=-164.1 pref=-275.0 ppos=-258.6 apid=-0.0 integ=-0.0 vision=1 current=1 vframe=3520 vs=1 vage=19 vpage=19 vdt=22 vmax=689 vacc=3499 vrej=0 seq=0 elapsed=0 oled=3C
[   3547] STATUS mode=3 fault=none enc=-511 denc=-1 sreq=-84 sapplied=-84 crate=-84 uimp=-261610 upos=745 uneg=1365 ball=-52.90 vball=-1.96 aball=-61.5 bref=0.00 pid=-83.8 pref=-270.0 ppos=-261.6 apid=-0.0 integ=-0.0 vision=1 current=1 vframe=3521 vs=1 vage=5 vpage=5 vdt=34 vmax=689 vacc=3500 vrej=0 seq=0 elapsed=0 oled=3C
[   3578] STATUS mode=3 fault=none enc=-514 denc=1 sreq=-56 sapplied=-56 crate=-56 uimp=-264435 upos=745 uneg=1405 ball=-52.90 vball=-1.96 aball=-61.5 bref=0.00 pid=-55.5 pref=-270.0 ppos=-264.4 apid=-0.0 integ=-0.0 vision=1 current=1 vframe=3521 vs=1 vage=45 vpage=45 vdt=34 vmax=689 vacc=3500 vrej=0 seq=0 elapsed=0 oled=3C
[   3608] STATUS mode=3 fault=none enc=-516 denc=0 sreq=-45 sapplied=-45 crate=-45 uimp=-265470 upos=745 uneg=1425 ball=-52.90 vball=-1.96 aball=-61.5 bref=0.00 pid=-45.2 pref=-270.0 ppos=-265.5 apid=-0.0 integ=-0.0 vision=1 current=1 vframe=3521 vs=1 vage=65 vpage=65 vdt=34 vmax=689 vacc=3500 vrej=0 seq=0 elapsed=0 oled=3C
[   3625] STATUS mode=3 fault=none enc=-516 denc=1 sreq=-37 sapplied=-37 crate=-37 uimp=-266310 upos=745 uneg=1445 ball=-52.90 vball=-1.96 aball=-61.5 bref=0.00 pid=-36.8 pref=-270.0 ppos=-266.3 apid=-0.0 integ=-0.0 vision=1 current=1 vframe=3521 vs=1 vage=85 vpage=85 vdt=34 vmax=689 vacc=3500 vrej=0 seq=0 elapsed=0 oled=3C
[   3656] STATUS mode=3 fault=none enc=-517 denc=0 sreq=-328 sapplied=-328 crate=-328 uimp=-269065 upos=745 uneg=1485 ball=-52.92 vball=-1.05 aball=-26.0 bref=0.00 pid=-584.7 pref=-327.5 ppos=-269.1 apid=-0.0 integ=-60.0 vision=1 current=1 vframe=3528 vs=1 vage=13 vpage=13 vdt=112 vmax=689 vacc=3507 vrej=0 seq=0 elapsed=0 oled=3C
[   3688] STATUS mode=3 fault=none enc=-529 denc=-4 sreq=-564 sapplied=-564 crate=-564 uimp=-278455 upos=745 uneg=1505 ball=-52.81 vball=1.07 aball=-26.0 bref=0.00 pid=-564.0 pref=-334.9 ppos=-278.5 apid=-0.0 integ=-73.8 vision=1 current=1 vframe=3529 vs=1 vage=10 vpage=10 vdt=23 vmax=689 vacc=3508 vrej=0 seq=0 elapsed=0 oled=3C
[   3719] STATUS mode=3 fault=none enc=-557 denc=-4 sreq=-545 sapplied=-545 crate=-545 uimp=-299890 upos=745 uneg=1545 ball=-52.80 vball=0.73 aball=-26.0 bref=0.00 pid=-544.7 pref=-354.4 ppos=-299.9 apid=-0.0 integ=-92.4 vision=1 current=1 vframe=3530 vs=1 vage=19 vpage=19 vdt=31 vmax=689 vacc=3509 vrej=0 seq=0 elapsed=0 oled=3C
[   3750] STATUS mode=3 fault=none enc=-569 denc=-3 sreq=-444 sapplied=-444 crate=-444 uimp=-309995 upos=745 uneg=1565 ball=-52.80 vball=0.73 aball=-26.0 bref=0.00 pid=-443.6 pref=-354.4 ppos=-310.0 apid=-0.0 integ=-92.4 vision=1 current=1 vframe=3530 vs=1 vage=39 vpage=39 vdt=31 vmax=689 vacc=3509 vrej=0 seq=0 elapsed=0 oled=3C
[   3766] STATUS mode=3 fault=none enc=-579 denc=-2 sreq=-361 sapplied=-361 crate=-361 uimp=-318220 upos=745 uneg=1585 ball=-52.80 vball=0.73 aball=-26.0 bref=0.00 pid=-361.4 pref=-354.4 ppos=-318.2 apid=-0.0 integ=-92.4 vision=1 current=1 vframe=3530 vs=1 vage=59 vpage=59 vdt=31 vmax=689 vacc=3509 vrej=0 seq=0 elapsed=0 oled=3C
[   3797] STATUS mode=3 fault=none enc=-595 denc=-1 sreq=-352 sapplied=-352 crate=-352 uimp=-330380 upos=745 uneg=1625 ball=-52.84 vball=0.03 aball=-11.1 bref=0.00 pid=-837.4 pref=-414.1 ppos=-330.4 apid=-0.0 integ=-150.0 vision=1 current=1 vframe=3531 vs=1 vage=3 vpage=3 vdt=96 vmax=689 vacc=3510 vrej=0 seq=0 elapsed=0 oled=3C
[   3828] STATUS mode=3 fault=none enc=-608 denc=-3 sreq=-752 sapplied=-752 crate=-752 uimp=-340420 upos=745 uneg=1645 ball=-52.78 vball=1.50 aball=-11.1 bref=0.00 pid=-818.8 pref=-422.3 ppos=-340.4 apid=-0.0 integ=-162.6 vision=1 current=1 vframe=3532 vs=1 vage=2 vpage=2 vdt=21 vmax=689 vacc=3511 vrej=0 seq=0 elapsed=0 oled=3C
[   3858] STATUS mode=3 fault=none enc=-643 denc=-4 sreq=-741 sapplied=-741 crate=-741 uimp=-368390 upos=745 uneg=1685 ball=-52.74 vball=1.28 aball=-11.1 bref=0.00 pid=-741.3 pref=-442.5 ppos=-368.4 apid=-0.0 integ=-182.4 vision=1 current=1 vframe=3533 vs=1 vage=9 vpage=9 vdt=33 vmax=689 vacc=3512 vrej=0 seq=0 elapsed=0 oled=3C
[   3875] STATUS mode=3 fault=none enc=-661 denc=-4 sreq=-604 sapplied=-604 crate=-604 uimp=-382140 upos=745 uneg=1705 ball=-52.74 vball=1.28 aball=-11.1 bref=0.00 pid=-603.8 pref=-442.5 ppos=-382.1 apid=-0.0 integ=-182.4 vision=1 current=1 vframe=3533 vs=1 vage=29 vpage=29 vdt=33 vmax=689 vacc=3512 vrej=0 seq=0 elapsed=0 oled=3C
[   3906] STATUS mode=3 fault=none enc=-675 denc=-3 sreq=-492 sapplied=-492 crate=-492 uimp=-393345 upos=745 uneg=1725 ball=-52.74 vball=1.28 aball=-11.1 bref=0.00 pid=-491.7 pref=-442.5 ppos=-393.3 apid=-0.0 integ=-182.4 vision=1 current=1 vframe=3533 vs=1 vage=49 vpage=49 vdt=33 vmax=689 vacc=3512 vrej=0 seq=0 elapsed=0 oled=3C
[   3938] STATUS mode=3 fault=none enc=-695 denc=-2 sreq=-326 sapplied=-326 crate=-326 uimp=-409890 upos=745 uneg=1765 ball=-52.74 vball=1.28 aball=-11.1 bref=0.00 pid=-326.3 pref=-442.5 ppos=-409.9 apid=-0.0 integ=-182.4 vision=1 current=1 vframe=3533 vs=1 vage=89 vpage=89 vdt=33 vmax=689 vacc=3512 vrej=0 seq=0 elapsed=0 oled=3C
[   3969] STATUS mode=3 fault=none enc=-705 denc=-3 sreq=-610 sapplied=-610 crate=-610 uimp=-417670 upos=745 uneg=1785 ball=-52.73 vball=0.71 aball=-4.1 bref=0.00 pid=-851.9 pref=-502.9 ppos=-417.7 apid=-0.0 integ=-241.2 vision=1 current=1 vframe=3534 vs=1 vage=11 vpage=11 vdt=98 vmax=689 vacc=3513 vrej=0 seq=0 elapsed=0 oled=3C
[   4000] STATUS mode=3 fault=none enc=-737 denc=-3 sreq=-309 sapplied=-309 crate=-309 uimp=-443115 upos=745 uneg=1825 ball=-52.03 vball=12.78 aball=-4.1 bref=0.00 pid=-224.5 pref=-465.6 ppos=-443.1 apid=-0.0 integ=-0.0 vision=1 current=1 vframe=3535 vs=1 vage=16 vpage=16 vdt=35 vmax=689 vacc=3514 vrej=0 seq=0 elapsed=0 oled=3C
[   4016] STATUS mode=3 fault=none enc=-742 denc=-1 sreq=-179 sapplied=-179 crate=-179 uimp=-447645 upos=745 uneg=1845 ball=-52.03 vball=12.78 aball=-4.1 bref=0.00 pid=-179.2 pref=-465.6 ppos=-447.6 apid=-0.0 integ=-0.0 vision=1 current=1 vframe=3535 vs=1 vage=36 vpage=36 vdt=35 vmax=689 vacc=3514 vrej=0 seq=0 elapsed=0 oled=3C
[   4047] STATUS mode=3 fault=none enc=-746 denc=-1 sreq=-146 sapplied=-146 crate=-146 uimp=-450970 upos=745 uneg=1865 ball=-52.03 vball=12.78 aball=-4.1 bref=0.00 pid=-146.0 pref=-465.6 ppos=-451.0 apid=-0.0 integ=-0.0 vision=1 current=1 vframe=3535 vs=1 vage=56 vpage=56 vdt=35 vmax=689 vacc=3514 vrej=0 seq=0 elapsed=0 oled=3C
[   4078] STATUS mode=3 fault=none enc=-753 denc=-2 sreq=-97 sapplied=-97 crate=-97 uimp=-455885 upos=745 uneg=1905 ball=-52.03 vball=12.78 aball=-4.1 bref=0.00 pid=-96.8 pref=-465.6 ppos=-455.9 apid=-0.0 integ=-0.0 vision=1 current=1 vframe=3535 vs=1 vage=96 vpage=96 vdt=35 vmax=689 vacc=3514 vrej=0 seq=0 elapsed=0 oled=3C
[   4108] STATUS mode=3 fault=none enc=-755 denc=-1 sreq=-56 sapplied=-56 crate=-56 uimp=-457265 upos=745 uneg=1920 ball=-50.97 vball=11.86 aball=40.4 bref=0.00 pid=-55.8 pref=-462.8 ppos=-457.3 apid=0.0 integ=-0.0 vision=1 current=1 vframe=3537 vs=1 vage=3 vpage=3 vdt=7 vmax=689 vacc=3516 vrej=0 seq=0 elapsed=0 oled=3C
[   4125] STATUS mode=3 fault=none enc=-755 denc=2 sreq=355 sapplied=355 crate=355 uimp=-456475 upos=755 uneg=1945 ball=-49.61 vball=39.91 aball=40.4 bref=0.00 pid=789.7 pref=-377.5 ppos=-456.5 apid=0.0 integ=-0.0 vision=1 current=1 vframe=3538 vs=1 vage=20 vpage=20 vdt=23 vmax=689 vacc=3517 vrej=0 seq=0 elapsed=0 oled=3C
[   4156] STATUS mode=3 fault=none enc=-742 denc=4 sreq=547 sapplied=547 crate=547 uimp=-446770 upos=775 uneg=1945 ball=-48.70 vball=33.08 aball=40.4 bref=0.00 pid=546.9 pref=-392.1 ppos=-446.8 apid=0.0 integ=-0.0 vision=1 current=1 vframe=3539 vs=1 vage=7 vpage=7 vdt=33 vmax=689 vacc=3518 vrej=0 seq=0 elapsed=0 oled=3C
[   4188] STATUS mode=3 fault=none enc=-729 denc=3 sreq=445 sapplied=445 crate=445 uimp=-436620 upos=795 uneg=1945 ball=-48.70 vball=33.08 aball=40.4 bref=0.00 pid=445.4 pref=-392.1 ppos=-436.6 apid=0.0 integ=-0.0 vision=1 current=1 vframe=3539 vs=1 vage=27 vpage=27 vdt=33 vmax=689 vacc=3518 vrej=0 seq=0 elapsed=0 oled=3C
[   4219] STATUS mode=3 fault=none enc=-711 denc=1 sreq=296 sapplied=296 crate=296 uimp=-421630 upos=835 uneg=1945 ball=-48.70 vball=33.08 aball=40.4 bref=0.00 pid=295.5 pref=-392.1 ppos=-421.6 apid=0.0 integ=-0.0 vision=1 current=1 vframe=3539 vs=1 vage=67 vpage=67 vdt=33 vmax=689 vacc=3518 vrej=0 seq=0 elapsed=0 oled=3C
[   4233] STATUS mode=3 fault=none enc=-704 denc=2 sreq=241 sapplied=241 crate=241 uimp=-416145 upos=855 uneg=1945 ball=-48.70 vball=33.08 aball=40.4 bref=0.00 pid=240.7 pref=-392.1 ppos=-416.1 apid=0.0 integ=-0.0 vision=1 current=1 vframe=3539 vs=1 vage=87 vpage=87 vdt=33 vmax=689 vacc=3518 vrej=0 seq=0 elapsed=0 oled=3C
[   4266] STATUS mode=3 fault=none enc=-698 denc=1 sreq=339 sapplied=339 crate=339 uimp=-411125 upos=875 uneg=1945 ball=-46.26 vball=34.04 aball=77.7 bref=0.00 pid=339.4 pref=-377.2 ppos=-411.1 apid=0.0 integ=-0.0 vision=1 current=1 vframe=3540 vs=1 vage=8 vpage=8 vdt=99 vmax=689 vacc=3519 vrej=0 seq=0 elapsed=0 oled=3C
[   4297] STATUS mode=3 fault=none enc=-684 denc=0 sreq=225 sapplied=225 crate=225 uimp=-399705 upos=915 uneg=1945 ball=-46.26 vball=34.04 aball=77.7 bref=0.00 pid=225.2 pref=-377.2 ppos=-399.7 apid=0.0 integ=-0.0 vision=1 current=0 vframe=3541 vs=0 vage=48 vpage=29 vdt=99 vmax=689 vacc=3519 vrej=0 seq=0 elapsed=0 oled=3C
[   4328] STATUS mode=3 fault=none enc=-674 denc=4 sreq=625 sapplied=625 crate=625 uimp=-392205 upos=935 uneg=1945 ball=-40.61 vball=88.21 aball=77.7 bref=0.00 pid=1949.4 pref=-197.3 ppos=-392.2 apid=0.0 integ=-0.0 vision=1 current=1 vframe=3542 vs=1 vage=18 vpage=18 vdt=50 vmax=689 vacc=3520 vrej=0 seq=0 elapsed=0 oled=3C
[   4344] STATUS mode=3 fault=none enc=-653 denc=7 sreq=1025 sapplied=1025 crate=1025 uimp=-376705 upos=955 uneg=1945 ball=-40.61 vball=88.21 aball=77.7 bref=0.00 pid=1794.4 pref=-197.3 ppos=-376.7 apid=0.0 integ=-0.0 vision=1 current=1 vframe=3542 vs=1 vage=38 vpage=38 vdt=50 vmax=689 vacc=3520 vrej=0 seq=0 elapsed=0 oled=3C
[   4375] STATUS mode=3 fault=none enc=-588 denc=9 sreq=1276 sapplied=1276 crate=1276 uimp=-324855 upos=995 uneg=1945 ball=-40.61 vball=88.21 aball=77.7 bref=0.00 pid=1275.9 pref=-197.3 ppos=-324.9 apid=0.0 integ=-0.0 vision=1 current=1 vframe=3542 vs=1 vage=78 vpage=78 vdt=50 vmax=689 vacc=3520 vrej=0 seq=0 elapsed=0 oled=3C
[   4406] STATUS mode=3 fault=none enc=-557 denc=7 sreq=1039 sapplied=1039 crate=1039 uimp=-301185 upos=1015 uneg=1945 ball=-40.61 vball=88.21 aball=77.7 bref=0.00 pid=1039.2 pref=-197.3 ppos=-301.2 apid=0.0 integ=-0.0 vision=1 current=1 vframe=3542 vs=1 vage=98 vpage=98 vdt=50 vmax=689 vacc=3520 vrej=0 seq=0 elapsed=0 oled=3C
[   4438] STATUS mode=3 fault=none enc=-519 denc=3 sreq=695 sapplied=695 crate=695 uimp=-270540 upos=1055 uneg=1945 ball=-30.83 vball=112.05 aball=163.8 bref=0.00 pid=1889.3 pref=-81.6 ppos=-270.5 apid=0.0 integ=-0.0 vision=1 current=1 vframe=3544 vs=1 vage=4 vpage=4 vdt=36 vmax=689 vacc=3522 vrej=0 seq=0 elapsed=0 oled=3C
[   4469] STATUS mode=3 fault=none enc=-496 denc=8 sreq=1095 sapplied=1095 crate=1095 uimp=-253640 upos=1075 uneg=1945 ball=-30.83 vball=112.05 aball=163.8 bref=0.00 pid=1720.3 pref=-81.6 ppos=-253.6 apid=0.0 integ=-0.0 vision=1 current=1 vframe=3544 vs=1 vage=24 vpage=24 vdt=36 vmax=689 vacc=3522 vrej=0 seq=0 elapsed=0 oled=3C
[   4483] STATUS mode=3 fault=none enc=-465 denc=9 sreq=1471 sapplied=1471 crate=1471 uimp=-228740 upos=1095 uneg=1945 ball=-30.83 vball=112.05 aball=163.8 bref=0.00 pid=1471.3 pref=-81.6 ppos=-228.7 apid=0.0 integ=-0.0 vision=1 current=1 vframe=3544 vs=1 vage=44 vpage=44 vdt=36 vmax=689 vacc=3522 vrej=0 seq=0 elapsed=0 oled=3C
[   4516] STATUS mode=3 fault=none enc=-401 denc=7 sreq=976 sapplied=976 crate=976 uimp=-179225 upos=1135 uneg=1945 ball=-30.83 vball=112.05 aball=163.8 bref=0.00 pid=976.1 pref=-81.6 ppos=-179.2 apid=0.0 integ=-0.0 vision=1 current=1 vframe=3544 vs=1 vage=84 vpage=84 vdt=36 vmax=689 vacc=3522 vrej=0 seq=0 elapsed=0 oled=3C
[   4547] STATUS mode=3 fault=none enc=-379 denc=5 sreq=739 sapplied=739 crate=739 uimp=-161120 upos=1155 uneg=1945 ball=-27.51 vball=104.11 aball=188.7 bref=0.00 pid=738.8 pref=-87.2 ppos=-161.1 apid=0.0 integ=-0.0 vision=1 current=1 vframe=3545 vs=1 vage=2 vpage=2 vdt=102 vmax=689 vacc=3523 vrej=0 seq=0 elapsed=0 oled=3C
[   4578] STATUS mode=3 fault=none enc=-356 denc=1 sreq=249 sapplied=249 crate=249 uimp=-142185 upos=1195 uneg=1945 ball=-24.08 vball=87.25 aball=188.7 bref=0.00 pid=248.8 pref=-117.3 ppos=-142.2 apid=0.0 integ=-0.0 vision=1 current=0 vframe=3547 vs=0 vage=35 vpage=15 vdt=7 vmax=689 vacc=3524 vrej=0 seq=0 elapsed=0 oled=3C
[   4594] STATUS mode=3 fault=none enc=-349 denc=3 sreq=203 sapplied=203 crate=203 uimp=-137570 upos=1215 uneg=1945 ball=-24.08 vball=87.25 aball=188.7 bref=0.00 pid=202.7 pref=-117.3 ppos=-137.6 apid=0.0 integ=-0.0 vision=1 current=0 vframe=3547 vs=0 vage=55 vpage=35 vdt=7 vmax=689 vacc=3524 vrej=0 seq=0 elapsed=0 oled=3C
[   4625] STATUS mode=3 fault=none enc=-340 denc=4 sreq=603 sapplied=603 crate=603 uimp=-130510 upos=1235 uneg=1945 ball=-16.71 vball=127.36 aball=188.7 bref=0.00 pid=1623.7 pref=31.9 ppos=-130.5 apid=0.0 integ=-0.0 vision=1 current=1 vframe=3548 vs=1 vage=20 vpage=20 vdt=55 vmax=689 vacc=3525 vrej=0 seq=0 elapsed=0 oled=3C
[   4656] STATUS mode=3 fault=none enc=-292 denc=8 sreq=1242 sapplied=1242 crate=1242 uimp=-92390 upos=1275 uneg=1945 ball=-16.71 vball=127.36 aball=188.7 bref=0.00 pid=1242.5 pref=31.9 ppos=-92.4 apid=0.0 integ=-0.0 vision=1 current=1 vframe=3548 vs=1 vage=60 vpage=60 vdt=55 vmax=689 vacc=3525 vrej=0 seq=0 elapsed=0 oled=3C
[   4688] STATUS mode=3 fault=none enc=-264 denc=6 sreq=1012 sapplied=1012 crate=1012 uimp=-69350 upos=1295 uneg=1945 ball=-16.71 vball=127.36 aball=188.7 bref=0.00 pid=1012.1 pref=31.9 ppos=-69.4 apid=0.0 integ=-0.0 vision=1 current=1 vframe=3548 vs=1 vage=80 vpage=80 vdt=55 vmax=689 vacc=3525 vrej=0 seq=0 elapsed=0 oled=3C
[   4703] STATUS mode=3 fault=none enc=-239 denc=6 sreq=824 sapplied=824 crate=824 uimp=-50580 upos=1315 uneg=1945 ball=-16.71 vball=127.36 aball=188.7 bref=0.00 pid=824.4 pref=31.9 ppos=-50.6 apid=0.0 integ=-0.0 vision=1 current=1 vframe=3548 vs=1 vage=100 vpage=100 vdt=55 vmax=689 vacc=3525 vrej=0 seq=0 elapsed=0 oled=3C
[   4733] STATUS mode=3 fault=none enc=-213 denc=3 sreq=283 sapplied=283 crate=283 uimp=-28810 upos=1355 uneg=1945 ball=-8.04 vball=98.87 aball=112.3 bref=0.00 pid=242.5 pref=-4.6 ppos=-28.8 apid=0.0 integ=-0.0 vision=1 current=1 vframe=3550 vs=1 vage=5 vpage=5 vdt=32 vmax=689 vacc=3527 vrej=0 seq=0 elapsed=0 oled=3C
[   4766] STATUS mode=3 fault=none enc=-208 denc=1 sreq=196 sapplied=196 crate=196 uimp=-24140 upos=1375 uneg=1945 ball=-8.04 vball=98.87 aball=112.3 bref=0.00 pid=195.8 pref=-4.6 ppos=-24.1 apid=0.0 integ=-0.0 vision=1 current=1 vframe=3550 vs=1 vage=25 vpage=25 vdt=32 vmax=689 vacc=3527 vrej=0 seq=0 elapsed=0 oled=3C
[   4797] STATUS mode=3 fault=none enc=-199 denc=2 sreq=130 sapplied=130 crate=130 uimp=-17550 upos=1415 uneg=1945 ball=-8.04 vball=98.87 aball=112.3 bref=0.00 pid=129.9 pref=-4.6 ppos=-20.5 apid=0.0 integ=-0.0 vision=1 current=0 vframe=3551 vs=0 vage=45 vpage=15 vdt=32 vmax=689 vacc=3527 vrej=0 seq=0 elapsed=0 oled=3C
[   4813] STATUS mode=3 fault=none enc=-198 denc=-2 sreq=106 sapplied=106 crate=106 uimp=-15145 upos=1435 uneg=1945 ball=-8.04 vball=98.87 aball=112.3 bref=0.00 pid=105.8 pref=-4.6 ppos=-15.1 apid=0.0 integ=-0.0 vision=1 current=0 vframe=3551 vs=0 vage=85 vpage=55 vdt=32 vmax=689 vacc=3527 vrej=0 seq=0 elapsed=0 oled=3C
[   4844] STATUS mode=3 fault=none enc=-195 denc=-1 sreq=86 sapplied=86 crate=86 uimp=-13180 upos=1455 uneg=1945 ball=-8.04 vball=98.87 aball=112.3 bref=0.00 pid=86.2 pref=-4.6 ppos=-13.2 apid=0.0 integ=-0.0 vision=1 current=0 vframe=3551 vs=0 vage=105 vpage=75 vdt=32 vmax=689 vacc=3527 vrej=0 seq=0 elapsed=0 oled=3C
[   4875] STATUS mode=3 fault=none enc=-191 denc=1 sreq=57 sapplied=57 crate=57 uimp=-10280 upos=1495 uneg=1945 ball=-8.04 vball=98.87 aball=112.3 bref=0.00 pid=57.2 pref=-4.6 ppos=-10.3 apid=0.0 integ=-0.0 vision=1 current=0 vframe=3552 vs=0 vage=145 vpage=23 vdt=32 vmax=689 vacc=3527 vrej=0 seq=0 elapsed=0 oled=3C
[   4906] STATUS mode=3 fault=none enc=-190 denc=1 sreq=-195 sapplied=-195 crate=-195 uimp=-10455 upos=1505 uneg=1950 ball=-4.01 vball=82.60 aball=1.2 bref=0.00 pid=-195.1 pref=-30.0 ppos=-10.5 apid=0.0 integ=-0.0 vision=1 current=1 vframe=3553 vs=1 vage=14 vpage=14 vdt=151 vmax=689 vacc=3528 vrej=0 seq=0 elapsed=0 oled=3C
[   4922] STATUS mode=3 fault=none enc=-194 denc=-1 sreq=-159 sapplied=-159 crate=-159 uimp=-14070 upos=1505 uneg=1970 ball=-4.01 vball=82.60 aball=1.2 bref=0.00 pid=-159.0 pref=-30.0 ppos=-14.1 apid=0.0 integ=-0.0 vision=1 current=0 vframe=3554 vs=0 vage=34 vpage=6 vdt=151 vmax=689 vacc=3528 vrej=0 seq=0 elapsed=0 oled=3C
[   4953] STATUS mode=3 fault=none enc=-201 denc=-2 sreq=-105 sapplied=-105 crate=-105 uimp=-19420 upos=1505 uneg=2010 ball=-4.01 vball=82.60 aball=1.2 bref=0.00 pid=-105.5 pref=-30.0 ppos=-19.4 apid=0.0 integ=-0.0 vision=1 current=0 vframe=3554 vs=0 vage=74 vpage=46 vdt=151 vmax=689 vacc=3528 vrej=0 seq=0 elapsed=0 oled=3C
[   4983] STATUS mode=3 fault=none enc=-204 denc=-2 sreq=-86 sapplied=-86 crate=-86 uimp=-21370 upos=1505 uneg=2030 ball=-4.01 vball=82.60 aball=1.2 bref=0.00 pid=-86.0 pref=-30.0 ppos=-21.4 apid=0.0 integ=-0.0 vision=1 current=0 vframe=3554 vs=0 vage=94 vpage=66 vdt=151 vmax=689 vacc=3528 vrej=0 seq=0 elapsed=0 oled=3C
[   5016] STATUS mode=3 fault=none enc=-204 denc=0 sreq=-70 sapplied=-70 crate=-70 uimp=-22970 upos=1505 uneg=2050 ball=-4.01 vball=82.60 aball=1.2 bref=0.00 pid=-70.0 pref=-30.0 ppos=-23.0 apid=0.0 integ=-0.0 vision=1 current=0 vframe=3554 vs=0 vage=114 vpage=86 vdt=151 vmax=689 vacc=3528 vrej=0 seq=0 elapsed=0 oled=3C
[   5031] STATUS mode=3 fault=none enc=-213 denc=-3 sreq=-435 sapplied=-435 crate=-435 uimp=-30455 upos=1505 uneg=2090 ball=-2.43 vball=64.06 aball=-63.0 bref=0.00 pid=-435.3 pref=-74.0 ppos=-30.5 apid=-0.0 integ=-0.0 vision=1 current=0 vframe=3556 vs=0 vage=23 vpage=8 vdt=131 vmax=689 vacc=3529 vrej=0 seq=0 elapsed=0 oled=3C
[   5063] STATUS mode=3 fault=none enc=-223 denc=-2 sreq=-355 sapplied=-355 crate=-355 uimp=-38530 upos=1505 uneg=2110 ball=-2.43 vball=64.06 aball=-63.0 bref=0.00 pid=-354.5 pref=-74.0 ppos=-38.5 apid=-0.0 integ=-0.0 vision=1 current=0 vframe=3556 vs=0 vage=43 vpage=28 vdt=131 vmax=689 vacc=3529 vrej=0 seq=0 elapsed=0 oled=3C
[   5094] STATUS mode=3 fault=none enc=-238 denc=-2 sreq=-235 sapplied=-235 crate=-235 uimp=-50470 upos=1505 uneg=2150 ball=-2.43 vball=64.06 aball=-63.0 bref=0.00 pid=-235.1 pref=-74.0 ppos=-50.5 apid=-0.0 integ=-0.0 vision=1 current=0 vframe=3557 vs=0 vage=83 vpage=35 vdt=131 vmax=689 vacc=3529 vrej=0 seq=0 elapsed=0 oled=3C
[   5125] STATUS mode=3 fault=none enc=-243 denc=-1 sreq=-192 sapplied=-192 crate=-192 uimp=-54830 upos=1505 uneg=2170 ball=-2.43 vball=64.06 aball=-63.0 bref=0.00 pid=-191.5 pref=-74.0 ppos=-54.8 apid=-0.0 integ=-0.0 vision=1 current=0 vframe=3557 vs=0 vage=103 vpage=55 vdt=131 vmax=689 vacc=3529 vrej=0 seq=0 elapsed=0 oled=3C
[   5156] STATUS mode=3 fault=none enc=-247 denc=0 sreq=-156 sapplied=-156 crate=-156 uimp=-58385 upos=1505 uneg=2190 ball=-2.43 vball=64.06 aball=-63.0 bref=0.00 pid=-156.0 pref=-74.0 ppos=-58.4 apid=-0.0 integ=-0.0 vision=1 current=0 vframe=3557 vs=0 vage=123 vpage=75 vdt=131 vmax=689 vacc=3529 vrej=0 seq=0 elapsed=0 oled=3C
[   5172] STATUS mode=3 fault=none enc=-257 denc=-2 sreq=-421 sapplied=-421 crate=-421 uimp=-65230 upos=1505 uneg=2230 ball=-6.47 vball=19.76 aball=-167.6 bref=0.00 pid=-1529.9 pref=-218.2 ppos=-65.2 apid=-0.0 integ=-0.0 vision=1 current=1 vframe=3558 vs=1 vage=13 vpage=13 vdt=150 vmax=689 vacc=3530 vrej=0 seq=0 elapsed=0 oled=3C
[   5203] STATUS mode=3 fault=none enc=-272 denc=-5 sreq=-821 sapplied=-821 crate=-821 uimp=-76650 upos=1505 uneg=2250 ball=-6.47 vball=19.76 aball=-167.6 bref=0.00 pid=-1415.7 pref=-218.2 ppos=-76.7 apid=-0.0 integ=-0.0 vision=1 current=0 vframe=3559 vs=0 vage=33 vpage=18 vdt=150 vmax=689 vacc=3530 vrej=0 seq=0 elapsed=0 oled=3C
[   5233] STATUS mode=3 fault=none enc=-330 denc=-8 sreq=-1621 sapplied=-1621 crate=-1621 uimp=-123490 upos=1505 uneg=2290 ball=-16.91 vball=.76 aball=-167.6 bref=0.00 pid=-1221.5 pref=-218.2 ppos=-96.1 apid=-0.0 integ=-0.0 vision=1 current=0 vframe=3559 vs=0 vage=53 vpage=38 vdt=150 vmax=689 vacc=3530 vrej=0 seq=0 elapsed=0 oled=3C
[   5266] STATUS mode=3 fault=none enc=-376 denc=-12 sreq=-2000 sapplied=-2000 crate=-2000 uimp=-158910 upos=1505 uneg=2310 ball=-16.91 vball=-119.65 aball=-167.6 bref=0.00 pid=-2000.0 pref=-541.2 ppos=-158.9 apid=-0.0 integ=-0.0 vision=1 current=1 vframe=3560 vs=1 vage=36 vpage=36 vdt=57 vmax=689 vacc=3531 vrej=0 seq=0 elapsed=0 oled=3C
[   5297] STATUS mode=3 fault=none enc=-428 denc=-14 sreq=-2000 sapplied=-2000 crate=-2000 uimp=-198910 upos=1505 uneg=2330 ball=-16.91 vball=-119.65 aball=-167.6 bref=0.00 pid=-2000.0 pref=-541.2 ppos=-198.9 apid=-0.0 integ=-0.0 vision=1 current=1 vframe=3560 vs=1 vage=56 vpage=56 vdt=57 vmax=689 vacc=3531 vrej=0 seq=0 elapsed=0 oled=3C
[   5313] STATUS mode=3 fault=none enc=-530 denc=-13 sreq=-2000 sapplied=-2000 crate=-2000 uimp=-278910 upos=1505 uneg=2370 ball=-22.65 vball=-97.44 aball=-455.9 bref=0.00 pid=-2000.0 pref=-541.2 ppos=-278.9 apid=-0.0 integ=-0.0 vision=1 current=1 vframe=3561 vs=1 vage=8 vpage=8 vdt=88 vmax=689 vacc=3532 vrej=0 seq=0 elapsed=0 oled=3C
[   5344] STATUS mode=3 fault=none enc=-581 denc=-13 sreq=-2000 sapplied=-2000 crate=-2000 uimp=-318910 upos=1505 uneg=2390 ball=-27.90 vball=-175.01 aball=-455.9 bref=0.00 pid=-2000.0 pref=-541.2 ppos=-318.9 apid=-0.0 integ=-0.0 vision=1 current=1 vframe=3562 vs=1 vage=6 vpage=6 vdt=22 vmax=689 vacc=3533 vrej=0 seq=0 elapsed=0 oled=3C
[   5375] STATUS mode=3 fault=none enc=-674 denc=-11 sreq=-1488 sapplied=-1488 crate=-1488 uimp=-392410 upos=1505 uneg=2430 ball=-31.63 vball=-143.41 aball=-455.9 bref=0.00 pid=-1487.9 pref=-541.2 ppos=-392.4 apid=-0.0 integ=-0.0 vision=1 current=1 vframe=3563 vs=1 vage=13 vpage=13 vdt=33 vmax=689 vacc=3534 vrej=0 seq=0 elapsed=0 oled=3C
[   5406] STATUS mode=3 fault=none enc=-708 denc=-8 sreq=-1212 sapplied=-1212 crate=-1212 uimp=-420010 upos=1505 uneg=2450 ball=-31.63 vball=-143.41 aball=-455.9 bref=0.00 pid=-1211.9 pref=-541.2 ppos=-420.0 apid=-0.0 integ=-0.0 vision=1 current=1 vframe=3563 vs=1 vage=33 vpage=33 vdt=33 vmax=689 vacc=3534 vrej=0 seq=0 elapsed=0 oled=3C
[   5438] STATUS mode=3 fault=none enc=-759 denc=-5 sreq=-804 sapplied=-804 crate=-804 uimp=-460800 upos=1505 uneg=2490 ball=-31.63 vball=-143.41 aball=-455.9 bref=0.00 pid=-804.0 pref=-541.2 ppos=-460.8 apid=-0.0 integ=-0.0 vision=1 current=1 vframe=3563 vs=1 vage=53 vpage=53 vdt=33 vmax=689 vacc=3534 vrej=0 seq=0 elapsed=0 oled=3C
[   5469] STATUS mode=3 fault=none enc=-777 denc=-4 sreq=-655 sapplied=-655 crate=-655 uimp=-475715 upos=1505 uneg=2510 ball=-31.63 vball=-143.41 aball=-455.9 bref=0.00 pid=-654.8 pref=-541.2 ppos=-475.7 apid=-0.0 integ=-0.0 vision=1 current=1 vframe=3563 vs=1 vage=93 vpage=93 vdt=33 vmax=689 vacc=3534 vrej=0 seq=0 elapsed=0 oled=3C
[   5483] STATUS mode=3 fault=none enc=-792 denc=-3 sreq=-533 sapplied=-533 crate=-533 uimp=-487860 upos=1505 uneg=2530 ball=-36.35 vball=-100.55 aball=-260.1 bref=0.00 pid=-533.4 pref=-541.2 ppos=-487.9 apid=-0.0 integ=-0.0 vision=1 current=1 vframe=3564 vs=1 vage=19 vpage=19 vdt=94 vmax=689 vacc=3535 vrej=0 seq=0 elapsed=0 oled=3C
[   5516] STATUS mode=3 fault=none enc=-814 denc=-2 sreq=-354 sapplied=-354 crate=-354 uimp=-505810 upos=1505 uneg=2570 ball=-43.04 vball=-112.71 aball=-260.1 bref=0.00 pid=-353.9 pref=-541.2 ppos=-505.8 apid=-0.0 integ=-0.0 vision=1 current=1 vframe=3566 vs=1 vage=1 vpage=1 vdt=35 vmax=689 vacc=3537 vrej=0 seq=0 elapsed=0 oled=3C
[   5547] STATUS mode=3 fault=none enc=-823 denc=-2 sreq=-288 sapplied=-288 crate=-288 uimp=-512370 upos=1505 uneg=2590 ball=-43.04 vball=-112.71 aball=-260.1 bref=0.00 pid=-288.3 pref=-541.2 ppos=-512.4 apid=-0.0 integ=-0.0 vision=1 current=1 vframe=3566 vs=1 vage=21 vpage=21 vdt=35 vmax=689 vacc=3537 vrej=0 seq=0 elapsed=0 oled=3C
[   5578] STATUS mode=3 fault=none enc=-835 denc=-1 sreq=-191 sapplied=-191 crate=-191 uimp=-522070 upos=1505 uneg=2630 ball=-43.04 vball=-112.71 aball=-260.1 bref=0.00 pid=-191.3 pref=-541.2 ppos=-522.1 apid=-0.0 integ=-0.0 vision=1 current=1 vframe=3566 vs=1 vage=61 vpage=61 vdt=35 vmax=689 vacc=3537 vrej=0 seq=0 elapsed=0 oled=3C
[   5608] STATUS mode=3 fault=none enc=-839 denc=-1 sreq=-156 sapplied=-156 crate=-156 uimp=-525620 upos=1505 uneg=2650 ball=-43.04 vball=-112.71 aball=-260.1 bref=0.00 pid=-155.8 pref=-541.2 ppos=-525.6 apid=-0.0 integ=-0.0 vision=1 current=1 vframe=3566 vs=1 vage=81 vpage=81 vdt=35 vmax=689 vacc=3537 vrej=0 seq=0 elapsed=0 oled=3C
[   5625] STATUS mode=3 fault=none enc=-843 denc=-1 sreq=-127 sapplied=-127 crate=-127 uimp=-528515 upos=1505 uneg=2670 ball=-43.04 vball=-112.71 aball=-260.1 bref=0.00 pid=-126.9 pref=-541.2 ppos=-528.5 apid=-0.0 integ=-0.0 vision=1 current=1 vframe=3566 vs=1 vage=101 vpage=101 vdt=35 vmax=689 vacc=3537 vrej=0 seq=0 elapsed=0 oled=3C
[   5656] STATUS mode=3 fault=none enc=-847 denc=1 sreq=-84 sapplied=-84 crate=-84 uimp=-532785 upos=1505 uneg=2710 ball=-47.49 vball=-51.25 aball=-82.6 bref=0.00 pid=-84.2 pref=-541.2 ppos=-532.8 apid=-0.0 integ=-0.0 vision=1 current=1 vframe=3568 vs=1 vage=7 vpage=7 vdt=27 vmax=689 vacc=3539 vrej=0 seq=0 elapsed=0 oled=3C
[   5688] STATUS mode=3 fault=none enc=-850 denc=-1 sreq=-69 sapplied=-69 crate=-69 uimp=-534345 upos=1505 uneg=2730 ball=-47.49 vball=-51.25 aball=-82.6 bref=0.00 pid=-68.6 pref=-541.2 ppos=-534.3 apid=-0.0 integ=-0.0 vision=1 current=1 vframe=3568 vs=1 vage=27 vpage=27 vdt=27 vmax=689 vacc=3539 vrej=0 seq=0 elapsed=0 oled=3C
[   5719] STATUS mode=3 fault=none enc=-853 denc=-1 sreq=-45 sapplied=-45 crate=-45 uimp=-536655 upos=1505 uneg=2770 ball=-47.38 vball=-25.07 aball=-82.6 bref=0.00 pid=-45.5 pref=-541.2 ppos=-536.7 apid=-0.0 integ=-0.0 vision=1 current=1 vframe=3569 vs=1 vage=37 vpage=37 vdt=30 vmax=689 vacc=3540 vrej=0 seq=0 elapsed=0 oled=3C
[   5733] STATUS mode=3 fault=none enc=-853 denc=0 sreq=-37 sapplied=-37 crate=-37 uimp=-537495 upos=1505 uneg=2790 ball=-47.38 vball=-25.07 aball=-82.6 bref=0.00 pid=-37.1 pref=-541.2 ppos=-537.5 apid=-0.0 integ=-0.0 vision=1 current=1 vframe=3569 vs=1 vage=57 vpage=57 vdt=30 vmax=689 vacc=3540 vrej=0 seq=0 elapsed=0 oled=3C
[   5766] STATUS mode=3 fault=none enc=-854 denc=0 sreq=-30 sapplied=-30 crate=-30 uimp=-538180 upos=1505 uneg=2810 ball=-47.38 vball=-25.07 aball=-82.6 bref=0.00 pid=-30.2 pref=-541.2 ppos=-538.2 apid=-0.0 integ=-0.0 vision=1 current=1 vframe=3569 vs=1 vage=77 vpage=77 vdt=30 vmax=689 vacc=3540 vrej=0 seq=0 elapsed=0 oled=3C
[   5797] STATUS mode=3 fault=none enc=-856 denc=0 sreq=221 sapplied=221 crate=221 uimp=-538095 upos=1510 uneg=2840 ball=-47.58 vball=-13.16 aball=139.2 bref=0.00 pid=221.5 pref=-515.9 ppos=-538.1 apid=0.0 integ=-0.0 vision=1 current=1 vframe=3570 vs=1 vage=15 vpage=15 vdt=102 vmax=689 vacc=3541 vrej=0 seq=0 elapsed=0 oled=3C
[   5828] STATUS mode=3 fault=none enc=-851 denc=0 sreq=290 sapplied=290 crate=290 uimp=-533990 upos=1530 uneg=2840 ball=-43.94 vball=45.66 aball=139.2 bref=0.00 pid=2000.0 pref=-333.1 ppos=-534.0 apid=0.0 integ=-0.0 vision=1 current=1 vframe=3571 vs=1 vage=4 vpage=4 vdt=31 vmax=689 vacc=3542 vrej=0 seq=0 elapsed=0 oled=3C
[   5858] STATUS mode=3 fault=none enc=-817 denc=7 sreq=1090 sapplied=1090 crate=1090 uimp=-508390 upos=1570 uneg=2840 ball=-41.72 vball=53.76 aball=139.2 bref=0.00 pid=2000.0 pref=-299.3 ppos=-508.4 apid=0.0 integ=-0.0 vision=1 current=1 vframe=3572 vs=1 vage=10 vpage=10 vdt=34 vmax=689 vacc=3543 vrej=0 seq=0 elapsed=0 oled=3C
[   5875] STATUS mode=3 fault=none enc=-786 denc=8 sreq=1490 sapplied=1490 crate=1490 uimp=-483590 upos=1590 uneg=2840 ball=-41.72 vball=53.76 aball=139.2 bref=0.00 pid=1843.2 pref=-299.3 ppos=-483.6 apid=0.0 integ=-0.0 vision=1 current=1 vframe=3572 vs=1 vage=30 vpage=30 vdt=34 vmax=689 vacc=3543 vrej=0 seq=0 elapsed=0 oled=3C
[   5906] STATUS mode=3 fault=none enc=-745 denc=11 sreq=1524 sapplied=1524 crate=1524 uimp=-451720 upos=1610 uneg=2840 ball=-41.72 vball=53.76 aball=139.2 bref=0.00 pid=1524.5 pref=-299.3 ppos=-451.7 apid=0.0 integ=-0.0 vision=1 current=1 vframe=3572 vs=1 vage=50 vpage=50 vdt=34 vmax=689 vacc=3543 vrej=0 seq=0 elapsed=0 oled=3C
[   5938] STATUS mode=3 fault=none enc=-681 denc=6 sreq=1011 sapplied=1011 crate=1011 uimp=-400405 upos=1650 uneg=2840 ball=-41.72 vball=53.76 aball=139.2 bref=0.00 pid=1011.3 pref=-299.3 ppos=-400.4 apid=0.0 integ=-0.0 vision=1 current=1 vframe=3572 vs=1 vage=90 vpage=90 vdt=34 vmax=689 vacc=3543 vrej=0 seq=0 elapsed=0 oled=3C
[   5969] STATUS mode=3 fault=none enc=-656 denc=7 sreq=946 sapplied=946 crate=946 uimp=-381005 upos=1670 uneg=2840 ball=-38.03 vball=51.75 aball=252.5 bref=0.00 pid=945.5 pref=-286.5 ppos=-381.0 apid=0.0 integ=-0.0 vision=1 current=1 vframe=3573 vs=1 vage=9 vpage=9 vdt=101 vmax=689 vacc=3544 vrej=0 seq=0 elapsed=0 oled=3C
[   5983] STATUS mode=3 fault=none enc=-634 denc=5 sreq=770 sapplied=770 crate=770 uimp=-363465 upos=1690 uneg=2840 ball=-38.03 vball=51.75 aball=252.5 bref=0.00 pid=770.1 pref=-286.5 ppos=-363.5 apid=0.0 integ=-0.0 vision=1 current=1 vframe=3573 vs=1 vage=29 vpage=29 vdt=101 vmax=689 vacc=3544 vrej=0 seq=0 elapsed=0 oled=3C
[   6016] STATUS mode=3 fault=none enc=-577 denc=10 sreq=1570 sapplied=1570 crate=1570 uimp=-318665 upos=1730 uneg=2840 ball=-27.83 vball=112.95 aball=252.5 bref=0.00 pid=2000.0 pref=-64.1 ppos=-318.7 apid=0.0 integ=-0.0 vision=1 current=1 vframe=3575 vs=1 vage=4 vpage=4 vdt=33 vmax=689 vacc=3546 vrej=0 seq=0 elapsed=0 oled=3C
[   6047] STATUS mode=3 fault=none enc=-534 denc=11 sreq=1970 sapplied=1970 crate=1970 uimp=-284265 upos=1750 uneg=2840 ball=-27.83 vball=112.95 aball=252.5 bref=0.00 pid=2000.0 pref=-64.1 ppos=-284.3 apid=0.0 integ=-0.0 vision=1 current=1 vframe=3575 vs=1 vage=24 vpage=24 vdt=33 vmax=689 vacc=3546 vrej=0 seq=0 elapsed=0 oled=3C
[   6078] STATUS mode=3 fault=none enc=-440 denc=10 sreq=1473 sapplied=1473 crate=1473 uimp=-211360 upos=1790 uneg=2840 ball=-27.83 vball=112.95 aball=252.5 bref=0.00 pid=1472.7 pref=-64.1 ppos=-211.4 apid=0.0 integ=-0.0 vision=1 current=1 vframe=3575 vs=1 vage=64 vpage=64 vdt=33 vmax=689 vacc=3546 vrej=0 seq=0 elapsed=0 oled=3C
[   6108] STATUS mode=3 fault=none enc=-405 denc=8 sreq=1199 sapplied=1199 crate=1199 uimp=-184040 upos=1810 uneg=2840 ball=-27.83 vball=112.95 aball=252.5 bref=0.00 pid=1199.5 pref=-64.1 ppos=-184.0 apid=0.0 integ=-0.0 vision=1 current=1 vframe=3575 vs=1 vage=84 vpage=84 vdt=33 vmax=689 vacc=3546 vrej=0 seq=0 elapsed=0 oled=3C
[   6125] STATUS mode=3 fault=none enc=-379 denc=5 sreq=840 sapplied=840 crate=840 uimp=-162445 upos=1830 uneg=2840 ball=-22.47 vball=95.26 aball=263.6 bref=0.00 pid=756.2 pref=-86.8 ppos=-162.4 apid=0.0 integ=-0.0 vision=1 current=1 vframe=3576 vs=1 vage=12 vpage=12 vdt=92 vmax=689 vacc=3547 vrej=0 seq=0 elapsed=0 oled=3C
[   6156] STATUS mode=3 fault=none enc=-332 denc=9 sreq=1240 sapplied=1240 crate=1240 uimp=-126735 upos=1870 uneg=2840 ball=-18.24 vball=117.75 aball=263.6 bref=0.00 pid=1240.3 pref=-2.7 ppos=-126.7 apid=0.0 integ=-0.0 vision=1 current=1 vframe=3577 vs=1 vage=27 vpage=27 vdt=25 vmax=689 vacc=3548 vrej=0 seq=0 elapsed=0 oled=3C
[   6188] STATUS mode=3 fault=none enc=-303 denc=7 sreq=1319 sapplied=1319 crate=1319 uimp=-102955 upos=1890 uneg=2840 ball=-11.94 vball=149.02 aball=263.6 bref=0.00 pid=1617.5 pref=58.8 ppos=-103.0 apid=0.0 integ=-0.0 vision=1 current=1 vframe=3578 vs=1 vage=8 vpage=8 vdt=39 vmax=689 vacc=3549 vrej=0 seq=0 elapsed=0 oled=3C
[   6219] STATUS mode=3 fault=none enc=-236 denc=8 sreq=1088 sapplied=1088 crate=1088 uimp=-50040 upos=1930 uneg=2840 ball=-11.94 vball=149.02 aball=263.6 bref=0.00 pid=1088.4 pref=58.8 ppos=-50.0 apid=0.0 integ=-0.0 vision=1 current=1 vframe=3578 vs=1 vage=48 vpage=48 vdt=39 vmax=689 vacc=3549 vrej=0 seq=0 elapsed=0 oled=3C
[   6233] STATUS mode=3 fault=none enc=-211 denc=7 sreq=887 sapplied=887 crate=887 uimp=-29855 upos=1950 uneg=2840 ball=-11.94 vball=149.02 aball=263.6 bref=0.00 pid=886.5 pref=58.8 ppos=-29.9 apid=0.0 integ=-0.0 vision=1 current=1 vframe=3578 vs=1 vage=68 vpage=68 vdt=39 vmax=689 vacc=3549 vrej=0 seq=0 elapsed=0 oled=3C
[   6266] STATUS mode=3 fault=none enc=-191 denc=5 sreq=722 sapplied=722 crate=722 uimp=-13410 upos=1970 uneg=2840 ball=-11.94 vball=149.02 aball=263.6 bref=0.00 pid=722.1 pref=58.8 ppos=-13.4 apid=0.0 integ=-0.0 vision=1 current=0 vframe=3579 vs=0 vage=88 vpage=5 vdt=39 vmax=689 vacc=3549 vrej=0 seq=0 elapsed=0 oled=3C
[   6297] STATUS mode=3 fault=none enc=-161 denc=3 sreq=479 sapplied=479 crate=479 uimp=10895 upos=2010 uneg=2840 ball=-11.94 vball=149.02 aball=263.6 bref=0.00 pid=479.0 pref=58.8 ppos=10.9 apid=0.0 integ=-0.0 vision=1 current=0 vframe=3580 vs=0 vage=128 vpage=18 vdt=39 vmax=689 vacc=3549 vrej=0 seq=0 elapsed=0 oled=3C
[   6328] STATUS mode=3 fault=none enc=-151 denc=2 sreq=390 sapplied=390 crate=390 uimp=19780 upos=2030 uneg=2840 ball=-11.94 vball=149.02 aball=263.6 bref=0.00 pid=390.2 pref=58.8 ppos=19.8 apid=0.0 integ=-0.0 vision=1 current=0 vframe=3581 vs=0 vage=148 vpage=4 vdt=39 vmax=689 vacc=3549 vrej=0 seq=0 elapsed=0 oled=3C
[   6344] STATUS mode=3 fault=none enc=-148 denc=0 sreq=0 sapplied=0 crate=0 uimp=21730 upos=2035 uneg=2840 ball=-11.94 vball=149.02 aball=263.6 bref=0.00 pid=390.2 pref=21.7 ppos=21.7 apid=0.0 integ=-0.0 vision=1 current=0 vframe=3581 vs=0 vage=168 vpage=24 vdt=39 vmax=689 vacc=3549 vrej=0 seq=0 elapsed=0 oled=3C
[   6375] STATUS mode=3 fault=none enc=-148 denc=0 sreq=0 sapplied=0 crate=0 uimp=21730 upos=2035 uneg=2840 ball=-11.94 vball=149.02 aball=263.6 bref=0.00 pid=390.2 pref=21.7 ppos=21.7 apid=0.0 integ=-0.0 vision=1 current=0 vframe=3581 vs=0 vage=208 vpage=64 vdt=39 vmax=689 vacc=3549 vrej=0 seq=0 elapsed=0 oled=3C
[   6406] STATUS mode=3 fault=none enc=-148 denc=0 sreq=0 sapplied=0 crate=0 uimp=21730 upos=2035 uneg=2840 ball=-11.94 vball=149.02 aball=263.6 bref=0.00 pid=390.2 pref=21.7 ppos=21.7 apid=0.0 integ=-0.0 vision=1 current=0 vframe=3581 vs=0 vage=228 vpage=84 vdt=39 vmax=689 vacc=3549 vrej=0 seq=0 elapsed=0 oled=3C
[   6422] STATUS mode=3 fault=none enc=-148 denc=0 sreq=0 sapplied=0 crate=0 uimp=21730 upos=2035 uneg=2840 ball=-11.94 vball=149.02 aball=263.6 bref=0.00 pid=390.2 pref=21.7 ppos=21.7 apid=0.0 integ=-0.0 vision=1 current=0 vframe=3582 vs=0 vage=248 vpage=15 vdt=39 vmax=689 vacc=3549 vrej=0 seq=0 elapsed=0 oled=3C
[   6453] STATUS mode=3 fault=none enc=-148 denc=0 sreq=0 sapplied=0 crate=0 uimp=21730 upos=2035 uneg=2840 ball=-11.94 vball=149.02 aball=263.6 bref=0.00 pid=390.2 pref=21.7 ppos=21.7 apid=0.0 integ=-0.0 vision=1 current=0 vframe=3583 vs=0 vage=288 vpage=29 vdt=39 vmax=689 vacc=3549 vrej=0 seq=0 elapsed=0 oled=3C
[   6483] STATUS mode=3 fault=none enc=-148 denc=0 sreq=0 sapplied=0 crate=0 uimp=21730 upos=2035 uneg=2840 ball=-11.94 vball=149.02 aball=263.6 bref=0.00 pid=390.2 pref=21.7 ppos=21.7 apid=0.0 integ=-0.0 vision=1 current=0 vframe=3584 vs=0 vage=308 vpage=15 vdt=39 vmax=689 vacc=3549 vrej=0 seq=0 elapsed=0 oled=3C
[   6516] STATUS mode=3 fault=none enc=-148 denc=0 sreq=0 sapplied=0 crate=0 uimp=21730 upos=2035 uneg=2840 ball=-11.94 vball=149.02 aball=263.6 bref=0.00 pid=390.2 pref=21.7 ppos=21.7 apid=0.0 integ=-0.0 vision=1 current=0 vframe=3584 vs=0 vage=328 vpage=35 vdt=39 vmax=689 vacc=3549 vrej=0 seq=0 elapsed=0 oled=3C
[   6531] STATUS mode=3 fault=none enc=-148 denc=0 sreq=0 sapplied=0 crate=0 uimp=21730 upos=2035 uneg=2840 ball=-11.94 vball=149.02 aball=263.6 bref=0.00 pid=390.2 pref=21.7 ppos=21.7 apid=0.0 integ=-0.0 vision=1 current=0 vframe=3584 vs=0 vage=368 vpage=75 vdt=39 vmax=689 vacc=3549 vrej=0 seq=0 elapsed=0 oled=3C
[   6563] STATUS mode=3 fault=none enc=-148 denc=0 sreq=0 sapplied=0 crate=0 uimp=21730 upos=2035 uneg=2840 ball=-11.94 vball=149.02 aball=263.6 bref=0.00 pid=390.2 pref=21.7 ppos=21.7 apid=0.0 integ=-0.0 vision=1 current=0 vframe=3585 vs=0 vage=388 vpage=3 vdt=39 vmax=689 vacc=3549 vrej=0 seq=0 elapsed=0 oled=3C
[   6594] STATUS mode=3 fault=none enc=-148 denc=0 sreq=0 sapplied=0 crate=0 uimp=21730 upos=2035 uneg=2840 ball=-11.94 vball=149.02 aball=263.6 bref=0.00 pid=390.2 pref=21.7 ppos=21.7 apid=0.0 integ=-0.0 vision=1 current=0 vframe=3585 vs=0 vage=408 vpage=23 vdt=39 vmax=689 vacc=3549 vrej=0 seq=0 elapsed=0 oled=3C
[   6608] STATUS mode=3 fault=none enc=-148 denc=0 sreq=0 sapplied=0 crate=0 uimp=21730 upos=2035 uneg=2840 ball=-11.94 vball=149.02 aball=263.6 bref=0.00 pid=390.2 pref=21.7 ppos=21.7 apid=0.0 integ=-0.0 vision=1 current=0 vframe=3587 vs=0 vage=448 vpage=5 vdt=39 vmax=689 vacc=3549 vrej=0 seq=0 elapsed=0 oled=3C
[   6641] STATUS mode=3 fault=none enc=-148 denc=0 sreq=0 sapplied=0 crate=0 uimp=21730 upos=2035 uneg=2840 ball=-11.94 vball=149.02 aball=263.6 bref=0.00 pid=390.2 pref=21.7 ppos=21.7 apid=0.0 integ=-0.0 vision=1 current=0 vframe=3587 vs=0 vage=468 vpage=25 vdt=39 vmax=689 vacc=3549 vrej=0 seq=0 elapsed=0 oled=3C
[   6672] STATUS mode=3 fault=none enc=-148 denc=0 sreq=0 sapplied=0 crate=0 uimp=21730 upos=2035 uneg=2840 ball=-11.94 vball=149.02 aball=263.6 bref=0.00 pid=390.2 pref=21.7 ppos=21.7 apid=0.0 integ=-0.0 vision=1 current=0 vframe=3587 vs=0 vage=488 vpage=45 vdt=39 vmax=689 vacc=3549 vrej=0 seq=0 elapsed=0 oled=3C
[   6703] STATUS mode=3 fault=none enc=-148 denc=0 sreq=0 sapplied=0 crate=0 uimp=21730 upos=2035 uneg=2840 ball=-11.94 vball=149.02 aball=263.6 bref=0.00 pid=390.2 pref=21.7 ppos=21.7 apid=0.0 integ=-0.0 vision=1 current=0 vframe=3587 vs=0 vage=528 vpage=85 vdt=39 vmax=689 vacc=3549 vrej=0 seq=0 elapsed=0 oled=3C
[   6719] STATUS mode=3 fault=none enc=-148 denc=0 sreq=0 sapplied=0 crate=0 uimp=21730 upos=2035 uneg=2840 ball=-11.94 vball=149.02 aball=263.6 bref=0.00 pid=390.2 pref=21.7 ppos=21.7 apid=0.0 integ=-0.0 vision=1 current=0 vframe=3588 vs=0 vage=548 vpage=12 vdt=39 vmax=689 vacc=3549 vrej=0 seq=0 elapsed=0 oled=3C
[   6750] STATUS mode=3 fault=none enc=-148 denc=0 sreq=0 sapplied=0 crate=0 uimp=21730 upos=2035 uneg=2840 ball=-11.94 vball=149.02 aball=263.6 bref=0.00 pid=390.2 pref=21.7 ppos=21.7 apid=0.0 integ=-0.0 vision=1 current=0 vframe=3589 vs=0 vage=568 vpage=8 vdt=39 vmax=689 vacc=3549 vrej=0 seq=0 elapsed=0 oled=3C
[   6781] STATUS mode=3 fault=none enc=-148 denc=0 sreq=0 sapplied=0 crate=0 uimp=21730 upos=2035 uneg=2840 ball=-11.94 vball=149.02 aball=263.6 bref=0.00 pid=390.2 pref=21.7 ppos=21.7 apid=0.0 integ=-0.0 vision=1 current=0 vframe=3590 vs=0 vage=608 vpage=15 vdt=39 vmax=689 vacc=3549 vrej=0 seq=0 elapsed=0 oled=3C
[   6781] >>> stop
[   6797] STATUS mode=3 fault=none enc=-148 denc=0 sreq=0 sapplied=0 crate=0 uimp=21730 upos=2035 uneg=2840 ball=-11.94 vball=149.02 aball=263.6 bref=0.00 pid=390.2 pref=21.7 ppos=21.7 apid=0.0 integ=-0.0 vision=1 current=0 vframe=3590 vs=0 vage=628 vpage=35 vdt=39 vmax=689 vacc=3549 vrej=0 seq=0 elapsed=0 oled=3C
[   6828] STATUS mode=1 fault=none enc=-153 denc=-3 sreq=0 sapplied=0 crate=0 uimp=21730 upos=2035 uneg=2840 ball=-11.94 vball=149.02 aball=0.0 bref=0.00 pid=0.0 pref=21.7 ppos=21.7 apid=0.0 integ=0.0 vision=1 current=0 vframe=3590 vs=0 vage=648 vpage=55 vdt=39 vmax=689 vacc=3549 vrej=0 seq=0 elapsed=0 oled=3C
[   6858] STATUS mode=1 fault=none enc=-154 denc=0 sreq=0 sapplied=0 crate=0 uimp=21730 upos=2035 uneg=2840 ball=-11.94 vball=149.02 aball=0.0 bref=0.00 pid=0.0 pref=21.7 ppos=21.7 apid=0.0 integ=0.0 vision=1 current=0 vframe=3590 vs=0 vage=688 vpage=95 vdt=39 vmax=689 vacc=3549 vrej=0 seq=0 elapsed=0 oled=3C
[   6875] STATUS mode=1 fault=none enc=-154 denc=0 sreq=0 sapplied=0 crate=0 uimp=21730 upos=2035 uneg=2840 ball=-11.94 vball=149.02 aball=0.0 bref=0.00 pid=0.0 pref=21.7 ppos=21.7 apid=0.0 integ=0.0 vision=1 current=0 vframe=3591 vs=0 vage=708 vpage=19 vdt=39 vmax=689 vacc=3549 vrej=0 seq=0 elapsed=0 oled=3C
[   6906] STATUS mode=1 fault=none enc=-154 denc=0 sreq=0 sapplied=0 crate=0 uimp=21730 upos=2035 uneg=2840 ball=-11.94 vball=149.02 aball=0.0 bref=0.00 pid=0.0 pref=21.7 ppos=21.7 apid=0.0 integ=0.0 vision=1 current=0 vframe=3592 vs=0 vage=728 vpage=16 vdt=39 vmax=689 vacc=3549 vrej=0 seq=0 elapsed=0 oled=3C
[   6938] STATUS mode=1 fault=none enc=-154 denc=0 sreq=0 sapplied=0 crate=0 uimp=21730 upos=2035 uneg=2840 ball=-11.94 vball=149.02 aball=0.0 bref=0.00 pid=0.0 pref=21.7 ppos=21.7 apid=0.0 integ=0.0 vision=1 current=0 vframe=3593 vs=0 vage=768 vpage=25 vdt=39 vmax=689 vacc=3549 vrej=0 seq=0 elapsed=0 oled=3C
[   6953] STATUS mode=1 fault=none enc=-154 denc=0 sreq=0 sapplied=0 crate=0 uimp=21730 upos=2035 uneg=2840 ball=-11.94 vball=149.02 aball=0.0 bref=0.00 pid=0.0 pref=21.7 ppos=21.7 apid=0.0 integ=0.0 vision=1 current=0 vframe=3593 vs=0 vage=788 vpage=45 vdt=39 vmax=689 vacc=3549 vrej=0 seq=0 elapsed=0 oled=3C
[   6983] STATUS mode=1 fault=none enc=-154 denc=0 sreq=0 sapplied=0 crate=0 uimp=21730 upos=2035 uneg=2840 ball=-11.94 vball=149.02 aball=0.0 bref=0.00 pid=0.0 pref=21.7 ppos=21.7 apid=0.0 integ=0.0 vision=1 current=0 vframe=3593 vs=0 vage=808 vpage=65 vdt=39 vmax=689 vacc=3549 vrej=0 seq=0 elapsed=0 oled=3C
[   7016] STATUS mode=1 fault=none enc=-154 denc=0 sreq=0 sapplied=0 crate=0 uimp=21730 upos=2035 uneg=2840 ball=-11.94 vball=149.02 aball=0.0 bref=0.00 pid=0.0 pref=21.7 ppos=21.7 apid=0.0 integ=0.0 vision=1 current=0 vframe=3594 vs=0 vage=848 vpage=9 vdt=39 vmax=689 vacc=3549 vrej=0 seq=0 elapsed=0 oled=3C
[   7031] STATUS mode=1 fault=none enc=-154 denc=0 sreq=0 sapplied=0 crate=0 uimp=21730 upos=2035 uneg=2840 ball=-6.50 vball=109.09 aball=0.0 bref=0.00 pid=0.0 pref=21.7 ppos=21.7 apid=0.0 integ=0.0 vision=1 current=1 vframe=3595 vs=1 vage=5 vpage=5 vdt=863 vmax=863 vacc=3550 vrej=0 seq=0 elapsed=0 oled=3C
[   7063] STATUS mode=1 fault=none enc=-154 denc=0 sreq=0 sapplied=0 crate=0 uimp=21730 upos=2035 uneg=2840 ball=-6.50 vball=109.09 aball=0.0 bref=0.00 pid=0.0 pref=21.7 ppos=21.7 apid=0.0 integ=0.0 vision=1 current=1 vframe=3595 vs=1 vage=25 vpage=25 vdt=863 vmax=863 vacc=3550 vrej=0 seq=0 elapsed=0 oled=3C
[   7094] STATUS mode=1 fault=none enc=-154 denc=0 sreq=0 sapplied=0 crate=0 uimp=21730 upos=2035 uneg=2840 ball=-125.00 vball=0.00 aball=0.0 bref=0.00 pid=0.0 pref=21.7 ppos=21.7 apid=0.0 integ=0.0 vision=1 current=1 vframe=3596 vs=1 vage=12 vpage=12 vdt=33 vmax=863 vacc=3551 vrej=0 seq=0 elapsed=0 oled=3C
[   7108] STATUS mode=1 fault=none enc=-154 denc=0 sreq=0 sapplied=0 crate=0 uimp=21730 upos=2035 uneg=2840 ball=-125.00 vball=0.00 aball=0.0 bref=0.00 pid=0.0 pref=21.7 ppos=21.7 apid=0.0 integ=0.0 vision=1 current=1 vframe=3596 vs=1 vage=52 vpage=52 vdt=33 vmax=863 vacc=3551 vrej=0 seq=0 elapsed=0 oled=3C
[   7141] STATUS mode=1 fault=none enc=-154 denc=0 sreq=0 sapplied=0 crate=0 uimp=21730 upos=2035 uneg=2840 ball=-125.00 vball=0.00 aball=0.0 bref=0.00 pid=0.0 pref=21.7 ppos=21.7 apid=0.0 integ=0.0 vision=1 current=1 vframe=3596 vs=1 vage=72 vpage=72 vdt=33 vmax=863 vacc=3551 vrej=0 seq=0 elapsed=0 oled=3C
[   7141] >>> stream off
[   7172] STATUS mode=1 fault=none enc=-154 denc=0 sreq=0 sapplied=0 crate=0 uimp=21730 upos=2035 uneg=2840 ball=-125.00 vball=0.00 aball=0.0 bref=0.00 pid=0.0 pref=21.7 ppos=21.7 apid=0.0 integ=0.0 vision=1 current=1 vframe=3596 vs=1 vage=92 vpage=92 vdt=33 vmax=863 vacc=3551 vrej=0 seq=0 elapsed=0 oled=3C
[   7172] OK stream off
[   7358] STOP_REASON vision_loss
