[      0] >>> bench on
[      0] OK stepper visual-only bench active; use zero before tests
[    187] >>> clear
[    187] OK fault cleared
[    375] >>> diag reset
[    375] OK actuator diagnostics reset
[    562] >>> gain ball 8.0 10.0 4.0 -1
[    562] OK ball gains kp=8.000 ki=10.000 kd=4.000 sign=-1
[    750] >>> gain accel 0.0
[    750] OK ball acceleration gain ka=0.000
[    937] >>> limit rate 2000
[    937] OK ball rate limit=2000 steps/s
[   1125] >>> stream on 20
[   1125] OK stream on 20 ms
[   1172] STATUS mode=1 fault=none enc=27 denc=0 sreq=0 sapplied=0 crate=0 uimp=0 upos=0 uneg=0 ball=125.00 vball=-0.00 aball=0.0 bref=0.00 pid=0.0 pref=0.0 ppos=0.0 apid=0.0 integ=0.0 vision=1 current=0 vframe=5330 vs=0 vage=149 vpage=91 vdt=102 vmax=11853 vacc=4589 vrej=0 seq=0 elapsed=0 oled=3C
[   1203] STATUS mode=1 fault=none enc=27 denc=0 sreq=0 sapplied=0 crate=0 uimp=0 upos=0 uneg=0 ball=125.00 vball=-0.00 aball=0.0 bref=0.00 pid=0.0 pref=0.0 ppos=0.0 apid=0.0 integ=0.0 vision=1 current=1 vframe=5331 vs=1 vage=6 vpage=6 vdt=163 vmax=11853 vacc=4590 vrej=0 seq=0 elapsed=0 oled=3C
[   1217] STATUS mode=1 fault=none enc=27 denc=0 sreq=0 sapplied=0 crate=0 uimp=0 upos=0 uneg=0 ball=125.00 vball=-0.00 aball=0.0 bref=0.00 pid=0.0 pref=0.0 ppos=0.0 apid=0.0 integ=0.0 vision=1 current=1 vframe=5331 vs=1 vage=26 vpage=26 vdt=163 vmax=11853 vacc=4590 vrej=0 seq=0 elapsed=0 oled=3C
[   1250] STATUS mode=1 fault=none enc=27 denc=0 sreq=0 sapplied=0 crate=0 uimp=0 upos=0 uneg=0 ball=125.00 vball=-0.00 aball=0.0 bref=0.00 pid=0.0 pref=0.0 ppos=0.0 apid=0.0 integ=0.0 vision=1 current=0 vframe=5332 vs=0 vage=46 vpage=16 vdt=163 vmax=11853 vacc=4590 vrej=0 seq=0 elapsed=0 oled=3C
[   1265] STATUS mode=1 fault=none enc=27 denc=0 sreq=0 sapplied=0 crate=0 uimp=0 upos=0 uneg=0 ball=125.00 vball=-0.00 aball=0.0 bref=0.00 pid=0.0 pref=0.0 ppos=0.0 apid=0.0 integ=0.0 vision=1 current=0 vframe=5333 vs=0 vage=86 vpage=23 vdt=163 vmax=11853 vacc=4590 vrej=0 seq=0 elapsed=0 oled=3C
[   1297] STATUS mode=1 fault=none enc=27 denc=0 sreq=0 sapplied=0 crate=0 uimp=0 upos=0 uneg=0 ball=125.00 vball=-0.00 aball=0.0 bref=0.00 pid=0.0 pref=0.0 ppos=0.0 apid=0.0 integ=0.0 vision=1 current=0 vframe=5333 vs=0 vage=106 vpage=43 vdt=163 vmax=11853 vacc=4590 vrej=0 seq=0 elapsed=0 oled=3C
[   1297] >>> ball 0.0
[   1328] STATUS mode=1 fault=none enc=27 denc=0 sreq=0 sapplied=0 crate=0 uimp=0 upos=0 uneg=0 ball=125.00 vball=-0.00 aball=0.0 bref=0.00 pid=0.0 pref=0.0 ppos=0.0 apid=0.0 integ=0.0 vision=1 current=0 vframe=5333 vs=0 vage=126 vpage=63 vdt=163 vmax=11853 vacc=4590 vrej=0 seq=0 elapsed=0 oled=3C
[   1342] STATUS mode=1 fault=none enc=27 denc=0 sreq=0 sapplied=0 crate=0 uimp=0 upos=0 uneg=0 ball=125.00 vball=-0.00 aball=0.0 bref=0.00 pid=0.0 pref=0.0 ppos=0.0 apid=0.0 integ=0.0 vision=1 current=0 vframe=5333 vs=0 vage=146 vpage=83 vdt=163 vmax=11853 vacc=4590 vrej=0 seq=0 elapsed=0 oled=3C
[   1375] STATUS mode=1 fault=none enc=27 denc=0 sreq=0 sapplied=0 crate=0 uimp=0 upos=0 uneg=0 ball=125.00 vball=-0.00 aball=0.0 bref=0.00 pid=0.0 pref=0.0 ppos=0.0 apid=0.0 integ=0.0 vision=1 current=0 vframe=5334 vs=0 vage=186 vpage=10 vdt=163 vmax=11853 vacc=4590 vrej=0 seq=0 elapsed=0 oled=3C
[   1390] STATUS mode=1 fault=none enc=27 denc=0 sreq=0 sapplied=0 crate=0 uimp=0 upos=0 uneg=0 ball=125.00 vball=-0.00 aball=0.0 bref=0.00 pid=0.0 pref=0.0 ppos=0.0 apid=0.0 integ=0.0 vision=1 current=0 vframe=5335 vs=0 vage=206 vpage=9 vdt=163 vmax=11853 vacc=4590 vrej=0 seq=0 elapsed=0 oled=3C
[   1422] STATUS mode=1 fault=none enc=27 denc=0 sreq=0 sapplied=0 crate=0 uimp=0 upos=0 uneg=0 ball=125.00 vball=-0.00 aball=0.0 bref=0.00 pid=0.0 pref=0.0 ppos=0.0 apid=0.0 integ=0.0 vision=1 current=0 vframe=5335 vs=0 vage=226 vpage=29 vdt=163 vmax=11853 vacc=4590 vrej=0 seq=0 elapsed=0 oled=3C
[   1453] STATUS mode=1 fault=none enc=27 denc=0 sreq=0 sapplied=0 crate=0 uimp=0 upos=0 uneg=0 ball=125.00 vball=-0.00 aball=0.0 bref=0.00 pid=0.0 pref=0.0 ppos=0.0 apid=0.0 integ=0.0 vision=1 current=0 vframe=5336 vs=0 vage=246 vpage=16 vdt=163 vmax=11853 vacc=4590 vrej=0 seq=0 elapsed=0 oled=3C
[   1467] STATUS mode=1 fault=none enc=27 denc=0 sreq=0 sapplied=0 crate=0 uimp=0 upos=0 uneg=0 ball=125.00 vball=-0.00 aball=0.0 bref=0.00 pid=0.0 pref=0.0 ppos=0.0 apid=0.0 integ=0.0 vision=1 current=0 vframe=5336 vs=0 vage=286 vpage=56 vdt=163 vmax=11853 vacc=4590 vrej=0 seq=0 elapsed=0 oled=3C
[   1500] STATUS mode=1 fault=none enc=27 denc=0 sreq=0 sapplied=0 crate=0 uimp=0 upos=0 uneg=0 ball=125.00 vball=-0.00 aball=0.0 bref=0.00 pid=0.0 pref=0.0 ppos=0.0 apid=0.0 integ=0.0 vision=1 current=0 vframe=5336 vs=0 vage=306 vpage=76 vdt=163 vmax=11853 vacc=4590 vrej=0 seq=0 elapsed=0 oled=3C
[   1531] STATUS mode=1 fault=none enc=27 denc=0 sreq=0 sapplied=0 crate=0 uimp=0 upos=0 uneg=0 ball=125.00 vball=-0.00 aball=0.0 bref=0.00 pid=0.0 pref=0.0 ppos=0.0 apid=0.0 integ=0.0 vision=1 current=0 vframe=5336 vs=0 vage=326 vpage=96 vdt=163 vmax=11853 vacc=4590 vrej=0 seq=0 elapsed=0 oled=3C
[   1547] STATUS mode=1 fault=none enc=27 denc=0 sreq=0 sapplied=0 crate=0 uimp=0 upos=0 uneg=0 ball=125.00 vball=-0.00 aball=0.0 bref=0.00 pid=0.0 pref=0.0 ppos=0.0 apid=0.0 integ=0.0 vision=1 current=0 vframe=5337 vs=0 vage=346 vpage=16 vdt=163 vmax=11853 vacc=4590 vrej=0 seq=0 elapsed=0 oled=3C
[   1578] STATUS mode=1 fault=none enc=27 denc=0 sreq=0 sapplied=0 crate=0 uimp=0 upos=0 uneg=0 ball=112.02 vball=-212.07 aball=0.0 bref=0.00 pid=0.0 pref=0.0 ppos=0.0 apid=0.0 integ=0.0 vision=1 current=1 vframe=5338 vs=1 vage=22 vpage=22 vdt=364 vmax=11853 vacc=4591 vrej=0 seq=0 elapsed=0 oled=3C
[   1592] STATUS mode=1 fault=none enc=27 denc=0 sreq=0 sapplied=0 crate=0 uimp=0 upos=0 uneg=0 ball=106.22 vball=-185.45 aball=0.0 bref=0.00 pid=0.0 pref=0.0 ppos=0.0 apid=0.0 integ=0.0 vision=1 current=1 vframe=5339 vs=1 vage=6 vpage=6 vdt=36 vmax=11853 vacc=4592 vrej=0 seq=0 elapsed=0 oled=3C
[   1625] STATUS mode=1 fault=none enc=27 denc=0 sreq=0 sapplied=0 crate=0 uimp=0 upos=0 uneg=0 ball=106.22 vball=-185.45 aball=0.0 bref=0.00 pid=0.0 pref=0.0 ppos=0.0 apid=0.0 integ=0.0 vision=1 current=1 vframe=5339 vs=1 vage=26 vpage=26 vdt=36 vmax=11853 vacc=4592 vrej=0 seq=0 elapsed=0 oled=3C
[   1656] STATUS mode=1 fault=none enc=27 denc=0 sreq=0 sapplied=0 crate=0 uimp=0 upos=0 uneg=0 ball=106.22 vball=-185.45 aball=0.0 bref=0.00 pid=0.0 pref=0.0 ppos=0.0 apid=0.0 integ=0.0 vision=1 current=1 vframe=5339 vs=1 vage=46 vpage=46 vdt=36 vmax=11853 vacc=4592 vrej=0 seq=0 elapsed=0 oled=3C
[   1672] STATUS mode=1 fault=none enc=27 denc=0 sreq=0 sapplied=0 crate=0 uimp=0 upos=0 uneg=0 ball=106.22 vball=-185.45 aball=0.0 bref=0.00 pid=0.0 pref=0.0 ppos=0.0 apid=0.0 integ=0.0 vision=1 current=1 vframe=5339 vs=1 vage=86 vpage=86 vdt=36 vmax=11853 vacc=4592 vrej=0 seq=0 elapsed=0 oled=3C
[   1703] STATUS mode=1 fault=none enc=27 denc=0 sreq=0 sapplied=0 crate=0 uimp=0 upos=0 uneg=0 ball=103.66 vball=-105.79 aball=0.0 bref=0.00 pid=0.0 pref=0.0 ppos=0.0 apid=0.0 integ=0.0 vision=1 current=1 vframe=5340 vs=1 vage=5 vpage=5 vdt=101 vmax=11853 vacc=4593 vrej=0 seq=0 elapsed=0 oled=3C
[   1717] STATUS mode=1 fault=none enc=27 denc=0 sreq=0 sapplied=0 crate=0 uimp=0 upos=0 uneg=0 ball=103.66 vball=-105.79 aball=0.0 bref=0.00 pid=0.0 pref=0.0 ppos=0.0 apid=0.0 integ=0.0 vision=1 current=1 vframe=5340 vs=1 vage=25 vpage=25 vdt=101 vmax=11853 vacc=4593 vrej=0 seq=0 elapsed=0 oled=3C
[   1750] STATUS mode=1 fault=none enc=27 denc=0 sreq=0 sapplied=0 crate=0 uimp=0 upos=0 uneg=0 ball=107.30 vball=1.92 aball=0.0 bref=0.00 pid=0.0 pref=0.0 ppos=0.0 apid=0.0 integ=0.0 vision=1 current=1 vframe=5341 vs=1 vage=15 vpage=15 vdt=30 vmax=11853 vacc=4594 vrej=0 seq=0 elapsed=0 oled=3C
[   1781] STATUS mode=1 fault=none enc=27 denc=0 sreq=0 sapplied=0 crate=0 uimp=0 upos=0 uneg=0 ball=108.37 vball=16.63 aball=0.0 bref=0.00 pid=0.0 pref=0.0 ppos=0.0 apid=0.0 integ=0.0 vision=1 current=1 vframe=5342 vs=1 vage=22 vpage=22 vdt=33 vmax=11853 vacc=4595 vrej=0 seq=0 elapsed=0 oled=3C
[   1797] STATUS mode=1 fault=none enc=27 denc=0 sreq=0 sapplied=0 crate=0 uimp=0 upos=0 uneg=0 ball=108.37 vball=16.63 aball=0.0 bref=0.00 pid=0.0 pref=0.0 ppos=0.0 apid=0.0 integ=0.0 vision=1 current=1 vframe=5342 vs=1 vage=42 vpage=42 vdt=33 vmax=11853 vacc=4595 vrej=0 seq=0 elapsed=0 oled=3C
[   1828] STATUS mode=1 fault=none enc=27 denc=0 sreq=0 sapplied=0 crate=0 uimp=0 upos=0 uneg=0 ball=108.37 vball=16.63 aball=0.0 bref=0.00 pid=0.0 pref=0.0 ppos=0.0 apid=0.0 integ=0.0 vision=1 current=1 vframe=5342 vs=1 vage=62 vpage=62 vdt=33 vmax=11853 vacc=4595 vrej=0 seq=0 elapsed=0 oled=3C
[   1842] STATUS mode=1 fault=none enc=27 denc=0 sreq=0 sapplied=0 crate=0 uimp=0 upos=0 uneg=0 ball=108.37 vball=16.63 aball=0.0 bref=0.00 pid=0.0 pref=0.0 ppos=0.0 apid=0.0 integ=0.0 vision=1 current=1 vframe=5342 vs=1 vage=82 vpage=82 vdt=33 vmax=11853 vacc=4595 vrej=0 seq=0 elapsed=0 oled=3C
[   1875] STATUS mode=1 fault=none enc=27 denc=0 sreq=0 sapplied=0 crate=0 uimp=0 upos=0 uneg=0 ball=109.02 vball=12.75 aball=0.0 bref=0.00 pid=0.0 pref=0.0 ppos=0.0 apid=0.0 integ=0.0 vision=1 current=1 vframe=5343 vs=1 vage=20 vpage=20 vdt=102 vmax=11853 vacc=4596 vrej=0 seq=0 elapsed=0 oled=3C
[   1906] STATUS mode=1 fault=none enc=27 denc=0 sreq=0 sapplied=0 crate=0 uimp=0 upos=0 uneg=0 ball=109.02 vball=12.75 aball=0.0 bref=0.00 pid=0.0 pref=0.0 ppos=0.0 apid=0.0 integ=0.0 vision=1 current=0 vframe=5344 vs=0 vage=40 vpage=9 vdt=102 vmax=11853 vacc=4596 vrej=0 seq=0 elapsed=0 oled=3C
[   1922] STATUS mode=1 fault=none enc=27 denc=0 sreq=0 sapplied=0 crate=0 uimp=0 upos=0 uneg=0 ball=109.02 vball=12.75 aball=0.0 bref=0.00 pid=0.0 pref=0.0 ppos=0.0 apid=0.0 integ=0.0 vision=1 current=0 vframe=5344 vs=0 vage=60 vpage=29 vdt=102 vmax=11853 vacc=4596 vrej=0 seq=0 elapsed=0 oled=3C
[   1953] STATUS mode=1 fault=none enc=27 denc=0 sreq=0 sapplied=0 crate=0 uimp=0 upos=0 uneg=0 ball=109.02 vball=12.75 aball=0.0 bref=0.00 pid=0.0 pref=0.0 ppos=0.0 apid=0.0 integ=0.0 vision=1 current=0 vframe=5345 vs=0 vage=80 vpage=16 vdt=102 vmax=11853 vacc=4596 vrej=0 seq=0 elapsed=0 oled=3C
[   1967] STATUS mode=1 fault=none enc=27 denc=0 sreq=0 sapplied=0 crate=0 uimp=0 upos=0 uneg=0 ball=109.02 vball=12.75 aball=0.0 bref=0.00 pid=0.0 pref=0.0 ppos=0.0 apid=0.0 integ=0.0 vision=1 current=0 vframe=5345 vs=0 vage=120 vpage=56 vdt=102 vmax=11853 vacc=4596 vrej=0 seq=0 elapsed=0 oled=3C
[   2000] STATUS mode=1 fault=none enc=27 denc=0 sreq=0 sapplied=0 crate=0 uimp=0 upos=0 uneg=0 ball=109.02 vball=12.75 aball=0.0 bref=0.00 pid=0.0 pref=0.0 ppos=0.0 apid=0.0 integ=0.0 vision=1 current=0 vframe=5345 vs=0 vage=140 vpage=76 vdt=102 vmax=11853 vacc=4596 vrej=0 seq=0 elapsed=0 oled=3C
[   2031] STATUS mode=1 fault=none enc=27 denc=0 sreq=0 sapplied=0 crate=0 uimp=0 upos=0 uneg=0 ball=109.02 vball=12.75 aball=0.0 bref=0.00 pid=0.0 pref=0.0 ppos=0.0 apid=0.0 integ=0.0 vision=1 current=0 vframe=5345 vs=0 vage=160 vpage=96 vdt=102 vmax=11853 vacc=4596 vrej=0 seq=0 elapsed=0 oled=3C
[   2047] STATUS mode=1 fault=none enc=27 denc=0 sreq=0 sapplied=0 crate=0 uimp=0 upos=0 uneg=0 ball=109.02 vball=12.75 aball=0.0 bref=0.00 pid=0.0 pref=0.0 ppos=0.0 apid=0.0 integ=0.0 vision=1 current=0 vframe=5346 vs=0 vage=180 vpage=14 vdt=102 vmax=11853 vacc=4596 vrej=0 seq=0 elapsed=0 oled=3C
[   2078] STATUS mode=1 fault=none enc=27 denc=0 sreq=0 sapplied=0 crate=0 uimp=0 upos=0 uneg=0 ball=109.02 vball=12.75 aball=0.0 bref=0.00 pid=0.0 pref=0.0 ppos=0.0 apid=0.0 integ=0.0 vision=1 current=0 vframe=5347 vs=0 vage=220 vpage=23 vdt=102 vmax=11853 vacc=4596 vrej=0 seq=0 elapsed=0 oled=3C
[   2108] STATUS mode=1 fault=none enc=27 denc=0 sreq=0 sapplied=0 crate=0 uimp=0 upos=0 uneg=0 ball=109.02 vball=12.75 aball=0.0 bref=0.00 pid=0.0 pref=0.0 ppos=0.0 apid=0.0 integ=0.0 vision=1 current=0 vframe=5348 vs=0 vage=240 vpage=10 vdt=102 vmax=11853 vacc=4596 vrej=0 seq=0 elapsed=0 oled=3C
[   2125] STATUS mode=1 fault=none enc=27 denc=0 sreq=0 sapplied=0 crate=0 uimp=0 upos=0 uneg=0 ball=109.02 vball=12.75 aball=0.0 bref=0.00 pid=0.0 pref=0.0 ppos=0.0 apid=0.0 integ=0.0 vision=1 current=0 vframe=5348 vs=0 vage=260 vpage=30 vdt=102 vmax=11853 vacc=4596 vrej=0 seq=0 elapsed=0 oled=3C
[   2156] STATUS mode=1 fault=none enc=27 denc=0 sreq=0 sapplied=0 crate=0 uimp=0 upos=0 uneg=0 ball=109.02 vball=12.75 aball=0.0 bref=0.00 pid=0.0 pref=0.0 ppos=0.0 apid=0.0 integ=0.0 vision=1 current=0 vframe=5348 vs=0 vage=300 vpage=70 vdt=102 vmax=11853 vacc=4596 vrej=0 seq=0 elapsed=0 oled=3C
[   2172] STATUS mode=1 fault=none enc=27 denc=0 sreq=0 sapplied=0 crate=0 uimp=0 upos=0 uneg=0 ball=109.02 vball=12.75 aball=0.0 bref=0.00 pid=0.0 pref=0.0 ppos=0.0 apid=0.0 integ=0.0 vision=1 current=0 vframe=5348 vs=0 vage=320 vpage=90 vdt=102 vmax=11853 vacc=4596 vrej=0 seq=0 elapsed=0 oled=3C
[   2203] STATUS mode=1 fault=none enc=27 denc=0 sreq=0 sapplied=0 crate=0 uimp=0 upos=0 uneg=0 ball=109.02 vball=12.75 aball=0.0 bref=0.00 pid=0.0 pref=0.0 ppos=0.0 apid=0.0 integ=0.0 vision=1 current=0 vframe=5349 vs=0 vage=340 vpage=7 vdt=102 vmax=11853 vacc=4596 vrej=0 seq=0 elapsed=0 oled=3C
[   2233] STATUS mode=1 fault=none enc=27 denc=0 sreq=0 sapplied=0 crate=0 uimp=0 upos=0 uneg=0 ball=109.02 vball=12.75 aball=0.0 bref=0.00 pid=0.0 pref=0.0 ppos=0.0 apid=0.0 integ=0.0 vision=1 current=0 vframe=5349 vs=0 vage=360 vpage=27 vdt=102 vmax=11853 vacc=4596 vrej=0 seq=0 elapsed=0 oled=3C
[   2233] >>> stop
[   2250] STATUS mode=1 fault=none enc=27 denc=0 sreq=0 sapplied=0 crate=0 uimp=0 upos=0 uneg=0 ball=109.02 vball=12.75 aball=0.0 bref=0.00 pid=0.0 pref=0.0 ppos=0.0 apid=0.0 integ=0.0 vision=1 current=0 vframe=5351 vs=0 vage=400 vpage=5 vdt=102 vmax=11853 vacc=4596 vrej=0 seq=0 elapsed=0 oled=3C
[   2281] STATUS mode=1 fault=none enc=27 denc=0 sreq=0 sapplied=0 crate=0 uimp=0 upos=0 uneg=0 ball=109.02 vball=12.75 aball=0.0 bref=0.00 pid=0.0 pref=0.0 ppos=0.0 apid=0.0 integ=0.0 vision=1 current=0 vframe=5351 vs=0 vage=420 vpage=25 vdt=102 vmax=11853 vacc=4596 vrej=0 seq=0 elapsed=0 oled=3C
[   2297] STATUS mode=1 fault=none enc=27 denc=0 sreq=0 sapplied=0 crate=0 uimp=0 upos=0 uneg=0 ball=109.02 vball=12.75 aball=0.0 bref=0.00 pid=0.0 pref=0.0 ppos=0.0 apid=0.0 integ=0.0 vision=1 current=0 vframe=5351 vs=0 vage=440 vpage=45 vdt=102 vmax=11853 vacc=4596 vrej=0 seq=0 elapsed=0 oled=3C
[   2328] STATUS mode=1 fault=none enc=27 denc=0 sreq=0 sapplied=0 crate=0 uimp=0 upos=0 uneg=0 ball=109.02 vball=12.75 aball=0.0 bref=0.00 pid=0.0 pref=0.0 ppos=0.0 apid=0.0 integ=0.0 vision=1 current=0 vframe=5351 vs=0 vage=460 vpage=65 vdt=102 vmax=11853 vacc=4596 vrej=0 seq=0 elapsed=0 oled=3C
[   2358] STATUS mode=1 fault=none enc=27 denc=0 sreq=0 sapplied=0 crate=0 uimp=0 upos=0 uneg=0 ball=109.02 vball=12.75 aball=0.0 bref=0.00 pid=0.0 pref=0.0 ppos=0.0 apid=0.0 integ=0.0 vision=1 current=0 vframe=5351 vs=0 vage=500 vpage=105 vdt=102 vmax=11853 vacc=4596 vrej=0 seq=0 elapsed=0 oled=3C
[   2375] STATUS mode=1 fault=none enc=27 denc=0 sreq=0 sapplied=0 crate=0 uimp=0 upos=0 uneg=0 ball=109.14 vball=9.53 aball=0.0 bref=0.00 pid=0.0 pref=0.0 ppos=0.0 apid=0.0 integ=0.0 vision=1 current=1 vframe=5352 vs=1 vage=17 vpage=17 vdt=503 vmax=11853 vacc=4597 vrej=0 seq=0 elapsed=0 oled=3C
[   2406] STATUS mode=1 fault=none enc=27 denc=0 sreq=0 sapplied=0 crate=0 uimp=0 upos=0 uneg=0 ball=120.63 vball=129.64 aball=0.0 bref=0.00 pid=0.0 pref=0.0 ppos=0.0 apid=0.0 integ=0.0 vision=1 current=1 vframe=5353 vs=1 vage=10 vpage=10 vdt=27 vmax=11853 vacc=4598 vrej=0 seq=0 elapsed=0 oled=3C
[   2422] STATUS mode=1 fault=none enc=27 denc=0 sreq=0 sapplied=0 crate=0 uimp=0 upos=0 uneg=0 ball=120.63 vball=129.64 aball=0.0 bref=0.00 pid=0.0 pref=0.0 ppos=0.0 apid=0.0 integ=0.0 vision=1 current=1 vframe=5353 vs=1 vage=30 vpage=30 vdt=27 vmax=11853 vacc=4598 vrej=0 seq=0 elapsed=0 oled=3C
[   2453] STATUS mode=1 fault=none enc=27 denc=0 sreq=0 sapplied=0 crate=0 uimp=0 upos=0 uneg=0 ball=125.53 vball=131.71 aball=0.0 bref=0.00 pid=0.0 pref=0.0 ppos=0.0 apid=0.0 integ=0.0 vision=1 current=1 vframe=5354 vs=1 vage=33 vpage=33 vdt=37 vmax=11853 vacc=4599 vrej=0 seq=0 elapsed=0 oled=3C
[   2483] STATUS mode=1 fault=none enc=27 denc=0 sreq=0 sapplied=0 crate=0 uimp=0 upos=0 uneg=0 ball=125.53 vball=131.71 aball=0.0 bref=0.00 pid=0.0 pref=0.0 ppos=0.0 apid=0.0 integ=0.0 vision=1 current=1 vframe=5354 vs=1 vage=53 vpage=53 vdt=37 vmax=11853 vacc=4599 vrej=0 seq=0 elapsed=0 oled=3C
[   2500] STATUS mode=1 fault=none enc=27 denc=0 sreq=0 sapplied=0 crate=0 uimp=0 upos=0 uneg=0 ball=125.53 vball=131.71 aball=0.0 bref=0.00 pid=0.0 pref=0.0 ppos=0.0 apid=0.0 integ=0.0 vision=1 current=1 vframe=5354 vs=1 vage=73 vpage=73 vdt=37 vmax=11853 vacc=4599 vrej=0 seq=0 elapsed=0 oled=3C
[   2531] STATUS mode=1 fault=none enc=27 denc=0 sreq=0 sapplied=0 crate=0 uimp=0 upos=0 uneg=0 ball=125.53 vball=131.71 aball=0.0 bref=0.00 pid=0.0 pref=0.0 ppos=0.0 apid=0.0 integ=0.0 vision=1 current=1 vframe=5354 vs=1 vage=93 vpage=93 vdt=37 vmax=11853 vacc=4599 vrej=0 seq=0 elapsed=0 oled=3C
[   2562] STATUS mode=1 fault=none enc=27 denc=0 sreq=0 sapplied=0 crate=0 uimp=0 upos=0 uneg=0 ball=127.80 vball=77.69 aball=0.0 bref=0.00 pid=0.0 pref=0.0 ppos=0.0 apid=0.0 integ=0.0 vision=1 current=1 vframe=5355 vs=1 vage=23 vpage=23 vdt=110 vmax=11853 vacc=4600 vrej=0 seq=0 elapsed=0 oled=3C
[   2578] STATUS mode=1 fault=none enc=27 denc=0 sreq=0 sapplied=0 crate=0 uimp=0 upos=0 uneg=0 ball=125.34 vball=-5.02 aball=0.0 bref=0.00 pid=0.0 pref=0.0 ppos=0.0 apid=0.0 integ=0.0 vision=1 current=1 vframe=5356 vs=1 vage=20 vpage=20 vdt=23 vmax=11853 vacc=4601 vrej=0 seq=0 elapsed=0 oled=3C
[   2608] STATUS mode=1 fault=none enc=27 denc=0 sreq=0 sapplied=0 crate=0 uimp=0 upos=0 uneg=0 ball=125.34 vball=-5.02 aball=0.0 bref=0.00 pid=0.0 pref=0.0 ppos=0.0 apid=0.0 integ=0.0 vision=1 current=0 vframe=5357 vs=0 vage=40 vpage=10 vdt=23 vmax=11853 vacc=4601 vrej=0 seq=0 elapsed=0 oled=3C
[   2608] >>> stream off
[   2625] STATUS mode=1 fault=none enc=27 denc=0 sreq=0 sapplied=0 crate=0 uimp=0 upos=0 uneg=0 ball=125.34 vball=-5.02 aball=0.0 bref=0.00 pid=0.0 pref=0.0 ppos=0.0 apid=0.0 integ=0.0 vision=1 current=0 vframe=5357 vs=0 vage=60 vpage=30 vdt=23 vmax=11853 vacc=4601 vrej=0 seq=0 elapsed=0 oled=3C
[   2625] OK stream off
[   2812] STOP_REASON vision_loss
