[      0] >>> bench on
[      0] OK stepper visual-only bench active; use zero before tests
[    186] >>> clear
[    202] OK fault cleared
[    375] >>> diag reset
[    390] OK actuator diagnostics reset
[    561] >>> gain ball 2.5 1.0 5.0 -1
[    577] OK ball gains kp=2.500 ki=1.000 kd=5.000 sign=-1
[    750] >>> gain accel 0.0
[    765] OK ball acceleration gain ka=0.000
[    936] >>> limit rate 120
[    952] OK ball rate limit=120 steps/s
[   1125] >>> stream on 20
[   1125] OK stream on 20 ms
[   1170] STATUS mode=1 fault=none enc=1040 denc=0 sreq=0 sapplied=0 crate=0 uimp=0 upos=0 uneg=0 ball=-125.00 vball=0.00 aball=0.0 bref=0.00 pid=0.0 pref=0.0 ppos=0.0 apid=0.0 integ=0.0 vision=1 current=1 vframe=17532 vs=1 vage=19 vpage=19 vdt=97 vmax=21393 vacc=17136 vrej=0 seq=0 elapsed=0 oled=3C
[   1202] STATUS mode=1 fault=none enc=1040 denc=0 sreq=0 sapplied=0 crate=0 uimp=0 upos=0 uneg=0 ball=-125.00 vball=0.00 aball=0.0 bref=0.00 pid=0.0 pref=0.0 ppos=0.0 apid=0.0 integ=0.0 vision=1 current=1 vframe=17533 vs=1 vage=2 vpage=2 vdt=37 vmax=21393 vacc=17137 vrej=0 seq=0 elapsed=0 oled=3C
[   1233] STATUS mode=1 fault=none enc=1040 denc=0 sreq=0 sapplied=0 crate=0 uimp=0 upos=0 uneg=0 ball=-125.00 vball=0.00 aball=0.0 bref=0.00 pid=0.0 pref=0.0 ppos=0.0 apid=0.0 integ=0.0 vision=1 current=1 vframe=17533 vs=1 vage=22 vpage=22 vdt=37 vmax=21393 vacc=17137 vrej=0 seq=0 elapsed=0 oled=3C
[   1250] STATUS mode=1 fault=none enc=1040 denc=0 sreq=0 sapplied=0 crate=0 uimp=0 upos=0 uneg=0 ball=-125.00 vball=0.00 aball=0.0 bref=0.00 pid=0.0 pref=0.0 ppos=0.0 apid=0.0 integ=0.0 vision=1 current=1 vframe=17533 vs=1 vage=42 vpage=42 vdt=37 vmax=21393 vacc=17137 vrej=0 seq=0 elapsed=0 oled=3C
[   1281] STATUS mode=1 fault=none enc=1040 denc=0 sreq=0 sapplied=0 crate=0 uimp=0 upos=0 uneg=0 ball=-125.00 vball=0.00 aball=0.0 bref=0.00 pid=0.0 pref=0.0 ppos=0.0 apid=0.0 integ=0.0 vision=1 current=1 vframe=17533 vs=1 vage=82 vpage=82 vdt=37 vmax=21393 vacc=17137 vrej=0 seq=0 elapsed=0 oled=3C
[   1295] STATUS mode=1 fault=none enc=1040 denc=0 sreq=0 sapplied=0 crate=0 uimp=0 upos=0 uneg=0 ball=-125.00 vball=0.00 aball=0.0 bref=0.00 pid=0.0 pref=0.0 ppos=0.0 apid=0.0 integ=0.0 vision=1 current=1 vframe=17533 vs=1 vage=102 vpage=102 vdt=37 vmax=21393 vacc=17137 vrej=0 seq=0 elapsed=0 oled=3C
[   1295] >>> ball 0.0
[   1327] STATUS mode=1 fault=none enc=1040 denc=0 sreq=0 sapplied=0 crate=0 uimp=0 upos=0 uneg=0 ball=-125.00 vball=0.00 aball=0.0 bref=0.00 pid=0.0 pref=0.0 ppos=0.0 apid=0.0 integ=0.0 vision=1 current=1 vframe=17535 vs=1 vage=5 vpage=5 vdt=8 vmax=21393 vacc=17139 vrej=0 seq=0 elapsed=0 oled=3C
[   1358] STATUS mode=3 fault=none enc=1041 denc=1 sreq=-35 sapplied=-35 crate=-35 uimp=0 upos=0 uneg=0 ball=-125.00 vball=0.00 aball=0.0 bref=0.00 pid=-120.0 pref=-320.0 ppos=0.0 apid=0.0 integ=0.0 vision=1 current=1 vframe=17535 vs=1 vage=25 vpage=25 vdt=8 vmax=21393 vacc=17139 vrej=0 seq=0 elapsed=0 oled=3C
[   1375] STATUS mode=3 fault=none enc=1037 denc=1 sreq=-120 sapplied=-120 crate=-120 uimp=-3555 upos=0 uneg=40 ball=-125.00 vball=0.00 aball=0.0 bref=0.00 pid=-120.0 pref=-320.0 ppos=-3.6 apid=0.0 integ=0.0 vision=1 current=1 vframe=17536 vs=1 vage=33 vpage=33 vdt=32 vmax=21393 vacc=17140 vrej=0 seq=0 elapsed=0 oled=3C
[   1406] STATUS mode=3 fault=none enc=1033 denc=-1 sreq=-120 sapplied=-120 crate=-120 uimp=-5955 upos=0 uneg=60 ball=-125.00 vball=0.00 aball=0.0 bref=0.00 pid=-120.0 pref=-320.0 ppos=-6.0 apid=0.0 integ=0.0 vision=1 current=1 vframe=17537 vs=1 vage=20 vpage=20 vdt=33 vmax=21393 vacc=17141 vrej=0 seq=0 elapsed=0 oled=3C
[   1436] STATUS mode=3 fault=none enc=1030 denc=-1 sreq=-120 sapplied=-120 crate=-120 uimp=-8355 upos=0 uneg=80 ball=-125.00 vball=0.00 aball=0.0 bref=0.00 pid=-120.0 pref=-320.0 ppos=-8.4 apid=0.0 integ=0.0 vision=1 current=1 vframe=17537 vs=1 vage=40 vpage=40 vdt=33 vmax=21393 vacc=17141 vrej=0 seq=0 elapsed=0 oled=3C
[   1467] STATUS mode=3 fault=none enc=1024 denc=-1 sreq=-120 sapplied=-120 crate=-120 uimp=-13155 upos=0 uneg=120 ball=-125.00 vball=0.00 aball=0.0 bref=0.00 pid=-120.0 pref=-320.0 ppos=-13.2 apid=0.0 integ=0.0 vision=1 current=1 vframe=17537 vs=1 vage=80 vpage=80 vdt=33 vmax=21393 vacc=17141 vrej=0 seq=0 elapsed=0 oled=3C
[   1483] STATUS mode=3 fault=none enc=1022 denc=0 sreq=-120 sapplied=-120 crate=-120 uimp=-15555 upos=0 uneg=140 ball=-125.00 vball=0.00 aball=0.0 bref=0.00 pid=-120.0 pref=-320.0 ppos=-15.6 apid=0.0 integ=0.0 vision=1 current=1 vframe=17537 vs=1 vage=100 vpage=100 vdt=33 vmax=21393 vacc=17141 vrej=0 seq=0 elapsed=0 oled=3C
[   1515] STATUS mode=3 fault=none enc=1015 denc=-2 sreq=-120 sapplied=-120 crate=-120 uimp=-20355 upos=0 uneg=180 ball=-125.00 vball=0.00 aball=0.0 bref=0.00 pid=-120.0 pref=-320.0 ppos=-20.4 apid=0.0 integ=0.0 vision=1 current=1 vframe=17539 vs=1 vage=7 vpage=7 vdt=31 vmax=21393 vacc=17143 vrej=0 seq=0 elapsed=0 oled=3C
[   1545] STATUS mode=3 fault=none enc=1012 denc=-1 sreq=-120 sapplied=-120 crate=-120 uimp=-22755 upos=0 uneg=200 ball=-125.00 vball=0.00 aball=0.0 bref=0.00 pid=-120.0 pref=-320.0 ppos=-22.8 apid=0.0 integ=0.0 vision=1 current=1 vframe=17539 vs=1 vage=27 vpage=27 vdt=31 vmax=21393 vacc=17143 vrej=0 seq=0 elapsed=0 oled=3C
[   1577] STATUS mode=3 fault=none enc=1009 denc=-1 sreq=-120 sapplied=-120 crate=-120 uimp=-25155 upos=0 uneg=220 ball=-125.00 vball=0.00 aball=0.0 bref=0.00 pid=-120.0 pref=-320.0 ppos=-25.2 apid=0.0 integ=0.0 vision=1 current=1 vframe=17540 vs=1 vage=13 vpage=13 vdt=34 vmax=21393 vacc=17144 vrej=0 seq=0 elapsed=0 oled=3C
[   1592] STATUS mode=3 fault=none enc=1003 denc=0 sreq=-120 sapplied=-120 crate=-120 uimp=-29955 upos=0 uneg=260 ball=-125.00 vball=0.00 aball=0.0 bref=0.00 pid=-120.0 pref=-320.0 ppos=-30.0 apid=0.0 integ=0.0 vision=1 current=1 vframe=17540 vs=1 vage=53 vpage=53 vdt=34 vmax=21393 vacc=17144 vrej=0 seq=0 elapsed=0 oled=3C
[   1625] STATUS mode=3 fault=none enc=999 denc=-2 sreq=-120 sapplied=-120 crate=-120 uimp=-32355 upos=0 uneg=280 ball=-125.00 vball=0.00 aball=0.0 bref=0.00 pid=-120.0 pref=-320.0 ppos=-32.4 apid=0.0 integ=0.0 vision=1 current=1 vframe=17540 vs=1 vage=73 vpage=73 vdt=34 vmax=21393 vacc=17144 vrej=0 seq=0 elapsed=0 oled=3C
[   1656] STATUS mode=3 fault=none enc=996 denc=-1 sreq=-120 sapplied=-120 crate=-120 uimp=-34755 upos=0 uneg=300 ball=-125.00 vball=0.00 aball=0.0 bref=0.00 pid=-120.0 pref=-320.0 ppos=-34.8 apid=0.0 integ=0.0 vision=1 current=1 vframe=17540 vs=1 vage=93 vpage=93 vdt=34 vmax=21393 vacc=17144 vrej=0 seq=0 elapsed=0 oled=3C
[   1686] STATUS mode=3 fault=none enc=990 denc=-1 sreq=-120 sapplied=-120 crate=-120 uimp=-39555 upos=0 uneg=340 ball=-125.00 vball=0.00 aball=0.0 bref=0.00 pid=-120.0 pref=-320.0 ppos=-39.6 apid=0.0 integ=0.0 vision=1 current=1 vframe=17541 vs=1 vage=33 vpage=33 vdt=100 vmax=21393 vacc=17145 vrej=0 seq=0 elapsed=0 oled=3C
[   1717] STATUS mode=3 fault=none enc=987 denc=-1 sreq=-120 sapplied=-120 crate=-120 uimp=-41955 upos=0 uneg=360 ball=-125.00 vball=0.00 aball=0.0 bref=0.00 pid=-120.0 pref=-320.0 ppos=-42.0 apid=0.0 integ=0.0 vision=1 current=1 vframe=17542 vs=1 vage=19 vpage=19 vdt=34 vmax=21393 vacc=17146 vrej=0 seq=0 elapsed=0 oled=3C
[   1733] STATUS mode=3 fault=none enc=981 denc=-1 sreq=-120 sapplied=-120 crate=-120 uimp=-46755 upos=0 uneg=400 ball=-125.00 vball=0.00 aball=0.0 bref=0.00 pid=-120.0 pref=-320.0 ppos=-46.8 apid=0.0 integ=0.0 vision=1 current=1 vframe=17543 vs=1 vage=26 vpage=26 vdt=33 vmax=21393 vacc=17147 vrej=0 seq=0 elapsed=0 oled=3C
[   1765] STATUS mode=3 fault=none enc=978 denc=-1 sreq=-120 sapplied=-120 crate=-120 uimp=-49155 upos=0 uneg=420 ball=-125.00 vball=0.00 aball=0.0 bref=0.00 pid=-120.0 pref=-320.0 ppos=-49.2 apid=0.0 integ=0.0 vision=1 current=1 vframe=17543 vs=1 vage=46 vpage=46 vdt=33 vmax=21393 vacc=17147 vrej=0 seq=0 elapsed=0 oled=3C
[   1795] STATUS mode=3 fault=none enc=976 denc=1 sreq=-120 sapplied=-120 crate=-120 uimp=-51555 upos=0 uneg=440 ball=-125.00 vball=0.00 aball=0.0 bref=0.00 pid=-120.0 pref=-320.0 ppos=-51.6 apid=0.0 integ=0.0 vision=1 current=1 vframe=17543 vs=1 vage=66 vpage=66 vdt=33 vmax=21393 vacc=17147 vrej=0 seq=0 elapsed=0 oled=3C
[   1827] STATUS mode=3 fault=none enc=969 denc=-1 sreq=-120 sapplied=-120 crate=-120 uimp=-56355 upos=0 uneg=480 ball=-125.00 vball=0.00 aball=0.0 bref=0.00 pid=-120.0 pref=-320.0 ppos=-56.4 apid=0.0 integ=0.0 vision=1 current=1 vframe=17544 vs=1 vage=3 vpage=3 vdt=103 vmax=21393 vacc=17148 vrej=0 seq=0 elapsed=0 oled=3C
[   1842] STATUS mode=3 fault=none enc=966 denc=0 sreq=-120 sapplied=-120 crate=-120 uimp=-58755 upos=0 uneg=500 ball=-125.00 vball=0.00 aball=0.0 bref=0.00 pid=-120.0 pref=-320.0 ppos=-58.8 apid=0.0 integ=0.0 vision=1 current=1 vframe=17544 vs=1 vage=23 vpage=23 vdt=103 vmax=21393 vacc=17148 vrej=0 seq=0 elapsed=0 oled=3C
[   1875] STATUS mode=3 fault=none enc=963 denc=-1 sreq=-120 sapplied=-120 crate=-120 uimp=-61155 upos=0 uneg=520 ball=-125.00 vball=0.00 aball=0.0 bref=0.00 pid=-120.0 pref=-320.0 ppos=-61.2 apid=0.0 integ=0.0 vision=1 current=1 vframe=17545 vs=1 vage=13 vpage=13 vdt=30 vmax=21393 vacc=17149 vrej=0 seq=0 elapsed=0 oled=3C
[   1906] STATUS mode=3 fault=none enc=957 denc=0 sreq=-120 sapplied=-120 crate=-120 uimp=-65955 upos=0 uneg=560 ball=-125.00 vball=0.00 aball=0.0 bref=0.00 pid=-120.0 pref=-320.0 ppos=-66.0 apid=0.0 integ=0.0 vision=1 current=1 vframe=17546 vs=1 vage=17 vpage=17 vdt=36 vmax=21393 vacc=17150 vrej=0 seq=0 elapsed=0 oled=3C
[   1936] STATUS mode=3 fault=none enc=953 denc=-2 sreq=-120 sapplied=-120 crate=-120 uimp=-68355 upos=0 uneg=580 ball=-125.00 vball=0.00 aball=0.0 bref=0.00 pid=-120.0 pref=-320.0 ppos=-68.4 apid=0.0 integ=0.0 vision=1 current=1 vframe=17546 vs=1 vage=37 vpage=37 vdt=36 vmax=21393 vacc=17150 vrej=0 seq=0 elapsed=0 oled=3C
[   1952] STATUS mode=3 fault=none enc=950 denc=-1 sreq=-120 sapplied=-120 crate=-120 uimp=-70755 upos=0 uneg=600 ball=-125.00 vball=0.00 aball=0.0 bref=0.00 pid=-120.0 pref=-320.0 ppos=-70.8 apid=0.0 integ=0.0 vision=1 current=1 vframe=17546 vs=1 vage=57 vpage=57 vdt=36 vmax=21393 vacc=17150 vrej=0 seq=0 elapsed=0 oled=3C
[   1983] STATUS mode=3 fault=none enc=945 denc=0 sreq=-120 sapplied=-120 crate=-120 uimp=-75555 upos=0 uneg=640 ball=-125.00 vball=0.00 aball=0.0 bref=0.00 pid=-120.0 pref=-320.0 ppos=-75.6 apid=0.0 integ=0.0 vision=1 current=1 vframe=17547 vs=1 vage=4 vpage=4 vdt=93 vmax=21393 vacc=17151 vrej=0 seq=0 elapsed=0 oled=3C
[   2015] STATUS mode=3 fault=none enc=942 denc=0 sreq=-120 sapplied=-120 crate=-120 uimp=-77955 upos=0 uneg=660 ball=-125.00 vball=0.00 aball=0.0 bref=0.00 pid=-120.0 pref=-320.0 ppos=-78.0 apid=0.0 integ=0.0 vision=1 current=1 vframe=17548 vs=1 vage=3 vpage=3 vdt=21 vmax=21393 vacc=17152 vrej=0 seq=0 elapsed=0 oled=3C
[   2045] STATUS mode=3 fault=none enc=935 denc=-1 sreq=-120 sapplied=-120 crate=-120 uimp=-82755 upos=0 uneg=700 ball=-125.00 vball=0.00 aball=0.0 bref=0.00 pid=-120.0 pref=-320.0 ppos=-82.8 apid=0.0 integ=0.0 vision=1 current=1 vframe=17549 vs=1 vage=9 vpage=9 vdt=34 vmax=21393 vacc=17153 vrej=0 seq=0 elapsed=0 oled=3C
[   2061] STATUS mode=3 fault=none enc=932 denc=-2 sreq=-120 sapplied=-120 crate=-120 uimp=-85155 upos=0 uneg=720 ball=-125.00 vball=0.00 aball=0.0 bref=0.00 pid=-120.0 pref=-320.0 ppos=-85.2 apid=0.0 integ=0.0 vision=1 current=1 vframe=17549 vs=1 vage=29 vpage=29 vdt=34 vmax=21393 vacc=17153 vrej=0 seq=0 elapsed=0 oled=3C
[   2092] STATUS mode=3 fault=none enc=930 denc=0 sreq=-120 sapplied=-120 crate=-120 uimp=-87555 upos=0 uneg=740 ball=-125.00 vball=0.00 aball=0.0 bref=0.00 pid=-120.0 pref=-320.0 ppos=-87.6 apid=0.0 integ=0.0 vision=1 current=1 vframe=17549 vs=1 vage=49 vpage=49 vdt=34 vmax=21393 vacc=17153 vrej=0 seq=0 elapsed=0 oled=3C
[   2125] STATUS mode=3 fault=none enc=923 denc=-1 sreq=-120 sapplied=-120 crate=-120 uimp=-92355 upos=0 uneg=780 ball=-125.00 vball=0.00 aball=0.0 bref=0.00 pid=-120.0 pref=-320.0 ppos=-92.4 apid=0.0 integ=0.0 vision=1 current=1 vframe=17549 vs=1 vage=89 vpage=89 vdt=34 vmax=21393 vacc=17153 vrej=0 seq=0 elapsed=0 oled=3C
[   2156] STATUS mode=3 fault=none enc=920 denc=-1 sreq=-120 sapplied=-120 crate=-120 uimp=-94755 upos=0 uneg=800 ball=-125.00 vball=0.00 aball=0.0 bref=0.00 pid=-120.0 pref=-320.0 ppos=-94.8 apid=0.0 integ=0.0 vision=1 current=1 vframe=17550 vs=1 vage=13 vpage=13 vdt=96 vmax=21393 vacc=17154 vrej=0 seq=0 elapsed=0 oled=3C
[   2170] STATUS mode=3 fault=none enc=916 denc=-2 sreq=-120 sapplied=-120 crate=-120 uimp=-97155 upos=0 uneg=820 ball=-125.00 vball=0.00 aball=0.0 bref=0.00 pid=-120.0 pref=-320.0 ppos=-97.2 apid=0.0 integ=0.0 vision=1 current=1 vframe=17551 vs=1 vage=12 vpage=12 vdt=21 vmax=21393 vacc=17155 vrej=0 seq=0 elapsed=0 oled=3C
[   2202] STATUS mode=3 fault=none enc=910 denc=-1 sreq=-120 sapplied=-120 crate=-120 uimp=-101955 upos=0 uneg=860 ball=-125.00 vball=0.00 aball=0.0 bref=0.00 pid=-120.0 pref=-320.0 ppos=-102.0 apid=0.0 integ=0.0 vision=1 current=1 vframe=17552 vs=1 vage=19 vpage=19 vdt=33 vmax=21393 vacc=17156 vrej=0 seq=0 elapsed=0 oled=3C
[   2233] STATUS mode=3 fault=none enc=907 denc=-1 sreq=-120 sapplied=-120 crate=-120 uimp=-104355 upos=0 uneg=880 ball=-125.00 vball=0.00 aball=0.0 bref=0.00 pid=-120.0 pref=-320.0 ppos=-104.4 apid=0.0 integ=0.0 vision=1 current=1 vframe=17552 vs=1 vage=39 vpage=39 vdt=33 vmax=21393 vacc=17156 vrej=0 seq=0 elapsed=0 oled=3C
[   2265] STATUS mode=3 fault=none enc=901 denc=-1 sreq=-120 sapplied=-120 crate=-120 uimp=-109155 upos=0 uneg=920 ball=-125.00 vball=0.00 aball=0.0 bref=0.00 pid=-120.0 pref=-320.0 ppos=-109.2 apid=0.0 integ=0.0 vision=1 current=1 vframe=17552 vs=1 vage=79 vpage=79 vdt=33 vmax=21393 vacc=17156 vrej=0 seq=0 elapsed=0 oled=3C
[   2281] STATUS mode=3 fault=none enc=898 denc=-1 sreq=-120 sapplied=-120 crate=-120 uimp=-111555 upos=0 uneg=940 ball=-125.00 vball=0.00 aball=0.0 bref=0.00 pid=-120.0 pref=-320.0 ppos=-111.6 apid=0.0 integ=0.0 vision=1 current=1 vframe=17552 vs=1 vage=99 vpage=99 vdt=33 vmax=21393 vacc=17156 vrej=0 seq=0 elapsed=0 oled=3C
[   2311] STATUS mode=3 fault=none enc=895 denc=-1 sreq=-120 sapplied=-120 crate=-120 uimp=-113955 upos=0 uneg=960 ball=-125.00 vball=0.00 aball=0.0 bref=0.00 pid=-120.0 pref=-320.0 ppos=-114.0 apid=0.0 integ=0.0 vision=1 current=1 vframe=17553 vs=1 vage=19 vpage=19 vdt=100 vmax=21393 vacc=17157 vrej=0 seq=0 elapsed=0 oled=3C
[   2342] STATUS mode=3 fault=none enc=889 denc=0 sreq=-120 sapplied=-120 crate=-120 uimp=-118755 upos=0 uneg=1000 ball=-125.00 vball=0.00 aball=0.0 bref=0.00 pid=-120.0 pref=-320.0 ppos=-118.8 apid=0.0 integ=0.0 vision=1 current=1 vframe=17554 vs=1 vage=26 vpage=26 vdt=33 vmax=21393 vacc=17158 vrej=0 seq=0 elapsed=0 oled=3C
[   2375] STATUS mode=3 fault=none enc=886 denc=-1 sreq=-120 sapplied=-120 crate=-120 uimp=-121155 upos=0 uneg=1020 ball=-125.00 vball=0.00 aball=0.0 bref=0.00 pid=-120.0 pref=-320.0 ppos=-121.2 apid=0.0 integ=0.0 vision=1 current=1 vframe=17554 vs=1 vage=46 vpage=46 vdt=33 vmax=21393 vacc=17158 vrej=0 seq=0 elapsed=0 oled=3C
[   2390] STATUS mode=3 fault=none enc=884 denc=0 sreq=-120 sapplied=-120 crate=-120 uimp=-123555 upos=0 uneg=1040 ball=-125.00 vball=0.00 aball=0.0 bref=0.00 pid=-120.0 pref=-320.0 ppos=-123.6 apid=0.0 integ=0.0 vision=1 current=1 vframe=17554 vs=1 vage=66 vpage=66 vdt=33 vmax=21393 vacc=17158 vrej=0 seq=0 elapsed=0 oled=3C
[   2420] STATUS mode=3 fault=none enc=877 denc=-1 sreq=-120 sapplied=-120 crate=-120 uimp=-128355 upos=0 uneg=1080 ball=-125.00 vball=0.00 aball=0.0 bref=0.00 pid=-120.0 pref=-320.0 ppos=-128.4 apid=0.0 integ=0.0 vision=1 current=1 vframe=17554 vs=1 vage=106 vpage=106 vdt=33 vmax=21393 vacc=17158 vrej=0 seq=0 elapsed=0 oled=3C
[   2452] STATUS mode=3 fault=none enc=873 denc=-1 sreq=-120 sapplied=-120 crate=-120 uimp=-130755 upos=0 uneg=1100 ball=-125.00 vball=0.00 aball=0.0 bref=0.00 pid=-120.0 pref=-320.0 ppos=-130.8 apid=0.0 integ=0.0 vision=1 current=1 vframe=17556 vs=1 vage=9 vpage=9 vdt=8 vmax=21393 vacc=17160 vrej=0 seq=0 elapsed=0 oled=3C
[   2483] STATUS mode=3 fault=none enc=868 denc=0 sreq=-120 sapplied=-120 crate=-120 uimp=-135555 upos=0 uneg=1140 ball=-125.00 vball=0.00 aball=0.0 bref=0.00 pid=-120.0 pref=-320.0 ppos=-135.6 apid=0.0 integ=0.0 vision=1 current=1 vframe=17557 vs=1 vage=16 vpage=16 vdt=33 vmax=21393 vacc=17161 vrej=0 seq=0 elapsed=0 oled=3C
[   2515] STATUS mode=3 fault=none enc=864 denc=-1 sreq=-120 sapplied=-120 crate=-120 uimp=-137955 upos=0 uneg=1160 ball=-125.00 vball=0.00 aball=0.0 bref=0.00 pid=-120.0 pref=-320.0 ppos=-138.0 apid=0.0 integ=0.0 vision=1 current=1 vframe=17558 vs=1 vage=2 vpage=2 vdt=34 vmax=21393 vacc=17162 vrej=0 seq=0 elapsed=0 oled=3C
[   2531] STATUS mode=3 fault=none enc=861 denc=-1 sreq=-120 sapplied=-120 crate=-120 uimp=-140355 upos=0 uneg=1180 ball=-125.00 vball=0.00 aball=0.0 bref=0.00 pid=-120.0 pref=-320.0 ppos=-140.4 apid=0.0 integ=0.0 vision=1 current=1 vframe=17558 vs=1 vage=22 vpage=22 vdt=34 vmax=21393 vacc=17162 vrej=0 seq=0 elapsed=0 oled=3C
[   2561] STATUS mode=3 fault=none enc=855 denc=-2 sreq=-120 sapplied=-120 crate=-120 uimp=-145155 upos=0 uneg=1220 ball=-125.00 vball=0.00 aball=0.0 bref=0.00 pid=-120.0 pref=-320.0 ppos=-145.2 apid=0.0 integ=0.0 vision=1 current=1 vframe=17558 vs=1 vage=62 vpage=62 vdt=34 vmax=21393 vacc=17162 vrej=0 seq=0 elapsed=0 oled=3C
[   2592] STATUS mode=3 fault=none enc=853 denc=0 sreq=-120 sapplied=-120 crate=-120 uimp=-147555 upos=0 uneg=1240 ball=-125.00 vball=0.00 aball=0.0 bref=0.00 pid=-120.0 pref=-320.0 ppos=-147.6 apid=0.0 integ=0.0 vision=1 current=1 vframe=17558 vs=1 vage=82 vpage=82 vdt=34 vmax=21393 vacc=17162 vrej=0 seq=0 elapsed=0 oled=3C
[   2625] STATUS mode=3 fault=none enc=846 denc=-1 sreq=-120 sapplied=-120 crate=-120 uimp=-152355 upos=0 uneg=1280 ball=-125.00 vball=0.00 aball=0.0 bref=0.00 pid=-120.0 pref=-320.0 ppos=-152.4 apid=0.0 integ=0.0 vision=1 current=1 vframe=17559 vs=1 vage=20 vpage=20 vdt=102 vmax=21393 vacc=17163 vrej=0 seq=0 elapsed=0 oled=3C
[   2640] STATUS mode=3 fault=none enc=843 denc=0 sreq=-120 sapplied=-120 crate=-120 uimp=-154755 upos=0 uneg=1300 ball=-125.00 vball=0.00 aball=0.0 bref=0.00 pid=-120.0 pref=-320.0 ppos=-154.8 apid=0.0 integ=0.0 vision=1 current=1 vframe=17560 vs=1 vage=9 vpage=9 vdt=31 vmax=21393 vacc=17164 vrej=0 seq=0 elapsed=0 oled=3C
[   2670] STATUS mode=3 fault=none enc=840 denc=-1 sreq=-120 sapplied=-120 crate=-120 uimp=-157155 upos=0 uneg=1320 ball=-125.00 vball=0.00 aball=0.0 bref=0.00 pid=-120.0 pref=-320.0 ppos=-157.2 apid=0.0 integ=0.0 vision=1 current=1 vframe=17560 vs=1 vage=29 vpage=29 vdt=31 vmax=21393 vacc=17164 vrej=0 seq=0 elapsed=0 oled=3C
[   2702] STATUS mode=3 fault=none enc=833 denc=-1 sreq=-120 sapplied=-120 crate=-120 uimp=-161955 upos=0 uneg=1360 ball=-125.00 vball=0.00 aball=0.0 bref=0.00 pid=-120.0 pref=-320.0 ppos=-162.0 apid=0.0 integ=0.0 vision=1 current=1 vframe=17561 vs=1 vage=35 vpage=35 vdt=34 vmax=21393 vacc=17165 vrej=0 seq=0 elapsed=0 oled=3C
[   2733] STATUS mode=3 fault=none enc=830 denc=-1 sreq=-120 sapplied=-120 crate=-120 uimp=-164355 upos=0 uneg=1380 ball=-125.00 vball=0.00 aball=0.0 bref=0.00 pid=-120.0 pref=-320.0 ppos=-164.4 apid=0.0 integ=0.0 vision=1 current=1 vframe=17561 vs=1 vage=55 vpage=55 vdt=34 vmax=21393 vacc=17165 vrej=0 seq=0 elapsed=0 oled=3C
[   2750] STATUS mode=3 fault=none enc=827 denc=0 sreq=-120 sapplied=-120 crate=-120 uimp=-166755 upos=0 uneg=1400 ball=-125.00 vball=0.00 aball=0.0 bref=0.00 pid=-120.0 pref=-320.0 ppos=-166.8 apid=0.0 integ=0.0 vision=1 current=1 vframe=17561 vs=1 vage=75 vpage=75 vdt=34 vmax=21393 vacc=17165 vrej=0 seq=0 elapsed=0 oled=3C
[   2781] STATUS mode=3 fault=none enc=821 denc=-1 sreq=-120 sapplied=-120 crate=-120 uimp=-171555 upos=0 uneg=1440 ball=-125.00 vball=0.00 aball=0.0 bref=0.00 pid=-120.0 pref=-320.0 ppos=-171.6 apid=0.0 integ=0.0 vision=1 current=1 vframe=17562 vs=1 vage=13 vpage=13 vdt=102 vmax=21393 vacc=17166 vrej=0 seq=0 elapsed=0 oled=3C
[   2811] STATUS mode=3 fault=none enc=818 denc=-1 sreq=-120 sapplied=-120 crate=-120 uimp=-173955 upos=0 uneg=1460 ball=-125.00 vball=0.00 aball=0.0 bref=0.00 pid=-120.0 pref=-320.0 ppos=-174.0 apid=0.0 integ=0.0 vision=1 current=1 vframe=17563 vs=1 vage=3 vpage=3 vdt=30 vmax=21393 vacc=17167 vrej=0 seq=0 elapsed=0 oled=3C
[   2842] STATUS mode=3 fault=none enc=812 denc=0 sreq=-120 sapplied=-120 crate=-120 uimp=-178755 upos=0 uneg=1500 ball=-125.00 vball=0.00 aball=0.0 bref=0.00 pid=-120.0 pref=-320.0 ppos=-178.8 apid=0.0 integ=0.0 vision=1 current=1 vframe=17564 vs=1 vage=10 vpage=10 vdt=33 vmax=21393 vacc=17168 vrej=0 seq=0 elapsed=0 oled=3C
[   2875] STATUS mode=3 fault=none enc=809 denc=-1 sreq=-120 sapplied=-120 crate=-120 uimp=-181155 upos=0 uneg=1520 ball=-125.00 vball=0.00 aball=0.0 bref=0.00 pid=-120.0 pref=-320.0 ppos=-181.2 apid=0.0 integ=0.0 vision=1 current=1 vframe=17564 vs=1 vage=30 vpage=30 vdt=33 vmax=21393 vacc=17168 vrej=0 seq=0 elapsed=0 oled=3C
[   2890] STATUS mode=3 fault=none enc=807 denc=0 sreq=-120 sapplied=-120 crate=-120 uimp=-183555 upos=0 uneg=1540 ball=-125.00 vball=0.00 aball=0.0 bref=0.00 pid=-120.0 pref=-320.0 ppos=-183.6 apid=0.0 integ=0.0 vision=1 current=1 vframe=17564 vs=1 vage=50 vpage=50 vdt=33 vmax=21393 vacc=17168 vrej=0 seq=0 elapsed=0 oled=3C
[   2920] STATUS mode=3 fault=none enc=799 denc=-1 sreq=-120 sapplied=-120 crate=-120 uimp=-188355 upos=0 uneg=1580 ball=-125.00 vball=0.00 aball=0.0 bref=0.00 pid=-120.0 pref=-320.0 ppos=-188.4 apid=0.0 integ=0.0 vision=1 current=1 vframe=17564 vs=1 vage=90 vpage=90 vdt=33 vmax=21393 vacc=17168 vrej=0 seq=0 elapsed=0 oled=3C
[   2952] STATUS mode=3 fault=none enc=796 denc=-1 sreq=-120 sapplied=-120 crate=-120 uimp=-190755 upos=0 uneg=1600 ball=-125.00 vball=0.00 aball=0.0 bref=0.00 pid=-120.0 pref=-320.0 ppos=-190.8 apid=0.0 integ=0.0 vision=1 current=1 vframe=17565 vs=1 vage=12 vpage=12 vdt=98 vmax=21393 vacc=17169 vrej=0 seq=0 elapsed=0 oled=3C
[   2983] STATUS mode=3 fault=none enc=790 denc=0 sreq=-120 sapplied=-120 crate=-120 uimp=-195555 upos=0 uneg=1640 ball=-125.00 vball=0.00 aball=0.0 bref=0.00 pid==-120.0 pref=-320.0 ppos=-193.2 apid=0.0 integ=0.0 vision=1 current=1 vframe=17565 vs=1 vage=32 vpage=32 vdt=98 vmax=21393 vacc=17169 vrej=0 seq=0 elapsed=0 oled=3C
[   3000] STATUS mode=3 fault=none enc=787 denc=-1 sreq=-120 sapplied=-120 crate=-120 uimp=-197955 upos=0 uneg=1660 ball=-125.00 vball=0.00 aball=0.0 bref=0.00 pid=-120.0 pref=-320.0 ppos=-198.0 apid=0.0 integ=0.0 vision=1 current=1 vframe=17566 vs=1 vage=37 vpage=37 vdt=35 vmax=21393 vacc=17170 vrej=0 seq=0 elapsed=0 oled=3C
[   3031] STATUS mode=3 fault=none enc=784 denc=-1 sreq=-120 sapplied=-120 crate=-120 uimp=-200355 upos=0 uneg=1680 ball=-125.00 vball=0.00 aball=0.0 bref=0.00 pid=-120.0 pref=-320.0 ppos=-200.4 apid=0.0 integ=0.0 vision=1 current=1 vframe=17566 vs=1 vage=57 vpage=57 vdt=35 vmax=21393 vacc=17170 vrej=0 seq=0 elapsed=0 oled=3C
[   3061] STATUS mode=3 fault=none enc=778 denc=-1 sreq=-120 sapplied=-120 crate=-120 uimp=-205155 upos=0 uneg=1720 ball=-125.00 vball=0.00 aball=0.0 bref=0.00 pid=-120.0 pref=-320.0 ppos=-205.2 apid=0.0 integ=0.0 vision=1 current=1 vframe=17566 vs=1 vage=97 vpage=97 vdt=35 vmax=21393 vacc=17170 vrej=0 seq=0 elapsed=0 oled=3C
[   3092] STATUS mode=3 fault=none enc=775 denc=0 sreq=-120 sapplied=-120 crate=-120 uimp=-207555 upos=0 uneg=1740 ball=-125.00 vball=0.00 aball=0.0 bref=0.00 pid=-120.0 pref=-320.0 ppos=-207.6 apid=0.0 integ=0.0 vision=1 current=1 vframe=17568 vs=1 vage=3 vpage=3 vdt=6 vmax=21393 vacc=17172 vrej=0 seq=0 elapsed=0 oled=3C
[   3108] STATUS mode=3 fault=none enc=772 denc=-1 sreq=-120 sapplied=-120 crate=-120 uimp=-209955 upos=0 uneg=1760 ball=-125.00 vball=0.00 aball=0.0 bref=0.00 pid=-120.0 pref=-320.0 ppos=-210.0 apid=0.0 integ=0.0 vision=1 current=1 vframe=17568 vs=1 vage=23 vpage=23 vdt=6 vmax=21393 vacc=17172 vrej=0 seq=0 elapsed=0 oled=3C
[   3140] STATUS mode=3 fault=none enc=766 denc=0 sreq=-120 sapplied=-120 crate=-120 uimp=-214755 upos=0 uneg=1800 ball=-125.00 vball=0.00 aball=0.0 bref=0.00 pid=-120.0 pref=-320.0 ppos=-214.8 apid=0.0 integ=0.0 vision=1 current=1 vframe=17569 vs=1 vage=27 vpage=27 vdt=36 vmax=21393 vacc=17173 vrej=0 seq=0 elapsed=0 oled=3C
[   3170] STATUS mode=3 fault=none enc=763 denc=-1 sreq=-120 sapplied=-120 crate=-120 uimp=-217155 upos=0 uneg=1820 ball=-125.00 vball=0.00 aball=0.0 bref=0.00 pid=-120.0 pref=-320.0 ppos=-217.2 apid=0.0 integ=0.0 vision=1 current=1 vframe=17569 vs=1 vage=47 vpage=47 vdt=36 vmax=21393 vacc=17173 vrej=0 seq=0 elapsed=0 oled=3C
[   3202] STATUS mode=3 fault=none enc=756 denc=-1 sreq=-120 sapplied=-120 crate=-120 uimp=-221955 upos=0 uneg=1860 ball=-125.00 vball=0.00 aball=0.0 bref=0.00 pid=-120.0 pref=-320.0 ppos=-222.0 apid=0.0 integ=0.0 vision=1 current=1 vframe=17569 vs=1 vage=87 vpage=87 vdt=36 vmax=21393 vacc=17173 vrej=0 seq=0 elapsed=0 oled=3C
[   3233] STATUS mode=3 fault=none enc=753 denc=-1 sreq=-120 sapplied=-120 crate=-120 uimp=-224355 upos=0 uneg=1880 ball=-125.00 vball=0.00 aball=0.0 bref=0.00 pid=-120.0 pref=-320.0 ppos=-224.4 apid=0.0 integ=0.0 vision=1 current=1 vframe=17570 vs=1 vage=2 vpage=2 vdt=105 vmax=21393 vacc=17174 vrej=0 seq=0 elapsed=0 oled=3C
[   3250] STATUS mode=3 fault=none enc=749 denc=-2 sreq=-120 sapplied=-120 crate=-120 uimp=-226755 upos=0 uneg=1900 ball=-125.00 vball=0.00 aball=0.0 bref=0.00 pid=-120.0 pref=-320.0 ppos=-226.8 apid=0.0 integ=0.0 vision=1 current=1 vframe=17571 vs=1 vage=14 vpage=14 vdt=8 vmax=21393 vacc=17175 vrej=0 seq=0 elapsed=0 oled=3C
[   3281] STATUS mode=3 fault=none enc=744 denc=0 sreq=-120 sapplied=-120 crate=-120 uimp=-231555 upos=0 uneg=1940 ball=-125.00 vball=0.00 aball=0.0 bref=0.00 pid=-120.0 pref=-320.0 ppos=-231.6 apid=0.0 integ=0.0 vision=1 current=1 vframe=17572 vs=1 vage=34 vpage=34 vdt=20 vmax=21393 vacc=17176 vrej=0 seq=0 elapsed=0 oled=3C
[   3311] STATUS mode=3 fault=none enc=740 denc=-1 sreq=-120 sapplied=-120 crate=-120 uimp=-233955 upos=0 uneg=1960 ball=-125.00 vball=0.00 aball=0.0 bref=0.00 pid=-120.0 pref=-320.0 ppos=-234.0 apid=0.0 integ=0.0 vision=1 current=1 vframe=17573 vs=1 vage=20 vpage=20 vdt=34 vmax=21393 vacc=17177 vrej=0 seq=0 elapsed=0 oled=3C
[   3342] STATUS mode=3 fault=none enc=737 denc=-1 sreq=-120 sapplied=-120 crate=-120 uimp=-236355 upos=0 uneg=1980 ball=-125.00 vball=0.00 aball=0.0 bref=0.00 pid=-120.0 pref=-320.0 ppos=-236.4 apid=0.0 integ=0.0 vision=1 current=1 vframe=17573 vs=1 vage=40 vpage=40 vdt=34 vmax=21393 vacc=17177 vrej=0 seq=0 elapsed=0 oled=3C
[   3358] STATUS mode=3 fault=none enc=731 denc=-1 sreq=-120 sapplied=-120 crate=-120 uimp=-241155 upos=0 uneg=2020 ball=-125.00 vball=0.00 aball=0.0 bref=0.00 pid=-120.0 pref=-320.0 ppos=-241.2 apid=0.0 integ=0.0 vision=1 current=1 vframe=17573 vs=1 vage=80 vpage=80 vdt=34 vmax=21393 vacc=17177 vrej=0 seq=0 elapsed=0 oled=3C
[   3390] STATUS mode=3 fault=none enc=729 denc=1 sreq=-120 sapplied=-120 crate=-120 uimp=-243555 upos=0 uneg=2040 ball=-125.00 vball=0.00 aball=0.0 bref=0.00 pid=-120.0 pref=-320.0 ppos=-243.6 apid=0.0 integ=0.0 vision=1 current=1 vframe=17574 vs=1 vage=1 vpage=1 vdt=99 vmax=21393 vacc=17178 vrej=0 seq=0 elapsed=0 oled=3C
[   3420] STATUS mode=3 fault=none enc=722 denc=-1 sreq=-120 sapplied=-120 crate=-120 uimp=-248355 upos=0 uneg=2080 ball=-125.00 vball=0.00 aball=0.0 bref=0.00 pid=-120.0 pref=-320.0 ppos=-248.4 apid=0.0 integ=0.0 vision=1 current=1 vframe=17575 vs=1 vage=6 vpage=6 vdt=35 vmax=21393 vacc=17179 vrej=0 seq=0 elapsed=0 oled=3C
[   3452] STATUS mode=3 fault=none enc=719 denc=0 sreq=-120 sapplied=-120 crate=-120 uimp=-250755 upos=0 uneg=2100 ball=-125.00 vball=0.00 aball=0.0 bref=0.00 pid=-120.0 pref=-320.0 ppos=-250.8 apid=0.0 integ=0.0 vision=1 current=1 vframe=17575 vs=1 vage=26 vpage=26 vdt=35 vmax=21393 vacc=17179 vrej=0 seq=0 elapsed=0 oled=3C
[   3467] STATUS mode=3 fault=none enc=716 denc=-1 sreq=-120 sapplied=-120 crate=-120 uimp=-253155 upos=0 uneg=2120 ball=-125.00 vball=0.00 aball=0.0 bref=0.00 pid=-120.0 pref=-320.0 ppos=-253.2 apid=0.0 integ=0.0 vision=1 current=1 vframe=17575 vs=1 vage=46 vpage=46 vdt=35 vmax=21393 vacc=17179 vrej=0 seq=0 elapsed=0 oled=3C
[   3500] STATUS mode=3 fault=none enc=710 denc=0 sreq=-120 sapplied=-120 crate=-120 uimp=-257955 upos=0 uneg=2160 ball=-125.00 vball=0.00 aball=0.0 bref=0.00 pid=-120.0 pref=-320.0 ppos=-258.0 apid=0.0 integ=0.0 vision=1 current=1 vframe=17575 vs=1 vage=86 vpage=86 vdt=35 vmax=21393 vacc=17179 vrej=0 seq=0 elapsed=0 oled=3C
[   3531] STATUS mode=3 fault=none enc=706 denc=-1 sreq=-120 sapplied=-120 crate=-120 uimp=-260355 upos=0 uneg=2180 ball=-125.00 vball=0.00 aball=0.0 bref=0.00 pid=-120.0 pref=-320.0 ppos=-260.4 apid=0.0 integ=0.0 vision=1 current=1 vframe=17575 vs=1 vage=106 vpage=106 vdt=35 vmax=21393 vacc=17179 vrej=0 seq=0 elapsed=0 oled=3C
[   3561] STATUS mode=3 fault=none enc=700 denc=-1 sreq=-120 sapplied=-120 crate=-120 uimp=-265155 upos=0 uneg=2220 ball=-125.00 vball=0.00 aball=0.0 bref=0.00 pid=-120.0 pref=-320.0 ppos=-265.2 apid=0.0 integ=0.0 vision=1 current=1 vframe=17577 vs=1 vage=29 vpage=29 vdt=9 vmax=21393 vacc=17181 vrej=0 seq=0 elapsed=0 oled=3C
[   3592] STATUS mode=3 fault=none enc=698 denc=0 sreq=-120 sapplied=-120 crate=-120 uimp=-267555 upos=0 uneg=2240 ball=-125.00 vball=0.00 aball=0.0 bref=0.00 pid=-120.0 pref=-320.0 ppos=-267.6 apid=0.0 integ=0.0 vision=1 current=1 vframe=17578 vs=1 vage=16 vpage=16 vdt=33 vmax=21393 vacc=17182 vrej=0 seq=0 elapsed=0 oled=3C
[   3608] STATUS mode=3 fault=none enc=695 denc=0 sreq=-120 sapplied=-120 crate=-120 uimp=-269955 upos=0 uneg=2260 ball=-125.00 vball=0.00 aball=0.0 bref=0.00 pid=-120.0 pref=-320.0 ppos=-270.0 apid=0.0 integ=0.0 vision=1 current=1 vframe=17579 vs=1 vage=3 vpage=3 vdt=33 vmax=21393 vacc=17183 vrej=0 seq=0 elapsed=0 oled=3C
[   3640] STATUS mode=3 fault=none enc=688 denc=-1 sreq=-120 sapplied=-120 crate=-120 uimp=-274755 upos=0 uneg=2300 ball=-125.00 vball=0.00 aball=0.0 bref=0.00 pid=-120.0 pref=-320.0 ppos=-274.8 apid=0.0 integ=0.0 vision=1 current=1 vframe=17579 vs=1 vage=43 vpage=43 vdt=33 vmax=21393 vacc=17183 vrej=0 seq=0 elapsed=0 oled=3C
[   3670] STATUS mode=3 fault=none enc=685 denc=-1 sreq=-120 sapplied=-120 crate=-120 uimp=-277155 upos=0 uneg=2320 ball=-125.00 vball=0.00 aball=0.0 bref=0.00 pid=-120.0 pref=-320.0 ppos=-277.2 apid=0.0 integ=0.0 vision=1 current=1 vframe=17579 vs=1 vage=63 vpage=63 vdt=33 vmax=21393 vacc=17183 vrej=0 seq=0 elapsed=0 oled=3C
[   3702] STATUS mode=3 fault=none enc=683 denc=0 sreq=-120 sapplied=-120 crate=-120 uimp=-279555 upos=0 uneg=2340 ball=-125.00 vball=0.00 aball=0.0 bref=0.00 pid=-120.0 pref=-320.0 ppos=-279.6 apid=0.0 integ=0.0 vision=1 current=1 vframe=17579 vs=1 vage=83 vpage=83 vdt=33 vmax=21393 vacc=17183 vrej=0 seq=0 elapsed=0 oled=3C
[   3717] STATUS mode=3 fault=none enc=675 denc=-1 sreq=-120 sapplied=-120 crate=-120 uimp=-284355 upos=0 uneg=2380 ball=-125.00 vball=0.00 aball=0.0 bref=0.00 pid=-120.0 pref=-320.0 ppos=-284.4 apid=0.0 integ=0.0 vision=1 current=1 vframe=17580 vs=1 vage=22 vpage=22 vdt=101 vmax=21393 vacc=17184 vrej=0 seq=0 elapsed=0 oled=3C
[   3750] STATUS mode=3 fault=none enc=672 denc=-1 sreq=-120 sapplied=-120 crate=-120 uimp=-286755 upos=0 uneg=2400 ball=-125.00 vball=0.00 aball=0.0 bref=0.00 pid=-120.0 pref=-320.0 ppos=-286.8 apid=0.0 integ=0.0 vision=1 current=1 vframe=17581 vs=1 vage=9 vpage=9 vdt=33 vmax=21393 vacc=17185 vrej=0 seq=0 elapsed=0 oled=3C
[   3781] STATUS mode=3 fault=none enc=666 denc=0 sreq=-120 sapplied=-120 crate=-120 uimp=-291555 upos=0 uneg=2440 ball=-125.00 vball=0.00 aball=0.0 bref=0.00 pid=-120.0 pref=-320.0 ppos=-291.6 apid=0.0 integ=0.0 vision=1 current=1 vframe=17582 vs=1 vage=16 vpage=16 vdt=33 vmax=21393 vacc=17186 vrej=0 seq=0 elapsed=0 oled=3C
[   3811] STATUS mode=3 fault=none enc=663 denc=-1 sreq=-120 sapplied=-120 crate=-120 uimp=-293955 upos=0 uneg=2460 ball=-125.00 vball=0.00 aball=0.0 bref=0.00 pid=-120.0 pref=-320.0 ppos=-294.0 apid=0.0 integ=0.0 vision=1 current=1 vframe=17582 vs=1 vage=36 vpage=36 vdt=33 vmax=21393 vacc=17186 vrej=0 seq=0 elapsed=0 oled=3C
[   3842] STATUS mode=3 fault=none enc=659 denc=-2 sreq=-120 sapplied=-120 crate=-120 uimp=-296355 upos=0 uneg=2480 ball=-125.00 vball=0.00 aball=0.0 bref=0.00 pid=-120.0 pref=-320.0 ppos=-296.4 apid=0.0 integ=0.0 vision=1 current=1 vframe=17582 vs=1 vage=56 vpage=56 vdt=33 vmax=21393 vacc=17186 vrej=0 seq=0 elapsed=0 oled=3C
[   3858] STATUS mode=3 fault=none enc=654 denc=-1 sreq=-120 sapplied=-120 crate=-120 uimp=-301155 upos=0 uneg=2520 ball=-125.00 vball=0.00 aball=0.0 bref=0.00 pid=-120.0 pref=-320.0 ppos=-301.2 apid=0.0 integ=0.0 vision=1 current=1 vframe=17582 vs=1 vage=96 vpage=96 vdt=33 vmax=21393 vacc=17186 vrej=0 seq=0 elapsed=0 oled=3C
[   3890] STATUS mode=3 fault=none enc=651 denc=0 sreq=-120 sapplied=-120 crate=-120 uimp=-303555 upos=0 uneg=2540 ball=-125.00 vball=0.00 aball=0.0 bref=0.00 pid=-120.0 pref=-320.0 ppos=-303.6 apid=0.0 integ=0.0 vision=1 current=1 vframe=17583 vs=1 vage=17 vpage=17 vdt=99 vmax=21393 vacc=17187 vrej=0 seq=0 elapsed=0 oled=3C
[   3920] STATUS mode=3 fault=none enc=645 denc=-1 sreq=-116 sapplied=-116 crate=-116 uimp=-308355 upos=0 uneg=2580 ball=-125.00 vball=0.00 aball=0.0 bref=0.00 pid=-120.0 pref=-320.0 ppos=-306.0 apid=0.0 integ=0.0 vision=1 current=1 vframe=17584 vs=1 vage=3 vpage=3 vdt=34 vmax=21393 vacc=17188 vrej=0 seq=0 elapsed=0 oled=3C
[   3952] STATUS mode=3 fault=none enc=643 denc=1 sreq=-95 sapplied=-95 crate=-95 uimp=-310515 upos=0 uneg=2600 ball=-125.00 vball=0.00 aball=0.0 bref=0.00 pid=-94.8 pref=-320.0 ppos=-310.5 apid=0.0 integ=0.0 vision=1 current=1 vframe=17584 vs=1 vage=43 vpage=43 vdt=34 vmax=21393 vacc=17188 vrej=0 seq=0 elapsed=0 oled=3C
[   3967] STATUS mode=3 fault=none enc=639 denc=-1 sreq=-77 sapplied=-77 crate=-77 uimp=-312275 upos=0 uneg=2620 ball=-125.00 vball=0.00 aball=0.0 bref=0.00 pid=-77.2 pref=-320.0 ppos=-312.3 apid=0.0 integ=0.0 vision=1 current=1 vframe=17584 vs=1 vage=63 vpage=63 vdt=34 vmax=21393 vacc=17188 vrej=0 seq=0 elapsed=0 oled=3C
[   4000] STATUS mode=3 fault=none enc=637 denc=0 sreq=-51 sapplied=-51 crate=-51 uimp=-314875 upos=0 uneg=2660 ball=-125.00 vball=0.00 aball=0.0 bref=0.00 pid=-51.2 pref=-320.0 ppos=-314.9 apid=0.0 integ=0.0 vision=1 current=1 vframe=17584 vs=1 vage=103 vpage=103 vdt=34 vmax=21393 vacc=17188 vrej=0 seq=0 elapsed=0 oled=3C
[   4031] STATUS mode=3 fault=none enc=636 denc=0 sreq=-42 sapplied=-42 crate=-42 uimp=-315825 upos=0 uneg=2680 ball=-125.00 vball=0.00 aball=0.0 bref=0.00 pid=-41.7 pref=-320.0 ppos=-315.8 apid=0.0 integ=0.0 vision=1 current=1 vframe=17586 vs=1 vage=11 vpage=11 vdt=7 vmax=21393 vacc=17190 vrej=0 seq=0 elapsed=0 oled=3C
[   4061] STATUS mode=3 fault=none enc=634 denc=0 sreq=-34 sapplied=-34 crate=-34 uimp=-316605 upos=0 uneg=2700 ball=-125.00 vball=0.00 aball=0.0 bref=0.00 pid=-33.9 pref=-320.0 ppos=-316.6 apid=0.0 integ=0.0 vision=1 current=1 vframe=17587 vs=1 vage=10 vpage=10 vdt=21 vmax=21393 vacc=17191 vrej=0 seq=0 elapsed=0 oled=3C
[   4077] STATUS mode=3 fault=none enc=634 denc=0 sreq=-22 sapplied=-22 crate=-22 uimp=-317750 upos=0 uneg=2740 ball=-125.00 vball=0.00 aball=0.0 bref=0.00 pid=-22.5 pref=-320.0 ppos=-317.8 apid=0.0 integ=0.0 vision=1 current=1 vframe=17588 vs=1 vage=17 vpage=17 vdt=33 vmax=21393 vacc=17192 vrej=0 seq=0 elapsed=0 oled=3C
[   4108] STATUS mode=3 fault=none enc=632 denc=-1 sreq=0 sapplied=0 crate=-19 uimp=-318065 upos=0 uneg=2755 ball=-125.00 vball=0.00 aball=0.0 bref=0.00 pid=-19.3 pref=-320.0 ppos=-318.1 apid=0.0 integ=0.0 vision=1 current=1 vframe=17588 vs=1 vage=37 vpage=37 vdt=33 vmax=21393 vacc=17192 vrej=0 seq=0 elapsed=0 oled=3C
[   4140] STATUS mode=3 fault=none enc=633 denc=0 sreq=0 sapplied=0 crate=-19 uimp=-318065 upos=0 uneg=2755 ball=-125.00 vball=0.00 aball=0.0 bref=0.00 pid=-19.3 pref=-320.0 ppos=-318.1 apid=0.0 integ=0.0 vision=1 current=1 vframe=17588 vs=1 vage=57 vpage=57 vdt=33 vmax=21393 vacc=17192 vrej=0 seq=0 elapsed=0 oled=3C
[   4156] STATUS mode=3 fault=none enc=633 denc=0 sreq=0 sapplied=0 crate=-19 uimp=-318065 upos=0 uneg=2755 ball=-125.00 vball=0.00 aball=0.0 bref=0.00 pid=-19.3 pref=-320.0 ppos=-318.1 apid=0.0 integ=0.0 vision=1 current=1 vframe=17589 vs=1 vage=1 vpage=1 vdt=96 vmax=21393 vacc=17193 vrej=0 seq=0 elapsed=0 oled=3C
[   4186] STATUS mode=3 fault=none enc=633 denc=0 sreq=0 sapplied=0 crate=-19 uimp=-318065 upos=0 uneg=2755 ball=-125.00 vball=0.00 aball=0.0 bref=0.00 pid=-19.3 pref=-320.0 ppos=-318.1 apid=0.0 integ=0.0 vision=1 current=1 vframe=17590 vs=1 vage=0 vpage=0 vdt=21 vmax=21393 vacc=17194 vrej=0 seq=0 elapsed=0 oled=3C
[   4217] STATUS mode=3 fault=none enc=633 denc=0 sreq=0 sapplied=0 crate=-19 uimp=-318065 upos=0 uneg=2755 ball=-125.00 vball=0.00 aball=0.0 bref=0.00 pid=-19.3 pref=-320.0 ppos=-318.1 apid=0.0 integ=0.0 vision=1 current=1 vframe=17590 vs=1 vage=20 vpage=20 vdt=21 vmax=21393 vacc=17194 vrej=0 seq=0 elapsed=0 oled=3C
[   4250] STATUS mode=3 fault=none enc=633 denc=0 sreq=0 sapplied=0 crate=-19 uimp=-318065 upos=0 uneg=2755 ball=-125.00 vball=0.00 aball=0.0 bref=0.00 pid=-19.3 pref=-320.0 ppos=-318.1 apid=0.0 integ=0.0 vision=1 current=1 vframe=17591 vs=1 vage=28 vpage=28 vdt=32 vmax=21393 vacc=17195 vrej=0 seq=0 elapsed=0 oled=3C
[   4265] STATUS mode=3 fault=none enc=633 denc=0 sreq=0 sapplied=0 crate=-19 uimp=-318065 upos=0 uneg=2755 ball=-125.00 vball=0.00 aball=0.0 bref=0.00 pid=-19.3 pref=-320.0 ppos=-318.1 apid=0.0 integ=0.0 vision=1 current=1 vframe=17591 vs=1 vage=48 vpage=48 vdt=32 vmax=21393 vacc=17195 vrej=0 seq=0 elapsed=0 oled=3C
[   4295] STATUS mode=3 fault=none enc=633 denc=0 sreq=0 sapplied=0 crate=-19 uimp=-318065 upos=0 uneg=2755 ball=-125.00 vball=0.00 aball=0.0 bref=0.00 pid=-19.3 pref=-320.0 ppos=-318.1 apid=0.0 integ=0.0 vision=1 current=1 vframe=17591 vs=1 vage=68 vpage=68 vdt=32 vmax=21393 vacc=17195 vrej=0 seq=0 elapsed=0 oled=3C
[   4327] STATUS mode=3 fault=none enc=633 denc=0 sreq=0 sapplied=0 crate=-19 uimp=-318065 upos=0 uneg=2755 ball=-125.00 vball=0.00 aball=0.0 bref=0.00 pid=-19.3 pref=-320.0 ppos=-318.1 apid=0.0 integ=0.0 vision=1 current=1 vframe=17592 vs=1 vage=12 vpage=12 vdt=96 vmax=21393 vacc=17196 vrej=0 seq=0 elapsed=0 oled=3C
[   4342] STATUS mode=3 fault=none enc=633 denc=0 sreq=0 sapplied=0 crate=-19 uimp=-318065 upos=0 uneg=2755 ball=-125.00 vball=0.00 aball=0.0 bref=0.00 pid=-19.3 pref=-320.0 ppos=-318.1 apid=0.0 integ=0.0 vision=1 current=1 vframe=17593 vs=1 vage=12 vpage=12 vdt=20 vmax=21393 vacc=17197 vrej=0 seq=0 elapsed=0 oled=3C
[   4375] STATUS mode=3 fault=none enc=633 denc=0 sreq=0 sapplied=0 crate=-19 uimp=-318065 upos=0 uneg=2755 ball=-125.00 vball=0.00 aball=0.0 bref=0.00 pid=-19.3 pref=-320.0 ppos=-318.1 apid=0.0 integ=0.0 vision=1 current=1 vframe=17594 vs=1 vage=16 vpage=16 vdt=36 vmax=21393 vacc=17198 vrej=0 seq=0 elapsed=0 oled=3C
[   4406] STATUS mode=3 fault=none enc=633 denc=0 sreq=0 sapplied=0 crate=-19 uimp=-318065 upos=0 uneg=2755 ball=-125.00 vball=0.00 aball=0.0 bref=0.00 pid=-19.3 pref=-320.0 ppos=-318.1 apid=0.0 integ=0.0 vision=1 current=1 vframe=17594 vs=1 vage=36 vpage=36 vdt=36 vmax=21393 vacc=17198 vrej=0 seq=0 elapsed=0 oled=3C
[   4436] STATUS mode=3 fault=none enc=633 denc=0 sreq=0 sapplied=0 crate=-19 uimp=-318065 upos=0 uneg=2755 ball=-125.00 vball=0.00 aball=0.0 bref=0.00 pid=-19.3 pref=-320.0 ppos=-318.1 apid=0.0 integ=0.0 vision=1 current=1 vframe=17594 vs=1 vage=56 vpage=56 vdt=36 vmax=21393 vacc=17198 vrej=0 seq=0 elapsed=0 oled=3C
[   4452] STATUS mode=3 fault=none enc=633 denc=0 sreq=0 sapplied=0 crate=-19 uimp=-318065 upos=0 uneg=2755 ball=-125.00 vball=0.00 aball=0.0 bref=0.00 pid=-19.3 pref=-320.0 ppos=-318.1 apid=0.0 integ=0.0 vision=1 current=1 vframe=17595 vs=1 vage=1 vpage=1 vdt=95 vmax=21393 vacc=17199 vrej=0 seq=0 elapsed=0 oled=3C
[   4483] STATUS mode=3 fault=none enc=633 denc=0 sreq=0 sapplied=0 crate=-19 uimp=-318065 upos=0 uneg=2755 ball=-125.00 vball=0.00 aball=0.0 bref=0.00 pid=-19.3 pref=-320.0 ppos=-318.1 apid=0.0 integ=0.0 vision=1 current=1 vframe=17595 vs=1 vage=21 vpage=21 vdt=95 vmax=21393 vacc=17199 vrej=0 seq=0 elapsed=0 oled=3C
[   4515] STATUS mode=3 fault=none enc=633 denc=0 sreq=0 sapplied=0 crate=-19 uimp=-318065 upos=0 uneg=2755 ball=-125.00 vball=0.00 aball=0.0 bref=0.00 pid=-19.3 pref=-320.0 ppos=-318.1 apid=0.0 integ=0.0 vision=1 current=1 vframe=17596 vs=1 vage=19 vpage=19 vdt=22 vmax=21393 vacc=17200 vrej=0 seq=0 elapsed=0 oled=3C
[   4545] STATUS mode=3 fault=none enc=633 denc=0 sreq=0 sapplied=0 crate=-19 uimp=-318065 upos=0 uneg=2755 ball=-125.00 vball=0.00 aball=0.0 bref=0.00 pid=-19.3 pref=-320.0 ppos=-318.1 apid=0.0 integ=0.0 vision=1 current=1 vframe=17597 vs=1 vage=28 vpage=28 vdt=31 vmax=21393 vacc=17201 vrej=0 seq=0 elapsed=0 oled=3C
[   4561] STATUS mode=3 fault=none enc=633 denc=0 sreq=0 sapplied=0 crate=-19 uimp=-318065 upos=0 uneg=2755 ball=-125.00 vball=0.00 aball=0.0 bref=0.00 pid=-19.3 pref=-320.0 ppos=-318.1 apid=0.0 integ=0.0 vision=1 current=1 vframe=17597 vs=1 vage=48 vpage=48 vdt=31 vmax=21393 vacc=17201 vrej=0 seq=0 elapsed=0 oled=3C
[   4592] STATUS mode=3 fault=none enc=633 denc=0 sreq=0 sapplied=0 crate=-19 uimp=-318065 upos=0 uneg=2755 ball=-125.00 vball=0.00 aball=0.0 bref=0.00 pid=-19.3 pref=-320.0 ppos=-318.1 apid=0.0 integ=0.0 vision=1 current=1 vframe=17597 vs=1 vage=68 vpage=68 vdt=31 vmax=21393 vacc=17201 vrej=0 seq=0 elapsed=0 oled=3C
[   4625] STATUS mode=3 fault=none enc=633 denc=0 sreq=0 sapplied=0 crate=-19 uimp=-318065 upos=0 uneg=2755 ball=-125.00 vball=0.00 aball=0.0 bref=0.00 pid=-19.3 pref=-320.0 ppos=-318.1 apid=0.0 integ=0.0 vision=1 current=1 vframe=17598 vs=1 vage=13 vpage=13 vdt=95 vmax=21393 vacc=17202 vrej=0 seq=0 elapsed=0 oled=3C
[   4640] STATUS mode=3 fault=none enc=633 denc=0 sreq=0 sapplied=0 crate=-19 uimp=-318065 upos=0 uneg=2755 ball=-125.00 vball=0.00 aball=0.0 bref=0.00 pid=-19.3 pref=-320.0 ppos=-318.1 apid=0.0 integ=0.0 vision=1 current=1 vframe=17599 vs=1 vage=11 vpage=11 vdt=22 vmax=21393 vacc=17203 vrej=0 seq=0 elapsed=0 oled=3C
[   4670] STATUS mode=3 fault=none enc=633 denc=0 sreq=0 sapplied=0 crate=-19 uimp=-318065 upos=0 uneg=2755 ball=-125.00 vball=0.00 aball=0.0 bref=0.00 pid=-19.3 pref=-320.0 ppos=-318.1 apid=0.0 integ=0.0 vision=1 current=1 vframe=17599 vs=1 vage=31 vpage=31 vdt=22 vmax=21393 vacc=17203 vrej=0 seq=0 elapsed=0 oled=3C
[   4702] STATUS mode=3 fault=none enc=633 denc=0 sreq=0 sapplied=0 crate=-19 uimp=-318065 upos=0 uneg=2755 ball=-125.00 vball=0.00 aball=0.0 bref=0.00 pid=-19.3 pref=-320.0 ppos=-318.1 apid=0.0 integ=0.0 vision=1 current=1 vframe=17600 vs=1 vage=38 vpage=38 vdt=33 vmax=21393 vacc=17204 vrej=0 seq=0 elapsed=0 oled=3C
[   4733] STATUS mode=3 fault=none enc=633 denc=0 sreq=0 sapplied=0 crate=-19 uimp=-318065 upos=0 uneg=2755 ball=-125.00 vball=0.00 aball=0.0 bref=0.00 pid=-19.3 pref=-320.0 ppos=-318.1 apid=0.0 integ=0.0 vision=1 current=1 vframe=17600 vs=1 vage=58 vpage=58 vdt=33 vmax=21393 vacc=17204 vrej=0 seq=0 elapsed=0 oled=3C
[   4750] STATUS mode=3 fault=none enc=633 denc=0 sreq=0 sapplied=0 crate=-19 uimp=-318065 upos=0 uneg=2755 ball=-125.00 vball=0.00 aball=0.0 bref=0.00 pid=-19.3 pref=-320.0 ppos=-318.1 apid=0.0 integ=0.0 vision=1 current=1 vframe=17600 vs=1 vage=78 vpage=78 vdt=33 vmax=21393 vacc=17204 vrej=0 seq=0 elapsed=0 oled=3C
[   4781] STATUS mode=3 fault=none enc=633 denc=0 sreq=0 sapplied=0 crate=-19 uimp=-318065 upos=0 uneg=2755 ball=-125.00 vball=0.00 aball=0.0 bref=0.00 pid=-19.3 pref=-320.0 ppos=-318.1 apid=0.0 integ=0.0 vision=1 current=1 vframe=17601 vs=1 vage=18 vpage=18 vdt=100 vmax=21393 vacc=17205 vrej=0 seq=0 elapsed=0 oled=3C
[   4811] STATUS mode=3 fault=none enc=633 denc=0 sreq=0 sapplied=0 crate=-19 uimp=-318065 upos=0 uneg=2755 ball=-125.00 vball=0.00 aball=0.0 bref=0.00 pid=-19.3 pref=-320.0 ppos=-318.1 apid=0.0 integ=0.0 vision=1 current=1 vframe=17602 vs=1 vage=3 vpage=3 vdt=35 vmax=21393 vacc=17206 vrej=0 seq=0 elapsed=0 oled=3C
[   4842] STATUS mode=3 fault=none enc=633 denc=0 sreq=0 sapplied=0 crate=-19 uimp=-318065 upos=0 uneg=2755 ball=-125.00 vball=0.00 aball=0.0 bref=0.00 pid=-19.3 pref=-320.0 ppos=-318.1 apid=0.0 integ=0.0 vision=1 current=1 vframe=17602 vs=1 vage=23 vpage=23 vdt=35 vmax=21393 vacc=17206 vrej=0 seq=0 elapsed=0 oled=3C
[   4858] STATUS mode=3 fault=none enc=633 denc=0 sreq=0 sapplied=0 crate=-19 uimp=-318065 upos=0 uneg=2755 ball=-125.00 vball=0.00 aball=0.0 bref=0.00 pid=-19.3 pref=-320.0 ppos=-318.1 apid=0.0 integ=0.0 vision=1 current=1 vframe=17602 vs=1 vage=63 vpage=63 vdt=35 vmax=21393 vacc=17206 vrej=0 seq=0 elapsed=0 oled=3C
[   4890] STATUS mode=3 fault=none enc=633 denc=0 sreq=0 sapplied=0 crate=-19 uimp=-318065 upos=0 uneg=2755 ball=-125.00 vball=0.00 aball=0.0 bref=0.00 pid=-19.3 pref=-320.0 ppos=-318.1 apid=0.0 integ=0.0 vision=1 current=1 vframe=17602 vs=1 vage=83 vpage=83 vdt=35 vmax=21393 vacc=17206 vrej=0 seq=0 elapsed=0 oled=3C
[   4920] STATUS mode=3 fault=none enc=633 denc=0 sreq=0 sapplied=0 crate=-19 uimp=-318065 upos=0 uneg=2755 ball=-125.00 vball=0.00 aball=0.0 bref=0.00 pid=-19.3 pref=-320.0 ppos=-318.1 apid=0.0 integ=0.0 vision=1 current=1 vframe=17602 vs=1 vage=103 vpage=103 vdt=35 vmax=21393 vacc=17206 vrej=0 seq=0 elapsed=0 oled=3C
[   4936] STATUS mode=3 fault=none enc=633 denc=0 sreq=0 sapplied=0 crate=-19 uimp=-318065 upos=0 uneg=2755 ball=-125.00 vball=0.00 aball=0.0 bref=0.00 pid=-19.3 pref=-320.0 ppos=-318.1 apid=0.0 integ=0.0 vision=1 current=1 vframe=17604 vs=1 vage=31 vpage=31 vdt=7 vmax=21393 vacc=17208 vrej=0 seq=0 elapsed=0 oled=3C
[   4967] STATUS mode=3 fault=none enc=633 denc=0 sreq=0 sapplied=0 crate=-19 uimp=-318065 upos=0 uneg=2755 ball=-125.00 vball=0.00 aball=0.0 bref=0.00 pid=-19.3 pref=-320.0 ppos=-318.1 apid=0.0 integ=0.0 vision=1 current=1 vframe=17605 vs=1 vage=14 vpage=14 vdt=37 vmax=21393 vacc=17209 vrej=0 seq=0 elapsed=0 oled=3C
[   5000] STATUS mode=3 fault=none enc=633 denc=0 sreq=0 sapplied=0 crate=-19 uimp=-318065 upos=0 uneg=2755 ball=-125.00 vball=0.00 aball=0.0 bref=0.00 pid=-19.3 pref=-320.0 ppos=-318.1 apid=0.0 integ=0.0 vision=1 current=1 vframe=17605 vs=1 vage=34 vpage=34 vdt=37 vmax=21393 vacc=17209 vrej=0 seq=0 elapsed=0 oled=3C
[   5031] STATUS mode=3 fault=none enc=633 denc=0 sreq=0 sapplied=0 crate=-19 uimp=-318065 upos=0 uneg=2755 ball=-125.00 vball=0.00 aball=0.0 bref=0.00 pid=-19.3 pref=-320.0 ppos=-318.1 apid=0.0 integ=0.0 vision=1 current=1 vframe=17605 vs=1 vage=74 vpage=74 vdt=37 vmax=21393 vacc=17209 vrej=0 seq=0 elapsed=0 oled=3C
[   5045] STATUS mode=3 fault=none enc=633 denc=0 sreq=0 sapplied=0 crate=-19 uimp=-318065 upos=0 uneg=2755 ball=-125.00 vball=0.00 aball=0.0 bref=0.00 pid=-19.3 pref=-320.0 ppos=-318.1 apid=0.0 integ=0.0 vision=1 current=1 vframe=17605 vs=1 vage=94 vpage=94 vdt=37 vmax=21393 vacc=17209 vrej=0 seq=0 elapsed=0 oled=3C
[   5077] STATUS mode=3 fault=none enc=633 denc=0 sreq=0 sapplied=0 crate=-19 uimp=-318065 upos=0 uneg=2755 ball=-125.00 vball=0.00 aball=0.0 bref=0.00 pid=-19.3 pref=-320.0 ppos=-318.1 apid=0.0 integ=0.0 vision=1 current=1 vframe=17606 vs=1 vage=8 vpage=8 vdt=106 vmax=21393 vacc=17210 vrej=0 seq=0 elapsed=0 oled=3C
[   5108] STATUS mode=3 fault=none enc=633 denc=0 sreq=0 sapplied=0 crate=-19 uimp=-318065 upos=0 uneg=2755 ball=-125.00 vball=0.00 aball=0.0 bref=0.00 pid=-19.3 pref=-320.0 ppos=-318.1 apid=0.0 integ=0.0 vision=1 current=1 vframe=17608 vs=1 vage=3 vpage=3 vdt=37 vmax=21393 vacc=17212 vrej=0 seq=0 elapsed=0 oled=3C
[   5140] STATUS mode=3 fault=none enc=633 denc=0 sreq=0 sapplied=0 crate=-19 uimp=-318065 upos=0 uneg=2755 ball=-125.00 vball=0.00 aball=0.0 bref=0.00 pid=-19.3 pref=-320.0 ppos=-318.1 apid=0.0 integ=0.0 vision=1 current=1 vframe=17608 vs=1 vage=23 vpage=23 vdt=37 vmax=21393 vacc=17212 vrej=0 seq=0 elapsed=0 oled=3C
[   5156] STATUS mode=3 fault=none enc=633 denc=0 sreq=0 sapplied=0 crate=-19 uimp=-318065 upos=0 uneg=2755 ball=-125.00 vball=0.00 aball=0.0 bref=0.00 pid=-19.3 pref=-320.0 ppos=-318.1 apid=0.0 integ=0.0 vision=1 current=1 vframe=17608 vs=1 vage=63 vpage=63 vdt=37 vmax=21393 vacc=17212 vrej=0 seq=0 elapsed=0 oled=3C
[   5186] STATUS mode=3 fault=none enc=633 denc=0 sreq=0 sapplied=0 crate=-19 uimp=-318065 upos=0 uneg=2755 ball=-125.00 vball=0.00 aball=0.0 bref=0.00 pid=-19.3 pref=-320.0 ppos=-318.1 apid=0.0 integ=0.0 vision=1 current=1 vframe=17608 vs=1 vage=83 vpage=83 vdt=37 vmax=21393 vacc=17212 vrej=0 seq=0 elapsed=0 oled=3C
[   5217] STATUS mode=3 fault=none enc=633 denc=0 sreq=0 sapplied=0 crate=-19 uimp=-318065 upos=0 uneg=2755 ball=-125.00 vball=0.00 aball=0.0 bref=0.00 pid=-19.3 pref=-320.0 ppos=-318.1 apid=0.0 integ=0.0 vision=1 current=1 vframe=17608 vs=1 vage=103 vpage=103 vdt=37 vmax=21393 vacc=17212 vrej=0 seq=0 elapsed=0 oled=3C
[   5233] STATUS mode=3 fault=none enc=633 denc=0 sreq=0 sapplied=0 crate=-19 uimp=-318065 upos=0 uneg=2755 ball=-125.00 vball=0.00 aball=0.0 bref=0.00 pid=-19.3 pref=-320.0 ppos=-318.1 apid=0.0 integ=0.0 vision=1 current=1 vframe=17610 vs=1 vage=26 vpage=26 vdt=9 vmax=21393 vacc=17214 vrej=0 seq=0 elapsed=0 oled=3C
[   5265] STATUS mode=3 fault=none enc=633 denc=0 sreq=0 sapplied=0 crate=-19 uimp=-318065 upos=0 uneg=2755 ball=-125.00 vball=0.00 aball=0.0 bref=0.00 pid=-19.3 pref=-320.0 ppos=-318.1 apid=0.0 integ=0.0 vision=1 current=1 vframe=17611 vs=1 vage=13 vpage=13 vdt=33 vmax=21393 vacc=17215 vrej=0 seq=0 elapsed=0 oled=3C
[   5295] STATUS mode=3 fault=none enc=633 denc=0 sreq=0 sapplied=0 crate=-19 uimp=-318065 upos=0 uneg=2755 ball=-125.00 vball=0.00 aball=0.0 bref=0.00 pid=-19.3 pref=-320.0 ppos=-318.1 apid=0.0 integ=0.0 vision=1 current=1 vframe=17611 vs=1 vage=33 vpage=33 vdt=33 vmax=21393 vacc=17215 vrej=0 seq=0 elapsed=0 oled=3C
[   5327] STATUS mode=3 fault=none enc=633 denc=0 sreq=0 sapplied=0 crate=-19 uimp=-318065 upos=0 uneg=2755 ball=-125.00 vball=0.00 aball=0.0 bref=0.00 pid=-19.3 pref=-320.0 ppos=-318.1 apid=0.0 integ=0.0 vision=1 current=1 vframe=17612 vs=1 vage=40 vpage=40 vdt=33 vmax=21393 vacc=17216 vrej=0 seq=0 elapsed=0 oled=3C
[   5342] STATUS mode=3 fault=none enc=633 denc=0 sreq=0 sapplied=0 crate=-19 uimp=-318065 upos=0 uneg=2755 ball=-125.00 vball=0.00 aball=0.0 bref=0.00 pid=-19.3 pref=-320.0 ppos=-318.1 apid=0.0 integ=0.0 vision=1 current=1 vframe=17612 vs=1 vage=60 vpage=60 vdt=33 vmax=21393 vacc=17216 vrej=0 seq=0 elapsed=0 oled=3C
[   5375] STATUS mode=3 fault=none enc=633 denc=0 sreq=0 sapplied=0 crate=-19 uimp=-318065 upos=0 uneg=2755 ball=-125.00 vball=0.00 aball=0.0 bref=0.00 pid=-19.3 pref=-320.0 ppos=-318.1 apid=0.0 integ=0.0 vision=1 current=1 vframe=17612 vs=1 vage=80 vpage=80 vdt=33 vmax=21393 vacc=17216 vrej=0 seq=0 elapsed=0 oled=3C
[   5406] STATUS mode=3 fault=none enc=633 denc=0 sreq=0 sapplied=0 crate=-19 uimp=-318065 upos=0 uneg=2755 ball=-125.00 vball=0.00 aball=0.0 bref=0.00 pid=-19.3 pref=-320.0 ppos=-318.1 apid=0.0 integ=0.0 vision=1 current=1 vframe=17614 vs=1 vage=4 vpage=4 vdt=21 vmax=21393 vacc=17218 vrej=0 seq=0 elapsed=0 oled=3C
[   5420] STATUS mode=3 fault=none enc=633 denc=0 sreq=0 sapplied=0 crate=-19 uimp=-318065 upos=0 uneg=2755 ball=-125.00 vball=0.00 aball=0.0 bref=0.00 pid=-19.3 pref=-320.0 ppos=-318.1 apid=0.0 integ=0.0 vision=1 current=1 vframe=17614 vs=1 vage=24 vpage=24 vdt=21 vmax=21393 vacc=17218 vrej=0 seq=0 elapsed=0 oled=3C
[   5452] STATUS mode=3 fault=none enc=633 denc=0 sreq=0 sapplied=0 crate=-19 uimp=-318065 upos=0 uneg=2755 ball=-125.00 vball=0.00 aball=0.0 bref=0.00 pid=-19.3 pref=-320.0 ppos=-318.1 apid=0.0 integ=0.0 vision=1 current=1 vframe=17615 vs=1 vage=11 vpage=11 vdt=33 vmax=21393 vacc=17219 vrej=0 seq=0 elapsed=0 oled=3C
[   5483] STATUS mode=3 fault=none enc=633 denc=0 sreq=0 sapplied=0 crate=-19 uimp=-318065 upos=0 uneg=2755 ball=-125.00 vball=0.00 aball=0.0 bref=0.00 pid=-19.3 pref=-320.0 ppos=-318.1 apid=0.0 integ=0.0 vision=1 current=1 vframe=17615 vs=1 vage=51 vpage=51 vdt=33 vmax=21393 vacc=17219 vrej=0 seq=0 elapsed=0 oled=3C
[   5515] STATUS mode=3 fault=none enc=633 denc=0 sreq=0 sapplied=0 crate=-19 uimp=-318065 upos=0 uneg=2755 ball=-125.00 vball=0.00 aball=0.0 bref=0.00 pid=-19.3 pref=-320.0 ppos=-318.1 apid=0.0 integ=0.0 vision=1 current=1 vframe=17615 vs=1 vage=71 vpage=71 vdt=33 vmax=21393 vacc=17219 vrej=0 seq=0 elapsed=0 oled=3C
[   5531] STATUS mode=3 fault=none enc=633 denc=0 sreq=0 sapplied=0 crate=-19 uimp=-318065 upos=0 uneg=2755 ball=-125.00 vball=0.00 aball=0.0 bref=0.00 pid=-19.3 pref=-320.0 ppos=-318.1 apid=0.0 integ=0.0 vision=1 current=1 vframe=17615 vs=1 vage=91 vpage=91 vdt=33 vmax=21393 vacc=17219 vrej=0 seq=0 elapsed=0 oled=3C
[   5561] STATUS mode=3 fault=none enc=633 denc=0 sreq=0 sapplied=0 crate=-19 uimp=-318065 upos=0 uneg=2755 ball=-125.00 vball=0.00 aball=0.0 bref=0.00 pid=-19.3 pref=-320.0 ppos=-318.1 apid=0.0 integ=0.0 vision=1 current=1 vframe=17616 vs=1 vage=34 vpage=34 vdt=97 vmax=21393 vacc=17220 vrej=0 seq=0 elapsed=0 oled=3C
[   5592] STATUS mode=3 fault=none enc=633 denc=0 sreq=0 sapplied=0 crate=-19 uimp=-318065 upos=0 uneg=2755 ball=-125.00 vball=0.00 aball=0.0 bref=0.00 pid=-19.3 pref=-320.0 ppos=-318.1 apid=0.0 integ=0.0 vision=1 current=1 vframe=17617 vs=1 vage=18 vpage=18 vdt=36 vmax=21393 vacc=17221 vrej=0 seq=0 elapsed=0 oled=3C
[   5608] STATUS mode=3 fault=none enc=633 denc=0 sreq=0 sapplied=0 crate=-19 uimp=-318065 upos=0 uneg=2755 ball=-125.00 vball=0.00 aball=0.0 bref=0.00 pid=-19.3 pref=-320.0 ppos=-318.1 apid=0.0 integ=0.0 vision=1 current=1 vframe=17617 vs=1 vage=38 vpage=38 vdt=36 vmax=21393 vacc=17221 vrej=0 seq=0 elapsed=0 oled=3C
[   5640] STATUS mode=3 fault=none enc=633 denc=0 sreq=0 sapplied=0 crate=-19 uimp=-318065 upos=0 uneg=2755 ball=-125.00 vball=0.00 aball=0.0 bref=0.00 pid=-19.3 pref=-320.0 ppos=-318.1 apid=0.0 integ=0.0 vision=1 current=1 vframe=17617 vs=1 vage=78 vpage=78 vdt=36 vmax=21393 vacc=17221 vrej=0 seq=0 elapsed=0 oled=3C
[   5670] STATUS mode=3 fault=none enc=633 denc=0 sreq=0 sapplied=0 crate=-19 uimp=-318065 upos=0 uneg=2755 ball=-125.00 vball=0.00 aball=0.0 bref=0.00 pid=-19.3 pref=-320.0 ppos=-318.1 apid=0.0 integ=0.0 vision=1 current=1 vframe=17617 vs=1 vage=98 vpage=98 vdt=36 vmax=21393 vacc=17221 vrej=0 seq=0 elapsed=0 oled=3C
[   5702] STATUS mode=3 fault=none enc=633 denc=0 sreq=0 sapplied=0 crate=-19 uimp=-318065 upos=0 uneg=2755 ball=-125.00 vball=0.00 aball=0.0 bref=0.00 pid=-19.3 pref=-320.0 ppos=-318.1 apid=0.0 integ=0.0 vision=1 current=1 vframe=17619 vs=1 vage=3 vpage=3 vdt=6 vmax=21393 vacc=17223 vrej=0 seq=0 elapsed=0 oled=3C
[   5717] STATUS mode=3 fault=none enc=633 denc=0 sreq=0 sapplied=0 crate=-19 uimp=-318065 upos=0 uneg=2755 ball=-125.00 vball=0.00 aball=0.0 bref=0.00 pid=-19.3 pref=-320.0 ppos=-318.1 apid=0.0 integ=0.0 vision=1 current=1 vframe=17620 vs=1 vage=7 vpage=7 vdt=36 vmax=21393 vacc=17224 vrej=0 seq=0 elapsed=0 oled=3C
[   5750] STATUS mode=3 fault=none enc=633 denc=0 sreq=0 sapplied=0 crate=-19 uimp=-318065 upos=0 uneg=2755 ball=-125.00 vball=0.00 aball=0.0 bref=0.00 pid=-19.3 pref=-320.0 ppos=-318.1 apid=0.0 integ=0.0 vision=1 current=1 vframe=17620 vs=1 vage=27 vpage=27 vdt=36 vmax=21393 vacc=17224 vrej=0 seq=0 elapsed=0 oled=3C
[   5781] STATUS mode=3 fault=none enc=633 denc=0 sreq=0 sapplied=0 crate=-19 uimp=-318065 upos=0 uneg=2755 ball=-125.00 vball=0.00 aball=0.0 bref=0.00 pid=-19.3 pref=-320.0 ppos=-318.1 apid=0.0 integ=0.0 vision=1 current=1 vframe=17620 vs=1 vage=47 vpage=47 vdt=36 vmax=21393 vacc=17224 vrej=0 seq=0 elapsed=0 oled=3C
[   5811] STATUS mode=3 fault=none enc=633 denc=0 sreq=0 sapplied=0 crate=-19 uimp=-318065 upos=0 uneg=2755 ball=-125.00 vball=0.00 aball=0.0 bref=0.00 pid=-19.3 pref=-320.0 ppos=-318.1 apid=0.0 integ=0.0 vision=1 current=1 vframe=17620 vs=1 vage=87 vpage=87 vdt=36 vmax=21393 vacc=17224 vrej=0 seq=0 elapsed=0 oled=3C
[   5827] STATUS mode=3 fault=none enc=633 denc=0 sreq=0 sapplied=0 crate=-19 uimp=-318065 upos=0 uneg=2755 ball=-125.00 vball=0.00 aball=0.0 bref=0.00 pid=-19.3 pref=-320.0 ppos=-318.1 apid=0.0 integ=0.0 vision=1 current=1 vframe=17620 vs=1 vage=107 vpage=107 vdt=36 vmax=21393 vacc=17224 vrej=0 seq=0 elapsed=0 oled=3C
[   5858] STATUS mode=3 fault=none enc=633 denc=0 sreq=0 sapplied=0 crate=-19 uimp=-318065 upos=0 uneg=2755 ball=-125.00 vball=0.00 aball=0.0 bref=0.00 pid=-19.3 pref=-320.0 ppos=-318.1 apid=0.0 integ=0.0 vision=1 current=1 vframe=17622 vs=1 vage=3 vpage=3 vdt=8 vmax=21393 vacc=17226 vrej=0 seq=0 elapsed=0 oled=3C
[   5890] STATUS mode=3 fault=none enc=633 denc=0 sreq=0 sapplied=0 crate=-19 uimp=-318065 upos=0 uneg=2755 ball=-125.00 vball=0.00 aball=0.0 bref=0.00 pid=-19.3 pref=-320.0 ppos=-318.1 apid=0.0 integ=0.0 vision=1 current=1 vframe=17623 vs=1 vage=18 vpage=18 vdt=25 vmax=21393 vacc=17227 vrej=0 seq=0 elapsed=0 oled=3C
[   5906] STATUS mode=3 fault=none enc=633 denc=0 sreq=0 sapplied=0 crate=-19 uimp=-318065 upos=0 uneg=2755 ball=-125.00 vball=0.00 aball=0.0 bref=0.00 pid=-19.3 pref=-320.0 ppos=-318.1 apid=0.0 integ=0.0 vision=1 current=1 vframe=17630 vs=1 vage=5 vpage=5 vdt=33 vmax=21393 vacc=17234 vrej=0 seq=0 elapsed=0 oled=3C
[   5936] STATUS mode=3 fault=none enc=633 denc=0 sreq=0 sapplied=0 crate=-19 uimp=-318065 upos=0 uneg=2755 ball=-125.00 vball=0.00 aball=0.0 bref=0.00 pid=-19.3 pref=-320.0 ppos=-318.1 apid=0.0 integ=0.0 vision=1 current=1 vframe=17630 vs=1 vage=45 vpage=45 vdt=33 vmax=21393 vacc=17234 vrej=0 seq=0 elapsed=0 oled=3C
[   5967] STATUS mode=3 fault=none enc=633 denc=0 sreq=0 sapplied=0 crate=-19 uimp=-318065 upos=0 uneg=2755 ball=-125.00 vball=0.00 aball=0.0 bref=0.00 pid=-19.3 pref=-320.0 ppos=-318.1 apid=0.0 integ=0.0 vision=1 current=1 vframe=17630 vs=1 vage=65 vpage=65 vdt=33 vmax=21393 vacc=17234 vrej=0 seq=0 elapsed=0 oled=3C
[   6000] STATUS mode=3 fault=none enc=633 denc=0 sreq=0 sapplied=0 crate=-19 uimp=-318065 upos=0 uneg=2755 ball=-125.00 vball=0.00 aball=0.0 bref=0.00 pid=-19.3 pref=-320.0 ppos=-318.1 apid=0.0 integ=0.0 vision=1 current=1 vframe=17630 vs=1 vage=85 vpage=85 vdt=33 vmax=21393 vacc=17234 vrej=0 seq=0 elapsed=0 oled=3C
[   6015] STATUS mode=3 fault=none enc=633 denc=0 sreq=0 sapplied=0 crate=-19 uimp=-318065 upos=0 uneg=2755 ball=-125.00 vball=0.00 aball=0.0 bref=0.00 pid=-19.3 pref=-320.0 ppos=-318.1 apid=0.0 integ=0.0 vision=1 current=1 vframe=17631 vs=1 vage=22 vpage=22 vdt=103 vmax=21393 vacc=17235 vrej=0 seq=0 elapsed=0 oled=3C
[   6045] STATUS mode=3 fault=none enc=633 denc=0 sreq=0 sapplied=0 crate=-19 uimp=-318065 upos=0 uneg=2755 ball=-125.00 vball=0.00 aball=0.0 bref=0.00 pid=-19.3 pref=-320.0 ppos=-318.1 apid=0.0 integ=0.0 vision=1 current=1 vframe=17632 vs=1 vage=10 vpage=10 vdt=32 vmax=21393 vacc=17236 vrej=0 seq=0 elapsed=0 oled=3C
[   6077] STATUS mode=3 fault=none enc=633 denc=0 sreq=0 sapplied=0 crate=-19 uimp=-318065 upos=0 uneg=2755 ball=-125.00 vball=0.00 aball=0.0 bref=0.00 pid=-19.3 pref=-320.0 ppos=-318.1 apid=0.0 integ=0.0 vision=1 current=1 vframe=17632 vs=1 vage=30 vpage=30 vdt=32 vmax=21393 vacc=17236 vrej=0 seq=0 elapsed=0 oled=3C
[   6092] STATUS mode=3 fault=none enc=633 denc=0 sreq=0 sapplied=0 crate=-19 uimp=-318065 upos=0 uneg=2755 ball=-125.00 vball=0.00 aball=0.0 bref=0.00 pid=-19.3 pref=-320.0 ppos=-318.1 apid=0.0 integ=0.0 vision=1 current=1 vframe=17633 vs=1 vage=39 vpage=39 vdt=31 vmax=21393 vacc=17237 vrej=0 seq=0 elapsed=0 oled=3C
[   6125] STATUS mode=3 fault=none enc=633 denc=0 sreq=0 sapplied=0 crate=-19 uimp=-318065 upos=0 uneg=2755 ball=-125.00 vball=0.00 aball=0.0 bref=0.00 pid=-19.3 pref=-320.0 ppos=-318.1 apid=0.0 integ=0.0 vision=1 current=1 vframe=17633 vs=1 vage=59 vpage=59 vdt=31 vmax=21393 vacc=17237 vrej=0 seq=0 elapsed=0 oled=3C
[   6156] STATUS mode=3 fault=none enc=633 denc=0 sreq=0 sapplied=0 crate=-19 uimp=-318065 upos=0 uneg=2755 ball=-125.00 vball=0.00 aball=0.0 bref=0.00 pid=-19.3 pref=-320.0 ppos=-318.1 apid=0.0 integ=0.0 vision=1 current=1 vframe=17633 vs=1 vage=79 vpage=79 vdt=31 vmax=21393 vacc=17237 vrej=0 seq=0 elapsed=0 oled=3C
[   6186] STATUS mode=3 fault=none enc=633 denc=0 sreq=0 sapplied=0 crate=-19 uimp=-318065 upos=0 uneg=2755 ball=-125.00 vball=0.00 aball=0.0 bref=0.00 pid=-19.3 pref=-320.0 ppos=-318.1 apid=0.0 integ=0.0 vision=1 current=1 vframe=17634 vs=1 vage=24 vpage=24 vdt=95 vmax=21393 vacc=17238 vrej=0 seq=0 elapsed=0 oled=3C
[   6202] STATUS mode=3 fault=none enc=633 denc=0 sreq=0 sapplied=0 crate=-19 uimp=-318065 upos=0 uneg=2755 ball=-125.00 vball=0.00 aball=0.0 bref=0.00 pid=-19.3 pref=-320.0 ppos=-318.1 apid=0.0 integ=0.0 vision=1 current=1 vframe=17635 vs=1 vage=20 vpage=20 vdt=24 vmax=21393 vacc=17239 vrej=0 seq=0 elapsed=0 oled=3C
[   6233] STATUS mode=3 fault=none enc=633 denc=0 sreq=0 sapplied=0 crate=-19 uimp=-318065 upos=0 uneg=2755 ball=-125.00 vball=0.00 aball=0.0 bref=0.00 pid=-19.3 pref=-320.0 ppos=-318.1 apid=0.0 integ=0.0 vision=1 current=1 vframe=17636 vs=1 vage=8 vpage=8 vdt=32 vmax=21393 vacc=17240 vrej=0 seq=0 elapsed=0 oled=3C
[   6265] STATUS mode=3 fault=none enc=633 denc=0 sreq=0 sapplied=0 crate=-19 uimp=-318065 upos=0 uneg=2755 ball=-125.00 vball=0.00 aball=0.0 bref=0.00 pid=-19.3 pref=-320.0 ppos=-318.1 apid=0.0 integ=0.0 vision=1 current=1 vframe=17636 vs=1 vage=48 vpage=48 vdt=32 vmax=21393 vacc=17240 vrej=0 seq=0 elapsed=0 oled=3C
[   6295] STATUS mode=3 fault=none enc=633 denc=0 sreq=0 sapplied=0 crate=-19 uimp=-318065 upos=0 uneg=2755 ball=-125.00 vball=0.00 aball=0.0 bref=0.00 pid=-19.3 pref=-320.0 ppos=-318.1 apid=0.0 integ=0.0 vision=1 current=1 vframe=17636 vs=1 vage=68 vpage=68 vdt=32 vmax=21393 vacc=17240 vrej=0 seq=0 elapsed=0 oled=3C
[   6311] STATUS mode=3 fault=none enc=633 denc=0 sreq=0 sapplied=0 crate=-19 uimp=-318065 upos=0 uneg=2755 ball=-125.00 vball=0.00 aball=0.0 bref=0.00 pid=-19.3 pref=-320.0 ppos=-318.1 apid=0.0 integ=0.0 vision=1 current=1 vframe=17636 vs=1 vage=88 vpage=88 vdt=32 vmax=21393 vacc=17240 vrej=0 seq=0 elapsed=0 oled=3C
[   6342] STATUS mode=3 fault=none enc=633 denc=0 sreq=0 sapplied=0 crate=-19 uimp=-318065 upos=0 uneg=2755 ball=-125.00 vball=0.00 aball=0.0 bref=0.00 pid=-19.3 pref=-320.0 ppos=-318.1 apid=0.0 integ=0.0 vision=1 current=1 vframe=17637 vs=1 vage=26 vpage=26 vdt=102 vmax=21393 vacc=17241 vrej=0 seq=0 elapsed=0 oled=3C
[   6375] STATUS mode=3 fault=none enc=633 denc=0 sreq=0 sapplied=0 crate=-19 uimp=-318065 upos=0 uneg=2755 ball=-125.00 vball=0.00 aball=0.0 bref=0.00 pid=-19.3 pref=-320.0 ppos=-318.1 apid=0.0 integ=0.0 vision=1 current=1 vframe=17638 vs=1 vage=14 vpage=14 vdt=32 vmax=21393 vacc=17242 vrej=0 seq=0 elapsed=0 oled=3C
[   6390] STATUS mode=3 fault=none enc=633 denc=0 sreq=0 sapplied=0 crate=-19 uimp=-318065 upos=0 uneg=2755 ball=-125.00 vball=0.00 aball=0.0 bref=0.00 pid=-19.3 pref=-320.0 ppos=-318.1 apid=0.0 integ=0.0 vision=1 current=1 vframe=17639 vs=1 vage=1 vpage=1 vdt=33 vmax=21393 vacc=17243 vrej=0 seq=0 elapsed=0 oled=3C
[   6420] STATUS mode=3 fault=none enc=633 denc=0 sreq=0 sapplied=0 crate=-19 uimp=-318065 upos=0 uneg=2755 ball=-125.00 vball=0.00 aball=0.0 bref=0.00 pid=-19.3 pref=-320.0 ppos=-318.1 apid=0.0 integ=0.0 vision=1 current=1 vframe=17639 vs=1 vage=41 vpage=41 vdt=33 vmax=21393 vacc=17243 vrej=0 seq=0 elapsed=0 oled=3C
[   6452] STATUS mode=3 fault=none enc=633 denc=0 sreq=0 sapplied=0 crate=-19 uimp=-318065 upos=0 uneg=2755 ball=-125.00 vball=0.00 aball=0.0 bref=0.00 pid=-19.3 pref=-320.0 ppos=-318.1 apid=0.0 integ=0.0 vision=1 current=1 vframe=17639 vs=1 vage=61 vpage=61 vdt=33 vmax=21393 vacc=17243 vrej=0 seq=0 elapsed=0 oled=3C
[   6483] STATUS mode=3 fault=none enc=633 denc=0 sreq=0 sapplied=0 crate=-19 uimp=-318065 upos=0 uneg=2755 ball=-125.00 vball=0.00 aball=0.0 bref=0.00 pid=-19.3 pref=-320.0 ppos=-318.1 apid=0.0 integ=0.0 vision=1 current=1 vframe=17639 vs=1 vage=81 vpage=81 vdt=33 vmax=21393 vacc=17243 vrej=0 seq=0 elapsed=0 oled=3C
[   6500] STATUS mode=3 fault=none enc=633 denc=0 sreq=0 sapplied=0 crate=-19 uimp=-318065 upos=0 uneg=2755 ball=-125.00 vball=0.00 aball=0.0 bref=0.00 pid=-19.3 pref=-320.0 ppos=-318.1 apid=0.0 integ=0.0 vision=1 current=1 vframe=17640 vs=1 vage=18 vpage=18 vdt=103 vmax=21393 vacc=17244 vrej=0 seq=0 elapsed=0 oled=3C
[   6531] STATUS mode=3 fault=none enc=633 denc=0 sreq=0 sapplied=0 crate=-19 uimp=-318065 upos=0 uneg=2755 ball=-125.00 vball=0.00 aball=0.0 bref=0.00 pid=-19.3 pref=-320.0 ppos=-318.1 apid=0.0 integ=0.0 vision=1 current=1 vframe=17641 vs=1 vage=8 vpage=8 vdt=30 vmax=21393 vacc=17245 vrej=0 seq=0 elapsed=0 oled=3C
[   6561] STATUS mode=3 fault=none enc=633 denc=0 sreq=0 sapplied=0 crate=-19 uimp=-318065 upos=0 uneg=2755 ball=-125.00 vball=0.00 aball=0.0 bref=0.00 pid=-19.3 pref=-320.0 ppos=-318.1 apid=0.0 integ=0.0 vision=1 current=1 vframe=17641 vs=1 vage=28 vpage=28 vdt=30 vmax=21393 vacc=17245 vrej=0 seq=0 elapsed=0 oled=3C
[   6577] STATUS mode=3 fault=none enc=633 denc=0 sreq=0 sapplied=0 crate=-19 uimp=-318065 upos=0 uneg=2755 ball=-125.00 vball=0.00 aball=0.0 bref=0.00 pid=-19.3 pref=-320.0 ppos=-318.1 apid=0.0 integ=0.0 vision=1 current=1 vframe=17642 vs=1 vage=34 vpage=34 vdt=34 vmax=21393 vacc=17246 vrej=0 seq=0 elapsed=0 oled=3C
[   6608] STATUS mode=3 fault=none enc=633 denc=0 sreq=0 sapplied=0 crate=-19 uimp=-318065 upos=0 uneg=2755 ball=-125.00 vball=0.00 aball=0.0 bref=0.00 pid=-19.3 pref=-320.0 ppos=-318.1 apid=0.0 integ=0.0 vision=1 current=1 vframe=17642 vs=1 vage=54 vpage=54 vdt=34 vmax=21393 vacc=17246 vrej=0 seq=0 elapsed=0 oled=3C
[   6640] STATUS mode=3 fault=none enc=633 denc=0 sreq=0 sapplied=0 crate=-19 uimp=-318065 upos=0 uneg=2755 ball=-125.00 vball=0.00 aball=0.0 bref=0.00 pid=-19.3 pref=-320.0 ppos=-318.1 apid=0.0 integ=0.0 vision=1 current=1 vframe=17642 vs=1 vage=94 vpage=94 vdt=34 vmax=21393 vacc=17246 vrej=0 seq=0 elapsed=0 oled=3C
[   6670] STATUS mode=3 fault=none enc=633 denc=0 sreq=0 sapplied=0 crate=-19 uimp=-318065 upos=0 uneg=2755 ball=-125.00 vball=0.00 aball=0.0 bref=0.00 pid=-19.3 pref=-320.0 ppos=-318.1 apid=0.0 integ=0.0 vision=1 current=1 vframe=17643 vs=1 vage=14 vpage=14 vdt=100 vmax=21393 vacc=17247 vrej=0 seq=0 elapsed=0 oled=3C
[   6686] STATUS mode=3 fault=none enc=633 denc=0 sreq=0 sapplied=0 crate=-19 uimp=-318065 upos=0 uneg=2755 ball=-125.00 vball=0.00 aball=0.0 bref=0.00 pid=-19.3 pref=-320.0 ppos=-318.1 apid=0.0 integ=0.0 vision=1 current=1 vframe=17644 vs=1 vage=1 vpage=1 vdt=33 vmax=21393 vacc=17248 vrej=0 seq=0 elapsed=0 oled=3C
[   6717] STATUS mode=3 fault=none enc=633 denc=0 sreq=0 sapplied=0 crate=-19 uimp=-318065 upos=0 uneg=2755 ball=-125.00 vball=0.00 aball=0.0 bref=0.00 pid=-19.3 pref=-320.0 ppos=-318.1 apid=0.0 integ=0.0 vision=1 current=1 vframe=17645 vs=1 vage=8 vpage=8 vdt=33 vmax=21393 vacc=17249 vrej=0 seq=0 elapsed=0 oled=3C
[   6750] STATUS mode=3 fault=none enc=633 denc=0 sreq=0 sapplied=0 crate=-19 uimp=-318065 upos=0 uneg=2755 ball=-125.00 vball=0.00 aball=0.0 bref=0.00 pid=-19.3 pref=-320.0 ppos=-318.1 apid=0.0 integ=0.0 vision=1 current=1 vframe=17645 vs=1 vage=28 vpage=28 vdt=33 vmax=21393 vacc=17249 vrej=0 seq=0 elapsed=0 oled=3C
[   6781] STATUS mode=3 fault=none enc=633 denc=0 sreq=0 sapplied=0 crate=-19 uimp=-318065 upos=0 uneg=2755 ball=-125.00 vball=0.00 aball=0.0 bref=0.00 pid=-19.3 pref=-320.0 ppos=-318.1 apid=0.0 integ=0.0 vision=1 current=1 vframe=17645 vs=1 vage=48 vpage=48 vdt=33 vmax=21393 vacc=17249 vrej=0 seq=0 elapsed=0 oled=3C
[   6795] STATUS mode=3 fault=none enc=633 denc=0 sreq=0 sapplied=0 crate=-19 uimp=-318065 upos=0 uneg=2755 ball=-125.00 vball=0.00 aball=0.0 bref=0.00 pid=-19.3 pref=-320.0 ppos=-318.1 apid=0.0 integ=0.0 vision=1 current=1 vframe=17645 vs=1 vage=88 vpage=88 vdt=33 vmax=21393 vacc=17249 vrej=0 seq=0 elapsed=0 oled=3C
[   6827] STATUS mode=3 fault=none enc=633 denc=0 sreq=0 sapplied=0 crate=-19 uimp=-318065 upos=0 uneg=2755 ball=-125.00 vball=0.00 aball=0.0 bref=0.00 pid=-19.3 pref=-320.0 ppos=-318.1 apid=0.0 integ=0.0 vision=1 current=1 vframe=17646 vs=1 vage=5 vpage=5 vdt=103 vmax=21393 vacc=17250 vrej=0 seq=0 elapsed=0 oled=3C
[   6858] STATUS mode=3 fault=none enc=633 denc=0 sreq=0 sapplied=0 crate=-19 uimp=-318065 upos=0 uneg=2755 ball=-125.00 vball=0.00 aball=0.0 bref=0.00 pid=-19.3 pref=-320.0 ppos=-318.1 apid=0.0 integ=0.0 vision=1 current=1 vframe=17646 vs=1 vage=25 vpage=25 vdt=103 vmax=21393 vacc=17250 vrej=0 seq=0 elapsed=0 oled=3C
[   6875] STATUS mode=3 fault=none enc=633 denc=0 sreq=0 sapplied=0 crate=-19 uimp=-318065 upos=0 uneg=2755 ball=-125.00 vball=0.00 aball=0.0 bref=0.00 pid=-19.3 pref=-320.0 ppos=-318.1 apid=0.0 integ=0.0 vision=1 current=1 vframe=17648 vs=1 vage=1 vpage=1 vdt=34 vmax=21393 vacc=17252 vrej=0 seq=0 elapsed=0 oled=3C
[   6906] STATUS mode=3 fault=none enc=633 denc=0 sreq=0 sapplied=0 crate=-19 uimp=-318065 upos=0 uneg=2755 ball=-125.00 vball=0.00 aball=0.0 bref=0.00 pid=-19.3 pref=-320.0 ppos=-318.1 apid=0.0 integ=0.0 vision=1 current=1 vframe=17648 vs=1 vage=21 vpage=21 vdt=34 vmax=21393 vacc=17252 vrej=0 seq=0 elapsed=0 oled=3C
[   6936] STATUS mode=3 fault=none enc=633 denc=0 sreq=0 sapplied=0 crate=-19 uimp=-318065 upos=0 uneg=2755 ball=-125.00 vball=0.00 aball=0.0 bref=0.00 pid=-19.3 pref=-320.0 ppos=-318.1 apid=0.0 integ=0.0 vision=1 current=1 vframe=17648 vs=1 vage=41 vpage=41 vdt=34 vmax=21393 vacc=17252 vrej=0 seq=0 elapsed=0 oled=3C
[   6967] STATUS mode=3 fault=none enc=633 denc=0 sreq=0 sapplied=0 crate=-19 uimp=-318065 upos=0 uneg=2755 ball=-125.00 vball=0.00 aball=0.0 bref=0.00 pid=-19.3 pref=-320.0 ppos=-318.1 apid=0.0 integ=0.0 vision=1 current=1 vframe=17648 vs=1 vage=81 vpage=81 vdt=34 vmax=21393 vacc=17252 vrej=0 seq=0 elapsed=0 oled=3C
[   6983] STATUS mode=3 fault=none enc=633 denc=0 sreq=0 sapplied=0 crate=-19 uimp=-318065 upos=0 uneg=2755 ball=-125.00 vball=0.00 aball=0.0 bref=0.00 pid=-19.3 pref=-320.0 ppos=-318.1 apid=0.0 integ=0.0 vision=1 current=1 vframe=17648 vs=1 vage=101 vpage=101 vdt=34 vmax=21393 vacc=17252 vrej=0 seq=0 elapsed=0 oled=3C
[   7015] STATUS mode=3 fault=none enc=633 denc=0 sreq=0 sapplied=0 crate=-19 uimp=-318065 upos=0 uneg=2755 ball=-125.00 vball=0.00 aball=0.0 bref=0.00 pid=-19.3 pref=-320.0 ppos=-318.1 apid=0.0 integ=0.0 vision=1 current=1 vframe=17649 vs=1 vage=3 vpage=3 vdt=118 vmax=21393 vacc=17253 vrej=0 seq=0 elapsed=0 oled=3C
[   7045] STATUS mode=3 fault=none enc=633 denc=0 sreq=0 sapplied=0 crate=-19 uimp=-318065 upos=0 uneg=2755 ball=-125.00 vball=0.00 aball=0.0 bref=0.00 pid=-19.3 pref=-320.0 ppos=-318.1 apid=0.0 integ=0.0 vision=1 current=1 vframe=17650 vs=1 vage=12 vpage=12 vdt=31 vmax=21393 vacc=17254 vrej=0 seq=0 elapsed=0 oled=3C
[   7061] STATUS mode=3 fault=none enc=633 denc=0 sreq=0 sapplied=0 crate=-19 uimp=-318065 upos=0 uneg=2755 ball=-125.00 vball=0.00 aball=0.0 bref=0.00 pid=-19.3 pref=-320.0 ppos=-318.1 apid=0.0 integ=0.0 vision=1 current=1 vframe=17650 vs=1 vage=32 vpage=32 vdt=31 vmax=21393 vacc=17254 vrej=0 seq=0 elapsed=0 oled=3C
[   7092] STATUS mode=3 fault=none enc=633 denc=0 sreq=0 sapplied=0 crate=-19 uimp=-318065 upos=0 uneg=2755 ball=-125.00 vball=0.00 aball=0.0 bref=0.00 pid=-19.3 pref=-320.0 ppos=-318.1 apid=0.0 integ=0.0 vision=1 current=1 vframe=17651 vs=1 vage=18 vpage=18 vdt=34 vmax=21393 vacc=17255 vrej=0 seq=0 elapsed=0 oled=3C
[   7125] STATUS mode=3 fault=none enc=633 denc=0 sreq=0 sapplied=0 crate=-19 uimp=-318065 upos=0 uneg=2755 ball=-125.00 vball=0.00 aball=0.0 bref=0.00 pid=-19.3 pref=-320.0 ppos=-318.1 apid=0.0 integ=0.0 vision=1 current=1 vframe=17651 vs=1 vage=58 vpage=58 vdt=34 vmax=21393 vacc=17255 vrej=0 seq=0 elapsed=0 oled=3C
[   7156] STATUS mode=3 fault=none enc=633 denc=0 sreq=0 sapplied=0 crate=-19 uimp=-318065 upos=0 uneg=2755 ball=-125.00 vball=0.00 aball=0.0 bref=0.00 pid=-19.3 pref=-320.0 ppos=-318.1 apid=0.0 integ=0.0 vision=1 current=1 vframe=17651 vs=1 vage=78 vpage=78 vdt=34 vmax=21393 vacc=17255 vrej=0 seq=0 elapsed=0 oled=3C
[   7170] STATUS mode=3 fault=none enc=633 denc=0 sreq=0 sapplied=0 crate=-19 uimp=-318065 upos=0 uneg=2755 ball=-125.00 vball=0.00 aball=0.0 bref=0.00 pid=-19.3 pref=-320.0 ppos=-318.1 apid=0.0 integ=0.0 vision=1 current=1 vframe=17651 vs=1 vage=98 vpage=98 vdt=34 vmax=21393 vacc=17255 vrej=0 seq=0 elapsed=0 oled=3C
[   7202] STATUS mode=3 fault=none enc=633 denc=0 sreq=0 sapplied=0 crate=-19 uimp=-318065 upos=0 uneg=2755 ball=-125.00 vball=0.00 aball=0.0 bref=0.00 pid=-19.3 pref=-320.0 ppos=-318.1 apid=0.0 integ=0.0 vision=1 current=1 vframe=17653 vs=1 vage=6 vpage=6 vdt=26 vmax=21393 vacc=17257 vrej=0 seq=0 elapsed=0 oled=3C
[   7233] STATUS mode=3 fault=none enc=633 denc=0 sreq=0 sapplied=0 crate=-19 uimp=-318065 upos=0 uneg=2755 ball=-125.00 vball=0.00 aball=0.0 bref=0.00 pid=-19.3 pref=-320.0 ppos=-318.1 apid=0.0 integ=0.0 vision=1 current=1 vframe=17653 vs=1 vage=26 vpage=26 vdt=26 vmax=21393 vacc=17257 vrej=0 seq=0 elapsed=0 oled=3C
[   7265] STATUS mode=3 fault=none enc=633 denc=0 sreq=0 sapplied=0 crate=-19 uimp=-318065 upos=0 uneg=2755 ball=-125.00 vball=0.00 aball=0.0 bref=0.00 pid=-19.3 pref=-320.0 ppos=-318.1 apid=0.0 integ=0.0 vision=1 current=1 vframe=17654 vs=1 vage=12 vpage=12 vdt=34 vmax=21393 vacc=17258 vrej=0 seq=0 elapsed=0 oled=3C
[   7281] STATUS mode=3 fault=none enc=633 denc=0 sreq=0 sapplied=0 crate=-19 uimp=-318065 upos=0 uneg=2755 ball=-125.00 vball=0.00 aball=0.0 bref=0.00 pid=-19.3 pref=-320.0 ppos=-318.1 apid=0.0 integ=0.0 vision=1 current=1 vframe=17654 vs=1 vage=52 vpage=52 vdt=34 vmax=21393 vacc=17258 vrej=0 seq=0 elapsed=0 oled=3C
[   7311] STATUS mode=3 fault=none enc=633 denc=0 sreq=0 sapplied=0 crate=-19 uimp=-318065 upos=0 uneg=2755 ball=-125.00 vball=0.00 aball=0.0 bref=0.00 pid=-19.3 pref=-320.0 ppos=-318.1 apid=0.0 integ=0.0 vision=1 current=1 vframe=17654 vs=1 vage=72 vpage=72 vdt=34 vmax=21393 vacc=17258 vrej=0 seq=0 elapsed=0 oled=3C
[   7342] STATUS mode=3 fault=none enc=633 denc=0 sreq=0 sapplied=0 crate=-19 uimp=-318065 upos=0 uneg=2755 ball=-125.00 vball=0.00 aball=0.0 bref=0.00 pid=-19.3 pref=-320.0 ppos=-318.1 apid=0.0 integ=0.0 vision=1 current=1 vframe=17654 vs=1 vage=92 vpage=92 vdt=34 vmax=21393 vacc=17258 vrej=0 seq=0 elapsed=0 oled=3C
[   7358] STATUS mode=3 fault=none enc=633 denc=0 sreq=0 sapplied=0 crate=-19 uimp=-318065 upos=0 uneg=2755 ball=-125.00 vball=0.00 aball=0.0 bref=0.00 pid=-19.3 pref=-320.0 ppos=-318.1 apid=0.0 integ=0.0 vision=1 current=1 vframe=17656 vs=1 vage=16 vpage=16 vdt=21 vmax=21393 vacc=17260 vrej=0 seq=0 elapsed=0 oled=3C
[   7390] STATUS mode=3 fault=none enc=633 denc=0 sreq=0 sapplied=0 crate=-19 uimp=-318065 upos=0 uneg=2755 ball=-125.00 vball=0.00 aball=0.0 bref=0.00 pid=-19.3 pref=-320.0 ppos=-318.1 apid=0.0 integ=0.0 vision=1 current=1 vframe=17657 vs=1 vage=1 vpage=1 vdt=35 vmax=21393 vacc=17261 vrej=0 seq=0 elapsed=0 oled=3C
[   7420] STATUS mode=3 fault=none enc=633 denc=0 sreq=0 sapplied=0 crate=-19 uimp=-318065 upos=0 uneg=2755 ball=-125.00 vball=0.00 aball=0.0 bref=0.00 pid=-19.3 pref=-320.0 ppos=-318.1 apid=0.0 integ=0.0 vision=1 current=1 vframe=17657 vs=1 vage=41 vpage=41 vdt=35 vmax=21393 vacc=17261 vrej=0 seq=0 elapsed=0 oled=3C
[   7452] STATUS mode=3 fault=none enc=633 denc=0 sreq=0 sapplied=0 crate=-19 uimp=-318065 upos=0 uneg=2755 ball=-125.00 vball=0.00 aball=0.0 bref=0.00 pid=-19.3 pref=-320.0 ppos=-318.1 apid=0.0 integ=0.0 vision=1 current=1 vframe=17657 vs=1 vage=61 vpage=61 vdt=35 vmax=21393 vacc=17261 vrej=0 seq=0 elapsed=0 oled=3C
[   7467] STATUS mode=3 fault=none enc=633 denc=0 sreq=0 sapplied=0 crate=-19 uimp=-318065 upos=0 uneg=2755 ball=-125.00 vball=0.00 aball=0.0 bref=0.00 pid=-19.3 pref=-320.0 ppos=-318.1 apid=0.0 integ=0.0 vision=1 current=1 vframe=17657 vs=1 vage=81 vpage=81 vdt=35 vmax=21393 vacc=17261 vrej=0 seq=0 elapsed=0 oled=3C
[   7500] STATUS mode=3 fault=none enc=633 denc=0 sreq=0 sapplied=0 crate=-19 uimp=-318065 upos=0 uneg=2755 ball=-125.00 vball=0.00 aball=0.0 bref=0.00 pid=-19.3 pref=-320.0 ppos=-318.1 apid=0.0 integ=0.0 vision=1 current=1 vframe=17659 vs=1 vage=6 vpage=6 vdt=21 vmax=21393 vacc=17263 vrej=0 seq=0 elapsed=0 oled=3C
[   7531] STATUS mode=3 fault=none enc=633 denc=0 sreq=0 sapplied=0 crate=-19 uimp=-318065 upos=0 uneg=2755 ball=-125.00 vball=0.00 aball=0.0 bref=0.00 pid=-19.3 pref=-320.0 ppos=-318.1 apid=0.0 integ=0.0 vision=1 current=1 vframe=17659 vs=1 vage=26 vpage=26 vdt=21 vmax=21393 vacc=17263 vrej=0 seq=0 elapsed=0 oled=3C
[   7545] STATUS mode=3 fault=none enc=633 denc=0 sreq=0 sapplied=0 crate=-19 uimp=-318065 upos=0 uneg=2755 ball=-125.00 vball=0.00 aball=0.0 bref=0.00 pid=-19.3 pref=-320.0 ppos=-318.1 apid=0.0 integ=0.0 vision=1 current=1 vframe=17660 vs=1 vage=12 vpage=12 vdt=34 vmax=21393 vacc=17264 vrej=0 seq=0 elapsed=0 oled=3C
[   7577] STATUS mode=3 fault=none enc=633 denc=0 sreq=0 sapplied=0 crate=-19 uimp=-318065 upos=0 uneg=2755 ball=-125.00 vball=0.00 aball=0.0 bref=0.00 pid=-19.3 pref=-320.0 ppos=-318.1 apid=0.0 integ=0.0 vision=1 current=1 vframe=17660 vs=1 vage=52 vpage=52 vdt=34 vmax=21393 vacc=17264 vrej=0 seq=0 elapsed=0 oled=3C
[   7608] STATUS mode=3 fault=none enc=633 denc=0 sreq=0 sapplied=0 crate=-19 uimp=-318065 upos=0 uneg=2755 ball=-125.00 vball=0.00 aball=0.0 bref=0.00 pid=-19.3 pref=-320.0 ppos=-318.1 apid=0.0 integ=0.0 vision=1 current=1 vframe=17660 vs=1 vage=72 vpage=72 vdt=34 vmax=21393 vacc=17264 vrej=0 seq=0 elapsed=0 oled=3C
[   7640] STATUS mode=3 fault=none enc=633 denc=0 sreq=0 sapplied=0 crate=-19 uimp=-318065 upos=0 uneg=2755 ball=-125.00 vball=0.00 aball=0.0 bref=0.00 pid=-19.3 pref=-320.0 ppos=-318.1 apid=0.0 integ=0.0 vision=1 current=1 vframe=17660 vs=1 vage=92 vpage=92 vdt=34 vmax=21393 vacc=17264 vrej=0 seq=0 elapsed=0 oled=3C
[   7656] STATUS mode=3 fault=none enc=633 denc=0 sreq=0 sapplied=0 crate=-19 uimp=-318065 upos=0 uneg=2755 ball=-125.00 vball=0.00 aball=0.0 bref=0.00 pid=-19.3 pref=-320.0 ppos=-318.1 apid=0.0 integ=0.0 vision=1 current=1 vframe=17662 vs=1 vage=15 vpage=15 vdt=21 vmax=21393 vacc=17266 vrej=0 seq=0 elapsed=0 oled=3C
[   7686] STATUS mode=3 fault=none enc=633 denc=0 sreq=0 sapplied=0 crate=-19 uimp=-318065 upos=0 uneg=2755 ball=-125.00 vball=0.00 aball=0.0 bref=0.00 pid=-19.3 pref=-320.0 ppos=-318.1 apid=0.0 integ=0.0 vision=1 current=1 vframe=17663 vs=1 vage=2 vpage=2 vdt=33 vmax=21393 vacc=17267 vrej=0 seq=0 elapsed=0 oled=3C
[   7717] STATUS mode=3 fault=none enc=633 denc=0 sreq=0 sapplied=0 crate=-19 uimp=-318065 upos=0 uneg=2755 ball=-125.00 vball=0.00 aball=0.0 bref=0.00 pid=-19.3 pref=-320.0 ppos=-318.1 apid=0.0 integ=0.0 vision=1 current=1 vframe=17663 vs=1 vage=22 vpage=22 vdt=33 vmax=21393 vacc=17267 vrej=0 seq=0 elapsed=0 oled=3C
[   7750] STATUS mode=3 fault=none enc=633 denc=0 sreq=0 sapplied=0 crate=-19 uimp=-318065 upos=0 uneg=2755 ball=-125.00 vball=0.00 aball=0.0 bref=0.00 pid=-19.3 pref=-320.0 ppos=-318.1 apid=0.0 integ=0.0 vision=1 current=1 vframe=17663 vs=1 vage=62 vpage=62 vdt=33 vmax=21393 vacc=17267 vrej=0 seq=0 elapsed=0 oled=3C
[   7765] STATUS mode=3 fault=none enc=633 denc=0 sreq=0 sapplied=0 crate=-19 uimp=-318065 upos=0 uneg=2755 ball=-125.00 vball=0.00 aball=0.0 bref=0.00 pid=-19.3 pref=-320.0 ppos=-318.1 apid=0.0 integ=0.0 vision=1 current=1 vframe=17663 vs=1 vage=82 vpage=82 vdt=33 vmax=21393 vacc=17267 vrej=0 seq=0 elapsed=0 oled=3C
[   7795] STATUS mode=3 fault=none enc=633 denc=0 sreq=0 sapplied=0 crate=-19 uimp=-318065 upos=0 uneg=2755 ball=-125.00 vball=0.00 aball=0.0 bref=0.00 pid=-19.3 pref=-320.0 ppos=-318.1 apid=0.0 integ=0.0 vision=1 current=1 vframe=17663 vs=1 vage=102 vpage=102 vdt=33 vmax=21393 vacc=17267 vrej=0 seq=0 elapsed=0 oled=3C
[   7827] STATUS mode=3 fault=none enc=633 denc=0 sreq=0 sapplied=0 crate=-19 uimp=-318065 upos=0 uneg=2755 ball=-125.00 vball=0.00 aball=0.0 bref=0.00 pid=-19.3 pref=-320.0 ppos=-318.1 apid=0.0 integ=0.0 vision=1 current=1 vframe=17663 vs=1 vage=142 vpage=142 vdt=33 vmax=21393 vacc=17267 vrej=0 seq=0 elapsed=0 oled=3C
[   7842] STATUS mode=3 fault=none enc=633 denc=0 sreq=0 sapplied=0 crate=0 uimp=-318065 upos=0 uneg=2755 ball=-125.00 vball=0.00 aball=0.0 bref=0.00 pid=-19.3 pref=-318.1 ppos=-318.1 apid=0.0 integ=0.0 vision=1 current=1 vframe=17663 vs=1 vage=162 vpage=162 vdt=33 vmax=21393 vacc=17267 vrej=0 seq=0 elapsed=0 oled=3C
[   7875] STATUS mode=3 fault=none enc=633 denc=0 sreq=0 sapplied=0 crate=-18 uimp=-318065 upos=0 uneg=2755 ball=-125.00 vball=0.00 aball=0.0 bref=0.00 pid=-19.3 pref=-320.0 ppos=-318.1 apid=0.0 integ=0.0 vision=1 current=1 vframe=17664 vs=1 vage=2 vpage=2 vdt=180 vmax=21393 vacc=17268 vrej=0 seq=0 elapsed=0 oled=3C
[   7906] STATUS mode=3 fault=none enc=633 denc=0 sreq=0 sapplied=0 crate=-19 uimp=-318065 upos=0 uneg=2755 ball=-125.00 vball=0.00 aball=0.0 bref=0.00 pid=-19.3 pref=-320.0 ppos=-318.1 apid=0.0 integ=0.0 vision=1 current=1 vframe=17665 vs=1 vage=20 vpage=20 vdt=22 vmax=21393 vacc=17269 vrej=0 seq=0 elapsed=0 oled=3C
[   7936] STATUS mode=3 fault=none enc=633 denc=0 sreq=0 sapplied=0 crate=-19 uimp=-318065 upos=0 uneg=2755 ball=-125.00 vball=0.00 aball=0.0 bref=0.00 pid=-19.3 pref=-320.0 ppos=-318.1 apid=0.0 integ=0.0 vision=1 current=1 vframe=17666 vs=1 vage=8 vpage=8 vdt=32 vmax=21393 vacc=17270 vrej=0 seq=0 elapsed=0 oled=3C
[   7952] STATUS mode=3 fault=none enc=633 denc=0 sreq=0 sapplied=0 crate=-19 uimp=-318065 upos=0 uneg=2755 ball=-125.00 vball=0.00 aball=0.0 bref=0.00 pid=-19.3 pref=-320.0 ppos=-318.1 apid=0.0 integ=0.0 vision=1 current=1 vframe=17666 vs=1 vage=28 vpage=28 vdt=32 vmax=21393 vacc=17270 vrej=0 seq=0 elapsed=0 oled=3C
[   7983] STATUS mode=3 fault=none enc=633 denc=0 sreq=0 sapplied=0 crate=-19 uimp=-318065 upos=0 uneg=2755 ball=-125.00 vball=0.00 aball=0.0 bref=0.00 pid=-19.3 pref=-320.0 ppos=-318.1 apid=0.0 integ=0.0 vision=1 current=1 vframe=17666 vs=1 vage=68 vpage=68 vdt=32 vmax=21393 vacc=17270 vrej=0 seq=0 elapsed=0 oled=3C
[   8015] STATUS mode=3 fault=none enc=633 denc=0 sreq=0 sapplied=0 crate=-19 uimp=-318065 upos=0 uneg=2755 ball=-125.00 vball=0.00 aball=0.0 bref=0.00 pid=-19.3 pref=-320.0 ppos=-318.1 apid=0.0 integ=0.0 vision=1 current=1 vframe=17666 vs=1 vage=88 vpage=88 vdt=32 vmax=21393 vacc=17270 vrej=0 seq=0 elapsed=0 oled=3C
[   8045] STATUS mode=3 fault=none enc=633 denc=0 sreq=0 sapplied=0 crate=-19 uimp=-318065 upos=0 uneg=2755 ball=-125.00 vball=0.00 aball=0.0 bref=0.00 pid=-19.3 pref=-320.0 ppos=-318.1 apid=0.0 integ=0.0 vision=1 current=1 vframe=17667 vs=1 vage=7 vpage=7 vdt=101 vmax=21393 vacc=17271 vrej=0 seq=0 elapsed=0 oled=3C
[   8061] STATUS mode=3 fault=none enc=633 denc=0 sreq=0 sapplied=0 crate=-19 uimp=-318065 upos=0 uneg=2755 ball=-125.00 vball=0.00 aball=0.0 bref=0.00 pid=-19.3 pref=-320.0 ppos=-318.1 apid=0.0 integ=0.0 vision=1 current=1 vframe=17668 vs=1 vage=16 vpage=16 vdt=31 vmax=21393 vacc=17272 vrej=0 seq=0 elapsed=0 oled=3C
[   8092] STATUS mode=3 fault=none enc=633 denc=0 sreq=0 sapplied=0 crate=-19 uimp=-318065 upos=0 uneg=2755 ball=-125.00 vball=0.00 aball=0.0 bref=0.00 pid=-19.3 pref=-320.0 ppos=-318.1 apid=0.0 integ=0.0 vision=1 current=1 vframe=17669 vs=1 vage=2 vpage=2 vdt=34 vmax=21393 vacc=17273 vrej=0 seq=0 elapsed=0 oled=3C
[   8125] STATUS mode=3 fault=none enc=633 denc=0 sreq=0 sapplied=0 crate=-19 uimp=-318065 upos=0 uneg=2755 ball=-125.00 vball=0.00 aball=0.0 bref=0.00 pid=-19.3 pref=-320.0 ppos=-318.1 apid=0.0 integ=0.0 vision=1 current=1 vframe=17669 vs=1 vage=22 vpage=22 vdt=34 vmax=21393 vacc=17273 vrej=0 seq=0 elapsed=0 oled=3C
[   8140] STATUS mode=3 fault=none enc=633 denc=0 sreq=0 sapplied=0 crate=-19 uimp=-318065 upos=0 uneg=2755 ball=-125.00 vball=0.00 aball=0.0 bref=0.00 pid=-19.3 pref=-320.0 ppos=-318.1 apid=0.0 integ=0.0 vision=1 current=1 vframe=17669 vs=1 vage=62 vpage=62 vdt=34 vmax=21393 vacc=17273 vrej=0 seq=0 elapsed=0 oled=3C
[   8170] STATUS mode=3 fault=none enc=633 denc=0 sreq=0 sapplied=0 crate=-19 uimp=-318065 upos=0 uneg=2755 ball=-125.00 vball=0.00 aball=0.0 bref=0.00 pid=-19.3 pref=-320.0 ppos=-318.1 apid=0.0 integ=0.0 vision=1 current=1 vframe=17669 vs=1 vage=82 vpage=82 vdt=34 vmax=21393 vacc=17273 vrej=0 seq=0 elapsed=0 oled=3C
[   8202] STATUS mode=3 fault=none enc=633 denc=0 sreq=0 sapplied=0 crate=-19 uimp=-318065 upos=0 uneg=2755 ball=-125.00 vball=0.00 aball=0.0 bref=0.00 pid=-19.3 pref=-320.0 ppos=-318.1 apid=0.0 integ=0.0 vision=1 current=1 vframe=17671 vs=1 vage=6 vpage=6 vdt=20 vmax=21393 vacc=17275 vrej=0 seq=0 elapsed=0 oled=3C
[   8233] STATUS mode=3 fault=none enc=633 denc=0 sreq=0 sapplied=0 crate=-19 uimp=-318065 upos=0 uneg=2755 ball=-125.00 vball=0.00 aball=0.0 bref=0.00 pid=-19.3 pref=-320.0 ppos=-318.1 apid=0.0 integ=0.0 vision=1 current=1 vframe=17671 vs=1 vage=26 vpage=26 vdt=20 vmax=21393 vacc=17275 vrej=0 seq=0 elapsed=0 oled=3C
[   8250] STATUS mode=3 fault=none enc=633 denc=0 sreq=0 sapplied=0 crate=-19 uimp=-318065 upos=0 uneg=2755 ball=-125.00 vball=0.00 aball=0.0 bref=0.00 pid=-19.3 pref=-320.0 ppos=-318.1 apid=0.0 integ=0.0 vision=1 current=1 vframe=17672 vs=1 vage=13 vpage=13 vdt=33 vmax=21393 vacc=17276 vrej=0 seq=0 elapsed=0 oled=3C
[   8281] STATUS mode=3 fault=none enc=633 denc=0 sreq=0 sapplied=0 crate=-19 uimp=-318065 upos=0 uneg=2755 ball=-125.00 vball=0.00 aball=0.0 bref=0.00 pid=-19.3 pref=-320.0 ppos=-318.1 apid=0.0 integ=0.0 vision=1 current=1 vframe=17672 vs=1 vage=53 vpage=53 vdt=33 vmax=21393 vacc=17276 vrej=0 seq=0 elapsed=0 oled=3C
[   8311] STATUS mode=3 fault=none enc=633 denc=0 sreq=0 sapplied=0 crate=-19 uimp=-318065 upos=0 uneg=2755 ball=-125.00 vball=0.00 aball=0.0 bref=0.00 pid=-19.3 pref=-320.0 ppos=-318.1 apid=0.0 integ=0.0 vision=1 current=1 vframe=17672 vs=1 vage=73 vpage=73 vdt=33 vmax=21393 vacc=17276 vrej=0 seq=0 elapsed=0 oled=3C
[   8327] STATUS mode=3 fault=none enc=633 denc=0 sreq=0 sapplied=0 crate=-19 uimp=-318065 upos=0 uneg=2755 ball=-125.00 vball=0.00 aball=0.0 bref=0.00 pid=-19.3 pref=-320.0 ppos=-318.1 apid=0.0 integ=0.0 vision=1 current=1 vframe=17672 vs=1 vage=93 vpage=93 vdt=33 vmax=21393 vacc=17276 vrej=0 seq=0 elapsed=0 oled=3C
[   8327] >>> stop
[   8358] STATUS mode=3 fault=none enc=633 denc=0 sreq=0 sapplied=0 crate=-19 uimp=-318065 upos=0 uneg=2755 ball=-125.00 vball=0.00 aball=0.0 bref=0.00 pid=-19.3 pref=-320.0 ppos=-318.1 apid=0.0 integ=0.0 vision=1 current=1 vframe=17673 vs=1 vage=34 vpage=34 vdt=99 vmax=21393 vacc=17277 vrej=0 seq=0 elapsed=0 oled=3C
[   8390] STATUS mode=1 fault=none enc=632 denc=0 sreq=0 sapplied=0 crate=0 uimp=-318065 upos=0 uneg=2755 ball=-125.00 vball=0.00 aball=0.0 bref=0.00 pid=0.0 pref=0.0 ppos=0.0 apid=0.0 integ=0.0 vision=1 current=1 vframe=17674 vs=1 vage=20 vpage=20 vdt=34 vmax=21393 vacc=17278 vrej=0 seq=0 elapsed=0 oled=3C
[   8406] STATUS mode=1 fault=none enc=632 denc=0 sreq=0 sapplied=0 crate=0 uimp=-318065 upos=0 uneg=2755 ball=-125.00 vball=0.00 aball=0.0 bref=0.00 pid=0.0 pref=0.0 ppos=0.0 apid=0.0 integ=0.0 vision=1 current=1 vframe=17674 vs=1 vage=40 vpage=40 vdt=34 vmax=21393 vacc=17278 vrej=0 seq=0 elapsed=0 oled=3C
[   8436] STATUS mode=1 fault=none enc=632 denc=0 sreq=0 sapplied=0 crate=0 uimp=-318065 upos=0 uneg=2755 ball=-125.00 vball=0.00 aball=0.0 bref=0.00 pid=0.0 pref=0.0 ppos=0.0 apid=0.0 integ=0.0 vision=1 current=1 vframe=17674 vs=1 vage=80 vpage=80 vdt=34 vmax=21393 vacc=17278 vrej=0 seq=0 elapsed=0 oled=3C
[   8467] STATUS mode=1 fault=none enc=632 denc=0 sreq=0 sapplied=0 crate=0 uimp=-318065 upos=0 uneg=2755 ball=-125.00 vball=0.00 aball=0.0 bref=0.00 pid=0.0 pref=0.0 ppos=0.0 apid=0.0 integ=0.0 vision=1 current=1 vframe=17674 vs=1 vage=100 vpage=100 vdt=34 vmax=21393 vacc=17278 vrej=0 seq=0 elapsed=0 oled=3C
[   8500] STATUS mode=1 fault=none enc=632 denc=0 sreq=0 sapplied=0 crate=0 uimp=-318065 upos=0 uneg=2755 ball=-125.00 vball=0.00 aball=0.0 bref=0.00 pid=0.0 pref=0.0 ppos=0.0 apid=0.0 integ=0.0 vision=1 current=1 vframe=17676 vs=1 vage=5 vpage=5 vdt=6 vmax=21393 vacc=17280 vrej=0 seq=0 elapsed=0 oled=3C
[   8515] STATUS mode=1 fault=none enc=632 denc=0 sreq=0 sapplied=0 crate=0 uimp=-318065 upos=0 uneg=2755 ball=-125.00 vball=0.00 aball=0.0 bref=0.00 pid=0.0 pref=0.0 ppos=0.0 apid=0.0 integ=0.0 vision=1 current=1 vframe=17676 vs=1 vage=25 vpage=25 vdt=6 vmax=21393 vacc=17280 vrej=0 seq=0 elapsed=0 oled=3C
[   8545] STATUS mode=1 fault=none enc=632 denc=0 sreq=0 sapplied=0 crate=0 uimp=-318065 upos=0 uneg=2755 ball=-125.00 vball=0.00 aball=0.0 bref=0.00 pid=0.0 pref=0.0 ppos=0.0 apid=0.0 integ=0.0 vision=1 current=1 vframe=17677 vs=1 vage=29 vpage=29 vdt=36 vmax=21393 vacc=17281 vrej=0 seq=0 elapsed=0 oled=3C
[   8561] STATUS mode=1 fault=none enc=632 denc=0 sreq=0 sapplied=0 crate=0 uimp=-318065 upos=0 uneg=2755 ball=-125.00 vball=0.00 aball=0.0 bref=0.00 pid=0.0 pref=0.0 ppos=0.0 apid=0.0 integ=0.0 vision=1 current=1 vframe=17677 vs=1 vage=49 vpage=49 vdt=36 vmax=21393 vacc=17281 vrej=0 seq=0 elapsed=0 oled=3C
[   8592] STATUS mode=1 fault=none enc=632 denc=0 sreq=0 sapplied=0 crate=0 uimp=-318065 upos=0 uneg=2755 ball=-125.00 vball=0.00 aball=0.0 bref=0.00 pid=0.0 pref=0.0 ppos=0.0 apid=0.0 integ=0.0 vision=1 current=1 vframe=17677 vs=1 vage=69 vpage=69 vdt=36 vmax=21393 vacc=17281 vrej=0 seq=0 elapsed=0 oled=3C
[   8625] STATUS mode=1 fault=none enc=632 denc=0 sreq=0 sapplied=0 crate=0 uimp=-318065 upos=0 uneg=2755 ball=-125.00 vball=0.00 aball=0.0 bref=0.00 pid=0.0 pref=0.0 ppos=0.0 apid=0.0 integ=0.0 vision=1 current=1 vframe=17677 vs=1 vage=109 vpage=109 vdt=36 vmax=21393 vacc=17281 vrej=0 seq=0 elapsed=0 oled=3C
[   8656] STATUS mode=1 fault=none enc=632 denc=0 sreq=0 sapplied=0 crate=0 uimp=-318065 upos=0 uneg=2755 ball=-125.00 vball=0.00 aball=0.0 bref=0.00 pid=0.0 pref=0.0 ppos=0.0 apid=0.0 integ=0.0 vision=1 current=1 vframe=17679 vs=1 vage=10 vpage=10 vdt=8 vmax=21393 vacc=17283 vrej=0 seq=0 elapsed=0 oled=3C
[   8670] STATUS mode=1 fault=none enc=632 denc=0 sreq=0 sapplied=0 crate=0 uimp=-318065 upos=0 uneg=2755 ball=-125.00 vball=0.00 aball=0.0 bref=0.00 pid=0.0 pref=0.0 ppos=0.0 apid=0.0 integ=0.0 vision=1 current=1 vframe=17679 vs=1 vage=30 vpage=30 vdt=8 vmax=21393 vacc=17283 vrej=0 seq=0 elapsed=0 oled=3C
[   8702] STATUS mode=1 fault=none enc=632 denc=0 sreq=0 sapplied=0 crate=0 uimp=-318065 upos=0 uneg=2755 ball=-125.00 vball=0.00 aball=0.0 bref=0.00 pid=0.0 pref=0.0 ppos=0.0 apid=0.0 integ=0.0 vision=1 current=1 vframe=17681 vs=1 vage=6 vpage=6 vdt=33 vmax=21393 vacc=17285 vrej=0 seq=0 elapsed=0 oled=3C
[   8702] >>> stream off
[   8733] STATUS mode=1 fault=none enc=632 denc=0 sreq=0 sapplied=0 crate=0 uimp=-318065 upos=0 uneg=2755 ball=-125.00 vball=0.00 aball=0.0 bref=0.00 pid=0.0 pref=0.0 ppos=0.0 apid=0.0 integ=0.0 vision=1 current=1 vframe=17681 vs=1 vage=26 vpage=26 vdt=33 vmax=21393 vacc=17285 vrej=0 seq=0 elapsed=0 oled=3C
[   8733] OK stream off
[   8906] STOP_REASON time_limit
