[      0] >>> bench on
[      0] OK stepper visual-only bench active; use zero before tests
[    187] >>> clear
[    187] OK fault cleared
[    375] >>> diag reset
[    375] OK actuator diagnostics reset
[    546] >>> gain ball 2.5 0.0 5.0 -1
[    562] OK ball gains kp=2.500 ki=0.000 kd=5.000 sign=-1
[    734] >>> gain accel 0.0
[    750] OK ball acceleration gain ka=0.000
[    921] >>> limit rate 225
[    937] OK ball rate limit=225 steps/s
[   1109] >>> stream on 20
[   1125] OK stream on 20 ms
[   1155] STATUS mode=1 fault=none enc=-1 denc=0 sreq=0 sapplied=0 crate=0 uimp=0 upos=0 uneg=0 ball=-42.91 vball=1.64 aball=0.0 bref=0.00 pid=0.0 pref=0.0 ppos=0.0 apid=0.0 integ=0.0 vision=1 current=1 vframe=1505 vs=1 vage=11 vpage=11 vdt=37 vmax=186 vacc=1504 vrej=0 seq=0 elapsed=0 oled=3C
[   1187] STATUS mode=1 fault=none enc=-1 denc=0 sreq=0 sapplied=0 crate=0 uimp=0 upos=0 uneg=0 ball=-42.91 vball=1.64 aball=0.0 bref=0.00 pid=0.0 pref=0.0 ppos=0.0 apid=0.0 integ=0.0 vision=1 current=1 vframe=1505 vs=1 vage=31 vpage=31 vdt=37 vmax=186 vacc=1504 vrej=0 seq=0 elapsed=0 oled=3C
[   1218] STATUS mode=1 fault=none enc=-1 denc=0 sreq=0 sapplied=0 crate=0 uimp=0 upos=0 uneg=0 ball=-42.91 vball=1.64 aball=0.0 bref=0.00 pid=0.0 pref=0.0 ppos=0.0 apid=0.0 integ=0.0 vision=1 current=1 vframe=1505 vs=1 vage=51 vpage=51 vdt=37 vmax=186 vacc=1504 vrej=0 seq=0 elapsed=0 oled=3C
[   1234] STATUS mode=1 fault=none enc=-1 denc=0 sreq=0 sapplied=0 crate=0 uimp=0 upos=0 uneg=0 ball=-42.91 vball=1.64 aball=0.0 bref=0.00 pid=0.0 pref=0.0 ppos=0.0 apid=0.0 integ=0.0 vision=1 current=1 vframe=1505 vs=1 vage=71 vpage=71 vdt=37 vmax=186 vacc=1504 vrej=0 seq=0 elapsed=0 oled=3C
[   1266] STATUS mode=1 fault=none enc=-1 denc=0 sreq=0 sapplied=0 crate=0 uimp=0 upos=0 uneg=0 ball=-42.91 vball=1.64 aball=0.0 bref=0.00 pid=0.0 pref=0.0 ppos=0.0 apid=0.0 integ=0.0 vision=1 current=1 vframe=1505 vs=1 vage=91 vpage=91 vdt=37 vmax=186 vacc=1504 vrej=0 seq=0 elapsed=0 oled=3C
[   1280] STATUS mode=1 fault=none enc=-1 denc=0 sreq=0 sapplied=0 crate=0 uimp=0 upos=0 uneg=0 ball=-42.84 vball=0.82 aball=0.0 bref=0.00 pid=0.0 pref=0.0 ppos=0.0 apid=0.0 integ=0.0 vision=1 current=1 vframe=1507 vs=1 vage=16 vpage=16 vdt=12 vmax=186 vacc=1506 vrej=0 seq=0 elapsed=0 oled=3C
[   1280] >>> ball 0.0
[   1312] STATUS mode=1 fault=none enc=-1 denc=0 sreq=0 sapplied=0 crate=0 uimp=0 upos=0 uneg=0 ball=-42.59 vball=5.25 aball=0.0 bref=0.00 pid=0.0 pref=0.0 ppos=0.0 apid=0.0 integ=0.0 vision=1 current=1 vframe=1508 vs=1 vage=17 vpage=17 vdt=19 vmax=186 vacc=1507 vrej=0 seq=0 elapsed=0 oled=3C
[   1343] STATUS mode=3 fault=none enc=6 denc=-1 sreq=0 sapplied=0 crate=-11 uimp=0 upos=0 uneg=0 ball=-42.56 vball=3.04 aball=0.0 bref=0.00 pid=-225.0 pref=-91.2 ppos=0.0 apid=0.0 integ=-0.0 vision=1 current=1 vframe=1509 vs=1 vage=5 vpage=5 vdt=32 vmax=186 vacc=1508 vrej=0 seq=0 elapsed=0 oled=3C
[   1359] STATUS mode=3 fault=none enc=6 denc=0 sreq=-26 sapplied=-26 crate=-26 uimp=0 upos=0 uneg=0 ball=-42.56 vball=3.04 aball=0.0 bref=0.00 pid=-225.0 pref=-91.2 ppos=0.0 apid=0.0 integ=-0.0 vision=1 current=1 vframe=1509 vs=1 vage=25 vpage=25 vdt=32 vmax=186 vacc=1508 vrej=0 seq=0 elapsed=0 oled=3C
[   1391] STATUS mode=3 fault=none enc=5 denc=0 sreq=-56 sapplied=-56 crate=-56 uimp=-1580 upos=0 uneg=40 ball=-42.56 vball=3.04 aball=0.0 bref=0.00 pid=-225.0 pref=-91.2 ppos=-1.6 apid=0.0 integ=-0.0 vision=1 current=1 vframe=1509 vs=1 vage=65 vpage=65 vdt=32 vmax=186 vacc=1508 vrej=0 seq=0 elapsed=0 oled=3C
[   1421] STATUS mode=3 fault=none enc=3 denc=-1 sreq=-71 sapplied=-71 crate=-71 uimp=-2820 upos=0 uneg=60 ball=-42.56 vball=3.04 aball=0.0 bref=0.00 pid=-225.0 pref=-91.2 ppos=-2.8 apid=0.0 integ=-0.0 vision=1 current=1 vframe=1509 vs=1 vage=85 vpage=85 vdt=32 vmax=186 vacc=1508 vrej=0 seq=0 elapsed=0 oled=3C
[   1437] STATUS mode=3 fault=none enc=2 denc=1 sreq=-86 sapplied=-86 crate=-86 uimp=-4360 upos=0 uneg=80 ball=-42.64 vball=0.78 aball=-15.6 bref=0.00 pid=-225.0 pref=-102.7 ppos=-4.4 apid=-0.0 integ=-0.0 vision=1 current=1 vframe=1510 vs=1 vage=8 vpage=8 vdt=97 vmax=186 vacc=1509 vrej=0 seq=0 elapsed=0 oled=3C
[   1468] STATUS mode=3 fault=none enc=-3 denc=0 sreq=-116 sapplied=-116 crate=-116 uimp=-8340 upos=0 uneg=120 ball=-42.70 vball=-0.89 aball=-15.6 bref=0.00 pid=-225.0 pref=-111.2 ppos=-8.3 apid=-0.0 integ=-0.0 vision=1 current=1 vframe=1511 vs=1 vage=29 vpage=29 vdt=19 vmax=186 vacc=1510 vrej=0 seq=0 elapsed=0 oled=3C
[   1500] STATUS mode=3 fault=none enc=-7 denc=-1 sreq=-131 sapplied=-131 crate=-131 uimp=-10780 upos=0 uneg=140 ball=-43.01 vball=-4.63 aball=-15.6 bref=0.00 pid=-225.0 pref=-130.7 ppos=-10.8 apid=-0.0 integ=-0.0 vision=1 current=1 vframe=1512 vs=1 vage=16 vpage=16 vdt=33 vmax=186 vacc=1511 vrej=0 seq=0 elapsed=0 oled=3C
[   1516] STATUS mode=3 fault=none enc=-11 denc=-2 sreq=-146 sapplied=-146 crate=-146 uimp=-13520 upos=0 uneg=160 ball=-43.01 vball=-4.63 aball=-15.6 bref=0.00 pid=-225.0 pref=-130.7 ppos=-13.5 apid=-0.0 integ=-0.0 vision=1 current=1 vframe=1512 vs=1 vage=36 vpage=36 vdt=33 vmax=186 vacc=1511 vrej=0 seq=0 elapsed=0 oled=3C
[   1546] STATUS mode=3 fault=none enc=-18 denc=-1 sreq=-176 sapplied=-176 crate=-176 uimp=-19900 upos=0 uneg=200 ball=-43.01 vball=-4.63 aball=-15.6 bref=0.00 pid=-225.0 pref=-130.7 ppos=-19.9 apid=-0.0 integ=-0.0 vision=1 current=1 vframe=1512 vs=1 vage=76 vpage=76 vdt=33 vmax=186 vacc=1511 vrej=0 seq=0 elapsed=0 oled=3C
[   1577] STATUS mode=3 fault=none enc=-24 denc=-2 sreq=-191 sapplied=-191 crate=-191 uimp=-23540 upos=0 uneg=220 ball=-43.45 vball=-5.75 aball=-28.7 bref=0.00 pid=-225.0 pref=-137.4 ppos=-23.5 apid=-0.0 integ=-0.0 vision=1 current=1 vframe=1513 vs=1 vage=2 vpage=2 vdt=94 vmax=186 vacc=1512 vrej=0 seq=0 elapsed=0 oled=3C
[   1609] STATUS mode=3 fault=none enc=-34 denc=-1 sreq=-221 sapplied=-221 crate=-221 uimp=-31720 upos=0 uneg=260 ball=-43.45 vball=-5.75 aball=-28.7 bref=0.00 pid=-225.0 pref=-137.4 ppos=-27.5 apid=-0.0 integ=-0.0 vision=1 current=1 vframe=1513 vs=1 vage=22 vpage=22 vdt=94 vmax=186 vacc=1512 vrej=0 seq=0 elapsed=0 oled=3C
[   1625] STATUS mode=3 fault=none enc=-40 denc=-2 sreq=-225 sapplied=-225 crate=-225 uimp=-36200 upos=0 uneg=280 ball=-43.32 vball=0.29 aball=-28.7 bref=0.00 pid=-225.0 pref=-106.9 ppos=-36.2 apid=-0.0 integ=-0.0 vision=1 current=1 vframe=1515 vs=1 vage=6 vpage=6 vdt=33 vmax=186 vacc=1514 vrej=0 seq=0 elapsed=0 oled=3C
[   1655] STATUS mode=3 fault=none enc=-46 denc=-1 sreq=-225 sapplied=-225 crate=-225 uimp=-40700 upos=0 uneg=300 ball=-43.32 vball=0.29 aball=-28.7 bref=0.00 pid=-225.0 pref=-106.9 ppos=-40.7 apid=-0.0 integ=-0.0 vision=1 current=1 vframe=1515 vs=1 vage=26 vpage=26 vdt=33 vmax=186 vacc=1514 vrej=0 seq=0 elapsed=0 oled=3C
[   1687] STATUS mode=3 fault=none enc=-57 denc=-1 sreq=-225 sapplied=-225 crate=-225 uimp=-49700 upos=0 uneg=340 ball=-43.32 vball=0.29 aball=-28.7 bref=0.00 pid=-225.0 pref=-106.9 ppos=-49.7 apid=-0.0 integ=-0.0 vision=1 current=1 vframe=1515 vs=1 vage=66 vpage=66 vdt=33 vmax=186 vacc=1514 vrej=0 seq=0 elapsed=0 oled=3C
[   1718] STATUS mode=3 fault=none enc=-63 denc=-2 sreq=-225 sapplied=-225 crate=-225 uimp=-54200 upos=0 uneg=360 ball=-43.32 vball=0.29 aball=-28.7 bref=0.00 pid=-225.0 pref=-106.9 ppos=-54.2 apid=-0.0 integ=-0.0 vision=1 current=1 vframe=1515 vs=1 vage=86 vpage=86 vdt=33 vmax=186 vacc=1514 vrej=0 seq=0 elapsed=0 oled=3C
[   1734] STATUS mode=3 fault=none enc=-69 denc=-1 sreq=-225 sapplied=-225 crate=-225 uimp=-58700 upos=0 uneg=380 ball=-43.30 vball=0.26 aball=2.1 bref=0.00 pid=-225.0 pref=-106.9 ppos=-58.7 apid=0.0 integ=-0.0 vision=1 current=1 vframe=1516 vs=1 vage=11 vpage=11 vdt=95 vmax=186 vacc=1515 vrej=0 seq=0 elapsed=0 oled=3C
[   1766] STATUS mode=3 fault=none enc=-81 denc=-3 sreq=-203 sapplied=-203 crate=-203 uimp=-67420 upos=0 uneg=420 ball=-42.17 vball=24.44 aball=2.1 bref=0.00 pid=225.0 pref=16.8 ppos=-67.4 apid=0.0 integ=-0.0 vision=1 current=1 vframe=1517 vs=1 vage=27 vpage=27 vdt=24 vmax=186 vacc=1516 vrej=0 seq=0 elapsed=0 oled=3C
[   1796] STATUS mode=3 fault=none enc=-86 denc=-1 sreq=-188 sapplied=-188 crate=-188 uimp=-71360 upos=0 uneg=440 ball=-41.49 vball=22.41 aball=2.1 bref=0.00 pid=225.0 pref=8.3 ppos=-71.4 apid=0.0 integ=-0.0 vision=1 current=1 vframe=1518 vs=1 vage=14 vpage=14 vdt=33 vmax=186 vacc=1517 vrej=0 seq=0 elapsed=0 oled=3C
[   1827] STATUS mode=3 fault=none enc=-90 denc=-2 sreq=-173 sapplied=-173 crate=-173 uimp=-75000 upos=0 uneg=460 ball=-41.49 vball=22.41 aball=2.1 bref=0.00 pid=225.0 pref=8.3 ppos=-75.0 apid=0.0 integ=-0.0 vision=1 current=1 vframe=1518 vs=1 vage=34 vpage=34 vdt=33 vmax=186 vacc=1517 vrej=0 seq=0 elapsed=0 oled=3C
[   1843] STATUS mode=3 fault=none enc=-98 denc=-1 sreq=-143 sapplied=-143 crate=-143 uimp=-81380 upos=0 uneg=500 ball=-41.49 vball=22.41 aball=2.1 bref=0.00 pid=225.0 pref=8.3 ppos=-81.4 apid=0.0 integ=-0.0 vision=1 current=1 vframe=1518 vs=1 vage=74 vpage=74 vdt=33 vmax=186 vacc=1517 vrej=0 seq=0 elapsed=0 oled=3C
[   1875] STATUS mode=3 fault=none enc=-101 denc=-1 sreq=-128 sapplied=-128 crate=-128 uimp=-84120 upos=0 uneg=520 ball=-41.49 vball=22.41 aball=2.1 bref=0.00 pid=225.0 pref=8.3 ppos=-84.1 apid=0.0 integ=-0.0 vision=1 current=1 vframe=1518 vs=1 vage=94 vpage=94 vdt=33 vmax=186 vacc=1517 vrej=0 seq=0 elapsed=0 oled=3C
[   1905] STATUS mode=3 fault=none enc=-104 denc=-1 sreq=-113 sapplied=-113 crate=-113 uimp=-86560 upos=0 uneg=540 ball=-40.93 vball=14.54 aball=43.4 bref=0.00 pid=225.0 pref=-29.6 ppos=-86.6 apid=0.0 integ=-0.0 vision=1 current=1 vframe=1519 vs=1 vage=19 vpage=19 vdt=95 vmax=186 vacc=1518 vrej=0 seq=0 elapsed=0 oled=3C
[   1937] STATUS mode=3 fault=none enc=-109 denc=-1 sreq=-83 sapplied=-83 crate=-83 uimp=-90540 upos=0 uneg=580 ball=-39.66 vball=20.77 aball=43.4 bref=0.00 pid=225.0 pref=4.7 ppos=-90.5 apid=0.0 integ=-0.0 vision=1 current=1 vframe=1521 vs=1 vage=4 vpage=4 vdt=33 vmax=186 vacc=1520 vrej=0 seq=0 elapsed=0 oled=3C
[   1952] STATUS mode=3 fault=none enc=-111 denc=0 sreq=-68 sapplied=-68 crate=-68 uimp=-92080 upos=0 uneg=600 ball=-39.66 vball=20.77 aball=43.4 bref=0.00 pid=225.0 pref=4.7 ppos=-92.1 apid=0.0 integ=-0.0 vision=1 current=1 vframe=1521 vs=1 vage=24 vpage=24 vdt=33 vmax=186 vacc=1520 vrej=0 seq=0 elapsed=0 oled=3C
[   1984] STATUS mode=3 fault=none enc=-112 denc=0 sreq=-53 sapplied=-53 crate=-53 uimp=-93320 upos=0 uneg=620 ball=-39.66 vball=20.77 aball=43.4 bref=0.00 pid=225.0 pref=4.7 ppos=-93.3 apid=0.0 integ=-0.0 vision=1 current=1 vframe=1521 vs=1 vage=44 vpage=44 vdt=33 vmax=186 vacc=1520 vrej=0 seq=0 elapsed=0 oled=3C
[   2016] STATUS mode=3 fault=none enc=-114 denc=0 sreq=-23 sapplied=-23 crate=-23 uimp=-94900 upos=0 uneg=660 ball=-39.66 vball=20.77 aball=43.4 bref=0.00 pid=225.0 pref=4.7 ppos=-94.9 apid=0.0 integ=-0.0 vision=1 current=1 vframe=1521 vs=1 vage=84 vpage=84 vdt=33 vmax=186 vacc=1520 vrej=0 seq=0 elapsed=0 oled=3C
[   2030] STATUS mode=3 fault=none enc=-115 denc=0 sreq=0 sapplied=0 crate=-8 uimp=-95015 upos=0 uneg=665 ball=-39.09 vball=14.21 aball=22.9 bref=0.00 pid=225.0 pref=-26.7 ppos=-95.0 apid=0.0 integ=-0.0 vision=1 current=1 vframe=1522 vs=1 vage=6 vpage=6 vdt=98 vmax=186 vacc=1521 vrej=0 seq=0 elapsed=0 oled=3C
[   2062] STATUS mode=3 fault=none enc=-115 denc=0 sreq=0 sapplied=0 crate=8 uimp=-95015 upos=0 uneg=665 ball=-38.64 vball=16.58 aball=22.9 bref=0.00 pid=225.0 pref=-13.7 ppos=-95.0 apid=0.0 integ=-0.0 vision=1 current=1 vframe=1523 vs=1 vage=6 vpage=6 vdt=20 vmax=186 vacc=1522 vrej=0 seq=0 elapsed=0 oled=3C
[   2093] STATUS mode=3 fault=none enc=-115 denc=0 sreq=38 sapplied=38 crate=38 uimp=-94565 upos=15 uneg=665 ball=-38.38 vball=13.10 aball=22.9 bref=0.00 pid=225.0 pref=-30.5 ppos=-94.6 apid=0.0 integ=-0.0 vision=1 current=1 vframe=1524 vs=1 vage=16 vpage=16 vdt=30 vmax=186 vacc=1523 vrej=0 seq=0 elapsed=0 oled=3C
[   2109] STATUS mode=3 fault=none enc=-114 denc=-1 sreq=53 sapplied=53 crate=53 uimp=-93700 upos=35 uneg=665 ball=-38.38 vball=13.10 aball=22.9 bref=0.00 pid=225.0 pref=-30.5 ppos=-93.7 apid=0.0 integ=-0.0 vision=1 current=1 vframe=1524 vs=1 vage=36 vpage=36 vdt=30 vmax=186 vacc=1523 vrej=0 seq=0 elapsed=0 oled=3C
[   2141] STATUS mode=3 fault=none enc=-112 denc=1 sreq=68 sapplied=68 crate=68 uimp=-92535 upos=55 uneg=665 ball=-38.38 vball=13.10 aball=22.9 bref=0.00 pid=225.0 pref=-30.5 ppos=-92.5 apid=0.0 integ=-0.0 vision=1 current=1 vframe=1524 vs=1 vage=56 vpage=56 vdt=30 vmax=186 vacc=1523 vrej=0 seq=0 elapsed=0 oled=3C
[   2171] STATUS mode=3 fault=none enc=-108 denc=1 sreq=98 sapplied=98 crate=98 uimp=-89305 upos=95 uneg=665 ball=-37.74 vball=11.72 aball=4.8 bref=0.00 pid=225.0 pref=-35.8 ppos=-89.3 apid=0.0 integ=-0.0 vision=1 current=1 vframe=1531 vs=1 vage=3 vpage=3 vdt=1 vmax=186 vacc=1530 vrej=0 seq=0 elapsed=0 oled=3C
[   2187] STATUS mode=3 fault=none enc=-105 denc=1 sreq=113 sapplied=113 crate=113 uimp=-87240 upos=115 uneg=665 ball=-37.74 vball=11.72 aball=4.8 bref=0.00 pid=225.0 pref=-35.8 ppos=-87.2 apid=0.0 integ=-0.0 vision=1 current=1 vframe=1531 vs=1 vage=23 vpage=23 vdt=1 vmax=186 vacc=1530 vrej=0 seq=0 elapsed=0 oled=3C
[   2218] STATUS mode=3 fault=none enc=-102 denc=2 sreq=98 sapplied=98 crate=98 uimp=-85100 upos=135 uneg=665 ball=-37.88 vball=2.61 aball=4.8 bref=0.00 pid=34.5 pref=-81.7 ppos=-85.1 apid=0.0 integ=-0.0 vision=1 current=1 vframe=1532 vs=1 vage=19 vpage=19 vdt=24 vmax=186 vacc=1531 vrej=0 seq=0 elapsed=0 oled=3C
[   2250] STATUS mode=3 fault=none enc=-99 denc=0 sreq=68 sapplied=68 crate=68 uimp=-81720 upos=175 uneg=665 ball=-37.87 vball=1.40 aball=4.8 bref=0.00 pid=-59.5 pref=-87.7 ppos=-81.7 apid=0.0 integ=-0.0 vision=1 current=1 vframe=1533 vs=1 vage=26 vpage=26 vdt=33 vmax=186 vacc=1532 vrej=0 seq=0 elapsed=0 oled=3C
[   2280] STATUS mode=3 fault=none enc=-97 denc=1 sreq=53 sapplied=53 crate=53 uimp=-80480 upos=195 uneg=665 ball=-37.87 vball=1.40 aball=4.8 bref=0.00 pid=-71.9 pref=-87.7 ppos=-80.5 apid=0.0 integ=-0.0 vision=1 current=1 vframe=1533 vs=1 vage=46 vpage=46 vdt=33 vmax=186 vacc=1532 vrej=0 seq=0 elapsed=0 oled=3C
[   2296] STATUS mode=3 fault=none enc=-96 denc=1 sreq=38 sapplied=38 crate=38 uimp=-79540 upos=215 uneg=665 ball=-37.87 vball=1.40 aball=4.8 bref=0.00 pid=-81.3 pref=-87.7 ppos=-79.5 apid=0.0 integ=-0.0 vision=1 current=1 vframe=1533 vs=1 vage=66 vpage=66 vdt=33 vmax=186 vacc=1532 vrej=0 seq=0 elapsed=0 oled=3C
[   2327] STATUS mode=3 fault=none enc=-96 denc=0 sreq=0 sapplied=0 crate=8 uimp=-78785 upos=240 uneg=665 ball=-37.86 vball=0.74 aball=-30.1 bref=0.00 pid=-121.7 pref=-91.0 ppos=-78.8 apid=-0.0 integ=-0.0 vision=1 current=1 vframe=1534 vs=1 vage=12 vpage=12 vdt=94 vmax=186 vacc=1533 vrej=0 seq=0 elapsed=0 oled=3C
[   2359] STATUS mode=3 fault=none enc=-96 denc=0 sreq=0 sapplied=0 crate=-7 uimp=-78785 upos=240 uneg=665 ball=-38.58 vball=-17.66 aball=-30.1 bref=0.00 pid=-225.0 pref=-140.0 ppos=-78.8 apid=-0.0 integ=-0.0 vision=1 current=1 vframe=1535 vs=1 vage=3 vpage=3 vdt=29 vmax=186 vacc=1534 vrej=0 seq=0 elapsed=0 oled=3C
[   2375] STATUS mode=3 fault=none enc=-96 denc=0 sreq=-22 sapplied=0 crate=-22 uimp=-78785 upos=240 uneg=665 ball=-38.58 vball=-17.66 aball=-30.1 bref=0.00 pid=-225.0 pref=-140.0 ppos=-78.8 apid=-0.0 integ=-0.0 vision=1 current=1 vframe=1535 vs=1 vage=23 vpage=23 vdt=29 vmax=186 vacc=1534 vrej=0 seq=0 elapsed=0 oled=3C
[   2405] STATUS mode=3 fault=none enc=-96 denc=0 sreq=-52 sapplied=-52 crate=-52 uimp=-80095 upos=240 uneg=700 ball=-38.64 vball=-9.94 aball=-30.1 bref=0.00 pid=-225.0 pref=-140.0 ppos=-80.1 apid=-0.0 integ=-0.0 vision=1 current=1 vframe=1536 vs=1 vage=32 vpage=32 vdt=31 vmax=186 vacc=1535 vrej=0 seq=0 elapsed=0 oled=3C
[   2437] STATUS mode=3 fault=none enc=-97 denc=0 sreq=-68 sapplied=-68 crate=-68 uimp=-81255 upos=240 uneg=720 ball=-38.64 vball=-9.94 aball=-30.1 bref=0.00 pid=-225.0 pref=-140.0 ppos=-81.3 apid=-0.0 integ=-0.0 vision=1 current=1 vframe=1536 vs=1 vage=52 vpage=52 vdt=31 vmax=186 vacc=1535 vrej=0 seq=0 elapsed=0 oled=3C
[   2468] STATUS mode=3 fault=none enc=-99 denc=-1 sreq=-83 sapplied=-83 crate=-83 uimp=-82720 upos=240 uneg=740 ball=-38.64 vball=-9.94 aball=-30.1 bref=0.00 pid=-225.0 pref=-140.0 ppos=-82.7 apid=-0.0 integ=-0.0 vision=1 current=1 vframe=1536 vs=1 vage=72 vpage=72 vdt=31 vmax=186 vacc=1535 vrej=0 seq=0 elapsed=0 oled=3C
[   2484] STATUS mode=3 fault=none enc=-104 denc=-1 sreq=-113 sapplied=-113 crate=-113 uimp=-86550 upos=240 uneg=780 ball=-38.73 vball=-5.23 aball=-33.2 bref=0.00 pid=-225.0 pref=-123.0 ppos=-86.5 apid=-0.0 integ=-0.0 vision=1 current=1 vframe=1537 vs=1 vage=11 vpage=11 vdt=101 vmax=186 vacc=1536 vrej=0 seq=0 elapsed=0 oled=3C
[   2516] STATUS mode=3 fault=none enc=-107 denc=-1 sreq=-128 sapplied=-128 crate=-128 uimp=-88915 upos=240 uneg=800 ball=-38.73 vball=-5.23 aball=-33.2 bref=0.00 pid=-225.0 pref=-123.0 ppos=-88.9 apid=-0.0 integ=-0.0 vision=1 current=1 vframe=1537 vs=1 vage=31 vpage=31 vdt=101 vmax=186 vacc=1536 vrej=0 seq=0 elapsed=0 oled=3C
[   2546] STATUS mode=3 fault=none enc=-114 denc=-1 sreq=-109 sapplied=-109 crate=-109 uimp=-93860 upos=240 uneg=840 ball=-38.63 vball=-0.81 aball=-33.2 bref=0.00 pid=-67.6 pref=-100.6 ppos=-93.9 apid=-0.0 integ=-0.0 vision=1 current=1 vframe=1539 vs=1 vage=4 vpage=4 vdt=34 vmax=186 vacc=1538 vrej=0 seq=0 elapsed=0 oled=3C
[   2577] STATUS mode=3 fault=none enc=-116 denc=0 sreq=-94 sapplied=-94 crate=-94 uimp=-95920 upos=240 uneg=860 ball=-38.63 vball=-0.81 aball=-33.2 bref=0.00 pid=-47.1 pref=-100.6 ppos=-95.9 apid=-0.0 integ=-0.0 vision=1 current=1 vframe=1539 vs=1 vage=24 vpage=24 vdt=34 vmax=186 vacc=1538 vrej=0 seq=0 elapsed=0 oled=3C
[   2593] STATUS mode=3 fault=none enc=-119 denc=-1 sreq=-79 sapplied=-79 crate=-79 uimp=-97680 upos=240 uneg=880 ball=-38.63 vball=-0.81 aball=-33.2 bref=0.00 pid=-29.4 pref=-100.6 ppos=-97.7 apid=-0.0 integ=-0.0 vision=1 current=1 vframe=1539 vs=1 vage=44 vpage=44 vdt=34 vmax=186 vacc=1538 vrej=0 seq=0 elapsed=0 oled=3C
[   2625] STATUS mode=3 fault=none enc=-121 denc=0 sreq=-49 sapplied=-49 crate=-49 uimp=-100300 upos=240 uneg=920 ball=-38.63 vball=-0.81 aball=-33.2 bref=0.00 pid=0.0 pref=-100.6 ppos=-100.3 apid=-0.0 integ=-0.0 vision=1 current=1 vframe=1539 vs=1 vage=84 vpage=84 vdt=34 vmax=186 vacc=1538 vrej=0 seq=0 elapsed=0 oled=3C
[   2655] STATUS mode=3 fault=none enc=-123 denc=-1 sreq=-34 sapplied=-34 crate=-34 uimp=-101160 upos=240 uneg=940 ball=-38.65 vball=-0.48 aball=-5.7 bref=0.00 pid=21.4 pref=-99.0 ppos=-101.2 apid=-0.0 integ=-0.0 vision=1 current=1 vframe=1540 vs=1 vage=1 vpage=1 vdt=103 vmax=186 vacc=1539 vrej=0 seq=0 elapsed=0 oled=3C
[   2687] STATUS mode=3 fault=none enc=-122 denc=1 sreq=0 sapplied=0 crate=-19 uimp=-101720 upos=240 uneg=960 ball=-38.65 vball=-0.48 aball=-5.7 bref=0.00 pid=27.0 pref=-99.0 ppos=-101.7 apid=-0.0 integ=-0.0 vision=1 current=1 vframe=1540 vs=1 vage=21 vpage=21 vdt=103 vmax=186 vacc=1539 vrej=0 seq=0 elapsed=0 oled=3C
[   2702] STATUS mode=3 fault=none enc=-124 denc=0 sreq=0 sapplied=0 crate=4 uimp=-101720 upos=240 uneg=960 ball=-38.60 vball=0.47 aball=-5.7 bref=0.00 pid=75.7 pref=-94.2 ppos=-101.7 apid=-0.0 integ=-0.0 vision=1 current=1 vframe=1542 vs=1 vage=2 vpage=2 vdt=34 vmax=186 vacc=1541 vrej=0 seq=0 elapsed=0 oled=3C
[   2734] STATUS mode=3 fault=none enc=-124 denc=0 sreq=0 sapplied=0 crate=19 uimp=-101720 upos=240 uneg=960 ball=-38.60 vball=0.47 aball=-5.7 bref=0.00 pid=75.7 pref=-94.2 ppos=-101.7 apid=-0.0 integ=-0.0 vision=1 current=1 vframe=1542 vs=1 vage=22 vpage=22 vdt=34 vmax=186 vacc=1541 vrej=0 seq=0 elapsed=0 oled=3C
[   2766] STATUS mode=3 fault=none enc=-124 denc=0 sreq=34 sapplied=34 crate=34 uimp=-101440 upos=250 uneg=960 ball=-38.60 vball=0.47 aball=-5.7 bref=0.00 pid=72.9 pref=-94.2 ppos=-101.4 apid=-0.0 integ=-0.0 vision=1 current=1 vframe=1542 vs=1 vage=42 vpage=42 vdt=34 vmax=186 vacc=1541 vrej=0 seq=0 elapsed=0 oled=3C
[   2796] STATUS mode=3 fault=none enc=-122 denc=0 sreq=54 sapplied=54 crate=54 uimp=-99575 upos=290 uneg=960 ball=-38.60 vball=0.47 aball=-5.7 bref=0.00 pid=54.2 pref=-94.2 ppos=-99.6 apid=-0.0 integ=-0.0 vision=1 current=1 vframe=1542 vs=1 vage=82 vpage=82 vdt=34 vmax=186 vacc=1541 vrej=0 seq=0 elapsed=0 oled=3C
[   2812] STATUS mode=3 fault=none enc=-120 denc=1 sreq=43 sapplied=43 crate=43 uimp=-98570 upos=310 uneg=960 ball=-38.57 vball=0.41 aball=-0.6 bref=0.00 pid=41.9 pref=-94.4 ppos=-98.6 apid=-0.0 integ=-0.0 vision=1 current=1 vframe=1543 vs=1 vage=5 vpage=5 vdt=97 vmax=186 vacc=1542 vrej=0 seq=0 elapsed=0 oled=3C
[   2843] STATUS mode=3 fault=none enc=-120 denc=0 sreq=34 sapplied=34 crate=34 uimp=-97785 upos=330 uneg=960 ball=-38.57 vball=0.41 aball=-0.6 bref=0.00 pid=34.1 pref=-94.4 ppos=-97.8 apid=-0.0 integ=-0.0 vision=1 current=1 vframe=1543 vs=1 vage=25 vpage=25 vdt=97 vmax=186 vacc=1542 vrej=0 seq=0 elapsed=0 oled=3C
[   2875] STATUS mode=3 fault=none enc=-119 denc=-1 sreq=0 sapplied=0 crate=8 uimp=-96950 upos=360 uneg=960 ball=-38.58 vball=0.07 aball=-0.6 bref=0.00 pid=0.0 pref=-96.1 ppos=-96.9 apid=-0.0 integ=-0.0 vision=1 current=1 vframe=1544 vs=1 vage=30 vpage=30 vdt=35 vmax=186 vacc=1543 vrej=0 seq=0 elapsed=0 oled=3C
[   2891] STATUS mode=3 fault=none enc=-119 denc=0 sreq=0 sapplied=0 crate=0 uimp=-96950 upos=360 uneg=960 ball=-38.58 vball=0.07 aball=-0.6 bref=0.00 pid=0.0 pref=-96.1 ppos=-96.9 apid=-0.0 integ=-0.0 vision=1 current=1 vframe=1544 vs=1 vage=50 vpage=50 vdt=35 vmax=186 vacc=1543 vrej=0 seq=0 elapsed=0 oled=3C
[   2921] STATUS mode=3 fault=none enc=-119 denc=0 sreq=0 sapplied=0 crate=0 uimp=-96950 upos=360 uneg=960 ball=-38.58 vball=0.07 aball=-0.6 bref=0.00 pid=0.0 pref=-96.1 ppos=-96.9 apid=-0.0 integ=-0.0 vision=1 current=1 vframe=1544 vs=1 vage=70 vpage=70 vdt=35 vmax=186 vacc=1543 vrej=0 seq=0 elapsed=0 oled=3C
[   2952] STATUS mode=3 fault=none enc=-119 denc=0 sreq=0 sapplied=0 crate=0 uimp=-96950 upos=360 uneg=960 ball=-38.58 vball=0.03 aball=-1.5 bref=0.00 pid=0.0 pref=-96.3 ppos=-96.9 apid=-0.0 integ=-0.0 vision=1 current=1 vframe=1545 vs=1 vage=1 vpage=1 vdt=109 vmax=186 vacc=1544 vrej=0 seq=0 elapsed=0 oled=3C
[   2968] STATUS mode=3 fault=none enc=-119 denc=0 sreq=0 sapplied=0 crate=0 uimp=-96950 upos=360 uneg=960 ball=-38.58 vball=0.02 aball=-1.5 bref=0.00 pid=0.0 pref=-96.4 ppos=-96.9 apid=-0.0 integ=-0.0 vision=1 current=1 vframe=1546 vs=1 vage=14 vpage=14 vdt=7 vmax=186 vacc=1545 vrej=0 seq=0 elapsed=0 oled=3C
[   3000] STATUS mode=3 fault=none enc=-119 denc=0 sreq=0 sapplied=0 crate=0 uimp=-96950 upos=360 uneg=960 ball=-38.58 vball=0.02 aball=-1.5 bref=0.00 pid=0.0 pref=-96.4 ppos=-96.9 apid=-0.0 integ=-0.0 vision=1 current=1 vframe=1546 vs=1 vage=34 vpage=34 vdt=7 vmax=186 vacc=1545 vrej=0 seq=0 elapsed=0 oled=3C
[   3030] STATUS mode=3 fault=none enc=-119 denc=0 sreq=0 sapplied=0 crate=0 uimp=-96950 upos=360 uneg=960 ball=-38.58 vball=-0.00 aball=-1.5 bref=0.00 pid=0.0 pref=-96.5 ppos=-96.9 apid=-0.0 integ=-0.0 vision=1 current=1 vframe=1548 vs=1 vage=7 vpage=7 vdt=33 vmax=186 vacc=1547 vrej=0 seq=0 elapsed=0 oled=3C
[   3046] STATUS mode=3 fault=none enc=-119 denc=0 sreq=0 sapplied=0 crate=0 uimp=-96950 upos=360 uneg=960 ball=-38.58 vball=-0.00 aball=-1.5 bref=0.00 pid=0.0 pref=-96.5 ppos=-96.9 apid=-0.0 integ=-0.0 vision=1 current=1 vframe=1548 vs=1 vage=27 vpage=27 vdt=33 vmax=186 vacc=1547 vrej=0 seq=0 elapsed=0 oled=3C
[   3077] STATUS mode=3 fault=none enc=-119 denc=0 sreq=0 sapplied=0 crate=0 uimp=-96950 upos=360 uneg=960 ball=-38.58 vball=-0.00 aball=-1.5 bref=0.00 pid=0.0 pref=-96.5 ppos=-96.9 apid=-0.0 integ=-0.0 vision=1 current=1 vframe=1548 vs=1 vage=47 vpage=47 vdt=33 vmax=186 vacc=1547 vrej=0 seq=0 elapsed=0 oled=3C
[   3109] STATUS mode=3 fault=none enc=-119 denc=0 sreq=0 sapplied=0 crate=0 uimp=-96950 upos=360 uneg=960 ball=-38.58 vball=-0.00 aball=-1.5 bref=0.00 pid=0.0 pref=-96.5 ppos=-96.9 apid=-0.0 integ=-0.0 vision=1 current=1 vframe=1548 vs=1 vage=87 vpage=87 vdt=33 vmax=186 vacc=1547 vrej=0 seq=0 elapsed=0 oled=3C
[   3125] STATUS mode=3 fault=none enc=-119 denc=0 sreq=0 sapplied=0 crate=0 uimp=-96950 upos=360 uneg=960 ball=-38.58 vball=-0.00 aball=-0.9 bref=0.00 pid=0.0 pref=-96.5 ppos=-96.9 apid=-0.0 integ=-0.0 vision=1 current=1 vframe=1549 vs=1 vage=9 vpage=9 vdt=98 vmax=186 vacc=1548 vrej=0 seq=0 elapsed=0 oled=3C
[   3155] STATUS mode=3 fault=none enc=-119 denc=0 sreq=0 sapplied=0 crate=0 uimp=-96950 upos=360 uneg=960 ball=-38.58 vball=-0.00 aball=-0.9 bref=0.00 pid=0.0 pref=-96.5 ppos=-96.9 apid=-0.0 integ=-0.0 vision=1 current=1 vframe=1549 vs=1 vage=29 vpage=29 vdt=98 vmax=186 vacc=1548 vrej=0 seq=0 elapsed=0 oled=3C
[   3187] STATUS mode=3 fault=none enc=-119 denc=0 sreq=0 sapplied=0 crate=-18 uimp=-96950 upos=360 uneg=960 ball=-38.60 vball=-0.44 aball=-0.9 bref=0.00 pid=-17.5 pref=-98.7 ppos=-96.9 apid=-0.0 integ=-0.0 vision=1 current=1 vframe=1550 vs=1 vage=33 vpage=33 vdt=36 vmax=186 vacc=1549 vrej=0 seq=0 elapsed=0 oled=3C
[   3218] STATUS mode=3 fault=none enc=-119 denc=0 sreq=0 sapplied=0 crate=-18 uimp=-96950 upos=360 uneg=960 ball=-38.60 vball=-0.44 aball=-0.9 bref=0.00 pid=-17.5 pref=-98.7 ppos=-96.9 apid=-0.0 integ=-0.0 vision=1 current=1 vframe=1550 vs=1 vage=53 vpage=53 vdt=36 vmax=186 vacc=1549 vrej=0 seq=0 elapsed=0 oled=3C
[   3234] STATUS mode=3 fault=none enc=-119 denc=0 sreq=0 sapplied=0 crate=-18 uimp=-96950 upos=360 uneg=960 ball=-38.60 vball=-0.44 aball=-0.9 bref=0.00 pid=-17.5 pref=-98.7 ppos=-96.9 apid=-0.0 integ=-0.0 vision=1 current=1 vframe=1550 vs=1 vage=73 vpage=73 vdt=36 vmax=186 vacc=1549 vrej=0 seq=0 elapsed=0 oled=3C
[   3266] STATUS mode=3 fault=none enc=-119 denc=0 sreq=0 sapplied=0 crate=-14 uimp=-96950 upos=360 uneg=960 ball=-38.60 vball=-0.22 aball=-1.2 bref=0.00 pid=0.0 pref=-97.6 ppos=-96.9 apid=-0.0 integ=-0.0 vision=1 current=1 vframe=1551 vs=1 vage=3 vpage=3 vdt=110 vmax=186 vacc=1550 vrej=0 seq=0 elapsed=0 oled=3C
[   3296] STATUS mode=3 fault=none enc=-119 denc=0 sreq=0 sapplied=0 crate=0 uimp=-96950 upos=360 uneg=960 ball=-38.60 vball=-0.17 aball=-1.2 bref=0.00 pid=0.0 pref=-97.3 ppos=-96.9 apid=-0.0 integ=-0.0 vision=1 current=1 vframe=1552 vs=1 vage=15 vpage=15 vdt=8 vmax=186 vacc=1551 vrej=0 seq=0 elapsed=0 oled=3C
[   3312] STATUS mode=3 fault=none enc=-119 denc=0 sreq=0 sapplied=0 crate=4 uimp=-96950 upos=360 uneg=960 ball=-38.58 vball=0.23 aball=-1.2 bref=0.00 pid=16.5 pref=-95.3 ppos=-96.9 apid=-0.0 integ=-0.0 vision=1 current=1 vframe=1553 vs=1 vage=2 vpage=2 vdt=33 vmax=186 vacc=1552 vrej=0 seq=0 elapsed=0 oled=3C
[   3343] STATUS mode=3 fault=none enc=-119 denc=0 sreq=0 sapplied=0 crate=16 uimp=-96950 upos=360 uneg=960 ball=-38.58 vball=0.23 aball=-1.2 bref=0.00 pid=16.5 pref=-95.3 ppos=-96.9 apid=-0.0 integ=-0.0 vision=1 current=1 vframe=1553 vs=1 vage=22 vpage=22 vdt=33 vmax=186 vacc=1552 vrej=0 seq=0 elapsed=0 oled=3C
[   3375] STATUS mode=3 fault=none enc=-119 denc=0 sreq=0 sapplied=0 crate=13 uimp=-96950 upos=360 uneg=960 ball=-38.57 vball=0.16 aball=-1.2 bref=0.00 pid=13.2 pref=-95.6 ppos=-96.9 apid=-0.0 integ=-0.0 vision=1 current=1 vframe=1554 vs=1 vage=29 vpage=29 vdt=33 vmax=186 vacc=1553 vrej=0 seq=0 elapsed=0 oled=3C
[   3391] STATUS mode=3 fault=none enc=-119 denc=0 sreq=0 sapplied=0 crate=13 uimp=-96950 upos=360 uneg=960 ball=-38.57 vball=0.16 aball=-1.2 bref=0.00 pid=13.2 pref=-95.6 ppos=-96.9 apid=-0.0 integ=-0.0 vision=1 current=1 vframe=1554 vs=1 vage=49 vpage=49 vdt=33 vmax=186 vacc=1553 vrej=0 seq=0 elapsed=0 oled=3C
[   3421] STATUS mode=3 fault=none enc=-119 denc=0 sreq=0 sapplied=0 crate=13 uimp=-96950 upos=360 uneg=960 ball=-38.57 vball=0.16 aball=-1.2 bref=0.00 pid=13.2 pref=-95.6 ppos=-96.9 apid=-0.0 integ=-0.0 vision=1 current=1 vframe=1554 vs=1 vage=69 vpage=69 vdt=33 vmax=186 vacc=1553 vrej=0 seq=0 elapsed=0 oled=3C
[   3452] STATUS mode=3 fault=none enc=-119 denc=0 sreq=0 sapplied=0 crate=14 uimp=-96950 upos=360 uneg=960 ball=-38.55 vball=0.17 aball=0.4 bref=0.00 pid=14.2 pref=-95.5 ppos=-96.9 apid=0.0 integ=-0.0 vision=1 current=1 vframe=1555 vs=1 vage=16 vpage=16 vdt=93 vmax=186 vacc=1554 vrej=0 seq=0 elapsed=0 oled=3C
[   3484] STATUS mode=3 fault=none enc=-119 denc=0 sreq=25 sapplied=25 crate=25 uimp=-96840 upos=365 uneg=960 ball=-38.36 vball=3.06 aball=0.4 bref=0.00 pid=162.4 pref=-80.6 ppos=-96.8 apid=0.0 integ=-0.0 vision=1 current=1 vframe=1556 vs=1 vage=11 vpage=11 vdt=25 vmax=186 vacc=1555 vrej=0 seq=0 elapsed=0 oled=3C
[   3500] STATUS mode=3 fault=none enc=-118 denc=1 sreq=40 sapplied=40 crate=40 uimp=-96220 upos=385 uneg=960 ball=-38.36 vball=3.06 aball=0.4 bref=0.00 pid=156.2 pref=-80.6 ppos=-96.2 apid=0.0 integ=-0.0 vision=1 current=1 vframe=1556 vs=1 vage=31 vpage=31 vdt=25 vmax=186 vacc=1555 vrej=0 seq=0 elapsed=0 oled=3C
[   3530] STATUS mode=3 fault=none enc=-114 denc=1 sreq=70 sapplied=70 crate=70 uimp=-94080 upos=425 uneg=960 ball=-38.27 vball=2.94 aball=0.4 bref=0.00 pid=131.0 pref=-81.0 ppos=-94.1 apid=0.0 integ=-0.0 vision=1 current=1 vframe=1557 vs=1 vage=40 vpage=40 vdt=31 vmax=186 vacc=1556 vrej=0 seq=0 elapsed=0 oled=3C
[   3562] STATUS mode=3 fault=none enc=-113 denc=0 sreq=85 sapplied=85 crate=85 uimp=-92560 upos=445 uneg=960 ball=-38.27 vball=2.94 aball=0.4 bref=0.00 pid=115.8 pref=-81.0 ppos=-92.6 apid=0.0 integ=-0.0 vision=1 current=1 vframe=1557 vs=1 vage=60 vpage=60 vdt=31 vmax=186 vacc=1556 vrej=0 seq=0 elapsed=0 oled=3C
[   3577] STATUS mode=3 fault=none enc=-111 denc=-2 sreq=98 sapplied=98 crate=98 uimp=-90740 upos=465 uneg=960 ball=-38.27 vball=2.94 aball=0.4 bref=0.00 pid=97.6 pref=-81.0 ppos=-90.7 apid=0.0 integ=-0.0 vision=1 current=1 vframe=1557 vs=1 vage=80 vpage=80 vdt=31 vmax=186 vacc=1556 vrej=0 seq=0 elapsed=0 oled=3C
[   3609] STATUS mode=3 fault=none enc=-106 denc=0 sreq=68 sapplied=68 crate=68 uimp=-87360 upos=505 uneg=960 ball=-38.42 vball=1.02 aball=2.6 bref=0.00 pid=-35.9 pref=-91.0 ppos=-87.4 apid=0.0 integ=-0.0 vision=1 current=1 vframe=1558 vs=1 vage=18 vpage=18 vdt=102 vmax=186 vacc=1557 vrej=0 seq=0 elapsed=0 oled=3C
[   3641] STATUS mode=3 fault=none enc=-103 denc=2 sreq=53 sapplied=53 crate=53 uimp=-86120 upos=525 uneg=960 ball=-38.58 vball=-1.76 aball=2.6 bref=0.00 pid=-191.3 pref=-105.3 ppos=-86.1 apid=0.0 integ=-0.0 vision=1 current=1 vframe=1559 vs=1 vage=6 vpage=6 vdt=32 vmax=186 vacc=1558 vrej=0 seq=0 elapsed=0 oled=3C
[   3655] STATUS mode=3 fault=none enc=-104 denc=0 sreq=38 sapplied=38 crate=38 uimp=-85180 upos=545 uneg=960 ball=-38.58 vball=-1.76 aball=2.6 bref=0.00 pid=-200.7 pref=-105.3 ppos=-85.2 apid=0.0 integ=-0.0 vision=1 current=1 vframe=1559 vs=1 vage=26 vpage=26 vdt=32 vmax=186 vacc=1558 vrej=0 seq=0 elapsed=0 oled=3C
[   3687] STATUS mode=3 fault=none enc=-101 denc=0 sreq=0 sapplied=0 crate=8 uimp=-84425 upos=570 uneg=960 ball=-38.59 vball=-1.13 aball=2.6 bref=0.00 pid=-177.0 pref=-102.1 ppos=-84.4 apid=0.0 integ=-0.0 vision=1 current=1 vframe=1560 vs=1 vage=31 vpage=31 vdt=35 vmax=186 vacc=1559 vrej=0 seq=0 elapsed=0 oled=3C
[   3718] STATUS mode=3 fault=none enc=-101 denc=0 sreq=0 sapplied=0 crate=-7 uimp=-84425 upos=570 uneg=960 ball=-38.59 vball=-1.13 aball=2.6 bref=0.00 pid=-177.0 pref=-102.1 ppos=-84.4 apid=0.0 integ=-0.0 vision=1 current=1 vframe=1560 vs=1 vage=51 vpage=51 vdt=35 vmax=186 vacc=1559 vrej=0 seq=0 elapsed=0 oled=3C
[   3750] STATUS mode=3 fault=none enc=-101 denc=0 sreq=-22 sapplied=0 crate=-22 uimp=-84425 upos=570 uneg=960 ball=-38.59 vball=-1.13 aball=2.6 bref=0.00 pid=-177.0 pref=-102.1 ppos=-84.4 apid=0.0 integ=-0.0 vision=1 current=1 vframe=1560 vs=1 vage=71 vpage=71 vdt=35 vmax=186 vacc=1559 vrej=0 seq=0 elapsed=0 oled=3C
[   3766] STATUS mode=3 fault=none enc=-102 denc=0 sreq=-52 sapplied=-52 crate=-52 uimp=-85735 upos=570 uneg=995 ball=-38.61 vball=-0.62 aball=-2.9 bref=0.00 pid=-138.9 pref=-99.6 ppos=-85.7 apid=-0.0 integ=-0.0 vision=1 current=1 vframe=1561 vs=1 vage=8 vpage=8 vdt=103 vmax=186 vacc=1560 vrej=0 seq=0 elapsed=0 oled=3C
[   3796] STATUS mode=3 fault=none enc=-103 denc=0 sreq=-67 sapplied=-67 crate=-67 uimp=-86895 upos=570 uneg=1015 ball=-38.61 vball=-0.62 aball=-2.9 bref=0.00 pid=-127.3 pref=-99.6 ppos=-86.9 apid=-0.0 integ=-0.0 vision=1 current=1 vframe=1561 vs=1 vage=28 vpage=28 vdt=103 vmax=186 vacc=1560 vrej=0 seq=0 elapsed=0 oled=3C
[   3827] STATUS mode=3 fault=none enc=-106 denc=-1 sreq=-59 sapplied=-59 crate=-59 uimp=-88215 upos=570 uneg=1035 ball=-38.56 vball=0.45 aball=-2.9 bref=0.00 pid=-59.3 pref=-94.2 ppos=-88.2 apid=-0.0 integ=-0.0 vision=1 current=1 vframe=1562 vs=1 vage=18 vpage=18 vdt=30 vmax=186 vacc=1561 vrej=0 seq=0 elapsed=0 oled=3C
[   3859] STATUS mode=3 fault=none enc=-107 denc=0 sreq=-40 sapplied=-40 crate=-40 uimp=-90240 upos=570 uneg=1075 ball=-38.55 vball=0.42 aball=-2.9 bref=0.00 pid=-40.4 pref=-94.3 ppos=-90.2 apid=-0.0 integ=-0.0 vision=1 current=1 vframe=1563 vs=1 vage=24 vpage=24 vdt=34 vmax=186 vacc=1562 vrej=0 seq=0 elapsed=0 oled=3C
[   3875] STATUS mode=3 fault=none enc=-108 denc=0 sreq=-33 sapplied=-33 crate=-33 uimp=-90985 upos=570 uneg=1095 ball=-38.55 vball=0.42 aball=-2.9 bref=0.00 pid=-32.9 pref=-94.3 ppos=-91.0 apid=-0.0 integ=-0.0 vision=1 current=1 vframe=1563 vs=1 vage=44 vpage=44 vdt=34 vmax=186 vacc=1562 vrej=0 seq=0 elapsed=0 oled=3C
[   3905] STATUS mode=3 fault=none enc=-109 denc=1 sreq=-22 sapplied=-22 crate=-22 uimp=-92090 upos=570 uneg=1135 ball=-38.55 vball=0.42 aball=-2.9 bref=0.00 pid=-21.9 pref=-94.3 ppos=-92.1 apid=-0.0 integ=-0.0 vision=1 current=1 vframe=1563 vs=1 vage=84 vpage=84 vdt=34 vmax=186 vacc=1562 vrej=0 seq=0 elapsed=0 oled=3C
[   3937] STATUS mode=3 fault=none enc=-111 denc=-1 sreq=-22 sapplied=-22 crate=-22 uimp=-92405 upos=570 uneg=1150 ball=-38.53 vball=0.33 aball=1.0 bref=0.00 pid=-22.7 pref=-94.7 ppos=-92.4 apid=0.0 integ=-0.0 vision=1 current=1 vframe=1564 vs=1 vage=1 vpage=1 vdt=103 vmax=186 vacc=1563 vrej=0 seq=0 elapsed=0 oled=3C
[   3952] STATUS mode=3 fault=none enc=-111 denc=0 sreq=0 sapplied=0 crate=-19 uimp=-92725 upos=570 uneg=1165 ball=-38.53 vball=0.33 aball=1.0 bref=0.00 pid=-19.5 pref=-94.7 ppos=-92.7 apid=0.0 integ=-0.0 vision=1 current=1 vframe=1564 vs=1 vage=21 vpage=21 vdt=103 vmax=186 vacc=1563 vrej=0 seq=0 elapsed=0 oled=3C
[   3984] STATUS mode=3 fault=none enc=-112 denc=-1 sreq=-46 sapplied=-46 crate=-46 uimp=-93700 upos=570 uneg=1195 ball=-38.64 vball=-1.15 aball=1.0 bref=0.00 pid=-86.5 pref=-102.3 ppos=-93.7 apid=0.0 integ=-0.0 vision=1 current=1 vframe=1566 vs=1 vage=1 vpage=1 vdt=32 vmax=186 vacc=1565 vrej=0 seq=0 elapsed=0 oled=3C
[   4016] STATUS mode=3 fault=none enc=-112 denc=0 sreq=-61 sapplied=-61 crate=-61 uimp=-94725 upos=570 uneg=1215 ball=-38.64 vball=-1.15 aball=1.0 bref=0.00 pid=-76.2 pref=-102.3 ppos=-94.7 apid=0.0 integ=-0.0 vision=1 current=1 vframe=1566 vs=1 vage=21 vpage=21 vdt=32 vmax=186 vacc=1565 vrej=0 seq=0 elapsed=0 oled=3C
[   4046] STATUS mode=3 fault=none enc=-113 denc=1 sreq=-63 sapplied=-63 crate=-63 uimp=-96025 upos=570 uneg=1235 ball=-38.64 vball=-1.15 aball=1.0 bref=0.00 pid=-63.2 pref=-102.3 ppos=-96.0 apid=0.0 integ=-0.0 vision=1 current=1 vframe=1566 vs=1 vage=41 vpage=41 vdt=32 vmax=186 vacc=1565 vrej=0 seq=0 elapsed=0 oled=3C
[   4062] STATUS mode=3 fault=none enc=-116 denc=0 sreq=-42 sapplied=-42 crate=-42 uimp=-98150 upos=570 uneg=1275 ball=-38.64 vball=-1.15 aball=1.0 bref=0.00 pid=-42.0 pref=-102.3 ppos=-98.2 apid=0.0 integ=-0.0 vision=1 current=1 vframe=1566 vs=1 vage=81 vpage=81 vdt=32 vmax=186 vacc=1565 vrej=0 seq=0 elapsed=0 oled=3C
[   4093] STATUS mode=3 fault=none enc=-118 denc=-1 sreq=-34 sapplied=-34 crate=-34 uimp=-98930 upos=570 uneg=1295 ball=-38.64 vball=-1.15 aball=1.0 bref=0.00 pid=-34.2 pref=-102.3 ppos=-98.9 apid=0.0 integ=-0.0 vision=1 current=1 vframe=1566 vs=1 vage=101 vpage=101 vdt=32 vmax=186 vacc=1565 vrej=0 seq=0 elapsed=0 oled=3C
[   4125] STATUS mode=3 fault=none enc=-118 denc=0 sreq=0 sapplied=0 crate=-19 uimp=-99500 upos=570 uneg=1315 ball=-38.65 vball=-0.13 aball=-2.4 bref=0.00 pid=22.3 pref=-97.3 ppos=-99.5 apid=-0.0 integ=-0.0 vision=1 current=1 vframe=1568 vs=1 vage=3 vpage=3 vdt=17 vmax=186 vacc=1567 vrej=0 seq=0 elapsed=0 oled=3C
[   4155] STATUS mode=3 fault=none enc=-118 denc=0 sreq=0 sapplied=0 crate=11 uimp=-99500 upos=570 uneg=1315 ball=-38.56 vball=1.28 aball=-2.4 bref=0.00 pid=95.0 pref=-90.0 ppos=-99.5 apid=-0.0 integ=-0.0 vision=1 current=1 vframe=1569 vs=1 vage=10 vpage=10 vdt=33 vmax=186 vacc=1568 vrej=0 seq=0 elapsed=0 oled=3C
[   4171] STATUS mode=3 fault=none enc=-118 denc=0 sreq=26 sapplied=26 crate=26 uimp=-99500 upos=570 uneg=1315 ball=-38.56 vball=1.28 aball=-2.4 bref=0.00 pid=95.0 pref=-90.0 ppos=-99.5 apid=-0.0 integ=-0.0 vision=1 current=1 vframe=1569 vs=1 vage=30 vpage=30 vdt=33 vmax=186 vacc=1568 vrej=0 seq=0 elapsed=0 oled=3C
[   4202] STATUS mode=3 fault=none enc=-118 denc=0 sreq=41 sapplied=41 crate=41 uimp=-98870 upos=590 uneg=1315 ball=-38.56 vball=1.28 aball=-2.4 bref=0.00 pid=88.7 pref=-90.0 ppos=-98.9 apid=-0.0 integ=-0.0 vision=1 current=1 vframe=1569 vs=1 vage=50 vpage=50 vdt=33 vmax=186 vacc=1568 vrej=0 seq=0 elapsed=0 oled=3C
[   4234] STATUS mode=3 fault=none enc=-115 denc=1 sreq=67 sapplied=67 crate=67 uimp=-96710 upos=630 uneg=1315 ball=-38.56 vball=1.28 aball=-2.4 bref=0.00 pid=67.1 pref=-90.0 ppos=-96.7 apid=-0.0 integ=-0.0 vision=1 current=1 vframe=1569 vs=1 vage=90 vpage=90 vdt=33 vmax=186 vacc=1568 vrej=0 seq=0 elapsed=0 oled=3C
[   4250] STATUS mode=3 fault=none enc=-114 denc=1 sreq=53 sapplied=53 crate=53 uimp=-95465 upos=650 uneg=1315 ball=-38.50 vball=1.04 aball=3.9 bref=0.00 pid=44.2 pref=-91.1 ppos=-95.5 apid=0.0 integ=-0.0 vision=1 current=1 vframe=1570 vs=1 vage=7 vpage=7 vdt=103 vmax=186 vacc=1569 vrej=0 seq=0 elapsed=0 oled=3C
[   4280] STATUS mode=3 fault=none enc=-113 denc=1 sreq=38 sapplied=38 crate=38 uimp=-94515 upos=670 uneg=1315 ball=-38.50 vball=1.04 aball=3.9 bref=0.00 pid=34.7 pref=-91.1 ppos=-94.5 apid=0.0 integ=-0.0 vision=1 current=1 vframe=1570 vs=1 vage=27 vpage=27 vdt=103 vmax=186 vacc=1569 vrej=0 seq=0 elapsed=0 oled=3C
[   4312] STATUS mode=3 fault=none enc=-112 denc=0 sreq=0 sapplied=0 crate=8 uimp=-93750 upos=695 uneg=1315 ball=-38.58 vball=-0.41 aball=3.9 bref=0.00 pid=-47.5 pref=-98.5 ppos=-93.8 apid=0.0 integ=-0.0 vision=1 current=1 vframe=1572 vs=1 vage=3 vpage=3 vdt=32 vmax=186 vacc=1571 vrej=0 seq=0 elapsed=0 oled=3C
[   4327] STATUS mode=3 fault=none enc=-112 denc=0 sreq=0 sapplied=0 crate=-7 uimp=-93750 upos=695 uneg=1315 ball=-38.58 vball=-0.41 aball=3.9 bref=0.00 pid=-47.5 pref=-98.5 ppos=-93.8 apid=0.0 integ=-0.0 vision=1 current=1 vframe=1572 vs=1 vage=23 vpage=23 vdt=32 vmax=186 vacc=1571 vrej=0 seq=0 elapsed=0 oled=3C
[   4359] STATUS mode=3 fault=none enc=-112 denc=0 sreq=-22 sapplied=0 crate=-22 uimp=-93750 upos=695 uneg=1315 ball=-38.58 vball=-0.41 aball=3.9 bref=0.00 pid=-47.5 pref=-98.5 ppos=-93.8 apid=0.0 integ=-0.0 vision=1 current=1 vframe=1572 vs=1 vage=43 vpage=43 vdt=32 vmax=186 vacc=1571 vrej=0 seq=0 elapsed=0 oled=3C
[   4391] STATUS mode=3 fault=none enc=-113 denc=-1 sreq=-35 sapplied=-35 crate=-35 uimp=-94960 upos=695 uneg=1350 ball=-38.58 vball=-0.41 aball=3.9 bref=0.00 pid=-35.4 pref=-98.5 ppos=-95.0 apid=0.0 integ=-0.0 vision=1 current=1 vframe=1572 vs=1 vage=83 vpage=83 vdt=32 vmax=186 vacc=1571 vrej=0 seq=0 elapsed=0 oled=3C
[   4421] STATUS mode=3 fault=none enc=-113 denc=-1 sreq=-27 sapplied=-27 crate=-27 uimp=-95615 upos=695 uneg=1370 ball=-38.58 vball=-0.26 aball=-1.4 bref=0.00 pid=-21.4 pref=-97.8 ppos=-95.6 apid=-0.0 integ=-0.0 vision=1 current=1 vframe=1573 vs=1 vage=3 vpage=3 vdt=100 vmax=186 vacc=1572 vrej=0 seq=0 elapsed=0 oled=3C
[   4437] STATUS mode=3 fault=none enc=-114 denc=0 sreq=0 sapplied=0 crate=-19 uimp=-95865 upos=695 uneg=1380 ball=-38.58 vball=-0.26 aball=-1.4 bref=0.00 pid=-18.9 pref=-97.8 ppos=-95.9 apid=-0.0 integ=-0.0 vision=1 current=1 vframe=1573 vs=1 vage=23 vpage=23 vdt=100 vmax=186 vacc=1572 vrej=0 seq=0 elapsed=0 oled=3C
[   4468] STATUS mode=3 fault=none enc=-115 denc=-2 sreq=-45 sapplied=-45 crate=-45 uimp=-96825 upos=695 uneg=1410 ball=-38.69 vball=-1.06 aball=-1.4 bref=0.00 pid=-52.0 pref=-102.0 ppos=-96.8 apid=-0.0 integ=-0.0 vision=1 current=1 vframe=1574 vs=1 vage=31 vpage=31 vdt=32 vmax=186 vacc=1573 vrej=0 seq=0 elapsed=0 oled=3C
[   4500] STATUS mode=3 fault=none enc=-115 denc=0 sreq=-30 sapplied=-30 crate=-30 uimp=-97615 upos=695 uneg=1430 ball=-38.63 vball=0.23 aball=-1.4 bref=0.00 pid=21.9 pref=-95.4 ppos=-97.6 apid=-0.0 integ=-0.0 vision=1 current=1 vframe=1575 vs=1 vage=16 vpage=16 vdt=35 vmax=186 vacc=1574 vrej=0 seq=0 elapsed=0 oled=3C
[   4530] STATUS mode=3 fault=none enc=-116 denc=-1 sreq=0 sapplied=0 crate=-15 uimp=-98010 upos=695 uneg=1445 ball=-38.63 vball=0.23 aball=-1.4 bref=0.00 pid=25.9 pref=-95.4 ppos=-98.0 apid=-0.0 integ=-0.0 vision=1 current=1 vframe=1575 vs=1 vage=36 vpage=36 vdt=35 vmax=186 vacc=1574 vrej=0 seq=0 elapsed=0 oled=3C
[   4546] STATUS mode=3 fault=none enc=-116 denc=0 sreq=0 sapplied=0 crate=15 uimp=-98010 upos=695 uneg=1445 ball=-38.63 vball=0.23 aball=-1.4 bref=0.00 pid=25.9 pref=-95.4 ppos=-98.0 apid=-0.0 integ=-0.0 vision=1 current=1 vframe=1575 vs=1 vage=76 vpage=76 vdt=35 vmax=186 vacc=1574 vrej=0 seq=0 elapsed=0 oled=3C
[   4577] STATUS mode=3 fault=none enc=-116 denc=0 sreq=25 sapplied=25 crate=25 uimp=-97880 upos=700 uneg=1445 ball=-38.63 vball=0.23 aball=-1.4 bref=0.00 pid=24.6 pref=-95.4 ppos=-97.9 apid=-0.0 integ=-0.0 vision=1 current=1 vframe=1575 vs=1 vage=96 vpage=96 vdt=35 vmax=186 vacc=1574 vrej=0 seq=0 elapsed=0 oled=3C
[   4609] STATUS mode=3 fault=none enc=-115 denc=1 sreq=0 sapplied=0 crate=18 uimp=-97540 upos=715 uneg=1445 ball=-38.63 vball=0.16 aball=0.3 bref=0.00 pid=17.7 pref=-95.8 ppos=-97.5 apid=0.0 integ=-0.0 vision=1 current=1 vframe=1576 vs=1 vage=12 vpage=12 vdt=104 vmax=186 vacc=1575 vrej=0 seq=0 elapsed=0 oled=3C
[   4625] STATUS mode=3 fault=none enc=-115 denc=0 sreq=0 sapplied=0 crate=0 uimp=-97540 upos=715 uneg=1445 ball=-38.64 vball=-0.10 aball=0.3 bref=0.00 pid=0.0 pref=-97.1 ppos=-97.5 apid=0.0 integ=-0.0 vision=1 current=1 vframe=1577 vs=1 vage=23 vpage=23 vdt=29 vmax=186 vacc=1576 vrej=0 seq=0 elapsed=0 oled=3C
[   4655] STATUS mode=3 fault=none enc=-115 denc=0 sreq=0 sapplied=0 crate=0 uimp=-97540 upos=715 uneg=1445 ball=-38.64 vball=-0.07 aball=0.3 bref=0.00 pid=0.0 pref=-96.9 ppos=-97.5 apid=0.0 integ=-0.0 vision=1 current=1 vframe=1578 vs=1 vage=11 vpage=11 vdt=32 vmax=186 vacc=1577 vrej=0 seq=0 elapsed=0 oled=3C
[   4687] STATUS mode=3 fault=none enc=-115 denc=0 sreq=0 sapplied=0 crate=0 uimp=-97540 upos=715 uneg=1445 ball=-38.64 vball=-0.07 aball=0.3 bref=0.00 pid=0.0 pref=-96.9 ppos=-97.5 apid=0.0 integ=-0.0 vision=1 current=1 vframe=1578 vs=1 vage=31 vpage=31 vdt=32 vmax=186 vacc=1577 vrej=0 seq=0 elapsed=0 oled=3C
[   4702] STATUS mode=3 fault=none enc=-115 denc=0 sreq=0 sapplied=0 crate=0 uimp=-97540 upos=715 uneg=1445 ball=-38.64 vball=-0.07 aball=0.3 bref=0.00 pid=0.0 pref=-96.9 ppos=-97.5 apid=0.0 integ=-0.0 vision=1 current=1 vframe=1578 vs=1 vage=71 vpage=71 vdt=32 vmax=186 vacc=1577 vrej=0 seq=0 elapsed=0 oled=3C
[   4734] STATUS mode=3 fault=none enc=-115 denc=0 sreq=0 sapplied=0 crate=0 uimp=-97540 upos=715 uneg=1445 ball=-38.64 vball=-0.07 aball=0.3 bref=0.00 pid=0.0 pref=-96.9 ppos=-97.5 apid=0.0 integ=-0.0 vision=1 current=1 vframe=1578 vs=1 vage=91 vpage=91 vdt=32 vmax=186 vacc=1577 vrej=0 seq=0 elapsed=0 oled=3C
[   4766] STATUS mode=3 fault=none enc=-115 denc=0 sreq=0 sapplied=0 crate=10 uimp=-97540 upos=715 uneg=1445 ball=-38.63 vball=0.01 aball=-0.3 bref=0.00 pid=10.2 pref=-96.5 ppos=-97.5 apid=-0.0 integ=-0.0 vision=1 current=1 vframe=1579 vs=1 vage=14 vpage=14 vdt=97 vmax=186 vacc=1578 vrej=0 seq=0 elapsed=0 oled=3C
[   4796] STATUS mode=3 fault=none enc=-115 denc=0 sreq=0 sapplied=0 crate=15 uimp=-97540 upos=715 uneg=1445 ball=-38.62 vball=0.10 aball=-0.3 bref=0.00 pid=14.9 pref=-96.0 ppos=-97.5 apid=-0.0 integ=-0.0 vision=1 current=1 vframe=1581 vs=1 vage=1 vpage=1 vdt=33 vmax=186 vacc=1580 vrej=0 seq=0 elapsed=0 oled=3C
[   4812] STATUS mode=3 fault=none enc=-115 denc=0 sreq=0 sapplied=0 crate=15 uimp=-97540 upos=715 uneg=1445 ball=-38.62 vball=0.10 aball=-0.3 bref=0.00 pid=14.9 pref=-96.0 ppos=-97.5 apid=-0.0 integ=-0.0 vision=1 current=1 vframe=1581 vs=1 vage=21 vpage=21 vdt=33 vmax=186 vacc=1580 vrej=0 seq=0 elapsed=0 oled=3C
[   4843] STATUS mode=3 fault=none enc=-115 denc=0 sreq=0 sapplied=0 crate=15 uimp=-97540 upos=715 uneg=1445 ball=-38.62 vball=0.10 aball=-0.3 bref=0.00 pid=14.9 pref=-96.0 ppos=-97.5 apid=-0.0 integ=-0.0 vision=1 current=1 vframe=1581 vs=1 vage=41 vpage=41 vdt=33 vmax=186 vacc=1580 vrej=0 seq=0 elapsed=0 oled=3C
[   4875] STATUS mode=3 fault=none enc=-115 denc=0 sreq=0 sapplied=0 crate=15 uimp=-97540 upos=715 uneg=1445 ball=-38.62 vball=0.10 aball=-0.3 bref=0.00 pid=14.9 pref=-96.0 ppos=-97.5 apid=-0.0 integ=-0.0 vision=1 current=1 vframe=1581 vs=1 vage=81 vpage=81 vdt=33 vmax=186 vacc=1580 vrej=0 seq=0 elapsed=0 oled=3C
[   4891] STATUS mode=3 fault=none enc=-115 denc=0 sreq=0 sapplied=0 crate=16 uimp=-97540 upos=715 uneg=1445 ball=-38.60 vball=0.12 aball=0.2 bref=0.00 pid=16.4 pref=-95.9 ppos=-97.5 apid=0.0 integ=-0.0 vision=1 current=1 vframe=1582 vs=1 vage=4 vpage=4 vdt=97 vmax=186 vacc=1581 vrej=0 seq=0 elapsed=0 oled=3C
[   4921] STATUS mode=3 fault=none enc=-115 denc=0 sreq=20 sapplied=20 crate=20 uimp=-97540 upos=715 uneg=1445 ball=-38.58 vball=0.64 aball=0.2 bref=0.00 pid=42.9 pref=-93.3 ppos=-97.5 apid=0.0 integ=-0.0 vision=1 current=1 vframe=1583 vs=1 vage=3 vpage=3 vdt=21 vmax=186 vacc=1582 vrej=0 seq=0 elapsed=0 oled=3C
[   4952] STATUS mode=3 fault=none enc=-114 denc=0 sreq=27 sapplied=27 crate=27 uimp=-96350 upos=755 uneg=1445 ball=-38.59 vball=0.23 aball=0.2 bref=0.00 pid=10.3 pref=-95.3 ppos=-96.4 apid=0.0 integ=-0.0 vision=1 current=1 vframe=1584 vs=1 vage=10 vpage=10 vdt=33 vmax=186 vacc=1583 vrej=0 seq=0 elapsed=0 oled=3C
[   4968] STATUS mode=3 fault=none enc=-113 denc=-1 sreq=0 sapplied=0 crate=12 uimp=-96100 upos=765 uneg=1445 ball=-38.59 vball=0.23 aball=0.2 bref=0.00 pid=0.0 pref=-95.3 ppos=-96.1 apid=0.0 integ=-0.0 vision=1 current=1 vframe=1584 vs=1 vage=30 vpage=30 vdt=33 vmax=186 vacc=1583 vrej=0 seq=0 elapsed=0 oled=3C
[   5000] STATUS mode=3 fault=none enc=-113 denc=0 sreq=0 sapplied=0 crate=0 uimp=-96100 upos=765 uneg=1445 ball=-38.59 vball=0.23 aball=0.2 bref=0.00 pid=0.0 pref=-95.3 ppos=-96.1 apid=0.0 integ=-0.0 vision=1 current=1 vframe=1584 vs=1 vage=50 vpage=50 vdt=33 vmax=186 vacc=1583 vrej=0 seq=0 elapsed=0 oled=3C
[   5030] STATUS mode=3 fault=none enc=-113 denc=0 sreq=0 sapplied=0 crate=0 uimp=-96100 upos=765 uneg=1445 ball=-38.59 vball=0.23 aball=0.2 bref=0.00 pid=0.0 pref=-95.3 ppos=-96.1 apid=0.0 integ=-0.0 vision=1 current=1 vframe=1584 vs=1 vage=90 vpage=90 vdt=33 vmax=186 vacc=1583 vrej=0 seq=0 elapsed=0 oled=3C
[   5046] STATUS mode=3 fault=none enc=-113 denc=0 sreq=0 sapplied=0 crate=11 uimp=-96100 upos=765 uneg=1445 ball=-38.57 vball=0.32 aball=0.7 bref=0.00 pid=12.8 pref=-94.8 ppos=-96.1 apid=0.0 integ=-0.0 vision=1 current=1 vframe=1585 vs=1 vage=14 vpage=14 vdt=96 vmax=186 vacc=1584 vrej=0 seq=0 elapsed=0 oled=3C
[   5077] STATUS mode=3 fault=none enc=-113 denc=0 sreq=0 sapplied=0 crate=2 uimp=-96100 upos=765 uneg=1445 ball=-38.57 vball=0.00 aball=0.7 bref=0.00 pid=0.0 pref=-96.4 ppos=-96.1 apid=0.0 integ=-0.0 vision=1 current=1 vframe=1586 vs=1 vage=13 vpage=13 vdt=21 vmax=186 vacc=1585 vrej=0 seq=0 elapsed=0 oled=3C
[   5109] STATUS mode=3 fault=none enc=-113 denc=0 sreq=0 sapplied=0 crate=0 uimp=-96100 upos=765 uneg=1445 ball=-38.58 vball=-0.01 aball=0.7 bref=0.00 pid=0.0 pref=-96.5 ppos=-96.1 apid=0.0 integ=-0.0 vision=1 current=1 vframe=1587 vs=1 vage=7 vpage=7 vdt=46 vmax=186 vacc=1586 vrej=0 seq=0 elapsed=0 oled=3C
[   5125] STATUS mode=3 fault=none enc=-113 denc=0 sreq=0 sapplied=0 crate=0 uimp=-96100 upos=765 uneg=1445 ball=-38.58 vball=-0.01 aball=0.7 bref=0.00 pid=0.0 pref=-96.5 ppos=-96.1 apid=0.0 integ=-0.0 vision=1 current=1 vframe=1587 vs=1 vage=27 vpage=27 vdt=46 vmax=186 vacc=1586 vrej=0 seq=0 elapsed=0 oled=3C
[   5155] STATUS mode=3 fault=none enc=-113 denc=0 sreq=0 sapplied=0 crate=0 uimp=-96100 upos=765 uneg=1445 ball=-38.58 vball=-0.01 aball=0.7 bref=0.00 pid=0.0 pref=-96.5 ppos=-96.1 apid=0.0 integ=-0.0 vision=1 current=1 vframe=1587 vs=1 vage=47 vpage=47 vdt=46 vmax=186 vacc=1586 vrej=0 seq=0 elapsed=0 oled=3C
[   5187] STATUS mode=3 fault=none enc=-113 denc=0 sreq=0 sapplied=0 crate=0 uimp=-96100 upos=765 uneg=1445 ball=-38.58 vball=-0.01 aball=0.7 bref=0.00 pid=0.0 pref=-96.5 ppos=-96.1 apid=0.0 integ=-0.0 vision=1 current=1 vframe=1587 vs=1 vage=67 vpage=67 vdt=46 vmax=186 vacc=1586 vrej=0 seq=0 elapsed=0 oled=3C
[   5202] STATUS mode=3 fault=none enc=-113 denc=0 sreq=0 sapplied=0 crate=0 uimp=-96100 upos=765 uneg=1445 ball=-38.58 vball=-0.01 aball=0.7 bref=0.00 pid=0.0 pref=-96.5 ppos=-96.1 apid=0.0 integ=-0.0 vision=1 current=1 vframe=1587 vs=1 vage=107 vpage=107 vdt=46 vmax=186 vacc=1586 vrej=0 seq=0 elapsed=0 oled=3C
[   5234] STATUS mode=3 fault=none enc=-113 denc=0 sreq=0 sapplied=0 crate=0 uimp=-96100 upos=765 uneg=1445 ball=-38.58 vball=-0.01 aball=0.7 bref=0.00 pid=0.0 pref=-96.5 ppos=-96.1 apid=0.0 integ=-0.0 vision=1 current=1 vframe=1587 vs=1 vage=127 vpage=127 vdt=46 vmax=186 vacc=1586 vrej=0 seq=0 elapsed=0 oled=3C
[   5266] STATUS mode=3 fault=none enc=-113 denc=0 sreq=0 sapplied=0 crate=4 uimp=-96100 upos=765 uneg=1445 ball=-38.55 vball=0.33 aball=0.4 bref=0.00 pid=13.8 pref=-94.7 ppos=-96.1 apid=0.0 integ=-0.0 vision=1 current=1 vframe=1588 vs=1 vage=5 vpage=5 vdt=142 vmax=186 vacc=1587 vrej=0 seq=0 elapsed=0 oled=3C
[   5296] STATUS mode=3 fault=none enc=-113 denc=0 sreq=0 sapplied=0 crate=11 uimp=-96100 upos=765 uneg=1445 ball=-38.54 vball=0.48 aball=0.4 bref=0.00 pid=21.5 pref=-94.0 ppos=-96.1 apid=0.0 integ=-0.0 vision=1 current=1 vframe=1590 vs=1 vage=14 vpage=14 vdt=21 vmax=186 vacc=1589 vrej=0 seq=0 elapsed=0 oled=3C
[   5312] STATUS mode=3 fault=none enc=-113 denc=0 sreq=0 sapplied=0 crate=18 uimp=-95990 upos=770 uneg=1445 ball=-38.54 vball=0.28 aball=0.4 bref=0.00 pid=10.4 pref=-95.0 ppos=-96.0 apid=0.0 integ=-0.0 vision=1 current=1 vframe=1591 vs=1 vage=4 vpage=4 vdt=30 vmax=186 vacc=1590 vrej=0 seq=0 elapsed=0 oled=3C
[   5343] STATUS mode=3 fault=none enc=-113 denc=0 sreq=0 sapplied=0 crate=10 uimp=-95990 upos=770 uneg=1445 ball=-38.54 vball=0.28 aball=0.4 bref=0.00 pid=10.4 pref=-95.0 ppos=-96.0 apid=0.0 integ=-0.0 vision=1 current=1 vframe=1591 vs=1 vage=24 vpage=24 vdt=30 vmax=186 vacc=1590 vrej=0 seq=0 elapsed=0 oled=3C
[   5375] STATUS mode=3 fault=none enc=-113 denc=0 sreq=0 sapplied=0 crate=10 uimp=-95990 upos=770 uneg=1445 ball=-38.54 vball=0.28 aball=0.4 bref=0.00 pid=10.4 pref=-95.0 ppos=-96.0 apid=0.0 integ=-0.0 vision=1 current=1 vframe=1591 vs=1 vage=64 vpage=64 vdt=30 vmax=186 vacc=1590 vrej=0 seq=0 elapsed=0 oled=3C
[   5391] STATUS mode=3 fault=none enc=-113 denc=0 sreq=0 sapplied=0 crate=10 uimp=-95990 upos=770 uneg=1445 ball=-38.54 vball=0.28 aball=0.4 bref=0.00 pid=10.4 pref=-95.0 ppos=-96.0 apid=0.0 integ=-0.0 vision=1 current=1 vframe=1591 vs=1 vage=84 vpage=84 vdt=30 vmax=186 vacc=1590 vrej=0 seq=0 elapsed=0 oled=3C
[   5421] STATUS mode=3 fault=none enc=-113 denc=0 sreq=0 sapplied=0 crate=3 uimp=-95990 upos=770 uneg=1445 ball=-38.54 vball=0.15 aball=-0.3 bref=0.00 pid=0.0 pref=-95.6 ppos=-96.0 apid=-0.0 integ=-0.0 vision=1 current=1 vframe=1592 vs=1 vage=10 vpage=10 vdt=94 vmax=186 vacc=1591 vrej=0 seq=0 elapsed=0 oled=3C
[   5452] STATUS mode=3 fault=none enc=-113 denc=0 sreq=-23 sapplied=0 crate=-23 uimp=-95990 upos=770 uneg=1445 ball=-38.60 vball=-1.18 aball=-0.3 bref=0.00 pid=-64.1 pref=-102.4 ppos=-96.0 apid=-0.0 integ=-0.0 vision=1 current=1 vframe=1593 vs=1 vage=27 vpage=27 vdt=23 vmax=186 vacc=1592 vrej=0 seq=0 elapsed=0 oled=3C
[   5468] STATUS mode=3 fault=none enc=-113 denc=0 sreq=0 sapplied=0 crate=-15 uimp=-96235 upos=770 uneg=1455 ball=-38.36 vball=3.34 aball=-0.3 bref=0.00 pid=170.3 pref=-79.2 ppos=-96.2 apid=-0.0 integ=-0.0 vision=1 current=1 vframe=1594 vs=1 vage=14 vpage=14 vdt=33 vmax=186 vacc=1593 vrej=0 seq=0 elapsed=0 oled=3C
[   5500] STATUS mode=3 fault=none enc=-113 denc=0 sreq=0 sapplied=0 crate=0 uimp=-96235 upos=770 uneg=1455 ball=-38.36 vball=3.34 aball=-0.3 bref=0.00 pid=170.3 pref=-79.2 ppos=-96.2 apid=-0.0 integ=-0.0 vision=1 current=1 vframe=1594 vs=1 vage=34 vpage=34 vdt=33 vmax=186 vacc=1593 vrej=0 seq=0 elapsed=0 oled=3C
[   5530] STATUS mode=3 fault=none enc=-113 denc=0 sreq=30 sapplied=30 crate=30 uimp=-96105 upos=775 uneg=1455 ball=-38.36 vball=3.34 aball=-0.3 bref=0.00 pid=169.0 pref=-79.2 ppos=-96.1 apid=-0.0 integ=-0.0 vision=1 current=1 vframe=1594 vs=1 vage=74 vpage=74 vdt=33 vmax=186 vacc=1593 vrej=0 seq=0 elapsed=0 oled=3C
[   5562] STATUS mode=3 fault=none enc=-112 denc=1 sreq=45 sapplied=45 crate=45 uimp=-95390 upos=795 uneg=1455 ball=-38.36 vball=3.34 aball=-0.3 bref=0.00 pid=161.9 pref=-79.2 ppos=-95.4 apid=-0.0 integ=-0.0 vision=1 current=1 vframe=1594 vs=1 vage=94 vpage=94 vdt=33 vmax=186 vacc=1593 vrej=0 seq=0 elapsed=0 oled=3C
[   5577] STATUS mode=3 fault=none enc=-110 denc=1 sreq=60 sapplied=60 crate=60 uimp=-94375 upos=815 uneg=1455 ball=-38.17 vball=3.19 aball=8.5 bref=0.00 pid=149.0 pref=-79.5 ppos=-94.4 apid=0.0 integ=-0.0 vision=1 current=1 vframe=1595 vs=1 vage=12 vpage=12 vdt=102 vmax=186 vacc=1594 vrej=0 seq=0 elapsed=0 oled=3C
[   5609] STATUS mode=3 fault=none enc=-107 denc=1 sreq=60 sapplied=60 crate=60 uimp=-91670 upos=855 uneg=1455 ball=-38.24 vball=0.69 aball=8.5 bref=0.00 pid=0.0 pref=-92.2 ppos=-91.7 apid=0.0 integ=-0.0 vision=1 current=1 vframe=1596 vs=1 vage=19 vpage=19 vdt=33 vmax=186 vacc=1595 vrej=0 seq=0 elapsed=0 oled=3C
[   5641] STATUS mode=3 fault=none enc=-106 denc=0 sreq=45 sapplied=45 crate=45 uimp=-90580 upos=875 uneg=1455 ball=-38.25 vball=0.16 aball=8.5 bref=0.00 pid=-42.5 pref=-94.8 ppos=-90.6 apid=0.0 integ=-0.0 vision=1 current=1 vframe=1597 vs=1 vage=7 vpage=7 vdt=32 vmax=186 vacc=1596 vrej=0 seq=0 elapsed=0 oled=3C
[   5655] STATUS mode=3 fault=none enc=-105 denc=0 sreq=30 sapplied=30 crate=30 uimp=-89790 upos=895 uneg=1455 ball=-38.25 vball=0.16 aball=8.5 bref=0.00 pid=-50.4 pref=-94.8 ppos=-89.8 apid=0.0 integ=-0.0 vision=1 current=1 vframe=1597 vs=1 vage=27 vpage=27 vdt=32 vmax=186 vacc=1596 vrej=0 seq=0 elapsed=0 oled=3C
[   5687] STATUS mode=3 fault=none enc=-104 denc=0 sreq=0 sapplied=0 crate=0 uimp=-89395 upos=910 uneg=1455 ball=-38.25 vball=0.16 aball=8.5 bref=0.00 pid=-54.3 pref=-94.8 ppos=-89.4 apid=0.0 integ=-0.0 vision=1 current=1 vframe=1597 vs=1 vage=67 vpage=67 vdt=32 vmax=186 vacc=1596 vrej=0 seq=0 elapsed=0 oled=3C
[   5718] STATUS mode=3 fault=none enc=-104 denc=0 sreq=0 sapplied=0 crate=-15 uimp=-89395 upos=910 uneg=1455 ball=-38.25 vball=0.16 aball=8.5 bref=0.00 pid=-54.3 pref=-94.8 ppos=-89.4 apid=0.0 integ=-0.0 vision=1 current=1 vframe=1597 vs=1 vage=87 vpage=87 vdt=32 vmax=186 vacc=1596 vrej=0 seq=0 elapsed=0 oled=3C
[   5750] STATUS mode=3 fault=none enc=-104 denc=0 sreq=-30 sapplied=-30 crate=-30 uimp=-89525 upos=910 uneg=1460 ball=-38.25 vball=0.06 aball=-3.8 bref=0.00 pid=-58.0 pref=-95.3 ppos=-89.5 apid=-0.0 integ=-0.0 vision=1 current=1 vframe=1598 vs=1 vage=6 vpage=6 vdt=101 vmax=186 vacc=1597 vrej=0 seq=0 elapsed=0 oled=3C
[   5766] STATUS mode=3 fault=none enc=-106 denc=-1 sreq=-60 sapplied=-60 crate=-60 uimp=-91250 upos=910 uneg=1500 ball=-38.49 vball=-3.88 aball=-3.8 bref=0.00 pid=-225.0 pref=-115.6 ppos=-91.2 apid=-0.0 integ=-0.0 vision=1 current=1 vframe=1599 vs=1 vage=14 vpage=14 vdt=32 vmax=186 vacc=1598 vrej=0 seq=0 elapsed=0 oled=3C
[   5796] STATUS mode=3 fault=none enc=-107 denc=0 sreq=-75 sapplied=-75 crate=-75 uimp=-92560 upos=910 uneg=1520 ball=-38.58 vball=-3.25 aball=-3.8 bref=0.00 pid=-201.4 pref=-112.7 ppos=-92.6 apid=-0.0 integ=-0.0 vision=1 current=1 vframe=1600 vs=1 vage=1 vpage=1 vdt=33 vmax=186 vacc=1599 vrej=0 seq=0 elapsed=0 oled=3C
[   5827] STATUS mode=3 fault=none enc=-110 denc=-2 sreq=-90 sapplied=-90 crate=-90 uimp=-94170 upos=910 uneg=1540 ball=-38.58 vball=-3.25 aball=-3.8 bref=0.00 pid=-185.3 pref=-112.7 ppos=-94.2 apid=-0.0 integ=-0.0 vision=1 current=1 vframe=1600 vs=1 vage=21 vpage=21 vdt=33 vmax=186 vacc=1599 vrej=0 seq=0 elapsed=0 oled=3C
[   5859] STATUS mode=3 fault=none enc=-115 denc=-2 sreq=-120 sapplied=-120 crate=-120 uimp=-98290 upos=910 uneg=1580 ball=-38.58 vball=-3.25 aball=-3.8 bref=0.00 pid=-144.1 pref=-112.7 ppos=-98.3 apid=-0.0 integ=-0.0 vision=1 current=1 vframe=1600 vs=1 vage=61 vpage=61 vdt=33 vmax=186 vacc=1599 vrej=0 seq=0 elapsed=0 oled=3C
[   5875] STATUS mode=3 fault=none enc=-118 denc=-1 sreq=-122 sapplied=-122 crate=-122 uimp=-100775 upos=910 uneg=1600 ball=-38.58 vball=-3.25 aball=-3.8 bref=0.00 pid=-119.3 pref=-112.7 ppos=-100.8 apid=-0.0 integ=-0.0 vision=1 current=1 vframe=1600 vs=1 vage=81 vpage=81 vdt=33 vmax=186 vacc=1599 vrej=0 seq=0 elapsed=0 oled=3C
[   5905] STATUS mode=3 fault=none enc=-124 denc=-2 sreq=-92 sapplied=-92 crate=-92 uimp=-105125 upos=910 uneg=1640 ball=-38.62 vball=-1.85 aball=-7.3 bref=0.00 pid=0.0 pref=-105.8 ppos=-105.1 apid=-0.0 integ=-0.0 vision=1 current=1 vframe=1601 vs=1 vage=21 vpage=21 vdt=100 vmax=186 vacc=1600 vrej=0 seq=0 elapsed=0 oled=3C
[   5937] STATUS mode=3 fault=none enc=-126 denc=-1 sreq=-77 sapplied=-77 crate=-77 uimp=-106850 upos=910 uneg=1660 ball=-38.57 vball=-0.18 aball=-7.3 bref=0.00 pid=95.3 pref=-97.3 ppos=-106.9 apid=-0.0 integ=-0.0 vision=1 current=1 vframe=1602 vs=1 vage=8 vpage=8 vdt=33 vmax=186 vacc=1601 vrej=0 seq=0 elapsed=0 oled=3C
[   5968] STATUS mode=3 fault=none enc=-128 denc=-1 sreq=-62 sapplied=-62 crate=-62 uimp=-108275 upos=910 uneg=1680 ball=-38.57 vball=-0.18 aball=-7.3 bref=0.00 pid=109.5 pref=-97.3 ppos=-108.3 apid=-0.0 integ=-0.0 vision=1 current=1 vframe=1602 vs=1 vage=28 vpage=28 vdt=33 vmax=186 vacc=1601 vrej=0 seq=0 elapsed=0 oled=3C
[   5984] STATUS mode=3 fault=none enc=-129 denc=0 sreq=-32 sapplied=-32 crate=-32 uimp=-110225 upos=910 uneg=1720 ball=-38.56 vball=0.06 aball=-7.3 bref=0.00 pid=141.2 pref=-96.1 ppos=-110.2 apid=-0.0 integ=-0.0 vision=1 current=1 vframe=1603 vs=1 vage=35 vpage=35 vdt=33 vmax=186 vacc=1602 vrej=0 seq=0 elapsed=0 oled=3C
[   6016] STATUS mode=3 fault=none enc=-129 denc=0 sreq=0 sapplied=0 crate=-17 uimp=-110750 upos=910 uneg=1740 ball=-38.56 vball=0.06 aball=-7.3 bref=0.00 pid=146.5 pref=-96.1 ppos=-110.8 apid=-0.0 integ=-0.0 vision=1 current=1 vframe=1603 vs=1 vage=55 vpage=55 vdt=33 vmax=186 vacc=1602 vrej=0 seq=0 elapsed=0 oled=3C
[   6046] STATUS mode=3 fault=none enc=-130 denc=1 sreq=0 sapplied=0 crate=-2 uimp=-110750 upos=910 uneg=1740 ball=-38.56 vball=0.06 aball=-7.3 bref=0.00 pid=146.5 pref=-96.1 ppos=-110.8 apid=-0.0 integ=-0.0 vision=1 current=1 vframe=1603 vs=1 vage=75 vpage=75 vdt=33 vmax=186 vacc=1602 vrej=0 seq=0 elapsed=0 oled=3C
[   6062] STATUS mode=3 fault=none enc=-131 denc=0 sreq=28 sapplied=28 crate=28 uimp=-110630 upos=915 uneg=1740 ball=-38.56 vball=-0.03 aball=1.1 bref=0.00 pid=140.8 pref=-96.6 ppos=-110.6 apid=0.0 integ=-0.0 vision=1 current=1 vframe=1604 vs=1 vage=22 vpage=22 vdt=93 vmax=186 vacc=1603 vrej=0 seq=0 elapsed=0 oled=3C
[   6093] STATUS mode=3 fault=none enc=-131 denc=0 sreq=43 sapplied=43 crate=43 uimp=-109955 upos=935 uneg=1740 ball=-38.56 vball=-0.02 aball=1.1 bref=0.00 pid=134.6 pref=-96.5 ppos=-110.0 apid=0.0 integ=-0.0 vision=1 current=1 vframe=1605 vs=1 vage=18 vpage=18 vdt=24 vmax=186 vacc=1604 vrej=0 seq=0 elapsed=0 oled=3C
[   6125] STATUS mode=3 fault=none enc=-130 denc=0 sreq=58 sapplied=58 crate=58 uimp=-108980 upos=955 uneg=1740 ball=-38.56 vball=-0.01 aball=1.1 bref=0.00 pid=125.3 pref=-96.5 ppos=-109.0 apid=0.0 integ=-0.0 vision=1 current=1 vframe=1606 vs=1 vage=5 vpage=5 vdt=33 vmax=186 vacc=1605 vrej=0 seq=0 elapsed=0 oled=3C
[   6155] STATUS mode=3 fault=none enc=-126 denc=2 sreq=88 sapplied=88 crate=88 uimp=-106130 upos=995 uneg=1740 ball=-38.56 vball=-0.01 aball=1.1 bref=0.00 pid=96.8 pref=-96.5 ppos=-106.1 apid=0.0 integ=-0.0 vision=1 current=1 vframe=1606 vs=1 vage=45 vpage=45 vdt=33 vmax=186 vacc=1605 vrej=0 seq=0 elapsed=0 oled=3C
[   6171] STATUS mode=3 fault=none enc=-125 denc=0 sreq=81 sapplied=81 crate=81 uimp=-104370 upos=1015 uneg=1740 ball=-38.56 vball=-0.01 aball=1.1 bref=0.00 pid=79.2 pref=-96.5 ppos=-104.4 apid=0.0 integ=-0.0 vision=1 current=1 vframe=1606 vs=1 vage=65 vpage=65 vdt=33 vmax=186 vacc=1605 vrej=0 seq=0 elapsed=0 oled=3C
[   6202] STATUS mode=3 fault=none enc=-121 denc=2 sreq=66 sapplied=66 crate=66 uimp=-102870 upos=1035 uneg=1740 ball=-38.56 vball=-0.01 aball=1.1 bref=0.00 pid=64.2 pref=-96.5 ppos=-102.9 apid=0.0 integ=-0.0 vision=1 current=1 vframe=1606 vs=1 vage=85 vpage=85 vdt=33 vmax=186 vacc=1605 vrej=0 seq=0 elapsed=0 oled=3C
[   6234] STATUS mode=3 fault=none enc=-120 denc=0 sreq=36 sapplied=36 crate=36 uimp=-100770 upos=1075 uneg=1740 ball=-38.65 vball=-1.51 aball=-1.1 bref=0.00 pid=-34.0 pref=-104.2 ppos=-100.8 apid=-0.0 integ=-0.0 vision=1 current=1 vframe=1608 vs=1 vage=8 vpage=8 vdt=25 vmax=186 vacc=1607 vrej=0 seq=0 elapsed=0 oled=3C
[   6266] STATUS mode=3 fault=none enc=-119 denc=0 sreq=21 sapplied=21 crate=21 uimp=-100170 upos=1095 uneg=1740 ball=-38.65 vball=-1.51 aball=-1.1 bref=0.00 pid=-40.0 pref=-104.2 ppos=-100.2 apid=-0.0 integ=-0.0 vision=1 current=1 vframe=1608 vs=1 vage=28 vpage=28 vdt=25 vmax=186 vacc=1607 vrej=0 seq=0 elapsed=0 oled=3C
[   6280] STATUS mode=3 fault=none enc=-118 denc=1 sreq=24 sapplied=24 crate=24 uimp=-99295 upos=1130 uneg=1740 ball=-38.61 vball=-0.07 aball=-1.1 bref=0.00 pid=29.7 pref=-96.9 ppos=-99.8 apid=-0.0 integ=-0.0 vision=1 current=1 vframe=1609 vs=1 vage=15 vpage=15 vdt=33 vmax=186 vacc=1608 vrej=0 seq=0 elapsed=0 oled=3C
[   6312] STATUS mode=3 fault=none enc=-118 denc=1 sreq=20 sapplied=20 crate=20 uimp=-98845 upos=1150 uneg=1740 ball=-38.61 vball=-0.07 aball=-1.1 bref=0.00 pid=19.7 pref=-96.9 ppos=-98.8 apid=-0.0 integ=-0.0 vision=1 current=1 vframe=1609 vs=1 vage=55 vpage=55 vdt=33 vmax=186 vacc=1608 vrej=0 seq=0 elapsed=0 oled=3C
[   6343] STATUS mode=3 fault=none enc=-117 denc=0 sreq=0 sapplied=0 crate=19 uimp=-98745 upos=1155 uneg=1740 ball=-38.61 vball=-0.07 aball=-1.1 bref=0.00 pid=18.7 pref=-96.9 ppos=-98.7 apid=-0.0 integ=-0.0 vision=1 current=1 vframe=1609 vs=1 vage=75 vpage=75 vdt=33 vmax=186 vacc=1608 vrej=0 seq=0 elapsed=0 oled=3C
[   6359] STATUS mode=3 fault=none enc=-117 denc=0 sreq=29 sapplied=29 crate=29 uimp=-98355 upos=1170 uneg=1740 ball=-38.58 vball=0.20 aball=1.7 bref=0.00 pid=29.0 pref=-95.5 ppos=-98.4 apid=0.0 integ=-0.0 vision=1 current=1 vframe=1610 vs=1 vage=20 vpage=20 vdt=95 vmax=186 vacc=1609 vrej=0 seq=0 elapsed=0 oled=3C
[   6391] STATUS mode=3 fault=none enc=-115 denc=2 sreq=0 sapplied=0 crate=18 uimp=-97975 upos=1185 uneg=1740 ball=-38.58 vball=0.05 aball=1.7 bref=0.00 pid=17.8 pref=-96.2 ppos=-98.0 apid=0.0 integ=-0.0 vision=1 current=1 vframe=1611 vs=1 vage=18 vpage=18 vdt=22 vmax=186 vacc=1610 vrej=0 seq=0 elapsed=0 oled=3C
[   6421] STATUS mode=3 fault=none enc=-116 denc=0 sreq=0 sapplied=0 crate=16 uimp=-97975 upos=1185 uneg=1740 ball=-38.58 vball=0.02 aball=1.7 bref=0.00 pid=16.2 pref=-96.4 ppos=-98.0 apid=0.0 integ=-0.0 vision=1 current=1 vframe=1612 vs=1 vage=4 vpage=4 vdt=34 vmax=186 vacc=1611 vrej=0 seq=0 elapsed=0 oled=3C
[   6452] STATUS mode=3 fault=none enc=-116 denc=0 sreq=0 sapplied=0 crate=16 uimp=-97975 upos=1185 uneg=1740 ball=-38.58 vball=0.02 aball=1.7 bref=0.00 pid=16.2 pref=-96.4 ppos=-98.0 apid=0.0 integ=-0.0 vision=1 current=1 vframe=1612 vs=1 vage=24 vpage=24 vdt=34 vmax=186 vacc=1611 vrej=0 seq=0 elapsed=0 oled=3C
[   6468] STATUS mode=3 fault=none enc=-116 denc=0 sreq=0 sapplied=0 crate=16 uimp=-97975 upos=1185 uneg=1740 ball=-38.58 vball=0.02 aball=1.7 bref=0.00 pid=16.2 pref=-96.4 ppos=-98.0 apid=0.0 integ=-0.0 vision=1 current=1 vframe=1612 vs=1 vage=64 vpage=64 vdt=34 vmax=186 vacc=1611 vrej=0 seq=0 elapsed=0 oled=3C
[   6500] STATUS mode=3 fault=none enc=-116 denc=0 sreq=0 sapplied=0 crate=16 uimp=-97975 upos=1185 uneg=1740 ball=-38.58 vball=0.02 aball=1.7 bref=0.00 pid=16.2 pref=-96.4 ppos=-98.0 apid=0.0 integ=-0.0 vision=1 current=1 vframe=1612 vs=1 vage=84 vpage=84 vdt=34 vmax=186 vacc=1611 vrej=0 seq=0 elapsed=0 oled=3C
[   6530] STATUS mode=3 fault=none enc=-116 denc=0 sreq=0 sapplied=0 crate=16 uimp=-97975 upos=1185 uneg=1740 ball=-38.58 vball=0.01 aball=0.4 bref=0.00 pid=15.8 pref=-96.4 ppos=-98.0 apid=0.0 integ=-0.0 vision=1 current=1 vframe=1613 vs=1 vage=11 vpage=11 vdt=93 vmax=186 vacc=1612 vrej=0 seq=0 elapsed=0 oled=3C
[   6546] STATUS mode=3 fault=none enc=-116 denc=0 sreq=0 sapplied=0 crate=-7 uimp=-97975 upos=1185 uneg=1740 ball=-38.64 vball=-1.40 aball=0.4 bref=0.00 pid=-56.2 pref=-103.6 ppos=-98.0 apid=0.0 integ=-0.0 vision=1 current=1 vframe=1614 vs=1 vage=28 vpage=28 vdt=23 vmax=186 vacc=1613 vrej=0 seq=0 elapsed=0 oled=3C
[   6577] STATUS mode=3 fault=none enc=-116 denc=0 sreq=0 sapplied=0 crate=1 uimp=-97975 upos=1185 uneg=1740 ball=-38.58 vball=0.46 aball=0.4 bref=0.00 pid=38.3 pref=-94.2 ppos=-98.0 apid=0.0 integ=-0.0 vision=1 current=1 vframe=1615 vs=1 vage=14 vpage=14 vdt=34 vmax=186 vacc=1614 vrej=0 seq=0 elapsed=0 oled=3C
[   6609] STATUS mode=3 fault=none enc=-116 denc=0 sreq=0 sapplied=0 crate=16 uimp=-97975 upos=1185 uneg=1740 ball=-38.58 vball=0.46 aball=0.4 bref=0.00 pid=38.3 pref=-94.2 ppos=-98.0 apid=0.0 integ=-0.0 vision=1 current=1 vframe=1615 vs=1 vage=34 vpage=34 vdt=34 vmax=186 vacc=1614 vrej=0 seq=0 elapsed=0 oled=3C
[   6625] STATUS mode=3 fault=none enc=-114 denc=1 sreq=28 sapplied=28 crate=28 uimp=-96995 upos=1220 uneg=1740 ball=-38.58 vball=0.46 aball=0.4 bref=0.00 pid=28.5 pref=-94.2 ppos=-97.0 apid=0.0 integ=-0.0 vision=1 current=1 vframe=1615 vs=1 vage=74 vpage=74 vdt=34 vmax=186 vacc=1614 vrej=0 seq=0 elapsed=0 oled=3C
[   6655] STATUS mode=3 fault=none enc=-114 denc=0 sreq=28 sapplied=28 crate=28 uimp=-96470 upos=1240 uneg=1740 ball=-38.53 vball=0.64 aball=2.1 bref=0.00 pid=33.5 pref=-93.1 ppos=-96.5 apid=0.0 integ=-0.0 vision=1 current=1 vframe=1616 vs=1 vage=1 vpage=1 vdt=93 vmax=186 vacc=1615 vrej=0 seq=0 elapsed=0 oled=3C
[   6687] STATUS mode=3 fault=none enc=-114 denc=-1 sreq=28 sapplied=28 crate=28 uimp=-95875 upos=1260 uneg=1740 ball=-38.53 vball=0.64 aball=2.1 bref=0.00 pid=27.5 pref=-93.1 ppos=-95.9 apid=0.0 integ=-0.0 vision=1 current=1 vframe=1616 vs=1 vage=21 vpage=21 vdt=93 vmax=186 vacc=1615 vrej=0 seq=0 elapsed=0 oled=3C
[   6702] STATUS mode=3 fault=none enc=-112 denc=0 sreq=0 sapplied=0 crate=0 uimp=-95515 upos=1275 uneg=1740 ball=-38.54 vball=-0.03 aball=2.1 bref=0.00 pid=0.0 pref=-96.5 ppos=-95.5 apid=0.0 integ=-0.0 vision=1 current=1 vframe=1618 vs=1 vage=4 vpage=4 vdt=33 vmax=186 vacc=1617 vrej=0 seq=0 elapsed=0 oled=3C
[   6734] STATUS mode=3 fault=none enc=-112 denc=0 sreq=0 sapplied=0 crate=0 uimp=-95515 upos=1275 uneg=1740 ball=-38.54 vball=-0.03 aball=2.1 bref=0.00 pid=0.0 pref=-96.5 ppos=-95.5 apid=0.0 integ=-0.0 vision=1 current=1 vframe=1618 vs=1 vage=24 vpage=24 vdt=33 vmax=186 vacc=1617 vrej=0 seq=0 elapsed=0 oled=3C
[   6766] STATUS mode=3 fault=none enc=-112 denc=0 sreq=0 sapplied=0 crate=0 uimp=-95515 upos=1275 uneg=1740 ball=-38.54 vball=-0.03 aball=2.1 bref=0.00 pid=0.0 pref=-96.5 ppos=-95.5 apid=0.0 integ=-0.0 vision=1 current=1 vframe=1618 vs=1 vage=44 vpage=44 vdt=33 vmax=186 vacc=1617 vrej=0 seq=0 elapsed=0 oled=3C
[   6796] STATUS mode=3 fault=none enc=-112 denc=0 sreq=0 sapplied=0 crate=0 uimp=-95515 upos=1275 uneg=1740 ball=-38.54 vball=-0.03 aball=2.1 bref=0.00 pid=0.0 pref=-96.5 ppos=-95.5 apid=0.0 integ=-0.0 vision=1 current=1 vframe=1618 vs=1 vage=84 vpage=84 vdt=33 vmax=186 vacc=1617 vrej=0 seq=0 elapsed=0 oled=3C
[   6812] STATUS mode=3 fault=none enc=-112 denc=0 sreq=0 sapplied=0 crate=-11 uimp=-95515 upos=1275 uneg=1740 ball=-38.55 vball=-0.18 aball=-1.3 bref=0.00 pid=-17.6 pref=-97.3 ppos=-95.5 apid=-0.0 integ=-0.0 vision=1 current=1 vframe=1619 vs=1 vage=11 vpage=11 vdt=93 vmax=186 vacc=1618 vrej=0 seq=0 elapsed=0 oled=3C
[   6843] STATUS mode=3 fault=none enc=-112 denc=0 sreq=0 sapplied=0 crate=-10 uimp=-95515 upos=1275 uneg=1740 ball=-38.54 vball=0.17 aball=-1.3 bref=0.00 pid=0.0 pref=-95.5 ppos=-95.5 apid=-0.0 integ=-0.0 vision=1 current=1 vframe=1620 vs=1 vage=7 vpage=7 vdt=24 vmax=186 vacc=1619 vrej=0 seq=0 elapsed=0 oled=3C
[   6875] STATUS mode=3 fault=none enc=-112 denc=0 sreq=0 sapplied=0 crate=0 uimp=-95515 upos=1275 uneg=1740 ball=-38.54 vball=0.10 aball=-1.3 bref=0.00 pid=0.0 pref=-95.9 ppos=-95.5 apid=-0.0 integ=-0.0 vision=1 current=1 vframe=1621 vs=1 vage=14 vpage=14 vdt=33 vmax=186 vacc=1620 vrej=0 seq=0 elapsed=0 oled=3C
[   6891] STATUS mode=3 fault=none enc=-112 denc=0 sreq=0 sapplied=0 crate=0 uimp=-95515 upos=1275 uneg=1740 ball=-38.54 vball=0.10 aball=-1.3 bref=0.00 pid=0.0 pref=-95.9 ppos=-95.5 apid=-0.0 integ=-0.0 vision=1 current=1 vframe=1621 vs=1 vage=34 vpage=34 vdt=33 vmax=186 vacc=1620 vrej=0 seq=0 elapsed=0 oled=3C
[   6921] STATUS mode=3 fault=none enc=-112 denc=0 sreq=0 sapplied=0 crate=0 uimp=-95515 upos=1275 uneg=1740 ball=-38.54 vball=0.10 aball=-1.3 bref=0.00 pid=0.0 pref=-95.9 ppos=-95.5 apid=-0.0 integ=-0.0 vision=1 current=1 vframe=1621 vs=1 vage=54 vpage=54 vdt=33 vmax=186 vacc=1620 vrej=0 seq=0 elapsed=0 oled=3C
[   6952] STATUS mode=3 fault=none enc=-112 denc=0 sreq=0 sapplied=0 crate=0 uimp=-95515 upos=1275 uneg=1740 ball=-38.54 vball=0.10 aball=-1.3 bref=0.00 pid=0.0 pref=-95.9 ppos=-95.5 apid=-0.0 integ=-0.0 vision=1 current=1 vframe=1621 vs=1 vage=94 vpage=94 vdt=33 vmax=186 vacc=1620 vrej=0 seq=0 elapsed=0 oled=3C
[   6984] STATUS mode=3 fault=none enc=-112 denc=0 sreq=0 sapplied=0 crate=0 uimp=-95515 upos=1275 uneg=1740 ball=-38.54 vball=0.05 aball=-0.0 bref=0.00 pid=0.0 pref=-96.1 ppos=-95.5 apid=-0.0 integ=-0.0 vision=1 current=1 vframe=1622 vs=1 vage=19 vpage=19 vdt=95 vmax=186 vacc=1621 vrej=0 seq=0 elapsed=0 oled=3C
[   7000] STATUS mode=3 fault=none enc=-112 denc=0 sreq=0 sapplied=0 crate=-15 uimp=-95515 upos=1275 uneg=1740 ball=-38.57 vball=-0.53 aball=-0.0 bref=0.00 pid=-35.6 pref=-99.1 ppos=-95.5 apid=-0.0 integ=-0.0 vision=1 current=1 vframe=1623 vs=1 vage=17 vpage=17 vdt=22 vmax=186 vacc=1622 vrej=0 seq=0 elapsed=0 oled=3C
[   7030] STATUS mode=3 fault=none enc=-111 denc=1 sreq=-24 sapplied=-24 crate=-24 uimp=-96205 upos=1275 uneg=1765 ball=-38.58 vball=-0.44 aball=-0.0 bref=0.00 pid=-24.5 pref=-98.7 ppos=-96.2 apid=-0.0 integ=-0.0 vision=1 current=1 vframe=1624 vs=1 vage=25 vpage=25 vdt=32 vmax=186 vacc=1623 vrej=0 seq=0 elapsed=0 oled=3C
[   7062] STATUS mode=3 fault=none enc=-112 denc=-1 sreq=-20 sapplied=-20 crate=-20 uimp=-96655 upos=1275 uneg=1785 ball=-38.58 vball=-0.44 aball=-0.0 bref=0.00 pid=-20.0 pref=-98.7 ppos=-96.7 apid=-0.0 integ=-0.0 vision=1 current=1 vframe=1624 vs=1 vage=45 vpage=45 vdt=32 vmax=186 vacc=1623 vrej=0 seq=0 elapsed=0 oled=3C
[   7077] STATUS mode=3 fault=none enc=-113 denc=-1 sreq=0 sapplied=0 crate=-19 uimp=-96755 upos=1275 uneg=1790 ball=-38.58 vball=-0.44 aball=-0.0 bref=0.00 pid=-19.0 pref=-98.7 ppos=-96.8 apid=-0.0 integ=-0.0 vision=1 current=1 vframe=1624 vs=1 vage=65 vpage=65 vdt=32 vmax=186 vacc=1623 vrej=0 seq=0 elapsed=0 oled=3C
[   7109] STATUS mode=3 fault=none enc=-113 denc=0 sreq=0 sapplied=0 crate=-15 uimp=-96755 upos=1275 uneg=1790 ball=-38.58 vball=-0.25 aball=-0.9 bref=0.00 pid=0.0 pref=-97.7 ppos=-96.8 apid=-0.0 integ=-0.0 vision=1 current=1 vframe=1625 vs=1 vage=4 vpage=4 vdt=101 vmax=186 vacc=1624 vrej=0 seq=0 elapsed=0 oled=3C
[   7141] STATUS mode=3 fault=none enc=-113 denc=0 sreq=0 sapplied=0 crate=0 uimp=-96755 upos=1275 uneg=1790 ball=-38.58 vball=-0.25 aball=-0.9 bref=0.00 pid=0.0 pref=-97.7 ppos=-96.8 apid=-0.0 integ=-0.0 vision=1 current=1 vframe=1625 vs=1 vage=24 vpage=24 vdt=101 vmax=186 vacc=1624 vrej=0 seq=0 elapsed=0 oled=3C
[   7171] STATUS mode=3 fault=none enc=-113 denc=0 sreq=0 sapplied=0 crate=0 uimp=-96755 upos=1275 uneg=1790 ball=-38.58 vball=-0.03 aball=-0.9 bref=0.00 pid=0.0 pref=-96.6 ppos=-96.8 apid=-0.0 integ=-0.0 vision=1 current=1 vframe=1626 vs=1 vage=11 vpage=11 vdt=33 vmax=186 vacc=1625 vrej=0 seq=0 elapsed=0 oled=3C
[   7187] STATUS mode=3 fault=none enc=-113 denc=0 sreq=0 sapplied=0 crate=0 uimp=-96755 upos=1275 uneg=1790 ball=-38.58 vball=-0.00 aball=-0.9 bref=0.00 pid=0.0 pref=-96.5 ppos=-96.8 apid=-0.0 integ=-0.0 vision=1 current=1 vframe=1627 vs=1 vage=18 vpage=18 vdt=33 vmax=186 vacc=1626 vrej=0 seq=0 elapsed=0 oled=3C
[   7218] STATUS mode=3 fault=none enc=-113 denc=0 sreq=0 sapplied=0 crate=0 uimp=-96755 upos=1275 uneg=1790 ball=-38.58 vball=-0.00 aball=-0.9 bref=0.00 pid=0.0 pref=-96.5 ppos=-96.8 apid=-0.0 integ=-0.0 vision=1 current=1 vframe=1627 vs=1 vage=38 vpage=38 vdt=33 vmax=186 vacc=1626 vrej=0 seq=0 elapsed=0 oled=3C
[   7250] STATUS mode=3 fault=none enc=-113 denc=0 sreq=0 sapplied=0 crate=0 uimp=-96755 upos=1275 uneg=1790 ball=-38.58 vball=-0.00 aball=-0.9 bref=0.00 pid=0.0 pref=-96.5 ppos=-96.8 apid=-0.0 integ=-0.0 vision=1 current=1 vframe=1627 vs=1 vage=58 vpage=58 vdt=33 vmax=186 vacc=1626 vrej=0 seq=0 elapsed=0 oled=3C
[   7266] STATUS mode=3 fault=none enc=-113 denc=0 sreq=0 sapplied=0 crate=0 uimp=-96755 upos=1275 uneg=1790 ball=-38.58 vball=-0.00 aball=-0.9 bref=0.00 pid=0.0 pref=-96.5 ppos=-96.8 apid=-0.0 integ=-0.0 vision=1 current=1 vframe=1627 vs=1 vage=98 vpage=98 vdt=33 vmax=186 vacc=1626 vrej=0 seq=0 elapsed=0 oled=3C
[   7296] STATUS mode=3 fault=none enc=-113 denc=0 sreq=0 sapplied=0 crate=0 uimp=-96755 upos=1275 uneg=1790 ball=-38.60 vball=-0.09 aball=-0.1 bref=0.00 pid=0.0 pref=-96.9 ppos=-96.8 apid=-0.0 integ=-0.0 vision=1 current=1 vframe=1628 vs=1 vage=17 vpage=17 vdt=101 vmax=186 vacc=1627 vrej=0 seq=0 elapsed=0 oled=3C
[   7327] STATUS mode=3 fault=none enc=-113 denc=0 sreq=0 sapplied=0 crate=-8 uimp=-96755 upos=1275 uneg=1790 ball=-38.67 vball=-0.99 aball=-0.1 bref=0.00 pid=-48.7 pref=-101.6 ppos=-96.8 apid=-0.0 integ=-0.0 vision=1 current=1 vframe=1629 vs=1 vage=6 vpage=6 vdt=31 vmax=186 vacc=1628 vrej=0 seq=0 elapsed=0 oled=3C
[   7327] >>> stop
[   7343] STATUS mode=3 fault=none enc=-113 denc=0 sreq=0 sapplied=0 crate=-15 uimp=-97115 upos=1275 uneg=1805 ball=-38.64 vball=0.06 aball=-0.1 bref=0.00 pid=0.0 pref=-96.3 ppos=-97.1 apid=-0.0 integ=-0.0 vision=1 current=1 vframe=1630 vs=1 vage=12 vpage=12 vdt=34 vmax=186 vacc=1629 vrej=0 seq=0 elapsed=0 oled=3C
[   7375] STATUS mode=1 fault=none enc=-119 denc=-1 sreq=0 sapplied=0 crate=0 uimp=-97115 upos=1275 uneg=1805 ball=-38.64 vball=0.06 aball=0.0 bref=0.00 pid=0.0 pref=0.0 ppos=0.0 apid=0.0 integ=0.0 vision=1 current=1 vframe=1630 vs=1 vage=32 vpage=32 vdt=34 vmax=186 vacc=1629 vrej=0 seq=0 elapsed=0 oled=3C
[   7405] STATUS mode=1 fault=none enc=-119 denc=0 sreq=0 sapplied=0 crate=0 uimp=-97115 upos=1275 uneg=1805 ball=-38.64 vball=0.06 aball=0.0 bref=0.00 pid=0.0 pref=0.0 ppos=0.0 apid=0.0 integ=0.0 vision=1 current=1 vframe=1630 vs=1 vage=52 vpage=52 vdt=34 vmax=186 vacc=1629 vrej=0 seq=0 elapsed=0 oled=3C
[   7421] STATUS mode=1 fault=none enc=-119 denc=0 sreq=0 sapplied=0 crate=0 uimp=-97115 upos=1275 uneg=1805 ball=-38.64 vball=0.06 aball=0.0 bref=0.00 pid=0.0 pref=0.0 ppos=0.0 apid=0.0 integ=0.0 vision=1 current=1 vframe=1630 vs=1 vage=92 vpage=92 vdt=34 vmax=186 vacc=1629 vrej=0 seq=0 elapsed=0 oled=3C
[   7452] STATUS mode=1 fault=none enc=-119 denc=0 sreq=0 sapplied=0 crate=0 uimp=-97115 upos=1275 uneg=1805 ball=-38.59 vball=0.47 aball=0.0 bref=0.00 pid=0.0 pref=0.0 ppos=0.0 apid=0.0 integ=0.0 vision=1 current=1 vframe=1631 vs=1 vage=18 vpage=18 vdt=94 vmax=186 vacc=1630 vrej=0 seq=0 elapsed=0 oled=3C
[   7484] STATUS mode=1 fault=none enc=-119 denc=0 sreq=0 sapplied=0 crate=0 uimp=-97115 upos=1275 uneg=1805 ball=-38.61 vball=-0.38 aball=0.0 bref=0.00 pid=0.0 pref=0.0 ppos=0.0 apid=0.0 integ=0.0 vision=1 current=1 vframe=1632 vs=1 vage=16 vpage=16 vdt=22 vmax=186 vacc=1631 vrej=0 seq=0 elapsed=0 oled=3C
[   7500] STATUS mode=1 fault=none enc=-119 denc=0 sreq=0 sapplied=0 crate=0 uimp=-97115 upos=1275 uneg=1805 ball=-38.62 vball=-0.24 aball=0.0 bref=0.00 pid=0.0 pref=0.0 ppos=0.0 apid=0.0 integ=0.0 vision=1 current=1 vframe=1633 vs=1 vage=21 vpage=21 vdt=35 vmax=186 vacc=1632 vrej=0 seq=0 elapsed=0 oled=3C
[   7530] STATUS mode=1 fault=none enc=-119 denc=0 sreq=0 sapplied=0 crate=0 uimp=-97115 upos=1275 uneg=1805 ball=-38.62 vball=-0.24 aball=0.0 bref=0.00 pid=0.0 pref=0.0 ppos=0.0 apid=0.0 integ=0.0 vision=1 current=1 vframe=1633 vs=1 vage=41 vpage=41 vdt=35 vmax=186 vacc=1632 vrej=0 seq=0 elapsed=0 oled=3C
[   7562] STATUS mode=1 fault=none enc=-119 denc=0 sreq=0 sapplied=0 crate=0 uimp=-97115 upos=1275 uneg=1805 ball=-38.62 vball=-0.24 aball=0.0 bref=0.00 pid=0.0 pref=0.0 ppos=0.0 apid=0.0 integ=0.0 vision=1 current=1 vframe=1633 vs=1 vage=61 vpage=61 vdt=35 vmax=186 vacc=1632 vrej=0 seq=0 elapsed=0 oled=3C
[   7577] STATUS mode=1 fault=none enc=-119 denc=0 sreq=0 sapplied=0 crate=0 uimp=-97115 upos=1275 uneg=1805 ball=-38.62 vball=-0.24 aball=0.0 bref=0.00 pid=0.0 pref=0.0 ppos=0.0 apid=0.0 integ=0.0 vision=1 current=1 vframe=1633 vs=1 vage=81 vpage=81 vdt=35 vmax=186 vacc=1632 vrej=0 seq=0 elapsed=0 oled=3C
[   7609] STATUS mode=1 fault=none enc=-119 denc=0 sreq=0 sapplied=0 crate=0 uimp=-97115 upos=1275 uneg=1805 ball=-38.61 vball=0.03 aball=0.0 bref=0.00 pid=0.0 pref=0.0 ppos=0.0 apid=0.0 integ=0.0 vision=1 current=1 vframe=1635 vs=1 vage=4 vpage=4 vdt=24 vmax=186 vacc=1634 vrej=0 seq=0 elapsed=0 oled=3C
[   7641] STATUS mode=1 fault=none enc=-119 denc=0 sreq=0 sapplied=0 crate=0 uimp=-97115 upos=1275 uneg=1805 ball=-38.61 vball=0.03 aball=0.0 bref=0.00 pid=0.0 pref=0.0 ppos=0.0 apid=0.0 integ=0.0 vision=1 current=1 vframe=1635 vs=1 vage=24 vpage=24 vdt=24 vmax=186 vacc=1634 vrej=0 seq=0 elapsed=0 oled=3C
[   7655] STATUS mode=1 fault=none enc=-119 denc=0 sreq=0 sapplied=0 crate=0 uimp=-97115 upos=1275 uneg=1805 ball=-38.58 vball=0.53 aball=0.0 bref=0.00 pid=0.0 pref=0.0 ppos=0.0 apid=0.0 integ=0.0 vision=1 current=1 vframe=1636 vs=1 vage=13 vpage=13 vdt=31 vmax=186 vacc=1635 vrej=0 seq=0 elapsed=0 oled=3C
[   7687] STATUS mode=1 fault=none enc=-119 denc=0 sreq=0 sapplied=0 crate=0 uimp=-97115 upos=1275 uneg=1805 ball=-38.58 vball=0.53 aball=0.0 bref=0.00 pid=0.0 pref=0.0 ppos=0.0 apid=0.0 integ=0.0 vision=1 current=1 vframe=1636 vs=1 vage=53 vpage=53 vdt=31 vmax=186 vacc=1635 vrej=0 seq=0 elapsed=0 oled=3C
[   7687] >>> stream off
[   7718] STATUS mode=1 fault=none enc=-119 denc=0 sreq=0 sapplied=0 crate=0 uimp=-97115 upos=1275 uneg=1805 ball=-38.58 vball=0.53 aball=0.0 bref=0.00 pid=0.0 pref=0.0 ppos=0.0 apid=0.0 integ=0.0 vision=1 current=1 vframe=1636 vs=1 vage=73 vpage=73 vdt=31 vmax=186 vacc=1635 vrej=0 seq=0 elapsed=0 oled=3C
[   7718] OK stream off
[   7905] STOP_REASON time_limit
