[      0] >>> bench on
[      0] OK stepper visual-only bench active; use zero before tests
[    171] >>> clear
[    171] OK fault cleared
[    343] >>> diag reset
[    359] OK actuator diagnostics reset
[    530] >>> gain ball 5.0 20.0 3.2 -1
[    546] OK ball gains kp=5.000 ki=20.000 kd=3.200 sign=-1
[    718] >>> gain accel 0.0
[    734] OK ball acceleration gain ka=0.000
[    905] >>> limit rate 2000
[    921] OK ball rate limit=2000 steps/s
[   1077] >>> stream on 20
[   1077] OK stream on 20 ms
[   1109] STATUS mode=1 fault=none enc=362 denc=0 sreq=0 sapplied=0 crate=0 uimp=0 upos=0 uneg=0 ball=-125.00 vball=0.00 aball=0.0 bref=0.00 pid=0.0 pref=0.0 ppos=0.0 apid=0.0 integ=0.0 vision=1 current=1 vframe=2096 vs=1 vage=15 vpage=15 vdt=24 vmax=204 vacc=2088 vrej=0 seq=0 elapsed=0 oled=3C
[   1141] STATUS mode=1 fault=none enc=362 denc=0 sreq=0 sapplied=0 crate=0 uimp=0 upos=0 uneg=0 ball=-125.00 vball=0.00 aball=0.0 bref=0.00 pid=0.0 pref=0.0 ppos=0.0 apid=0.0 integ=0.0 vision=1 current=1 vframe=2097 vs=1 vage=3 vpage=3 vdt=32 vmax=204 vacc=2089 vrej=0 seq=0 elapsed=0 oled=3C
[   1171] STATUS mode=1 fault=none enc=362 denc=0 sreq=0 sapplied=0 crate=0 uimp=0 upos=0 uneg=0 ball=-125.00 vball=0.00 aball=0.0 bref=0.00 pid=0.0 pref=0.0 ppos=0.0 apid=0.0 integ=0.0 vision=1 current=1 vframe=2097 vs=1 vage=23 vpage=23 vdt=32 vmax=204 vacc=2089 vrej=0 seq=0 elapsed=0 oled=3C
[   1187] STATUS mode=1 fault=none enc=362 denc=0 sreq=0 sapplied=0 crate=0 uimp=0 upos=0 uneg=0 ball=-125.00 vball=0.00 aball=0.0 bref=0.00 pid=0.0 pref=0.0 ppos=0.0 apid=0.0 integ=0.0 vision=1 current=1 vframe=2097 vs=1 vage=43 vpage=43 vdt=32 vmax=204 vacc=2089 vrej=0 seq=0 elapsed=0 oled=3C
[   1218] STATUS mode=1 fault=none enc=362 denc=0 sreq=0 sapplied=0 crate=0 uimp=0 upos=0 uneg=0 ball=-125.00 vball=0.00 aball=0.0 bref=0.00 pid=0.0 pref=0.0 ppos=0.0 apid=0.0 integ=0.0 vision=1 current=1 vframe=2097 vs=1 vage=63 vpage=63 vdt=32 vmax=204 vacc=2089 vrej=0 seq=0 elapsed=0 oled=3C
[   1234] STATUS mode=1 fault=none enc=362 denc=0 sreq=0 sapplied=0 crate=0 uimp=0 upos=0 uneg=0 ball=-125.00 vball=0.00 aball=0.0 bref=0.00 pid=0.0 pref=0.0 ppos=0.0 apid=0.0 integ=0.0 vision=1 current=1 vframe=2098 vs=1 vage=1 vpage=1 vdt=102 vmax=204 vacc=2090 vrej=0 seq=0 elapsed=0 oled=3C
[   1266] STATUS mode=1 fault=none enc=362 denc=0 sreq=0 sapplied=0 crate=0 uimp=0 upos=0 uneg=0 ball=-125.00 vball=0.00 aball=0.0 bref=0.00 pid=0.0 pref=0.0 ppos=0.0 apid=0.0 integ=0.0 vision=1 current=1 vframe=2098 vs=1 vage=21 vpage=21 vdt=102 vmax=204 vacc=2090 vrej=0 seq=0 elapsed=0 oled=3C
[   1266] >>> ball 0.0
[   1296] STATUS mode=1 fault=none enc=362 denc=0 sreq=0 sapplied=0 crate=0 uimp=0 upos=0 uneg=0 ball=-125.00 vball=0.00 aball=0.0 bref=0.00 pid=0.0 pref=0.0 ppos=0.0 apid=0.0 integ=0.0 vision=1 current=1 vframe=2099 vs=1 vage=10 vpage=10 vdt=31 vmax=204 vacc=2091 vrej=0 seq=0 elapsed=0 oled=3C
[   1312] STATUS mode=3 fault=none enc=365 denc=3 sreq=-100 sapplied=0 crate=-100 uimp=0 upos=0 uneg=0 ball=-125.00 vball=0.00 aball=0.0 bref=0.00 pid=-400.0 pref=-1200.0 ppos=0.0 apid=0.0 integ=0.0 vision=1 current=1 vframe=2099 vs=1 vage=30 vpage=30 vdt=31 vmax=204 vacc=2091 vrej=0 seq=0 elapsed=0 oled=3C
[   1343] STATUS mode=3 fault=none enc=360 denc=-1 sreq=-400 sapplied=-400 crate=-400 uimp=-12500 upos=0 uneg=35 ball=-125.00 vball=0.00 aball=0.0 bref=0.00 pid=-400.0 pref=-1200.0 ppos=-12.5 apid=0.0 integ=0.0 vision=1 current=1 vframe=2100 vs=1 vage=36 vpage=36 vdt=34 vmax=204 vacc=2092 vrej=0 seq=0 elapsed=0 oled=3C
[   1375] STATUS mode=3 fault=none enc=349 denc=-3 sreq=-400 sapplied=-400 crate=-400 uimp=-20500 upos=0 uneg=55 ball=-125.00 vball=0.00 aball=0.0 bref=0.00 pid=-400.0 pref=-1200.0 ppos=-20.5 apid=0.0 integ=0.0 vision=1 current=1 vframe=2100 vs=1 vage=56 vpage=56 vdt=34 vmax=204 vacc=2092 vrej=0 seq=0 elapsed=0 oled=3C
[   1391] STATUS mode=3 fault=none enc=340 denc=-2 sreq=-400 sapplied=-400 crate=-400 uimp=-28500 upos=0 uneg=75 ball=-125.00 vball=0.00 aball=0.0 bref=0.00 pid=-400.0 pref=-1200.0 ppos=-28.5 apid=0.0 integ=0.0 vision=1 current=1 vframe=2100 vs=1 vage=76 vpage=76 vdt=34 vmax=204 vacc=2092 vrej=0 seq=0 elapsed=0 oled=3C
[   1421] STATUS mode=3 fault=none enc=319 denc=-3 sreq=-400 sapplied=-400 crate=-400 uimp=-44500 upos=0 uneg=115 ball=-125.00 vball=0.00 aball=0.0 bref=0.00 pid=-400.0 pref=-1200.0 ppos=-44.5 apid=0.0 integ=0.0 vision=1 current=1 vframe=2101 vs=1 vage=16 vpage=16 vdt=100 vmax=204 vacc=2093 vrej=0 seq=0 elapsed=0 oled=3C
[   1452] STATUS mode=3 fault=none enc=309 denc=-2 sreq=-400 sapplied=-400 crate=-400 uimp=-52500 upos=0 uneg=135 ball=-125.00 vball=0.00 aball=0.0 bref=0.00 pid=-400.0 pref=-1200.0 ppos=-52.5 apid=0.0 integ=0.0 vision=1 current=1 vframe=2102 vs=1 vage=3 vpage=3 vdt=33 vmax=204 vacc=2094 vrej=0 seq=0 elapsed=0 oled=3C
[   1484] STATUS mode=3 fault=none enc=289 denc=-3 sreq=-400 sapplied=-400 crate=-400 uimp=-68500 upos=0 uneg=175 ball=-125.00 vball=0.00 aball=0.0 bref=0.00 pid=-400.0 pref=-1200.0 ppos=-68.5 apid=0.0 integ=0.0 vision=1 current=1 vframe=2103 vs=1 vage=10 vpage=10 vdt=33 vmax=204 vacc=2095 vrej=0 seq=0 elapsed=0 oled=3C
[   1500] STATUS mode=3 fault=none enc=279 denc=-3 sreq=-400 sapplied=-400 crate=-400 uimp=-76500 upos=0 uneg=195 ball=-125.00 vball=0.00 aball=0.0 bref=0.00 pid=-400.0 pref=-1200.0 ppos=-76.5 apid=0.0 integ=0.0 vision=1 current=1 vframe=2103 vs=1 vage=30 vpage=30 vdt=33 vmax=204 vacc=2095 vrej=0 seq=0 elapsed=0 oled=3C
[   1530] STATUS mode=3 fault=none enc=269 denc=-2 sreq=-400 sapplied=-400 crate=-400 uimp=-84500 upos=0 uneg=215 ball=-125.00 vball=0.00 aball=0.0 bref=0.00 pid=-400.0 pref=-1200.0 ppos=-84.5 apid=0.0 integ=0.0 vision=1 current=1 vframe=2103 vs=1 vage=50 vpage=50 vdt=33 vmax=204 vacc=2095 vrej=0 seq=0 elapsed=0 oled=3C
[   1562] STATUS mode=3 fault=none enc=249 denc=-3 sreq=-400 sapplied=-400 crate=-400 uimp=-100500 upos=0 uneg=255 ball=-125.00 vball=0.00 aball=0.0 bref=0.00 pid=-400.0 pref=-1200.0 ppos=-100.5 apid=0.0 integ=0.0 vision=1 current=1 vframe=2103 vs=1 vage=90 vpage=90 vdt=33 vmax=204 vacc=2095 vrej=0 seq=0 elapsed=0 oled=3C
[   1593] STATUS mode=3 fault=none enc=238 denc=-3 sreq=-400 sapplied=-400 crate=-400 uimp=-108500 upos=0 uneg=275 ball=-125.00 vball=0.00 aball=0.0 bref=0.00 pid=-400.0 pref=-1200.0 ppos=-108.5 apid=0.0 integ=0.0 vision=1 current=1 vframe=2104 vs=1 vage=8 vpage=8 vdt=102 vmax=204 vacc=2096 vrej=0 seq=0 elapsed=0 oled=3C
[   1609] STATUS mode=3 fault=none enc=228 denc=-3 sreq=-400 sapplied=-400 crate=-400 uimp=-116500 upos=0 uneg=295 ball=-125.00 vball=0.00 aball=0.0 bref=0.00 pid=-400.0 pref=-1200.0 ppos=-116.5 apid=0.0 integ=0.0 vision=1 current=1 vframe=2104 vs=1 vage=28 vpage=28 vdt=102 vmax=204 vacc=2096 vrej=0 seq=0 elapsed=0 oled=3C
[   1641] STATUS mode=3 fault=none enc=208 denc=-3 sreq=-400 sapplied=-400 crate=-400 uimp=-132500 upos=0 uneg=335 ball=-125.00 vball=0.00 aball=0.0 bref=0.00 pid=-400.0 pref=-1200.0 ppos=-132.5 apid=0.0 integ=0.0 vision=1 current=1 vframe=2106 vs=1 vage=3 vpage=3 vdt=34 vmax=204 vacc=2098 vrej=0 seq=0 elapsed=0 oled=3C
[   1671] STATUS mode=3 fault=none enc=198 denc=-2 sreq=-400 sapplied=-400 crate=-400 uimp=-140500 upos=0 uneg=355 ball=-125.00 vball=0.00 aball=0.0 bref=0.00 pid=-400.0 pref=-1200.0 ppos=-140.5 apid=0.0 integ=0.0 vision=1 current=1 vframe=2106 vs=1 vage=23 vpage=23 vdt=34 vmax=204 vacc=2098 vrej=0 seq=0 elapsed=0 oled=3C
[   1702] STATUS mode=3 fault=none enc=187 denc=-3 sreq=-400 sapplied=-400 crate=-400 uimp=-148500 upos=0 uneg=375 ball=-125.00 vball=0.00 aball=0.0 bref=0.00 pid=-400.0 pref=-1200.0 ppos=-148.5 apid=0.0 integ=0.0 vision=1 current=1 vframe=2106 vs=1 vage=43 vpage=43 vdt=34 vmax=204 vacc=2098 vrej=0 seq=0 elapsed=0 oled=3C
[   1718] STATUS mode=3 fault=none enc=168 denc=-2 sreq=-400 sapplied=-400 crate=-400 uimp=-164500 upos=0 uneg=415 ball=-125.00 vball=0.00 aball=0.0 bref=0.00 pid=-400.0 pref=-1200.0 ppos=-164.5 apid=0.0 integ=0.0 vision=1 current=1 vframe=2106 vs=1 vage=83 vpage=83 vdt=34 vmax=204 vacc=2098 vrej=0 seq=0 elapsed=0 oled=3C
[   1750] STATUS mode=3 fault=none enc=156 denc=-3 sreq=-400 sapplied=-400 crate=-400 uimp=-172500 upos=0 uneg=435 ball=-125.00 vball=0.00 aball=0.0 bref=0.00 pid=-400.0 pref=-1200.0 ppos=-172.5 apid=0.0 integ=0.0 vision=1 current=1 vframe=2107 vs=1 vage=6 vpage=6 vdt=97 vmax=204 vacc=2099 vrej=0 seq=0 elapsed=0 oled=3C
[   1780] STATUS mode=3 fault=none enc=136 denc=-3 sreq=-400 sapplied=-400 crate=-400 uimp=-188500 upos=0 uneg=475 ball=-125.00 vball=0.00 aball=0.0 bref=0.00 pid=-400.0 pref=-1200.0 ppos=-188.5 apid=0.0 integ=0.0 vision=1 current=1 vframe=2108 vs=1 vage=9 vpage=9 vdt=37 vmax=204 vacc=2100 vrej=0 seq=0 elapsed=0 oled=3C
[   1812] STATUS mode=3 fault=none enc=126 denc=-3 sreq=-400 sapplied=-400 crate=-400 uimp=-196500 upos=0 uneg=495 ball=-125.00 vball=0.00 aball=0.0 bref=0.00 pid=-400.0 pref=-1200.0 ppos=-196.5 apid=0.0 integ=0.0 vision=1 current=1 vframe=2108 vs=1 vage=29 vpage=29 vdt=37 vmax=204 vacc=2100 vrej=0 seq=0 elapsed=0 oled=3C
[   1827] STATUS mode=3 fault=none enc=116 denc=-2 sreq=-400 sapplied=-400 crate=-400 uimp=-204500 upos=0 uneg=515 ball=-125.00 vball=0.00 aball=0.0 bref=0.00 pid=-400.0 pref=-1200.0 ppos=-204.5 apid=0.0 integ=0.0 vision=1 current=1 vframe=2108 vs=1 vage=49 vpage=49 vdt=37 vmax=204 vacc=2100 vrej=0 seq=0 elapsed=0 oled=3C
[   1859] STATUS mode=3 fault=none enc=96 denc=-2 sreq=-400 sapplied=-400 crate=-400 uimp=-220500 upos=0 uneg=555 ball=-125.00 vball=0.00 aball=0.0 bref=0.00 pid=-400.0 pref=-1200.0 ppos=-220.5 apid=0.0 integ=0.0 vision=1 current=1 vframe=2108 vs=1 vage=89 vpage=89 vdt=37 vmax=204 vacc=2100 vrej=0 seq=0 elapsed=0 oled=3C
[   1891] STATUS mode=3 fault=none enc=85 denc=-3 sreq=-400 sapplied=-400 crate=-400 uimp=-228500 upos=0 uneg=575 ball=-125.00 vball=0.00 aball=0.0 bref=0.00 pid=-400.0 pref=-1200.0 ppos=-228.5 apid=0.0 integ=0.0 vision=1 current=1 vframe=2109 vs=1 vage=4 vpage=4 vdt=105 vmax=204 vacc=2101 vrej=0 seq=0 elapsed=0 oled=3C
[   1921] STATUS mode=3 fault=none enc=74 denc=-4 sreq=-400 sapplied=-400 crate=-400 uimp=-236500 upos=0 uneg=595 ball=-125.00 vball=0.00 aball=0.0 bref=0.00 pid=-400.0 pref=-1200.0 ppos=-236.5 apid=0.0 integ=0.0 vision=1 current=1 vframe=2116 vs=1 vage=12 vpage=12 vdt=12 vmax=204 vacc=2108 vrej=0 seq=0 elapsed=0 oled=3C
[   1937] STATUS mode=3 fault=none enc=55 denc=-2 sreq=-400 sapplied=-400 crate=-400 uimp=-252500 upos=0 uneg=635 ball=-125.00 vball=0.00 aball=0.0 bref=0.00 pid=-400.0 pref=-1200.0 ppos=-252.5 apid=0.0 integ=0.0 vision=1 current=1 vframe=2117 vs=1 vage=19 vpage=19 vdt=33 vmax=204 vacc=2109 vrej=0 seq=0 elapsed=0 oled=3C
[   1968] STATUS mode=3 fault=none enc=44 denc=-3 sreq=-400 sapplied=-400 crate=-400 uimp=-260500 upos=0 uneg=655 ball=-125.00 vball=0.00 aball=0.0 bref=0.00 pid=-400.0 pref=-1200.0 ppos=-260.5 apid=0.0 integ=0.0 vision=1 current=1 vframe=2117 vs=1 vage=39 vpage=39 vdt=33 vmax=204 vacc=2109 vrej=0 seq=0 elapsed=0 oled=3C
[   2000] STATUS mode=3 fault=none enc=34 denc=-2 sreq=-400 sapplied=-400 crate=-400 uimp=-268500 upos=0 uneg=675 ball=-125.00 vball=0.00 aball=0.0 bref=0.00 pid=-400.0 pref=-1200.0 ppos=-268.5 apid=0.0 integ=0.0 vision=1 current=1 vframe=2117 vs=1 vage=59 vpage=59 vdt=33 vmax=204 vacc=2109 vrej=0 seq=0 elapsed=0 oled=3C
[   2030] STATUS mode=3 fault=none enc=14 denc=-2 sreq=-400 sapplied=-400 crate=-400 uimp=-284500 upos=0 uneg=715 ball=-125.00 vball=0.00 aball=0.0 bref=0.00 pid=-400.0 pref=-1200.0 ppos=-284.5 apid=0.0 integ=0.0 vision=1 current=1 vframe=2117 vs=1 vage=99 vpage=99 vdt=33 vmax=204 vacc=2109 vrej=0 seq=0 elapsed=0 oled=3C
[   2046] STATUS mode=3 fault=none enc=4 denc=-2 sreq=-400 sapplied=-400 crate=-400 uimp=-292500 upos=0 uneg=735 ball=-125.00 vball=0.00 aball=0.0 bref=0.00 pid=-400.0 pref=-1200.0 ppos=-292.5 apid=0.0 integ=0.0 vision=1 current=1 vframe=2119 vs=1 vage=10 vpage=10 vdt=8 vmax=204 vacc=2111 vrej=0 seq=0 elapsed=0 oled=3C
[   2077] STATUS mode=3 fault=none enc=-17 denc=-2 sreq=-400 sapplied=-400 crate=-400 uimp=-308500 upos=0 uneg=775 ball=-125.00 vball=0.00 aball=0.0 bref=0.00 pid=-400.0 pref=-1200.0 ppos=-308.5 apid=0.0 integ=0.0 vision=1 current=1 vframe=2120 vs=1 vage=26 vpage=26 vdt=24 vmax=204 vacc=2112 vrej=0 seq=0 elapsed=0 oled=3C
[   2109] STATUS mode=3 fault=none enc=-27 denc=-3 sreq=-400 sapplied=-400 crate=-400 uimp=-316500 upos=0 uneg=795 ball=-125.00 vball=0.00 aball=0.0 bref=0.00 pid=-400.0 pref=-1200.0 ppos=-316.5 apid=0.0 integ=0.0 vision=1 current=1 vframe=2121 vs=1 vage=13 vpage=13 vdt=33 vmax=204 vacc=2113 vrej=0 seq=0 elapsed=0 oled=3C
[   2141] STATUS mode=3 fault=none enc=-38 denc=-4 sreq=-400 sapplied=-400 crate=-400 uimp=-324500 upos=0 uneg=815 ball=-125.00 vball=0.00 aball=0.0 bref=0.00 pid=-400.0 pref=-1200.0 ppos=-324.5 apid=0.0 integ=0.0 vision=1 current=1 vframe=2121 vs=1 vage=33 vpage=33 vdt=33 vmax=204 vacc=2113 vrej=0 seq=0 elapsed=0 oled=3C
[   2155] STATUS mode=3 fault=none enc=-57 denc=-2 sreq=-400 sapplied=-400 crate=-400 uimp=-340500 upos=0 uneg=855 ball=-125.00 vball=0.00 aball=0.0 bref=0.00 pid=-400.0 pref=-1200.0 ppos=-340.5 apid=0.0 integ=0.0 vision=1 current=1 vframe=2121 vs=1 vage=73 vpage=73 vdt=33 vmax=204 vacc=2113 vrej=0 seq=0 elapsed=0 oled=3C
[   2187] STATUS mode=3 fault=none enc=-67 denc=-2 sreq=-400 sapplied=-400 crate=-400 uimp=-348500 upos=0 uneg=875 ball=-125.00 vball=0.00 aball=0.0 bref=0.00 pid=-400.0 pref=-1200.0 ppos=-348.5 apid=0.0 integ=0.0 vision=1 current=1 vframe=2121 vs=1 vage=93 vpage=93 vdt=33 vmax=204 vacc=2113 vrej=0 seq=0 elapsed=0 oled=3C
[   2218] STATUS mode=3 fault=none enc=-77 denc=-3 sreq=-400 sapplied=-400 crate=-400 uimp=-356500 upos=0 uneg=895 ball=-125.00 vball=0.00 aball=0.0 bref=0.00 pid=-400.0 pref=-1200.0 ppos=-356.5 apid=0.0 integ=0.0 vision=1 current=1 vframe=2122 vs=1 vage=17 vpage=17 vdt=96 vmax=204 vacc=2114 vrej=0 seq=0 elapsed=0 oled=3C
[   2250] STATUS mode=3 fault=none enc=-98 denc=-3 sreq=-400 sapplied=-400 crate=-400 uimp=-372500 upos=0 uneg=935 ball=-125.00 vball=0.00 aball=0.0 bref=0.00 pid=-400.0 pref=-1200.0 ppos=-372.5 apid=0.0 integ=0.0 vision=1 current=1 vframe=2124 vs=1 vage=3 vpage=3 vdt=34 vmax=204 vacc=2116 vrej=0 seq=0 elapsed=0 oled=3C
[   2266] STATUS mode=3 fault=none enc=-107 denc=-2 sreq=-400 sapplied=-400 crate=-400 uimp=-380500 upos=0 uneg=955 ball=-125.00 vball=0.00 aball=0.0 bref=0.00 pid=-400.0 pref=-1200.0 ppos=-380.5 apid=0.0 integ=0.0 vision=1 current=1 vframe=2124 vs=1 vage=23 vpage=23 vdt=34 vmax=204 vacc=2116 vrej=0 seq=0 elapsed=0 oled=3C
[   2296] STATUS mode=3 fault=none enc=-117 denc=-2 sreq=-400 sapplied=-400 crate=-400 uimp=-388500 upos=0 uneg=975 ball=-125.00 vball=0.00 aball=0.0 bref=0.00 pid=-400.0 pref=-1200.0 ppos=-388.5 apid=0.0 integ=0.0 vision=1 current=1 vframe=2124 vs=1 vage=43 vpage=43 vdt=34 vmax=204 vacc=2116 vrej=0 seq=0 elapsed=0 oled=3C
[   2327] STATUS mode=3 fault=none enc=-138 denc=-3 sreq=-400 sapplied=-400 crate=-400 uimp=-404500 upos=0 uneg=1015 ball=-125.00 vball=0.00 aball=0.0 bref=0.00 pid=-400.0 pref=-1200.0 ppos=-404.5 apid=0.0 integ=0.0 vision=1 current=1 vframe=2124 vs=1 vage=83 vpage=83 vdt=34 vmax=204 vacc=2116 vrej=0 seq=0 elapsed=0 oled=3C
[   2359] STATUS mode=3 fault=none enc=-147 denc=-2 sreq=-400 sapplied=-400 crate=-400 uimp=-412500 upos=0 uneg=1035 ball=-125.00 vball=0.00 aball=0.0 bref=0.00 pid=-400.0 pref=-1200.0 ppos=-412.5 apid=0.0 integ=0.0 vision=1 current=1 vframe=2125 vs=1 vage=9 vpage=9 vdt=94 vmax=204 vacc=2117 vrej=0 seq=0 elapsed=0 oled=3C
[   2375] STATUS mode=3 fault=none enc=-168 denc=-3 sreq=-400 sapplied=-400 crate=-400 uimp=-428500 upos=0 uneg=1075 ball=-125.00 vball=0.00 aball=0.0 bref=0.00 pid=-400.0 pref=-1200.0 ppos=-428.5 apid=0.0 integ=0.0 vision=1 current=1 vframe=2126 vs=1 vage=27 vpage=27 vdt=22 vmax=204 vacc=2118 vrej=0 seq=0 elapsed=0 oled=3C
[   2405] STATUS mode=3 fault=none enc=-178 denc=-3 sreq=-400 sapplied=-400 crate=-400 uimp=-436500 upos=0 uneg=1095 ball=-124.60 vball=6.99 aball=0.0 bref=0.00 pid=-400.0 pref=-1200.0 ppos=-436.5 apid=0.0 integ=0.0 vision=1 current=1 vframe=2127 vs=1 vage=13 vpage=13 vdt=34 vmax=204 vacc=2119 vrej=0 seq=0 elapsed=0 oled=3C
[   2437] STATUS mode=3 fault=none enc=-187 denc=-2 sreq=-400 sapplied=-400 crate=-400 uimp=-444500 upos=0 uneg=1115 ball=-124.60 vball=6.99 aball=0.0 bref=0.00 pid=-400.0 pref=-1200.0 ppos=-444.5 apid=0.0 integ=0.0 vision=1 current=1 vframe=2127 vs=1 vage=33 vpage=33 vdt=34 vmax=204 vacc=2119 vrej=0 seq=0 elapsed=0 oled=3C
[   2468] STATUS mode=3 fault=none enc=-208 denc=-2 sreq=-400 sapplied=-400 crate=-400 uimp=-460500 upos=0 uneg=1155 ball=-124.60 vball=6.99 aball=0.0 bref=0.00 pid=-400.0 pref=-1200.0 ppos=-460.5 apid=0.0 integ=0.0 vision=1 current=1 vframe=2127 vs=1 vage=73 vpage=73 vdt=34 vmax=204 vacc=2119 vrej=0 seq=0 elapsed=0 oled=3C
[   2484] STATUS mode=3 fault=none enc=-218 denc=-3 sreq=-400 sapplied=-400 crate=-400 uimp=-468500 upos=0 uneg=1175 ball=-124.60 vball=6.99 aball=0.0 bref=0.00 pid=-400.0 pref=-1200.0 ppos=-468.5 apid=0.0 integ=0.0 vision=1 current=1 vframe=2127 vs=1 vage=93 vpage=93 vdt=34 vmax=204 vacc=2119 vrej=0 seq=0 elapsed=0 oled=3C
[   2516] STATUS mode=3 fault=none enc=-226 denc=-1 sreq=-200 sapplied=-200 crate=-200 uimp=-476000 upos=0 uneg=1195 ball=-122.37 vball=19.21 aball=55.1 bref=0.00 pid=1760.0 pref=-300.0 ppos=-476.0 apid=0.0 integ=-0.0 vision=1 current=1 vframe=2128 vs=1 vage=12 vpage=12 vdt=101 vmax=204 vacc=2120 vrej=0 seq=0 elapsed=0 oled=3C
[   2546] STATUS mode=3 fault=none enc=-221 denc=3 sreq=600 sapplied=600 crate=600 uimp=-470500 upos=20 uneg=1205 ball=-112.98 vball=121.56 aball=55.1 bref=0.00 pid=2000.0 pref=-223.0 ppos=-470.5 apid=0.0 integ=-0.0 vision=1 current=1 vframe=2130 vs=1 vage=3 vpage=3 vdt=28 vmax=204 vacc=2122 vrej=0 seq=0 elapsed=0 oled=3C
[   2577] STATUS mode=3 fault=none enc=-202 denc=6 sreq=1000 sapplied=1000 crate=1000 uimp=-455500 upos=40 uneg=1205 ball=-112.98 vball=121.56 aball=55.1 bref=0.00 pid=2000.0 pref=-175.9 ppos=-455.5 apid=0.0 integ=-0.0 vision=1 current=1 vframe=2130 vs=1 vage=23 vpage=23 vdt=28 vmax=204 vacc=2122 vrej=0 seq=0 elapsed=0 oled=3C
[   2609] STATUS mode=3 fault=none enc=-134 denc=10 sreq=1800 sapplied=1800 crate=1800 uimp=-401500 upos=80 uneg=1205 ball=-112.98 vball=121.56 aball=55.1 bref=0.00 pid=2000.0 pref=-175.9 ppos=-401.5 apid=0.0 integ=-0.0 vision=1 current=1 vframe=2130 vs=1 vage=63 vpage=63 vdt=28 vmax=204 vacc=2122 vrej=0 seq=0 elapsed=0 oled=3C
[   2625] STATUS mode=3 fault=none enc=-85 denc=13 sreq=1872 sapplied=1872 crate=1872 uimp=-363145 upos=100 uneg=1205 ball=-112.98 vball=121.56 aball=55.1 bref=0.00 pid=1872.4 pref=-175.9 ppos=-363.1 apid=0.0 integ=-0.0 vision=1 current=1 vframe=2130 vs=1 vage=83 vpage=83 vdt=28 vmax=204 vacc=2122 vrej=0 seq=0 elapsed=0 oled=3C
[   2655] STATUS mode=3 fault=none enc=-42 denc=10 sreq=1525 sapplied=1525 crate=1525 uimp=-328415 upos=120 uneg=1205 ball=-107.72 vball=96.99 aball=55.1 bref=0.00 pid=1525.1 pref=-175.9 ppos=-328.4 apid=0.0 integ=-0.0 vision=1 current=1 vframe=2131 vs=1 vage=1 vpage=1 vdt=102 vmax=204 vacc=2123 vrej=0 seq=0 elapsed=0 oled=3C
[   2687] STATUS mode=3 fault=none enc=26 denc=9 sreq=1525 sapplied=1525 crate=1525 uimp=-275415 upos=160 uneg=1205 ball=-103.17 vball=127.52 aball=262.1 bref=0.00 pid=1676.3 pref=-107.8 ppos=-275.4 apid=0.0 integ=-0.0 vision=1 current=1 vframe=2132 vs=1 vage=21 vpage=21 vdt=20 vmax=204 vacc=2124 vrej=0 seq=0 elapsed=0 oled=3C
[   2718] STATUS mode=3 fault=none enc=68 denc=11 sreq=1900 sapplied=1900 crate=1900 uimp=-242290 upos=180 uneg=1205 ball=-95.76 vball=185.94 aball=262.1 bref=0.00 pid=2000.0 pref=116.2 ppos=-242.3 apid=0.0 integ=-0.0 vision=1 current=1 vframe=2133 vs=1 vage=14 vpage=14 vdt=27 vmax=204 vacc=2125 vrej=0 seq=0 elapsed=0 oled=3C
[   2734] STATUS mode=3 fault=none enc=170 denc=13 sreq=2000 sapplied=2000 crate=2000 uimp=-162790 upos=220 uneg=1205 ball=-95.76 vball=185.94 aball=262.1 bref=0.00 pid=2000.0 pref=116.2 ppos=-162.8 apid=0.0 integ=-0.0 vision=1 current=1 vframe=2133 vs=1 vage=54 vpage=54 vdt=27 vmax=204 vacc=2125 vrej=0 seq=0 elapsed=0 oled=3C
[   2766] STATUS mode=3 fault=none enc=221 denc=13 sreq=2000 sapplied=2000 crate=2000 uimp=-122790 upos=240 uneg=1205 ball=-95.76 vball=185.94 aball=262.1 bref=0.00 pid=2000.0 pref=116.2 ppos=-122.8 apid=0.0 integ=-0.0 vision=1 current=1 vframe=2133 vs=1 vage=74 vpage=74 vdt=27 vmax=204 vacc=2125 vrej=0 seq=0 elapsed=0 oled=3C
[   2796] STATUS mode=3 fault=none enc=271 denc=12 sreq=1990 sapplied=1990 crate=1990 uimp=-82790 upos=260 uneg=1205 ball=-95.76 vball=185.94 aball=262.1 bref=0.00 pid=1990.0 pref=116.2 ppos=-82.8 apid=0.0 integ=-0.0 vision=1 current=1 vframe=2133 vs=1 vage=94 vpage=94 vdt=27 vmax=204 vacc=2125 vrej=0 seq=0 elapsed=0 oled=3C
[   2827] STATUS mode=3 fault=none enc=354 denc=8 sreq=1221 sapplied=1221 crate=1221 uimp=-16460 upos=300 uneg=1205 ball=-87.67 vball=144.13 aball=278.4 bref=0.00 pid=393.3 pref=22.9 ppos=-16.5 apid=0.0 integ=-0.0 vision=1 current=1 vframe=2134 vs=1 vage=23 vpage=23 vdt=111 vmax=204 vacc=2126 vrej=0 seq=0 elapsed=0 oled=3C
[   2843] STATUS mode=3 fault=none enc=388 denc=9 sreq=1621 sapplied=1621 crate=1621 uimp=10960 upos=320 uneg=1205 ball=-78.60 vball=219.22 aball=278.4 bref=0.00 pid=2000.0 pref=300.0 ppos=11.0 apid=0.0 integ=-0.0 vision=1 current=1 vframe=2135 vs=1 vage=20 vpage=20 vdt=23 vmax=204 vacc=2127 vrej=0 seq=0 elapsed=0 oled=3C
[   2875] STATUS mode=3 fault=none enc=432 denc=12 sreq=1821 sapplied=1821 crate=1821 uimp=46380 upos=340 uneg=1205 ball=-73.70 vball=184.91 aball=278.4 bref=0.00 pid=1768.3 pref=223.2 ppos=46.4 apid=0.0 integ=-0.0 vision=1 current=1 vframe=2136 vs=1 vage=7 vpage=7 vdt=33 vmax=204 vacc=2128 vrej=0 seq=0 elapsed=0 oled=3C
[   2905] STATUS mode=3 fault=none enc=507 denc=7 sreq=1168 sapplied=1168 crate=1168 uimp=106400 upos=380 uneg=1205 ball=-73.70 vball=184.91 aball=278.4 bref=0.00 pid=1168.1 pref=223.2 ppos=106.4 apid=0.0 integ=-0.0 vision=1 current=1 vframe=2136 vs=1 vage=47 vpage=47 vdt=33 vmax=204 vacc=2128 vrej=0 seq=0 elapsed=0 oled=3C
[   2937] STATUS mode=3 fault=none enc=535 denc=6 sreq=951 sapplied=951 crate=951 uimp=128070 upos=400 uneg=1205 ball=-73.70 vball=184.91 aball=278.4 bref=0.00 pid=951.4 pref=223.2 ppos=128.1 apid=0.0 integ=-0.0 vision=1 current=1 vframe=2136 vs=1 vage=67 vpage=67 vdt=33 vmax=204 vacc=2128 vrej=0 seq=0 elapsed=0 oled=3C
[   2952] STATUS mode=3 fault=none enc=577 denc=5 sreq=564 sapplied=564 crate=564 uimp=160090 upos=440 uneg=1205 ball=-67.10 vball=134.54 aball=125.5 bref=0.00 pid=-650.6 pref=95.0 ppos=160.1 apid=0.0 integ=-0.0 vision=1 current=1 vframe=2137 vs=1 vage=7 vpage=7 vdt=100 vmax=204 vacc=2129 vrej=0 seq=0 elapsed=0 oled=3C
[   2984] STATUS mode=3 fault=none enc=586 denc=1 sreq=164 sapplied=164 crate=164 uimp=168370 upos=460 uneg=1205 ball=-67.10 vball=134.54 aball=125.5 bref=0.00 pid=-733.4 pref=95.0 ppos=168.4 apid=0.0 integ=-0.0 vision=1 current=1 vframe=2137 vs=1 vage=27 vpage=27 vdt=100 vmax=204 vacc=2129 vrej=0 seq=0 elapsed=0 oled=3C
[   3016] STATUS mode=3 fault=none enc=588 denc=-1 sreq=164 sapplied=164 crate=164 uimp=169510 upos=470 uneg=1205 ball=-60.86 vball=155.84 aball=125.5 bref=0.00 pid=248.8 pref=194.4 ppos=169.5 apid=0.0 integ=-0.0 vision=1 current=1 vframe=2138 vs=1 vage=12 vpage=12 vdt=35 vmax=204 vacc=2130 vrej=0 seq=0 elapsed=0 oled=3C
[   3046] STATUS mode=3 fault=none enc=595 denc=-1 sreq=-194 sapplied=-194 crate=-194 uimp=175325 upos=500 uneg=1205 ball=-58.13 vball=118.04 aball=125.5 bref=0.00 pid=-882.5 pref=87.1 ppos=175.3 apid=0.0 integ=-0.0 vision=1 current=1 vframe=2139 vs=1 vage=20 vpage=20 vdt=32 vmax=204 vacc=2131 vrej=0 seq=0 elapsed=0 oled=3C
[   3062] STATUS mode=3 fault=none enc=589 denc=-3 sreq=-594 sapplied=-594 crate=-594 uimp=168445 upos=500 uneg=1225 ball=-58.13 vball=118.04 aball=125.5 bref=0.00 pid=-813.7 pref=87.1 ppos=168.4 apid=0.0 integ=-0.0 vision=1 current=1 vframe=2139 vs=1 vage=40 vpage=40 vdt=32 vmax=204 vacc=2131 vrej=0 seq=0 elapsed=0 oled=3C
[   3093] STATUS mode=3 fault=none enc=571 denc=-5 sreq=-676 sapplied=-676 crate=-676 uimp=154700 upos=500 uneg=1245 ball=-58.13 vball=118.04 aball=125.5 bref=0.00 pid=-676.2 pref=87.1 ppos=154.7 apid=0.0 integ=-0.0 vision=1 current=1 vframe=2139 vs=1 vage=60 vpage=60 vdt=32 vmax=204 vacc=2131 vrej=0 seq=0 elapsed=0 oled=3C
[   3125] STATUS mode=3 fault=none enc=541 denc=-4 sreq=-572 sapplied=-572 crate=-572 uimp=131945 upos=500 uneg=1285 ball=-54.61 vball=81.14 aball=-81.2 bref=0.00 pid=-1453.5 pref=-13.4 ppos=131.9 apid=-0.0 integ=-0.0 vision=1 current=1 vframe=2140 vs=1 vage=7 vpage=7 vdt=93 vmax=204 vacc=2132 vrej=0 seq=0 elapsed=0 oled=3C
[   3155] STATUS mode=3 fault=none enc=523 denc=-5 sreq=-972 sapplied=-972 crate=-972 uimp=117505 upos=500 uneg=1305 ball=-53.93 vball=57.76 aball=-81.2 bref=0.00 pid=-2000.0 pref=-84.8 ppos=117.5 apid=-0.0 integ=-0.0 vision=1 current=1 vframe=2141 vs=1 vage=4 vpage=4 vdt=23 vmax=204 vacc=2133 vrej=0 seq=0 elapsed=0 oled=3C
[   3187] STATUS mode=3 fault=none enc=455 denc=-10 sreq=-1772 sapplied=-1772 crate=-1772 uimp=64625 upos=500 uneg=1345 ball=-54.00 vball=29.00 aball=-81.2 bref=0.00 pid=-2000.0 pref=-177.2 ppos=64.6 apid=-0.0 integ=-0.0 vision=1 current=1 vframe=2142 vs=1 vage=10 vpage=10 vdt=34 vmax=204 vacc=2134 vrej=0 seq=0 elapsed=0 oled=3C
[   3202] STATUS mode=3 fault=none enc=407 denc=-13 sreq=-2000 sapplied=-2000 crate=-2000 uimp=26545 upos=500 uneg=1365 ball=-54.00 vball=29.00 aball=-81.2 bref=0.00 pid=-2000.0 pref=-177.2 ppos=26.5 apid=-0.0 integ=-0.0 vision=1 current=1 vframe=2142 vs=1 vage=30 vpage=30 vdt=34 vmax=204 vacc=2134 vrej=0 seq=0 elapsed=0 oled=3C
[   3234] STATUS mode=3 fault=none enc=360 denc=-11 sreq=-1661 sapplied=-1661 crate=-1661 uimp=-11090 upos=500 uneg=1385 ball=-54.00 vball=29.00 aball=-81.2 bref=0.00 pid=-1661.1 pref=-177.2 ppos=-11.1 apid=-0.0 integ=-0.0 vision=1 current=1 vframe=2142 vs=1 vage=50 vpage=50 vdt=34 vmax=204 vacc=2134 vrej=0 seq=0 elapsed=0 oled=3C
[   3266] STATUS mode=3 fault=none enc=291 denc=-7 sreq=-1102 sapplied=-1102 crate=-1102 uimp=-66995 upos=500 uneg=1425 ball=-54.00 vball=29.00 aball=-81.2 bref=0.00 pid=-1102.0 pref=-177.2 ppos=-67.0 apid=-0.0 integ=-0.0 vision=1 current=1 vframe=2142 vs=1 vage=90 vpage=90 vdt=34 vmax=204 vacc=2134 vrej=0 seq=0 elapsed=0 oled=3C
[   3296] STATUS mode=3 fault=none enc=263 denc=-7 sreq=-1328 sapplied=-1328 crate=-1328 uimp=-89710 upos=500 uneg=1445 ball=-53.88 vball=14.64 aball=-244.2 bref=0.00 pid=-1328.4 pref=-222.6 ppos=-89.7 apid=-0.0 integ=-0.0 vision=1 current=1 vframe=2143 vs=1 vage=17 vpage=17 vdt=93 vmax=204 vacc=2135 vrej=0 seq=0 elapsed=0 oled=3C
[   3327] STATUS mode=3 fault=none enc=190 denc=-11 sreq=-1542 sapplied=-1542 crate=-1542 uimp=-145755 upos=500 uneg=1485 ball=-56.55 vball=-31.26 aball=-244.2 bref=0.00 pid=-1542.4 pref=-300.0 ppos=-145.8 apid=-0.0 integ=-0.0 vision=1 current=1 vframe=2145 vs=1 vage=1 vpage=1 vdt=32 vmax=204 vacc=2137 vrej=0 seq=0 elapsed=0 oled=3C
[   3343] STATUS mode=3 fault=none enc=153 denc=-10 sreq=-1256 sapplied=-1256 crate=-1256 uimp=-174360 upos=500 uneg=1505 ball=-56.55 vball=-31.26 aball=-244.2 bref=0.00 pid=-1256.4 pref=-300.0 ppos=-174.4 apid=-0.0 integ=-0.0 vision=1 current=1 vframe=2145 vs=1 vage=21 vpage=21 vdt=32 vmax=204 vacc=2137 vrej=0 seq=0 elapsed=0 oled=3C
[   3375] STATUS mode=3 fault=none enc=125 denc=-6 sreq=-1023 sapplied=-1023 crate=-1023 uimp=-197665 upos=500 uneg=1525 ball=-56.55 vball=-31.26 aball=-244.2 bref=0.00 pid=-1023.3 pref=-300.0 ppos=-197.7 apid=-0.0 integ=-0.0 vision=1 current=1 vframe=2145 vs=1 vage=41 vpage=41 vdt=32 vmax=204 vacc=2137 vrej=0 seq=0 elapsed=0 oled=3C
[   3405] STATUS mode=3 fault=none enc=81 denc=-5 sreq=-679 sapplied=-679 crate=-679 uimp=-232110 upos=500 uneg=1565 ball=-56.55 vball=-31.26 aball=-244.2 bref=0.00 pid=-678.9 pref=-300.0 ppos=-232.1 apid=-0.0 integ=-0.0 vision=1 current=1 vframe=2145 vs=1 vage=81 vpage=81 vdt=32 vmax=204 vacc=2137 vrej=0 seq=0 elapsed=0 oled=3C
[   3437] STATUS mode=3 fault=none enc=64 denc=-4 sreq=-553 sapplied=-553 crate=-553 uimp=-244705 upos=500 uneg=1585 ball=-58.37 vball=-29.66 aball=-267.2 bref=0.00 pid=-552.9 pref=-300.0 ppos=-244.7 apid=-0.0 integ=-0.0 vision=1 current=1 vframe=2146 vs=1 vage=7 vpage=7 vdt=94 vmax=204 vacc=2138 vrej=0 seq=0 elapsed=0 oled=3C
[   3468] STATUS mode=3 fault=none enc=41 denc=-3 sreq=-367 sapplied=-367 crate=-367 uimp=-263310 upos=500 uneg=1625 ball=-61.19 vball=-77.86 aball=-267.2 bref=0.00 pid=-366.9 pref=-300.0 ppos=-263.3 apid=-0.0 integ=-0.0 vision=1 current=1 vframe=2147 vs=1 vage=24 vpage=24 vdt=23 vmax=204 vacc=2139 vrej=0 seq=0 elapsed=0 oled=3C
[   3484] STATUS mode=3 fault=none enc=32 denc=-3 sreq=-299 sapplied=-299 crate=-299 uimp=-270120 upos=500 uneg=1645 ball=-62.79 vball=-63.05 aball=-267.2 bref=0.00 pid=-298.8 pref=-300.0 ppos=-270.1 apid=-0.0 integ=-0.0 vision=1 current=1 vframe=2148 vs=1 vage=11 vpage=11 vdt=33 vmax=204 vacc=2140 vrej=0 seq=0 elapsed=0 oled=3C
[   3516] STATUS mode=3 fault=none enc=26 denc=-1 sreq=-243 sapplied=-243 crate=-243 uimp=-275665 upos=500 uneg=1665 ball=-62.79 vball=-63.05 aball=-267.2 bref=0.00 pid=-243.3 pref=-300.0 ppos=-275.7 apid=-0.0 integ=-0.0 vision=1 current=1 vframe=2148 vs=1 vage=31 vpage=31 vdt=33 vmax=204 vacc=2140 vrej=0 seq=0 elapsed=0 oled=3C
[   3546] STATUS mode=3 fault=none enc=16 denc=-1 sreq=-161 sapplied=-161 crate=-161 uimp=-283855 upos=500 uneg=1705 ball=-62.79 vball=-63.05 aball=-267.2 bref=0.00 pid=-161.4 pref=-300.0 ppos=-283.9 apid=-0.0 integ=-0.0 vision=1 current=1 vframe=2148 vs=1 vage=71 vpage=71 vdt=33 vmax=204 vacc=2140 vrej=0 seq=0 elapsed=0 oled=3C
[   3577] STATUS mode=3 fault=none enc=13 denc=0 sreq=-132 sapplied=-132 crate=-132 uimp=-286845 upos=500 uneg=1725 ball=-62.79 vball=-63.05 aball=-267.2 bref=0.00 pid=-131.5 pref=-300.0 ppos=-286.8 apid=-0.0 integ=-0.0 vision=1 current=1 vframe=2148 vs=1 vage=91 vpage=91 vdt=33 vmax=204 vacc=2140 vrej=0 seq=0 elapsed=0 oled=3C
[   3593] STATUS mode=3 fault=none enc=7 denc=0 sreq=-87 sapplied=-87 crate=-87 uimp=-291280 upos=500 uneg=1765 ball=-66.43 vball=-66.38 aball=-189.2 bref=0.00 pid=-87.2 pref=-300.0 ppos=-291.3 apid=-0.0 integ=-0.0 vision=1 current=1 vframe=2150 vs=1 vage=14 vpage=14 vdt=23 vmax=204 vacc=2142 vrej=0 seq=0 elapsed=0 oled=3C
[   3625] STATUS mode=3 fault=none enc=5 denc=0 sreq=-71 sapplied=-71 crate=-71 uimp=-292900 upos=500 uneg=1785 ball=-66.43 vball=-66.38 aball=-189.2 bref=0.00 pid=-71.0 pref=-300.0 ppos=-292.9 apid=-0.0 integ=-0.0 vision=1 current=1 vframe=2150 vs=1 vage=34 vpage=34 vdt=23 vmax=204 vacc=2142 vrej=0 seq=0 elapsed=0 oled=3C
[   3655] STATUS mode=3 fault=none enc=4 denc=1 sreq=-58 sapplied=-58 crate=-58 uimp=-294215 upos=500 uneg=1805 ball=-67.14 vball=-44.83 aball=-189.2 bref=0.00 pid=-57.8 pref=-300.0 ppos=-294.2 apid=-0.0 integ=-0.0 vision=1 current=1 vframe=2151 vs=1 vage=20 vpage=20 vdt=34 vmax=204 vacc=2143 vrej=0 seq=0 elapsed=0 oled=3C
[   3687] STATUS mode=3 fault=none enc=1 denc=0 sreq=-38 sapplied=-38 crate=-38 uimp=-296160 upos=500 uneg=1845 ball=-67.14 vball=-44.83 aball=-189.2 bref=0.00 pid=-38.4 pref=-300.0 ppos=-296.2 apid=-0.0 integ=-0.0 vision=1 current=1 vframe=2151 vs=1 vage=60 vpage=60 vdt=34 vmax=204 vacc=2143 vrej=0 seq=0 elapsed=0 oled=3C
[   3718] STATUS mode=3 fault=none enc=-1 denc=-2 sreq=-31 sapplied=-31 crate=-31 uimp=-296870 upos=500 uneg=1865 ball=-67.14 vball=-44.83 aball=-189.2 bref=0.00 pid=-31.3 pref=-300.0 ppos=-296.9 apid=-0.0 integ=-0.0 vision=1 current=1 vframe=2151 vs=1 vage=80 vpage=80 vdt=34 vmax=204 vacc=2143 vrej=0 seq=0 elapsed=0 oled=3C
[   3734] STATUS mode=3 fault=none enc=-1 denc=0 sreq=-25 sapplied=-25 crate=-25 uimp=-297450 upos=500 uneg=1885 ball=-68.29 vball=-29.31 aball=-61.1 bref=0.00 pid=-25.5 pref=-300.0 ppos=-297.5 apid=-0.0 integ=-0.0 vision=1 current=1 vframe=2152 vs=1 vage=6 vpage=6 vdt=94 vmax=204 vacc=2144 vrej=0 seq=0 elapsed=0 oled=3C
[   3766] STATUS mode=3 fault=none enc=-1 denc=1 sreq=0 sapplied=0 crate=-19 uimp=-298125 upos=500 uneg=1915 ball=-68.46 vball=-18.95 aball=-61.1 bref=0.00 pid=-18.7 pref=-300.0 ppos=-298.1 apid=-0.0 integ=-0.0 vision=1 current=1 vframe=2153 vs=1 vage=24 vpage=24 vdt=22 vmax=204 vacc=2145 vrej=0 seq=0 elapsed=0 oled=3C
[   3796] STATUS mode=3 fault=none enc=-2 denc=0 sreq=0 sapplied=0 crate=-19 uimp=-298125 upos=500 uneg=1915 ball=-68.48 vball=-10.06 aball=-61.1 bref=0.00 pid=-18.7 pref=-300.0 ppos=-298.1 apid=-0.0 integ=-0.0 vision=1 current=1 vframe=2154 vs=1 vage=10 vpage=10 vdt=34 vmax=204 vacc=2146 vrej=0 seq=0 elapsed=0 oled=3C
[   3812] STATUS mode=3 fault=none enc=-2 denc=0 sreq=0 sapplied=0 crate=-19 uimp=-298125 upos=500 uneg=1915 ball=-68.48 vball=-10.06 aball=-61.1 bref=0.00 pid=-18.7 pref=-300.0 ppos=-298.1 apid=-0.0 integ=-0.0 vision=1 current=1 vframe=2154 vs=1 vage=50 vpage=50 vdt=34 vmax=204 vacc=2146 vrej=0 seq=0 elapsed=0 oled=3C
[   3843] STATUS mode=3 fault=none enc=-2 denc=0 sreq=0 sapplied=0 crate=-19 uimp=-298125 upos=500 uneg=1915 ball=-68.48 vball=-10.06 aball=-61.1 bref=0.00 pid=-18.7 pref=-300.0 ppos=-298.1 apid=-0.0 integ=-0.0 vision=1 current=1 vframe=2154 vs=1 vage=70 vpage=70 vdt=34 vmax=204 vacc=2146 vrej=0 seq=0 elapsed=0 oled=3C
[   3875] STATUS mode=3 fault=none enc=-2 denc=0 sreq=0 sapplied=0 crate=-19 uimp=-298125 upos=500 uneg=1915 ball=-68.48 vball=-10.06 aball=-61.1 bref=0.00 pid=-18.7 pref=-300.0 ppos=-298.1 apid=-0.0 integ=-0.0 vision=1 current=1 vframe=2154 vs=1 vage=90 vpage=90 vdt=34 vmax=204 vacc=2146 vrej=0 seq=0 elapsed=0 oled=3C
[   3905] STATUS mode=3 fault=none enc=-2 denc=0 sreq=0 sapplied=0 crate=-19 uimp=-298125 upos=500 uneg=1915 ball=-68.39 vball=0.33 aball=38.4 bref=0.00 pid=-18.7 pref=-300.0 ppos=-298.1 apid=0.0 integ=-0.0 vision=1 current=1 vframe=2156 vs=1 vage=14 vpage=14 vdt=21 vmax=204 vacc=2148 vrej=0 seq=0 elapsed=0 oled=3C
[   3921] STATUS mode=3 fault=none enc=-2 denc=0 sreq=0 sapplied=0 crate=-19 uimp=-298125 upos=500 uneg=1915 ball=-68.04 vball=5.14 aball=38.4 bref=0.00 pid=-18.7 pref=-300.0 ppos=-298.1 apid=0.0 integ=-0.0 vision=1 current=1 vframe=2157 vs=1 vage=1 vpage=1 vdt=33 vmax=204 vacc=2149 vrej=0 seq=0 elapsed=0 oled=3C
[   3952] STATUS mode=3 fault=none enc=-2 denc=0 sreq=0 sapplied=0 crate=-19 uimp=-298125 upos=500 uneg=1915 ball=-68.04 vball=5.14 aball=38.4 bref=0.00 pid=-18.7 pref=-300.0 ppos=-298.1 apid=0.0 integ=-0.0 vision=1 current=1 vframe=2157 vs=1 vage=21 vpage=21 vdt=33 vmax=204 vacc=2149 vrej=0 seq=0 elapsed=0 oled=3C
[   3984] STATUS mode=3 fault=none enc=-2 denc=0 sreq=0 sapplied=0 crate=-19 uimp=-298125 upos=500 uneg=1915 ball=-68.04 vball=5.14 aball=38.4 bref=0.00 pid=-18.7 pref=-300.0 ppos=-298.1 apid=0.0 integ=-0.0 vision=1 current=1 vframe=2157 vs=1 vage=61 vpage=61 vdt=33 vmax=204 vacc=2149 vrej=0 seq=0 elapsed=0 oled=3C
[   4016] STATUS mode=3 fault=none enc=-2 denc=0 sreq=0 sapplied=0 crate=-19 uimp=-298125 upos=500 uneg=1915 ball=-68.04 vball=5.14 aball=38.4 bref=0.00 pid=-18.7 pref=-300.0 ppos=-298.1 apid=0.0 integ=-0.0 vision=1 current=1 vframe=2157 vs=1 vage=81 vpage=81 vdt=33 vmax=204 vacc=2149 vrej=0 seq=0 elapsed=0 oled=3C
[   4030] STATUS mode=3 fault=none enc=-2 denc=0 sreq=0 sapplied=0 crate=-19 uimp=-298125 upos=500 uneg=1915 ball=-67.22 vball=7.39 aball=59.0 bref=0.00 pid=-18.7 pref=-300.0 ppos=-298.1 apid=0.0 integ=-0.0 vision=1 current=1 vframe=2158 vs=1 vage=6 vpage=6 vdt=95 vmax=204 vacc=2150 vrej=0 seq=0 elapsed=0 oled=3C
[   4062] STATUS mode=3 fault=none enc=3 denc=3 sreq=481 sapplied=481 crate=481 uimp=-293910 upos=515 uneg=1915 ball=-65.38 vball=52.19 aball=59.0 bref=0.00 pid=1340.2 pref=-159.9 ppos=-293.9 apid=0.0 integ=-0.0 vision=1 current=1 vframe=2159 vs=1 vage=24 vpage=24 vdt=22 vmax=204 vacc=2151 vrej=0 seq=0 elapsed=0 oled=3C
[   4093] STATUS mode=3 fault=none enc=19 denc=5 sreq=881 sapplied=881 crate=881 uimp=-281290 upos=535 uneg=1915 ball=-64.37 vball=41.25 aball=59.0 bref=0.00 pid=914.4 pref=-189.9 ppos=-281.3 apid=0.0 integ=-0.0 vision=1 current=1 vframe=2160 vs=1 vage=10 vpage=10 vdt=34 vmax=204 vacc=2152 vrej=0 seq=0 elapsed=0 oled=3C
[   4109] STATUS mode=3 fault=none enc=40 denc=5 sreq=746 sapplied=746 crate=746 uimp=-264470 upos=555 uneg=1915 ball=-64.37 vball=41.25 aball=59.0 bref=0.00 pid=746.2 pref=-189.9 ppos=-264.5 apid=0.0 integ=-0.0 vision=1 current=1 vframe=2160 vs=1 vage=30 vpage=30 vdt=34 vmax=204 vacc=2152 vrej=0 seq=0 elapsed=0 oled=3C
[   4141] STATUS mode=3 fault=none enc=72 denc=3 sreq=495 sapplied=495 crate=495 uimp=-239355 upos=595 uneg=1915 ball=-64.37 vball=41.25 aball=59.0 bref=0.00 pid=495.1 pref=-189.9 ppos=-239.4 apid=0.0 integ=-0.0 vision=1 current=1 vframe=2160 vs=1 vage=70 vpage=70 vdt=34 vmax=204 vacc=2152 vrej=0 seq=0 elapsed=0 oled=3C
[   4171] STATUS mode=3 fault=none enc=84 denc=3 sreq=403 sapplied=403 crate=403 uimp=-230175 upos=615 uneg=1915 ball=-64.37 vball=41.25 aball=59.0 bref=0.00 pid=403.3 pref=-189.9 ppos=-230.2 apid=0.0 integ=-0.0 vision=1 current=1 vframe=2160 vs=1 vage=90 vpage=90 vdt=34 vmax=204 vacc=2152 vrej=0 seq=0 elapsed=0 oled=3C
[   4202] STATUS mode=3 fault=none enc=93 denc=1 sreq=164 sapplied=164 crate=164 uimp=-223105 upos=635 uneg=1915 ball=-62.84 vball=30.72 aball=100.6 bref=0.00 pid=72.1 pref=-215.9 ppos=-223.1 apid=0.0 integ=-0.0 vision=1 current=1 vframe=2161 vs=1 vage=12 vpage=12 vdt=98 vmax=204 vacc=2153 vrej=0 seq=0 elapsed=0 oled=3C
[   4218] STATUS mode=3 fault=none enc=97 denc=0 sreq=352 sapplied=352 crate=352 uimp=-218815 upos=675 uneg=1915 ball=-60.77 vball=51.87 aball=100.6 bref=0.00 pid=809.5 pref=-137.9 ppos=-218.8 apid=0.0 integ=-0.0 vision=1 current=1 vframe=2162 vs=1 vage=17 vpage=17 vdt=35 vmax=204 vacc=2154 vrej=0 seq=0 elapsed=0 oled=3C
[   4250] STATUS mode=3 fault=none enc=109 denc=4 sreq=709 sapplied=709 crate=709 uimp=-208775 upos=695 uneg=1915 ball=-60.77 vball=51.87 aball=100.6 bref=0.00 pid=709.1 pref=-137.9 ppos=-208.8 apid=0.0 integ=-0.0 vision=1 current=1 vframe=2162 vs=1 vage=37 vpage=37 vdt=35 vmax=204 vacc=2154 vrej=0 seq=0 elapsed=0 oled=3C
[   4280] STATUS mode=3 fault=none enc=126 denc=4 sreq=578 sapplied=578 crate=578 uimp=-195620 upos=715 uneg=1915 ball=-60.77 vball=51.87 aball=100.6 bref=0.00 pid=577.5 pref=-137.9 ppos=-195.6 apid=0.0 integ=-0.0 vision=1 current=1 vframe=2162 vs=1 vage=57 vpage=57 vdt=35 vmax=204 vacc=2154 vrej=0 seq=0 elapsed=0 oled=3C
[   4312] STATUS mode=3 fault=none enc=150 denc=2 sreq=383 sapplied=383 crate=383 uimp=-176180 upos=755 uneg=1915 ball=-60.77 vball=51.87 aball=100.6 bref=0.00 pid=383.1 pref=-137.9 ppos=-176.2 apid=0.0 integ=-0.0 vision=1 current=1 vframe=2162 vs=1 vage=97 vpage=97 vdt=35 vmax=204 vacc=2154 vrej=0 seq=0 elapsed=0 oled=3C
[   4327] STATUS mode=3 fault=none enc=159 denc=2 sreq=200 sapplied=200 crate=200 uimp=-169485 upos=775 uneg=1915 ball=-58.16 vball=37.92 aball=105.2 bref=0.00 pid=200.4 pref=-149.4 ppos=-169.5 apid=0.0 integ=-0.0 vision=1 current=1 vframe=2164 vs=1 vage=3 vpage=3 vdt=9 vmax=204 vacc=2156 vrej=0 seq=0 elapsed=0 oled=3C
[   4359] STATUS mode=3 fault=none enc=165 denc=3 sreq=385 sapplied=385 crate=385 uimp=-165210 upos=800 uneg=1915 ball=-56.36 vball=62.42 aball=105.2 bref=0.00 pid=831.5 pref=-82.1 ppos=-165.2 apid=0.0 integ=-0.0 vision=1 current=1 vframe=2165 vs=1 vage=23 vpage=23 vdt=20 vmax=204 vacc=2157 vrej=0 seq=0 elapsed=0 oled=3C
[   4391] STATUS mode=3 fault=none enc=177 denc=3 sreq=385 sapplied=385 crate=385 uimp=-155510 upos=820 uneg=1915 ball=-55.54 vball=44.75 aball=105.2 bref=0.00 pid=210.1 pref=-134.5 ppos=-155.5 apid=0.0 integ=-0.0 vision=1 current=1 vframe=2166 vs=1 vage=12 vpage=12 vdt=31 vmax=204 vacc=2158 vrej=0 seq=0 elapsed=0 oled=3C
[   4421] STATUS mode=3 fault=none enc=182 denc=-1 sreq=159 sapplied=159 crate=159 uimp=-150400 upos=840 uneg=1915 ball=-55.54 vball=44.75 aball=105.2 bref=0.00 pid=159.0 pref=-134.5 ppos=-150.4 apid=0.0 integ=-0.0 vision=1 current=1 vframe=2166 vs=1 vage=32 vpage=32 vdt=31 vmax=204 vacc=2158 vrej=0 seq=0 elapsed=0 oled=3C
[   4437] STATUS mode=3 fault=none enc=189 denc=0 sreq=105 sapplied=105 crate=105 uimp=-145045 upos=880 uneg=1915 ball=-55.54 vball=44.75 aball=105.2 bref=0.00 pid=105.5 pref=-134.5 ppos=-145.0 apid=0.0 integ=-0.0 vision=1 current=1 vframe=2166 vs=1 vage=72 vpage=72 vdt=31 vmax=204 vacc=2158 vrej=0 seq=0 elapsed=0 oled=3C
[   4468] STATUS mode=3 fault=none enc=192 denc=1 sreq=86 sapplied=86 crate=86 uimp=-143095 upos=900 uneg=1915 ball=-55.54 vball=44.75 aball=105.2 bref=0.00 pid=86.0 pref=-134.5 ppos=-143.1 apid=0.0 integ=-0.0 vision=1 current=1 vframe=2166 vs=1 vage=92 vpage=92 vdt=31 vmax=204 vacc=2158 vrej=0 seq=0 elapsed=0 oled=3C
[   4500] STATUS mode=3 fault=none enc=193 denc=-1 sreq=-218 sapplied=-218 crate=-218 uimp=-142255 upos=910 uneg=1915 ball=-54.18 vball=29.53 aball=9.4 bref=0.00 pid=-341.5 pref=-176.4 ppos=-142.3 apid=0.0 integ=-0.0 vision=1 current=1 vframe=2167 vs=1 vage=17 vpage=17 vdt=95 vmax=204 vacc=2159 vrej=0 seq=0 elapsed=0 oled=3C
[   4530] STATUS mode=3 fault=none enc=189 denc=0 sreq=67 sapplied=67 crate=67 uimp=-145885 upos=920 uneg=1935 ball=-52.45 vball=29.89 aball=9.4 bref=0.00 pid=67.3 pref=-139.2 ppos=-145.9 apid=0.0 integ=-0.0 vision=1 current=1 vframe=2169 vs=1 vage=1 vpage=1 vdt=33 vmax=204 vacc=2161 vrej=0 seq=0 elapsed=0 oled=3C
[   4546] STATUS mode=3 fault=none enc=189 denc=-1 sreq=-194 sapplied=-194 crate=-194 uimp=-147235 upos=925 uneg=1945 ball=-52.45 vball=29.89 aball=9.4 bref=0.00 pid=-193.7 pref=-166.6 ppos=-147.2 apid=0.0 integ=-0.0 vision=1 current=1 vframe=2169 vs=1 vage=21 vpage=21 vdt=33 vmax=204 vacc=2161 vrej=0 seq=0 elapsed=0 oled=3C
[   4577] STATUS mode=3 fault=none enc=184 denc=-2 sreq=-158 sapplied=-158 crate=-158 uimp=-150830 upos=925 uneg=1965 ball=-52.45 vball=29.89 aball=9.4 bref=0.00 pid=-157.7 pref=-166.6 ppos=-150.8 apid=0.0 integ=-0.0 vision=1 current=1 vframe=2169 vs=1 vage=41 vpage=41 vdt=33 vmax=204 vacc=2161 vrej=0 seq=0 elapsed=0 oled=3C
[   4609] STATUS mode=3 fault=none enc=178 denc=-1 sreq=-105 sapplied=-105 crate=-105 uimp=-156135 upos=925 uneg=2005 ball=-52.45 vball=29.89 aball=9.4 bref=0.00 pid=-104.7 pref=-166.6 ppos=-156.1 apid=0.0 integ=-0.0 vision=1 current=1 vframe=2169 vs=1 vage=81 vpage=81 vdt=33 vmax=204 vacc=2161 vrej=0 seq=0 elapsed=0 oled=3C
[   4641] STATUS mode=3 fault=none enc=175 denc=-2 sreq=-190 sapplied=-190 crate=-190 uimp=-158075 upos=925 uneg=2025 ball=-51.62 vball=19.60 aball=-24.4 bref=0.00 pid=-373.0 pref=-195.4 ppos=-158.1 apid=-0.0 integ=-0.0 vision=1 current=1 vframe=2170 vs=1 vage=6 vpage=6 vdt=95 vmax=204 vacc=2162 vrej=0 seq=0 elapsed=0 oled=3C
[   4655] STATUS mode=3 fault=none enc=165 denc=-1 sreq=106 sapplied=106 crate=106 uimp=-165860 upos=925 uneg=2060 ball=-50.75 vball=30.77 aball=-24.4 bref=0.00 pid=105.7 pref=-155.3 ppos=-165.9 apid=-0.0 integ=-0.0 vision=1 current=1 vframe=2171 vs=1 vage=24 vpage=24 vdt=22 vmax=204 vacc=2163 vrej=0 seq=0 elapsed=0 oled=3C
[   4687] STATUS mode=3 fault=none enc=166 denc=-1 sreq=-105 sapplied=0 crate=-105 uimp=-164355 upos=940 uneg=2060 ball=-50.51 vball=19.19 aball=-24.4 bref=0.00 pid=-267.9 pref=-191.1 ppos=-164.4 apid=-0.0 integ=-0.0 vision=1 current=1 vframe=2172 vs=1 vage=10 vpage=10 vdt=34 vmax=204 vacc=2164 vrej=0 seq=0 elapsed=0 oled=3C
[   4718] STATUS mode=3 fault=none enc=163 denc=-1 sreq=-232 sapplied=-232 crate=-232 uimp=-167895 upos=940 uneg=2075 ball=-50.51 vball=19.19 aball=-24.4 bref=0.00 pid=-232.5 pref=-191.1 ppos=-167.9 apid=-0.0 integ=-0.0 vision=1 current=1 vframe=2172 vs=1 vage=30 vpage=30 vdt=34 vmax=204 vacc=2164 vrej=0 seq=0 elapsed=0 oled=3C
[   4750] STATUS mode=3 fault=none enc=153 denc=0 sreq=-154 sapplied=-154 crate=-154 uimp=-175715 upos=940 uneg=2115 ball=-50.51 vball=19.19 aball=-24.4 bref=0.00 pid=-154.3 pref=-191.1 ppos=-175.7 apid=-0.0 integ=-0.0 vision=1 current=1 vframe=2172 vs=1 vage=70 vpage=70 vdt=34 vmax=204 vacc=2164 vrej=0 seq=0 elapsed=0 oled=3C
[   4780] STATUS mode=3 fault=none enc=149 denc=0 sreq=-126 sapplied=-126 crate=-126 uimp=-178575 upos=940 uneg=2135 ball=-50.51 vball=19.19 aball=-24.4 bref=0.00 pid=-125.7 pref=-191.1 ppos=-178.6 apid=-0.0 integ=-0.0 vision=1 current=1 vframe=2172 vs=1 vage=90 vpage=90 vdt=34 vmax=204 vacc=2164 vrej=0 seq=0 elapsed=0 oled=3C
[   4796] STATUS mode=3 fault=none enc=134 denc=-3 sreq=-624 sapplied=-624 crate=-624 uimp=-190555 upos=940 uneg=2175 ball=-50.57 vball=-1.91 aball=-40.0 bref=0.00 pid=-916.7 pref=-282.2 ppos=-190.6 apid=-0.0 integ=-23.3 vision=1 current=1 vframe=2174 vs=1 vage=15 vpage=15 vdt=23 vmax=204 vacc=2166 vrej=0 seq=0 elapsed=0 oled=3C
[   4827] STATUS mode=3 fault=none enc=114 denc=-5 sreq=-768 sapplied=-768 crate=-768 uimp=-205455 upos=940 uneg=2195 ball=-50.61 vball=-1.51 aball=-40.0 bref=0.00 pid=-767.7 pref=-282.2 ppos=-205.5 apid=-0.0 integ=-23.3 vision=1 current=1 vframe=2175 vs=1 vage=1 vpage=1 vdt=34 vmax=204 vacc=2167 vrej=0 seq=0 elapsed=0 oled=3C
[   4859] STATUS mode=3 fault=none enc=97 denc=-4 sreq=-616 sapplied=-616 crate=-616 uimp=-219540 upos=940 uneg=2215 ball=-50.61 vball=-1.51 aball=-40.0 bref=0.00 pid=-616.0 pref=-281.1 ppos=-219.5 apid=-0.0 integ=-23.3 vision=1 current=1 vframe=2175 vs=1 vage=21 vpage=21 vdt=34 vmax=204 vacc=2167 vrej=0 seq=0 elapsed=0 oled=3C
[   4891] STATUS mode=3 fault=none enc=69 denc=-3 sreq=-409 sapplied=-409 crate=-409 uimp=-240275 upos=940 uneg=2255 ball=-50.61 vball=-1.51 aball=-40.0 bref=0.00 pid=-408.7 pref=-281.1 ppos=-240.3 apid=-0.0 integ=-23.3 vision=1 current=1 vframe=2175 vs=1 vage=61 vpage=61 vdt=34 vmax=204 vacc=2167 vrej=0 seq=0 elapsed=0 oled=3C
[   4905] STATUS mode=3 fault=none enc=60 denc=-2 sreq=-333 sapplied=-333 crate=-333 uimp=-247855 upos=940 uneg=2275 ball=-50.61 vball=-1.51 aball=-40.0 bref=0.00 pid=-332.9 pref=-281.1 ppos=-247.9 apid=-0.0 integ=-23.3 vision=1 current=1 vframe=2175 vs=1 vage=81 vpage=81 vdt=34 vmax=204 vacc=2167 vrej=0 seq=0 elapsed=0 oled=3C
[   4937] STATUS mode=3 fault=none enc=46 denc=-2 sreq=-136 sapplied=-136 crate=-136 uimp=-259135 upos=940 uneg=2315 ball=-50.25 vball=10.84 aball=-58.6 bref=0.00 pid=193.1 pref=-239.8 ppos=-259.1 apid=-0.0 integ=-0.0 vision=1 current=1 vframe=2177 vs=1 vage=5 vpage=5 vdt=21 vmax=204 vacc=2169 vrej=0 seq=0 elapsed=0 oled=3C
[   4968] STATUS mode=3 fault=none enc=44 denc=1 sreq=194 sapplied=194 crate=194 uimp=-259175 upos=945 uneg=2325 ball=-50.25 vball=10.84 aball=-58.6 bref=0.00 pid=193.5 pref=-239.8 ppos=-259.2 apid=-0.0 integ=-0.0 vision=1 current=1 vframe=2177 vs=1 vage=25 vpage=25 vdt=21 vmax=204 vacc=2169 vrej=0 seq=0 elapsed=0 oled=3C
[   5000] STATUS mode=3 fault=none enc=48 denc=1 sreq=0 sapplied=0 crate=14 uimp=-256035 upos=965 uneg=2325 ball=-50.21 vball=6.14 aball=-58.6 bref=0.00 pid=13.7 pref=-254.7 ppos=-256.0 apid=-0.0 integ=-0.0 vision=1 current=1 vframe=2178 vs=1 vage=12 vpage=12 vdt=33 vmax=204 vacc=2170 vrej=0 seq=0 elapsed=0 oled=3C
[   5016] STATUS mode=3 fault=none enc=48 denc=0 sreq=0 sapplied=0 crate=14 uimp=-256035 upos=965 uneg=2325 ball=-50.21 vball=6.14 aball=-58.6 bref=0.00 pid=13.7 pref=-254.7 ppos=-256.0 apid=-0.0 integ=-0.0 vision=1 current=1 vframe=2178 vs=1 vage=52 vpage=52 vdt=33 vmax=204 vacc=2170 vrej=0 seq=0 elapsed=0 oled=3C
[   5046] STATUS mode=3 fault=none enc=48 denc=0 sreq=0 sapplied=0 crate=14 uimp=-256035 upos=965 uneg=2325 ball=-50.21 vball=6.14 aball=-58.6 bref=0.00 pid=13.7 pref=-254.7 ppos=-256.0 apid=-0.0 integ=-0.0 vision=1 current=1 vframe=2178 vs=1 vage=72 vpage=72 vdt=33 vmax=204 vacc=2170 vrej=0 seq=0 elapsed=0 oled=3C
[   5077] STATUS mode=3 fault=none enc=48 denc=0 sreq=0 sapplied=0 crate=14 uimp=-256035 upos=965 uneg=2325 ball=-50.21 vball=6.14 aball=-58.6 bref=0.00 pid=13.7 pref=-254.7 ppos=-256.0 apid=-0.0 integ=-0.0 vision=1 current=1 vframe=2178 vs=1 vage=92 vpage=92 vdt=33 vmax=204 vacc=2170 vrej=0 seq=0 elapsed=0 oled=3C
[   5109] STATUS mode=3 fault=none enc=48 denc=1 sreq=-28 sapplied=-28 crate=-28 uimp=-257570 upos=965 uneg=2350 ball=-50.06 vball=4.13 aball=-17.7 bref=0.00 pid=-27.8 pref=-260.3 ppos=-257.6 apid=-0.0 integ=-0.0 vision=1 current=1 vframe=2180 vs=1 vage=13 vpage=13 vdt=25 vmax=204 vacc=2172 vrej=0 seq=0 elapsed=0 oled=3C
[   5125] STATUS mode=3 fault=none enc=47 denc=0 sreq=-23 sapplied=-23 crate=-23 uimp=-258085 upos=965 uneg=2370 ball=-50.05 vball=2.39 aball=-17.7 bref=0.00 pid=-22.6 pref=-260.3 ppos=-258.1 apid=-0.0 integ=-0.0 vision=1 current=1 vframe=2181 vs=1 vage=1 vpage=1 vdt=32 vmax=204 vacc=2173 vrej=0 seq=0 elapsed=0 oled=3C
[   5155] STATUS mode=3 fault=none enc=45 denc=-2 sreq=-364 sapplied=-364 crate=-364 uimp=-261545 upos=965 uneg=2390 ball=-50.05 vball=2.39 aball=-17.7 bref=0.00 pid=-363.5 pref=-297.9 ppos=-261.5 apid=-0.0 integ=-32.0 vision=1 current=1 vframe=2181 vs=1 vage=21 vpage=21 vdt=32 vmax=204 vacc=2173 vrej=0 seq=0 elapsed=0 oled=3C
[   5187] STATUS mode=3 fault=none enc=30 denc=-1 sreq=-241 sapplied=-241 crate=-241 uimp=-273780 upos=965 uneg=2430 ball=-50.05 vball=2.39 aball=-17.7 bref=0.00 pid=-241.2 pref=-297.9 ppos=-273.8 apid=-0.0 integ=-32.0 vision=1 current=1 vframe=2181 vs=1 vage=61 vpage=61 vdt=32 vmax=204 vacc=2173 vrej=0 seq=0 elapsed=0 oled=3C
[   5218] STATUS mode=3 fault=none enc=24 denc=-1 sreq=-196 sapplied=-196 crate=-196 uimp=-278255 upos=965 uneg=2450 ball=-50.05 vball=2.39 aball=-17.7 bref=0.00 pid=-196.4 pref=-297.9 ppos=-278.3 apid=-0.0 integ=-32.0 vision=1 current=1 vframe=2181 vs=1 vage=81 vpage=81 vdt=32 vmax=204 vacc=2173 vrej=0 seq=0 elapsed=0 oled=3C
[   5234] STATUS mode=3 fault=none enc=15 denc=-2 sreq=-266 sapplied=-266 crate=-266 uimp=-285490 upos=965 uneg=2490 ball=-49.94 vball=2.72 aball=-15.6 bref=0.00 pid=-307.8 pref=-316.3 ppos=-285.5 apid=-0.0 integ=-52.0 vision=1 current=1 vframe=2183 vs=1 vage=5 vpage=5 vdt=20 vmax=204 vacc=2175 vrej=0 seq=0 elapsed=0 oled=3C
[   5266] STATUS mode=3 fault=none enc=8 denc=-2 sreq=-252 sapplied=-252 crate=-252 uimp=-291020 upos=965 uneg=2510 ball=-49.94 vball=2.72 aball=-15.6 bref=0.00 pid=-252.5 pref=-316.3 ppos=-291.0 apid=-0.0 integ=-52.0 vision=1 current=1 vframe=2183 vs=1 vage=25 vpage=25 vdt=20 vmax=204 vacc=2175 vrej=0 seq=0 elapsed=0 oled=3C
[   5296] STATUS mode=3 fault=none enc=2 denc=-1 sreq=-246 sapplied=-246 crate=-246 uimp=-295915 upos=965 uneg=2530 ball=-49.94 vball=1.38 aball=-15.6 bref=0.00 pid=-246.4 pref=-320.6 ppos=-295.9 apid=-0.0 integ=-52.0 vision=1 current=1 vframe=2184 vs=1 vage=12 vpage=12 vdt=33 vmax=204 vacc=2176 vrej=0 seq=0 elapsed=0 oled=3C
[   5327] STATUS mode=3 fault=none enc=-10 denc=-2 sreq=-163 sapplied=-163 crate=-163 uimp=-304205 upos=965 uneg=2570 ball=-49.94 vball=1.38 aball=-15.6 bref=0.00 pid=-163.5 pref=-320.6 ppos=-304.2 apid=-0.0 integ=-52.0 vision=1 current=1 vframe=2184 vs=1 vage=52 vpage=52 vdt=33 vmax=204 vacc=2176 vrej=0 seq=0 elapsed=0 oled=3C
[   5359] STATUS mode=3 fault=none enc=-13 denc=0 sreq=-133 sapplied=-133 crate=-133 uimp=-307235 upos=965 uneg=2590 ball=-49.94 vball=1.38 aball=-15.6 bref=0.00 pid=-133.2 pref=-320.6 ppos=-307.2 apid=-0.0 integ=-52.0 vision=1 current=1 vframe=2184 vs=1 vage=72 vpage=72 vdt=33 vmax=204 vacc=2176 vrej=0 seq=0 elapsed=0 oled=3C
[   5375] STATUS mode=3 fault=none enc=-17 denc=-2 sreq=-108 sapplied=-108 crate=-108 uimp=-309705 upos=965 uneg=2610 ball=-49.94 vball=1.38 aball=-15.6 bref=0.00 pid=-108.5 pref=-320.6 ppos=-309.7 apid=-0.0 integ=-52.0 vision=1 current=1 vframe=2184 vs=1 vage=92 vpage=92 vdt=33 vmax=204 vacc=2176 vrej=0 seq=0 elapsed=0 oled=3C
[   5405] STATUS mode=3 fault=none enc=-20 denc=0 sreq=-68 sapplied=-68 crate=-68 uimp=-313335 upos=965 uneg=2650 ball=-49.75 vball=1.20 aball=-8.8 bref=0.00 pid=-68.5 pref=-320.2 ppos=-313.3 apid=-0.0 integ=-52.0 vision=1 current=1 vframe=2185 vs=1 vage=11 vpage=11 vdt=121 vmax=204 vacc=2177 vrej=0 seq=0 elapsed=0 oled=3C
[   5437] STATUS mode=3 fault=none enc=-22 denc=-1 sreq=-56 sapplied=-56 crate=-56 uimp=-314605 upos=965 uneg=2670 ball=-49.75 vball=1.20 aball=-8.8 bref=0.00 pid=-55.8 pref=-320.2 ppos=-314.6 apid=-0.0 integ=-52.0 vision=1 current=1 vframe=2185 vs=1 vage=31 vpage=31 vdt=121 vmax=204 vacc=2177 vrej=0 seq=0 elapsed=0 oled=3C
[   5468] STATUS mode=3 fault=none enc=-22 denc=0 sreq=0 sapplied=0 crate=0 uimp=-313360 upos=990 uneg=2675 ball=-49.45 vball=2.63 aball=-8.8 bref=0.00 pid=0.0 pref=-314.1 ppos=-313.4 apid=-0.0 integ=-52.0 vision=1 current=1 vframe=2187 vs=1 vage=9 vpage=9 vdt=31 vmax=204 vacc=2179 vrej=0 seq=0 elapsed=0 oled=3C
[   5484] STATUS mode=3 fault=none enc=-22 denc=0 sreq=0 sapplied=0 crate=0 uimp=-313360 upos=990 uneg=2675 ball=-49.45 vball=2.63 aball=-8.8 bref=0.00 pid=0.0 pref=-314.1 ppos=-313.4 apid=-0.0 integ=-52.0 vision=1 current=1 vframe=2187 vs=1 vage=29 vpage=29 vdt=31 vmax=204 vacc=2179 vrej=0 seq=0 elapsed=0 oled=3C
[   5516] STATUS mode=3 fault=none enc=-22 denc=0 sreq=0 sapplied=0 crate=0 uimp=-313360 upos=990 uneg=2675 ball=-49.45 vball=2.63 aball=-8.8 bref=0.00 pid=0.0 pref=-314.1 ppos=-313.4 apid=-0.0 integ=-52.0 vision=1 current=1 vframe=2187 vs=1 vage=49 vpage=49 vdt=31 vmax=204 vacc=2179 vrej=0 seq=0 elapsed=0 oled=3C
[   5546] STATUS mode=3 fault=none enc=-22 denc=0 sreq=0 sapplied=0 crate=0 uimp=-313360 upos=990 uneg=2675 ball=-49.45 vball=2.63 aball=-8.8 bref=0.00 pid=0.0 pref=-314.1 ppos=-313.4 apid=-0.0 integ=-52.0 vision=1 current=1 vframe=2187 vs=1 vage=89 vpage=89 vdt=31 vmax=204 vacc=2179 vrej=0 seq=0 elapsed=0 oled=3C
[   5562] STATUS mode=3 fault=none enc=-22 denc=0 sreq=-27 sapplied=0 crate=-27 uimp=-313360 upos=990 uneg=2675 ball=-49.35 vball=1.87 aball=-3.0 bref=0.00 pid=-26.8 pref=-316.0 ppos=-313.4 apid=-0.0 integ=-52.0 vision=1 current=1 vframe=2188 vs=1 vage=8 vpage=8 vdt=101 vmax=204 vacc=2180 vrej=0 seq=0 elapsed=0 oled=3C
[   5593] STATUS mode=3 fault=none enc=-22 denc=0 sreq=-23 sapplied=-23 crate=-23 uimp=-313740 upos=990 uneg=2690 ball=-49.35 vball=1.87 aball=-3.0 bref=0.00 pid=-23.0 pref=-316.0 ppos=-313.7 apid=-0.0 integ=-52.0 vision=1 current=1 vframe=2188 vs=1 vage=28 vpage=28 vdt=101 vmax=204 vacc=2180 vrej=0 seq=0 elapsed=0 oled=3C
[   5625] STATUS mode=3 fault=none enc=-22 denc=0 sreq=-27 sapplied=-27 crate=-27 uimp=-314455 upos=990 uneg=2720 ball=-49.31 vball=1.47 aball=-3.0 bref=0.00 pid=-26.6 pref=-317.1 ppos=-314.5 apid=-0.0 integ=-52.0 vision=1 current=1 vframe=2189 vs=1 vage=15 vpage=15 vdt=53 vmax=204 vacc=2181 vrej=0 seq=0 elapsed=0 oled=3C
[   5655] STATUS mode=3 fault=none enc=-22 denc=0 sreq=-34 sapplied=-34 crate=-34 uimp=-314950 upos=990 uneg=2740 ball=-49.31 vball=1.08 aball=-6.1 bref=0.00 pid=-34.1 pref=-318.4 ppos=-315.0 apid=-0.0 integ=-52.0 vision=1 current=1 vframe=2190 vs=1 vage=8 vpage=8 vdt=27 vmax=204 vacc=2182 vrej=0 seq=0 elapsed=0 oled=3C
[   5671] STATUS mode=3 fault=none enc=-23 denc=0 sreq=-38 sapplied=-38 crate=-38 uimp=-315580 upos=990 uneg=2760 ball=-49.31 vball=0.77 aball=-6.1 bref=0.00 pid=-37.8 pref=-319.4 ppos=-315.6 apid=-0.0 integ=-52.0 vision=1 current=1 vframe=2191 vs=1 vage=4 vpage=4 vdt=24 vmax=204 vacc=2183 vrej=0 seq=0 elapsed=0 oled=3C
[   5702] STATUS mode=3 fault=none enc=-25 denc=0 sreq=-25 sapplied=-25 crate=-25 uimp=-316850 upos=990 uneg=2800 ball=-49.31 vball=0.77 aball=-6.1 bref=0.00 pid=-25.1 pref=-319.4 ppos=-316.9 apid=-0.0 integ=-52.0 vision=1 current=1 vframe=2191 vs=1 vage=44 vpage=44 vdt=24 vmax=204 vacc=2183 vrej=0 seq=0 elapsed=0 oled=3C
[   5734] STATUS mode=3 fault=none enc=-26 denc=0 sreq=-20 sapplied=-20 crate=-20 uimp=-317315 upos=990 uneg=2820 ball=-49.31 vball=0.77 aball=-6.1 bref=0.00 pid=-20.4 pref=-319.4 ppos=-317.3 apid=-0.0 integ=-52.0 vision=1 current=1 vframe=2191 vs=1 vage=64 vpage=64 vdt=24 vmax=204 vacc=2183 vrej=0 seq=0 elapsed=0 oled=3C
[   5766] STATUS mode=3 fault=none enc=-26 denc=0 sreq=0 sapplied=0 crate=-19 uimp=-317415 upos=990 uneg=2825 ball=-49.31 vball=0.77 aball=-6.1 bref=0.00 pid=-19.4 pref=-319.4 ppos=-317.4 apid=-0.0 integ=-52.0 vision=1 current=1 vframe=2191 vs=1 vage=84 vpage=84 vdt=24 vmax=204 vacc=2183 vrej=0 seq=0 elapsed=0 oled=3C
[   5780] STATUS mode=3 fault=none enc=-26 denc=0 sreq=-29 sapplied=-29 crate=-29 uimp=-317705 upos=990 uneg=2835 ball=-49.31 vball=0.39 aball=-5.3 bref=0.00 pid=-28.7 pref=-320.6 ppos=-317.7 apid=-0.0 integ=-52.0 vision=1 current=1 vframe=2193 vs=1 vage=10 vpage=10 vdt=8 vmax=204 vacc=2185 vrej=0 seq=0 elapsed=0 oled=3C
[   5812] STATUS mode=3 fault=none enc=-26 denc=0 sreq=-23 sapplied=-23 crate=-23 uimp=-318240 upos=990 uneg=2855 ball=-49.31 vball=0.39 aball=-5.3 bref=0.00 pid=-23.3 pref=-320.6 ppos=-318.2 apid=-0.0 integ=-52.0 vision=1 current=1 vframe=2193 vs=1 vage=30 vpage=30 vdt=8 vmax=204 vacc=2185 vrej=0 seq=0 elapsed=0 oled=3C
[   5843] STATUS mode=3 fault=none enc=-27 denc=0 sreq=0 sapplied=0 crate=-19 uimp=-319415 upos=990 uneg=2895 ball=-49.31 vball=0.17 aball=-5.3 bref=0.00 pid=-18.6 pref=-321.3 ppos=-319.4 apid=-0.0 integ=-52.0 vision=1 current=1 vframe=2195 vs=1 vage=6 vpage=6 vdt=33 vmax=204 vacc=2187 vrej=0 seq=0 elapsed=0 oled=3C
[   5875] STATUS mode=3 fault=none enc=-28 denc=1 sreq=0 sapplied=0 crate=-19 uimp=-319415 upos=990 uneg=2895 ball=-49.31 vball=0.17 aball=-5.3 bref=0.00 pid=-18.6 pref=-321.3 ppos=-319.4 apid=-0.0 integ=-52.0 vision=1 current=1 vframe=2195 vs=1 vage=26 vpage=26 vdt=33 vmax=204 vacc=2187 vrej=0 seq=0 elapsed=0 oled=3C
[   5891] STATUS mode=3 fault=none enc=-28 denc=0 sreq=0 sapplied=0 crate=-19 uimp=-319415 upos=990 uneg=2895 ball=-49.31 vball=0.17 aball=-5.3 bref=0.00 pid=-18.6 pref=-321.3 ppos=-319.4 apid=-0.0 integ=-52.0 vision=1 current=1 vframe=2195 vs=1 vage=46 vpage=46 vdt=33 vmax=204 vacc=2187 vrej=0 seq=0 elapsed=0 oled=3C
[   5921] STATUS mode=3 fault=none enc=-28 denc=0 sreq=0 sapplied=0 crate=-19 uimp=-319415 upos=990 uneg=2895 ball=-49.31 vball=0.17 aball=-5.3 bref=0.00 pid=-18.6 pref=-321.3 ppos=-319.4 apid=-0.0 integ=-52.0 vision=1 current=1 vframe=2195 vs=1 vage=86 vpage=86 vdt=33 vmax=204 vacc=2187 vrej=0 seq=0 elapsed=0 oled=3C
[   5952] STATUS mode=3 fault=none enc=-28 denc=0 sreq=-25 sapplied=-25 crate=-25 uimp=-319545 upos=990 uneg=2900 ball=-49.32 vball=-0.04 aball=-4.4 bref=0.00 pid=-24.5 pref=-322.0 ppos=-319.5 apid=-0.0 integ=-52.0 vision=1 current=1 vframe=2196 vs=1 vage=10 vpage=10 vdt=96 vmax=204 vacc=2188 vrej=0 seq=0 elapsed=0 oled=3C
[   5968] STATUS mode=3 fault=none enc=-30 denc=-2 sreq=0 sapplied=0 crate=0 uimp=-319895 upos=990 uneg=2915 ball=-49.31 vball=0.40 aball=-4.4 bref=0.00 pid=0.0 pref=-320.5 ppos=-319.9 apid=-0.0 integ=-52.0 vision=1 current=1 vframe=2197 vs=1 vage=9 vpage=9 vdt=21 vmax=204 vacc=2189 vrej=0 seq=0 elapsed=0 oled=3C
[   6000] STATUS mode=3 fault=none enc=-30 denc=0 sreq=-27 sapplied=-27 crate=-27 uimp=-320185 upos=990 uneg=2925 ball=-49.34 vball=-0.28 aball=-4.4 bref=0.00 pid=-26.8 pref=-322.9 ppos=-320.2 apid=-0.0 integ=-52.0 vision=1 current=1 vframe=2198 vs=1 vage=15 vpage=15 vdt=34 vmax=204 vacc=2190 vrej=0 seq=0 elapsed=0 oled=3C
[   6030] STATUS mode=3 fault=none enc=-30 denc=0 sreq=-22 sapplied=-22 crate=-22 uimp=-320680 upos=990 uneg=2945 ball=-49.34 vball=-0.28 aball=-4.4 bref=0.00 pid=-21.9 pref=-322.9 ppos=-320.7 apid=-0.0 integ=-52.0 vision=1 current=1 vframe=2198 vs=1 vage=35 vpage=35 vdt=34 vmax=204 vacc=2190 vrej=0 seq=0 elapsed=0 oled=3C
[   6062] STATUS mode=3 fault=none enc=-31 denc=-1 sreq=0 sapplied=0 crate=-19 uimp=-320995 upos=990 uneg=2960 ball=-49.34 vball=-0.28 aball=-4.4 bref=0.00 pid=-18.7 pref=-322.9 ppos=-321.0 apid=-0.0 integ=-52.0 vision=1 current=1 vframe=2198 vs=1 vage=55 vpage=55 vdt=34 vmax=204 vacc=2190 vrej=0 seq=0 elapsed=0 oled=3C
[   6077] STATUS mode=3 fault=none enc=-31 denc=0 sreq=0 sapplied=0 crate=-19 uimp=-320995 upos=990 uneg=2960 ball=-49.34 vball=-0.28 aball=-4.4 bref=0.00 pid=-18.7 pref=-322.9 ppos=-321.0 apid=-0.0 integ=-52.0 vision=1 current=1 vframe=2198 vs=1 vage=95 vpage=95 vdt=34 vmax=204 vacc=2190 vrej=0 seq=0 elapsed=0 oled=3C
[   6109] STATUS mode=3 fault=none enc=-31 denc=0 sreq=0 sapplied=0 crate=15 uimp=-320995 upos=990 uneg=2960 ball=-49.24 vball=0.61 aball=-0.5 bref=0.00 pid=14.8 pref=-319.5 ppos=-321.0 apid=-0.0 integ=-52.0 vision=1 current=1 vframe=2199 vs=1 vage=20 vpage=20 vdt=95 vmax=204 vacc=2191 vrej=0 seq=0 elapsed=0 oled=3C
[   6141] STATUS mode=3 fault=none enc=-31 denc=0 sreq=35 sapplied=35 crate=35 uimp=-320810 upos=995 uneg=2960 ball=-49.20 vball=1.25 aball=-0.5 bref=0.00 pid=35.4 pref=-317.3 ppos=-320.8 apid=-0.0 integ=-52.0 vision=1 current=1 vframe=2200 vs=1 vage=17 vpage=17 vdt=23 vmax=204 vacc=2192 vrej=0 seq=0 elapsed=0 oled=3C
[   6171] STATUS mode=3 fault=none enc=-30 denc=0 sreq=0 sapplied=0 crate=19 uimp=-319910 upos=1025 uneg=2960 ball=-49.18 vball=0.98 aball=-0.5 bref=0.00 pid=18.8 pref=-318.0 ppos=-319.9 apid=-0.0 integ=-52.0 vision=1 current=1 vframe=2201 vs=1 vage=23 vpage=23 vdt=34 vmax=204 vacc=2193 vrej=0 seq=0 elapsed=0 oled=3C
[   6187] STATUS mode=3 fault=none enc=-30 denc=0 sreq=0 sapplied=0 crate=19 uimp=-319910 upos=1025 uneg=2960 ball=-49.18 vball=0.98 aball=-0.5 bref=0.00 pid=18.8 pref=-318.0 ppos=-319.9 apid=-0.0 integ=-52.0 vision=1 current=1 vframe=2201 vs=1 vage=43 vpage=43 vdt=34 vmax=204 vacc=2193 vrej=0 seq=0 elapsed=0 oled=3C
[   6218] STATUS mode=3 fault=none enc=-30 denc=0 sreq=0 sapplied=0 crate=19 uimp=-319910 upos=1025 uneg=2960 ball=-49.18 vball=0.98 aball=-0.5 bref=0.00 pid=18.8 pref=-318.0 ppos=-319.9 apid=-0.0 integ=-52.0 vision=1 current=1 vframe=2201 vs=1 vage=63 vpage=63 vdt=34 vmax=204 vacc=2193 vrej=0 seq=0 elapsed=0 oled=3C
[   6250] STATUS mode=3 fault=none enc=-30 denc=0 sreq=0 sapplied=0 crate=0 uimp=-319910 upos=1025 uneg=2960 ball=-49.16 vball=0.62 aball=-0.2 bref=0.00 pid=0.0 pref=-319.1 ppos=-319.9 apid=-0.0 integ=-52.0 vision=1 current=1 vframe=2202 vs=1 vage=9 vpage=9 vdt=94 vmax=204 vacc=2194 vrej=0 seq=0 elapsed=0 oled=3C
[   6266] STATUS mode=3 fault=none enc=-30 denc=0 sreq=0 sapplied=0 crate=0 uimp=-319910 upos=1025 uneg=2960 ball=-49.15 vball=0.51 aball=-0.2 bref=0.00 pid=0.0 pref=-319.4 ppos=-319.9 apid=-0.0 integ=-52.0 vision=1 current=1 vframe=2203 vs=1 vage=8 vpage=8 vdt=21 vmax=204 vacc=2195 vrej=0 seq=0 elapsed=0 oled=3C
[   6296] STATUS mode=3 fault=none enc=-30 denc=0 sreq=0 sapplied=0 crate=0 uimp=-319910 upos=1025 uneg=2960 ball=-49.15 vball=0.51 aball=-0.2 bref=0.00 pid=0.0 pref=-319.4 ppos=-319.9 apid=-0.0 integ=-52.0 vision=1 current=1 vframe=2203 vs=1 vage=28 vpage=28 vdt=21 vmax=204 vacc=2195 vrej=0 seq=0 elapsed=0 oled=3C
[   6327] STATUS mode=3 fault=none enc=-30 denc=0 sreq=0 sapplied=0 crate=0 uimp=-319910 upos=1025 uneg=2960 ball=-49.15 vball=0.27 aball=-0.2 bref=0.00 pid=0.0 pref=-320.2 ppos=-319.9 apid=-0.0 integ=-52.0 vision=1 current=1 vframe=2204 vs=1 vage=35 vpage=35 vdt=33 vmax=204 vacc=2196 vrej=0 seq=0 elapsed=0 oled=3C
[   6359] STATUS mode=3 fault=none enc=-30 denc=0 sreq=0 sapplied=0 crate=0 uimp=-319910 upos=1025 uneg=2960 ball=-49.15 vball=0.27 aball=-0.2 bref=0.00 pid=0.0 pref=-320.2 ppos=-319.9 apid=-0.0 integ=-52.0 vision=1 current=1 vframe=2204 vs=1 vage=55 vpage=55 vdt=33 vmax=204 vacc=2196 vrej=0 seq=0 elapsed=0 oled=3C
[   6375] STATUS mode=3 fault=none enc=-30 denc=0 sreq=0 sapplied=0 crate=0 uimp=-319910 upos=1025 uneg=2960 ball=-49.15 vball=0.27 aball=-0.2 bref=0.00 pid=0.0 pref=-320.2 ppos=-319.9 apid=-0.0 integ=-52.0 vision=1 current=1 vframe=2204 vs=1 vage=75 vpage=75 vdt=33 vmax=204 vacc=2196 vrej=0 seq=0 elapsed=0 oled=3C
[   6405] STATUS mode=3 fault=none enc=-30 denc=0 sreq=0 sapplied=0 crate=0 uimp=-319910 upos=1025 uneg=2960 ball=-49.15 vball=0.12 aball=-1.6 bref=0.00 pid=0.0 pref=-320.6 ppos=-319.9 apid=-0.0 integ=-52.0 vision=1 current=1 vframe=2205 vs=1 vage=19 vpage=19 vdt=96 vmax=204 vacc=2197 vrej=0 seq=0 elapsed=0 oled=3C
[   6437] STATUS mode=3 fault=none enc=-30 denc=0 sreq=0 sapplied=0 crate=-15 uimp=-319910 upos=1025 uneg=2960 ball=-49.16 vball=-0.10 aball=-1.6 bref=0.00 pid=-14.8 pref=-321.4 ppos=-319.9 apid=-0.0 integ=-52.0 vision=1 current=1 vframe=2206 vs=1 vage=18 vpage=18 vdt=21 vmax=204 vacc=2198 vrej=0 seq=0 elapsed=0 oled=3C
[   6452] STATUS mode=3 fault=none enc=-30 denc=0 sreq=0 sapplied=0 crate=-14 uimp=-319910 upos=1025 uneg=2960 ball=-49.16 vball=-0.07 aball=-1.6 bref=0.00 pid=-13.8 pref=-321.3 ppos=-319.9 apid=-0.0 integ=-52.0 vision=1 current=1 vframe=2207 vs=1 vage=25 vpage=25 vdt=33 vmax=204 vacc=2199 vrej=0 seq=0 elapsed=0 oled=3C
[   6484] STATUS mode=3 fault=none enc=-30 denc=0 sreq=0 sapplied=0 crate=-14 uimp=-319910 upos=1025 uneg=2960 ball=-49.16 vball=-0.07 aball=-1.6 bref=0.00 pid=-13.8 pref=-321.3 ppos=-319.9 apid=-0.0 integ=-52.0 vision=1 current=1 vframe=2207 vs=1 vage=45 vpage=45 vdt=33 vmax=204 vacc=2199 vrej=0 seq=0 elapsed=0 oled=3C
[   6516] STATUS mode=3 fault=none enc=-30 denc=0 sreq=0 sapplied=0 crate=-14 uimp=-319910 upos=1025 uneg=2960 ball=-49.16 vball=-0.07 aball=-1.6 bref=0.00 pid=-13.8 pref=-321.3 ppos=-319.9 apid=-0.0 integ=-52.0 vision=1 current=1 vframe=2207 vs=1 vage=65 vpage=65 vdt=33 vmax=204 vacc=2199 vrej=0 seq=0 elapsed=0 oled=3C
[   6546] STATUS mode=3 fault=none enc=-30 denc=0 sreq=0 sapplied=0 crate=-13 uimp=-319910 upos=1025 uneg=2960 ball=-49.16 vball=-0.04 aball=-1.4 bref=0.00 pid=-12.9 pref=-321.2 ppos=-319.9 apid=-0.0 integ=-52.0 vision=1 current=1 vframe=2208 vs=1 vage=11 vpage=11 vdt=94 vmax=204 vacc=2200 vrej=0 seq=0 elapsed=0 oled=3C
[   6562] STATUS mode=3 fault=none enc=-30 denc=0 sreq=-21 sapplied=0 crate=-21 uimp=-319910 upos=1025 uneg=2960 ball=-49.17 vball=-0.27 aball=-1.4 bref=0.00 pid=-20.7 pref=-322.0 ppos=-319.9 apid=-0.0 integ=-52.0 vision=1 current=1 vframe=2209 vs=1 vage=8 vpage=8 vdt=23 vmax=204 vacc=2201 vrej=0 seq=0 elapsed=0 oled=3C
[   6593] STATUS mode=3 fault=none enc=-30 denc=0 sreq=0 sapplied=0 crate=-19 uimp=-320115 upos=1025 uneg=2970 ball=-49.17 vball=-0.27 aball=-1.4 bref=0.00 pid=-18.7 pref=-322.0 ppos=-320.1 apid=-0.0 integ=-52.0 vision=1 current=1 vframe=2209 vs=1 vage=28 vpage=28 vdt=23 vmax=204 vacc=2201 vrej=0 seq=0 elapsed=0 oled=3C
[   6625] STATUS mode=3 fault=none enc=-30 denc=0 sreq=0 sapplied=0 crate=0 uimp=-320115 upos=1025 uneg=2970 ball=-49.17 vball=0.01 aball=-1.4 bref=0.00 pid=0.0 pref=-321.1 ppos=-320.1 apid=-0.0 integ=-52.0 vision=1 current=1 vframe=2210 vs=1 vage=35 vpage=35 vdt=33 vmax=204 vacc=2202 vrej=0 seq=0 elapsed=0 oled=3C
[   6655] STATUS mode=3 fault=none enc=-30 denc=0 sreq=0 sapplied=0 crate=0 uimp=-320115 upos=1025 uneg=2970 ball=-49.17 vball=0.01 aball=-1.4 bref=0.00 pid=0.0 pref=-321.1 ppos=-320.1 apid=-0.0 integ=-52.0 vision=1 current=1 vframe=2210 vs=1 vage=55 vpage=55 vdt=33 vmax=204 vacc=2202 vrej=0 seq=0 elapsed=0 oled=3C
[   6671] STATUS mode=3 fault=none enc=-30 denc=0 sreq=0 sapplied=0 crate=0 uimp=-320115 upos=1025 uneg=2970 ball=-49.17 vball=0.01 aball=-1.4 bref=0.00 pid=0.0 pref=-321.1 ppos=-320.1 apid=-0.0 integ=-52.0 vision=1 current=1 vframe=2210 vs=1 vage=75 vpage=75 vdt=33 vmax=204 vacc=2202 vrej=0 seq=0 elapsed=0 oled=3C
[   6702] STATUS mode=3 fault=none enc=-30 denc=0 sreq=0 sapplied=0 crate=0 uimp=-320115 upos=1025 uneg=2970 ball=-49.17 vball=0.03 aball=-0.5 bref=0.00 pid=0.0 pref=-321.0 ppos=-320.1 apid=-0.0 integ=-52.0 vision=1 current=1 vframe=2211 vs=1 vage=21 vpage=21 vdt=94 vmax=204 vacc=2203 vrej=0 seq=0 elapsed=0 oled=3C
[   6734] STATUS mode=3 fault=none enc=-30 denc=0 sreq=-28 sapplied=-28 crate=-28 uimp=-320420 upos=1025 uneg=2980 ball=-49.20 vball=-0.67 aball=-0.5 bref=0.00 pid=-28.4 pref=-323.3 ppos=-320.4 apid=-0.0 integ=-52.0 vision=1 current=1 vframe=2212 vs=1 vage=18 vpage=18 vdt=23 vmax=204 vacc=2204 vrej=0 seq=0 elapsed=0 oled=3C
[   6766] STATUS mode=3 fault=none enc=-30 denc=0 sreq=0 sapplied=0 crate=-15 uimp=-320945 upos=1025 uneg=3000 ball=-49.20 vball=-0.38 aball=-0.5 bref=0.00 pid=-15.4 pref=-322.5 ppos=-320.9 apid=-0.0 integ=-52.0 vision=1 current=1 vframe=2213 vs=1 vage=5 vpage=5 vdt=33 vmax=204 vacc=2205 vrej=0 seq=0 elapsed=0 oled=3C
[   6780] STATUS mode=3 fault=none enc=-31 denc=0 sreq=0 sapplied=0 crate=-15 uimp=-320945 upos=1025 uneg=3000 ball=-49.20 vball=-0.38 aball=-0.5 bref=0.00 pid=-15.4 pref=-322.5 ppos=-320.9 apid=-0.0 integ=-52.0 vision=1 current=1 vframe=2213 vs=1 vage=45 vpage=45 vdt=33 vmax=204 vacc=2205 vrej=0 seq=0 elapsed=0 oled=3C
[   6812] STATUS mode=3 fault=none enc=-31 denc=0 sreq=0 sapplied=0 crate=-15 uimp=-320945 upos=1025 uneg=3000 ball=-49.20 vball=-0.38 aball=-0.5 bref=0.00 pid=-15.4 pref=-322.5 ppos=-320.9 apid=-0.0 integ=-52.0 vision=1 current=1 vframe=2213 vs=1 vage=65 vpage=65 vdt=33 vmax=204 vacc=2205 vrej=0 seq=0 elapsed=0 oled=3C
[   6843] STATUS mode=3 fault=none enc=-31 denc=0 sreq=0 sapplied=0 crate=-15 uimp=-320945 upos=1025 uneg=3000 ball=-49.20 vball=-0.38 aball=-0.5 bref=0.00 pid=-15.4 pref=-322.5 ppos=-320.9 apid=-0.0 integ=-52.0 vision=1 current=1 vframe=2213 vs=1 vage=85 vpage=85 vdt=33 vmax=204 vacc=2205 vrej=0 seq=0 elapsed=0 oled=3C
[   6859] STATUS mode=3 fault=none enc=-31 denc=0 sreq=0 sapplied=0 crate=0 uimp=-320945 upos=1025 uneg=3000 ball=-49.21 vball=-0.19 aball=-1.0 bref=0.00 pid=0.0 pref=-321.9 ppos=-320.9 apid=-0.0 integ=-52.0 vision=1 current=1 vframe=2215 vs=1 vage=9 vpage=9 vdt=21 vmax=204 vacc=2207 vrej=0 seq=0 elapsed=0 oled=3C
[   6891] STATUS mode=3 fault=none enc=-31 denc=0 sreq=0 sapplied=0 crate=0 uimp=-320945 upos=1025 uneg=3000 ball=-49.21 vball=-0.19 aball=-1.0 bref=0.00 pid=0.0 pref=-321.9 ppos=-320.9 apid=-0.0 integ=-52.0 vision=1 current=1 vframe=2215 vs=1 vage=29 vpage=29 vdt=21 vmax=204 vacc=2207 vrej=0 seq=0 elapsed=0 oled=3C
[   6921] STATUS mode=3 fault=none enc=-31 denc=0 sreq=0 sapplied=0 crate=0 uimp=-320945 upos=1025 uneg=3000 ball=-49.20 vball=0.03 aball=-1.0 bref=0.00 pid=0.0 pref=-321.2 ppos=-320.9 apid=-0.0 integ=-52.0 vision=1 current=1 vframe=2216 vs=1 vage=36 vpage=36 vdt=33 vmax=204 vacc=2208 vrej=0 seq=0 elapsed=0 oled=3C
[   6952] STATUS mode=3 fault=none enc=-31 denc=0 sreq=0 sapplied=0 crate=0 uimp=-320945 upos=1025 uneg=3000 ball=-49.20 vball=0.03 aball=-1.0 bref=0.00 pid=0.0 pref=-321.2 ppos=-320.9 apid=-0.0 integ=-52.0 vision=1 current=1 vframe=2216 vs=1 vage=56 vpage=56 vdt=33 vmax=204 vacc=2208 vrej=0 seq=0 elapsed=0 oled=3C
[   6968] STATUS mode=3 fault=none enc=-31 denc=0 sreq=0 sapplied=0 crate=0 uimp=-320945 upos=1025 uneg=3000 ball=-49.20 vball=0.03 aball=-1.0 bref=0.00 pid=0.0 pref=-321.2 ppos=-320.9 apid=-0.0 integ=-52.0 vision=1 current=1 vframe=2216 vs=1 vage=76 vpage=76 vdt=33 vmax=204 vacc=2208 vrej=0 seq=0 elapsed=0 oled=3C
[   7000] STATUS mode=3 fault=none enc=-31 denc=0 sreq=0 sapplied=0 crate=0 uimp=-320945 upos=1025 uneg=3000 ball=-49.20 vball=0.08 aball=0.3 bref=0.00 pid=0.0 pref=-321.0 ppos=-320.9 apid=0.0 integ=-52.0 vision=1 current=1 vframe=2217 vs=1 vage=21 vpage=21 vdt=95 vmax=204 vacc=2209 vrej=0 seq=0 elapsed=0 oled=3C
[   7030] STATUS mode=3 fault=none enc=-31 denc=0 sreq=0 sapplied=0 crate=0 uimp=-320945 upos=1025 uneg=3000 ball=-49.20 vball=-0.00 aball=0.3 bref=0.00 pid=0.0 pref=-321.3 ppos=-320.9 apid=0.0 integ=-52.0 vision=1 current=1 vframe=2218 vs=1 vage=20 vpage=20 vdt=21 vmax=204 vacc=2210 vrej=0 seq=0 elapsed=0 oled=3C
[   7046] STATUS mode=3 fault=none enc=-31 denc=0 sreq=0 sapplied=0 crate=0 uimp=-320945 upos=1025 uneg=3000 ball=-49.20 vball=-0.00 aball=0.3 bref=0.00 pid=0.0 pref=-321.3 ppos=-320.9 apid=0.0 integ=-52.0 vision=1 current=1 vframe=2219 vs=1 vage=6 vpage=6 vdt=34 vmax=204 vacc=2211 vrej=0 seq=0 elapsed=0 oled=3C
[   7077] STATUS mode=3 fault=none enc=-31 denc=0 sreq=0 sapplied=0 crate=0 uimp=-320945 upos=1025 uneg=3000 ball=-49.20 vball=-0.00 aball=0.3 bref=0.00 pid=0.0 pref=-321.3 ppos=-320.9 apid=0.0 integ=-52.0 vision=1 current=1 vframe=2219 vs=1 vage=46 vpage=46 vdt=34 vmax=204 vacc=2211 vrej=0 seq=0 elapsed=0 oled=3C
[   7109] STATUS mode=3 fault=none enc=-31 denc=0 sreq=0 sapplied=0 crate=0 uimp=-320945 upos=1025 uneg=3000 ball=-49.20 vball=-0.00 aball=0.3 bref=0.00 pid=0.0 pref=-321.3 ppos=-320.9 apid=0.0 integ=-52.0 vision=1 current=1 vframe=2219 vs=1 vage=66 vpage=66 vdt=34 vmax=204 vacc=2211 vrej=0 seq=0 elapsed=0 oled=3C
[   7141] STATUS mode=3 fault=none enc=-31 denc=0 sreq=0 sapplied=0 crate=0 uimp=-320945 upos=1025 uneg=3000 ball=-49.20 vball=-0.00 aball=0.3 bref=0.00 pid=0.0 pref=-321.3 ppos=-320.9 apid=0.0 integ=-52.0 vision=1 current=1 vframe=2219 vs=1 vage=86 vpage=86 vdt=34 vmax=204 vacc=2211 vrej=0 seq=0 elapsed=0 oled=3C
[   7155] STATUS mode=3 fault=none enc=-31 denc=0 sreq=35 sapplied=35 crate=35 uimp=-321045 upos=1025 uneg=3005 ball=-49.20 vball=1.17 aball=-1.5 bref=0.00 pid=35.2 pref=-317.5 ppos=-321.0 apid=-0.0 integ=-52.0 vision=1 current=1 vframe=2221 vs=1 vage=10 vpage=10 vdt=21 vmax=204 vacc=2213 vrej=0 seq==0 elapsed=0 oled=3C
[   7187] STATUS mode=3 fault=none enc=-31 denc=0 sreq=29 sapplied=29 crate=29 uimp=-320395 upos=1045 uneg=3005 ball=-49.20 vball=1.17 aball=-1.5 bref=0.00 pid=28.7 pref=-317.5 ppos=-320.4 apid=-0.0 integ=-52.0 vision=1 current=1 vframe=2221 vs=1 vage=30 vpage=30 vdt=21 vmax=204 vacc=2213 vrej=0 seq=0 elapsed=0 oled=3C
[   7218] STATUS mode=3 fault=none enc=-30 denc=0 sreq=0 sapplied=0 crate=11 uimp=-320115 upos=1055 uneg=3005 ball=-49.19 vball=0.68 aball=-1.5 bref=0.00 pid=10.7 pref=-319.0 ppos=-320.1 apid=-0.0 integ=-52.0 vision=1 current=1 vframe=2222 vs=1 vage=16 vpage=16 vdt=34 vmax=204 vacc=2214 vrej=0 seq=0 elapsed=0 oled=3C
[   7234] STATUS mode=3 fault=none enc=-30 denc=0 sreq=0 sapplied=0 crate=11 uimp=-320115 upos=1055 uneg=3005 ball=-49.19 vball=0.68 aball=-1.5 bref=0.00 pid=10.7 pref=-319.0 ppos=-320.1 apid=-0.0 integ=-52.0 vision=1 current=1 vframe=2222 vs=1 vage=56 vpage=56 vdt=34 vmax=204 vacc=2214 vrej=0 seq=0 elapsed=0 oled=3C
[   7266] STATUS mode=3 fault=none enc=-30 denc=0 sreq=0 sapplied=0 crate=11 uimp=-320115 upos=1055 uneg=3005 ball=-49.19 vball=0.68 aball=-1.5 bref=0.00 pid=10.7 pref=-319.0 ppos=-320.1 apid=-0.0 integ=-52.0 vision=1 current=1 vframe=2222 vs=1 vage=76 vpage=76 vdt=34 vmax=204 vacc=2214 vrej=0 seq=0 elapsed=0 oled=3C
[   7296] STATUS mode=3 fault=none enc=-30 denc=0 sreq=0 sapplied=0 crate=11 uimp=-320115 upos=1055 uneg=3005 ball=-49.17 vball=0.41 aball=-1.5 bref=0.00 pid=10.7 pref=-319.0 ppos=-320.1 apid=-0.0 integ=-52.0 vision=1 current=1 vframe=2223 vs=1 vage=1 vpage=1 vdt=95 vmax=204 vacc=2215 vrej=0 seq=0 elapsed=0 oled=3C
[   7296] >>> stop
[   7327] STATUS mode=3 fault=none enc=-30 denc=0 sreq=0 sapplied=0 crate=0 uimp=-320115 upos=1055 uneg=3005 ball=-49.18 vball=0.08 aball=1.8 bref=0.00 pid=0.0 pref=-320.9 ppos=-320.1 apid=0.0 integ=-52.0 vision=1 current=1 vframe=2224 vs=1 vage=20 vpage=20 vdt=21 vmax=204 vacc=2216 vrej=0 seq=0 elapsed=0 oled=3C
[   7343] STATUS mode=1 fault=none enc=-38 denc=-3 sreq=0 sapplied=0 crate=0 uimp=-320115 upos=1055 uneg=3005 ball=-49.18 vball=0.03 aball=0.0 bref=0.00 pid=0.0 pref=-320.1 ppos=-320.1 apid=0.0 integ=0.0 vision=1 current=1 vframe=2225 vs=1 vage=6 vpage=6 vdt=34 vmax=204 vacc=2217 vrej=0 seq=0 elapsed=0 oled=3C
[   7375] STATUS mode=1 fault=none enc=-40 denc=0 sreq=0 sapplied=0 crate=0 uimp=-320115 upos=1055 uneg=3005 ball=-49.18 vball=0.03 aball=0.0 bref=0.00 pid=0.0 pref=-320.1 ppos=-320.1 apid=0.0 integ=0.0 vision=1 current=1 vframe=2225 vs=1 vage=26 vpage=26 vdt=34 vmax=204 vacc=2217 vrej=0 seq=0 elapsed=0 oled=3C
[   7405] STATUS mode=1 fault=none enc=-40 denc=0 sreq=0 sapplied=0 crate=0 uimp=-320115 upos=1055 uneg=3005 ball=-49.18 vball=0.03 aball=0.0 bref=0.00 pid=0.0 pref=-320.1 ppos=-320.1 apid=0.0 integ=0.0 vision=1 current=1 vframe=2225 vs=1 vage=66 vpage=66 vdt=34 vmax=204 vacc=2217 vrej=0 seq=0 elapsed=0 oled=3C
[   7421] STATUS mode=1 fault=none enc=-40 denc=0 sreq=0 sapplied=0 crate=0 uimp=-320115 upos=1055 uneg=3005 ball=-49.18 vball=0.03 aball=0.0 bref=0.00 pid=0.0 pref=-320.1 ppos=-320.1 apid=0.0 integ=0.0 vision=1 current=1 vframe=2225 vs=1 vage=86 vpage=86 vdt=34 vmax=204 vacc=2217 vrej=0 seq=0 elapsed=0 oled=3C
[   7452] STATUS mode=1 fault=none enc=-40 denc=0 sreq=0 sapplied=0 crate=0 uimp=-320115 upos=1055 uneg=3005 ball=-49.18 vball=0.02 aball=0.0 bref=0.00 pid=0.0 pref=-320.1 ppos=-320.1 apid=0.0 integ=0.0 vision=1 current=1 vframe=2226 vs=1 vage=9 vpage=9 vdt=97 vmax=204 vacc=2218 vrej=0 seq=0 elapsed=0 oled=3C
[   7484] STATUS mode=1 fault=none enc=-40 denc=0 sreq=0 sapplied=0 crate=0 uimp=-320115 upos=1055 uneg=3005 ball=-49.18 vball=-0.01 aball=0.0 bref=0.00 pid=0.0 pref=-320.1 ppos=-320.1 apid=0.0 integ=0.0 vision=1 current=1 vframe=2227 vs=1 vage=13 vpage=13 vdt=36 vmax=204 vacc=2219 vrej=0 seq=0 elapsed=0 oled=3C
[   7500] STATUS mode=1 fault=none enc=-40 denc=0 sreq=0 sapplied=0 crate=0 uimp=-320115 upos=1055 uneg=3005 ball=-49.18 vball=-0.01 aball=0.0 bref=0.00 pid=0.0 pref=-320.1 ppos=-320.1 apid=0.0 integ=0.0 vision=1 current=1 vframe=2227 vs=1 vage=33 vpage=33 vdt=36 vmax=204 vacc=2219 vrej=0 seq=0 elapsed=0 oled=3C
[   7530] STATUS mode=1 fault=none enc=-40 denc=0 sreq=0 sapplied=0 crate=0 uimp=-320115 upos=1055 uneg=3005 ball=-49.18 vball=-0.01 aball=0.0 bref=0.00 pid=0.0 pref=-320.1 ppos=-320.1 apid=0.0 integ=0.0 vision=1 current=1 vframe=2227 vs=1 vage=53 vpage=53 vdt=36 vmax=204 vacc=2219 vrej=0 seq=0 elapsed=0 oled=3C
[   7562] STATUS mode=1 fault=none enc=-40 denc=0 sreq=0 sapplied=0 crate=0 uimp=-320115 upos=1055 uneg=3005 ball=-49.18 vball=-0.01 aball=0.0 bref=0.00 pid=0.0 pref=-320.1 ppos=-320.1 apid=0.0 integ=0.0 vision=1 current=1 vframe=2227 vs=1 vage=73 vpage=73 vdt=36 vmax=204 vacc=2219 vrej=0 seq=0 elapsed=0 oled=3C
[   7593] STATUS mode=1 fault=none enc=-40 denc=0 sreq=0 sapplied=0 crate=0 uimp=-320115 upos=1055 uneg=3005 ball=-49.18 vball=-0.01 aball=0.0 bref=0.00 pid=0.0 pref=-320.1 ppos=-320.1 apid=0.0 integ=0.0 vision=1 current=1 vframe=2229 vs=1 vage=1 vpage=1 vdt=8 vmax=204 vacc=2221 vrej=0 seq=0 elapsed=0 oled=3C
[   7609] STATUS mode=1 fault=none enc=-40 denc=0 sreq=0 sapplied=0 crate=0 uimp=-320115 upos=1055 uneg=3005 ball=-49.18 vball=-0.01 aball=0.0 bref=0.00 pid=0.0 pref=-320.1 ppos=-320.1 apid=0.0 integ=0.0 vision=1 current=1 vframe=2229 vs=1 vage=21 vpage=21 vdt=8 vmax=204 vacc=2221 vrej=0 seq=0 elapsed=0 oled=3C
[   7641] STATUS mode=1 fault=none enc=-40 denc=0 sreq=0 sapplied=0 crate=0 uimp=-320115 upos=1055 uneg=3005 ball=-49.18 vball=0.00 aball=0.0 bref=0.00 pid=0.0 pref=-320.1 ppos=-320.1 apid=0.0 integ=0.0 vision=1 current=1 vframe=2230 vs=1 vage=19 vpage=19 vdt=22 vmax=204 vacc=2222 vrej=0 seq=0 elapsed=0 oled=3C
[   7671] STATUS mode=1 fault=none enc=-40 denc=0 sreq=0 sapplied=0 crate=0 uimp=-320115 upos=1055 uneg=3005 ball=-49.15 vball=0.33 aball=0.0 bref=0.00 pid=0.0 pref=-320.1 ppos=-320.1 apid=0.0 integ=0.0 vision=1 current=1 vframe=2231 vs=1 vage=26 vpage=26 vdt=33 vmax=204 vacc=2223 vrej=0 seq=0 elapsed=0 oled=3C
[   7671] >>> stream off
[   7687] STATUS mode=1 fault=none enc=-40 denc=0 sreq=0 sapplied=0 crate=0 uimp=-320115 upos=1055 uneg=3005 ball=-49.15 vball=0.33 aball=0.0 bref=0.00 pid=0.0 pref=-320.1 ppos=-320.1 apid=0.0 integ=0.0 vision=1 current=1 vframe=2231 vs=1 vage=46 vpage=46 vdt=33 vmax=204 vacc=2223 vrej=0 seq=0 elapsed=0 oled=3C
[   7687] OK stream off
[   7875] STOP_REASON time_limit
