[      0] >>> bench on
[     16] OK stepper visual-only bench active; use zero before tests
[    187] >>> clear
[    202] OK fault cleared
[    375] >>> diag reset
[    391] OK actuator diagnostics reset
[    562] >>> gain ball 5.0 0.0 2.0 -1
[    577] OK ball gains kp=5.000 ki=0.000 kd=2.000 sign=-1
[    750] >>> gain accel 0.0
[    750] OK ball acceleration gain ka=0.000
[    937] >>> limit rate 120
[    937] OK ball rate limit=120 steps/s
[   1125] >>> stream on 20
[   1125] OK stream on 20 ms
[   1171] STATUS mode=1 fault=none enc=141 denc=0 sreq=0 sapplied=0 crate=0 uimp=0 upos=0 uneg=0 ball=71.90 vball=-1.25 aball=0.0 bref=0.00 pid=0.0 pref=0.0 ppos=0.0 apid=0.0 integ=0.0 vision=1 current=1 vframe=16440 vs=1 vage=24 vpage=24 vdt=34 vmax=5596 vacc=16436 vrej=0 seq=0 elapsed=0 oled=3C
[   1202] STATUS mode=1 fault=none enc=141 denc=0 sreq=0 sapplied=0 crate=0 uimp=0 upos=0 uneg=0 ball=71.90 vball=-1.25 aball=0.0 bref=0.00 pid=0.0 pref=0.0 ppos=0.0 apid=0.0 integ=0.0 vision=1 current=1 vframe=16440 vs=1 vage=44 vpage=44 vdt=34 vmax=5596 vacc=16436 vrej=0 seq=0 elapsed=0 oled=3C
[   1218] STATUS mode=1 fault=none enc=141 denc=0 sreq=0 sapplied=0 crate=0 uimp=0 upos=0 uneg=0 ball=71.90 vball=-1.25 aball=0.0 bref=0.00 pid=0.0 pref=0.0 ppos=0.0 apid=0.0 integ=0.0 vision=1 current=1 vframe=16440 vs=1 vage=64 vpage=64 vdt=34 vmax=5596 vacc=16436 vrej=0 seq=0 elapsed=0 oled=3C
[   1250] STATUS mode=1 fault=none enc=141 denc=0 sreq=0 sapplied=0 crate=0 uimp=0 upos=0 uneg=0 ball=71.90 vball=-1.25 aball=0.0 bref=0.00 pid=0.0 pref=0.0 ppos=0.0 apid=0.0 integ=0.0 vision=1 current=1 vframe=16440 vs=1 vage=84 vpage=84 vdt=34 vmax=5596 vacc=16436 vrej=0 seq=0 elapsed=0 oled=3C
[   1280] STATUS mode=1 fault=none enc=141 denc=0 sreq=0 sapplied=0 crate=0 uimp=0 upos=0 uneg=0 ball=71.83 vball=-1.78 aball=0.0 bref=0.00 pid=0.0 pref=0.0 ppos=0.0 apid=0.0 integ=0.0 vision=1 current=1 vframe=16442 vs=1 vage=8 vpage=8 vdt=23 vmax=5596 vacc=16438 vrej=0 seq=0 elapsed=0 oled=3C
[   1296] STATUS mode=1 fault=none enc=141 denc=0 sreq=0 sapplied=0 crate=0 uimp=0 upos=0 uneg=0 ball=71.83 vball=-1.78 aball=0.0 bref=0.00 pid=0.0 pref=0.0 ppos=0.0 apid=0.0 integ=0.0 vision=1 current=1 vframe=16442 vs=1 vage=28 vpage=28 vdt=23 vmax=5596 vacc=16438 vrej=0 seq=0 elapsed=0 oled=3C
[   1296] >>> ball 50.0
[   1327] STATUS mode=1 fault=none enc=141 denc=0 sreq=0 sapplied=0 crate=0 uimp=0 upos=0 uneg=0 ball=71.84 vball=-0.76 aball=0.0 bref=0.00 pid=0.0 pref=0.0 ppos=0.0 apid=0.0 integ=0.0 vision=1 current=1 vframe=16443 vs=1 vage=15 vpage=15 vdt=33 vmax=5596 vacc=16439 vrej=0 seq=0 elapsed=0 oled=3C
[   1343] STATUS mode=3 fault=none enc=143 denc=2 sreq=0 sapplied=0 crate=8 uimp=0 upos=0 uneg=0 ball=71.84 vball=-0.76 aball=0.0 bref=50.00 pid=120.0 pref=107.7 ppos=0.0 apid=0.0 integ=-0.0 vision=1 current=1 vframe=16443 vs=1 vage=35 vpage=35 vdt=33 vmax=5596 vacc=16439 vrej=0 seq=0 elapsed=0 oled=3C
[   1375] STATUS mode=3 fault=none enc=142 denc=0 sreq=38 sapplied=38 crate=38 uimp=450 upos=15 uneg=0 ball=71.84 vball=-0.76 aball=0.0 bref=50.00 pid=120.0 pref=107.7 ppos=0.5 apid=0.0 integ=-0.0 vision=1 current=1 vframe=16443 vs=1 vage=75 vpage=75 vdt=33 vmax=5596 vacc=16439 vrej=0 seq=0 elapsed=0 oled=3C
[   1405] STATUS mode=3 fault=none enc=143 denc=-1 sreq=53 sapplied=53 crate=53 uimp=1315 upos=35 uneg=0 ball=71.84 vball=-0.76 aball=0.0 bref=50.00 pid=120.0 pref=107.7 ppos=1.3 apid=0.0 integ=-0.0 vision=1 current=1 vframe=16443 vs=1 vage=95 vpage=95 vdt=33 vmax=5596 vacc=16439 vrej=0 seq=0 elapsed=0 oled=3C
[   1421] STATUS mode=3 fault=none enc=145 denc=0 sreq=68 sapplied=68 crate=68 uimp=2480 upos=55 uneg=0 ball=71.86 vball=-0.20 aball=2.6 bref=50.00 pid=120.0 pref=108.9 ppos=2.5 apid=0.0 integ=-0.0 vision=1 current=1 vframe=16444 vs=1 vage=19 vpage=19 vdt=96 vmax=5596 vacc=16440 vrej=0 seq=0 elapsed=0 oled=3C
[   1452] STATUS mode=3 fault=none enc=150 denc=2 sreq=98 sapplied=98 crate=98 uimp=5710 upos=95 uneg=0 ball=71.91 vball=0.51 aball=2.6 bref=50.00 pid=120.0 pref=111.9 ppos=3.9 apid=0.0 integ=-0.0 vision=1 current=1 vframe=16445 vs=1 vage=19 vpage=19 vdt=20 vmax=5596 vacc=16441 vrej=0 seq=0 elapsed=0 oled=3C
[   1484] STATUS mode=3 fault=none enc=152 denc=1 sreq=113 sapplied=113 crate=113 uimp=7775 upos=115 uneg=0 ball=71.91 vball=0.51 aball=2.6 bref=50.00 pid=120.0 pref=110.6 ppos=7.8 apid=0.0 integ=-0.0 vision=1 current=1 vframe=16446 vs=1 vage=26 vpage=26 vdt=33 vmax=5596 vacc=16442 vrej=0 seq=0 elapsed=0 oled=3C
[   1516] STATUS mode=3 fault=none enc=156 denc=2 sreq=120 sapplied=120 crate=120 uimp=10120 upos=135 uneg=0 ball=71.91 vball=0.51 aball=2.6 bref=50.00 pid=120.0 pref=110.6 ppos=10.1 apid=0.0 integ=-0.0 vision=1 current=1 vframe=16446 vs=1 vage=46 vpage=46 vdt=33 vmax=5596 vacc=16442 vrej=0 seq=0 elapsed=0 oled=3C
[   1530] STATUS mode=3 fault=none enc=158 denc=0 sreq=120 sapplied=120 crate=120 uimp=12520 upos=155 uneg=0 ball=71.91 vball=0.51 aball=2.6 bref=50.00 pid=120.0 pref=110.6 ppos=12.5 apid=0.0 integ=-0.0 vision=1 current=1 vframe=16446 vs=1 vage=66 vpage=66 vdt=33 vmax=5596 vacc=16442 vrej=0 seq=0 elapsed=0 oled=3C
[   1562] STATUS mode=3 fault=none enc=164 denc=0 sreq=120 sapplied=120 crate=120 uimp=17320 upos=195 uneg=0 ball=71.90 vball=0.20 aball=2.6 bref=50.00 pid=120.0 pref=109.9 ppos=17.3 apid=0.0 integ=-0.0 vision=1 current=1 vframe=16447 vs=1 vage=9 vpage=9 vdt=97 vmax=5596 vacc=16443 vrej=0 seq=0 elapsed=0 oled=3C
[   1593] STATUS mode=3 fault=none enc=167 denc=0 sreq=120 sapplied=120 crate=120 uimp=19720 upos=215 uneg=0 ball=71.90 vball=0.20 aball=2.6 bref=50.00 pid=120.0 pref=109.9 ppos=19.7 apid=0.0 integ=-0.0 vision=1 current=1 vframe=16447 vs=1 vage=29 vpage=29 vdt=97 vmax=5596 vacc=16443 vrej=0 seq=0 elapsed=0 oled=3C
[   1609] STATUS mode=3 fault=none enc=170 denc=1 sreq=120 sapplied=120 crate=120 uimp=22120 upos=235 uneg=0 ball=71.83 vball=-1.37 aball=2.6 bref=50.00 pid=120.0 pref=106.4 ppos=22.1 apid=0.0 integ=-0.0 vision=1 current=1 vframe=16448 vs=1 vage=12 vpage=12 vdt=37 vmax=5596 vacc=16444 vrej=0 seq=0 elapsed=0 oled=3C
[   1641] STATUS mode=3 fault=none enc=177 denc=1 sreq=120 sapplied=120 crate=120 uimp=26920 upos=275 uneg=0 ball=71.83 vball=-1.37 aball=2.6 bref=50.00 pid=120.0 pref=106.4 ppos=26.9 apid=0.0 integ=-0.0 vision=1 current=1 vframe=16448 vs=1 vage=52 vpage=52 vdt=37 vmax=5596 vacc=16444 vrej=0 seq=0 elapsed=0 oled=3C
[   1671] STATUS mode=3 fault=none enc=180 denc=0 sreq=120 sapplied=120 crate=120 uimp=29320 upos=295 uneg=0 ball=71.83 vball=-1.37 aball=2.6 bref=50.00 pid=120.0 pref=106.4 ppos=29.3 apid=0.0 integ=-0.0 vision=1 current=1 vframe=16448 vs=1 vage=72 vpage=72 vdt=37 vmax=5596 vacc=16444 vrej=0 seq=0 elapsed=0 oled=3C
[   1687] STATUS mode=3 fault=none enc=183 denc=1 sreq=120 sapplied=120 crate=120 uimp=31720 upos=315 uneg=0 ball=71.83 vball=-1.37 aball=2.6 bref=50.00 pid=120.0 pref=106.4 ppos=31.7 apid=0.0 integ=-0.0 vision=1 current=1 vframe=16448 vs=1 vage=92 vpage=92 vdt=37 vmax=5596 vacc=16444 vrej=0 seq=0 elapsed=0 oled=3C
[   1718] STATUS mode=3 fault=none enc=190 denc=1 sreq=120 sapplied=120 crate=120 uimp=36520 upos=355 uneg=0 ball=71.85 vball=-0.36 aball=-0.9 bref=50.00 pid=120.0 pref=108.5 ppos=36.5 apid=-0.0 integ=-0.0 vision=1 current=1 vframe=16450 vs=1 vage=19 vpage=19 vdt=7 vmax=5596 vacc=16446 vrej=0 seq=0 elapsed=0 oled=3C
[   1750] STATUS mode=3 fault=none enc=193 denc=1 sreq=120 sapplied=120 crate=120 uimp=38920 upos=375 uneg=0 ball=71.87 vball=0.34 aball=-0.9 bref=50.00 pid=120.0 pref=110.0 ppos=38.9 apid=-0.0 integ=-0.0 vision=1 current=1 vframe=16451 vs=1 vage=17 vpage=17 vdt=22 vmax=5596 vacc=16447 vrej=0 seq=0 elapsed=0 oled=3C
[   1780] STATUS mode=3 fault=none enc=195 denc=0 sreq=120 sapplied=120 crate=120 uimp=41320 upos=395 uneg=0 ball=71.88 vball=0.21 aball=-0.9 bref=50.00 pid=120.0 pref=109.8 ppos=41.3 apid=-0.0 integ=-0.0 vision=1 current=1 vframe=16452 vs=1 vage=5 vpage=5 vdt=32 vmax=5596 vacc=16448 vrej=0 seq=0 elapsed=0 oled=3C
[   1796] STATUS mode=3 fault=none enc=202 denc=2 sreq=120 sapplied=120 crate=120 uimp=46120 upos=435 uneg=0 ball=71.88 vball=0.21 aball=-0.9 bref=50.00 pid=120.0 pref=109.8 ppos=46.1 apid=-0.0 integ=-0.0 vision=1 current=1 vframe=16452 vs=1 vage=45 vpage=45 vdt=32 vmax=5596 vacc=16448 vrej=0 seq=0 elapsed=0 oled=3C
[   1827] STATUS mode=3 fault=none enc=205 denc=2 sreq=120 sapplied=120 crate=120 uimp=48520 upos=455 uneg=0 ball=71.88 vball=0.21 aball=-0.9 bref=50.00 pid=120.0 pref=109.8 ppos=48.5 apid=-0.0 integ=-0.0 vision=1 current=1 vframe=16452 vs=1 vage=65 vpage=65 vdt=32 vmax=5596 vacc=16448 vrej=0 seq=0 elapsed=0 oled=3C
[   1859] STATUS mode=3 fault=none enc=210 denc=-1 sreq=120 sapplied=120 crate=120 uimp=53320 upos=495 uneg=0 ball=71.88 vball=0.21 aball=-0.9 bref=50.00 pid=20.0 pref=109.8 ppos=50.9 apid=-0.0 integ=-0.0 vision=1 current=1 vframe=16452 vs=1 vage=85 vpage=85 vdt=32 vmax=5596 vacc=16448 vrej=0 seq=0 elapsed=0 oled=3C
[   1891] STATUS mode=3 fault=none enc=213 denc=0 sreq=120 sapplied=120 crate=120 uimp=55720 upos=515 uneg=0 ball=71.88 vball=0.11 aball=1.2 bref=50.00 pid=120.0 pref=109.6 ppos=55.7 apid=0.0 integ=-0.0 vision=1 current=1 vframe=16453 vs=1 vage=8 vpage=8 vdt=117 vmax=5596 vacc=16449 vrej=0 seq=0 elapsed=0 oled=3C
[   1905] STATUS mode=3 fault=none enc=217 denc=2 sreq=120 sapplied=120 crate=120 uimp=58120 upos=535 uneg=0 ball=71.88 vball=0.11 aball=1.2 bref=50.00 pid=120.0 pref=109.6 ppos=58.1 apid=0.0 integ=-0.0 vision=1 current=1 vframe=16453 vs=1 vage=28 vpage=28 vdt=117 vmax=5596 vacc=16449 vrej=0 seq=0 elapsed=0 oled=3C
[   1937] STATUS mode=3 fault=none enc=223 denc=1 sreq=120 sapplied=120 crate=120 uimp=62920 upos=575 uneg=0 ball=71.87 vball=-0.02 aball=1.2 bref=50.00 pid=120.0 pref=109.3 ppos=62.9 apid=0.0 integ=-0.0 vision=1 current=1 vframe=16455 vs=1 vage=25 vpage=15 vdt=33 vmax=5596 vacc=16450 vrej=0 seq=0 elapsed=0 oled=3C
[   1968] STATUS mode=3 fault=none enc=225 denc=-1 sreq=120 sapplied=120 crate=120 uimp=65320 upos=595 uneg=0 ball=71.87 vball=-0.02 aball=1.2 bref=50.00 pid=120.0 pref=109.3 ppos=65.3 apid=0.0 integ=-0.0 vision=1 current=1 vframe=16455 vs=1 vage=22 vpage=22 vdt=33 vmax=5596 vacc=16451 vrej=0 seq=0 elapsed=0 oled=3C
[   1984] STATUS mode=3 fault=none enc=229 denc=1 sreq=120 sapplied=120 crate=120 uimp=67720 upos=615 uneg=0 ball=71.87 vball=-0.02 aball=1.2 bref=50.00 pid=120.0 pref=109.3 ppos=67.7 apid=0.0 integ=-0.0 vision=1 current=1 vframe=16455 vs=1 vage=42 vpage=42 vdt=33 vmax=5596 vacc=16451 vrej=0 seq=0 elapsed=0 oled=3C
[   2016] STATUS mode=3 fault=none enc=235 denc=0 sreq=120 sapplied=120 crate=120 uimp=72520 upos=655 uneg=0 ball=71.87 vball=-0.02 aball=1.2 bref=50.00 pid=120.0 pref=109.3 ppos=72.5 apid=0.0 integ=-0.0 vision=1 current=1 vframe=16455 vs=1 vage=82 vpage=82 vdt=33 vmax=5596 vacc=16451 vrej=0 seq=0 elapsed=0 oled=3C
[   2046] STATUS mode=3 fault=none enc=239 denc=2 sreq=120 sapplied=120 crate=120 uimp=74920 upos=675 uneg=0 ball=71.87 vball=-0.01 aball=0.3 bref=50.00 pid=120.0 pref=109.3 ppos=74.9 apid=0.0 integ=-0.0 vision=1 current=1 vframe=16456 vs=1 vage=8 vpage=8 vdt=94 vmax=5596 vacc=16452 vrej=0 seq=0 elapsed=0 oled=3C
[   2062] STATUS mode=3 fault=none enc=241 denc=0 sreq=120 sapplied=120 crate=120 uimp=77320 upos=695 uneg=0 ball=71.85 vball=-0.39 aball=0.3 bref=50.00 pid=120.0 pref=109.3 ppos=77.3 apid=0.0 integ=-0.0 vision=1 current=1 vframe=16457 vs=1 vage=3 vpage=3 vdt=25 vmax=5596 vacc=16453 vrej=0 seq=0 elapsed=0 oled=3C
[   2093] STATUS mode=3 fault=none enc=247 denc=1 sreq=120 sapplied=120 crate=120 uimp=82120 upos=735 uneg=0 ball=71.84 vball=-0.33 aball=0.3 bref=50.00 pid=120.0 pref=108.5 ppos=82.1 apid=0.0 integ=-0.0 vision=1 current=1 vframe=16458 vs=1 vage=11 vpage=11 vdt=32 vmax=5596 vacc=16454 vrej=0 seq=0 elapsed=0 oled=3C
[   2125] STATUS mode=3 fault=none enc=251 denc=2 sreq=120 sapplied=120 crate=120 uimp=84520 upos=755 uneg=0 ball=71.84 vball=-0.33 aball=0.3 bref=50.00 pid=120.0 pref=108.5 ppos=84.5 apid=0.0 integ=-0.0 vision=1 current=1 vframe=16458 vs=1 vage=31 vpage=31 vdt=32 vmax=5596 vacc=16454 vrej=0 seq=0 elapsed=0 oled=3C
[   2155] STATUS mode=3 fault=none enc=254 denc=2 sreq=120 sapplied=120 crate=120 uimp=86920 upos=775 uneg=0 ball=71.84 vball=-0.33 aball=0.3 bref=50.00 pid=120.0 pref=108.5 ppos=86.9 apid=0.0 integ=-0.0 vision=1 current=1 vframe=16458 vs=1 vage=51 vpage=51 vdt=32 vmax=5596 vacc=16454 vrej=0 seq=0 elapsed=0 oled=3C
[   2171] STATUS mode=3 fault=none enc=260 denc=1 sreq=120 sapplied=120 crate=120 uimp=91720 upos=815 uneg=0 ball=71.84 vball=-0.33 aball=0.3 bref=50.00 pid=120.0 pref=108.5 ppos=91.7 apid=0.0 integ=-0.0 vision=1 current=1 vframe=16458 vs=1 vage=91 vpage=91 vdt=32 vmax=5596 vacc=16454 vrej=0 seq=0 elapsed=0 oled=3C
[   2202] STATUS mode=3 fault=none enc=264 denc=2 sreq=120 sapplied=120 crate=120 uimp=94120 upos=835 uneg=0 ball=71.88 vball=0.14 aball=0.6 bref=50.00 pid=120.0 pref=109.7 ppos=94.1 apid=0.0 integ=-0.0 vision=1 current=1 vframe=16459 vs=1 vage=7 vpage=7 vdt=104 vmax=5596 vacc=16455 vrej=0 seq=0 elapsed=0 oled=3C
[   2234] STATUS mode=3 fault=none enc=266 denc=1 sreq=120 sapplied=120 crate=120 uimp=96520 upos=855 uneg=0 ball=71.88 vball=0.14 aball=0.6 bref=50.00 pid=120.0 pref=109.7 ppos=96.5 apid=0.0 integ=-0.0 vision=1 current=1 vframe=16459 vs=1 vage=27 vpage=27 vdt=104 vmax=5596 vacc=16455 vrej=0 seq=0 elapsed=0 oled=3C
[   2250] STATUS mode=3 fault=none enc=272 denc=-1 sreq=120 sapplied=120 crate=120 uimp=101320 upos=895 uneg=0 ball=72.25 vball=4.13 aball=0.6 bref=50.00 pid=120.0 pref=119.8 ppos=101.3 apid=0.0 integ=-0.0 vision=1 current=1 vframe=16461 vs=1 vage=3 vpage=3 vdt=33 vmax=5596 vacc=16457 vrej=0 seq=0 elapsed=0 oled=3C
[   2280] STATUS mode=3 fault=none enc=276 denc=1 sreq=120 sapplied=120 crate=120 uimp=103720 upos=915 uneg=0 ball=72.25 vball=4.13 aball=0.6 bref=50.00 pid=120.0 pref=119.5 ppos=103.7 apid=0.0 integ=-0.0 vision=1 current=1 vframe=16461 vs=1 vage=23 vpage=23 vdt=33 vmax=5596 vacc=16457 vrej=0 seq=0 elapsed=0 oled=3C
[   2312] STATUS mode=3 fault=none enc=279 denc=2 sreq=120 sapplied=120 crate=120 uimp=106120 upos=935 uneg=0 ball=72.25 vball=4.13 aball=0.6 bref=50.00 pid=120.0 pref=119.5 ppos=106.1 apid=0.0 integ=-0.0 vision=1 current=1 vframe=16461 vs=1 vage=43 vpage=43 vdt=33 vmax=5596 vacc=16457 vrej=0 seq=0 elapsed=0 oled=3C
[   2327] STATUS mode=3 fault=none enc=285 denc=1 sreq=98 sapplied=98 crate=98 uimp=110640 upos=975 uneg=0 ball=72.25 vball=4.13 aball=0.6 bref=50.00 pid=88.7 pref=119.5 ppos=110.6 apid=0.0 integ=-0.0 vision=1 current=1 vframe=16461 vs=1 vage=83 vpage=83 vdt=33 vmax=5596 vacc=16457 vrej=0 seq=0 elapsed=0 oled=3C
[   2359] STATUS mode=3 fault=none enc=286 denc=0 sreq=83 sapplied=83 crate=83 uimp=112480 upos=995 uneg=0 ball=72.25 vball=4.13 aball=0.6 bref=50.00 pid=70.3 pref=119.5 ppos=112.5 apid=0.0 integ=-0.0 vision=1 current=1 vframe=16461 vs=1 vage=103 vpage=103 vdt=33 vmax=5596 vacc=16457 vrej=0 seq=0 elapsed=0 oled=3C
[   2391] STATUS mode=3 fault=none enc=288 denc=0 sreq=68 sapplied=68 crate=68 uimp=114020 upos=1015 uneg=0 ball=72.35 vball=2.69 aball=7.2 bref=50.00 pid=31.1 pref=117.1 ppos=114.0 apid=0.0 integ=-0.0 vision=1 current=1 vframe=16462 vs=1 vage=20 vpage=20 vdt=103 vmax=5596 vacc=16458 vrej=0 seq=0 elapsed=0 oled=3C
[   2421] STATUS mode=3 fault=none enc=293 denc=2 sreq=83 sapplied=83 crate=83 uimp=116765 upos=1055 uneg=0 ball=72.63 vball=6.12 aball=7.2 bref=50.00 pid=86.3 pref=125.4 ppos=116.8 apid=0.0 integ=-0.0 vision=1 current=1 vframe=16463 vs=1 vage=30 vpage=30 vdt=30 vmax=5596 vacc=16459 vrej=0 seq=0 elapsed=0 oled=3C
[   2437] STATUS mode=3 fault=none enc=294 denc=0 sreq=71 sapplied=71 crate=71 uimp=118355 upos=1075 uneg=0 ball=72.62 vball=2.92 aball=7.2 bref=50.00 pid=0.0 pref=118.9 ppos=118.4 apid=0.0 integ=-0.0 vision=1 current=1 vframe=16464 vs=1 vage=16 vpage=16 vdt=34 vmax=5596 vacc=16460 vrej=0 seq=0 elapsed=0 oled=3C
[   2468] STATUS mode=3 fault=none enc=295 denc=0 sreq=56 sapplied=56 crate=56 uimp=119660 upos=1095 uneg=0 ball=72.62 vball=2.92 aball=7.2 bref=50.00 pid=0.0 pref=118.9 ppos=119.7 apid=0.0 integ=-0.0 vision=1 current=1 vframe=16464 vs=1 vage=36 vpage=36 vdt=34 vmax=5596 vacc=16460 vrej=0 seq=0 elapsed=0 oled=3C
[   2500] STATUS mode=3 fault=none enc=297 denc=0 sreq=26 sapplied=26 crate=26 uimp=121370 upos=1135 uneg=0 ball=72.62 vball=2.92 aball=7.2 bref=50.00 pid=-24.3 pref=118.9 ppos=121.4 apid=0.0 integ=-0.0 vision=1 current=1 vframe=16464 vs=1 vage=76 vpage=76 vdt=34 vmax=5596 vacc=16460 vrej=0 seq=0 elapsed=0 oled=3C
[   2516] STATUS mode=3 fault=none enc=298 denc=-1 sreq=0 sapplied=0 crate=11 uimp=121610 upos=1145 uneg=0 ball=72.62 vball=2.92 aball=7.2 bref=50.00 pid=-26.7 pref=118.9 ppos=121.6 apid=0.0 integ=-0.0 vision=1 current=1 vframe=16464 vs=1 vage=96 vpage=96 vdt=34 vmax=5596 vacc=16460 vrej=0 seq=0 elapsed=0 oled=3C
[   2546] STATUS mode=3 fault=none enc=298 denc=0 sreq=0 sapplied=0 crate=-4 uimp=121610 upos=1145 uneg=0 ball=72.64 vball=1.40 aball=0.5 bref=50.00 pid=-56.1 pref=116.0 ppos=121.6 apid=0.0 integ=-0.0 vision=1 current=1 vframe=16465 vs=1 vage=13 vpage=13 vdt=103 vmax=5596 vacc=16461 vrej=0 seq=0 elapsed=0 oled=3C
[   2577] STATUS mode=3 fault=none enc=298 denc=0 sreq=-34 sapplied=-34 crate=-34 uimp=121325 upos=1145 uneg=10 ball=72.70 vball=1.67 aball=0.5 bref=50.00 pid=-44.8 pref=116.8 ppos=121.3 apid=0.0 integ=-0.0 vision=1 current=1 vframe=16466 vs=1 vage=23 vpage=23 vdt=30 vmax=5596 vacc=16462 vrej=0 seq=0 elapsed=0 oled=3C
[   2609] STATUS mode=3 fault=none enc=297 denc=-1 sreq=-43 sapplied=-43 crate=-43 uimp=120565 upos=1145 uneg=30 ball=72.69 vball=0.69 aball=0.5 bref=50.00 pid=-57.3 pref=114.8 ppos=120.6 apid=0.0 integ=-0.0 vision=1 current=1 vframe=16467 vs=1 vage=8 vpage=8 vdt=35 vmax=5596 vacc=16463 vrej=0 seq=0 elapsed=0 oled=3C
[   2625] STATUS mode=3 fault=none enc=296 denc=-1 sreq=-48 sapplied=-48 crate=-48 uimp=119615 upos=1145 uneg=50 ball=72.69 vball=0.69 aball=0.5 bref=50.00 pid=-47.8 pref=114.8 ppos=119.6 apid=0.0 integ=-0.0 vision=1 current=1 vframe=16467 vs=1 vage=28 vpage=28 vdt=35 vmax=5596 vacc=16463 vrej=0 seq=0 elapsed=0 oled=3C
[   2655] STATUS mode=3 fault=none enc=295 denc=0 sreq=-32 sapplied=-32 crate=-32 uimp=118010 upos=1145 uneg=90 ball=72.69 vball=0.69 aball=0.5 bref=50.00 pid=-31.8 pref=114.8 ppos=118.0 apid=0.0 integ=-0.0 vision=1 current=1 vframe=16467 vs=1 vage=68 vpage=68 vdt=35 vmax=5596 vacc=16463 vrej=0 seq=0 elapsed=0 oled=3C
[   2687] STATUS mode=3 fault=none enc=294 denc=0 sreq=-26 sapplied=-26 crate=-26 uimp=117420 upos=1145 uneg=110 ball=72.69 vball=0.69 aball=0.5 bref=50.00 pid=-25.9 pref=114.8 ppos=117.4 apid=0.0 integ=-0.0 vision=1 current=1 vframe=16467 vs=1 vage=88 vpage=88 vdt=35 vmax=5596 vacc=16463 vrej=0 seq=0 elapsed=0 oled=3C
[   2718] STATUS mode=3 fault=none enc=294 denc=0 sreq=-27 sapplied=-27 crate=-27 uimp=116880 upos=1145 uneg=130 ball=72.69 vball=0.35 aball=-2.7 bref=50.00 pid=-27.3 pref=114.1 ppos=116.9 apid=-0.0 integ=-0.0 vision=1 current=1 vframe=16468 vs=1 vage=15 vpage=15 vdt=93 vmax=5596 vacc=16464 vrej=0 seq=0 elapsed=0 oled=3C
[   2734] STATUS mode=3 fault=none enc=293 denc=0 sreq=-25 sapplied=-25 crate=-25 uimp=115785 upos=1145 uneg=170 ball=72.68 vball=-0.05 aball=-2.7 bref=50.00 pid=-24.8 pref=113.3 ppos=115.8 apid=-0.0 integ=-0.0 vision=1 current=1 vframe=16469 vs=1 vage=33 vpage=33 vdt=22 vmax=5596 vacc=16465 vrej=0 seq=0 elapsed=0 oled=3C
[   2766] STATUS mode=3 fault=none enc=293 denc=0 sreq=-20 sapplied=-20 crate=-20 uimp=115325 upos=1145 uneg=190 ball=72.68 vball=-0.05 aball=-2.7 bref=50.00 pid=-20.2 pref=113.3 ppos=115.3 apid=-0.0 integ=-0.0 vision=1 current=1 vframe=16470 vs=1 vage=20 vpage=20 vdt=33 vmax=5596 vacc=16466 vrej=0 seq=0 elapsed=0 oled=3C
[   2796] STATUS mode=3 fault=none enc=292 denc=0 sreq=0 sapplied=0 crate=-19 uimp=115225 upos=1145 uneg=195 ball=72.68 vball=-0.05 aball=-2.7 bref=50.00 pid=-19.2 pref=113.3 ppos=115.2 apid=-0.0 integ=-0.0 vision=1 current=1 vframe=16470 vs=1 vage=40 vpage=40 vdt=33 vmax=5596 vacc=16466 vrej=0 seq=0 elapsed=0 oled=3C
[   2827] STATUS mode=3 fault=none enc=292 denc=0 sreq=0 sapplied=0 crate=-19 uimp=115225 upos=1145 uneg=195 ball=72.68 vball=-0.05 aball=-2.7 bref=50.00 pid=-19.2 pref=113.3 ppos=115.2 apid=-0.0 integ=-0.0 vision=1 current=1 vframe=16470 vs=1 vage=80 vpage=80 vdt=33 vmax=5596 vacc=16466 vrej=0 seq=0 elapsed=0 oled=3C
[   2843] STATUS mode=3 fault=none enc=292 denc=0 sreq=0 sapplied=0 crate=-18 uimp=115225 upos=1145 uneg=195 ball=72.69 vball=0.01 aball=-2.5 bref=50.00 pid=-17.5 pref=113.5 ppos=115.2 apid=-0.0 integ=-0.0 vision=1 current=1 vframe=16471 vs=1 vage=4 vpage=4 vdt=96 vmax=5596 vacc=16467 vrej=0 seq=0 elapsed=0 oled=3C
[   2875] STATUS mode=3 fault=none enc=292 denc=0 sreq=0 sapplied=0 crate=-18 uimp=115225 upos=1145 uneg=195 ball=72.71 vball=0.40 aball=-2.5 bref=50.00 pid=-17.5 pref=113.5 ppos=115.2 apid=-0.0 integ=-0.0 vision=1 current=1 vframe=16472 vs=1 vage=3 vpage=3 vdt=21 vmax=5596 vacc=16468 vrej=0 seq=0 elapsed=0 oled=3C
[   2905] STATUS mode=3 fault=none enc=292 denc=0 sreq=0 sapplied=0 crate=-8 uimp=115225 upos=1145 uneg=195 ball=72.71 vball=0.24 aball=-2.5 bref=50.00 pid=-11.9 pref=114.0 ppos=115.2 apid=-0.0 integ=-0.0 vision=1 current=1 vframe=16473 vs=1 vage=9 vpage=9 vdt=34 vmax=5596 vacc=16469 vrej=0 seq=0 elapsed=0 oled=3C
[   2921] STATUS mode=3 fault=none enc=292 denc=0 sreq=0 sapplied=0 crate=-12 uimp=115225 upos=1145 uneg=195 ball=72.71 vball=0.24 aball=-2.5 bref=50.00 pid=-11.9 pref=114.0 ppos=115.2 apid=-0.0 integ=-0.0 vision=1 current=1 vframe=16473 vs=1 vage=29 vpage=29 vdt=34 vmax=5596 vacc=16469 vrej=0 seq=0 elapsed=0 oled=3C
[   2952] STATUS mode=3 fault=none enc=292 denc=0 sreq=0 sapplied=0 crate=-12 uimp=115225 upos=1145 uneg=195 ball=72.71 vball=0.24 aball=-2.5 bref=50.00 pid=-11.9 pref=114.0 ppos=115.2 apid=-0.0 integ=-0.0 vision=1 current=1 vframe=16473 vs=1 vage=49 vpage=49 vdt=34 vmax=5596 vacc=16469 vrej=0 seq=0 elapsed=0 oled=3C
[   2984] STATUS mode=3 fault=none enc=292 denc=0 sreq=0 sapplied=0 crate=-12 uimp=115225 upos=1145 uneg=195 ball=72.71 vball=0.24 aball=-2.5 bref=50.00 pid=-11.9 pref=114.0 ppos=115.2 apid=-0.0 integ=-0.0 vision=1 current=1 vframe=16473 vs=1 vage=89 vpage=89 vdt=34 vmax=5596 vacc=16469 vrej=0 seq=0 elapsed=0 oled=3C
[   3016] STATUS mode=3 fault=none enc=292 denc=0 sreq=0 sapplied=0 crate=-12 uimp=115225 upos=1145 uneg=195 ball=72.71 vball=0.24 aball=-2.5 bref=50.00 pid=-11.9 pref=114.0 ppos=115.2 apid=-0.0 integ=-0.0 vision=1 current=1 vframe=16473 vs=1 vage=109 vpage=109 vdt=34 vmax=5596 vacc=16469 vrej=0 seq=0 elapsed=0 oled=3C
[   3030] STATUS mode=3 fault=none enc=292 denc=0 sreq=0 sapplied=0 crate=-17 uimp=115225 upos=1145 uneg=195 ball=72.70 vball=-0.01 aball=-1.4 bref=50.00 pid=-17.4 pref=113.5 ppos=115.2 apid=-0.0 integ=-0.0 vision=1 current=1 vframe=16474 vs=1 vage=20 vpage=20 vdt=109 vmax=5596 vacc=16470 vrej=0 seq=0 elapsed=0 oled=3C
[   3062] STATUS mode=3 fault=none enc=292 denc=0 sreq=0 sapplied=0 crate=-18 uimp=115225 upos=1145 uneg=195 ball=72.69 vball=-0.02 aball=-1.4 bref=50.00 pid=-18.1 pref=113.4 ppos=115.2 apid=-0.0 integ=-0.0 vision=1 current=1 vframe=16476 vs=1 vage=4 vpage=4 vdt=33 vmax=5596 vacc=16472 vrej=0 seq=0 elapsed=0 oled=3C
[   3093] STATUS mode=3 fault=none enc=292 denc=0 sreq=0 sapplied=0 crate=-18 uimp=115225 upos=1145 uneg=195 ball=72.69 vball=-0.02 aball=-1.4 bref=50.00 pid=-18.1 pref=113.4 ppos=115.2 apid=-0.0 integ=-0.0 vision=1 current=1 vframe=16476 vs=1 vage=24 vpage=24 vdt=33 vmax=5596 vacc=16472 vrej=0 seq=0 elapsed=0 oled=3C
[   3109] STATUS mode=3 fault=none enc=292 denc=0 sreq=0 sapplied=0 crate=-18 uimp=115225 upos=1145 uneg=195 ball=72.69 vball=-0.02 aball=-1.4 bref=50.00 pid=-18.1 pref=113.4 ppos=115.2 apid=-0.0 integ=-0.0 vision=1 current=1 vframe=16476 vs=1 vage=64 vpage=64 vdt=33 vmax=5596 vacc=16472 vrej=0 seq=0 elapsed=0 oled=3C
[   3141] STATUS mode=3 fault=none enc=292 denc=0 sreq=0 sapplied=0 crate=-18 uimp=115225 upos=1145 uneg=195 ball=72.69 vball=-0.02 aball=-1.4 bref=50.00 pid=-18.1 pref=113.4 ppos=115.2 apid=-0.0 integ=-0.0 vision=1 current=1 vframe=16476 vs=1 vage=84 vpage=84 vdt=33 vmax=5596 vacc=16472 vrej=0 seq=0 elapsed=0 oled=3C
[   3171] STATUS mode=3 fault=none enc=292 denc=0 sreq=0 sapplied=0 crate=-18 uimp=115225 upos=1145 uneg=195 ball=72.69 vball=-0.01 aball=-0.8 bref=50.00 pid=-17.9 pref=113.4 ppos=115.2 apid=-0.0 integ=-0.0 vision=1 current=1 vframe=16477 vs=1 vage=5 vpage=5 vdt=99 vmax=5596 vacc=16473 vrej=0 seq=0 elapsed=0 oled=3C
[   3202] STATUS mode=3 fault=none enc=292 denc=0 sreq=0 sapplied=0 crate=-17 uimp=115225 upos=1145 uneg=195 ball=72.69 vball=0.03 aball=-0.8 bref=50.00 pid=-17.1 pref=113.5 ppos=115.2 apid=-0.0 integ=-0.0 vision=1 current=1 vframe=16478 vs=1 vage=11 vpage=11 vdt=34 vmax=5596 vacc=16474 vrej=0 seq=0 elapsed=0 oled=3C
[   3218] STATUS mode=3 fault=none enc=292 denc=0 sreq=0 sapplied=0 crate=-17 uimp=115225 upos=1145 uneg=195 ball=72.69 vball=0.03 aball=-0.8 bref=50.00 pid=-17.1 pref=113.5 ppos=115.2 apid=-0.0 integ=-0.0 vision=1 current=1 vframe=16478 vs=1 vage=31 vpage=31 vdt=34 vmax=5596 vacc=16474 vrej=0 seq=0 elapsed=0 oled=3C
[   3250] STATUS mode=3 fault=none enc=292 denc=0 sreq=0 sapplied=0 crate=-17 uimp=115225 upos=1145 uneg=195 ball=72.69 vball=0.03 aball=-0.8 bref=50.00 pid=-17.1 pref=113.5 ppos=115.2 apid=-0.0 integ=-0.0 vision=1 current=1 vframe=16478 vs=1 vage=51 vpage=51 vdt=34 vmax=5596 vacc=16474 vrej=0 seq=0 elapsed=0 oled=3C
[   3280] STATUS mode=3 fault=none enc=292 denc=0 sreq=0 sapplied=0 crate=-17 uimp=115225 upos=1145 uneg=195 ball=72.69 vball=0.03 aball=-0.8 bref=50.00 pid=-17.1 pref=113.5 ppos=115.2 apid=-0.0 integ=-0.0 vision=1 current=1 vframe=16478 vs=1 vage=91 vpage=91 vdt=34 vmax=5596 vacc=16474 vrej=0 seq=0 elapsed=0 oled=3C
[   3312] STATUS mode=3 fault=none enc=292 denc=0 sreq=0 sapplied=0 crate=-18 uimp=115225 upos=1145 uneg=195 ball=72.69 vball=-0.02 aball=-0.5 bref=50.00 pid=-18.1 pref=113.4 ppos=115.2 apid=-0.0 integ=-0.0 vision=1 current=1 vframe=16479 vs=1 vage=8 vpage=8 vdt=103 vmax=5596 vacc=16475 vrej=0 seq=0 elapsed=0 oled=3C
[   3327] STATUS mode=3 fault=none enc=292 denc=0 sreq=0 sapplied=0 crate=-19 uimp=115010 upos=1145 uneg=205 ball=72.66 vball=-0.12 aball=-0.5 bref=50.00 pid=-19.5 pref=113.1 ppos=115.0 apid=-0.0 integ=-0.0 vision=1 current=1 vframe=16480 vs=1 vage=19 vpage=19 vdt=9 vmax=5596 vacc=16476 vrej=0 seq=0 elapsed=0 oled=3C
[   3359] STATUS mode=3 fault=none enc=290 denc=-2 sreq=0 sapplied=0 crate=-19 uimp=114465 upos=1145 uneg=230 ball=72.64 vball=-0.29 aball=-0.5 bref=50.00 pid=-18.5 pref=112.6 ppos=114.5 apid=-0.0 integ=-0.0 vision=1 current=1 vframe=16482 vs=1 vage=2 vpage=2 vdt=33 vmax=5596 vacc=16478 vrej=0 seq=0 elapsed=0 oled=3C
[   3391] STATUS mode=3 fault=none enc=290 denc=0 sreq=0 sapplied=0 crate=-18 uimp=114465 upos=1145 uneg=230 ball=72.64 vball=-0.29 aball=-0.5 bref=50.00 pid=-18.4 pref=112.6 ppos=114.5 apid=-0.0 integ=-0.0 vision=1 current=1 vframe=16482 vs=1 vage=22 vpage=22 vdt=33 vmax=5596 vacc=16478 vrej=0 seq=0 elapsed=0 oled=3C
[   3405] STATUS mode=3 fault=none enc=290 denc=0 sreq=0 sapplied=0 crate=-18 uimp=114465 upos=1145 uneg=230 ball=72.64 vball=-0.29 aball=-0.5 bref=50.00 pid=-18.4 pref=112.6 ppos=114.5 apid=-0.0 integ=-0.0 vision=1 current=1 vframe=16482 vs=1 vage=42 vpage=42 vdt=33 vmax=5596 vacc=16478 vrej=0 seq=0 elapsed=0 oled=3C
[   3437] STATUS mode=3 fault=none enc=290 denc=0 sreq=0 sapplied=0 crate=-18 uimp=114465 upos=1145 uneg=230 ball=72.64 vball=-0.29 aball=-0.5 bref=50.00 pid=-18.4 pref=112.6 ppos=114.5 apid=-0.0 integ=-0.0 vision=1 current=1 vframe=16482 vs=1 vage=82 vpage=82 vdt=33 vmax=5596 vacc=16478 vrej=0 seq=0 elapsed=0 oled=3C
[   3468] STATUS mode=3 fault=none enc=290 denc=0 sreq=0 sapplied=0 crate=-15 uimp=114465 upos=1145 uneg=230 ball=72.66 vball=-0.11 aball=-0.5 bref=50.00 pid=-13.8 pref=113.1 ppos=114.5 apid=-0.0 integ=-0.0 vision=1 current=1 vframe=16483 vs=1 vage=7 vpage=7 vdt=95 vmax=5596 vacc=16479 vrej=0 seq=0 elapsed=0 oled=3C
[   3500] STATUS mode=3 fault=none enc=290 denc=0 sreq=0 sapplied=0 crate=-10 uimp=114465 upos=1145 uneg=230 ball=72.69 vball=0.74 aball=-0.5 bref=50.00 pid=0.0 pref=114.9 ppos=114.5 apid=-0.0 integ=-0.0 vision=1 current=1 vframe=16484 vs=1 vage=7 vpage=7 vdt=20 vmax=5596 vacc=16480 vrej=0 seq=0 elapsed=0 oled=3C
[   3516] STATUS mode=3 fault=none enc=290 denc=0 sreq=0 sapplied=0 crate=-11 uimp=114465 upos=1145 uneg=230 ball=72.67 vball=0.00 aball=-0.5 bref=50.00 pid=-11.1 pref=113.3 ppos=114.5 apid=-0.0 integ=-0.0 vision=1 current=1 vframe=16485 vs=1 vage=14 vpage=14 vdt=33 vmax=5596 vacc=16481 vrej=0 seq=0 elapsed=0 oled=3C
[   3546] STATUS mode=3 fault=none enc=290 denc=0 sreq=0 sapplied=0 crate=-11 uimp=114465 upos=1145 uneg=230 ball=72.67 vball=0.00 aball=-0.5 bref=50.00 pid=-11.1 pref=113.3 ppos=114.5 apid=-0.0 integ=-0.0 vision=1 current=1 vframe=16485 vs=1 vage=34 vpage=34 vdt=33 vmax=5596 vacc=16481 vrej=0 seq=0 elapsed=0 oled=3C
[   3577] STATUS mode=3 fault=none enc=290 denc=0 sreq=0 sapplied=0 crate=-11 uimp=114465 upos=1145 uneg=230 ball=72.67 vball=0.00 aball=-0.5 bref=50.00 pid=-11.1 pref=113.3 ppos=114.5 apid=-0.0 integ=-0.0 vision=1 current=1 vframe=16485 vs=1 vage=54 vpage=54 vdt=33 vmax=5596 vacc=16481 vrej=0 seq=0 elapsed=0 oled=3C
[   3593] STATUS mode=3 fault=none enc=290 denc=0 sreq=0 sapplied=0 crate=-11 uimp=114465 upos=1145 uneg=230 ball=72.67 vball=0.00 aball=-0.5 bref=50.00 pid=-11.1 pref=113.3 ppos=114.5 apid=-0.0 integ=-0.0 vision=1 current=1 vframe=16485 vs=1 vage=94 vpage=94 vdt=33 vmax=5596 vacc=16481 vrej=0 seq=0 elapsed=0 oled=3C
[   3625] STATUS mode=3 fault=none enc=290 denc=0 sreq=0 sapplied=0 crate=-15 uimp=114465 upos=1145 uneg=230 ball=72.64 vball=-0.11 aball=-0.3 bref=50.00 pid=-14.8 pref=113.0 ppos=114.5 apid=-0.0 integ=-0.0 vision=1 current=1 vframe=16486 vs=1 vage=15 vpage=15 vdt=99 vmax=5596 vacc=16482 vrej=0 seq=0 elapsed=0 oled=3C
[   3655] STATUS mode=3 fault=none enc=290 denc=0 sreq=0 sapplied=0 crate=-15 uimp=114465 upos=1145 uneg=230 ball=72.64 vball=-0.11 aball=-0.3 bref=50.00 pid=-14.8 pref=113.0 ppos=114.5 apid=-0.0 integ=-0.0 vision=1 current=1 vframe=16486 vs=1 vage=35 vpage=35 vdt=99 vmax=5596 vacc=16482 vrej=0 seq=0 elapsed=0 oled=3C
[   3687] STATUS mode=3 fault=none enc=290 denc=0 sreq=0 sapplied=0 crate=-18 uimp=114465 upos=1145 uneg=230 ball=72.63 vball=-0.24 aball=-0.3 bref=50.00 pid=-17.9 pref=112.7 ppos=114.5 apid=-0.0 integ=-0.0 vision=1 current=1 vframe=16487 vs=1 vage=40 vpage=40 vdt=35 vmax=5596 vacc=16483 vrej=0 seq=0 elapsed=0 oled=3C
[   3702] STATUS mode=3 fault=none enc=290 denc=0 sreq=0 sapplied=0 crate=-18 uimp=114465 upos=1145 uneg=230 ball=72.63 vball=-0.24 aball=-0.3 bref=50.00 pid=-17.9 pref=112.7 ppos=114.5 apid=-0.0 integ=-0.0 vision=1 current=1 vframe=16487 vs=1 vage=60 vpage=60 vdt=35 vmax=5596 vacc=16483 vrej=0 seq=0 elapsed=0 oled=3C
[   3734] STATUS mode=3 fault=none enc=290 denc=0 sreq=0 sapplied=0 crate=-18 uimp=114465 upos=1145 uneg=230 ball=72.63 vball=-0.24 aball=-0.3 bref=50.00 pid=-17.9 pref=112.7 ppos=114.5 apid=-0.0 integ=-0.0 vision=1 current=1 vframe=16487 vs=1 vage=80 vpage=80 vdt=35 vmax=5596 vacc=16483 vrej=0 seq=0 elapsed=0 oled=3C
[   3766] STATUS mode=3 fault=none enc=290 denc=0 sreq=0 sapplied=0 crate=-19 uimp=114465 upos=1145 uneg=230 ball=72.61 vball=-0.22 aball=-0.7 bref=50.00 pid=-18.5 pref=112.6 ppos=114.5 apid=-0.0 integ=-0.0 vision=1 current=1 vframe=16489 vs=1 vage=5 vpage=5 vdt=10 vmax=5596 vacc=16485 vrej=0 seq=0 elapsed=0 oled=3C
[   3796] STATUS mode=3 fault=none enc=290 denc=0 sreq=0 sapplied=0 crate=-15 uimp=114465 upos=1145 uneg=230 ball=72.62 vball=-0.01 aball=-0.7 bref=50.00 pid=-13.8 pref=113.1 ppos=114.5 apid=-0.0 integ=-0.0 vision=1 current=1 vframe=16490 vs=1 vage=6 vpage=6 vdt=19 vmax=5596 vacc=16486 vrej=0 seq=0 elapsed=0 oled=3C
[   3812] STATUS mode=3 fault=none enc=290 denc=0 sreq=0 sapplied=0 crate=-13 uimp=114465 upos=1145 uneg=230 ball=72.62 vball=0.01 aball=-0.7 bref=50.00 pid=-13.4 pref=113.1 ppos=114.5 apid=-0.0 integ=-0.0 vision=1 current=1 vframe=16491 vs=1 vage=13 vpage=13 vdt=33 vmax=5596 vacc=16487 vrej=0 seq=0 elapsed=0 oled=3C
[   3843] STATUS mode=3 fault=none enc=290 denc=0 sreq=0 sapplied=0 crate=-13 uimp=114465 upos=1145 uneg=230 ball=72.62 vball=0.01 aball=-0.7 bref=50.00 pid=-13.4 pref=113.1 ppos=114.5 apid=-0.0 integ=-0.0 vision=1 current=1 vframe=16491 vs=1 vage=33 vpage=33 vdt=33 vmax=5596 vacc=16487 vrej=0 seq=0 elapsed=0 oled=3C
[   3875] STATUS mode=3 fault=none enc=290 denc=0 sreq=0 sapplied=0 crate=-13 uimp=114465 upos=1145 uneg=230 ball=72.62 vball=0.01 aball=-0.7 bref=50.00 pid=-13.4 pref=113.1 ppos=114.5 apid=-0.0 integ=-0.0 vision=1 current=1 vframe=16491 vs=1 vage=53 vpage=53 vdt=33 vmax=5596 vacc=16487 vrej=0 seq=0 elapsed=0 oled=3C
[   3891] STATUS mode=3 fault=none enc=290 denc=0 sreq=0 sapplied=0 crate=-13 uimp=114465 upos=1145 uneg=230 ball=72.62 vball=0.01 aball=-0.7 bref=50.00 pid=-13.4 pref=113.1 ppos=114.5 apid=-0.0 integ=-0.0 vision=1 current=1 vframe=16491 vs=1 vage=93 vpage=93 vdt=33 vmax=5596 vacc=16487 vrej=0 seq=0 elapsed=0 oled=3C
[   3921] STATUS mode=3 fault=none enc=290 denc=0 sreq=0 sapplied=0 crate=-11 uimp=114465 upos=1145 uneg=230 ball=72.63 vball=0.13 aball=0.8 bref=50.00 pid=-10.5 pref=113.4 ppos=114.5 apid=0.0 integ=-0.0 vision=1 current=1 vframe=16492 vs=1 vage=14 vpage=14 vdt=99 vmax=5596 vacc=16488 vrej=0 seq=0 elapsed=0 oled=3C
[   3952] STATUS mode=3 fault=none enc=290 denc=0 sreq=-22 sapplied=-22 crate=-22 uimp=114465 upos=1145 uneg=230 ball=72.62 vball=-0.45 aball=0.8 bref=50.00 pid=-22.6 pref=112.2 ppos=114.5 apid=0.0 integ=-0.0 vision=1 current=1 vframe=16493 vs=1 vage=15 vpage=15 vdt=19 vmax=5596 vacc=16489 vrej=0 seq=0 elapsed=0 oled=3C
[   3984] STATUS mode=3 fault=none enc=290 denc=0 sreq=0 sapplied=0 crate=-19 uimp=113715 upos=1145 uneg=265 ball=72.59 vball=-0.58 aball=0.8 bref=50.00 pid=-19.2 pref=111.8 ppos=113.7 apid=0.0 integ=-0.0 vision=1 current=1 vframe=16494 vs=1 vage=23 vpage=23 vdt=32 vmax=5596 vacc=16490 vrej=0 seq=0 elapsed=0 oled=3C
[   4000] STATUS mode=3 fault=none enc=290 denc=0 sreq=0 sapplied=0 crate=-19 uimp=113715 upos=1145 uneg=265 ball=72.59 vball=-0.58 aball=0.8 bref=50.00 pid=-19.2 pref=111.8 ppos=113.7 apid=0.0 integ=-0.0 vision=1 current=1 vframe=16494 vs=1 vage=43 vpage=43 vdt=32 vmax=5596 vacc=16490 vrej=0 seq=0 elapsed=0 oled=3C
[   4030] STATUS mode=3 fault=none enc=290 denc=0 sreq=0 sapplied=0 crate=-19 uimp=113715 upos=1145 uneg=265 ball=72.59 vball=-0.58 aball=0.8 bref=50.00 pid=-19.2 pref=111.8 ppos=113.7 apid=0.0 integ=-0.0 vision=1 current=1 vframe=16494 vs=1 vage=63 vpage=63 vdt=32 vmax=5596 vacc=16490 vrej=0 seq=0 elapsed=0 oled=3C
[   4062] STATUS mode=3 fault=none enc=290 denc=0 sreq=0 sapplied=0 crate=-15 uimp=113715 upos=1145 uneg=265 ball=72.58 vball=-0.34 aball=-1.0 bref=50.00 pid=-14.9 pref=112.2 ppos=113.7 apid=-0.0 integ=-0.0 vision=1 current=1 vframe=16495 vs=1 vage=6 vpage=6 vdt=97 vmax=5596 vacc=16491 vrej=0 seq=0 elapsed=0 oled=3C
[   4077] STATUS mode=3 fault=none enc=290 denc=0 sreq=0 sapplied=0 crate=-15 uimp=113715 upos=1145 uneg=265 ball=72.58 vball=-0.34 aball=-1.0 bref=50.00 pid=-14.9 pref=112.2 ppos=113.7 apid=-0.0 integ=-0.0 vision=1 current=1 vframe=16495 vs=1 vage=26 vpage=26 vdt=97 vmax=5596 vacc=16491 vrej=0 seq=0 elapsed=0 oled=3C
[   4109] STATUS mode=3 fault=none enc=290 denc=0 sreq=0 sapplied=0 crate=-7 uimp=113715 upos=1145 uneg=265 ball=72.68 vball=1.53 aball=-1.0 bref=50.00 pid=27.5 pref=116.5 ppos=113.7 apid=-0.0 integ=-0.0 vision=1 current=1 vframe=16496 vs=1 vage=10 vpage=10 vdt=36 vmax=5596 vacc=16492 vrej=0 seq=0 elapsed=0 oled=3C
[   4141] STATUS mode=3 fault=none enc=290 denc=0 sreq=23 sapplied=0 crate=23 uimp=113715 upos=1145 uneg=265 ball=72.68 vball=1.53 aball=-1.0 bref=50.00 pid=27.5 pref=116.5 ppos=113.7 apid=-0.0 integ=-0.0 vision=1 current=1 vframe=16496 vs=1 vage=50 vpage=50 vdt=36 vmax=5596 vacc=16492 vrej=0 seq=0 elapsed=0 oled=3C
[   4171] STATUS mode=3 fault=none enc=290 denc=0 sreq=24 sapplied=24 crate=24 uimp=114100 upos=1160 uneg=265 ball=72.68 vball=1.53 aball=-1.0 bref=50.00 pid=23.6 pref=116.5 ppos=114.1 apid=-0.0 integ=-0.0 vision=1 current=1 vframe=16496 vs=1 vage=70 vpage=70 vdt=36 vmax=5596 vacc=16492 vrej=0 seq=0 elapsed=0 oled=3C
[   4187] STATUS mode=3 fault=none enc=290 denc=0 sreq=0 sapplied=0 crate=19 uimp=114535 upos=1180 uneg=265 ball=72.68 vball=1.53 aball=-1.0 bref=50.00 pid=19.3 pref=116.5 ppos=114.5 apid=-0.0 integ=-0.0 vision=1 current=1 vframe=16496 vs=1 vage=90 vpage=90 vdt=36 vmax=5596 vacc=16492 vrej=0 seq=0 elapsed=0 oled=3C
[   4218] STATUS mode=3 fault=none enc=291 denc=0 sreq=0 sapplied=0 crate=4 uimp=114535 upos=1180 uneg=265 ball=72.70 vball=0.61 aball=3.0 bref=50.00 pid=0.0 pref=114.7 ppos=114.5 apid=0.0 integ=-0.0 vision=1 current=1 vframe=16505 vs=1 vage=12 vpage=12 vdt=10 vmax=5596 vacc=16501 vrej=0 seq=0 elapsed=0 oled=3C
[   4250] STATUS mode=3 fault=none enc=291 denc=0 sreq=0 sapplied=0 crate=0 uimp=114535 upos=1180 uneg=265 ball=72.68 vball=0.05 aball=3.0 bref=50.00 pid=0.0 pref=114.7 ppos=114.5 apid=0.0 integ=-0.0 vision=1 current=1 vframe=16506 vs=1 vage=1 vpage=1 vdt=31 vmax=5596 vacc=16502 vrej=0 seq=0 elapsed=0 oled=3C
[   4266] STATUS mode=3 fault=none enc=291 denc=0 sreq=0 sapplied=0 crate=-10 uimp=114535 upos=1180 uneg=265 ball=72.68 vball=0.05 aball=3.0 bref=50.00 pid=-10.3 pref=113.5 ppos=114.5 apid=0.0 integ=-0.0 vision=1 current=1 vframe=16506 vs=1 vage=21 vpage=21 vdt=31 vmax=5596 vacc=16502 vrej=0 seq=0 elapsed=0 oled=3C
[   4296] STATUS mode=3 fault=none enc=291 denc=0 sreq=0 sapplied=0 crate=-12 uimp=114535 upos=1180 uneg=265 ball=72.68 vball=-0.01 aball=3.0 bref=50.00 pid=-11.5 pref=113.4 ppos=114.5 apid=0.0 integ=-0.0 vision=1 current=1 vframe=16507 vs=1 vage=28 vpage=28 vdt=33 vmax=5596 vacc=16503 vrej=0 seq=0 elapsed=0 oled=3C
[   4327] STATUS mode=3 fault=none enc=291 denc=0 sreq=0 sapplied=0 crate=-12 uimp=114535 upos=1180 uneg=265 ball=72.68 vball=-0.01 aball=3.0 bref=50.00 pid=-11.5 pref=113.4 ppos=114.5 apid=0.0 integ=-0.0 vision=1 current=1 vframe=16507 vs=1 vage=48 vpage=48 vdt=33 vmax=5596 vacc=16503 vrej=0 seq=0 elapsed=0 oled=3C
[   4359] STATUS mode=3 fault=none enc=291 denc=0 sreq=0 sapplied=0 crate=-12 uimp=114535 upos=1180 uneg=265 ball=72.68 vball=-0.01 aball=3.0 bref=50.00 pid=-11.5 pref=113.4 ppos=114.5 apid=0.0 integ=-0.0 vision=1 current=1 vframe=16507 vs=1 vage=68 vpage=68 vdt=33 vmax=5596 vacc=16503 vrej=0 seq=0 elapsed=0 oled=3C
[   4375] STATUS mode=3 fault=none enc=291 denc=0 sreq=0 sapplied=0 crate=-15 uimp=114535 upos=1180 uneg=265 ball=72.65 vball=-0.18 aball=-0.9 bref=50.00 pid=-16.4 pref=112.9 ppos=114.5 apid=-0.0 integ=-0.0 vision=1 current=1 vframe=16508 vs=1 vage=8 vpage=8 vdt=100 vmax=5596 vacc=16504 vrej=0 seq=0 elapsed=0 oled=3C
[   4405] STATUS mode=3 fault=none enc=291 denc=0 sreq=0 sapplied=0 crate=-16 uimp=114535 upos=1180 uneg=265 ball=72.65 vball=-0.18 aball=-0.9 bref=50.00 pid=-16.4 pref=112.9 ppos=114.5 apid=-0.0 integ=-0.0 vision=1 current=1 vframe=16508 vs=1 vage=28 vpage=28 vdt=100 vmax=5596 vacc=16504 vrej=0 seq=0 elapsed=0 oled=3C
[   4437] STATUS mode=3 fault=none enc=291 denc=0 sreq=-28 sapplied=-28 crate=-28 uimp=114415 upos=1180 uneg=270 ball=71.17 vball=-21.22 aball=-0.9 bref=50.00 pid=-120.0 pref=63.4 ppos=114.4 apid=-0.0 integ=-0.0 vision=1 current=1 vframe=16509 vs=1 vage=14 vpage=14 vdt=34 vmax=5596 vacc=16505 vrej=0 seq=0 elapsed=0 oled=3C
[   4468] STATUS mode=3 fault=none enc=290 denc=0 sreq=-58 sapplied=-58 crate=-58 uimp=112785 upos=1180 uneg=310 ball=70.58 vball=-19.87 aball=-0.9 bref=50.00 pid=-120.0 pref=63.2 ppos=112.8 apid=-0.0 integ=-0.0 vision=1 current=1 vframe=16510 vs=1 vage=21 vpage=21 vdt=33 vmax=5596 vacc=16506 vrej=0 seq=0 elapsed=0 oled=3C
[   4484] STATUS mode=3 fault=none enc=289 denc=-1 sreq=-73 sapplied=-73 crate=-73 uimp=111520 upos=1180 uneg=330 ball=70.58 vball=-19.87 aball=-0.9 bref=50.00 pid=-120.0 pref=63.2 ppos=111.5 apid=-0.0 integ=-0.0 vision=1 current=1 vframe=16510 vs=1 vage=41 vpage=41 vdt=33 vmax=5596 vacc=16506 vrej=0 seq=0 elapsed=0 oled=3C
[   4516] STATUS mode=3 fault=none enc=286 denc=1 sreq=-103 sapplied=-103 crate=-103 uimp=108090 upos=1180 uneg=370 ball=70.58 vball=-19.87 aball=-0.9 bref=50.00 pid=-120.0 pref=63.2 ppos=108.1 apid=.0 integ=-0.0 vision=1 current=1 vframe=16510 vs=1 vage=61 vpage=61 vdt=33 vmax=5596 vacc=16506 vrej=0 seq=0 elapsed=0 oled=3C
[   4546] STATUS mode=3 fault=none enc=283 denc=0 sreq=-118 sapplied=-118 crate=-118 uimp=105925 upos=1180 uneg=390 ball=70.58 vball=-19.87 aball=-0.9 bref=50.00 pid=-120.0 pref=63.2 ppos=105.9 apid=-0.0 integ=-0.0 vision=1 current=1 vframe=16510 vs=1 vage=101 vpage=101 vdt=33 vmax=5596 vacc=16506 vrej=0 seq=0 elapsed=0 oled=3C
[   4577] STATUS mode=3 fault=none enc=279 denc=-2 sreq=-120 sapplied=-120 crate=-120 uimp=103535 upos=1180 uneg=410 ball=69.82 vball=-14.16 aball=-37.7 bref=50.00 pid=-120.0 pref=70.8 ppos=103.5 apid=-0.0 integ=-0.0 vision=1 current=1 vframe=16511 vs=1 vage=19 vpage=19 vdt=102 vmax=5596 vacc=16507 vrej=0 seq=0 elapsed=0 oled=3C
[   4593] STATUS mode=3 fault=none enc=273 denc=-1 sreq=-120 sapplied=-120 crate=-120 uimp=98735 upos=1180 uneg=450 ball=68.00 vball=-35.54 aball=-37.7 bref=50.00 pid=-120.0 pref=18.9 ppos=98.7 apid=-0.0 integ=-0.0 vision=1 current=1 vframe=16512 vs=1 vage=28 vpage=28 vdt=31 vmax=5596 vacc=16508 vrej=0 seq=0 elapsed=0 oled=3C
[   4625] STATUS mode=3 fault=none enc=270 denc=0 sreq=-120 sapplied=-120 crate=-120 uimp=96335 upos=1180 uneg=470 ball=66.83 vball=-34.91 aball=-37.7 bref=50.00 pid=-120.0 pref=14.3 ppos=96.3 apid=-0.0 integ=-0.0 vision=1 current=1 vframe=16513 vs=1 vage=14 vpage=14 vdt=34 vmax=5596 vacc=16509 vrej=0 seq=0 elapsed=0 oled=3C
[   4655] STATUS mode=3 fault=none enc=266 denc=-1 sreq=-120 sapplied=-120 crate=-120 uimp=93935 upos=1180 uneg=490 ball=66.83 vball=-34.91 aball=-37.7 bref=50.00 pid=-120.0 pref=14.3 ppos=93.9 apid=-0.0 integ=-0.0 vision=1 current=1 vframe=16513 vs=1 vage=34 vpage=34 vdt=34 vmax=5596 vacc=16509 vrej=0 seq=0 elapsed=0 oled=3C
[   4687] STATUS mode=3 fault=none enc=261 denc=-1 sreq=-120 sapplied=-120 crate=-120 uimp=89135 upos=1180 uneg=530 ball=66.83 vball=-34.91 aball=-37.7 bref=50.00 pid=-120.0 pref=14.3 ppos=89.1 apid=-0.0 integ=-0.0 vision=1 current=1 vframe=16513 vs=1 vage=74 vpage=74 vdt=34 vmax=5596 vacc=16509 vrej=0 seq=0 elapsed=0 oled=3C
[   4718] STATUS mode=3 fault=none enc=257 denc=-1 sreq=-120 sapplied=-120 crate=-120 uimp=86735 upos=1180 uneg=550 ball=66.83 vball=-34.91 aball=-37.7 bref=50.00 pid=-120.0 pref=14.3 ppos=86.7 apid=-0.0 integ=-0.0 vision=1 current=1 vframe=16513 vs=1 vage=94 vpage=94 vdt=34 vmax=5596 vacc=16509 vrej=0 seq=0 elapsed=0 oled=3C
[   4734] STATUS mode=3 fault=none enc=250 denc=-1 sreq=-120 sapplied=-120 crate=-120 uimp=81935 upos=1180 uneg=590 ball=63.69 vball=-40.47 aball=-50.9 bref=50.00 pid=-120.0 pref=-12.5 ppos=81.9 apid=-0.0 integ=-0.0 vision=1 current=1 vframe=16515 vs=1 vage=4 vpage=4 vdt=30 vmax=5596 vacc=16511 vrej=0 seq=0 elapsed=0 oled=3C
[   4766] STATUS mode=3 fault=none enc=247 denc=-2 sreq=-120 sapplied=-120 crate=-120 uimp=79535 upos=1180 uneg=610 ball=61.91 vball=-49.12 aball=-50.9 bref=50.00 pid=-120.0 pref=-12.5 ppos=79.5 apid=-0.0 integ=-0.0 vision=1 current=1 vframe=16516 vs=1 vage=3 vpage=3 vdt=21 vmax=5596 vacc=16512 vrej=0 seq=0 elapsed=0 oled=3C
[   4796] STATUS mode=3 fault=none enc=245 denc=0 sreq=-120 sapplied=-120 crate=-120 uimp=77135 upos=1180 uneg=630 ball=61.91 vball=-49.12 aball=-50.9 bref=50.00 pid=-120.0 pref=-38.7 ppos=77.1 apid=-0.0 integ=-0.0 vision=1 current=1 vframe=16516 vs=1 vage=23 vpage=23 vdt=21 vmax=5596 vacc=16512 vrej=0 seq=0 elapsed=0 oled=3C
[   4827] STATUS mode=3 fault=none enc=239 denc=0 sreq=-120 sapplied=-120 crate=-120 uimp=72335 upos=1180 uneg=670 ball=61.91 vball=-49.12 aball=-50.9 bref=50.00 pid=-120.0 pref=-38.7 ppos=72.3 apid=-0.0 integ=-0.0 vision=1 current=1 vframe=16516 vs=1 vage=63 vpage=63 vdt=21 vmax=5596 vacc=16512 vrej=0 seq=0 elapsed=0 oled=3C
[   4843] STATUS mode=3 fault=none enc=236 denc=0 sreq=-120 sapplied=-120 crate=-120 uimp=69935 upos=1180 uneg=690 ball=61.91 vball=-49.12 aball=-50.9 bref=50.00 pid=-120.0 pref=-38.7 ppos=69.9 apid=-0.0 integ=-0.0 vision=1 current=1 vframe=16516 vs=1 vage=83 vpage=83 vdt=21 vmax=5596 vacc=16512 vrej=0 seq=0 elapsed=0 oled=3C
[   4875] STATUS mode=3 fault=none enc=230 denc=0 sreq=-120 sapplied=-120 crate=-120 uimp=65135 upos=1180 uneg=730 ball=59.72 vball=-33.43 aball=-74.0 bref=50.00 pid=-120.0 pref=-18.3 ppos=65.1 apid=-0.0 integ=-0.0 vision=1 current=1 vframe=16518 vs=1 vage=8 vpage=8 vdt=10 vmax=5596 vacc=16514 vrej=0 seq=0 elapsed=0 oled=3C
[   4905] STATUS mode=3 fault=none enc=227 denc=0 sreq=-120 sapplied=-120 crate=-120 uimp=62735 upos=1180 uneg=750 ball=57.46 vball=-64.28 aball=-74.0 bref=50.00 pid=-120.0 pref=-18.3 ppos=62.7 apid=-0.0 integ=-0.0 vision=1 current=1 vframe=16519 vs=1 vage=3 vpage=3 vdt=25 vmax=5596 vacc=16515 vrej=0 seq=0 elapsed=0 oled=3C
[   4937] STATUS mode=3 fault=none enc=223 denc=-1 sreq=-120 sapplied=-120 crate=-120 uimp=60335 upos=1180 uneg=770 ball=57.46 vball=-64.28 aball=-74.0 bref=50.00 pid=-120.0 pref=-91.3 ppos=60.3 apid=-0.0 integ=-0.0 vision=1 current=1 vframe=16519 vs=1 vage=23 vpage=23 vdt=25 vmax=5596 vacc=16515 vrej=0 seq=0 elapsed=0 oled=3C
[   4952] STATUS mode=3 fault=none enc=217 denc=-1 sreq=-120 sapplied=-120 crate=-120 uimp=55535 upos=1180 uneg=810 ball=56.49 vball=-50.38 aball=-74.0 bref=50.00 pid=-120.0 pref=-68.3 ppos=55.5 apid=-0.0 integ=-0.0 vision=1 current=1 vframe=16520 vs=1 vage=35 vpage=35 vdt=28 vmax=5596 vacc=16516 vrej=0 seq=0 elapsed=0 oled=3C
[   4984] STATUS mode=3 fault=none enc=214 denc=-1 sreq=-120 sapplied=-120 crate=-120 uimp=53135 upos=1180 uneg=830 ball=56.49 vball=-50.38 aball=-74.0 bref=50.00 pid=-120.0 pref=-68.3 ppos=53.1 apid=-0.0 integ=-0.0 vision=1 current=1 vframe=16520 vs=1 vage=55 vpage=55 vdt=28 vmax=5596 vacc=16516 vrej=0 seq=0 elapsed=0 oled=3C
[   5016] STATUS mode=3 fault=none enc=211 denc=0 sreq=-120 sapplied=-120 crate=-120 uimp=50735 upos=1180 uneg=850 ball=56.49 vball=-50.38 aball=-74.0 bref=50.00 pid=-120.0 pref=-68.3 ppos=50.7 apid=-0.0 integ=-0.0 vision=1 current=1 vframe=16520 vs=1 vage=75 vpage=75 vdt=28 vmax=5596 vacc=16516 vrej=0 seq=0 elapsed=0 oled=3C
[   5046] STATUS mode=3 fault=none enc=205 denc=-1 sreq=-120 sapplied=-120 crate=-120 uimp=45935 upos=1180 uneg=890 ball=54.56 vball=-39.50 aball=-36.0 bref=50.00 pid=-120.0 pref=-56.2 ppos=45.9 apid=-0.0 integ=-0.0 vision=1 current=1 vframe=16521 vs=1 vage=19 vpage=19 vdt=96 vmax=5596 vacc=16517 vrej=0 seq=0 elapsed=0 oled=3C
[   5077] STATUS mode=3 fault=none enc=202 denc=-1 sreq=-120 sapplied=-120 crate=-120 uimp=43535 upos=1180 uneg=910 ball=51.77 vball=-66.31 aball=-36.0 bref=50.00 pid=-120.0 pref=-123.8 ppos=43.5 apid=-0.0 integ=-0.0 vision=1 current=1 vframe=16522 vs=1 vage=5 vpage=5 vdt=34 vmax=5596 vacc=16518 vrej=0 seq=0 elapsed=0 oled=3C
[   5093] STATUS mode=3 fault=none enc=196 denc=-1 sreq=-120 sapplied=-120 crate=-120 uimp=38735 upos=1180 uneg=950 ball=51.77 vball=-66.31 aball=-36.0 bref=50.00 pid=-120.0 pref=-123.8 ppos=38.7 apid=-0.0 integ=-0.0 vision=1 current=1 vframe=16522 vs=1 vage=45 vpage=45 vdt=34 vmax=5596 vacc=16518 vrej=0 seq=0 elapsed=0 oled=3C
[   5125] STATUS mode=3 fault=none enc=193 denc=0 sreq=-120 sapplied=-120 crate=-120 uimp=36335 upos=1180 uneg=970 ball=51.77 vball=-66.31 aball=-36.0 bref=50.00 pid=-120.0 pref=-123.8 ppos=36.3 apid=-0.0 integ=-0.0 vision=1 current=1 vframe=16522 vs=1 vage=65 vpage=65 vdt=34 vmax=5596 vacc=16518 vrej=0 seq=0 elapsed=0 oled=3C
[   5155] STATUS mode=3 fault=none enc=190 denc=-1 sreq=-120 sapplied=-120 crate=-120 uimp=33935 upos=1180 uneg=990 ball=51.77 vball=-66.31 aball=-36.0 bref=50.00 pid=-120.0 pref=-123.8 ppos=33.9 apid=-0.0 integ=-0.0 vision=1 current=1 vframe=16522 vs=1 vage=85 vpage=85 vdt=34 vmax=5596 vacc=16518 vrej=0 seq=0 elapsed=0 oled=3C
[   5187] STATUS mode=3 fault=none enc=184 denc=0 sreq=-120 sapplied=-120 crate=-120 uimp=29135 upos=1180 uneg=1030 ball=49.47 vball=-39.86 aball=-51.5 bref=50.00 pid=-120.0 pref=-82.4 ppos=29.1 apid=-0.0 integ=-0.0 vision=1 current=1 vframe=16524 vs=1 vage=6 vpage=6 vdt=8 vmax=5596 vacc=16520 vrej=0 seq=0 elapsed=0 oled=3C
[   5202] STATUS mode=3 fault=none enc=180 denc=-1 sreq=-120 sapplied=-120 crate=-120 uimp=26735 upos=1180 uneg=1050 ball=49.47 vball=-39.86 aball=-51.5 bref=50.00 pid=-120.0 pref=-82.4 ppos=26.7 apid=-0.0 integ=-0.0 vision=1 current=1 vframe=16524 vs=1 vage=26 vpage=26 vdt=8 vmax=5596 vacc=16520 vrej=0 seq=0 elapsed=0 oled=3C
[   5234] STATUS mode=3 fault=none enc=174 denc=0 sreq=-120 sapplied=-120 crate=-120 uimp=21935 upos=1180 uneg=1090 ball=47.39 vball=-52.88 aball=-51.5 bref=50.00 pid=-120.0 pref=-118.8 ppos=21.9 apid=-0.0 integ=-0.0 vision=1 current=1 vframe=16525 vs=1 vage=31 vpage=31 vdt=35 vmax=5596 vacc=16521 vrej=0 seq=0 elapsed=0 oled=3C
[   5266] STATUS mode=3 fault=none enc=170 denc=-2 sreq=-120 sapplied=-120 crate=-120 uimp=19535 upos=1180 uneg=1110 ball=46.49 vball=-40.13 aball=21.8 bref=50.00 pid=-120.0 pref=-97.8 ppos=19.5 apid=0.0 integ=-0.0 vision=1 current=1 vframe=16526 vs=1 vage=8 vpage=8 vdt=43 vmax=5596 vacc=16522 vrej=0 seq=0 elapsed=0 oled=3C
[   5296] STATUS mode=3 fault=none enc=168 denc=0 sreq=-120 sapplied=-120 crate=-120 uimp=17135 upos=1180 uneg=1130 ball=46.49 vball=-40.13 aball=21.8 bref=50.00 pid=-120.0 pref=-97.8 ppos=17.1 apid=0.0 integ=-0.0 vision=1 current=1 vframe=16526 vs=1 vage=28 vpage=28 vdt=43 vmax=5596 vacc=16522 vrej=0 seq=0 elapsed=0 oled=3C
[   5327] STATUS mode=3 fault=none enc=162 denc=0 sreq=-120 sapplied=-120 crate=-120 uimp=12335 upos=1180 uneg=1170 ball=46.49 vball=-40.13 aball=21.8 bref=50.00 pid=-120.0 pref=-97.8 ppos=12.3 apid=0.0 integ=-0.0 vision=1 current=1 vframe=16526 vs=1 vage=68 vpage=68 vdt=43 vmax=5596 vacc=16522 vrej=0 seq=0 elapsed=0 oled=3C
[   5343] STATUS mode=3 fault=none enc=159 denc=0 sreq=-120 sapplied=-120 crate=-120 uimp=9935 upos=1180 uneg=1190 ball=46.49 vball=-40.13 aball=21.8 bref=50.00 pid=-120.0 pref=-97.8 ppos=9.9 apid=0.0 integ=-0.0 vision=1 current=1 vframe=16526 vs=1 vage=88 vpage=88 vdt=43 vmax=5596 vacc=16522 vrej=0 seq=0 elapsed=0 oled=3C
[   5375] STATUS mode=3 fault=none enc=156 denc=-1 sreq=-120 sapplied=-120 crate=-120 uimp=7535 upos=1180 uneg=1210 ball=46.49 vball=-40.13 aball=21.8 bref=50.00 pid=-120.0 pref=-97.8 ppos=7.5 apid=0.0 integ=-0.0 vision=1 current=1 vframe=16526 vs=1 vage=108 vpage=108 vdt=43 vmax=5596 vacc=16522 vrej=0 seq=0 elapsed=0 oled=3C
[   5405] STATUS mode=3 fault=none enc=150 denc=0 sreq=-120 sapplied=-120 crate=-120 uimp=2735 upos=1180 uneg=1250 ball=45.98 vball=-35.72 aball=21.8 bref=50.00 pid=-120.0 pref=-97.8 ppos=2.7 apid=0.0 integ=-0.0 vision=1 current=1 vframe=16527 vs=1 vage=3 vpage=3 vdt=145 vmax=5596 vacc=16523 vrej=0 seq=0 elapsed=0 oled=3C
[   5437] STATUS mode=3 fault=none enc=147 denc=0 sreq=-120 sapplied=-120 crate=-120 uimp=335 upos=1180 uneg=1270 ball=44.61 vball=-29.61 aball=25.7 bref=50.00 pid=-120.0 pref=-86.2 ppos=0.3 apid=0.0 integ=-0.0 vision=1 current=1 vframe=16528 vs=1 vage=15 vpage=15 vdt=8 vmax=5596 vacc=16524 vrej=0 seq=0 elapsed=0 oled=3C
[   5452] STATUS mode=3 fault=none enc=141 denc=-1 sreq=-120 sapplied=-120 crate=-120 uimp=-4465 upos=1180 uneg=1310 ball=43.59 vball=-29.20 aball=25.7 bref=50.00 pid=-120.0 pref=-90.4 ppos=-4.5 apid=0.0 integ=-0.0 vision=1 current=1 vframe=16529 vs=1 vage=22 vpage=22 vdt=33 vmax=5596 vacc=16525 vrej=0 seq=0 elapsed=0 oled=3C
[   5484] STATUS mode=3 fault=none enc=138 denc=-1 sreq=-120 sapplied=-120 crate=-120 uimp=-6865 upos=1180 uneg=1330 ball=43.51 vball=-16.37 aball=25.7 bref=50.00 pid=-120.0 pref=-65.2 ppos=-6.9 apid=0.0 integ=-0.0 vision=1 current=1 vframe=16530 vs=1 vage=9 vpage=9 vdt=33 vmax=5596 vacc=16526 vrej=0 seq=0 elapsed=0 oled=3C
[   5516] STATUS mode=3 fault=none enc=134 denc=-1 sreq=-120 sapplied=-120 crate=-120 uimp=-9265 upos=1180 uneg=1350 ball=43.51 vball=-16.37 aball=25.7 bref=50.00 pid=-120.0 pref=-65.2 ppos=-9.3 apid=0.0 integ=-0.0 vision=1 current=1 vframe=16530 vs=1 vage=29 vpage=29 vdt=33 vmax=5596 vacc=16526 vrej=0 seq=0 elapsed=0 oled=3C
[   5546] STATUS mode=3 fault=none enc=128 denc=-1 sreq=-120 sapplied=-120 crate=-120 uimp=-14065 upos=1180 uneg=1390 ball=43.51 vball=-16.37 aball=25.7 bref=50.00 pid=-120.0 pref=-65.2 ppos=-14.1 apid=0.0 integ=-0.0 vision=1 current=1 vframe=16530 vs=1 vage=69 vpage=69 vdt=33 vmax=5596 vacc=16526 vrej=0 seq=0 elapsed=0 oled=3C
[   5562] STATUS mode=3 fault=none enc=125 denc=-1 sreq=-120 sapplied=-120 crate=-120 uimp=-16465 upos=1180 uneg=1410 ball=43.51 vball=-16.37 aball=25.7 bref=50.00 pid=-120.0 pref=-65.2 ppos=-16.5 apid=0.0 integ=-0.0 vision=1 current=1 vframe=16530 vs=1 vage=89 vpage=89 vdt=33 vmax=5596 vacc=16526 vrej=0 seq=0 elapsed=0 oled=3C
[   5593] STATUS mode=3 fault=none enc=120 denc=-1 sreq=-120 sapplied=-120 crate=-120 uimp=-21265 upos=1180 uneg=1450 ball=2.32 vball=-17.69 aball=61.6 bref=50.00 pid=-120.0 pref=-73.8 ppos=-18.9 apid=0.0 integ=-0.0 vision=1 current=1 vframe=16531 vs=1 vage=12 vpage=12 vdt=97 vmax=5596 vacc=16527 vrej=0 seq=0 elapsed=0 oled=3C
[   5593] >>> stop
[   5625] STATUS mode=3 fault=none enc=117 denc=0 sreq=-109 sapplied=-109 crate=-109 uimp=-23610 upos=1180 uneg=1470 ball=42.89 vball=4.86 aball=61.6 bref=50.00 pid=-22.2 pref=-25.8 ppos=-23.6 apid=0.0 integ=-0.0 vision=1 current=1 vframe=16532 vs=1 vage=17 vpage=17 vdt=35 vmax=5596 vacc=16528 vrej=0 seq=0 elapsed=0 oled=3C
[   5655] STATUS mode=1 fault=none enc=116 denc=-1 sreq=0 sapplied=0 crate=0 uimp=-24680 upos=1180 uneg=1480 ball=42.89 vball=4.86 aball=0.0 bref=50.00 pid=0.0 pref=0.0 ppos=0.0 apid=0.0 integ=0.0 vision=1 current=1 vframe=16532 vs=1 vage=37 vpage=37 vdt=35 vmax=5596 vacc=16528 vrej=0 seq=0 elapsed=0 oled=3C
[   5671] STATUS mode=1 fault=none enc=116 denc=0 sreq=0 sapplied=0 crate=0 uimp=-24680 upos=1180 uneg=1480 ball=42.89 vball=4.86 aball=0.0 bref=50.00 pid=0.0 pref=0.0 ppos=0.0 apid=0.0 integ=0.0 vision=1 current=1 vframe=16532 vs=1 vage=77 vpage=77 vdt=35 vmax=5596 vacc=16528 vrej=0 seq=0 elapsed=0 oled=3C
[   5702] STATUS mode=1 fault=none enc=116 denc=0 sreq=0 sapplied=0 crate=0 uimp=-24680 upos=1180 uneg=1480 ball=42.89 vball=4.86 aball=0.0 bref=50.00 pid=0.0 pref=0.0 ppos=0.0 apid=0.0 integ=0.0 vision=1 current=1 vframe=16532 vs=1 vage=97 vpage=97 vdt=35 vmax=5596 vacc=16528 vrej=0 seq=0 elapsed=0 oled=3C
[   5734] STATUS mode=1 fault=none enc=116 denc=0 sreq=0 sapplied=0 crate=0 uimp=-24680 upos=1180 uneg=1480 ball=42.74 vball=0.38 aball=0.0 bref=50.00 pid=0.0 pref=0.0 ppos=0.0 apid=0.0 integ=0.0 vision=1 current=1 vframe=16533 vs=1 vage=6 vpage=6 vdt=111 vmax=5596 vacc=16529 vrej=0 seq=0 elapsed=0 oled=3C
[   5750] STATUS mode=1 fault=none enc=116 denc=0 sreq=0 sapplied=0 crate=0 uimp=-24680 upos=1180 uneg=1480 ball=42.74 vball=0.29 aball=0.0 bref=50.00 pid=0.0 pref=0.0 ppos=0.0 apid=0.0 integ=0.0 vision=1 current=1 vframe=16534 vs=1 vage=18 vpage=18 vdt=8 vmax=5596 vacc=16530 vrej=0 seq=0 elapsed=0 oled=3C
[   5780] STATUS mode=1 fault=none enc=116 denc=0 sreq=0 sapplied=0 crate=0 uimp=-24680 upos=1180 uneg=1480 ball=42.74 vball=0.01 aball=0.0 bref=50.00 pid=0.0 pref=0.0 ppos=0.0 apid=0.0 integ=0.0 vision=1 current=1 vframe=16535 vs=1 vage=27 vpage=27 vdt=31 vmax=5596 vacc=16531 vrej=0 seq=0 elapsed=0 oled=3C
[   5812] STATUS mode=1 fault=none enc=116 denc=0 sreq=0 sapplied=0 crate=0 uimp=-24680 upos=1180 uneg=1480 ball=42.80 vball=1.16 aball=0.0 bref=50.00 pid=0.0 pref=0.0 ppos=0.0 apid=0.0 integ=0.0 vision=1 current=1 vframe=16536 vs=1 vage=13 vpage=13 vdt=34 vmax=5596 vacc=16532 vrej=0 seq=0 elapsed=0 oled=3C
[   5827] STATUS mode=1 fault=none enc=116 denc=0 sreq=0 sapplied=0 crate=0 uimp=-24680 upos=1180 uneg=1480 ball=42.80 vball=1.16 aball=0.0 bref=50.00 pid=0.0 pref=0.0 ppos=0.0 apid=0.0 integ=0.0 vision=1 current=1 vframe=16536 vs=1 vage=33 vpage=33 vdt=34 vmax=5596 vacc=16532 vrej=0 seq=0 elapsed=0 oled=3C
[   5859] STATUS mode=1 fault=none enc=116 denc=0 sreq=0 sapplied=0 crate=0 uimp=-24680 upos=1180 uneg=1480 ball=42.80 vball=1.16 aball=0.0 bref=50.00 pid=0.0 pref=0.0 ppos=0.0 apid=0.0 integ=0.0 vision=1 current=1 vframe=16536 vs=1 vage=73 vpage=73 vdt=34 vmax=5596 vacc=16532 vrej=0 seq=0 elapsed=0 oled=3C
[   5891] STATUS mode=1 fault=none enc=116 denc=0 sreq=0 sapplied=0 crate=0 uimp=-24680 upos=1180 uneg=1480 ball=42.80 vball=1.16 aball=0.0 bref=50.00 pid=0.0 pref=0.0 ppos=0.0 apid=0.0 integ=0.0 vision=1 current=1 vframe=16536 vs=1 vage=93 vpage=93 vdt=34 vmax=5596 vacc=16532 vrej=0 seq=0 elapsed=0 oled=3C
[   5905] STATUS mode=1 fault=none enc=116 denc=0 sreq=0 sapplied=0 crate=0 uimp=-24680 upos=1180 uneg=1480 ball=43.05 vball=2.62 aball=0.0 bref=50.00 pid=0.0 pref=0.0 ppos=0.0 apid=0.0 integ=0.0 vision=1 current=1 vframe=16537 vs=1 vage=8 vpage=8 vdt=105 vmax=5596 vacc=16533 vrej=0 seq=0 elapsed=0 oled=3C
[   5937] STATUS mode=1 fault=none enc=116 denc=0 sreq=0 sapplied=0 crate=0 uimp=-24680 upos=1180 uneg=1480 ball=42.86 vball=-1.77 aball=0.0 bref=50.00 pid=0.0 pref=0.0 ppos=0.0 apid=0.0 integ=0.0 vision=1 current=1 vframe=16538 vs=1 vage=19 vpage=19 vdt=29 vmax=5596 vacc=16534 vrej=0 seq=0 elapsed=0 oled=3C
[   5968] STATUS mode=1 fault=none enc=116 denc=0 sreq=0 sapplied=0 crate=0 uimp=-24680 upos=1180 uneg=1480 ball=42.86 vball=-0.85 aball=0.0 bref=50.00 pid=0.0 pref=0.0 ppos=0.0 apid=0.0 integ=0.0 vision=1 current=1 vframe=16539 vs=1 vage=6 vpage=6 vdt=33 vmax=5596 vacc=16535 vrej=0 seq=0 elapsed=0 oled=3C
[   5968] >>> stream off
[   5984] STATUS mode=1 fault=none enc=116 denc=0 sreq=0 sapplied=0 crate=0 uimp=-24680 upos=1180 uneg=1480 ball=42.86 vball=-0.85 aball=0.0 bref=50.00 pid=0.0 pref=0.0 ppos=0.0 apid=0.0 integ=0.0 vision=1 current=1 vframe=16539 vs=1 vage=26 vpage=26 vdt=33 vmax=5596 vacc=16535 vrej=0 seq=0 elapsed=0 oled=3C
[   5984] OK stream off
[   6187] STOP_REASON displacement_limit
