[      0] >>> bench on
[      0] OK stepper visual-only bench active; use zero before tests
[    188] >>> clear
[    188] OK fault cleared
[    375] >>> diag reset
[    375] OK actuator diagnostics reset
[    563] >>> gain ball 2.5 0.0 5.0 -1
[    563] OK ball gains kp=2.500 ki=0.000 kd=5.000 sign=-1
[    750] >>> gain accel 0.0
[    750] OK ball acceleration gain ka=0.000
[    938] >>> limit rate 130
[    938] OK ball rate limit=130 steps/s
[   1125] >>> stream on 20
[   1125] OK stream on 20 ms
[   1172] STATUS mode=1 fault=none enc=-4 denc=0 sreq=0 sapplied=0 crate=0 uimp=0 upos=0 uneg=0 ball=-50.65 vball=-0.00 aball=0.0 bref=0.00 pid=0.0 pref=0.0 ppos=0.0 apid=0.0 integ=0.0 vision=1 current=1 vframe=267 vs=1 vage=2 vpage=2 vdt=95 vmax=175 vacc=267 vrej=0 seq=0 elapsed=0 oled=3C
[   1188] STATUS mode=1 fault=none enc=-4 denc=0 sreq=0 sapplied=0 crate=0 uimp=0 upos=0 uneg=0 ball=-50.64 vball=0.17 aball=0.0 bref=0.00 pid=0.0 pref=0.0 ppos=0.0 apid=0.0 integ=0.0 vision=1 current=1 vframe=268 vs=1 vage=1 vpage=1 vdt=21 vmax=175 vacc=268 vrej=0 seq=0 elapsed=0 oled=3C
[   1218] STATUS mode=1 fault=none enc=-4 denc=0 sreq=0 sapplied=0 crate=0 uimp=0 upos=0 uneg=0 ball=-50.64 vball=0.17 aball=0.0 bref=0.00 pid=0.0 pref=0.0 ppos=0.0 apid=0.0 integ=0.0 vision=1 current=1 vframe=268 vs=1 vage=21 vpage=21 vdt=21 vmax=175 vacc=268 vrej=0 seq=0 elapsed=0 oled=3C
[   1250] STATUS mode=1 fault=none enc=-4 denc=0 sreq=0 sapplied=0 crate=0 uimp=0 upos=0 uneg=0 ball=-50.64 vball=0.10 aball=0.0 bref=0.00 pid=0.0 pref=0.0 ppos=0.0 apid=0.0 integ=0.0 vision=1 current=1 vframe=269 vs=1 vage=7 vpage=7 vdt=34 vmax=175 vacc=269 vrej=0 seq=0 elapsed=0 oled=3C
[   1266] STATUS mode=1 fault=none enc=-4 denc=0 sreq=0 sapplied=0 crate=0 uimp=0 upos=0 uneg=0 ball=-50.64 vball=0.10 aball=0.0 bref=0.00 pid=0.0 pref=0.0 ppos=0.0 apid=0.0 integ=0.0 vision=1 current=1 vframe=269 vs=1 vage=27 vpage=27 vdt=34 vmax=175 vacc=269 vrej=0 seq=0 elapsed=0 oled=3C
[   1297] STATUS mode=1 fault=none enc=-4 denc=0 sreq=0 sapplied=0 crate=0 uimp=0 upos=0 uneg=0 ball=-50.64 vball=0.10 aball=0.0 bref=0.00 pid=0.0 pref=0.0 ppos=0.0 apid=0.0 integ=0.0 vision=1 current=1 vframe=269 vs=1 vage=67 vpage=67 vdt=34 vmax=175 vacc=269 vrej=0 seq=0 elapsed=0 oled=3C
[   1297] >>> ball 0.0
[   1313] STATUS mode=1 fault=none enc=-4 denc=0 sreq=0 sapplied=0 crate=0 uimp=0 upos=0 uneg=0 ball=-50.64 vball=0.10 aball=0.0 bref=0.00 pid=0.0 pref=0.0 ppos=0.0 apid=0.0 integ=0.0 vision=1 current=1 vframe=269 vs=1 vage=87 vpage=87 vdt=34 vmax=175 vacc=269 vrej=0 seq=0 elapsed=0 oled=3C
[   1343] STATUS mode=3 fault=none enc=1 denc=0 sreq=0 sapplied=0 crate=-8 uimp=0 upos=0 uneg=0 ball=-50.61 vball=0.17 aball=0.0 bref=0.00 pid=-130.0 pref=-125.7 ppos=0.0 apid=0.0 integ=-0.0 vision=1 current=1 vframe=276 vs=1 vage=11 vpage=11 vdt=96 vmax=175 vacc=276 vrej=0 seq=0 elapsed=0 oled=3C
[   1359] STATUS mode=3 fault=none enc=0 denc=0 sreq=-23 sapplied=0 crate=-23 uimp=0 upos=0 uneg=0 ball=-50.58 vball=0.75 aball=0.0 bref=0.00 pid=-130.0 pref=-122.7 ppos=0.0 apid=0.0 integ=-0.0 vision=1 current=1 vframe=277 vs=1 vage=10 vpage=10 vdt=21 vmax=175 vacc=277 vrej=0 seq=0 elapsed=0 oled=3C
[   1391] STATUS mode=3 fault=none enc=-1 denc=0 sreq=-53 sapplied=-53 crate=-53 uimp=-1315 upos=0 uneg=35 ball=-50.58 vball=0.29 aball=0.0 bref=0.00 pid=-130.0 pref=-125.0 ppos=-1.3 apid=0.0 integ=-0.0 vision=1 current=1 vframe=278 vs=1 vage=16 vpage=16 vdt=34 vmax=175 vacc=278 vrej=0 seq=0 elapsed=0 oled=3C
[   1422] STATUS mode=3 fault=none enc=-2 denc=0 sreq=-68 sapplied=-68 crate=-68 uimp=-2480 upos=0 uneg=55 ball=-50.58 vball=0.29 aball=0.0 bref=0.00 pid=-130.0 pref=-125.0 ppos=-2.5 apid=0.0 integ=-0.0 vision=1 current=1 vframe=278 vs=1 vage=36 vpage=36 vdt=34 vmax=175 vacc=278 vrej=0 seq=0 elapsed=0 oled=3C
[   1452] STATUS mode=3 fault=none enc=-5 denc=-1 sreq=-83 sapplied=-83 crate=-83 uimp=-3945 upos=0 uneg=75 ball=-50.58 vball=0.29 aball=0.0 bref=0.00 pid=-130.0 pref=-125.0 ppos=-3.9 apid=0.0 integ=-0.0 vision=1 current=1 vframe=278 vs=1 vage=56 vpage=56 vdt=34 vmax=175 vacc=278 vrej=0 seq=0 elapsed=0 oled=3C
[   1468] STATUS mode=3 fault=none enc=-10 denc=-2 sreq=-113 sapplied=-113 crate=-113 uimp=-7775 upos=0 uneg=115 ball=-50.59 vball=0.08 aball=0.0 bref=0.00 pid=-130.0 pref=-125.0 ppos=-7.8 apid=0.0 integ=-0.0 vision=1 current=1 vframe=279 vs=1 vage=3 vpage=3 vdt=93 vmax=175 vacc=279 vrej=0 seq=0 elapsed=0 oled=3C
[   1500] STATUS mode=3 fault=none enc=-12 denc=0 sreq=-128 sapplied=-128 crate=-128 uimp=-10140 upos=0 uneg=135 ball=-50.59 vball=0.08 aball=-0.3 bref=0.00 pid=-130.0 pref=-126.1 ppos=-10.1 apid=-0.0 integ=-0.0 vision=1 current=1 vframe=279 vs=1 vage=23 vpage=23 vdt=93 vmax=175 vacc=279 vrej=0 seq=0 elapsed=0 oled=3C
[   1532] STATUS mode=3 fault=none enc=-15 denc=0 sreq=-130 sapplied=-130 crate=-130 uimp=-12730 upos=0 uneg=155 ball=-50.64 vball=-1.13 aball=-0.3 bref=0.00 pid=-130.0 pref=-132.2 ppos=-12.7 apid=-0.0 integ=-0.0 vision=1 current=1 vframe=280 vs=1 vage=20 vpage=20 vdt=23 vmax=175 vacc=280 vrej=0 seq=0 elapsed=0 oled=3C
[   1547] STATUS mode=3 fault=none enc=-22 denc=-1 sreq=-130 sapplied=-130 crate=-130 uimp=-17930 upos=0 uneg=195 ball=-50.66 vball=-0.85 aball=-0.3 bref=0.00 pid=-130.0 pref=-130.9 ppos=-17.9 apid=-0.0 integ=-0.0 vision=1 current=1 vframe=281 vs=1 vage=26 vpage=26 vdt=34 vmax=175 vacc=281 vrej=0 seq=0 elapsed=0 oled=3C
[   1577] STATUS mode=3 fault=none enc=-26 denc=-1 sreq=-130 sapplied=-130 crate=-130 uimp=-20530 upos=0 uneg=215 ball=-50.66 vball=-0.85 aball=-0.3 bref=0.00 pid=-130.0 pref=-130.9 ppos=-20.5 apid=-0.0 integ=-0.0 vision=1 current=1 vframe=281 vs=1 vage=46 vpage=46 vdt=34 vmax=175 vacc=281 vrej=0 seq=0 elapsed=0 oled=3C
[   1609] STATUS mode=3 fault=none enc=-28 denc=0 sreq=-130 sapplied=-130 crate=-130 uimp=-23130 upos=0 uneg=235 ball=-50.66 vball=-0.85 aball=-0.3 bref=0.00 pid=-130.0 pref=-130.9 ppos=-23.1 apid=-0.0 integ=-0.0 vision=1 current=1 vframe=281 vs=1 vage=66 vpage=66 vdt=34 vmax=175 vacc=281 vrej=0 seq=0 elapsed=0 oled=3C
[   1641] STATUS mode=3 fault=none enc=-36 denc=0 sreq=-130 sapplied=-130 crate=-130 uimp=-28330 upos=0 uneg=275 ball=-50.71 vball=-0.66 aball=-2.4 bref=0.00 pid=-130.0 pref=-130.1 ppos=-28.3 apid=-0.0 integ=-0.0 vision=1 current=1 vframe=282 vs=1 vage=13 vpage=13 vdt=93 vmax=175 vacc=282 vrej=0 seq=0 elapsed=0 oled=3C
[   1657] STATUS mode=3 fault=none enc=-39 denc=-1 sreq=-130 sapplied=-130 crate=-130 uimp=-30930 upos=0 uneg=295 ball=-50.71 vball=-0.39 aball=-2.4 bref=0.00 pid=-130.0 pref=-128.7 ppos=-30.9 apid=-0.0 integ=-0.0 vision=1 current=1 vframe=283 vs=1 vage=9 vpage=9 vdt=24 vmax=175 vacc=283 vrej=0 seq=0 elapsed=0 oled=3C
[   1688] STATUS mode=3 fault=none enc=-43 denc=-1 sreq=-130 sapplied=-130 crate=-130 uimp=-33530 upos=0 uneg=315 ball=-50.71 vball=-0.39 aball=-2.4 bref=0.00 pid=-130.0 pref=-128.7 ppos=-33.5 apid=-0.0 integ=-0.0 vision=1 current=1 vframe=283 vs=1 vage=29 vpage=29 vdt=24 vmax=175 vacc=283 vrej=0 seq=0 elapsed=0 oled=3C
[   1718] STATUS mode=3 fault=none enc=-49 denc=0 sreq=-130 sapplied=-130 crate=-130 uimp=-38730 upos=0 uneg=355 ball=-50.71 vball=-0.20 aball=-2.4 bref=0.00 pid=-130.0 pref=-127.8 ppos=-38.7 apid=-0.0 integ=-0.0 vision=1 current=1 vframe=284 vs=1 vage=38 vpage=38 vdt=31 vmax=175 vacc=284 vrej=0 seq=0 elapsed=0 oled=3C
[   1750] STATUS mode=3 fault=none enc=-53 denc=-1 sreq=-130 sapplied=-130 crate=-130 uimp=-41330 upos=0 uneg=375 ball=-50.71 vball=-0.20 aball=-2.4 bref=0.00 pid=-130.0 pref=-127.8 ppos=-41.3 apid=-0.0 integ=-0.0 vision=1 current=1 vframe=284 vs=1 vage=58 vpage=58 vdt=31 vmax=175 vacc=284 vrej=0 seq=0 elapsed=0 oled=3C
[   1766] STATUS mode=3 fault=none enc=-56 denc=-1 sreq=-130 sapplied=-130 crate=-130 uimp=-43930 upos=0 uneg=395 ball=-50.71 vball=-0.20 aball=-2.4 bref=0.00 pid=-130.0 pref=-127.8 ppos=-43.9 apid=-0.0 integ=-0.0 vision=1 current=1 vframe=284 vs=1 vage=78 vpage=78 vdt=31 vmax=175 vacc=284 vrej=0 seq=0 elapsed=0 oled=3C
[   1797] STATUS mode=3 fault=none enc=-63 denc=-1 sreq=-130 sapplied=-130 crate=-130 uimp=-49130 upos=0 uneg=435 ball=-50.71 vball=-0.10 aball=0.4 bref=0.00 pid=-130.0 pref=-127.3 ppos=-49.1 apid=0.0 integ=-0.0 vision=1 current=1 vframe=285 vs=1 vage=21 vpage=21 vdt=97 vmax=175 vacc=285 vrej=0 seq=0 elapsed=0 oled=3C
[   1827] STATUS mode=3 fault=none enc=-66 denc=-1 sreq=-130 sapplied=-130 crate=-130 uimp=-51730 upos=0 uneg=455 ball=-50.52 vball=3.82 aball=0.4 bref=0.00 pid=-130.0 pref=-127.3 ppos=-51.7 apid=0.0 integ=-0.0 vision=1 current=1 vframe=286 vs=1 vage=3 vpage=3 vdt=38 vmax=175 vacc=286 vrej=0 seq=0 elapsed=0 oled=3C
[   1859] STATUS mode=3 fault=none enc=-69 denc=0 sreq=-130 sapplied=-130 crate=-130 uimp=-54330 upos=0 uneg=475 ball=-50.52 vball=3.82 aball=0.4 bref=0.00 pid=-130.0 pref=-107.2 ppos=-54.3 apid=0.0 integ=-0.0 vision=1 current=1 vframe=286 vs=1 vage=23 vpage=23 vdt=38 vmax=175 vacc=286 vrej=0 seq=0 elapsed=0 oled=3C
[   1875] STATUS mode=3 fault=none enc=-77 denc=-2 sreq=-130 sapplied=-130 crate=-130 uimp=-59530 upos=0 uneg=515 ball=-50.52 vball=3.82 aball=0.4 bref=0.00 pid=-130.0 pref=-107.2 ppos=-59.5 apid=0.0 integ=-0.0 vision=1 current=1 vframe=286 vs=1 vage=63 vpage=63 vdt=38 vmax=175 vacc=286 vrej=0 seq=0 elapsed=0 oled=3C
[   1907] STATUS mode=3 fault=none enc=-79 denc=-1 sreq=-130 sapplied=-130 crate=-130 uimp=-62130 upos=0 uneg=535 ball=-50.52 vball=3.82 aball=0.4 bref=0.00 pid=-130.0 pref=-107.2 ppos=-62.1 apid=0.0 integ=-0.0 vision=1 current=1 vframe=286 vs=1 vage=83 vpage=83 vdt=38 vmax=175 vacc=286 vrej=0 seq=0 elapsed=0 oled=3C
[   1938] STATUS mode=3 fault=none enc=-86 denc=0 sreq=-130 sapplied=-130 crate=-130 uimp=-67330 upos=0 uneg=575 ball=-49.88 vball=5.07 aball=15.7 bref=0.00 pid=-130.0 pref=-99.4 ppos=-67.3 apid=0.0 integ=-0.0 vision=1 current=1 vframe=288 vs=1 vage=8 vpage=8 vdt=10 vmax=175 vacc=288 vrej=0 seq=0 elapsed=0 oled=3C
[   1952] STATUS mode=3 fault=none enc=-90 denc=-2 sreq=-130 sapplied=-130 crate=-130 uimp=-69930 upos=0 uneg=595 ball=-49.73 vball=6.19 aball=15.7 bref=0.00 pid=-130.0 pref=-93.4 ppos=-69.9 apid=0.0 integ=-0.0 vision=1 current=1 vframe=289 vs=1 vage=9 vpage=9 vdt=19 vmax=175 vacc=289 vrej=0 seq=0 elapsed=0 oled=3C
[   1984] STATUS mode=3 fault=none enc=-93 denc=-1 sreq=-130 sapplied=-130 crate=-130 uimp=-72530 upos=0 uneg=615 ball=-49.73 vball=6.19 aball=15.7 bref=0.00 pid=-130.0 pref=-93.4 ppos=-72.5 apid=0.0 integ=-0.0 vision=1 current=1 vframe=289 vs=1 vage=29 vpage=29 vdt=19 vmax=175 vacc=289 vrej=0 seq=0 elapsed=0 oled=3C
[   2016] STATUS mode=3 fault=none enc=-98 denc=0 sreq=-130 sapplied=-130 crate=-130 uimp=-77730 upos=0 uneg=655 ball=-49.71 vball=3.45 aball=15.7 bref=0.00 pid=-130.0 pref=-107.0 ppos=-77.7 apid=0.0 integ=-0.0 vision=1 current=1 vframe=290 vs=1 vage=36 vpage=36 vdt=33 vmax=175 vacc=290 vrej=0 seq=0 elapsed=0 oled=3C
[   2047] STATUS mode=3 fault=none enc=-102 denc=-1 sreq=-130 sapplied=-130 crate=-130 uimp=-80330 upos=0 uneg=675 ball=-49.71 vball=3.45 aball=15.7 bref=0.00 pid=-130.0 pref=-107.0 ppos=-80.3 apid=0.0 integ=-0.0 vision=1 current=1 vframe=290 vs=1 vage=56 vpage=56 vdt=33 vmax=175 vacc=290 vrej=0 seq=0 elapsed=0 oled=3C
[   2063] STATUS mode=3 fault=none enc=-106 denc=-1 sreq=-130 sapplied=-130 crate=-130 uimp=-82930 upos=0 uneg=695 ball=-49.71 vball=3.45 aball=15.7 bref=0.00 pid=-130.0 pref=-107.0 ppos=-82.9 apid=0.0 integ=-0.0 vision=1 current=1 vframe=290 vs=1 vage=76 vpage=76 vdt=33 vmax=175 vacc=290 vrej=0 seq=0 elapsed=0 oled=3C
[   2093] STATUS mode=3 fault=none enc=-112 denc=0 sreq=-130 sapplied=-130 crate=-130 uimp=-88130 upos=0 uneg=735 ball=-49.67 vball=1.88 aball=0.3 bref=0.00 pid=-130.0 pref=-114.8 ppos=-88.1 apid=0.0 integ=-0.0 vision=1 current=1 vframe=291 vs=1 vage=19 vpage=19 vdt=97 vmax=175 vacc=291 vrej=0 seq=0 elapsed=0 oled=3C
[   2125] STATUS mode=3 fault=none enc=-116 denc=-1 sreq=-130 sapplied=-130 crate=-130 uimp=-90730 upos=0 uneg=755 ball=-49.63 vball=2.00 aball=0.3 bref=0.00 pid=-130.0 pref=-114.1 ppos=-90.7 apid=0.0 integ=-0.0 vision=1 current=1 vframe=292 vs=1 vage=19 vpage=19 vdt=20 vmax=175 vacc=292 vrej=0 seq=0 elapsed=0 oled=3C
[   2141] STATUS mode=3 fault=none enc=-119 denc=-1 sreq=-126 sapplied=-126 crate=-126 uimp=-93330 upos=0 uneg=775 ball=-49.29 vball=5.82 aball=0.3 bref=0.00 pid=0.0 pref=-94.1 ppos=-93.3 apid=0.0 integ=-0.0 vision=1 current=1 vframe=293 vs=1 vage=6 vpage=6 vdt=33 vmax=175 vacc=293 vrej=0 seq=0 elapsed=0 oled=3C
[   2172] STATUS mode=3 fault=none enc=-125 denc=-1 sreq=-96 sapplied=-96 crate=-96 uimp=-97860 upos=0 uneg=815 ball=-49.29 vball=5.82 aball=0.3 bref=0.00 pid=37.4 pref=-94.1 ppos=-97.9 apid=0.0 integ=-0.0 vision=1 current=1 vframe=293 vs=1 vage=46 vpage=46 vdt=33 vmax=175 vacc=293 vrej=0 seq=0 elapsed=0 oled=3C
[   2202] STATUS mode=3 fault=none enc=-128 denc=-1 sreq=-81 sapplied=-81 crate=-81 uimp=-99675 upos=0 uneg=835 ball=-49.29 vball=5.82 aball=0.3 bref=0.00 pid=55.5 pref=-94.1 ppos=-99.7 apid=0.0 integ=-0.0 vision=1 current=1 vframe=293 vs=1 vage=66 vpage=66 vdt=33 vmax=175 vacc=293 vrej=0 seq=0 elapsed=0 oled=3C
[   2234] STATUS mode=3 fault=none enc=-129 denc=0 sreq=-66 sapplied=-66 crate=-66 uimp=-101190 upos=0 uneg=855 ball=-49.29 vball=5.82 aball=0.3 bref=0.00 pid=70.7 pref=-94.1 ppos=-101.2 apid=0.0 integ=-0.0 vision=1 current=1 vframe=293 vs=1 vage=86 vpage=86 vdt=33 vmax=175 vacc=293 vrej=0 seq=0 elapsed=0 oled=3C
[   2250] STATUS mode=3 fault=none enc=-132 denc=0 sreq=-51 sapplied=-51 crate=-51 uimp=-103360 upos=0 uneg=895 ball=-49.17 vball=1.80 aball=5.8 bref=0.00 pid=-105.6 pref=-113.9 ppos=-103.4 apid=0.0 integ=-0.0 vision=1 current=1 vframe=295 vs=1 vage=10 vpage=10 vdt=22 vmax=175 vacc=295 vrej=0 seq=0 elapsed=0 oled=3C
[   2282] STATUS mode=3 fault=none enc=-133 denc=0 sreq=-66 sapplied=-66 crate=-66 uimp=-104500 upos=0 uneg=915 ball=-49.17 vball=1.80 aball=5.8 bref=0.00 pid=-94.2 pref=-113.9 ppos=-104.5 apid=0.0 integ=-0.0 vision=1 current=1 vframe=295 vs=1 vage=30 vpage=30 vdt=22 vmax=175 vacc=295 vrej=0 seq=0 elapsed=0 oled=3C
[   2313] STATUS mode=3 fault=none enc=-136 denc=-2 sreq=-81 sapplied=-81 crate=-81 uimp=-105940 upos=0 uneg=935 ball=-49.18 vball=0.88 aball=5.8 bref=0.00 pid=-126.1 pref=-118.5 ppos=-105.9 apid=0.0 integ=-0.0 vision=1 current=1 vframe=296 vs=1 vage=18 vpage=18 vdt=32 vmax=175 vacc=296 vrej=0 seq=0 elapsed=0 oled=3C
[   2327] STATUS mode=3 fault=none enc=-140 denc=-1 sreq=-91 sapplied=-91 crate=-91 uimp=-109630 upos=0 uneg=975 ball=-49.18 vball=0.88 aball=5.8 bref=0.00 pid=-89.2 pref=-118.5 ppos=-109.6 apid=0.0 integ=-0.0 vision=1 current=1 vframe=296 vs=1 vage=58 vpage=58 vdt=32 vmax=175 vacc=296 vrej=0 seq=0 elapsed=0 oled=3C
[   2359] STATUS mode=3 fault=none enc=-141 denc=1 sreq=-76 sapplied=-76 crate=-76 uimp=-111345 upos=0 uneg=995 ball=-49.18 vball=0.88 aball=5.8 bref=0.00 pid=-72.0 pref=-118.5 ppos=-111.3 apid=0.0 integ=-0.0 vision=1 current=1 vframe=296 vs=1 vage=78 vpage=78 vdt=32 vmax=175 vacc=296 vrej=0 seq=0 elapsed=0 oled=3C
[   2391] STATUS mode=3 fault=none enc=-144 denc=-1 sreq=-61 sapplied=-61 crate=-61 uimp=-112760 upos=0 uneg=1015 ball=-49.18 vball=0.88 aball=5.8 bref=0.00 pid=-57.9 pref=-118.5 ppos=-112.8 apid=0.0 integ=-0.0 vision=1 current=1 vframe=296 vs=1 vage=98 vpage=98 vdt=32 vmax=175 vacc=296 vrej=0 seq=0 elapsed=0 oled=3C
[   2422] STATUS mode=3 fault=none enc=-146 denc=0 sreq=-50 sapplied=-50 crate=-50 uimp=-114770 upos=0 uneg=1055 ball=-49.17 vball=0.46 aball=-5.0 bref=0.00 pid=-58.5 pref=-120.6 ppos=-114.8 apid=-0.0 integ=-0.0 vision=1 current=1 vframe=304 vs=1 vage=12 vpage=12 vdt=126 vmax=175 vacc=304 vrej=0 seq=0 elapsed=0 oled=3C
[   2438] STATUS mode=3 fault=none enc=-147 denc=0 sreq=-54 sapplied=-54 crate=-54 uimp=-115805 upos=0 uneg=1075 ball=-49.16 vball=0.23 aball=-5.0 bref=0.00 pid=-59.4 pref=-121.8 ppos=-115.8 apid=-0.0 integ=-0.0 vision=1 current=1 vframe=305 vs=1 vage=6 vpage=6 vdt=26 vmax=175 vacc=305 vrej=0 seq=0 elapsed=0 oled=3C
[   2468] STATUS mode=3 fault=none enc=-149 denc=-1 sreq=-49 sapplied=-49 crate=-49 uimp=-116885 upos=0 uneg=1095 ball=-49.16 vball=0.23 aball=-5.0 bref=0.00 pid=-48.6 pref=-121.8 ppos=-116.9 apid=-0.0 integ=-0.0 vision=1 current=1 vframe=305 vs=1 vage=26 vpage=26 vdt=26 vmax=175 vacc=305 vrej=0 seq=0 elapsed=0 oled=3C
[   2500] STATUS mode=3 fault=none enc=-149 denc=0 sreq=-20 sapplied=-20 crate=-20 uimp=-118350 upos=0 uneg=1135 ball=-48.94 vball=3.66 aball=-5.0 bref=0.00 pid=130.0 pref=-104.1 ppos=-118.4 apid=-0.0 integ=-0.0 vision=1 current=1 vframe=306 vs=1 vage=33 vpage=33 vdt=33 vmax=175 vacc=306 vrej=0 seq=0 elapsed=0 oled=3C
[   2516] STATUS mode=3 fault=none enc=-151 denc=-1 sreq=0 sapplied=0 crate=-5 uimp=-118450 upos=0 uneg=1140 ball=-48.94 vball=3.66 aball=-5.0 bref=0.00 pid=130.0 pref=-104.1 ppos=-118.5 apid=-0.0 integ=-0.0 vision=1 current=1 vframe=306 vs=1 vage=53 vpage=53 vdt=33 vmax=175 vacc=306 vrej=0 seq=0 elapsed=0 oled=3C
[   2547] STATUS mode=3 fault=none enc=-151 denc=0 sreq=0 sapplied=0 crate=10 uimp=-118450 upos=0 uneg=1140 ball=-48.94 vball=3.66 aball=-5.0 bref=0.00 pid=130.0 pref=-104.1 ppos=-118.5 apid=-0.0 integ=-0.0 vision=1 current=1 vframe=306 vs=1 vage=73 vpage=73 vdt=33 vmax=175 vacc=306 vrej=0 seq=0 elapsed=0 oled=3C
[   2577] STATUS mode=3 fault=none enc=-151 denc=0 sreq=40 sapplied=40 crate=40 uimp=-117835 upos=20 uneg=1140 ball=-48.76 vball=3.18 aball=5.1 bref=0.00 pid=118.4 pref=-106.0 ppos=-117.8 apid=0.0 integ=-0.0 vision=1 current=1 vframe=307 vs=1 vage=15 vpage=15 vdt=98 vmax=175 vacc=307 vrej=0 seq=0 elapsed=0 oled=3C
[   2609] STATUS mode=3 fault=none enc=-149 denc=1 sreq=33 sapplied=33 crate=33 uimp=-117035 upos=40 uneg=1140 ball=-48.85 vball=-0.44 aball=5.1 bref=0.00 pid=-72.9 pref=-124.3 ppos=-117.0 apid=0.0 integ=-0.0 vision=1 current=1 vframe=308 vs=1 vage=18 vpage=18 vdt=17 vmax=175 vacc=308 vrej=0 seq=0 elapsed=0 oled=3C
[   2625] STATUS mode=3 fault=none enc=-150 denc=0 sreq=0 sapplied=0 crate=18 uimp=-116495 upos=60 uneg=1140 ball=-48.88 vball=-0.56 aball=5.1 bref=0.00 pid=-85.0 pref=-125.0 ppos=-116.5 apid=0.0 integ=-0.0 vision=1 current=1 vframe=309 vs=1 vage=5 vpage=5 vdt=33 vmax=175 vacc=309 vrej=0 seq=0 elapsed=0 oled=3C
[   2657] STATUS mode=3 fault=none enc=-149 denc=0 sreq=0 sapplied=0 crate=-12 uimp=-116495 upos=60 uneg=1140 ball=-48.88 vball=-0.56 aball=5.1 bref=0.00 pid=-85.0 pref=-125.0 ppos=-116.5 apid=0.0 integ=-0.0 vision=1 current=1 vframe=309 vs=1 vage=45 vpage=45 vdt=33 vmax=175 vacc=309 vrej=0 seq=0 elapsed=0 oled=3C
[   2688] STATUS mode=3 fault=none enc=-149 denc=0 sreq=-27 sapplied=-27 crate=-27 uimp=-116615 upos=60 uneg=1145 ball=-48.88 vball=-0.56 aball=5.1 bref=0.00 pid=-83.8 pref=-125.0 ppos=-116.6 apid=0.0 integ=-0.0 vision=1 current=1 vframe=309 vs=1 vage=65 vpage=65 vdt=33 vmax=175 vacc=309 vrej=0 seq=0 elapsed=0 oled=3C
[   2702] STATUS mode=3 fault=none enc=-148 denc=1 sreq=-42 sapplied=-42 crate=-42 uimp=-117275 upos=60 uneg=1165 ball=-48.88 vball=-0.56 aball=5.1 bref=0.00 pid=-77.2 pref=-125.0 ppos=-117.3 apid=0.0 integ=-0.0 vision=1 current=1 vframe=309 vs=1 vage=85 vpage=85 vdt=33 vmax=175 vacc=309 vrej=0 seq=0 elapsed=0 oled=3C
[   2734] STATUS mode=3 fault=none enc=-151 denc=-1 sreq=-27 sapplied=-27 crate=-27 uimp=-118930 upos=60 uneg=1205 ball=-47.28 vball=32.17 aball=-5.1 bref=0.00 pid=130.0 pref=42.6 ppos=-118.9 apid=-0.0 integ=-0.0 vision=1 current=1 vframe=311 vs=1 vage=8 vpage=8 vdt=22 vmax=175 vacc=311 vrej=0 seq=0 elapsed=0 oled=3C
[   2766] STATUS mode=3 fault=none enc=-152 denc=-1 sreq=0 sapplied=0 crate=-12 uimp=-119285 upos=60 uneg=1220 ball=-47.28 vball=32.17 aball=-5.1 bref=0.00 pid=130.0 pref=42.6 ppos=-119.3 apid=-0.0 integ=-0.0 vision=1 current=1 vframe=311 vs=1 vage=28 vpage=28 vdt=22 vmax=175 vacc=311 vrej=0 seq=0 elapsed=0 oled=3C
[   2797] STATUS mode=3 fault=none enc=-152 denc=0 sreq=0 sapplied=0 crate=3 uimp=-119285 upos=60 uneg=1220 ball=-46.54 vball=27.12 aball=-5.1 bref=0.00 pid=130.0 pref=19.2 ppos=-119.3 apid=-0.0 integ=-0.0 vision=1 current=1 vframe=312 vs=1 vage=14 vpage=14 vdt=34 vmax=175 vacc=312 vrej=0 seq=0 elapsed=0 oled=3C
[   2813] STATUS mode=3 fault=none enc=-152 denc=0 sreq=33 sapplied=33 crate=33 uimp=-119015 upos=70 uneg=1220 ball=-46.54 vball=27.12 aball=-5.1 bref=0.00 pid=130.0 pref=19.2 ppos=-119.0 apid=-0.0 integ=-0.0 vision=1 current=1 vframe=312 vs=1 vage=54 vpage=54 vdt=34 vmax=175 vacc=312 vrej=0 seq=0 elapsed=0 oled=3C
[   2843] STATUS mode=3 fault=none enc=-150 denc=2 sreq=48 sapplied=48 crate=48 uimp=-118250 upos=90 uneg=1220 ball=-46.54 vball=27.12 aball=-5.1 bref=0.00 pid=130.0 pref=19.2 ppos=-118.3 apid=-0.0 integ=-0.0 vision=1 current=1 vframe=312 vs=1 vage=74 vpage=74 vdt=34 vmax=175 vacc=312 vrej=0 seq=0 elapsed=0 oled=3C
[   2875] STATUS mode=3 fault=none enc=-151 denc=0 sreq=63 sapplied=63 crate=63 uimp=-117185 upos=110 uneg=1220 ball=-45.10 vball=24.52 aball=-5.1 bref=0.00 pid=130.0 pref=19.2 ppos=-117.2 apid=-0.0 integ=-0.0 vision=1 current=1 vframe=313 vs=1 vage=1 vpage=1 vdt=93 vmax=175 vacc=313 vrej=0 seq=0 elapsed=0 oled=3C
[   2891] STATUS mode=3 fault=none enc=-147 denc=0 sreq=93 sapplied=93 crate=93 uimp=-114155 upos=150 uneg=1220 ball=-43.80 vball=42.58 aball=69.3 bref=0.00 pid=130.0 pref=103.4 ppos=-114.2 apid=0.0 integ=-0.0 vision=1 current=1 vframe=314 vs=1 vage=17 vpage=17 vdt=24 vmax=175 vacc=314 vrej=0 seq=0 elapsed=0 oled=3C
[   2922] STATUS mode=3 fault=none enc=-145 denc=1 sreq=108 sapplied=108 crate=108 uimp=-112190 upos=170 uneg=1220 ball=-42.88 vball=34.50 aball=69.3 bref=0.00 pid=130.0 pref=103.4 ppos=-112.2 apid=0.0 integ=-0.0 vision=1 current=1 vframe=315 vs=1 vage=3 vpage=3 vdt=34 vmax=175 vacc=315 vrej=0 seq=0 elapsed=0 oled=3C
[   2952] STATUS mode=3 fault=none enc=-142 denc=1 sreq=123 sapplied=123 crate=123 uimp=-109925 upos=190 uneg=1220 ball=-42.88 vball=34.50 aball=69.3 bref=0.00 pid=130.0 pref=65.3 ppos=-109.9 apid=0.0 integ=-0.0 vision=1 current=1 vframe=315 vs=1 vage=23 vpage=23 vdt=34 vmax=175 vacc=315 vrej=0 seq=0 elapsed=0 oled=3C
[   2984] STATUS mode=3 fault=none enc=-136 denc=0 sreq=130 sapplied=130 crate=130 uimp=-104780 upos=230 uneg=1220 ball=-42.88 vball=34.50 aball=69.3 bref=0.00 pid=130.0 pref=65.3 ppos=-104.8 apid=0.0 integ=-0.0 vision=1 current=1 vframe=315 vs=1 vage=63 vpage=63 vdt=34 vmax=175 vacc=315 vrej=0 seq=0 elapsed=0 oled=3C
[   3000] STATUS mode=3 fault=none enc=-132 denc=2 sreq=130 sapplied=130 crate=130 uimp=-102180 upos=250 uneg=1220 ball=-42.88 vball=34.50 aball=69.3 bref=0.00 pid=130.0 pref=65.3 ppos=-102.2 apid=0.0 integ=-0.0 vision=1 current=1 vframe=315 vs=1 vage=83 vpage=83 vdt=34 vmax=175 vacc=315 vrej=0 seq=0 elapsed=0 oled=3C
[   3032] STATUS mode=3 fault=none enc=-129 denc=1 sreq=130 sapplied=130 crate=130 uimp=-99580 upos=270 uneg=1220 ball=-40.95 vball=29.01 aball=51.4 bref=0.00 pid=130.0 pref=42.7 ppos=-99.6 apid=0.0 integ=-0.0 vision=1 current=1 vframe=316 vs=1 vage=9 vpage=9 vdt=94 vmax=175 vacc=316 vrej=0 seq=0 elapsed=0 oled=3C
[   3063] STATUS mode=3 fault=none enc=-122 denc=1 sreq=130 sapplied=130 crate=130 uimp=-94380 upos=310 uneg=1220 ball=-37.82 vball=94.01 aball=51.4 bref=0.00 pid=130.0 pref=140.0 ppos=-94.4 apid=0.0 integ=-0.0 vision=1 current=1 vframe=317 vs=1 vage=26 vpage=26 vdt=23 vmax=175 vacc=317 vrej=0 seq=0 elapsed=0 oled=3C
[   3077] STATUS mode=3 fault=none enc=-118 denc=2 sreq=130 sapplied=130 crate=130 uimp=-91780 upos=330 uneg=1220 ball=-35.66 vball=80.15 aball=51.4 bref=0.00 pid=130.0 pref=140.0 ppos=-91.8 apid=0.0 integ=-0.0 vision=1 current=1 vframe=318 vs=1 vage=15 vpage=15 vdt=31 vmax=175 vacc=318 vrej=0 seq=0 elapsed=0 oled=3C
[   3109] STATUS mode=3 fault=none enc=-112 denc=0 sreq=130 sapplied=130 crate=130 uimp=-86580 upos=370 uneg=1220 ball=-35.66 vball=80.15 aball=51.4 bref=0.00 pid=130.0 pref=140.0 ppos=-86.6 apid=0.0 integ=-0.0 vision=1 current=1 vframe=318 vs=1 vage=55 vpage=55 vdt=31 vmax=175 vacc=318 vrej=0 seq=0 elapsed=0 oled=3C
[   3141] STATUS mode=3 fault=none enc=-108 denc=2 sreq=130 sapplied=130 crate=130 uimp=-83980 upos=390 uneg=1220 ball=-35.66 vball=80.15 aball=51.4 bref=0.00 pid=130.0 pref=140.0 ppos=-84.0 apid=0.0 integ=-0.0 vision=1 current=1 vframe=318 vs=1 vage=75 vpage=75 vdt=31 vmax=175 vacc=318 vrej=0 seq=0 elapsed=0 oled=3C
[   3172] STATUS mode=3 fault=none enc=-104 denc=2 sreq=130 sapplied=130 crate=130 uimp=-81380 upos=410 uneg=1220 ball=-35.66 vball=80.15 aball=51.4 bref=0.00 pid=130.0 pref=140.0 ppos=-81.4 apid=0.0 integ=-0.0 vision=1 current=1 vframe=318 vs=1 vage=95 vpage=95 vdt=31 vmax=175 vacc=318 vrej=0 seq=0 elapsed=0 oled=3C
[   3188] STATUS mode=3 fault=none enc=-98 denc=1 sreq=130 sapplied=130 crate=130 uimp=-76180 upos=450 uneg=1220 ball=-29.18 vball=107.73 aball=116.4 bref=0.00 pid=130.0 pref=140.0 ppos=-76.2 apid=0.0 integ=-0.0 vision=1 current=1 vframe=320 vs=1 vage=13 vpage=13 vdt=27 vmax=175 vacc=320 vrej=0 seq=0 elapsed=0 oled=3C
[   3218] STATUS mode=3 fault=none enc=-95 denc=1 sreq=130 sapplied=130 crate=130 uimp=-73580 upos=470 uneg=1220 ball=-26.85 vball=94.76 aball=116.4 bref=0.00 pid=130.0 pref=140.0 ppos=-73.6 apid=0.0 integ=-0.0 vision=1 current=1 vframe=321 vs=1 vage=5 vpage=5 vdt=28 vmax=175 vacc=321 vrej=0 seq=0 elapsed=0 oled=3C
[   3250] STATUS mode=3 fault=none enc=-92 denc=0 sreq=130 sapplied=130 crate=130 uimp=-70980 upos=490 uneg=1220 ball=-26.85 vball=94.76 aball=116.4 bref=0.00 pid=130.0 pref=140.0 ppos=-71.0 apid=0.0 integ=-0.0 vision=1 current=1 vframe=321 vs=1 vage=25 vpage=25 vdt=28 vmax=175 vacc=321 vrej=0 seq=0 elapsed=0 oled=3C
[   3282] STATUS mode=3 fault=none enc=-86 denc=1 sreq=130 sapplied=130 crate=130 uimp=-65780 upos=530 uneg=1220 ball=-26.85 vball=94.76 aball=116.4 bref=0.00 pid=130.0 pref=140.0 ppos=-65.8 apid=0.0 integ=-0.0 vision=1 current=1 vframe=321 vs=1 vage=65 vpage=65 vdt=28 vmax=175 vacc=321 vrej=0 seq=0 elapsed=0 oled=3C
[   3297] STATUS mode=3 fault=none enc=-82 denc=1 sreq=130 sapplied=130 crate=130 uimp=-63180 upos=550 uneg=1220 ball=-26.85 vball=94.76 aball=116.4 bref=0.00 pid=130.0 pref=140.0 ppos=-63.2 apid=0.0 integ=-0.0 vision=1 current=1 vframe=321 vs=1 vage=85 vpage=85 vdt=28 vmax=175 vacc=321 vrej=0 seq=0 elapsed=0 oled=3C
[   3327] STATUS mode=3 fault=none enc=-79 denc=0 sreq=130 sapplied=130 crate=130 uimp=-60580 upos=570 uneg=1220 ball=-23.40 vball=71.49 aball=102.6 bref=0.00 pid=130.0 pref=140.0 ppos=-60.6 apid=0.0 integ=-0.0 vision=1 current=1 vframe=322 vs=1 vage=5 vpage=5 vdt=100 vmax=175 vacc=322 vrej=0 seq=0 elapsed=0 oled=3C
[   3359] STATUS mode=3 fault=none enc=-71 denc=2 sreq=130 sapplied=130 crate=130 uimp=-55380 upos=610 uneg=1220 ball=-18.33 vball=109.87 aball=102.6 bref=0.00 pid=130.0 pref=140.0 ppos=-55.4 apid=0.0 integ=-0.0 vision=1 current=1 vframe=323 vs=1 vage=12 vpage=12 vdt=33 vmax=175 vacc=323 vrej=0 seq=0 elapsed=0 oled=3C
[   3375] STATUS mode=3 fault=none enc=-69 denc=0 sreq=130 sapplied=130 crate=130 uimp=-52780 upos=630 uneg=1220 ball=-18.33 vball=109.87 aball=102.6 bref=0.00 pid=130.0 pref=140.0 ppos=-52.8 apid=0.0 integ=-0.0 vision=1 current=1 vframe=323 vs=1 vage=32 vpage=32 vdt=33 vmax=175 vacc=323 vrej=0 seq=0 elapsed=0 oled=3C
[   3407] STATUS mode=3 fault=none enc=-65 denc=2 sreq=130 sapplied=130 crate=130 uimp=-50180 upos=650 uneg=1220 ball=-15.17 vball=101.17 aball=102.6 bref=0.00 pid=130.0 pref=140.0 ppos=-50.2 apid=0.0 integ=-0.0 vision=1 current=1 vframe=324 vs=1 vage=18 vpage=18 vdt=34 vmax=175 vacc=324 vrej=0 seq=0 elapsed=0 oled=3C
[   3438] STATUS mode=3 fault=none enc=-59 denc=0 sreq=130 sapplied=130 crate=130 uimp=-44980 upos=690 uneg=1220 ball=-15.17 vball=101.17 aball=102.6 bref=0.00 pid=130.0 pref=140.0 ppos=-45.0 apid=0.0 integ=-0.0 vision=1 current=1 vframe=324 vs=1 vage=58 vpage=58 vdt=34 vmax=175 vacc=324 vrej=0 seq=0 elapsed=0 oled=3C
[   3468] STATUS mode=3 fault=none enc=-56 denc=1 sreq=130 sapplied=130 crate=130 uimp=-42380 upos=710 uneg=1220 ball=-15.17 vball=101.17 aball=102.6 bref=0.00 pid=130.0 pref=140.0 ppos=-42.4 apid=0.0 integ=-0.0 vision=1 current=1 vframe=324 vs=1 vage=78 vpage=78 vdt=34 vmax=175 vacc=324 vrej=0 seq=0 elapsed=0 oled=3C
[   3484] STATUS mode=3 fault=none enc=-52 denc=1 sreq=130 sapplied=130 crate=130 uimp=-39780 upos=730 uneg=1220 ball=-15.17 vball=101.17 aball=102.6 bref=0.00 pid=130.0 pref=140.0 ppos=-39.8 apid=0.0 integ=-0.0 vision=1 current=1 vframe=324 vs=1 vage=98 vpage=98 vdt=34 vmax=175 vacc=324 vrej=0 seq=0 elapsed=0 oled=3C
[   3516] STATUS mode=3 fault=none enc=-46 denc=0 sreq=130 sapplied=130 crate=130 uimp=-34580 upos=770 uneg=1220 ball=-6.41 vball=131.44 aball=38.3 bref=0.00 pid=130.0 pref=140.0 ppos=-34.6 apid=0.0 integ=-0.0 vision=1 current=1 vframe=326 vs=1 vage=4 vpage=4 vdt=31 vmax=175 vacc=326 vrej=0 seq=0 elapsed=0 oled=3C
[   3547] STATUS mode=3 fault=none enc=-42 denc=1 sreq=130 sapplied=130 crate=130 uimp=-31980 upos=790 uneg=1220 ball=-6.41 vball=131.44 aball=38.3 bref=0.00 pid=130.0 pref=140.0 ppos=-32.0 apid=0.0 integ=-0.0 vision=1 current=1 vframe=326 vs=1 vage=24 vpage=24 vdt=31 vmax=175 vacc=326 vrej=0 seq=0 elapsed=0 oled=3C
[   3563] STATUS mode=3 fault=none enc=-38 denc=1 sreq=130 sapplied=130 crate=130 uimp=-29380 upos=810 uneg=1220 ball=-4.46 vball=96.99 aball=38.3 bref=0.00 pid=130.0 pref=140.0 ppos=-29.4 apid=0.0 integ=-0.0 vision=1 current=1 vframe=327 vs=1 vage=10 vpage=10 vdt=34 vmax=175 vacc=327 vrej=0 seq=0 elapsed=0 oled=3C
[   3593] STATUS mode=3 fault=none enc=-31 denc=2 sreq=130 sapplied=130 crate=130 uimp=-24180 upos=850 uneg=1220 ball=-4.46 vball=96.99 aball=38.3 bref=0.00 pid=130.0 pref=140.0 ppos=-24.2 apid=0.0 integ=-0.0 vision=1 current=1 vframe=327 vs=1 vage=50 vpage=50 vdt=34 vmax=175 vacc=327 vrej=0 seq=0 elapsed=0 oled=3C
[   3625] STATUS mode=3 fault=none enc=-28 denc=1 sreq=130 sapplied=130 crate=130 uimp=-21580 upos=870 uneg=1220 ball=-4.46 vball=96.99 aball=38.3 bref=0.00 pid=130.0 pref=140.0 ppos=-21.6 apid=0.0 integ=-0.0 vision=1 current=1 vframe=327 vs=1 vage=70 vpage=70 vdt=34 vmax=175 vacc=327 vrej=0 seq=0 elapsed=0 oled=3C
[   3657] STATUS mode=3 fault=none enc=-25 denc=1 sreq=130 sapplied=130 crate=130 uimp=-18980 upos=890 uneg=1220 ball=-4.46 vball=96.99 aball=38.3 bref=0.00 pid=130.0 pref=140.0 ppos=-19.0 apid=0.0 integ=-0.0 vision=1 current=1 vframe=327 vs=1 vage=90 vpage=90 vdt=34 vmax=175 vacc=327 vrej=0 seq=0 elapsed=0 oled=3C
[   3672] STATUS mode=3 fault=none enc=-18 denc=1 sreq=130 sapplied=130 crate=130 uimp=-13780 upos=930 uneg=1220 ball=-0.05 vball=74.95 aball=49.9 bref=0.00 pid=130.0 pref=140.0 ppos=-13.8 apid=0.0 integ=-0.0 vision=1 current=1 vframe=328 vs=1 vage=34 vpage=34 vdt=96 vmax=175 vacc=328 vrej=0 seq=0 elapsed=0 oled=3C
[   3702] STATUS mode=3 fault=none enc=-15 denc=1 sreq=130 sapplied=130 crate=130 uimp=-11180 upos=950 uneg=1220 ball=-0.05 vball=74.95 aball=49.9 bref=0.00 pid=130.0 pref=140.0 ppos=-11.2 apid=0.0 integ=-0.0 vision=1 current=0 vframe=329 vs=0 vage=54 vpage=10 vdt=96 vmax=175 vacc=328 vrej=0 seq=0 elapsed=0 oled=3C
[   3734] STATUS mode=3 fault=none enc=-12 denc=0 sreq=130 sapplied=130 crate=130 uimp=-8580 upos=970 uneg=1220 ball=3.97 vball=87.86 aball=49.9 bref=0.00 pid=130.0 pref=140.0 ppos=-8.6 apid=0.0 integ=-0.0 vision=1 current=1 vframe=330 vs=1 vage=19 vpage=19 vdt=55 vmax=175 vacc=329 vrej=0 seq=0 elapsed=0 oled=3C
[   3750] STATUS mode=3 fault=none enc=-5 denc=1 sreq=130 sapplied=130 crate=130 uimp=-3380 upos=1010 uneg=1220 ball=3.97 vball=87.86 aball=49.9 bref=0.00 pid=130.0 pref=140.0 ppos=-3.4 apid=0.0 integ=-0.0 vision=1 current=1 vframe=330 vs=1 vage=59 vpage=59 vdt=55 vmax=175 vacc=329 vrej=0 seq=0 elapsed=0 oled=3C
[   3782] STATUS mode=3 fault=none enc=-3 denc=-1 sreq=130 sapplied=130 crate=130 uimp=-780 upos=1030 uneg=1220 ball=3.97 vball=87.86 aball=49.9 bref=0.00 pid=130.0 pref=140.0 ppos=-0.8 apid=0.0 integ=-0.0 vision=1 current=1 vframe=330 vs=1 vage=79 vpage=79 vdt=55 vmax=175 vacc=329 vrej=0 seq=0 elapsed=0 oled=3C
[   3813] STATUS mode=3 fault=none enc=2 denc=2 sreq=130 sapplied=130 crate=130 uimp=1820 upos=1050 uneg=1220 ball=3.97 vball=87.86 aball=49.9 bref=0.00 pid=130.0 pref=140.0 ppos=1.8 apid=0.0 integ=-0.0 vision=1 current=1 vframe=330 vs=1 vage=99 vpage=99 vdt=55 vmax=175 vacc=329 vrej=0 seq=0 elapsed=0 oled=3C
[   3827] STATUS mode=3 fault=none enc=8 denc=0 sreq=130 sapplied=130 crate=130 uimp=7020 upos=1090 uneg=1220 ball=14.13 vball=111.00 aball=108.0 bref=0.00 pid=130.0 pref=140.0 ppos=7.0 apid=0.0 integ=-0.0 vision=1 current=1 vframe=333 vs=1 vage=6 vpage=6 vdt=18 vmax=175 vacc=332 vrej=0 seq=0 elapsed=0 oled=3C
[   3859] STATUS mode=3 fault=none enc=11 denc=0 sreq=130 sapplied=130 crate=130 uimp=9620 upos=1110 uneg=1220 ball=14.13 vball=111.00 aball=108.0 bref=0.00 pid=130.0 pref=140.0 ppos=9.6 apid=0.0 integ=-0.0 vision=1 current=1 vframe=333 vs=1 vage=26 vpage=26 vdt=18 vmax=175 vacc=332 vrej=0 seq=0 elapsed=0 oled=3C
[   3891] STATUS mode=3 fault=none enc=15 denc=1 sreq=130 sapplied=130 crate=130 uimp=12220 upos=1130 uneg=1220 ball=15.38 vball=76.82 aball=108.0 bref=0.00 pid=130.0 pref=140.0 ppos=12.2 apid=0.0 integ=-0.0 vision=1 current=1 vframe=334 vs=1 vage=15 vpage=15 vdt=31 vmax=175 vacc=333 vrej=0 seq=0 elapsed=0 oled=3C
[   3922] STATUS mode=3 fault=none enc=21 denc=0 sreq=130 sapplied=130 crate=130 uimp=17420 upos=1170 uneg=1220 ball=15.38 vball=76.82 aball=108.0 bref=0.00 pid=130.0 pref=140.0 ppos=17.4 apid=0.0 integ=-0.0 vision=1 current=1 vframe=334 vs=1 vage=55 vpage=55 vdt=31 vmax=175 vacc=333 vrej=0 seq=0 elapsed=0 oled=3C
[   3938] STATUS mode=3 fault=none enc=25 denc=2 sreq=130 sapplied=130 crate=130 uimp=20020 upos=1190 uneg=1220 ball=15.38 vball=76.82 aball=108.0 bref=0.00 pid=130.0 pref=140.0 ppos=20.0 apid=0.0 integ=-0.0 vision=1 current=1 vframe=334 vs=1 vage=75 vpage=75 vdt=31 vmax=175 vacc=333 vrej=0 seq=0 elapsed=0 oled=3C
[   3968] STATUS mode=3 fault=none enc=28 denc=1 sreq=130 sapplied=130 crate=130 uimp=22620 upos=1210 uneg=1220 ball=15.38 vball=76.82 aball=108.0 bref=0.00 pid=130.0 pref=140.0 ppos=22.6 apid=0.0 integ=-0.0 vision=1 current=1 vframe=334 vs=1 vage=95 vpage=95 vdt=31 vmax=175 vacc=333 vrej=0 seq=0 elapsed=0 oled=3C
[   4000] STATUS mode=3 fault=none enc=35 denc=2 sreq=130 sapplied=130 crate=130 uimp=27820 upos=1250 uneg=1220 ball=21.05 vball=86.00 aball=-61.5 bref=0.00 pid=130.0 pref=140.0 ppos=27.8 apid=-0.0 integ=-0.0 vision=1 current=1 vframe=336 vs=1 vage=19 vpage=19 vdt=21 vmax=175 vacc=335 vrej=0 seq=0 elapsed=0 oled=3C
[   4016] STATUS mode=3 fault=none enc=38 denc=1 sreq=130 sapplied=130 crate=130 uimp=30420 upos=1270 uneg=1220 ball=22.11 vball=59.45 aball=-61.5 bref=0.00 pid=130.0 pref=140.0 ppos=30.4 apid=-0.0 integ=-0.0 vision=1 current=1 vframe=337 vs=1 vage=5 vpage=5 vdt=34 vmax=175 vacc=336 vrej=0 seq=0 elapsed=0 oled=3C
[   4047] STATUS mode=3 fault=none enc=41 denc=0 sreq=130 sapplied=130 crate=130 uimp=33020 upos=1290 uneg=1220 ball=22.11 vball=59.45 aball=-61.5 bref=0.00 pid=130.0 pref=140.0 ppos=33.0 apid=-0.0 integ=-0.0 vision=1 current=1 vframe=337 vs=1 vage=25 vpage=25 vdt=34 vmax=175 vacc=336 vrej=0 seq=0 elapsed=0 oled=3C
[   4077] STATUS mode=3 fault=none enc=48 denc=0 sreq=130 sapplied=130 crate=130 uimp=38220 upos=1330 uneg=1220 ball=22.11 vball=59.45 aball=-61.5 bref=0.00 pid=130.0 pref=140.0 ppos=38.2 apid=-0.0 integ=-0.0 vision=1 current=1 vframe=337 vs=1 vage=65 vpage=65 vdt=34 vmax=175 vacc=336 vrej=0 seq=0 elapsed=0 oled=3C
[   4109] STATUS mode=3 fault=none enc=52 denc=1 sreq=130 sapplied=130 crate=130 uimp=40820 upos=1350 uneg=1220 ball=22.11 vball=59.45 aball=-61.5 bref=0.00 pid=130.0 pref=140.0 ppos=40.8 apid=-0.0 integ=-0.0 vision=1 current=1 vframe=337 vs=1 vage=85 vpage=85 vdt=34 vmax=175 vacc=336 vrej=0 seq=0 elapsed=0 oled=3C
[   4125] STATUS mode=3 fault=none enc=55 denc=0 sreq=130 sapplied=130 crate=130 uimp=43420 upos=1370 uneg=1220 ball=24.34 vball=39.52 aball=-102.4 bref=0.00 pid=130.0 pref=140.0 ppos=43.4 apid=-0.0 integ=-0.0 vision=1 current=1 vframe=338 vs=1 vage=11 vpage=11 vdt=94 vmax=175 vacc=337 vrej=0 seq=0 elapsed=0 oled=3C
[   4157] STATUS mode=3 fault=none enc=63 denc=2 sreq=130 sapplied=130 crate=130 uimp=48620 upos=1410 uneg=1220 ball=25.69 vball=50.26 aball=-102.4 bref=0.00 pid=130.0 pref=140.0 ppos=48.6 apid=-0.0 integ=-0.0 vision=1 current=1 vframe=339 vs=1 vage=28 vpage=28 vdt=23 vmax=175 vacc=338 vrej=0 seq=0 elapsed=0 oled=3C
[   4188] STATUS mode=3 fault=none enc=65 denc=0 sreq=130 sapplied=130 crate=130 uimp=51220 upos=1430 uneg=1220 ball=25.95 vball=29.98 aball=-102.4 bref=0.00 pid=130.0 pref=140.0 ppos=51.2 apid=-0.0 integ=-0.0 vision=1 current=1 vframe=340 vs=1 vage=15 vpage=15 vdt=33 vmax=175 vacc=339 vrej=0 seq=0 elapsed=0 oled=3C
[   4202] STATUS mode=3 fault=none enc=68 denc=1 sreq=130 sapplied=130 crate=130 uimp=53820 upos=1450 uneg=1220 ball=25.95 vball=29.98 aball=-102.4 bref=0.00 pid=130.0 pref=140.0 ppos=53.8 apid=-0.0 integ=-0.0 vision=1 current=1 vframe=340 vs=1 vage=35 vpage=35 vdt=33 vmax=175 vacc=339 vrej=0 seq=0 elapsed=0 oled=3C
[   4234] STATUS mode=3 fault=none enc=74 denc=0 sreq=130 sapplied=130 crate=130 uimp=59020 upos=1490 uneg=1220 ball=25.95 vball=29.98 aball=-102.4 bref=0.00 pid=130.0 pref=140.0 ppos=59.0 apid=-0.0 integ=-0.0 vision=1 current=1 vframe=340 vs=1 vage=75 vpage=75 vdt=33 vmax=175 vacc=339 vrej=0 seq=0 elapsed=0 oled=3C
[   4266] STATUS mode=3 fault=none enc=78 denc=1 sreq=130 sapplied=130 crate=130 uimp=61620 upos=1510 uneg=1220 ball=27.59 vball=28.36 aball=-90.5 bref=0.00 pid=130.0 pref=140.0 ppos=61.6 apid=-0.0 integ=-0.0 vision=1 current=1 vframe=341 vs=1 vage=4 vpage=4 vdt=91 vmax=175 vacc=340 vrej=0 seq=0 elapsed=0 oled=3C
[   4297] STATUS mode=3 fault=none enc=81 denc=0 sreq=130 sapplied=130 crate=130 uimp=64220 upos=1530 uneg=1220 ball=27.59 vball=28.36 aball=-90.5 bref=0.00 pid=130.0 pref=140.0 ppos=64.2 apid=-0.0 integ=-0.0 vision=1 current=1 vframe=341 vs=1 vage=24 vpage=24 vdt=91 vmax=175 vacc=340 vrej=0 seq=0 elapsed=0 oled=3C
[   4313] STATUS mode=3 fault=none enc=86 denc=-1 sreq=104 sapplied=104 crate=104 uimp=69030 upos=1570 uneg=1220 ball=26.52 vball=-5.00 aball=-90.5 bref=0.00 pid=-130.0 pref=32.9 ppos=69.0 apid=-0.0 integ=-0.0 vision=1 current=1 vframe=343 vs=1 vage=2 vpage=2 vdt=36 vmax=175 vacc=342 vrej=0 seq=0 elapsed=0 oled=3C
[   4343] STATUS mode=3 fault=none enc=89 denc=-1 sreq=89 sapplied=89 crate=89 uimp=70995 upos=1590 uneg=1220 ball=26.52 vball=-5.00 aball=-90.5 bref=0.00 pid=-130.0 pref=41.3 ppos=71.0 apid=-0.0 integ=-0.0 vision=1 current=1 vframe=343 vs=1 vage=22 vpage=22 vdt=36 vmax=175 vacc=342 vrej=0 seq=0 elapsed=0 oled=3C
[   4375] STATUS mode=3 fault=none enc=93 denc=1 sreq=74 sapplied=74 crate=74 uimp=72660 upos=1610 uneg=1220 ball=26.52 vball=-5.00 aball=-90.5 bref=0.00 pid=-130.0 pref=41.3 ppos=72.7 apid=-0.0 integ=-0.0 vision=1 current=1 vframe=343 vs=1 vage=42 vpage=42 vdt=36 vmax=175 vacc=342 vrej=0 seq=0 elapsed=0 oled=3C
[   4391] STATUS mode=3 fault=none enc=95 denc=0 sreq=44 sapplied=44 crate=44 uimp=75090 upos=1650 uneg=1220 ball=26.52 vball=-5.00 aball=-90.5 bref=0.00 pid=-130.0 pref=41.3 ppos=75.1 apid=-0.0 integ=-0.0 vision=1 current=1 vframe=343 vs=1 vage=82 vpage=82 vdt=36 vmax=175 vacc=342 vrej=0 seq=0 elapsed=0 oled=3C
[   4422] STATUS mode=3 fault=none enc=95 denc=1 sreq=29 sapplied=29 crate=29 uimp=75855 upos=1670 uneg=1220 ball=26.46 vball=-2.76 aball=-138.4 bref=0.00 pid=-130.0 pref=52.3 ppos=75.9 apid=-0.0 integ=-0.0 vision=1 current=1 vframe=344 vs=1 vage=6 vpage=6 vdt=96 vmax=175 vacc=343 vrej=0 seq=0 elapsed=0 oled=3C
[   4452] STATUS mode=3 fault=none enc=98 denc=3 sreq=0 sapplied=0 crate=14 uimp=76230 upos=1685 uneg=1220 ball=26.46 vball=-2.76 aball=-138.4 bref=0.00 pid=-130.0 pref=52.3 ppos=76.2 apid=-0.0 integ=-0.0 vision=1 current=1 vframe=344 vs=1 vage=26 vpage=26 vdt=96 vmax=175 vacc=343 vrej=0 seq=0 elapsed=0 oled=3C
[   4468] STATUS mode=3 fault=none enc=97 denc=0 sreq=0 sapplied=0 crate=-16 uimp=76230 upos=1685 uneg=1220 ball=25.09 vball=-29.12 aball=-138.4 bref=0.00 pid=-130.0 pref=-82.9 ppos=76.2 apid=-0.0 integ=-0.0 vision=1 current=1 vframe=345 vs=1 vage=31 vpage=31 vdt=35 vmax=175 vacc=344 vrej=0 seq=0 elapsed=0 oled=3C
[   4500] STATUS mode=3 fault=none enc=97 denc=0 sreq=-31 sapplied=-31 crate=-31 uimp=75970 upos=1685 uneg=1230 ball=25.09 vball=-29.12 aball=-138.4 bref=0.00 pid=-130.0 pref=-82.9 ppos=76.0 apid=-0.0 integ=-0.0 vision=1 current=1 vframe=345 vs=1 vage=51 vpage=51 vdt=35 vmax=175 vacc=344 vrej=0 seq=0 elapsed=0 oled=3C
[   4532] STATUS mode=3 fault=none enc=96 denc=-2 sreq=-46 sapplied=-46 crate=-46 uimp=75230 upos=1685 uneg=1250 ball=25.09 vball=-29.12 aball=-138.4 bref=0.00 pid=-130.0 pref=-82.9 ppos=75.2 apid=-0.0 integ=-0.0 vision=1 current=1 vframe=345 vs=1 vage=71 vpage=71 vdt=35 vmax=175 vacc=344 vrej=0 seq=0 elapsed=0 oled=3C
[   4563] STATUS mode=3 fault=none enc=95 denc=0 sreq=-76 sapplied=-76 crate=-76 uimp=72850 upos=1685 uneg=1290 ball=24.66 vball=-20.80 aball=-138.4 bref=0.00 pid=-130.0 pref=-82.9 ppos=72.9 apid=-0.0 integ=-0.0 vision=1 current=1 vframe=346 vs=1 vage=2 vpage=2 vdt=109 vmax=175 vacc=345 vrej=0 seq=0 elapsed=0 oled=3C
[   4577] STATUS mode=3 fault=none enc=93 denc=-1 sreq=-91 sapplied=-91 crate=-91 uimp=71210 upos=1685 uneg=1310 ball=23.50 vball=-18.93 aball=-132.5 bref=0.00 pid=-130.0 pref=-35.9 ppos=71.2 apid=-0.0 integ=-0.0 vision=1 current=1 vframe=347 vs=1 vage=11 vpage=11 vdt=11 vmax=175 vacc=346 vrej=0 seq=0 elapsed=0 oled=3C
[   4609] STATUS mode=3 fault=none enc=89 denc=-2 sreq=-106 sapplied=-106 crate=-106 uimp=69270 upos=1685 uneg=1330 ball=23.50 vball=-18.93 aball=-132.5 bref=0.00 pid=-130.0 pref=-35.9 ppos=69.3 apid=-0.0 integ=-0.0 vision=1 current=1 vframe=347 vs=1 vage=31 vpage=31 vdt=11 vmax=175 vacc=346 vrej=0 seq=0 elapsed=0 oled=3C
[   4641] STATUS mode=3 fault=none enc=84 denc=-1 sreq=-130 sapplied=-130 crate=-130 uimp=64505 upos=1685 uneg=1370 ball=20.64 vball=-33.74 aball=-132.5 bref=0.00 pid=-130.0 pref=-117.1 ppos=64.5 apid=-0.0 integ=-0.0 vision=1 current=1 vframe=349 vs=1 vage=6 vpage=6 vdt=34 vmax=175 vacc=348 vrej=0 seq=0 elapsed=0 oled=3C
[   4672] STATUS mode=3 fault=none enc=81 denc=0 sreq=-130 sapplied=-130 crate=-130 uimp=61905 upos=1685 uneg=1390 ball=20.64 vball=-33.74 aball=-132.5 bref=0.00 pid=-130.0 pref=-117.1 ppos=61.9 apid=-0.0 integ=-0.0 vision=1 current=1 vframe=349 vs=1 vage=26 vpage=26 vdt=34 vmax=175 vacc=348 vrej=0 seq=0 elapsed=0 oled=3C
[   4688] STATUS mode=3 fault=none enc=74 denc=-1 sreq=-130 sapplied=-130 crate=-130 uimp=56705 upos=1685 uneg=1430 ball=20.64 vball=-33.74 aball=-132.5 bref=0.00 pid=-130.0 pref=-117.1 ppos=56.7 apid=-0.0 integ=-0.0 vision=1 current=1 vframe=349 vs=1 vage=66 vpage=66 vdt=34 vmax=175 vacc=348 vrej=0 seq=0 elapsed=0 oled=3C
[   4718] STATUS mode=3 fault=none enc=71 denc=-1 sreq=-130 sapplied=-130 crate=-130 uimp=54105 upos=1685 uneg=1450 ball=20.64 vball=-33.74 aball=-132.5 bref=0.00 pid=-130.0 pref=-117.1 ppos=54.1 apid=-0.0 integ=-0.0 vision=1 current=1 vframe=349 vs=1 vage=86 vpage=86 vdt=34 vmax=175 vacc=348 vrej=0 seq=0 elapsed=0 oled=3C
[   4750] STATUS mode=3 fault=none enc=67 denc=-2 sreq=-130 sapplied=-130 crate=-130 uimp=51505 upos=1685 uneg=1470 ball=17.87 vball=-34.05 aball=-107.1 bref=0.00 pid=-130.0 pref=-125.6 ppos=51.5 apid=-0.0 integ=-0.0 vision=1 current=1 vframe=350 vs=1 vage=8 vpage=8 vdt=98 vmax=175 vacc=349 vrej=0 seq=0 elapsed=0 oled=3C
[   4782] STATUS mode=3 fault=none enc=61 denc=-1 sreq=-130 sapplied=-130 crate=-130 uimp=46305 upos=1685 uneg=1510 ball=13.05 vball=-90.14 aball=-107.1 bref=0.00 pid=-130.0 pref=-140.0 ppos=46.3 apid=-0.0 integ=-0.0 vision=1 current=1 vframe=351 vs=1 vage=16 vpage=16 vdt=32 vmax=175 vacc=350 vrej=0 seq=0 elapsed=0 oled=3C
[   4797] STATUS mode=3 fault=none enc=58 denc=0 sreq=-130 sapplied=-130 crate=-130 uimp=43705 upos=1685 uneg=1530 ball=11.23 vball=-72.02 aball=-107.1 bref=0.00 pid=-130.0 pref=-140.0 ppos=43.7 apid=-0.0 integ=-0.0 vision=1 current=1 vframe=352 vs=1 vage=1 vpage=1 vdt=35 vmax=175 vacc=351 vrej=0 seq=0 elapsed=0 oled=3C
[   4827] STATUS mode=3 fault=none enc=54 denc=-2 sreq=-130 sapplied=-130 crate=-130 uimp=41105 upos=1685 uneg=1550 ball=11.23 vball=-72.02 aball=-107.1 bref=0.00 pid=-130.0 pref=-140.0 ppos=41.1 apid=-0.0 integ=-0.0 vision=1 current=1 vframe=352 vs=1 vage=21 vpage=21 vdt=35 vmax=175 vacc=351 vrej=0 seq=0 elapsed=0 oled=3C
[   4859] STATUS mode=3 fault=none enc=48 denc=0 sreq=-130 sapplied=-130 crate=-130 uimp=35905 upos=1685 uneg=1590 ball=11.23 vball=-72.02 aball=-107.1 bref=0.00 pid=-130.0 pref=-140.0 ppos=35.9 apid=-0.0 integ=-0.0 vision=1 current=1 vframe=352 vs=1 vage=61 vpage=61 vdt=35 vmax=175 vacc=351 vrej=0 seq=0 elapsed=0 oled=3C
[   4891] STATUS mode=3 fault=none enc=44 denc=-2 sreq=-130 sapplied=-130 crate=-130 uimp=33305 upos=1685 uneg=1610 ball=11.23 vball=-72.02 aball=-107.1 bref=0.00 pid=-130.0 pref=-140.0 ppos=33.3 apid=-0.0 integ=-0.0 vision=1 current=1 vframe=352 vs=1 vage=81 vpage=81 vdt=35 vmax=175 vacc=351 vrej=0 seq=0 elapsed=0 oled=3C
[   4907] STATUS mode=3 fault=none enc=40 denc=-2 sreq=-130 sapplied=-130 crate=-130 uimp=30705 upos=1685 uneg=1630 ball=9.05 vball=-46.33 aball=-93.5 bref=0.00 pid=-130.0 pref=-140.0 ppos=30.7 apid=-0.0 integ=-0.0 vision=1 current=1 vframe=353 vs=1 vage=8 vpage=8 vdt=93 vmax=175 vacc=352 vrej=0 seq=0 elapsed=0 oled=3C
[   4938] STATUS mode=3 fault=none enc=34 denc=0 sreq=-130 sapplied=-130 crate=-130 uimp=25505 upos=1685 uneg=1670 ball=5.17 vball=-105.57 aball=-93.5 bref=0.00 pid=-130.0 pref=-140.0 ppos=25.5 apid=-0.0 integ=-0.0 vision=1 current=1 vframe=354 vs=1 vage=26 vpage=26 vdt=22 vmax=175 vacc=353 vrej=0 seq=0 elapsed=0 oled=3C
[   4968] STATUS mode=3 fault=none enc=31 denc=0 sreq=-130 sapplied=-130 crate=-130 uimp=22905 upos=1685 uneg=1690 ball=2.30 vball=-96.02 aball=-93.5 bref=0.00 pid=-130.0 pref=-140.0 ppos=22.9 apid=-0.0 integ=-0.0 vision=1 current=1 vframe=355 vs=1 vage=11 vpage=11 vdt=35 vmax=175 vacc=354 vrej=0 seq=0 elapsed=0 oled=3C
[   5000] STATUS mode=3 fault=none enc=24 denc=-1 sreq=-130 sapplied=-130 crate=-130 uimp=17705 upos=1685 uneg=1730 ball=2.30 vball=-96.02 aball=-93.5 bref=0.00 pid=-130.0 pref=-140.0 ppos=17.7 apid=-0.0 integ=-0.0 vision=1 current=1 vframe=355 vs=1 vage=51 vpage=51 vdt=35 vmax=175 vacc=354 vrej=0 seq=0 elapsed=0 oled=3C
[   5016] STATUS mode=3 fault=none enc=21 denc=-1 sreq=-130 sapplied=-130 crate=-130 uimp=15105 upos=1685 uneg=1750 ball=2.30 vball=-96.02 aball=-93.5 bref=0.00 pid=-130.0 pref=-140.0 ppos=15.1 apid=-0.0 integ=-0.0 vision=1 current=1 vframe=355 vs=1 vage=71 vpage=71 vdt=35 vmax=175 vacc=354 vrej=0 seq=0 elapsed=0 oled=3C
[   5047] STATUS mode=3 fault=none enc=17 denc=-1 sreq=-130 sapplied=-130 crate=-130 uimp=12505 upos=1685 uneg=1770 ball=-1.20 vball=-69.04 aball=-122.4 bref=0.00 pid=-130.0 pref=-140.0 ppos=12.5 apid=-0.0 integ=-0.0 vision=1 current=1 vframe=356 vs=1 vage=4 vpage=4 vdt=87 vmax=175 vacc=355 vrej=0 seq=0 elapsed=0 oled=3C
[   5077] STATUS mode=3 fault=none enc=11 denc=-1 sreq=-130 sapplied=-130 crate=-130 uimp=7305 upos=1685 uneg=1810 ball=-5.54 vball=-116.77 aball=-122.4 bref=0.00 pid=-130.0 pref=-140.0 ppos=7.3 apid=-0.0 integ=-0.0 vision=1 current=1 vframe=357 vs=1 vage=16 vpage=16 vdt=28 vmax=175 vacc=356 vrej=0 seq=0 elapsed=0 oled=3C
[   5109] STATUS mode=3 fault=none enc=7 denc=-1 sreq=-130 sapplied=-130 crate=-130 uimp=4705 upos=1685 uneg=1830 ball=-8.00 vball=-97.32 aball=-122.4 bref=0.00 pid=-130.0 pref=-140.0 ppos=4.7 apid=-0.0 integ=-0.0 vision=1 current=1 vframe=358 vs=1 vage=3 vpage=3 vdt=33 vmax=175 vacc=357 vrej=0 seq=0 elapsed=0 oled=3C
[   5125] STATUS mode=3 fault=none enc=4 denc=-1 sreq=-130 sapplied=-130 crate=-130 uimp=2105 upos=1685 uneg=1850 ball=-8.00 vball=-97.32 aball=-122.4 bref=0.00 pid=-130.0 pref=-140.0 ppos=2.1 apid=-0.0 integ=-0.0 vision=1 current=1 vframe=358 vs=1 vage=23 vpage=23 vdt=33 vmax=175 vacc=357 vrej=0 seq=0 elapsed=0 oled=3C
[   5157] STATUS mode=3 fault=none enc=-3 denc=-1 sreq=-130 sapplied=-130 crate=-130 uimp=-3095 upos=1685 uneg=1890 ball=-8.00 vball=-97.32 aball=-122.4 bref=0.00 pid=-130.0 pref=-140.0 ppos=-3.1 apid=-0.0 integ=-0.0 vision=1 current=1 vframe=358 vs=1 vage=63 vpage=63 vdt=33 vmax=175 vacc=357 vrej=0 seq=0 elapsed=0 oled=3C
[   5188] STATUS mode=3 fault=none enc=-7 denc=-2 sreq=-130 sapplied=-130 crate=-130 uimp=-5695 upos=1685 uneg=1910 ball=-8.00 vball=-97.32 aball=-122.4 bref=0.00 pid=-130.0 pref=-140.0 ppos=-5.7 apid=-0.0 integ=-0.0 vision=1 current=1 vframe=358 vs=1 vage=83 vpage=83 vdt=33 vmax=175 vacc=357 vrej=0 seq=0 elapsed=0 oled=3C
[   5218] STATUS mode=3 fault=none enc=-9 denc=0 sreq=-130 sapplied=-130 crate=-130 uimp=-8295 upos=1685 uneg=1930 ball=-11.09 vball=-67.85 aball=-63.8 bref=0.00 pid=-130.0 pref=-140.0 ppos=-8.3 apid=-0.0 integ=-0.0 vision=1 current=1 vframe=359 vs=1 vage=10 vpage=10 vdt=93 vmax=175 vacc=358 vrej=0 seq=0 elapsed=0 oled=3C
[   5234] STATUS mode=3 fault=none enc=-16 denc=0 sreq=-130 sapplied=-130 crate=-130 uimp=-13495 upos=1685 uneg=1970 ball=-16.15 vball=-154.21 aball=-63.8 bref=0.00 pid=-130.0 pref=-140.0 ppos=-13.5 apid=-0.0 integ=-0.0 vision=1 current=1 vframe=360 vs=1 vage=26 vpage=26 vdt=24 vmax=175 vacc=359 vrej=0 seq=0 elapsed=0 oled=3C
[   5266] STATUS mode=3 fault=none enc=-19 denc=0 sreq=-130 sapplied=-130 crate=-130 uimp=-16095 upos=1685 uneg=1990 ball=-18.60 vball=-116.68 aball=-63.8 bref=0.00 pid=-130.0 pref=-140.0 ppos=-16.1 apid=-0.0 integ=-0.0 vision=1 current=1 vframe=361 vs=1 vage=12 vpage=12 vdt=34 vmax=175 vacc=360 vrej=0 seq=0 elapsed=0 oled=3C
[   5297] STATUS mode=3 fault=none enc=-26 denc=-1 sreq=-130 sapplied=-130 crate=-130 uimp=-21295 upos=1685 uneg=2030 ball=-18.60 vball=-116.68 aball=-63.8 bref=0.00 pid=-130.0 pref=-140.0 ppos=-21.3 apid=-0.0 integ=-0.0 vision=1 current=1 vframe=361 vs=1 vage=52 vpage=52 vdt=34 vmax=175 vacc=360 vrej=0 seq=0 elapsed=0 oled=3C
[   5327] STATUS mode=3 fault=none enc=-29 denc=-1 sreq=-130 sapplied=-130 crate=-130 uimp=-23895 upos=1685 uneg=2050 ball=-18.60 vball=-116.68 aball=-63.8 bref=0.00 pid=-130.0 pref=-140.0 ppos=-23.9 apid=-0.0 integ=-0.0 vision=1 current=1 vframe=361 vs=1 vage=72 vpage=72 vdt=34 vmax=175 vacc=360 vrej=0 seq=0 elapsed=0 oled=3C
[   5343] STATUS mode=3 fault=none enc=-33 denc=-1 sreq=-130 sapplied=-130 crate=-130 uimp=-26495 upos=1685 uneg=2070 ball=-18.60 vball=-116.68 aball=-63.8 bref=0.00 pid=-130.0 pref=-140.0 ppos=-26.5 apid=-0.0 integ=-0.0 vision=1 current=1 vframe=361 vs=1 vage=92 vpage=92 vdt=34 vmax=175 vacc=360 vrej=0 seq=0 elapsed=0 oled=3C
[   5375] STATUS mode=3 fault=none enc=-39 denc=-1 sreq=-130 sapplied=-130 crate=-130 uimp=-31695 upos=1685 uneg=2110 ball=-26.27 vball=-135.12 aball=-77.0 bref=0.00 pid=-130.0 pref=-140.0 ppos=-31.7 apid=-0.0 integ=-0.0 vision=1 current=1 vframe=363 vs=1 vage=15 vpage=15 vdt=23 vmax=175 vacc=362 vrej=0 seq=0 elapsed=0 oled=3C
[   5407] STATUS mode=3 fault=none enc=-43 denc=-1 sreq=-130 sapplied=-130 crate=-130 uimp=-34295 upos=1685 uneg=2130 ball=-29.02 vball=-110.24 aball=-77.0 bref=0.00 pid=-130.0 pref=-140.0 ppos=-34.3 apid=-0.0 integ=-0.0 vision=1 current=1 vframe=364 vs=1 vage=2 vpage=2 vdt=33 vmax=175 vacc=363 vrej=0 seq=0 elapsed=0 oled=3C
[   5438] STATUS mode=3 fault=none enc=-50 denc=-1 sreq=-130 sapplied=-130 crate=-130 uimp=-39495 upos=1685 uneg=2170 ball=-29.02 vball=-110.24 aball=-77.0 bref=0.00 pid=-130.0 pref=-140.0 ppos=-39.5 apid=-0.0 integ=-0.0 vision=1 current=1 vframe=364 vs=1 vage=42 vpage=42 vdt=33 vmax=175 vacc=363 vrej=0 seq=0 elapsed=0 oled=3C
[   5468] STATUS mode=3 fault=none enc=-53 denc=0 sreq=-130 sapplied=-130 crate=-130 uimp=-42095 upos=1685 uneg=2190 ball=-29.02 vball=-110.24 aball=-77.0 bref=0.00 pid=-130.0 pref=-140.0 ppos=-42.1 apid=-0.0 integ=-0.0 vision=1 current=1 vframe=364 vs=1 vage=62 vpage=62 vdt=33 vmax=175 vacc=363 vrej=0 seq=0 elapsed=0 oled=3C
[   5484] STATUS mode=3 fault=none enc=-57 denc=-2 sreq=-130 sapplied=-130 crate=-130 uimp=-44695 upos=1685 uneg=2210 ball=-29.02 vball=-110.24 aball=-77.0 bref=0.00 pid=-130.0 pref=-140.0 ppos=-44.7 apid=-0.0 integ=-0.0 vision=1 current=1 vframe=364 vs=1 vage=82 vpage=82 vdt=33 vmax=175 vacc=363 vrej=0 seq=0 elapsed=0 oled=3C
[   5516] STATUS mode=3 fault=none enc=-63 denc=-1 sreq=-130 sapplied=-130 crate=-130 uimp=-49895 upos=1685 uneg=2250 ball=-32.52 vball=-74.43 aball=-77.0 bref=0.00 pid=-130.0 pref=-140.0 ppos=-49.9 apid=-0.0 integ=-0.0 vision=1 current=1 vframe=365 vs=1 vage=1 vpage=1 vdt=121 vmax=175 vacc=364 vrej=0 seq=0 elapsed=0 oled=3C
[   5547] STATUS mode=3 fault=none enc=-66 denc=-1 sreq=-130 sapplied=-130 crate=-130 uimp=-52495 upos=1685 uneg=2270 ball=-32.52 vball=-74.43 aball=-23.1 bref=0.00 pid=-130.0 pref=-140.0 ppos=-52.5 apid=-0.0 integ=-0.0 vision=1 current=1 vframe=365 vs=1 vage=21 vpage=21 vdt=121 vmax=175 vacc=364 vrej=0 seq=0 elapsed=0 oled=3C
[   5577] STATUS mode=3 fault=none enc=-69 denc=0 sreq=-130 sapplied=-130 crate=-130 uimp=-55095 upos=1685 uneg=2290 ball=-37.73 vball=-126.38 aball=-23.1 bref=0.00 pid=-130.0 pref=-140.0 ppos=-55.1 apid=-0.0 integ=-0.0 vision=1 current=1 vframe=366 vs=1 vage=2 vpage=2 vdt=39 vmax=175 vacc=365 vrej=0 seq=0 elapsed=0 oled=3C
[   5593] STATUS mode=3 fault=none enc=-77 denc=-2 sreq=-130 sapplied=-130 crate=-130 uimp=-60295 upos=1685 uneg=2330 ball=-39.58 vball=-93.29 aball=-23.1 bref=0.00 pid=-130.0 pref=-140.0 ppos=-60.3 apid=-0.0 integ=-0.0 vision=1 current=1 vframe=367 vs=1 vage=17 vpage=17 vdt=25 vmax=175 vacc=366 vrej=0 seq=0 elapsed=0 oled=3C
[   5625] STATUS mode=3 fault=none enc=-79 denc=-1 sreq=-130 sapplied=-130 crate=-130 uimp=-62895 upos=1685 uneg=2350 ball=-39.58 vball=-93.29 aball=-23.1 bref=0.00 pid=-130.0 pref=-140.0 ppos=-62.9 apid=-0.0 integ=-0.0 vision=1 current=1 vframe=367 vs=1 vage=37 vpage=37 vdt=25 vmax=175 vacc=366 vrej=0 seq=0 elapsed=0 oled=3C
[   5657] STATUS mode=3 fault=none enc=-86 denc=0 sreq=-130 sapplied=-130 crate=-130 uimp=-68095 upos=1685 uneg=2390 ball=-39.58 vball=-93.29 aball=-23.1 bref=0.00 pid=-130.0 pref=-140.0 ppos=-68.1 apid=-0.0 integ=-0.0 vision=1 current=1 vframe=367 vs=1 vage=77 vpage=77 vdt=25 vmax=175 vacc=366 vrej=0 seq=0 elapsed=0 oled=3C
[   5688] STATUS mode=3 fault=none enc=-90 denc=-1 sreq=-130 sapplied=-130 crate=-130 uimp=-70695 upos=1685 uneg=2410 ball=-39.58 vball=-93.29 aball=-23.1 bref=0.00 pid=-130.0 pref=-140.0 ppos=-70.7 apid=-0.0 integ=-0.0 vision=1 current=1 vframe=367 vs=1 vage=97 vpage=97 vdt=25 vmax=175 vacc=366 vrej=0 seq=0 elapsed=0 oled=3C
[   5718] STATUS mode=3 fault=none enc=-93 denc=-1 sreq=-130 sapplied=-130 crate=-130 uimp=-73295 upos=1685 uneg=2430 ball=-39.58 vball=-93.29 aball=-23.1 bref=0.00 pid=-130.0 pref=-140.0 ppos=-73.3 apid=-0.0 integ=-0.0 vision=1 current=1 vframe=367 vs=1 vage=117 vpage=117 vdt=25 vmax=175 vacc=366 vrej=0 seq=0 elapsed=0 oled=3C
[   5734] STATUS mode=3 fault=none enc=-99 denc=-1 sreq=-130 sapplied=-130 crate=-130 uimp=-78495 upos=1685 uneg=2470 ball=-45.55 vball=-95.55 aball=10.3 bref=0.00 pid=-130.0 pref=-140.0 ppos=-78.5 apid=0.0 integ=-0.0 vision=1 current=1 vframe=369 vs=1 vage=5 vpage=5 vdt=19 vmax=175 vacc=368 vrej=0 seq=0 elapsed=0 oled=3C
[   5766] STATUS mode=3 fault=none enc=-102 denc=-1 sreq=-130 sapplied=-130 crate=-130 uimp=-81095 upos=1685 uneg=2490 ball=-45.55 vball=-95.55 aball=10.3 bref=0.00 pid=-130.0 pref=-140.0 ppos=-81.1 apid=0.0 integ=-0.0 vision=1 current=1 vframe=369 vs=1 vage=25 vpage=25 vdt=19 vmax=175 vacc=368 vrej=0 seq=0 elapsed=0 oled=3C
[   5797] STATUS mode=3 fault=none enc=-109 denc=-1 sreq=-130 sapplied=-130 crate=-130 uimp=-86295 upos=1685 uneg=2530 ball=-46.55 vball=-65.10 aball=10.3 bref=0.00 pid=-130.0 pref=-140.0 ppos=-86.3 apid=0.0 integ=-0.0 vision=1 current=1 vframe=370 vs=1 vage=33 vpage=33 vdt=32 vmax=175 vacc=369 vrej=0 seq=0 elapsed=0 oled=3C
[   5827] STATUS mode=3 fault=none enc=-112 denc=-1 sreq=-130 sapplied=-130 crate=-130 uimp=-88895 upos=1685 uneg=2550 ball=-46.55 vball=-65.10 aball=10.3 bref=0.00 pid=-130.0 pref=-140.0 ppos=-88.9 apid=0.0 integ=-0.0 vision=1 current=1 vframe=370 vs=1 vage=53 vpage=53 vdt=32 vmax=175 vacc=369 vrej=0 seq=0 elapsed=0 oled=3C
[   5843] STATUS mode=3 fault=none enc=-116 denc=-1 sreq=-130 sapplied=-130 crate=-130 uimp=-91495 upos=1685 uneg=2570 ball=-46.55 vball=-65.10 aball=10.3 bref=0.00 pid=-130.0 pref=-140.0 ppos=-91.5 apid=0.0 integ=-0.0 vision=1 current=1 vframe=370 vs=1 vage=73 vpage=73 vdt=32 vmax=175 vacc=369 vrej=0 seq=0 elapsed=0 oled=3C
[   5875] STATUS mode=3 fault=none enc=-122 denc=0 sreq=-130 sapplied=-130 crate=-130 uimp=-96695 upos=1685 uneg=2610 ball=-47.99 vball=-41.11 aball=74.5 bref=0.00 pid=-130.0 pref=-140.0 ppos=-96.7 apid=0.0 integ=-0.0 vision=1 current=1 vframe=371 vs=1 vage=12 vpage=12 vdt=101 vmax=175 vacc=370 vrej=0 seq=0 elapsed=0 oled=3C
[   5907] STATUS mode=3 fault=none enc=-127 denc=-2 sreq=-130 sapplied=-130 crate=-130 uimp=-99295 upos=1685 uneg=2630 ball=-47.99 vball=-41.11 aball=74.5 bref=0.00 pid=-130.0 pref=-140.0 ppos=-99.3 apid=0.0 integ=-0.0 vision=1 current=1 vframe=371 vs=1 vage=32 vpage=32 vdt=101 vmax=175 vacc=370 vrej=0 seq=0 elapsed=0 oled=3C
[   5938] STATUS mode=3 fault=none enc=-130 denc=-1 sreq=-130 sapplied=-130 crate=-130 uimp=-101895 upos=1685 uneg=2650 ball=-48.44 vball=-27.24 aball=74.5 bref=0.00 pid=-130.0 pref=-140.0 ppos=-101.9 apid=0.0 integ=-0.0 vision=1 current=1 vframe=372 vs=1 vage=19 vpage=19 vdt=33 vmax=175 vacc=371 vrej=0 seq=0 elapsed=0 oled=3C
[   5952] STATUS mode=3 fault=none enc=-136 denc=0 sreq=-130 sapplied=-130 crate=-130 uimp=-107095 upos=1685 uneg=2690 ball=-48.39 vball=-13.35 aball=74.5 bref=0.00 pid=-130.0 pref=-140.0 ppos=-107.1 apid=0.0 integ=-0.0 vision=1 current=1 vframe=373 vs=1 vage=28 vpage=28 vdt=31 vmax=175 vacc=372 vrej=0 seq=0 elapsed=0 oled=3C
[   5984] STATUS mode=3 fault=none enc=-139 denc=0 sreq=-130 sapplied=-130 crate=-130 uimp=-109695 upos=1685 uneg=2710 ball=-48.39 vball=-13.35 aball=74.5 bref=0.00 pid=-130.0 pref=-140.0 ppos=-109.7 apid=0.0 integ=-0.0 vision=1 current=1 vframe=373 vs=1 vage=48 vpage=48 vdt=31 vmax=175 vacc=372 vrej=0 seq=0 elapsed=0 oled=3C
[   6016] STATUS mode=3 fault=none enc=-146 denc=-1 sreq=-130 sapplied=-130 crate=-130 uimp=-114895 upos=1685 uneg=2750 ball=-48.39 vball=-13.35 aball=74.5 bref=0.00 pid=-130.0 pref=-140.0 ppos=-114.9 apid=0.0 integ=-0.0 vision=1 current=1 vframe=373 vs=1 vage=88 vpage=88 vdt=31 vmax=175 vacc=372 vrej=0 seq=0 elapsed=0 oled=3C
[   6047] STATUS mode=3 fault=none enc=-149 denc=-1 sreq=-130 sapplied=-130 crate=-130 uimp=-117495 upos=1685 uneg=2770 ball=-48.50 vball=-7.02 aball=133.4 bref=0.00 pid=-130.0 pref=-140.0 ppos=-117.5 apid=0.0 integ=-0.0 vision=1 current=1 vframe=374 vs=1 vage=6 vpage=6 vdt=102 vmax=175 vacc=373 vrej=0 seq=0 elapsed=0 oled=3C
[   6077] STATUS mode=3 fault=none enc=-152 denc=0 sreq=-130 sapplied=-130 crate=-130 uimp=-120095 upos=1685 uneg=2790 ball=-48.50 vball=-7.02 aball=133.4 bref=0.00 pid=-130.0 pref=-140.0 ppos=-120.1 apid=0.0 integ=-0.0 vision=1 current=1 vframe=374 vs=1 vage=26 vpage=26 vdt=102 vmax=175 vacc=373 vrej=0 seq=0 elapsed=0 oled=3C
[   6093] STATUS mode=3 fault=none enc=-159 denc=-1 sreq=-104 sapplied=-104 crate=-104 uimp=-124905 upos=1685 uneg=2830 ball=-46.46 vball=21.24 aball=133.4 bref=0.00 pid=130.0 pref=-65.7 ppos=-124.9 apid=0.0 integ=-0.0 vision=1 current=1 vframe=376 vs=1 vage=3 vpage=3 vdt=33 vmax=175 vacc=375 vrej=0 seq=0 elapsed=0 oled=3C
[   6125] STATUS mode=3 fault=none enc=-161 denc=-1 sreq=-89 sapplied=-89 crate=-89 uimp=-126870 upos=1685 uneg=2850 ball=-46.46 vball=21.24 aball=133.4 bref=0.00 pid=130.0 pref=-9.9 ppos=-126.9 apid=0.0 integ=-0.0 vision=1 current=1 vframe=376 vs=1 vage=23 vpage=23 vdt=33 vmax=175 vacc=375 vrej=0 seq=0 elapsed=0 oled=3C
[   6157] STATUS mode=3 fault=none enc=-165 denc=0 sreq=-59 sapplied=-59 crate=-59 uimp=-129900 upos=1685 uneg=2890 ball=-46.46 vball=21.24 aball=133.4 bref=0.00 pid=130.0 pref==-9.9 ppos=-128.5 apid=0.0 integ=-0.0 vision=1 current=1 vframe=376 vs=1 vage=43 vpage=43 vdt=33 vmax=175 vacc=375 vrej=0 seq=0 elapsed=0 oled=3C
[   6188] STATUS mode=3 fault=none enc=-166 denc=0 sreq=-44 sapplied=-44 crate=-44 uimp=-130965 upos=1685 uneg=2910 ball=-46.46 vball=21.24 aball=133.4 bref=0.00 pid=130.0 pref=-9.9 ppos=-131.0 apid=0.0 integ=-0.0 vision=1 current=1 vframe=376 vs=1 vage=83 vpage=83 vdt=33 vmax=175 vacc=375 vrej=0 seq=0 elapsed=0 oled=3C
[   6202] STATUS mode=3 fault=none enc=-166 denc=0 sreq=-29 sapplied=-29 crate=-29 uimp=-131730 upos=1685 uneg=2930 ball=-45.47 vball=17.09 aball=142.5 bref=0.00 pid=130.0 pref=-28.2 ppos=-131.7 apid=0.0 integ=-0.0 vision=1 current=1 vframe=377 vs=1 vage=9 vpage=9 vdt=94 vmax=175 vacc=376 vrej=0 seq=0 elapsed=0 oled=3C
[   6234] STATUS mode=3 fault=none enc=-167 denc=0 sreq=0 sapplied=0 crate=1 uimp=-132105 upos=1685 uneg=2945 ball=-43.85 vball=46.06 aball=142.5 bref=0.00 pid=130.0 pref=120.7 ppos=-132.1 apid=0.0 integ=-0.0 vision=1 current=1 vframe=378 vs=1 vage=27 vpage=27 vdt=22 vmax=175 vacc=377 vrej=0 seq=0 elapsed=0 oled=3C
[   6266] STATUS mode=3 fault=none enc=-167 denc=0 sreq=0 sapplied=0 crate=16 uimp=-132105 upos=1685 uneg=2945 ball=-42.36 vball=45.64 aball=142.5 bref=0.00 pid=130.0 pref=122.3 ppos=-132.1 apid=0.0 integ=-0.0 vision=1 current=1 vframe=379 vs=1 vage=14 vpage=14 vdt=33 vmax=175 vacc=378 vrej=0 seq=0 elapsed=0 oled=3C
[   6282] STATUS mode=3 fault=none enc=-167 denc=0 sreq=31 sapplied=31 crate=31 uimp=-131845 upos=1695 uneg=2945 ball=-42.36 vball=45.64 aball=142.5 bref=0.00 pid=130.0 pref=122.3 ppos=-131.8 apid=0.0 integ=-0.0 vision=1 current=1 vframe=379 vs=1 vage=34 vpage=34 vdt=33 vmax=175 vacc=378 vrej=0 seq=0 elapsed=0 oled=3C
[   6313] STATUS mode=3 fault=none enc=-166 denc=0 sreq=61 sapplied=61 crate=61 uimp=-130065 upos=1735 uneg=2945 ball=-42.36 vball=45.64 aball=142.5 bref=0.00 pid=130.0 pref=122.3 ppos=-130.1 apid=0.0 integ=-0.0 vision=1 current=1 vframe=379 vs=1 vage=74 vpage=74 vdt=33 vmax=175 vacc=378 vrej=0 seq=0 elapsed=0 oled=3C
[   6343] STATUS mode=3 fault=none enc=-165 denc=0 sreq=76 sapplied=76 crate=76 uimp=-128725 upos=1755 uneg=2945 ball=-42.36 vball=45.64 aball=142.5 bref=0.00 pid=130.0 pref=122.3 ppos=-128.7 apid=0.0 integ=-0.0 vision=1 current=1 vframe=379 vs=1 vage=94 vpage=94 vdt=33 vmax=175 vacc=378 vrej=0 seq=0 elapsed=0 oled=3C
[   6375] STATUS mode=3 fault=none enc=-163 denc=0 sreq=91 sapplied=91 crate=91 uimp=-127085 upos=1775 uneg=2945 ball=-40.61 vball=32.95 aball=125.9 bref=0.00 pid=130.0 pref=63.2 ppos=-127.1 apid=0.0 integ=-0.0 vision=1 current=1 vframe=380 vs=1 vage=19 vpage=19 vdt=95 vmax=175 vacc=379 vrej=0 seq=0 elapsed=0 oled=3C
[   6391] STATUS mode=3 fault=none enc=-157 denc=2 sreq=121 sapplied=121 crate=121 uimp=-122905 upos=1815 uneg=2945 ball=-35.19 vball=77.15 aball=125.9 bref=0.00 pid=130.0 pref=140.0 ppos=-122.9 apid=0.0 integ=-0.0 vision=1 current=1 vframe=382 vs=1 vage=3 vpage=3 vdt=34 vmax=175 vacc=381 vrej=0 seq=0 elapsed=0 oled=3C
[   6422] STATUS mode=3 fault=none enc=-153 denc=2 sreq=130 sapplied=130 crate=130 uimp=-120380 upos=1835 uneg=2945 ball=-35.19 vball=77.15 aball=125.9 bref=0.00 pid=130.0 pref=140.0 ppos=-120.4 apid=0.0 integ=-0.0 vision=1 current=1 vframe=382 vs=1 vage=23 vpage=23 vdt=34 vmax=175 vacc=381 vrej=0 seq=0 elapsed=0 oled=3C
[   6452] STATUS mode=3 fault=none enc=-151 denc=0 sreq=130 sapplied=130 crate=130 uimp=-117780 upos=1855 uneg=2945 ball=-35.19 vball=77.15 aball=125.9 bref=0.00 pid=130.0 pref=140.0 ppos=-117.8 apid=0.0 integ=-0.0 vision=1 current=1 vframe=382 vs=1 vage=43 vpage=43 vdt=34 vmax=175 vacc=381 vrej=0 seq=0 elapsed=0 oled=3C
[   6484] STATUS mode=3 fault=none enc=-144 denc=1 sreq=130 sapplied=130 crate=130 uimp=-112580 upos=1895 uneg=2945 ball=-35.19 vball=77.15 aball=125.9 bref=0.00 pid=130.0 pref=140.0 ppos=-112.6 apid=0.0 integ=-0.0 vision=1 current=1 vframe=382 vs=1 vage=83 vpage=83 vdt=34 vmax=175 vacc=381 vrej=0 seq=0 elapsed=0 oled=3C
[   6500] STATUS mode=3 fault=none enc=-141 denc=1 sreq=130 sapplied=130 crate=130 uimp=-109980 upos=1915 uneg=2945 ball=-31.77 vball=61.06 aball=154.7 bref=0.00 pid=130.0 pref=140.0 ppos=-110.0 apid=0.0 integ=-0.0 vision=1 current=1 vframe=383 vs=1 vage=11 vpage=11 vdt=92 vmax=175 vacc=382 vrej=0 seq=0 elapsed=0 oled=3C
[   6532] STATUS mode=3 fault=none enc=-138 denc=1 sreq=130 sapplied=130 crate=130 uimp=-107380 upos=1935 uneg=2945 ball=-28.05 vball=108.82 aball=154.7 bref=0.00 pid=130.0 pref=140.0 ppos=-107.4 apid=0.0 integ=-0.0 vision=1 current=1 vframe=384 vs=1 vage=4 vpage=4 vdt=27 vmax=175 vacc=383 vrej=0 seq=0 elapsed=0 oled=3C
[   6563] STATUS mode=3 fault=none enc=-131 denc=1 sreq=130 sapplied=130 crate=130 uimp=-102180 upos=1975 uneg=2945 ball=-25.90 vball=85.40 aball=154.7 bref=0.00 pid=130.0 pref=140.0 ppos=-102.2 apid=0.0 integ=-0.0 vision=1 current=1 vframe=385 vs=1 vage=11 vpage=11 vdt=33 vmax=175 vacc=384 vrej=0 seq=0 elapsed=0 oled=3C
[   6593] STATUS mode=3 fault=none enc=-129 denc=-1 sreq=130 sapplied=130 crate=130 uimp=-99580 upos=1995 uneg=2945 ball=-25.90 vball=85.40 aball=154.7 bref=0.00 pid=130.0 pref=140.0 ppos=-99.6 apid=0.0 integ=-0.0 vision=1 current=1 vframe=385 vs=1 vage=31 vpage=31 vdt=33 vmax=175 vacc=384 vrej=0 seq=0 elapsed=0 oled=3C
[   6609] STATUS mode=3 fault=none enc=-120 denc=1 sreq=130 sapplied=130 crate=130 uimp=-94380 upos=2035 uneg=2945 ball=-25.90 vball=85.40 aball=154.7 bref=0.00 pid=130.0 pref=140.0 ppos=-94.4 apid=0.0 integ=-0.0 vision=1 current=1 vframe=385 vs=1 vage=71 vpage=71 vdt=33 vmax=175 vacc=384 vrej=0 seq=0 elapsed=0 oled=3C
[   6641] STATUS mode=3 fault=none enc=-118 denc=0 sreq=130 sapplied=130 crate=130 uimp=-91780 upos=2055 uneg=2945 ball=-25.90 vball=85.40 aball=154.7 bref=0.00 pid=130.0 pref=140.0 ppos=-91.8 apid=0.0 integ=-0.0 vision=1 current=1 vframe=385 vs=1 vage=91 vpage=91 vdt=33 vmax=175 vacc=384 vrej=0 seq=0 elapsed=0 oled=3C
[   6672] STATUS mode=3 fault=none enc=-114 denc=1 sreq=130 sapplied=130 crate=130 uimp=-89180 upos=2075 uneg=2945 ball=-21.98 vball=70.27 aball=111.5 bref=0.00 pid=130.0 pref=140.0 ppos=-89.2 apid=0.0 integ=-0.0 vision=1 current=1 vframe=386 vs=1 vage=14 vpage=14 vdt=97 vmax=175 vacc=385 vrej=0 seq=0 elapsed=0 oled=3C
[   6702] STATUS mode=3 fault=none enc=-107 denc=1 sreq=130 sapplied=130 crate=130 uimp=-83980 upos=2115 uneg=2945 ball=-14.26 vball=115.08 aball=111.5 bref=0.00 pid=130.0 pref=140.0 ppos=-84.0 apid=0.0 integ=-0.0 vision=1 current=1 vframe=388 vs=1 vage=2 vpage=2 vdt=34 vmax=175 vacc=387 vrej=0 seq=0 elapsed=0 oled=3C
[   6718] STATUS mode=3 fault=none enc=-104 denc=1 sreq=130 sapplied=130 crate=130 uimp=-81380 upos=2135 uneg=2945 ball=-14.26 vball=115.08 aball=111.5 bref=0.00 pid=130.0 pref=140.0 ppos=-81.4 apid=0.0 integ=-0.0 vision=1 current=1 vframe=388 vs=1 vage=22 vpage=22 vdt=34 vmax=175 vacc=387 vrej=0 seq=0 elapsed=0 oled=3C
[   6750] STATUS mode=3 fault=none enc=-101 denc=1 sreq=130 sapplied=130 crate=130 uimp=-78780 upos=2155 uneg=2945 ball=-14.26 vball=115.08 aball=111.5 bref=0.00 pid=130.0 pref=140.0 ppos=-78.8 apid=0.0 integ=-0.0 vision=1 current=1 vframe=388 vs=1 vage=42 vpage=42 vdt=34 vmax=175 vacc=387 vrej=0 seq=0 elapsed=0 oled=3C
[   6782] STATUS mode=3 fault=none enc=-95 denc=0 sreq=130 sapplied=130 crate=130 uimp=-73580 upos=2195 uneg=2945 ball=-14.26 vball=115.08 aball=111.5 bref=0.00 pid=130.0 pref=140.0 ppos=-73.6 apid=0.0 integ=-0.0 vision=1 current=1 vframe=388 vs=1 vage=82 vpage=82 vdt=34 vmax=175 vacc=387 vrej=0 seq=0 elapsed=0 oled=3C
[   6797] STATUS mode=3 fault=none enc=-91 denc=1 sreq=130 sapplied=130 crate=130 uimp=-70980 upos=2215 uneg=2945 ball=-9.98 vball=84.35 aball=104.1 bref=0.00 pid=130.0 pref=140.0 ppos=-71.0 apid=0.0 integ=-0.0 vision=1 current=1 vframe=389 vs=1 vage=6 vpage=6 vdt=96 vmax=175 vacc=388 vrej=0 seq=0 elapsed=0 oled=3C
[   6827] STATUS mode=3 fault=none enc=-88 denc=0 sreq=130 sapplied=130 crate=130 uimp=-68380 upos=2235 uneg=2945 ball=-4.90 vball=167.56 aball=104.1 bref=0.00 pid=130.0 pref=140.0 ppos=-68.4 apid=0.0 integ=-0.0 vision=1 current=1 vframe=390 vs=1 vage=5 vpage=5 vdt=21 vmax=175 vacc=389 vrej=0 seq=0 elapsed=0 oled=3C
[   6859] STATUS mode=3 fault=none enc=-81 denc=1 sreq=130 sapplied=130 crate=130 uimp=-63180 upos=2275 uneg=2945 ball=-1.49 vball=136.09 aball=104.1 bref=0.00 pid=130.0 pref=140.0 ppos=-63.2 apid=0.0 integ=-0.0 vision=1 current=1 vframe=391 vs=1 vage=12 vpage=12 vdt=33 vmax=175 vacc=390 vrej=0 seq=0 elapsed=0 oled=3C
[   6891] STATUS mode=3 fault=none enc=-78 denc=1 sreq=130 sapplied=130 crate=130 uimp=-60580 upos=2295 uneg=2945 ball=-1.49 vball=136.09 aball=104.1 bref=0.00 pid=130.0 pref=140.0 ppos=-60.6 apid=0.0 integ=-0.0 vision=1 current=1 vframe=391 vs=1 vage=32 vpage=32 vdt=33 vmax=175 vacc=390 vrej=0 seq=0 elapsed=0 oled=3C
[   6907] STATUS mode=3 fault=none enc=-74 denc=1 sreq=130 sapplied=130 crate=130 uimp=-57980 upos=2315 uneg=2945 ball=-1.49 vball=136.09 aball=104.1 bref=0.00 pid=130.0 pref=140.0 ppos=-58.0 apid=0.0 integ=-0.0 vision=1 current=1 vframe=391 vs=1 vage=52 vpage=52 vdt=33 vmax=175 vacc=390 vrej=0 seq=0 elapsed=0 oled=3C
[   6938] STATUS mode=3 fault=none enc=-68 denc=1 sreq=130 sapplied=130 crate=130 uimp=-52780 upos=2355 uneg=2945 ball=-1.49 vball=136.09 aball=104.1 bref=0.00 pid=130.0 pref=140.0 ppos=-52.8 apid=0.0 integ=-0.0 vision=1 current=1 vframe=391 vs=1 vage=92 vpage=92 vdt=33 vmax=175 vacc=390 vrej=0 seq=0 elapsed=0 oled=3C
[   6968] STATUS mode=3 fault=none enc=-64 denc=1 sreq=130 sapplied=130 crate=130 uimp=-50180 upos=2375 uneg=2945 ball=3.41 vball=97.93 aball=98.0 bref=0.00 pid=130.0 pref=140.0 ppos=-50.2 apid=0.0 integ=-0.0 vision=1 current=1 vframe=398 vs=1 vage=16 vpage=16 vdt=96 vmax=175 vacc=397 vrej=0 seq=0 elapsed=0 oled=3C
[   7000] STATUS mode=3 fault=none enc=-61 denc=0 sreq=130 sapplied=130 crate=130 uimp=-47580 upos=2395 uneg=2945 ball=3.41 vball=97.93 aball=98.0 bref=0.00 pid=130.0 pref=140.0 ppos=-47.6 apid=0.0 integ=-0.0 vision=1 current=1 vframe=398 vs=1 vage=36 vpage=36 vdt=96 vmax=175 vacc=397 vrej=0 seq=0 elapsed=0 oled=3C
[   7016] STATUS mode=3 fault=none enc=-54 denc=1 sreq=130 sapplied=130 crate=130 uimp=-42380 upos=2435 uneg=2945 ball=10.03 vball=157.26 aball=98.0 bref=0.00 pid=130.0 pref=140.0 ppos=-42.4 apid=0.0 integ=-0.0 vision=1 current=1 vframe=399 vs=1 vage=37 vpage=37 vdt=39 vmax=175 vacc=398 vrej=0 seq=0 elapsed=0 oled=3C
[   7047] STATUS mode=3 fault=none enc=-52 denc=0 sreq=130 sapplied=130 crate=130 uimp=-39780 upos=2455 uneg=2945 ball=10.03 vball=157.26 aball=98.0 bref=0.00 pid=130.0 pref=140.0 ppos=-39.8 apid=0.0 integ=-0.0 vision=1 current=1 vframe=399 vs=1 vage=57 vpage=57 vdt=39 vmax=175 vacc=398 vrej=0 seq=0 elapsed=0 oled=3C
[   7077] STATUS mode=3 fault=none enc=-48 denc=1 sreq=130 sapplied=130 crate=130 uimp=-37180 upos=2475 uneg=2945 ball=10.03 vball=157.26 aball=98.0 bref=0.00 pid=130.0 pref=140.0 ppos=-37.2 apid=0.0 integ=-0.0 vision=1 current=1 vframe=399 vs=1 vage=77 vpage=77 vdt=39 vmax=175 vacc=398 vrej=0 seq=0 elapsed=0 oled=3C
[   7093] STATUS mode=3 fault=none enc=-41 denc=1 sreq=130 sapplied=130 crate=130 uimp=-31980 upos=2515 uneg=2945 ball=16.64 vball=103.68 aball=144.6 bref=0.00 pid=130.0 pref=140.0 ppos=-32.0 apid=0.0 integ=-0.0 vision=1 current=1 vframe=401 vs=1 vage=8 vpage=8 vdt=9 vmax=175 vacc=400 vrej=0 seq=0 elapsed=0 oled=3C
[   7125] STATUS mode=3 fault=none enc=-38 denc=0 sreq=130 sapplied=130 crate=130 uimp=-29380 upos=2535 uneg=2945 ball=20.02 vball=121.56 aball=144.6 bref=0.00 pid=130.0 pref=140.0 ppos=-29.4 apid=0.0 integ=-0.0 vision=1 current=1 vframe=402 vs=1 vage=3 vpage=3 vdt=25 vmax=175 vacc=401 vrej=0 seq=0 elapsed=0 oled=3C
[   7157] STATUS mode=3 fault=none enc=-30 denc=2 sreq=130 sapplied=130 crate=130 uimp=-24180 upos=2575 uneg=2945 ball=23.81 vball=116.72 aball=144.6 bref=0.00 pid=130.0 pref=140.0 ppos=-24.2 apid=0.0 integ=-0.0 vision=1 current=1 vframe=402 vs=1 vage=23 vpage=23 vdt=25 vmax=175 vacc=401 vrej=0 seq=0 elapsed=0 oled=3C
[   7188] STATUS mode=3 fault=none enc=-28 denc=0 sreq=130 sapplied=130 crate=130 uimp=-21580 upos=2595 uneg=2945 ball=23.81 vball=116.72 aball=144.6 bref=0.00 pid=130.0 pref=140.0 ppos=-21.6 apid=0.0 integ=-0.0 vision=1 current=1 vframe=403 vs=1 vage=31 vpage=31 vdt=32 vmax=175 vacc=402 vrej=0 seq=0 elapsed=0 oled=3C
[   7202] STATUS mode=3 fault=none enc=-24 denc=1 sreq=130 sapplied=130 crate=130 uimp=-18980 upos=2615 uneg=2945 ball=23.81 vball=116.72 aball=144.6 bref=0.00 pid=130.0 pref=140.0 ppos=-19.0 apid=0.0 integ=-0.0 vision=1 current=1 vframe=403 vs=1 vage=51 vpage=51 vdt=32 vmax=175 vacc=402 vrej=0 seq=0 elapsed=0 oled=3C
[   7234] STATUS mode=3 fault=none enc=-17 denc=1 sreq=130 sapplied=130 crate=130 uimp=-13780 upos=2655 uneg=2945 ball=23.81 vball=116.72 aball=144.6 bref=0.00 pid=130.0 pref=140.0 ppos=-13.8 apid=0.0 integ=-0.0 vision=1 current=1 vframe=403 vs=1 vage=91 vpage=91 vdt=32 vmax=175 vacc=402 vrej=0 seq=0 elapsed=0 oled=3C
[   7266] STATUS mode=3 fault=none enc=-14 denc=1 sreq=130 sapplied=130 crate=130 uimp=-11180 upos=2675 uneg=2945 ball=28.14 vball=82.23 aball=-42.6 bref=0.00 pid=130.0 pref=140.0 ppos=-11.2 apid=-0.0 integ=-0.0 vision=1 current=1 vframe=404 vs=1 vage=16 vpage=16 vdt=95 vmax=175 vacc=403 vrej=0 seq=0 elapsed=0 oled=3C
[   7282] STATUS mode=3 fault=none enc=-11 denc=1 sreq=130 sapplied=130 crate=130 uimp=-8580 upos=2695 uneg=2945 ball=32.26 vball=117.73 aball=-42.6 bref=0.00 pid=130.0 pref=140.0 ppos=-8.6 apid=-0.0 integ=-0.0 vision=1 current=1 vframe=405 vs=1 vage=13 vpage=13 vdt=23 vmax=175 vacc=404 vrej=0 seq=0 elapsed=0 oled=3C
[   7313] STATUS mode=3 fault=none enc=-5 denc=0 sreq=130 sapplied=130 crate=130 uimp=-3380 upos=2735 uneg=2945 ball=34.34 vball=92.12 aball=-42.6 bref=0.00 pid=130.0 pref=140.0 ppos=-3.4 apid=-0.0 integ=-0.0 vision=1 current=1 vframe=406 vs=1 vage=21 vpage=21 vdt=32 vmax=175 vacc=405 vrej=0 seq=0 elapsed=0 oled=3C
[   7343] STATUS mode=3 fault=none enc=-1 denc=1 sreq=130 sapplied=130 crate=130 uimp=-780 upos=2755 uneg=2945 ball=34.34 vball=92.12 aball=-42.6 bref=0.00 pid=130.0 pref=140.0 ppos=-0.8 apid=-0.0 integ=-0.0 vision=1 current=1 vframe=406 vs=1 vage=41 vpage=41 vdt=32 vmax=175 vacc=405 vrej=0 seq=0 elapsed=0 oled=3C
[   7343] >>> stop
[   7375] STATUS mode=3 fault=none enc=3 denc=1 sreq=130 sapplied=130 crate=130 uimp=1820 upos=2775 uneg=2945 ball=34.34 vball=92.12 aball=-42.6 bref=0.00 pid=130.0 pref=140.0 ppos=1.8 apid=-0.0 integ=-0.0 vision=1 current=1 vframe=406 vs=1 vage=61 vpage=61 vdt=32 vmax=175 vacc=405 vrej=0 seq=0 elapsed=0 oled=3C
[   7391] STATUS mode=1 fault=none enc=-1 denc=0 sreq=0 sapplied=0 crate=0 uimp=3770 upos=2790 uneg=2945 ball=37.37 vball=68.16 aball=0.0 bref=0.00 pid=0.0 pref=0.0 ppos=0.0 apid=0.0 integ=0.0 vision=1 current=1 vframe=407 vs=1 vage=6 vpage=6 vdt=95 vmax=175 vacc=406 vrej=0 seq=0 elapsed=0 oled=3C
[   7422] STATUS mode=1 fault=none enc=-1 denc=0 sreq=0 sapplied=0 crate=0 uimp=3770 upos=2790 uneg=2945 ball=42.23 vball=139.83 aball=0.0 bref=0.00 pid=0.0 pref=0.0 ppos=0.0 apid=0.0 integ=0.0 vision=1 current=1 vframe=408 vs=1 vage=7 vpage=7 vdt=19 vmax=175 vacc=407 vrej=0 seq=0 elapsed=0 oled=3C
[   7438] STATUS mode=1 fault=none enc=-1 denc=0 sreq=0 sapplied=0 crate=0 uimp=3770 upos=2790 uneg=2945 ball=42.23 vball=139.83 aball=0.0 bref=0.00 pid=0.0 pref=0.0 ppos=0.0 apid=0.0 integ=0.0 vision=1 current=1 vframe=408 vs=1 vage=27 vpage=27 vdt=19 vmax=175 vacc=407 vrej=0 seq=0 elapsed=0 oled=3C
[   7468] STATUS mode=1 fault=none enc=-1 denc=0 sreq=0 sapplied=0 crate=0 uimp=3770 upos=2790 uneg=2945 ball=44.50 vball=106.57 aball=0.0 bref=0.00 pid=0.0 pref=0.0 ppos=0.0 apid=0.0 integ=0.0 vision=1 current=1 vframe=409 vs=1 vage=13 vpage=13 vdt=34 vmax=175 vacc=408 vrej=0 seq=0 elapsed=0 oled=3C
[   7500] STATUS mode=1 fault=none enc=-1 denc=0 sreq=0 sapplied=0 crate=0 uimp=3770 upos=2790 uneg=2945 ball=44.50 vball=106.57 aball=0.0 bref=0.00 pid=0.0 pref=0.0 ppos=0.0 apid=0.0 integ=0.0 vision=1 current=1 vframe=409 vs=1 vage=53 vpage=53 vdt=34 vmax=175 vacc=408 vrej=0 seq=0 elapsed=0 oled=3C
[   7516] STATUS mode=1 fault=none enc=-1 denc=0 sreq=0 sapplied=0 crate=0 uimp=3770 upos=2790 uneg=2945 ball=44.50 vball=106.57 aball=0.0 bref=0.00 pid=0.0 pref=0.0 ppos=0.0 apid=0.0 integ=0.0 vision=1 current=1 vframe=409 vs=1 vage=73 vpage=73 vdt=34 vmax=175 vacc=408 vrej=0 seq=0 elapsed=0 oled=3C
[   7547] STATUS mode=1 fault=none enc=-1 denc=0 sreq=0 sapplied=0 crate=0 uimp=3770 upos=2790 uneg=2945 ball=44.50 vball=106.57 aball=0.0 bref=0.00 pid=0.0 pref=0.0 ppos=0.0 apid=0.0 integ=0.0 vision=1 current=1 vframe=409 vs=1 vage=93 vpage=93 vdt=34 vmax=175 vacc=408 vrej=0 seq=0 elapsed=0 oled=3C
[   7577] STATUS mode=1 fault=none enc=-1 denc=0 sreq=0 sapplied=0 crate=0 uimp=3770 upos=2790 uneg=2945 ball=47.15 vball=71.26 aball=0.0 bref=0.00 pid=0.0 pref=0.0 ppos=0.0 apid=0.0 integ=0.0 vision=1 current=1 vframe=410 vs=1 vage=16 vpage=16 vdt=97 vmax=175 vacc=409 vrej=0 seq=0 elapsed=0 oled=3C
[   7593] STATUS mode=1 fault=none enc=-1 denc=0 sreq=0 sapplied=0 crate=0 uimp=3770 upos=2790 uneg=2945 ball=50.43 vball=60.73 aball=0.0 bref=0.00 pid=0.0 pref=0.0 ppos=0.0 apid=0.0 integ=0.0 vision=1 current=1 vframe=412 vs=1 vage=2 vpage=2 vdt=33 vmax=175 vacc=411 vrej=0 seq=0 elapsed=0 oled=3C
[   7625] STATUS mode=1 fault=none enc=-1 denc=0 sreq=0 sapplied=0 crate=0 uimp=3770 upos=2790 uneg=2945 ball=50.43 vball=60.73 aball=0.0 bref=0.00 pid=0.0 pref=0.0 ppos=0.0 apid=0.0 integ=0.0 vision=1 current=1 vframe=412 vs=1 vage=22 vpage=22 vdt=33 vmax=175 vacc=411 vrej=0 seq=0 elapsed=0 oled=3C
[   7641] STATUS mode=1 fault=none enc=-1 denc=0 sreq=0 sapplied=0 crate=0 uimp=3770 upos=2790 uneg=2945 ball=50.43 vball=60.73 aball=0.0 bref=0.00 pid=0.0 pref=0.0 ppos=0.0 apid=0.0 integ=0.0 vision=1 current=1 vframe=412 vs=1 vage=42 vpage=42 vdt=33 vmax=175 vacc=411 vrej=0 seq=0 elapsed=0 oled=3C
[   7672] STATUS mode=1 fault=none enc=-1 denc=0 sreq=0 sapplied=0 crate=0 uimp=3770 upos=2790 uneg=2945 ball=50.43 vball=60.73 aball=0.0 bref=0.00 pid=0.0 pref=0.0 ppos=0.0 apid=0.0 integ=0.0 vision=1 current=1 vframe=412 vs=1 vage=82 vpage=82 vdt=33 vmax=175 vacc=411 vrej=0 seq=0 elapsed=0 oled=3C
[   7702] STATUS mode=1 fault=none enc=-1 denc=0 sreq=0 sapplied=0 crate=0 uimp=3770 upos=2790 uneg=2945 ball=52.74 vball=44.54 aball=0.0 bref=0.00 pid=0.0 pref=0.0 ppos=0.0 apid=0.0 integ=0.0 vision=1 current=1 vframe=413 vs=1 vage=4 vpage=4 vdt=98 vmax=175 vacc=412 vrej=0 seq=0 elapsed=0 oled=3C
[   7702] >>> stream off
[   7718] STATUS mode=1 fault=none enc=-1 denc=0 sreq=0 sapplied=0 crate=0 uimp=3770 upos=2790 uneg=2945 ball=52.74 vball=44.54 aball=0.0 bref=0.00 pid=0.0 pref=0.0 ppos=0.0 apid=0.0 integ=0.0 vision=1 current=1 vframe=413 vs=1 vage=24 vpage=24 vdt=98 vmax=175 vacc=412 vrej=0 seq=0 elapsed=0 oled=3C
[   7718] OK stream off
[   7907] STOP_REASON time_limit
