[      0] >>> bench on
[     16] OK stepper visual-only bench active; command pose preserved
[    202] >>> clear
[    202] OK fault cleared
[    391] >>> diag reset
[    391] OK actuator diagnostics reset
[    577] >>> gain ball 4.0 10.0 2.8 -1
[    577] OK ball gains kp=4.000 ki=10.000 kd=2.800 sign=-1
[    766] >>> gain accel 0.0
[    766] OK ball acceleration gain ka=0.000
[    952] >>> limit rate 800
[    952] OK ball rate limit=800 steps/s
[   1141] >>> stream on 20
[   1141] OK stream on 20 ms
[   1187] STATUS mode=1 fault=none enc=-9 denc=0 sreq=0 sapplied=0 crate=0 uimp=0 upos=0 uneg=0 ball=-125.00 vball=-0.00 aball=0.0 bref=0.00 pid=0.0 pref=0.0 ppos=0.0 apid=0.0 integ=0.0 vision=1 current=1 vframe=479 vs=1 vage=10 vpage=10 vdt=33 vmax=135 vacc=479 vrej=0 seq=0 elapsed=0 oled=3C
[   1218] STATUS mode=1 fault=none enc=-9 denc=0 sreq=0 sapplied=0 crate=0 uimp=0 upos=0 uneg=0 ball=-125.00 vball=-0.00 aball=0.0 bref=0.00 pid=0.0 pref=0.0 ppos=0.0 apid=0.0 integ=0.0 vision=1 current=1 vframe=479 vs=1 vage=30 vpage=30 vdt=33 vmax=135 vacc=479 vrej=0 seq=0 elapsed=0 oled=3C
[   1234] STATUS mode=1 fault=none enc=-9 denc=0 sreq=0 sapplied=0 crate=0 uimp=0 upos=0 uneg=0 ball=-125.00 vball=-0.00 aball=0.0 bref=0.00 pid=0.0 pref=0.0 ppos=0.0 apid=0.0 integ=0.0 vision=1 current=1 vframe=479 vs=1 vage=50 vpage=50 vdt=33 vmax=135 vacc=479 vrej=0 seq=0 elapsed=0 oled=3C
[   1266] STATUS mode=1 fault=none enc=-9 denc=0 sreq=0 sapplied=0 crate=0 uimp=0 upos=0 uneg=0 ball=-125.00 vball=-0.00 aball=0.0 bref=0.00 pid=0.0 pref=0.0 ppos=0.0 apid=0.0 integ=0.0 vision=1 current=1 vframe=479 vs=1 vage=70 vpage=70 vdt=33 vmax=135 vacc=479 vrej=0 seq=0 elapsed=0 oled=3C
[   1280] STATUS mode=1 fault=none enc=-9 denc=0 sreq=0 sapplied=0 crate=0 uimp=0 upos=0 uneg=0 ball=-125.00 vball=-0.00 aball=0.0 bref=0.00 pid=0.0 pref=0.0 ppos=0.0 apid=0.0 integ=0.0 vision=1 current=1 vframe=479 vs=1 vage=90 vpage=90 vdt=33 vmax=135 vacc=479 vrej=0 seq=0 elapsed=0 oled=3C
[   1312] STATUS mode=1 fault=none enc=-9 denc=0 sreq=0 sapplied=0 crate=0 uimp=0 upos=0 uneg=0 ball=-125.00 vball=-0.00 aball=0.0 bref=0.00 pid=0.0 pref=0.0 ppos=0.0 apid=0.0 integ=0.0 vision=1 current=1 vframe=481 vs=1 vage=12 vpage=12 vdt=24 vmax=135 vacc=481 vrej=0 seq=0 elapsed=0 oled=3C
[   1312] >>> ball 0.0
[   1327] STATUS mode=1 fault=none enc=-9 denc=0 sreq=0 sapplied=0 crate=0 uimp=0 upos=0 uneg=0 ball=-125.00 vball=-0.00 aball=0.0 bref=0.00 pid=0.0 pref=0.0 ppos=0.0 apid=0.0 integ=0.0 vision=1 current=1 vframe=481 vs=1 vage=32 vpage=32 vdt=24 vmax=135 vacc=481 vrej=0 seq=0 elapsed=0 oled=3C
[   1359] STATUS mode=3 fault=none enc=-1 denc=2 sreq=-200 sapplied=-200 crate=-200 uimp=0 upos=0 uneg=0 ball=-125.00 vball=-0.00 aball=0.0 bref=0.00 pid=-400.0 pref=-1200.0 ppos=0.0 apid=0.0 integ=0.0 vision=1 current=1 vframe=482 vs=1 vage=17 vpage=17 vdt=35 vmax=135 vacc=482 vrej=0 seq=0 elapsed=0 oled=3C
[   1391] STATUS mode=3 fault=none enc=-6 denc=-2 sreq=-400 sapplied=-400 crate=-400 uimp=-6500 upos=0 uneg=20 ball=-125.00 vball=-0.00 aball=0.0 bref=0.00 pid=-400.0 pref=-1200.0 ppos=-6.5 apid=0.0 integ=0.0 vision=1 current=1 vframe=482 vs=1 vage=37 vpage=37 vdt=35 vmax=135 vacc=482 vrej=0 seq=0 elapsed=0 oled=3C
[   1421] STATUS mode=3 fault=none enc=-26 denc=-2 sreq=-400 sapplied=-400 crate=-400 uimp=-22500 upos=0 uneg=60 ball=-125.00 vball=-0.00 aball=0.0 bref=0.00 pid=-400.0 pref=-1200.0 ppos=-22.5 apid=0.0 integ=0.0 vision=1 current=1 vframe=482 vs=1 vage=77 vpage=77 vdt=35 vmax=135 vacc=482 vrej=0 seq=0 elapsed=0 oled=3C
[   1437] STATUS mode=3 fault=none enc=-36 denc=-2 sreq=-400 sapplied=-400 crate=-400 uimp=-30500 upos=0 uneg=80 ball=-125.00 vball=-0.00 aball=0.0 bref=0.00 pid=-400.0 pref=-1200.0 ppos=-30.5 apid=0.0 integ=0.0 vision=1 current=1 vframe=482 vs=1 vage=97 vpage=97 vdt=35 vmax=135 vacc=482 vrej=0 seq=0 elapsed=0 oled=3C
[   1468] STATUS mode=3 fault=none enc=-57 denc=-3 sreq=-400 sapplied=-400 crate=-400 uimp=-46500 upos=0 uneg=120 ball=-125.00 vball=-0.00 aball=0.0 bref=0.00 pid=-400.0 pref=-1200.0 ppos=-46.5 apid=0.0 integ=0.0 vision=1 current=1 vframe=484 vs=1 vage=4 vpage=4 vdt=31 vmax=135 vacc=484 vrej=0 seq=0 elapsed=0 oled=3C
[   1500] STATUS mode=3 fault=none enc=-67 denc=-2 sreq=-400 sapplied=-400 crate=-400 uimp=-54500 upos=0 uneg=140 ball=-125.00 vball=-0.00 aball=0.0 bref=0.00 pid=-400.0 pref=-1200.0 ppos=-54.5 apid=0.0 integ=0.0 vision=1 current=1 vframe=484 vs=1 vage=24 vpage=24 vdt=31 vmax=135 vacc=484 vrej=0 seq=0 elapsed=0 oled=3C
[   1530] STATUS mode=3 fault=none enc=-77 denc=-2 sreq=-400 sapplied=-400 crate=-400 uimp=-62500 upos=0 uneg=160 ball=-125.00 vball=-0.00 aball=0.0 bref=0.00 pid=-400.0 pref=-1200.0 ppos=-62.5 apid=0.0 integ=0.0 vision=1 current=1 vframe=485 vs=1 vage=12 vpage=12 vdt=32 vmax=135 vacc=485 vrej=0 seq=0 elapsed=0 oled=3C
[   1546] STATUS mode=3 fault=none enc=-98 denc=-2 sreq=-400 sapplied=-400 crate=-400 uimp=-78500 upos=0 uneg=200 ball=-125.00 vball=-0.00 aball=0.0 bref=0.00 pid=-400.0 pref=-1200.0 ppos=-78.5 apid=0.0 integ=0.0 vision=1 current=1 vframe=485 vs=1 vage=52 vpage=52 vdt=32 vmax=135 vacc=485 vrej=0 seq=0 elapsed=0 oled=3C
[   1577] STATUS mode=3 fault=none enc=-108 denc=-2 sreq=-400 sapplied=-400 crate=-400 uimp=-86500 upos=0 uneg=220 ball=-125.00 vball=-0.00 aball=0.0 bref=0.00 pid=-400.0 pref=-1200.0 ppos=-86.5 apid=0.0 integ=0.0 vision=1 current=1 vframe=485 vs=1 vage=72 vpage=72 vdt=32 vmax=135 vacc=485 vrej=0 seq=0 elapsed=0 oled=3C
[   1609] STATUS mode=3 fault=none enc=-118 denc=-2 sreq=-400 sapplied=-400 crate=-400 uimp=-94500 upos=0 uneg=240 ball=-125.00 vball=-0.00 aball=0.0 bref=0.00 pid=-400.0 pref=-1200.0 ppos=-94.5 apid=0.0 integ=0.0 vision=1 current=1 vframe=485 vs=1 vage=92 vpage=92 vdt=32 vmax=135 vacc=485 vrej=0 seq=0 elapsed=0 oled=3C
[   1641] STATUS mode=3 fault=none enc=-139 denc=-2 sreq=-400 sapplied=-400 crate=-400 uimp=-110500 upos=0 uneg=280 ball=-125.00 vball=-0.00 aball=0.0 bref=0.00 pid=-400.0 pref=-1200.0 ppos=-110.5 apid=0.0 integ=0.0 vision=1 current=1 vframe=487 vs=1 vage=16 vpage=16 vdt=24 vmax=135 vacc=487 vrej=0 seq=0 elapsed=0 oled=3C
[   1655] STATUS mode=3 fault=none enc=-149 denc=-2 sreq=-400 sapplied=-400 crate=-400 uimp=-118500 upos=0 uneg=300 ball=-125.00 vball=-0.00 aball=0.0 bref=0.00 pid=-400.0 pref=-1200.0 ppos=-118.5 apid=0.0 integ=0.0 vision=1 current=0 vframe=488 vs=0 vage=36 vpage=4 vdt=24 vmax=135 vacc=487 vrej=0 seq=0 elapsed=0 oled=3C
[   1687] STATUS mode=3 fault=none enc=-160 denc=-3 sreq=-400 sapplied=-400 crate=-400 uimp=-126500 upos=0 uneg=320 ball=-125.00 vball=-0.00 aball=0.0 bref=0.00 pid=-400.0 pref=-1200.0 ppos=-126.5 apid=0.0 integ=0.0 vision=1 current=0 vframe=488 vs=0 vage=56 vpage=24 vdt=24 vmax=135 vacc=487 vrej=0 seq=0 elapsed=0 oled=3C
[   1718] STATUS mode=3 fault=none enc=-180 denc=-2 sreq=-400 sapplied=-400 crate=-400 uimp=-142500 upos=0 uneg=360 ball=-125.00 vball=-0.00 aball=0.0 bref=0.00 pid=-400.0 pref=-1200.0 ppos=-142.5 apid=0.0 integ=0.0 vision=1 current=0 vframe=488 vs=0 vage=96 vpage=64 vdt=24 vmax=135 vacc=487 vrej=0 seq=0 elapsed=0 oled=3C
[   1734] STATUS mode=3 fault=none enc=-190 denc=-2 sreq=-400 sapplied=-400 crate=-400 uimp=-150500 upos=0 uneg=380 ball=-125.00 vball=-0.00 aball=0.0 bref=0.00 pid=-400.0 pref=-1200.0 ppos=-150.5 apid=0.0 integ=0.0 vision=1 current=0 vframe=488 vs=0 vage=116 vpage=84 vdt=24 vmax=135 vacc=487 vrej=0 seq=0 elapsed=0 oled=3C
[   1766] STATUS mode=3 fault=none enc=-200 denc=-2 sreq=-400 sapplied=-400 crate=-400 uimp=-158500 upos=0 uneg=400 ball=-125.00 vball=-0.00 aball=0.0 bref=0.00 pid=-400.0 pref=-1200.0 ppos=-158.5 apid=0.0 integ=0.0 vision=1 current=1 vframe=489 vs=1 vage=10 vpage=10 vdt=126 vmax=135 vacc=488 vrej=0 seq=0 elapsed=0 oled=3C
[   1796] STATUS mode=3 fault=none enc=-221 denc=-2 sreq=-400 sapplied=-400 crate=-400 uimp=-174500 upos=0 uneg=440 ball=-125.00 vball=-0.00 aball=0.0 bref=0.00 pid=-400.0 pref=-1200.0 ppos=-174.5 apid=0.0 integ=0.0 vision=1 current=1 vframe=490 vs=1 vage=25 vpage=25 vdt=25 vmax=135 vacc=489 vrej=0 seq=0 elapsed=0 oled=3C
[   1827] STATUS mode=3 fault=none enc=-231 denc=-2 sreq=-400 sapplied=-400 crate=-400 uimp=-182500 upos=0 uneg=460 ball=-125.00 vball=-0.00 aball=0.0 bref=0.00 pid=-400.0 pref=-1200.0 ppos=-182.5 apid=0.0 integ=0.0 vision=1 current=1 vframe=491 vs=1 vage=12 vpage=12 vdt=33 vmax=135 vacc=490 vrej=0 seq=0 elapsed=0 oled=3C
[   1859] STATUS mode=3 fault=none enc=-252 denc=-3 sreq=-400 sapplied=-400 crate=-400 uimp=-198500 upos=0 uneg=500 ball=-125.00 vball=-0.00 aball=0.0 bref=0.00 pid=-400.0 pref=-1200.0 ppos=-198.5 apid=0.0 integ=0.0 vision=1 current=1 vframe=491 vs=1 vage=52 vpage=52 vdt=33 vmax=135 vacc=490 vrej=0 seq=0 elapsed=0 oled=3C
[   1875] STATUS mode=3 fault=none enc=-262 denc=-3 sreq=-400 sapplied=-400 crate=-400 uimp=-206500 upos=0 uneg=520 ball=-125.00 vball=-0.00 aball=0.0 bref=0.00 pid=-400.0 pref=-1200.0 ppos=-206.5 apid=0.0 integ=0.0 vision=1 current=1 vframe=491 vs=1 vage=72 vpage=72 vdt=33 vmax=135 vacc=490 vrej=0 seq=0 elapsed=0 oled=3C
[   1905] STATUS mode=3 fault=none enc=-272 denc=-3 sreq=-400 sapplied=-400 crate=-400 uimp=-214500 upos=0 uneg=540 ball=-125.00 vball=-0.00 aball=0.0 bref=0.00 pid=-400.0 pref=-1200.0 ppos=-214.5 apid=0.0 integ=0.0 vision=1 current=1 vframe=491 vs=1 vage=92 vpage=92 vdt=33 vmax=135 vacc=490 vrej=0 seq=0 elapsed=0 oled=3C
[   1937] STATUS mode=3 fault=none enc=-292 denc=-2 sreq=-400 sapplied=-400 crate=-400 uimp=-230500 upos=0 uneg=580 ball=-125.00 vball=-0.00 aball=0.0 bref=0.00 pid=-400.0 pref=-1200.0 ppos=-230.5 apid=0.0 integ=0.0 vision=1 current=1 vframe=493 vs=1 vage=15 vpage=15 vdt=25 vmax=135 vacc=492 vrej=0 seq=0 elapsed=0 oled=3C
[   1952] STATUS mode=3 fault=none enc=-303 denc=-2 sreq=-400 sapplied=-400 crate=-400 uimp=-238500 upos=0 uneg=600 ball=-125.00 vball=-0.00 aball=0.0 bref=0.00 pid=-400.0 pref=-1200.0 ppos=-238.5 apid=0.0 integ=0.0 vision=1 current=1 vframe=494 vs=1 vage=3 vpage=3 vdt=32 vmax=135 vacc=493 vrej=0 seq=0 elapsed=0 oled=3C
[   1984] STATUS mode=3 fault=none enc=-313 denc=-2 sreq=-400 sapplied=-400 crate=-400 uimp=-246500 upos=0 uneg=620 ball=-125.00 vball=-0.00 aball=0.0 bref=0.00 pid=-400.0 pref=-1200.0 ppos=-246.5 apid=0.0 integ=0.0 vision=1 current=1 vframe=494 vs=1 vage=23 vpage=23 vdt=32 vmax=135 vacc=493 vrej=0 seq=0 elapsed=0 oled=3C
[   2016] STATUS mode=3 fault=none enc=-333 denc=-2 sreq=-400 sapplied=-400 crate=-400 uimp=-262500 upos=0 uneg=660 ball=-125.00 vball=-0.00 aball=0.0 bref=0.00 pid=-400.0 pref=-1200.0 ppos=-262.5 apid=0.0 integ=0.0 vision=1 current=1 vframe=494 vs=1 vage=63 vpage=63 vdt=32 vmax=135 vacc=493 vrej=0 seq=0 elapsed=0 oled=3C
[   2046] STATUS mode=3 fault=none enc=-343 denc=-2 sreq=-400 sapplied=-400 crate=-400 uimp=-270500 upos=0 uneg=680 ball=-125.00 vball=-0.00 aball=0.0 bref=0.00 pid=-400.0 pref=-1200.0 ppos=-270.5 apid=0.0 integ=0.0 vision=1 current=1 vframe=494 vs=1 vage=83 vpage=83 vdt=32 vmax=135 vacc=493 vrej=0 seq=0 elapsed=0 oled=3C
[   2062] STATUS mode=3 fault=none enc=-363 denc=-3 sreq=-400 sapplied=-400 crate=-400 uimp=-286500 upos=0 uneg=720 ball=-125.00 vball=-0.00 aball=0.0 bref=0.00 pid=-400.0 pref=-1200.0 ppos=-286.5 apid=0.0 integ=0.0 vision=1 current=1 vframe=496 vs=1 vage=7 vpage=7 vdt=23 vmax=135 vacc=495 vrej=0 seq=0 elapsed=0 oled=3C
[   2093] STATUS mode=3 fault=none enc=-373 denc=-2 sreq=-400 sapplied=-400 crate=-400 uimp=-294500 upos=0 uneg=740 ball=-125.00 vball=-0.00 aball=0.0 bref=0.00 pid=-400.0 pref=-1200.0 ppos=-294.5 apid=0.0 integ=0.0 vision=1 current=1 vframe=496 vs=1 vage=27 vpage=27 vdt=23 vmax=135 vacc=495 vrej=0 seq=0 elapsed=0 oled=3C
[   2125] STATUS mode=3 fault=none enc=-384 denc=-3 sreq=-400 sapplied=-400 crate=-400 uimp=-302500 upos=0 uneg=760 ball=-125.00 vball=-0.00 aball=0.0 bref=0.00 pid=-400.0 pref=-1200.0 ppos=-302.5 apid=0.0 integ=0.0 vision=1 current=1 vframe=497 vs=1 vage=11 vpage=11 vdt=36 vmax=135 vacc=496 vrej=0 seq=0 elapsed=0 oled=3C
[   2155] STATUS mode=3 fault=none enc=-403 denc=-2 sreq=-400 sapplied=-400 crate=-400 uimp=-318500 upos=0 uneg=800 ball=-125.00 vball=-0.00 aball=0.0 bref=0.00 pid=-400.0 pref=-1200.0 ppos=-318.5 apid=0.0 integ=0.0 vision=1 current=1 vframe=497 vs=1 vage=51 vpage=51 vdt=36 vmax=135 vacc=496 vrej=0 seq=0 elapsed=0 oled=3C
[   2171] STATUS mode=3 fault=none enc=-413 denc=-2 sreq=-400 sapplied=-400 crate=-400 uimp=-326500 upos=0 uneg=820 ball=-125.00 vball=-0.00 aball=0.0 bref=0.00 pid=-400.0 pref=-1200.0 ppos=-326.5 apid=0.0 integ=0.0 vision=1 current=1 vframe=497 vs=1 vage=71 vpage=71 vdt=36 vmax=135 vacc=496 vrej=0 seq=0 elapsed=0 oled=3C
[   2202] STATUS mode=3 fault=none enc=-424 denc=-3 sreq=-400 sapplied=-400 crate=-400 uimp=-334500 upos=0 uneg=840 ball=-125.00 vball=-0.00 aball=0.0 bref=0.00 pid=-400.0 pref=-1200.0 ppos=-334.5 apid=0.0 integ=0.0 vision=1 current=1 vframe=497 vs=1 vage=91 vpage=91 vdt=36 vmax=135 vacc=496 vrej=0 seq=0 elapsed=0 oled=3C
[   2234] STATUS mode=3 fault=none enc=-443 denc=-2 sreq=-400 sapplied=-400 crate=-400 uimp=-350500 upos=0 uneg=880 ball=-125.00 vball=-0.00 aball=0.0 bref=0.00 pid=-400.0 pref=-1200.0 ppos=-350.5 apid=0.0 integ=0.0 vision=1 current=1 vframe=499 vs=1 vage=16 vpage=16 vdt=22 vmax=135 vacc=498 vrej=0 seq=0 elapsed=0 oled=3C
[   2266] STATUS mode=3 fault=none enc=-454 denc=-3 sreq=-400 sapplied=-400 crate=-400 uimp=-358500 upos=0 uneg=900 ball=-125.00 vball=-0.00 aball=0.0 bref=0.00 pid=-400.0 pref=-1200.0 ppos=-358.5 apid=0.0 integ=0.0 vision=1 current=1 vframe=500 vs=1 vage=3 vpage=3 vdt=33 vmax=135 vacc=499 vrej=0 seq=0 elapsed=0 oled=3C
[   2296] STATUS mode=3 fault=none enc=-464 denc=-3 sreq=-400 sapplied=-400 crate=-400 uimp=-366500 upos=0 uneg=920 ball=-125.00 vball=-0.00 aball=0.0 bref=0.00 pid=-400.0 pref=-1200.0 ppos=-366.5 apid=0.0 integ=0.0 vision=1 current=1 vframe=500 vs=1 vage=23 vpage=23 vdt=33 vmax=135 vacc=499 vrej=0 seq=0 elapsed=0 oled=3C
[   2312] STATUS mode=3 fault=none enc=-483 denc=-2 sreq=-400 sapplied=-400 crate=-400 uimp=-382500 upos=0 uneg=960 ball=-125.00 vball=-0.00 aball=0.0 bref=0.00 pid=-400.0 pref=-1200.0 ppos=-382.5 apid=0.0 integ=0.0 vision=1 current=1 vframe=500 vs=1 vage=63 vpage=63 vdt=33 vmax=135 vacc=499 vrej=0 seq=0 elapsed=0 oled=3C
[   2343] STATUS mode=3 fault=none enc=-494 denc=-3 sreq=-400 sapplied=-400 crate=-400 uimp=-390500 upos=0 uneg=980 ball=-125.00 vball=-0.00 aball=0.0 bref=0.00 pid=-400.0 pref=-1200.0 ppos=-390.5 apid=0.0 integ=0.0 vision=1 current=1 vframe=500 vs=1 vage=83 vpage=83 vdt=33 vmax=135 vacc=499 vrej=0 seq=0 elapsed=0 oled=3C
[   2375] STATUS mode=3 fault=none enc=-513 denc=-2 sreq=-400 sapplied=-400 crate=-400 uimp=-406500 upos=0 uneg=1020 ball=-121.33 vball=80.19 aball=0.0 bref=0.00 pid=-400.0 pref=-1200.0 ppos=-406.5 apid=0.0 integ=0.0 vision=1 current=1 vframe=502 vs=1 vage=3 vpage=3 vdt=24 vmax=135 vacc=501 vrej=0 seq=0 elapsed=0 oled=3C
[   2391] STATUS mode=3 fault=none enc=-520 denc=-1 sreq=0 sapplied=0 crate=0 uimp=-411500 upos=0 uneg=1040 ball=-121.33 vball=80.19 aball=0.0 bref=0.00 pid=800.0 pref=-260.8 ppos=-411.5 apid=0.0 integ=-0.0 vision=1 current=1 vframe=502 vs=1 vage=23 vpage=23 vdt=24 vmax=135 vacc=501 vrej=0 seq=0 elapsed=0 oled=3C
[   2421] STATUS mode=3 fault=none enc=-519 denc=2 sreq=400 sapplied=400 crate=400 uimp=-409000 upos=10 uneg=1040 ball=-119.10 vball=75.33 aball=0.0 bref=0.00 pid=800.0 pref=-265.5 ppos=-409.0 apid=0.0 integ=-0.0 vision=1 current=1 vframe=503 vs=1 vage=11 vpage=11 vdt=32 vmax=135 vacc=502 vrej=0 seq=0 elapsed=0 oled=3C
[   2452] STATUS mode=3 fault=none enc=-485 denc=5 sreq=800 sapplied=800 crate=800 uimp=-382000 upos=50 uneg=1040 ball=-119.10 vball=75.33 aball=0.0 bref=0.00 pid=800.0 pref=-265.5 ppos=-382.0 apid=0.0 integ=-0.0 vision=1 current=1 vframe=503 vs=1 vage=51 vpage=51 vdt=32 vmax=135 vacc=502 vrej=0 seq=0 elapsed=0 oled=3C
[   2484] STATUS mode=3 fault=none enc=-465 denc=5 sreq=800 sapplied=800 crate=800 uimp=-366000 upos=70 uneg=1040 ball=-119.10 vball=75.33 aball=0.0 bref=0.00 pid=800.0 pref=-265.5 ppos=-366.0 apid=0.0 integ=-0.0 vision=1 current=1 vframe=503 vs=1 vage=71 vpage=71 vdt=32 vmax=135 vacc=502 vrej=0 seq=0 elapsed=0 oled=3C
[   2500] STATUS mode=3 fault=none enc=-444 denc=6 sreq=800 sapplied=800 crate=800 uimp=-350000 upos=90 uneg=1040 ball=-119.10 vball=75.33 aball=0.0 bref=0.00 pid=800.0 pref=-265.5 ppos=-350.0 apid=0.0 integ=-0.0 vision=1 current=1 vframe=503 vs=1 vage=91 vpage=91 vdt=32 vmax=135 vacc=502 vrej=0 seq=0 elapsed=0 oled=3C
[   2530] STATUS mode=3 fault=none enc=-407 denc=5 sreq=800 sapplied=800 crate=800 uimp=-320535 upos=130 uneg=1040 ball=-107.52 vball=201.18 aball=200.6 bref=0.00 pid=800.0 pref=133.2 ppos=-320.5 apid=0.0 integ=-0.0 vision=1 current=1 vframe=505 vs=1 vage=14 vpage=14 vdt=20 vmax=135 vacc=504 vrej=0 seq=0 elapsed=0 oled=3C
[   2562] STATUS mode=3 fault=none enc=-388 denc=4 sreq=800 sapplied=800 crate=800 uimp=-304535 upos=150 uneg=1040 ball=-102.81 vball=172.95 aball=200.6 bref=0.00 pid=800.0 pref=133.2 ppos=-304.5 apid=0.0 integ=-0.0 vision=1 current=1 vframe=506 vs=1 vage=1 vpage=1 vdt=33 vmax=135 vacc=505 vrej=0 seq=0 elapsed=0 oled=3C
[   2593] STATUS mode=3 fault=none enc=-366 denc=6 sreq=800 sapplied=800 crate=800 uimp=-288535 upos=170 uneg=1040 ball=-102.81 vball=172.95 aball=200.6 bref=0.00 pid=800.0 pref=73.0 ppos=-288.5 apid=0.0 integ=-0.0 vision=1 current=1 vframe=506 vs=1 vage=21 vpage=21 vdt=33 vmax=135 vacc=505 vrej=0 seq=0 elapsed=0 oled=3C
[   2609] STATUS mode=3 fault=none enc=-326 denc=6 sreq=800 sapplied=800 crate=800 uimp=-256535 upos=210 uneg=1040 ball=-102.81 vball=172.95 aball=200.6 bref=0.00 pid=800.0 pref=73.0 ppos=-256.5 apid=0.0 integ=-0.0 vision=1 current=1 vframe=506 vs=1 vage=61 vpage=61 vdt=33 vmax=135 vacc=505 vrej=0 seq=0 elapsed=0 oled=3C
[   2641] STATUS mode=3 fault=none enc=-307 denc=5 sreq=800 sapplied=800 crate=800 uimp=-240535 upos=230 uneg=1040 ball=-102.81 vball=172.95 aball=200.6 bref=0.00 pid=800.0 pref=73.0 ppos=-240.5 apid=0.0 integ=-0.0 vision=1 current=1 vframe=506 vs=1 vage=81 vpage=81 vdt=33 vmax=135 vacc=505 vrej=0 seq=0 elapsed=0 oled=3C
[   2671] STATUS mode=3 fault=none enc=-285 denc=6 sreq=800 sapplied=800 crate=800 uimp=-224535 upos=250 uneg=1040 ball=-96.22 vball=129.47 aball=297.9 bref=0.00 pid=800.0 pref=-22.4 ppos=-224.5 apid=0.0 integ=-0.0 vision=1 current=1 vframe=507 vs=1 vage=7 vpage=7 vdt=94 vmax=135 vacc=506 vrej=0 seq=0 elapsed=0 oled=3C
[   2702] STATUS mode=3 fault=none enc=-245 denc=5 sreq=800 sapplied=800 crate=800 uimp=-192535 upos=290 uneg=1040 ball=-90.78 vball=162.24 aball=297.9 bref=0.00 pid=800.0 pref=91.2 ppos=-192.5 apid=0.0 integ=-0.0 vision=1 current=1 vframe=508 vs=1 vage=26 vpage=26 vdt=21 vmax=135 vacc=507 vrej=0 seq=0 elapsed=0 oled=3C
[   2718] STATUS mode=3 fault=none enc=-225 denc=5 sreq=800 sapplied=800 crate=800 uimp=-176535 upos=310 uneg=1040 ball=-82.29 vball=203.84 aball=297.9 bref=0.00 pid=800.0 pref=241.6 ppos=-176.5 apid=0.0 integ=-0.0 vision=1 current=1 vframe=509 vs=1 vage=13 vpage=13 vdt=33 vmax=135 vacc=508 vrej=0 seq=0 elapsed=0 oled=3C
[   2750] STATUS mode=3 fault=none enc=-183 denc=6 sreq=800 sapplied=800 crate=800 uimp=-144535 upos=350 uneg=1040 ball=-82.29 vball=203.84 aball=297.9 bref=0.00 pid=800.0 pref=241.6 ppos=-144.5 apid=0.0 integ=-0.0 vision=1 current=1 vframe=509 vs=1 vage=53 vpage=53 vdt=33 vmax=135 vacc=508 vrej=0 seq=0 elapsed=0 oled=3C
[   2780] STATUS mode=3 fault=none enc=-163 denc=5 sreq=800 sapplied=800 crate=800 uimp=-128535 upos=370 uneg=1040 ball=-82.29 vball=203.84 aball=297.9 bref=0.00 pid=800.0 pref=241.6 ppos=-128.5 apid=0.0 integ=-0.0 vision=1 current=1 vframe=509 vs=1 vage=73 vpage=73 vdt=33 vmax=135 vacc=508 vrej=0 seq=0 elapsed=0 oled=3C
[   2812] STATUS mode=3 fault=none enc=-143 denc=5 sreq=800 sapplied=800 crate=800 uimp=-112535 upos=390 uneg=1040 ball=-82.29 vball=203.84 aball=297.9 bref=0.00 pid=800.0 pref=241.6 ppos=-112.5 apid=0.0 integ=-0.0 vision=1 current=1 vframe=509 vs=1 vage=93 vpage=93 vdt=33 vmax=135 vacc=508 vrej=0 seq=0 elapsed=0 oled=3C
[   2827] STATUS mode=3 fault=none enc=-102 denc=5 sreq=800 sapplied=800 crate=800 uimp=-80535 upos=430 uneg=1040 ball=-67.93 vball=187.54 aball=255.9 bref=0.00 pid=800.0 pref=253.4 ppos=-80.5 apid=0.0 integ=-0.0 vision=1 current=1 vframe=511 vs=1 vage=16 vpage=16 vdt=21 vmax=135 vacc=510 vrej=0 seq=0 elapsed=0 oled=3C
[   2859] STATUS mode=3 fault=none enc=-82 denc=5 sreq=800 sapplied=800 crate=800 uimp=-64535 upos=450 uneg=1040 ball=-59.07 vball=221.81 aball=255.9 bref=0.00 pid=800.0 pref=253.4 ppos=-64.5 apid=0.0 integ=-0.0 vision=1 current=1 vframe=512 vs=1 vage=3 vpage=3 vdt=33 vmax=135 vacc=511 vrej=0 seq=0 elapsed=0 oled=3C
[   2891] STATUS mode=3 fault=none enc=-62 denc=5 sreq=800 sapplied=800 crate=800 uimp=-48535 upos=470 uneg=1040 ball=-59.07 vball=221.81 aball=255.9 bref=0.00 pid=800.0 pref=300.0 ppos=-48.5 apid=0.0 integ=-0.0 vision=1 current=1 vframe=512 vs=1 vage=23 vpage=23 vdt=33 vmax=135 vacc=511 vrej=0 seq=0 elapsed=0 oled=3C
[   2905] STATUS mode=3 fault=none enc=-21 denc=5 sreq=800 sapplied=800 crate=800 uimp=-16535 upos=510 uneg=1040 ball=-59.07 vball=221.81 aball=255.9 bref=0.00 pid=800.0 pref=300.0 ppos=-16.5 apid=0.0 integ=-0.0 vision=1 current=1 vframe=512 vs=1 vage=63 vpage=63 vdt=33 vmax=135 vacc=511 vrej=0 seq=0 elapsed=0 oled=3C
[   2937] STATUS mode=3 fault=none enc=-1 denc=5 sreq=800 sapplied=800 crate=800 uimp=-535 upos=530 uneg=1040 ball=-59.07 vball=221.81 aball=255.9 bref=0.00 pid=800.0 pref=300.0 ppos=-0.5 apid=0.0 integ=-0.0 vision=1 current=1 vframe=512 vs=1 vage=83 vpage=83 vdt=33 vmax=135 vacc=511 vrej=0 seq=0 elapsed=0 oled=3C
[   2968] STATUS mode=3 fault=none enc=19 denc=5 sreq=800 sapplied=800 crate=800 uimp=15465 upos=550 uneg=1040 ball=-49.86 vball=173.43 aball=180.8 bref=0.00 pid=800.0 pref=286.2 ppos=15.5 apid=0.0 integ=-0.0 vision=1 current=1 vframe=513 vs=1 vage=8 vpage=8 vdt=95 vmax=135 vacc=512 vrej=0 seq=0 elapsed=0 oled=3C
[   3000] STATUS mode=3 fault=none enc=59 denc=5 sreq=800 sapplied=800 crate=800 uimp=47465 upos=590 uneg=1040 ball=-44.60 vball=191.69 aball=180.8 bref=0.00 pid=800.0 pref=300.0 ppos=47.5 apid=0.0 integ=-0.0 vision=1 current=1 vframe=520 vs=1 vage=26 vpage=26 vdt=22 vmax=135 vacc=519 vrej=0 seq=0 elapsed=0 oled=3C
[   3016] STATUS mode=3 fault=none enc=79 denc=5 sreq=800 sapplied=800 crate=800 uimp=63465 upos=610 uneg=1040 ball=-37.19 vball=203.66 aball=180.8 bref=0.00 pid=800.0 pref=300.0 ppos=63.5 apid=0.0 integ=-0.0 vision=1 current=1 vframe=521 vs=1 vage=10 vpage=10 vdt=36 vmax=135 vacc=520 vrej=0 seq=0 elapsed=0 oled=3C
[   3046] STATUS mode=3 fault=none enc=98 denc=4 sreq=800 sapplied=800 crate=800 uimp=79465 upos=630 uneg=1040 ball=-37.19 vball=203.66 aball=180.8 bref=0.00 pid=800.0 pref=300.0 ppos=79.5 apid=0.0 integ=-0.0 vision=1 current=1 vframe=521 vs=1 vage=30 vpage=30 vdt=36 vmax=135 vacc=520 vrej=0 seq=0 elapsed=0 oled=3C
[   3077] STATUS mode=3 fault=none enc=138 denc=5 sreq=800 sapplied=800 crate=800 uimp=111465 upos=670 uneg=1040 ball=-37.19 vball=203.66 aball=180.8 bref=0.00 pid=800.0 pref=300.0 ppos=111.5 apid=0.0 integ=-0.0 vision=1 current=1 vframe=521 vs=1 vage=70 vpage=70 vdt=36 vmax=135 vacc=520 vrej=0 seq=0 elapsed=0 oled=3C
[   3093] STATUS mode=3 fault=none enc=158 denc=5 sreq=800 sapplied=800 crate=800 uimp=127465 upos=690 uneg=1040 ball=-37.19 vball=203.66 aball=180.8 bref=0.00 pid=800.0 pref=300.0 ppos=127.5 apid=0.0 integ=-0.0 vision=1 current=1 vframe=521 vs=1 vage=90 vpage=90 vdt=36 vmax=135 vacc=520 vrej=0 seq=0 elapsed=0 oled=3C
[   3125] STATUS mode=3 fault=none enc=178 denc=5 sreq=800 sapplied=800 crate=800 uimp=143465 upos=710 uneg=1040 ball=-37.19 vball=203.66 aball=180.8 bref=0.00 pid=800.0 pref=300.0 ppos=143.5 apid=0.0 integ=-0.0 vision=1 current=0 vframe=522 vs=0 vage=110 vpage=18 vdt=36 vmax=135 vacc=520 vrej=0 seq=0 elapsed=0 oled=3C
[   3155] STATUS mode=3 fault=none enc=219 denc=5 sreq=800 sapplied=800 crate=800 uimp=175465 upos=750 uneg=1040 ball=-24.20 vball=209.07 aball=191.6 bref=0.00 pid=800.0 pref=300.0 ppos=175.5 apid=0.0 integ=-0.0 vision=1 current=0 vframe=524 vs=0 vage=34 vpage=4 vdt=116 vmax=135 vacc=521 vrej=0 seq=0 elapsed=0 oled=3C
[   3187] STATUS mode=3 fault=none enc=239 denc=5 sreq=800 sapplied=800 crate=800 uimp=191465 upos=770 uneg=1040 ball=-24.20 vball=209.07 aball=191.6 bref=0.00 pid=800.0 pref=300.0 ppos=191.5 apid=0.0 integ=-0.0 vision=1 current=0 vframe=524 vs=0 vage=54 vpage=24 vdt=116 vmax=135 vacc=521 vrej=0 seq=0 elapsed=0 oled=3C
[   3202] STATUS mode=3 fault=none enc=259 denc=4 sreq=800 sapplied=800 crate=800 uimp=207465 upos=790 uneg=1040 ball=-24.20 vball=209.07 aball=191.6 bref=0.00 pid=800.0 pref=300.0 ppos=207.5 apid=0.0 integ=-0.0 vision=1 current=0 vframe=524 vs=0 vage=74 vpage=44 vdt=116 vmax=135 vacc=521 vrej=0 seq=0 elapsed=0 oled=3C
[   3234] STATUS mode=3 fault=none enc=299 denc=4 sreq=623 sapplied=623 crate=623 uimp=237660 upos=830 uneg=1040 ball=-24.20 vball=209.07 aball=191.6 bref=0.00 pid=623.4 pref=300.0 ppos=237.7 apid=0.0 integ=-0.0 vision=1 current=0 vframe=524 vs=0 vage=114 vpage=84 vdt=116 vmax=135 vacc=521 vrej=0 seq=0 elapsed=0 oled=3C
[   3266] STATUS mode=3 fault=none enc=313 denc=3 sreq=508 sapplied=508 crate=508 uimp=249225 upos=850 uneg=1040 ball=-24.20 vball=209.07 aball=191.6 bref=0.00 pid=507.8 pref=300.0 ppos=249.2 apid=0.0 integ=-0.0 vision=1 current=0 vframe=524 vs=0 vage=134 vpage=104 vdt=116 vmax=135 vacc=521 vrej=0 seq=0 elapsed=0 oled=3C
[   3296] STATUS mode=3 fault=none enc=325 denc=-1 sreq=0 sapplied=0 crate=0 uimp=258640 upos=870 uneg=1040 ball=-24.20 vball=209.07 aball=191.6 bref=0.00 pid=435.4 pref=258.6 ppos=258.6 apid=0.0 integ=-0.0 vision=1 current=0 vframe=525 vs=0 vage=174 vpage=26 vdt=116 vmax=135 vacc=521 vrej=0 seq=0 elapsed=0 oled=3C
[   3312] STATUS mode=3 fault=none enc=326 denc=0 sreq=0 sapplied=0 crate=0 uimp=258640 upos=870 uneg=1040 ball=-24.20 vball=209.07 aball=191.6 bref=0.00 pid=435.4 pref=258.6 ppos=258.6 apid=0.0 integ=-0.0 vision=1 current=0 vframe=526 vs=0 vage=194 vpage=11 vdt=116 vmax=135 vacc=521 vrej=0 seq=0 elapsed=0 oled=3C
[   3343] STATUS mode=3 fault=none enc=326 denc=0 sreq=0 sapplied=0 crate=0 uimp=258640 upos=870 uneg=1040 ball=-24.20 vball=209.07 aball=191.6 bref=0.00 pid=435.4 pref=258.6 ppos=258.6 apid=0.0 integ=-0.0 vision=1 current=0 vframe=526 vs=0 vage=214 vpage=31 vdt=116 vmax=135 vacc=521 vrej=0 seq=0 elapsed=0 oled=3C
[   3375] STATUS mode=3 fault=none enc=326 denc=0 sreq=0 sapplied=0 crate=0 uimp=258640 upos=870 uneg=1040 ball=-24.20 vball=209.07 aball=191.6 bref=0.00 pid=435.4 pref=258.6 ppos=258.6 apid=0.0 integ=-0.0 vision=1 current=0 vframe=526 vs=0 vage=254 vpage=71 vdt=116 vmax=135 vacc=521 vrej=0 seq=0 elapsed=0 oled=3C
[   3391] STATUS mode=3 fault=none enc=326 denc=0 sreq=0 sapplied=0 crate=0 uimp=258640 upos=870 uneg=1040 ball=-24.20 vball=209.07 aball=191.6 bref=0.00 pid=435.4 pref=258.6 ppos=258.6 apid=0.0 integ=-0.0 vision=1 current=0 vframe=526 vs=0 vage=274 vpage=91 vdt=116 vmax=135 vacc=521 vrej=0 seq=0 elapsed=0 oled=3C
[   3421] STATUS mode=3 fault=none enc=326 denc=0 sreq=0 sapplied=0 crate=0 uimp=258640 upos=870 uneg=1040 ball=-24.20 vball=209.07 aball=191.6 bref=0.00 pid=435.4 pref=258.6 ppos=258.6 apid=0.0 integ=-0.0 vision=1 current=0 vframe=527 vs=0 vage=294 vpage=2 vdt=116 vmax=135 vacc=521 vrej=0 seq=0 elapsed=0 oled=3C
[   3452] STATUS mode=3 fault=none enc=326 denc=0 sreq=0 sapplied=0 crate=0 uimp=258640 upos=870 uneg=1040 ball=-24.20 vball=209.07 aball=191.6 bref=0.00 pid=435.4 pref=258.6 ppos=258.6 apid=0.0 integ=-0.0 vision=1 current=0 vframe=529 vs=0 vage=334 vpage=1 vdt=116 vmax=135 vacc=521 vrej=0 seq=0 elapsed=0 oled=3C
[   3484] STATUS mode=3 fault=none enc=326 denc=0 sreq=0 sapplied=0 crate=0 uimp=258640 upos=870 uneg=1040 ball=-24.20 vball=209.07 aball=191.6 bref=0.00 pid=435.4 pref=258.6 ppos=258.6 apid=0.0 integ=-0.0 vision=1 current=0 vframe=529 vs=0 vage=354 vpage=21 vdt=116 vmax=135 vacc=521 vrej=0 seq=0 elapsed=0 oled=3C
[   3500] STATUS mode=3 fault=none enc=326 denc=0 sreq=0 sapplied=0 crate=0 uimp=258640 upos=870 uneg=1040 ball=-24.20 vball=209.07 aball=191.6 bref=0.00 pid=435.4 pref=258.6 ppos=258.6 apid=0.0 integ=-0.0 vision=1 current=0 vframe=530 vs=0 vage=374 vpage=8 vdt=116 vmax=135 vacc=521 vrej=0 seq=0 elapsed=0 oled=3C
[   3530] STATUS mode=3 fault=none enc=326 denc=0 sreq=0 sapplied=0 crate=0 uimp=258640 upos=870 uneg=1040 ball=-24.20 vball=209.07 aball=191.6 bref=0.00 pid=435.4 pref=258.6 ppos=258.6 apid=0.0 integ=-0.0 vision=1 current=0 vframe=530 vs=0 vage=414 vpage=48 vdt=116 vmax=135 vacc=521 vrej=0 seq=0 elapsed=0 oled=3C
[   3562] STATUS mode=3 fault=none enc=326 denc=0 sreq=0 sapplied=0 crate=0 uimp=258640 upos=870 uneg=1040 ball=-24.20 vball=209.07 aball=191.6 bref=0.00 pid=435.4 pref=258.6 ppos=258.6 apid=0.0 integ=-0.0 vision=1 current=0 vframe=530 vs=0 vage=434 vpage=68 vdt=116 vmax=135 vacc=521 vrej=0 seq=0 elapsed=0 oled=3C
[   3577] STATUS mode=3 fault=none enc=326 denc=0 sreq=0 sapplied=0 crate=0 uimp=258640 upos=870 uneg=1040 ball=-24.20 vball=209.07 aball=191.6 bref=0.00 pid=435.4 pref=258.6 ppos=258.6 apid=0.0 integ=-0.0 vision=1 current=0 vframe=530 vs=0 vage=454 vpage=88 vdt=116 vmax=135 vacc=521 vrej=0 seq=0 elapsed=0 oled=3C
[   3609] STATUS mode=3 fault=none enc=326 denc=0 sreq=0 sapplied=0 crate=0 uimp=258640 upos=870 uneg=1040 ball=-24.20 vball=209.07 aball=191.6 bref=0.00 pid=435.4 pref=258.6 ppos=258.6 apid=0.0 integ=-0.0 vision=1 current=0 vframe=531 vs=0 vage=494 vpage=15 vdt=116 vmax=135 vacc=521 vrej=0 seq=0 elapsed=0 oled=3C
[   3641] STATUS mode=3 fault=none enc=326 denc=0 sreq=0 sapplied=0 crate=0 uimp=258640 upos=870 uneg=1040 ball=-24.20 vball=209.07 aball=191.6 bref=0.00 pid=435.4 pref=258.6 ppos=258.6 apid=0.0 integ=-0.0 vision=1 current=0 vframe=532 vs=0 vage=514 vpage=5 vdt=116 vmax=135 vacc=521 vrej=0 seq=0 elapsed=0 oled=3C
[   3655] STATUS mode=3 fault=none enc=326 denc=0 sreq=0 sapplied=0 crate=0 uimp=258640 upos=870 uneg=1040 ball=-24.20 vball=209.07 aball=191.6 bref=0.00 pid=435.4 pref=258.6 ppos=258.6 apid=0.0 integ=-0.0 vision=1 current=0 vframe=532 vs=0 vage=534 vpage=25 vdt=116 vmax=135 vacc=521 vrej=0 seq=0 elapsed=0 oled=3C
[   3687] STATUS mode=3 fault=none enc=326 denc=0 sreq=0 sapplied=0 crate=0 uimp=258640 upos=870 uneg=1040 ball=-24.20 vball=209.07 aball=191.6 bref=0.00 pid=435.4 pref=258.6 ppos=258.6 apid=0.0 integ=-0.0 vision=1 current=0 vframe=533 vs=0 vage=574 vpage=36 vdt=116 vmax=135 vacc=521 vrej=0 seq=0 elapsed=0 oled=3C
[   3718] STATUS mode=3 fault=none enc=326 denc=0 sreq=0 sapplied=0 crate=0 uimp=258640 upos=870 uneg=1040 ball=-24.20 vball=209.07 aball=191.6 bref=0.00 pid=435.4 pref=258.6 ppos=258.6 apid=0.0 integ=-0.0 vision=1 current=0 vframe=533 vs=0 vage=594 vpage=56 vdt=116 vmax=135 vacc=521 vrej=0 seq=0 elapsed=0 oled=3C
[   3750] STATUS mode=3 fault=none enc=326 denc=0 sreq=0 sapplied=0 crate=0 uimp=258640 upos=870 uneg=1040 ball=-24.20 vball=209.07 aball=191.6 bref=0.00 pid=435.4 pref=258.6 ppos=258.6 apid=0.0 integ=-0.0 vision=1 current=0 vframe=533 vs=0 vage=614 vpage=76 vdt=116 vmax=135 vacc=521 vrej=0 seq=0 elapsed=0 oled=3C
[   3766] STATUS mode=3 fault=none enc=321 denc=-3 sreq=-500 sapplied=-500 crate=-500 uimp=254140 upos=870 uneg=1055 ball=-37.00 vball=55.85 aball=0.0 bref=0.00 pid=-800.0 pref=8.4 ppos=254.1 apid=0.0 integ=-0.0 vision=1 current=1 vframe=534 vs=1 vage=24 vpage=24 vdt=630 vmax=630 vacc=522 vrej=0 seq=0 elapsed=0 oled=3C
[   3796] STATUS mode=3 fault=none enc=304 denc=-5 sreq=-800 sapplied=-800 crate=-800 uimp=241140 upos=870 uneg=1075 ball=-69.54 vball=-419.81 aball=0.0 bref=0.00 pid=-800.0 pref=-300.0 ppos=241.1 apid=0.0 integ=-0.0 vision=1 current=1 vframe=535 vs=1 vage=11 vpage=11 vdt=33 vmax=630 vacc=523 vrej=0 seq=0 elapsed=0 oled=3C
[   3796] >>> stop
[   3827] STATUS mode=3 fault=none enc=284 denc=-5 sreq=-800 sapplied=-800 crate=-800 uimp=225140 upos=870 uneg=1095 ball=-69.54 vball=-419.81 aball=0.0 bref=0.00 pid=-800.0 pref=-300.0 ppos=225.1 apid=0.0 integ=-0.0 vision=1 current=1 vframe=535 vs=1 vage=31 vpage=31 vdt=33 vmax=630 vacc=523 vrej=0 seq=0 elapsed=0 oled=3C
[   3859] STATUS mode=1 fault=none enc=246 denc=-3 sreq=0 sapplied=0 crate=0 uimp=213140 upos=870 uneg=1110 ball=-80.04 vball=-367.96 aball=0.0 bref=0.00 pid=0.0 pref=213.1 ppos=213.1 apid=0.0 integ=0.0 vision=1 current=1 vframe=536 vs=1 vage=35 vpage=35 vdt=36 vmax=630 vacc=524 vrej=0 seq=0 elapsed=0 oled=3C
[   3875] STATUS mode=1 fault=none enc=228 denc=-5 sreq=0 sapplied=0 crate=0 uimp=213140 upos=870 uneg=1110 ball=-80.04 vball=-367.96 aball=0.0 bref=0.00 pid=0.0 pref=213.1 ppos=213.1 apid=0.0 integ=0.0 vision=1 current=1 vframe=536 vs=1 vage=55 vpage=55 vdt=36 vmax=630 vacc=524 vrej=0 seq=0 elapsed=0 oled=3C
[   3905] STATUS mode=1 fault=none enc=226 denc=0 sreq=0 sapplied=0 crate=0 uimp=213140 upos=870 uneg=1110 ball=-80.04 vball=-367.96 aball=0.0 bref=0.00 pid=0.0 pref=213.1 ppos=213.1 apid=0.0 integ=0.0 vision=1 current=1 vframe=536 vs=1 vage=75 vpage=75 vdt=36 vmax=630 vacc=524 vrej=0 seq=0 elapsed=0 oled=3C
[   3937] STATUS mode=1 fault=none enc=226 denc=0 sreq=0 sapplied=0 crate=0 uimp=213140 upos=870 uneg=1110 ball=-94.37 vball=-274.14 aball=0.0 bref=0.00 pid=0.0 pref=213.1 ppos=213.1 apid=0.0 integ=0.0 vision=1 current=1 vframe=537 vs=1 vage=17 vpage=17 vdt=98 vmax=630 vacc=525 vrej=0 seq=0 elapsed=0 oled=3C
[   3952] STATUS mode=1 fault=none enc=226 denc=0 sreq=0 sapplied=0 crate=0 uimp=213140 upos=870 uneg=1110 ball=-105.03 vball=-287.75 aball=0.0 bref=0.00 pid=0.0 pref=213.1 ppos=213.1 apid=0.0 integ=0.0 vision=1 current=1 vframe=538 vs=1 vage=3 vpage=3 vdt=34 vmax=630 vacc=526 vrej=0 seq=0 elapsed=0 oled=3C
[   3984] STATUS mode=1 fault=none enc=226 denc=0 sreq=0 sapplied=0 crate=0 uimp=213140 upos=870 uneg=1110 ball=-105.03 vball=-287.75 aball=0.0 bref=0.00 pid=0.0 pref=213.1 ppos=213.1 apid=0.0 integ=0.0 vision=1 current=1 vframe=538 vs=1 vage=23 vpage=23 vdt=34 vmax=630 vacc=526 vrej=0 seq=0 elapsed=0 oled=3C
[   4016] STATUS mode=1 fault=none enc=226 denc=0 sreq=0 sapplied=0 crate=0 uimp=213140 upos=870 uneg=1110 ball=-105.03 vball=-287.75 aball=0.0 bref=0.00 pid=0.0 pref=213.1 ppos=213.1 apid=0.0 integ=0.0 vision=1 current=1 vframe=538 vs=1 vage=43 vpage=43 vdt=34 vmax=630 vacc=526 vrej=0 seq=0 elapsed=0 oled=3C
[   4030] STATUS mode=1 fault=none enc=226 denc=0 sreq=0 sapplied=0 crate=0 uimp=213140 upos=870 uneg=1110 ball=-105.03 vball=-287.75 aball=0.0 bref=0.00 pid=0.0 pref=213.1 ppos=213.1 apid=0.0 integ=0.0 vision=1 current=1 vframe=538 vs=1 vage=83 vpage=83 vdt=34 vmax=630 vacc=526 vrej=0 seq=0 elapsed=0 oled=3C
[   4062] STATUS mode=1 fault=none enc=226 denc=0 sreq=0 sapplied=0 crate=0 uimp=213140 upos=870 uneg=1110 ball=-124.28 vball=-411.38 aball=0.0 bref=0.00 pid=0.0 pref=213.1 ppos=213.1 apid=0.0 integ=0.0 vision=1 current=1 vframe=539 vs=1 vage=1 vpage=1 vdt=102 vmax=630 vacc=527 vrej=0 seq=0 elapsed=0 oled=3C
[   4093] STATUS mode=1 fault=none enc=226 denc=0 sreq=0 sapplied=0 crate=0 uimp=213140 upos=870 uneg=1110 ball=-124.28 vball=-411.38 aball=0.0 bref=0.00 pid=0.0 pref=213.1 ppos=213.1 apid=0.0 integ=0.0 vision=1 current=1 vframe=539 vs=1 vage=21 vpage=21 vdt=102 vmax=630 vacc=527 vrej=0 seq=0 elapsed=0 oled=3C
[   4109] STATUS mode=1 fault=none enc=226 denc=0 sreq=0 sapplied=0 crate=0 uimp=213140 upos=870 uneg=1110 ball=-129.80 vball=-199.02 aball=0.0 bref=0.00 pid=0.0 pref=213.1 ppos=213.1 apid=0.0 integ=0.0 vision=1 current=1 vframe=540 vs=1 vage=28 vpage=28 vdt=33 vmax=630 vacc=528 vrej=0 seq=0 elapsed=0 oled=3C
[   4141] STATUS mode=1 fault=none enc=226 denc=0 sreq=0 sapplied=0 crate=0 uimp=213140 upos=870 uneg=1110 ball=-126.04 vball=-49.50 aball=0.0 bref=0.00 pid=0.0 pref=213.1 ppos=213.1 apid=0.0 integ=0.0 vision=1 current=1 vframe=541 vs=1 vage=14 vpage=14 vdt=34 vmax=630 vacc=529 vrej=0 seq=0 elapsed=0 oled=3C
[   4171] STATUS mode=1 fault=none enc=226 denc=0 sreq=0 sapplied=0 crate=0 uimp=213140 upos=870 uneg=1110 ball=-126.04 vball=-49.50 aball=0.0 bref=0.00 pid=0.0 pref=213.1 ppos=213.1 apid=0.0 integ=0.0 vision=1 current=1 vframe=541 vs=1 vage=34 vpage=34 vdt=34 vmax=630 vacc=529 vrej=0 seq=0 elapsed=0 oled=3C
[   4171] >>> stream off
[   4187] STATUS mode=1 fault=none enc=226 denc=0 sreq=0 sapplied=0 crate=0 uimp=213140 upos=870 uneg=1110 ball=-126.04 vball=-49.50 aball=0.0 bref=0.00 pid=0.0 pref=213.1 ppos=213.1 apid=0.0 integ=0.0 vision=1 current=1 vframe=541 vs=1 vage=74 vpage=74 vdt=34 vmax=630 vacc=529 vrej=0 seq=0 elapsed=0 oled=3C
[   4187] OK stream off
[   4391] STOP_REASON speed_limit
