[      0] >>> bench on
[     16] OK stepper visual-only bench active; use zero before tests
[    188] >>> clear
[    202] OK fault cleared
[    375] >>> diag reset
[    391] OK actuator diagnostics reset
[    563] >>> gain ball 2.5 1.0 5.0 -1
[    577] OK ball gains kp=2.500 ki=1.000 kd=5.000 sign=-1
[    750] >>> gain accel 0.0
[    766] OK ball acceleration gain ka=0.000
[    938] >>> limit rate 120
[    952] OK ball rate limit=120 steps/s
[   1125] >>> stream on 20
[   1125] OK stream on 20 ms
[   1172] STATUS mode=1 fault=none enc=218 denc=0 sreq=0 sapplied=0 crate=0 uimp=0 upos=0 uneg=0 ball=-125.00 vball=-0.00 aball=0.0 bref=0.00 pid=0.0 pref=0.0 ppos=0.0 apid=0.0 integ=0.0 vision=1 current=1 vframe=2624 vs=1 vage=7 vpage=7 vdt=35 vmax=170 vacc=2618 vrej=0 seq=0 elapsed=0 oled=3C
[   1202] STATUS mode=1 fault=none enc=218 denc=0 sreq=0 sapplied=0 crate=0 uimp=0 upos=0 uneg=0 ball=-125.00 vball=-0.00 aball=0.0 bref=0.00 pid=0.0 pref=0.0 ppos=0.0 apid=0.0 integ=0.0 vision=1 current=1 vframe=2624 vs=1 vage=27 vpage=27 vdt=35 vmax=170 vacc=2618 vrej=0 seq=0 elapsed=0 oled=3C
[   1218] STATUS mode=1 fault=none enc=218 denc=0 sreq=0 sapplied=0 crate=0 uimp=0 upos=0 uneg=0 ball=-125.00 vball=-0.00 aball=0.0 bref=0.00 pid=0.0 pref=0.0 ppos=0.0 apid=0.0 integ=0.0 vision=1 current=1 vframe=2624 vs=1 vage=47 vpage=47 vdt=35 vmax=170 vacc=2618 vrej=0 seq=0 elapsed=0 oled=3C
[   1250] STATUS mode=1 fault=none enc=218 denc=0 sreq=0 sapplied=0 crate=0 uimp=0 upos=0 uneg=0 ball=-125.00 vball=-0.00 aball=0.0 bref=0.00 pid=0.0 pref=0.0 ppos=0.0 apid=0.0 integ=0.0 vision=1 current=1 vframe=2624 vs=1 vage=67 vpage=67 vdt=35 vmax=170 vacc=2618 vrej=0 seq=0 elapsed=0 oled=3C
[   1282] STATUS mode=1 fault=none enc=218 denc=0 sreq=0 sapplied=0 crate=0 uimp=0 upos=0 uneg=0 ball=-125.00 vball=-0.00 aball=0.0 bref=0.00 pid=0.0 pref=0.0 ppos=0.0 apid=0.0 integ=0.0 vision=1 current=1 vframe=2624 vs=1 vage=87 vpage=87 vdt=35 vmax=170 vacc=2618 vrej=0 seq=0 elapsed=0 oled=3C
[   1297] STATUS mode=1 fault=none enc=218 denc=0 sreq=0 sapplied=0 crate=0 uimp=0 upos=0 uneg=0 ball=-125.00 vball=-0.00 aball=0.0 bref=0.00 pid=0.0 pref=0.0 ppos=0.0 apid=0.0 integ=0.0 vision=1 current=1 vframe=2626 vs=1 vage=12 vpage=12 vdt=21 vmax=170 vacc=2620 vrej=0 seq=0 elapsed=0 oled=3C
[   1297] >>> ball 0.0
[   1327] STATUS mode=1 fault=none enc=218 denc=0 sreq=0 sapplied=0 crate=0 uimp=0 upos=0 uneg=0 ball=-125.00 vball=-0.00 aball=0.0 bref=0.00 pid=0.0 pref=0.0 ppos=0.0 apid=0.0 integ=0.0 vision=1 current=1 vframe=2626 vs=1 vage=32 vpage=32 vdt=21 vmax=170 vacc=2620 vrej=0 seq=0 elapsed=0 oled=3C
[   1343] STATUS mode=3 fault=none enc=220 denc=1 sreq=-35 sapplied=-35 crate=-35 uimp=0 upos=0 uneg=0 ball=-125.00 vball=-0.00 aball=0.0 bref=0.00 pid=-120.0 pref=-320.0 ppos=0.0 apid=0.0 integ=0.0 vision=1 current=1 vframe=2627 vs=1 vage=18 vpage=18 vdt=34 vmax=170 vacc=2621 vrej=0 seq=0 elapsed=0 oled=3C
[   1375] STATUS mode=3 fault=none enc=216 denc=0 sreq=-120 sapplied=-120 crate=-120 uimp=-3555 upos=0 uneg=40 ball=-125.00 vball=-0.00 aball=0.0 bref=0.00 pid=-120.0 pref=-320.0 ppos=-3.6 apid=0.0 integ=0.0 vision=1 current=1 vframe=2627 vs=1 vage=58 vpage=58 vdt=34 vmax=170 vacc=2621 vrej=0 seq=0 elapsed=0 oled=3C
[   1407] STATUS mode=3 fault=none enc=212 denc=-2 sreq=-120 sapplied=-120 crate=-120 uimp=-5955 upos=0 uneg=60 ball=-125.00 vball=-0.00 aball=0.0 bref=0.00 pid=-120.0 pref=-320.0 ppos=-6.0 apid=0.0 integ=0.0 vision=1 current=1 vframe=2627 vs=1 vage=78 vpage=78 vdt=34 vmax=170 vacc=2621 vrej=0 seq=0 elapsed=0 oled=3C
[   1438] STATUS mode=3 fault=none enc=211 denc=0 sreq=-120 sapplied=-120 crate=-120 uimp=-8355 upos=0 uneg=80 ball=-125.00 vball=-0.00 aball=0.0 bref=0.00 pid=-120.0 pref=-320.0 ppos=-8.4 apid=0.0 integ=0.0 vision=1 current=1 vframe=2628 vs=1 vage=3 vpage=3 vdt=95 vmax=170 vacc=2622 vrej=0 seq=0 elapsed=0 oled=3C
[   1452] STATUS mode=3 fault=none enc=204 denc=-1 sreq=-120 sapplied=-120 crate=-120 uimp=-13155 upos=0 uneg=120 ball=-125.00 vball=-0.00 aball=0.0 bref=0.00 pid=-120.0 pref=-320.0 ppos=-13.2 apid=0.0 integ=0.0 vision=1 current=1 vframe=2629 vs=1 vage=23 vpage=23 vdt=20 vmax=170 vacc=2623 vrej=0 seq=0 elapsed=0 oled=3C
[   1484] STATUS mode=3 fault=none enc=201 denc=-1 sreq=-120 sapplied=-120 crate=-120 uimp=-15555 upos=0 uneg=140 ball=-125.00 vball=-0.00 aball=0.0 bref=0.00 pid=-120.0 pref=-320.0 ppos=-15.6 apid=0.0 integ=0.0 vision=1 current=1 vframe=2630 vs=1 vage=9 vpage=9 vdt=34 vmax=170 vacc=2624 vrej=0 seq=0 elapsed=0 oled=3C
[   1516] STATUS mode=3 fault=none enc=197 denc=-2 sreq=-120 sapplied=-120 crate=-120 uimp=-17955 upos=0 uneg=160 ball=-125.00 vball=-0.00 aball=0.0 bref=0.00 pid=-120.0 pref=-320.0 ppos=-18.0 apid=0.0 integ=0.0 vision=1 current=1 vframe=2630 vs=1 vage=29 vpage=29 vdt=34 vmax=170 vacc=2624 vrej=0 seq=0 elapsed=0 oled=3C
[   1547] STATUS mode=3 fault=none enc=191 denc=-1 sreq=-120 sapplied=-120 crate=-120 uimp=-22755 upos=0 uneg=200 ball=-125.00 vball=-0.00 aball=0.0 bref=0.00 pid=-120.0 pref=-320.0 ppos=-22.8 apid=0.0 integ=0.0 vision=1 current=1 vframe=2630 vs=1 vage=69 vpage=69 vdt=34 vmax=170 vacc=2624 vrej=0 seq=0 elapsed=0 oled=3C
[   1563] STATUS mode=3 fault=none enc=188 denc=-2 sreq=-120 sapplied=-120 crate=-120 uimp=-25155 upos=0 uneg=220 ball=-125.00 vball=-0.00 aball=0.0 bref=0.00 pid=-120.0 pref=-320.0 ppos=-25.2 apid=0.0 integ=0.0 vision=1 current=1 vframe=2630 vs=1 vage=89 vpage=89 vdt=34 vmax=170 vacc=2624 vrej=0 seq=0 elapsed=0 oled=3C
[   1593] STATUS mode=3 fault=none enc=185 denc=0 sreq=-120 sapplied=-120 crate=-120 uimp=-27555 upos=0 uneg=240 ball=-125.00 vball=-0.00 aball=0.0 bref=0.00 pid=-120.0 pref=-320.0 ppos=-27.6 apid=0.0 integ=0.0 vision=1 current=1 vframe=2631 vs=1 vage=11 vpage=11 vdt=98 vmax=170 vacc=2625 vrej=0 seq=0 elapsed=0 oled=3C
[   1625] STATUS mode=3 fault=none enc=178 denc=-2 sreq=-120 sapplied=-120 crate=-120 uimp=-32355 upos=0 uneg=280 ball=-125.00 vball=-0.00 aball=0.0 bref=0.00 pid=-120.0 pref=-320.0 ppos=-32.4 apid=0.0 integ=0.0 vision=1 current=1 vframe=2632 vs=1 vage=16 vpage=16 vdt=35 vmax=170 vacc=2626 vrej=0 seq=0 elapsed=0 oled=3C
[   1641] STATUS mode=3 fault=none enc=176 denc=0 sreq=-120 sapplied=-120 crate=-120 uimp=-34755 upos=0 uneg=300 ball=-125.00 vball=-0.00 aball=0.0 bref=0.00 pid=-120.0 pref=-320.0 ppos=-34.8 apid=0.0 integ=0.0 vision=1 current=1 vframe=2632 vs=1 vage=36 vpage=36 vdt=35 vmax=170 vacc=2626 vrej=0 seq=0 elapsed=0 oled=3C
[   1672] STATUS mode=3 fault=none enc=172 denc=-2 sreq=-120 sapplied=-120 crate=-120 uimp=-37155 upos=0 uneg=320 ball=-125.00 vball=-0.00 aball=0.0 bref=0.00 pid=-120.0 pref=-320.0 ppos=-37.2 apid=0.0 integ=0.0 vision=1 current=1 vframe=2632 vs=1 vage=56 vpage=56 vdt=35 vmax=170 vacc=2626 vrej=0 seq=0 elapsed=0 oled=3C
[   1702] STATUS mode=3 fault=none enc=167 denc=0 sreq=-120 sapplied=-120 crate=-120 uimp=-41955 upos=0 uneg=360 ball=-125.00 vball=-0.00 aball=0.0 bref=0.00 pid=-120.0 pref=-320.0 ppos=-42.0 apid=0.0 integ=0.0 vision=1 current=1 vframe=2632 vs=1 vage=96 vpage=96 vdt=35 vmax=170 vacc=2626 vrej=0 seq=0 elapsed=0 oled=3C
[   1734] STATUS mode=3 fault=none enc=164 denc=-1 sreq=-120 sapplied=-120 crate=-120 uimp=-44355 upos=0 uneg=380 ball=-125.00 vball=-0.00 aball=0.0 bref=0.00 pid=-120.0 pref=-320.0 ppos=-44.4 apid=0.0 integ=0.0 vision=1 current=1 vframe=2634 vs=1 vage=4 vpage=4 vdt=8 vmax=170 vacc=2628 vrej=0 seq=0 elapsed=0 oled=3C
[   1750] STATUS mode=3 fault=none enc=161 denc=0 sreq=-120 sapplied=-120 crate=-120 uimp=-46755 upos=0 uneg=400 ball=-125.00 vball=-0.00 aball=0.0 bref=0.00 pid=-120.0 pref=-320.0 ppos=-46.8 apid=0.0 integ=0.0 vision=1 current=1 vframe=2635 vs=1 vage=2 vpage=2 vdt=22 vmax=170 vacc=2629 vrej=0 seq=0 elapsed=0 oled=3C
[   1782] STATUS mode=3 fault=none enc=155 denc=0 sreq=-120 sapplied=-120 crate=-120 uimp=-51555 upos=0 uneg=440 ball=-125.00 vball=-0.00 aball=0.0 bref=0.00 pid=-120.0 pref=-320.0 ppos=-51.6 apid=0.0 integ=0.0 vision=1 current=1 vframe=2636 vs=1 vage=9 vpage=9 vdt=33 vmax=170 vacc=2630 vrej=0 seq=0 elapsed=0 oled=3C
[   1813] STATUS mode=3 fault=none enc=151 denc=-1 sreq=-120 sapplied=-120 crate=-120 uimp=-53955 upos=0 uneg=460 ball=-125.00 vball=-0.00 aball=0.0 bref=0.00 pid=-120.0 pref=-320.0 ppos=-54.0 apid=0.0 integ=0.0 vision=1 current=1 vframe=2636 vs=1 vage=29 vpage=29 vdt=33 vmax=170 vacc=2630 vrej=0 seq=0 elapsed=0 oled=3C
[   1843] STATUS mode=3 fault=none enc=145 denc=-1 sreq=-120 sapplied=-120 crate=-120 uimp=-58755 upos=0 uneg=500 ball=-125.00 vball=-0.00 aball=0.0 bref=0.00 pid=-120.0 pref=-320.0 ppos=-58.8 apid=0.0 integ=0.0 vision=1 current=1 vframe=2636 vs=1 vage=69 vpage=69 vdt=33 vmax=170 vacc=2630 vrej=0 seq=0 elapsed=0 oled=3C
[   1859] STATUS mode=3 fault=none enc=141 denc=-2 sreq=-120 sapplied=-120 crate=-120 uimp=-61155 upos=0 uneg=520 ball=-125.00 vball=-0.00 aball=0.0 bref=0.00 pid=-120.0 pref=-320.0 ppos=-61.2 apid=0.0 integ=0.0 vision=1 current=1 vframe=2636 vs=1 vage=89 vpage=89 vdt=33 vmax=170 vacc=2630 vrej=0 seq=0 elapsed=0 oled=3C
[   1891] STATUS mode=3 fault=none enc=140 denc=0 sreq=-120 sapplied=-120 crate=-120 uimp=-63555 upos=0 uneg=540 ball=-125.00 vball=-0.00 aball=0.0 bref=0.00 pid=-120.0 pref=-320.0 ppos=-63.6 apid=0.0 integ=0.0 vision=1 current=1 vframe=2637 vs=1 vage=6 vpage=6 vdt=103 vmax=170 vacc=2631 vrej=0 seq=0 elapsed=0 oled=3C
[   1922] STATUS mode=3 fault=none enc=133 denc=-1 sreq=-120 sapplied=-120 crate=-120 uimp=-68355 upos=0 uneg=580 ball=-125.00 vball=-0.00 aball=0.0 bref=0.00 pid=-120.0 pref=-320.0 ppos=-68.4 apid=0.0 integ=0.0 vision=1 current=1 vframe=2638 vs=1 vage=14 vpage=14 vdt=32 vmax=170 vacc=2632 vrej=0 seq=0 elapsed=0 oled=3C
[   1952] STATUS mode=3 fault=none enc=130 denc=0 sreq=-120 sapplied=-120 crate=-120 uimp=-70755 upos=0 uneg=600 ball=-125.00 vball=-0.00 aball=0.0 bref=0.00 pid=-120.0 pref=-320.0 ppos=-70.8 apid=0.0 integ=0.0 vision=1 current=1 vframe=2639 vs=1 vage=1 vpage=1 vdt=33 vmax=170 vacc=2633 vrej=0 seq=0 elapsed=0 oled=3C
[   1968] STATUS mode=3 fault=none enc=127 denc=-2 sreq=-120 sapplied=-120 crate=-120 uimp=-73155 upos=0 uneg=620 ball=-125.00 vball=-0.00 aball=0.0 bref=0.00 pid=-120.0 pref=-320.0 ppos=-73.2 apid=0.0 integ=0.0 vision=1 current=1 vframe=2639 vs=1 vage=21 vpage=21 vdt=33 vmax=170 vacc=2633 vrej=0 seq=0 elapsed=0 oled=3C
[   2000] STATUS mode=3 fault=none enc=121 denc=-1 sreq=-120 sapplied=-120 crate=-120 uimp=-77955 upos=0 uneg=660 ball=-125.00 vball=-0.00 aball=0.0 bref=0.00 pid=-120.0 pref=-320.0 ppos=-78.0 apid=0.0 integ=0.0 vision=1 current=1 vframe=2639 vs=1 vage=61 vpage=61 vdt=33 vmax=170 vacc=2633 vrej=0 seq=0 elapsed=0 oled=3C
[   2032] STATUS mode=3 fault=none enc=118 denc=-1 sreq=-120 sapplied=-120 crate=-120 uimp=-80355 upos=0 uneg=680 ball=-125.00 vball=-0.00 aball=0.0 bref=0.00 pid=-120.0 pref=-320.0 ppos=-80.4 apid=0.0 integ=0.0 vision=1 current=1 vframe=2639 vs=1 vage=81 vpage=81 vdt=33 vmax=170 vacc=2633 vrej=0 seq=0 elapsed=0 oled=3C
[   2047] STATUS mode=3 fault=none enc=115 denc=0 sreq=-120 sapplied=-120 crate=-120 uimp=-82755 upos=0 uneg=700 ball=-125.00 vball=-0.00 aball=0.0 bref=0.00 pid=-120.0 pref=-320.0 ppos=-82.8 apid=0.0 integ=0.0 vision=1 current=1 vframe=2639 vs=1 vage=101 vpage=101 vdt=33 vmax=170 vacc=2633 vrej=0 seq=0 elapsed=0 oled=3C
[   2077] STATUS mode=3 fault=none enc=109 denc=0 sreq=-120 sapplied=-120 crate=-120 uimp=-87555 upos=0 uneg=740 ball=-125.00 vball=-0.00 aball=0.0 bref=0.00 pid=-120.0 pref=-320.0 ppos=-87.6 apid=0.0 integ=0.0 vision=1 current=1 vframe=2641 vs=1 vage=8 vpage=8 vdt=32 vmax=170 vacc=2635 vrej=0 seq=0 elapsed=0 oled=3C
[   2109] STATUS mode=3 fault=none enc=106 denc=0 sreq=-120 sapplied=-120 crate=-120 uimp=-89955 upos=0 uneg=760 ball=-125.00 vball=-0.00 aball=0.0 bref=0.00 pid=-120.0 pref=-320.0 ppos=-90.0 apid=0.0 integ=0.0 vision=1 current=1 vframe=2641 vs=1 vage=28 vpage=28 vdt=32 vmax=170 vacc=2635 vrej=0 seq=0 elapsed=0 oled=3C
[   2141] STATUS mode=3 fault=none enc=102 denc=-2 sreq=-120 sapplied=-120 crate=-120 uimp=-92355 upos=0 uneg=780 ball=-125.00 vball=-0.00 aball=0.0 bref=0.00 pid=-120.0 pref=-320.0 ppos=-92.4 apid=0.0 integ=0.0 vision=1 current=1 vframe=2642 vs=1 vage=15 vpage=15 vdt=33 vmax=170 vacc=2636 vrej=0 seq=0 elapsed=0 oled=3C
[   2157] STATUS mode=3 fault=none enc=96 denc=-1 sreq=-120 sapplied=-120 crate=-120 uimp=-97155 upos=0 uneg=820 ball=-125.00 vball=-0.00 aball=0.0 bref=0.00 pid=-120.0 pref=-320.0 ppos=-97.2 apid=0.0 integ=0.0 vision=1 current=1 vframe=2642 vs=1 vage=55 vpage=55 vdt=33 vmax=170 vacc=2636 vrej=0 seq=0 elapsed=0 oled=3C
[   2188] STATUS mode=3 fault=none enc=93 denc=-1 sreq=-120 sapplied=-120 crate=-120 uimp=-99555 upos=0 uneg=840 ball=-125.00 vball=-0.00 aball=0.0 bref=0.00 pid=-120.0 pref=-320.0 ppos=-99.6 apid=0.0 integ=0.0 vision=1 current=1 vframe=2642 vs=1 vage=75 vpage=75 vdt=33 vmax=170 vacc=2636 vrej=0 seq=0 elapsed=0 oled=3C
[   2218] STATUS mode=3 fault=none enc=87 denc=-1 sreq=-120 sapplied=-120 crate=-120 uimp=-104355 upos=0 uneg=880 ball=-125.00 vball=-0.00 aball=0.0 bref=0.00 pid=-120.0 pref=-320.0 ppos=-104.4 apid=0.0 integ=0.0 vision=1 current=1 vframe=2643 vs=1 vage=15 vpage=15 vdt=100 vmax=170 vacc=2637 vrej=0 seq=0 elapsed=0 oled=3C
[   2250] STATUS mode=3 fault=none enc=84 denc=-1 sreq=-120 sapplied=-120 crate=-120 uimp=-106755 upos=0 uneg=900 ball=-125.00 vball=-0.00 aball=0.0 bref=0.00 pid=-120.0 pref=-320.0 ppos=-106.8 apid=0.0 integ=0.0 vision=1 current=0 vframe=2644 vs=0 vage=35 vpage=4 vdt=100 vmax=170 vacc=2637 vrej=0 seq=0 elapsed=0 oled=3C
[   2266] STATUS mode=3 fault=none enc=81 denc=-1 sreq=-120 sapplied=-120 crate=-120 uimp=-109155 upos=0 uneg=920 ball=-125.00 vball=-0.00 aball=0.0 bref=0.00 pid=-120.0 pref=-320.0 ppos=-109.2 apid=0.0 integ=0.0 vision=1 current=0 vframe=2644 vs=0 vage=55 vpage=24 vdt=100 vmax=170 vacc=2637 vrej=0 seq=0 elapsed=0 oled=3C
[   2297] STATUS mode=3 fault=none enc=75 denc=-1 sreq=-120 sapplied=-120 crate=-120 uimp=-113955 upos=0 uneg=960 ball=-125.00 vball=-0.00 aball=0.0 bref=0.00 pid=-120.0 pref=-320.0 ppos=-114.0 apid=0.0 integ=0.0 vision=1 current=0 vframe=2645 vs=0 vage=95 vpage=31 vdt=100 vmax=170 vacc=2637 vrej=0 seq=0 elapsed=0 oled=3C
[   2327] STATUS mode=3 fault=none enc=72 denc=-1 sreq=-120 sapplied=-120 crate=-120 uimp=-116355 upos=0 uneg=980 ball=-125.00 vball=-0.00 aball=0.0 bref=0.00 pid=-120.0 pref=-320.0 ppos=-116.4 apid=0.0 integ=0.0 vision=1 current=0 vframe=2645 vs=0 vage=115 vpage=51 vdt=100 vmax=170 vacc=2637 vrej=0 seq=0 elapsed=0 oled=3C
[   2359] STATUS mode=3 fault=none enc=69 denc=0 sreq=-120 sapplied=-120 crate=-120 uimp=-118755 upos=0 uneg=1000 ball=-125.00 vball=-0.00 aball=0.0 bref=0.00 pid=-120.0 pref=-320.0 ppos=-118.8 apid=0.0 integ=0.0 vision=1 current=0 vframe=2645 vs=0 vage=135 vpage=71 vdt=100 vmax=170 vacc=2637 vrej=0 seq=0 elapsed=0 oled=3C
[   2375] STATUS mode=3 fault=none enc=65 denc=0 sreq=0 sapplied=0 crate=0 uimp=-121155 upos=0 uneg=1020 ball=-125.00 vball=-0.00 aball=0.0 bref=0.00 pid=-120.0 pref=-121.2 ppos=-121.2 apid=0.0 integ=0.0 vision=1 current=0 vframe=2646 vs=0 vage=175 vpage=18 vdt=100 vmax=170 vacc=2637 vrej=0 seq=0 elapsed=0 oled=3C
[   2407] STATUS mode=3 fault=none enc=65 denc=0 sreq=0 sapplied=0 crate=0 uimp=-121155 upos=0 uneg=1020 ball=-125.00 vball=-0.00 aball=0.0 bref=0.00 pid=-120.0 pref=-121.2 ppos=-121.2 apid=0.0 integ=0.0 vision=1 current=0 vframe=2647 vs=0 vage=195 vpage=4 vdt=100 vmax=170 vacc=2637 vrej=0 seq=0 elapsed=0 oled=3C
[   2438] STATUS mode=3 fault=none enc=65 denc=0 sreq=0 sapplied=0 crate=0 uimp=-121155 upos=0 uneg=1020 ball=-125.00 vball=-0.00 aball=0.0 bref=0.00 pid=-120.0 pref=-121.2 ppos=-121.2 apid=0.0 integ=0.0 vision=1 current=0 vframe=2648 vs=0 vage=215 vpage=1 vdt=100 vmax=170 vacc=2637 vrej=0 seq=0 elapsed=0 oled=3C
[   2468] STATUS mode=3 fault=none enc=65 denc=0 sreq=0 sapplied=0 crate=0 uimp=-121155 upos=0 uneg=1020 ball=-125.00 vball=-0.00 aball=0.0 bref=0.00 pid=-120.0 pref=-121.2 ppos=-121.2 apid=0.0 integ=0.0 vision=1 current=0 vframe=2648 vs=0 vage=255 vpage=41 vdt=100 vmax=170 vacc=2637 vrej=0 seq=0 elapsed=0 oled=3C
[   2484] STATUS mode=3 fault=none enc=65 denc=0 sreq=0 sapplied=0 crate=0 uimp=-121155 upos=0 uneg=1020 ball=-125.00 vball=-0.00 aball=0.0 bref=0.00 pid=-120.0 pref=-121.2 ppos=-121.2 apid=0.0 integ=0.0 vision=1 current=0 vframe=2648 vs=0 vage=275 vpage=61 vdt=100 vmax=170 vacc=2637 vrej=0 seq=0 elapsed=0 oled=3C
[   2516] STATUS mode=3 fault=none enc=65 denc=0 sreq=0 sapplied=0 crate=0 uimp=-121155 upos=0 uneg=1020 ball=-125.00 vball=-0.00 aball=0.0 bref=0.00 pid=-120.0 pref=-121.2 ppos=-121.2 apid=0.0 integ=0.0 vision=1 current=0 vframe=2648 vs=0 vage=295 vpage=81 vdt=100 vmax=170 vacc=2637 vrej=0 seq=0 elapsed=0 oled=3C
[   2547] STATUS mode=3 fault=none enc=65 denc=0 sreq=0 sapplied=0 crate=0 uimp=-121155 upos=0 uneg=1020 ball=-125.00 vball=-0.00 aball=0.0 bref=0.00 pid=-120.0 pref=-121.2 ppos=-121.2 apid=0.0 integ=0.0 vision=1 current=0 vframe=2650 vs=0 vage=335 vpage=5 vdt=100 vmax=170 vacc=2637 vrej=0 seq=0 elapsed=0 oled=3C
[   2563] STATUS mode=3 fault=none enc=65 denc=0 sreq=0 sapplied=0 crate=0 uimp=-121155 upos=0 uneg=1020 ball=-125.00 vball=-0.00 aball=0.0 bref=0.00 pid=-120.0 pref=-121.2 ppos=-121.2 apid=0.0 integ=0.0 vision=1 current=0 vframe=2650 vs=0 vage=355 vpage=25 vdt=100 vmax=170 vacc=2637 vrej=0 seq=0 elapsed=0 oled=3C
[   2563] >>> stop
[   2593] STATUS mode=3 fault=none enc=65 denc=0 sreq=0 sapplied=0 crate=0 uimp=-121155 upos=0 uneg=1020 ball=-125.00 vball=-0.00 aball=0.0 bref=0.00 pid=-120.0 pref=-121.2 ppos=-121.2 apid=0.0 integ=0.0 vision=1 current=0 vframe=2650 vs=0 vage=375 vpage=45 vdt=100 vmax=170 vacc=2637 vrej=0 seq=0 elapsed=0 oled=3C
[   2625] STATUS mode=1 fault=none enc=65 denc=0 sreq=0 sapplied=0 crate=0 uimp=-121155 upos=0 uneg=1020 ball=-125.00 vball=-0.00 aball=0.0 bref=0.00 pid=0.0 pref=0.0 ppos=0.0 apid=0.0 integ=0.0 vision=1 current=0 vframe=2651 vs=0 vage=415 vpage=36 vdt=100 vmax=170 vacc=2637 vrej=0 seq=0 elapsed=0 oled=3C
[   2641] STATUS mode=1 fault=none enc=65 denc=0 sreq=0 sapplied=0 crate=0 uimp=-121155 upos=0 uneg=1020 ball=-125.00 vball=-0.00 aball=0.0 bref=0.00 pid=0.0 pref=0.0 ppos=0.0 apid=0.0 integ=0.0 vision=1 current=0 vframe=2651 vs=0 vage=435 vpage=56 vdt=100 vmax=170 vacc=2637 vrej=0 seq=0 elapsed=0 oled=3C
[   2672] STATUS mode=1 fault=none enc=65 denc=0 sreq=0 sapplied=0 crate=0 uimp=-121155 upos=0 uneg=1020 ball=-125.00 vball=-0.00 aball=0.0 bref=0.00 pid=0.0 pref=0.0 ppos=0.0 apid=0.0 integ=0.0 vision=1 current=0 vframe=2651 vs=0 vage=455 vpage=76 vdt=100 vmax=170 vacc=2637 vrej=0 seq=0 elapsed=0 oled=3C
[   2702] STATUS mode=1 fault=none enc=65 denc=0 sreq=0 sapplied=0 crate=0 uimp=-121155 upos=0 uneg=1020 ball=7.73 vball=0.00 aball=0.0 bref=0.00 pid=0.0 pref=0.0 ppos=0.0 apid=0.0 integ=0.0 vision=1 current=1 vframe=2653 vs=1 vage=33 vpage=33 vdt=7 vmax=455 vacc=2639 vrej=0 seq=0 elapsed=0 oled=3C
[   2718] STATUS mode=1 fault=none enc=65 denc=0 sreq=0 sapplied=0 crate=0 uimp=-121155 upos=0 uneg=1020 ball=9.31 vball=30.96 aball=0.0 bref=0.00 pid=0.0 pref=0.0 ppos=0.0 apid=0.0 integ=0.0 vision=1 current=1 vframe=2654 vs=1 vage=17 vpage=17 vdt=36 vmax=455 vacc=2640 vrej=0 seq=0 elapsed=0 oled=3C
[   2750] STATUS mode=1 fault=none enc=65 denc=0 sreq=0 sapplied=0 crate=0 uimp=-121155 upos=0 uneg=1020 ball=9.31 vball=30.96 aball=0.0 bref=0.00 pid=0.0 pref=0.0 ppos=0.0 apid=0.0 integ=0.0 vision=1 current=1 vframe=2654 vs=1 vage=37 vpage=37 vdt=36 vmax=455 vacc=2640 vrej=0 seq=0 elapsed=0 oled=3C
[   2782] STATUS mode=1 fault=none enc=65 denc=0 sreq=0 sapplied=0 crate=0 uimp=-121155 upos=0 uneg=1020 ball=9.31 vball=30.96 aball=0.0 bref=0.00 pid=0.0 pref=0.0 ppos=0.0 apid=0.0 integ=0.0 vision=1 current=1 vframe=2654 vs=1 vage=57 vpage=57 vdt=36 vmax=455 vacc=2640 vrej=0 seq=0 elapsed=0 oled=3C
[   2797] STATUS mode=1 fault=none enc=65 denc=0 sreq=0 sapplied=0 crate=0 uimp=-121155 upos=0 uneg=1020 ball=9.31 vball=30.96 aball=0.0 bref=0.00 pid=0.0 pref=0.0 ppos=0.0 apid=0.0 integ=0.0 vision=1 current=1 vframe=2654 vs=1 vage=97 vpage=97 vdt=36 vmax=455 vacc=2640 vrej=0 seq=0 elapsed=0 oled=3C
[   2827] STATUS mode=1 fault=none enc=65 denc=0 sreq=0 sapplied=0 crate=0 uimp=-121155 upos=0 uneg=1020 ball=11.02 vball=18.99 aball=0.0 bref=0.00 pid=0.0 pref=0.0 ppos=0.0 apid=0.0 integ=0.0 vision=1 current=1 vframe=2656 vs=1 vage=11 vpage=11 vdt=7 vmax=455 vacc=2642 vrej=0 seq=0 elapsed=0 oled=3C
[   2843] STATUS mode=1 fault=none enc=65 denc=0 sreq=0 sapplied=0 crate=0 uimp=-121155 upos=0 uneg=1020 ball=12.78 vball=44.31 aball=0.0 bref=0.00 pid=0.0 pref=0.0 ppos=0.0 apid=0.0 integ=0.0 vision=1 current=1 vframe=2657 vs=1 vage=4 vpage=4 vdt=27 vmax=455 vacc=2643 vrej=0 seq=0 elapsed=0 oled=3C
[   2875] STATUS mode=1 fault=none enc=65 denc=0 sreq=0 sapplied=0 crate=0 uimp=-121155 upos=0 uneg=1020 ball=14.47 vball=44.31 aball=0.0 bref=0.00 pid=0.0 pref=0.0 ppos=0.0 apid=0.0 integ=0.0 vision=1 current=1 vframe=2657 vs=1 vage=24 vpage=24 vdt=27 vmax=455 vacc=2643 vrej=0 seq=0 elapsed=0 oled=3C
[   2907] STATUS mode=1 fault=none enc=65 denc=0 sreq=0 sapplied=0 crate=0 uimp=-121155 upos=0 uneg=1020 ball=14.47 vball=47.53 aball=0.0 bref=0.00 pid=0.0 pref=0.0 ppos=0.0 apid=0.0 integ=0.0 vision=1 current=1 vframe=2658 vs=1 vage=31 vpage=31 vdt=33 vmax=455 vacc=2644 vrej=0 seq=0 elapsed=0 oled=3C
[   2922] STATUS mode=1 fault=none enc=65 denc=0 sreq=0 sapplied=0 crate=0 uimp=-121155 upos=0 uneg=1020 ball=14.47 vball=47.53 aball=0.0 bref=0.00 pid=0.0 pref=0.0 ppos=0.0 apid=0.0 integ=0.0 vision=1 current=1 vframe=2658 vs=1 vage=51 vpage=51 vdt=33 vmax=455 vacc=2644 vrej=0 seq=0 elapsed=0 oled=3C
[   2922] >>> stream off
[   2952] STATUS mode=1 fault=none enc=65 denc=0 sreq=0 sapplied=0 crate=0 uimp=-121155 upos=0 uneg=1020 ball=14.47 vball=47.53 aball=0.0 bref=0.00 pid=0.0 pref=0.0 ppos=0.0 apid=0.0 integ=0.0 vision=1 current=1 vframe=2658 vs=1 vage=71 vpage=71 vdt=33 vmax=455 vacc=2644 vrej=0 seq=0 elapsed=0 oled=3C
[   2952] OK stream off
[   3141] STOP_REASON vision_loss
