[      0] >>> bench on
[     16] OK stepper visual-only bench active; use zero before tests
[    187] >>> clear
[    187] OK fault cleared
[    375] >>> diag reset
[    375] OK actuator diagnostics reset
[    562] >>> gain ball 8.0 10.0 6.0 -1
[    577] OK ball gains kp=8.000 ki=10.000 kd=6.000 sign=-1
[    750] >>> gain accel 0.0
[    750] OK ball acceleration gain ka=0.000
[    937] >>> limit rate 2000
[    937] OK ball rate limit=2000 steps/s
[   1125] >>> stream on 20
[   1125] OK stream on 20 ms
[   1171] STATUS mode=1 fault=none enc=-292 denc=0 sreq=0 sapplied=0 crate=0 uimp=0 upos=0 uneg=0 ball=113.94 vball=0.75 aball=0.0 bref=0.00 pid=0.0 pref=0.0 ppos=0.0 apid=0.0 integ=0.0 vision=1 current=1 vframe=9897 vs=1 vage=12 vpage=12 vdt=93 vmax=745453 vacc=8614 vrej=0 seq=0 elapsed=0 oled=3C
[   1187] STATUS mode=1 fault=none enc=-292 denc=0 sreq=0 sapplied=0 crate=0 uimp=0 upos=0 uneg=0 ball=113.85 vball=-1.71 aball=0.0 bref=0.00 pid=0.0 pref=0.0 ppos=0.0 apid=0.0 integ=0.0 vision=1 current=1 vframe=9898 vs=1 vage=9 vpage=9 vdt=23 vmax=745453 vacc=8615 vrej=0 seq=0 elapsed=0 oled=3C
[   1218] STATUS mode=1 fault=none enc=-292 denc=0 sreq=0 sapplied=0 crate=0 uimp=0 upos=0 uneg=0 ball=113.85 vball=-1.71 aball=0.0 bref=0.00 pid=0.0 pref=0.0 ppos=0.0 apid=0.0 integ=0.0 vision=1 current=1 vframe=9898 vs=1 vage=29 vpage=29 vdt=23 vmax=745453 vacc=8615 vrej=0 seq=0 elapsed=0 oled=3C
[   1250] STATUS mode=1 fault=none enc=-292 denc=0 sreq=0 sapplied=0 crate=0 uimp=0 upos=0 uneg=0 ball=113.84 vball=-1.01 aball=0.0 bref=0.00 pid=0.0 pref=0.0 ppos=0.0 apid=0.0 integ=0.0 vision=1 current=1 vframe=9899 vs=1 vage=14 vpage=14 vdt=35 vmax=745453 vacc=8616 vrej=0 seq=0 elapsed=0 oled=3C
[   1266] STATUS mode=1 fault=none enc=-292 denc=0 sreq=0 sapplied=0 crate=0 uimp=0 upos=0 uneg=0 ball=113.84 vball=-1.01 aball=0.0 bref=0.00 pid=0.0 pref=0.0 ppos=0.0 apid=0.0 integ=0.0 vision=1 current=1 vframe=9899 vs=1 vage=54 vpage=54 vdt=35 vmax=745453 vacc=8616 vrej=0 seq=0 elapsed=0 oled=3C
[   1296] STATUS mode=1 fault=none enc=-292 denc=0 sreq=0 sapplied=0 crate=0 uimp=0 upos=0 uneg=0 ball=113.84 vball=-1.01 aball=0.0 bref=0.00 pid=0.0 pref=0.0 ppos=0.0 apid=0.0 integ=0.0 vision=1 current=1 vframe=9899 vs=1 vage=74 vpage=74 vdt=35 vmax=745453 vacc=8616 vrej=0 seq=0 elapsed=0 oled=3C
[   1296] >>> ball 0.0
[   1312] STATUS mode=1 fault=none enc=-292 denc=0 sreq=0 sapplied=0 crate=0 uimp=0 upos=0 uneg=0 ball=113.83 vball=-0.54 aball=0.0 bref=0.00 pid=0.0 pref=0.0 ppos=0.0 apid=0.0 integ=0.0 vision=1 current=1 vframe=9900 vs=1 vage=2 vpage=2 vdt=92 vmax=745453 vacc=8617 vrej=0 seq=0 elapsed=0 oled=3C
[   1343] STATUS mode=3 fault=none enc=-285 denc=7 sreq=200 sapplied=200 crate=200 uimp=500 upos=5 uneg=0 ball=113.83 vball=-0.54 aball=0.0 bref=0.00 pid=2000.0 pref=300.0 ppos=0.5 apid=0.0 integ=-0.0 vision=1 current=1 vframe=9900 vs=1 vage=22 vpage=22 vdt=92 vmax=745453 vacc=8617 vrej=0 seq=0 elapsed=0 oled=3C
[   1375] STATUS mode=3 fault=none enc=-258 denc=5 sreq=1000 sapplied=1000 crate=1000 uimp=22500 upos=45 uneg=0 ball=113.81 vball=-0.69 aball=0.0 bref=0.00 pid=2000.0 pref=300.0 ppos=22.5 apid=0.0 integ=-0.0 vision=1 current=1 vframe=9902 vs=1 vage=5 vpage=5 vdt=34 vmax=745453 vacc=8619 vrej=0 seq=0 elapsed=0 oled=3C
[   1405] STATUS mode=3 fault=none enc=-227 denc=9 sreq=1400 sapplied=1400 crate=1400 uimp=45500 upos=65 uneg=0 ball=113.81 vball=-0.69 aball=0.0 bref=0.00 pid=2000.0 pref=300.0 ppos=45.5 apid=0.0 integ=-0.0 vision=1 current=1 vframe=9902 vs=1 vage=25 vpage=25 vdt=34 vmax=745453 vacc=8619 vrej=0 seq=0 elapsed=0 oled=3C
[   1421] STATUS mode=3 fault=none enc=-188 denc=10 sreq=1800 sapplied=1800 crate=1800 uimp=76500 upos=85 uneg=0 ball=113.81 vball=-0.69 aball=0.0 bref=0.00 pid=2000.0 pref=300.0 ppos=76.5 apid=0.0 integ=-0.0 vision=1 current=1 vframe=9902 vs=1 vage=45 vpage=45 vdt=34 vmax=745453 vacc=8619 vrej=0 seq=0 elapsed=0 oled=3C
[   1452] STATUS mode=3 fault=none enc=-95 denc=10 sreq=1509 sapplied=1509 crate=1509 uimp=149115 upos=125 uneg=0 ball=113.81 vball=-0.69 aball=0.0 bref=0.00 pid=1508.8 pref=300.0 ppos=149.1 apid=0.0 integ=-0.0 vision=1 current=1 vframe=9902 vs=1 vage=85 vpage=85 vdt=34 vmax=745453 vacc=8619 vrej=0 seq=0 elapsed=0 oled=3C
[   1484] STATUS mode=3 fault=none enc=-60 denc=8 sreq=1229 sapplied=1229 crate=1229 uimp=177105 upos=145 uneg=0 ball=113.81 vball=-0.56 aball=-0.1 bref=0.00 pid=1229.0 pref=300.0 ppos=177.1 apid=-0.0 integ=-0.0 vision=1 current=1 vframe=9903 vs=1 vage=11 vpage=11 vdt=94 vmax=745453 vacc=8620 vrej=0 seq=0 elapsed=0 oled=3C
[   1516] STATUS mode=3 fault=none enc=-32 denc=6 sreq=909 sapplied=909 crate=909 uimp=199680 upos=165 uneg=0 ball=115.74 vball=42.90 aball=-0.1 bref=0.00 pid=400.0 pref=1200.0 ppos=199.7 apid=-0.0 integ=0.0 vision=1 current=1 vframe=9904 vs=1 vage=8 vpage=8 vdt=23 vmax=745453 vacc=8621 vrej=0 seq=0 elapsed=0 oled=3C
[   1530] STATUS mode=3 fault=none enc=-2 denc=3 sreq=400 sapplied=400 crate=400 uimp=223450 upos=205 uneg=0 ball=116.81 vball=38.00 aball=-0.1 bref=0.00 pid=400.0 pref=1200.0 ppos=223.4 apid=-0.0 integ=0.0 vision=1 current=1 vframe=9905 vs=1 vage=14 vpage=14 vdt=34 vmax=745453 vacc=8622 vrej=0 seq=0 elapsed=0 oled=3C
[   1562] STATUS mode=3 fault=none enc=8 denc=2 sreq=400 sapplied=400 crate=400 uimp=231450 upos=225 uneg=0 ball=116.81 vball=38.00 aball=-0.1 bref=0.00 pid=400.0 pref=1200.0 ppos=231.4 apid=-0.0 integ=0.0 vision=1 current=1 vframe=9905 vs=1 vage=34 vpage=34 vdt=34 vmax=745453 vacc=8622 vrej=0 seq=0 elapsed=0 oled=3C
[   1593] STATUS mode=3 fault=none enc=27 denc=2 sreq=400 sapplied=400 crate=400 uimp=247450 upos=265 uneg=0 ball=116.81 vball=38.00 aball=-0.1 bref=0.00 pid=400.0 pref=1200.0 ppos=239.4 apid=-0.0 integ=0.0 vision=1 current=1 vframe=9905 vs=1 vage=54 vpage=54 vdt=34 vmax=745453 vacc=8622 vrej=0 seq=0 elapsed=0 oled=3C
[   1609] STATUS mode=3 fault=none enc=38 denc=3 sreq=400 sapplied=400 crate=400 uimp=255450 upos=285 uneg=0 ball=116.81 vball=38.00 aball=-0.1 bref=0.00 pid=400.0 pref=1200.0 ppos=255.4 apid=-0.0 integ=0.0 vision=1 current=1 vframe=9905 vs=1 vage=94 vpage=94 vdt=34 vmax=745453 vacc=8622 vrej=0 seq=0 elapsed=0 oled=3C
[   1641] STATUS mode=3 fault=none enc=47 denc=2 sreq=400 sapplied=400 crate=400 uimp=263450 upos=305 uneg=0 ball=117.89 vball=26.69 aball=81.2 bref=0.00 pid=400.0 pref=1200.0 ppos=263.4 apid=0.0 integ=0.0 vision=1 current=1 vframe=9906 vs=1 vage=20 vpage=20 vdt=94 vmax=745453 vacc=8623 vrej=0 seq=0 elapsed=0 oled=3C
[   1671] STATUS mode=3 fault=none enc=68 denc=3 sreq=400 sapplied=400 crate=400 uimp=279450 upos=345 uneg=0 ball=117.28 vball=-2.07 aball=81.2 bref=0.00 pid=400.0 pref=1200.0 ppos=279.4 apid=0.0 integ=0.0 vision=1 current=1 vframe=9908 vs=1 vage=3 vpage=3 vdt=33 vmax=745453 vacc=8625 vrej=0 seq=0 elapsed=0 oled=3C
[   1702] STATUS mode=3 fault=none enc=79 denc=3 sreq=400 sapplied=400 crate=400 uimp=287450 upos=365 uneg=0 ball=117.28 vball=-2.07 aball=81.2 bref=0.00 pid=400.0 pref=1200.0 ppos=287.4 apid=0.0 integ=0.0 vision=1 current=1 vframe=9908 vs=1 vage=23 vpage=23 vdt=33 vmax=745453 vacc=8625 vrej=0 seq=0 elapsed=0 oled=3C
[   1718] STATUS mode=3 fault=none enc=89 denc=3 sreq=400 sapplied=400 crate=400 uimp=295450 upos=385 uneg=0 ball=117.28 vball=-2.07 aball=81.2 bref=0.00 pid=400.0 pref=1200.0 ppos=295.4 apid=0.0 integ=0.0 vision=1 current=1 vframe=9908 vs=1 vage=43 vpage=43 vdt=33 vmax=745453 vacc=8625 vrej=0 seq=0 elapsed=0 oled=3C
[   1750] STATUS mode=3 fault=none enc=109 denc=2 sreq=400 sapplied=400 crate=400 uimp=311450 upos=425 uneg=0 ball=117.28 vball=-2.07 aball=81.2 bref=0.00 pid=400.0 pref=1200.0 ppos=311.4 apid=0.0 integ=0.0 vision=1 current=1 vframe=9908 vs=1 vage=83 vpage=83 vdt=33 vmax=745453 vacc=8625 vrej=0 seq=0 elapsed=0 oled=3C
[   1780] STATUS mode=3 fault=none enc=120 denc=3 sreq=400 sapplied=400 crate=400 uimp=319450 upos=445 uneg=0 ball=116.96 vball=-3.72 aball=-43.6 bref=0.00 pid=400.0 pref=1200.0 ppos=319.4 apid=-0.0 integ=0.0 vision=1 current=1 vframe=9909 vs=1 vage=5 vpage=5 vdt=98 vmax=745453 vacc=8626 vrej=0 seq=0 elapsed=0 oled=3C
[   1812] STATUS mode=3 fault=none enc=130 denc=2 sreq=400 sapplied=400 crate=400 uimp=327450 upos=465 uneg=0 ball=116.96 vball=-3.72 aball=-43.6 bref=0.00 pid=400.0 pref=1200.0 ppos=327.4 apid=-0.0 integ=0.0 vision=1 current=1 vframe=9909 vs=1 vage=25 vpage=25 vdt=98 vmax=745453 vacc=8626 vrej=0 seq=0 elapsed=0 oled=3C
[   1827] STATUS mode=3 fault=none enc=150 denc=3 sreq=400 sapplied=400 crate=400 uimp=343450 upos=505 uneg=0 ball=117.42 vball=6.21 aball=-43.6 bref=0.00 pid=400.0 pref=1200.0 ppos=343.4 apid=-0.0 integ=0.0 vision=1 current=1 vframe=9910 vs=1 vage=31 vpage=31 vdt=34 vmax=745453 vacc=8627 vrej=0 seq=0 elapsed=0 oled=3C
[   1859] STATUS mode=3 fault=none enc=161 denc=3 sreq=400 sapplied=400 crate=400 uimp=351450 upos=525 uneg=0 ball=117.42 vball=6.21 aball=-43.6 bref=0.00 pid=400.0 pref=1200.0 ppos=351.4 apid=-0.0 integ=0.0 vision=1 current=1 vframe=9910 vs=1 vage=51 vpage=51 vdt=34 vmax=745453 vacc=8627 vrej=0 seq=0 elapsed=0 oled=3C
[   1891] STATUS mode=3 fault=none enc=171 denc=3 sreq=400 sapplied=400 crate=400 uimp=359450 upos=545 uneg=0 ball=117.42 vball=6.21 aball=-43.6 bref=0.00 pid=400.0 pref=1200.0 ppos=359.4 apid=-0.0 integ=0.0 vision=1 current=1 vframe=9910 vs=1 vage=71 vpage=71 vdt=34 vmax=745453 vacc=8627 vrej=0 seq=0 elapsed=0 oled=3C
[   1905] STATUS mode=3 fault=none enc=191 denc=3 sreq=400 sapplied=400 crate=400 uimp=375450 upos=585 uneg=0 ball=118.33 vball=8.83 aball=21.8 bref=0.00 pid=400.0 pref=1200.0 ppos=375.4 apid=0.0 integ=0.0 vision=1 current=1 vframe=9912 vs=1 vage=2 vpage=2 vdt=7 vmax=745453 vacc=8629 vrej=0 seq=0 elapsed=0 oled=3C
[   1937] STATUS mode=3 fault=none enc=202 denc=3 sreq=400 sapplied=400 crate=400 uimp=383450 upos=605 uneg=0 ball=118.33 vball=8.83 aball=21.8 bref=0.00 pid=400.0 pref=1200.0 ppos=383.4 apid=0.0 integ=0.0 vision=1 current=1 vframe=9912 vs=1 vage=22 vpage=22 vdt=7 vmax=745453 vacc=8629 vrej=0 seq=0 elapsed=0 oled=3C
[   1968] STATUS mode=3 fault=none enc=212 denc=3 sreq=400 sapplied=400 crate=400 uimp=391450 upos=625 uneg=0 ball=118.29 vball=5.79 aball=21.8 bref=0.00 pid=400.0 pref=1200.0 ppos=391.4 apid=0.0 integ=0.0 vision=1 current=1 vframe=9913 vs=1 vage=18 vpage=18 vdt=24 vmax=745453 vacc=8630 vrej=0 seq=0 elapsed=0 oled=3C
[   2000] STATUS mode=3 fault=none enc=232 denc=3 sreq=400 sapplied=400 crate=400 uimp=407450 upos=665 uneg=0 ball=118.22 vball=2.16 aball=21.8 bref=0.00 pid=400.0 pref=1200.0 ppos=407.4 apid=0.0 integ=0.0 vision=1 current=1 vframe=9914 vs=1 vage=25 vpage=25 vdt=33 vmax=745453 vacc=8631 vrej=0 seq=0 elapsed=0 oled=3C
[   2016] STATUS mode=3 fault=none enc=243 denc=3 sreq=400 sapplied=400 crate=400 uimp=415450 upos=685 uneg=0 ball=118.22 vball=2.16 aball=21.8 bref=0.00 pid=400.0 pref=1200.0 ppos=415.4 apid=0.0 integ=0.0 vision=1 current=1 vframe=9914 vs=1 vage=45 vpage=45 vdt=33 vmax=745453 vacc=8631 vrej=0 seq=0 elapsed=0 oled=3C
[   2046] STATUS mode=3 fault=none enc=253 denc=3 sreq=400 sapplied=400 crate=400 uimp=423450 upos=705 uneg=0 ball=118.22 vball=2.16 aball=21.8 bref=0.00 pid=400.0 pref=1200.0 ppos=423.4 apid=0.0 integ=0.0 vision=1 current=1 vframe=9914 vs=1 vage=65 vpage=65 vdt=33 vmax=745453 vacc=8631 vrej=0 seq=0 elapsed=0 oled=3C
[   2077] STATUS mode=3 fault=none enc=273 denc=3 sreq=400 sapplied=400 crate=400 uimp=439450 upos=745 uneg=0 ball=118.25 vball=1.21 aball=-12.3 bref=0.00 pid=400.0 pref=1200.0 ppos=439.4 apid=-0.0 integ=0.0 vision=1 current=1 vframe=9915 vs=1 vage=4 vpage=4 vdt=101 vmax=745453 vacc=8632 vrej=0 seq=0 elapsed=0 oled=3C
[   2109] STATUS mode=3 fault=none enc=283 denc=2 sreq=400 sapplied=400 crate=400 uimp=447450 upos=765 uneg=0 ball=118.25 vball=1.21 aball=-12.3 bref=0.00 pid=400.0 pref=1200.0 ppos=447.4 apid=-0.0 integ=0.0 vision=1 current=1 vframe=9915 vs=1 vage=24 vpage=24 vdt=101 vmax=745453 vacc=8632 vrej=0 seq=0 elapsed=0 oled=3C
[   2125] STATUS mode=3 fault=none enc=294 denc=3 sreq=400 sapplied=400 crate=400 uimp=455450 upos=785 uneg=0 ball=117.13 vball=-15.98 aball=-12.3 bref=0.00 pid=400.0 pref=1200.0 ppos=455.4 apid=-0.0 integ=0.0 vision=1 current=1 vframe=9916 vs=1 vage=12 vpage=12 vdt=32 vmax=745453 vacc=8633 vrej=0 seq=0 elapsed=0 oled=3C
[   2155] STATUS mode=3 fault=none enc=313 denc=2 sreq=400 sapplied=400 crate=400 uimp=471450 upos=825 uneg=0 ball=115.86 vball=-27.29 aball=-12.3 bref=0.00 pid=400.0 pref=1200.0 ppos=471.4 apid=-0.0 integ=0.0 vision=1 current=1 vframe=9917 vs=1 vage=18 vpage=18 vdt=34 vmax=745453 vacc=8634 vrej=0 seq=0 elapsed=0 oled=3C
[   2187] STATUS mode=3 fault=none enc=324 denc=3 sreq=400 sapplied=400 crate=400 uimp=479450 upos=845 uneg=0 ball=115.86 vball=-27.29 aball=-12.3 bref=0.00 pid=400.0 pref=1200.0 ppos=479.4 apid=-0.0 integ=0.0 vision=1 current=1 vframe=9917 vs=1 vage=38 vpage=38 vdt=34 vmax=745453 vacc=8634 vrej=0 seq=0 elapsed=0 oled=3C
[   2218] STATUS mode=3 fault=none enc=344 denc=3 sreq=400 sapplied=400 crate=400 uimp=495450 upos=885 uneg=0 ball=115.86 vball=-27.29 aball=-12.3 bref=0.00 pid=400.0 pref=1200.0 ppos=495.4 apid=-0.0 integ=0.0 vision=1 current=1 vframe=9917 vs=1 vage=78 vpage=78 vdt=34 vmax=745453 vacc=8634 vrej=0 seq=0 elapsed=0 oled=3C
[   2234] STATUS mode=3 fault=none enc=354 denc=3 sreq=400 sapplied=400 crate=400 uimp=503450 upos=905 uneg=0 ball=115.86 vball=-27.29 aball=-12.3 bref=0.00 pid=400.0 pref=1200.0 ppos=503.4 apid=-0.0 integ=0.0 vision=1 current=1 vframe=9917 vs=1 vage=98 vpage=98 vdt=34 vmax=745453 vacc=8634 vrej=0 seq=0 elapsed=0 oled=3C
[   2266] STATUS mode=3 fault=none enc=364 denc=3 sreq=400 sapplied=400 crate=400 uimp=511450 upos=925 uneg=0 ball=114.29 vball=-22.08 aball=-69.5 bref=0.00 pid=400.0 pref=1200.0 ppos=511.4 apid=-0.0 integ=0.0 vision=1 current=1 vframe=9918 vs=1 vage=17 vpage=17 vdt=101 vmax=745453 vacc=8635 vrej=0 seq=0 elapsed=0 oled=3C
[   2296] STATUS mode=3 fault=none enc=383 denc=2 sreq=400 sapplied=400 crate=400 uimp=527450 upos=965 uneg=0 ball=110.09 vball=-72.20 aball=-69.5 bref=0.00 pid=400.0 pref=1200.0 ppos=527.5 apid=-0.0 integ=0.0 vision=1 current=1 vframe=9919 vs=1 vage=25 vpage=25 vdt=32 vmax=745453 vacc=8636 vrej=0 seq=0 elapsed=0 oled=3C
[   2327] STATUS mode=3 fault=none enc=393 denc=2 sreq=200 sapplied=200 crate=200 uimp=534950 upos=985 uneg=0 ball=107.55 vball=-74.56 aball=-69.5 bref=0.00 pid=-2000.0 pref=300.0 ppos=535.0 apid=-0.0 integ=-0.0 vision=1 current=1 vframe=9920 vs=1 vage=10 vpage=10 vdt=35 vmax=745453 vacc=8637 vrej=0 seq=0 elapsed=0 oled=3C
[   2343] STATUS mode=3 fault=none enc=395 denc=-1 sreq=-200 sapplied=-200 crate=-200 uimp=536450 upos=995 uneg=0 ball=107.55 vball=-74.56 aball=-69.5 bref=0.00 pid=-2000.0 pref=300.0 ppos=536.5 apid=-0.0 integ=-0.0 vision=1 current=1 vframe=9920 vs=1 vage=30 vpage=30 vdt=35 vmax=745453 vacc=8637 vrej=0 seq=0 elapsed=0 oled=3C
[   2375] STATUS mode=3 fault=none enc=369 denc=-6 sreq=-1000 sapplied=-1000 crate=-1000 uimp=514450 upos=995 uneg=40 ball=107.55 vball=-74.56 aball=-69.5 bref=0.00 pid=-2000.0 pref=300.0 ppos=514.5 apid=-0.0 integ=-0.0 vision=1 current=1 vframe=9920 vs=1 vage=70 vpage=70 vdt=35 vmax=745453 vacc=8637 vrej=0 seq=0 elapsed=0 oled=3C
[   2405] STATUS mode=3 fault=none enc=341 denc=-6 sreq=-1400 sapplied=-1400 crate=-1400 uimp=491450 upos=995 uneg=60 ball=107.55 vball=-74.56 aball=-69.5 bref=0.00 pid=-1914.5 pref=300.0 ppos=491.5 apid=-0.0 integ=-0.0 vision=1 current=1 vframe=9920 vs=1 vage=90 vpage=90 vdt=35 vmax=745453 vacc=8637 vrej=0 seq=0 elapsed=0 oled=3C
[   2437] STATUS mode=3 fault=none enc=263 denc=-8 sreq=-1307 sapplied=-1307 crate=-1307 uimp=430725 upos=995 uneg=100 ball=107.55 vball=-74.56 aball=-69.5 bref=0.00 pid=-1307.2 pref=300.0 ppos=430.7 apid=-0.0 integ=-0.0 vision=1 current=0 vframe=9921 vs=0 vage=130 vpage=30 vdt=35 vmax=745453 vacc=8637 vrej=0 seq=0 elapsed=0 oled=3C
[   2468] STATUS mode=3 fault=none enc=231 denc=-8 sreq=-1065 sapplied=-1065 crate=-1065 uimp=406475 upos=995 uneg=120 ball=103.05 vball=-62.80 aball=-130.8 bref=0.00 pid=-1064.8 pref=300.0 ppos=406.5 apid=-0.0 integ=-0.0 vision=1 current=1 vframe=9922 vs=1 vage=19 vpage=19 vdt=131 vmax=745453 vacc=8638 vrej=0 seq=0 elapsed=0 oled=3C
[   2484] STATUS mode=3 fault=none enc=206 denc=-6 sreq=-1013 sapplied=-1013 crate=-1013 uimp=386725 upos=995 uneg=140 ball=88.68 vball=-225.22 aball=-130.8 bref=0.00 pid=-2000.0 pref=-300.0 ppos=386.7 apid=-0.0 integ=-0.0 vision=1 current=1 vframe=9923 vs=1 vage=5 vpage=5 vdt=34 vmax=745453 vacc=8639 vrej=0 seq=0 elapsed=0 oled=3C
[   2516] STATUS mode=3 fault=none enc=136 denc=-10 sreq=-1813 sapplied=-1813 crate=-1813 uimp=332205 upos=995 uneg=180 ball=88.68 vball=-225.22 aball=-130.8 bref=0.00 pid=-2000.0 pref=-300.0 ppos=332.2 apid=-0.0 integ=-0.0 vision=1 current=1 vframe=9923 vs=1 vage=45 vpage=45 vdt=34 vmax=745453 vacc=8639 vrej=0 seq=0 elapsed=0 oled=3C
[   2546] STATUS mode=3 fault=none enc=88 denc=-11 sreq=-2000 sapplied=-2000 crate=-2000 uimp=293575 upos=995 uneg=200 ball=88.68 vball=-225.22 aball=-130.8 bref=0.00 pid=-2000.0 pref=-300.0 ppos=293.6 apid=-0.0 integ=-0.0 vision=1 current=1 vframe=9923 vs=1 vage=65 vpage=65 vdt=34 vmax=745453 vacc=8639 vrej=0 seq=0 elapsed=0 oled=3C
[   2577] STATUS mode=3 fault=none enc=-15 denc=-13 sreq=-2000 sapplied=-2000 crate=-2000 uimp=213575 upos=995 uneg=240 ball=78.64 vball=-177.25 aball=-450.6 bref=0.00 pid=-2000.0 pref=-300.0 ppos=213.6 apid=-0.0 integ=-0.0 vision=1 current=1 vframe=9924 vs=1 vage=3 vpage=3 vdt=102 vmax=745453 vacc=8640 vrej=0 seq=0 elapsed=0 oled=3C
[   2609] STATUS mode=3 fault=none enc=-64 denc=-12 sreq=-2000 sapplied=-2000 crate=-2000 uimp=173575 upos=995 uneg=260 ball=78.64 vball=-177.25 aball=-450.6 bref=0.00 pid=-2000.0 pref=-300.0 ppos=173.6 apid=-0.0 integ=-0.0 vision=1 current=1 vframe=9924 vs=1 vage=23 vpage=23 vdt=102 vmax=745453 vacc=8640 vrej=0 seq=0 elapsed=0 oled=3C
[   2625] STATUS mode=3 fault=none enc=-164 denc=-13 sreq=-2000 sapplied=-2000 crate=-2000 uimp=93575 upos=995 uneg=300 ball=68.80 vball=-247.98 aball=-450.6 bref=0.00 pid=-2000.0 pref=-300.0 ppos=93.6 apid=-0.0 integ=-0.0 vision=1 current=1 vframe=9925 vs=1 vage=32 vpage=32 vdt=31 vmax=745453 vacc=8641 vrej=0 seq=0 elapsed=0 oled=3C
[   2655] STATUS mode=3 fault=none enc=-216 denc=-13 sreq=-2000 sapplied=-2000 crate=-2000 uimp=53575 upos=995 uneg=320 ball=63.36 vball=-206.60 aball=-450.6 bref=0.00 pid=-2000.0 pref=-300.0 ppos=53.6 apid=-0.0 integ=-0.0 vision=1 current=1 vframe=9926 vs=1 vage=19 vpage=19 vdt=33 vmax=745453 vacc=8642 vrej=0 seq=0 elapsed=0 oled=3C
[   2687] STATUS mode=3 fault=none enc=-268 denc=-13 sreq=-2000 sapplied=-2000 crate=-2000 uimp=13575 upos=995 uneg=340 ball=63.36 vball=-206.60 aball=-450.6 bref=0.00 pid=-2000.0 pref=-300.0 ppos=13.6 apid=-0.0 integ=-0.0 vision=1 current=1 vframe=9926 vs=1 vage=39 vpage=39 vdt=33 vmax=745453 vacc=8642 vrej=0 seq=0 elapsed=0 oled=3C
[   2718] STATUS mode=3 fault=none enc=-372 denc=-13 sreq=-2000 sapplied=-2000 crate=-2000 uimp=-66425 upos=995 uneg=380 ball=63.36 vball=-206.60 aball=-450.6 bref=0.00 pid=-2000.0 pref=-300.0 ppos=-66.4 apid=-0.0 integ=-0.0 vision=1 current=1 vframe=9926 vs=1 vage=79 vpage=79 vdt=33 vmax=745453 vacc=8642 vrej=0 seq=0 elapsed=0 oled=3C
[   2750] STATUS mode=3 fault=none enc=-425 denc=-14 sreq=-1936 sapplied=-1936 crate=-1936 uimp=-106425 upos=995 uneg=400 ball=55.15 vball=-155.02 aball=-185.3 bref=0.00 pid=-1935.7 pref=-300.0 ppos=-106.4 apid=-0.0 integ=-0.0 vision=1 current=1 vframe=9927 vs=1 vage=3 vpage=3 vdt=96 vmax=745453 vacc=8643 vrej=0 seq=0 elapsed=0 oled=3C
[   2780] STATUS mode=3 fault=none enc=-509 denc=-9 sreq=-1284 sapplied=-1284 crate=-1284 uimp=-171585 upos=995 uneg=440 ball=48.83 vball=-228.96 aball=-185.3 bref=0.00 pid=-1284.1 pref=-300.0 ppos=-171.6 apid=-0.0 integ=-0.0 vision=1 current=1 vframe=9928 vs=1 vage=22 vpage=22 vdt=21 vmax=745453 vacc=8644 vrej=0 seq=0 elapsed=0 oled=3C
[   2796] STATUS mode=3 fault=none enc=-539 denc=-7 sreq=-1046 sapplied=-1046 crate=-1046 uimp=-195405 upos=995 uneg=460 ball=44.81 vball=-175.98 aball=-185.3 bref=0.00 pid=-1045.9 pref=-300.0 ppos=-195.4 apid=-0.0 integ=-0.0 vision=1 current=1 vframe=9929 vs=1 vage=8 vpage=8 vdt=34 vmax=745453 vacc=8645 vrej=0 seq=0 elapsed=0 oled=3C
[   2827] STATUS mode=3 fault=none enc=-584 denc=-5 sreq=-694 sapplied=-694 crate=-694 uimp=-230610 upos=995 uneg=500 ball=44.81 vball=-175.98 aball=-185.3 bref=0.00 pid=-693.9 pref=-300.0 ppos=-214.8 apid=-0.0 integ=-0.0 vision=1 current=1 vframe=9929 vs=1 vage=28 vpage=28 vdt=34 vmax=745453 vacc=8645 vrej=0 seq=0 elapsed=0 oled=3C
[   2859] STATUS mode=3 fault=none enc=-601 denc=-4 sreq=-565 sapplied=-565 crate=-565 uimp=-243480 upos=995 uneg=520 ball=44.81 vball=-175.98 aball=-185.3 bref=0.00 pid=-565.2 pref=-300.0 ppos=-243.5 apid=-0.0 integ=-0.0 vision=1 current=1 vframe=9929 vs=1 vage=68 vpage=68 vdt=34 vmax=745453 vacc=8645 vrej=0 seq=0 elapsed=0 oled=3C
[   2891] STATUS mode=3 fault=none enc=-614 denc=-3 sreq=-460 sapplied=-460 crate=-460 uimp=-253965 upos=995 uneg=540 ball=44.81 vball=-175.98 aball=-185.3 bref=0.00 pid=-460.3 pref=-300.0 ppos=-254.0 apid=-0.0 integ=-0.0 vision=1 current=1 vframe=9929 vs=1 vage=88 vpage=88 vdt=34 vmax=745453 vacc=8645 vrej=0 seq=0 elapsed=0 oled=3C
[   2921] STATUS mode=3 fault=none enc=-634 denc=-2 sreq=-138 sapplied=-138 crate=-138 uimp=-269035 upos=995 uneg=580 ball=39.01 vball=-79.44 aball=3.1 bref=0.00 pid=1044.8 pref=-164.6 ppos=-269.0 apid=0.0 integ=-0.0 vision=1 current=1 vframe=9931 vs=1 vage=11 vpage=11 vdt=22 vmax=745453 vacc=8647 vrej=0 seq=0 elapsed=0 oled=3C
[   2937] STATUS mode=3 fault=none enc=-635 denc=0 sreq=262 sapplied=262 crate=262 uimp=-269105 upos=1000 uneg=590 ball=39.01 vball=-79.44 aball=3.1 bref=0.00 pid=1045.5 pref=-164.6 ppos=-269.1 apid=0.0 integ=-0.0 vision=1 current=1 vframe=9931 vs=1 vage=31 vpage=31 vdt=22 vmax=745453 vacc=8647 vrej=0 seq=0 elapsed=0 oled=3C
[   2968] STATUS mode=3 fault=none enc=-604 denc=6 sreq=1062 sapplied=1062 crate=1062 uimp=-244625 upos=1040 uneg=590 ball=38.94 vball=-41.89 aball=3.1 bref=0.00 pid=2000.0 pref=60.2 ppos=-244.6 apid=0.0 integ=-0.0 vision=1 current=1 vframe=9932 vs=1 vage=36 vpage=36 vdt=35 vmax=745453 vacc=8648 vrej=0 seq=0 elapsed=0 oled=3C
[   3000] STATUS mode=3 fault=none enc=-571 denc=9 sreq=1462 sapplied=1462 crate=1462 uimp=-220385 upos=1060 uneg=590 ball=38.94 vball=-41.89 aball=3.1 bref=0.00 pid=2000.0 pref=60.2 ppos=-220.4 apid=0.0 integ=-0.0 vision=1 current=1 vframe=9932 vs=1 vage=56 vpage=56 vdt=35 vmax=745453 vacc=8648 vrej=0 seq=0 elapsed=0 oled=3C
[   3030] STATUS mode=3 fault=none enc=-529 denc=12 sreq=1862 sapplied=1862 crate=1862 uimp=-188145 upos=1080 uneg=590 ball=38.94 vball=-41.89 aball=3.1 bref=0.00 pid=2000.0 pref=60.2 ppos=-188.1 apid=0.0 integ=-0.0 vision=1 current=1 vframe=9932 vs=1 vage=76 vpage=76 vdt=35 vmax=745453 vacc=8648 vrej=0 seq=0 elapsed=0 oled=3C
[   3062] STATUS mode=3 fault=none enc=-427 denc=12 sreq=2000 sapplied=2000 crate=2000 uimp=-109025 upos=1120 uneg=590 ball=38.75 vball=-21.76 aball=290.7 bref=0.00 pid=2000.0 pref=179.4 ppos=-109.0 apid=0.0 integ=-0.0 vision=1 current=1 vframe=9933 vs=1 vage=20 vpage=20 vdt=96 vmax=745453 vacc=8649 vrej=0 seq=0 elapsed=0 oled=3C
[   3077] STATUS mode=3 fault=none enc=-374 denc=13 sreq=2000 sapplied=2000 crate=2000 uimp=-69025 upos=1140 uneg=590 ball=38.75 vball=-21.76 aball=290.7 bref=0.00 pid=2000.0 pref=179.4 ppos=-69.0 apid=0.0 integ=-0.0 vision=1 current=0 vframe=9934 vs=0 vage=40 vpage=4 vdt=96 vmax=745453 vacc=8649 vrej=0 seq=0 elapsed=0 oled=3C
[   3109] STATUS mode=3 fault=none enc=-321 denc=14 sreq=2000 sapplied=2000 crate=2000 uimp=-29025 upos=1160 uneg=590 ball=38.75 vball=-21.76 aball=290.7 bref=0.00 pid=2000.0 pref=179.4 ppos=-29.0 apid=0.0 integ=-0.0 vision=1 current=0 vframe=9934 vs=0 vage=60 vpage=24 vdt=96 vmax=745453 vacc=8649 vrej=0 seq=0 elapsed=0 oled=3C
[   3141] STATUS mode=3 fault=none enc=-231 denc=9 sreq=1386 sapplied=1386 crate=1386 uimp=40850 upos=1200 uneg=590 ball=38.75 vball=-21.76 aball=290.7 bref=0.00 pid=1385.9 pref=179.4 ppos=40.8 apid=0.0 integ=-0.0 vision=1 current=0 vframe=9934 vs=0 vage=100 vpage=64 vdt=96 vmax=745453 vacc=8649 vrej=0 seq=0 elapsed=0 oled=3C
[   3171] STATUS mode=3 fault=none enc=-198 denc=7 sreq=1129 sapplied=1129 crate=1129 uimp=66560 upos=1220 uneg=590 ball=38.75 vball=-21.76 aball=290.7 bref=0.00 pid=1128.8 pref=179.4 ppos=66.6 apid=0.0 integ=-0.0 vision=1 current=0 vframe=9934 vs=0 vage=120 vpage=84 vdt=96 vmax=745453 vacc=8649 vrej=0 seq=0 elapsed=0 oled=3C
[   3187] STATUS mode=3 fault=none enc=-144 denc=7 sreq=1319 sapplied=1319 crate=1319 uimp=108880 upos=1260 uneg=590 ball=56.47 vball=134.05 aball=725.7 bref=0.00 pid=1911.2 pref=300.0 ppos=108.9 apid=0.0 integ=-0.0 vision=1 current=1 vframe=9936 vs=1 vage=12 vpage=12 vdt=7 vmax=745453 vacc=8651 vrej=0 seq=0 elapsed=0 oled=3C
[   3218] STATUS mode=3 fault=none enc=-107 denc=9 sreq=1617 sapplied=1617 crate=1617 uimp=138260 upos=1280 uneg=590 ball=56.47 vball=134.05 aball=725.7 bref=0.00 pid=1617.4 pref=300.0 ppos=138.3 apid=0.0 integ=-0.0 vision=1 current=1 vframe=9936 vs=1 vage=32 vpage=32 vdt=7 vmax=745453 vacc=8651 vrej=0 seq=0 elapsed=0 oled=3C
[   3250] STATUS mode=3 fault=none enc=-69 denc=8 sreq=1317 sapplied=1317 crate=1317 uimp=168265 upos=1300 uneg=590 ball=67.42 vball=216.86 aball=725.7 bref=0.00 pid=1317.4 pref=300.0 ppos=168.3 apid=0.0 integ=-0.0 vision=1 current=1 vframe=9937 vs=1 vage=15 vpage=15 vdt=37 vmax=745453 vacc=8652 vrej=0 seq=0 elapsed=0 oled=3C
[   3280] STATUS mode=3 fault=none enc=-14 denc=6 sreq=874 sapplied=874 crate=874 uimp=212600 upos=1340 uneg=590 ball=67.42 vball=216.86 aball=725.7 bref=0.00 pid=874.0 pref=300.0 ppos=212.6 apid=0.0 integ=-0.0 vision=1 current=1 vframe=9937 vs=1 vage=55 vpage=55 vdt=37 vmax=745453 vacc=8652 vrej=0 seq=0 elapsed=0 oled=3C
[   3296] STATUS mode=3 fault=none enc=6 denc=4 sreq=712 sapplied=712 crate=712 uimp=228810 upos=1360 uneg=590 ball=67.42 vball=216.86 aball=725.7 bref=0.00 pid=711.9 pref=300.0 ppos=228.8 apid=0.0 integ=-0.0 vision=1 current=1 vframe=9937 vs=1 vage=75 vpage=75 vdt=37 vmax=745453 vacc=8652 vrej=0 seq=0 elapsed=0 oled=3C
[   3327] STATUS mode=3 fault=none enc=36 denc=3 sreq=472 sapplied=472 crate=472 uimp=252770 upos=1400 uneg=590 ball=73.57 vball=200.46 aball=532.1 bref=0.00 pid=472.3 pref=300.0 ppos=252.8 apid=0.0 integ=-0.0 vision=1 current=1 vframe=9938 vs=1 vage=7 vpage=7 vdt=108 vmax=745453 vacc=8653 vrej=0 seq=0 elapsed=0 oled=3C
[   3359] STATUS mode=3 fault=none enc=47 denc=2 sreq=385 sapplied=385 crate=385 uimp=261530 upos=1420 uneg=590 ball=80.03 vball=166.13 aball=532.1 bref=0.00 pid=384.7 pref=300.0 ppos=261.5 apid=0.0 integ=-0.0 vision=1 current=1 vframe=9939 vs=1 vage=16 vpage=16 vdt=11 vmax=745453 vacc=8654 vrej=0 seq=0 elapsed=0 oled=3C
[   3391] STATUS mode=3 fault=none enc=55 denc=2 sreq=313 sapplied=313 crate=313 uimp=268665 upos=1440 uneg=590 ball=92.51 vball=261.50 aball=532.1 bref=0.00 pid=313.4 pref=300.0 ppos=268.7 apid=0.0 integ=-0.0 vision=1 current=1 vframe=9940 vs=1 vage=5 vpage=5 vdt=31 vmax=745453 vacc=8655 vrej=0 seq=0 elapsed=0 oled=3C
[   3405] STATUS mode=3 fault=none enc=68 denc=1 sreq=208 sapplied=208 crate=208 uimp=279210 upos=1480 uneg=590 ball=98.29 vball=219.16 aball=532.1 bref=0.00 pid=207.9 pref=300.0 ppos=279.2 apid=0.0 integ=-0.0 vision=1 current=1 vframe=9941 vs=1 vage=12 vpage=12 vdt=33 vmax=745453 vacc=8656 vrej=0 seq=0 elapsed=0 oled=3C
[   3437] STATUS mode=3 fault=none enc=73 denc=0 sreq=169 sapplied=169 crate=169 uimp=283070 upos=1500 uneg=590 ball=98.29 vball=219.16 aball=532.1 bref=0.00 pid=169.3 pref=300.0 ppos=283.1 apid=0.0 integ=-0.0 vision=1 current=1 vframe=9941 vs=1 vage=32 vpage=32 vdt=33 vmax=745453 vacc=8656 vrej=0 seq=0 elapsed=0 oled=3C
[   3468] STATUS mode=3 fault=none enc=78 denc=1 sreq=138 sapplied=138 crate=138 uimp=286210 upos=1520 uneg=590 ball=98.29 vball=219.16 aball=532.1 bref=0.00 pid=137.9 pref=300.0 ppos=286.2 apid=0.0 integ=-0.0 vision=1 current=1 vframe=9941 vs=1 vage=52 vpage=52 vdt=33 vmax=745453 vacc=8656 vrej=0 seq=0 elapsed=0 oled=3C
[   3500] STATUS mode=3 fault=none enc=84 denc=2 sreq=92 sapplied=92 crate=92 uimp=290845 upos=1560 uneg=590 ball=98.29 vball=219.16 aball=532.1 bref=0.00 pid=91.6 pref=300.0 ppos=290.8 apid=0.0 integ=-0.0 vision=1 current=1 vframe=9941 vs=1 vage=92 vpage=92 vdt=33 vmax=745453 vacc=8656 vrej=0 seq=0 elapsed=0 oled=3C
[   3516] STATUS mode=3 fault=none enc=86 denc=1 sreq=75 sapplied=75 crate=75 uimp=292545 upos=1580 uneg=590 ball=107.41 vball=168.78 aball=213.0 bref=0.00 pid=74.6 pref=300.0 ppos=292.5 apid=0.0 integ=-0.0 vision=1 current=1 vframe=9942 vs=1 vage=8 vpage=8 vdt=104 vmax=745453 vacc=8657 vrej=0 seq=0 elapsed=0 oled=3C
[   3546] STATUS mode=3 fault=none enc=88 denc=1 sreq=61 sapplied=61 crate=61 uimp=293930 upos=1600 uneg=590 ball=107.41 vball=168.78 aball=213.0 bref=0.00 pid=60.7 pref=300.0 ppos=293.9 apid=0.0 integ=-0.0 vision=1 current=1 vframe=9942 vs=1 vage=28 vpage=28 vdt=104 vmax=745453 vacc=8657 vrej=0 seq=0 elapsed=0 oled=3C
[   3577] STATUS mode=3 fault=none enc=101 denc=2 sreq=400 sapplied=400 crate=400 uimp=306150 upos=1640 uneg=590 ball=120.30 vball=158.25 aball=213.0 bref=0.00 pid=400.0 pref=1200.0 ppos=306.1 apid=0.0 integ=0.0 vision=1 current=1 vframe=9944 vs=1 vage=6 vpage=6 vdt=33 vmax=745453 vacc=8659 vrej=0 seq=0 elapsed=0 oled=3C
[   3609] STATUS mode=3 fault=none enc=111 denc=2 sreq=400 sapplied=400 crate=400 uimp=314150 upos=1660 uneg=590 ball=120.30 vball=158.25 aball=213.0 bref=0.00 pid=400.0 pref=1200.0 ppos=314.1 apid=0.0 integ=0.0 vision=1 current=1 vframe=9944 vs=1 vage=26 vpage=26 vdt=33 vmax=745453 vacc=8659 vrej=0 seq=0 elapsed=0 oled=3C
[   3625] STATUS mode=3 fault=none enc=121 denc=2 sreq=400 sapplied=400 crate=400 uimp=322150 upos=1680 uneg=590 ball=120.30 vball=158.25 aball=213.0 bref=0.00 pid=400.0 pref=1200.0 ppos=322.1 apid=0.0 integ=0.0 vision=1 current=1 vframe=9944 vs=1 vage=46 vpage=46 vdt=33 vmax=745453 vacc=8659 vrej=0 seq=0 elapsed=0 oled=3C
[   3655] STATUS mode=3 fault=none enc=142 denc=3 sreq=400 sapplied=400 crate=400 uimp=338150 upos=1720 uneg=590 ball=120.30 vball=158.25 aball=213.0 bref=0.00 pid=400.0 pref=1200.0 ppos=338.1 apid=0.0 integ=0.0 vision=1 current=1 vframe=9944 vs=1 vage=86 vpage=86 vdt=33 vmax=745453 vacc=8659 vrej=0 seq=0 elapsed=0 oled=3C
[   3687] STATUS mode=3 fault=none enc=152 denc=3 sreq=400 sapplied=400 crate=400 uimp=346150 upos=1740 uneg=590 ball=119.39 vball=70.45 aball=-154.3 bref=0.00 pid=400.0 pref=1200.0 ppos=346.1 apid=-0.0 integ=0.0 vision=1 current=1 vframe=9945 vs=1 vage=5 vpage=5 vdt=101 vmax=745453 vacc=8660 vrej=0 seq=0 elapsed=0 oled=3C
[   3718] STATUS mode=3 fault=none enc=173 denc=3 sreq=400 sapplied=400 crate=400 uimp=362150 upos=1780 uneg=590 ball=112.97 vball=-108.72 aball=-154.3 bref=0.00 pid=400.0 pref=1200.0 ppos=362.1 apid=-0.0 integ=0.0 vision=1 current=1 vframe=9946 vs=1 vage=25 vpage=25 vdt=20 vmax=745453 vacc=8661 vrej=0 seq=0 elapsed=0 oled=3C
[   3734] STATUS mode=3 fault=none enc=181 denc=1 sreq=100 sapplied=100 crate=100 uimp=368650 upos=1800 uneg=590 ball=110.04 vball=-100.53 aball=-154.3 bref=0.00 pid=-915.1 pref=277.1 ppos=368.6 apid=-0.0 integ=-0.0 vision=1 current=1 vframe=9947 vs=1 vage=16 vpage=16 vdt=29 vmax=745453 vacc=8662 vrej=0 seq=0 elapsed=0 oled=3C
[   3766] STATUS mode=3 fault=none enc=182 denc=1 sreq=-300 sapplied=-300 crate=-300 uimp=368150 upos=1805 uneg=595 ball=110.04 vball=-100.53 aball=-154.3 bref=0.00 pid=-910.1 pref=277.1 ppos=368.1 apid=-0.0 integ=-0.0 vision=1 current=1 vframe=9947 vs=1 vage=36 vpage=36 vdt=29 vmax=745453 vacc=8662 vrej=0 seq=0 elapsed=0 oled=3C
[   3796] STATUS mode=3 fault=none enc=152 denc=-4 sreq=-673 sapplied=-673 crate=-673 uimp=344450 upos=1805 uneg=635 ball=110.04 vball=-100.53 aball=-154.3 bref=0.00 pid=-673.1 pref=277.1 ppos=344.4 apid=-0.0 integ=-0.0 vision=1 current=1 vframe=9947 vs=1 vage=76 vpage=76 vdt=29 vmax=745453 vacc=8662 vrej=0 seq=0 elapsed=0 oled=3C
[   3827] STATUS mode=3 fault=none enc=135 denc=-4 sreq=-548 sapplied=-548 crate=-548 uimp=331970 upos=1805 uneg=655 ball=110.04 vball=-100.53 aball=-154.3 bref=0.00 pid=-548.3 pref=277.1 ppos=332.0 apid=-0.0 integ=-0.0 vision=1 current=1 vframe=9947 vs=1 vage=96 vpage=96 vdt=29 vmax=745453 vacc=8662 vrej=0 seq=0 elapsed=0 oled=3C
[   3859] STATUS mode=3 fault=none enc=119 denc=-1 sreq=-296 sapplied=-296 crate=-296 uimp=318665 upos=1805 uneg=695 ball=99.81 vball=-131.99 aball=-516.8 bref=0.00 pid=-2000.0 pref=6.5 ppos=318.7 apid=-0.0 integ=-0.0 vision=1 current=1 vframe=9949 vs=1 vage=3 vpage=3 vdt=32 vmax=745453 vacc=8664 vrej=0 seq=0 elapsed=0 oled=3C
[   3875] STATUS mode=3 fault=none enc=107 denc=-4 sreq=-696 sapplied=-696 crate=-696 uimp=309745 upos=1805 uneg=715 ball=99.81 vball=-131.99 aball=-516.8 bref=0.00 pid=-2000.0 pref=6.5 ppos=309.7 apid=-0.0 integ=-0.0 vision=1 current=1 vframe=9949 vs=1 vage=23 vpage=23 vdt=32 vmax=745453 vacc=8664 vrej=0 seq=0 elapsed=0 oled=3C
[   3905] STATUS mode=3 fault=none enc=85 denc=-7 sreq=-1096 sapplied=-1096 crate=-1096 uimp=292825 upos=1805 uneg=735 ball=96.71 vball=-113.29 aball=-516.8 bref=0.00 pid=-1988.8 pref=93.9 ppos=292.8 apid=-0.0 integ=-0.0 vision=1 current=1 vframe=9950 vs=1 vage=9 vpage=9 vdt=34 vmax=745453 vacc=8665 vrej=0 seq=0 elapsed=0 oled=3C
[   3937] STATUS mode=3 fault=none enc=15 denc=-8 sreq=-1430 sapplied=-1430 crate=-1430 uimp=236990 upos=1805 uneg=775 ball=96.71 vball=-113.29 aball=-516.8 bref=0.00 pid=-1430.5 pref=93.9 ppos=237.0 apid=-0.0 integ=-0.0 vision=1 current=1 vframe=9950 vs=1 vage=49 vpage=49 vdt=34 vmax=745453 vacc=8665 vrej=0 seq=0 elapsed=0 oled=3C
[   3968] STATUS mode=3 fault=none enc=-20 denc=-8 sreq=-1165 sapplied=-1165 crate=-1165 uimp=210460 upos=1805 uneg=795 ball=96.71 vball=-113.29 aball=-516.8 bref=0.00 pid=-1165.2 pref=93.9 ppos=210.5 apid=-0.0 integ=-0.0 vision=1 current=1 vframe=9950 vs=1 vage=69 vpage=69 vdt=34 vmax=745453 vacc=8665 vrej=0 seq=0 elapsed=0 oled=3C
[   4000] STATUS mode=3 fault=none enc=-68 denc=-5 sreq=-656 sapplied=-656 crate=-656 uimp=171530 upos=1805 uneg=835 ball=91.84 vball=-86.75 aball=-320.5 bref=0.00 pid=426.9 pref=214.2 ppos=171.5 apid=-0.0 integ=-0.0 vision=1 current=1 vframe=9951 vs=1 vage=11 vpage=11 vdt=98 vmax=745453 vacc=8666 vrej=0 seq=0 elapsed=0 oled=3C
[   4016] STATUS mode=3 fault=none enc=-80 denc=-2 sreq=-256 sapplied=-256 crate=-256 uimp=161410 upos=1805 uneg=855 ball=91.84 vball=-86.75 aball=-320.5 bref=0.00 pid=528.1 pref=214.2 ppos=161.4 apid=-0.0 integ=-0.0 vision=1 current=1 vframe=9951 vs=1 vage=31 vpage=31 vdt=98 vmax=745453 vacc=8666 vrej=0 seq=0 elapsed=0 oled=3C
[   4046] STATUS mode=3 fault=none enc=-87 denc=-3 sreq=-456 sapplied=-456 crate=-456 uimp=156290 upos=1805 uneg=875 ball=84.37 vball=-148.69 aball=-320.5 bref=0.00 pid=-2000.0 pref=-217.2 ppos=156.3 apid=-0.0 integ=-0.0 vision=1 current=1 vframe=9952 vs=1 vage=15 vpage=15 vdt=36 vmax=745453 vacc=8667 vrej=0 seq=0 elapsed=0 oled=3C
[   4077] STATUS mode=3 fault=none enc=-128 denc=-8 sreq=-1256 sapplied=-1256 crate=-1256 uimp=124050 upos=1805 uneg=915 ball=84.37 vball=-148.69 aball=-320.5 bref=0.00 pid=-2000.0 pref=-217.2 ppos=124.0 apid=-0.0 integ=-0.0 vision=1 current=1 vframe=9952 vs=1 vage=55 vpage=55 vdt=36 vmax=745453 vacc=8667 vrej=0 seq=0 elapsed=0 oled=3C
[   4109] STATUS mode=3 fault=none enc=-162 denc=-9 sreq=-1656 sapplied=-1656 crate=-1656 uimp=95930 upos=1805 uneg=935 ball=84.37 vball=-148.69 aball=-320.5 bref=0.00 pid=-2000.0 pref=-217.2 ppos=95.9 apid=-0.0 integ=-0.0 vision=1 current=1 vframe=9952 vs=1 vage=75 vpage=75 vdt=36 vmax=745453 vacc=8667 vrej=0 seq=0 elapsed=0 oled=3C
[   4141] STATUS mode=3 fault=none enc=-261 denc=-13 sreq=-1800 sapplied=-1800 crate=-1800 uimp=20310 upos=1805 uneg=975 ball=77.15 vball=-104.88 aball=-306.8 bref=0.00 pid=-323.9 pref=-12.1 ppos=20.3 apid=-0.0 integ=-0.0 vision=1 current=1 vframe=9960 vs=1 vage=4 vpage=4 vdt=7 vmax=745453 vacc=8675 vrej=0 seq=0 elapsed=0 oled=3C
[   4155] STATUS mode=3 fault=none enc=-304 denc=-10 sreq=-1400 sapplied=-1400 crate=-1400 uimp=-12690 upos=1805 uneg=995 ball=73.03 vball=-151.32 aball=-306.8 bref=0.00 pid=0.0 pref=-12.1 ppos=-12.7 apid=-0.0 integ=-0.0 vision=1 current=1 vframe=9961 vs=1 vage=1 vpage=1 vdt=23 vmax=745453 vacc=8676 vrej=0 seq=0 elapsed=0 oled=3C
[   4187] STATUS mode=3 fault=none enc=-345 denc=-12 sreq=-1800 sapplied=-1800 crate=-1800 uimp=-43690 upos=1805 uneg=1015 ball=73.03 vball=-151.32 aball=-306.8 bref=0.00 pid=-2000.0 pref=-300.0 ppos=-43.7 apid=-0.0 integ=-0.0 vision=1 current=1 vframe=9961 vs=1 vage=21 vpage=21 vdt=23 vmax=745453 vacc=8676 vrej=0 seq=0 elapsed=0 oled=3C
[   4218] STATUS mode=3 fault=none enc=-437 denc=-9 sreq=-1400 sapplied=-1400 crate=-1400 uimp=-114690 upos=1805 uneg=1055 ball=70.21 vball=-119.48 aball=-306.8 bref=0.00 pid=-405.1 pref=-155.2 ppos=-114.7 apid=-0.0 integ=-0.0 vision=1 current=1 vframe=9962 vs=1 vage=30 vpage=30 vdt=31 vmax=745453 vacc=8677 vrej=0 seq=0 elapsed=0 oled=3C
[   4250] STATUS mode=3 fault=none enc=-470 denc=-8 sreq=-1000 sapplied=-1000 crate=-1000 uimp=-139690 upos=1805 uneg=1075 ball=70.21 vball=-119.48 aball=-306.8 bref=0.00 pid=-155.1 pref=-155.2 ppos=-139.7 apid=-0.0 integ=-0.0 vision=1 current=1 vframe=9962 vs=1 vage=50 vpage=50 vdt=31 vmax=745453 vacc=8677 vrej=0 seq=0 elapsed=0 oled=3C
[   4280] STATUS mode=3 fault=none enc=-502 denc=-1 sreq=-200 sapplied=-200 crate=-200 uimp=-165690 upos=1805 uneg=1115 ball=70.21 vball=-119.48 aball=-306.8 bref=0.00 pid=104.9 pref=-155.2 ppos=-165.7 apid=-0.0 integ=-0.0 vision=1 current=1 vframe=9962 vs=1 vage=90 vpage=90 vdt=31 vmax=745453 vacc=8677 vrej=0 seq=0 elapsed=0 oled=3C
[   4312] STATUS mode=3 fault=none enc=-505 denc=0 sreq=200 sapplied=200 crate=200 uimp=-167190 upos=1805 uneg=1125 ball=66.56 vball=-84.14 aball=-44.1 bref=0.00 pid=1948.3 pref=27.6 ppos=-167.2 apid=-0.0 integ=-0.0 vision=1 current=1 vframe=9963 vs=1 vage=15 vpage=15 vdt=95 vmax=745453 vacc=8678 vrej=0 seq=0 elapsed=0 oled=3C
[   4327] STATUS mode=3 fault=none enc=-478 denc=5 sreq=1000 sapplied=1000 crate=1000 uimp=-145190 upos=1845 uneg=1125 ball=66.02 vball=-55.79 aball=-44.1 bref=0.00 pid=2000.0 pref=193.4 ppos=-145.2 apid=-0.0 integ=-0.0 vision=1 current=1 vframe=9964 vs=1 vage=33 vpage=33 vdt=22 vmax=745453 vacc=8679 vrej=0 seq=0 elapsed=0 oled=3C
[   4359] STATUS mode=3 fault=none enc=-447 denc=8 sreq=1400 sapplied=1400 crate=1400 uimp=-122190 upos=1865 uneg=1125 ball=66.00 vball=-29.28 aball=-44.1 bref=0.00 pid=2000.0 pref=300.0 ppos=-122.2 apid=-0.0 integ=-0.0 vision=1 current=1 vframe=9965 vs=1 vage=19 vpage=19 vdt=34 vmax=745453 vacc=8680 vrej=0 seq=0 elapsed=0 oled=3C
[   4391] STATUS mode=3 fault=none enc=-406 denc=12 sreq=1800 sapplied=1800 crate=1800 uimp=-91190 upos=1885 uneg=1125 ball=66.00 vball=-29.28 aball=-44.1 bref=0.00 pid=2000.0 pref=300.0 ppos=-91.2 apid=-0.0 integ=-0.0 vision=1 current=1 vframe=9965 vs=1 vage=39 vpage=39 vdt=34 vmax=745453 vacc=8680 vrej=0 seq=0 elapsed=0 oled=3C
[   4421] STATUS mode=3 fault=none enc=-303 denc=13 sreq=2000 sapplied=2000 crate=2000 uimp=-12690 upos=1925 uneg=1125 ball=66.00 vball=-29.28 aball=-44.1 bref=0.00 pid=2000.0 pref=300.0 ppos=-12.7 apid=-0.0 integ=-0.0 vision=1 current=1 vframe=9965 vs=1 vage=79 vpage=79 vdt=34 vmax=745453 vacc=8680 vrej=0 seq=0 elapsed=0 oled=3C
[   4452] STATUS mode=3 fault=none enc=-251 denc=13 sreq=2000 sapplied=2000 crate=2000 uimp=27310 upos=1945 uneg=1125 ball=66.01 vball=-14.42 aball=186.3 bref=0.00 pid=2000.0 pref=300.0 ppos=27.3 apid=0.0 integ=-0.0 vision=1 current=1 vframe=9966 vs=1 vage=6 vpage=6 vdt=93 vmax=745453 vacc=8681 vrej=0 seq=0 elapsed=0 oled=3C
[   4468] STATUS mode=3 fault=none enc=-148 denc=13 sreq=1927 sapplied=1927 crate=1927 uimp=107310 upos=1985 uneg=1125 ball=69.84 vball=35.85 aball=186.3 bref=0.00 pid=1926.9 pref=300.0 ppos=107.3 apid=0.0 integ=-0.0 vision=1 current=1 vframe=9967 vs=1 vage=23 vpage=23 vdt=23 vmax=745453 vacc=8682 vrej=0 seq=0 elapsed=0 oled=3C
[   4500] STATUS mode=3 fault=none enc=-104 denc=9 sreq=1569 sapplied=1569 crate=1569 uimp=143055 upos=2005 uneg=1125 ball=75.45 vball=98.17 aball=186.3 bref=0.00 pid=1569.5 pref=300.0 ppos=143.1 apid=0.0 integ=-0.0 vision=1 current=1 vframe=9968 vs=1 vage=9 vpage=9 vdt=34 vmax=745453 vacc=8683 vrej=0 seq=0 elapsed=0 oled=3C
[   4530] STATUS mode=3 fault=none enc=-67 denc=8 sreq=1278 sapplied=1278 crate=1278 uimp=172165 upos=2025 uneg=1125 ball=75.45 vball=98.17 aball=186.3 bref=0.00 pid=1278.4 pref=300.0 ppos=172.2 apid=0.0 integ=-0.0 vision=1 current=1 vframe=9968 vs=1 vage=29 vpage=29 vdt=34 vmax=745453 vacc=8683 vrej=0 seq=0 elapsed=0 oled=3C
[   4562] STATUS mode=3 fault=none enc=-14 denc=5 sreq=848 sapplied=848 crate=848 uimp=215190 upos=2065 uneg=1125 ball=75.45 vball=98.17 aball=186.3 bref=0.00 pid=848.1 pref=300.0 ppos=215.2 apid=0.0 integ=-0.0 vision=1 current=1 vframe=9968 vs=1 vage=69 vpage=69 vdt=34 vmax=745453 vacc=8683 vrej=0 seq=0 elapsed=0 oled=3C
[   4577] STATUS mode=3 fault=none enc=6 denc=4 sreq=691 sapplied=691 crate=691 uimp=230920 upos=2085 uneg=1125 ball=75.45 vball=98.17 aball=186.3 bref=0.00 pid=690.8 pref=300.0 ppos=230.9 apid=0.0 integ=-0.0 vision=1 current=1 vframe=9968 vs=1 vage=89 vpage=89 vdt=34 vmax=745453 vacc=8683 vrej=0 seq=0 elapsed=0 oled=3C
[   4609] STATUS mode=3 fault=none enc=22 denc=4 sreq=563 sapplied=563 crate=563 uimp=243730 upos=2105 uneg=1125 ball=81.27 vball=87.96 aball=405.6 bref=0.00 pid=562.7 pref=300.0 ppos=243.7 apid=0.0 integ=-0.0 vision=1 current=1 vframe=9969 vs=1 vage=14 vpage=14 vdt=95 vmax=745453 vacc=8684 vrej=0 seq=0 elapsed=0 oled=3C
[   4641] STATUS mode=3 fault=none enc=45 denc=2 sreq=373 sapplied=373 crate=373 uimp=262670 upos=2145 uneg=1125 ball=85.58 vball=120.47 aball=405.6 bref=0.00 pid=373.3 pref=300.0 ppos=262.7 apid=0.0 integ=-0.0 vision=1 current=1 vframe=9970 vs=1 vage=33 vpage=33 vdt=21 vmax=745453 vacc=8685 vrej=0 seq=0 elapsed=0 oled=3C
[   4671] STATUS mode=3 fault=none enc=54 denc=1 sreq=304 sapplied=304 crate=304 uimp=269595 upos=2165 uneg=1125 ball=91.82 vball=150.51 aball=405.6 bref=0.00 pid=304.1 pref=300.0 ppos=269.6 apid=0.0 integ=-0.0 vision=1 current=1 vframe=9971 vs=1 vage=17 vpage=17 vdt=36 vmax=745453 vacc=8686 vrej=0 seq=0 elapsed=0 oled=3C
[   4687] STATUS mode=3 fault=none enc=67 denc=2 sreq=202 sapplied=202 crate=202 uimp=279830 upos=2205 uneg=1125 ball=91.82 vball=150.51 aball=405.6 bref=0.00 pid=201.7 pref=300.0 ppos=279.8 apid=0.0 integ=-0.0 vision=1 current=1 vframe=9971 vs=1 vage=57 vpage=57 vdt=36 vmax=745453 vacc=8686 vrej=0 seq=0 elapsed=0 oled=3C
[   4718] STATUS mode=3 fault=none enc=72 denc=1 sreq=164 sapplied=164 crate=164 uimp=283575 upos=2225 uneg=1125 ball=91.82 vball=150.51 aball=405.6 bref=0.00 pid=164.3 pref=300.0 ppos=283.6 apid=0.0 integ=-0.0 vision=1 current=1 vframe=9971 vs=1 vage=77 vpage=77 vdt=36 vmax=745453 vacc=8686 vrej=0 seq=0 elapsed=0 oled=3C
[   4750] STATUS mode=3 fault=none enc=76 denc=2 sreq=134 sapplied=134 crate=134 uimp=286620 upos=2245 uneg=1125 ball=91.82 vball=150.51 aball=405.6 bref=0.00 pid=133.8 pref=300.0 ppos=286.6 apid=0.0 integ=-0.0 vision=1 current=1 vframe=9971 vs=1 vage=97 vpage=97 vdt=36 vmax=745453 vacc=8686 vrej=0 seq=0 elapsed=0 oled=3C
[   4780] STATUS mode=3 fault=none enc=81 denc=0 sreq=89 sapplied=89 crate=89 uimp=291125 upos=2285 uneg=1125 ball=104.83 vball=174.63 aball=297.4 bref=0.00 pid=88.8 pref=300.0 ppos=291.1 apid=0.0 integ=-0.0 vision=1 current=1 vframe=9973 vs=1 vage=7 vpage=7 vdt=31 vmax=745453 vacc=8688 vrej=0 seq=0 elapsed=0 oled=3C
[   4796] STATUS mode=3 fault=none enc=84 denc=1 sreq=72 sapplied=72 crate=72 uimp=292770 upos=2305 uneg=1125 ball=104.83 vball=174.63 aball=297.4 bref=0.00 pid=72.3 pref=300.0 ppos=292.8 apid=0.0 integ=-0.0 vision=1 current=1 vframe=9973 vs=1 vage=27 vpage=27 vdt=31 vmax=745453 vacc=8688 vrej=0 seq=0 elapsed=0 oled=3C
[   4827] STATUS mode=3 fault=none enc=85 denc=0 sreq=59 sapplied=59 crate=59 uimp=294110 upos=2325 uneg=1125 ball=104.83 vball=174.63 aball=297.4 bref=0.00 pid=58.9 pref=300.0 ppos=294.1 apid=0.0 integ=-0.0 vision=1 current=1 vframe=9973 vs=1 vage=47 vpage=47 vdt=31 vmax=745453 vacc=8688 vrej=0 seq=0 elapsed=0 oled=3C
[   4859] STATUS mode=3 fault=none enc=88 denc=1 sreq=39 sapplied=39 crate=39 uimp=296095 upos=2365 uneg=1125 ball=104.83 vball=174.63 aball=297.4 bref=0.00 pid=39.1 pref=300.0 ppos=296.1 apid=0.0 integ=-0.0 vision=1 current=1 vframe=9973 vs=1 vage=87 vpage=87 vdt=31 vmax=745453 vacc=8688 vrej=0 seq=0 elapsed=0 oled=3C
[   4875] STATUS mode=3 fault=none enc=88 denc=0 sreq=32 sapplied=32 crate=32 uimp=296820 upos=2385 uneg=1125 ball=104.83 vball=174.63 aball=297.4 bref=0.00 pid=31.8 pref=300.0 ppos=296.8 apid=0.0 integ=-0.0 vision=1 current=1 vframe=9973 vs=1 vage=107 vpage=107 vdt=31 vmax=745453 vacc=8688 vrej=0 seq=0 elapsed=0 oled=3C
[   4905] STATUS mode=3 fault=none enc=89 denc=0 sreq=26 sapplied=26 crate=26 uimp=297410 upos=2405 uneg=1125 ball=112.19 vball=112.81 aball=241.8 bref=0.00 pid=25.9 pref=300.0 ppos=297.4 apid=0.0 integ=-0.0 vision=1 current=1 vframe=9975 vs=1 vage=13 vpage=13 vdt=6 vmax=745453 vacc=8690 vrej=0 seq=0 elapsed=0 oled=3C
[   4937] STATUS mode=3 fault=none enc=90 denc=-1 sreq=320 sapplied=320 crate=320 uimp=299795 upos=2445 uneg=1125 ball=117.82 vball=145.43 aball=241.8 bref=0.00 pid=400.0 pref=1200.0 ppos=299.8 apid=0.0 integ=0.0 vision=1 current=1 vframe=9976 vs=1 vage=17 vpage=17 vdt=36 vmax=745453 vacc=8691 vrej=0 seq=0 elapsed=0 oled=3C
[   4968] STATUS mode=3 fault=none enc=99 denc=2 sreq=400 sapplied=400 crate=400 uimp=307395 upos=2465 uneg=1125 ball=117.82 vball=145.43 aball=241.8 bref=0.00 pid=400.0 pref=1200.0 ppos=307.4 apid=0.0 integ=0.0 vision=1 current=1 vframe=9976 vs=1 vage=37 vpage=37 vdt=36 vmax=745453 vacc=8691 vrej=0 seq=0 elapsed=0 oled=3C
[   4984] STATUS mode=3 fault=none enc=120 denc=3 sreq=400 sapplied=400 crate=400 uimp=323395 upos=2505 uneg=1125 ball=117.82 vball=145.43 aball=241.8 bref=0.00 pid=400.0 pref=1200.0 ppos=323.4 apid=0.0 integ=0.0 vision=1 current=1 vframe=9976 vs=1 vage=77 vpage=77 vdt=36 vmax=745453 vacc=8691 vrej=0 seq=0 elapsed=0 oled=3C
[   5016] STATUS mode=3 fault=none enc=130 denc=2 sreq=400 sapplied=400 crate=400 uimp=331395 upos=2525 uneg=1125 ball=117.82 vball=145.43 aball=241.8 bref=0.00 pid=400.0 pref=1200.0 ppos=331.4 apid=0.0 integ=0.0 vision=1 current=1 vframe=9976 vs=1 vage=97 vpage=97 vdt=36 vmax=745453 vacc=8691 vrej=0 seq=0 elapsed=0 oled=3C
[   5046] STATUS mode=3 fault=none enc=140 denc=3 sreq=400 sapplied=400 crate=400 uimp=339395 upos=2545 uneg=1125 ball=121.87 vball=81.92 aball=30.3 bref=0.00 pid=400.0 pref=1200.0 ppos=339.4 apid=0.0 integ=0.0 vision=1 current=1 vframe=9978 vs=1 vage=3 vpage=3 vdt=7 vmax=745453 vacc=8693 vrej=0 seq=0 elapsed=0 oled=3C
[   5077] STATUS mode=3 fault=none enc=161 denc=3 sreq=400 sapplied=400 crate=400 uimp=355395 upos=2585 uneg=1125 ball=117.35 vball=-55.47 aball=30.3 bref=0.00 pid=400.0 pref=1200.0 ppos=355.4 apid=0.0 integ=0.0 vision=1 current=1 vframe=9979 vs=1 vage=7 vpage=7 vdt=36 vmax=745453 vacc=8694 vrej=0 seq=0 elapsed=0 oled=3C
[   5109] STATUS mode=3 fault=none enc=171 denc=2 sreq=400 sapplied=400 crate=400 uimp=363395 upos=2605 uneg=1125 ball=117.35 vball=-55.47 aball=30.3 bref=0.00 pid=400.0 pref=1200.0 ppos=363.4 apid=0.0 integ=0.0 vision=1 current=1 vframe=9979 vs=1 vage=27 vpage=27 vdt=36 vmax=745453 vacc=8694 vrej=0 seq=0 elapsed=0 oled=3C
[   5125] STATUS mode=3 fault=none enc=181 denc=3 sreq=400 sapplied=400 crate=400 uimp=371395 upos=2625 uneg=1125 ball=117.35 vball=-55.47 aball=30.3 bref=0.00 pid=400.0 pref=1200.0 ppos=371.4 apid=0.0 integ=0.0 vision=1 current=1 vframe=9979 vs=1 vage=47 vpage=47 vdt=36 vmax=745453 vacc=8694 vrej=0 seq=0 elapsed=0 oled=3C
[   5155] STATUS mode=3 fault=none enc=202 denc=3 sreq=400 sapplied=400 crate=400 uimp=387395 upos=2665 uneg=1125 ball=117.35 vball=-55.47 aball=30.3 bref=0.00 pid=400.0 pref=1200.0 ppos=387.4 apid=0.0 integ=0.0 vision=1 current=1 vframe=9979 vs=1 vage=87 vpage=87 vdt=36 vmax=745453 vacc=8694 vrej=0 seq=0 elapsed=0 oled=3C
[   5187] STATUS mode=3 fault=none enc=212 denc=3 sreq=400 sapplied=400 crate=400 uimp=395395 upos=2685 uneg=1125 ball=117.35 vball=-55.47 aball=30.3 bref=0.00 pid=400.0 pref=1200.0 ppos=395.4 apid=0.0 integ=0.0 vision=1 current=1 vframe=9979 vs=1 vage=107 vpage=107 vdt=36 vmax=745453 vacc=8694 vrej=0 seq=0 elapsed=0 oled=3C
[   5218] STATUS mode=3 fault=none enc=232 denc=3 sreq=400 sapplied=400 crate=400 uimp=411395 upos=2725 uneg=1125 ball=114.73 vball=-38.31 aball=-431.5 bref=0.00 pid=400.0 pref=1200.0 ppos=403.4 apid=-0.0 integ=0.0 vision=1 current=1 vframe=9981 vs=1 vage=9 vpage=9 vdt=9 vmax=745453 vacc=8696 vrej=0 seq=0 elapsed=0 oled=3C
[   5234] STATUS mode=3 fault=none enc=243 denc=3 sreq=400 sapplied=400 crate=400 uimp=419395 upos=2745 uneg=1125 ball=111.89 vball=-66.88 aball=-431.5 bref=0.00 pid=400.0 pref=1200.0 ppos=419.4 apid=-0.0 integ=0.0 vision=1 current=1 vframe=9982 vs=1 vage=14 vpage=14 vdt=35 vmax=745453 vacc=8697 vrej=0 seq=0 elapsed=0 oled=3C
[   5266] STATUS mode=3 fault=none enc=253 denc=3 sreq=400 sapplied=400 crate=400 uimp=427395 upos=2765 uneg=1125 ball=111.89 vball=-66.88 aball=-431.5 bref=0.00 pid=400.0 pref=1200.0 ppos=427.4 apid=-0.0 integ=0.0 vision=1 current=1 vframe=9982 vs=1 vage=34 vpage=34 vdt=35 vmax=745453 vacc=8697 vrej=0 seq=0 elapsed=0 oled=3C
[   5296] STATUS mode=3 fault=none enc=273 denc=3 sreq=400 sapplied=400 crate=400 uimp=443395 upos=2805 uneg=1125 ball=111.89 vball=-66.88 aball=-431.5 bref=0.00 pid=400.0 pref=1200.0 ppos=443.4 apid=-0.0 integ=0.0 vision=1 current=1 vframe=9982 vs=1 vage=74 vpage=74 vdt=35 vmax=745453 vacc=8697 vrej=0 seq=0 elapsed=0 oled=3C
[   5327] STATUS mode=3 fault=none enc=283 denc=2 sreq=400 sapplied=400 crate=400 uimp=451395 upos=2825 uneg=1125 ball=111.89 vball=-66.88 aball=-431.5 bref=0.00 pid=400.0 pref=1200.0 ppos=451.4 apid=-0.0 integ=0.0 vision=1 current=1 vframe=9982 vs=1 vage=94 vpage=94 vdt=35 vmax=745453 vacc=8697 vrej=0 seq=0 elapsed=0 oled=3C
[   5343] STATUS mode=3 fault=none enc=292 denc=1 sreq=200 sapplied=200 crate=200 uimp=458895 upos=2845 uneg=1125 ball=109.79 vball=-63.92 aball=-286.6 bref=0.00 pid=-1588.9 pref=300.0 ppos=458.9 apid=-0.0 integ=-0.0 vision=1 current=1 vframe=9983 vs=1 vage=8 vpage=8 vdt=106 vmax=745453 vacc=8698 vrej=0 seq=0 elapsed=0 oled=3C
[   5375] STATUS mode=3 fault=none enc=288 denc=-3 sreq=-600 sapplied=-600 crate=-600 uimp=453395 upos=2855 uneg=1145 ball=108.24 vball=-36.07 aball=-286.6 bref=0.00 pid=-1533.9 pref=300.0 ppos=453.4 apid=-0.0 integ=-0.0 vision=1 current=1 vframe=9985 vs=1 vage=5 vpage=5 vdt=33 vmax=745453 vacc=8700 vrej=0 seq=0 elapsed=0 oled=3C
[   5405] STATUS mode=3 fault=none enc=268 denc=-6 sreq=-1000 sapplied=-1000 crate=-1000 uimp=438395 upos=2855 uneg=1165 ball=108.24 vball=-36.07 aball=-286.6 bref=0.00 pid=-1383.9 pref=300.0 ppos=438.4 apid=-0.0 integ=-0.0 vision=1 current=1 vframe=9985 vs=1 vage=25 vpage=25 vdt=33 vmax=745453 vacc=8700 vrej=0 seq=0 elapsed=0 oled=3C
[   5437] STATUS mode=3 fault=none enc=199 denc=-11 sreq=-1800 sapplied=-1800 crate=-1800 uimp=384395 upos=2855 uneg=1205 ball=100.99 vball=-115.36 aball=-286.6 bref=0.00 pid=-2000.0 pref=115.8 ppos=384.4 apid=-0.0 integ=-0.0 vision=1 current=1 vframe=9986 vs=1 vage=32 vpage=32 vdt=33 vmax=745453 vacc=8701 vrej=0 seq=0 elapsed=0 oled=3C
[   5468] STATUS mode=3 fault=none enc=149 denc=-12 sreq=-2000 sapplied=-2000 crate=-2000 uimp=345895 upos=2855 uneg=1225 ball=100.99 vball=-115.36 aball=-286.6 bref=0.00 pid=-2000.0 pref=115.8 ppos=345.9 apid=-0.0 integ=-0.0 vision=1 current=1 vframe=9986 vs=1 vage=52 vpage=52 vdt=33 vmax=745453 vacc=8701 vrej=0 seq=0 elapsed=0 oled=3C
[   5500] STATUS mode=3 fault=none enc=53 denc=-10 sreq=-1549 sapplied=-1549 crate=-1549 uimp=270630 upos=2855 uneg=1265 ball=100.99 vball=-115.36 aball=-286.6 bref=0.00 pid=-1901.3 pref=115.8 ppos=305.9 apid=-0.0 integ=-0.0 vision=1 current=1 vframe=9986 vs=1 vage=72 vpage=72 vdt=33 vmax=745453 vacc=8701 vrej=0 seq=0 elapsed=0 oled=3C
[   5516] STATUS mode=3 fault=none enc=17 denc=-8 sreq=-1171 sapplied=-1171 crate=-1171 uimp=242320 upos=2855 uneg=1285 ball=94.83 vball=-99.15 aball=-249.8 bref=0.00 pid=-785.8 pref=163.7 ppos=242.3 apid=-0.0 integ=-0.0 vision=1 current=1 vframe=9987 vs=1 vage=16 vpage=16 vdt=96 vmax=745453 vacc=8702 vrej=0 seq=0 elapsed=0 oled=3C
[   5546] STATUS mode=3 fault=none enc=-8 denc=-6 sreq=-771 sapplied=-771 crate=-771 uimp=221900 upos=2855 uneg=1305 ball=94.83 vball=-99.15 aball=-249.8 bref=0.00 pid=-581.6 pref=163.7 ppos=221.9 apid=-0.0 integ=-0.0 vision=1 current=1 vframe=9987 vs=1 vage=36 vpage=36 vdt=96 vmax=745453 vacc=8702 vrej=0 seq=0 elapsed=0 oled=3C
[   5577] STATUS mode=3 fault=none enc=-64 denc=-8 sreq=-1571 sapplied=-1571 crate=-1571 uimp=177060 upos=2855 uneg=1345 ball=85.36 vball=-181.22 aball=-249.8 bref=0.00 pid=-2000.0 pref=-300.0 ppos=177.1 apid=-0.0 integ=-0.0 vision=1 current=1 vframe=9988 vs=1 vage=40 vpage=40 vdt=36 vmax=745453 vacc=8703 vrej=0 seq=0 elapsed=0 oled=3C
[   5609] STATUS mode=3 fault=none enc=-108 denc=-12 sreq=-1971 sapplied=-1971 crate=-1971 uimp=142640 upos=2855 uneg=1365 ball=85.36 vball=-181.22 aball=-249.8 bref=0.00 pid=-2000.0 pref=-300.0 ppos=142.6 apid=-0.0 integ=-0.0 vision=1 current=1 vframe=9988 vs=1 vage=60 vpage=60 vdt=36 vmax=745453 vacc=8703 vrej=0 seq=0 elapsed=0 oled=3C
[   5641] STATUS mode=3 fault=none enc=-208 denc=-13 sreq=-2000 sapplied=-2000 crate=-2000 uimp=62785 upos=2855 uneg=1405 ball=85.36 vball=-181.22 aball=-249.8 bref=0.00 pid=-2000.0 pref=-300.0 ppos=62.8 apid=-0.0 integ=-0.0 vision=1 current=1 vframe=9988 vs=1 vage=100 vpage=100 vdt=36 vmax=745453 vacc=8703 vrej=0 seq=0 elapsed=0 oled=3C
[   5655] STATUS mode=3 fault=none enc=-261 denc=-13 sreq=-2000 sapplied=-2000 crate=-2000 uimp=22785 upos=2855 uneg=1425 ball=75.09 vball=-138.44 aball=-354.0 bref=0.00 pid=-2000.0 pref=-229.9 ppos=22.8 apid=-0.0 integ=-0.0 vision=1 current=1 vframe=9990 vs=1 vage=6 vpage=6 vdt=8 vmax=745453 vacc=8705 vrej=0 seq=0 elapsed=0 oled=3C
[   5687] STATUS mode=3 fault=none enc=-312 denc=-12 sreq=-2000 sapplied=-2000 crate=-2000 uimp=-17215 upos=2855 uneg=1445 ball=75.09 vball=-138.44 aball=-354.0 bref=0.00 pid=-2000.0 pref=-229.9 ppos=-17.2 apid=-0.0 integ=-0.0 vision=1 current=1 vframe=9990 vs=1 vage=26 vpage=26 vdt=8 vmax=745453 vacc=8705 vrej=0 seq=0 elapsed=0 oled=3C
[   5718] STATUS mode=3 fault=none enc=-417 denc=-14 sreq=-2000 sapplied=-2000 crate=-2000 uimp=-96850 upos=2855 uneg=1485 ball=67.49 vball=-183.55 aball=-354.0 bref=0.00 pid=-2000.0 pref=-300.0 ppos=-96.9 apid=-0.0 integ=-0.0 vision=1 current=1 vframe=9991 vs=1 vage=30 vpage=30 vdt=36 vmax=745453 vacc=8706 vrej=0 seq=0 elapsed=0 oled=3C
[   5750] STATUS mode=3 fault=none enc=-466 denc=-12 sreq=-1656 sapplied=-1656 crate=-1656 uimp=-134395 upos=2855 uneg=1505 ball=67.49 vball=-183.55 aball=-354.0 bref=0.00 pid=-1656.0 pref=-300.0 ppos=-134.4 apid=-0.0 integ=-0.0 vision=1 current=1 vframe=9991 vs=1 vage=50 vpage=50 vdt=36 vmax=745453 vacc=8706 vrej=0 seq=0 elapsed=0 oled=3C
[   5780] STATUS mode=3 fault=none enc=-538 denc=-8 sreq=-1099 sapplied=-1099 crate=-1099 uimp=-190130 upos=2855 uneg=1545 ball=67.49 vball=-183.55 aball=-354.0 bref=0.00 pid=-1098.7 pref=-300.0 ppos=-190.1 apid=-0.0 integ=-0.0 vision=1 current=1 vframe=9991 vs=1 vage=90 vpage=90 vdt=36 vmax=745453 vacc=8706 vrej=0 seq=0 elapsed=0 oled=3C
[   5812] STATUS mode=3 fault=none enc=-563 denc=-5 sreq=-895 sapplied=-895 crate=-895 uimp=-210515 upos=2855 uneg=1565 ball=64.78 vball=-133.77 aball=-354.0 bref=0.00 pid=-894.8 pref=-300.0 ppos=-210.5 apid=-0.0 integ=-0.0 vision=1 current=1 vframe=9992 vs=1 vage=2 vpage=2 vdt=108 vmax=745453 vacc=8707 vrej=0 seq=0 elapsed=0 oled=3C
[   5827] STATUS mode=3 fault=none enc=-592 denc=-2 sreq=-95 sapplied=-95 crate=-95 uimp=-232315 upos=2855 uneg=1605 ball=60.73 vball=-110.16 aball=-94.8 bref=0.00 pid=572.0 pref=-175.1 ppos=-232.3 apid=-0.0 integ=-0.0 vision=1 current=1 vframe=9993 vs=1 vage=34 vpage=34 vdt=8 vmax=745453 vacc=8708 vrej=0 seq=0 elapsed=0 oled=3C
[   5859] STATUS mode=3 fault=none enc=-593 denc=0 sreq=305 sapplied=305 crate=305 uimp=-231765 upos=2860 uneg=1610 ball=58.00 vball=-97.56 aball=-94.8 bref=0.00 pid=1104.1 pref=-121.4 ppos=-231.8 apid=-0.0 integ=-0.0 vision=1 current=1 vframe=9994 vs=1 vage=20 vpage=20 vdt=34 vmax=745453 vacc=8709 vrej=0 seq=0 elapsed=0 oled=3C
[   5891] STATUS mode=3 fault=none enc=-580 denc=5 sreq=705 sapplied=705 crate=705 uimp=-222665 upos=2880 uneg=1610 ball=58.00 vball=-97.56 aball=-94.8 bref=0.00 pid=1013.1 pref=-121.4 ppos=-222.7 apid=-0.0 integ=-0.0 vision=1 current=1 vframe=9994 vs=1 vage=40 vpage=40 vdt=34 vmax=745453 vacc=8709 vrej=0 seq=0 elapsed=0 oled=3C
[   5921] STATUS mode=3 fault=none enc=-539 denc=5 sreq=690 sapplied=690 crate=690 uimp=-190405 upos=2920 uneg=1610 ball=58.00 vball=-97.56 aball=-94.8 bref=0.00 pid=690.5 pref=-121.4 ppos=-190.4 apid=-0.0 integ=-0.0 vision=1 current=1 vframe=9994 vs=1 vage=80 vpage=80 vdt=34 vmax=745453 vacc=8709 vrej=0 seq=0 elapsed=0 oled=3C
[   5952] STATUS mode=3 fault=none enc=-522 denc=4 sreq=562 sapplied=562 crate=562 uimp=-177600 upos=2940 uneg=1610 ball=58.00 vball=-97.56 aball=-94.8 bref=0.00 pid=562.4 pref=-121.4 ppos=-177.6 apid=-0.0 integ=-0.0 vision=1 current=1 vframe=9994 vs=1 vage=100 vpage=100 vdt=34 vmax=745453 vacc=8709 vrej=0 seq=0 elapsed=0 oled=3C
[   5968] STATUS mode=3 fault=none enc=-480 denc=8 sreq=1234 sapplied=1234 crate=1234 uimp=-145600 upos=2980 uneg=1610 ball=60.74 vball=78.26 aball=177.3 bref=0.00 pid=2000.0 pref=300.0 ppos=-145.6 apid=0.0 integ=-0.0 vision=1 current=1 vframe=9997 vs=1 vage=5 vpage=5 vdt=19 vmax=745453 vacc=8712 vrej=0 seq=0 elapsed=0 oled=3C
[   6000] STATUS mode=3 fault=none enc=-444 denc=10 sreq=1634 sapplied=1634 crate=1634 uimp=-117920 upos=3000 uneg=1610 ball=60.74 vball=78.26 aball=177.3 bref=0.00 pid=2000.0 pref=300.0 ppos=-117.9 apid=0.0 integ=-0.0 vision=1 current=1 vframe=9997 vs=1 vage=25 vpage=25 vdt=19 vmax=745453 vacc=8712 vrej=0 seq=0 elapsed=0 oled=3C
[   6030] STATUS mode=3 fault=none enc=-397 denc=12 sreq=2000 sapplied=2000 crate=2000 uimp=-82240 upos=3020 uneg=1610 ball=64.17 vball=88.72 aball=177.3 bref=0.00 pid=2000.0 pref=300.0 ppos=-82.2 apid=0.0 integ=-0.0 vision=1 current=1 vframe=9998 vs=1 vage=11 vpage=11 vdt=34 vmax=745453 vacc=8713 vrej=0 seq=0 elapsed=0 oled=3C
[   6062] STATUS mode=3 fault=none enc=-292 denc=13 sreq=2000 sapplied=2000 crate=2000 uimp=-2240 upos=3060 uneg=1610 ball=64.17 vball=88.72 aball=177.3 bref=0.00 pid=2000.0 pref=300.0 ppos=-2.2 apid=0.0 integ=-0.0 vision=1 current=1 vframe=9998 vs=1 vage=51 vpage=51 vdt=34 vmax=745453 vacc=8713 vrej=0 seq=0 elapsed=0 oled=3C
[   6093] STATUS mode=3 fault=none enc=-240 denc=13 sreq=2000 sapplied=2000 crate=2000 uimp=37760 upos=3080 uneg=1610 ball=64.17 vball=88.72 aball=177.3 bref=0.00 pid=2000.0 pref=300.0 ppos=37.8 apid=0.0 integ=-0.0 vision=1 current=1 vframe=9998 vs=1 vage=71 vpage=71 vdt=34 vmax=745453 vacc=8713 vrej=0 seq=0 elapsed=0 oled=3C
[   6109] STATUS mode=3 fault=none enc=-139 denc=11 sreq=1826 sapplied=1826 crate=1826 uimp=117370 upos=3120 uneg=1610 ball=68.63 vball=72.85 aball=463.2 bref=0.00 pid=1826.3 pref=300.0 ppos=117.4 apid=0.0 integ=-0.0 vision=1 current=1 vframe=9999 vs=1 vage=13 vpage=13 vdt=98 vmax=745453 vacc=8714 vrej=0 seq=0 elapsed=0 oled=3C
[   6141] STATUS mode=3 fault=none enc=-96 denc=10 sreq=1488 sapplied=1488 crate=1488 uimp=151245 upos=3140 uneg=1610 ball=68.63 vball=72.85 aball=463.2 bref=0.00 pid=1487.6 pref=300.0 ppos=151.2 apid=0.0 integ=-0.0 vision=1 current=1 vframe=9999 vs=1 vage=33 vpage=33 vdt=98 vmax=745453 vacc=8714 vrej=0 seq=0 elapsed=0 oled=3C
[   6171] STATUS mode=3 fault=none enc=-61 denc=7 sreq=1212 sapplied=1212 crate=1212 uimp=178840 upos=3160 uneg=1610 ball=74.09 vball=97.17 aball=463.2 bref=0.00 pid=1211.6 pref=300.0 ppos=178.8 apid=0.0 integ=-0.0 vision=1 current=1 vframe=10000 vs=1 vage=20 vpage=20 vdt=33 vmax=745453 vacc=8715 vrej=0 seq=0 elapsed=0 oled=3C
[   6202] STATUS mode=3 fault=none enc=-11 denc=5 sreq=804 sapplied=804 crate=804 uimp=219625 upos=3200 uneg=1610 ball=74.09 vball=97.17 aball=463.2 bref=0.00 pid=803.8 pref=300.0 ppos=219.6 apid=0.0 integ=-0.0 vision=1 current=1 vframe=10000 vs=1 vage=60 vpage=60 vdt=33 vmax=745453 vacc=8715 vrej=0 seq=0 elapsed=0 oled=3C
[   6218] STATUS mode=3 fault=none enc=8 denc=4 sreq=655 sapplied=655 crate=655 uimp=234535 upos=3220 uneg=1610 ball=74.09 vball=97.17 aball=463.2 bref=0.00 pid=654.7 pref=300.0 ppos=234.5 apid=0.0 integ=-0.0 vision=1 current=1 vframe=10000 vs=1 vage=80 vpage=80 vdt=33 vmax=745453 vacc=8715 vrej=0 seq=0 elapsed=0 oled=3C
[   6250] STATUS mode=3 fault=none enc=35 denc=3 sreq=533 sapplied=533 crate=533 uimp=246680 upos=3240 uneg=1610 ball=74.09 vball=97.17 aball=463.2 bref=0.00 pid=533.2 pref=300.0 ppos=246.7 apid=0.0 integ=-0.0 vision=1 current=1 vframe=10000 vs=1 vage=100 vpage=100 vdt=33 vmax=745453 vacc=8715 vrej=0 seq=0 elapsed=0 oled=3C
[   6280] STATUS mode=3 fault=none enc=45 denc=2 sreq=354 sapplied=354 crate=354 uimp=264625 upos=3280 uneg=1610 ball=91.30 vball=164.99 aball=652.6 bref=0.00 pid=353.8 pref=300.0 ppos=264.6 apid=0.0 integ=-0.0 vision=1 current=1 vframe=10002 vs=1 vage=25 vpage=25 vdt=7 vmax=745453 vacc=8717 vrej=0 seq=0 elapsed=0 oled=3C
[   6312] STATUS mode=3 fault=none enc=53 denc=1 sreq=288 sapplied=288 crate=288 uimp=271185 upos=3300 uneg=1610 ball=101.82 vball=233.90 aball=652.6 bref=0.00 pid=288.2 pref=300.0 ppos=271.2 apid=0.0 integ=-0.0 vision=1 current=1 vframe=10003 vs=1 vage=8 vpage=8 vdt=37 vmax=745453 vacc=8718 vrej=0 seq=0 elapsed=0 oled=3C
[   6327] STATUS mode=3 fault=none enc=64 denc=0 sreq=191 sapplied=191 crate=191 uimp=280885 upos=3340 uneg=1610 ball=101.82 vball=233.90 aball=652.6 bref=0.00 pid=191.2 pref=300.0 ppos=280.9 apid=0.0 integ=-0.0 vision=1 current=1 vframe=10003 vs=1 vage=48 vpage=48 vdt=37 vmax=745453 vacc=8718 vrej=0 seq=0 elapsed=0 oled=3C
[   6359] STATUS mode=3 fault=none enc=69 denc=0 sreq=156 sapplied=156 crate=156 uimp=284435 upos=3360 uneg=1610 ball=101.82 vball=233.90 aball=652.6 bref=0.00 pid=155.7 pref=300.0 ppos=284.4 apid=0.0 integ=-0.0 vision=1 current=1 vframe=10003 vs=1 vage=68 vpage=68 vdt=37 vmax=745453 vacc=8718 vrej=0 seq=0 elapsed=0 oled=3C
[   6391] STATUS mode=3 fault=none enc=74 denc=1 sreq=127 sapplied=127 crate=127 uimp=287320 upos=3380 uneg=1610 ball=101.82 vball=233.90 aball=652.6 bref=0.00 pid=126.8 pref=300.0 ppos=287.3 apid=0.0 integ=-0.0 vision=1 current=1 vframe=10003 vs=1 vage=88 vpage=88 vdt=37 vmax=745453 vacc=8718 vrej=0 seq=0 elapsed=0 oled=3C
[   6421] STATUS mode=3 fault=none enc=79 denc=0 sreq=84 sapplied=84 crate=84 uimp=291585 upos=3420 uneg=1610 ball=113.78 vball=168.05 aball=381.5 bref=0.00 pid=84.2 pref=300.0 ppos=291.6 apid=0.0 integ=-0.0 vision=1 current=1 vframe=10005 vs=1 vage=11 vpage=11 vdt=8 vmax=745453 vacc=8720 vrej=0 seq=0 elapsed=0 oled=3C
[   6437] STATUS mode=3 fault=none enc=82 denc=2 sreq=69 sapplied=69 crate=69 uimp=293145 upos=3440 uneg=1610 ball=113.78 vball=168.05 aball=381.5 bref=0.00 pid=68.6 pref=300.0 ppos=293.1 apid=0.0 integ=-0.0 vision=1 current=1 vframe=10005 vs=1 vage=31 vpage=31 vdt=8 vmax=745453 vacc=8720 vrej=0 seq=0 elapsed=0 oled=3C
[   6468] STATUS mode=3 fault=none enc=83 denc=1 sreq=56 sapplied=56 crate=56 uimp=294420 upos=3460 uneg=1610 ball=118.54 vball=164.00 aball=381.5 bref=0.00 pid=55.8 pref=300.0 ppos=294.4 apid=0.0 integ=-0.0 vision=1 current=1 vframe=10006 vs=1 vage=18 vpage=18 vdt=33 vmax=745453 vacc=8721 vrej=0 seq=0 elapsed=0 oled=3C
[   6500] STATUS mode=3 fault=none enc=84 denc=0 sreq=37 sapplied=37 crate=37 uimp=296295 upos=3500 uneg=1610 ball=118.53 vball=83.10 aball=381.5 bref=0.00 pid=37.1 pref=300.0 ppos=296.3 apid=0.0 integ=-0.0 vision=1 current=1 vframe=10007 vs=1 vage=27 vpage=27 vdt=31 vmax=745453 vacc=8722 vrej=0 seq=0 elapsed=0 oled=3C
[   6530] STATUS mode=3 fault=none enc=85 denc=-1 sreq=30 sapplied=30 crate=30 uimp=296980 upos=3520 uneg=1610 ball=118.53 vball=83.10 aball=381.5 bref=0.00 pid=30.2 pref=300.0 ppos=297.0 apid=0.0 integ=-0.0 vision=1 current=1 vframe=10007 vs=1 vage=47 vpage=47 vdt=31 vmax=745453 vacc=8722 vrej=0 seq=0 elapsed=0 oled=3C
[   6546] STATUS mode=3 fault=none enc=87 denc=1 sreq=20 sapplied=20 crate=20 uimp=297995 upos=3560 uneg=1610 ball=118.53 vball=83.10 aball=381.5 bref=0.00 pid=20.1 pref=300.0 ppos=298.0 apid=0.0 integ=-0.0 vision=1 current=1 vframe=10007 vs=1 vage=87 vpage=87 vdt=31 vmax=745453 vacc=8722 vrej=0 seq=0 elapsed=0 oled=3C
[   6577] STATUS mode=3 fault=none enc=88 denc=0 sreq=0 sapplied=0 crate=19 uimp=298095 upos=3565 uneg=1610 ball=117.29 vball=30.46 aball=-258.2 bref=0.00 pid=19.1 pref=300.0 ppos=298.1 apid=-0.0 integ=-0.0 vision=1 current=1 vframe=10008 vs=1 vage=11 vpage=11 vdt=96 vmax=745453 vacc=8723 vrej=0 seq=0 elapsed=0 oled=3C
[   6609] STATUS mode=3 fault=none enc=88 denc=0 sreq=0 sapplied=0 crate=19 uimp=298095 upos=3565 uneg=1610 ball=117.29 vball=30.46 aball=-258.2 bref=0.00 pid=19.1 pref=300.0 ppos=298.1 apid=-0.0 integ=-0.0 vision=1 current=1 vframe=10008 vs=1 vage=31 vpage=31 vdt=96 vmax=745453 vacc=8723 vrej=0 seq=0 elapsed=0 oled=3C
[   6641] STATUS mode=3 fault=none enc=79 denc=-3 sreq=-319 sapplied=-319 crate=-319 uimp=290485 upos=3565 uneg=1635 ball=111.49 vball=-105.55 aball=-258.2 bref=0.00 pid=-318.6 pref=258.6 ppos=290.5 apid=-0.0 integ=-0.0 vision=1 current=1 vframe=10009 vs=1 vage=34 vpage=34 vdt=37 vmax=745453 vacc=8724 vrej=0 seq=0 elapsed=0 oled=3C
[   6655] STATUS mode=3 fault=none enc=71 denc=-3 sreq=-259 sapplied=-259 crate=-259 uimp=284570 upos=3565 uneg=1655 ball=111.49 vball=-105.55 aball=-258.2 bref=0.00 pid=-259.5 pref=258.6 ppos=284.6 apid=-0.0 integ=-0.0 vision=1 current=1 vframe=10009 vs=1 vage=54 vpage=54 vdt=37 vmax=745453 vacc=8724 vrej=0 seq=0 elapsed=0 oled=3C
[   6687] STATUS mode=3 fault=none enc=65 denc=-1 sreq=-211 sapplied=-211 crate=-211 uimp=279760 upos=3565 uneg=1675 ball=111.49 vball=-105.55 aball=-258.2 bref=0.00 pid=-211.4 pref=258.6 ppos=279.8 apid=-0.0 integ=-0.0 vision=1 current=1 vframe=10009 vs=1 vage=74 vpage=74 vdt=37 vmax=745453 vacc=8724 vrej=0 seq=0 elapsed=0 oled=3C
[   6718] STATUS mode=3 fault=none enc=56 denc=-1 sreq=-48 sapplied=-48 crate=-48 uimp=272645 upos=3565 uneg=1715 ball=110.48 vball=-68.24 aball=-450.4 bref=0.00 pid=273.6 pref=300.0 ppos=272.6 apid=-0.0 integ=-0.0 vision=1 current=1 vframe=10010 vs=1 vage=7 vpage=7 vdt=107 vmax=745453 vacc=8725 vrej=0 seq=0 elapsed=0 oled=3C
[   6750] STATUS mode=3 fault=none enc=57 denc=2 sreq=256 sapplied=256 crate=256 uimp=274425 upos=3575 uneg=1720 ball=108.41 vball=-56.36 aball=-450.4 bref=0.00 pid=255.8 pref=300.0 ppos=274.4 apid=-0.0 integ=-0.0 vision=1 current=1 vframe=10011 vs=1 vage=18 vpage=18 vdt=9 vmax=745453 vacc=8726 vrej=0 seq=0 elapsed=0 oled=3C
[   6780] STATUS mode=3 fault=none enc=63 denc=1 sreq=-138 sapplied=-138 crate=-138 uimp=279040 upos=3600 uneg=1725 ball=104.13 vball=-94.63 aball=-450.4 bref=0.00 pid=-137.8 pref=265.3 ppos=279.0 apid=-0.0 integ=-0.0 vision=1 current=1 vframe=10012 vs=1 vage=24 vpage=24 vdt=34 vmax=745453 vacc=8727 vrej=0 seq=0 elapsed=0 oled=3C
[   6796] STATUS mode=3 fault=none enc=60 denc=0 sreq=-112 sapplied=-112 crate=-112 uimp=276485 upos=3600 uneg=1745 ball=104.13 vball=-94.63 aball=-450.4 bref=0.00 pid=-112.2 pref=265.3 ppos=276.5 apid=-0.0 integ=-0.0 vision=1 current=1 vframe=10012 vs=1 vage=44 vpage=44 vdt=34 vmax=745453 vacc=8727 vrej=0 seq=0 elapsed=0 oled=3C
[   6827] STATUS mode=3 fault=none enc=57 denc=-1 sreq=-91 sapplied=-91 crate=-91 uimp=274405 upos=3600 uneg=1765 ball=104.13 vball=-94.63 aball=-450.4 bref=0.00 pid=-91.4 pref=265.3 ppos=274.4 apid=-0.0 integ=-0.0 vision=1 current=1 vframe=10012 vs=1 vage=64 vpage=64 vdt=34 vmax=745453 vacc=8727 vrej=0 seq=0 elapsed=0 oled=3C
[   6859] STATUS mode=3 fault=none enc=54 denc=-1 sreq=-61 sapplied=-61 crate=-61 uimp=271330 upos=3600 uneg=1805 ball=104.13 vball=-94.63 aball=-450.4 bref=0.00 pid=-60.7 pref=265.3 ppos=271.3 apid=-0.0 integ=-0.0 vision=1 current=1 vframe=10012 vs=1 vage=104 vpage=104 vdt=34 vmax=745453 vacc=8727 vrej=0 seq=0 elapsed=0 oled=3C
[   6891] STATUS mode=3 fault=none enc=55 denc=1 sreq=271 sapplied=271 crate=271 uimp=272915 upos=3610 uneg=1810 ball=100.40 vball=-61.09 aball=-270.4 bref=0.00 pid=270.9 pref=300.0 ppos=272.9 apid=-0.0 integ=-0.0 vision=1 current=1 vframe=10014 vs=1 vage=12 vpage=12 vdt=8 vmax=745453 vacc=8729 vrej=0 seq=0 elapsed=0 oled=3C
[   6905] STATUS mode=3 fault=none enc=60 denc=-1 sreq=-356 sapplied=-356 crate=-356 uimp=275655 upos=3635 uneg=1820 ball=97.57 vball=-95.27 aball=-270.4 bref=0.00 pid=-667.1 pref=208.9 ppos=275.7 apid=-0.0 integ=-0.0 vision=1 current=1 vframe=10015 vs=1 vage=28 vpage=28 vdt=24 vmax=745453 vacc=8730 vrej=0 seq=0 elapsed=0 oled=3C
[   6937] STATUS mode=3 fault=none enc=54 denc=-2 sreq=44 sapplied=0 crate=44 uimp=271535 upos=3635 uneg=1840 ball=95.69 vball=-77.31 aball=-270.4 bref=0.00 pid=284.7 pref=300.0 ppos=271.5 apid=-0.0 integ=-0.0 vision=1 current=1 vframe=10016 vs=1 vage=18 vpage=18 vdt=30 vmax=745453 vacc=8731 vrej=0 seq=0 elapsed=0 oled=3C
[   6968] STATUS mode=3 fault=none enc=57 denc=2 sreq=252 sapplied=252 crate=252 uimp=274800 upos=3650 uneg=1840 ball=95.69 vball=-77.31 aball=-270.4 bref=0.00 pid=252.0 pref=300.0 ppos=274.8 apid=-0.0 integ=-0.0 vision=1 current=1 vframe=10016 vs=1 vage=38 vpage=38 vdt=30 vmax=745453 vacc=8731 vrej=0 seq=0 elapsed=0 oled=3C
[   7000] STATUS mode=3 fault=none enc=67 denc=1 sreq=167 sapplied=167 crate=167 uimp=283275 upos=3690 uneg=1840 ball=95.69 vball=-77.31 aball=-270.4 bref=0.00 pid=167.3 pref=300.0 ppos=283.3 apid=-0.0 integ=-0.0 vision=1 current=1 vframe=10016 vs=1 vage=78 vpage=78 vdt=30 vmax=745453 vacc=8731 vrej=0 seq=0 elapsed=0 oled=3C
[   7030] STATUS mode=3 fault=none enc=71 denc=1 sreq=136 sapplied=136 crate=136 uimp=286375 upos=3710 uneg=1840 ball=93.14 vball=-55.55 aball=-90.8 bref=0.00 pid=136.3 pref=300.0 ppos=286.4 apid=-0.0 integ=-0.0 vision=1 current=1 vframe=10017 vs=1 vage=4 vpage=4 vdt=94 vmax=745453 vacc=8732 vrej=0 seq=0 elapsed=0 oled=3C
[   7046] STATUS mode=3 fault=none enc=74 denc=0 sreq=111 sapplied=111 crate=111 uimp=288900 upos=3730 uneg=1840 ball=90.01 vball=-97.91 aball=-90.8 bref=0.00 pid=111.0 pref=300.0 ppos=288.9 apid=-0.0 integ=-0.0 vision=1 current=1 vframe=10018 vs=1 vage=1 vpage=1 vdt=23 vmax=745453 vacc=8733 vrej=0 seq=0 elapsed=0 oled=3C
[   7077] STATUS mode=3 fault=none enc=66 denc=-2 sreq=-289 sapplied=-289 crate=-289 uimp=280730 upos=3735 uneg=1865 ball=88.32 vball=-74.77 aball=-90.8 bref=0.00 pid=-227.9 pref=257.9 ppos=280.7 apid=-0.0 integ=-0.0 vision=1 current=1 vframe=10019 vs=1 vage=8 vpage=8 vdt=33 vmax=745453 vacc=8734 vrej=0 seq=0 elapsed=0 oled=3C
[   7109] STATUS mode=3 fault=none enc=60 denc=-1 sreq=-183 sapplied=-183 crate=-183 uimp=276240 upos=3735 uneg=1885 ball=88.32 vball=-74.77 aball=-90.8 bref=0.00 pid=-183.0 pref=257.9 ppos=276.2 apid=-0.0 integ=-0.0 vision=1 current=1 vframe=10019 vs=1 vage=28 vpage=28 vdt=33 vmax=745453 vacc=8734 vrej=0 seq=0 elapsed=0 oled=3C
[   7141] STATUS mode=3 fault=none enc=53 denc=0 sreq=-121 sapplied=-121 crate=-121 uimp=270080 upos=3735 uneg=1925 ball=88.32 vball=-74.77 aball=-90.8 bref=0.00 pid=-121.4 pref=257.9 ppos=270.1 apid=-0.0 integ=-0.0 vision=1 current=1 vframe=10019 vs=1 vage=68 vpage=68 vdt=33 vmax=745453 vacc=8734 vrej=0 seq=0 elapsed=0 oled=3C
[   7155] STATUS mode=3 fault=none enc=50 denc=-1 sreq=-99 sapplied=-99 crate=-99 uimp=267830 upos=3735 uneg=1945 ball=88.32 vball=-74.77 aball=-90.8 bref=0.00 pid=-98.9 pref=257.9 ppos=267.8 apid=-0.0 integ=-0.0 vision=1 current=1 vframe=10019 vs=1 vage=88 vpage=88 vdt=33 vmax=745453 vacc=8734 vrej=0 seq=0 elapsed=0 oled=3C
[   7187] STATUS mode=3 fault=none enc=49 denc=0 sreq=206 sapplied=206 crate=206 uimp=266865 upos=3735 uneg=1955 ball=85.42 vball=-56.75 aball=-53.5 bref=0.00 pid=331.4 pref=300.0 ppos=266.9 apid=-0.0 integ=-0.0 vision=1 current=1 vframe=10020 vs=1 vage=13 vpage=13 vdt=95 vmax=745453 vacc=8735 vrej=0 seq=0 elapsed=0 oled=3C
[   7218] STATUS mode=3 fault=none enc=55 denc=0 sreq=-294 sapplied=-294 crate=-294 uimp=271545 upos=3760 uneg=1960 ball=82.19 vball=-110.09 aball=-53.5 bref=0.00 pid=-2000.0 pref=-3.0 ppos=271.5 apid=-0.0 integ=-0.0 vision=1 current=1 vframe=10021 vs=1 vage=31 vpage=31 vdt=22 vmax=745453 vacc=8736 vrej=0 seq=0 elapsed=0 oled=3C
[   7250] STATUS mode=3 fault=none enc=44 denc=-4 sreq=-694 sapplied=-694 crate=-694 uimp=262665 upos=3760 uneg=1980 ball=80.30 vball=-84.11 aball=-53.5 bref=0.00 pid=-1249.2 pref=137.7 ppos=262.7 apid=-0.0 integ=-0.0 vision=1 current=1 vframe=10022 vs=1 vage=18 vpage=18 vdt=33 vmax=745453 vacc=8737 vrej=0 seq=0 elapsed=0 oled=3C
[   7280] STATUS mode=3 fault=none enc=-2 denc=-5 sreq=-880 sapplied=-880 crate=-880 uimp=225750 upos=3760 uneg=2020 ball=80.30 vball=-84.11 aball=-53.5 bref=0.00 pid=-880.1 pref=137.7 ppos=225.7 apid=-0.0 integ=-0.0 vision=1 current=1 vframe=10022 vs=1 vage=58 vpage=58 vdt=33 vmax=745453 vacc=8737 vrej=0 seq=0 elapsed=0 oled=3C
[   7296] STATUS mode=3 fault=none enc=-23 denc=-4 sreq=-717 sapplied=-717 crate=-717 uimp=209425 upos=3760 uneg=2040 ball=80.30 vball=-84.11 aball=-53.5 bref=0.00 pid=-716.8 pref=137.7 ppos=209.4 apid=-0.0 integ=-0.0 vision=1 current=1 vframe=10022 vs=1 vage=78 vpage=78 vdt=33 vmax=745453 vacc=8737 vrej=0 seq=0 elapsed=0 oled=3C
[   7327] STATUS mode=3 fault=none enc=-40 denc=-4 sreq=-584 sapplied=-584 crate=-584 uimp=196125 upos=3760 uneg=2060 ball=77.50 vball=-61.08 aball=-53.5 bref=0.00 pid=-583.8 pref=137.7 ppos=196.1 apid=-0.0 integ=-0.0 vision=1 current=1 vframe=10023 vs=1 vage=2 vpage=2 vdt=96 vmax=745453 vacc=8738 vrej=0 seq=0 elapsed=0 oled=3C
[   7359] STATUS mode=3 fault=none enc=-59 denc=-3 sreq=-584 sapplied=-584 crate=-584 uimp=180765 upos=3760 uneg=2100 ball=73.84 vball=-126.53 aball=-42.3 bref=0.00 pid=-2000.0 pref=-168.5 ppos=180.8 apid=-0.0 integ=-0.0 vision=1 current=1 vframe=10024 vs=1 vage=21 vpage=21 vdt=21 vmax=745453 vacc=8739 vrej=0 seq=0 elapsed=0 oled=3C
[   7391] STATUS mode=3 fault=none enc=-77 denc=-6 sreq=-984 sapplied=-984 crate=-984 uimp=166085 upos=3760 uneg=2120 ball=72.37 vball=-87.91 aball=-42.3 bref=0.00 pid=-1145.8 pref=51.5 ppos=166.1 apid=-0.0 integ=-0.0 vision=1 current=1 vframe=10025 vs=1 vage=7 vpage=7 vdt=34 vmax=745453 vacc=8740 vrej=0 seq=0 elapsed=0 oled=3C
[   7421] STATUS mode=3 fault=none enc=-125 denc=-5 sreq=-766 sapplied=-766 crate=-766 uimp=128130 upos=3760 uneg=2160 ball=72.37 vball=-87.91 aball=-42.3 bref=0.00 pid=-766.3 pref=51.5 ppos=128.1 apid=-0.0 integ=-0.0 vision=1 current=1 vframe=10025 vs=1 vage=47 vpage=47 vdt=34 vmax=745453 vacc=8740 vrej=0 seq=0 elapsed=0 oled=3C
[   7437] STATUS mode=3 fault=none enc=-143 denc=-4 sreq=-624 sapplied=-624 crate=-624 uimp=113915 upos=3760 uneg=2180 ball=72.37 vball=-87.91 aball=-42.3 bref=0.00 pid=-624.1 pref=51.5 ppos=113.9 apid=-0.0 integ=-0.0 vision=1 current=1 vframe=10025 vs=1 vage=67 vpage=67 vdt=34 vmax=745453 vacc=8740 vrej=0 seq=0 elapsed=0 oled=3C
[   7468] STATUS mode=3 fault=none enc=-157 denc=-3 sreq=-508 sapplied=-508 crate=-508 uimp=102340 upos=3760 uneg=2200 ball=72.37 vball=-87.91 aball=-42.3 bref=0.00 pid=-508.4 pref=51.5 ppos=102.3 apid=-0.0 integ=-0.0 vision=1 current=1 vframe=10025 vs=1 vage=87 vpage=87 vdt=34 vmax=745453 vacc=8740 vrej=0 seq=0 elapsed=0 oled=3C
[   7500] STATUS mode=3 fault=none enc=-174 denc=-2 sreq=94 sapplied=94 crate=94 uimp=90910 upos=3760 uneg=2235 ball=67.23 vball=-72.93 aball=-49.1 bref=0.00 pid=93.5 pref=100.3 ppos=90.9 apid=-0.0 integ=-0.0 vision=1 current=1 vframe=10027 vs=1 vage=11 vpage=11 vdt=21 vmax=745453 vacc=8742 vrej=0 seq=0 elapsed=0 oled=3C
[   7530] STATUS mode=3 fault=none enc=-172 denc=0 sreq=76 sapplied=76 crate=76 uimp=92645 upos=3780 uneg=2235 ball=67.23 vball=-72.93 aball=-49.1 bref=0.00 pid=76.2 pref=100.3 ppos=92.6 apid=-0.0 integ=-0.0 vision=1 current=1 vframe=10027 vs=1 vage=31 vpage=31 vdt=21 vmax=745453 vacc=8742 vrej=0 seq=0 elapsed=0 oled=3C
[   7546] STATUS mode=3 fault=none enc=-156 denc=3 sreq=772 sapplied=772 crate=772 uimp=106045 upos=3820 uneg=2235 ball=6.42 vball=-50.05 aball=-49.1 bref=0.00 pid=1354.6 pref=231.1 ppos=95.6 apid=-0.0 integ=-0.0 vision=1 current=1 vframe=10028 vs=1 vage=16 vpage=16 vdt=35 vmax=745453 vacc=8743 vrej=0 seq=0 elapsed=0 oled=3C
[   7577] STATUS mode=3 fault=none enc=-133 denc=6 sreq=1066 sapplied=1066 crate=1066 uimp=124485 upos=3840 uneg=2235 ball=66.42 vball=-50.05 aball=-49.1 bref=0.00 pid=1065.8 pref=231.1 ppos=124.5 apid=-0.0 integ=-0.0 vision=1 current=1 vframe=10028 vs=1 vage=56 vpage=56 vdt=35 vmax=745453 vacc=8743 vrej=0 seq=0 elapsed=0 oled=3C
[   7609] STATUS mode=3 fault=none enc=-107 denc=6 sreq=868 sapplied=868 crate=868 uimp=144255 upos=3860 uneg=2235 ball=66.42 vball=-50.05 aball=-49.1 bref=0.00 pid=868.1 pref=231.1 ppos=144.3 apid=-0.0 integ=-0.0 vision=1 current=1 vframe=10028 vs=1 vage=76 vpage=76 vdt=35 vmax=745453 vacc=8743 vrej=0 seq=0 elapsed=0 oled=3C
[   7641] STATUS mode=3 fault=none enc=-66 denc=5 sreq=1107 sapplied=1107 crate=1107 uimp=177495 upos=3900 uneg=2235 ball=64.98 vball=-34.03 aball=77.2 bref=0.00 pid=1225.1 pref=300.0 ppos=177.5 apid=0.0 integ=-0.0 vision=1 current=1 vframe=10029 vs=1 vage=18 vpage=18 vdt=98 vmax=745453 vacc=8744 vrej=0 seq=0 elapsed=0 oled=3C
[   7671] STATUS mode=3 fault=none enc=-37 denc=6 sreq=1003 sapplied=1003 crate=1003 uimp=199715 upos=3920 uneg=2235 ball=66.18 vball=7.61 aball=77.2 bref=0.00 pid=1002.9 pref=300.0 ppos=199.7 apid=0.0 integ=-0.0 vision=1 current=1 vframe=10030 vs=1 vage=3 vpage=3 vdt=35 vmax=745453 vacc=8745 vrej=0 seq=0 elapsed=0 oled=3C
[   7687] STATUS mode=3 fault=none enc=-15 denc=5 sreq=817 sapplied=817 crate=817 uimp=218320 upos=3940 uneg=2235 ball=66.18 vball=7.61 aball=77.2 bref=0.00 pid=816.8 pref=300.0 ppos=218.3 apid=0.0 integ=-0.0 vision=1 current=1 vframe=10030 vs=1 vage=23 vpage=23 vdt=35 vmax=745453 vacc=8745 vrej=0 seq=0 elapsed=0 oled=3C
[   7718] STATUS mode=3 fault=none enc=21 denc=4 sreq=542 sapplied=542 crate=542 uimp=245805 upos=3980 uneg=2235 ball=66.18 vball=7.61 aball=77.2 bref=0.00 pid=542.0 pref=300.0 ppos=245.8 apid=0.0 integ=-0.0 vision=1 current=1 vframe=10030 vs=1 vage=63 vpage=63 vdt=35 vmax=745453 vacc=8745 vrej=0 seq=0 elapsed=0 oled=3C
[   7750] STATUS mode=3 fault=none enc=33 denc=3 sreq=441 sapplied=441 crate=441 uimp=255860 upos=4000 uneg=2235 ball=66.18 vball=7.61 aball=77.2 bref=0.00 pid=441.4 pref=300.0 ppos=255.9 apid=0.0 integ=-0.0 vision=1 current=1 vframe=10030 vs=1 vage=83 vpage=83 vdt=35 vmax=745453 vacc=8745 vrej=0 seq=0 elapsed=0 oled=3C
[   7766] STATUS mode=3 fault=none enc=51 denc=1 sreq=293 sapplied=293 crate=293 uimp=270715 upos=4040 uneg=2235 ball=67.90 vball=14.26 aball=199.5 bref=0.00 pid=292.9 pref=300.0 ppos=270.7 apid=0 integ=-0.0 vision=1 current=1 vframe=10030 vs=1 vage=103 vpage=103 vdt=35 vmax=745453 vacc=8745 vrej=0 seq=0 elapsed=0 oled=3C
[   7796] STATUS mode=3 fault=none enc=58 denc=1 sreq=239 sapplied=239 crate=239 uimp=276145 upos=4060 uneg=2235 ball=67.90 vball=14.26 aball=199.5 bref=0.00 pid=238.6 pref=300.0 ppos=276.1 apid=0.0 integ=-0.0 vision=1 current=1 vframe=10032 vs=1 vage=26 vpage=26 vdt=10 vmax=745453 vacc=8747 vrej=0 seq=0 elapsed=0 oled=3C
[   7827] STATUS mode=3 fault=none enc=63 denc=1 sreq=194 sapplied=194 crate=194 uimp=280575 upos=4080 uneg=2235 ball=70.50 vball=44.47 aball=199.5 bref=0.00 pid=194.3 pref=300.0 ppos=280.6 apid=0.0 integ=-0.0 vision=1 current=1 vframe=10033 vs=1 vage=15 vpage=15 vdt=31 vmax=745453 vacc=8748 vrej=0 seq=0 elapsed=0 oled=3C
[   7827] >>> stop
[   7859] STATUS mode=3 fault=none enc=71 denc=0 sreq=129 sapplied=129 crate=129 uimp=287115 upos=4120 uneg=2235 ball=70.96 vball=28.99 aball=199.5 bref=0.00 pid=128.9 pref=300.0 ppos=287.1 apid=0.0 integ=-0.0 vision=1 current=1 vframe=10034 vs=1 vage=22 vpage=22 vdt=33 vmax=745453 vacc=8749 vrej=0 seq=0 elapsed=0 oled=3C
[   7875] STATUS mode=1 fault=none enc=68 denc=0 sreq=0 sapplied=0 crate=0 uimp=287760 upos=4125 uneg=2235 ball=70.96 vball=28.99 aball=0.0 bref=0.00 pid=0.0 pref=287.8 ppos=287.8 apid=0.0 integ=0.0 vision=1 current=1 vframe=10034 vs=1 vage=42 vpage=42 vdt=33 vmax=745453 vacc=8749 vrej=0 seq=0 elapsed=0 oled=3C
[   7905] STATUS mode=1 fault=none enc=68 denc=-1 sreq=0 sapplied=0 crate=0 uimp=287760 upos=4125 uneg=2235 ball=70.96 vball=28.99 aball=0.0 bref=0.00 pid=0.0 pref=287.8 ppos=287.8 apid=0.0 integ=0.0 vision=1 current=1 vframe=10034 vs=1 vage=62 vpage=62 vdt=33 vmax=745453 vacc=8749 vrej=0 seq=0 elapsed=0 oled=3C
[   7937] STATUS mode=1 fault=none enc=68 denc=0 sreq=0 sapplied=0 crate=0 uimp=287760 upos=4125 uneg=2235 ball=70.96 vball=28.99 aball=0.0 bref=0.00 pid=0.0 pref=287.8 ppos=287.8 apid=0.0 integ=0.0 vision=1 current=1 vframe=10034 vs=1 vage=102 vpage=102 vdt=33 vmax=745453 vacc=8749 vrej=0 seq=0 elapsed=0 oled=3C
[   7952] STATUS mode=1 fault=none enc=68 denc=0 sreq=0 sapplied=0 crate=0 uimp=287760 upos=4125 uneg=2235 ball=70.96 vball=28.99 aball=0.0 bref=0.00 pid=0.0 pref=287.8 ppos=287.8 apid=0.0 integ=0.0 vision=1 current=1 vframe=10034 vs=1 vage=122 vpage=122 vdt=33 vmax=745453 vacc=8749 vrej=0 seq=0 elapsed=0 oled=3C
[   7984] STATUS mode=1 fault=none enc=68 denc=0 sreq=0 sapplied=0 crate=0 uimp=287760 upos=4125 uneg=2235 ball=70.96 vball=28.99 aball=0.0 bref=0.00 pid=0.0 pref=287.8 ppos=287.8 apid=0.0 integ=0.0 vision=1 current=1 vframe=10034 vs=1 vage=142 vpage=142 vdt=33 vmax=745453 vacc=8749 vrej=0 seq=0 elapsed=0 oled=3C
[   8016] STATUS mode=1 fault=none enc=68 denc=0 sreq=0 sapplied=0 crate=0 uimp=287760 upos=4125 uneg=2235 ball=71.68 vball=17.85 aball=0.0 bref=0.00 pid=0.0 pref=287.8 ppos=287.8 apid=0.0 integ=0.0 vision=1 current=1 vframe=10035 vs=1 vage=3 vpage=3 vdt=179 vmax=745453 vacc=8750 vrej=0 seq=0 elapsed=0 oled=3C
[   8046] STATUS mode=1 fault=none enc=68 denc=0 sreq=0 sapplied=0 crate=0 uimp=287760 upos=4125 uneg=2235 ball=71.68 vball=17.85 aball=0.0 bref=0.00 pid=0.0 pref=287.8 ppos=287.8 apid=0.0 integ=0.0 vision=1 current=1 vframe=10035 vs=1 vage=23 vpage=23 vdt=179 vmax=745453 vacc=8750 vrej=0 seq=0 elapsed=0 oled=3C
[   8062] STATUS mode=1 fault=none enc=68 denc=0 sreq=0 sapplied=0 crate=0 uimp=287760 upos=4125 uneg=2235 ball=73.53 vball=36.50 aball=0.0 bref=0.00 pid=0.0 pref=287.8 ppos=287.8 apid=0.0 integ=0.0 vision=1 current=1 vframe=10036 vs=1 vage=19 vpage=19 vdt=24 vmax=745453 vacc=8751 vrej=0 seq=0 elapsed=0 oled=3C
[   8093] STATUS mode=1 fault=none enc=68 denc=0 sreq=0 sapplied=0 crate=0 uimp=287760 upos=4125 uneg=2235 ball=73.79 vball=22.52 aball=0.0 bref=0.00 pid=0.0 pref=287.8 ppos=287.8 apid=0.0 integ=0.0 vision=1 current=1 vframe=10037 vs=1 vage=27 vpage=27 vdt=32 vmax=745453 vacc=8752 vrej=0 seq=0 elapsed=0 oled=3C
[   8125] STATUS mode=1 fault=none enc=68 denc=0 sreq=0 sapplied=0 crate=0 uimp=287760 upos=4125 uneg=2235 ball=73.79 vball=22.52 aball=0.0 bref=0.00 pid=0.0 pref=287.8 ppos=287.8 apid=0.0 integ=0.0 vision=1 current=1 vframe=10037 vs=1 vage=47 vpage=47 vdt=32 vmax=745453 vacc=8752 vrej=0 seq=0 elapsed=0 oled=3C
[   8141] STATUS mode=1 fault=none enc=68 denc=0 sreq=0 sapplied=0 crate=0 uimp=287760 upos=4125 uneg=2235 ball=73.79 vball=22.52 aball=0.0 bref=0.00 pid=0.0 pref=287.8 ppos=287.8 apid=0.0 integ=0.0 vision=1 current=1 vframe=10037 vs=1 vage=67 vpage=67 vdt=32 vmax=745453 vacc=8752 vrej=0 seq=0 elapsed=0 oled=3C
[   8171] STATUS mode=1 fault=none enc=68 denc=0 sreq=0 sapplied=0 crate=0 uimp=287760 upos=4125 uneg=2235 ball=74.47 vball=15.75 aball=0.0 bref=0.00 pid=0.0 pref=287.8 ppos=287.8 apid=0.0 integ=0.0 vision=1 current=1 vframe=10038 vs=1 vage=9 vpage=9 vdt=98 vmax=745453 vacc=8753 vrej=0 seq=0 elapsed=0 oled=3C
[   8202] STATUS mode=1 fault=none enc=68 denc=0 sreq=0 sapplied=0 crate=0 uimp=287760 upos=4125 uneg=2235 ball=74.35 vball=7.18 aball=0.0 bref=0.00 pid=0.0 pref=287.8 ppos=287.8 apid=0.0 integ=0.0 vision=1 current=1 vframe=10039 vs=1 vage=13 vpage=13 vdt=16 vmax=745453 vacc=8754 vrej=0 seq=0 elapsed=0 oled=3C
[   8202] >>> stream off
[   8218] STATUS mode=1 fault=none enc=68 denc=0 sreq=0 sapplied=0 crate=0 uimp=287760 upos=4125 uneg=2235 ball=74.35 vball=7.18 aball=0.0 bref=0.00 pid=0.0 pref=287.8 ppos=287.8 apid=0.0 integ=0.0 vision=1 current=1 vframe=10039 vs=1 vage=33 vpage=33 vdt=16 vmax=745453 vacc=8754 vrej=0 seq=0 elapsed=0 oled=3C
[   8218] OK stream off
[   8405] STOP_REASON time_limit
