[      0] >>> bench on
[      0] OK stepper visual-only bench active; use zero before tests
[    188] >>> clear
[    188] OK fault cleared
[    375] >>> diag reset
[    375] OK actuator diagnostics reset
[    563] >>> gain ball 5.0 20.0 2.0 -1
[    577] OK ball gains kp=5.000 ki=20.000 kd=2.000 sign=-1
[    750] >>> gain accel 0.0
[    750] OK ball acceleration gain ka=0.000
[    938] >>> limit rate 2000
[    938] OK ball rate limit=2000 steps/s
[   1125] >>> stream on 20
[   1125] OK stream on 20 ms
[   1172] STATUS mode=1 fault=none enc=-374 denc=0 sreq=0 sapplied=0 crate=0 uimp=0 upos=0 uneg=0 ball=-92.76 vball=-0.36 aball=0.0 bref=0.00 pid=0.0 pref=0.0 ppos=0.0 apid=0.0 integ=0.0 vision=1 current=1 vframe=1428 vs=1 vage=29 vpage=29 vdt=33 vmax=175 vacc=1428 vrej=0 seq=0 elapsed=0 oled=3C
[   1188] STATUS mode=1 fault=none enc=-374 denc=0 sreq=0 sapplied=0 crate=0 uimp=0 upos=0 uneg=0 ball=-92.77 vball=-0.34 aball=0.0 bref=0.00 pid=0.0 pref=0.0 ppos=0.0 apid=0.0 integ=0.0 vision=1 current=1 vframe=1429 vs=1 vage=16 vpage=16 vdt=33 vmax=175 vacc=1429 vrej=0 seq=0 elapsed=0 oled=3C
[   1218] STATUS mode=1 fault=none enc=-374 denc=0 sreq=0 sapplied=0 crate=0 uimp=0 upos=0 uneg=0 ball=-92.77 vball=-0.34 aball=0.0 bref=0.00 pid=0.0 pref=0.0 ppos=0.0 apid=0.0 integ=0.0 vision=1 current=1 vframe=1429 vs=1 vage=36 vpage=36 vdt=33 vmax=175 vacc=1429 vrej=0 seq=0 elapsed=0 oled=3C
[   1250] STATUS mode=1 fault=none enc=-374 denc=0 sreq=0 sapplied=0 crate=0 uimp=0 upos=0 uneg=0 ball=-92.77 vball=-0.34 aball=0.0 bref=0.00 pid=0.0 pref=0.0 ppos=0.0 apid=0.0 integ=0.0 vision=1 current=1 vframe=1429 vs=1 vage=56 vpage=56 vdt=33 vmax=175 vacc=1429 vrej=0 seq=0 elapsed=0 oled=3C
[   1266] STATUS mode=1 fault=none enc=-374 denc=0 sreq=0 sapplied=0 crate=0 uimp=0 upos=0 uneg=0 ball=-92.74 vball=0.13 aball=0.0 bref=0.00 pid=0.0 pref=0.0 ppos=0.0 apid=0.0 integ=0.0 vision=1 current=1 vframe=1430 vs=1 vage=3 vpage=3 vdt=93 vmax=175 vacc=1430 vrej=0 seq=0 elapsed=0 oled=3C
[   1297] STATUS mode=1 fault=none enc=-374 denc=0 sreq=0 sapplied=0 crate=0 uimp=0 upos=0 uneg=0 ball=-92.74 vball=0.13 aball=0.0 bref=0.00 pid=0.0 pref=0.0 ppos=0.0 apid=0.0 integ=0.0 vision=1 current=1 vframe=1430 vs=1 vage=23 vpage=23 vdt=93 vmax=175 vacc=1430 vrej=0 seq=0 elapsed=0 oled=3C
[   1297] >>> ball 0.0
[   1313] STATUS mode=1 fault=none enc=-374 denc=0 sreq=0 sapplied=0 crate=0 uimp=0 upos=0 uneg=0 ball=-92.53 vball=3.75 aball=0.0 bref=0.00 pid=0.0 pref=0.0 ppos=0.0 apid=0.0 integ=0.0 vision=1 current=1 vframe=1431 vs=1 vage=18 vpage=18 vdt=25 vmax=175 vacc=1431 vrej=0 seq=0 elapsed=0 oled=3C
[   1343] STATUS mode=3 fault=none enc=-370 denc=0 sreq=-200 sapplied=-200 crate=-200 uimp=-500 upos=0 uneg=5 ball=-92.41 vball=3.47 aball=0.0 bref=0.00 pid=-2000.0 pref=-300.0 ppos=-0.5 apid=0.0 integ=-0.0 vision=1 current=1 vframe=1432 vs=1 vage=5 vpage=5 vdt=33 vmax=175 vacc=1432 vrej=0 seq=0 elapsed=0 oled=3C
[   1375] STATUS mode=3 fault=none enc=-396 denc=-5 sreq=-1000 sapplied=-1000 crate=-1000 uimp=-22500 upos=0 uneg=45 ball=-92.41 vball=3.47 aball=0.0 bref=0.00 pid=-2000.0 pref=-300.0 ppos=-22.5 apid=0.0 integ=-0.0 vision=1 current=1 vframe=1432 vs=1 vage=45 vpage=45 vdt=33 vmax=175 vacc=1432 vrej=0 seq=0 elapsed=0 oled=3C
[   1407] STATUS mode=3 fault=none enc=-427 denc=-9 sreq=-1400 sapplied=-1400 crate=-1400 uimp=-45500 upos=0 uneg=65 ball=-92.41 vball=3.47 aball=0.0 bref=0.00 pid=-2000.0 pref=-300.0 ppos=-45.5 apid=0.0 integ=-0.0 vision=1 current=1 vframe=1432 vs=1 vage=65 vpage=65 vdt=33 vmax=175 vacc=1432 vrej=0 seq=0 elapsed=0 oled=3C
[   1422] STATUS mode=3 fault=none enc=-467 denc=-11 sreq=-1800 sapplied=-1800 crate=-1800 uimp=-76500 upos=0 uneg=85 ball=-92.41 vball=3.47 aball=0.0 bref=0.00 pid=-2000.0 pref=-300.0 ppos=-76.5 apid=0.0 integ=-0.0 vision=1 current=1 vframe=1432 vs=1 vage=85 vpage=85 vdt=33 vmax=175 vacc=1432 vrej=0 seq=0 elapsed=0 oled=3C
[   1452] STATUS mode=3 fault=none enc=-559 denc=-9 sreq=-1509 sapplied=-1509 crate=-1509 uimp=-149115 upos=0 uneg=125 ball=-92.42 vball=-0.34 aball=-6.5 bref=0.00 pid=-1508.8 pref=-300.0 ppos=-149.1 apid=-0.0 integ=-0.0 vision=1 current=1 vframe=1434 vs=1 vage=10 vpage=10 vdt=25 vmax=175 vacc=1434 vrej=0 seq=0 elapsed=0 oled=3C
[   1484] STATUS mode=3 fault=none enc=-595 denc=-8 sreq=-1229 sapplied=-1229 crate=-1229 uimp=-177105 upos=0 uneg=145 ball=-92.42 vball=-0.34 aball=-6.5 bref=0.00 pid=-1229.0 pref=-300.0 ppos=-177.1 apid=-0.0 integ=-0.0 vision=1 current=1 vframe=1434 vs=1 vage=30 vpage=30 vdt=25 vmax=175 vacc=1434 vrej=0 seq=0 elapsed=0 oled=3C
[   1516] STATUS mode=3 fault=none enc=-624 denc=-7 sreq=-1001 sapplied=-1001 crate=-1001 uimp=-199905 upos=0 uneg=165 ball=-92.08 vball=5.68 aball=-6.5 bref=0.00 pid=-1001.0 pref=-300.0 ppos=-199.9 apid=-0.0 integ=-0.0 vision=1 current=1 vframe=1435 vs=1 vage=16 vpage=16 vdt=34 vmax=175 vacc=1435 vrej=0 seq=0 elapsed=0 oled=3C
[   1547] STATUS mode=3 fault=none enc=-666 denc=-5 sreq=-664 sapplied=-664 crate=-664 uimp=-233595 upos=0 uneg=205 ball=-92.08 vball=5.68 aball=-6.5 bref=0.00 pid=-664.0 pref=-300.0 ppos=-233.6 apid=-0.0 integ=-0.0 vision=1 current=1 vframe=1435 vs=1 vage=56 vpage=56 vdt=34 vmax=175 vacc=1435 vrej=0 seq=0 elapsed=0 oled=3C
[   1563] STATUS mode=3 fault=none enc=-681 denc=-3 sreq=-541 sapplied=-541 crate=-541 uimp=-245910 upos=0 uneg=225 ball=-92.08 vball=5.68 aball=-6.5 bref=0.00 pid=-540.9 pref=-300.0 ppos=-245.9 apid=-0.0 integ=-0.0 vision=1 current=1 vframe=1435 vs=1 vage=76 vpage=76 vdt=34 vmax=175 vacc=1435 vrej=0 seq=0 elapsed=0 oled=3C
[   1593] STATUS mode=3 fault=none enc=-704 denc=-3 sreq=-359 sapplied=-359 crate=-359 uimp=-264120 upos=0 uneg=265 ball=-91.12 vball=9.40 aball=18.4 bref=0.00 pid=-358.8 pref=-300.0 ppos=-264.1 apid=0.0 integ=-0.0 vision=1 current=1 vframe=1436 vs=1 vage=23 vpage=23 vdt=93 vmax=175 vacc=1436 vrej=0 seq=0 elapsed=0 oled=3C
[   1625] STATUS mode=3 fault=none enc=-712 denc=-2 sreq=-292 sapplied=-292 crate=-292 uimp=-270780 upos=0 uneg=285 ball=-89.36 vball=43.28 aball=18.4 bref=0.00 pid=-292.2 pref=-300.0 ppos=-270.8 apid=0.0 integ=-0.0 vision=1 current=1 vframe=1437 vs=1 vage=19 vpage=19 vdt=24 vmax=175 vacc=1437 vrej=0 seq=0 elapsed=0 oled=3C
[   1657] STATUS mode=3 fault=none enc=-718 denc=-2 sreq=-238 sapplied=-238 crate=-238 uimp=-276200 upos=0 uneg=305 ball=-88.16 vball=39.41 aball=18.4 bref=0.00 pid=-238.0 pref=-300.0 ppos=-276.2 apid=0.0 integ=-0.0 vision=1 current=1 vframe=1438 vs=1 vage=6 vpage=6 vdt=33 vmax=175 vacc=1438 vrej=0 seq=0 elapsed=0 oled=3C
[   1672] STATUS mode=3 fault=none enc=-728 denc=-1 sreq=-158 sapplied=-158 crate=-158 uimp=-284210 upos=0 uneg=345 ball=-88.16 vball=39.41 aball=18.4 bref=0.00 pid=-157.9 pref=-300.0 ppos=-284.2 apid=0.0 integ=-0.0 vision=1 current=1 vframe=1438 vs=1 vage=46 vpage=46 vdt=33 vmax=175 vacc=1438 vrej=0 seq=0 elapsed=0 oled=3C
[   1702] STATUS mode=3 fault=none enc=-731 denc=0 sreq=-129 sapplied=-129 crate=-129 uimp=-287135 upos=0 uneg=365 ball=-88.16 vball=39.41 aball=18.4 bref=0.00 pid=-128.6 pref=-300.0 ppos=-287.1 apid=0.0 integ=-0.0 vision=1 current=1 vframe=1438 vs=1 vage=66 vpage=66 vdt=33 vmax=175 vacc=1438 vrej=0 seq=0 elapsed=0 oled=3C
[   1734] STATUS mode=3 fault=none enc=-738 denc=-2 sreq=-85 sapplied=-85 crate=-85 uimp=-291470 upos=0 uneg=405 ball=-86.08 vball=ll=39.41 aball=18.4 bref=0.00 pid=-104.8 pref=-300.0 ppos=-289.5 apid=0.0 integ=-0.0 vision=1 current=1 vframe=1438 vs=1 vage=86 vpage=86 vdt=33 vmax=175 vacc=1438 vrej=0 seq=0 elapsed=0 oled=3C
[   1766] STATUS mode=3 fault=none enc=-738 denc=1 sreq=123 sapplied=123 crate=123 uimp=-292685 upos=0 uneg=420 ball=-82.74 vball=98.01 aball=78.9 bref=0.00 pid=750.1 pref=-217.7 ppos=-292.7 apid=0.0 integ=-0.0 vision=1 current=1 vframe=1440 vs=1 vage=7 vpage=7 vdt=23 vmax=175 vacc=1440 vrej=0 seq=0 elapsed=0 oled=3C
[   1782] STATUS mode=3 fault=none enc=-732 denc=3 sreq=523 sapplied=523 crate=523 uimp=-287225 upos=20 uneg=420 ball=-82.74 vball=98.01 aball=78.9 bref=0.00 pid=695.5 pref=-217.7 ppos=-287.2 apid=0.0 integ=-0.0 vision=1 current=1 vframe=1440 vs=1 vage=27 vpage=27 vdt=23 vmax=175 vacc=1440 vrej=0 seq=0 elapsed=0 oled=3C
[   1813] STATUS mode=3 fault=none enc=-707 denc=2 sreq=423 sapplied=423 crate=423 uimp=-266255 upos=60 uneg=420 ball=-80.11 vball=88.29 aball=78.9 bref=0.00 pid=422.9 pref=-224.0 ppos=-266.3 apid=0.0 integ=-0.0 vision=1 current=1 vframe=1441 vs=1 vage=34 vpage=34 vdt=33 vmax=175 vacc=1441 vrej=0 seq=0 elapsed=0 oled=3C
[   1843] STATUS mode=3 fault=none enc=-697 denc=2 sreq=344 sapplied=344 crate=344 uimp=-258405 upos=80 uneg=420 ball=-80.11 vball=88.29 aball=78.9 bref=0.00 pid=344.4 pref=-224.0 ppos=-258.4 apid=0.0 integ=-0.0 vision=1 current=1 vframe=1441 vs=1 vage=54 vpage=54 vdt=33 vmax=175 vacc=1441 vrej=0 seq=0 elapsed=0 oled=3C
[   1875] STATUS mode=3 fault=none enc=-688 denc=2 sreq=281 sapplied=281 crate=281 uimp=-252020 upos=100 uneg=420 ball=-80.11 vball=88.29 aball=78.9 bref=0.00 pid=280.5 pref=-224.0 ppos=-252.0 apid=0.0 integ=-0.0 vision=1 current=1 vframe=1441 vs=1 vage=74 vpage=74 vdt=33 vmax=175 vacc=1441 vrej=0 seq=0 elapsed=0 oled=3C
[   1891] STATUS mode=3 fault=none enc=-679 denc=0 sreq=30 sapplied=30 crate=30 uimp=-243845 upos=140 uneg=420 ball=-76.10 vball=69.83 aball=151.6 bref=0.00 pid=30.1 pref=-240.8 ppos=-243.8 apid=0.0 integ=-0.0 vision=1 current=1 vframe=1442 vs=1 vage=16 vpage=16 vdt=98 vmax=175 vacc=1442 vrej=0 seq=0 elapsed=0 oled=3C
[   1922] STATUS mode=3 fault=none enc=-674 denc=2 sreq=430 sapplied=430 crate=430 uimp=-240245 upos=160 uneg=420 ball=-70.88 vball=157.00 aball=151.6 bref=0.00 pid=1998.5 pref=-40.4 ppos=-240.2 apid=0.0 integ=-0.0 vision=1 current=1 vframe=1443 vs=1 vage=17 vpage=17 vdt=19 vmax=175 vacc=1443 vrej=0 seq=0 elapsed=0 oled=3C
[   1952] STATUS mode=3 fault=none enc=-658 denc=6 sreq=830 sapplied=830 crate=830 uimp=-228645 upos=180 uneg=420 ball=-66.73 vball=142.26 aball=151.6 bref=0.00 pid=1795.2 pref=-49.1 ppos=-228.6 apid=0.0 integ=-0.0 vision=1 current=1 vframe=1444 vs=1 vage=4 vpage=4 vdt=33 vmax=175 vacc=1444 vrej=0 seq=0 elapsed=0 oled=3C
[   1984] STATUS mode=3 fault=none enc=-600 denc=8 sreq=1330 sapplied=1330 crate=1330 uimp=-182095 upos=220 uneg=420 ball=-66.73 vball=142.26 aball=151.6 bref=0.00 pid=1329.7 pref=-49.1 ppos=-182.1 apid=0.0 integ=-0.0 vision=1 current=1 vframe=1444 vs=1 vage=44 vpage=44 vdt=33 vmax=175 vacc=1444 vrej=0 seq=0 elapsed=0 oled=3C
[   2000] STATUS mode=3 fault=none enc=-567 denc=8 sreq=1083 sapplied=1083 crate=1083 uimp=-157430 upos=240 uneg=420 ball=-66.73 vball=142.26 aball=151.6 bref=0.00 pid=1083.0 pref=-49.1 ppos=-157.4 apid=0.0 integ=-0.0 vision=1 current=1 vframe=1444 vs=1 vage=64 vpage=64 vdt=33 vmax=175 vacc=1444 vrej=0 seq=0 elapsed=0 oled=3C
[   2032] STATUS mode=3 fault=none enc=-522 denc=4 sreq=596 sapplied=596 crate=596 uimp=-121280 upos=280 uneg=420 ball=-60.89 vball=108.15 aball=200.7 bref=0.00 pid=331.3 pref=-88.2 ppos=-121.3 apid=0.0 integ=-0.0 vision=1 current=1 vframe=1445 vs=1 vage=9 vpage=9 vdt=95 vmax=175 vacc=1445 vrej=0 seq=0 elapsed=0 oled=3C
[   2063] STATUS mode=3 fault=none enc=-511 denc=2 sreq=242 sapplied=242 crate=242 uimp=-112360 upos=300 uneg=420 ball=-60.89 vball=108.15 aball=200.7 bref=0.00 pid=242.1 pref=-88.2 ppos=-112.4 apid=0.0 integ=-0.0 vision=1 current=1 vframe=1445 vs=1 vage=29 vpage=29 vdt=95 vmax=175 vacc=1445 vrej=0 seq=0 elapsed=0 oled=3C
[   2093] STATUS mode=3 fault=none enc=-503 denc=3 sreq=530 sapplied=530 crate=530 uimp=-106200 upos=320 uneg=420 ball=-52.32 vball=175.17 aball=200.7 bref=0.00 pid=1949.4 pref=88.7 ppos=-106.2 apid=0.0 integ=-0.0 vision=1 current=1 vframe=1446 vs=1 vage=12 vpage=12 vdt=37 vmax=175 vacc=1446 vrej=0 seq=0 elapsed=0 oled=3C
[   2109] STATUS mode=3 fault=none enc=-458 denc=7 sreq=1330 sapplied=1330 crate=1330 uimp=-71000 upos=360 uneg=420 ball=-52.32 vball=175.17 aball=200.7 bref=0.00 pid=1597.4 pref=88.7 ppos=-71.0 apid=0.0 integ=-0.0 vision=1 current=1 vframe=1446 vs=1 vage=52 vpage=52 vdt=37 vmax=175 vacc=1446 vrej=0 seq=0 elapsed=0 oled=3C
[   2141] STATUS mode=3 fault=none enc=-421 denc=9 sreq=1317 sapplied=1317 crate=1317 uimp=-42975 upos=380 uneg=420 ball=-52.32 vball=175.17 aball=200.7 bref=0.00 pid=1317.2 pref=88.7 ppos=-43.0 apid=0.0 integ=-0.0 vision=1 current=1 vframe=1446 vs=1 vage=72 vpage=72 vdt=37 vmax=175 vacc=1446 vrej=0 seq=0 elapsed=0 oled=3C
[   2172] STATUS mode=3 fault=none enc=-390 denc=7 sreq=1073 sapplied=1073 crate=1073 uimp=-18545 upos=400 uneg=420 ball=-52.32 vball=175.17 aball=200.7 bref=0.00 pid=1072.9 pref=88.7 ppos=-18.5 apid=0.0 integ=-0.0 vision=1 current=1 vframe=1446 vs=1 vage=92 vpage=92 vdt=37 vmax=175 vacc=1446 vrej=0 seq=0 elapsed=0 oled=3C
[   2202] STATUS mode=3 fault=none enc=-345 denc=5 sreq=581 sapplied=581 crate=581 uimp=17145 upos=440 uneg=420 ball=-42.11 vball=134.19 aball=275.2 bref=0.00 pid=406.9 pref=57.8 ppos=17.1 apid=0.0 integ=-0.0 vision=1 current=1 vframe=1448 vs=1 vage=11 vpage=11 vdt=10 vmax=175 vacc=1448 vrej=0 seq=0 elapsed=0 oled=3C
[   2218] STATUS mode=3 fault=none enc=-334 denc=2 sreq=435 sapplied=435 crate=435 uimp=26035 upos=460 uneg=420 ball=-33.71 vball=194.04 aball=275.2 bref=0.00 pid=1935.0 pref=219.5 ppos=26.0 apid=0.0 integ=-0.0 vision=1 current=1 vframe=1449 vs=1 vage=2 vpage=2 vdt=29 vmax=175 vacc=1449 vrej=0 seq=0 elapsed=0 oled=3C
[   2250] STATUS mode=3 fault=none enc=-319 denc=4 sreq=835 sapplied=835 crate=835 uimp=37735 upos=480 uneg=420 ball=-33.71 vball=194.04 aball=275.2 bref=0.00 pid=1818.0 pref=219.5 ppos=37.7 apid=0.0 integ=-0.0 vision=1 current=1 vframe=1449 vs=1 vage=22 vpage=22 vdt=29 vmax=175 vacc=1449 vrej=0 seq=0 elapsed=0 oled=3C
[   2282] STATUS mode=3 fault=none enc=-264 denc=8 sreq=1097 sapplied=1097 crate=1097 uimp=81850 upos=520 uneg=420 ball=-29.22 vball=168.81 aball=275.2 bref=0.00 pid=1096.7 pref=191.5 ppos=81.8 apid=0.0 integ=-0.0 vision=1 current=1 vframe=1450 vs=1 vage=30 vpage=30 vdt=32 vmax=175 vacc=1450 vrej=0 seq=0 elapsed=0 oled=3C
[   2297] STATUS mode=3 fault=none enc=-238 denc=6 sreq=893 sapplied=893 crate=893 uimp=102195 upos=540 uneg=420 ball=-29.22 vball=168.81 aball=275.2 bref=0.00 pid=893.3 pref=191.5 ppos=102.2 apid=0.0 integ=-0.0 vision=1 current=1 vframe=1450 vs=1 vage=50 vpage=50 vdt=32 vmax=175 vacc=1450 vrej=0 seq=0 elapsed=0 oled=3C
[   2327] STATUS mode=3 fault=none enc=-201 denc=3 sreq=593 sapplied=593 crate=593 uimp=132265 upos=580 uneg=420 ball=-29.22 vball=168.81 aball=275.2 bref=0.00 pid=727.6 pref=191.5 ppos=118.8 apid=0.0 integ=-0.0 vision=1 current=1 vframe=1450 vs=1 vage=70 vpage=70 vdt=32 vmax=175 vacc=1450 vrej=0 seq=0 elapsed=0 oled=3C
[   2359] STATUS mode=3 fault=none enc=-189 denc=3 sreq=263 sapplied=263 crate=263 uimp=142175 upos=600 uneg=420 ball=-22.87 vball=125.84 aball=53.0 bref=0.00 pid=-48.4 pref=137.3 ppos=142.2 apid=0.0 integ=-0.0 vision=1 current=1 vframe=1451 vs=1 vage=14 vpage=14 vdt=96 vmax=175 vacc=1451 vrej=0 seq=0 elapsed=0 oled=3C
[   2391] STATUS mode=3 fault=none enc=-185 denc=1 sreq=-73 sapplied=-73 crate=-73 uimp=144620 upos=615 uneg=420 ball=-22.87 vball=125.84 aball=53.0 bref=0.00 pid=-72.9 pref=137.3 ppos=144.6 apid=0.0 integ=-0.0 vision=1 current=1 vframe=1451 vs=1 vage=34 vpage=34 vdt=96 vmax=175 vacc=1451 vrej=0 seq=0 elapsed=0 oled=3C
[   2407] STATUS mode=3 fault=none enc=-176 denc=4 sreq=631 sapplied=631 crate=631 uimp=152185 upos=640 uneg=430 ball=-16.57 vball=149.18 aball=53.0 bref=0.00 pid=633.3 pref=215.5 ppos=152.2 apid=0.0 integ=-0.0 vision=1 current=1 vframe=1452 vs=1 vage=33 vpage=33 vdt=41 vmax=175 vacc=1452 vrej=0 seq=0 elapsed=0 oled=3C
[   2438] STATUS mode=3 fault=none enc=-161 denc=3 sreq=516 sapplied=516 crate=516 uimp=163925 upos=660 uneg=430 ball=-16.57 vball=149.18 aball=53.0 bref=0.00 pid=515.9 pref=215.5 ppos=163.9 apid=0.0 integ=-0.0 vision=1 current=1 vframe=1452 vs=1 vage=53 vpage=53 vdt=41 vmax=175 vacc=1452 vrej=0 seq=0 elapsed=0 oled=3C
[   2468] STATUS mode=3 fault=none enc=-150 denc=2 sreq=420 sapplied=420 crate=420 uimp=173495 upos=680 uneg=430 ball=-16.57 vball=149.18 aball=53.0 bref=0.00 pid=420.2 pref=215.5 ppos=173.5 apid=0.0 integ=-0.0 vision=1 current=1 vframe=1452 vs=1 vage=73 vpage=73 vdt=41 vmax=175 vacc=1452 vrej=0 seq=0 elapsed=0 oled=3C
[   2500] STATUS mode=3 fault=none enc=-133 denc=1 sreq=109 sapplied=109 crate=109 uimp=187210 upos=720 uneg=430 ball=-9.47 vball=104.35 aball=34.9 bref=0.00 pid=-258.6 pref=161.4 ppos=187.2 apid=0.0 integ=-0.0 vision=1 current=1 vframe=1454 vs=1 vage=3 vpage=3 vdt=6 vmax=175 vacc=1454 vrej=0 seq=0 elapsed=0 oled=3C
[   2516] STATUS mode=3 fault=none enc=-132 denc=1 sreq=-254 sapplied=-254 crate=-254 uimp=186800 upos=725 uneg=435 ball=-9.47 vball=104.35 aball=34.9 bref=0.00 pid=-254.5 pref=161.4 ppos=186.8 apid=0.0 integ=-0.0 vision=1 current=1 vframe=1454 vs=1 vage=23 vpage=23 vdt=6 vmax=175 vacc=1454 vrej=0 seq=0 elapsed=0 oled=3C
[   2547] STATUS mode=3 fault=none enc=-138 denc=-2 sreq=-318 sapplied=-318 crate=-318 uimp=182080 upos=725 uneg=455 ball=-7.80 vball=88.64 aball=34.9 bref=0.00 pid=-438.0 pref=138.3 ppos=182.1 apid=0.0 integ=-0.0 vision=1 current=1 vframe=1455 vs=1 vage=6 vpage=6 vdt=37 vmax=175 vacc=1455 vrej=0 seq=0 elapsed=0 oled=3C
[   2577] STATUS mode=3 fault=none enc=-155 denc=-2 sreq=-295 sapplied=-295 crate=-295 uimp=167775 upos=725 uneg=495 ball=-7.80 vball=88.64 aball=34.9 bref=0.00 pid=-294.9 pref=138.3 ppos=167.8 apid=0.0 integ=-0.0 vision=1 current=1 vframe=1455 vs=1 vage=46 vpage=46 vdt=37 vmax=175 vacc=1455 vrej=0 seq=0 elapsed=0 oled=3C
[   2609] STATUS mode=3 fault=none enc=-162 denc=-2 sreq=-240 sapplied=-240 crate=-240 uimp=162305 upos=725 uneg=515 ball=-7.80 vball=88.64 aball=34.9 bref=0.00 pid=-240.2 pref=138.3 ppos=162.3 apid=0.0 integ=-0.0 vision=1 current=1 vframe=1455 vs=1 vage=66 vpage=66 vdt=37 vmax=175 vacc=1455 vrej=0 seq=0 elapsed=0 oled=3C
[   2625] STATUS mode=3 fault=none enc=-167 denc=-1 sreq=-196 sapplied=-196 crate=-196 uimp=157850 upos=725 uneg=535 ball=-7.80 vball=88.64 aball=34.9 bref=0.00 pid=-195.7 pref=138.3 ppos=157.8 apid=0.0 integ=-0.0 vision=1 current=1 vframe=1455 vs=1 vage=86 vpage=86 vdt=37 vmax=175 vacc=1455 vrej=0 seq=0 elapsed=0 oled=3C
[   2657] STATUS mode=3 fault=none enc=-175 denc=0 sreq=-130 sapplied=-130 crate=-130 uimp=151260 upos=725 uneg=575 ball=-7.80 vball=88.64 aball=34.9 bref=0.00 pid=-129.8 pref=138.3 ppos=151.3 apid=0.0 integ=-0.0 vision=1 current=0 vframe=1457 vs=0 vage=126 vpage=19 vdt=37 vmax=175 vacc=1455 vrej=0 seq=0 elapsed=0 oled=3C
[   2688] STATUS mode=3 fault=none enc=-179 denc=-2 sreq=-106 sapplied=-106 crate=-106 uimp=148855 upos=725 uneg=595 ball=-7.80 vball=88.64 aball=34.9 bref=0.00 pid=-105.7 pref=138.3 ppos=148.9 apid=0.0 integ=-0.0 vision=1 current=0 vframe=1458 vs=0 vage=146 vpage=18 vdt=37 vmax=175 vacc=1455 vrej=0 seq=0 elapsed=0 oled=3C
[   2718] STATUS mode=3 fault=none enc=-184 denc=-3 sreq=-400 sapplied=-400 crate=-400 uimp=144825 upos=725 uneg=620 ball=-5.34 vball=27.30 aball=-195.9 bref=0.00 pid=-1169.2 pref=27.9 ppos=144.8 apid=-0.0 integ=-0.0 vision=1 current=1 vframe=1459 vs=1 vage=19 vpage=19 vdt=167 vmax=175 vacc=1456 vrej=0 seq=0 elapsed=0 oled=3C
[   2734] STATUS mode=3 fault=none enc=-197 denc=-4 sreq=-800 sapplied=-800 crate=-800 uimp=133825 upos=725 uneg=640 ball=-5.34 vball=27.30 aball=-195.9 bref=0.00 pid=-1059.2 pref=27.9 ppos=133.8 apid=-0.0 integ=-0.0 vision=1 current=1 vframe=1459 vs=1 vage=39 vpage=39 vdt=167 vmax=175 vacc=1456 vrej=0 seq=0 elapsed=0 oled=3C
[   2766] STATUS mode=3 fault=none enc=-220 denc=-6 sreq=-879 sapplied=-879 crate=-879 uimp=115825 upos=725 uneg=660 ball=-5.34 vball=27.30 aball=-195.9 bref=0.00 pid=-879.2 pref=27.9 ppos=115.8 apid=-0.0 integ=-0.0 vision=1 current=1 vframe=1459 vs=1 vage=59 vpage=59 vdt=167 vmax=175 vacc=1456 vrej=0 seq=0 elapsed=0 oled=3C
[   2797] STATUS mode=3 fault=none enc=-257 denc=-4 sreq=-583 sapplied=-583 crate=-583 uimp=86235 upos=725 uneg=700 ball=-5.34 vball=27.30 aball=-195.9 bref=0.00 pid=-583.3 pref=27.9 ppos=86.2 apid=-0.0 integ=-0.0 vision=1 current=1 vframe=1459 vs=1 vage=99 vpage=99 vdt=167 vmax=175 vacc=1456 vrej=0 seq=0 elapsed=0 oled=3C
[   2827] STATUS mode=3 fault=none enc=-276 denc=-6 sreq=-915 sapplied=-915 crate=-915 uimp=71575 upos=725 uneg=720 ball=-6.20 vball=5.55 aball=-203.7 bref=0.00 pid=-914.7 pref=-19.9 ppos=71.6 apid=-0.0 integ=-0.0 vision=1 current=1 vframe=1460 vs=1 vage=17 vpage=17 vdt=102 vmax=175 vacc=1457 vrej=0 seq=0 elapsed=0 oled=3C
[   2843] STATUS mode=3 fault=none enc=-303 denc=-8 sreq=-1315 sapplied=-1315 crate=-1315 uimp=50275 upos=725 uneg=740 ball=-9.61 vball=-73.58 aball=-203.7 bref=0.00 pid=-2000.0 pref=-195.2 ppos=50.3 apid=-0.0 integ=-0.0 vision=1 current=1 vframe=1461 vs=1 vage=20 vpage=20 vdt=17 vmax=175 vacc=1458 vrej=0 seq=0 elapsed=0 oled=3C
[   2875] STATUS mode=3 fault=none enc=-388 denc=-14 sreq=-1909 sapplied=-1909 crate=-1909 uimp=-16250 upos=725 uneg=780 ball=-11.90 vball=-73.82 aball=-203.7 bref=0.00 pid=-1908.9 pref=-207.1 ppos=-16.3 apid=-0.0 integ=-0.0 vision=1 current=1 vframe=1462 vs=1 vage=28 vpage=28 vdt=32 vmax=175 vacc=1459 vrej=0 seq=0 elapsed=0 oled=3C
[   2907] STATUS mode=3 fault=none enc=-432 denc=-9 sreq=-1555 sapplied=-1555 crate=-1555 uimp=-51660 upos=725 uneg=800 ball=-11.90 vball=-73.82 aball=-203.7 bref=0.00 pid=-1554.8 pref=-207.1 ppos=-51.7 apid=-0.0 integ=-0.0 vision=1 current=1 vframe=1462 vs=1 vage=48 vpage=48 vdt=32 vmax=175 vacc=1459 vrej=0 seq=0 elapsed=0 oled=3C
[   2938] STATUS mode=3 fault=none enc=-499 denc=-7 sreq=-1031 sapplied=-1031 crate=-1031 uimp=-103990 upos=725 uneg=840 ball=-11.90 vball=-73.82 aball=-203.7 bref=0.00 pid=-1031.5 pref=-207.1 ppos=-104.0 apid=-0.0 integ=-0.0 vision=1 current=1 vframe=1462 vs=1 vage=88 vpage=88 vdt=32 vmax=175 vacc=1459 vrej=0 seq=0 elapsed=0 oled=3C
[   2968] STATUS mode=3 fault=none enc=-523 denc=-5 sreq=-833 sapplied=-833 crate=-833 uimp=-123045 upos=725 uneg=860 ball=-15.63 vball=-64.12 aball=-331.3 bref=0.00 pid=-833.4 pref=-206.4 ppos=-123.0 apid=-0.0 integ=-0.0 vision=1 current=1 vframe=1463 vs=1 vage=14 vpage=14 vdt=94 vmax=175 vacc=1460 vrej=0 seq=0 elapsed=0 oled=3C
[   3000] STATUS mode=3 fault=none enc=-547 denc=-8 sreq=-1092 sapplied=-1092 crate=-1092 uimp=-140590 upos=725 uneg=880 ball=-18.76 vball=-106.76 aball=-331.3 bref=0.00 pid=-1594.1 pref=-300.0 ppos=-140.6 apid=-0.0 integ=-0.0 vision=1 current=1 vframe=1464 vs=1 vage=12 vpage=12 vdt=22 vmax=175 vacc=1461 vrej=0 seq=0 elapsed=0 oled=3C
[   3016] STATUS mode=3 fault=none enc=-608 denc=-7 sreq=-1011 sapplied=-1011 crate=-1011 uimp=-189445 upos=725 uneg=920 ball=-21.18 vball=-92.34 aball=-331.3 bref=0.00 pid=-1011.3 pref=-290.6 ppos=-189.4 apid=-0.0 integ=-0.0 vision=1 current=1 vframe=1465 vs=1 vage=19 vpage=19 vdt=33 vmax=175 vacc=1462 vrej=0 seq=0 elapsed=0 oled=3C
[   3047] STATUS mode=3 fault=none enc=-631 denc=-4 sreq=-824 sapplied=-824 crate=-824 uimp=-208205 upos=725 uneg=940 ball=-21.18 vball=-92.34 aball=-331.3 bref=0.00 pid=-823.7 pref=-290.6 ppos=-208.2 apid=-0.0 integ=-0.0 vision=1 current=1 vframe=1465 vs=1 vage=39 vpage=39 vdt=33 vmax=175 vacc=1462 vrej=0 seq=0 elapsed=0 oled=3C
[   3077] STATUS mode=3 fault=none enc=-667 denc=-5 sreq=-546 sapplied=-546 crate=-546 uimp=-235930 upos=725 uneg=980 ball=-21.18 vball=-92.34 aball=-331.3 bref=0.00 pid=-546.5 pref=-290.6 ppos=-235.9 apid=-0.0 integ=-0.0 vision=1 current=1 vframe=1465 vs=1 vage=79 vpage=79 vdt=33 vmax=175 vacc=1462 vrej=0 seq=0 elapsed=0 oled=3C
[   3109] STATUS mode=3 fault=none enc=-679 denc=-3 sreq=-445 sapplied=-445 crate=-445 uimp=-246065 upos=725 uneg=1000 ball=-21.18 vball=-92.34 aball=-331.3 bref=0.00 pid=-445.1 pref=-290.6 ppos=-246.1 apid=-0.0 integ=-0.0 vision=1 current=1 vframe=1465 vs=1 vage=99 vpage=99 vdt=33 vmax=175 vacc=1462 vrej=0 seq=0 elapsed=0 oled=3C
[   3141] STATUS mode=3 fault=none enc=-690 denc=-1 sreq=-348 sapplied=-348 crate=-348 uimp=-255685 upos=725 uneg=1040 ball=-28.77 vball=-93.73 aball=-204.7 bref=0.00 pid=-443.1 pref=-300.0 ppos=-255.7 apid=-0.0 integ=-0.0 vision=1 current=1 vframe=1467 vs=1 vage=7 vpage=7 vdt=32 vmax=175 vacc=1464 vrej=0 seq=0 elapsed=0 oled=3C
[   3157] STATUS mode=3 fault=none enc=-700 denc=-2 sreq=-365 sapplied=-365 crate=-365 uimp=-263495 upos=725 uneg=1060 ball=-28.77 vball=-93.73 aball=-204.7 bref=0.00 pid=-365.0 pref=-300.0 ppos=-263.5 apid=-0.0 integ=-0.0 vision=1 current=1 vframe=1467 vs=1 vage=27 vpage=27 vdt=32 vmax=175 vacc=1464 vrej=0 seq=0 elapsed=0 oled=3C
[   3188] STATUS mode=3 fault=none enc=-709 denc=-2 sreq=-297 sapplied=-297 crate=-297 uimp=-270265 upos=725 uneg=1080 ball=-28.77 vball=-93.73 aball=-204.7 bref=0.00 pid=-297.3 pref=-300.0 ppos=-270.3 apid=-0.0 integ=-0.0 vision=1 current=1 vframe=1467 vs=1 vage=47 vpage=47 vdt=32 vmax=175 vacc=1464 vrej=0 seq=0 elapsed=0 oled=3C
[   3218] STATUS mode=3 fault=none enc=-720 denc=-1 sreq=-197 sapplied=-197 crate=-197 uimp=-280270 upos=725 uneg=1120 ball=-28.77 vball=-93.73 aball=-204.7 bref=0.00 pid=-197.3 pref=-300.0 ppos=-280.3 apid=-0.0 integ=-0.0 vision=1 current=1 vframe=1467 vs=1 vage=87 vpage=87 vdt=32 vmax=175 vacc=1464 vrej=0 seq=0 elapsed=0 oled=3C
[   3250] STATUS mode=3 fault=none enc=-725 denc=-1 sreq=-87 sapplied=-87 crate=-87 uimp=-283925 upos=725 uneg=1140 ball=-30.29 vball=-70.57 aball=-108.3 bref=0.00 pid=-86.6 pref=-292.6 ppos=-283.9 apid=-0.0 integ=-0.0 vision=1 current=1 vframe=1468 vs=1 vage=3 vpage=3 vdt=104 vmax=175 vacc=1465 vrej=0 seq=0 elapsed=0 oled=3C
[   3282] STATUS mode=3 fault=none enc=-726 denc=0 sreq=207 sapplied=207 crate=207 uimp=-282110 upos=745 uneg=1150 ball=-33.04 vball=-48.12 aball=-108.3 bref=0.00 pid=206.7 pref=-261.4 ppos=-282.1 apid=-0.0 integ=-0.0 vision=1 current=1 vframe=1470 vs=1 vage=12 vpage=12 vdt=24 vmax=175 vacc=1467 vrej=0 seq=0 elapsed=0 oled=3C
[   3297] STATUS mode=3 fault=none enc=-722 denc=2 sreq=168 sapplied=168 crate=168 uimp=-278275 upos=765 uneg=1150 ball=-33.04 vball=-48.12 aball=-108.3 bref=0.00 pid=168.4 pref=-261.4 ppos=-278.3 apid=-0.0 integ=-0.0 vision=1 current=1 vframe=1470 vs=1 vage=32 vpage=32 vdt=24 vmax=175 vacc=1467 vrej=0 seq=0 elapsed=0 oled=3C
[   3327] STATUS mode=3 fault=none enc=-714 denc=3 sreq=408 sapplied=408 crate=408 uimp=-272110 upos=785 uneg=1150 ball=-33.56 vball=-31.76 aball=-108.3 bref=0.00 pid=407.9 pref=-231.3 ppos=-272.1 apid=-0.0 integ=-0.0 vision=1 current=1 vframe=1471 vs=1 vage=18 vpage=18 vdt=34 vmax=175 vacc=1468 vrej=0 seq=0 elapsed=0 oled=3C
[   3359] STATUS mode=3 fault=none enc=-698 denc=1 sreq=271 sapplied=271 crate=271 uimp=-258375 upos=825 uneg=1150 ball=-33.56 vball=-31.76 aball=-108.3 bref=0.00 pid=270.6 pref=-231.3 ppos=-258.4 apid=-0.0 integ=-0.0 vision=1 current=1 vframe=1471 vs=1 vage=58 vpage=58 vdt=34 vmax=175 vacc=1468 vrej=0 seq=0 elapsed=0 oled=3C
[   3391] STATUS mode=3 fault=none enc=-691 denc=1 sreq=220 sapplied=220 crate=220 uimp=-253355 upos=845 uneg=1150 ball=-33.56 vball=-31.76 aball=-108.3 bref=0.00 pid=220.4 pref=-231.3 ppos=-253.4 apid=-0.0 integ=-0.0 vision=1 current=1 vframe=1471 vs=1 vage=78 vpage=78 vdt=34 vmax=175 vacc=1468 vrej=0 seq=0 elapsed=0 oled=3C
[   3407] STATUS mode=3 fault=none enc=-686 denc=1 sreq=180 sapplied=180 crate=180 uimp=-249270 upos=865 uneg=1150 ball=-33.94 vball=-18.16 aball=-108.3 bref=0.00 pid=179.5 pref=-231.3 ppos=-249.3 apid=-0.0 integ=-0.0 vision=1 current=1 vframe=1472 vs=1 vage=1 vpage=1 vdt=97 vmax=175 vacc=1469 vrej=0 seq=0 elapsed=0 oled=3C
[   3438] STATUS mode=3 fault=none enc=-665 denc=4 sreq=683 sapplied=683 crate=683 uimp=-232695 upos=905 uneg=1150 ball=-33.42 vball=1.34 aball=86.0 bref=0.00 pid=682.8 pref=-164.4 ppos=-232.7 apid=0.0 integ=-0.0 vision=1 current=1 vframe=1473 vs=1 vage=21 vpage=21 vdt=20 vmax=175 vacc=1470 vrej=0 seq=0 elapsed=0 oled=3C
[   3468] STATUS mode=3 fault=none enc=-648 denc=4 sreq=548 sapplied=548 crate=548 uimp=-220070 upos=925 uneg=1150 ball=-33.40 vball=0.85 aball=86.0 bref=0.00 pid=547.7 pref=-165.3 ppos=-220.1 apid=0.0 integ=-0.0 vision=1 current=1 vframe=1474 vs=1 vage=8 vpage=8 vdt=33 vmax=175 vacc=1471 vrej=0 seq=0 elapsed=0 oled=3C
[   3500] STATUS mode=3 fault=none enc=-626 denc=2 sreq=363 sapplied=363 crate=363 uimp=-201635 upos=965 uneg=1150 ball=-33.40 vball=0.85 aball=86.0 bref=0.00 pid=363.4 pref=-165.3 ppos=-201.6 apid=0.0 integ=-0.0 vision=1 current=1 vframe=1474 vs=1 vage=48 vpage=48 vdt=33 vmax=175 vacc=1471 vrej=0 seq=0 elapsed=0 oled=3C
[   3516] STATUS mode=3 fault=none enc=-618 denc=1 sreq=296 sapplied=296 crate=296 uimp=-194895 upos=985 uneg=1150 ball=-33.40 vball=0.85 aball=86.0 bref=0.00 pid=296.0 pref=-165.3 ppos=-194.9 apid=0.0 integ=-0.0 vision=1 current=1 vframe=1474 vs=1 vage=68 vpage=68 vdt=33 vmax=175 vacc=1471 vrej=0 seq=0 elapsed=0 oled=3C
[   3547] STATUS mode=3 fault=none enc=-611 denc=1 sreq=241 sapplied=241 crate=241 uimp=-189405 upos=1005 uneg=1150 ball=-33.40 vball=0.85 aball=86.0 bref=0.00 pid=241.1 pref=-165.3 ppos=-189.4 apid=0.0 integ=-0.0 vision=1 current=1 vframe=1474 vs=1 vage=88 vpage=88 vdt=33 vmax=175 vacc=1471 vrej=0 seq=0 elapsed=0 oled=3C
[   3577] STATUS mode=3 fault=none enc=-600 denc=1 sreq=176 sapplied=176 crate=176 uimp=-180930 upos=1045 uneg=1150 ball=-33.14 vball=1.16 aball=103.0 bref=0.00 pid=175.5 pref=-163.4 ppos=-180.9 apid=0.0 integ=-0.0 vision=1 current=1 vframe=1475 vs=1 vage=25 vpage=25 vdt=103 vmax=175 vacc=1472 vrej=0 seq=0 elapsed=0 oled=3C
[   3609] STATUS mode=3 fault=none enc=-593 denc=3 sreq=467 sapplied=467 crate=467 uimp=-176045 upos=1065 uneg=1150 ball=-30.86 vball=38.26 aball=103.0 bref=0.00 pid=982.7 pref=-77.8 ppos=-176.0 apid=0.0 integ=-0.0 vision=1 current=1 vframe=1476 vs=1 vage=15 vpage=15 vdt=30 vmax=175 vacc=1473 vrej=0 seq=0 elapsed=0 oled=3C
[   3625] STATUS mode=3 fault=none enc=-577 denc=5 sreq=867 sapplied=867 crate=867 uimp=-163705 upos=1085 uneg=1150 ball=-29.38 vball=42.14 aball=103.0 bref=0.00 pid=1010.9 pref=-62.6 ppos=-163.7 apid=0.0 integ=-0.0 vision=1 current=1 vframe=1477 vs=1 vage=4 vpage=4 vdt=31 vmax=175 vacc=1474 vrej=0 seq=0 elapsed=0 oled=3C
[   3657] STATUS mode=3 fault=none enc=-535 denc=4 sreq=676 sapplied=676 crate=676 uimp=-130185 upos=1125 uneg=1150 ball=-29.38 vball=42.14 aball=103.0 bref=0.00 pid=675.7 pref=-62.6 ppos=-130.2 apid=0.0 integ=-0.0 vision=1 current=1 vframe=1477 vs=1 vage=44 vpage=44 vdt=31 vmax=175 vacc=1474 vrej=0 seq=0 elapsed=0 oled=3C
[   3688] STATUS mode=3 fault=none enc=-518 denc=4 sreq=550 sapplied=550 crate=550 uimp=-117650 upos=1145 uneg=1150 ball=-29.38 vball=42.14 aball=103.0 bref=0.00 pid=550.3 pref=-62.6 ppos=-117.7 apid=0.0 integ=-0.0 vision=1 current=1 vframe=1477 vs=1 vage=64 vpage=64 vdt=31 vmax=175 vacc=1474 vrej=0 seq=0 elapsed=0 oled=3C
[   3718] STATUS mode=3 fault=none enc=-495 denc=2 sreq=264 sapplied=264 crate=264 uimp=-99520 upos=1185 uneg=1150 ball=-27.72 vball=32.76 aball=146.7 bref=0.00 pid=264.4 pref=-73.1 ppos=-99.5 apid=0.0 integ=-0.0 vision=1 current=1 vframe=1478 vs=1 vage=7 vpage=7 vdt=97 vmax=175 vacc=1475 vrej=0 seq=0 elapsed=0 oled=3C
[   3734] STATUS mode=3 fault=none enc=-489 denc=1 sreq=215 sapplied=215 crate=215 uimp=-94615 upos=1205 uneg=1150 ball=-27.72 vball=32.76 aball=146.7 bref=0.00 pid=215.4 pref=-73.1 ppos=-94.6 apid=0.0 integ=-0.0 vision=1 current=1 vframe=1478 vs=1 vage=27 vpage=27 vdt=97 vmax=175 vacc=1475 vrej=0 seq=0 elapsed=0 oled=3C
[   3766] STATUS mode=3 fault=none enc=-482 denc=4 sreq=394 sapplied=394 crate=394 uimp=-90075 upos=1225 uneg=1150 ball=-24.88 vball=55.86 aball=146.7 bref=0.00 pid=774.0 pref=-12.7 ppos=-90.1 apid=0.0 integ=-0.0 vision=1 current=1 vframe=1479 vs=1 vage=11 vpage=11 vdt=36 vmax=175 vacc=1476 vrej=0 seq=0 elapsed=0 oled=3C
[   3797] STATUS mode=3 fault=none enc=-453 denc=4 sreq=542 sapplied=542 crate=542 uimp=-66860 upos=1265 uneg=1150 ball=-24.88 vball=55.86 aball=146.7 bref=0.00 pid=541.8 pref=-12.7 ppos=-66.9 apid=0.0 integ=-0.0 vision=1 current=1 vframe=1479 vs=1 vage=51 vpage=51 vdt=36 vmax=175 vacc=1476 vrej=0 seq=0 elapsed=0 oled=3C
[   3827] STATUS mode=3 fault=none enc=-441 denc=2 sreq=441 sapplied=441 crate=441 uimp=-56805 upos=1285 uneg=1150 ball=-24.88 vball=55.86 aball=146.7 bref=0.00 pid=441.3 pref=-12.7 ppos=-56.8 apid=0.0 integ=-0.0 vision=1 current=1 vframe=1479 vs=1 vage=71 vpage=71 vdt=36 vmax=175 vacc=1476 vrej=0 seq=0 elapsed=0 oled=3C
[   3843] STATUS mode=3 fault=none enc=-430 denc=3 sreq=359 sapplied=359 crate=359 uimp=-48625 upos=1305 uneg=1150 ball=-24.88 vball=55.86 aball=146.7 bref=0.00 pid=359.5 pref=-12.7 ppos=-48.6 apid=0.0 integ=-0.0 vision=1 current=1 vframe=1479 vs=1 vage=91 vpage=91 vdt=36 vmax=175 vacc=1476 vrej=0 seq=0 elapsed=0 oled=3C
[   3875] STATUS mode=3 fault=none enc=-413 denc=2 sreq=202 sapplied=202 crate=202 uimp=-35250 upos=1345 uneg=1150 ball=-21.44 vball=46.06 aball=153.5 bref=0.00 pid=201.7 pref=-15.1 ppos=-35.3 apid=0.0 integ=-0.0 vision=1 current=1 vframe=1481 vs=1 vage=7 vpage=7 vdt=10 vmax=175 vacc=1478 vrej=0 seq=0 elapsed=0 oled=3C
[   3907] STATUS mode=3 fault=none enc=-409 denc=1 sreq=164 sapplied=164 crate=164 uimp=-31505 upos=1365 uneg=1150 ball=-21.44 vball=46.06 aball=153.5 bref=0.00 pid=164.3 pref=-15.1 ppos=-31.5 apid=0.0 integ=-0.0 vision=1 current=1 vframe=1481 vs=1 vage=27 vpage=27 vdt=10 vmax=175 vacc=1478 vrej=0 seq=0 elapsed=0 oled=3C
[   3938] STATUS mode=3 fault=none enc=-400 denc=3 sreq=503 sapplied=503 crate=503 uimp=-25225 upos=1385 uneg=1150 ball=-19.23 vball=60.62 aball=153.5 bref=0.00 pid=503.2 pref=25.1 ppos=-25.2 apid=0.0 integ=-0.0 vision=1 current=1 vframe=1482 vs=1 vage=19 vpage=19 vdt=28 vmax=175 vacc=1479 vrej=0 seq=0 elapsed=0 oled=3C
[   3952] STATUS mode=3 fault=none enc=-382 denc=2 sreq=229 sapplied=229 crate=229 uimp=-10435 upos=1425 uneg=1150 ball=-17.90 vball=50.97 aball=153.5 bref=0.00 pid=228.8 pref=12.4 ppos=-10.4 apid=0.0 integ=-0.0 vision=1 current=1 vframe=1483 vs=1 vage=26 vpage=26 vdt=33 vmax=175 vacc=1480 vrej=0 seq=0 elapsed=0 oled=3C
[   3984] STATUS mode=3 fault=none enc=-377 denc=1 sreq=186 sapplied=186 crate=186 uimp=-6195 upos=1445 uneg=1150 ball=-17.90 vball=50.97 aball=153.5 bref=0.00 pid=186.4 pref=12.4 ppos=-6.2 apid=0.0 integ=-0.0 vision=1 current=1 vframe=1483 vs=1 vage=46 vpage=46 vdt=33 vmax=175 vacc=1480 vrej=0 seq=0 elapsed=0 oled=3C
[   4016] STATUS mode=3 fault=none enc=-373 denc=0 sreq=152 sapplied=152 crate=152 uimp=-2740 upos=1465 uneg=1150 ball=-17.90 vball=50.97 aball=153.5 bref=0.00 pid=151.8 pref=12.4 ppos=-2.7 apid=0.0 integ=-0.0 vision=1 current=1 vframe=1483 vs=1 vage=66 vpage=66 vdt=33 vmax=175 vacc=1480 vrej=0 seq=0 elapsed=0 oled=3C
[   4032] STATUS mode=3 fault=none enc=-366 denc=1 sreq=0 sapplied=0 crate=6 uimp=2370 upos=1505 uneg=1150 ball=-15.95 vball=35.19 aball=27.3 bref=0.00 pid=-117.4 pref=-9.4 ppos=2.4 apid=0.0 integ=-0.0 vision=1 current=1 vframe=1484 vs=1 vage=5 vpage=5 vdt=101 vmax=175 vacc=1481 vrej=0 seq=0 elapsed=0 oled=3C
[   4063] STATUS mode=3 fault=none enc=-365 denc=0 sreq=-106 sapplied=-106 crate=-106 uimp=1225 upos=1505 uneg=1160 ball=-15.95 vball=35.19 aball=27.3 bref=0.00 pid=-105.9 pref=-9.4 ppos=1.2 apid=0.0 integ=-0.0 vision=1 current=1 vframe=1484 vs=1 vage=25 vpage=25 vdt=101 vmax=175 vacc=1481 vrej=0 seq=0 elapsed=0 oled=3C
[   4093] STATUS mode=3 fault=none enc=-375 denc=-2 sreq=-188 sapplied=-188 crate=-188 uimp=-6310 upos=1505 uneg=1200 ball=-14.79 vball=22.66 aball=27.3 bref=0.00 pid=-230.7 pref=-25.1 ppos=-2.0 apid=0.0 integ=-0.0 vision=1 current=1 vframe=1485 vs=1 vage=13 vpage=13 vdt=32 vmax=175 vacc=1482 vrej=0 seq=0 elapsed=0 oled=3C
[   4125] STATUS mode=3 fault=none enc=-380 denc=-1 sreq=-183 sapplied=-183 crate=-183 uimp=-10300 upos=1505 uneg=1220 ball=-14.79 vball=22.66 aball=27.3 bref=0.00 pid=-183.3 pref=-28.6 ppos=-10.3 apid=0.0 integ=-0.0 vision=1 current=1 vframe=1486 vs=1 vage=21 vpage=21 vdt=32 vmax=175 vacc=1483 vrej=0 seq=0 elapsed=0 oled=3C
[   4141] STATUS mode=3 fault=none enc=-384 denc=-1 sreq=-149 sapplied=-149 crate=-149 uimp=-13695 upos=1505 uneg=1240 ball=-14.79 vball=22.66 aball=27.3 bref=0.00 pid=-149.3 pref=-28.6 ppos=-13.7 apid=0.0 integ=-0.0 vision=1 current=1 vframe=1486 vs=1 vage=41 vpage=41 vdt=32 vmax=175 vacc=1483 vrej=0 seq=0 elapsed=0 oled=3C
[   4172] STATUS mode=3 fault=none enc=-390 denc=0 sreq=-99 sapplied=-99 crate=-99 uimp=-18725 upos=1505 uneg=1280 ball=-14.79 vball=22.66 aball=27.3 bref=0.00 pid=-99.0 pref=-28.6 ppos=-18.7 apid=0.0 integ=-0.0 vision=1 current=1 vframe=1486 vs=1 vage=81 vpage=81 vdt=32 vmax=175 vacc=1483 vrej=0 seq=0 elapsed=0 oled=3C
[   4202] STATUS mode=3 fault=none enc=-392 denc=0 sreq=-81 sapplied=-81 crate=-81 uimp=-20560 upos=1505 uneg=1300 ball=-14.79 vball=22.66 aball=27.3 bref=0.00 pid=-80.7 pref=-28.6 ppos=-20.6 apid=0.0 integ=-0.0 vision=1 current=1 vframe=1486 vs=1 vage=101 vpage=101 vdt=32 vmax=175 vacc=1483 vrej=0 seq=0 elapsed=0 oled=3C
[   4234] STATUS mode=3 fault=none enc=-396 denc=-1 sreq=-139 sapplied=-139 crate=-139 uimp=-23280 upos=1505 uneg=1320 ball=-13.91 vball=16.17 aball=-36.9 bref=0.00 pid=-139.3 pref=-37.2 ppos=-23.3 apid=-0.0 integ=-0.0 vision=1 current=1 vframe=1487 vs=1 vage=20 vpage=20 vdt=101 vmax=175 vacc=1484 vrej=0 seq=0 elapsed=0 oled=3C
[   4250] STATUS mode=3 fault=none enc=-406 denc=-2 sreq=-201 sapplied=-201 crate=-201 uimp=-30980 upos=1505 uneg=1360 ball=-13.75 vball=8.82 aball=-36.9 bref=0.00 pid=-201.3 pref=-51.1 ppos=-31.0 apid=-0.0 integ=-0.0 vision=1 current=1 vframe=1488 vs=1 vage=28 vpage=28 vdt=32 vmax=175 vacc=1485 vrej=0 seq=0 elapsed=0 oled=3C
[   4282] STATUS mode=3 fault=none enc=-410 denc=0 sreq=-164 sapplied=-164 crate=-164 uimp=-34715 upos=1505 uneg=1380 ball=-13.75 vball=8.82 aball=-36.9 bref=0.00 pid=-163.9 pref=-51.1 ppos=-34.7 apid=-0.0 integ=-0.0 vision=1 current=1 vframe=1488 vs=1 vage=48 vpage=48 vdt=32 vmax=175 vacc=1485 vrej=0 seq=0 elapsed=0 oled=3C
[   4313] STATUS mode=3 fault=none enc=-417 denc=-1 sreq=-109 sapplied=-109 crate=-109 uimp=-40230 upos=1505 uneg=1420 ball=-13.75 vball=8.82 aball=-36.9 bref=0.00 pid=-108.8 pref=-51.1 ppos=-40.2 apid=-0.0 integ=-0.0 vision=1 current=1 vframe=1488 vs=1 vage=88 vpage=88 vdt=32 vmax=175 vacc=1485 vrej=0 seq=0 elapsed=0 oled=3C
[   4343] STATUS mode=3 fault=none enc=-420 denc=0 sreq=-189 sapplied=-189 crate=-189 uimp=-42245 upos=1505 uneg=1440 ball=-13.79 vball=3.89 aball=-60.3 bref=0.00 pid=-189.2 pref=-61.2 ppos=-42.2 apid=-0.0 integ=-0.0 vision=1 current=1 vframe=1489 vs=1 vage=2 vpage=2 vdt=106 vmax=175 vacc=1486 vrej=0 seq=0 elapsed=0 oled=3C
[   4375] STATUS mode=3 fault=none enc=-425 denc=-1 sreq=-168 sapplied=-168 crate=-168 uimp=-45905 upos=1505 uneg=1460 ball=-13.74 vball=2.98 aball=-60.3 bref=0.00 pid=-168.3 pref=-62.7 ppos=-45.9 apid=-0.0 integ=-0.0 vision=1 current=1 vframe=1490 vs=1 vage=14 vpage=14 vdt=8 vmax=175 vacc=1487 vrej=0 seq=0 elapsed=0 oled=3C
[   4391] STATUS mode=3 fault=none enc=-437 denc=-3 sreq=-419 sapplied=-419 crate=-419 uimp=-54765 upos=1505 uneg=1500 ball=-14.46 vball=-12.19 aball=-60.3 bref=0.00 pid=-419.1 pref=-96.7 ppos=-54.8 apid=-0.0 integ=-0.0 vision=1 current=1 vframe=1491 vs=1 vage=17 vpage=17 vdt=37 vmax=175 vacc=1488 vrej=0 seq=0 elapsed=0 oled=3C
[   4422] STATUS mode=3 fault=none enc=-446 denc=-2 sreq=-341 sapplied=-341 crate=-341 uimp=-62535 upos=1505 uneg=1520 ball=-14.46 vball=-12.19 aball=-60.3 bref=0.00 pid=-341.4 pref=-96.7 ppos=-62.5 apid=-0.0 integ=-0.0 vision=1 current=1 vframe=1491 vs=1 vage=37 vpage=37 vdt=37 vmax=175 vacc=1488 vrej=0 seq=0 elapsed=0 oled=3C
[   4452] STATUS mode=3 fault=none enc=-455 denc=-2 sreq=-278 sapplied=-278 crate=-278 uimp=-68865 upos=1505 uneg=1540 ball=-14.46 vball=-12.19 aball=-60.3 bref=0.00 pid=-278.1 pref=-96.7 ppos=-68.9 apid=-0.0 integ=-0.0 vision=1 current=1 vframe=1491 vs=1 vage=57 vpage=57 vdt=37 vmax=175 vacc=1488 vrej=0 seq=0 elapsed=0 oled=3C
[   4484] STATUS mode=3 fault=none enc=-467 denc=-2 sreq=-185 sapplied=-185 crate=-185 uimp=-78220 upos=1505 uneg=1580 ball=-14.46 vball=-12.19 aball=-60.3 bref=0.00 pid=-184.6 pref=-96.7 ppos=-78.2 apid=-0.0 integ=-0.0 vision=1 current=1 vframe=1491 vs=1 vage=97 vpage=97 vdt=37 vmax=175 vacc=1488 vrej=0 seq=0 elapsed=0 oled=3C
[   4516] STATUS mode=3 fault=none enc=-472 denc=-1 sreq=-282 sapplied=-282 crate=-282 uimp=-82880 upos=1505 uneg=1600 ball=-15.94 vball=-15.71 aball=-103.1 bref=0.00 pid=-282.4 pref=-111.1 ppos=-82.9 apid=-0.0 integ=-0.0 vision=1 current=1 vframe=1493 vs=1 vage=7 vpage=7 vdt=7 vmax=175 vacc=1490 vrej=0 seq=0 elapsed=0 oled=3C
[   4532] STATUS mode=3 fault=none enc=-486 denc=-1 sreq=-258 sapplied=-258 crate=-258 uimp=-93990 upos=1505 uneg=1640 ball=-16.43 vball=-18.81 aball=-103.1 bref=0.00 pid=-257.8 pref=-119.8 ppos=-94.0 apid=-0.0 integ=-0.0 vision=1 current=1 vframe=1494 vs=1 vage=24 vpage=24 vdt=23 vmax=175 vacc=1491 vrej=0 seq=0 elapsed=0 oled=3C
[   4563] STATUS mode=3 fault=none enc=-493 denc=-2 sreq=-218 sapplied=-218 crate=-218 uimp=-98820 upos=1505 uneg=1660 ball=-17.00 vball=-17.83 aball=-103.1 bref=0.00 pid=-218.4 pref=-120.7 ppos=-98.8 apid=-0.0 integ=-0.0 vision=1 current=1 vframe=1495 vs=1 vage=9 vpage=9 vdt=35 vmax=175 vacc=1492 vrej=0 seq=0 elapsed=0 oled=3C
[   4593] STATUS mode=3 fault=none enc=-498 denc=-1 sreq=-178 sapplied=-178 crate=-178 uimp=-102865 upos=1505 uneg=1680 ball=-17.00 vball=-17.83 aball=-103.1 bref=0.00 pid=-177.9 pref=-120.7 ppos=-102.9 apid=-0.0 integ=-0.0 vision=1 current=1 vframe=1495 vs=1 vage=29 vpage=29 vdt=35 vmax=175 vacc=1492 vrej=0 seq=0 elapsed=0 oled=3C
[   4625] STATUS mode=3 fault=none enc=-506 denc=0 sreq=-118 sapplied=-118 crate=-118 uimp=-108860 upos=1505 uneg=1720 ball=-17.00 vball=-17.83 aball=-103.1 bref=0.00 pid=-118.0 pref=-120.7 ppos=-108.9 apid=-0.0 integ=-0.0 vision=1 current=1 vframe=1495 vs=1 vage=69 vpage=69 vdt=35 vmax=175 vacc=1492 vrej=0 seq=0 elapsed=0 oled=3C
[   4641] STATUS mode=3 fault=none enc=-509 denc=-2 sreq=-96 sapplied=-96 crate=-96 uimp=-111045 upos=1505 uneg=1740 ball=-17.00 vball=-17.83 aball=-103.1 bref=0.00 pid=-96.1 pref=-120.7 ppos=-111.0 apid=-0.0 integ=-0.0 vision=1 current=1 vframe=1495 vs=1 vage=89 vpage=89 vdt=35 vmax=175 vacc=1492 vrej=0 seq=0 elapsed=0 oled=3C
[   4672] STATUS mode=3 fault=none enc=-512 denc=0 sreq=31 sapplied=31 crate=31 uimp=-111895 upos=1520 uneg=1755 ball=-17.34 vball=-11.04 aball=-34.7 bref=0.00 pid=31.2 pref=-108.8 ppos=-111.9 apid=-0.0 integ=-0.0 vision=1 current=1 vframe=1496 vs=1 vage=29 vpage=29 vdt=100 vmax=175 vacc=1493 vrej=0 seq=0 elapsed=0 oled=3C
[   4702] STATUS mode=3 fault=none enc=-511 denc=0 sreq=-148 sapplied=-148 crate=-148 uimp=-113340 upos=1525 uneg=1765 ball=-18.19 vball=-18.60 aball=-34.7 bref=0.00 pid=-148.1 pref=-128.2 ppos=-113.3 apid=-0.0 integ=-0.0 vision=1 current=1 vframe=1497 vs=1 vage=17 vpage=17 vdt=32 vmax=175 vacc=1494 vrej=0 seq=0 elapsed=0 oled=3C
[   4734] STATUS mode=3 fault=none enc=-515 denc=-1 sreq=-27 sapplied=-27 crate=-27 uimp=-116090 upos=1525 uneg=1785 ball=-18.36 vball=-11.64 aball=-34.7 bref=0.00 pid=10.1 pref=-115.1 ppos=-116.1 apid=-0.0 integ=-0.0 vision=1 current=1 vframe=1498 vs=1 vage=4 vpage=4 vdt=33 vmax=175 vacc=1495 vrej=0 seq=0 elapsed=0 oled=3C
[   4766] STATUS mode=3 fault=none enc=-516 denc=0 sreq=0 sapplied=0 crate=11 uimp=-116225 upos=1525 uneg=1790 ball=-18.36 vball=-11.64 aball=-34.7 bref=0.00 pid=11.5 pref=-115.1 ppos=-116.2 apid=-0.0 integ=-0.0 vision=1 current=1 vframe=1498 vs=1 vage=44 vpage=44 vdt=33 vmax=175 vacc=1495 vrej=0 seq=0 elapsed=0 oled=3C
[   4782] STATUS mode=3 fault=none enc=-516 denc=0 sreq=0 sapplied=0 crate=11 uimp=-116225 upos=1525 uneg=1790 ball=-18.36 vball=-11.64 aball=-34.7 bref=0.00 pid=11.5 pref=-115.1 ppos=-116.2 apid=-0.0 integ=-0.0 vision=1 current=1 vframe=1498 vs=1 vage=64 vpage=64 vdt=33 vmax=175 vacc=1495 vrej=0 seq=0 elapsed=0 oled=3C
[   4813] STATUS mode=3 fault=none enc=-516 denc=0 sreq=109 sapplied=109 crate=109 uimp=-116225 upos=1525 uneg=1790 ball=-18.49 vball=-6.43 aball=-6.0 bref=0.00 pid=109.2 pref=-105.3 ppos=-116.2 apid=-0.0 integ=-0.0 vision=1 current=rame=1498 vs=1 vage=84 vpage=84 vdt=33 vmax=175 vacc=1495 vrej=0 seq=0 elapsed=0 oled=3C
[   4843] STATUS mode=3 fault=none enc=-514 denc=1 sreq=173 sapplied=173 crate=173 uimp=-113755 upos=1545 uneg=1790 ball=-18.44 vball=-2.14 aball=-6.0 bref=0.00 pid=172.8 pref=-96.5 ppos=-113.8 apid=-0.0 integ=-0.0 vision=1 current=1 vframe=1500 vs=1 vage=8 vpage=8 vdt=22 vmax=175 vacc=1497 vrej=0 seq=0 elapsed=0 oled=3C
[   4859] STATUS mode=3 fault=none enc=-510 denc=1 sreq=141 sapplied=141 crate=141 uimp=-110550 upos=1565 uneg=1790 ball=-18.44 vball=-2.14 aball=-6.0 bref=0.00 pid=140.7 pref=-96.5 ppos=-110.6 apid=-0.0 integ=-0.0 vision=1 current=1 vframe=1500 vs=1 vage=28 vpage=28 vdt=22 vmax=175 vacc=1497 vrej=0 seq=0 elapsed=0 oled=3C
[   4891] STATUS mode=3 fault=none enc=-503 denc=1 sreq=125 sapplied=125 crate=125 uimp=-104655 upos=1605 uneg=1790 ball=-18.37 vball=-0.13 aball=-6.0 bref=0.00 pid=125.5 pref=-92.1 ppos=-104.7 apid=-0.0 integ=-0.0 vision=1 current=1 vframe=1501 vs=1 vage=32 vpage=32 vdt=36 vmax=175 vacc=1498 vrej=0 seq=0 elapsed=0 oled=3C
[   4922] STATUS mode=3 fault=none enc=-500 denc=0 sreq=102 sapplied=102 crate=102 uimp=-102330 upos=1625 uneg=1790 ball=-18.37 vball=-0.13 aball=-6.0 bref=0.00 pid=102.2 pref=-92.1 ppos=-102.3 apid=-0.0 integ=-0.0 vision=1 current=1 vframe=1501 vs=1 vage=52 vpage=52 vdt=36 vmax=175 vacc=1498 vrej=0 seq=0 elapsed=0 oled=3C
[   4952] STATUS mode=3 fault=none enc=-497 denc=-1 sreq=83 sapplied=83 crate=83 uimp=-100435 upos=1645 uneg=1790 ball=-18.37 vball=-0.13 aball=-6.0 bref=0.00 pid=83.3 pref=-92.1 ppos=-100.4 apid=-0.0 integ=-0.0 vision=1 current=1 vframe=1501 vs=1 vage=72 vpage=72 vdt=36 vmax=175 vacc=1498 vrej=0 seq=0 elapsed=0 oled=3C
[   4968] STATUS mode=3 fault=none enc=-494 denc=1 sreq=59 sapplied=59 crate=59 uimp=-97620 upos=1685 uneg=1790 ball=-18.36 vball=0.04 aball=14.8 bref=0.00 pid=59.0 pref=-91.7 ppos=-97.6 apid=0.0 integ=-0.0 vision=1 current=1 vframe=1502 vs=1 vage=9 vpage=9 vdt=103 vmax=175 vacc=1499 vrej=0 seq=0 elapsed=0 oled=3C
[   5000] STATUS mode=3 fault=none enc=-493 denc=-1 sreq=48 sapplied=48 crate=48 uimp=-96525 upos=1705 uneg=1790 ball=-18.36 vball=0.04 aball=14.8 bref=0.00 pid=48.1 pref=-91.7 ppos=-96.5 apid=0.0 integ=-0.0 vision=1 current=1 vframe=1502 vs=1 vage=29 vpage=29 vdt=103 vmax=175 vacc=1499 vrej=0 seq=0 elapsed=0 oled=3C
[   5032] STATUS mode=3 fault=none enc=-493 denc=-1 sreq=32 sapplied=32 crate=32 uimp=-95750 upos=1725 uneg=1790 ball=-18.38 vball=-0.32 aball=14.8 bref=0.00 pid=32.1 pref=-92.5 ppos=-95.8 apid=0.0 integ=-0.0 vision=1 current=1 vframe=1503 vs=1 vage=19 vpage=19 vdt=30 vmax=175 vacc=1500 vrej=0 seq=0 elapsed=0 oled=3C
[   5063] STATUS mode=3 fault=none enc=-488 denc=1 sreq=111 sapplied=111 crate=111 uimp=-92660 upos=1765 uneg=1790 ball=-18.09 vball=4.45 aball=14.8 bref=0.00 pid=111.1 pref=-81.5 ppos=-92.7 apid=0.0 integ=-0.0 vision=1 current=1 vframe=1504 vs=1 vage=26 vpage=26 vdt=33 vmax=175 vacc=1501 vrej=0 seq=0 elapsed=0 oled=3C
[   5077] STATUS mode=3 fault=none enc=-485 denc=2 sreq=91 sapplied=91 crate=91 uimp=-90600 upos=1785 uneg=1790 ball=-18.09 vball=4.45 aball=14.8 bref=0.00 pid=90.5 pref=-81.5 ppos=-90.6 apid=0.0 integ=-0.0 vision=1 current=1 vframe=1504 vs=1 vage=46 vpage=46 vdt=33 vmax=175 vacc=1501 vrej=0 seq=0 elapsed=0 oled=3C
[   5109] STATUS mode=3 fault=none enc=-484 denc=0 sreq=74 sapplied=74 crate=74 uimp=-88915 upos=1805 uneg=1790 ball=-18.09 vball=4.45 aball=14.8 bref=0.00 pid=73.7 pref=-81.5 ppos=-88.9 apid=0.0 integ=-0.0 vision=1 current=1 vframe=1504 vs=1 vage=66 vpage=66 vdt=33 vmax=175 vacc=1501 vrej=0 seq=0 elapsed=0 oled=3C
[   5141] STATUS mode=3 fault=none enc=-480 denc=2 sreq=128 sapplied=128 crate=128 uimp=-86020 upos=1845 uneg=1790 ball=-17.40 vball=6.90 aball=27.4 bref=0.00 pid=128.2 pref=-73.2 ppos=-86.0 apid=0.0 integ=-0.0 vision=1 current=1 vframe=1505 vs=1 vage=9 vpage=9 vdt=97 vmax=175 vacc=1502 vrej=0 seq=0 elapsed=0 oled=3C
[   5172] STATUS mode=3 fault=none enc=-479 denc=0 sreq=104 sapplied=104 crate=104 uimp=-83640 upos=1865 uneg=1790 ball=-17.40 vball=6.90 aball=27.4 bref=0.00 pid=104.4 pref=-73.2 ppos=-83.6 apid=0.0 integ=-0.0 vision=1 current=1 vframe=1505 vs=1 vage=29 vpage=29 vdt=97 vmax=175 vacc=1502 vrej=0 seq=0 elapsed=0 oled=3C
[   5188] STATUS mode=3 fault=none enc=-477 denc=-1 sreq=-43 sapplied=-43 crate=-43 uimp=-82625 upos=1875 uneg=1790 ball=-17.52 vball=0.33 aball=27.4 bref=0.00 pid=-43.1 pref=-86.9 ppos=-82.6 apid=0.0 integ=-0.0 vision=1 current=1 vframe=1506 vs=1 vage=13 vpage=13 vdt=36 vmax=175 vacc=1503 vrej=0 seq=0 elapsed=0 oled=3C
[   5218] STATUS mode=3 fault=none enc=-477 denc=1 sreq=-29 sapplied=-29 crate=-29 uimp=-84075 upos=1875 uneg=1830 ball=-17.52 vball=0.33 aball=27.4 bref=0.00 pid=-28.6 pref=-86.9 ppos=-84.1 apid=0.0 integ=-0.0 vision=1 current=1 vframe=1506 vs=1 vage=53 vpage=53 vdt=36 vmax=175 vacc=1503 vrej=0 seq=0 elapsed=0 oled=3C
[   5250] STATUS mode=3 fault=none enc=-478 denc=-1 sreq=-23 sapplied=-23 crate=-23 uimp=-84610 upos=1875 uneg=1850 ball=-17.52 vball=0.33 aball=27.4 bref=0.00 pid=-23.3 pref=-86.9 ppos=-84.6 apid=0.0 integ=-0.0 vision=1 current=1 vframe=1506 vs=1 vage=73 vpage=73 vdt=36 vmax=175 vacc=1503 vrej=0 seq=0 elapsed=0 oled=3C
[   5282] STATUS mode=3 fault=none enc=-478 denc=1 sreq=-20 sapplied=-20 crate=-20 uimp=-85145 upos=1875 uneg=1875 ball=-17.52 vball=0.24 aball=-6.0 bref=0.00 pid=-19.7 pref=-87.1 ppos=-85.1 apid=-0.0 integ=-0.0 vision=1 current=1 vframe=1507 vs=1 vage=7 vpage=7 vdt=106 vmax=175 vacc=1504 vrej=0 seq=0 elapsed=0 oled=3C
[   5297] STATUS mode=3 fault=none enc=-478 denc=0 sreq=0 sapplied=0 crate=-19 uimp=-85245 upos=1875 uneg=1880 ball=-17.51 vball=0.19 aball=-6.0 bref=0.00 pid=-19.2 pref=-87.2 ppos=-85.2 apid=-0.0 integ=-0.0 vision=1 current=1 vframe=1508 vs=1 vage=17 vpage=17 vdt=10 vmax=175 vacc=1505 vrej=0 seq=0 elapsed=0 oled=3C
[   5327] STATUS mode=3 fault=none enc=-478 denc=0 sreq=0 sapplied=0 crate=-16 uimp=-85245 upos=1875 uneg=1880 ball=-17.50 vball=0.33 aball=-6.0 bref=0.00 pid=-15.9 pref=-86.8 ppos=-85.2 apid=-0.0 integ=-0.0 vision=1 current=1 vframe=1509 vs=1 vage=14 vpage=14 vdt=23 vmax=175 vacc=1506 vrej=0 seq=0 elapsed=0 oled=3C
[   5359] STATUS mode=3 fault=none enc=-478 denc=0 sreq=0 sapplied=0 crate=-18 uimp=-85245 upos=1875 uneg=1880 ball=-17.50 vball=0.23 aball=-6.0 bref=0.00 pid=-17.9 pref=-87.0 ppos=-85.2 apid=-0.0 integ=-0.0 vision=1 current=1 vframe=1510 vs=1 vage=26 vpage=26 vdt=28 vmax=175 vacc=1507 vrej=0 seq=0 elapsed=0 oled=3C
[   5375] STATUS mode=3 fault=none enc=-478 denc=0 sreq=0 sapplied=0 crate=-18 uimp=-85245 upos=1875 uneg=1880 ball=-17.50 vball=0.23 aball=-6.0 bref=0.00 pid=-17.9 pref=-87.0 ppos=-85.2 apid=-0.0 integ=-0.0 vision=1 current=1 vframe=1510 vs=1 vage=46 vpage=46 vdt=28 vmax=175 vacc=1507 vrej=0 seq=0 elapsed=0 oled=3C
[   5407] STATUS mode=3 fault=none enc=-478 denc=0 sreq=0 sapplied=0 crate=-18 uimp=-85245 upos=1875 uneg=1880 ball=-17.50 vball=0.23 aball=-6.0 bref=0.00 pid=-17.9 pref=-87.0 ppos=-85.2 apid=-0.0 integ=-0.0 vision=1 current=1 vframe=1510 vs=1 vage=66 vpage=66 vdt=28 vmax=175 vacc=1507 vrej=0 seq=0 elapsed=0 oled=3C
[   5438] STATUS mode=3 fault=none enc=-478 denc=0 sreq=-118 sapplied=-118 crate=-118 uimp=-85245 upos=1875 uneg=1880 ball=-17.50 vball=0.13 aball=-3.6 bref=0.00 pid=-369.9 pref=-122.2 ppos=-85.2 apid=-0.0 integ=-35.0 vision=1 current=1 vframe=1511 vs=1 vage=3 vpage=3 vdt=103 vmax=175 vacc=1508 vrej=0 seq=0 elapsed=0 oled=3C
[   5468] STATUS mode=3 fault=none enc=-485 denc=-3 sreq=-320 sapplied=-320 crate=-320 uimp=-90200 upos=1875 uneg=1900 ball=-17.50 vball=0.13 aball=-3.6 bref=0.00 pid=-320.4 pref=-122.2 ppos=-90.2 apid=-0.0 integ=-35.0 vision=1 current=1 vframe=1511 vs=1 vage=23 vpage=23 vdt=103 vmax=175 vacc=1508 vrej=0 seq=0 elapsed=0 oled=3C
[   5484] STATUS mode=3 fault=none enc=-494 denc=-2 sreq=-359 sapplied=-359 crate=-359 uimp=-97200 upos=1875 uneg=1920 ball=-17.75 vball=-4.69 aball=-3.6 bref=0.00 pid=-359.3 pref=-133.1 ppos=-97.2 apid=-0.0 integ=-35.0 vision=1 current=1 vframe=1512 vs=1 vage=14 vpage=14 vdt=29 vmax=175 vacc=1509 vrej=0 seq=0 elapsed=0 oled=3C
[   5516] STATUS mode=3 fault=none enc=-509 denc=-1 sreq=-217 sapplied=-217 crate=-217 uimp=-108940 upos=1875 uneg=1960 ball=-17.81 vball=-3.31 aball=-3.6 bref=0.00 pid=-217.3 pref=-130.7 ppos=-108.9 apid=-0.0 integ=-35.0 vision=1 current=1 vframe=1513 vs=1 vage=21 vpage=21 vdt=33 vmax=175 vacc=1510 vrej=0 seq=0 elapsed=0 oled=3C
[   5547] STATUS mode=3 fault=none enc=-514 denc=-1 sreq=-177 sapplied=-177 crate=-177 uimp=-112965 upos=1875 uneg=1980 ball=-17.81 vball=-3.31 aball=-3.6 bref=0.00 pid=-177.0 pref=-130.7 ppos=-113.0 apid=-0.0 integ=-35.0 vision=1 current=1 vframe=1513 vs=1 vage=41 vpage=41 vdt=33 vmax=175 vacc=1510 vrej=0 seq=0 elapsed=0 oled=3C
[   5577] STATUS mode=3 fault=none enc=-522 denc=-2 sreq=-117 sapplied=-117 crate=-117 uimp=-118925 upos=1875 uneg=2020 ball=-17.81 vball=-3.31 aball=-3.6 bref=0.00 pid=-117.4 pref=-130.7 ppos=-118.9 apid=-0.0 integ=-35.0 vision=1 current=1 vframe=1513 vs=1 vage=81 vpage=81 vdt=33 vmax=175 vacc=1510 vrej=0 seq=0 elapsed=0 oled=3C
[   5609] STATUS mode=3 fault=none enc=-523 denc=1 sreq=-75 sapplied=-75 crate=-75 uimp=-121105 upos=1875 uneg=2040 ball=-17.90 vball=-2.07 aball=-8.1 bref=0.00 pid=-75.3 pref=-128.6 ppos=-121.1 apid=-0.0 integ=-35.0 vision=1 current=1 vframe=1514 vs=1 vage=2 vpage=2 vdt=99 vmax=175 vacc=1511 vrej=0 seq=0 elapsed=0 oled=3C
[   5625] STATUS mode=3 fault=none enc=-525 denc=0 sreq=-24 sapplied=-24 crate=-24 uimp=-122505 upos=1875 uneg=2060 ball=-17.86 vball=-0.29 aball=-8.1 bref=0.00 pid=-23.7 pref=-124.9 ppos=-122.5 apid=-0.0 integ=-35.0 vision=1 current=1 vframe=1515 vs=1 vage=3 vpage=3 vdt=19 vmax=175 vacc=1512 vrej=0 seq=0 elapsed=0 oled=3C
[   5657] STATUS mode=3 fault=none enc=-526 denc=1 sreq=0 sapplied=0 crate=-15 uimp=-122945 upos=1875 uneg=2080 ball=-17.86 vball=-0.08 aball=-8.1 bref=0.00 pid=-15.1 pref=-124.5 ppos=-122.9 apid=-0.0 integ=-35.0 vision=1 current=1 vframe=1516 vs=1 vage=11 vpage=11 vdt=32 vmax=175 vacc=1513 vrej=0 seq=0 elapsed=0 oled=3C
[   5688] STATUS mode=3 fault=none enc=-527 denc=-1 sreq=0 sapplied=0 crate=-15 uimp=-122945 upos=1875 uneg=2080 ball=-17.86 vball=-0.08 aball=-8.1 bref=0.00 pid=-15.1 pref=-124.5 ppos=-122.9 apid=-0.0 integ=-35.0 vision=1 current=1 vframe=1516 vs=1 vage=31 vpage=31 vdt=32 vmax=175 vacc=1513 vrej=0 seq=0 elapsed=0 oled=3C
[   5718] STATUS mode=3 fault=none enc=-526 denc=1 sreq=0 sapplied=0 crate=-15 uimp=-122945 upos=1875 uneg=2080 ball=-17.86 vball=-0.08 aball=-8.1 bref=0.00 pid=-15.1 pref=-124.5 ppos=-122.9 apid=-0.0 integ=-35.0 vision=1 current=1 vframe=1516 vs=1 vage=51 vpage=51 vdt=32 vmax=175 vacc=1513 vrej=0 seq=0 elapsed=0 oled=3C
[   5734] STATUS mode=3 fault=none enc=-526 denc=0 sreq=0 sapplied=0 crate=-15 uimp=-122945 upos=1875 uneg=2080 ball=-17.86 vball=-0.08 aball=-8.1 bref=0.00 pid=-15.1 pref=-124.5 ppos=-122.9 apid=-0.0 integ=-35.0 vision=1 current=1 vframe=1516 vs=1 vage=91 vpage=91 vdt=32 vmax=175 vacc=1513 vrej=0 seq=0 elapsed=0 oled=3C
[   5766] STATUS mode=3 fault=none enc=-527 denc=-1 sreq=-215 sapplied=-215 crate=-215 uimp=-123520 upos=1875 uneg=2085 ball=-17.86 vball=-0.03 aball=1.5 bref=0.00 pid=-365.6 pref=-160.1 ppos=-123.5 apid=0.0 integ=-70.7 vision=1 current=1 vframe=1517 vs=1 vage=9 vpage=9 vdt=102 vmax=175 vacc=1514 vrej=0 seq=0 elapsed=0 oled=3C
[   5797] STATUS mode=3 fault=none enc=-545 denc=-2 sreq=-335 sapplied=-335 crate=-335 uimp=-137675 upos=1875 uneg=2125 ball=-17.96 vball=-1.94 aball=1.5 bref=0.00 pid=-335.5 pref=-171.2 ppos=-137.7 apid=0.0 integ=-77.5 vision=1 current=1 vframe=1518 vs=1 vage=30 vpage=30 vdt=19 vmax=175 vacc=1515 vrej=0 seq=0 elapsed=0 oled=3C
[   5827] STATUS mode=3 fault=none enc=-555 denc=-3 sreq=-357 sapplied=-357 crate=-357 uimp=-145295 upos=1875 uneg=2145 ball=-17.97 vball=-1.25 aball=1.5 bref=0.00 pid=-357.4 pref=-181.0 ppos=-145.3 apid=0.0 integ=-88.7 vision=1 current=1 vframe=1519 vs=1 vage=19 vpage=19 vdt=31 vmax=175 vacc=1516 vrej=0 seq=0 elapsed=0 oled=3C
[   5843] STATUS mode=3 fault=none enc=-563 denc=-2 sreq=-291 sapplied=-291 crate=-291 uimp=-151925 upos=1875 uneg=2165 ball=-17.97 vball=-1.25 aball=1.5 bref=0.00 pid=-291.1 pref=-181.0 ppos=-151.9 apid=0.0 integ=-88.7 vision=1 current=1 vframe=1519 vs=1 vage=39 vpage=39 vdt=31 vmax=175 vacc=1516 vrej=0 seq=0 elapsed=0 oled=3C
[   5875] STATUS mode=3 fault=none enc=-575 denc=-1 sreq=-193 sapplied=-193 crate=-193 uimp=-161725 upos=1875 uneg=2205 ball=-17.97 vball=-1.25 aball=1.5 bref=0.00 pid=-193.1 pref=-181.0 ppos=-161.7 apid=0.0 integ=-88.7 vision=1 current=1 vframe=1519 vs=1 vage=79 vpage=79 vdt=31 vmax=175 vacc=1516 vrej=0 seq=0 elapsed=0 oled=3C
[   5907] STATUS mode=3 fault=none enc=-580 denc=-2 sreq=-157 sapplied=-157 crate=-157 uimp=-165305 upos=1875 uneg=2225 ball=-17.97 vball=-1.25 aball=1.5 bref=0.00 pid=-157.3 pref=-181.0 ppos=-165.3 apid=0.0 integ=-88.7 vision=1 current=1 vframe=1519 vs=1 vage=99 vpage=99 vdt=31 vmax=175 vacc=1516 vrej=0 seq=0 elapsed=0 oled=3C
[   5938] STATUS mode=3 fault=none enc=-597 denc=-3 sreq=-455 sapplied=-455 crate=-455 uimp=-178340 upos=1875 uneg=2265 ball=-18.21 vball=-4.04 aball=-1.1 bref=0.00 pid=-454.6 pref=-223.8 ppos=-178.3 apid=-0.0 integ=-124.7 vision=1 current=1 vframe=1521 vs=1 vage=6 vpage=6 vdt=30 vmax=175 vacc=1518 vrej=0 seq=0 elapsed=0 oled=3C
[   5968] STATUS mode=3 fault=none enc=-607 denc=-3 sreq=-370 sapplied=-370 crate=-370 uimp=-186775 upos=1875 uneg=2285 ball=-18.21 vball=-4.04 aball=-1.1 bref=0.00 pid=-370.2 pref=-223.8 ppos=-186.8 apid=-0.0 integ=-124.7 vision=1 current=1 vframe=1521 vs=1 vage=26 vpage=26 vdt=30 vmax=175 vacc=1518 vrej=0 seq=0 elapsed=0 oled=3C
[   5984] STATUS mode=3 fault=none enc=-615 denc=-2 sreq=-263 sapplied=-263 crate=-263 uimp=-193230 upos=1875 uneg=2305 ball=-18.21 vball=-1.93 aball=-1.1 bref=0.00 pid=-263.5 pref=-219.6 ppos=-193.2 apid=-0.0 integ=-124.7 vision=1 current=1 vframe=1522 vs=1 vage=12 vpage=12 vdt=34 vmax=175 vacc=1519 vrej=0 seq=0 elapsed=0 oled=3C
[   6016] STATUS mode=3 fault=none enc=-626 denc=-1 sreq=-175 sapplied=-175 crate=-175 uimp=-202100 upos=1875 uneg=2345 ball=-18.21 vball=-1.93 aball=-1.1 bref=0.00 pid=-174.8 pref=-219.6 ppos=-202.1 apid=-0.0 integ=-124.7 vision=1 current=1 vframe=1522 vs=1 vage=52 vpage=52 vdt=34 vmax=175 vacc=1519 vrej=0 seq=0 elapsed=0 oled=3C
[   6047] STATUS mode=3 fault=none enc=-630 denc=0 sreq=-142 sapplied=-142 crate=-142 uimp=-205345 upos=1875 uneg=2365 ball=-18.21 vball=-1.93 aball=-1.1 bref=0.00 pid=-142.3 pref=-219.6 ppos=-205.3 apid=-0.0 integ=-124.7 vision=1 current=1 vframe=1522 vs=1 vage=72 vpage=72 vdt=34 vmax=175 vacc=1519 vrej=0 seq=0 elapsed=0 oled=3C
[   6077] STATUS mode=3 fault=none enc=-636 denc=-1 sreq=-70 sapplied=-70 crate=-70 uimp=-209865 upos=1875 uneg=2405 ball=-18.18 vball=-0.64 aball=-0.5 bref=0.00 pid=-69.8 pref=-216.8 ppos=-209.9 apid=-0.0 integ=-124.7 vision=1 current=1 vframe=1523 vs=1 vage=16 vpage=16 vdt=96 vmax=175 vacc=1520 vrej=0 seq=0 elapsed=0 oled=3C
[   6109] STATUS mode=3 fault=none enc=-637 denc=0 sreq=-57 sapplied=-57 crate=-57 uimp=-211160 upos=1875 uneg=2425 ball=-17.35 vball=15.14 aball=-0.5 bref=0.00 pid=-56.9 pref=-216.8 ppos=-211.2 apid=-0.0 integ=-124.7 vision=1 current=1 vframe=1524 vs=1 vage=1 vpage=1 vdt=35 vmax=175 vacc=1521 vrej=0 seq=0 elapsed=0 oled=3C
[   6125] STATUS mode=3 fault=none enc=-636 denc=2 sreq=284 sapplied=284 crate=284 uimp=-209515 upos=1885 uneg=2430 ball=-17.35 vball=15.14 aball=-0.5 bref=0.00 pid=283.8 pref=-181.1 ppos=-209.5 apid=-0.0 integ=-0.0 vision=1 current=1 vframe=1524 vs=1 vage=21 vpage=21 vdt=35 vmax=175 vacc=1521 vrej=0 seq=0 elapsed=0 oled=3C
[   6157] STATUS mode=3 fault=none enc=-625 denc=2 sreq=188 sapplied=188 crate=188 uimp=-199960 upos=1925 uneg=2430 ball=-17.35 vball=15.14 aball=-0.5 bref=0.00 pid=188.2 pref=-181.1 ppos=-200.0 apid=-0.0 integ=-0.0 vision=1 current=1 vframe=1524 vs=1 vage=61 vpage=61 vdt=35 vmax=175 vacc=1521 vrej=0 seq=0 elapsed=0 oled=3C
[   6188] STATUS mode=3 fault=none enc=-621 denc=1 sreq=153 sapplied=153 crate=153 uimp=-196470 upos=1945 uneg=2430 ball=-17.35 vball=15.14 aball=-0.5 bref=0.00 pid=153.3 pref=-181.1 ppos=-196.5 apid=-0.0 integ=-0.0 vision=1 current=1 vframe=1524 vs=1 vage=81 vpage=81 vdt=35 vmax=175 vacc=1521 vrej=0 seq=0 elapsed=0 oled=3C
[   6218] STATUS mode=3 fault=none enc=-618 denc=1 sreq=125 sapplied=125 crate=125 uimp=-193630 upos=1965 uneg=2430 ball=-17.35 vball=15.14 aball=-0.5 bref=0.00 pid=124.9 pref=-181.1 ppos=-193.6 apid=-0.0 integ=-0.0 vision=1 current=1 vframe=1524 vs=1 vage=101 vpage=101 vdt=35 vmax=175 vacc=1521 vrej=0 seq=0 elapsed=0 oled=3C
[   6234] STATUS mode=3 fault=none enc=-616 denc=-1 sreq=0 sapplied=0 crate=-14 uimp=-191580 upos=2000 uneg=2430 ball=-16.63 vball=7.43 aball=43.8 bref=0.00 pid=-13.8 pref=-193.0 ppos=-191.6 apid=0.0 integ=-0.0 vision=1 current=1 vframe=1527 vs=1 vage=8 vpage=8 vdt=24 vmax=175 vacc=1524 vrej=0 seq=0 elapsed=0 oled=3C
[   6266] STATUS mode=3 fault=none enc=-616 denc=0 sreq=0 sapplied=0 crate=-14 uimp=-191580 upos=2000 uneg=2430 ball=-16.63 vball=7.43 aball=43.8 bref=0.00 pid=-13.8 pref=-193.0 ppos=-191.6 apid=0.0 integ=-0.0 vision=1 current=1 vframe=1527 vs=1 vage=28 vpage=28 vdt=24 vmax=175 vacc=1524 vrej=0 seq=0 elapsed=0 oled=3C
[   6297] STATUS mode=3 fault=none enc=-613 denc=0 sreq=63 sapplied=63 crate=63 uimp=-189305 upos=2030 uneg=2430 ball=-16.15 vball=11.21 aball=43.8 bref=0.00 pid=63.1 pref=-183.0 ppos=-189.3 apid=0.0 integ=-0.0 vision=1 current=1 vframe=1528 vs=1 vage=35 vpage=35 vdt=33 vmax=175 vacc=1525 vrej=0 seq=0 elapsed=0 oled=3C
[   6327] STATUS mode=3 fault=none enc=-611 denc=1 sreq=51 sapplied=51 crate=51 uimp=-188135 upos=2050 uneg=2430 ball=-16.15 vball=11.21 aball=43.8 bref=0.00 pid=51.4 pref=-183.0 ppos=-188.1 apid=0.0 integ=-0.0 vision=1 current=1 vframe=1528 vs=1 vage=55 vpage=55 vdt=33 vmax=175 vacc=1525 vrej=0 seq=0 elapsed=0 oled=3C
[   6343] STATUS mode=3 fault=none enc=-611 denc=0 sreq=42 sapplied=42 crate=42 uimp=-187185 upos=2070 uneg=2430 ball=-16.15 vball=11.21 aball=43.8 bref=0.00 pid=41.9 pref=-183.0 ppos=-187.2 apid=0.0 integ=-0.0 vision=1 current=1 vframe=1528 vs=1 vage=75 vpage=75 vdt=33 vmax=175 vacc=1525 vrej=0 seq=0 elapsed=0 oled=3C
[   6375] STATUS mode=3 fault=none enc=-609 denc=0 sreq=28 sapplied=28 crate=28 uimp=-185775 upos=2110 uneg=2430 ball=-15.47 vball=9.50 aball=14.8 bref=0.00 pid=27.6 pref=-183.0 ppos=-185.8 apid=0.0 integ=-0.0 vision=1 current=1 vframe=1529 vs=1 vage=21 vpage=21 vdt=94 vmax=175 vacc=1526 vrej=0 seq=0 elapsed=0 oled=3C
[   6407] STATUS mode=3 fault=none enc=-607 denc=2 sreq=428 sapplied=428 crate=428 uimp=-182215 upos=2130 uneg=2430 ball=-13.87 vball=43.94 aball=14.8 bref=0.00 pid=760.8 pref=-106.1 ppos=-182.2 apid=0.0 integ=-0.0 vision=1 current=1 vframe=1530 vs=1 vage=17 vpage=17 vdt=24 vmax=175 vacc=1527 vrej=0 seq=0 elapsed=0 oled=3C
[   6422] STATUS mode=3 fault=none enc=-592 denc=5 sreq=633 sapplied=633 crate=633 uimp=-170885 upos=2150 uneg=2430 ball=-12.76 vball=40.45 aball=14.8 bref=0.00 pid=633.2 pref=-107.6 ppos=-170.9 apid=0.0 integ=-0.0 vision=1 current=1 vframe=1531 vs=1 vage=4 vpage=4 vdt=33 vmax=175 vacc=1528 vrej=0 seq=0 elapsed=0 oled=3C
[   6452] STATUS mode=3 fault=none enc=-565 denc=2 sreq=420 sapplied=420 crate=420 uimp=-149575 upos=2190 uneg=2430 ball=-12.76 vball=40.45 aball=14.8 bref=0.00 pid=420.1 pref=-107.6 ppos=-149.6 apid=0.0 integ=-0.0 vision=1 current=1 vframe=1531 vs=1 vage=44 vpage=44 vdt=33 vmax=175 vacc=1528 vrej=0 seq=0 elapsed=0 oled=3C
[   6484] STATUS mode=3 fault=none enc=-555 denc=2 sreq=342 sapplied=342 crate=342 uimp=-141785 upos=2210 uneg=2430 ball=-12.76 vball=40.45 aball=14.8 bref=0.00 pid=342.2 pref=-107.6 ppos=-141.8 apid=0.0 integ=-0.0 vision=1 current=1 vframe=1531 vs=1 vage=64 vpage=64 vdt=33 vmax=175 vacc=1528 vrej=0 seq=0 elapsed=0 oled=3C
[   6516] STATUS mode=3 fault=none enc=-547 denc=2 sreq=279 sapplied=279 crate=279 uimp=-135440 upos=2230 uneg=2430 ball=-12.76 vball=40.45 aball=14.8 bref=0.00 pid=278.7 pref=-107.6 ppos=-135.4 apid=0.0 integ=-0.0 vision=1 current=1 vframe=1531 vs=1 vage=84 vpage=84 vdt=33 vmax=175 vacc=1528 vrej=0 seq=0 elapsed=0 oled=3C
[   6547] STATUS mode=3 fault=none enc=-540 denc=1 sreq=52 sapplied=52 crate=52 uimp=-129530 upos=2270 uneg=2430 ball=-11.38 vball=28.60 aball=64.7 bref=0.00 pid=51.6 pref=-124.4 ppos=-129.5 apid=0.0 integ=-0.0 vision=1 current=1 vframe=1532 vs=1 vage=29 vpage=29 vdt=95 vmax=175 vacc=1529 vrej=0 seq=0 elapsed=0 oled=3C
[   6563] STATUS mode=3 fault=none enc=-538 denc=0 sreq=349 sapplied=349 crate=349 uimp=-127035 upos=2290 uneg=2430 ball=-8.65 vball=60.29 aball=64.7 bref=0.00 pid=797.0 pref=-47.3 ppos=-127.0 apid=0.0 integ=-0.0 vision=1 current=1 vframe=1533 vs=1 vage=13 vpage=13 vdt=36 vmax=175 vacc=1530 vrej=0 seq=0 elapsed=0 oled=3C
[   6593] STATUS mode=3 fault=none enc=-510 denc=3 sreq=568 sapplied=568 crate=568 uimp=-104125 upos=2330 uneg=2430 ball=-8.65 vball=60.29 aball=64.7 bref=0.00 pid=567.9 pref=-47.3 ppos=-104.1 apid=0.0 integ=-0.0 vision=1 current=1 vframe=1533 vs=1 vage=53 vpage=53 vdt=36 vmax=175 vacc=1530 vrej=0 seq=0 elapsed=0 oled=3C
[   6625] STATUS mode=3 fault=none enc=-496 denc=3 sreq=463 sapplied=463 crate=463 uimp=-93590 upos=2350 uneg=2430 ball=-8.65 vball=60.29 aball=64.7 bref=0.00 pid=462.5 pref=-47.3 ppos=-93.6 apid=0.0 integ=-0.0 vision=1 current=1 vframe=1533 vs=1 vage=73 vpage=73 vdt=36 vmax=175 vacc=1530 vrej=0 seq=0 elapsed=0 oled=3C
[   6641] STATUS mode=3 fault=none enc=-484 denc=3 sreq=377 sapplied=377 crate=377 uimp=-85010 upos=2370 uneg=2430 ball=-8.65 vball=60.29 aball=64.7 bref=0.00 pid=376.7 pref=-47.3 ppos=-85.0 apid=0.0 integ=-0.0 vision=1 current=1 vframe=1533 vs=1 vage=93 vpage=93 vdt=36 vmax=175 vacc=1530 vrej=0 seq=0 elapsed=0 oled=3C
[   6672] STATUS mode=3 fault=none enc=-474 denc=0 sreq=97 sapplied=97 crate=97 uimp=-75660 upos=2410 uneg=2430 ball=-5.85 vball=43.98 aball=119.7 bref=0.00 pid=97.0 pref=-66.0 ppos=-75.7 apid=0.0 integ=-0.0 vision=1 current=1 vframe=1535 vs=1 vage=22 vpage=22 vdt=8 vmax=175 vacc=1532 vrej=0 seq=0 elapsed=0 oled=3C
[   6702] STATUS mode=3 fault=none enc=-470 denc=0 sreq=232 sapplied=232 crate=232 uimp=-71685 upos=2430 uneg=2430 ball=-4.58 vball=49.54 aball=119.7 bref=0.00 pid=232.0 pref=-48.5 ppos=-71.7 apid=0.0 integ=-0.0 vision=1 current=1 vframe=1536 vs=1 vage=19 vpage=19 vdt=23 vmax=175 vacc=1533 vrej=0 seq=0 elapsed=0 oled=3C
[   6734] STATUS mode=3 fault=none enc=-464 denc=2 sreq=115 sapplied=115 crate=115 uimp=-67385 upos=2450 uneg=2430 ball=-3.45 vball=43.01 aball=119.7 bref=0.00 pid=114.9 pref=-55.9 ppos=-67.4 apid=0.0 integ=-0.0 vision=1 current=1 vframe=1537 vs=1 vage=6 vpage=6 vdt=33 vmax=175 vacc=1534 vrej=0 seq=0 elapsed=0 oled=3C
[   6750] STATUS mode=3 fault=none enc=-460 denc=0 sreq=76 sapplied=76 crate=76 uimp=-63520 upos=2490 uneg=2430 ball=-3.45 vball=43.01 aball=119.7 bref=0.00 pid=76.2 pref=-55.9 ppos=-63.5 apid=0.0 integ=-0.0 vision=1 current=1 vframe=1537 vs=1 vage=46 vpage=46 vdt=33 vmax=175 vacc=1534 vrej=0 seq=0 elapsed=0 oled=3C
[   6782] STATUS mode=3 fault=none enc=-457 denc=2 sreq=62 sapplied=62 crate=62 uimp=-62110 upos=2510 uneg=2430 ball=-3.45 vball=43.01 aball=119.7 bref=0.00 pid=62.1 pref=-55.9 ppos=-62.1 apid=0.0 integ=-0.0 vision=1 current=1 vframe=1537 vs=1 vage=66 vpage=66 vdt=33 vmax=175 vacc=1534 vrej=0 seq=0 elapsed=0 oled=3C
[   6813] STATUS mode=3 fault=none enc=-456 denc=1 sreq=51 sapplied=51 crate=51 uimp=-60960 upos=2530 uneg=2430 ball=-3.45 vball=43.01 aball=119.7 bref=0.00 pid=50.6 pref=-55.9 ppos=-61.0 apid=0.0 integ=-0.0 vision=1 current=1 vframe=1537 vs=1 vage=86 vpage=86 vdt=33 vmax=175 vacc=1534 vrej=0 seq=0 elapsed=0 oled=3C
[   6843] STATUS mode=3 fault=none enc=-456 denc=-1 sreq=161 sapplied=161 crate=161 uimp=-60850 upos=2545 uneg=2445 ball=0.43 vball=53.73 aball=6.2 bref=0.00 pid=457.9 pref=-15.1 ppos=-60.9 apid=0.0 integ=-0.0 vision=1 current=1 vframe=1539 vs=1 vage=8 vpage=8 vdt=23 vmax=175 vacc=1536 vrej=0 seq=0 elapsed=0 oled=3C
[   6859] STATUS mode=3 fault=none enc=-448 denc=3 sreq=398 sapplied=398 crate=398 uimp=-54840 upos=2565 uneg=2445 ball=0.43 vball=53.73 aball=6.2 bref=0.00 pid=397.8 pref=-15.1 ppos=-54.8 apid=0.0 integ=-0.0 vision=1 current=1 vframe=1539 vs=1 vage=28 vpage=28 vdt=23 vmax=175 vacc=1536 vrej=0 seq=0 elapsed=0 oled=3C
[   6891] STATUS mode=3 fault=none enc=-442 denc=0 sreq=98 sapplied=98 crate=98 uimp=-48680 upos=2585 uneg=2445 ball=1.26 vball=39.75 aball=6.2 bref=0.00 pid=98.1 pref=-38.9 ppos=-48.7 apid=0.0 integ=-0.0 vision=1 current=1 vframe=1540 vs=1 vage=14 vpage=14 vdt=34 vmax=175 vacc=1537 vrej=0 seq=0 elapsed=0 oled=3C
[   6922] STATUS mode=3 fault=none enc=-437 denc=1 sreq=65 sapplied=65 crate=65 uimp=-45375 upos=2625 uneg=2445 ball=1.26 vball=39.75 aball=6.2 bref=0.00 pid=65.1 pref=-38.9 ppos=-45.4 apid=0.0 integ=-0.0 vision=1 current=1 vframe=1540 vs=1 vage=54 vpage=54 vdt=34 vmax=175 vacc=1537 vrej=0 seq=0 elapsed=0 oled=3C
[   6938] STATUS mode=3 fault=none enc=-435 denc=1 sreq=53 sapplied=53 crate=53 uimp=-44165 upos=2645 uneg=2445 ball=1.26 vball=39.75 aball=6.2 bref=0.00 pid=53.0 pref=-38.9 ppos=-44.2 apid=0.0 integ=-0.0 vision=1 current=1 vframe=1540 vs=1 vage=74 vpage=74 vdt=34 vmax=175 vacc=1537 vrej=0 seq=0 elapsed=0 oled=3C
[   6968] STATUS mode=3 fault=none enc=-435 denc=0 sreq=-55 sapplied=0 crate=-55 uimp=-43185 upos=2665 uneg=2445 ball=2.56 vball=29.60 aball=-8.6 bref=0.00 pid=-94.8 pref=-52.7 ppos=-43.2 apid=-0.0 integ=-0.0 vision=1 current=1 vframe=1541 vs=1 vage=5 vpage=5 vdt=89 vmax=175 vacc=1538 vrej=0 seq=0 elapsed=0 oled=3C
[   7000] STATUS mode=3 fault=none enc=-437 denc=-1 sreq=40 sapplied=40 crate=40 uimp=-44730 upos=2670 uneg=2465 ball=3.48 vball=33.29 aball=-8.6 bref=0.00 pid=40.4 pref=-40.7 ppos=-44.7 apid=-0.0 integ=-0.0 vision=1 current=1 vframe=1542 vs=1 vage=19 vpage=19 vdt=26 vmax=175 vacc=1539 vrej=0 seq=0 elapsed=0 oled=3C
[   7032] STATUS mode=3 fault=none enc=-437 denc=0 sreq=-65 sapplied=0 crate=-65 uimp=-43980 upos=2690 uneg=2465 ball=3.66 vball=19.72 aball=-8.6 bref=0.00 pid=-229.5 pref=-66.9 ppos=-44.0 apid=-0.0 integ=-0.0 vision=1 current=1 vframe=1543 vs=1 vage=6 vpage=6 vdt=33 vmax=175 vacc=1540 vrej=0 seq=0 elapsed=0 oled=3C
[   7047] STATUS mode=3 fault=none enc=-438 denc=-1 sreq=-200 sapplied=-200 crate=-200 uimp=-46960 upos=2690 uneg=2480 ball=3.66 vball=19.72 aball=-8.6 bref=0.00 pid=-199.7 pref=-66.9 ppos=-47.0 apid=-0.0 integ=-0.0 vision=1 current=1 vframe=1543 vs=1 vage=26 vpage=26 vdt=33 vmax=175 vacc=1540 vrej=0 seq=0 elapsed=0 oled=3C
[   7077] STATUS mode=3 fault=none enc=-446 denc=-1 sreq=-132 sapplied=-132 crate=-132 uimp=-53680 upos=2690 uneg=2520 ball=3.66 vball=19.72 aball=-8.6 bref=0.00 pid=-132.5 pref=-66.9 ppos=-53.7 apid=-0.0 integ=-0.0 vision=1 current=1 vframe=1543 vs=1 vage=66 vpage=66 vdt=33 vmax=175 vacc=1540 vrej=0 seq=0 elapsed=0 oled=3C
[   7109] STATUS mode=3 fault=none enc=-449 denc=0 sreq=-108 sapplied=-108 crate=-108 uimp=-56140 upos=2690 uneg=2540 ball=3.66 vball=19.72 aball=-8.6 bref=0.00 pid=-107.9 pref=-66.9 ppos=-56.1 apid=-0.0 integ=-0.0 vision=1 current=1 vframe=1543 vs=1 vage=86 vpage=86 vdt=33 vmax=175 vacc=1540 vrej=0 seq=0 elapsed=0 oled=3C
[   7141] STATUS mode=3 fault=none enc=-452 denc=0 sreq=-95 sapplied=-95 crate=-95 uimp=-58220 upos=2690 uneg=2560 ball=4.58 vball=17.00 aball=-42.6 bref=0.00 pid=-95.5 pref=-67.8 ppos=-58.2 apid=-0.0 integ=-0.0 vision=1 current=1 vframe=1544 vs=1 vage=15 vpage=15 vdt=91 vmax=175 vacc=1541 vrej=0 seq=0 elapsed=0 oled=3C
[   7157] STATUS mode=3 fault=none enc=-454 denc=0 sreq=0 sapplied=0 crate=0 uimp=-59580 upos=2690 uneg=2575 ball=4.24 vball=1.10 aball=-42.6 bref=0.00 pid=0.0 pref=-59.6 ppos=-59.6 apid=-0.0 integ=0.0 vision=1 current=1 vframe=1545 vs=1 vage=29 vpage=29 vdt=26 vmax=175 vacc=1542 vrej=0 seq=0 elapsed=0 oled=3C
[   7188] STATUS mode=3 fault=none enc=-454 denc=0 sreq=0 sapplied=0 crate=0 uimp=-59580 upos=2690 uneg=2575 ball=4.18 vball=-0.29 aball=-42.6 bref=0.00 pid=0.0 pref=-59.6 ppos=-59.6 apid=-0.0 integ=0.0 vision=1 current=1 vframe=1546 vs=1 vage=16 vpage=16 vdt=33 vmax=175 vacc=1543 vrej=0 seq=0 elapsed=0 oled=3C
[   7218] STATUS mode=3 fault=none enc=-454 denc=0 sreq=0 sapplied=0 crate=0 uimp=-59580 upos=2690 uneg=2575 ball=4.18 vball=-0.29 aball=-42.6 bref=0.00 pid=0.0 pref=-59.6 ppos=-59.6 apid=-0.0 integ=0.0 vision=1 current=1 vframe=1546 vs=1 vage=36 vpage=36 vdt=33 vmax=175 vacc=1543 vrej=0 seq=0 elapsed=0 oled=3C
[   7234] STATUS mode=3 fault=none enc=-454 denc=0 sreq=0 sapplied=0 crate=0 uimp=-59580 upos=2690 uneg=2575 ball=4.18 vball=-0.29 aball=-42.6 bref=0.00 pid=0.0 pref=-59.6 ppos=-59.6 apid=-0.0 integ=0.0 vision=1 current=1 vframe=1546 vs=1 vage=76 vpage=76 vdt=33 vmax=175 vacc=1543 vrej=0 seq=0 elapsed=0 oled=3C
[   7266] STATUS mode=3 fault=none enc=-454 denc=0 sreq=0 sapplied=0 crate=0 uimp=-59580 upos=2690 uneg=2575 ball=4.16 vball=-0.25 aball=-74.1 bref=0.00 pid=0.0 pref=-59.6 ppos=-59.6 apid=-0.0 integ=0.0 vision=1 current=1 vframe=1547 vs=1 vage=2 vpage=2 vdt=94 vmax=175 vacc=1544 vrej=0 seq=0 elapsed=0 oled=3C
[   7297] STATUS mode=3 fault=none enc=-454 denc=0 sreq=0 sapplied=0 crate=0 uimp=-59580 upos=2690 uneg=2575 ball=4.16 vball=-0.25 aball=-74.1 bref=0.00 pid=0.0 pref=-59.6 ppos=-59.6 apid=-0.0 integ=0.0 vision=1 current=1 vframe=1547 vs=1 vage=22 vpage=22 vdt=94 vmax=175 vacc=1544 vrej=0 seq=0 elapsed=0 oled=3C
[   7313] STATUS mode=3 fault=none enc=-462 denc=-1 sreq=-115 sapplied=-115 crate=-115 uimp=-66825 upos=2690 uneg=2610 ball=2.82 vball=-16.44 aball=-74.1 bref=0.00 pid=-115.3 pref=-78.4 ppos=-66.8 apid=-0.0 integ=-0.0 vision=1 current=1 vframe=1549 vs=1 vage=6 vpage=6 vdt=33 vmax=175 vacc=1546 vrej=0 seq=0 elapsed=0 oled=3C
[   7313] >>> stop
[   7343] STATUS mode=3 fault=none enc=-465 denc=-2 sreq=-94 sapplied=-94 crate=-94 uimp=-68965 upos=2690 uneg=2630 ball=2.82 vball=-16.44 aball=-74.1 bref=0.00 pid=-93.9 pref=-78.4 ppos=-69.0 apid=-0.0 integ=-0.0 vision=1 current=1 vframe=1549 vs=1 vage=26 vpage=26 vdt=33 vmax=175 vacc=1546 vrej=0 seq=0 elapsed=0 oled=3C
[   7375] STATUS mode=1 fault=none enc=-467 denc=0 sreq=0 sapplied=0 crate=0 uimp=-69880 upos=2690 uneg=2640 ball=2.82 vball=-16.44 aball=0.0 bref=0.00 pid=0.0 pref=-69.9 ppos=-69.9 apid=0.0 integ=0.0 vision=1 current=1 vframe=1549 vs=1 vage=46 vpage=46 vdt=33 vmax=175 vacc=1546 vrej=0 seq=0 elapsed=0 oled=3C
[   7407] STATUS mode=1 fault=none enc=-467 denc=0 sreq=0 sapplied=0 crate=0 uimp=-69880 upos=2690 uneg=2640 ball=2.82 vball=-16.44 aball=0.0 bref=0.00 pid=0.0 pref=-69.9 ppos=-69.9 apid=0.0 integ=0.0 vision=1 current=1 vframe=1549 vs=1 vage=86 vpage=86 vdt=33 vmax=175 vacc=1546 vrej=0 seq=0 elapsed=0 oled=3C
[   7422] STATUS mode=1 fault=none enc=-467 denc=0 sreq=0 sapplied=0 crate=0 uimp=-69880 upos=2690 uneg=2640 ball=2.20 vball=-12.09 aball=0.0 bref=0.00 pid=0.0 pref=-69.9 ppos=-69.9 apid=0.0 integ=0.0 vision=1 current=1 vframe=1550 vs=1 vage=15 vpage=15 vdt=91 vmax=175 vacc=1547 vrej=0 seq=0 elapsed=0 oled=3C
[   7452] STATUS mode=1 fault=none enc=-467 denc=0 sreq=0 sapplied=0 crate=0 uimp=-69880 upos=2690 uneg=2640 ball=1.87 vball=-13.43 aball=0.0 bref=0.00 pid=0.0 pref=-69.9 ppos=-69.9 apid=0.0 integ=0.0 vision=1 current=1 vframe=1551 vs=1 vage=9 vpage=9 vdt=26 vmax=175 vacc=1548 vrej=0 seq=0 elapsed=0 oled=3C
[   7484] STATUS mode=1 fault=none enc=-467 denc=0 sreq=0 sapplied=0 crate=0 uimp=-69880 upos=2690 uneg=2640 ball=1.48 vball=-12.33 aball=0.0 bref=0.00 pid=0.0 pref=-69.9 ppos=-69.9 apid=0.0 integ=0.0 vision=1 current=1 vframe=1552 vs=1 vage=16 vpage=16 vdt=33 vmax=175 vacc=1549 vrej=0 seq=0 elapsed=0 oled=3C
[   7500] STATUS mode=1 fault=none enc=-467 denc=0 sreq=0 sapplied=0 crate=0 uimp=-69880 upos=2690 uneg=2640 ball=1.48 vball=-12.33 aball=0.0 bref=0.00 pid=0.0 pref=-69.9 ppos=-69.9 apid=0.0 integ=0.0 vision=1 current=1 vframe=1552 vs=1 vage=36 vpage=36 vdt=33 vmax=175 vacc=1549 vrej=0 seq=0 elapsed=0 oled=3C
[   7532] STATUS mode=1 fault=none enc=-467 denc=0 sreq=0 sapplied=0 crate=0 uimp=-69880 upos=2690 uneg=2640 ball=1.48 vball=-12.33 aball=0.0 bref=0.00 pid=0.0 pref=-69.9 ppos=-69.9 apid=0.0 integ=0.0 vision=1 current=1 vframe=1552 vs=1 vage=56 vpage=56 vdt=33 vmax=175 vacc=1549 vrej=0 seq=0 elapsed=0 oled=3C
[   7563] STATUS mode=1 fault=none enc=-467 denc=0 sreq=0 sapplied=0 crate=0 uimp=-69880 upos=2690 uneg=2640 ball=0.90 vball=-8.79 aball=0.0 bref=0.00 pid=0.0 pref=-69.9 ppos=-69.9 apid=0.0 integ=0.0 vision=1 current=1 vframe=1553 vs=1 vage=3 vpage=3 vdt=93 vmax=175 vacc=1550 vrej=0 seq=0 elapsed=0 oled=3C
[   7577] STATUS mode=1 fault=none enc=-467 denc=0 sreq=0 sapplied=0 crate=0 uimp=-69880 upos=2690 uneg=2640 ball=0.90 vball=-8.79 aball=0.0 bref=0.00 pid=0.0 pref=-69.9 ppos=-69.9 apid=0.0 integ=0.0 vision=1 current=1 vframe=1553 vs=1 vage=23 vpage=23 vdt=93 vmax=175 vacc=1550 vrej=0 seq=0 elapsed=0 oled=3C
[   7609] STATUS mode=1 fault=none enc=-467 denc=0 sreq=0 sapplied=0 crate=0 uimp=-69880 upos=2690 uneg=2640 ball=0.13 vball=-23.63 aball=0.0 bref=0.00 pid=0.0 pref=-69.9 ppos=-69.9 apid=0.0 integ=0.0 vision=1 current=1 vframe=1554 vs=1 vage=19 vpage=19 vdt=24 vmax=175 vacc=1551 vrej=0 seq=0 elapsed=0 oled=3C
[   7641] STATUS mode=1 fault=none enc=-467 denc=0 sreq=0 sapplied=0 crate=0 uimp=-69880 upos=2690 uneg=2640 ball=-0.76 vball=-24.31 aball=0.0 bref=0.00 pid=0.0 pref=-69.9 ppos=-69.9 apid=0.0 integ=0.0 vision=1 current=1 vframe=1555 vs=1 vage=25 vpage=25 vdt=34 vmax=175 vacc=1552 vrej=0 seq=0 elapsed=0 oled=3C
[   7657] STATUS mode=1 fault=none enc=-467 denc=0 sreq=0 sapplied=0 crate=0 uimp=-69880 upos=2690 uneg=2640 ball=-0.76 vball=-24.31 aball=0.0 bref=0.00 pid=0.0 pref=-69.9 ppos=-69.9 apid=0.0 integ=0.0 vision=1 current=1 vframe=1555 vs=1 vage=45 vpage=45 vdt=34 vmax=175 vacc=1552 vrej=0 seq=0 elapsed=0 oled=3C
[   7688] STATUS mode=1 fault=none enc=-467 denc=0 sreq=0 sapplied=0 crate=0 uimp=-69880 upos=2690 uneg=2640 ball=-0.76 vball=-24.31 aball=0.0 bref=0.00 pid=0.0 pref=-69.9 ppos=-69.9 apid=0.0 integ=0.0 vision=1 current=1 vframe=1555 vs=1 vage=65 vpage=65 vdt=34 vmax=175 vacc=1552 vrej=0 seq=0 elapsed=0 oled=3C
[   7688] >>> stream off
[   7718] STATUS mode=1 fault=none enc=-467 denc=0 sreq=0 sapplied=0 crate=0 uimp=-69880 upos=2690 uneg=2640 ball=-1.30 vball=-15.13 aball=0.0 bref=0.00 pid=0.0 pref=-69.9 ppos=-69.9 apid=0.0 integ=0.0 vision=1 current=1 vframe=1556 vs=1 vage=13 vpage=13 vdt=92 vmax=175 vacc=1553 vrej=0 seq=0 elapsed=0 oled=3C
[   7718] OK stream off
[   7891] STOP_REASON time_limit
