[      0] >>> bench on
[     16] OK stepper visual-only bench active; use zero before tests
[    172] >>> clear
[    172] OK fault cleared
[    360] >>> diag reset
[    360] OK actuator diagnostics reset
[    547] >>> gain ball 8.0 10.0 6.0 -1
[    547] OK ball gains kp=8.000 ki=10.000 kd=6.000 sign=-1
[    735] >>> gain accel 0.0
[    735] OK ball acceleration gain ka=0.000
[    922] >>> limit rate 2000
[    922] OK ball rate limit=2000 steps/s
[   1110] >>> stream on 20
[   1110] OK stream on 20 ms
[   1157] STATUS mode=1 fault=none enc=-4 denc=0 sreq=0 sapplied=0 crate=0 uimp=0 upos=0 uneg=0 ball=75.20 vball=0.31 aball=0.0 bref=0.00 pid=0.0 pref=0.0 ppos=0.0 apid=0.0 integ=0.0 vision=1 current=1 vframe=630 vs=1 vage=86 vpage=86 vdt=36 vmax=175 vacc=629 vrej=0 seq=0 elapsed=0 oled=3C
[   1172] STATUS mode=1 fault=none enc=-4 denc=0 sreq=0 sapplied=0 crate=0 uimp=0 upos=0 uneg=0 ball=75.13 vball=-0.45 aball=0.0 bref=0.00 pid=0.0 pref=0.0 ppos=0.0 apid=0.0 integ=0.0 vision=1 current=1 vframe=631 vs=1 vage=7 vpage=7 vdt=99 vmax=175 vacc=630 vrej=0 seq=0 elapsed=0 oled=3C
[   1204] STATUS mode=1 fault=none enc=-4 denc=0 sreq=0 sapplied=0 crate=0 uimp=0 upos=0 uneg=0 ball=75.13 vball=-0.45 aball=0.0 bref=0.00 pid=0.0 pref=0.0 ppos=0.0 apid=0.0 integ=0.0 vision=1 current=1 vframe=631 vs=1 vage=27 vpage=27 vdt=99 vmax=175 vacc=630 vrej=0 seq=0 elapsed=0 oled=3C
[   1219] STATUS mode=1 fault=none enc=-4 denc=0 sreq=0 sapplied=0 crate=0 uimp=0 upos=0 uneg=0 ball=75.09 vball=-0.98 aball=0.0 bref=0.00 pid=0.0 pref=0.0 ppos=0.0 apid=0.0 integ=0.0 vision=1 current=1 vframe=632 vs=1 vage=14 vpage=14 vdt=33 vmax=175 vacc=631 vrej=0 seq=0 elapsed=0 oled=3C
[   1250] STATUS mode=1 fault=none enc=-4 denc=0 sreq=0 sapplied=0 crate=0 uimp=0 upos=0 uneg=0 ball=75.09 vball=-0.98 aball=0.0 bref=0.00 pid=0.0 pref=0.0 ppos=0.0 apid=0.0 integ=0.0 vision=1 current=1 vframe=632 vs=1 vage=34 vpage=34 vdt=33 vmax=175 vacc=631 vrej=0 seq=0 elapsed=0 oled=3C
[   1266] STATUS mode=1 fault=none enc=-4 denc=0 sreq=0 sapplied=0 crate=0 uimp=0 upos=0 uneg=0 ball=75.07 vball=-0.77 aball=0.0 bref=0.00 pid=0.0 pref=0.0 ppos=0.0 apid=0.0 integ=0.0 vision=1 current=1 vframe=633 vs=1 vage=40 vpage=40 vdt=34 vmax=175 vacc=632 vrej=0 seq=0 elapsed=0 oled=3C
[   1297] STATUS mode=1 fault=none enc=-4 denc=0 sreq=0 sapplied=0 crate=0 uimp=0 upos=0 uneg=0 ball=75.07 vball=-0.77 aball=0.0 bref=0.00 pid=0.0 pref=0.0 ppos=0.0 apid=0.0 integ=0.0 vision=1 current=1 vframe=633 vs=1 vage=60 vpage=60 vdt=34 vmax=175 vacc=632 vrej=0 seq=0 elapsed=0 oled=3C
[   1297] >>> ball 0.0
[   1329] STATUS mode=1 fault=none enc=-4 denc=0 sreq=0 sapplied=0 crate=0 uimp=0 upos=0 uneg=0 ball=75.07 vball=-0.77 aball=0.0 bref=0.00 pid=0.0 pref=0.0 ppos=0.0 apid=0.0 integ=0.0 vision=1 current=1 vframe=633 vs=1 vage=80 vpage=80 vdt=34 vmax=175 vacc=632 vrej=0 seq=0 elapsed=0 oled=3C
[   1344] STATUS mode=3 fault=none enc=1 denc=5 sreq=100 sapplied=0 crate=100 uimp=0 upos=0 uneg=0 ball=75.06 vball=-0.44 aball=0.0 bref=0.00 pid=2000.0 pref=300.0 ppos=0.0 apid=0.0 integ=-0.0 vision=1 current=1 vframe=634 vs=1 vage=4 vpage=4 vdt=96 vmax=175 vacc=633 vrej=0 seq=0 elapsed=0 oled=3C
[   1375] STATUS mode=3 fault=none enc=22 denc=5 sreq=900 sapplied=900 crate=900 uimp=17500 upos=35 uneg=0 ball=75.13 vball=1.11 aball=0.0 bref=0.00 pid=2000.0 pref=300.0 ppos=17.5 apid=0.0 integ=-0.0 vision=1 current=1 vframe=635 vs=1 vage=7 vpage=7 vdt=37 vmax=175 vacc=634 vrej=0 seq=0 elapsed=0 oled=3C
[   1407] STATUS mode=3 fault=none enc=49 denc=8 sreq=1300 sapplied=1300 crate=1300 uimp=38500 upos=55 uneg=0 ball=75.13 vball=1.11 aball=0.0 bref=0.00 pid=2000.0 pref=300.0 ppos=38.5 apid=0.0 integ=-0.0 vision=1 current=1 vframe=635 vs=1 vage=27 vpage=27 vdt=37 vmax=175 vacc=634 vrej=0 seq=0 elapsed=0 oled=3C
[   1422] STATUS mode=3 fault=none enc=86 denc=11 sreq=1700 sapplied=1700 crate=1700 uimp=67500 upos=75 uneg=0 ball=75.13 vball=1.11 aball=0.0 bref=0.00 pid=2000.0 pref=300.0 ppos=67.5 apid=0.0 integ=-0.0 vision=1 current=1 vframe=635 vs=1 vage=47 vpage=47 vdt=37 vmax=175 vacc=634 vrej=0 seq=0 elapsed=0 oled=3C
[   1454] STATUS mode=3 fault=none enc=180 denc=11 sreq=1592 sapplied=1592 crate=1592 uimp=140760 upos=115 uneg=0 ball=75.13 vball=1.11 aball=0.0 bref=0.00 pid=1592.4 pref=300.0 ppos=140.8 apid=0.0 integ=-0.0 vision=1 current=1 vframe=635 vs=1 vage=87 vpage=87 vdt=37 vmax=175 vacc=634 vrej=0 seq=0 elapsed=0 oled=3C
[   1485] STATUS mode=3 fault=none enc=217 denc=9 sreq=1297 sapplied=1297 crate=1297 uimp=170295 upos=135 uneg=0 ball=75.15 vball=0.78 aball=0.0 bref=0.00 pid=1297.0 pref=300.0 ppos=170.3 apid=0.0 integ=-0.0 vision=1 current=1 vframe=636 vs=1 vage=2 vpage=2 vdt=105 vmax=175 vacc=635 vrej=0 seq=0 elapsed=0 oled=3C
[   1500] STATUS mode=3 fault=none enc=247 denc=7 sreq=1056 sapplied=1056 crate=1056 uimp=194355 upos=155 uneg=0 ball=75.18 vball=0.67 aball=3.9 bref=0.00 pid=1056.4 pref=300.0 ppos=194.4 apid=0.0 integ=-0.0 vision=1 current=1 vframe=637 vs=1 vage=15 vpage=15 vdt=7 vmax=175 vacc=636 vrej=0 seq=0 elapsed=0 oled=3C
[   1532] STATUS mode=3 fault=none enc=292 denc=5 sreq=701 sapplied=701 crate=701 uimp=229910 upos=195 uneg=0 ball=76.07 vball=21.85 aball=3.9 bref=0.00 pid=700.9 pref=300.0 ppos=229.9 apid=0.0 integ=-0.0 vision=1 current=1 vframe=638 vs=1 vage=14 vpage=14 vdt=21 vmax=175 vacc=637 vrej=0 seq=0 elapsed=0 oled=3C
[   1563] STATUS mode=3 fault=none enc=307 denc=3 sreq=571 sapplied=571 crate=571 uimp=242915 upos=215 uneg=0 ball=76.78 vball=20.99 aball=3.9 bref=0.00 pid=570.8 pref=300.0 ppos=242.9 apid=0.0 integ=-0.0 vision=1 current=1 vframe=639 vs=1 vage=19 vpage=19 vdt=35 vmax=175 vacc=638 vrej=0 seq=0 elapsed=0 oled=3C
[   1579] STATUS mode=3 fault=none enc=321 denc=4 sreq=465 sapplied=465 crate=465 uimp=253500 upos=235 uneg=0 ball=76.78 vball=20.99 aball=3.9 bref=0.00 pid=465.0 pref=300.0 ppos=253.5 apid=0.0 integ=-0.0 vision=1 current=1 vframe=639 vs=1 vage=39 vpage=39 vdt=35 vmax=175 vacc=638 vrej=0 seq=0 elapsed=0 oled=3C
[   1610] STATUS mode=3 fault=none enc=332 denc=2 sreq=379 sapplied=379 crate=379 uimp=262130 upos=255 uneg=0 ball=76.78 vball=20.99 aball=3.9 bref=0.00 pid=378.7 pref=300.0 ppos=262.1 apid=0.0 integ=-0.0 vision=1 current=1 vframe=639 vs=1 vage=59 vpage=59 vdt=35 vmax=175 vacc=638 vrej=0 seq=0 elapsed=0 oled=3C
[   1641] STATUS mode=3 fault=none enc=347 denc=2 sreq=251 sapplied=251 crate=251 uimp=274875 upos=295 uneg=0 ball=76.78 vball=20.99 aball=3.9 bref=0.00 pid=251.2 pref=300.0 ppos=274.9 apid=0.0 integ=-0.0 vision=1 current=1 vframe=639 vs=1 vage=99 vpage=99 vdt=35 vmax=175 vacc=638 vrej=0 seq=0 elapsed=0 oled=3C
[   1672] STATUS mode=3 fault=none enc=353 denc=2 sreq=205 sapplied=205 crate=205 uimp=279535 upos=315 uneg=0 ball=76.74 vball=10.67 aball=28.2 bref=0.00 pid=204.6 pref=300.0 ppos=279.5 apid=0.0 integ=-0.0 vision=1 current=1 vframe=640 vs=1 vage=11 vpage=11 vdt=108 vmax=175 vacc=639 vrej=0 seq=0 elapsed=0 oled=3C
[   1688] STATUS mode=3 fault=none enc=357 denc=1 sreq=167 sapplied=167 crate=167 uimp=283330 upos=335 uneg=0 ball=76.74 vball=10.67 aball=28.2 bref=0.00 pid=166.7 pref=300.0 ppos=283.3 apid=0.0 integ=-0.0 vision=1 current=1 vframe=640 vs=1 vage=31 vpage=31 vdt=108 vmax=175 vacc=639 vrej=0 seq=0 elapsed=0 oled=3C
[   1719] STATUS mode=3 fault=none enc=364 denc=1 sreq=0 sapplied=0 crate=16 uimp=288940 upos=375 uneg=0 ball=72.02 vball=-50.91 aball=28.2 bref=0.00 pid=-182.4 pref=270.7 ppos=288.9 apid=0.0 integ=-0.0 vision=1 current=1 vframe=642 vs=1 vage=7 vpage=7 vdt=33 vmax=175 vacc=641 vrej=0 seq=0 elapsed=0 oled=3C
[   1750] STATUS mode=3 fault=none enc=364 denc=-1 sreq=-165 sapplied=-165 crate=-165 uimp=287165 upos=375 uneg=10 ball=72.02 vball=-50.91 aball=28.2 bref=0.00 pid=-164.7 pref=270.7 ppos=287.2 apid=0.0 integ=-0.0 vision=1 current=1 vframe=642 vs=1 vage=27 vpage=27 vdt=33 vmax=175 vacc=641 vrej=0 seq=0 elapsed=0 oled=3C
[   1766] STATUS mode=3 fault=none enc=361 denc=-1 sreq=-134 sapplied=-134 crate=-134 uimp=284110 upos=375 uneg=30 ball=72.02 vball=-50.91 aball=28.2 bref=0.00 pid=-134.1 pref=270.7 ppos=284.1 apid=0.0 integ=-0.0 vision=1 current=1 vframe=642 vs=1 vage=47 vpage=47 vdt=33 vmax=175 vacc=641 vrej=0 seq=0 elapsed=0 oled=3C
[   1797] STATUS mode=3 fault=none enc=356 denc=1 sreq=-89 sapplied=-89 crate=-89 uimp=279595 upos=375 uneg=70 ball=72.02 vball=-50.91 aball=28.2 bref=0.00 pid=-88.9 pref=270.7 ppos=279.6 apid=0.0 integ=-0.0 vision=1 current=1 vframe=642 vs=1 vage=87 vpage=87 vdt=33 vmax=175 vacc=641 vrej=0 seq=0 elapsed=0 oled=3C
[   1829] STATUS mode=3 fault=none enc=353 denc=-1 sreq=-72 sapplied=-72 crate=-72 uimp=277950 upos=375 uneg=90 ball=72.02 vball=-50.91 aball=28.2 bref=0.00 pid=-72.5 pref=270.7 ppos=277.9 apid=0.0 integ=-0.0 vision=1 current=1 vframe=642 vs=1 vage=107 vpage=107 vdt=33 vmax=175 vacc=641 vrej=0 seq=0 elapsed=0 oled=3C
[   1844] STATUS mode=3 fault=none enc=351 denc=-1 sreq=-91 sapplied=-91 crate=-91 uimp=276085 upos=375 uneg=110 ball=68.65 vball=-47.03 aball=-134.6 bref=0.00 pid=-90.6 pref=267.0 ppos=276.1 apid=-0.0 integ=-0.0 vision=1 current=1 vframe=643 vs=1 vage=18 vpage=18 vdt=109 vmax=175 vacc=642 vrej=0 seq=0 elapsed=0 oled=3C
[   1875] STATUS mode=3 fault=none enc=344 denc=-2 sreq=-578 sapplied=-578 crate=-578 uimp=267840 upos=375 uneg=150 ball=61.53 vball=-128.10 aball=-134.6 bref=0.00 pid=-2000.0 pref=-276.4 ppos=267.8 apid=-0.0 integ=-0.0 vision=1 current=1 vframe=644 vs=1 vage=27 vpage=27 vdt=31 vmax=175 vacc=643 vrej=0 seq=0 elapsed=0 oled=3C
[   1907] STATUS mode=3 fault=none enc=325 denc=-6 sreq=-978 sapplied=-978 crate=-978 uimp=253280 upos=375 uneg=170 ball=57.56 vball=-129.63 aball=-134.6 bref=0.00 pid=-2000.0 pref=-300.0 ppos=253.3 apid=-0.0 integ=-0.0 vision=1 current=1 vframe=645 vs=1 vage=16 vpage=16 vdt=31 vmax=175 vacc=644 vrej=0 seq=0 elapsed=0 oled=3C
[   1938] STATUS mode=3 fault=none enc=258 denc=-10 sreq=-1778 sapplied=-1778 crate=-1778 uimp=200160 upos=375 uneg=210 ball=57.56 vball=-129.63 aball=-134.6 bref=0.00 pid=-2000.0 pref=-300.0 ppos=200.2 apid=-0.0 integ=-0.0 vision=1 current=1 vframe=645 vs=1 vage=56 vpage=56 vdt=31 vmax=175 vacc=644 vrej=0 seq=0 elapsed=0 oled=3C
[   1969] STATUS mode=3 fault=none enc=208 denc=-14 sreq=-2000 sapplied=-2000 crate=-2000 uimp=161990 upos=375 uneg=230 ball=57.56 vball=-129.63 aball=-134.6 bref=0.00 pid=-2000.0 pref=-300.0 ppos=162.0 apid=-0.0 integ=-0.0 vision=1 current=1 vframe=645 vs=1 vage=76 vpage=76 vdt=31 vmax=175 vacc=644 vrej=0 seq=0 elapsed=0 oled=3C
[   1985] STATUS mode=3 fault=none enc=158 denc=-12 sreq=-2000 sapplied=-2000 crate=-2000 uimp=121990 upos=375 uneg=250 ball=57.56 vball=-129.63 aball=-134.6 bref=0.00 pid=-2000.0 pref=-300.0 ppos=122.0 apid=-0.0 integ=-0.0 vision=1 current=1 vframe=645 vs=1 vage=96 vpage=96 vdt=31 vmax=175 vacc=644 vrej=0 seq=0 elapsed=0 oled=3C
[   2016] STATUS mode=3 fault=none enc=56 denc=-11 sreq=-2000 sapplied=-2000 crate=-2000 uimp=41990 upos=375 uneg=290 ball=40.77 vball=-274.79 aball=-250.6 bref=0.00 pid=-2000.0 pref=-300.0 ppos=42.0 apid=-0.0 integ=-0.0 vision=1 current=1 vframe=647 vs=1 vage=15 vpage=15 vdt=24 vmax=175 vacc=646 vrej=0 seq=0 elapsed=0 oled=3C
[   2047] STATUS mode=3 fault=none enc=5 denc=-12 sreq=-2000 sapplied=-2000 crate=-2000 uimp=1990 upos=375 uneg=310 ball=40.77 vball=-274.79 aball=-250.6 bref=0.00 pid=-2000.0 pref=-300.0 ppos=2.0 apid=-0.0 integ=-0.0 vision=1 current=1 vframe=647 vs=1 vage=35 vpage=35 vdt=24 vmax=175 vacc=646 vrej=0 seq=0 elapsed=0 oled=3C
[   2079] STATUS mode=3 fault=none enc=-97 denc=-13 sreq=-2000 sapplied=-2000 crate=-2000 uimp=-78010 upos=375 uneg=350 ball=34.25 vball=-229.97 aball=-250.6 bref=0.00 pid=-2000.0 pref=-300.0 ppos=-78.0 apid=-0.0 integ=-0.0 vision=1 current=1 vframe=648 vs=1 vage=40 vpage=40 vdt=35 vmax=175 vacc=647 vrej=0 seq=0 elapsed=0 oled=3C
[   2110] STATUS mode=3 fault=none enc=-146 denc=-11 sreq=-1824 sapplied=-1824 crate=-1824 uimp=-117610 upos=375 uneg=370 ball=34.25 vball=-229.97 aball=-250.6 bref=0.00 pid=-1823.9 pref=-300.0 ppos=-117.6 apid=-0.0 integ=-0.0 vision=1 current=1 vframe=648 vs=1 vage=60 vpage=60 vdt=35 vmax=175 vacc=647 vrej=0 seq=0 elapsed=0 oled=3C
[   2125] STATUS mode=3 fault=none enc=-189 denc=-10 sreq=-1486 sapplied=-1486 crate=-1486 uimp=-151445 upos=375 uneg=390 ball=34.25 vball=-229.97 aball=-250.6 bref=0.00 pid=-1485.5 pref=-300.0 ppos=-151.4 apid=-0.0 integ=-0.0 vision=1 current=1 vframe=648 vs=1 vage=80 vpage=80 vdt=35 vmax=175 vacc=647 vrej=0 seq=0 elapsed=0 oled=3C
[   2157] STATUS mode=3 fault=none enc=-252 denc=-7 sreq=-986 sapplied=-986 crate=-986 uimp=-201445 upos=375 uneg=430 ball=18.09 vball=-273.84 aball=-307.6 bref=0.00 pid=-985.5 pref=-300.0 ppos=-201.4 apid=-0.0 integ=-0.0 vision=1 current=1 vframe=650 vs=1 vage=5 vpage=5 vdt=21 vmax=175 vacc=649 vrej=0 seq=0 elapsed=0 oled=3C
[   2188] STATUS mode=3 fault=none enc=-274 denc=-5 sreq=-803 sapplied=-803 crate=-803 uimp=-219725 upos=375 uneg=450 ball=18.09 vball=-273.84 aball=-307.6 bref=0.00 pid=-802.7 pref=-300.0 ppos=-219.7 apid=-0.0 integ=-0.0 vision=1 current=1 vframe=650 vs=1 vage=25 vpage=25 vdt=21 vmax=175 vacc=649 vrej=0 seq=0 elapsed=0 oled=3C
[   2219] STATUS mode=3 fault=none enc=-309 denc=-4 sreq=-533 sapplied=-533 crate=-533 uimp=-246745 upos=375 uneg=490 ball=12.77 vball=-215.91 aball=-307.6 bref=0.00 pid=-532.5 pref=-300.0 ppos=-246.7 apid=-0.0 integ=-0.0 vision=1 current=1 vframe=651 vs=1 vage=30 vpage=30 vdt=35 vmax=175 vacc=650 vrej=0 seq=0 elapsed=0 oled=3C
[   2250] STATUS mode=3 fault=none enc=-322 denc=-4 sreq=-434 sapplied=-434 crate=-434 uimp=-256630 upos=375 uneg=510 ball=12.77 vball=-215.91 aball=-307.6 bref=0.00 pid=-433.7 pref=-300.0 ppos=-256.6 apid=-0.0 integ=-0.0 vision=1 current=1 vframe=651 vs=1 vage=50 vpage=50 vdt=35 vmax=175 vacc=650 vrej=0 seq=0 elapsed=0 oled=3C
[   2266] STATUS mode=3 fault=none enc=-333 denc=-2 sreq=-353 sapplied=-353 crate=-353 uimp=-264675 upos=375 uneg=530 ball=12.77 vball=-215.91 aball=-307.6 bref=0.00 pid=-353.2 pref=-300.0 ppos=-264.7 apid=-0.0 integ=-0.0 vision=1 current=1 vframe=651 vs=1 vage=70 vpage=70 vdt=35 vmax=175 vacc=650 vrej=0 seq=0 elapsed=0 oled=3C
[   2297] STATUS mode=3 fault=none enc=-347 denc=-1 sreq=-234 sapplied=-234 crate=-234 uimp=-276570 upos=375 uneg=570 ball=6.33 vball=-140.71 aball=-94.4 bref=0.00 pid=-234.3 pref=-300.0 ppos=-276.6 apid=-0.0 integ=-0.0 vision=1 current=1 vframe=652 vs=1 vage=7 vpage=7 vdt=103 vmax=175 vacc=651 vrej=0 seq=0 elapsed=0 oled=3C
[   2329] STATUS mode=3 fault=none enc=-353 denc=0 sreq=-191 sapplied=-191 crate=-191 uimp=-280915 upos=375 uneg=590 ball=6.33 vball=-140.71 aball=-94.4 bref=0.00 pid=-190.8 pref=-300.0 ppos=-280.9 apid=-0.0 integ=-0.0 vision=1 current=1 vframe=652 vs=1 vage=27 vpage=27 vdt=103 vmax=175 vacc=651 vrej=0 seq=0 elapsed=0 oled=3C
[   2360] STATUS mode=3 fault=none enc=-361 denc=-1 sreq=-127 sapplied=-127 crate=-127 uimp=-287335 upos=375 uneg=630 ball=-2.03 vball=-121.28 aball=-94.4 bref=0.00 pid=-126.6 pref=-300.0 ppos=-287.3 apid=-0.0 integ=-0.0 vision=1 current=1 vframe=654 vs=1 vage=3 vpage=3 vdt=36 vmax=175 vacc=653 vrej=0 seq=0 elapsed=0 oled=3C
[   2375] STATUS mode=3 fault=none enc=-365 denc=-1 sreq=-103 sapplied=-103 crate=-103 uimp=-289685 upos=375 uneg=650 ball=-2.03 vball=-121.28 aball=-94.4 bref=0.00 pid=-103.1 pref=-300.0 ppos=-289.7 apid=-0.0 integ=-0.0 vision=1 current=1 vframe=654 vs=1 vage=23 vpage=23 vdt=36 vmax=175 vacc=653 vrej=0 seq=0 elapsed=0 oled=3C
[   2407] STATUS mode=3 fault=none enc=-367 denc=0 sreq=-84 sapplied=-84 crate=-84 uimp=-291595 upos=375 uneg=670 ball=-2.03 vball=-121.28 aball=-94.4 bref=0.00 pid=-84.0 pref=-300.0 ppos=-291.6 apid=-0.0 integ=-0.0 vision=1 current=1 vframe=654 vs=1 vage=43 vpage=43 vdt=36 vmax=175 vacc=653 vrej=0 seq=0 elapsed=0 oled=3C
[   2438] STATUS mode=3 fault=none enc=-371 denc=-1 sreq=-56 sapplied=-56 crate=-56 uimp=-294425 upos=375 uneg=710 ball=-2.03 vball=-121.28 aball=-94.4 bref=0.00 pid=-55.7 pref=-300.0 ppos=-294.4 apid=-0.0 integ=-0.0 vision=1 current=1 vframe=654 vs=1 vage=83 vpage=83 vdt=36 vmax=175 vacc=653 vrej=0 seq=0 elapsed=0 oled=3C
[   2469] STATUS mode=3 fault=none enc=-372 denc=-1 sreq=-45 sapplied=-45 crate=-45 uimp=-295460 upos=375 uneg=730 ball=-5.46 vball=-82.91 aball=112.7 bref=0.00 pid=-45.4 pref=-300.0 ppos=-295.5 apid=0.0 integ=-0.0 vision=1 current=1 vframe=655 vs=1 vage=9 vpage=9 vdt=94 vmax=175 vacc=654 vrej=0 seq=0 elapsed=0 oled=3C
[   2485] STATUS mode=3 fault=none enc=-372 denc=0 sreq=-37 sapplied=-37 crate=-37 uimp=-296300 upos=375 uneg=750 ball=-6.30 vball=-64.25 aball=112.7 bref=0.00 pid=-37.0 pref=-300.0 ppos=-296.3 apid=0.0 integ=-0.0 vision=1 current=1 vframe=656 vs=1 vage=7 vpage=7 vdt=22 vmax=175 vacc=655 vrej=0 seq=0 elapsed=0 oled=3C
[   2516] STATUS mode=3 fault=none enc=-373 denc=0 sreq=-25 sapplied=-25 crate=-25 uimp=-297545 upos=375 uneg=790 ball=-7.00 vball=-42.45 aball=112.7 bref=0.00 pid=-24.5 pref=-300.0 ppos=-297.5 apid=0.0 integ=-0.0 vision=1 current=1 vframe=657 vs=1 vage=14 vpage=14 vdt=33 vmax=175 vacc=656 vrej=0 seq=0 elapsed=0 oled=3C
[   2547] STATUS mode=3 fault=none enc=-375 denc=0 sreq=-20 sapplied=-20 crate=-20 uimp=-298000 upos=375 uneg=810 ball=-7.00 vball=-42.45 aball=112.7 bref=0.00 pid=-20.0 pref=-300.0 ppos=-298.0 apid=0.0 integ=-0.0 vision=1 current=1 vframe=657 vs=1 vage=34 vpage=34 vdt=33 vmax=175 vacc=656 vrej=0 seq=0 elapsed=0 oled=3C
[   2579] STATUS mode=3 fault=none enc=-376 denc=0 sreq=0 sapplied=0 crate=-19 uimp=-298100 upos=375 uneg=815 ball=-7.00 vball=-42.45 aball=112.7 bref=0.00 pid=-19.0 pref=-300.0 ppos=-298.1 apid=0.0 integ=-0.0 vision=1 current=1 vframe=657 vs=1 vage=54 vpage=54 vdt=33 vmax=175 vacc=656 vrej=0 seq=0 elapsed=0 oled=3C
[   2594] STATUS mode=3 fault=none enc=-376 denc=0 sreq=0 sapplied=0 crate=-19 uimp=-298100 upos=375 uneg=815 ball=-7.00 vball=-42.45 aball=112.7 bref=0.00 pid=-19.0 pref=-300.0 ppos=-298.1 apid=0.0 integ=-0.0 vision=1 current=1 vframe=657 vs=1 vage=94 vpage=94 vdt=33 vmax=175 vacc=656 vrej=0 seq=0 elapsed=0 oled=3C
[   2625] STATUS mode=3 fault=none enc=-374 denc=2 sreq=381 sapplied=381 crate=381 uimp=-295790 upos=385 uneg=815 ball=-7.44 vball=-23.73 aball=239.5 bref=0.00 pid=938.9 pref=-201.9 ppos=-295.8 apid=0.0 integ=-0.0 vision=1 current=1 vframe=658 vs=1 vage=19 vpage=19 vdt=95 vmax=175 vacc=657 vrej=0 seq=0 elapsed=0 oled=3C
[   2657] STATUS mode=3 fault=none enc=-336 denc=7 sreq=1181 sapplied=1181 crate=1181 uimp=-266550 upos=425 uneg=815 ball=-3.16 vball=49.03 aball=.5 bref=0.00 pid=2000.0 pref=250.5 ppos=-285.2 apid=0.0 integ=-0.0 vision=1 current=1 vframe=659 vs=1 vage=17 vpage=17 vdt=22 vmax=175 vacc=658 vrej=0 seq=0 elapsed=0 oled=3C
[   2672] STATUS mode=3 fault=none enc=-301 denc=9 sreq=1581 sapplied=1581 crate=1581 uimp=-239930 upos=445 uneg=815 ball=-3.16 vball=49.03 aball=239.5 bref=0.00 pid=2000.0 pref=268.9 ppos=-239.9 apid=0.0 integ=-0.0 vision=1 current=1 vframe=660 vs=1 vage=23 vpage=23 vdt=34 vmax=175 vacc=659 vrej=0 seq=0 elapsed=0 oled=3C
[   2704] STATUS mode=3 fault=none enc=-256 denc=12 sreq=1981 sapplied=1981 crate=1981 uimp=-205310 upos=465 uneg=815 ball=-3.16 vball=49.03 aball=239.5 bref=0.00 pid=2000.0 pref=268.9 ppos=-205.3 apid=0.0 integ=-0.0 vision=1 current=1 vframe=660 vs=1 vage=43 vpage=43 vdt=34 vmax=175 vacc=659 vrej=0 seq=0 elapsed=0 oled=3C
[   2735] STATUS mode=3 fault=none enc=-154 denc=13 sreq=2000 sapplied=2000 crate=2000 uimp=-125405 upos=505 uneg=815 ball=-3.16 vball=49.03 aball=239.5 bref=0.00 pid=2000.0 pref=268.9 ppos=-125.4 apid=0.0 integ=-0.0 vision=1 current=1 vframe=660 vs=1 vage=83 vpage=83 vdt=34 vmax=175 vacc=659 vrej=0 seq=0 elapsed=0 oled=3C
[   2766] STATUS mode=3 fault=none enc=-104 denc=13 sreq=2000 sapplied=2000 crate=2000 uimp=-85405 upos=525 uneg=815 ball=-0.61 vball=41.33 aball=326.9 bref=0.00 pid=2000.0 pref=243.1 ppos=-85.4 apid=0.0 integ=-0.0 vision=1 current=1 vframe=661 vs=1 vage=9 vpage=9 vdt=94 vmax=175 vacc=660 vrej=0 seq=0 elapsed=0 oled=3C
[   2782] STATUS mode=3 fault=none enc=-54 denc=12 sreq=2000 sapplied=2000 crate=2000 uimp=-45405 upos=545 uneg=815 ball=5.21 vball=172.49 aball=326.9 bref=0.00 pid=2000.0 pref=300.0 ppos=-45.4 apid=0.0 integ=-0.0 vision=1 current=1 vframe=662 vs=1 vage=7 vpage=7 vdt=22 vmax=175 vacc=661 vrej=0 seq=0 elapsed=0 oled=3C
[   2813] STATUS mode=3 fault=none enc=48 denc=13 sreq=2000 sapplied=2000 crate=2000 uimp=34595 upos=585 uneg=815 ball=8.01 vball=129.00 aball=326.9 bref=0.00 pid=2000.0 pref=300.0 ppos=34.6 apid=0.0 integ=-0.0 vision=1 current=1 vframe=663 vs=1 vage=14 vpage=14 vdt=33 vmax=175 vacc=662 vrej=0 seq=0 elapsed=0 oled=3C
[   2844] STATUS mode=3 fault=none enc=99 denc=13 sreq=2000 sapplied=2000 crate=2000 uimp=74595 upos=605 uneg=815 ball=8.01 vball=129.00 aball=326.9 bref=0.00 pid=2000.0 pref=300.0 ppos=74.6 apid=0.0 integ=-0.0 vision=1 current=1 vframe=663 vs=1 vage=34 vpage=34 vdt=33 vmax=175 vacc=662 vrej=0 seq=0 elapsed=0 oled=3C
[   2875] STATUS mode=3 fault=none enc=149 denc=12 sreq=1856 sapplied=1856 crate=1856 uimp=114365 upos=625 uneg=815 ball=8.01 vball=129.00 aball=326.9 bref=0.00 pid=1856.4 pref=300.0 ppos=114.4 apid=0.0 integ=-0.0 vision=1 current=1 vframe=663 vs=1 vage=54 vpage=54 vdt=33 vmax=175 vacc=662 vrej=0 seq=0 elapsed=0 oled=3C
[   2891] STATUS mode=3 fault=none enc=229 denc=9 sreq=1232 sapplied=1232 crate=1232 uimp=176845 upos=665 uneg=815 ball=12.76 vball=96.26 aball=351.5 bref=0.00 pid=1231.6 pref=300.0 ppos=176.8 apid=0.0 integ=-0.0 vision=1 current=1 vframe=664 vs=1 vage=5 vpage=5 vdt=89 vmax=175 vacc=663 vrej=0 seq=0 elapsed=0 oled=3C
[   2922] STATUS mode=3 fault=none enc=258 denc=7 sreq=1003 sapplied=1003 crate=1003 uimp=199690 upos=685 uneg=815 ball=12.76 vball=96.26 aball=351.5 bref=0.00 pid=1003.1 pref=300.0 ppos=199.7 apid=0.0 integ=-0.0 vision=1 current=1 vframe=664 vs=1 vage=25 vpage=25 vdt=89 vmax=175 vacc=663 vrej=0 seq=0 elapsed=0 oled=3C
[   2954] STATUS mode=3 fault=none enc=281 denc=6 sreq=817 sapplied=817 crate=817 uimp=218295 upos=705 uneg=815 ball=17.13 vball=116.21 aball=351.5 bref=0.00 pid=817.1 pref=300.0 ppos=218.3 apid=0.0 integ=-0.0 vision=1 current=1 vframe=665 vs=1 vage=16 vpage=16 vdt=29 vmax=175 vacc=664 vrej=0 seq=0 elapsed=0 oled=3C
[   2985] STATUS mode=3 fault=none enc=314 denc=3 sreq=542 sapplied=542 crate=542 uimp=245800 upos=745 uneg=815 ball=22.01 vball=130.03 aball=351.5 bref=0.00 pid=542.0 pref=300.0 ppos=245.8 apid=0.0 integ=-0.0 vision=1 current=1 vframe=666 vs=1 vage=24 vpage=24 vdt=32 vmax=175 vacc=665 vrej=0 seq=0 elapsed=0 oled=3C
[   3000] STATUS mode=3 fault=none enc=327 denc=2 sreq=441 sapplied=441 crate=441 uimp=255855 upos=765 uneg=815 ball=22.01 vball=130.03 aball=351.5 bref=0.00 pid=441.5 pref=300.0 ppos=255.9 apid=0.0 integ=-0.0 vision=1 current=1 vframe=666 vs=1 vage=44 vpage=44 vdt=32 vmax=175 vacc=665 vrej=0 seq=0 elapsed=0 oled=3C
[   3032] STATUS mode=3 fault=none enc=338 denc=2 sreq=360 sapplied=360 crate=360 uimp=264040 upos=785 uneg=815 ball=22.01 vball=130.03 aball=351.5 bref=0.00 pid=359.6 pref=300.0 ppos=264.0 apid=0.0 integ=-0.0 vision=1 current=1 vframe=666 vs=1 vage=64 vpage=64 vdt=32 vmax=175 vacc=665 vrej=0 seq=0 elapsed=0 oled=3C
[   3063] STATUS mode=3 fault=none enc=352 denc=1 sreq=239 sapplied=239 crate=239 uimp=276145 upos=825 uneg=815 ball=27.38 vball=99.33 aball=351.5 bref=0.00 pid=238.6 pref=300.0 ppos=276.1 apid=0.0 integ=-0.0 vision=1 current=1 vframe=667 vs=1 vage=2 vpage=2 vdt=102 vmax=175 vacc=666 vrej=0 seq=0 elapsed=0 oled=3C
[   3079] STATUS mode=3 fault=none enc=358 denc=2 sreq=194 sapplied=194 crate=194 uimp=280575 upos=845 uneg=815 ball=27.38 vball=99.33 aball=201.8 bref=0.00 pid=194.3 pref=300.0 ppos=280.6 apid=0.0 integ=-0.0 vision=1 current=1 vframe=667 vs=1 vage=22 vpage=22 vdt=102 vmax=175 vacc=666 vrej=0 seq=0 elapsed=0 oled=3C
[   3110] STATUS mode=3 fault=none enc=362 denc=1 sreq=158 sapplied=158 crate=158 uimp=284180 upos=865 uneg=815 ball=31.75 vball=118.63 aball=201.8 bref=0.00 pid=158.2 pref=300.0 ppos=284.2 apid=0.0 integ=-0.0 vision=1 current=1 vframe=668 vs=1 vage=11 vpage=11 vdt=31 vmax=175 vacc=667 vrej=0 seq=0 elapsed=0 oled=3C
[   3141] STATUS mode=3 fault=none enc=368 denc=0 sreq=105 sapplied=105 crate=105 uimp=289505 upos=905 uneg=815 ball=33.34 vball=84.67 aball=201.8 bref=0.00 pid=105.0 pref=300.0 ppos=289.5 apid=0.0 integ=-0.0 vision=1 current=1 vframe=669 vs=1 vage=10 vpage=10 vdt=41 vmax=175 vacc=668 vrej=0 seq=0 elapsed=0 oled=3C
[   3157] STATUS mode=3 fault=none enc=371 denc=1 sreq=85 sapplied=85 crate=85 uimp=291455 upos=925 uneg=815 ball=33.34 vball=84.67 aball=201.8 bref=0.00 pid=85.5 pref=300.0 ppos=291.5 apid=0.0 integ=-0.0 vision=1 current=1 vframe=669 vs=1 vage=30 vpage=30 vdt=41 vmax=175 vacc=668 vrej=0 seq=0 elapsed=0 oled=3C
[   3188] STATUS mode=3 fault=none enc=372 denc=-1 sreq=70 sapplied=70 crate=70 uimp=293035 upos=945 uneg=815 ball=33.34 vball=84.67 aball=201.8 bref=0.00 pid=69.7 pref=300.0 ppos=293.0 apid=0.0 integ=-0.0 vision=1 current=1 vframe=669 vs=1 vage=50 vpage=50 vdt=41 vmax=175 vacc=668 vrej=0 seq=0 elapsed=0 oled=3C
[   3219] STATUS mode=3 fault=none enc=376 denc=2 sreq=46 sapplied=46 crate=46 uimp=295385 upos=985 uneg=815 ball=33.34 vball=84.67 aball=201.8 bref=0.00 pid=46.2 pref=300.0 ppos=295.4 apid=0.0 integ=-0.0 vision=1 current=1 vframe=669 vs=1 vage=90 vpage=90 vdt=41 vmax=175 vacc=668 vrej=0 seq=0 elapsed=0 oled=3C
[   3250] STATUS mode=3 fault=none enc=376 denc=0 sreq=38 sapplied=38 crate=38 uimp=296245 upos=1005 uneg=815 ball=35.55 vball=55.28 aball=-2.9 bref=0.00 pid=37.6 pref=300.0 ppos=296.2 apid=-0.0 integ=-0.0 vision=1 current=1 vframe=670 vs=1 vage=8 vpage=8 vdt=102 vmax=175 vacc=669 vrej=0 seq=0 elapsed=0 oled=3C
[   3266] STATUS mode=3 fault=none enc=376 denc=0 sreq=31 sapplied=31 crate=31 uimp=296945 upos=1025 uneg=815 ball=34.58 vball=15.25 aball=-2.9 bref=0.00 pid=30.6 pref=300.0 ppos=296.9 apid=-0.0 integ=-0.0 vision=1 current=1 vframe=671 vs=1 vage=5 vpage=5 vdt=23 vmax=175 vacc=670 vrej=0 seq=0 elapsed=0 oled=3C
[   3297] STATUS mode=3 fault=none enc=378 denc=1 sreq=-79 sapplied=0 crate=-79 uimp=297975 upos=1065 uneg=815 ball=33.68 vball=-6.54 aball=-2.9 bref=0.00 pid=-677.7 pref=230.2 ppos=298.0 apid=-0.0 integ=-0.0 vision=1 current=1 vframe=672 vs=1 vage=4 vpage=4 vdt=41 vmax=175 vacc=671 vrej=0 seq=0 elapsed=0 oled=3C
[   3329] STATUS mode=3 fault=none enc=375 denc=-2 sreq=-479 sapplied=-479 crate=-479 uimp=293790 upos=1065 uneg=830 ball=33.68 vball=-6.54 aball=-2.9 bref=0.00 pid=-635.9 pref=230.2 ppos=293.8 apid=-0.0 integ=-0.0 vision=1 current=1 vframe=672 vs=1 vage=24 vpage=24 vdt=41 vmax=175 vacc=671 vrej=0 seq=0 elapsed=0 oled=3C
[   3344] STATUS mode=3 fault=none enc=362 denc=-2 sreq=-526 sapplied=-526 crate=-526 uimp=282815 upos=1065 uneg=850 ball=33.68 vball=-6.54 aball=-2.9 bref=0.00 pid=-526.1 pref=230.2 ppos=282.8 apid=-0.0 integ=-0.0 vision=1 current=1 vframe=672 vs=1 vage=44 vpage=44 vdt=41 vmax=175 vacc=671 vrej=0 seq=0 elapsed=0 oled=3C
[   3375] STATUS mode=3 fault=none enc=340 denc=-2 sreq=-349 sapplied=-349 crate=-349 uimp=265105 upos=1065 uneg=890 ball=33.68 vball=-6.54 aball=-2.9 bref=0.00 pid=-349.0 pref=230.2 ppos=265.1 apid=-0.0 integ=-0.0 vision=1 current=1 vframe=672 vs=1 vage=84 vpage=84 vdt=41 vmax=175 vacc=671 vrej=0 seq=0 elapsed=0 oled=3C
[   3407] STATUS mode=3 fault=none enc=331 denc=-3 sreq=-399 sapplied=-399 crate=-399 uimp=258630 upos=1065 uneg=910 ball=31.67 vball=-16.45 aball=-199.6 bref=0.00 pid=-1039.7 pref=154.7 ppos=258.6 apid=-0.0 integ=-0.0 vision=1 current=1 vframe=673 vs=1 vage=5 vpage=5 vdt=99 vmax=175 vacc=672 vrej=0 seq=0 elapsed=0 oled=3C
[   3438] STATUS mode=3 fault=none enc=293 denc=-7 sreq=-1190 sapplied=-1190 crate=-1190 uimp=228805 upos=1065 uneg=950 ball=27.65 vball=-73.59 aball=-199.6 bref=0.00 pid=-2000.0 pref=-220.3 ppos=228.8 apid=-0.0 integ=-0.0 vision=1 current=1 vframe=674 vs=1 vage=17 vpage=17 vdt=28 vmax=175 vacc=673 vrej=0 seq=0 elapsed=0 oled=3C
[   3469] STATUS mode=3 fault=none enc=259 denc=-9 sreq=-1590 sapplied=-1590 crate=-1590 uimp=202005 upos=1065 uneg=970 ball=25.36 vball=-73.26 aball=-199.6 bref=0.00 pid=-2000.0 pref=-236.7 ppos=202.0 apid=-0.0 integ=-0.0 vision=1 current=1 vframe=675 vs=1 vage=5 vpage=5 vdt=32 vmax=175 vacc=674 vrej=0 seq=0 elapsed=0 oled=3C
[   3485] STATUS mode=3 fault=none enc=214 denc=-13 sreq=-1990 sapplied=-1990 crate=-1990 uimp=167205 upos=1065 uneg=990 ball=25.36 vball=-73.26 aball=-199.6 bref=0.00 pid=-2000.0 pref=-236.7 ppos=167.2 apid=-0.0 integ=-0.0 vision=1 current=1 vframe=675 vs=1 vage=25 vpage=25 vdt=32 vmax=175 vacc=674 vrej=0 seq=0 elapsed=0 oled=3C
[   3516] STATUS mode=3 fault=none enc=112 denc=-13 sreq=-2000 sapplied=-2000 crate=-2000 uimp=87255 upos=1065 uneg=1030 ball=25.36 vball=-73.26 aball=-199.6 bref=0.00 pid=-2000.0 pref=-236.7 ppos=87.3 apid=-0.0 integ=-0.0 vision=1 current=1 vframe=675 vs=1 vage=65 vpage=65 vdt=32 vmax=175 vacc=674 vrej=0 seq=0 elapsed=0 oled=3C
[   3547] STATUS mode=3 fault=none enc=61 denc=-13 sreq=-2000 sapplied=-2000 crate=-2000 uimp=47255 upos=1065 uneg=1050 ball=25.36 vball=-73.26 aball=-199.6 bref=0.00 pid=-2000.0 pref=-236.7 ppos=47.3 apid=-0.0 integ=-0.0 vision=1 current=1 vframe=675 vs=1 vage=85 vpage=85 vdt=32 vmax=175 vacc=674 vrej=0 seq=0 elapsed=0 oled=3C
[   3579] STATUS mode=3 fault=none enc=-41 denc=-13 sreq=-2000 sapplied=-2000 crate=-2000 uimp=-32745 upos=1065 uneg=1090 ball=15.76 vball=-153.29 aball=-258.7 bref=0.00 pid=-2000.0 pref=-300.0 ppos=-32.7 apid=-0.0 integ=-0.0 vision=1 current=1 vframe=677 vs=1 vage=8 vpage=8 vdt=21 vmax=175 vacc=676 vrej=0 seq=0 elapsed=0 oled=3C
[   3610] STATUS mode=3 fault=none enc=-92 denc=-14 sreq=-2000 sapplied=-2000 crate=-2000 uimp=-72745 upos=1065 uneg=1110 ball=15.76 vball=-153.29 aball=-258.7 bref=0.00 pid=-2000.0 pref=-300.0 ppos=-72.7 apid=-0.0 integ=-0.0 vision=1 current=1 vframe=677 vs=1 vage=28 vpage=28 vdt=21 vmax=175 vacc=676 vrej=0 seq=0 elapsed=0 oled=3C
[   3625] STATUS mode=3 fault=none enc=-141 denc=-12 sreq=-1874 sapplied=-1874 crate=-1874 uimp=-112610 upos=1065 uneg=1130 ball=12.26 vball=-129.31 aball=-258.7 bref=0.00 pid=-1873.9 pref=-300.0 ppos=-112.6 apid=-0.0 integ=-0.0 vision=1 current=1 vframe=678 vs=1 vage=14 vpage=14 vdt=34 vmax=175 vacc=677 vrej=0 seq=0 elapsed=0 oled=3C
[   3657] STATUS mode=3 fault=none enc=-220 denc=-8 sreq=-1243 sapplied=-1243 crate=-1243 uimp=-175680 upos=1065 uneg=1170 ball=12.26 vball=-129.31 aball=-258.7 bref=0.00 pid=-1243.2 pref=-300.0 ppos=-175.7 apid=-0.0 integ=-0.0 vision=1 current=1 vframe=678 vs=1 vage=54 vpage=54 vdt=34 vmax=175 vacc=677 vrej=0 seq=0 elapsed=0 oled=3C
[   3688] STATUS mode=3 fault=none enc=-249 denc=-7 sreq=-1013 sapplied=-1013 crate=-1013 uimp=-198740 upos=1065 uneg=1190 ball=12.26 vball=-129.31 aball=-258.7 bref=0.00 pid=-1012.6 pref=-300.0 ppos=-198.7 apid=-0.0 integ=-0.0 vision=1 current=1 vframe=678 vs=1 vage=74 vpage=74 vdt=34 vmax=175 vacc=677 vrej=0 seq=0 elapsed=0 oled=3C
[   3719] STATUS mode=3 fault=none enc=-292 denc=-5 sreq=-672 sapplied=-672 crate=-672 uimp=-232820 upos=1065 uneg=1230 ball=6.74 vball=-102.39 aball=-245.3 bref=0.00 pid=-671.8 pref=-300.0 ppos=-232.8 apid=-0.0 integ=-0.0 vision=1 current=1 vframe=679 vs=1 vage=19 vpage=19 vdt=95 vmax=175 vacc=678 vrej=0 seq=0 elapsed=0 oled=3C
[   3750] STATUS mode=3 fault=none enc=-308 denc=-4 sreq=-547 sapplied=-547 crate=-547 uimp=-245280 upos=1065 uneg=1250 ball=4.29 vball=-106.32 aball=-245.3 bref=0.00 pid=-547.2 pref=-300.0 ppos=-245.3 apid=-0.0 integ=-0.0 vision=1 current=1 vframe=680 vs=1 vage=17 vpage=17 vdt=22 vmax=175 vacc=679 vrej=0 seq=0 elapsed=0 oled=3C
[   3766] STATUS mode=3 fault=none enc=-321 denc=-3 sreq=-446 sapplied=-446 crate=-446 uimp=-255430 upos=1065 uneg=1270 ball=0.21 vball=-109.49 aball=-245.3 bref=0.00 pid=-445.7 pref=-300.0 ppos=-255.4 apid=-0.0 integ=-0.0 vision=1 current=1 vframe=681 vs=1 vage=3 vpage=3 vdt=34 vmax=175 vacc=680 vrej=0 seq=0 elapsed=0 oled=3C
[   3797] STATUS mode=3 fault=none enc=-341 denc=-2 sreq=-296 sapplied=-296 crate=-296 uimp=-270430 upos=1065 uneg=1310 ball=0.21 vball=-109.49 aball=-245.3 bref=0.00 pid=-295.7 pref=-300.0 ppos=-270.4 apid=-0.0 integ=-0.0 vision=1 current=1 vframe=681 vs=1 vage=43 vpage=43 vdt=34 vmax=175 vacc=680 vrej=0 seq=0 elapsed=0 oled=3C
[   3829] STATUS mode=3 fault=none enc=-347 denc=-1 sreq=-241 sapplied=-241 crate=-241 uimp=-275915 upos=1065 uneg=1330 ball=0.21 vball=-109.49 aball=-245.3 bref=0.00 pid=-240.8 pref=-300.0 ppos=-275.9 apid=-0.0 integ=-0.0 vision=1 current=1 vframe=681 vs=1 vage=63 vpage=63 vdt=34 vmax=175 vacc=680 vrej=0 seq=0 elapsed=0 oled=3C
[   3860] STATUS mode=3 fault=none enc=-358 denc=-1 sreq=-160 sapplied=-160 crate=-160 uimp=-284015 upos=1065 uneg=1370 ball=-3.08 vball=-77.95 aball=-62.1 bref=0.00 pid=-159.8 pref=-300.0 ppos=-284.0 apid=-0.0 integ=-0.0 vision=1 current=1 vframe=682 vs=1 vage=8 vpage=8 vdt=95 vmax=175 vacc=681 vrej=0 seq=0 elapsed=0 oled=3C
[   3875] STATUS mode=3 fault=none enc=-362 denc=-1 sreq=-130 sapplied=-130 crate=-130 uimp=-286980 upos=1065 uneg=1390 ball=-3.08 vball=-77.95 aball=-62.1 bref=0.00 pid=-130.2 pref=-300.0 ppos=-287.0 apid=-0.0 integ=-0.0 vision=1 current=1 vframe=682 vs=1 vage=28 vpage=28 vdt=95 vmax=175 vacc=681 vrej=0 seq=0 elapsed=0 oled=3C
[   3907] STATUS mode=3 fault=none enc=-366 denc=-2 sreq=83 sapplied=0 crate=83 uimp=-288835 upos=1065 uneg=1405 ball=-3.49 vball=-34.91 aball=-62.1 bref=0.00 pid=514.6 pref=-237.4 ppos=-288.8 apid=-0.0 integ=-0.0 vision=1 current=1 vframe=683 vs=1 vage=11 vpage=11 vdt=37 vmax=175 vacc=682 vrej=0 seq=0 elapsed=0 oled=3C
[   3938] STATUS mode=3 fault=none enc=-350 denc=2 sreq=385 sapplied=385 crate=385 uimp=-275830 upos=1100 uneg=1405 ball=-3.49 vball=-34.91 aball=-62.1 bref=0.00 pid=384.5 pref=-237.4 ppos=-275.8 apid=-0.0 integ=-0.0 vision=1 current=1 vframe=683 vs=1 vage=51 vpage=51 vdt=37 vmax=175 vacc=682 vrej=0 seq=0 elapsed=0 oled=3C
[   3969] STATUS mode=3 fault=none enc=-341 denc=2 sreq=313 sapplied=313 crate=313 uimp=-268695 upos=1120 uneg=1405 ball=-3.49 vball=-34.91 aball=-62.1 bref=0.00 pid=313.2 pref=-237.4 ppos=-268.7 apid=-0.0 integ=-0.0 vision=1 current=1 vframe=683 vs=1 vage=71 vpage=71 vdt=37 vmax=175 vacc=682 vrej=0 seq=0 elapsed=0 oled=3C
[   3985] STATUS mode=3 fault=none enc=-334 denc=1 sreq=255 sapplied=255 crate=255 uimp=-262885 upos=1140 uneg=1405 ball=-3.49 vball=-34.91 aball=-62.1 bref=0.00 pid=255.1 pref=-237.4 ppos=-262.9 apid=-0.0 integ=-0.0 vision=1 current=1 vframe=683 vs=1 vage=91 vpage=91 vdt=37 vmax=175 vacc=682 vrej=0 seq=0 elapsed=0 oled=3C
[   4016] STATUS mode=3 fault=none enc=-310 denc=5 sreq=830 sapplied=830 crate=830 uimp=-246000 upos=1180 uneg=1405 ball=-3.64 vball=-13.18 aball=164.3 bref=0.00 pid=1378.0 pref=-108.2 ppos=-246.0 apid=0.0 integ=-0.0 vision=1 current=1 vframe=685 vs=1 vage=24 vpage=24 vdt=6 vmax=175 vacc=684 vrej=0 seq=0 elapsed=0 oled=3C
[   4047] STATUS mode=3 fault=none enc=-284 denc=8 sreq=1230 sapplied=1230 crate=1230 uimp=-226400 upos=1200 uneg=1405 ball=-0.80 vball=55.41 aball=164.3 bref=0.00 pid=2000.0 pref=300.0 ppos=-226.4 apid=0.0 integ=-0.0 vision=1 current=1 vframe=686 vs=1 vage=18 vpage=18 vdt=26 vmax=175 vacc=685 vrej=0 seq=0 elapsed=0 oled=3C
[   4079] STATUS mode=3 fault=none enc=-203 denc=13 sreq=2000 sapplied=2000 crate=2000 uimp=-163200 upos=1240 uneg=1405 ball=0.94 vball=53.90 aball=164.3 bref=0.00 pid=2000.0 pref=300.0 ppos=-163.2 apid=0.0 integ=-0.0 vision=1 current=1 vframe=687 vs=1 vage=25 vpage=25 vdt=33 vmax=175 vacc=686 vrej=0 seq=0 elapsed=0 oled=3C
[   4110] STATUS mode=3 fault=none enc=-152 denc=13 sreq=2000 sapplied=2000 crate=2000 uimp=-123200 upos=1260 uneg=1405 ball=0.94 vball=53.90 aball=164.3 bref=0.00 pid=2000.0 pref=300.0 ppos=-123.2 apid=0.0 integ=-0.0 vision=1 current=1 vframe=687 vs=1 vage=45 vpage=45 vdt=33 vmax=175 vacc=686 vrej=0 seq=0 elapsed=0 oled=3C
[   4125] STATUS mode=3 fault=none enc=-103 denc=12 sreq=2000 sapplied=2000 crate=2000 uimp=-83200 upos=1280 uneg=1405 ball=0.94 vball=53.90 aball=164.3 bref=0.00 pid=2000.0 pref=300.0 ppos=-83.2 apid=0.0 integ=-0.0 vision=1 current=1 vframe=687 vs=1 vage=65 vpage=65 vdt=33 vmax=175 vacc=686 vrej=0 seq=0 elapsed=0 oled=3C
[   4157] STATUS mode=3 fault=none enc=-2 denc=14 sreq=2000 sapplied=2000 crate=2000 uimp=-3200 upos=1320 uneg=1405 ball=3.20 vball=44.48 aball=270.3 bref=0.00 pid=2000.0 pref=292.5 ppos=-3.2 apid=0.0 integ=-0.0 vision=1 current=1 vframe=688 vs=1 vage=16 vpage=16 vdt=89 vmax=175 vacc=687 vrej=0 seq=0 elapsed=0 oled=3C
[   4188] STATUS mode=3 fault=none enc=50 denc=14 sreq=2000 sapplied=2000 crate=2000 uimp=36800 upos=1340 uneg=1405 ball=9.22 vball=142.58 aball=270.3 bref=0.00 pid=2000.0 pref=300.0 ppos=36.8 apid=0.0 integ=-0.0 vision=1 current=1 vframe=689 vs=1 vage=8 vpage=8 vdt=28 vmax=175 vacc=688 vrej=0 seq=0 elapsed=0 oled=3C
[   4204] STATUS mode=3 fault=none enc=101 denc=13 sreq=2000 sapplied=2000 crate=2000 uimp=76800 upos=1360 uneg=1405 ball=9.22 vball=142.58 aball=270.3 bref=0.00 pid=2000.0 pref=300.0 ppos=76.8 apid=0.0 integ=-0.0 vision=1 current=1 vframe=689 vs=1 vage=28 vpage=28 vdt=28 vmax=175 vacc=688 vrej=0 seq=0 elapsed=0 oled=3C
[   4235] STATUS mode=3 fault=none enc=195 denc=11 sreq=1495 sapplied=1495 crate=1495 uimp=150505 upos=1400 uneg=1405 ball=11.91 vball=113.94 aball=270.3 bref=0.00 pid=1495.0 pref=300.0 ppos=150.5 apid=0.0 integ=-0.0 vision=1 current=1 vframe=690 vs=1 vage=35 vpage=35 vdt=33 vmax=175 vacc=689 vrej=0 seq=0 elapsed=0 oled=3C
[   4266] STATUS mode=3 fault=none enc=229 denc=8 sreq=1218 sapplied=1218 crate=1218 uimp=178235 upos=1420 uneg=1405 ball=11.91 vball=113.94 aball=270.3 bref=0.00 pid=1217.7 pref=300.0 ppos=178.2 apid=0.0 integ=-0.0 vision=1 current=1 vframe=690 vs=1 vage=55 vpage=55 vdt=33 vmax=175 vacc=689 vrej=0 seq=0 elapsed=0 oled=3C
[   4297] STATUS mode=3 fault=none enc=281 denc=5 sreq=808 sapplied=808 crate=808 uimp=200825 upos=1440 uneg=1405 ball=11.91 vball=113.94 aball=270.3 bref=0.00 pid=991.8 pref=300.0 ppos=200.8 apid=0.0 integ=-0.0 vision=1 current=1 vframe=690 vs=1 vage=75 vpage=75 vdt=33 vmax=175 vacc=689 vrej=0 seq=0 elapsed=0 oled=3C
[   4313] STATUS mode=3 fault=none enc=300 denc=4 sreq=658 sapplied=658 crate=658 uimp=234205 upos=1480 uneg=1405 ball=15.93 vball=83.01 aball=262.0 bref=0.00 pid=658.0 pref=300.0 ppos=234.2 apid=0.0 integ=-0.0 vision=1 current=1 vframe=691 vs=1 vage=23 vpage=23 vdt=92 vmax=175 vacc=690 vrej=0 seq=0 elapsed=0 oled=3C
[   4344] STATUS mode=3 fault=none enc=314 denc=3 sreq=536 sapplied=536 crate=536 uimp=246410 upos=1500 uneg=1405 ball=18.91 vball=94.38 aball=262.0 bref=0.00 pid=535.9 pref=300.0 ppos=246.4 apid=0.0 integ=-0.0 vision=1 current=1 vframe=692 vs=1 vage=18 vpage=18 vdt=25 vmax=175 vacc=691 vrej=0 seq=0 elapsed=0 oled=3C
[   4375] STATUS mode=3 fault=none enc=337 denc=2 sreq=356 sapplied=356 crate=356 uimp=264450 upos=1540 uneg=1405 ball=23.37 vball=112.71 aball=262.0 bref=0.00 pid=355.5 pref=300.0 ppos=264.4 apid=0.0 integ=-0.0 vision=1 current=1 vframe=693 vs=1 vage=25 vpage=25 vdt=33 vmax=175 vacc=692 vrej=0 seq=0 elapsed=0 oled=3C
[   4407] STATUS mode=3 fault=none enc=345 denc=1 sreq=290 sapplied=290 crate=290 uimp=271050 upos=1560 uneg=1405 ball=23.37 vball=112.71 aball=262.0 bref=0.00 pid=289.5 pref=300.0 ppos=271.0 apid=0.0 integ=-0.0 vision=1 current=1 vframe=693 vs=1 vage=45 vpage=45 vdt=33 vmax=175 vacc=692 vrej=0 seq=0 elapsed=0 oled=3C
[   4422] STATUS mode=3 fault=none enc=352 denc=2 sreq=236 sapplied=236 crate=236 uimp=276420 upos=1580 uneg=1405 ball=23.37 vball=112.71 aball=262.0 bref=0.00 pid=235.8 pref=300.0 ppos=276.4 apid=0.0 integ=-0.0 vision=1 current=1 vframe=693 vs=1 vage=65 vpage=65 vdt=33 vmax=175 vacc=692 vrej=0 seq=0 elapsed=0 oled=3C
[   4454] STATUS mode=3 fault=none enc=361 denc=1 sreq=156 sapplied=156 crate=156 uimp=284355 upos=1620 uneg=1405 ball=26.94 vball=79.70 aball=134.0 bref=0.00 pid=156.5 pref=300.0 ppos=284.4 apid=0.0 integ=-0.0 vision=1 current=1 vframe=694 vs=1 vage=16 vpage=16 vdt=89 vmax=175 vacc=693 vrej=0 seq=0 elapsed=0 oled=3C
[   4485] STATUS mode=3 fault=none enc=364 denc=0 sreq=127 sapplied=127 crate=127 uimp=287255 upos=1640 uneg=1405 ball=28.86 vball=74.30 aball=134.0 bref=0.00 pid=127.5 pref=300.0 ppos=287.3 apid=0.0 integ=-0.0 vision=1 current=1 vframe=695 vs=1 vage=4 vpage=4 vdt=32 vmax=175 vacc=694 vrej=0 seq=0 elapsed=0 oled=3C
[   4500] STATUS mode=3 fault=none enc=367 denc=1 sreq=104 sapplied=104 crate=104 uimp=289615 upos=1660 uneg=1405 ball=28.86 vball=74.30 aball=134.0 bref=0.00 pid=103.9 pref=300.0 ppos=289.6 apid=0.0 integ=-0.0 vision=1 current=1 vframe=695 vs=1 vage=24 vpage=24 vdt=32 vmax=175 vacc=694 vrej=0 seq=0 elapsed=0 oled=3C
[   4532] STATUS mode=3 fault=none enc=372 denc=0 sreq=69 sapplied=69 crate=69 uimp=293115 upos=1700 uneg=1405 ball=30.36 vball=60.91 aball=134.0 bref=0.00 pid=68.9 pref=300.0 ppos=293.1 apid=0.0 integ=-0.0 vision=1 current=1 vframe=696 vs=1 vage=23 vpage=23 vdt=41 vmax=175 vacc=695 vrej=0 seq=0 elapsed=0 oled=3C
[   4563] STATUS mode=3 fault=none enc=373 denc=1 sreq=56 sapplied=56 crate=56 uimp=294390 upos=1720 uneg=1405 ball=30.36 vball=60.91 aball=134.0 bref=0.00 pid=56.1 pref=300.0 ppos=294.4 apid=0.0 integ=-0.0 vision=1 current=1 vframe=696 vs=1 vage=43 vpage=43 vdt=41 vmax=175 vacc=695 vrej=0 seq=0 elapsed=0 oled=3C
[   4594] STATUS mode=3 fault=none enc=374 denc=0 sreq=46 sapplied=46 crate=46 uimp=295430 upos=1740 uneg=1405 ball=30.36 vball=60.91 aball=134.0 bref=0.00 pid=45.7 pref=300.0 ppos=295.4 apid=0.0 integ=-0.0 vision=1 current=1 vframe=696 vs=1 vage=63 vpage=63 vdt=41 vmax=175 vacc=695 vrej=0 seq=0 elapsed=0 oled=3C
[   4610] STATUS mode=3 fault=none enc=375 denc=0 sreq=30 sapplied=30 crate=30 uimp=296965 upos=1780 uneg=1405 ball=30.36 vball=60.91 aball=134.0 bref=0.00 pid=30.4 pref=300.0 ppos=297.0 apid=0.0 integ=-0.0 vision=1 current=1 vframe=696 vs=1 vage=103 vpage=103 vdt=41 vmax=175 vacc=695 vrej=0 seq=0 elapsed=0 oled=3C
[   4641] STATUS mode=3 fault=none enc=377 denc=1 sreq=25 sapplied=25 crate=25 uimp=297525 upos=1800 uneg=1405 ball=30.36 vball=60.91 aball=134.0 bref=0.00 pid=24.8 pref=300.0 ppos=297.5 apid=0.0 integ=-0.0 vision=1 current=1 vframe=696 vs=1 vage=123 vpage=123 vdt=41 vmax=175 vacc=695 vrej=0 seq=0 elapsed=0 oled=3C
[   4672] STATUS mode=3 fault=none enc=376 denc=0 sreq=20 sapplied=20 crate=20 uimp=297985 upos=1820 uneg=1405 ball=30.36 vball=60.91 aball=134.0 bref=0.00 pid=20.2 pref=300.0 ppos=298.0 apid=0.0 integ=-0.0 vision=1 current=1 vframe=696 vs=1 vage=143 vpage=143 vdt=41 vmax=175 vacc=695 vrej=0 seq=0 elapsed=0 oled=3C
[   4688] STATUS mode=3 fault=none enc=377 denc=0 sreq=-181 sapplied=-181 crate=-181 uimp=298085 upos=1825 uneg=1405 ball=26.41 vball=-78.09 aball=-11.4 bref=0.00 pid=-2000.0 pref=-257.3 ppos=298.1 apid=-0.0 integ=-0.0 vision=1 current=1 vframe=698 vs=1 vage=11 vpage=11 vdt=25 vmax=175 vacc=697 vrej=0 seq=0 elapsed=0 oled=3C
[   4719] STATUS mode=3 fault=none enc=371 denc=-2 sreq=-581 sapplied=-581 crate=-581 uimp=291465 upos=1825 uneg=1425 ball=26.41 vball=-78.09 aball=-11.4 bref=0.00 pid=-2000.0 pref=-257.3 ppos=291.5 apid=-0.0 integ=-0.0 vision=1 current=1 vframe=698 vs=1 vage=31 vpage=31 vdt=25 vmax=175 vacc=697 vrej=0 seq=0 elapsed=0 oled=3C
[   4750] STATUS mode=3 fault=none enc=352 denc=-5 sreq=-981 sapplied=-981 crate=-981 uimp=276845 upos=1825 uneg=1445 ball=24.45 vball=-68.50 aball=-11.4 bref=0.00 pid=-2000.0 pref=-215.4 ppos=276.8 apid=-0.0 integ=-0.0 vision=1 current=1 vframe=699 vs=1 vage=18 vpage=18 vdt=33 vmax=175 vacc=698 vrej=0 seq=0 elapsed=0 oled=3C
[   4782] STATUS mode=3 fault=none enc=285 denc=-10 sreq=-1781 sapplied=-1781 crate=-1781 uimp=223605 upos=1825 uneg=1485 ball=24.45 vball=-68.50 aball=-11.4 bref=0.00 pid=-2000.0 pref=-215.4 ppos=223.6 apid=-0.0 integ=-0.0 vision=1 current=1 vframe=699 vs=1 vage=58 vpage=58 vdt=33 vmax=175 vacc=698 vrej=0 seq=0 elapsed=0 oled=3C
[   4813] STATUS mode=3 fault=none enc=236 denc=-13 sreq=-2000 sapplied=-2000 crate=-2000 uimp=185390 upos=1825 uneg=1505 ball=24.45 vball=-68.50 aball=-11.4 bref=0.00 pid=-2000.0 pref=-215.4 ppos=185.4 apid=-0.0 integ=-0.0 vision=1 current=1 vframe=699 vs=1 vage=78 vpage=78 vdt=33 vmax=175 vacc=698 vrej=0 seq=0 elapsed=0 oled=3C
[   4829] STATUS mode=3 fault=none enc=135 denc=-11 sreq=-2000 sapplied=-2000 crate=-2000 uimp=105390 upos=1825 uneg=1545 ball=20.78 vball=-56.39 aball=-267.2 bref=0.00 pid=-2000.0 pref=-172.1 ppos=105.4 apid=-0.0 integ=-0.0 vision=1 current=1 vframe=700 vs=1 vage=13 vpage=13 vdt=105 vmax=175 vacc=699 vrej=0 seq=0 elapsed=0 oled=3C
[   4860] STATUS mode=3 fault=none enc=83 denc=-13 sreq=-2000 sapplied=-2000 crate=-2000 uimp=65390 upos=1825 uneg=1565 ball=13.94 vball=-149.22 aball=-267.2 bref=0.00 pid=-2000.0 pref=-300.0 ppos=65.4 apid=-0.0 integ=-0.0 vision=1 current=1 vframe=701 vs=1 vage=3 vpage=3 vdt=30 vmax=175 vacc=700 vrej=0 seq=0 elapsed=0 oled=3C
[   4891] STATUS mode=3 fault=none enc=32 denc=-13 sreq=-2000 sapplied=-2000 crate=-2000 uimp=25390 upos=1825 uneg=1585 ball=13.94 vball=-149.22 aball=-267.2 bref=0.00 pid=-2000.0 pref=-300.0 ppos=25.4 apid=-0.0 integ=-0.0 vision=1 current=1 vframe=701 vs=1 vage=23 vpage=23 vdt=30 vmax=175 vacc=700 vrej=0 seq=0 elapsed=0 oled=3C
[   4922] STATUS mode=3 fault=none enc=-69 denc=-12 sreq=-2000 sapplied=-2000 crate=-2000 uimp=-54610 upos=1825 uneg=1625 ball=10.33 vball=-130.91 aball=-267.2 bref=0.00 pid=-2000.0 pref=-300.0 ppos=-54.6 apid=-0.0 integ=-0.0 vision=1 current=1 vframe=702 vs=1 vage=31 vpage=31 vdt=32 vmax=175 vacc=701 vrej=0 seq=0 elapsed=0 oled=3C
[   4954] STATUS mode=3 fault=none enc=-120 denc=-13 sreq=-2000 sapplied=-2000 crate=-2000 uimp=-94610 upos=1825 uneg=1645 ball=10.33 vball=-130.91 aball=-267.2 bref=0.00 pid=-2000.0 pref=-300.0 ppos=-94.6 apid=-0.0 integ=-0.0 vision=1 current=1 vframe=702 vs=1 vage=51 vpage=51 vdt=32 vmax=175 vacc=701 vrej=0 seq=0 elapsed=0 oled=3C
[   4969] STATUS mode=3 fault=none enc=-206 denc=-9 sreq=-1365 sapplied=-1365 crate=-1365 uimp=-163545 upos=1825 uneg=1685 ball=5.64 vball=-98.76 aball=-274.1 bref=0.00 pid=-1364.5 pref=-300.0 ppos=-163.5 apid=-0.0 integ=-0.0 vision=1 current=1 vframe=703 vs=1 vage=3 vpage=3 vdt=88 vmax=175 vacc=702 vrej=0 seq=0 elapsed=0 oled=3C
[   5000] STATUS mode=3 fault=none enc=-237 denc=-7 sreq=-1111 sapplied=-1111 crate=-1111 uimp=-188855 upos=1825 uneg=1705 ball=5.64 vball=-98.76 aball=-274.1 bref=0.00 pid=-1111.4 pref=-300.0 ppos=-188.9 apid=-0.0 integ=-0.0 vision=1 current=1 vframe=703 vs=1 vage=23 vpage=23 vdt=88 vmax=175 vacc=702 vrej=0 seq=0 elapsed=0 oled=3C
[   5032] STATUS mode=3 fault=none enc=-263 denc=-6 sreq=-905 sapplied=-905 crate=-905 uimp=-209470 upos=1825 uneg=1725 ball=-0.25 vball=-160.08 aball=-274.1 bref=0.00 pid=-905.3 pref=-300.0 ppos=-209.5 apid=-0.0 integ=-0.0 vision=1 current=1 vframe=704 vs=1 vage=15 vpage=15 vdt=28 vmax=175 vacc=703 vrej=0 seq=0 elapsed=0 oled=3C
[   5063] STATUS mode=3 fault=none enc=-302 denc=-4 sreq=-601 sapplied=-601 crate=-601 uimp=-239935 upos=1825 uneg=1765 ball=-0.25 vball=-160.08 aball=-274.1 bref=0.00 pid=-600.6 pref=-300.0 ppos=-239.9 apid=-0.0 integ=-0.0 vision=1 current=0 vframe=705 vs=0 vage=55 vpage=22 vdt=28 vmax=175 vacc=703 vrej=0 seq=0 elapsed=0 oled=3C
[   5094] STATUS mode=3 fault=none enc=-317 denc=-4 sreq=-489 sapplied=-489 crate=-489 uimp=-251080 upos=1825 uneg=1785 ball=-0.25 vball=-160.08 aball=-274.1 bref=0.00 pid=-489.2 pref=-300.0 ppos=-251.1 apid=-0.0 integ=-0.0 vision=1 current=0 vframe=705 vs=0 vage=75 vpage=42 vdt=28 vmax=175 vacc=703 vrej=0 seq=0 elapsed=0 oled=3C
[   5110] STATUS mode=3 fault=none enc=-339 denc=-3 sreq=-325 sapplied=-325 crate=-325 uimp=-267545 upos=1825 uneg=1825 ball=-0.25 vball=-160.08 aball=-274.1 bref=0.00 pid=-324.5 pref=-300.0 ppos=-267.5 apid=-0.0 integ=-0.0 vision=1 current=0 vframe=705 vs=0 vage=115 vpage=82 vdt=28 vmax=175 vacc=703 vrej=0 seq=0 elapsed=0 oled=3C
[   5141] STATUS mode=3 fault=none enc=-346 denc=-1 sreq=-264 sapplied=-264 crate=-264 uimp=-273565 upos=1825 uneg=1845 ball=-7.11 vball=-98.57 aball=-150.2 bref=0.00 pid=-264.3 pref=-300.0 ppos=-273.6 apid=-0.0 integ=-0.0 vision=1 current=1 vframe=706 vs=1 vage=10 vpage=10 vdt=125 vmax=175 vacc=704 vrej=0 seq=0 elapsed=0 oled=3C
[   5172] STATUS mode=3 fault=none enc=-353 denc=-2 sreq=-215 sapplied=-215 crate=-215 uimp=-278470 upos=1825 uneg=1865 ball=-9.32 vball=-99.23 aball=-150.2 bref=0.00 pid=-215.3 pref=-300.0 ppos=-278.5 apid=-0.0 integ=-0.0 vision=1 current=1 vframe=707 vs=1 vage=5 vpage=5 vdt=25 vmax=175 vacc=705 vrej=0 seq=0 elapsed=0 oled=3C
[   5204] STATUS mode=3 fault=none enc=-362 denc=-2 sreq=-143 sapplied=-143 crate=-143 uimp=-285715 upos=1825 uneg=1905 ball=-9.98 vball=-60.15 aball=-150.2 bref=0.00 pid=-142.8 pref=-300.0 ppos=-285.7 apid=-0.0 integ=-0.0 vision=1 current=1 vframe=708 vs=1 vage=12 vpage=12 vdt=33 vmax=175 vacc=706 vrej=0 seq=0 elapsed=0 oled=3C
[   5235] STATUS mode=3 fault=none enc=-365 denc=-1 sreq=-116 sapplied=-116 crate=-116 uimp=-288365 upos=1825 uneg=1925 ball=-9.98 vball=-60.15 aball=-150.2 bref=0.00 pid=-116.3 pref=-300.0 ppos=-288.4 apid=-0.0 integ=-0.0 vision=1 current=1 vframe=708 vs=1 vage=32 vpage=32 vdt=33 vmax=175 vacc=706 vrej=0 seq=0 elapsed=0 oled=3C
[   5250] STATUS mode=3 fault=none enc=-370 denc=-1 sreq=-77 sapplied=-77 crate=-77 uimp=-292280 upos=1825 uneg=1965 ball=-9.98 vball=-60.15 aball=-150.2 bref=0.00 pid=-77.2 pref=-300.0 ppos=-292.3 apid=-0.0 integ=-0.0 vision=1 current=1 vframe=708 vs=1 vage=72 vpage=72 vdt=33 vmax=175 vacc=706 vrej=0 seq=0 elapsed=0 oled=3C
[   5282] STATUS mode=3 fault=none enc=-373 denc=-2 sreq=-63 sapplied=-63 crate=-63 uimp=-293710 upos=1825 uneg=1985 ball=-11.32 vball=-39.93 aball=-150.2 bref=0.00 pid=-62.9 pref=-300.0 ppos=-293.7 apid=-0.0 integ=-0.0 vision=1 current=1 vframe=709 vs=1 vage=1 vpage=1 vdt=91 vmax=175 vacc=707 vrej=0 seq=0 elapsed=0 oled=3C
[   5313] STATUS mode=3 fault=none enc=-373 denc=-1 sreq=-51 sapplied=-51 crate=-51 uimp=-294880 upos=1825 uneg=2005 ball=-11.32 vball=-39.93 aball=94.5 bref=0.00 pid=-51.2 pref=-300.0 ppos=-294.9 apid=0.0 integ=-0.0 vision=1 current=1 vframe=709 vs=1 vage=21 vpage=21 vdt=91 vmax=175 vacc=707 vrej=0 seq=0 elapsed=0 oled=3C
[   5344] STATUS mode=3 fault=none enc=-364 denc=4 sreq=651 sapplied=651 crate=651 uimp=-286605 upos=1850 uneg=2015 ball=-7.97 vball=31.83 aball=94.5 bref=0.00 pid=2000.0 pref=4.8 ppos=-286.6 apid=0.0 integ=-0.0 vision=1 current=1 vframe=711 vs=1 vage=1 vpage=1 vdt=34 vmax=175 vacc=709 vrej=0 seq=0 elapsed=0 oled=3C
[   5360] STATUS mode=3 fault=none enc=-343 denc=6 sreq=1051 sapplied=1051 crate=1051 uimp=-270585 upos=1870 uneg=2015 ball=-7.97 vball=31.83 aball=94.5 bref=0.00 pid=2000.0 pref=127.2 ppos=-270.6 apid=0.0 integ=-0.0 vision=1 current=1 vframe=711 vs=1 vage=21 vpage=21 vdt=34 vmax=175 vacc=709 vrej=0 seq=0 elapsed=0 oled=3C
[   5391] STATUS mode=3 fault=none enc=-311 denc=9 sreq=1451 sapplied=1451 crate=1451 uimp=-246565 upos=1890 uneg=2015 ball=-7.97 vball=31.83 aball=94.5 bref=0.00 pid=2000.0 pref=127.2 ppos=-246.6 apid=0.0 integ=-0.0 vision=1 current=1 vframe=711 vs=1 vage=41 vpage=41 vdt=34 vmax=175 vacc=709 vrej=0 seq=0 elapsed=0 oled=3C
[   5422] STATUS mode=3 fault=none enc=-220 denc=12 sreq=2000 sapplied=2000 crate=2000 uimp=-175535 upos=1930 uneg=2015 ball=-7.97 vball=31.83 aball=94.5 bref=0.00 pid=2000.0 pref=127.2 ppos=-175.5 apid=0.0 integ=-0.0 vision=1 current=1 vframe=711 vs=1 vage=81 vpage=81 vdt=34 vmax=175 vacc=709 vrej=0 seq=0 elapsed=0 oled=3C
[   5454] STATUS mode=3 fault=none enc=-169 denc=13 sreq=2000 sapplied=2000 crate=2000 uimp=-135535 upos=1950 uneg=2015 ball=-5.65 vball=33.18 aball=271.3 bref=0.00 pid=2000.0 pref=153.9 ppos=-135.5 apid=0.0 integ=-0.0 vision=1 current=1 vframe=712 vs=1 vage=11 vpage=11 vdt=90 vmax=175 vacc=710 vrej=0 seq=0 elapsed=0 oled=3C
[   5469] STATUS mode=3 fault=none enc=-68 denc=13 sreq=2000 sapplied=2000 crate=2000 uimp=-55535 upos=1990 uneg=2015 ball=-2.48 vball=59.14 aball=271.3 bref=0.00 pid=2000.0 pref=300.0 ppos=-55.5 apid=0.0 integ=-0.0 vision=1 current=1 vframe=713 vs=1 vage=24 vpage=24 vdt=27 vmax=175 vacc=711 vrej=0 seq=0 elapsed=0 oled=3C
[   5500] STATUS mode=3 fault=none enc=-19 denc=12 sreq=2000 sapplied=2000 crate=2000 uimp=-15535 upos=2010 uneg=2015 ball=1.20 vball=73.72 aball=271.3 bref=0.00 pid=2000.0 pref=300.0 ppos=-15.5 apid=0.0 integ=-0.0 vision=1 current=1 vframe=714 vs=1 vage=11 vpage=11 vdt=33 vmax=175 vacc=712 vrej=0 seq=0 elapsed=0 oled=3C
[   5532] STATUS mode=3 fault=none enc=33 denc=13 sreq=2000 sapplied=2000 crate=2000 uimp=24465 upos=2030 uneg=2015 ball=1.20 vball=73.72 aball=271.3 bref=0.00 pid=2000.0 pref=300.0 ppos=24.5 apid=0.0 integ=-0.0 vision=1 current=1 vframe=714 vs=1 vage=31 vpage=31 vdt=33 vmax=175 vacc=712 vrej=0 seq=0 elapsed=0 oled=3C
[   5563] STATUS mode=3 fault=none enc=136 denc=14 sreq=1955 sapplied=1955 crate=1955 uimp=104465 upos=2070 uneg=2015 ball=1.20 vball=73.72 aball=271.3 bref=0.00 pid=1955.3 pref=300.0 ppos=104.5 apid=0.0 integ=-0.0 vision=1 current=1 vframe=714 vs=1 vage=71 vpage=71 vdt=33 vmax=175 vacc=712 vrej=0 seq=0 elapsed=0 oled=3C
[   5579] STATUS mode=3 fault=none enc=181 denc=10 sreq=1593 sapplied=1593 crate=1593 uimp=140735 upos=2090 uneg=2015 ball=1.20 vball=73.72 aball=271.3 bref=0.00 pid=1592.6 pref=300.0 ppos=140.7 apid=0.0 integ=-0.0 vision=1 current=1 vframe=714 vs=1 vage=91 vpage=91 vdt=33 vmax=175 vacc=712 vrej=0 seq=0 elapsed=0 oled=3C
[   5610] STATUS mode=3 fault=none enc=219 denc=9 sreq=1297 sapplied=1297 crate=1297 uimp=170275 upos=2110 uneg=2015 ball=6.92 vball=78.27 aball=282.7 bref=0.00 pid=1297.2 pref=300.0 ppos=170.3 apid=0.0 integ=-0.0 vision=1 current=1 vframe=715 vs=1 vage=19 vpage=19 vdt=92 vmax=175 vacc=713 vrej=0 seq=0 elapsed=0 oled=3C
[   5641] STATUS mode=3 fault=none enc=274 denc=6 sreq=861 sapplied=861 crate=861 uimp=213940 upos=2150 uneg=2015 ball=14.54 vball=195.09 aball=282.7 bref=0.00 pid=860.6 pref=300.0 ppos=213.9 apid=0.0 integ=-0.0 vision=1 current=1 vframe=716 vs=1 vage=34 vpage=34 vdt=25 vmax=175 vacc=714 vrej=0 seq=0 elapsed=0 oled=3C
[   5672] STATUS mode=3 fault=none enc=294 denc=6 sreq=701 sapplied=701 crate=701 uimp=229910 upos=2170 uneg=2015 ball=17.37 vball=138.15 aball=282.7 bref=0.00 pid=700.9 pref=300.0 ppos=229.9 apid=0.0 integ=-0.0 vision=1 current=1 vframe=717 vs=1 vage=20 vpage=20 vdt=34 vmax=175 vacc=715 vrej=0 seq=0 elapsed=0 oled=3C
[   5688] STATUS mode=3 fault=none enc=309 denc=3 sreq=571 sapplied=571 crate=571 uimp=242915 upos=2190 uneg=2015 ball=17.37 vball=138.15 aball=282.7 bref=0.00 pid=570.8 pref=300.0 ppos=242.9 apid=0.0 integ=-0.0 vision=1 current=1 vframe=717 vs=1 vage=40 vpage=40 vdt=34 vmax=175 vacc=715 vrej=0 seq=0 elapsed=0 oled=3C
[   5719] STATUS mode=3 fault=none enc=334 denc=3 sreq=379 sapplied=379 crate=379 uimp=262130 upos=2230 uneg=2015 ball=17.37 vball=138.15 aball=282.7 bref=0.00 pid=378.7 pref=300.0 ppos=262.1 apid=0.0 integ=-0.0 vision=1 current=1 vframe=717 vs=1 vage=80 vpage=80 vdt=34 vmax=175 vacc=715 vrej=0 seq=0 elapsed=0 oled=3C
[   5750] STATUS mode=3 fault=none enc=342 denc=2 sreq=308 sapplied=308 crate=308 uimp=269160 upos=2250 uneg=2015 ball=23.05 vball=105.24 aball=235.3 bref=0.00 pid=308.4 pref=300.0 ppos=269.2 apid=0.0 integ=-0.0 vision=1 current=1 vframe=718 vs=1 vage=7 vpage=7 vdt=93 vmax=175 vacc=716 vrej=0 seq=0 elapsed=0 oled=3C
[   5766] STATUS mode=3 fault=none enc=355 denc=2 sreq=205 sapplied=205 crate=205 uimp=279535 upos=2290 uneg=2015 ball=24.97 vball=100.24 aball=235.3 bref=0.00 pid=251.2 pref=300.0 ppos=274.9 apid=0.0 integ=-0.0 vision=1 current=1 vframe=718 vs=1 vage=27 vpage=27 vdt=93 vmax=175 vacc=716 vrej=0 seq=0 elapsed=0 oled=3C
[   5797] STATUS mode=3 fault=none enc=359 denc=1 sreq=167 sapplied=167 crate=167 uimp=283330 upos=2310 uneg=2015 ball=28.57 vball=106.67 aball=235.3 bref=0.00 pid=166.7 pref=300.0 ppos=283.3 apid=0.0 integ=-0.0 vision=1 current=1 vframe=720 vs=1 vage=11 vpage=11 vdt=23 vmax=175 vacc=718 vrej=0 seq=0 elapsed=0 oled=3C
[   5829] STATUS mode=3 fault=none enc=364 denc=2 sreq=136 sapplied=136 crate=136 uimp=286420 upos=2330 uneg=2015 ball=28.57 vball=106.67 aball=235.3 bref=0.00 pid=135.8 pref=300.0 ppos=286.4 apid=0.0 integ=-0.0 vision=1 current=1 vframe=720 vs=1 vage=31 vpage=31 vdt=23 vmax=175 vacc=718 vrej=0 seq=0 elapsed=0 oled=3C
[   5860] STATUS mode=3 fault=none enc=367 denc=-1 sreq=90 sapplied=90 crate=90 uimp=290995 upos=2370 uneg=2015 ball=28.57 vball=106.67 aball=235.3 bref=0.00 pid=90.0 pref=300.0 ppos=291.0 apid=0.0 integ=-0.0 vision=1 current=1 vframe=720 vs=1 vage=71 vpage=71 vdt=23 vmax=175 vacc=718 vrej=0 seq=0 elapsed=0 oled=3C
[   5875] STATUS mode=3 fault=none enc=371 denc=1 sreq=73 sapplied=73 crate=73 uimp=292665 upos=2390 uneg=2015 ball=28.57 vball=106.67 aball=235.3 bref=0.00 pid=73.3 pref=300.0 ppos=292.7 apid=0.0 integ=-0.0 vision=1 current=1 vframe=720 vs=1 vage=91 vpage=91 vdt=23 vmax=175 vacc=718 vrej=0 seq=0 elapsed=0 oled=3C
[   5907] STATUS mode=3 fault=none enc=372 denc=0 sreq=60 sapplied=60 crate=60 uimp=294025 upos=2410 uneg=2015 ball=32.68 vball=81.88 aball=59.4 bref=0.00 pid=59.7 pref=300.0 ppos=294.0 apid=0.0 integ=-0.0 vision=1 current=1 vframe=721 vs=1 vage=17 vpage=17 vdt=94 vmax=175 vacc=719 vrej=0 seq=0 elapsed=0 oled=3C
[   5938] STATUS mode=3 fault=none enc=374 denc=0 sreq=40 sapplied=40 crate=40 uimp=296040 upos=2450 uneg=2015 ball=32.64 vball=21.54 aball=59.4 bref=0.00 pid=39.6 pref=300.0 ppos=296.0 apid=0.0 integ=-0.0 vision=1 current=1 vframe=729 vs=1 vage=1 vpage=1 vdt=32 vmax=175 vacc=727 vrej=0 seq=0 elapsed=0 oled=3C
[   5954] STATUS mode=3 fault=none enc=375 denc=1 sreq=32 sapplied=32 crate=32 uimp=296780 upos=2470 uneg=2015 ball=32.64 vball=21.54 aball=59.4 bref=0.00 pid=32.2 pref=300.0 ppos=296.8 apid=0.0 integ=-0.0 vision=1 current=1 vframe=729 vs=1 vage=21 vpage=21 vdt=32 vmax=175 vacc=727 vrej=0 seq=0 elapsed=0 oled=3C
[   5985] STATUS mode=3 fault=none enc=375 denc=0 sreq=26 sapplied=26 crate=26 uimp=297380 upos=2490 uneg=2015 ball=32.64 vball=21.54 aball=59.4 bref=0.00 pid=26.2 pref=300.0 ppos=297.4 apid=0.0 integ=-0.0 vision=1 current=1 vframe=729 vs=1 vage=41 vpage=41 vdt=32 vmax=175 vacc=727 vrej=0 seq=0 elapsed=0 oled=3C
[   6016] STATUS mode=3 fault=none enc=376 denc=0 sreq=0 sapplied=0 crate=19 uimp=298070 upos=2520 uneg=2015 ball=32.64 vball=21.54 aball=59.4 bref=0.00 pid=19.3 pref=300.0 ppos=298.1 apid=0.0 integ=-0.0 vision=1 current=1 vframe=e=729 vs=1 vage=61 vpage=61 vdt=32 vmax=175 vacc=727 vrej=0 seq=0 elapsed=0 oled=3C
[   6032] STATUS mode=3 fault=none enc=376 denc=0 sreq=0 sapplied=0 crate=19 uimp=298070 upos=2520 uneg=2015 ball=32.90 vball=12.39 aball=-173.1 bref=0.00 pid=19.3 pref=300.0 ppos=298.1 apid=-0.0 integ=-0.0 vision=1 current=1 vframe=730 vs=1 vage=5 vpage=5 vdt=96 vmax=175 vacc=728 vrej=0 seq=0 elapsed=0 oled=3C
[   6063] STATUS mode=3 fault=none enc=376 denc=0 sreq=0 sapplied=0 crate=19 uimp=298070 upos=2520 uneg=2015 ball=31.02 vball=-15.87 aball=-173.1 bref=0.00 pid=19.3 pref=300.0 ppos=298.1 apid=-0.0 integ=-0.0 vision=1 current=1 vframe=731 vs=1 vage=2 vpage=2 vdt=23 vmax=175 vacc=729 vrej=0 seq=0 elapsed=0 oled=3C
[   6094] STATUS mode=3 fault=none enc=375 denc=-1 sreq=-381 sapplied=-381 crate=-381 uimp=295760 upos=2520 uneg=2025 ball=31.02 vball=-15.87 aball=-173.1 bref=0.00 pid=-1428.2 pref=152.9 ppos=295.8 apid=-0.0 integ=-0.0 vision=1 current=1 vframe=731 vs=1 vage=22 vpage=22 vdt=23 vmax=175 vacc=729 vrej=0 seq=0 elapsed=0 oled=3C
[   6125] STATUS mode=3 fault=none enc=338 denc=-7 sreq=-1181 sapplied=-1181 crate=-1181 uimp=266520 upos=2520 uneg=2065 ball=28.17 vball=-50.05 aball=-173.1 bref=0.00 pid=-2000.0 pref=-74.9 ppos=266.5 apid=-0.0 integ=-0.0 vision=1 current=1 vframe=732 vs=1 vage=32 vpage=32 vdt=30 vmax=175 vacc=730 vrej=0 seq=0 elapsed=0 oled=3C
[   6141] STATUS mode=3 fault=none enc=304 denc=-9 sreq=-1581 sapplied=-1581 crate=-1581 uimp=239900 upos=2520 uneg=2085 ball=28.17 vball=-50.05 aball=-173.1 bref=0.00 pid=-2000.0 pref=-74.9 ppos=239.9 apid=-0.0 integ=-0.0 vision=1 current=1 vframe=732 vs=1 vage=52 vpage=52 vdt=30 vmax=175 vacc=730 vrej=0 seq=0 elapsed=0 oled=3C
[   6172] STATUS mode=3 fault=none enc=209 denc=-14 sreq=-2000 sapplied=-2000 crate=-2000 uimp=165375 upos=2520 uneg=2125 ball=28.17 vball=-50.05 aball=-173.1 bref=0.00 pid=-2000.0 pref=-74.9 ppos=165.4 apid=-0.0 integ=-0.0 vision=1 current=1 vframe=732 vs=1 vage=92 vpage=92 vdt=30 vmax=175 vacc=730 vrej=0 seq=0 elapsed=0 oled=3C
[   6204] STATUS mode=3 fault=none enc=159 denc=-13 sreq=-1959 sapplied=-1959 crate=-1959 uimp=125375 upos=2520 uneg=2145 ball=25.07 vball=-45.18 aball=-273.9 bref=0.00 pid=-1959.0 pref=-70.5 ppos=125.4 apid=-0.0 integ=-0.0 vision=1 current=1 vframe=733 vs=1 vage=20 vpage=20 vdt=92 vmax=175 vacc=731 vrej=0 seq=0 elapsed=0 oled=3C
[   6235] STATUS mode=3 fault=none enc=108 denc=-13 sreq=-2000 sapplied=-2000 crate=-2000 uimp=86470 upos=2520 uneg=2165 ball=19.53 vball=-146.19 aball=-273.9 bref=0.00 pid=-2000.0 pref=-300.0 ppos=86.5 apid=-0.0 integ=-0.0 vision=1 current=1 vframe=734 vs=1 vage=15 vpage=15 vdt=25 vmax=175 vacc=732 vrej=0 seq=0 elapsed=0 oled=3C
[   6266] STATUS mode=3 fault=none enc=7 denc=-13 sreq=-2000 sapplied=-2000 crate=-2000 uimp=6470 upos=2520 uneg=2205 ball=15.72 vball=-130.75 aball=-273.9 bref=0.00 pid=-2000.0 pref=-300.0 ppos=6.5 apid=-0.0 integ=-0.0 vision=1 current=1 vframe=735 vs=1 vage=22 vpage=22 vdt=33 vmax=175 vacc=733 vrej=0 seq=0 elapsed=0 oled=3C
[   6282] STATUS mode=3 fault=none enc=-44 denc=-13 sreq=-2000 sapplied=-2000 crate=-2000 uimp=-33530 upos=2520 uneg=2225 ball=15.72 vball=-130.75 aball=-273.9 bref=0.00 pid=-2000.0 pref=-300.0 ppos=-33.5 apid=-0.0 integ=-0.0 vision=1 current=1 vframe=735 vs=1 vage=42 vpage=42 vdt=33 vmax=175 vacc=733 vrej=0 seq=0 elapsed=0 oled=3C
[   6313] STATUS mode=3 fault=none enc=-144 denc=-12 sreq=-1866 sapplied=-1866 crate=-1866 uimp=-113355 upos=2520 uneg=2265 ball=15.72 vball=-130.75 aball=-273.9 bref=0.00 pid=-1866.5 pref=-300.0 ppos=-113.4 apid=-0.0 integ=-0.0 vision=1 current=1 vframe=735 vs=1 vage=82 vpage=82 vdt=33 vmax=175 vacc=733 vrej=0 seq=0 elapsed=0 oled=3C
[   6344] STATUS mode=3 fault=none enc=-187 denc=-9 sreq=-1520 sapplied=-1520 crate=-1520 uimp=-147975 upos=2520 uneg=2285 ball=10.80 vball=-97.24 aball=-305.8 bref=0.00 pid=-1520.3 pref=-300.0 ppos=-148.0 apid=-0.0 integ=-0.0 vision=1 current=1 vframe=736 vs=1 vage=9 vpage=9 vdt=93 vmax=175 vacc=734 vrej=0 seq=0 elapsed=0 oled=3C
[   6375] STATUS mode=3 fault=none enc=-252 denc=-7 sreq=-1009 sapplied=-1009 crate=-1009 uimp=-199140 upos=2520 uneg=2325 ball=5.96 vball=-154.87 aball=-305.8 bref=0.00 pid=-1238.3 pref=-300.0 ppos=-176.2 apid=-0.0 integ=-0.0 vision=1 current=1 vframe=737 vs=1 vage=5 vpage=5 vdt=24 vmax=175 vacc=735 vrej=0 seq=0 elapsed=0 oled=3C
[   6407] STATUS mode=3 fault=none enc=-275 denc=-5 sreq=-822 sapplied=-822 crate=-822 uimp=-217850 upos=2520 uneg=2345 ball=2.13 vball=-136.30 aball=-305.8 bref=0.00 pid=-821.5 pref=-300.0 ppos=-217.8 apid=-0.0 integ=-0.0 vision=1 current=1 vframe=738 vs=1 vage=10 vpage=10 vdt=35 vmax=175 vacc=736 vrej=0 seq=0 elapsed=0 oled=3C
[   6422] STATUS mode=3 fault=none enc=-295 denc=-4 sreq=-669 sapplied=-669 crate=-669 uimp=-233085 upos=2520 uneg=2365 ball=2.13 vball=-136.30 aball=-305.8 bref=0.00 pid=-669.2 pref=-300.0 ppos=-233.1 apid=-0.0 integ=-0.0 vision=1 current=1 vframe=738 vs=1 vage=30 vpage=30 vdt=35 vmax=175 vacc=736 vrej=0 seq=0 elapsed=0 oled=3C
[   6454] STATUS mode=3 fault=none enc=-324 denc=-3 sreq=-444 sapplied=-444 crate=-444 uimp=-255610 upos=2520 uneg=2405 ball=2.13 vball=-136.30 aball=-305.8 bref=0.00 pid=-443.9 pref=-300.0 ppos=-255.6 apid=-0.0 integ=-0.0 vision=1 current=1 vframe=738 vs=1 vage=70 vpage=70 vdt=35 vmax=175 vacc=736 vrej=0 seq=0 elapsed=0 oled=3C
[   6485] STATUS mode=3 fault=none enc=-335 denc=-2 sreq=-362 sapplied=-362 crate=-362 uimp=-263850 upos=2520 uneg=2425 ball=2.13 vball=-136.30 aball=-305.8 bref=0.00 pid=-361.5 pref=-300.0 ppos=-263.8 apid=-0.0 integ=-0.0 vision=1 current=1 vframe=738 vs=1 vage=90 vpage=90 vdt=35 vmax=175 vacc=736 vrej=0 seq=0 elapsed=0 oled=3C
[   6516] STATUS mode=3 fault=none enc=-350 denc=-1 sreq=-240 sapplied=-240 crate=-240 uimp=-276015 upos=2520 uneg=2465 ball=-1.86 vball=-95.05 aball=-161.8 bref=0.00 pid=-294.5 pref=-300.0 ppos=-270.6 apid=-0.0 integ=-0.0 vision=1 current=1 vframe=739 vs=1 vage=14 vpage=14 vdt=96 vmax=175 vacc=737 vrej=0 seq=0 elapsed=0 oled=3C
[   6547] STATUS mode=3 fault=none enc=-356 denc=-1 sreq=-195 sapplied=-195 crate=-195 uimp=-280465 upos=2520 uneg=2485 ball=-5.40 vball=-68.14 aball=-161.8 bref=0.00 pid=-195.4 pref=-300.0 ppos=-280.5 apid=-0.0 integ=-0.0 vision=1 current=1 vframe=741 vs=1 vage=2 vpage=2 vdt=34 vmax=175 vacc=739 vrej=0 seq=0 elapsed=0 oled=3C
[   6563] STATUS mode=3 fault=none enc=-360 denc=0 sreq=-159 sapplied=-159 crate=-159 uimp=-284090 upos=2520 uneg=2505 ball=-5.40 vball=-68.14 aball=-161.8 bref=0.00 pid=-159.1 pref=-300.0 ppos=-284.1 apid=-0.0 integ=-0.0 vision=1 current=1 vframe=741 vs=1 vage=22 vpage=22 vdt=34 vmax=175 vacc=739 vrej=0 seq=0 elapsed=0 oled=3C
[   6594] STATUS mode=3 fault=none enc=-368 denc=-1 sreq=-106 sapplied=-106 crate=-106 uimp=-289445 upos=2520 uneg=2545 ball=-5.40 vball=-68.14 aball=-161.8 bref=0.00 pid=-105.6 pref=-300.0 ppos=-289.4 apid=-0.0 integ=-0.0 vision=1 current=1 vframe=741 vs=1 vage=62 vpage=62 vdt=34 vmax=175 vacc=739 vrej=0 seq=0 elapsed=0 oled=3C
[   6625] STATUS mode=3 fault=none enc=-370 denc=0 sreq=-86 sapplied=-86 crate=-86 uimp=-291405 upos=2520 uneg=2565 ball=-5.40 vball=-68.14 aball=-161.8 bref=0.00 pid=-86.0 pref=-300.0 ppos=-291.4 apid=-0.0 integ=-0.0 vision=1 current=1 vframe=741 vs=1 vage=82 vpage=82 vdt=34 vmax=175 vacc=739 vrej=0 seq=0 elapsed=0 oled=3C
[   6657] STATUS mode=3 fault=none enc=-372 denc=1 sreq=-70 sapplied=-70 crate=-70 uimp=-293005 upos=2520 uneg=2585 ball=-7.24 vball=-47.48 aball=59.7 bref=0.00 pid=-70.0 pref=-300.0 ppos=-293.0 apid=0.0 integ=-0.0 vision=1 current=1 vframe=742 vs=1 vage=10 vpage=10 vdt=92 vmax=175 vacc=740 vrej=0 seq=0 elapsed=0 oled=3C
[   6672] STATUS mode=3 fault=none enc=-371 denc=2 sreq=440 sapplied=440 crate=440 uimp=-290700 upos=2535 uneg=2605 ball=-6.18 vball=2.13 aball=59.7 bref=0.00 pid=2000.0 pref=-38.2 ppos=-290.7 apid=0.0 integ=-1.5 vision=1 current=1 vframe=743 vs=1 vage=25 vpage=25 vdt=25 vmax=175 vacc=741 vrej=0 seq=0 elapsed=0 oled=3C
[   6704] STATUS mode=3 fault=none enc=-355 denc=6 sreq=840 sapplied=840 crate=840 uimp=-278900 upos=2555 uneg=2605 ball=-5.36 vball=14.12 aball=59.7 bref=0.00 pid=2000.0 pref=40.3 ppos=-278.9 apid=0.0 integ=-0.0 vision=1 current=1 vframe=744 vs=1 vage=11 vpage=11 vdt=34 vmax=175 vacc=742 vrej=0 seq=0 elapsed=0 oled=3C
[   6735] STATUS mode=3 fault=none enc=-293 denc=10 sreq=1640 sapplied=1640 crate=1640 uimp=-231300 upos=2595 uneg=2605 ball=-5.36 vball=14.12 aball=59.7 bref=0.00 pid=2000.0 pref=40.3 ppos=-231.3 apid=0.0 integ=-0.0 vision=1 current=1 vframe=744 vs=1 vage=51 vpage=51 vdt=34 vmax=175 vacc=742 vrej=0 seq=0 elapsed=0 oled=3C
[   6766] STATUS mode=3 fault=none enc=-247 denc=13 sreq=2000 sapplied=2000 crate=2000 uimp=-195500 upos=2615 uneg=2605 ball=-5.36 vball=14.12 aball=59.7 bref=0.00 pid=2000.0 pref=40.3 ppos=-195.5 apid=0.0 integ=-0.0 vision=1 current=1 vframe=744 vs=1 vage=71 vpage=71 vdt=34 vmax=175 vacc=742 vrej=0 seq=0 elapsed=0 oled=3C
[   6782] STATUS mode=3 fault=none enc=-196 denc=13 sreq=1958 sapplied=1958 crate=1958 uimp=-155500 upos=2635 uneg=2605 ball=-3.68 vball=16.29 aball=59.7 bref=0.00 pid=1957.9 pref=40.3 ppos=-155.5 apid=0.0 integ=-0.0 vision=1 current=1 vframe=745 vs=1 vage=1 vpage=1 vdt=90 vmax=175 vacc=743 vrej=0 seq=0 elapsed=0 oled=3C
[   6813] STATUS mode=3 fault=none enc=-101 denc=11 sreq=2000 sapplied=2000 crate=2000 uimp=-79390 upos=2675 uneg=2605 ball=0.38 vball=90.27 aball=225.4 bref=0.00 pid=2000.0 pref=298.5 ppos=-79.4 apid=0.0 integ=-0.0 vision=1 current=1 vframe=746 vs=1 vage=15 vpage=15 vdt=26 vmax=175 vacc=744 vrej=0 seq=0 elapsed=0 oled=3C
[   6844] STATUS mode=3 fault=none enc=-50 denc=13 sreq=2000 sapplied=2000 crate=2000 uimp=-39390 upos=2695 uneg=2605 ball=0.38 vball=90.27 aball=225.4 bref=0.00 pid=2000.0 pref=298.5 ppos=-39.4 apid=0.0 integ=-0.0 vision=1 current=0 vframe=747 vs=0 vage=35 vpage=3 vdt=26 vmax=175 vacc=744 vrej=0 seq=0 elapsed=0 oled=3C
[   6875] STATUS mode=3 fault=none enc=0 denc=13 sreq=2000 sapplied=2000 crate=2000 uimp=610 upos=2715 uneg=2605 ball=0.38 vball=90.27 aball=225.4 bref=0.00 pid=2000.0 pref=298.5 ppos=0.6 apid=0.0 integ=-0.0 vision=1 current=0 vframe=747 vs=0 vage=55 vpage=23 vdt=26 vmax=175 vacc=744 vrej=0 seq=0 elapsed=0 oled=3C
[   6891] STATUS mode=3 fault=none enc=103 denc=12 sreq=2000 sapplied=2000 crate=2000 uimp=80610 upos=2755 uneg=2605 ball=0.38 vball=90.27 aball=225.4 bref=0.00 pid=2000.0 pref=298.5 ppos=80.6 apid=0.0 integ=-0.0 vision=1 current=0 vframe=747 vs=0 vage=95 vpage=63 vdt=26 vmax=175 vacc=744 vrej=0 seq=0 elapsed=0 oled=3C
[   6922] STATUS mode=3 fault=none enc=153 denc=12 sreq=1786 sapplied=1786 crate=1786 uimp=119900 upos=2775 uneg=2605 ball=0.38 vball=90.27 aball=225.4 bref=0.00 pid=1785.5 pref=298.5 ppos=119.9 apid=0.0 integ=-0.0 vision=1 current=0 vframe=747 vs=0 vage=115 vpage=83 vdt=26 vmax=175 vacc=744 vrej=0 seq=0 elapsed=0 oled=3C
[   6954] STATUS mode=3 fault=none enc=195 denc=10 sreq=1454 sapplied=1454 crate=1454 uimp=153020 upos=2795 uneg=2605 ball=6.75 vball=69.61 aball=285.0 bref=0.00 pid=1454.3 pref=298.5 ppos=153.0 apid=0.0 integ=-0.0 vision=1 current=1 vframe=748 vs=1 vage=12 vpage=12 vdt=123 vmax=175 vacc=745 vrej=0 seq=0 elapsed=0 oled=3C
[   6985] STATUS mode=3 fault=none enc=257 denc=6 sreq=965 sapplied=965 crate=965 uimp=201975 upos=2835 uneg=2605 ball=12.80 vball=155.46 aball=285.0 bref=0.00 pid=964.8 pref=298.5 ppos=202.0 apid=0.0 integ=-0.0 vision=1 current=1 vframe=749 vs=1 vage=23 vpage=23 vdt=29 vmax=175 vacc=746 vrej=0 seq=0 elapsed=0 oled=3C
[   7000] STATUS mode=3 fault=none enc=279 denc=5 sreq=786 sapplied=786 crate=786 uimp=219875 upos=2855 uneg=2605 ball=15.57 vball=117.37 aball=285.0 bref=0.00 pid=785.8 pref=298.5 ppos=219.9 apid=0.0 integ=-0.0 vision=1 current=1 vframe=750 vs=1 vage=11 vpage=11 vdt=32 vmax=175 vacc=747 vrej=0 seq=0 elapsed=0 oled=3C
[   7032] STATUS mode=3 fault=none enc=297 denc=3 sreq=640 sapplied=640 crate=640 uimp=234450 upos=2875 uneg=2605 ball=15.57 vball=117.37 aball=285.0 bref=0.00 pid=640.0 pref=298.5 ppos=234.5 apid=0.0 integ=-0.0 vision=1 current=1 vframe=750 vs=1 vage=31 vpage=31 vdt=32 vmax=175 vacc=747 vrej=0 seq=0 elapsed=0 oled=3C
[   7063] STATUS mode=3 fault=none enc=325 denc=3 sreq=425 sapplied=425 crate=425 uimp=255990 upos=2915 uneg=2605 ball=15.57 vball=117.37 aball=285.0 bref=0.00 pid=424.6 pref=298.5 ppos=256.0 apid=0.0 integ=-0.0 vision=1 current=1 vframe=750 vs=1 vage=71 vpage=71 vdt=32 vmax=175 vacc=747 vrej=0 seq=0 elapsed=0 oled=3C
[   7079] STATUS mode=3 fault=none enc=334 denc=2 sreq=346 sapplied=346 crate=346 uimp=263865 upos=2935 uneg=2605 ball=19.55 vball=82.10 aball=285.0 bref=0.00 pid=345.9 pref=298.5 ppos=263.9 apid=0.0 integ=-0.0 vision=1 current=1 vframe=751 vs=1 vage=1 vpage=1 vdt=90 vmax=175 vacc=748 vrej=0 seq=0 elapsed=0 oled=3C
[   7110] STATUS mode=3 fault=none enc=348 denc=1 sreq=229 sapplied=229 crate=229 uimp=275510 upos=2975 uneg=2605 ball=22.69 vball=106.84 aball=194.0 bref=0.00 pid=229.4 pref=298.5 ppos=275.5 apid=0.0 integ=-0.0 vision=1 current=1 vframe=752 vs=1 vage=14 vpage=14 vdt=27 vmax=175 vacc=749 vrej=0 seq=0 elapsed=0 oled=3C
[   7141] STATUS mode=3 fault=none enc=353 denc=1 sreq=187 sapplied=187 crate=187 uimp=279765 upos=2995 uneg=2605 ball=23.97 vball=71.97 aball=194.0 bref=0.00 pid=186.9 pref=298.5 ppos=279.8 apid=0.0 integ=-0.0 vision=1 current=1 vframe=753 vs=1 vage=1 vpage=1 vdt=33 vmax=175 vacc=750 vrej=0 seq=0 elapsed=0 oled=3C
[   7172] STATUS mode=3 fault=none enc=357 denc=0 sreq=152 sapplied=152 crate=152 uimp=283235 upos=3015 uneg=2605 ball=23.97 vball=71.97 aball=194.0 bref=0.00 pid=152.2 pref=298.5 ppos=283.2 apid=0.0 integ=-0.0 vision=1 current=1 vframe=753 vs=1 vage=21 vpage=21 vdt=33 vmax=175 vacc=750 vrej=0 seq=0 elapsed=0 oled=3C
[   7188] STATUS mode=3 fault=none enc=363 denc=0 sreq=101 sapplied=101 crate=101 uimp=288355 upos=3055 uneg=2605 ball=23.97 vball=71.97 aball=194.0 bref=0.00 pid=101.0 pref=298.5 ppos=288.4 apid=0.0 integ=-0.0 vision=1 current=1 vframe=753 vs=1 vage=61 vpage=61 vdt=33 vmax=175 vacc=750 vrej=0 seq=0 elapsed=0 oled=3C
[   7219] STATUS mode=3 fault=none enc=365 denc=0 sreq=82 sapplied=82 crate=82 uimp=290230 upos=3075 uneg=2605 ball=23.97 vball=71.97 aball=194.0 bref=0.00 pid=82.2 pref=298.5 ppos=290.2 apid=0.0 integ=-0.0 vision=1 current=1 vframe=753 vs=1 vage=81 vpage=81 vdt=33 vmax=175 vacc=750 vrej=0 seq=0 elapsed=0 oled=3C
[   7250] STATUS mode=3 fault=none enc=368 denc=0 sreq=67 sapplied=67 crate=67 uimp=291755 upos=3095 uneg=2605 ball=26.93 vball=57.40 aball=36.3 bref=0.00 pid=67.0 pref=298.5 ppos=291.8 apid=0.0 integ=-0.0 vision=1 current=1 vframe=754 vs=1 vage=3 vpage=3 vdt=98 vmax=175 vacc=751 vrej=0 seq=0 elapsed=0 oled=3C
[   7266] STATUS mode=3 fault=none enc=371 denc=1 sreq=44 sapplied=44 crate=44 uimp=294010 upos=3135 uneg=2605 ball=27.31 vball=36.79 aball=36.3 bref=0.00 pid=44.4 pref=298.5 ppos=294.0 apid=0.0 integ=-0.0 vision=1 current=1 vframe=755 vs=1 vage=8 vpage=8 vdt=35 vmax=175 vacc=752 vrej=0 seq=0 elapsed=0 oled=3C
[   7297] STATUS mode=3 fault=none enc=371 denc=0 sreq=36 sapplied=36 crate=36 uimp=294830 upos=3155 uneg=2605 ball=27.41 vball=27.94 aball=36.3 bref=0.00 pid=36.2 pref=298.5 ppos=294.8 apid=0.0 integ=-0.0 vision=1 current=1 vframe=756 vs=1 vage=12 vpage=12 vdt=16 vmax=175 vacc=753 vrej=0 seq=0 elapsed=0 oled=3C
[   7329] STATUS mode=3 fault=none enc=371 denc=-1 sreq=30 sapplied=30 crate=30 uimp=295500 upos=3175 uneg=2605 ball=27.41 vball=27.94 aball=36.3 bref=0.00 pid=29.5 pref=298.5 ppos=295.5 apid=0.0 integ=-0.0 vision=1 current=1 vframe=756 vs=1 vage=32 vpage=32 vdt=16 vmax=175 vacc=753 vrej=0 seq=0 elapsed=0 oled=3C
[   7329] >>> stop
[   7360] STATUS mode=3 fault=none enc=373 denc=0 sreq=20 sapplied=20 crate=20 uimp=296500 upos=3215 uneg=2605 ball=27.41 vball=27.94 aball=36.3 bref=0.00 pid=19.5 pref=298.5 ppos=296.5 apid=0.0 integ=-0.0 vision=1 current=1 vframe=756 vs=1 vage=72 vpage=72 vdt=16 vmax=175 vacc=753 vrej=0 seq=0 elapsed=0 oled=3C
[   7375] STATUS mode=1 fault=none enc=360 denc=-2 sreq=0 sapplied=0 crate=0 uimp=296500 upos=3215 uneg=2605 ball=27.38 vball=14.55 aball=0.0 bref=0.00 pid=0.0 pref=296.5 ppos=296.5 apid=0.0 integ=0.0 vision=1 current=1 vframe=757 vs=1 vage=4 vpage=4 vdt=88 vmax=175 vacc=754 vrej=0 seq=0 elapsed=0 oled=3C
[   7407] STATUS mode=1 fault=none enc=362 denc=0 sreq=0 sapplied=0 crate=0 uimp=296500 upos=3215 uneg=2605 ball=27.66 vball=11.48 aball=0.0 bref=0.00 pid=0.0 pref=296.5 ppos=296.5 apid=0.0 integ=0.0 vision=1 current=1 vframe=758 vs=1 vage=16 vpage=16 vdt=8 vmax=175 vacc=755 vrej=0 seq=0 elapsed=0 oled=3C
[   7422] STATUS mode=1 fault=none enc=361 denc=0 sreq=0 sapplied=0 crate=0 uimp=296500 upos=3215 uneg=2605 ball=23.69 vball=-96.13 aball=0.0 bref=0.00 pid=0.0 pref=296.5 ppos=296.5 apid=0.0 integ=0.0 vision=1 current=1 vframe=759 vs=1 vage=16 vpage=16 vdt=20 vmax=175 vacc=756 vrej=0 seq=0 elapsed=0 oled=3C
[   7454] STATUS mode=1 fault=none enc=361 denc=0 sreq=0 sapplied=0 crate=0 uimp=296500 upos=3215 uneg=2605 ball=21.58 vball=-81.30 aball=0.0 bref=0.00 pid=0.0 pref=296.5 ppos=296.5 apid=0.0 integ=0.0 vision=1 current=1 vframe=760 vs=1 vage=22 vpage=22 vdt=34 vmax=175 vacc=757 vrej=0 seq=0 elapsed=0 oled=3C
[   7485] STATUS mode=1 fault=none enc=361 denc=0 sreq=0 sapplied=0 crate=0 uimp=296500 upos=3215 uneg=2605 ball=21.58 vball=-81.30 aball=0.0 bref=0.00 pid=0.0 pref=296.5 ppos=296.5 apid=0.0 integ=0.0 vision=1 current=1 vframe=760 vs=1 vage=42 vpage=42 vdt=34 vmax=175 vacc=757 vrej=0 seq=0 elapsed=0 oled=3C
[   7500] STATUS mode=1 fault=none enc=361 denc=0 sreq=0 sapplied=0 crate=0 uimp=296500 upos=3215 uneg=2605 ball=21.58 vball=-81.30 aball=0.0 bref=0.00 pid=0.0 pref=296.5 ppos=296.5 apid=0.0 integ=0.0 vision=1 current=1 vframe=760 vs=1 vage=62 vpage=62 vdt=34 vmax=175 vacc=757 vrej=0 seq=0 elapsed=0 oled=3C
[   7532] STATUS mode=1 fault=none enc=361 denc=0 sreq=0 sapplied=0 crate=0 uimp=296500 upos=3215 uneg=2605 ball=17.57 vball=-70.55 aball=0.0 bref=0.00 pid=0.0 pref=296.5 ppos=296.5 apid=0.0 integ=0.0 vision=1 current=1 vframe=761 vs=1 vage=8 vpage=8 vdt=94 vmax=175 vacc=758 vrej=0 seq=0 elapsed=0 oled=3C
[   7563] STATUS mode=1 fault=none enc=361 denc=0 sreq=0 sapplied=0 crate=0 uimp=296500 upos=3215 uneg=2605 ball=15.15 vball=-80.25 aball=0.0 bref=0.00 pid=0.0 pref=296.5 ppos=296.5 apid=0.0 integ=0.0 vision=1 current=1 vframe=762 vs=1 vage=6 vpage=6 vdt=22 vmax=175 vacc=759 vrej=0 seq=0 elapsed=0 oled=3C
[   7579] STATUS mode=1 fault=none enc=361 denc=0 sreq=0 sapplied=0 crate=0 uimp=296500 upos=3215 uneg=2605 ball=15.15 vball=-80.25 aball=0.0 bref=0.00 pid=0.0 pref=296.5 ppos=296.5 apid=0.0 integ=0.0 vision=1 current=1 vframe=762 vs=1 vage=26 vpage=26 vdt=22 vmax=175 vacc=759 vrej=0 seq=0 elapsed=0 oled=3C
[   7610] STATUS mode=1 fault=none enc=361 denc=0 sreq=0 sapplied=0 crate=0 uimp=296500 upos=3215 uneg=2605 ball=10.81 vball=-103.27 aball=0.0 bref=0.00 pid=0.0 pref=296.5 ppos=296.5 apid=0.0 integ=0.0 vision=1 current=1 vframe=763 vs=1 vage=31 vpage=31 vdt=35 vmax=175 vacc=760 vrej=0 seq=0 elapsed=0 oled=3C
[   7641] STATUS mode=1 fault=none enc=361 denc=0 sreq=0 sapplied=0 crate=0 uimp=296500 upos=3215 uneg=2605 ball=10.81 vball=-103.27 aball=0.0 bref=0.00 pid=0.0 pref=296.5 ppos=296.5 apid=0.0 integ=0.0 vision=1 current=1 vframe=763 vs=1 vage=51 vpage=51 vdt=35 vmax=175 vacc=760 vrej=0 seq=0 elapsed=0 oled=3C
[   7657] STATUS mode=1 fault=none enc=361 denc=0 sreq=0 sapplied=0 crate=0 uimp=296500 upos=3215 uneg=2605 ball=10.81 vball=-103.27 aball=0.0 bref=0.00 pid=0.0 pref=296.5 ppos=296.5 apid=0.0 integ=0.0 vision=1 current=1 vframe=763 vs=1 vage=71 vpage=71 vdt=35 vmax=175 vacc=760 vrej=0 seq=0 elapsed=0 oled=3C
[   7688] STATUS mode=1 fault=none enc=361 denc=0 sreq=0 sapplied=0 crate=0 uimp=296500 upos=3215 uneg=2605 ball=10.81 vball=-103.27 aball=0.0 bref=0.00 pid=0.0 pref=296.5 ppos=296.5 apid=0.0 integ=0.0 vision=1 current=1 vframe=763 vs=1 vage=91 vpage=91 vdt=35 vmax=175 vacc=760 vrej=0 seq=0 elapsed=0 oled=3C
[   7688] >>> stream off
[   7719] STATUS mode=1 fault=none enc=361 denc=0 sreq=0 sapplied=0 crate=0 uimp=296500 upos=3215 uneg=2605 ball=5.02 vball=-89.90 aball=0.0 bref=0.00 pid=0.0 pref=296.5 ppos=296.5 apid=0.0 integ=0.0 vision=1 current=1 vframe=764 vs=1 vage=35 vpage=35 vdt=96 vmax=175 vacc=761 vrej=0 seq=0 elapsed=0 oled=3C
[   7719] OK stream off
[   7891] STOP_REASON time_limit
