[     15] >>> bench on
[     15] OK stepper visual-only bench active; use zero before tests
[    203] >>> clear
[    203] OK fault cleared
[    390] >>> diag reset
[    390] OK actuator diagnostics reset
[    578] >>> gain ball 2.5 1.0 5.0 -1
[    578] OK ball gains kp=2.500 ki=1.000 kd=5.000 sign=-1
[    765] >>> gain accel 0.0
[    765] OK ball acceleration gain ka=0.000
[    953] >>> limit rate 120
[    953] OK ball rate limit=120 steps/s
[   1125] >>> stream on 20
[   1140] OK stream on 20 ms
[   1172] STATUS mode=1 fault=none enc=-1 denc=0 sreq=0 sapplied=0 crate=0 uimp=0 upos=0 uneg=0 ball=-125.00 vball=0.00 aball=0.0 bref=0.00 pid=0.0 pref=0.0 ppos=0.0 apid=0.0 integ=0.0 vision=1 current=1 vframe=186 vs=1 vage=71 vpage=71 vdt=32 vmax=155 vacc=186 vrej=0 seq=0 elapsed=0 oled=3C
[   1203] STATUS mode=1 fault=none enc=-1 denc=0 sreq=0 sapplied=0 crate=0 uimp=0 upos=0 uneg=0 ball=-125.00 vball=0.00 aball=0.0 bref=0.00 pid=0.0 pref=0.0 ppos=0.0 apid=0.0 integ=0.0 vision=1 current=1 vframe=186 vs=1 vage=91 vpage=91 vdt=32 vmax=155 vacc=186 vrej=0 seq=0 elapsed=0 oled=3C
[   1233] STATUS mode=1 fault=none enc=-1 denc=0 sreq=0 sapplied=0 crate=0 uimp=0 upos=0 uneg=0 ball=-125.00 vball=0.00 aball=0.0 bref=0.00 pid=0.0 pref=0.0 ppos=0.0 apid=0.0 integ=0.0 vision=1 current=1 vframe=187 vs=1 vage=10 vpage=10 vdt=101 vmax=155 vacc=187 vrej=0 seq=0 elapsed=0 oled=3C
[   1250] STATUS mode=1 fault=none enc=-1 denc=0 sreq=0 sapplied=0 crate=0 uimp=0 upos=0 uneg=0 ball=-125.00 vball=0.00 aball=0.0 bref=0.00 pid=0.0 pref=0.0 ppos=0.0 apid=0.0 integ=0.0 vision=1 current=1 vframe=187 vs=1 vage=30 vpage=30 vdt=101 vmax=155 vacc=187 vrej=0 seq=0 elapsed=0 oled=3C
[   1281] STATUS mode=1 fault=none enc=-1 denc=0 sreq=0 sapplied=0 crate=0 uimp=0 upos=0 uneg=0 ball=-125.00 vball=0.00 aball=0.0 bref=0.00 pid=0.0 pref=0.0 ppos=0.0 apid=0.0 integ=0.0 vision=1 current=1 vframe=188 vs=1 vage=17 vpage=17 vdt=33 vmax=155 vacc=188 vrej=0 seq=0 elapsed=0 oled=3C
[   1297] STATUS mode=1 fault=none enc=-1 denc=0 sreq=0 sapplied=0 crate=0 uimp=0 upos=0 uneg=0 ball=-125.00 vball=0.00 aball=0.0 bref=0.00 pid=0.0 pref=0.0 ppos=0.0 apid=0.0 integ=0.0 vision=1 current=1 vframe=189 vs=1 vage=24 vpage=24 vdt=33 vmax=155 vacc=189 vrej=0 seq=0 elapsed=0 oled=3C
[   1297] >>> ball 0.0
[   1328] STATUS mode=1 fault=none enc=-1 denc=0 sreq=0 sapplied=0 crate=0 uimp=0 upos=0 uneg=0 ball=-125.00 vball=0.00 aball=0.0 bref=0.00 pid=0.0 pref=0.0 ppos=0.0 apid=0.0 integ=0.0 vision=1 current=1 vframe=189 vs=1 vage=44 vpage=44 vdt=33 vmax=155 vacc=189 vrej=0 seq=0 elapsed=0 oled=3C
[   1342] STATUS mode=3 fault=none enc=1 denc=1 sreq=-35 sapplied=0 crate=-35 uimp=0 upos=0 uneg=0 ball=-125.00 vball=0.00 aball=0.0 bref=0.00 pid=-400.0 pref=-1200.0 ppos=0.0 apid=0.0 integ=0.0 vision=1 current=1 vframe=189 vs=1 vage=64 vpage=64 vdt=33 vmax=155 vacc=189 vrej=0 seq=0 elapsed=0 oled=3C
[   1375] STATUS mode=3 fault=none enc=-1 denc=-1 sreq=-105 sapplied=-105 crate=-105 uimp=-1055 upos=0 uneg=15 ball=-125.00 vball=0.00 aball=0.0 bref=0.00 pid=-400.0 pref=-1200.0 ppos=-1.1 apid=0.0 integ=0.0 vision=1 current=1 vframe=189 vs=1 vage=84 vpage=84 vdt=33 vmax=155 vacc=189 vrej=0 seq=0 elapsed=0 oled=3C
[   1406] STATUS mode=3 fault=none enc=-10 denc=-2 sreq=-245 sapplied=-245 crate=-245 uimp=-7715 upos=0 uneg=55 ball=-125.00 vball=0.00 aball=0.0 bref=0.00 pid=-400.0 pref=-1200.0 ppos=-7.7 apid=0.0 integ=0.0 vision=1 current=1 vframe=190 vs=1 vage=27 vpage=27 vdt=97 vmax=155 vacc=190 vrej=0 seq=0 elapsed=0 oled=3C
[   1437] STATUS mode=3 fault=none enc=-16 denc=-1 sreq=-315 sapplied=-315 crate=-315 uimp=-13145 upos=0 uneg=75 ball=-125.00 vball=0.00 aball=0.0 bref=0.00 pid=-400.0 pref=-1200.0 ppos=-13.1 apid=0.0 integ=0.0 vision=1 current=1 vframe=191 vs=1 vage=11 vpage=11 vdt=36 vmax=155 vacc=191 vrej=0 seq=0 elapsed=0 oled=3C
[   1453] STATUS mode=3 fault=none enc=-25 denc=-2 sreq=-385 sapplied=-385 crate=-385 uimp=-19975 upos=0 uneg=95 ball=-125.00 vball=0.00 aball=0.0 bref=0.00 pid=-400.0 pref=-1200.0 ppos=-20.0 apid=0.0 integ=0.0 vision=1 current=1 vframe=191 vs=1 vage=31 vpage=31 vdt=36 vmax=155 vacc=191 vrej=0 seq=0 elapsed=0 oled=3C
[   1483] STATUS mode=3 fault=none enc=-46 denc=-3 sreq=-400 sapplied=-400 crate=-400 uimp=-35900 upos=0 uneg=135 ball=-125.00 vball=0.00 aball=0.0 bref=0.00 pid=-400.0 pref=-1200.0 ppos=-35.9 apid=0.0 integ=0.0 vision=1 current=1 vframe=191 vs=1 vage=71 vpage=71 vdt=36 vmax=155 vacc=191 vrej=0 seq=0 elapsed=0 oled=3C
[   1515] STATUS mode=3 fault=none enc=-56 denc=-3 sreq=-400 sapplied=-400 crate=-400 uimp=-43900 upos=0 uneg=155 ball=-125.00 vball=0.00 aball=0.0 bref=0.00 pid=-400.0 pref=-1200.0 ppos=-43.9 apid=0.0 integ=0.0 vision=1 current=1 vframe=191 vs=1 vage=91 vpage=91 vdt=36 vmax=155 vacc=191 vrej=0 seq=0 elapsed=0 oled=3C
[   1547] STATUS mode=3 fault=none enc=-66 denc=-3 sreq=-400 sapplied=-400 crate=-400 uimp=-51900 upos=0 uneg=175 ball=-125.00 vball=0.00 aball=0.0 bref=0.00 pid=-400.0 pref=-1200.0 ppos=-51.9 apid=0.0 integ=0.0 vision=1 current=1 vframe=192 vs=1 vage=6 vpage=6 vdt=105 vmax=155 vacc=192 vrej=0 seq=0 elapsed=0 oled=3C
[   1562] STATUS mode=3 fault=none enc=-86 denc=-2 sreq=-400 sapplied=-400 crate=-400 uimp=-67900 upos=0 uneg=215 ball=-125.00 vball=0.00 aball=0.0 bref=0.00 pid=-400.0 pref=-1200.0 ppos=-67.9 apid=0.0 integ=0.0 vision=1 current=1 vframe=194 vs=1 vage=17 vpage=17 vdt=21 vmax=155 vacc=194 vrej=0 seq=0 elapsed=0 oled=3C
[   1592] STATUS mode=3 fault=none enc=-96 denc=-3 sreq=-400 sapplied=-400 crate=-400 uimp=-75900 upos=0 uneg=235 ball=-125.00 vball=0.00 aball=0.0 bref=0.00 pid=-400.0 pref=-1200.0 ppos=-75.9 apid=0.0 integ=0.0 vision=1 current=1 vframe=195 vs=1 vage=4 vpage=4 vdt=33 vmax=155 vacc=195 vrej=0 seq=0 elapsed=0 oled=3C
[   1625] STATUS mode=3 fault=none enc=-116 denc=-3 sreq=-400 sapplied=-400 crate=-400 uimp=-91900 upos=0 uneg=275 ball=-125.00 vball=0.00 aball=0.0 bref=0.00 pid=-400.0 pref=-1200.0 ppos=-91.9 apid=0.0 integ=0.0 vision=1 current=1 vframe=195 vs=1 vage=44 vpage=44 vdt=33 vmax=155 vacc=195 vrej=0 seq=0 elapsed=0 oled=3C
[   1640] STATUS mode=3 fault=none enc=-126 denc=-2 sreq=-400 sapplied=-400 crate=-400 uimp=-99900 upos=0 uneg=295 ball=-125.00 vball=0.00 aball=0.0 bref=0.00 pid=-400.0 pref=-1200.0 ppos=-99.9 apid=0.0 integ=0.0 vision=1 current=1 vframe=195 vs=1 vage=64 vpage=64 vdt=33 vmax=155 vacc=195 vrej=0 seq=0 elapsed=0 oled=3C
[   1672] STATUS mode=3 fault=none enc=-136 denc=-2 sreq=-400 sapplied=-400 crate=-400 uimp=-107900 upos=0 uneg=315 ball=-125.00 vball=0.00 aball=0.0 bref=0.00 pid=-400.0 pref=-1200.0 ppos=-107.9 apid=0.0 integ=0.0 vision=1 current=1 vframe=195 vs=1 vage=84 vpage=84 vdt=33 vmax=155 vacc=195 vrej=0 seq=0 elapsed=0 oled=3C
[   1703] STATUS mode=3 fault=none enc=-156 denc=-3 sreq=-400 sapplied=-400 crate=-400 uimp=-123900 upos=0 uneg=355 ball=-125.00 vball=0.00 aball=0.0 bref=0.00 pid=-400.0 pref=-1200.0 ppos=-123.9 apid=0.0 integ=0.0 vision=1 current=1 vframe=197 vs=1 vage=7 vpage=7 vdt=20 vmax=155 vacc=197 vrej=0 seq=0 elapsed=0 oled=3C
[   1733] STATUS mode=3 fault=none enc=-166 denc=-3 sreq=-400 sapplied=-400 crate=-400 uimp=-131900 upos=0 uneg=375 ball=-125.00 vball=0.00 aball=0.0 bref=0.00 pid=-400.0 pref=-1200.0 ppos=-131.9 apid=0.0 integ=0.0 vision=1 current=1 vframe=197 vs=1 vage=27 vpage=27 vdt=20 vmax=155 vacc=197 vrej=0 seq=0 elapsed=0 oled=3C
[   1750] STATUS mode=3 fault=none enc=-176 denc=-3 sreq=-400 sapplied=-400 crate=-400 uimp=-139900 upos=0 uneg=395 ball=-125.00 vball=0.00 aball=0.0 bref=0.00 pid=-400.0 pref=-1200.0 ppos=-139.9 apid=0.0 integ=0.0 vision=1 current=1 vframe=198 vs=1 vage=14 vpage=14 vdt=33 vmax=155 vacc=198 vrej=0 seq=0 elapsed=0 oled=3C
[   1781] STATUS mode=3 fault=none enc=-195 denc=-2 sreq=-400 sapplied=-400 crate=-400 uimp=-155900 upos=0 uneg=435 ball=-125.00 vball=0.00 aball=0.0 bref=0.00 pid=-400.0 pref=-1200.0 ppos=-155.9 apid=0.0 integ=0.0 vision=1 current=1 vframe=198 vs=1 vage=54 vpage=54 vdt=33 vmax=155 vacc=198 vrej=0 seq=0 elapsed=0 oled=3C
[   1812] STATUS mode=3 fault=none enc=-205 denc=-2 sreq=-400 sapplied=-400 crate=-400 uimp=-163900 upos=0 uneg=455 ball=-125.00 vball=0.00 aball=0.0 bref=0.00 pid=-400.0 pref=-1200.0 ppos=-163.9 apid=0.0 integ=0.0 vision=1 current=1 vframe=198 vs=1 vage=74 vpage=74 vdt=33 vmax=155 vacc=198 vrej=0 seq=0 elapsed=0 oled=3C
[   1842] STATUS mode=3 fault=none enc=-215 denc=-2 sreq=-400 sapplied=-400 crate=-400 uimp=-171900 upos=0 uneg=475 ball=-125.00 vball=0.00 aball=0.0 bref=0.00 pid=-400.0 pref=-1200.0 ppos=-171.9 apid=0.0 integ=0.0 vision=1 current=1 vframe=198 vs=1 vage=94 vpage=94 vdt=33 vmax=155 vacc=198 vrej=0 seq=0 elapsed=0 oled=3C
[   1858] STATUS mode=3 fault=none enc=-235 denc=-3 sreq=-400 sapplied=-400 crate=-400 uimp=-187900 upos=0 uneg=515 ball=-125.00 vball=0.00 aball=0.0 bref=0.00 pid=-400.0 pref=-1200.0 ppos=-187.9 apid=0.0 integ=0.0 vision=1 current=1 vframe=200 vs=1 vage=1 vpage=1 vdt=36 vmax=155 vacc=200 vrej=0 seq=0 elapsed=0 oled=3C
[   1890] STATUS mode=3 fault=none enc=-245 denc=-3 sreq=-400 sapplied=-400 crate=-400 uimp=-195900 upos=0 uneg=535 ball=-125.00 vball=0.00 aball=0.0 bref=0.00 pid=-400.0 pref=-1200.0 ppos=-195.9 apid=0.0 integ=0.0 vision=1 current=1 vframe=200 vs=1 vage=21 vpage=21 vdt=36 vmax=155 vacc=200 vrej=0 seq=0 elapsed=0 oled=3C
[   1922] STATUS mode=3 fault=none enc=-255 denc=-3 sreq=-400 sapplied=-400 crate=-400 uimp=-203900 upos=0 uneg=555 ball=-125.00 vball=0.00 aball=0.0 bref=0.00 pid=-400.0 pref=-1200.0 ppos=-203.9 apid=0.0 integ=0.0 vision=1 current=1 vframe=200 vs=1 vage=41 vpage=41 vdt=36 vmax=155 vacc=200 vrej=0 seq=0 elapsed=0 oled=3C
[   1953] STATUS mode=3 fault=none enc=-275 denc=-3 sreq=-400 sapplied=-400 crate=-400 uimp=-219900 upos=0 uneg=595 ball=-125.00 vball=0.00 aball=0.0 bref=0.00 pid=-400.0 pref=-1200.0 ppos=-219.9 apid=0.0 integ=0.0 vision=1 current=1 vframe=200 vs=1 vage=81 vpage=81 vdt=36 vmax=155 vacc=200 vrej=0 seq=0 elapsed=0 oled=3C
[   1967] STATUS mode=3 fault=none enc=-285 denc=-2 sreq=-400 sapplied=-400 crate=-400 uimp=-227900 upos=0 uneg=615 ball=-125.00 vball=0.00 aball=0.0 bref=0.00 pid=-400.0 pref=-1200.0 ppos=-227.9 apid=0.0 integ=0.0 vision=1 current=1 vframe=200 vs=1 vage=101 vpage=101 vdt=36 vmax=155 vacc=200 vrej=0 seq=0 elapsed=0 oled=3C
[   2000] STATUS mode=3 fault=none enc=-305 denc=-2 sreq=-400 sapplied=-400 crate=-400 uimp=-243900 upos=0 uneg=655 ball=-125.00 vball=0.00 aball=0.0 bref=0.00 pid=-400.0 pref=-1200.0 ppos=-243.9 apid=0.0 integ=0.0 vision=1 current=1 vframe=203 vs=1 vage=6 vpage=6 vdt=17 vmax=155 vacc=203 vrej=0 seq=0 elapsed=0 oled=3C
[   2031] STATUS mode=3 fault=none enc=-316 denc=-3 sreq=-400 sapplied=-400 crate=-400 uimp=-251900 upos=0 uneg=675 ball=-125.00 vball=0.00 aball=0.0 bref=0.00 pid=-400.0 pref=-1200.0 ppos=-251.9 apid=0.0 integ=0.0 vision=1 current=1 vframe=203 vs=1 vage=26 vpage=26 vdt=17 vmax=155 vacc=203 vrej=0 seq=0 elapsed=0 oled=3C
[   2062] STATUS mode=3 fault=none enc=-326 denc=-2 sreq=-400 sapplied=-400 crate=-400 uimp=-259900 upos=0 uneg=695 ball=-125.00 vball=0.00 aball=0.0 bref=0.00 pid=-400.0 pref=-1200.0 ppos=-259.9 apid=0.0 integ=0.0 vision=1 current=1 vframe=204 vs=1 vage=13 vpage=13 vdt=33 vmax=155 vacc=204 vrej=0 seq=0 elapsed=0 oled=3C
[   2078] STATUS mode=3 fault=none enc=-346 denc=-3 sreq=-400 sapplied=-400 crate=-400 uimp=-275900 upos=0 uneg=735 ball=-125.00 vball=0.00 aball=0.0 bref=0.00 pid=-400.0 pref=-1200.0 ppos=-275.9 apid=0.0 integ=0.0 vision=1 current=1 vframe=204 vs=1 vage=53 vpage=53 vdt=33 vmax=155 vacc=204 vrej=0 seq=0 elapsed=0 oled=3C
[   2108] STATUS mode=3 fault=none enc=-357 denc=-3 sreq=-400 sapplied=-400 crate=-400 uimp=-283900 upos=0 uneg=755 ball=-125.00 vball=0.00 aball=0.0 bref=0.00 pid=-400.0 pref=-1200.0 ppos=-283.9 apid=0.0 integ=0.0 vision=1 current=1 vframe=204 vs=1 vage=73 vpage=73 vdt=33 vmax=155 vacc=204 vrej=0 seq=0 elapsed=0 oled=3C
[   2140] STATUS mode=3 fault=none enc=-367 denc=-2 sreq=-400 sapplied=-400 crate=-400 uimp=-291900 upos=0 uneg=775 ball=-125.00 vball=0.00 aball=0.0 bref=0.00 pid=-400.0 pref=-1200.0 ppos=-291.9 apid=0.0 integ=0.0 vision=1 current=1 vframe=204 vs=1 vage=93 vpage=93 vdt=33 vmax=155 vacc=204 vrej=0 seq=0 elapsed=0 oled=3C
[   2172] STATUS mode=3 fault=none enc=-387 denc=-2 sreq=-400 sapplied=-400 crate=-400 uimp=-307900 upos=0 uneg=815 ball=-125.00 vball=0.00 aball=0.0 bref=0.00 pid=-400.0 pref=-1200.0 ppos=-307.9 apid=0.0 integ=0.0 vision=1 current=1 vframe=206 vs=1 vage=2 vpage=2 vdt=29 vmax=155 vacc=206 vrej=0 seq=0 elapsed=0 oled=3C
[   2187] STATUS mode=3 fault=none enc=-397 denc=-2 sreq=-400 sapplied=-400 crate=-400 uimp=-315900 upos=0 uneg=835 ball=-125.00 vball=0.00 aball=0.0 bref=0.00 pid=-400.0 pref=-1200.0 ppos=-315.9 apid=0.0 integ=0.0 vision=1 current=1 vframe=206 vs=1 vage=22 vpage=22 vdt=29 vmax=155 vacc=206 vrej=0 seq=0 elapsed=0 oled=3C
[   2217] STATUS mode=3 fault=none enc=-408 denc=-3 sreq=-400 sapplied=-400 crate=-400 uimp=-323900 upos=0 uneg=855 ball=-125.00 vball=0.00 aball=0.0 bref=0.00 pid=-400.0 pref=-1200.0 ppos=-323.9 apid=0.0 integ=0.0 vision=1 current=1 vframe=207 vs=1 vage=8 vpage=8 vdt=34 vmax=155 vacc=207 vrej=0 seq=0 elapsed=0 oled=3C
[   2250] STATUS mode=3 fault=none enc=-428 denc=-3 sreq=-400 sapplied=-400 crate=-400 uimp=-339900 upos=0 uneg=895 ball=-125.00 vball=0.00 aball=0.0 bref=0.00 pid=-400.0 pref=-1200.0 ppos=-339.9 apid=0.0 integ=0.0 vision=1 current=1 vframe=207 vs=1 vage=48 vpage=48 vdt=34 vmax=155 vacc=207 vrej=0 seq=0 elapsed=0 oled=3C
[   2281] STATUS mode=3 fault=none enc=-438 denc=-3 sreq=-400 sapplied=-400 crate=-400 uimp=-347900 upos=0 uneg=915 ball=-125.00 vball=0.00 aball=0.0 bref=0.00 pid=-400.0 pref=-1200.0 ppos=-347.9 apid=0.0 integ=0.0 vision=1 current=1 vframe=207 vs=1 vage=68 vpage=68 vdt=34 vmax=155 vacc=207 vrej=0 seq=0 elapsed=0 oled=3C
[   2297] STATUS mode=3 fault=none enc=-459 denc=-3 sreq=-400 sapplied=-400 crate=-400 uimp=-363900 upos=0 uneg=955 ball=-125.00 vball=0.00 aball=0.0 bref=0.00 pid=-400.0 pref=-1200.0 ppos=-363.9 apid=0.0 integ=0.0 vision=1 current=1 vframe=208 vs=1 vage=12 vpage=12 vdt=96 vmax=155 vacc=208 vrej=0 seq=0 elapsed=0 oled=3C
[   2328] STATUS mode=3 fault=none enc=-469 denc=-3 sreq=-400 sapplied=-400 crate=-400 uimp=-371900 upos=0 uneg=975 ball=-125.00 vball=0.00 aball=0.0 bref=0.00 pid=-400.0 pref=-1200.0 ppos=-371.9 apid=0.0 integ=0.0 vision=1 current=1 vframe=209 vs=1 vage=11 vpage=11 vdt=21 vmax=155 vacc=209 vrej=0 seq=0 elapsed=0 oled=3C
[   2358] STATUS mode=3 fault=none enc=-479 denc=-2 sreq=-400 sapplied=-400 crate=-400 uimp=-379900 upos=0 uneg=995 ball=-125.00 vball=0.00 aball=0.0 bref=0.00 pid=-400.0 pref=-1200.0 ppos=-379.9 apid=0.0 integ=0.0 vision=1 current=1 vframe=209 vs=1 vage=31 vpage=31 vdt=21 vmax=155 vacc=209 vrej=0 seq=0 elapsed=0 oled=3C
[   2390] STATUS mode=3 fault=none enc=-500 denc=-3 sreq=-400 sapplied=-400 crate=-400 uimp=-395900 upos=0 uneg=1035 ball=-125.00 vball=0.00 aball=0.0 bref=0.00 pid=-400.0 pref=-1200.0 ppos=-395.9 apid=0.0 integ=0.0 vision=1 current=1 vframe=210 vs=1 vage=38 vpage=38 vdt=33 vmax=155 vacc=210 vrej=0 seq=0 elapsed=0 oled=3C
[   2406] STATUS mode=3 fault=none enc=-509 denc=-2 sreq=-400 sapplied=-400 crate=-400 uimp=-403900 upos=0 uneg=1055 ball=-125.00 vball=0.00 aball=0.0 bref=0.00 pid=-400.0 pref=-1200.0 ppos=-403.9 apid=0.0 integ=0.0 vision=1 current=1 vframe=210 vs=1 vage=58 vpage=58 vdt=33 vmax=155 vacc=210 vrej=0 seq=0 elapsed=0 oled=3C
[   2437] STATUS mode=3 fault=none enc=-519 denc=-2 sreq=-400 sapplied=-400 crate=-400 uimp=-411900 upos=0 uneg=1075 ball=-125.00 vball=0.00 aball=0.0 bref=0.00 pid=-400.0 pref=-1200.0 ppos=-411.9 apid=0.0 integ=0.0 vision=1 current=1 vframe=210 vs=1 vage=78 vpage=78 vdt=33 vmax=155 vacc=210 vrej=0 seq=0 elapsed=0 oled=3C
[   2467] STATUS mode=3 fault=none enc=-540 denc=-2 sreq=-400 sapplied=-400 crate=-400 uimp=-427900 upos=0 uneg=1115 ball=-125.00 vball=0.00 aball=0.0 bref=0.00 pid=-400.0 pref=-1200.0 ppos=-427.9 apid=0.0 integ=0.0 vision=1 current=1 vframe=212 vs=1 vage=1 vpage=1 vdt=22 vmax=155 vacc=212 vrej=0 seq=0 elapsed=0 oled=3C
[   2500] STATUS mode=3 fault=none enc=-550 denc=-2 sreq=-400 sapplied=-400 crate=-400 uimp=-435900 upos=0 uneg=1135 ball=-125.00 vball=0.00 aball=0.0 bref=0.00 pid=-400.0 pref=-1200.0 ppos=-435.9 apid=0.0 integ=0.0 vision=1 current=1 vframe=212 vs=1 vage=21 vpage=21 vdt=22 vmax=155 vacc=212 vrej=0 seq=0 elapsed=0 oled=3C
[   2515] STATUS mode=3 fault=none enc=-561 denc=-3 sreq=-400 sapplied=-400 crate=-400 uimp=-443900 upos=0 uneg=1155 ball=-125.00 vball=0.00 aball=0.0 bref=0.00 pid=-400.0 pref=-1200.0 ppos=-443.9 apid=0.0 integ=0.0 vision=1 current=1 vframe=213 vs=1 vage=8 vpage=8 vdt=33 vmax=155 vacc=213 vrej=0 seq=0 elapsed=0 oled=3C
[   2547] STATUS mode=3 fault=none enc=-580 denc=-2 sreq=-400 sapplied=-400 crate=-400 uimp=-459900 upos=0 uneg=1195 ball=-125.00 vball=0.00 aball=0.0 bref=0.00 pid=-400.0 pref=-1200.0 ppos=-459.9 apid=0.0 integ=0.0 vision=1 current=1 vframe=213 vs=1 vage=48 vpage=48 vdt=33 vmax=155 vacc=213 vrej=0 seq=0 elapsed=0 oled=3C
[   2578] STATUS mode=3 fault=none enc=-590 denc=-2 sreq=-400 sapplied=-400 crate=-400 uimp=-467900 upos=0 uneg=1215 ball=-125.00 vball=0.00 aball=0.0 bref=0.00 pid=-400.0 pref=-1200.0 ppos=-467.9 apid=0.0 integ=0.0 vision=1 current=1 vframe=213 vs=1 vage=68 vpage=68 vdt=33 vmax=155 vacc=213 vrej=0 seq=0 elapsed=0 oled=3C
[   2608] STATUS mode=3 fault=none enc=-610 denc=-2 sreq=-400 sapplied=-400 crate=-400 uimp=-483900 upos=0 uneg=1255 ball=-125.00 vball=0.00 aball=0.0 bref=0.00 pid=-400.0 pref=-1200.0 ppos=-483.9 apid=0.0 integ=0.0 vision=1 current=1 vframe=214 vs=1 vage=13 vpage=13 vdt=95 vmax=155 vacc=214 vrej=0 seq=0 elapsed=0 oled=3C
[   2625] STATUS mode=3 fault=none enc=-621 denc=-3 sreq=-400 sapplied=-400 crate=-400 uimp=-491900 upos=0 uneg=1275 ball=-123.50 vball=36.15 aball=0.0 bref=0.00 pid=-400.0 pref=-1200.0 ppos=-491.9 apid=0.0 integ=0.0 vision=1 current=1 vframe=215 vs=1 vage=12 vpage=12 vdt=21 vmax=155 vacc=215 vrej=0 seq=0 elapsed=0 oled=3C
[   2656] STATUS mode=3 fault=none enc=-631 denc=-3 sreq=-400 sapplied=-400 crate=-400 uimp=-499900 upos=0 uneg=1295 ball=-123.50 vball=36.15 aball=0.0 bref=0.00 pid=-400.0 pref=-1200.0 ppos=-499.9 apid=0.0 integ=0.0 vision=1 current=1 vframe=215 vs=1 vage=32 vpage=32 vdt=21 vmax=155 vacc=215 vrej=0 seq=0 elapsed=0 oled=3C
[   2687] STATUS mode=3 fault=none enc=-651 denc=-3 sreq=-400 sapplied=-400 crate=-400 uimp=-515900 upos=0 uneg=1335 ball=-121.35 vball=48.89 aball=0.0 bref=0.00 pid=-400.0 pref=-1200.0 ppos=-515.9 apid=0.0 integ=0.0 vision=1 current=1 vframe=216 vs=1 vage=36 vpage=36 vdt=36 vmax=155 vacc=216 vrej=0 seq=0 elapsed=0 oled=3C
[   2717] STATUS mode=3 fault=none enc=-661 denc=-3 sreq=-400 sapplied=-400 crate=-400 uimp=-523900 upos=0 uneg=1355 ball=-121.35 vball=48.89 aball=0.0 bref=0.00 pid=-400.0 pref=-1200.0 ppos=-523.9 apid=0.0 integ=0.0 vision=1 current=1 vframe=216 vs=1 vage=56 vpage=56 vdt=36 vmax=155 vacc=216 vrej=0 seq=0 elapsed=0 oled=3C
[   2733] STATUS mode=3 fault=none enc=-670 denc=-2 sreq=-400 sapplied=-400 crate=-400 uimp=-531900 upos=0 uneg=1375 ball=-121.35 vball=48.89 aball=0.0 bref=0.00 pid=-400.0 pref=-1200.0 ppos=-531.9 apid=0.0 integ=0.0 vision=1 current=1 vframe=216 vs=1 vage=76 vpage=76 vdt=36 vmax=155 vacc=216 vrej=0 seq=0 elapsed=0 oled=3C
[   2765] STATUS mode=3 fault=none enc=-690 denc=-2 sreq=-330 sapplied=-330 crate=-330 uimp=-547380 upos=0 uneg=1415 ball=-118.43 vball=42.84 aball=126.8 bref=0.00 pid=120.0 pref=-81.9 ppos=-547.4 apid=0.0 integ=-0.0 vision=1 current=1 vframe=217 vs=1 vage=21 vpage=21 vdt=95 vmax=155 vacc=217 vrej=0 seq=0 elapsed=0 oled=3C
[   2797] STATUS mode=3 fault=none enc=-698 denc=-2 sreq=-260 sapplied=-260 crate=-260 uimp=-553460 upos=0 uneg=1435 ball=-113.31 vball=150.90 aball=126.8 bref=0.00 pid=120.0 pref=471.2 ppos=-553.5 apid=0.0 integ=-0.0 vision=1 current=1 vframe=218 vs=1 vage=20 vpage=20 vdt=21 vmax=155 vacc=218 vrej=0 seq=0 elapsed=0 oled=3C
[   2828] STATUS mode=3 fault=none enc=-707 denc=-1 sreq=-120 sapplied=-120 crate=-120 uimp=-561420 upos=0 uneg=1475 ball=-109.71 vball=132.33 aball=126.8 bref=0.00 pid=120.0 pref=387.4 ppos=-561.4 apid=0.0 integ=-0.0 vision=1 current=1 vframe=219 vs=1 vage=27 vpage=27 vdt=33 vmax=155 vacc=219 vrej=0 seq=0 elapsed=0 oled=3C
[   2842] STATUS mode=3 fault=none enc=-709 denc=-1 sreq=-50 sapplied=-50 crate=-50 uimp=-563300 upos=0 uneg=1495 ball=-109.71 vball=132.33 aball=126.8 bref=0.00 pid=120.0 pref=387.4 ppos=-563.3 apid=0.0 integ=-0.0 vision=1 current=1 vframe=219 vs=1 vage=47 vpage=47 vdt=33 vmax=155 vacc=219 vrej=0 seq=0 elapsed=0 oled=3C
[   2875] STATUS mode=3 fault=none enc=-710 denc=0 sreq=20 sapplied=0 crate=20 uimp=-563715 upos=0 uneg=1505 ball=-109.71 vball=132.33 aball=126.8 bref=0.00 pid=120.0 pref=387.4 ppos=-563.7 apid=0.0 integ=-0.0 vision=1 current=1 vframe=219 vs=1 vage=67 vpage=67 vdt=33 vmax=155 vacc=219 vrej=0 seq=0 elapsed=0 oled=3C
[   2906] STATUS mode=3 fault=none enc=-707 denc=1 sreq=120 sapplied=120 crate=120 uimp=-560695 upos=35 uneg=1505 ball=-104.96 vball=94.97 aball=226.1 bref=0.00 pid=120.0 pref=212.5 ppos=-560.7 apid=0.0 integ=-0.0 vision=1 current=1 vframe=220 vs=1 vage=11 vpage=11 vdt=96 vmax=155 vacc=220 vrej=0 seq=0 elapsed=0 oled=3C
[   2937] STATUS mode=3 fault=none enc=-705 denc=0 sreq=120 sapplied=120 crate=120 uimp=-558295 upos=55 uneg=1505 ball=-104.96 vball=94.97 aball=226.1 bref=0.00 pid=120.0 pref=212.5 ppos=-558.3 apid=0.0 integ=-0.0 vision=1 current=1 vframe=220 vs=1 vage=31 vpage=31 vdt=96 vmax=155 vacc=220 vrej=0 seq=0 elapsed=0 oled=3C
[   2953] STATUS mode=3 fault=none enc=-702 denc=0 sreq=120 sapplied=120 crate=120 uimp=-555895 upos=75 uneg=1505 ball=-94.90 vball=219.57 aball=226.1 bref=0.00 pid=120.0 pref=600.0 ppos=-555.9 apid=0.0 integ=-0.0 vision=1 current=1 vframe=221 vs=1 vage=14 vpage=14 vdt=37 vmax=155 vacc=221 vrej=0 seq=0 elapsed=0 oled=3C
[   2983] STATUS mode=3 fault=none enc=-696 denc=1 sreq=120 sapplied=120 crate=120 uimp=-551095 upos=115 uneg=1505 ball=-94.90 vball=219.57 aball=226.1 bref=0.00 pid=120.0 pref=600.0 ppos=-551.1 apid=0.0 integ=-0.0 vision=1 current=1 vframe=221 vs=1 vage=54 vpage=54 vdt=37 vmax=155 vacc=221 vrej=0 seq=0 elapsed=0 oled=3C
[   3015] STATUS mode=3 fault=none enc=-692 denc=2 sreq=120 sapplied=120 crate=120 uimp=-548695 upos=135 uneg=1505 ball=-94.90 vball=219.57 aball=226.1 bref=0.00 pid=120.0 pref=600.0 ppos=-548.7 apid=0.0 integ=-0.0 vision=1 current=1 vframe=221 vs=1 vage=74 vpage=74 vdt=37 vmax=155 vacc=221 vrej=0 seq=0 elapsed=0 oled=3C
[   3031] STATUS mode=3 fault=none enc=-690 denc=0 sreq=120 sapplied=120 crate=120 uimp=-546295 upos=155 uneg=1505 ball=-94.90 vball=219.57 aball=226.1 bref=0.00 pid=120.0 pref=600.0 ppos=-546.3 apid=0.0 integ=-0.0 vision=1 current=1 vframe=221 vs=1 vage=94 vpage=94 vdt=37 vmax=155 vacc=221 vrej=0 seq=0 elapsed=0 oled=3C
[   3062] STATUS mode=3 fault=none enc=-684 denc=1 sreq=120 sapplied=120 crate=120 uimp=-541495 upos=195 uneg=1505 ball=-84.81 vball=149.17 aball=394.4 bref=0.00 pid=120.0 pref=533.8 ppos=-541.5 apid=0.0 integ=-0.0 vision=1 current=1 vframe=223 vs=1 vage=18 vpage=18 vdt=10 vmax=155 vacc=223 vrej=0 seq=0 elapsed=0 oled=3C
[   3092] STATUS mode=3 fault=none enc=-680 denc=2 sreq=120 sapplied=120 crate=120 uimp=-539095 upos=215 uneg=1505 ball=-72.07 vball=273.32 aball=394.4 bref=0.00 pid=120.0 pref=533.8 ppos=-539.1 apid=0.0 integ=-0.0 vision=1 current=1 vframe=224 vs=1 vage=2 vpage=2 vdt=36 vmax=155 vacc=224 vrej=0 seq=0 elapsed=0 oled=3C
[   3092] >>> stop
[   3125] STATUS mode=3 fault=none enc=-674 denc=0 sreq=120 sapplied=120 crate=120 uimp=-534295 upos=255 uneg=1505 ball=-72.07 vball=273.32 aball=394.4 bref=0.00 pid=120.0 pref=600.0 ppos=-534.3 apid=0.0 integ=-0.0 vision=1 current=1 vframe=224 vs=1 vage=42 vpage=42 vdt=36 vmax=155 vacc=224 vrej=0 seq=0 elapsed=0 oled=3C
[   3140] STATUS mode=1 fault=none enc=-680 denc=-1 sreq=0 sapplied=0 crate=0 uimp=-534295 upos=255 uneg=1505 ball=-72.07 vball=273.32 aball=0.0 bref=0.00 pid=0.0 pref=0.0 ppos=0.0 apid=0.0 integ=0.0 vision=1 current=1 vframe=224 vs=1 vage=62 vpage=62 vdt=36 vmax=155 vacc=224 vrej=0 seq=0 elapsed=0 oled=3C
[   3172] STATUS mode=1 fault=none enc=-680 denc=0 sreq=0 sapplied=0 crate=0 uimp=-534295 upos=255 uneg=1505 ball=-72.07 vball=273.32 aball=0.0 bref=0.00 pid=0.0 pref=0.0 ppos=0.0 apid=0.0 integ=0.0 vision=1 current=1 vframe=224 vs=1 vage=82 vpage=82 vdt=36 vmax=155 vacc=224 vrej=0 seq=0 elapsed=0 oled=3C
[   3203] STATUS mode=1 fault=none enc=-680 denc=0 sreq=0 sapplied=0 crate=0 uimp=-534295 upos=255 uneg=1505 ball=-72.07 vball=273.32 aball=0.0 bref=0.00 pid=0.0 pref=0.0 ppos=0.0 apid=0.0 integ=0.0 vision=1 current=1 vframe=224 vs=1 vage=102 vpage=102 vdt=36 vmax=155 vacc=224 vrej=0 seq=0 elapsed=0 oled=3C
[   3217] STATUS mode=1 fault=none enc=-680 denc=0 sreq=0 sapplied=0 crate=0 uimp=-534295 upos=255 uneg=1505 ball=-58.95 vball=189.34 aball=0.0 bref=0.00 pid=0.0 pref=0.0 ppos=0.0 apid=0.0 integ=0.0 vision=1 current=1 vframe=226 vs=1 vage=30 vpage=30 vdt=7 vmax=155 vacc=226 vrej=0 seq=0 elapsed=0 oled=3C
[   3250] STATUS mode=1 fault=none enc=-680 denc=0 sreq=0 sapplied=0 crate=0 uimp=-534295 upos=255 uneg=1505 ball=-43.17 vball=365.69 aball=0.0 bref=0.00 pid=0.0 pref=0.0 ppos=0.0 apid=0.0 integ=0.0 vision=1 current=1 vframe=227 vs=1 vage=14 vpage=14 vdt=36 vmax=155 vacc=227 vrej=0 seq=0 elapsed=0 oled=3C
[   3281] STATUS mode=1 fault=none enc=-680 denc=0 sreq=0 sapplied=0 crate=0 uimp=-534295 upos=255 uneg=1505 ball=-43.17 vball=365.69 aball=0.0 bref=0.00 pid=0.0 pref=0.0 ppos=0.0 apid=0.0 integ=0.0 vision=1 current=1 vframe=227 vs=1 vage=34 vpage=34 vdt=36 vmax=155 vacc=227 vrej=0 seq=0 elapsed=0 oled=3C
[   3297] STATUS mode=1 fault=none enc=-680 denc=0 sreq=0 sapplied=0 crate=0 uimp=-534295 upos=255 uneg=1505 ball=-43.17 vball=365.69 aball=0.0 bref=0.00 pid=0.0 pref=0.0 ppos=0.0 apid=0.0 integ=0.0 vision=1 current=1 vframe=227 vs=1 vage=74 vpage=74 vdt=36 vmax=155 vacc=227 vrej=0 seq=0 elapsed=0 oled=3C
[   3328] STATUS mode=1 fault=none enc=-680 denc=0 sreq=0 sapplied=0 crate=0 uimp=-534295 upos=255 uneg=1505 ball=-43.17 vball=365.69 aball=0.0 bref=0.00 pid=0.0 pref=0.0 ppos=0.0 apid=0.0 integ=0.0 vision=1 current=1 vframe=227 vs=1 vage=94 vpage=94 vdt=36 vmax=155 vacc=227 vrej=0 seq=0 elapsed=0 oled=3C
[   3358] STATUS mode=1 fault=none enc=-680 denc=0 sreq=0 sapplied=0 crate=0 uimp=-534295 upos=255 uneg=1505 ball=-27.25 vball=242.46 aball=0.0 bref=0.00 pid=0.0 pref=0.0 ppos=0.0 apid=0.0 integ=0.0 vision=1 current=1 vframe=229 vs=1 vage=1 vpage=1 vdt=7 vmax=155 vacc=229 vrej=0 seq=0 elapsed=0 oled=3C
[   3375] STATUS mode=1 fault=none enc=-680 denc=0 sreq=0 sapplied=0 crate=0 uimp=-534295 upos=255 uneg=1505 ball=-9.18 vball=418.08 aball=0.0 bref=0.00 pid=0.0 pref=0.0 ppos=0.0 apid=0.0 integ=0.0 vision=1 current=1 vframe=230 vs=1 vage=5 vpage=5 vdt=36 vmax=155 vacc=230 vrej=0 seq=0 elapsed=0 oled=3C
[   3406] STATUS mode=1 fault=none enc=-680 denc=0 sreq=0 sapplied=0 crate=0 uimp=-534295 upos=255 uneg=1505 ball=-9.18 vball=418.08 aball=0.0 bref=0.00 pid=0.0 pref=0.0 ppos=0.0 apid=0.0 integ=0.0 vision=1 current=1 vframe=230 vs=1 vage=25 vpage=25 vdt=36 vmax=155 vacc=230 vrej=0 seq=0 elapsed=0 oled=3C
[   3437] STATUS mode=1 fault=none enc=-680 denc=0 sreq=0 sapplied=0 crate=0 uimp=-534295 upos=255 uneg=1505 ball=-9.18 vball=418.08 aball=0.0 bref=0.00 pid=0.0 pref=0.0 ppos=0.0 apid=0.0 integ=0.0 vision=1 current=1 vframe=230 vs=1 vage=45 vpage=45 vdt=36 vmax=155 vacc=230 vrej=0 seq=0 elapsed=0 oled=3C
[   3453] STATUS mode=1 fault=none enc=-680 denc=0 sreq=0 sapplied=0 crate=0 uimp=-534295 upos=255 uneg=1505 ball=-9.18 vball=418.08 aball=0.0 bref=0.00 pid=0.0 pref=0.0 ppos=0.0 apid=0.0 integ=0.0 vision=1 current=1 vframe=230 vs=1 vage=65 vpage=65 vdt=36 vmax=155 vacc=230 vrej=0 seq=0 elapsed=0 oled=3C
[   3453] >>> stream off
[   3483] STATUS mode=1 fault=none enc=-680 denc=0 sreq=0 sapplied=0 crate=0 uimp=-534295 upos=255 uneg=1505 ball=-1.77 vball=322.05 aball=0.0 bref=0.00 pid=0.0 pref=0.0 ppos=0.0 apid=0.0 integ=0.0 vision=1 current=1 vframe=231 vs=1 vage=3 vpage=3 vdt=102 vmax=155 vacc=231 vrej=0 seq=0 elapsed=0 oled=3C
[   3483] OK stream off
[   3672] STOP_REASON speed_limit
