[      0] >>> bench on
[      0] OK stepper visual-only bench active; use zero before tests
[    172] >>> clear
[    188] OK fault cleared
[    358] >>> diag reset
[    375] OK actuator diagnostics reset
[    547] >>> gain ball 4.0 5.0 2.0 -1
[    563] OK ball gains kp=4.000 ki=5.000 kd=2.000 sign=-1
[    733] >>> gain accel 0.0
[    750] OK ball acceleration gain ka=0.000
[    922] >>> limit rate 2000
[    938] OK ball rate limit=2000 steps/s
[   1108] >>> stream on 20
[   1125] OK stream on 20 ms
[   1156] STATUS mode=1 fault=none enc=0 denc=0 sreq=0 sapplied=0 crate=0 uimp=0 upos=0 uneg=0 ball=-48.50 vball=-0.01 aball=0.0 bref=0.00 pid=0.0 pref=0.0 ppos=0.0 apid=0.0 integ=0.0 vision=1 current=1 vframe=184 vs=1 vage=28 vpage=28 vdt=33 vmax=144 vacc=184 vrej=0 seq=0 elapsed=0 oled=3C
[   1188] STATUS mode=1 fault=none enc=0 denc=0 sreq=0 sapplied=0 crate=0 uimp=0 upos=0 uneg=0 ball=-48.50 vball=-0.01 aball=0.0 bref=0.00 pid=0.0 pref=0.0 ppos=0.0 apid=0.0 integ=0.0 vision=1 current=1 vframe=184 vs=1 vage=48 vpage=48 vdt=33 vmax=144 vacc=184 vrej=0 seq=0 elapsed=0 oled=3C
[   1203] STATUS mode=1 fault=none enc=0 denc=0 sreq=0 sapplied=0 crate=0 uimp=0 upos=0 uneg=0 ball=-48.50 vball=-0.01 aball=0.0 bref=0.00 pid=0.0 pref=0.0 ppos=0.0 apid=0.0 integ=0.0 vision=1 current=1 vframe=184 vs=1 vage=68 vpage=68 vdt=33 vmax=144 vacc=184 vrej=0 seq=0 elapsed=0 oled=3C
[   1233] STATUS mode=1 fault=none enc=0 denc=0 sreq=0 sapplied=0 crate=0 uimp=0 upos=0 uneg=0 ball=-48.50 vball=-0.01 aball=0.0 bref=0.00 pid=0.0 pref=0.0 ppos=0.0 apid=0.0 integ=0.0 vision=1 current=1 vframe=184 vs=1 vage=88 vpage=88 vdt=33 vmax=144 vacc=184 vrej=0 seq=0 elapsed=0 oled=3C
[   1266] STATUS mode=1 fault=none enc=0 denc=0 sreq=0 sapplied=0 crate=0 uimp=0 upos=0 uneg=0 ball=-48.50 vball=-0.00 aball=0.0 bref=0.00 pid=0.0 pref=0.0 ppos=0.0 apid=0.0 integ=0.0 vision=1 current=1 vframe=185 vs=1 vage=12 vpage=12 vdt=96 vmax=144 vacc=185 vrej=0 seq=0 elapsed=0 oled=3C
[   1281] STATUS mode=1 fault=none enc=0 denc=0 sreq=0 sapplied=0 crate=0 uimp=0 upos=0 uneg=0 ball=-48.45 vball=1.18 aball=0.0 bref=0.00 pid=0.0 pref=0.0 ppos=0.0 apid=0.0 integ=0.0 vision=1 current=1 vframe=186 vs=1 vage=32 vpage=32 vdt=20 vmax=144 vacc=186 vrej=0 seq=0 elapsed=0 oled=3C
[   1281] >>> ball 0.0
[   1313] STATUS mode=1 fault=none enc=0 denc=0 sreq=0 sapplied=0 crate=0 uimp=0 upos=0 uneg=0 ball=-48.45 vball=0.68 aball=0.0 bref=0.00 pid=0.0 pref=0.0 ppos=0.0 apid=0.0 integ=0.0 vision=1 current=1 vframe=187 vs=1 vage=18 vpage=18 vdt=34 vmax=144 vacc=187 vrej=0 seq=0 elapsed=0 oled=3C
[   1328] STATUS mode=3 fault=none enc=0 denc=-1 sreq=-300 sapplied=-300 crate=-300 uimp=-1000 upos=0 uneg=5 ball=-48.45 vball=0.68 aball=0.0 bref=0.00 pid=-1914.4 pref=-192.4 ppos=-1.0 apid=0.0 integ=-0.0 vision=1 current=1 vframe=187 vs=1 vage=38 vpage=38 vdt=34 vmax=144 vacc=187 vrej=0 seq=0 elapsed=0 oled=3C
[   1358] STATUS mode=3 fault=none enc=-12 denc=-4 sreq=-700 sapplied=-700 crate=-700 uimp=-10000 upos=0 uneg=25 ball=-48.45 vball=0.68 aball=0.0 bref=0.00 pid=-1824.4 pref=-192.4 ppos=-10.0 apid=0.0 integ=-0.0 vision=1 current=1 vframe=187 vs=1 vage=58 vpage=58 vdt=34 vmax=144 vacc=187 vrej=0 seq=0 elapsed=0 oled=3C
[   1391] STATUS mode=3 fault=none enc=-65 denc=-8 sreq=-1500 sapplied=-1500 crate=-1500 uimp=-52000 upos=0 uneg=65 ball=-48.42 vball=0.58 aball=-0.5 bref=0.00 pid=-1640.0 pref=-216.0 ppos=-52.0 apid=-0.0 integ=-23.5 vision=1 current=1 vframe=188 vs=1 vage=1 vpage=1 vdt=97 vmax=144 vacc=188 vrej=0 seq=0 elapsed=0 oled=3C
[   1422] STATUS mode=3 fault=none enc=-102 denc=-9 sreq=-1342 sapplied=-1342 crate=-1342 uimp=-81820 upos=0 uneg=85 ball=-48.42 vball=0.58 aball=-0.5 bref=0.00 pid=-1341.8 pref=-216.0 ppos=-81.8 apid=-0.0 integ=-23.5 vision=1 current=1 vframe=188 vs=1 vage=21 vpage=21 vdt=97 vmax=144 vacc=188 vrej=0 seq=0 elapsed=0 oled=3C
[   1438] STATUS mode=3 fault=none enc=-162 denc=-7 sreq=-1081 sapplied=-1081 crate=-1081 uimp=-129650 upos=0 uneg=125 ball=-48.64 vball=-3.44 aball=-0.5 bref=0.00 pid=-1081.4 pref=-237.8 ppos=-129.7 apid=-0.0 integ=-36.4 vision=1 current=1 vframe=189 vs=1 vage=20 vpage=20 vdt=21 vmax=144 vacc=189 vrej=0 seq=0 elapsed=0 oled=3C
[   1469] STATUS mode=3 fault=none enc=-188 denc=-6 sreq=-881 sapplied=-881 crate=-881 uimp=-149705 upos=0 uneg=145 ball=-48.64 vball=-3.44 aball=-0.5 bref=0.00 pid=-880.9 pref=-237.8 ppos=-149.7 apid=-0.0 integ=-36.4 vision=1 current=1 vframe=190 vs=1 vage=28 vpage=28 vdt=32 vmax=144 vacc=190 vrej=0 seq=0 elapsed=0 oled=3C
[   1500] STATUS mode=3 fault=none enc=-208 denc=-4 sreq=-717 sapplied=-717 crate=-717 uimp=-166045 upos=0 uneg=165 ball=-48.64 vball=-3.44 aball=-0.5 bref=0.00 pid=-717.5 pref=-237.8 ppos=-166.0 apid=-0.0 integ=-36.4 vision=1 current=1 vframe=190 vs=1 vage=48 vpage=48 vdt=32 vmax=144 vacc=190 vrej=0 seq=0 elapsed=0 oled=3C
[   1531] STATUS mode=3 fault=none enc=-238 denc=-2 sreq=-476 sapplied=-476 crate=-476 uimp=-190190 upos=0 uneg=205 ball=-48.64 vball=-3.44 aball=-0.5 bref=0.00 pid=-476.0 pref=-237.8 ppos=-190.2 apid=-0.0 integ=-36.4 vision=1 current=1 vframe=190 vs=1 vage=88 vpage=88 vdt=32 vmax=144 vacc=190 vrej=0 seq=0 elapsed=0 oled=3C
[   1547] STATUS mode=3 fault=none enc=-253 denc=-4 sreq=-575 sapplied=-575 crate=-575 uimp=-200615 upos=0 uneg=225 ball=-48.53 vball=-2.06 aball=-8.2 bref=0.00 pid=-575.1 pref=-258.1 ppos=-200.6 apid=-0.0 integ=-59.9 vision=1 current=1 vframe=191 vs=1 vage=11 vpage=11 vdt=97 vmax=144 vacc=191 vrej=0 seq=0 elapsed=0 oled=3C
[   1578] STATUS mode=3 fault=none enc=-267 denc=-3 sreq=-468 sapplied=-468 crate=-468 uimp=-211280 upos=0 uneg=245 ball=-48.53 vball=-2.06 aball=-8.2 bref=0.00 pid=-468.5 pref=-258.1 ppos=-211.3 apid=-0.0 integ=-59.9 vision=1 current=1 vframe=191 vs=1 vage=31 vpage=31 vdt=97 vmax=144 vacc=191 vrej=0 seq=0 elapsed=0 oled=3C
[   1608] STATUS mode=3 fault=none enc=-279 denc=0 sreq=187 sapplied=187 crate=187 uimp=-218970 upos=5 uneg=275 ball=-47.13 vball=24.07 aball=-8.2 bref=0.00 pid=187.0 pref=-200.3 ppos=-219.0 apid=-0.0 integ=-0.0 vision=1 current=1 vframe=192 vs=1 vage=34 vpage=34 vdt=37 vmax=144 vacc=192 vrej=0 seq=0 elapsed=0 oled=3C
[   1641] STATUS mode=3 fault=none enc=-274 denc=3 sreq=152 sapplied=152 crate=152 uimp=-215500 upos=25 uneg=275 ball=-47.13 vball=24.07 aball=-8.2 bref=0.00 pid=152.3 pref=-200.3 ppos=-215.5 apid=-0.0 integ=-0.0 vision=1 current=1 vframe=192 vs=1 vage=54 vpage=54 vdt=37 vmax=144 vacc=192 vrej=0 seq=0 elapsed=0 oled=3C
[   1656] STATUS mode=3 fault=none enc=-269 denc=0 sreq=124 sapplied=124 crate=124 uimp=-212675 upos=45 uneg=275 ball=-47.13 vball=24.07 aball=-8.2 bref=0.00 pid=124.1 pref=-200.3 ppos=-212.7 apid=-0.0 integ=-0.0 vision=1 current=1 vframe=192 vs=1 vage=74 vpage=74 vdt=37 vmax=144 vacc=192 vrej=0 seq=0 elapsed=0 oled=3C
[   1688] STATUS mode=3 fault=none enc=-266 denc=1 sreq=230 sapplied=230 crate=230 uimp=-207980 upos=85 uneg=275 ball=-46.03 vball=29.49 aball=93.4 bref=0.00 pid=229.5 pref=-185.0 ppos=-208.0 apid=0.0 integ=-0.0 vision=1 current=1 vframe=193 vs=1 vage=6 vpage=6 vdt=108 vmax=144 vacc=193 vrej=0 seq=0 elapsed=0 oled=3C
[   1719] STATUS mode=3 fault=none enc=-263 denc=1 sreq=157 sapplied=157 crate=157 uimp=-204215 upos=105 uneg=275 ball=-44.82 vball=25.34 aball=93.4 bref=0.00 pid=157.3 pref=-188.5 ppos=-204.2 apid=0.0 integ=-0.0 vision=1 current=1 vframe=194 vs=1 vage=18 vpage=18 vdt=8 vmax=144 vacc=194 vrej=0 seq=0 elapsed=0 oled=3C
[   1750] STATUS mode=3 fault=none enc=-248 denc=3 sreq=635 sapplied=635 crate=635 uimp=-193600 upos=145 uneg=275 ball=-40.28 vball=78.09 aball=93.4 bref=0.00 pid=1287.7 pref=-64.8 ppos=-193.6 apid=0.0 integ=-0.0 vision=1 current=1 vframe=195 vs=1 vage=24 vpage=24 vdt=34 vmax=144 vacc=195 vrej=0 seq=0 elapsed=0 oled=3C
[   1766] STATUS mode=3 fault=none enc=-228 denc=6 sreq=1035 sapplied=1035 crate=1035 uimp=-177900 upos=165 uneg=275 ball=-40.28 vball=78.09 aball=93.4 bref=0.00 pid=1130.7 pref=-64.8 ppos=-177.9 apid=0.0 integ=-0.0 vision=1 current=1 vframe=195 vs=1 vage=44 vpage=44 vdt=34 vmax=144 vacc=195 vrej=0 seq=0 elapsed=0 oled=3C
[   1797] STATUS mode=3 fault=none enc=-201 denc=5 sreq=925 sapplied=925 crate=925 uimp=-157335 upos=185 uneg=275 ball=-40.28 vball=78.09 aball=93.4 bref=0.00 pid=925.1 pref=-64.8 ppos=-157.3 apid=0.0 integ=-0.0 vision=1 current=1 vframe=195 vs=1 vage=64 vpage=64 vdt=34 vmax=144 vacc=195 vrej=0 seq=0 elapsed=0 oled=3C
[   1828] STATUS mode=3 fault=none enc=-161 denc=3 sreq=614 sapplied=614 crate=614 uimp=-126200 upos=225 uneg=275 ball=-40.28 vball=78.09 aball=93.4 bref=0.00 pid=613.7 pref=-64.8 ppos=-126.2 apid=0.0 integ=-0.0 vision=1 current=1 vframe=195 vs=1 vage=104 vpage=104 vdt=34 vmax=144 vacc=195 vrej=0 seq=0 elapsed=0 oled=3C
[   1858] STATUS mode=3 fault=none enc=-144 denc=5 sreq=687 sapplied=687 crate=687 uimp=-112885 upos=245 uneg=275 ball=-33.54 vball=74.92 aball=224.6 bref=0.00 pid=686.8 pref=-44.2 ppos=-112.9 apid=0.0 integ=-0.0 vision=1 current=1 vframe=197 vs=1 vage=5 vpage=5 vdt=8 vmax=144 vacc=197 vrej=0 seq=0 elapsed=0 oled=3C
[   1875] STATUS mode=3 fault=none enc=-128 denc=4 sreq=559 sapplied=559 crate=559 uimp=-100145 upos=265 uneg=275 ball=-33.54 vball=74.92 aball=224.6 bref=0.00 pid=559.4 pref=-44.2 ppos=-100.1 apid=0.0 integ=-0.0 vision=1 current=1 vframe=197 vs=1 vage=25 vpage=25 vdt=8 vmax=144 vacc=197 vrej=0 seq=0 elapsed=0 oled=3C
[   1906] STATUS mode=3 fault=none enc=-87 denc=7 sreq=1231 sapplied=1231 crate=1231 uimp=-68265 upos=305 uneg=275 ball=-20.33 vball=156.77 aball=224.6 bref=0.00 pid=2000.0 pref=172.3 ppos=-68.3 apid=0.0 integ=-0.0 vision=1 current=1 vframe=199 vs=1 vage=1 vpage=1 vdt=33 vmax=144 vacc=199 vrej=0 seq=0 elapsed=0 oled=3C
[   1938] STATUS mode=3 fault=none enc=-52 denc=10 sreq=1631 sapplied=1631 crate=1631 uimp=-40645 upos=325 uneg=275 ball=-20.33 vball=156.77 aball=224.6 bref=0.00 pid=2000.0 pref=172.3 ppos=-40.6 apid=0.0 integ=-0.0 vision=1 current=1 vframe=199 vs=1 vage=21 vpage=21 vdt=33 vmax=144 vacc=199 vrej=0 seq=0 elapsed=0 oled=3C
[   1969] STATUS mode=3 fault=none enc=-7 denc=13 sreq=1777 sapplied=1777 crate=1777 uimp=-5330 upos=345 uneg=275 ball=-20.33 vball=156.77 aball=224.6 bref=0.00 pid=1776.6 pref=172.3 ppos=-5.3 apid=0.0 integ=-0.0 vision=1 current=1 vframe=199 vs=1 vage=41 vpage=41 vdt=33 vmax=144 vacc=199 vrej=0 seq=0 elapsed=0 oled=3C
[   1983] STATUS mode=3 fault=none enc=68 denc=9 sreq=1179 sapplied=1179 crate=1179 uimp=54470 upos=385 uneg=275 ball=-20.33 vball=156.77 aball=224.6 bref=0.00 pid=1178.6 pref=172.3 ppos=54.5 apid=0.0 integ=-0.0 vision=1 current=1 vframe=199 vs=1 vage=81 vpage=81 vdt=33 vmax=144 vacc=199 vrej=0 seq=0 elapsed=0 oled=3C
[   2016] STATUS mode=3 fault=none enc=96 denc=7 sreq=960 sapplied=960 crate=960 uimp=76335 upos=405 uneg=275 ball=-20.33 vball=156.77 aball=224.6 bref=0.00 pid=960.0 pref=172.3 ppos=76.3 apid=0.0 integ=-0.0 vision=1 current=1 vframe=199 vs=1 vage=101 vpage=101 vdt=33 vmax=144 vacc=199 vrej=0 seq=0 elapsed=0 oled=3C
[   2047] STATUS mode=3 fault=none enc=117 denc=5 sreq=560 sapplied=560 crate=560 uimp=92535 upos=425 uneg=275 ball=-12.62 vball=125.04 aball=216.7 bref=0.00 pid=471.8 pref=139.7 ppos=92.5 apid=0.0 integ=-0.0 vision=1 current=1 vframe=200 vs=1 vage=16 vpage=16 vdt=105 vmax=144 vacc=200 vrej=0 seq=0 elapsed=0 oled=3C
[   2063] STATUS mode=3 fault=none enc=149 denc=7 sreq=1021 sapplied=1021 crate=1021 uimp=117765 upos=465 uneg=275 ball=-1.39 vball=266.74 aball=216.7 bref=0.00 pid=1223.5 pref=240.1 ppos=117.8 apid=0.0 integ=-0.0 vision=1 current=1 vframe=201 vs=1 vage=28 vpage=28 vdt=28 vmax=144 vacc=201 vrej=0 seq=0 elapsed=0 oled=3C
[   2094] STATUS mode=3 fault=none enc=176 denc=5 sreq=1008 sapplied=1008 crate=1008 uimp=139360 upos=485 uneg=275 ball=5.11 vball=228.89 aball=216.7 bref=0.00 pid=1007.5 pref=240.1 ppos=139.4 apid=0.0 integ=-0.0 vision=1 current=1 vframe=202 vs=1 vage=15 vpage=15 vdt=33 vmax=144 vacc=202 vrej=0 seq=0 elapsed=0 oled=3C
[   2125] STATUS mode=3 fault=none enc=220 denc=5 sreq=668 sapplied=668 crate=668 uimp=173280 upos=505 uneg=275 ball=5.11 vball=228.89 aball=216.7 bref=0.00 pid=820.6 pref=240.1 ppos=158.1 apid=0.0 integ=-0.0 vision=1 current=1 vframe=202 vs=1 vage=35 vpage=35 vdt=33 vmax=144 vacc=202 vrej=0 seq=0 elapsed=0 oled=3C
[   2156] STATUS mode=3 fault=none enc=236 denc=4 sreq=544 sapplied=544 crate=544 uimp=185675 upos=545 uneg=275 ball=5.11 vball=228.89 aball=216.7 bref=0.00 pid=544.4 pref=240.1 ppos=185.7 apid=0.0 integ=-0.0 vision=1 current=1 vframe=202 vs=1 vage=75 vpage=75 vdt=33 vmax=144 vacc=202 vrej=0 seq=0 elapsed=0 oled=3C
[   2172] STATUS mode=3 fault=none enc=249 denc=3 sreq=443 sapplied=443 crate=443 uimp=195770 upos=565 uneg=275 ball=5.11 vball=228.89 aball=216.7 bref=0.00 pid=443.4 pref=240.1 ppos=195.8 apid=0.0 integ=-0.0 vision=1 current=1 vframe=202 vs=1 vage=95 vpage=95 vdt=33 vmax=144 vacc=202 vrej=0 seq=0 elapsed=0 oled=3C
[   2203] STATUS mode=3 fault=none enc=267 denc=2 sreq=294 sapplied=294 crate=294 uimp=210690 upos=605 uneg=275 ball=13.55 vball=157.66 aball=200.3 bref=0.00 pid=294.2 pref=240.1 ppos=04.0 apid=0.0 integ=-0.0 vision=1 current=1 vframe=202 vs=1 vage=115 vpage=115 vdt=33 vmax=144 vacc=202 vrej=0 seq=0 elapsed=0 oled=3C
[   2233] STATUS mode=3 fault=none enc=275 denc=3 sreq=240 sapplied=240 crate=240 uimp=216150 upos=625 uneg=275 ball=26.93 vball=293.08 aball=200.3 bref=0.00 pid=239.6 pref=240.1 ppos=216.2 apid=0.0 integ=-0.0 vision=1 current=1 vframe=204 vs=1 vage=5 vpage=5 vdt=30 vmax=144 vacc=204 vrej=0 seq=0 elapsed=0 oled=3C
[   2266] STATUS mode=3 fault=none enc=280 denc=1 sreq=195 sapplied=195 crate=195 uimp=220595 upos=645 uneg=275 ball=26.93 vball=293.08 aball=200.3 bref=0.00 pid=195.2 pref=240.1 ppos=220.6 apid=0.0 integ=-0.0 vision=1 current=1 vframe=204 vs=1 vage=25 vpage=25 vdt=30 vmax=144 vacc=204 vrej=0 seq=0 elapsed=0 oled=3C
[   2281] STATUS mode=3 fault=none enc=287 denc=0 sreq=130 sapplied=130 crate=130 uimp=227160 upos=685 uneg=275 ball=31.80 vball=221.57 aball=200.3 bref=0.00 pid=129.5 pref=240.1 ppos=227.2 apid=0.0 integ=-0.0 vision=1 current=1 vframe=205 vs=1 vage=32 vpage=32 vdt=33 vmax=144 vacc=205 vrej=0 seq=0 elapsed=0 oled=3C
[   2313] STATUS mode=3 fault=none enc=291 denc=2 sreq=105 sapplied=105 crate=105 uimp=229565 upos=705 uneg=275 ball=31.80 vball=221.57 aball=200.3 bref=0.00 pid=105.5 pref=240.1 ppos=229.6 apid=0.0 integ=-0.0 vision=1 current=1 vframe=205 vs=1 vage=52 vpage=52 vdt=33 vmax=144 vacc=205 vrej=0 seq=0 elapsed=0 oled=3C
[   2344] STATUS mode=3 fault=none enc=293 denc=2 sreq=86 sapplied=86 crate=86 uimp=231515 upos=725 uneg=275 ball=31.80 vball=221.57 aball=200.3 bref=0.00 pid=86.0 pref=240.1 ppos=231.5 apid=0.0 integ=-0.0 vision=1 current=1 vframe=205 vs=1 vage=72 vpage=72 vdt=33 vmax=144 vacc=205 vrej=0 seq=0 elapsed=0 oled=3C
[   2358] STATUS mode=3 fault=none enc=296 denc=0 sreq=57 sapplied=57 crate=57 uimp=234410 upos=765 uneg=275 ball=39.40 vball=158.09 aball=111.3 bref=0.00 pid=57.0 pref=240.1 ppos=234.4 apid=0.0 integ=-0.0 vision=1 current=1 vframe=206 vs=1 vage=8 vpage=8 vdt=104 vmax=144 vacc=206 vrej=0 seq=0 elapsed=0 oled=3C
[   2391] STATUS mode=3 fault=none enc=297 denc=0 sreq=46 sapplied=46 crate=46 uimp=235465 upos=785 uneg=275 ball=39.40 vball=158.09 aball=111.3 bref=0.00 pid=46.5 pref=240.1 ppos=235.5 apid=0.0 integ=-0.0 vision=1 current=1 vframe=206 vs=1 vage=28 vpage=28 vdt=104 vmax=144 vacc=206 vrej=0 seq=0 elapsed=0 oled=3C
[   2422] STATUS mode=3 fault=none enc=298 denc=0 sreq=38 sapplied=38 crate=38 uimp=236325 upos=805 uneg=275 ball=46.77 vball=201.68 aball=111.3 bref=0.00 pid=37.9 pref=240.1 ppos=236.3 apid=0.0 integ=-0.0 vision=1 current=1 vframe=207 vs=1 vage=19 vpage=19 vdt=29 vmax=144 vacc=207 vrej=0 seq=0 elapsed=0 oled=3C
[   2438] STATUS mode=3 fault=none enc=299 denc=-1 sreq=25 sapplied=25 crate=25 uimp=237595 upos=845 uneg=275 ball=50.21 vball=154.26 aball=111.3 bref=0.00 pid=25.2 pref=240.1 ppos=237.6 apid=0.0 integ=-0.0 vision=1 current=1 vframe=208 vs=1 vage=6 vpage=6 vdt=33 vmax=144 vacc=208 vrej=0 seq=0 elapsed=0 oled=3C
[   2438] >>> stop
[   2469] STATUS mode=3 fault=none enc=300 denc=0 sreq=20 sapplied=20 crate=20 uimp=238065 upos=865 uneg=275 ball=50.21 vball=154.26 aball=111.3 bref=0.00 pid=20.5 pref=240.1 ppos=238.1 apid=0.0 integ=-0.0 vision=1 current=1 vframe=208 vs=1 vage=46 vpage=46 vdt=33 vmax=144 vacc=208 vrej=0 seq=0 elapsed=0 oled=3C
[   2500] STATUS mode=1 fault=none enc=288 denc=-4 sreq=0 sapplied=0 crate=0 uimp=238165 upos=870 uneg=275 ball=50.21 vball=154.26 aball=0.0 bref=0.00 pid=0.0 pref=238.2 ppos=238.2 apid=0.0 integ=0.0 vision=1 current=1 vframe=208 vs=1 vage=66 vpage=66 vdt=33 vmax=144 vacc=208 vrej=0 seq=0 elapsed=0 oled=3C
[   2516] STATUS mode=1 fault=none enc=268 denc=-3 sreq=0 sapplied=0 crate=0 uimp=238165 upos=870 uneg=275 ball=50.21 vball=154.26 aball=0.0 bref=0.00 pid=0.0 pref=238.2 ppos=238.2 apid=0.0 integ=0.0 vision=1 current=1 vframe=208 vs=1 vage=86 vpage=86 vdt=33 vmax=144 vacc=208 vrej=0 seq=0 elapsed=0 oled=3C
[   2547] STATUS mode=1 fault=none enc=269 denc=0 sreq=0 sapplied=0 crate=0 uimp=238165 upos=870 uneg=275 ball=59.51 vball=146.47 aball=0.0 bref=0.00 pid=0.0 pref=238.2 ppos=238.2 apid=0.0 integ=0.0 vision=1 current=1 vframe=210 vs=1 vage=10 vpage=10 vdt=21 vmax=144 vacc=210 vrej=0 seq=0 elapsed=0 oled=3C
[   2578] STATUS mode=1 fault=none enc=269 denc=0 sreq=0 sapplied=0 crate=0 uimp=238165 upos=870 uneg=275 ball=59.51 vball=146.47 aball=0.0 bref=0.00 pid=0.0 pref=238.2 ppos=238.2 apid=0.0 integ=0.0 vision=1 current=1 vframe=210 vs=1 vage=30 vpage=30 vdt=21 vmax=144 vacc=210 vrej=0 seq=0 elapsed=0 oled=3C
[   2594] STATUS mode=1 fault=none enc=269 denc=0 sreq=0 sapplied=0 crate=0 uimp=238165 upos=870 uneg=275 ball=61.89 vball=110.58 aball=0.0 bref=0.00 pid=0.0 pref=238.2 ppos=238.2 apid=0.0 integ=0.0 vision=1 current=1 vframe=211 vs=1 vage=14 vpage=14 vdt=36 vmax=144 vacc=211 vrej=0 seq=0 elapsed=0 oled=3C
[   2625] STATUS mode=1 fault=none enc=269 denc=0 sreq=0 sapplied=0 crate=0 uimp=238165 upos=870 uneg=275 ball=61.89 vball=110.58 aball=0.0 bref=0.00 pid=0.0 pref=238.2 ppos=238.2 apid=0.0 integ=0.0 vision=1 current=1 vframe=211 vs=1 vage=54 vpage=54 vdt=36 vmax=144 vacc=211 vrej=0 seq=0 elapsed=0 oled=3C
[   2656] STATUS mode=1 fault=none enc=269 denc=0 sreq=0 sapplied=0 crate=0 uimp=238165 upos=870 uneg=275 ball=61.89 vball=110.58 aball=0.0 bref=0.00 pid=0.0 pref=238.2 ppos=238.2 apid=0.0 integ=0.0 vision=1 current=1 vframe=211 vs=1 vage=74 vpage=74 vdt=36 vmax=144 vacc=211 vrej=0 seq=0 elapsed=0 oled=3C
[   2672] STATUS mode=1 fault=none enc=269 denc=0 sreq=0 sapplied=0 crate=0 uimp=238165 upos=870 uneg=275 ball=61.89 vball=110.58 aball=0.0 bref=0.00 pid=0.0 pref=238.2 ppos=238.2 apid=0.0 integ=0.0 vision=1 current=1 vframe=211 vs=1 vage=94 vpage=94 vdt=36 vmax=144 vacc=211 vrej=0 seq=0 elapsed=0 oled=3C
[   2703] STATUS mode=1 fault=none enc=269 denc=0 sreq=0 sapplied=0 crate=0 uimp=238165 upos=870 uneg=275 ball=66.31 vball=58.51 aball=0.0 bref=0.00 pid=0.0 pref=238.2 ppos=238.2 apid=0.0 integ=0.0 vision=1 current=1 vframe=213 vs=1 vage=2 vpage=2 vdt=31 vmax=144 vacc=213 vrej=0 seq=0 elapsed=0 oled=3C
[   2733] STATUS mode=1 fault=none enc=269 denc=0 sreq=0 sapplied=0 crate=0 uimp=238165 upos=870 uneg=275 ball=66.31 vball=58.51 aball=0.0 bref=0.00 pid=0.0 pref=238.2 ppos=238.2 apid=0.0 integ=0.0 vision=1 current=1 vframe=213 vs=1 vage=22 vpage=22 vdt=31 vmax=144 vacc=213 vrej=0 seq=0 elapsed=0 oled=3C
[   2750] STATUS mode=1 fault=none enc=269 denc=0 sreq=0 sapplied=0 crate=0 uimp=238165 upos=870 uneg=275 ball=66.84 vball=38.21 aball=0.0 bref=0.00 pid=0.0 pref=238.2 ppos=238.2 apid=0.0 integ=0.0 vision=1 current=1 vframe=214 vs=1 vage=8 vpage=8 vdt=34 vmax=144 vacc=214 vrej=0 seq=0 elapsed=0 oled=3C
[   2781] STATUS mode=1 fault=none enc=269 denc=0 sreq=0 sapplied=0 crate=0 uimp=238165 upos=870 uneg=275 ball=66.84 vball=38.21 aball=0.0 bref=0.00 pid=0.0 pref=238.2 ppos=238.2 apid=0.0 integ=0.0 vision=1 current=1 vframe=214 vs=1 vage=28 vpage=28 vdt=34 vmax=144 vacc=214 vrej=0 seq=0 elapsed=0 oled=3C
[   2813] STATUS mode=1 fault=none enc=269 denc=0 sreq=0 sapplied=0 crate=0 uimp=238165 upos=870 uneg=275 ball=66.84 vball=38.21 aball=0.0 bref=0.00 pid=0.0 pref=238.2 ppos=238.2 apid=0.0 integ=0.0 vision=1 current=1 vframe=214 vs=1 vage=68 vpage=68 vdt=34 vmax=144 vacc=214 vrej=0 seq=0 elapsed=0 oled=3C
[   2813] >>> stream off
[   2828] STATUS mode=1 fault=none enc=269 denc=0 sreq=0 sapplied=0 crate=0 uimp=238165 upos=870 uneg=275 ball=66.84 vball=38.21 aball=0.0 bref=0.00 pid=0.0 pref=238.2 ppos=238.2 apid=0.0 integ=0.0 vision=1 current=1 vframe=214 vs=1 vage=88 vpage=88 vdt=34 vmax=144 vacc=214 vrej=0 seq=0 elapsed=0 oled=3C
[   2828] OK stream off
[   3016] STOP_REASON displacement_limit
