[      0] >>> bench on
[     16] OK stepper visual-only bench active; use zero before tests
[    188] >>> clear
[    188] OK fault cleared
[    375] >>> diag reset
[    391] OK actuator diagnostics reset
[    563] >>> gain ball 2.5 1.0 5.0 -1
[    579] OK ball gains kp=2.500 ki=1.000 kd=5.000 sign=-1
[    750] >>> gain accel 0.0
[    750] OK ball acceleration gain ka=0.000
[    938] >>> limit rate 1500
[    938] OK ball rate limit=1500 steps/s
[   1125] >>> stream on 20
[   1125] OK stream on 20 ms
[   1172] STATUS mode=1 fault=none enc=347 denc=0 sreq=0 sapplied=0 crate=0 uimp=0 upos=0 uneg=0 ball=-125.00 vball=-0.00 aball=0.0 bref=0.00 pid=0.0 pref=0.0 ppos=0.0 apid=0.0 integ=0.0 vision=1 current=1 vframe=7213 vs=1 vage=25 vpage=25 vdt=32 vmax=4564 vacc=7058 vrej=0 seq=0 elapsed=0 oled=3C
[   1204] STATUS mode=1 fault=none enc=347 denc=0 sreq=0 sapplied=0 crate=0 uimp=0 upos=0 uneg=0 ball=-125.00 vball=-0.00 aball=0.0 bref=0.00 pid=0.0 pref=0.0 ppos=0.0 apid=0.0 integ=0.0 vision=1 current=1 vframe=7214 vs=1 vage=11 vpage=11 vdt=34 vmax=4564 vacc=7059 vrej=0 seq=0 elapsed=0 oled=3C
[   1219] STATUS mode=1 fault=none enc=347 denc=0 sreq=0 sapplied=0 crate=0 uimp=0 upos=0 uneg=0 ball=-125.00 vball=-0.00 aball=0.0 bref=0.00 pid=0.0 pref=0.0 ppos=0.0 apid=0.0 integ=0.0 vision=1 current=1 vframe=7214 vs=1 vage=31 vpage=31 vdt=34 vmax=4564 vacc=7059 vrej=0 seq=0 elapsed=0 oled=3C
[   1250] STATUS mode=1 fault=none enc=347 denc=0 sreq=0 sapplied=0 crate=0 uimp=0 upos=0 uneg=0 ball=-125.00 vball=-0.00 aball=0.0 bref=0.00 pid=0.0 pref=0.0 ppos=0.0 apid=0.0 integ=0.0 vision=1 current=1 vframe=7214 vs=1 vage=51 vpage=51 vdt=34 vmax=4564 vacc=7059 vrej=0 seq=0 elapsed=0 oled=3C
[   1282] STATUS mode=1 fault=none enc=347 denc=0 sreq=0 sapplied=0 crate=0 uimp=0 upos=0 uneg=0 ball=-125.00 vball=-0.00 aball=0.0 bref=0.00 pid=0.0 pref=0.0 ppos=0.0 apid=0.0 integ=0.0 vision=1 current=1 vframe=7214 vs=1 vage=91 vpage=91 vdt=34 vmax=4564 vacc=7059 vrej=0 seq=0 elapsed=0 oled=3C
[   1297] STATUS mode=1 fault=none enc=347 denc=0 sreq=0 sapplied=0 crate=0 uimp=0 upos=0 uneg=0 ball=-125.00 vball=-0.00 aball=0.0 bref=0.00 pid=0.0 pref=0.0 ppos=0.0 apid=0.0 integ=0.0 vision=1 current=1 vframe=7214 vs=1 vage=111 vpage=111 vdt=34 vmax=4564 vacc=7059 vrej=0 seq=0 elapsed=0 oled=3C
[   1297] >>> ball 0.0
[   1329] STATUS mode=1 fault=none enc=346 denc=0 sreq=0 sapplied=0 crate=0 uimp=0 upos=0 uneg=0 ball=-125.00 vball=-0.00 aball=0.0 bref=0.00 pid=0.0 pref=0.0 ppos=0.0 apid=0.0 integ=0.0 vision=1 current=1 vframe=7215 vs=1 vage=15 vpage=15 vdt=116 vmax=4564 vacc=7060 vrej=0 seq=0 elapsed=0 oled=3C
[   1360] STATUS mode=3 fault=none enc=333 denc=4 sreq=-200 sapplied=-200 crate=-200 uimp=-500 upos=0 uneg=5 ball=-125.00 vball=-0.00 aball=0.0 bref=0.00 pid=-400.0 pref=-1200.0 ppos=-0.5 apid=0.0 integ=0.0 vision=1 current=1 vframe=7216 vs=1 vage=1 vpage=1 vdt=34 vmax=4564 vacc=7061 vrej=0 seq=0 elapsed=0 oled=3C
[   1375] STATUS mode=3 fault=none enc=315 denc=-3 sreq=-400 sapplied=-400 crate=-400 uimp=-15000 upos=0 uneg=45 ball=-125.00 vball=-0.00 aball=0.0 bref=0.00 pid=-400.0 pref=-1200.0 ppos=-15.0 apid=0.0 integ=0.0 vision=1 current=1 vframe=7217 vs=1 vage=10 vpage=10 vdt=31 vmax=4564 vacc=7062 vrej=0 seq=0 elapsed=0 oled=3C
[   1407] STATUS mode=3 fault=none enc=304 denc=-3 sreq=-400 sapplied=-400 crate=-400 uimp=-23000 upos=0 uneg=65 ball=-125.00 vball=-0.00 aball=0.0 bref=0.00 pid=-400.0 pref=-1200.0 ppos=-23.0 apid=0.0 integ=0.0 vision=1 current=1 vframe=7217 vs=1 vage=30 vpage=30 vdt=31 vmax=4564 vacc=7062 vrej=0 seq=0 elapsed=0 oled=3C
[   1438] STATUS mode=3 fault=none enc=294 denc=-3 sreq=-400 sapplied=-400 crate=-400 uimp=-31000 upos=0 uneg=85 ball=-125.00 vball=-0.00 aball=0.0 bref=0.00 pid=-400.0 pref=-1200.0 ppos=-31.0 apid=0.0 integ=0.0 vision=1 current=1 vframe=7217 vs=1 vage=50 vpage=50 vdt=31 vmax=4564 vacc=7062 vrej=0 seq=0 elapsed=0 oled=3C
[   1454] STATUS mode=3 fault=none enc=274 denc=-3 sreq=-400 sapplied=-400 crate=-400 uimp=-47000 upos=0 uneg=125 ball=-125.00 vball=-0.00 aball=0.0 bref=0.00 pid=-400.0 pref=-1200.0 ppos=-47.0 apid=0.0 integ=0.0 vision=1 current=1 vframe=7217 vs=1 vage=90 vpage=90 vdt=31 vmax=4564 vacc=7062 vrej=0 seq=0 elapsed=0 oled=3C
[   1485] STATUS mode=3 fault=none enc=264 denc=-2 sreq=-400 sapplied=-400 crate=-400 uimp=-55000 upos=0 uneg=145 ball=-125.00 vball=-0.00 aball=0.0 bref=0.00 pid=-400.0 pref=-1200.0 ppos=-55.0 apid=0.0 integ=0.0 vision=1 current=1 vframe=7218 vs=1 vage=13 vpage=13 vdt=97 vmax=4564 vacc=7063 vrej=0 seq=0 elapsed=0 oled=3C
[   1516] STATUS mode=3 fault=none enc=253 denc=-3 sreq=-400 sapplied=-400 crate=-400 uimp=-63000 upos=0 uneg=165 ball=-125.00 vball=-0.00 aball=0.0 bref=0.00 pid=-400.0 pref=-1200.0 ppos=-63.0 apid=0.0 integ=0.0 vision=1 current=1 vframe=7218 vs=1 vage=33 vpage=33 vdt=97 vmax=4564 vacc=7063 vrej=0 seq=0 elapsed=0 oled=3C
[   1547] STATUS mode=3 fault=none enc=233 denc=-3 sreq=-400 sapplied=-400 crate=-400 uimp=-79000 upos=0 uneg=205 ball=-125.00 vball=-0.00 aball=0.0 bref=0.00 pid=-400.0 pref=-1200.0 ppos=-79.0 apid=0.0 integ=0.0 vision=1 current=1 vframe=7219 vs=1 vage=37 vpage=37 vdt=36 vmax=4564 vacc=7064 vrej=0 seq=0 elapsed=0 oled=3C
[   1579] STATUS mode=3 fault=none enc=222 denc=-3 sreq=-400 sapplied=-400 crate=-400 uimp=-87000 upos=0 uneg=225 ball=-125.00 vball=-0.00 aball=0.0 bref=0.00 pid=-400.0 pref=-1200.0 ppos=-87.0 apid=0.0 integ=0.0 vision=1 current=1 vframe=7219 vs=1 vage=57 vpage=57 vdt=36 vmax=4564 vacc=7064 vrej=0 seq=0 elapsed=0 oled=3C
[   1594] STATUS mode=3 fault=none enc=202 denc=-3 sreq=-400 sapplied=-400 crate=-400 uimp=-103000 upos=0 uneg=265 ball=-125.00 vball=-0.00 aball=0.0 bref=0.00 pid=-400.0 pref=-1200.0 ppos=-103.0 apid=0.0 integ=0.0 vision=1 current=1 vframe=7219 vs=1 vage=97 vpage=97 vdt=36 vmax=4564 vacc=7064 vrej=0 seq=0 elapsed=0 oled=3C
[   1625] STATUS mode=3 fault=none enc=191 denc=-4 sreq=-400 sapplied=-400 crate=-400 uimp=-111000 upos=0 uneg=285 ball=-125.00 vball=-0.00 aball=0.0 bref=0.00 pid=-400.0 pref=-1200.0 ppos=-111.0 apid=0.0 integ=0.0 vision=1 current=1 vframe=7221 vs=1 vage=3 vpage=3 vdt=6 vmax=4564 vacc=7066 vrej=0 seq=0 elapsed=0 oled=3C
[   1657] STATUS mode=3 fault=none enc=181 denc=-3 sreq=-400 sapplied=-400 crate=-400 uimp=-119000 upos=0 uneg=305 ball=-125.00 vball=-0.00 aball=0.0 bref=0.00 pid=-400.0 pref=-1200.0 ppos=-119.0 apid=0.0 integ=0.0 vision=1 current=1 vframe=7221 vs=1 vage=23 vpage=23 vdt=6 vmax=4564 vacc=7066 vrej=0 seq=0 elapsed=0 oled=3C
[   1688] STATUS mode=3 fault=none enc=162 denc=-2 sreq=-400 sapplied=-400 crate=-400 uimp=-135000 upos=0 uneg=345 ball=-125.00 vball=-0.00 aball=0.0 bref=0.00 pid=-400.0 pref=-1200.0 ppos=-135.0 apid=0.0 integ=0.0 vision=1 current=1 vframe=7222 vs=1 vage=25 vpage=25 vdt=38 vmax=4564 vacc=7067 vrej=0 seq=0 elapsed=0 oled=3C
[   1704] STATUS mode=3 fault=none enc=151 denc=-3 sreq=-400 sapplied=-400 crate=-400 uimp=-143000 upos=0 uneg=365 ball=-125.00 vball=-0.00 aball=0.0 bref=0.00 pid=-400.0 pref=-1200.0 ppos=-143.0 apid=0.0 integ=0.0 vision=1 current=1 vframe=7222 vs=1 vage=45 vpage=45 vdt=38 vmax=4564 vacc=7067 vrej=0 seq=0 elapsed=0 oled=3C
[   1735] STATUS mode=3 fault=none enc=140 denc=-3 sreq=-400 sapplied=-400 crate=-400 uimp=-151000 upos=0 uneg=385 ball=-125.00 vball=-0.00 aball=0.0 bref=0.00 pid=-400.0 pref=-1200.0 ppos=-151.0 apid=0.0 integ=0.0 vision=1 current=1 vframe=7222 vs=1 vage=65 vpage=65 vdt=38 vmax=4564 vacc=7067 vrej=0 seq=0 elapsed=0 oled=3C
[   1766] STATUS mode=3 fault=none enc=120 denc=-3 sreq=-400 sapplied=-400 crate=-400 uimp=-167000 upos=0 uneg=425 ball=-125.00 vball=-0.00 aball=0.0 bref=0.00 pid=-400.0 pref=-1200.0 ppos=-167.0 apid=0.0 integ=0.0 vision=1 current=1 vframe=7222 vs=1 vage=105 vpage=105 vdt=38 vmax=4564 vacc=7067 vrej=0 seq=0 elapsed=0 oled=3C
[   1797] STATUS mode=3 fault=none enc=110 denc=-3 sreq=-400 sapplied=-400 crate=-400 uimp=-175000 upos=0 uneg=445 ball=-125.00 vball=-0.00 aball=0.0 bref=0.00 pid=-400.0 pref=-1200.0 ppos=-175.0 apid=0.0 integ=0.0 vision=1 current=1 vframe=7224 vs=1 vage=9 vpage=9 vdt=9 vmax=4564 vacc=7069 vrej=0 seq=0 elapsed=0 oled=3C
[   1813] STATUS mode=3 fault=none enc=90 denc=-3 sreq=-400 sapplied=-400 crate=-400 uimp=-191000 upos=0 uneg=485 ball=-125.00 vball=-0.00 aball=0.0 bref=0.00 pid=-400.0 pref=-1200.0 ppos=-191.0 apid=0.0 integ=0.0 vision=1 current=1 vframe=7225 vs=1 vage=15 vpage=15 vdt=34 vmax=4564 vacc=7070 vrej=0 seq=0 elapsed=0 oled=3C
[   1844] STATUS mode=3 fault=none enc=81 denc=-2 sreq=-400 sapplied=-400 crate=-400 uimp=-199000 upos=0 uneg=505 ball=-125.00 vball=-0.00 aball=0.0 bref=0.00 pid=-400.0 pref=-1200.0 ppos=-199.0 apid=0.0 integ=0.0 vision=1 current=1 vframe=7225 vs=1 vage=35 vpage=35 vdt=34 vmax=4564 vacc=7070 vrej=0 seq=0 elapsed=0 oled=3C
[   1875] STATUS mode=3 fault=none enc=70 denc=-3 sreq=-400 sapplied=-400 crate=-400 uimp=-207000 upos=0 uneg=525 ball=-125.00 vball=-0.00 aball=0.0 bref=0.00 pid=-400.0 pref=-1200.0 ppos=-207.0 apid=0.0 integ=0.0 vision=1 current=1 vframe=7225 vs=1 vage=55 vpage=55 vdt=34 vmax=4564 vacc=7070 vrej=0 seq=0 elapsed=0 oled=3C
[   1907] STATUS mode=3 fault=none enc=50 denc=-2 sreq=-400 sapplied=-400 crate=-400 uimp=-223000 upos=0 uneg=565 ball=-125.00 vball=-0.00 aball=0.0 bref=0.00 pid=-400.0 pref=-1200.0 ppos=-223.0 apid=0.0 integ=0.0 vision=1 current=1 vframe=7225 vs=1 vage=95 vpage=95 vdt=34 vmax=4564 vacc=7070 vrej=0 seq=0 elapsed=0 oled=3C
[   1922] STATUS mode=3 fault=none enc=40 denc=-2 sreq=-400 sapplied=-400 crate=-400 uimp=-231000 upos=0 uneg=585 ball=-125.00 vball=-0.00 aball=0.0 bref=0.00 pid=-400.0 pref=-1200.0 ppos=-231.0 apid=0.0 integ=0.0 vision=1 current=1 vframe=7227 vs=1 vage=1 vpage=1 vdt=6 vmax=4564 vacc=7072 vrej=0 seq=0 elapsed=0 oled=3C
[   1954] STATUS mode=3 fault=none enc=30 denc=-3 sreq=-400 sapplied=-400 crate=-400 uimp=-239000 upos=0 uneg=605 ball=-125.00 vball=-0.00 aball=0.0 bref=0.00 pid=-400.0 pref=-1200.0 ppos=-239.0 apid=0.0 integ=0.0 vision=1 current=1 vframe=7227 vs=1 vage=21 vpage=21 vdt=6 vmax=4564 vacc=7072 vrej=0 seq=0 elapsed=0 oled=3C
[   1985] STATUS mode=3 fault=none enc=10 denc=-2 sreq=-400 sapplied=-400 crate=-400 uimp=-255000 upos=0 uneg=645 ball=-125.00 vball=-0.00 aball=0.0 bref=0.00 pid=-400.0 pref=-1200.0 ppos=-255.0 apid=0.0 integ=0.0 vision=1 current=1 vframe=7228 vs=1 vage=24 vpage=24 vdt=37 vmax=4564 vacc=7073 vrej=0 seq=0 elapsed=0 oled=3C
[   2016] STATUS mode=3 fault=none enc=0 denc=-3 sreq=-400 sapplied=-400 crate=-400 uimp=-263000 upos=0 uneg=665 ball=-125.00 vball=-0.00 aball=0.0 bref=0.00 pid=-400.0 pref=-1200.0 ppos=-263.0 apid=0.0 integ=0.0 vision=1 current=0 vframe=7229 vs=0 vage=44 vpage=9 vdt=37 vmax=4564 vacc=7073 vrej=0 seq=0 elapsed=0 oled=3C
[   2032] STATUS mode=3 fault=none enc=-21 denc=-3 sreq=-400 sapplied=-400 crate=-400 uimp=-279000 upos=0 uneg=705 ball=-125.00 vball=-0.00 aball=0.0 bref=0.00 pid=-400.0 pref=-1200.0 ppos=-279.0 apid=0.0 integ=0.0 vision=1 current=0 vframe=7229 vs=0 vage=84 vpage=49 vdt=37 vmax=4564 vacc=7073 vrej=0 seq=0 elapsed=0 oled=3C
[   2063] STATUS mode=3 fault=none enc=-31 denc=-3 sreq=-400 sapplied=-400 crate=-400 uimp=-287000 upos=0 uneg=725 ball=-125.00 vball=-0.00 aball=0.0 bref=0.00 pid=-400.0 pref=-1200.0 ppos=-287.0 apid=0.0 integ=0.0 vision=1 current=0 vframe=7229 vs=0 vage=104 vpage=69 vdt=37 vmax=4564 vacc=7073 vrej=0 seq=0 elapsed=0 oled=3C
[   2094] STATUS mode=3 fault=none enc=-40 denc=-2 sreq=-400 sapplied=-400 crate=-400 uimp=-295000 upos=0 uneg=745 ball=-125.00 vball=-0.00 aball=0.0 bref=0.00 pid=-400.0 pref=-1200.0 ppos=-295.0 apid=0.0 integ=0.0 vision=1 current=0 vframe=7229 vs=0 vage=124 vpage=89 vdt=37 vmax=4564 vacc=7073 vrej=0 seq=0 elapsed=0 oled=3C
[   2125] STATUS mode=3 fault=none enc=-61 denc=-3 sreq=-400 sapplied=-400 crate=-400 uimp=-311000 upos=0 uneg=785 ball=-125.00 vball=-0.00 aball=0.0 bref=0.00 pid=-400.0 pref=-1200.0 ppos=-311.0 apid=0.0 integ=0.0 vision=1 current=1 vframe=7231 vs=1 vage=22 vpage=22 vdt=10 vmax=4564 vacc=7075 vrej=0 seq=0 elapsed=0 oled=3C
[   2141] STATUS mode=3 fault=none enc=-70 denc=-2 sreq=-400 sapplied=-400 crate=-400 uimp=-319000 upos=0 uneg=805 ball=-121.16 vball=75.16 aball=0.0 bref=0.00 pid=-400.0 pref=-1200.0 ppos=-319.0 apid=0.0 integ=0.0 vision=1 current=1 vframe=7232 vs=1 vage=18 vpage=18 vdt=24 vmax=4564 vacc=7076 vrej=0 seq=0 elapsed=0 oled=3C
[   2172] STATUS mode=3 fault=none enc=-79 denc=-2 sreq=-200 sapplied=-200 crate=-200 uimp=-326500 upos=0 uneg=825 ball=-117.15 vball=96.81 aball=0.0 bref=0.00 pid=1500.0 pref=191.2 ppos=-326.5 apid=0.0 integ=-0.0 vision=1 current=1 vframe=7233 vs=1 vage=7 vpage=7 vdt=31 vmax=4564 vacc=7077 vrej=0 seq=0 elapsed=0 oled=3C
[   2204] STATUS mode=3 fault=none enc=-75 denc=3 sreq=600 sapplied=600 crate=600 uimp=-321000 upos=20 uneg=835 ball=-117.15 vball=96.81 aball=0.0 bref=0.00 pid=1500.0 pref=191.2 ppos=-321.0 apid=0.0 integ=-0.0 vision=1 current=1 vframe=7233 vs=1 vage=47 vpage=47 vdt=31 vmax=4564 vacc=7077 vrej=0 seq=0 elapsed=0 oled=3C
[   2235] STATUS mode=3 fault=none enc=-56 denc=6 sreq=1000 sapplied=1000 crate=1000 uimp=-306000 upos=40 uneg=835 ball=-117.15 vball=96.81 aball=0.0 bref=0.00 pid=1500.0 pref=191.2 ppos=-306.0 apid=0.0 integ=-0.0 vision=1 current=1 vframe=7233 vs=1 vage=67 vpage=67 vdt=31 vmax=4564 vacc=7077 vrej=0 seq=0 elapsed=0 oled=3C
[   2250] STATUS mode=3 fault=none enc=11 denc=9 sreq=1500 sapplied=1500 crate=1500 uimp=-253500 upos=80 uneg=835 ball==-117.15 vball=96.81 aball=0.0 bref=0.00 pid=1500.0 pref=191.2 ppos=-283.0 apid=0.0 integ=-0.0 vision=1 current=1 vframe=7233 vs=1 vage=87 vpage=87 vdt=31 vmax=4564 vacc=7077 vrej=0 seq=0 elapsed=0 oled=3C
[   2282] STATUS mode=3 fault=none enc=48 denc=8 sreq=1500 sapplied=1500 crate=1500 uimp=-223500 upos=100 uneg=835 ball=-104.62 vball=234.26 aball=201.6 bref=0.00 pid=1500.0 pref=600.0 ppos=-223.5 apid=0.0 integ=-0.0 vision=1 current=1 vframe=7235 vs=1 vage=9 vpage=9 vdt=22 vmax=4564 vacc=7079 vrej=0 seq=0 elapsed=0 oled=3C
[   2313] STATUS mode=3 fault=none enc=86 denc=8 sreq=1500 sapplied=1500 crate=1500 uimp=-193500 upos=120 uneg=835 ball=-104.62 vball=234.26 aball=201.6 bref=0.00 pid=1500.0 pref=600.0 ppos=-193.5 apid=0.0 integ=-0.0 vision=1 current=1 vframe=7235 vs=1 vage=29 vpage=29 vdt=22 vmax=4564 vacc=7079 vrej=0 seq=0 elapsed=0 oled=3C
[   2344] STATUS mode=3 fault=none enc=163 denc=10 sreq=1500 sapplied=1500 crate=1500 uimp=-133500 upos=160 uneg=835 ball=-99.49 vball=195.38 aball=201.6 bref=0.00 pid=1500.0 pref=600.0 ppos=-133.5 apid=0.0 integ=-0.0 vision=1 current=1 vframe=7236 vs=1 vage=37 vpage=37 vdt=32 vmax=4564 vacc=7080 vrej=0 seq=0 elapsed=0 oled=3C
[   2375] STATUS mode=3 fault=none enc=201 denc=9 sreq=1500 sapplied=1500 crate=1500 uimp=-103500 upos=180 uneg=835 ball=-99.49 vball=195.38 aball=201.6 bref=0.00 pid=1500.0 pref=600.0 ppos=-103.5 apid=0.0 integ=-0.0 vision=1 current=1 vframe=7236 vs=1 vage=57 vpage=57 vdt=32 vmax=4564 vacc=7080 vrej=0 seq=0 elapsed=0 oled=3C
[   2391] STATUS mode=3 fault=none enc=240 denc=10 sreq=1500 sapplied=1500 crate=1500 uimp=-73500 upos=200 uneg=835 ball=-99.49 vball=195.38 aball=201.6 bref=0.00 pid=1500.0 pref=600.0 ppos=-73.5 apid=0.0 integ=-0.0 vision=1 current=1 vframe=7236 vs=1 vage=77 vpage=77 vdt=32 vmax=4564 vacc=7080 vrej=0 seq=0 elapsed=0 oled=3C
[   2422] STATUS mode=3 fault=none enc=317 denc=10 sreq=1500 sapplied=1500 crate=1500 uimp=-13500 upos=240 uneg=835 ball=-92.37 vball=142.39 aball=314.9 bref=0.00 pid=1500.0 pref=481.0 ppos=-13.5 apid=0.0 integ=-0.0 vision=1 current=1 vframe=7237 vs=1 vage=16 vpage=16 vdt=101 vmax=4564 vacc=7081 vrej=0 seq=0 elapsed=0 oled=3C
[   2454] STATUS mode=3 fault=none enc=355 denc=10 sreq=1500 sapplied=1500 crate=1500 uimp=16500 upos=260 uneg=835 ball=-82.11 vball=220.23 aball=314.9 bref=0.00 pid=1500.0 pref=600.0 ppos=16.5 apid=0.0 integ=-0.0 vision=1 current=1 vframe=7238 vs=1 vage=1 vpage=1 vdt=35 vmax=4564 vacc=7082 vrej=0 seq=0 elapsed=0 oled=3C
[   2485] STATUS mode=3 fault=none enc=430 denc=9 sreq=1500 sapplied=1500 crate=1500 uimp=76500 upos=300 uneg=835 ball=-82.11 vball=220.23 aball=314.9 bref=0.00 pid=1500.0 pref=600.0 ppos=76.5 apid=0.0 integ=-0.0 vision=1 current=1 vframe=7238 vs=1 vage=41 vpage=41 vdt=35 vmax=4564 vacc=7082 vrej=0 seq=0 elapsed=0 oled=3C
[   2500] STATUS mode=3 fault=none enc=468 denc=10 sreq=1500 sapplied=1500 crate=1500 uimp=106500 upos=320 uneg=835 ball=-82.11 vball=220.23 aball=314.9 bref=0.00 pid=1500.0 pref=600.0 ppos=106.5 apid=0.0 integ=-0.0 vision=1 current=1 vframe=7238 vs=1 vage=61 vpage=61 vdt=35 vmax=4564 vacc=7082 vrej=0 seq=0 elapsed=0 oled=3C
[   2532] STATUS mode=3 fault=none enc=505 denc=9 sreq=1500 sapplied=1500 crate=1500 uimp=136500 upos=340 uneg=835 ball=-82.11 vball=220.23 aball=314.9 bref=0.00 pid=1500.0 pref=600.0 ppos=136.5 apid=0.0 integ=-0.0 vision=1 current=1 vframe=7238 vs=1 vage=81 vpage=81 vdt=35 vmax=4564 vacc=7082 vrej=0 seq=0 elapsed=0 oled=3C
[   2563] STATUS mode=3 fault=none enc=580 denc=9 sreq=1500 sapplied=1500 crate=1500 uimp=196500 upos=380 uneg=835 ball=-69.65 vball=166.77 aball=362.6 bref=0.00 pid=1500.0 pref=600.0 ppos=196.5 apid=0.0 integ=-0.0 vision=1 current=1 vframe=7240 vs=1 vage=5 vpage=5 vdt=10 vmax=4564 vacc=7084 vrej=0 seq=0 elapsed=0 oled=3C
[   2594] STATUS mode=3 fault=none enc=617 denc=9 sreq=1500 sapplied=1500 crate=1500 uimp=226500 upos=400 uneg=835 ball=-69.65 vball=166.77 aball=362.6 bref=0.00 pid=1500.0 pref=600.0 ppos=226.5 apid=0.0 integ=-0.0 vision=1 current=1 vframe=7240 vs=1 vage=25 vpage=25 vdt=10 vmax=4564 vacc=7084 vrej=0 seq=0 elapsed=0 oled=3C
[   2610] STATUS mode=3 fault=none enc=655 denc=9 sreq=1500 sapplied=1500 crate=1500 uimp=256500 upos=420 uneg=835 ball=-60.08 vball=220.06 aball=362.6 bref=0.00 pid=1500.0 pref=600.0 ppos=256.5 apid=0.0 integ=-0.0 vision=1 current=1 vframe=7241 vs=1 vage=13 vpage=13 vdt=32 vmax=4564 vacc=7085 vrej=0 seq=0 elapsed=0 oled=3C
[   2641] STATUS mode=3 fault=none enc=732 denc=9 sreq=1500 sapplied=1500 crate=1500 uimp=316500 upos=460 uneg=835 ball=-55.77 vball=174.09 aball=362.6 bref=0.00 pid=1500.0 pref=600.0 ppos=316.5 apid=0.0 integ=-0.0 vision=1 current=1 vframe=7242 vs=1 vage=19 vpage=19 vdt=34 vmax=4564 vacc=7086 vrej=0 seq=0 elapsed=0 oled=3C
[   2672] STATUS mode=3 fault=none enc=771 denc=10 sreq=1500 sapplied=1500 crate=1500 uimp=346500 upos=480 uneg=835 ball=-55.77 vball=174.09 aball=362.6 bref=0.00 pid=1500.0 pref=600.0 ppos=346.5 apid=0.0 integ=-0.0 vision=1 current=1 vframe=7242 vs=1 vage=39 vpage=39 vdt=34 vmax=4564 vacc=7086 vrej=0 seq=0 elapsed=0 oled=3C
[   2704] STATUS mode=3 fault=none enc=849 denc=12 sreq=1500 sapplied=1500 crate=1500 uimp=406500 upos=520 uneg=835 ball=-55.77 vball=174.09 aball=362.6 bref=0.00 pid=1500.0 pref=600.0 ppos=406.5 apid=0.0 integ=-0.0 vision=1 current=1 vframe=7242 vs=1 vage=79 vpage=79 vdt=34 vmax=4564 vacc=7086 vrej=0 seq=0 elapsed=0 oled=3C
[   2719] STATUS mode=3 fault=none enc=887 denc=11 sreq=1500 sapplied=1500 crate=1500 uimp=436500 upos=540 uneg=835 ball=-55.77 vball=174.09 aball=362.6 bref=0.00 pid=1500.0 pref=600.0 ppos=436.5 apid=0.0 integ=-0.0 vision=1 current=1 vframe=7242 vs=1 vage=99 vpage=99 vdt=34 vmax=4564 vacc=7086 vrej=0 seq=0 elapsed=0 oled=3C
[   2750] STATUS mode=3 fault=none enc=920 denc=7 sreq=1100 sapplied=1100 crate=1100 uimp=463500 upos=560 uneg=835 ball=-49.28 vball=129.35 aball=15.4 bref=0.00 pid=600.5 pref=523.5 ppos=463.5 apid=0.0 integ=-0.0 vision=1 current=1 vframe=7243 vs=1 vage=18 vpage=18 vdt=101 vmax=4564 vacc=7087 vrej=0 seq=0 elapsed=0 oled=3C
[   2782] STATUS mode=3 fault=none enc=958 denc=3 sreq=300 sapplied=300 crate=300 uimp=493500 upos=600 uneg=835 ball=-45.19 vball=126.21 aball=15.4 bref=0.00 pid=245.8 pref=518.1 ppos=493.5 apid=0.0 integ=-0.0 vision=1 current=1 vframe=7244 vs=1 vage=25 vpage=25 vdt=33 vmax=4564 vacc=7088 vrej=0 seq=0 elapsed=0 oled=3C
[   2813] STATUS mode=3 fault=none enc=963 denc=2 sreq=-69 sapplied=0 crate=-69 uimp=496965 upos=620 uneg=835 ball=-43.99 vball=83.38 aball=15.4 bref=0.00 pid=-1500.0 pref=306.9 ppos=497.0 apid=0.0 integ=-0.0 vision=1 current=1 vframe=7245 vs=1 vage=12 vpage=12 vdt=33 vmax=4564 vacc=7089 vrej=0 seq=0 elapsed=0 oled=3C
[   2829] STATUS mode=3 fault=none enc=959 denc=-3 sreq=-469 sapplied=-469 crate=-469 uimp=492930 upos=620 uneg=850 ball=-43.99 vball=83.38 aball=15.4 bref=0.00 pid=-1500.0 pref=306.9 ppos=492.9 apid=0.0 integ=-0.0 vision=1 current=1 vframe=7245 vs=1 vage=32 vpage=32 vdt=33 vmax=4564 vacc=7089 vrej=0 seq=0 elapsed=0 oled=3C
[   2860] STATUS mode=3 fault=none enc=917 denc=-8 sreq=-1269 sapplied=-1269 crate=-1269 uimp=460170 upos=620 uneg=890 ball=-43.99 vball=83.38 aball=15.4 bref=0.00 pid=-1500.0 pref=306.9 ppos=460.2 apid=0.0 integ=-0.0 vision=1 current=1 vframe=7245 vs=1 vage=72 vpage=72 vdt=33 vmax=4564 vacc=7089 vrej=0 seq=0 elapsed=0 oled=3C
[   2891] STATUS mode=3 fault=none enc=883 denc=-8 sreq=-1264 sapplied=-1264 crate=-1264 uimp=433325 upos=620 uneg=910 ball=-43.99 vball=83.38 aball=15.4 bref=0.00 pid=-1264.0 pref=306.9 ppos=433.3 apid=0.0 integ=-0.0 vision=1 current=1 vframe=7245 vs=1 vage=92 vpage=92 vdt=33 vmax=4564 vacc=7089 vrej=0 seq=0 elapsed=0 oled=3C
[   2922] STATUS mode=3 fault=none enc=808 denc=-10 sreq=-1500 sapplied=-1500 crate=-1500 uimp=375365 upos=620 uneg=950 ball=-47.59 vball=-75.21 aball=-218.8 bref=0.00 pid=-1500.0 pref=-495.0 ppos=375.4 apid=-0.0 integ=-0.0 vision=1 current=1 vframe=7247 vs=1 vage=2 vpage=2 vdt=36 vmax=4564 vacc=7091 vrej=0 seq=0 elapsed=0 oled=3C
[   2954] STATUS mode=3 fault=none enc=768 denc=-11 sreq=-1500 sapplied=-1500 crate=-1500 uimp=345365 upos=620 uneg=970 ball=-47.59 vball=-75.21 aball=-218.8 bref=0.00 pid=-1500.0 pref=-495.0 ppos=345.4 apid=-0.0 integ=-0.0 vision=1 current=1 vframe=7247 vs=1 vage=22 vpage=22 vdt=36 vmax=4564 vacc=7091 vrej=0 seq=0 elapsed=0 oled=3C
[   2969] STATUS mode=3 fault=none enc=730 denc=-10 sreq=-1500 sapplied=-1500 crate=-1500 uimp=315365 upos=620 uneg=990 ball=-47.59 vball=-75.21 aball=-218.8 bref=0.00 pid=-1500.0 pref=-495.0 ppos=315.4 apid=-0.0 integ=-0.0 vision=1 current=1 vframe=7247 vs=1 vage=42 vpage=42 vdt=36 vmax=4564 vacc=7091 vrej=0 seq=0 elapsed=0 oled=3C
[   3000] STATUS mode=3 fault=none enc=654 denc=-8 sreq=-1500 sapplied=-1500 crate=-1500 uimp=255365 upos=620 uneg=1030 ball=-47.59 vball=-75.21 aball=-218.8 bref=0.00 pid=-1500.0 pref=-495.0 ppos=255.4 apid=-0.0 integ=-0.0 vision=1 current=1 vframe=7247 vs=1 vage=82 vpage=82 vdt=36 vmax=4564 vacc=7091 vrej=0 seq=0 elapsed=0 oled=3C
[   3032] STATUS mode=3 fault=none enc=615 denc=-9 sreq=-1500 sapplied=-1500 crate=-1500 uimp=225365 upos=620 uneg=1050 ball=-47.59 vball=-75.21 aball=-218.8 bref=0.00 pid=-1500.0 pref=-495.0 ppos=225.4 apid=-0.0 integ=-0.0 vision=1 current=1 vframe=7247 vs=1 vage=102 vpage=102 vdt=36 vmax=4564 vacc=7091 vrej=0 seq=0 elapsed=0 oled=3C
[   3063] STATUS mode=3 fault=none enc=540 denc=-9 sreq=-1500 sapplied=-1500 crate=-1500 uimp=165365 upos=620 uneg=1090 ball=-52.68 vball=-60.96 aball=-492.9 bref=0.00 pid=-1500.0 pref=-436.5 ppos=165.4 apid=-0.0 integ=-0.0 vision=1 current=1 vframe=7249 vs=1 vage=24 vpage=24 vdt=9 vmax=4564 vacc=7093 vrej=0 seq=0 elapsed=0 oled=3C
[   3094] STATUS mode=3 fault=none enc=502 denc=-10 sreq=-1500 sapplied=-1500 crate=-1500 uimp=135365 upos=620 uneg=1110 ball=-57.56 vball=-85.12 aball=-492.9 bref=0.00 pid=-1500.0 pref=-569.5 ppos=135.4 apid=-0.0 integ=-0.0 vision=1 current=1 vframe=7250 vs=1 vage=12 vpage=12 vdt=32 vmax=4564 vacc=7094 vrej=0 seq=0 elapsed=0 oled=3C
[   3125] STATUS mode=3 fault=none enc=465 denc=-10 sreq=-1500 sapplied=-1500 crate=-1500 uimp=105365 upos=620 uneg=1130 ball=-57.56 vball=-85.12 aball=-492.9 bref=0.00 pid=-1500.0 pref=-569.5 ppos=105.4 apid=-0.0 integ=-0.0 vision=1 current=1 vframe=7250 vs=1 vage=32 vpage=32 vdt=32 vmax=4564 vacc=7094 vrej=0 seq=0 elapsed=0 oled=3C
[   3141] STATUS mode=3 fault=none enc=390 denc=-10 sreq=-1500 sapplied=-1500 crate=-1500 uimp=45365 upos=620 uneg=1170 ball=-57.56 vball=-85.12 aball=-492.9 bref=0.00 pid=-1500.0 pref=-569.5 ppos=45.4 apid=-0.0 integ=-0.0 vision=1 current=1 vframe=7250 vs=1 vage=72 vpage=72 vdt=32 vmax=4564 vacc=7094 vrej=0 seq=0 elapsed=0 oled=3C
[   3172] STATUS mode=3 fault=none enc=352 denc=-10 sreq=-1500 sapplied=-1500 crate=-1500 uimp=15365 upos=620 uneg=1190 ball=-57.56 vball=-85.12 aball=-492.9 bref=0.00 pid=-1500.0 pref=-569.5 ppos=15.4 apid=-0.0 integ=-0.0 vision=1 current=1 vframe=7250 vs=1 vage=92 vpage=92 vdt=32 vmax=4564 vacc=7094 vrej=0 seq=0 elapsed=0 oled=3C
[   3204] STATUS mode=3 fault=none enc=276 denc=-9 sreq=-1500 sapplied=-1500 crate=-1500 uimp=-44635 upos=620 uneg=1230 ball=-73.51 vball=-149.49 aball=-593.9 bref=0.00 pid=-1500.0 pref=-600.0 ppos=-44.6 apid=-0.0 integ=-0.0 vision=1 current=1 vframe=7252 vs=1 vage=18 vpage=18 vdt=6 vmax=4564 vacc=7096 vrej=0 seq=0 elapsed=0 oled=3C
[   3235] STATUS mode=3 fault=none enc=237 denc=-10 sreq=-1500 sapplied=-1500 crate=-1500 uimp=-74635 upos=620 uneg=1250 ball=-84.73 vball=-237.41 aball=-593.9 bref=0.00 pid=-1500.0 pref=-600.0 ppos=-74.6 apid=-0.0 integ=-0.0 vision=1 current=1 vframe=7253 vs=1 vage=2 vpage=2 vdt=36 vmax=4564 vacc=7097 vrej=0 seq=0 elapsed=0 oled=3C
[   3266] STATUS mode=3 fault=none enc=161 denc=-10 sreq=-1500 sapplied=-1500 crate=-1500 uimp=-134635 upos=620 uneg=1290 ball=-84.73 vball=-237.41 aball=-593.9 bref=0.00 pid=-1500.0 pref=-600.0 ppos=-134.6 apid=-0.0 integ=-0.0 vision=1 current=1 vframe=7253 vs=1 vage=42 vpage=42 vdt=36 vmax=4564 vacc=7097 vrej=0 seq=0 elapsed=0 oled=3C
[   3282] STATUS mode=3 fault=none enc=122 denc=-10 sreq=-1500 sapplied=-1500 crate=-1500 uimp=-164635 upos=620 uneg=1310 ball=-84.73 vball=-237.41 aball=-593.9 bref=0.00 pid=-1500.0 pref=-600.0 ppos=-164.6 apid=-0.0 integ=-0.0 vision=1 current=1 vframe=7253 vs=1 vage=62 vpage=62 vdt=36 vmax=4564 vacc=7097 vrej=0 seq=0 elapsed=0 oled=3C
[   3313] STATUS mode=3 fault=none enc=85 denc=-9 sreq=-1500 sapplied=-1500 crate=-1500 uimp=-194635 upos=620 uneg=1330 ball=-84.73 vball=-237.41 aball=-593.9 bref=0.00 pid=-1500.0 pref=-600.0 ppos=-194.6 apid=-0.0 integ=-0.0 vision=1 current=1 vframe=7253 vs=1 vage=82 vpage=82 vdt=36 vmax=4564 vacc=7097 vrej=0 seq=0 elapsed=0 oled=3C
[   3344] STATUS mode=3 fault=none enc=10 denc=-8 sreq=-1500 sapplied=-1500 crate=-1500 uimp=-254635 upos=620 uneg=1370 ball=-97.70 vball=-178.32 aball=-442.2 bref=0.00 pid=-1500.0 pref=-600.0 ppos=-254.6 apid=-0.0 integ=-0.0 vision=1 current=1 vframe=7255 vs=1 vage=11 vpage=11 vdt=7 vmax=4564 vacc=7099 vrej=0 seq=0 elapsed=0 oled=3C
[   3375] STATUS mode=3 fault=none enc=-28 denc=-9 sreq=-1500 sapplied=-1500 crate=-1500 uimp=-284635 upos=620 uneg=1390 ball=-102.99 vball=-195.63 aball=-442.2 bref=0.00 pid=-1500.0 pref=-600.0 ppos=-284.6 apid=-0.0 integ=-0.0 vision=1 current=1 vframe=7256 vs=1 vage=7 vpage=7 vdt=24 vmax=4564 vacc=7100 vrej=0 seq=0 elapsed=0 oled=3C
[   3407] STATUS mode=3 fault=none enc=-104 denc=-10 sreq=-1500 sapplied=-1500 crate=-1500 uimp=-344635 upos=620 uneg=1430 ball=-110.91 vball=-213.38 aball=-442.2 bref=0.00 pid=-1500.0 pref=-600.0 ppos=-344.6 apid=-0.0 integ=-0.0 vision=1 current=1 vframe=7257 vs=1 vage=15 vpage=15 vdt=32 vmax=4564 vacc=7101 vrej=0 seq=0 elapsed=0 oled=3C
[   3438] STATUS mode=3 fault=none enc=-142 denc=-10 sreq=-1500 sapplied=-1500 crate=-1500 uimp=-374635 upos=620 uneg=1450 ball=-110.91 vball=-213.38 aball=-442.2 bref=0.00 pid=-1500.0 pref=-600.0 ppos=-374.6 apid=-0.0 integ=-0.0 vision=1 current=1 vframe=7257 vs=1 vage=35 vpage=35 vdt=32 vmax=4564 vacc=7101 vrej=0 seq=0 elapsed=0 oled=3C
[   3454] STATUS mode=3 fault=none enc=-220 denc=-10 sreq=-1500 sapplied=-1500 crate=-1500 uimp=-434635 upos=620 uneg=1490 ball=-110.91 vball=-213.38 aball=-442.2 bref=0.00 pid=-1500.0 pref=-600.0 ppos=-434.6 apid=-0.0 integ=-0.0 vision=1 current=1 vframe=7257 vs=1 vage=75 vpage=75 vdt=32 vmax=4564 vacc=7101 vrej=0 seq=0 elapsed=0 oled=3C
[   3485] STATUS mode=3 fault=none enc=-258 denc=-9 sreq=-1357 sapplied=-1357 crate=-1357 uimp=-464280 upos=620 uneg=1510 ball=-110.91 vball=-213.38 aball=-442.2 bref=0.00 pid=-1357.2 pref=-600.0 ppos=-464.3 apid=-0.0 integ=-0.0 vision=1 current=1 vframe=7257 vs=1 vage=95 vpage=95 vdt=32 vmax=4564 vacc=7101 vrej=0 seq=0 elapsed=0 oled=3C
[   3516] STATUS mode=3 fault=none enc=-291 denc=-7 sreq=-1105 sapplied=-1105 crate=-1105 uimp=-489455 upos=620 uneg=1530 ball=-118.33 vball=-155.27 aball=-70.6 bref=0.00 pid=-1105.4 pref=-600.0 ppos=-489.5 apid=-0.0 integ=-0.0 vision=1 current=1 vframe=7258 vs=1 vage=20 vpage=20 vdt=95 vmax=4564 vacc=7102 vrej=0 seq=0 elapsed=0 oled=3C
[   3547] STATUS mode=3 fault=none enc=-340 denc=-6 sreq=-733 sapplied=-733 crate=-733 uimp=-526660 upos=620 uneg=1570 ball=-126.31 vball=-168.45 aball=-70.6 bref=0.00 pid=-733.4 pref=-600.0 ppos=-526.7 apid=-0.0 integ=-0.0 vision=1 current=1 vframe=7260 vs=1 vage=3 vpage=3 vdt=33 vmax=4564 vacc=7104 vrej=0 seq=0 elapsed=0 oled=3C
[   3579] STATUS mode=3 fault=none enc=-357 denc=-4 sreq=-597 sapplied=-597 crate=-597 uimp=-540265 upos=620 uneg=1590 ball=-126.31 vball=-168.45 aball=-70.6 bref=0.00 pid=-597.3 pref=-600.0 ppos=-540.3 apid=-0.0 integ=-0.0 vision=1 current=1 vframe=7260 vs=1 vage=23 vpage=23 vdt=33 vmax=4564 vacc=7104 vrej=0 seq=0 elapsed=0 oled=3C
[   3610] STATUS mode=3 fault=none enc=-383 denc=-3 sreq=-396 sapplied=-396 crate=-396 uimp=-560365 upos=620 uneg=1630 ball=-126.31 vball=-168.45 aball=-70.6 bref=0.00 pid=-396.3 pref=-600.0 ppos=-560.4 apid=-0.0 integ=-0.0 vision=1 current=1 vframe=7260 vs=1 vage=63 vpage=63 vdt=33 vmax=4564 vacc=7104 vrej=0 seq=0 elapsed=0 oled=3C
[   3625] STATUS mode=3 fault=none enc=-393 denc=-2 sreq=-323 sapplied=-323 crate=-323 uimp=-567720 upos=620 uneg=1650 ball=-126.31 vball=-168.45 aball=-70.6 bref=0.00 pid=-322.8 pref=-600.0 ppos=-567.7 apid=-0.0 integ=-0.0 vision=1 current=1 vframe=7260 vs=1 vage=83 vpage=83 vdt=33 vmax=4564 vacc=7104 vrej=0 seq=0 elapsed=0 oled=3C
[   3657] STATUS mode=3 fault=none enc=-406 denc=-2 sreq=-214 sapplied=-214 crate=-214 uimp=-578585 upos=620 uneg=1690 ball=-129.99 vball=-132.10 aball=29.8 bref=0.00 pid=-262.9 pref=-600.0 ppos=-573.7 apid=0.0 integ=-0.0 vision=1 current=1 vframe=7261 vs=1 vage=8 vpage=8 vdt=95 vmax=4564 vacc=7105 vrej=0 seq=0 elapsed=0 oled=3C
[   3688] STATUS mode=3 fault=none enc=-411 denc=-1 sreq=97 sapplied=0 crate=97 uimp=-581185 upos=620 uneg=1705 ball=-124.84 vball=49.90 aball=29.8 bref=0.00 pid=1500.0 pref=-62.6 ppos=-581.2 apid=0.0 integ=-0.0 vision=1 current=1 vframe=7262 vs=1 vage=11 vpage=11 vdt=37 vmax=4564 vacc=7106 vrej=0 seq=0 elapsed=0 oled=3C
[   3719] STATUS mode=3 fault=none enc=-406 denc=2 sreq=497 sapplied=497 crate=497 uimp=-576730 upos=635 uneg=1705 ball=-124.84 vball=49.90 aball=29.8 bref=0.00 pid=1500.0 pref=-62.6 ppos=-576.7 apid=0.0 integ=-0.0 vision=1 current=1 vframe=7262 vs=1 vage=31 vpage=31 vdt=37 vmax=4564 vacc=7106 vrej=0 seq=0 elapsed=0 oled=3C
[   3735] STATUS mode=3 fault=none enc=-362 denc=8 sreq=1297 sapplied=1297 crate=1297 uimp=-542850 upos=675 uneg=1705 ball=-124.84 vball=49.90 aball=29.8 bref=0.00 pid=1500.0 pref=-62.6 ppos=-542.9 apid=0.0 integ=-0.0 vision=1 current=1 vframe=7262 vs=1 vage=71 vpage=71 vdt=37 vmax=4564 vacc=7106 vrej=0 seq=0 elapsed=0 oled=3C
[   3766] STATUS mode=3 fault=none enc=-324 denc=9 sreq=1500 sapplied=1500 crate=1500 uimp=-514395 upos=695 uneg=1705 ball=-124.84 vball=49.90 aball=29.8 bref=0.00 pid=1500.0 pref=-62.6 ppos=-514.4 apid=0.0 integ=-0.0 vision=1 current=1 vframe=7262 vs=1 vage=91 vpage=91 vdt=37 vmax=4564 vacc=7106 vrej=0 seq=0 elapsed=0 oled=3C
[   3797] STATUS mode=3 fault=none enc=-285 denc=10 sreq=1500 sapplied=1500 crate=1500 uimp=-484395 upos=715 uneg=1705 ball=-124.74 vball=27.10 aball=520.9 bref=0.00 pid=1500.0 pref=-176.4 ppos=-484.4 apid=0.0 integ=-0.0 vision=1 current=1 vframe=7263 vs=1 vage=6 vpage=6 vdt=105 vmax=4564 vacc=7107 vrej=0 seq=0 elapsed=0 oled=3C
[   3829] STATUS mode=3 fault=none enc=-206 denc=10 sreq=1500 sapplied=1500 crate=1500 uimp=-424395 upos=755 uneg=1705 ball=-122.76 vball=36.80 aball=520.9 bref=0.00 pid=1500.0 pref=-122.9 ppos=-424.4 apid=0.0 integ=-0.0 vision=1 current=1 vframe=7265 vs=1 vage=18 vpage=18 vdt=20 vmax=4564 vacc=7109 vrej=0 seq=0 elapsed=0 oled=3C
[   3860] STATUS mode=3 fault=none enc=-166 denc=11 sreq=1500 sapplied=1500 crate=1500 uimp=-394395 upos=775 uneg=1705 ball=-117.36 vball=96.07 aball=520.9 bref=0.00 pid=1500.0 pref=187.0 ppos=-394.4 apid=0.0 integ=-0.0 vision=1 current=1 vframe=7266 vs=1 vage=4 vpage=4 vdt=34 vmax=4564 vacc=7110 vrej=0 seq=0 elapsed=0 oled=3C
[   3875] STATUS mode=3 fault=none enc=-90 denc=9 sreq=1500 sapplied=1500 crate=1500 uimp=-334395 upos=815 uneg=1705 ball=-117.36 vball=96.07 aball=520.9 bref=0.00 pid=1500.0 pref=187.0 ppos=-334.4 apid=0.0 integ=-0.0 vision=1 current=1 vframe=7266 vs=1 vage=44 vpage=44 vdt=34 vmax=4564 vacc=7110 vrej=0 seq=0 elapsed=0 oled=3C
[   3907] STATUS mode=3 fault=none enc=-52 denc=9 sreq=1500 sapplied=1500 crate=1500 uimp=-304395 upos=835 uneg=1705 ball=-117.36 vball=96.07 aball=520.9 bref=0.00 pid=1500.0 pref=187.0 ppos=-304.4 apid=0.0 integ=-0.0 vision=1 current=1 vframe=7266 vs=1 vage=64 vpage=64 vdt=34 vmax=4564 vacc=7110 vrej=0 seq=0 elapsed=0 oled=3C
[   3938] STATUS mode=3 fault=none enc=-14 denc=10 sreq=1500 sapplied=1500 crate=1500 uimp=-274395 upos=855 uneg=1705 ball=-117.36 vball=96.07 aball=520.9 bref=0.00 pid=1500.0 pref=187.0 ppos=-274.4 apid=0.0 integ=-0.0 vision=1 current=1 vframe=7266 vs=1 vage=84 vpage=84 vdt=34 vmax=4564 vacc=7110 vrej=0 seq=0 elapsed=0 oled=3C
[   3969] STATUS mode=3 fault=none enc=61 denc=9 sreq=1500 sapplied=1500 crate=1500 uimp=-214395 upos=895 uneg=1705 ball=-110.78 vball=92.70 aball=468.7 bref=0.00 pid=1500.0 pref=186.5 ppos=-214.4 apid=0.0 integ=-0.0 vision=1 current=1 vframe=7267 vs=1 vage=24 vpage=24 vdt=100 vmax=4564 vacc=7111 vrej=0 seq=0 elapsed=0 oled=3C
[   3985] STATUS mode=3 fault=none enc=99 denc=10 sreq=1500 sapplied=1500 crate=1500 uimp=-184395 upos=915 uneg=1705 ball=-104.23 vball=118.88 aball=468.7 bref=0.00 pid=1500.0 pref=333.8 ppos=-184.4 apid=0.0 integ=-0.0 vision=1 current=1 vframe=7268 vs=1 vage=11 vpage=11 vdt=33 vmax=4564 vacc=7112 vrej=0 seq=0 elapsed=0 oled=3C
[   4016] STATUS mode=3 fault=none enc=175 denc=9 sreq=1500 sapplied=1500 crate=1500 uimp=-124395 upos=955 uneg=1705 ball=-104.23 vball=118.88 aball=468.7 bref=0.00 pid=1500.0 pref=333.8 ppos=-124.4 apid=0.0 integ=-0.0 vision=1 current=1 vframe=7268 vs=1 vage=51 vpage=51 vdt=33 vmax=4564 vacc=7112 vrej=0 seq=0 elapsed=0 oled=3C
[   4047] STATUS mode=3 fault=none enc=213 denc=8 sreq=1500 sapplied=1500 crate=1500 uimp=-94395 upos=975 uneg=1705 ball=-104.23 vball=118.88 aball=468.7 bref=0.00 pid=1500.0 pref=333.8 ppos=-94.4 apid=0.0 integ=-0.0 vision=1 current=1 vframe=7268 vs=1 vage=71 vpage=71 vdt=33 vmax=4564 vacc=7112 vrej=0 seq=0 elapsed=0 oled=3C
[   4079] STATUS mode=3 fault=none enc=252 denc=9 sreq=1500 sapplied=1500 crate=1500 uimp=-64395 upos=995 uneg=1705 ball=-104.23 vball=118.88 aball=468.7 bref=0.00 pid=1500.0 pref=333.8 ppos=-64.4 apid=0.0 integ=-0.0 vision=1 current=1 vframe=7268 vs=1 vage=91 vpage=91 vdt=33 vmax=4564 vacc=7112 vrej=0 seq=0 elapsed=0 oled=3C
[   4110] STATUS mode=3 fault=none enc=329 denc=9 sreq=1500 sapplied=1500 crate=1500 uimp=-4395 upos=1035 uneg=1705 ball=-84.69 vball=187.88 aball=684.2 bref=0.00 pid=1500.0 pref=600.0 ppos=-4.4 apid=0.0 integ=-0.0 vision=1 current=1 vframe=7270 vs=1 vage=19 vpage=19 vdt=6 vmax=4564 vacc=7114 vrej=0 seq=0 elapsed=0 oled=3C
[   4125] STATUS mode=3 fault=none enc=367 denc=10 sreq=1500 sapplied=1500 crate=1500 uimp=25605 upos=1055 uneg=1705 ball=-71.96 vball=275.04 aball=684.2 bref=0.00 pid=1500.0 pref=600.0 ppos=25.6 apid=0.0 integ=-0.0 vision=1 current=1 vframe=7271 vs=1 vage=1 vpage=1 vdt=38 vmax=4564 vacc=7115 vrej=0 seq=0 elapsed=0 oled=3C
[   4157] STATUS mode=3 fault=none enc=405 denc=10 sreq=1500 sapplied=1500 crate=1500 uimp=55605 upos=1075 uneg=1705 ball=-71.96 vball=275.04 aball=684.2 bref=0.00 pid=1500.0 pref=600.0 ppos=55.6 apid=0.0 integ=-0.0 vision=1 current=1 vframe=7271 vs=1 vage=21 vpage=21 vdt=38 vmax=4564 vacc=7115 vrej=0 seq=0 elapsed=0 oled=3C
[   4188] STATUS mode=3 fault=none enc=480 denc=10 sreq=1500 sapplied=1500 crate=1500 uimp=115605 upos=1115 uneg=1705 ball=-71.96 vball=275.04 aball=684.2 bref=0.00 pid=1500.0 pref=600.0 ppos=115.6 apid=0.0 integ=-0.0 vision=1 current=1 vframe=7271 vs=1 vage=61 vpage=61 vdt=38 vmax=4564 vacc=7115 vrej=0 seq=0 elapsed=0 oled=3C
[   4219] STATUS mode=3 fault=none enc=517 denc=9 sreq=1500 sapplied=1500 crate=1500 uimp=145605 upos=1135 uneg=1705 ball=-71.96 vball=275.04 aball=684.2 bref=0.00 pid=1500.0 pref=600.0 ppos=145.6 apid=0.0 integ=-0.0 vision=1 current=1 vframe=7271 vs=1 vage=81 vpage=81 vdt=38 vmax=4564 vacc=7115 vrej=0 seq=0 elapsed=0 oled=3C
[   4235] STATUS mode=3 fault=none enc=591 denc=9 sreq=1500 sapplied=1500 crate=1500 uimp=205605 upos=1175 uneg=1705 ball=-56.97 vball=204.68 aball=448.0 bref=0.00 pid=1500.0 pref=600.0 ppos=205.6 apid=0.0 integ=-0.0 vision=1 current=1 vframe=7273 vs=1 vage=8 vpage=8 vdt=6 vmax=4564 vacc=7117 vrej=0 seq=0 elapsed=0 oled=3C
[   4266] STATUS mode=3 fault=none enc=629 denc=10 sreq=1500 sapplied=1500 crate=1500 uimp=235605 upos=1195 uneg=1705 ball=-56.97 vball=204.68 aball=448.0 bref=0.00 pid=1500.0 pref=600.0 ppos=235.6 apid=0.0 integ=-0.0 vision=1 current=1 vframe=7273 vs=1 vage=28 vpage=28 vdt=6 vmax=4564 vacc=7117 vrej=0 seq=0 elapsed=0 oled=3C
[   4297] STATUS mode=3 fault=none enc=667 denc=10 sreq=1500 sapplied=1500 crate=1500 uimp=265605 upos=1215 uneg=1705 ball=-45.98 vball=262.85 aball=448.0 bref=0.00 pid=1500.0 pref=600.0 ppos=265.6 apid=0.0 integ=-0.0 vision=1 current=1 vframe=7274 vs=1 vage=13 vpage=13 vdt=35 vmax=4564 vacc=7118 vrej=0 seq=0 elapsed=0 oled=3C
[   4329] STATUS mode=3 fault=none enc=744 denc=10 sreq=1500 sapplied=1500 crate=1500 uimp=325605 upos=1255 uneg=1705 ball=-45.98 vball=262.85 aball=448.0 bref=0.00 pid=1500.0 pref=600.0 ppos=325.6 apid=0.0 integ=-0.0 vision=1 current=1 vframe=7274 vs=1 vage=53 vpage=53 vdt=35 vmax=4564 vacc=7118 vrej=0 seq=0 elapsed=0 oled=3C
[   4360] STATUS mode=3 fault=none enc=782 denc=9 sreq=1500 sapplied=1500 crate=1500 uimp=355605 upos=1275 uneg=1705 ball=-45.98 vball=262.85 aball=448.0 bref=0.00 pid=1500.0 pref=600.0 ppos=355.6 apid=0.0 integ=-0.0 vision=1 current=1 vframe=7274 vs=1 vage=73 vpage=73 vdt=35 vmax=4564 vacc=7118 vrej=0 seq=0 elapsed=0 oled=3C
[   4375] STATUS mode=3 fault=none enc=859 denc=9 sreq=1500 sapplied=1500 crate=1500 uimp=415605 upos=1315 uneg=1705 ball=-45.98 vball=262.85 aball=448.0 bref=0.00 pid=1500.0 pref=600.0 ppos=415.6 apid=0.0 integ=-0.0 vision=1 current=1 vframe=7274 vs=1 vage=113 vpage=113 vdt=35 vmax=4564 vacc=7118 vrej=0 seq=0 elapsed=0 oled=3C
[   4407] STATUS mode=3 fault=none enc=898 denc=9 sreq=1500 sapplied=1500 crate=1500 uimp=445605 upos=1335 uneg=1705 ball=-45.98 vball=262.85 aball=448.0 bref=0.00 pid=1500.0 pref=600.0 ppos=445.6 apid=0.0 integ=-0.0 vision=1 current=1 vframe=7274 vs=1 vage=133 vpage=133 vdt=35 vmax=4564 vacc=7118 vrej=0 seq=0 elapsed=0 oled=3C
[   4438] STATUS mode=3 fault=none enc=934 denc=8 sreq=0 sapplied=0 crate=0 uimp=474060 upos=1355 uneg=1705 ball=-45.98 vball=262.85 aball=448.0 bref=0.00 pid=1325.7 pref=474.1 ppos=474.1 apid=0.0 integ=-0.0 vision=1 current=1 vframe=7274 vs=1 vage=153 vpage=153 vdt=35 vmax=4564 vacc=7118 vrej=0 seq=0 elapsed=0 oled=3C
[   4469] STATUS mode=3 fault=none enc=935 denc=1 sreq=100 sapplied=100 crate=100 uimp=474060 upos=1355 uneg=1705 ball=-39.37 vball=227.62 aball=205.8 bref=0.00 pid=1259.4 pref=600.0 ppos=474.1 apid=0.0 integ=-0.0 vision=1 current=1 vframe=7275 vs=1 vage=3 vpage=3 vdt=190 vmax=4564 vacc=7119 vrej=0 seq=0 elapsed=0 oled=3C
[   4485] STATUS mode=3 fault=none enc=939 denc=2 sreq=500 sapplied=500 crate=500 uimp=479060 upos=1375 uneg=1705 ball=-31.90 vball=185.13 aball=205.8 bref=0.00 pid=1209.4 pref=600.0 ppos=479.1 apid=0.0 integ=-0.0 vision=1 current=1 vframe=7276 vs=1 vage=16 vpage=16 vdt=7 vmax=4564 vacc=7120 vrej=0 seq=0 elapsed=0 oled=3C
[   4516] STATUS mode=3 fault=none enc=956 denc=5 sreq=900 sapplied=900 crate=900 uimp=492060 upos=1395 uneg=1705 ball=-25.27 vball=225.84 aball=205.8 bref=0.00 pid=1079.4 pref=600.0 ppos=492.1 apid=0.0 integ=-0.0 vision=1 current=1 vframe=7277 vs=1 vage=16 vpage=16 vdt=20 vmax=4564 vacc=7121 vrej=0 seq=0 elapsed=0 oled=3C
[   4547] STATUS mode=3 fault=none enc=1001 denc=4 sreq=724 sapplied=724 crate=724 uimp=527635 upos=1435 uneg=1705 ball=-21.71 vball=161.92 aball=205.8 bref=0.00 pid=723.7 pref=600.0 ppos=527.6 apid=0.0 integ=-0.0 vision=1 current=1 vframe=7278 vs=1 vage=21 vpage=21 vdt=35 vmax=4564 vacc=7122 vrej=0 seq=0 elapsed=0 oled=3C
[   4579] STATUS mode=3 fault=none enc=1018 denc=3 sreq=589 sapplied=589 crate=589 uimp=541055 upos=1455 uneg=1705 ball=-21.71 vball=161.92 aball=205.8 bref=0.00 pid=589.5 pref=600.0 ppos=541.1 apid=0.0 integ=-0.0 vision=1 current=1 vframe=7278 vs=1 vage=41 vpage=41 vdt=35 vmax=4564 vacc=7122 vrej=0 seq=0 elapsed=0 oled=3C
[   4594] STATUS mode=3 fault=none enc=1043 denc=3 sreq=391 sapplied=391 crate=391 uimp=560890 upos=1495 uneg=1705 ball=-21.71 vball=161.92 aball=205.8 bref=0.00 pid=391.1 pref=600.0 ppos=560.9 apid=0.0 integ=-0.0 vision=1 current=1 vframe=7278 vs=1 vage=81 vpage=81 vdt=35 vmax=4564 vacc=7122 vrej=0 seq=0 elapsed=0 oled=3C
[   4625] STATUS mode=3 fault=none enc=1053 denc=3 sreq=319 sapplied=319 crate=319 uimp=568145 upos=1515 uneg=1705 ball=-21.71 vball=161.92 aball=205.8 bref=0.00 pid=318.6 pref=600.0 ppos=568.1 apid=0.0 integ=-0.0 vision=1 current=1 vframe=7278 vs=1 vage=101 vpage=101 vdt=35 vmax=4564 vacc=7122 vrej=0 seq=0 elapsed=0 oled=3C
[   4657] STATUS mode=3 fault=none enc=1058 denc=2 sreq=-81 sapplied=0 crate=-81 uimp=571430 upos=1530 uneg=1705 ball=-19.55 vball=91.11 aball=-254.7 bref=0.00 pid=-1500.0 pref=406.7 ppos=571.4 apid=-0.0 integ=-0.0 vision=1 current=1 vframe=7279 vs=1 vage=16 vpage=16 vdt=105 vmax=4564 vacc=7123 vrej=0 seq=0 elapsed=0 oled=3C
[   4688] STATUS mode=3 fault=none enc=1037 denc=-5 sreq=-881 sapplied=-881 crate=-881 uimp=554595 upos=1530 uneg=1740 ball=-29.07 vball=-130.87 aball=-254.7 bref=0.00 pid=-1500.0 pref=-600.0 ppos=554.6 apid=-0.0 integ=-0.0 vision=1 current=1 vframe=7280 vs=1 vage=29 vpage=29 vdt=27 vmax=4564 vacc=7124 vrej=0 seq=0 elapsed=0 oled=3C
[   4719] STATUS mode=3 fault=none enc=1011 denc=-7 sreq=-1281 sapplied=-1281 crate=-1281 uimp=533975 upos=1530 uneg=1760 ball=-34.25 vball=-143.41 aball=-254.7 bref=0.00 pid=-1500.0 pref=-600.0 ppos=534.0 apid=-0.0 integ=-0.0 vision=1 current=1 vframe=7281 vs=1 vage=16 vpage=16 vdt=33 vmax=4564 vacc=7125 vrej=0 seq=0 elapsed=0 oled=3C
[   4735] STATUS mode=3 fault=none enc=936 denc=-10 sreq=-1500 sapplied=-1500 crate=-1500 uimp=475760 upos=1530 uneg=1800 ball=-34.25 vball=-143.41 aball=-254.7 bref=0.00 pid=-1500.0 pref=-600.0 ppos=475.8 apid=-0.0 integ=-0.0 vision=1 current=1 vframe=7281 vs=1 vage=56 vpage=56 vdt=33 vmax=4564 vacc=7125 vrej=0 seq=0 elapsed=0 oled=3C
[   4766] STATUS mode=3 fault=none enc=898 denc=-10 sreq=-1500 sapplied=-1500 crate=-1500 uimp=445760 upos=1530 uneg=1820 ball=-34.25 vball=-143.41 aball=-254.7 bref=0.00 pid=-1500.0 pref=-600.0 ppos=445.8 apid=-0.0 integ=-0.0 vision=1 current=1 vframe=7281 vs=1 vage=76 vpage=76 vdt=33 vmax=4564 vacc=7125 vrej=0 seq=0 elapsed=0 oled=3C
[   4797] STATUS mode=3 fault=none enc=859 denc=-9 sreq=-1500 sapplied=-1500 crate=-1500 uimp=415760 upos=1530 uneg=1840 ball=-41.57 vball=-119.25 aball=-750.8 bref=0.00 pid=-1500.0 pref=-600.0 ppos=415.8 apid=-0.0 integ=-0.0 vision=1 current=1 vframe=7282 vs=1 vage=1 vpage=1 vdt=95 vmax=4564 vacc=7126 vrej=0 seq=0 elapsed=0 oled=3C
[   4829] STATUS mode=3 fault=none enc=781 denc=-10 sreq=-1500 sapplied=-1500 crate=-1500 uimp=355760 upos=1530 uneg=1880 ball=-41.57 vball=-119.25 aball=-750.8 bref=0.00 pid=-1500.0 pref=-600.0 ppos=355.8 apid=-0.0 integ=-0.0 vision=1 current=0 vframe=7283 vs=0 vage=41 vpage=21 vdt=95 vmax=4564 vacc=7126 vrej=0 seq=0 elapsed=0 oled=3C
[   4860] STATUS mode=3 fault=none enc=743 denc=-9 sreq=-1500 sapplied=-1500 crate=-1500 uimp=325760 upos=1530 uneg=1900 ball=-59.83 vball=-251.90 aball=-750.8 bref=0.00 pid=-1500.0 pref=-600.0 ppos=325.8 apid=-0.0 integ=-0.0 vision=1 current=1 vframe=7284 vs=1 vage=4 vpage=4 vdt=57 vmax=4564 vacc=7127 vrej=0 seq=0 elapsed=0 oled=3C
[   4891] STATUS mode=3 fault=none enc=665 denc=-11 sreq=-1500 sapplied=-1500 crate=-1500 uimp=265760 upos=1530 uneg=1940 ball=-59.83 vball=-251.90 aball=-750.8 bref=0.00 pid=-1500.0 pref=-600.0 ppos=265.8 apid=-0.0 integ=-0.0 vision=1 current=1 vframe=7284 vs=1 vage=44 vpage=44 vdt=57 vmax=4564 vacc=7127 vrej=0 seq=0 elapsed=0 oled=3C
[   4907] STATUS mode=3 fault=none enc=627 denc=-11 sreq=-1500 sapplied=-1500 crate=-1500 uimp=235760 upos=1530 uneg=1960 ball=-59.83 vball=-251.90 aball=-750.8 bref=0.00 pid=-1500.0 pref=-600.0 ppos=235.8 apid=-0.0 integ=-0.0 vision=1 current=1 vframe=7284 vs=1 vage=64 vpage=64 vdt=57 vmax=4564 vacc=7127 vrej=0 seq=0 elapsed=0 oled=3C
[   4938] STATUS mode=3 fault=none enc=553 denc=-9 sreq=-1500 sapplied=-1500 crate=-1500 uimp=175760 upos==1530 uneg=1980 ball=-59.83 vball=-251.90 aball=-750.8 bref=0.00 pid=-1500.0 pref=-600.0 ppos=205.8 apid=-0.0 integ=-0.0 vision=1 current=1 vframe=7284 vs=1 vage=84 vpage=84 vdt=57 vmax=4564 vacc=7127 vrej=0 seq=0 elapsed=0 oled=3C
[   4969] STATUS mode=3 fault=none enc=516 denc=-9 sreq=-1500 sapplied=-1500 crate=-1500 uimp=145760 upos=1530 uneg=2020 ball=-76.65 vball=-234.69 aball=-715.0 bref=0.00 pid=-1500.0 pref=-600.0 ppos=145.8 apid=-0.0 integ=-0.0 vision=1 current=1 vframe=7285 vs=1 vage=9 vpage=9 vdt=115 vmax=4564 vacc=7128 vrej=0 seq=0 elapsed=0 oled=3C
[   5000] STATUS mode=3 fault=none enc=479 denc=-9 sreq=-1500 sapplied=-1500 crate=-1500 uimp=115760 upos=1530 uneg=2040 ball=-76.65 vball=-234.69 aball=-715.0 bref=0.00 pid=-1500.0 pref=-600.0 ppos=115.8 apid=-0.0 integ=-0.0 vision=1 current=0 vframe=7286 vs=0 vage=29 vpage=13 vdt=115 vmax=4564 vacc=7128 vrej=0 seq=0 elapsed=0 oled=3C
[   5032] STATUS mode=3 fault=none enc=404 denc=-10 sreq=-1500 sapplied=-1500 crate=-1500 uimp=55760 upos=1530 uneg=2080 ball=-103.49 vball=-409.52 aball=-715.0 bref=0.00 pid=-1500.0 pref=-600.0 ppos=55.8 apid=-0.0 integ=-0.0 vision=1 current=1 vframe=7287 vs=1 vage=19 vpage=19 vdt=50 vmax=4564 vacc=7129 vrej=0 seq=0 elapsed=0 oled=3C
[   5047] STATUS mode=3 fault=none enc=366 denc=-9 sreq=-1500 sapplied=-1500 crate=-1500 uimp=25760 upos=1530 uneg=2100 ball=-103.49 vball=-409.52 aball=-715.0 bref=0.00 pid=-1500.0 pref=-600.0 ppos=25.8 apid=-0.0 integ=-0.0 vision=1 current=1 vframe=7287 vs=1 vage=39 vpage=39 vdt=50 vmax=4564 vacc=7129 vrej=0 seq=0 elapsed=0 oled=3C
[   5079] STATUS mode=3 fault=none enc=289 denc=-9 sreq=-1500 sapplied=-1500 crate=-1500 uimp=-34240 upos=1530 uneg=2140 ball=-103.49 vball=-409.52 aball=-715.0 bref=0.00 pid=-1500.0 pref=-600.0 ppos=-34.2 apid=-0.0 integ=-0.0 vision=1 current=1 vframe=7287 vs=1 vage=79 vpage=79 vdt=50 vmax=4564 vacc=7129 vrej=0 seq=0 elapsed=0 oled=3C
[   5110] STATUS mode=3 fault=none enc=251 denc=-9 sreq=-1500 sapplied=-1500 crate=-1500 uimp=-64240 upos=1530 uneg=2160 ball=-103.49 vball=-409.52 aball=-715.0 bref=0.00 pid=-1500.0 pref=-600.0 ppos=-64.2 apid=-0.0 integ=-0.0 vision=1 current=1 vframe=7287 vs=1 vage=99 vpage=99 vdt=50 vmax=4564 vacc=7129 vrej=0 seq=0 elapsed=0 oled=3C
[   5141] STATUS mode=3 fault=none enc=212 denc=-9 sreq=-1500 sapplied=-1500 crate=-1500 uimp=-94240 upos=1530 uneg=2180 ball=-125.42 vball=-356.55 aball=-754.0 bref=0.00 pid=-1500.0 pref=-600.0 ppos=-94.2 apid=-0.0 integ=-0.0 vision=1 current=1 vframe=7288 vs=1 vage=17 vpage=17 vdt=102 vmax=4564 vacc=7130 vrej=0 seq=0 elapsed=0 oled=3C
[   5172] STATUS mode=3 fault=none enc=135 denc=-10 sreq=-1500 sapplied=-1500 crate=-1500 uimp=-154240 upos=1530 uneg=2220 ball=-125.42 vball=-356.55 aball=-754.0 bref=0.00 pid=-1500.0 pref=-600.0 ppos=-154.2 apid=-0.0 integ=-0.0 vision=1 current=0 vframe=7289 vs=0 vage=57 vpage=27 vdt=102 vmax=4564 vacc=7130 vrej=0 seq=0 elapsed=0 oled=3C
[   5204] STATUS mode=3 fault=none enc=97 denc=-10 sreq=-1500 sapplied=-1500 crate=-1500 uimp=-184240 upos=1530 uneg=2240 ball=-125.42 vball=-356.55 aball=-754.0 bref=0.00 pid=-1500.0 pref=-600.0 ppos=-184.2 apid=-0.0 integ=-0.0 vision=1 current=0 vframe=7289 vs=0 vage=77 vpage=47 vdt=102 vmax=4564 vacc=7130 vrej=0 seq=0 elapsed=0 oled=3C
[   5235] STATUS mode=3 fault=none enc=22 denc=-10 sreq=-1500 sapplied=-1500 crate=-1500 uimp=-244240 upos=1530 uneg=2280 ball=-125.42 vball=-356.55 aball=-754.0 bref=0.00 pid=-1500.0 pref=-600.0 ppos=-244.2 apid=-0.0 integ=-0.0 vision=1 current=0 vframe=7289 vs=0 vage=117 vpage=87 vdt=102 vmax=4564 vacc=7130 vrej=0 seq=0 elapsed=0 oled=3C
[   5250] STATUS mode=3 fault=none enc=-15 denc=-10 sreq=-1500 sapplied=-1500 crate=-1500 uimp=-274240 upos=1530 uneg=2300 ball=-125.42 vball=-356.55 aball=-754.0 bref=0.00 pid=-1500.0 pref=-600.0 ppos=-274.2 apid=-0.0 integ=-0.0 vision=1 current=0 vframe=7289 vs=0 vage=137 vpage=107 vdt=102 vmax=4564 vacc=7130 vrej=0 seq=0 elapsed=0 oled=3C
[   5282] STATUS mode=3 fault=none enc=-44 denc=0 sreq=0 sapplied=0 crate=0 uimp=-296740 upos=1530 uneg=2315 ball=-125.42 vball=-356.55 aball=-754.0 bref=0.00 pid=-1500.0 pref=-296.7 ppos=-296.7 apid=-0.0 integ=-0.0 vision=1 current=0 vframe=7289 vs=0 vage=177 vpage=147 vdt=102 vmax=4564 vacc=7130 vrej=0 seq=0 elapsed=0 oled=3C
[   5313] STATUS mode=3 fault=none enc=-44 denc=0 sreq=0 sapplied=0 crate=0 uimp=-296740 upos=1530 uneg=2315 ball=-125.42 vball=-356.55 aball=-754.0 bref=0.00 pid=-1500.0 pref=-296.7 ppos=-296.7 apid=-0.0 integ=-0.0 vision=1 current=0 vframe=7289 vs=0 vage=197 vpage=167 vdt=102 vmax=4564 vacc=7130 vrej=0 seq=0 elapsed=0 oled=3C
[   5344] STATUS mode=3 fault=none enc=-46 denc=-2 sreq=-400 sapplied=-400 crate=-400 uimp=-299740 upos=1530 uneg=2330 ball=-124.08 vball=-35.86 aball=260.3 bref=0.00 pid=-1500.0 pref=-489.5 ppos=-299.7 apid=0.0 integ=-0.0 vision=1 current=1 vframe=7290 vs=1 vage=19 vpage=19 vdt=198 vmax=4564 vacc=7131 vrej=0 seq=0 elapsed=0 oled=3C
[   5375] STATUS mode=3 fault=none enc=-71 denc=-2 sreq=-200 sapplied=-200 crate=-200 uimp=-319740 upos=1530 uneg=2370 ball=-113.31 vball=130.96 aball=260.3 bref=0.00 pid=1500.0 pref=371.5 ppos=-319.7 apid=0.0 integ=-0.0 vision=1 current=1 vframe=7291 vs=1 vage=25 vpage=25 vdt=34 vmax=4564 vacc=7132 vrej=0 seq=0 elapsed=0 oled=3C
[   5391] STATUS mode=3 fault=none enc=-73 denc=0 sreq=200 sapplied=200 crate=200 uimp=-321240 upos=1530 uneg=2380 ball=-113.31 vball=130.96 aball=260.3 bref=0.00 pid=1500.0 pref=371.5 ppos=-321.2 apid=0.0 integ=-0.0 vision=1 current=1 vframe=7291 vs=1 vage=45 vpage=45 vdt=34 vmax=4564 vacc=7132 vrej=0 seq=0 elapsed=0 oled=3C
[   5422] STATUS mode=3 fault=none enc=-47 denc=6 sreq=1000 sapplied=1000 crate=1000 uimp=-299240 upos=1570 uneg=2380 ball=-113.31 vball=130.96 aball=260.3 bref=0.00 pid=1500.0 pref=371.5 ppos=-299.2 apid=0.0 integ=-0.0 vision=1 current=1 vframe=7291 vs=1 vage=85 vpage=85 vdt=34 vmax=4564 vacc=7132 vrej=0 seq=0 elapsed=0 oled=3C
[   5454] STATUS mode=3 fault=none enc=-18 denc=9 sreq=1400 sapplied=1400 crate=1400 uimp=-276240 upos=1590 uneg=2380 ball=-105.43 vball=120.35 aball=663.9 bref=0.00 pid=1500.0 pref=338.2 ppos=-276.2 apid=0.0 integ=-0.0 vision=1 current=1 vframe=7292 vs=1 vage=4 vpage=4 vdt=101 vmax=4564 vacc=7133 vrej=0 seq=0 elapsed=0 oled=3C
[   5485] STATUS mode=3 fault=none enc=19 denc=9 sreq=1500 sapplied=1500 crate=1500 uimp=-246740 upos=1610 uneg=2380 ball=-105.43 vball=120.35 aball=663.9 bref=0.00 pid=1500.0 pref=338.2 ppos=-246.7 apid=0.0 integ=-0.0 vision=1 current=1 vframe=7292 vs=1 vage=24 vpage=24 vdt=101 vmax=4564 vacc=7133 vrej=0 seq=0 elapsed=0 oled=3C
[   5500] STATUS mode=3 fault=none enc=95 denc=9 sreq=1500 sapplied=1500 crate=1500 uimp=-186740 upos=1650 uneg=2380 ball=-94.83 vball=213.11 aball=663.9 bref=0.00 pid=1500.0 pref=600.0 ppos=-186.7 apid=0.0 integ=-0.0 vision=1 current=1 vframe=7293 vs=1 vage=31 vpage=31 vdt=33 vmax=4564 vacc=7134 vrej=0 seq=0 elapsed=0 oled=3C
[   5532] STATUS mode=3 fault=none enc=133 denc=9 sreq=1500 sapplied=1500 crate=1500 uimp=-156740 upos=1670 uneg=2380 ball=-89.47 vball=191.18 aball=663.9 bref=0.00 pid=1500.0 pref=600.0 ppos=-156.7 apid=0.0 integ=-0.0 vision=1 current=1 vframe=7294 vs=1 vage=19 vpage=19 vdt=32 vmax=4564 vacc=7135 vrej=0 seq=0 elapsed=0 oled=3C
[   5563] STATUS mode=3 fault=none enc=210 denc=9 sreq=1500 sapplied=1500 crate=1500 uimp=-96740 upos=1710 uneg=2380 ball=-89.47 vball=191.18 aball=663.9 bref=0.00 pid=1500.0 pref=600.0 ppos=-96.7 apid=0.0 integ=-0.0 vision=1 current=1 vframe=7294 vs=1 vage=59 vpage=59 vdt=32 vmax=4564 vacc=7135 vrej=0 seq=0 elapsed=0 oled=3C
[   5594] STATUS mode=3 fault=none enc=249 denc=9 sreq=1500 sapplied=1500 crate=1500 uimp=-66740 upos=1730 uneg=2380 ball=-89.47 vball=191.18 aball=663.9 bref=0.00 pid=1500.0 pref=600.0 ppos=-66.7 apid=0.0 integ=-0.0 vision=1 current=1 vframe=7294 vs=1 vage=79 vpage=79 vdt=32 vmax=4564 vacc=7135 vrej=0 seq=0 elapsed=0 oled=3C
[   5625] STATUS mode=3 fault=none enc=287 denc=9 sreq=1500 sapplied=1500 crate=1500 uimp=-36740 upos=1750 uneg=2380 ball=-89.47 vball=191.18 aball=663.9 bref=0.00 pid=1500.0 pref=600.0 ppos=-36.7 apid=0.0 integ=-0.0 vision=1 current=1 vframe=7294 vs=1 vage=99 vpage=99 vdt=32 vmax=4564 vacc=7135 vrej=0 seq=0 elapsed=0 oled=3C
[   5641] STATUS mode=3 fault=none enc=364 denc=10 sreq=1500 sapplied=1500 crate=1500 uimp=23260 upos=1790 uneg=2380 ball=-68.41 vball=326.93 aball=443.7 bref=0.00 pid=1500.0 pref=600.0 ppos=23.3 apid=0.0 integ=-0.0 vision=1 current=1 vframe=7296 vs=1 vage=4 vpage=4 vdt=20 vmax=4564 vacc=7137 vrej=0 seq=0 elapsed=0 oled=3C
[   5672] STATUS mode=3 fault=none enc=402 denc=10 sreq=1500 sapplied=1500 crate=1500 uimp=53260 upos=1810 uneg=2380 ball=-68.41 vball=326.93 aball=443.7 bref=0.00 pid=1500.0 pref=600.0 ppos=53.3 apid=0.0 integ=-0.0 vision=1 current=1 vframe=7296 vs=1 vage=24 vpage=24 vdt=20 vmax=4564 vacc=7137 vrej=0 seq=0 elapsed=0 oled=3C
[   5704] STATUS mode=3 fault=none enc=477 denc=10 sreq=1500 sapplied=1500 crate=1500 uimp=113260 upos=1850 uneg=2380 ball=-61.53 vball=275.19 aball=443.7 bref=0.00 pid=1500.0 pref=600.0 ppos=113.3 apid=0.0 integ=-0.0 vision=1 current=1 vframe=7297 vs=1 vage=33 vpage=33 vdt=31 vmax=4564 vacc=7138 vrej=0 seq=0 elapsed=0 oled=3C
[   5735] STATUS mode=3 fault=none enc=514 denc=9 sreq=1500 sapplied=1500 crate=1500 uimp=143260 upos=1870 uneg=2380 ball=-61.53 vball=275.19 aball=443.7 bref=0.00 pid=1500.0 pref=600.0 ppos=143.3 apid=0.0 integ=-0.0 vision=1 current=1 vframe=7297 vs=1 vage=53 vpage=53 vdt=31 vmax=4564 vacc=7138 vrej=0 seq=0 elapsed=0 oled=3C
[   5750] STATUS mode=3 fault=none enc=551 denc=9 sreq=1500 sapplied=1500 crate=1500 uimp=173260 upos=1890 uneg=2380 ball=-61.53 vball=275.19 aball=443.7 bref=0.00 pid=1500.0 pref=600.0 ppos=173.3 apid=0.0 integ=-0.0 vision=1 current=1 vframe=7297 vs=1 vage=73 vpage=73 vdt=31 vmax=4564 vacc=7138 vrej=0 seq=0 elapsed=0 oled=3C
[   5782] STATUS mode=3 fault=none enc=626 denc=10 sreq=1500 sapplied=1500 crate=1500 uimp=233260 upos=1930 uneg=2380 ball=-51.34 vball=199.65 aball=382.1 bref=0.00 pid=1500.0 pref=600.0 ppos=233.3 apid=0.0 integ=-0.0 vision=1 current=1 vframe=7298 vs=1 vage=8 vpage=8 vdt=105 vmax=4564 vacc=7139 vrej=0 seq=0 elapsed=0 oled=3C
[   5813] STATUS mode=3 fault=none enc=664 denc=10 sreq=1500 sapplied=1500 crate=1500 uimp=263260 upos=1950 uneg=2380 ball=-51.34 vball=199.65 aball=382.1 bref=0.00 pid=1500.0 pref=600.0 ppos=263.3 apid=0.0 integ=-0.0 vision=1 current=1 vframe=7298 vs=1 vage=28 vpage=28 vdt=105 vmax=4564 vacc=7139 vrej=0 seq=0 elapsed=0 oled=3C
[   5844] STATUS mode=3 fault=none enc=741 denc=9 sreq=1500 sapplied=1500 crate=1500 uimp=323260 upos=1990 uneg=2380 ball=-36.96 vball=205.34 aball=382.1 bref=0.00 pid=1500.0 pref=600.0 ppos=293.3 apid=0.0 integ=-0.0 vision=1 current=1 vframe=7299 vs=1 vage=20 vpage=20 vdt=28 vmax=4564 vacc=7140 vrej=0 seq=0 elapsed=0 oled=3C
[   5875] STATUS mode=3 fault=none enc=779 denc=8 sreq=1500 sapplied=1500 crate=1500 uimp=353260 upos=2010 uneg=2380 ball=-36.96 vball=205.34 aball=382.1 bref=0.00 pid=1500.0 pref=600.0 ppos=353.3 apid=0.0 integ=-0.0 vision=1 current=1 vframe=7306 vs=1 vage=27 vpage=27 vdt=33 vmax=4564 vacc=7147 vrej=0 seq=0 elapsed=0 oled=3C
[   5891] STATUS mode=3 fault=none enc=818 denc=9 sreq=1500 sapplied=1500 crate=1500 uimp=383260 upos=2030 uneg=2380 ball=-36.96 vball=205.34 aball=382.1 bref=0.00 pid=1500.0 pref=600.0 ppos=383.3 apid=0.0 integ=-0.0 vision=1 current=1 vframe=7306 vs=1 vage=47 vpage=47 vdt=33 vmax=4564 vacc=7147 vrej=0 seq=0 elapsed=0 oled=3C
[   5922] STATUS mode=3 fault=none enc=896 denc=10 sreq=1500 sapplied=1500 crate=1500 uimp=443260 upos=2070 uneg=2380 ball=-36.96 vball=205.34 aball=382.1 bref=0.00 pid=1500.0 pref=600.0 ppos=443.3 apid=0.0 integ=-0.0 vision=1 current=1 vframe=7306 vs=1 vage=87 vpage=87 vdt=33 vmax=4564 vacc=7147 vrej=0 seq=0 elapsed=0 oled=3C
[   5954] STATUS mode=3 fault=none enc=932 denc=9 sreq=1280 sapplied=1280 crate=1280 uimp=472045 upos=2090 uneg=2380 ball=-29.86 vball=147.47 aball=67.0 bref=0.00 pid=1279.6 pref=600.0 ppos=472.0 apid=0.0 integ=-0.0 vision=1 current=1 vframe=7307 vs=1 vage=4 vpage=4 vdt=103 vmax=4564 vacc=7148 vrej=0 seq=0 elapsed=0 oled=3C
[   5985] STATUS mode=3 fault=none enc=961 denc=7 sreq=1042 sapplied=1042 crate=1042 uimp=495785 upos=2110 uneg=2380 ball=-29.86 vball=147.47 aball=67.0 bref=0.00 pid=1042.2 pref=600.0 ppos=495.8 apid=0.0 integ=-0.0 vision=1 current=1 vframe=7307 vs=1 vage=24 vpage=24 vdt=103 vmax=4564 vacc=7148 vrej=0 seq=0 elapsed=0 oled=3C
[   6000] STATUS mode=3 fault=none enc=1006 denc=5 sreq=691 sapplied=691 crate=691 uimp=530865 upos=2150 uneg=2380 ball=-25.88 vball=137.21 aball=67.0 bref=0.00 pid=691.4 pref=600.0 ppos=530.9 apid=0.0 integ=-0.0 vision=1 current=1 vframe=7308 vs=1 vage=34 vpage=34 vdt=30 vmax=4564 vacc=7149 vrej=0 seq=0 elapsed=0 oled=3C
[   6032] STATUS mode=3 fault=none enc=1019 denc=2 sreq=291 sapplied=291 crate=291 uimp=541685 upos=2170 uneg=2380 ball=-24.81 vball=85.35 aball=67.0 bref=0.00 pid=-1500.0 pref=364.7 ppos=541.7 apid=0.0 integ=-0.0 vision=1 current=1 vframe=7309 vs=1 vage=20 vpage=20 vdt=34 vmax=4564 vacc=7150 vrej=0 seq=0 elapsed=0 oled=3C
[   6063] STATUS mode=3 fault=none enc=1019 denc=-2 sreq=-509 sapplied=-509 crate=-509 uimp=539915 upos=2185 uneg=2395 ball=-24.81 vball=85.35 aball=67.0 bref=0.00 pid=-1500.0 pref=364.7 ppos=539.9 apid=0.0 integ=-0.0 vision=1 current=1 vframe=7309 vs=1 vage=60 vpage=60 vdt=34 vmax=4564 vacc=7150 vrej=0 seq=0 elapsed=0 oled=3C
[   6094] STATUS mode=3 fault=none enc=1002 denc=-4 sreq=-909 sapplied=-909 crate=-909 uimp=526735 upos=2185 uneg=2415 ball=-24.81 vball=85.35 aball=67.0 bref=0.00 pid=-1500.0 pref=364.7 ppos=526.7 apid=0.0 integ=-0.0 vision=1 current=1 vframe=7309 vs=1 vage=80 vpage=80 vdt=34 vmax=4564 vacc=7150 vrej=0 seq=0 elapsed=0 oled=3C
[   6110] STATUS mode=3 fault=none enc=975 denc=-7 sreq=-1309 sapplied=-1309 crate=-1309 uimp=505555 upos=2185 uneg=2435 ball=-23.57 vball=50.17 aball=-236.8 bref=0.00 pid=-1500.0 pref=191.9 ppos=505.6 apid=-0.0 integ=-0.0 vision=1 current=1 vframe=7310 vs=1 vage=4 vpage=4 vdt=96 vmax=4564 vacc=7151 vrej=0 seq=0 elapsed=0 oled=3C
[   6141] STATUS mode=3 fault=none enc=900 denc=-9 sreq=-1500 sapplied=-1500 crate=-1500 uimp=446965 upos=2185 uneg=2475 ball=-25.99 vball=2.65 aball=-236.8 bref=0.00 pid=-1500.0 pref=-52.2 ppos=447.0 apid=-0.0 integ=-0.5 vision=1 current=1 vframe=7311 vs=1 vage=24 vpage=24 vdt=20 vmax=4564 vacc=7152 vrej=0 seq=0 elapsed=0 oled=3C
[   6172] STATUS mode=3 fault=none enc=861 denc=-8 sreq=-1500 sapplied=-1500 crate=-1500 uimp=416965 upos=2185 uneg=2495 ball=-30.86 vball=-65.65 aball=-236.8 bref=0.00 pid=-1500.0 pref=-405.4 ppos=417.0 apid=-0.0 integ=-0.0 vision=1 current=1 vframe=7312 vs=1 vage=10 vpage=10 vdt=34 vmax=4564 vacc=7153 vrej=0 seq=0 elapsed=0 oled=3C
[   6204] STATUS mode=3 fault=none enc=783 denc=-9 sreq=-1500 sapplied=-1500 crate=-1500 uimp=356965 upos=2185 uneg=2535 ball=-30.86 vball=-65.65 aball=-236.8 bref=0.00 pid=-1500.0 pref=-405.4 ppos=357.0 apid=-0.0 integ=-0.0 vision=1 current=1 vframe=7312 vs=1 vage=50 vpage=50 vdt=34 vmax=4564 vacc=7153 vrej=0 seq=0 elapsed=0 oled=3C
[   6235] STATUS mode=3 fault=none enc=744 denc=-10 sreq=-1500 sapplied=-1500 crate=-1500 uimp=326965 upos=2185 uneg=2555 ball=-30.86 vball=-65.65 aball=-236.8 bref=0.00 pid=-1500.0 pref=-405.4 ppos=327.0 apid=-0.0 integ=-0.0 vision=1 current=1 vframe=7312 vs=1 vage=70 vpage=70 vdt=34 vmax=4564 vacc=7153 vrej=0 seq=0 elapsed=0 oled=3C
[   6266] STATUS mode=3 fault=none enc=704 denc=-12 sreq=-1500 sapplied=-1500 crate=-1500 uimp=296965 upos=2185 uneg=2575 ball=-30.86 vball=-65.65 aball=-236.8 bref=0.00 pid=-1500.0 pref=-405.4 ppos=297.0 apid=-0.0 integ=-0.0 vision=1 current=1 vframe=7312 vs=1 vage=90 vpage=90 vdt=34 vmax=4564 vacc=7153 vrej=0 seq=0 elapsed=0 oled=3C
[   6282] STATUS mode=3 fault=none enc=629 denc=-10 sreq=-1500 sapplied=-1500 crate=-1500 uimp=236965 upos=2185 uneg=2615 ball=-42.07 vball=-126.09 aball=-482.7 bref=0.00 pid=-1500.0 pref=-600.0 ppos=237.0 apid=-0.0 integ=-0.0 vision=1 current=1 vframe=7314 vs=1 vage=15 vpage=15 vdt=21 vmax=4564 vacc=7155 vrej=0 seq=0 elapsed=0 oled=3C
[   6313] STATUS mode=3 fault=none enc=591 denc=-10 sreq=-1500 sapplied=-1500 crate=-1500 uimp=206965 upos=2185 uneg=2635 ball=-42.07 vball=-126.09 aball=-482.7 bref=0.00 pid=-1500.0 pref=-600.0 ppos=207.0 apid=-0.0 integ=-0.0 vision=1 current=1 vframe=7314 vs=1 vage=35 vpage=35 vdt=21 vmax=4564 vacc=7155 vrej=0 seq=0 elapsed=0 oled=3C
[   6344] STATUS mode=3 fault=none enc=517 denc=-9 sreq=-1500 sapplied=-1500 crate=-1500 uimp=146965 upos=2185 uneg=2675 ball=-52.10 vball=-201.90 aball=-482.7 bref=0.00 pid=-1500.0 pref=-600.0 ppos=147.0 apid=-0.0 integ=-0.0 vision=1 current=1 vframe=7315 vs=1 vage=39 vpage=39 vdt=36 vmax=4564 vacc=7156 vrej=0 seq=0 elapsed=0 oled=3C
[   6375] STATUS mode=3 fault=none enc=480 denc=-9 sreq=-1500 sapplied=-1500 crate=-1500 uimp=116965 upos=2185 uneg=2695 ball=-52.10 vball=-201.90 aball=-482.7 bref=0.00 pid=-1500.0 pref=-600.0 ppos=117.0 apid=-0.0 integ=-0.0 vision=1 current=1 vframe=7315 vs=1 vage=59 vpage=59 vdt=36 vmax=4564 vacc=7156 vrej=0 seq=0 elapsed=0 oled=3C
[   6407] STATUS mode=3 fault=none enc=405 denc=-10 sreq=-1500 sapplied=-1500 crate=-1500 uimp=56965 upos=2185 uneg=2735 ball=-52.10 vball=-201.90 aball=-482.7 bref=0.00 pid=-1500.0 pref=-600.0 ppos=57.0 apid=-0.0 integ=-0.0 vision=1 current=1 vframe=7315 vs=1 vage=99 vpage=99 vdt=36 vmax=4564 vacc=7156 vrej=0 seq=0 elapsed=0 oled=3C
[   6438] STATUS mode=3 fault=none enc=366 denc=-11 sreq=-1500 sapplied=-1500 crate=-1500 uimp=26965 upos=2185 uneg=2755 ball=-62.75 vball=-167.64 aball=-553.9 bref=0.00 pid=-1500.0 pref=-600.0 ppos=27.0 apid=-0.0 integ=-0.0 vision=1 current=1 vframe=7316 vs=1 vage=17 vpage=17 vdt=102 vmax=4564 vacc=7157 vrej=0 seq=0 elapsed=0 oled=3C
[   6454] STATUS mode=3 fault=none enc=328 denc=-10 sreq=-1500 sapplied=-1500 crate=-1500 uimp=-3035 upos=2185 uneg=2775 ball=-78.62 vball=-337.80 aball=-553.9 bref=0.00 pid=-1500.0 pref=-600.0 ppos=-3.0 apid=-0.0 integ=-0.0 vision=1 current=1 vframe=7317 vs=1 vage=6 vpage=6 vdt=31 vmax=4564 vacc=7158 vrej=0 seq=0 elapsed=0 oled=3C
[   6485] STATUS mode=3 fault=none enc=252 denc=-9 sreq=-1500 sapplied=-1500 crate=-1500 uimp=-63035 upos=2185 uneg=2815 ball=-86.42 vball=-287.97 aball=-553.9 bref=0.00 pid=-1500.0 pref=-600.0 ppos=-63.0 apid=-0.0 integ=-0.0 vision=1 current=1 vframe=7318 vs=1 vage=13 vpage=13 vdt=33 vmax=4564 vacc=7159 vrej=0 seq=0 elapsed=0 oled=3C
[   6516] STATUS mode=3 fault=none enc=213 denc=-9 sreq=-1500 sapplied=-1500 crate=-1500 uimp=-93035 upos=2185 uneg=2835 ball=-86.42 vball=-287.97 aball=-553.9 bref=0.00 pid=-1500.0 pref=-600.0 ppos=-93.0 apid=-0.0 integ=-0.0 vision=1 current=1 vframe=7318 vs=1 vage=33 vpage=33 vdt=33 vmax=4564 vacc=7159 vrej=0 seq=0 elapsed=0 oled=3C
[   6547] STATUS mode=3 fault=none enc=136 denc=-10 sreq=-1500 sapplied=-1500 crate=-1500 uimp=-153035 upos=2185 uneg=2875 ball=-86.42 vball=-287.97 aball=-553.9 bref=0.00 pid=-1500.0 pref=-600.0 ppos=-153.0 apid=-0.0 integ=-0.0 vision=1 current=1 vframe=7318 vs=1 vage=73 vpage=73 vdt=33 vmax=4564 vacc=7159 vrej=0 seq=0 elapsed=0 oled=3C
[   6579] STATUS mode=3 fault=none enc=98 denc=-10 sreq=-1500 sapplied=-1500 crate=-1500 uimp=-183035 upos=2185 uneg=2895 ball=-86.42 vball=-287.97 aball=-553.9 bref=0.00 pid=-1500.0 pref=-600.0 ppos=-183.0 apid=-0.0 integ=-0.0 vision=1 current=1 vframe=7318 vs=1 vage=93 vpage=93 vdt=33 vmax=4564 vacc=7159 vrej=0 seq=0 elapsed=0 oled=3C
[   6594] STATUS mode=3 fault=none enc=23 denc=-10 sreq=-1500 sapplied=-1500 crate=-1500 uimp=-243035 upos=2185 uneg=2935 ball=-98.49 vball=-221.63 aball=-451.0 bref=0.00 pid=-1500.0 pref=-600.0 ppos=-243.0 apid=-0.0 integ=-0.0 vision=1 current=1 vframe=7319 vs=1 vage=11 vpage=11 vdt=102 vmax=4564 vacc=7160 vrej=0 seq=0 elapsed=0 oled=3C
[   6625] STATUS mode=3 fault=none enc=-14 denc=-10 sreq=-1500 sapplied=-1500 crate=-1500 uimp=-273035 upos=2185 uneg=2955 ball=-113.12 vball=-334.19 aball=-451.0 bref=0.00 pid=-1500.0 pref=-600.0 ppos=-273.0 apid=-0.0 integ=-0.0 vision=1 current=1 vframe=7320 vs=1 vage=20 vpage=20 vdt=31 vmax=4564 vacc=7161 vrej=0 seq=0 elapsed=0 oled=3C
[   6657] STATUS mode=3 fault=none enc=-51 denc=-9 sreq=-1300 sapplied=-1300 crate=-1300 uimp=-302535 upos=2185 uneg=2975 ball=-120.09 vball=-270.86 aball=-451.0 bref=0.00 pid=-400.0 pref=-1200.0 ppos=-302.5 apid=-0.0 integ=0.0 vision=1 current=1 vframe=7321 vs=1 vage=6 vpage=6 vdt=34 vmax=4564 vacc=7162 vrej=0 seq=0 elapsed=0 oled=3C
[   6688] STATUS mode=3 fault=none enc=-99 denc=-5 sreq=-500 sapplied=-500 crate=-500 uimp=-340535 upos=2185 uneg=3015 ball=-120.09 vball=-270.86 aball=-451.0 bref=0.00 pid=-400.0 pref=-1200.0 ppos=-340.5 apid=-0.0 integ=0.0 vision=1 current=1 vframe=7321 vs=1 vage=46 vpage=46 vdt=34 vmax=4564 vacc=7162 vrej=0 seq=0 elapsed=0 oled=3C
[   6719] STATUS mode=3 fault=none enc=-109 denc=-3 sreq=-400 sapplied=-400 crate=-400 uimp=-349035 upos=2185 uneg=3035 ball=-120.09 vball=-270.86 aball=-451.0 bref=0.00 pid=-400.0 pref=-1200.0 ppos=-349.0 apid=-0.0 integ=0.0 vision=1 current=1 vframe=7321 vs=1 vage=66 vpage=66 vdt=34 vmax=4564 vacc=7162 vrej=0 seq=0 elapsed=0 oled=3C
[   6750] STATUS mode=3 fault=none enc=-129 denc=-3 sreq=-400 sapplied=-400 crate=-400 uimp=-365035 upos=2185 uneg=3075 ball=-120.09 vball=-270.86 aball=-451.0 bref=0.00 pid=-400.0 pref=-1200.0 ppos=-365.0 apid=-0.0 integ=0.0 vision=1 current=1 vframe=7321 vs=1 vage=106 vpage=106 vdt=34 vmax=4564 vacc=7162 vrej=0 seq=0 elapsed=0 oled=3C
[   6766] STATUS mode=3 fault=none enc=-140 denc=-3 sreq=-400 sapplied=-400 crate=-400 uimp=-373035 upos=2185 uneg=3095 ball=-120.09 vball=-270.86 aball=-451.0 bref=0.00 pid=-400.0 pref=-1200.0 ppos=-373.0 apid=-0.0 integ=0.0 vision=1 current=1 vframe=7321 vs=1 vage=126 vpage=126 vdt=34 vmax=4564 vacc=7162 vrej=0 seq=0 elapsed=0 oled=3C
[   6797] STATUS mode=3 fault=none enc=-161 denc=-4 sreq=-400 sapplied=-400 crate=-400 uimp=-389035 upos=2185 uneg=3135 ball=-128.16 vball=-125.18 aball=-28.8 bref=0.00 pid=-400.0 pref=-1200.0 ppos=-389.0 apid=-0.0 integ=0.0 vision=1 current=1 vframe=7322 vs=1 vage=33 vpage=33 vdt=133 vmax=4564 vacc=7163 vrej=0 seq=0 elapsed=0 oled=3C
[   6829] STATUS mode=3 fault=none enc=-171 denc=-3 sreq=-400 sapplied=-400 crate=-400 uimp=-397035 upos=2185 uneg=3155 ball=-128.16 vball=-125.18 aball=-28.8 bref=0.00 pid=-400.0 pref=-1200.0 ppos=-397.0 apid=-0.0 integ=0.0 vision=1 current=0 vframe=7323 vs=0 vage=53 vpage=20 vdt=133 vmax=4564 vacc=7163 vrej=0 seq=0 elapsed=0 oled=3C
[   6860] STATUS mode=3 fault=none enc=-182 denc=-3 sreq=-400 sapplied=-400 crate=-400 uimp=-405035 upos=2185 uneg=3175 ball=-128.16 vball=-125.18 aball=-28.8 bref=0.00 pid=-400.0 pref=-1200.0 ppos=-405.0 apid=-0.0 integ=0.0 vision=1 current=0 vframe=7323 vs=0 vage=73 vpage=40 vdt=133 vmax=4564 vacc=7163 vrej=0 seq=0 elapsed=0 oled=3C
[   6891] STATUS mode=3 fault=none enc=-202 denc=-2 sreq=-400 sapplied=-400 crate=-400 uimp=-421035 upos=2185 uneg=3215 ball=-128.16 vball=-125.18 aball=-28.8 bref=0.00 pid=-400.0 pref=-1200.0 ppos=-421.0 apid=-0.0 integ=0.0 vision=1 current=0 vframe=7323 vs=0 vage=113 vpage=80 vdt=133 vmax=4564 vacc=7163 vrej=0 seq=0 elapsed=0 oled=3C
[   6922] STATUS mode=3 fault=none enc=-213 denc=-3 sreq=-400 sapplied=-400 crate=-400 uimp=-429035 upos=2185 uneg=3235 ball=-128.16 vball=-125.18 aball=-28.8 bref=0.00 pid=-400.0 pref=-1200.0 ppos=-429.0 apid=-0.0 integ=0.0 vision=1 current=0 vframe=7323 vs=0 vage=133 vpage=100 vdt=133 vmax=4564 vacc=7163 vrej=0 seq=0 elapsed=0 oled=3C
[   6938] STATUS mode=3 fault=none enc=-234 denc=-3 sreq=-300 sapplied=-300 crate=-300 uimp=-445035 upos=2185 uneg=3275 ball=-113.41 vball=198.93 aball=182.5 bref=0.00 pid=1500.0 pref=600.0 ppos=-445.0 apid=0.0 integ=-0.0 vision=1 current=1 vframe=7325 vs=1 vage=3 vpage=3 vdt=30 vmax=4564 vacc=7165 vrej=0 seq=0 elapsed=0 oled=3C
[   6969] STATUS mode=3 fault=none enc=-238 denc=-2 sreq=100 sapplied=0 crate=100 uimp=-448035 upos=2185 uneg=3290 ball=-113.41 vball=198.93 aball=182.5 bref=0.00 pid=1500.0 pref=600.0 ppos=-448.0 apid=0.0 integ=-0.0 vision=1 current=1 vframe=7325 vs=1 vage=23 vpage=23 vdt=30 vmax=4564 vacc=7165 vrej=0 seq=0 elapsed=0 oled=3C
[   7000] STATUS mode=3 fault=none enc=-233 denc=3 sreq=500 sapplied=500 crate=500 uimp=-443535 upos=2200 uneg=3290 ball=-107.33 vball=193.00 aball=182.5 bref=0.00 pid=1500.0 pref=600.0 ppos=-443.5 apid=0.0 integ=-0.0 vision=1 current=1 vframe=7326 vs=1 vage=11 vpage=11 vdt=32 vmax=4564 vacc=7166 vrej=0 seq=0 elapsed=0 oled=3C
[   7032] STATUS mode=3 fault=none enc=-188 denc=9 sreq=1300 sapplied=1300 crate=1300 uimp=-409535 upos=2240 uneg=3290 ball=-107.33 vball=193.00 aball=182.5 bref=0.00 pid=1500.0 pref=600.0 ppos=-409.5 apid=0.0 integ=-0.0 vision=1 current=1 vframe=7326 vs=1 vage=51 vpage=51 vdt=32 vmax=4564 vacc=7166 vrej=0 seq=0 elapsed=0 oled=3C
[   7063] STATUS mode=3 fault=none enc=-151 denc=9 sreq=1500 sapplied=1500 crate=1500 uimp=-381035 upos=2260 uneg=3290 ball=-107.33 vball=193.00 aball=182.5 bref=0.00 pid=1500.0 pref=600.0 ppos=-381.0 apid=0.0 integ=-0.0 vision=1 current=1 vframe=7326 vs=1 vage=71 vpage=71 vdt=32 vmax=4564 vacc=7166 vrej=0 seq=0 elapsed=0 oled=3C
[   7079] STATUS mode=3 fault=none enc=-74 denc=9 sreq=1500 sapplied=1500 crate=1500 uimp=-321035 upos=2300 uneg=3290 ball=-98.75 vball=147.06 aball=657.7 bref=0.00 pid=1500.0 pref=488.4 ppos=-321.0 apid=0.0 integ=-0.0 vision=1 current=1 vframe=7327 vs=1 vage=3 vpage=3 vdt=108 vmax=4564 vacc=7167 vrej=0 seq=0 elapsed=0 oled=3C
[   7110] STATUS mode=3 fault=none enc=-36 denc=9 sreq=1500 sapplied=1500 crate=1500 uimp=-291035 upos=2320 uneg=3290 ball=-98.75 vball=147.06 aball=657.7 bref=0.00 pid=1500.0 pref=488.4 ppos=-291.0 apid=0.0 integ=-0.0 vision=1 current=1 vframe=7327 vs=1 vage=23 vpage=23 vdt=108 vmax=4564 vacc=7167 vrej=0 seq=0 elapsed=0 oled=3C
[   7141] STATUS mode=3 fault=none enc=3 denc=10 sreq=1500 sapplied=1500 crate=1500 uimp=-261035 upos=2340 uneg=3290 ball=-89.69 vball=211.15 aball=657.7 bref=0.00 pid=1500.0 pref=600.0 ppos=-261.0 apid=0.0 integ=-0.0 vision=1 current=1 vframe=7328 vs=1 vage=19 vpage=19 vdt=24 vmax=4564 vacc=7168 vrej=0 seq=0 elapsed=0 oled=3C
[   7172] STATUS mode=3 fault=none enc=78 denc=10 sreq=1500 sapplied=1500 crate=1500 uimp=-201035 upos=2380 uneg=3290 ball=-78.07 vball=268.40 aball=657.7 bref=0.00 pid=1500.0 pref=600.0 ppos=-201.0 apid=0.0 integ=-0.0 vision=1 current=1 vframe=7329 vs=1 vage=25 vpage=25 vdt=34 vmax=4564 vacc=7169 vrej=0 seq=0 elapsed=0 oled=3C
[   7188] STATUS mode=3 fault=none enc=115 denc=10 sreq=1500 sapplied=1500 crate=1500 uimp=-171035 upos=2400 uneg=3290 ball=-78.07 vball=268.40 aball=657.7 bref=0.00 pid=1500.0 pref=600.0 ppos=-171.0 apid=0.0 integ=-0.0 vision=1 current=1 vframe=7329 vs=1 vage=45 vpage=45 vdt=34 vmax=4564 vacc=7169 vrej=0 seq=0 elapsed=0 oled=3C
[   7219] STATUS mode=3 fault=none enc=192 denc=10 sreq=1500 sapplied=1500 crate=1500 uimp=-111035 upos=2440 uneg=3290 ball=-78.07 vball=268.40 aball=657.7 bref=0.00 pid=1500.0 pref=600.0 ppos=-111.0 apid=0.0 integ=-0.0 vision=1 current=1 vframe=7329 vs=1 vage=85 vpage=85 vdt=34 vmax=4564 vacc=7169 vrej=0 seq=0 elapsed=0 oled=3C
[   7250] STATUS mode=3 fault=none enc=230 denc=9 sreq=1500 sapplied=1500 crate=1500 uimp=-81035 upos=2460 uneg=3290 ball=-65.17 vball=214.10 aball=549.1 bref=0.00 pid=1500.0 pref=600.0 ppos=-81.0 apid=0.0 integ=-0.0 vision=1 current=1 vframe=7330 vs=1 vage=2 vpage=2 vdt=103 vmax=4564 vacc=7170 vrej=0 seq=0 elapsed=0 oled=3C
[   7282] STATUS mode=3 fault=none enc=268 denc=9 sreq=1500 sapplied=1500 crate=1500 uimp=-51035 upos=2480 uneg=3290 ball=-65.17 vball=214.10 aball=549.1 bref=0.00 pid=1500.0 pref=600.0 ppos=-51.0 apid=0.0 integ=-0.0 vision=1 current=1 vframe=7330 vs=1 vage=22 vpage=22 vdt=103 vmax=4564 vacc=7170 vrej=0 seq=0 elapsed=0 oled=3C
[   7313] STATUS mode=3 fault=none enc=345 denc=9 sreq=1500 sapplied=1500 crate=1500 uimp=8965 upos=2520 uneg=3290 ball=-40.79 vball=325.79 aball=549.1 bref=0.00 pid=1500.0 pref=600.0 ppos=9.0 apid=0.0 integ=-0.0 vision=1 current=1 vframe=7332 vs=1 vage=1 vpage=1 vdt=33 vmax=4564 vacc=7172 vrej=0 seq=0 elapsed=0 oled=3C
[   7329] STATUS mode=3 fault=none enc=383 denc=9 sreq=1500 sapplied=1500 crate=1500 uimp=38965 upos=2540 uneg=3290 ball=-40.79 vball=325.79 aball=549.1 bref=0.00 pid=1500.0 pref=600.0 ppos=39.0 apid=0.0 integ=-0.0 vision=1 current=1 vframe=7332 vs=1 vage=21 vpage=21 vdt=33 vmax=4564 vacc=7172 vrej=0 seq=0 elapsed=0 oled=3C
[   7360] STATUS mode=3 fault=none enc=458 denc=8 sreq=1500 sapplied=1500 crate=1500 uimp=98965 upos=2580 uneg=3290 ball=-40.79 vball=325.79 aball=549.1 bref=0.00 pid=1500.0 pref=600.0 ppos=99.0 apid=0.0 integ=-0.0 vision=1 current=1 vframe=7332 vs=1 vage=41 vpage=41 vdt=33 vmax=4564 vacc=7172 vrej=0 seq=0 elapsed=0 oled=3C
[   7391] STATUS mode=3 fault=none enc=496 denc=8 sreq=1500 sapplied=1500 crate=1500 uimp=128965 upos=2600 uneg=3290 ball=-40.79 vball=325.79 aball=549.1 bref=0.00 pid=1500.0 pref=600.0 ppos=129.0 apid=0.0 integ=-0.0 vision=1 current=1 vframe=7332 vs=1 vage=81 vpage=81 vdt=33 vmax=4564 vacc=7172 vrej=0 seq=0 elapsed=0 oled=3C
[   7422] STATUS mode=3 fault=none enc=533 denc=8 sreq=1500 sapplied=1500 crate=1500 uimp=158965 upos=2620 uneg=3290 ball=-40.79 vball=325.79 aball=549.1 bref=0.00 pid=1500.0 pref=600.0 ppos=159.0 apid=0.0 integ=-0.0 vision=1 current=1 vframe=7332 vs=1 vage=101 vpage=101 vdt=33 vmax=4564 vacc=7172 vrej=0 seq=0 elapsed=0 oled=3C
[   7438] STATUS mode=3 fault=none enc=608 denc=10 sreq=1500 sapplied=1500 crate=1500 uimp=218965 upos=2660 uneg=3290 ball=-10.76 vball=350.69 aball=410.2 bref=0.00 pid=1500.0 pref=600.0 ppos=219.0 apid=0.0 integ=-0.0 vision=1 current=1 vframe=7334 vs=1 vage=7 vpage=7 vdt=33 vmax=4564 vacc=7174 vrej=0 seq=0 elapsed=0 oled=3C
[   7469] STATUS mode=3 fault=none enc=646 denc=10 sreq=1500 sapplied=1500 crate=1500 uimp=248965 upos=2680 uneg=3290 ball=-10.76 vball=350.69 aball=410.2 bref=0.00 pid=1500.0 pref=600.0 ppos=249.0 apid=0.0 integ=-0.0 vision=1 current=1 vframe=7334 vs=1 vage=27 vpage=27 vdt=33 vmax=4564 vacc=7174 vrej=0 seq=0 elapsed=0 oled=3C
[   7500] STATUS mode=3 fault=none enc=684 denc=10 sreq=1500 sapplied=1500 crate=1500 uimp=278965 upos=2700 uneg=3290 ball=-3.27 vball=292.94 aball=410.2 bref=0.00 pid=1500.0 pref=600.0 ppos=279.0 apid=0.0 integ=-0.0 vision=1 current=1 vframe=7335 vs=1 vage=14 vpage=14 vdt=33 vmax=4564 vacc=7175 vrej=0 seq=0 elapsed=0 oled=3C
[   7532] STATUS mode=3 fault=none enc=761 denc=10 sreq=1500 sapplied=1500 crate=1500 uimp=338965 upos=2740 uneg=3290 ball=-3.27 vball=292.94 aball=410.2 bref=0.00 pid=1500.0 pref=600.0 ppos=339.0 apid=0.0 integ=-0.0 vision=1 current=1 vframe=7335 vs=1 vage=54 vpage=54 vdt=33 vmax=4564 vacc=7175 vrej=0 seq=0 elapsed=0 oled=3C
[   7547] STATUS mode=3 fault=none enc=799 denc=9 sreq=1500 sapplied=1500 crate=1500 uimp=368965 upos=2760 uneg=3290 ball=-3.27 vball=292.94 aball=410.2 bref=0.00 pid=1500.0 pref=600.0 ppos=369.0 apid=0.0 integ=-0.0 vision=1 current=1 vframe=7335 vs=1 vage=74 vpage=74 vdt=33 vmax=4564 vacc=7175 vrej=0 seq=0 elapsed=0 oled=3C
[   7579] STATUS mode=3 fault=none enc=876 denc=9 sreq=1500 sapplied=1500 crate=1500 uimp=428965 upos=2800 uneg=3290 ball=7.89 vball=219.68 aball=135.7 bref=0.00 pid=1500.0 pref=600.0 ppos=429.0 apid=0.0 integ=-0.0 vision=1 current=1 vframe=7336 vs=1 vage=13 vpage=13 vdt=101 vmax=4564 vacc=7176 vrej=0 seq=0 elapsed=0 oled=3C
[   7610] STATUS mode=3 fault=none enc=915 denc=10 sreq=1411 sapplied=1411 crate=1411 uimp=458890 upos=2820 uneg=3290 ball=19.50 vball=278.39 aball=135.7 bref=0.00 pid=1411.1 pref=600.0 ppos=458.9 apid=0.0 integ=-0.0 vision=1 current=1 vframe=7337 vs=1 vage=1 vpage=1 vdt=32 vmax=4564 vacc=7177 vrej=0 seq=0 elapsed=0 oled=3C
[   7641] STATUS mode=3 fault=none enc=948 denc=8 sreq=1149 sapplied=1149 crate=1149 uimp=485070 upos=2840 uneg=3290 ball=19.50 vball=278.39 aball=135.7 bref=0.00 pid=1149.3 pref=600.0 ppos=485.1 apid=0.0 integ=-0.0 vision=1 current=1 vframe=7337 vs=1 vage=21 vpage=21 vdt=32 vmax=4564 vacc=7177 vrej=0 seq=0 elapsed=0 oled=3C
[   7672] STATUS mode=3 fault=none enc=997 denc=5 sreq=763 sapplied=763 crate=763 uimp=523750 upos=2880 uneg=3290 ball=24.58 vball=210.76 aball=135.7 bref=0.00 pid=762.5 pref=600.0 ppos=523.7 apid=0.0 integ=-0.0 vision=1 current=1 vframe=7338 vs=1 vage=27 vpage=27 vdt=34 vmax=4564 vacc=7178 vrej=0 seq=0 elapsed=0 oled=3C
[   7688] STATUS mode=3 fault=none enc=1015 denc=4 sreq=621 sapplied=621 crate=621 uimp=537895 upos=2900 uneg=3290 ball=24.58 vball=210.76 aball=135.7 bref=0.00 pid=621.1 pref=600.0 ppos=537.9 apid=0.0 integ=-0.0 vision=1 current=1 vframe=7338 vs=1 vage=47 vpage=47 vdt=34 vmax=4564 vacc=7178 vrej=0 seq=0 elapsed=0 oled=3C
[   7688] >>> stop
[   7719] STATUS mode=3 fault=none enc=1028 denc=3 sreq=506 sapplied=506 crate=506 uimp=549415 upos=2920 uneg=3290 ball=24.58 vball=210.76 aball=135.7 bref=0.00 pid=505.9 pref=600.0 ppos=549.4 apid=0.0 integ=-0.0 vision=1 current=1 vframe=7338 vs=1 vage=67 vpage=67 vdt=34 vmax=4564 vacc=7178 vrej=0 seq=0 elapsed=0 oled=3C
[   7750] STATUS mode=1 fault=none enc=1033 denc=-2 sreq=0 sapplied=0 crate=0 uimp=558805 upos=2940 uneg=3290 ball=24.58 vball=210.76 aball=0.0 bref=0.00 pid=0.0 pref=0.0 ppos=0.0 apid=0.0 integ=0.0 vision=1 current=1 vframe=7338 vs=1 vage=107 vpage=107 vdt=34 vmax=4564 vacc=7178 vrej=0 seq=0 elapsed=0 oled=3C
[   7766] STATUS mode=1 fault=none enc=1026 denc=0 sreq=0 sapplied=0 crate=0 uimp=558805 upos=2940 uneg=3290 ball=30.87 vball=145.97 aball=0.0 bref=0.00 pid=0.0 pref=0.0 ppos=0.0 apid=0.0 integ=0.0 vision=1 current=1 vframe=7339 vs=1 vage=18 vpage=18 vdt=109 vmax=4564 vacc=7179 vrej=0 seq=0 elapsed=0 oled=3C
[   7797] STATUS mode=1 fault=none enc=1025 denc=0 sreq=0 sapplied=0 crate=0 uimp=558805 upos=2940 uneg=3290 ball=30.66 vball=72.97 aball=0.0 bref=0.00 pid=0.0 pref=0.0 ppos=0.0 apid=0.0 integ=0.0 vision=1 current=1 vframe=7340 vs=1 vage=14 vpage=14 vdt=24 vmax=4564 vacc=7180 vrej=0 seq=0 elapsed=0 oled=3C
[   7829] STATUS mode=1 fault=none enc=1025 denc=0 sreq=0 sapplied=0 crate=0 uimp=558805 upos=2940 uneg=3290 ball=31.89 vball=53.37 aball=0.0 bref=0.00 pid=0.0 pref=0.0 ppos=0.0 apid=0.0 integ=0.0 vision=1 current=1 vframe=7341 vs=1 vage=8 vpage=8 vdt=46 vmax=4564 vacc=7181 vrej=0 seq=0 elapsed=0 oled=3C
[   7844] STATUS mode=1 fault=none enc=1025 denc=0 sreq=0 sapplied=0 crate=0 uimp=558805 upos=2940 uneg=3290 ball=31.89 vball=53.37 aball=0.0 bref=0.00 pid=0.0 pref=0.0 ppos=0.0 apid=0.0 integ=0.0 vision=1 current=1 vframe=7341 vs=1 vage=28 vpage=28 vdt=46 vmax=4564 vacc=7181 vrej=0 seq=0 elapsed=0 oled=3C
[   7875] STATUS mode=1 fault=none enc=1025 denc=0 sreq=0 sapplied=0 crate=0 uimp=558805 upos=2940 uneg=3290 ball=31.89 vball=53.37 aball=0.0 bref=0.00 pid=0.0 pref=0.0 ppos=0.0 apid=0.0 integ=0.0 vision=1 current=1 vframe=7341 vs=1 vage=48 vpage=48 vdt=46 vmax=4564 vacc=7181 vrej=0 seq=0 elapsed=0 oled=3C
[   7907] STATUS mode=1 fault=none enc=1025 denc=0 sreq=0 sapplied=0 crate=0 uimp=558805 upos=2940 uneg=3290 ball=31.89 vball=53.37 aball=0.0 bref=0.00 pid=0.0 pref=0.0 ppos=0.0 apid=0.0 integ=0.0 vision=1 current=1 vframe=7341 vs=1 vage=88 vpage=88 vdt=46 vmax=4564 vacc=7181 vrej=0 seq=0 elapsed=0 oled=3C
[   7922] STATUS mode=1 fault=none enc=1025 denc=0 sreq=0 sapplied=0 crate=0 uimp=558805 upos=2940 uneg=3290 ball=32.07 vball=39.05 aball=0.0 bref=0.00 pid=0.0 pref=0.0 ppos=0.0 apid=0.0 integ=0.0 vision=1 current=1 vframe=7342 vs=1 vage=16 vpage=16 vdt=92 vmax=4564 vacc=7182 vrej=0 seq=0 elapsed=0 oled=3C
[   7954] STATUS mode=1 fault=none enc=1025 denc=0 sreq=0 sapplied=0 crate=0 uimp=558805 upos=2940 uneg=3290 ball=32.07 vball=39.05 aball=0.0 bref=0.00 pid=0.0 pref=0.0 ppos=0.0 apid=0.0 integ=0.0 vision=1 current=1 vframe=7342 vs=1 vage=36 vpage=36 vdt=92 vmax=4564 vacc=7182 vrej=0 seq=0 elapsed=0 oled=3C
[   7985] STATUS mode=1 fault=none enc=1025 denc=0 sreq=0 sapplied=0 crate=0 uimp=558805 upos=2940 uneg=3290 ball=11.04 vball=-148.31 aball=0.0 bref=0.00 pid=0.0 pref=0.0 ppos=0.0 apid=0.0 integ=0.0 vision=1 current=1 vframe=7344 vs=1 vage=14 vpage=14 vdt=26 vmax=4564 vacc=7184 vrej=0 seq=0 elapsed=0 oled=3C
[   8000] STATUS mode=1 fault=none enc=1025 denc=0 sreq=0 sapplied=0 crate=0 uimp=558805 upos=2940 uneg=3290 ball=11.04 vball=-148.31 aball=0.0 bref=0.00 pid=0.0 pref=0.0 ppos=0.0 apid=0.0 integ=0.0 vision=1 current=1 vframe=7344 vs=1 vage=34 vpage=34 vdt=26 vmax=4564 vacc=7184 vrej=0 seq=0 elapsed=0 oled=3C
[   8032] STATUS mode=1 fault=none enc=1025 denc=0 sreq=0 sapplied=0 crate=0 uimp=558805 upos=2940 uneg=3290 ball=11.04 vball=-148.31 aball=0.0 bref=0.00 pid=0.0 pref=0.0 ppos=0.0 apid=0.0 integ=0.0 vision=1 current=1 vframe=7344 vs=1 vage=54 vpage=54 vdt=26 vmax=4564 vacc=7184 vrej=0 seq=0 elapsed=0 oled=3C
[   8063] STATUS mode=1 fault=none enc=1025 denc=0 sreq=0 sapplied=0 crate=0 uimp=558805 upos=2940 uneg=3290 ball=11.04 vball=-148.31 aball=0.0 bref=0.00 pid=0.0 pref=0.0 ppos=0.0 apid=0.0 integ=0.0 vision=1 current=1 vframe=7344 vs=1 vage=74 vpage=74 vdt=26 vmax=4564 vacc=7184 vrej=0 seq=0 elapsed=0 oled=3C
[   8063] >>> stream off
[   8079] STATUS mode=1 fault=none enc=1025 denc=0 sreq=0 sapplied=0 crate=0 uimp=558805 upos=2940 uneg=3290 ball=-6.97 vball=-204.61 aball=0.0 bref=0.00 pid=0.0 pref=0.0 ppos=0.0 apid=0.0 integ=0.0 vision=1 current=1 vframe=7345 vs=1 vage=13 vpage=13 vdt=101 vmax=4564 vacc=7185 vrej=0 seq=0 elapsed=0 oled=3C
[   8079] OK stream off
[   8282] STOP_REASON displacement_limit
