[      0] >>> stream on 50
[      0] OK stream on 50 ms
[     79] STATUS mode=1 fault=none enc=-12 denc=0 sreq=0 sapplied=0 crate=0 uimp=-239360 upos=3190 uneg=4460 ball=106.43 vball=-0.00 aball=0.0 bref=0.00 pid=0.0 pref=-239.4 ppos=-239.4 apid=0.0 integ=0.0 vision=1 current=1 vframe=2794 vs=1 vage=75 vpage=75 vdt=33 vmax=175 vacc=2790 vrej=0 seq=0 elapsed=0 oled=3C
[    110] STATUS mode=1 fault=none enc=-12 denc=0 sreq=0 sapplied
[    125] =0 crate=0 uimp=-239360 upos=3190 uneg=4460 ball=106.43 vball=-0.00 aball=0.0 bref=0.00 pid=0.0 pref=-239.4 ppos=-239.4 apid=0.0 integ=0.0 vision=1 current=1 vframe=2795 vs=1 vage=27 vpage=27 vdt=98 vmax=175 vacc=2791 vrej=0 seq=0 elapsed=0 oled=3C
[    172] STATUS mode=1 fault=none enc=-12 denc=0 sreq=0 sapplied=0 crate=0 uimp=-239360 upos=3190 uneg=4460 ball=106.43 vball=-0.00 aball=0.0 bref=0.00 pid=0.0 pref=-239.4 ppos=-239.4 apid=0.0 integ=0.0 vision=1 current=1 vframe=2796 vs=1 vage=41 vpage=41 vdt=36 vmax=175 vacc=2792 vrej=0 seq=0 elapsed=0 oled=3C
[    219] STATUS mode=1 fault=none enc=-12 denc=0 sreq=0 sapplied=0 crate=0 uimp=-239360 upos=3190 uneg=4460 ball=106.43 vball=-0.00 aball=0.0 bref=0.00 pid=0.0 pref=-239.4 ppos=-239.4 apid=0.0 integ=0.0 vision=1 current=1 vframe=2796 vs=1 vage=91 vpage=91 vdt=36 vmax=175 vacc=2792 vrej=0 seq=0 elapsed=0 oled=3C
[    282] STATUS mode=1 fault=none enc=-12 denc=0 sreq=0 sapplied=0 crate=0 uimp=-239360 upos=3190 uneg=4460 ball=106.43 vball=-0.00 aball=0.0 bref=0.00 pid=0.0 pref=-239.4 ppos=-239.4 apid=0.0 integ=0.0 vision=1 current=1 vframe=2798 vs=1 vage=27 vpage=27 vdt=7 vmax=175 vacc=2794 vrej=0 seq=0 elapsed=0 oled=3C
[    329] STATUS mode=1 fault=none enc=-12 denc=0 sreq=0 sapplied=0 crate=0 uimp=-239360 upos=3190 uneg=4460 ball=106.43 vball=-0.00 aball=0.0 bref=0.00 pid=0.0 pref=-239.4 ppos=-239.4 apid=0.0 integ=0.0 vision=1 current=1 vframe=2799 vs=1 vage=41 vpage=41 vdt=36 vmax=175 vacc=2795 vrej=0 seq=0 elapsed=0 oled=3C
[    375] STATUS mode=1 fault=none enc=-12 denc=0 sreq=0 sapplied=0 crate=0 uimp=-239360 upos=3190 uneg=4460 ball=106.43 vball=-0.00 aball=0.0 bref=0.00 pid=0.0 pref=-239.4 ppos=-239.4 apid=0.0 integ=0.0 vision=1 current=1 vframe=2799 vs=1 vage=91 vpage=91 vdt=36 vmax=175 vacc=2795 vrej=0 seq=0 elapsed=0 oled=3C
[    422] STATUS mode=1 fault=none enc=-12 denc=0 sreq=0 sapplied=0 crate=0 uimp=-239360 upos=3190 uneg=4460 ball=106.43 vball=-0.00 aball=0.0 bref=0.00 pid=0.0 pref=-239.4 ppos=-239.4 apid=0.0 integ=0.0 vision=1 current=1 vframe=2801 vs=1 vage=22 vpage=22 vdt=8 vmax=175 vacc=2797 vrej=0 seq=0 elapsed=0 oled=3C
[    469] STATUS mode=1 fault=none enc=-12 denc=0 sreq=0 sapplied=0 crate=0 uimp=-239360 upos=3190 uneg=4460 ball=106.43 vball=-0.00 aball=0.0 bref=0.00 pid=0.0 pref=-239.4 ppos=-239.4 apid=0.0 integ=0.0 vision=1 current=1 vframe=2803 vs=1 vage=8 vpage=8 vdt=33 vmax=175 vacc=2799 vrej=0 seq=0 elapsed=0 oled=3C
[    532] STATUS mode=1 fault=none enc=-12 denc=0 sreq=0 sapplied=0 crate=0 uimp=-239360 upos=3190 uneg=4460 ball=106.43 vball=-0.00 aball=0.0 bref=0.00 pid=0.0 pref=-239.4 ppos=-239.4 apid=0.0 integ=0.0 vision=1 current=1 vframe=2803 vs=1 vage=58 vpage=58 vdt=33 vmax=175 vacc=2799 vrej=0 seq=0 elapsed=0 oled=3C
[    579] STATUS mode=1 fault=none enc=-12 denc=0 sreq=0 sapplied=0 crate=0 uimp=-239360 upos=3190 uneg=4460 ball=106.43 vball=-0.00 aball=0.0 bref=0.00 pid=0.0 pref=-239.4 ppos=-239.4 apid=0.0 integ=0.0 vision=1 current=1 vframe=2804 vs=1 vage=11 vpage=11 vdt=97 vmax=175 vacc=2800 vrej=0 seq=0 elapsed=0 oled=3C
[    625] STATUS mode=1 fault=none enc=-12 denc=0 sreq=0 sapplied=0 crate=0 uimp=-239360 upos=3190 uneg=4460 ball=106.43 vball=-0.00 aball=0.0 bref=0.00 pid=0.0 pref=-239.4 ppos=-239.4 apid=0.0 integ=0.0 vision=1 current=1 vframe=2805 vs=1 vage=26 vpage=26 vdt=35 vmax=175 vacc=2801 vrej=0 seq=0 elapsed=0 oled=3C
[    672] STATUS mode=1 fault=none enc=-12 denc=0 sreq=0 sapplied=0 crate=0 uimp=-239360 upos=3190 uneg=4460 ball=106.43 vball=-0.00 aball=0.0 bref=0.00 pid=0.0 pref=-239.4 ppos=-239.4 apid=0.0 integ=0.0 vision=1 current=1 vframe=2805 vs=1 vage=76 vpage=76 vdt=35 vmax=175 vacc=2801 vrej=0 seq=0 elapsed=0 oled=3C
[    719] STATUS mode=1 fault=none enc=-12 denc=0 sreq=0 sapplied=0 crate=0 uimp=-239360 upos=3190 uneg=4460 ball=106.43 vball=-0.00 aball=0.0 bref=0.00 pid=0.0 pref=-239.4 ppos=-239.4 apid=0.0 integ=0.0 vision=1 current=1 vframe=2807 vs=1 vage=9 vpage=9 vdt=7 vmax=175 vacc=2803 vrej=0 seq=0 elapsed=0 oled=3C
[    782] STATUS mode=1 fault=none enc=-12 denc=0 sreq=0 sapplied=0 crate=0 uimp=-239360 upos=3190 uneg=4460 ball=106.43 vball=-0.00 aball=0.0 bref=0.00 pid=0.0 pref=-239.4 ppos=-239.4 apid=0.0 integ=0.0 vision=1 current=1 vframe=2808 vs=1 vage=26 vpage=26 vdt=33 vmax=175 vacc=2804 vrej=0 seq=0 elapsed=0 oled=3C
[    829] STATUS mode=1 fault=none enc=-12 denc=0 sreq=0 sapplied=0 crate=0 uimp=-239360 upos=3190 uneg=4460 ball=106.43 vball=-0.00 aball=0.0 bref=0.00 pid=0.0 pref=-239.4 ppos=-239.4 apid=0.0 integ=0.0 vision=1 current=1 vframe=2809 vs=1 vage=42 vpage=42 vdt=34 vmax=175 vacc=2805 vrej=0 seq=0 elapsed=0 oled=3C
[    875] STATUS mode=1 fault=none enc=-12 denc=0 sreq=0 sapplied=0 crate=0 uimp=-239360 upos=3190 uneg=4460 ball=106.43 vball=-0.00 aball=0.0 bref=0.00 pid=0.0 pref=-239.4 ppos=-239.4 apid=0.0 integ=0.0 vision=1 current=1 vframe=2809 vs=1 vage=92 vpage=92 vdt=34 vmax=175 vacc=2805 vrej=0 seq=0 elapsed=0 oled=3C
[    922] STATUS mode=1 fault=none enc=-12 denc=0 sreq=0 sapplied=0 crate=0 uimp=-239360 upos=3190 uneg=4460 ball=106.43 vball=-0.00 aball=0.0 bref=0.00 pid=0.0 pref=-239.4 ppos=-239.4 apid=0.0 integ=0.0 vision=1 current=1 vframe=2811 vs=1 vage=9 vpage=9 vdt=36 vmax=175 vacc=2807 vrej=0 seq=0 elapsed=0 oled=3C
[    969] STATUS mode=1 fault=none enc=-12 denc=0 sreq=0 sapplied=0 crate=0 uimp=-239360 upos=3190 uneg=4460 ball=106.43 vball=-0.00 aball=0.0 bref=0.00 pid=0.0 pref=-239.4 ppos=-239.4 apid=0.0 integ=0.0 vision=1 current=1 vframe=2811 vs=1 vage=59 vpage=59 vdt=36 vmax=175 vacc=2807 vrej=0 seq=0 elapsed=0 oled=3C
[   1032] STATUS mode=1 fault=none enc=-12 denc=0 sreq=0 sapplied=0 crate=0 uimp=-239360 upos=3190 uneg=4460 ball=106.43 vball=-0.00 aball=0.0 bref=0.00 pid=0.0 pref=-239.4 ppos=-239.4 apid=0.0 integ=0.0 vision=1 current=1 vframe=2812 vs=1 vage=1 vpage=1 vdt=108 vmax=175 vacc=2808 vrej=0 seq=0 elapsed=0 oled=3C
[   1079] STATUS mode=1 fault=none enc=-12 denc=0 sreq=0 sapplied=0 crate=0 uimp=-239360 upos=3190 uneg=4460 ball=106.43 vball=-0.00 aball=0.0 bref=0.00 pid=0.0 pref=-239.4 ppos=-239.4 apid=0.0 integ=0.0 vision=1 current=1 vframe=2814 vs=1 vage=8 vpage=8 vdt=36 vmax=175 vacc=2810 vrej=0 seq=0 elapsed=0 oled=3C
[   1125] STATUS mode=1 fault=none enc=-12 denc=0 sreq=0 sapplied=0 crate=0 uimp=-239360 upos=3190 uneg=4460 ball=106.43 vball=-0.00 aball=0.0 bref=0.00 pid=0.0 pref=-239.4 ppos=-239.4 apid=0.0 integ=0.0 vision=1 current=1 vframe=2814 vs=1 vage=58 vpage=58 vdt=36 vmax=175 vacc=2810 vrej=0 seq=0 elapsed=0 oled=3C
[   1172] STATUS mode=1 fault=none enc=-12 denc=0 sreq=0 sapplied=0 crate=0 uimp=-239360 upos=3190 uneg=4460 ball=106.43 vball=-0.00 aball=0.0 bref=0.00 pid=0.0 pref=-239.4 ppos=-239.4 apid=0.0 integ=0.0 vision=1 current=1 vframe=2815 vs=1 vage=3 vpage=3 vdt=105 vmax=175 vacc=2811 vrej=0 seq=0 elapsed=0 oled=3C
[   1219] STATUS mode=1 fault=none enc=-12 denc=0 sreq=0 sapplied=0 crate=0 uimp=-239360 upos=3190 uneg=4460 ball=106.43 vball=-0.00 aball=0.0 bref=0.00 pid=0.0 pref=-239.4 ppos=-239.4 apid=0.0 integ=0.0 vision=1 current=1 vframe=2817 vs=1 vage=24 vpage=24 vdt=22 vmax=175 vacc=2813 vrej=0 seq=0 elapsed=0 oled=3C
[   1282] STATUS mode=1 fault=none enc=-12 denc=0 sreq=0 sapplied=0 crate=0 uimp=-239360 upos=3190 uneg=4460 ball=106.43 vball=-0.00 aball=0.0 bref=0.00 pid=0.0 pref=-239.4 ppos=-239.4 apid=0.0 integ=0.0 vision=1 current=1 vframe=2824 vs=1 vage=42 vpage=42 vdt=32 vmax=175 vacc=2820 vrej=0 seq=0 elapsed=0 oled=3C
[   1329] STATUS mode=1 fault=none enc=-12 denc=0 sreq=0 sapplied=0 crate=0 uimp=-239360 upos=3190 uneg=4460 ball=106.43 vball=-0.00 aball=0.0 bref=0.00 pid=0.0 pref=-239.4 ppos=-239.4 apid=0.0 integ=0.0 vision=1 current=1 vframe=2824 vs=1 vage=92 vpage=92 vdt=32 vmax=175 vacc=2820 vrej=0 seq=0 elapsed=0 oled=3C
[   1375] STATUS mode=1 fault=none enc=-12 denc=0 sreq=0 sapplied=0 crate=0 uimp=-239360 upos=3190 uneg=4460 ball=106.43 vball=-0.00 aball=0.0 bref=0.00 pid=0.0 pref=-239.4 ppos=-239.4 apid=0.0 integ=0.0 vision=1 current=1 vframe=2826 vs=1 vage=25 vpage=25 vdt=21 vmax=175 vacc=2822 vrej=0 seq=0 elapsed=0 oled=3C
[   1422] STATUS mode=1 fault=none enc=-12 denc=0 sreq=0 sapplied=0 crate=0 uimp=-239360 upos=3190 uneg=4460 ball=106.43 vball=-0.00 aball=0.0 bref=0.00 pid=0.0 pref=-239.4 ppos=-239.4 apid=0.0 integ=0.0 vision=1 current=1 vframe=2827 vs=1 vage=42 vpage=42 vdt=33 vmax=175 vacc=2823 vrej=0 seq=0 elapsed=0 oled=3C
[   1469] STATUS mode=1 fault=none enc=-12 denc=0 sreq=0 sapplied=0 crate=0 uimp=-239360 upos=3190 uneg=4460 ball=106.43 vball=-0.00 aball=0.0 bref=0.00 pid=0.0 pref=-239.4 ppos=-239.4 apid=0.0 integ=0.0 vision=1 current=1 vframe=2827 vs=1 vage=92 vpage=92 vdt=33 vmax=175 vacc=2823 vrej=0 seq=0 elapsed=0 oled=3C
[   1532] STATUS mode=1 fault=none enc=-12 denc=0 sreq=0 sapplied=0 crate=0 uimp=-239360 upos=3190 uneg=4460 ball=106.43 vball=-0.00 aball=0.0 bref=0.00 pid=0.0 pref=-239.4 ppos=-239.4 apid=0.0 integ=0.0 vision=1 current=1 vframe=2829 vs=1 vage=9 vpage=9 vdt=36 vmax=175 vacc=2825 vrej=0 seq=0 elapsed=0 oled=3C
[   1579] STATUS mode=1 fault=none enc=-12 denc=0 sreq=0 sapplied=0 crate=0 uimp=-239360 upos=3190 uneg=4460 ball=106.43 vball=-0.00 aball=0.0 bref=0.00 pid=0.0 pref=-239.4 ppos=-239.4 apid=0.0 integ=0.0 vision=1 current=1 vframe=2829 vs=1 vage=59 vpage=59 vdt=36 vmax=175 vacc=2825 vrej=0 seq=0 elapsed=0 oled=3C
[   1625] STATUS mode=1 fault=none enc=-12 denc=0 sreq=0 sapplied=0 crate=0 uimp=-239360 upos=3190 uneg=4460 ball=106.43 vball=-0.00 aball=0.0 bref=0.00 pid=0.0 pref=-239.4 ppos=-239.4 apid=0.0 integ=0.0 vision=1 current=1 vframe=2830 vs=1 vage=1 vpage=1 vdt=108 vmax=175 vacc=2826 vrej=0 seq=0 elapsed=0 oled=3C
[   1672] STATUS mode=1 fault=none enc=-12 denc=0 sreq=0 sapplied=0 crate=0 uimp=-239360 upos=3190 uneg=4460 ball=106.43 vball=-0.00 aball=0.0 bref=0.00 pid=0.0 pref=-239.4 ppos=-239.4 apid=0.0 integ=0.0 vision=1 current=1 vframe=2832 vs=1 vage=9 vpage=9 vdt=35 vmax=175 vacc=2828 vrej=0 seq=0 elapsed=0 oled=3C
[   1719] STATUS mode=1 fault=none enc=-12 denc=0 sreq=0 sapplied=0 crate=0 uimp=-239360 upos=3190 uneg=4460 ball=106.43 vball=-0.00 aball=0.0 bref=0.00 pid=0.0 pref=-239.4 ppos=-239.4 apid=0.0 integ=0.0 vision=1 current=1 vframe=2832 vs=1 vage=59 vpage=59 vdt=35 vmax=175 vacc=2828 vrej=0 seq=0 elapsed=0 oled=3C
[   1782] STATUS mode=1 fault=none enc=-12 denc=0 sreq=0 sapplied=0 crate=0 uimp=-239360 upos=3190 uneg=4460 ball=106.43 vball=-0.00 aball=0.0 bref=0.00 pid=0.0 pref=-239.4 ppos=-239.4 apid=0.0 integ=0.0 vision=1 current=1 vframe=2832 vs=1 vage=109 vpage=109 vdt=35 vmax=175 vacc=2828 vrej=0 seq=0 elapsed=0 oled=3C
[   1829] STATUS mode=1 fault=none enc=-12 denc=0 sreq=0 sapplied=0 crate=0 uimp=-239360 upos=3190 uneg=4460 ball=106.43 vball=-0.00 aball=0.0 bref=0.00 pid=0.0 pref=-239.4 ppos=-239.4 apid=0.0 integ=0.0 vision=1 current=1 vframe=2835 vs=1 vage=9 vpage=9 vdt=31 vmax=175 vacc=2831 vrej=0 seq=0 elapsed=0 oled=3C
[   1875] STATUS mode=1 fault=none enc=-12 denc=0 sreq=0 sapplied=0 crate=0 uimp=-239360 upos=3190 uneg=4460 ball=106.43 vball=-0.00 aball=0.0 bref=0.00 pid=0.0 pref=-239.4 ppos=-239.4 apid=0.0 integ=0.0 vision=1 current=1 vframe=2836 vs=1 vage=25 vpage=25 vdt=34 vmax=175 vacc=2832 vrej=0 seq=0 elapsed=0 oled=3C
[   1922] STATUS mode=1 fault=none enc=-12 denc=0 sreq=0 sapplied=0 crate=0 uimp=-239360 upos=3190 uneg=4460 ball=106.43 vball=-0.00 aball=0.0 bref=0.00 pid=0.0 pref=-239.4 ppos=-239.4 apid=0.0 integ=0.0 vision=1 current=1 vframe=2836 vs=1 vage=75 vpage=75 vdt=34 vmax=175 vacc=2832 vrej=0 seq=0 elapsed=0 oled=3C
[   1969] STATUS mode=1 fault=none enc=-12 denc=0 sreq=0 sapplied=0 crate=0 uimp=-239360 upos=3190 uneg=4460 ball=106.43 vball=-0.00 aball=0.0 bref=0.00 pid=0.0 pref=-239.4 ppos=-239.4 apid=0.0 integ=0.0 vision=1 current=1 vframe=2837 vs=1 vage=21 vpage=21 vdt=104 vmax=175 vacc=2833 vrej=0 seq=0 elapsed=0 oled=3C
[   2032] STATUS mode=1 fault=none enc=-12 denc=0 sreq=0 sapplied=0 crate=0 uimp=-239360 upos=3190 uneg=4460 ball=106.43 vball=-0.00 aball=0.0 bref=0.00 pid=0.0 pref=-239.4 ppos=-239.4 apid=0.0 integ=0.0 vision=1 current=1 vframe=2839 vs=1 vage=9 vpage=9 vdt=32 vmax=175 vacc=2835 vrej=0 seq=0 elapsed=0 oled=3C
[   2079] STATUS mode=1 fault=none enc=-12 denc=0 sreq=0 sapplied=0 crate=0 uimp=-239360 upos=3190 uneg=4460 ball=106.43 vball=-0.00 aball=0.0 bref=0.00 pid=0.0 pref=-239.4 ppos=-239.4 apid=0.0 integ=0.0 vision=1 current=1 vframe=2839 vs=1 vage=59 vpage=59 vdt=32 vmax=175 vacc=2835 vrej=0 seq=0 elapsed=0 oled=3C
[   2110] STATUS mode=1 fault=none enc=-12 denc=0 
[   2110] >>> stream off
[   2125] sreq=0 sapplied=0 crate=0 uimp=-239360 upos=3190 uneg=4460 ball=106.43 vball=-0.00 aball=0.0 bref=0.00 pid=0.0 pref=-239.4 ppos=-239.4 apid=0.0 integ=0.0 vision=1 current=1 vframe=2840 vs=1 vage=5 vpage=5 vdt=104 vmax=175 vacc=2836 vrej=0 seq=0 elapsed=0 oled=3C
[   2125] OK stream off
[   2250] >>> status
[   2282] STATUS mode=1 fault=none enc=-12 denc=0 sreq=0 sapplied=0 crate=0 uimp=-239360 upos=3190 uneg=4460 ball=106.43 vball=-0.00 aball=0.0 bref=0.00 pid=0.0 pref=-239.4 ppos=-239.4 apid=0.0 integ=0.0 vision=1 current=1 vframe=2842 vs=1 vage=95 vpage=95 vdt=33 vmax=175 vacc=2838 vrej=0 seq=0 elapsed=0 oled=3C
