[      0] >>> stream on 50
[     16] OK stream on 50 ms
[     93] STATUS mode=1 fault=none enc=269 denc=0 sreq=0 sapplied=0 crate=0 uimp=238165 upos=870 uneg=275 ball=-121.14 vball=0.00 aball=0.0 bref=0.00 pid=0.0 pref=238.2 ppos=238.2 apid=0.0 integ=0.0 vision=1 current=1 vframe=603 vs=1 vage=25 vpage=25 vdt=10 vmax=168 vacc=603 vrej=0 seq=0 elapsed=0 oled=3C
[    125] STATUS mode=1 fault=none enc=269 denc=0 sreq=0 sapplied=0 crate=0 uimp=238165 upo
[    141] s=870 uneg=275 ball=-121.14 vball=-0.00 aball=0.0 bref=0.00 pid=0.0 pref=238.2 ppos=238.2 apid=0.0 integ=0.0 vision=1 current=1 vframe=604 vs=1 vage=40 vpage=40 vdt=35 vmax=168 vacc=604 vrej=0 seq=0 elapsed=0 oled=3C
[    186] STATUS mode=1 fault=none enc=269 denc=0 sreq=0 sapplied=0 crate=0 uimp=238165 upos=870 uneg=275 ball=-121.14 vball=-0.00 aball=0.0 bref=0.00 pid=0.0 pref=238.2 ppos=238.2 apid=0.0 integ=0.0 vision=1 current=1 vframe=604 vs=1 vage=90 vpage=90 vdt=35 vmax=168 vacc=604 vrej=0 seq=0 elapsed=0 oled=3C
[    233] STATUS mode=1 fault=none enc=269 denc=0 sreq=0 sapplied=0 crate=0 uimp=238165 upos=870 uneg=275 ball=-121.14 vball=-0.00 aball=0.0 bref=0.00 pid=0.0 pref=238.2 ppos=238.2 apid=0.0 integ=0.0 vision=1 current=1 vframe=606 vs=1 vage=24 vpage=24 vdt=10 vmax=168 vacc=606 vrej=0 seq=0 elapsed=0 oled=3C
[    281] STATUS mode=1 fault=none enc=269 denc=0 sreq=0 sapplied=0 crate=0 uimp=238165 upos=870 uneg=275 ball=-121.14 vball=0.00 aball=0.0 bref=0.00 pid=0.0 pref=238.2 ppos=238.2 apid=0.0 integ=0.0 vision=1 current=1 vframe=607 vs=1 vage=40 vpage=40 vdt=34 vmax=168 vacc=607 vrej=0 seq=0 elapsed=0 oled=3C
[    327] STATUS mode=1 fault=none enc=269 denc=0 sreq=0 sapplied=0 crate=0 uimp=238165 upos=870 uneg=275 ball=-121.14 vball=0.00 aball=0.0 bref=0.00 pid=0.0 pref=238.2 ppos=238.2 apid=0.0 integ=0.0 vision=1 current=1 vframe=607 vs=1 vage=90 vpage=90 vdt=34 vmax=168 vacc=607 vrej=0 seq=0 elapsed=0 oled=3C
[    391] STATUS mode=1 fault=none enc=269 denc=0 sreq=0 sapplied=0 crate=0 uimp=238165 upos=870 uneg=275 ball=-121.14 vball=-0.00 aball=0.0 bref=0.00 pid=0.0 pref=238.2 ppos=238.2 apid=0.0 integ=0.0 vision=1 current=1 vframe=610 vs=1 vage=5 vpage=5 vdt=20 vmax=168 vacc=610 vrej=0 seq=0 elapsed=0 oled=3C
[    436] STATUS mode=1 fault=none enc=269 denc=0 sreq=0 sapplied=0 crate=0 uimp=238165 upos=870 uneg=275 ball=-121.14 vball=-0.00 aball=0.0 bref=0.00 pid=0.0 pref=238.2 ppos=238.2 apid=0.0 integ=0.0 vision=1 current=1 vframe=611 vs=1 vage=23 vpage=23 vdt=32 vmax=168 vacc=611 vrej=0 seq=0 elapsed=0 oled=3C
[    483] STATUS mode=1 fault=none enc=269 denc=0 sreq=0 sapplied=0 crate=0 uimp=238165 upos=870 uneg=275 ball=-121.14 vball=-0.00 aball=0.0 bref=0.00 pid=0.0 pref=238.2 ppos=238.2 apid=0.0 integ=0.0 vision=1 current=1 vframe=611 vs=1 vage=73 vpage=73 vdt=32 vmax=168 vacc=611 vrej=0 seq=0 elapsed=0 oled=3C
[    531] STATUS mode=1 fault=none enc=269 denc=0 sreq=0 sapplied=0 crate=0 uimp=238165 upos=870 uneg=275 ball=-121.14 vball=-0.00 aball=0.0 bref=0.00 pid=0.0 pref=238.2 ppos=238.2 apid=0.0 integ=0.0 vision=1 current=1 vframe=612 vs=1 vage=20 vpage=20 vdt=103 vmax=168 vacc=612 vrej=0 seq=0 elapsed=0 oled=3C
[    577] STATUS mode=1 fault=none enc=269 denc=0 sreq=0 sapplied=0 crate=0 uimp=238165 upos=870 uneg=275 ball=-121.14 vball=0.00 aball=0.0 bref=0.00 pid=0.0 pref=238.2 ppos=238.2 apid=0.0 integ=0.0 vision=1 current=1 vframe=614 vs=1 vage=7 vpage=7 vdt=32 vmax=168 vacc=614 vrej=0 seq=0 elapsed=0 oled=3C
[    641] STATUS mode=1 fault=none enc=269 denc=0 sreq=0 sapplied=0 crate=0 uimp=238165 upos=870 uneg=275 ball=-121.14 vball=0.00 aball=0.0 bref=0.00 pid=0.0 pref=238.2 ppos=238.2 apid=0.0 integ=0.0 vision=1 current=1 vframe=614 vs=1 vage=57 vpage=57 vdt=32 vmax=168 vacc=614 vrej=0 seq=0 elapsed=0 oled=3C
[    686] STATUS mode=1 fault=none enc=269 denc=0 sreq=0 sapplied=0 crate=0 uimp=238165 upos=870 uneg=275 ball=-121.14 vball=0.00 aball=0.0 bref=0.00 pid=0.0 pref=238.2 ppos=238.2 apid=0.0 integ=0.0 vision=1 current=1 vframe=615 vs=1 vage=4 vpage=4 vdt=103 vmax=168 vacc=615 vrej=0 seq=0 elapsed=0 oled=3C
[    733] STATUS mode=1 fault=none enc=269 denc=0 sreq=0 sapplied=0 crate=0 uimp=238165 upos=870 uneg=275 ball=-121.14 vball=0.00 aball=0.0 bref=0.00 pid=0.0 pref=238.2 ppos=238.2 apid=0.0 integ=0.0 vision=1 current=1 vframe=616 vs=1 vage=24 vpage=24 vdt=30 vmax=168 vacc=616 vrej=0 seq=0 elapsed=0 oled=3C
[    781] STATUS mode=1 fault=none enc=269 denc=0 sreq=0 sapplied=0 crate=0 uimp=238165 upos=870 uneg=275 ball=-121.14 vball=0.00 aball=0.0 bref=0.00 pid=0.0 pref=238.2 ppos=238.2 apid=0.0 integ=0.0 vision=1 current=1 vframe=617 vs=1 vage=42 vpage=42 vdt=32 vmax=168 vacc=617 vrej=0 seq=0 elapsed=0 oled=3C
[    827] STATUS mode=1 fault=none enc=269 denc=0 sreq=0 sapplied=0 crate=0 uimp=238165 upos=870 uneg=275 ball=-121.14 vball=0.00 aball=0.0 bref=0.00 pid=0.0 pref=238.2 ppos=238.2 apid=0.0 integ=0.0 vision=1 current=1 vframe=617 vs=1 vage=92 vpage=92 vdt=32 vmax=168 vacc=617 vrej=0 seq=0 elapsed=0 oled=3C
[    891] STATUS mode=1 fault=none enc=269 denc=0 sreq=0 sapplied=0 crate=0 uimp=238165 upos=870 uneg=275 ball=-121.14 vball=-0.00 aball=0.0 bref=0.00 pid=0.0 pref=238.2 ppos=238.2 apid=0.0 integ=0.0 vision=1 current=1 vframe=619 vs=1 vage=8 vpage=8 vdt=32 vmax=168 vacc=619 vrej=0 seq=0 elapsed=0 oled=3C
[    936] STATUS mode=1 fault=none enc=269 denc=0 sreq=0 sapplied=0 crate=0 uimp=238165 upos=870 uneg=275 ball=-121.14 vball=-0.00 aball=0.0 bref=0.00 pid=0.0 pref=238.2 ppos=238.2 apid=0.0 integ=0.0 vision=1 current=1 vframe=620 vs=1 vage=25 vpage=25 vdt=33 vmax=168 vacc=620 vrej=0 seq=0 elapsed=0 oled=3C
[    983] STATUS mode=1 fault=none enc=269 denc=0 sreq=0 sapplied=0 crate=0 uimp=238165 upos=870 uneg=275 ball=-121.14 vball=-0.00 aball=0.0 bref=0.00 pid=0.0 pref=238.2 ppos=238.2 apid=0.0 integ=0.0 vision=1 current=1 vframe=620 vs=1 vage=75 vpage=75 vdt=33 vmax=168 vacc=620 vrej=0 seq=0 elapsed=0 oled=3C
[   1031] STATUS mode=1 fault=none enc=269 denc=0 sreq=0 sapplied=0 crate=0 uimp=238165 upos=870 uneg=275 ball=-121.14 vball=-0.00 aball=0.0 bref=0.00 pid=0.0 pref=238.2 ppos=238.2 apid=0.0 integ=0.0 vision=1 current=1 vframe=621 vs=1 vage=27 vpage=27 vdt=98 vmax=168 vacc=621 vrej=0 seq=0 elapsed=0 oled=3C
[   1093] STATUS mode=1 fault=none enc=269 denc=0 sreq=0 sapplied=0 crate=0 uimp=238165 upos=870 uneg=275 ball=-121.14 vball=0.00 aball=0.0 bref=0.00 pid=0.0 pref=238.2 ppos=238.2 apid=0.0 integ=0.0 vision=1 current=1 vframe=622 vs=1 vage=41 vpage=41 vdt=36 vmax=168 vacc=622 vrej=0 seq=0 elapsed=0 oled=3C
[   1141] STATUS mode=1 fault=none enc=269 denc=0 sreq=0 sapplied=0 crate=0 uimp=238165 upos=870 uneg=275 ball=-121.14 vball=0.00 aball=0.0 bref=0.00 pid=0.0 pref=238.2 ppos=238.2 apid=0.0 integ=0.0 vision=1 current=1 vframe=622 vs=1 vage=91 vpage=91 vdt=36 vmax=168 vacc=622 vrej=0 seq=0 elapsed=0 oled=3C
[   1186] STATUS mode=1 fault=none enc=269 denc=0 sreq=0 sapplied=0 crate=0 uimp=238165 upos=870 uneg=275 ball=-121.14 vball=0.00 aball=0.0 bref=0.00 pid=0.0 pref=238.2 ppos=238.2 apid=0.0 integ=0.0 vision=1 current=1 vframe=624 vs=1 vage=21 vpage=21 vdt=10 vmax=168 vacc=624 vrej=0 seq=0 elapsed=0 oled=3C
[   1233] STATUS mode=1 fault=none enc=269 denc=0 sreq=0 sapplied=0 crate=0 uimp=238165 upos=870 uneg=275 ball=-121.14 vball=-0.00 aball=0.0 bref=0.00 pid=0.0 pref=238.2 ppos=238.2 apid=0.0 integ=0.0 vision=1 current=1 vframe=626 vs=1 vage=8 vpage=8 vdt=33 vmax=168 vacc=626 vrej=0 seq=0 elapsed=0 oled=3C
[   1281] STATUS mode=1 fault=none enc=269 denc=0 sreq=0 sapplied=0 crate=0 uimp=238165 upos=870 uneg=275 ball=-121.14 vball=-0.00 aball=0.0 bref=0.00 pid=0.0 pref=238.2 ppos=238.2 apid=0.0 integ=0.0 vision=1 current=1 vframe=626 vs=1 vage=58 vpage=58 vdt=33 vmax=168 vacc=626 vrej=0 seq=0 elapsed=0 oled=3C
[   1343] STATUS mode=1 fault=none enc=269 denc=0 sreq=0 sapplied=0 crate=0 uimp=238165 upos=870 uneg=275 ball=-121.14 vball=-0.00 aball=0.0 bref=0.00 pid=0.0 pref=238.2 ppos=238.2 apid=0.0 integ=0.0 vision=1 current=1 vframe=627 vs=1 vage=6 vpage=6 vdt=102 vmax=168 vacc=627 vrej=0 seq=0 elapsed=0 oled=3C
[   1391] STATUS mode=1 fault=none enc=269 denc=0 sreq=0 sapplied=0 crate=0 uimp=238165 upos=870 uneg=275 ball=-121.14 vball=-0.00 aball=0.0 bref=0.00 pid=0.0 pref=238.2 ppos=238.2 apid=0.0 integ=0.0 vision=1 current=1 vframe=628 vs=1 vage=25 vpage=25 vdt=31 vmax=168 vacc=628 vrej=0 seq=0 elapsed=0 oled=3C
[   1436] STATUS mode=1 fault=none enc=269 denc=0 sreq=0 sapplied=0 crate=0 uimp=238165 upos=870 uneg=275 ball=-121.14 vball=-0.00 aball=0.0 bref=0.00 pid=0.0 pref=238.2 ppos=238.2 apid=0.0 integ=0.0 vision=1 current=1 vframe=629 vs=1 vage=41 vpage=41 vdt=34 vmax=168 vacc=629 vrej=0 seq=0 elapsed=0 oled=3C
[   1483] STATUS mode=1 fault=none enc=269 denc=0 sreq=0 sapplied=0 crate=0 uimp=238165 upos=870 uneg=275 ball=-121.14 vball=-0.00 aball=0.0 bref=0.00 pid=0.0 pref=238.2 ppos=238.2 apid=0.0 integ=0.0 vision=1 current=1 vframe=629 vs=1 vage=91 vpage=91 vdt=34 vmax=168 vacc=629 vrej=0 seq=0 elapsed=0 oled=3C
[   1531] STATUS mode=1 fault=none enc=269 denc=0 sreq=0 sapplied=0 crate=0 uimp=238165 upos=870 uneg=275 ball=-121.14 vball=-0.00 aball=0.0 bref=0.00 pid=0.0 pref=238.2 ppos=238.2 apid=0.0 integ=0.0 vision=1 current=1 vframe=631 vs=1 vage=8 vpage=8 vdt=33 vmax=168 vacc=631 vrej=0 seq=0 elapsed=0 oled=3C
[   1593] STATUS mode=1 fault=none enc=269 denc=0 sreq=0 sapplied=0 crate=0 uimp=238165 upos=870 uneg=275 ball=-121.14 vball=-0.00 aball=0.0 bref=0.00 pid=0.0 pref=238.2 ppos=238.2 apid=0.0 integ=0.0 vision=1 current=1 vframe=632 vs=1 vage=25 vpage=25 vdt=33 vmax=168 vacc=632 vrej=0 seq=0 elapsed=0 oled=3C
[   1641] STATUS mode=1 fault=none enc=269 denc=0 sreq=0 sapplied=0 crate=0 uimp=238165 upos=870 uneg=275 ball=-121.14 vball=-0.00 aball=0.0 bref=0.00 pid=0.0 pref=238.2 ppos=238.2 apid=0.0 integ=0.0 vision=1 current=1 vframe=632 vs=1 vage=75 vpage=75 vdt=33 vmax=168 vacc=632 vrej=0 seq=0 elapsed=0 oled=3C
[   1686] STATUS mode=1 fault=none enc=269 denc=0 sreq=0 sapplied=0 crate=0 uimp=238165 upos=870 uneg=275 ball=-121.14 vball=-0.00 aball=0.0 bref=0.00 pid=0.0 pref=238.2 ppos=238.2 apid=0.0 integ=0.0 vision=1 current=1 vframe=633 vs=1 vage=26 vpage=26 vdt=99 vmax=168 vacc=633 vrej=0 seq=0 elapsed=0 oled=3C
[   1733] STATUS mode=1 fault=none enc=269 denc=0 sreq=0 sapplied=0 crate=0 uimp=238165 upos=870 uneg=275 ball=-121.14 vball=-0.00 aball=0.0 bref=0.00 pid=0.0 pref=238.2 ppos=238.2 apid=0.0 integ=0.0 vision=1 current=1 vframe=634 vs=1 vage=41 vpage=41 vdt=35 vmax=168 vacc=634 vrej=0 seq=0 elapsed=0 oled=3C
[   1781] STATUS mode=1 fault=none enc=269 denc=0 sreq=0 sapplied=0 crate=0 uimp=238165 upos=870 uneg=275 ball=-121.14 vball=-0.00 aball=0.0 bref=0.00 pid=0.0 pref=238.2 ppos=238.2 apid=0.0 integ=0.0 vision=1 current=1 vframe=634 vs=1 vage=91 vpage=91 vdt=35 vmax=168 vacc=634 vrej=0 seq=0 elapsed=0 oled=3C
[   1843] STATUS mode=1 fault=none enc=269 denc=0 sreq=0 sapplied=0 crate=0 uimp=238165 upos=870 uneg=275 ball=-121.14 vball=-0.00 aball=0.0 bref=0.00 pid=0.0 pref=238.2 ppos=238.2 apid=0.0 integ=0.0 vision=1 current=1 vframe=636 vs=1 vage=25 vpage=25 vdt=9 vmax=168 vacc=636 vrej=0 seq=0 elapsed=0 oled=3C
[   1891] STATUS mode=1 fault=none enc=269 denc=0 sreq=0 sapplied=0 crate=0 uimp=238165 upos=870 uneg=275 ball=-121.14 vball=-0.00 aball=0.0 bref=0.00 pid=0.0 pref=238.2 ppos=238.2 apid=0.0 integ=0.0 vision=1 current=1 vframe=638 vs=1 vage=8 vpage=8 vdt=33 vmax=168 vacc=638 vrej=0 seq=0 elapsed=0 oled=3C
[   1936] STATUS mode=1 fault=none enc=269 denc=0 sreq=0 sapplied=0 crate=0 uimp=238165 upos=870 uneg=275 ball=-121.14 vball=-0.00 aball=0.0 bref=0.00 pid=0.0 pref=238.2 ppos=238.2 apid=0.0 integ=0.0 vision=1 current=1 vframe=638 vs=1 vage=58 vpage=58 vdt=33 vmax=168 vacc=638 vrej=0 seq=0 elapsed=0 oled=3C
[   1983] STATUS mode=1 fault=none enc=269 denc=0 sreq=0 sapplied=0 crate=0 uimp=238165 upos=870 uneg=275 ball=-121.14 vball=-0.00 aball=0.0 bref=0.00 pid=0.0 pref=238.2 ppos=238.2 apid=0.0 integ=0.0 vision=1 current=1 vframe=639 vs=1 vage=6 vpage=6 vdt=102 vmax=168 vacc=639 vrej=0 seq=0 elapsed=0 oled=3C
[   2031] STATUS mode=1 fault=none enc=269 denc=0 sreq=0 sapplied=0 crate=0 uimp=238165 upos=870 uneg=275 ball=-121.14 vball=-0.00 aball=0.0 bref=0.00 pid=0.0 pref=238.2 ppos=238.2 apid=0.0 integ=0.0 vision=1 current=1 vframe=640 vs=1 vage=26 vpage=26 vdt=30 vmax=168 vacc=640 vrej=0 seq=0 elapsed=0 oled=3C
[   2093] STATUS mode=1 fault=none enc=269 denc=0 sreq=0 sapplied=0 crate=0 uimp=238165 upos=870 uneg=275 ball=-121.14 vball=-0.00 aball=0.0 bref=0.00 pid=0.0 pref=238.2 ppos=238.2 apid=0.0 integ=0.0 vision=1 current=1 vframe=641 vs=1 vage=42 vpage=42 vdt=34 vmax=168 vacc=641 vrej=0 seq=0 elapsed=0 oled=3C
[   2125] STATUS mode=1 fault=none enc=269 denc=0 sreq=0 sapplied=0 crate=0 uimp=2
[   2125] >>> stream off
[   2141] 38165 upos=870 uneg=275 ball=-121.14 vball=-0.00 aball=0.0 bref=0.00 pid=0.0 pref=238.2 ppos=238.2 apid=0.0 integ=0.0 vision=1 current=1 vframe=641 vs=1 vage=92 vpage=92 vdt=34 vmax=168 vacc=641 vrej=0 seq=0 elapsed=0 oled=3C
[   2141] OK stream off
[   2250] >>> status
[   2281] STATUS mode=1 fault=none enc=269 denc=0 sreq=0 sapplied=0 crate=0 uimp=238165 upos=870 uneg=275 ball=-121.14 vball=-0.00 aball=0.0 bref=0.00 pid=0.0 pref=238.2 ppos=238.2 apid=0.0 integ=0.0 vision=1 current=1 vframe=644 vs=1 vage=69 vpage=69 vdt=31 vmax=168 vacc=644 vrej=0 seq=0 elapsed=0 oled=3C
