[      0] >>> stream on 50
[     16] OK stream on 50 ms
[     78] STATUS mode=1 fault=none enc=-1 denc=0 sreq=0 sapplied=0 crate=0 uimp=3770 upos=2790 uneg=2945 ball=-42.98 vball=0.04 aball=0.0 bref=0.00 pid=0.0 pref=0.0 ppos=0.0 apid=0.0 integ=0.0 vision=1 current=1 vframe=1195 vs=1 vage=6 vpage=6 vdt=106 vmax=186 vacc=1194 vrej=0 seq=0 elapsed=0 oled=3C
[    108] S
[    125] TATUS mode=1 fault=none enc=-1 denc=0 sreq=0 sapplied=0 crate=0 uimp=3770 upos=2790 uneg=2945 ball=-42.96 vball=0.28 aball=0.0 bref=0.00 pid=0.0 pref=0.0 ppos=0.0 apid=0.0 integ=0.0 vision=1 current=1 vframe=1196 vs=1 vage=34 vpage=34 vdt=22 vmax=186 vacc=1195 vrej=0 seq=0 elapsed=0 oled=3C
[    188] STATUS mode=1 fault=none enc=-1 denc=0 sreq=0 sapplied=0 crate=0 uimp=3770 upos=2790 uneg=2945 ball=-42.95 vball=0.30 aball=0.0 bref=0.00 pid=0.0 pref=0.0 ppos=0.0 apid=0.0 integ=0.0 vision=1 current=1 vframe=1197 vs=1 vage=49 vpage=49 vdt=35 vmax=186 vacc=1196 vrej=0 seq=0 elapsed=0 oled=3C
[    233] STATUS mode=1 fault=none enc=-1 denc=0 sreq=0 sapplied=0 crate=0 uimp=3770 upos=2790 uneg=2945 ball=-42.95 vball=0.30 aball=0.0 bref=0.00 pid=0.0 pref=0.0 ppos=0.0 apid=0.0 integ=0.0 vision=1 current=1 vframe=1197 vs=1 vage=99 vpage=99 vdt=35 vmax=186 vacc=1196 vrej=0 seq=0 elapsed=0 oled=3C
[    281] STATUS mode=1 fault=none enc=-1 denc=0 sreq=0 sapplied=0 crate=0 uimp=3770 upos=2790 uneg=2945 ball=-42.98 vball=-0.06 aball=0.0 bref=0.00 pid=0.0 pref=0.0 ppos=0.0 apid=0.0 integ=0.0 vision=1 current=1 vframe=1199 vs=1 vage=18 vpage=18 vdt=27 vmax=186 vacc=1198 vrej=0 seq=0 elapsed=0 oled=3C
[    328] STATUS mode=1 fault=none enc=-1 denc=0 sreq=0 sapplied=0 crate=0 uimp=3770 upos=2790 uneg=2945 ball=-43.23 vball=-4.07 aball=0.0 bref=0.00 pid=0.0 pref=0.0 ppos=0.0 apid=0.0 integ=0.0 vision=1 current=1 vframe=1200 vs=1 vage=35 vpage=35 vdt=33 vmax=186 vacc=1199 vrej=0 seq=0 elapsed=0 oled=3C
[    375] STATUS mode=1 fault=none enc=-1 denc=0 sreq=0 sapplied=0 crate=0 uimp=3770 upos=2790 uneg=2945 ball=-43.23 vball=-4.07 aball=0.0 bref=0.00 pid=0.0 pref=0.0 ppos=0.0 apid=0.0 integ=0.0 vision=1 current=1 vframe=1200 vs=1 vage=85 vpage=85 vdt=33 vmax=186 vacc=1199 vrej=0 seq=0 elapsed=0 oled=3C
[    438] STATUS mode=1 fault=none enc=-1 denc=0 sreq=0 sapplied=0 crate=0 uimp=3770 upos=2790 uneg=2945 ball=-42.99 vball=8.04 aball=0.0 bref=0.00 pid=0.0 pref=0.0 ppos=0.0 apid=0.0 integ=0.0 vision=1 current=1 vframe=1202 vs=1 vage=19 vpage=19 vdt=21 vmax=186 vacc=1201 vrej=0 seq=0 elapsed=0 oled=3C
[    483] STATUS mode=1 fault=none enc=-1 denc=0 sreq=0 sapplied=0 crate=0 uimp=3770 upos=2790 uneg=2945 ball=-43.28 vball=0.30 aball=0.0 bref=0.00 pid=0.0 pref=0.0 ppos=0.0 apid=0.0 integ=0.0 vision=1 current=1 vframe=1203 vs=1 vage=34 vpage=34 vdt=35 vmax=186 vacc=1202 vrej=0 seq=0 elapsed=0 oled=3C
[    531] STATUS mode=1 fault=none enc=-1 denc=0 sreq=0 sapplied=0 crate=0 uimp=3770 upos=2790 uneg=2945 ball=-43.28 vball=0.30 aball=0.0 bref=0.00 pid=0.0 pref=0.0 ppos=0.0 apid=0.0 integ=0.0 vision=1 current=1 vframe=1203 vs=1 vage=84 vpage=84 vdt=35 vmax=186 vacc=1202 vrej=0 seq=0 elapsed=0 oled=3C
[    578] STATUS mode=1 fault=none enc=-1 denc=0 sreq=0 sapplied=0 crate=0 uimp=3770 upos=2790 uneg=2945 ball=-42.92 vball=3.15 aball=0.0 bref=0.00 pid=0.0 pref=0.0 ppos=0.0 apid=0.0 integ=0.0 vision=1 current=1 vframe=1204 vs=1 vage=35 vpage=35 vdt=99 vmax=186 vacc=1203 vrej=0 seq=0 elapsed=0 oled=3C
[    625] STATUS mode=1 fault=none enc=-1 denc=0 sreq=0 sapplied=0 crate=0 uimp=3770 upos=2790 uneg=2945 ball=-42.98 vball=-0.00 aball=0.0 bref=0.00 pid=0.0 pref=0.0 ppos=0.0 apid=0.0 integ=0.0 vision=1 current=1 vframe=1205 vs=1 vage=50 vpage=50 vdt=35 vmax=186 vacc=1204 vrej=0 seq=0 elapsed=0 oled=3C
[    688] STATUS mode=1 fault=none enc=-1 denc=0 sreq=0 sapplied=0 crate=0 uimp=3770 upos=2790 uneg=2945 ball=-42.98 vball=-0.00 aball=0.0 bref=0.00 pid=0.0 pref=0.0 ppos=0.0 apid=0.0 integ=0.0 vision=1 current=1 vframe=1205 vs=1 vage=100 vpage=100 vdt=35 vmax=186 vacc=1204 vrej=0 seq=0 elapsed=0 oled=3C
[    733] STATUS mode=1 fault=none enc=-1 denc=0 sreq=0 sapplied=0 crate=0 uimp=3770 upos=2790 uneg=2945 ball=-43.23 vball=-4.02 aball=0.0 bref=0.00 pid=0.0 pref=0.0 ppos=0.0 apid=0.0 integ=0.0 vision=1 current=1 vframe=1208 vs=1 vage=18 vpage=18 vdt=25 vmax=186 vacc=1207 vrej=0 seq=0 elapsed=0 oled=3C
[    781] STATUS mode=1 fault=none enc=-1 denc=0 sreq=0 sapplied=0 crate=0 uimp=3770 upos=2790 uneg=2945 ball=-43.01 vball=0.80 aball=0.0 bref=0.00 pid=0.0 pref=0.0 ppos=0.0 apid=0.0 integ=0.0 vision=1 current=1 vframe=1209 vs=1 vage=34 vpage=34 vdt=34 vmax=186 vacc=1208 vrej=0 seq=0 elapsed=0 oled=3C
[    828] STATUS mode=1 fault=none enc=-1 denc=0 sreq=0 sapplied=0 crate=0 uimp=3770 upos=2790 uneg=2945 ball=-43.01 vball=0.80 aball=0.0 bref=0.00 pid=0.0 pref=0.0 ppos=0.0 apid=0.0 integ=0.0 vision=1 current=1 vframe=1209 vs=1 vage=84 vpage=84 vdt=34 vmax=186 vacc=1208 vrej=0 seq=0 elapsed=0 oled=3C
[    891] STATUS mode=1 fault=none enc=-1 denc=0 sreq=0 sapplied=0 crate=0 uimp=3770 upos=2790 uneg=2945 ball=-43.33 vball=-6.59 aball=0.0 bref=0.00 pid=0.0 pref=0.0 ppos=0.0 apid=0.0 integ=0.0 vision=1 current=1 vframe=1211 vs=1 vage=16 vpage=16 vdt=18 vmax=186 vacc=1210 vrej=0 seq=0 elapsed=0 oled=3C
[    938] STATUS mode=1 fault=none enc=-1 denc=0 sreq=0 sapplied=0 crate=0 uimp=3770 upos=2790 uneg=2945 ball=-43.38 vball=-4.11 aball=0.0 bref=0.00 pid=0.0 pref=0.0 ppos=0.0 apid=0.0 integ=0.0 vision=1 current=1 vframe=1212 vs=1 vage=34 vpage=34 vdt=32 vmax=186 vacc=1211 vrej=0 seq=0 elapsed=0 oled=3C
[    983] STATUS mode=1 fault=none enc=-1 denc=0 sreq=0 sapplied=0 crate=0 uimp=3770 upos=2790 uneg=2945 ball=-43.38 vball=-4.11 aball=0.0 bref=0.00 pid=0.0 pref=0.0 ppos=0.0 apid=0.0 integ=0.0 vision=1 current=1 vframe=1212 vs=1 vage=84 vpage=84 vdt=32 vmax=186 vacc=1211 vrej=0 seq=0 elapsed=0 oled=3C
[   1031] STATUS mode=1 fault=none enc=-1 denc=0 sreq=0 sapplied=0 crate=0 uimp=3770 upos=2790 uneg=2945 ball=-43.00 vball=5.23 aball=0.0 bref=0.00 pid=0.0 pref=0.0 ppos=0.0 apid=0.0 integ=0.0 vision=1 current=1 vframe=1214 vs=1 vage=1 vpage=1 vdt=30 vmax=186 vacc=1213 vrej=0 seq=0 elapsed=0 oled=3C
[   1078] STATUS mode=1 fault=none enc=-1 denc=0 sreq=0 sapplied=0 crate=0 uimp=3770 upos=2790 uneg=2945 ball=-42.99 vball=2.72 aball=0.0 bref=0.00 pid=0.0 pref=0.0 ppos=0.0 apid=0.0 integ=0.0 vision=1 current=1 vframe=1215 vs=1 vage=18 vpage=18 vdt=33 vmax=186 vacc=1214 vrej=0 seq=0 elapsed=0 oled=3C
[   1141] STATUS mode=1 fault=none enc=-1 denc=0 sreq=0 sapplied=0 crate=0 uimp=3770 upos=2790 uneg=2945 ball=-42.99 vball=2.72 aball=0.0 bref=0.00 pid=0.0 pref=0.0 ppos=0.0 apid=0.0 integ=0.0 vision=1 current=1 vframe=1215 vs=1 vage=68 vpage=68 vdt=33 vmax=186 vacc=1214 vrej=0 seq=0 elapsed=0 oled=3C
[   1188] STATUS mode=1 fault=none enc=-1 denc=0 sreq=0 sapplied=0 crate=0 uimp=3770 upos=2790 uneg=2945 ball=-43.02 vball=-0.40 aball=0.0 bref=0.00 pid=0.0 pref=0.0 ppos=0.0 apid=0.0 integ=0.0 vision=1 current=1 vframe=1217 vs=1 vage=1 vpage=1 vdt=16 vmax=186 vacc=1216 vrej=0 seq=0 elapsed=0 oled=3C
[   1233] STATUS mode=1 fault=none enc=-1 denc=0 sreq=0 sapplied=0 crate=0 uimp=3770 upos=2790 uneg=2945 ball=-43.00 vball=0.18 aball=0.0 bref=0.00 pid=0.0 pref=0.0 ppos=0.0 apid=0.0 integ=0.0 vision=1 current=1 vframe=1218 vs=1 vage=18 vpage=18 vdt=33 vmax=186 vacc=1217 vrej=0 seq=0 elapsed=0 oled=3C
[   1281] STATUS mode=1 fault=none enc=-1 denc=0 sreq=0 sapplied=0 crate=0 uimp=3770 upos=2790 uneg=2945 ball=-43.00 vball=0.18 aball=0.0 bref=0.00 pid=0.0 pref=0.0 ppos=0.0 apid=0.0 integ=0.0 vision=1 current=1 vframe=1218 vs=1 vage=68 vpage=68 vdt=33 vmax=186 vacc=1217 vrej=0 seq=0 elapsed=0 oled=3C
[   1328] STATUS mode=1 fault=none enc=-1 denc=0 sreq=0 sapplied=0 crate=0 uimp=3770 upos=2790 uneg=2945 ball=-42.98 vball=0.04 aball=0.0 bref=0.00 pid=0.0 pref=0.0 ppos=0.0 apid=0.0 integ=0.0 vision=1 current=1 vframe=1220 vs=1 vage=2 vpage=2 vdt=22 vmax=186 vacc=1219 vrej=0 seq=0 elapsed=0 oled=3C
[   1391] STATUS mode=1 fault=none enc=-1 denc=0 sreq=0 sapplied=0 crate=0 uimp=3770 upos=2790 uneg=2945 ball=-42.98 vball=0.01 aball=0.0 bref=0.00 pid=0.0 pref=0.0 ppos=0.0 apid=0.0 integ=0.0 vision=1 current=1 vframe=1221 vs=1 vage=19 vpage=19 vdt=33 vmax=186 vacc=1220 vrej=0 seq=0 elapsed=0 oled=3C
[   1438] STATUS mode=1 fault=none enc=-1 denc=0 sreq=0 sapplied=0 crate=0 uimp=3770 upos=2790 uneg=2945 ball=-42.98 vball=0.01 aball=0.0 bref=0.00 pid=0.0 pref=0.0 ppos=0.0 apid=0.0 integ=0.0 vision=1 current=1 vframe=1221 vs=1 vage=69 vpage=69 vdt=33 vmax=186 vacc=1220 vrej=0 seq=0 elapsed=0 oled=3C
[   1483] STATUS mode=1 fault=none enc=-1 denc=0 sreq=0 sapplied=0 crate=0 uimp=3770 upos=2790 uneg=2945 ball=-42.98 vball=0.00 aball=0.0 bref=0.00 pid=0.0 pref=0.0 ppos=0.0 apid=0.0 integ=0.0 vision=1 current=1 vframe=1222 vs=1 vage=18 vpage=18 vdt=101 vmax=186 vacc=1221 vrej=0 seq=0 elapsed=0 oled=3C
[   1531] STATUS mode=1 fault=none enc=-1 denc=0 sreq=0 sapplied=0 crate=0 uimp=3770 upos=2790 uneg=2945 ball=-43.00 vball=-0.15 aball=0.0 bref=0.00 pid=0.0 pref=0.0 ppos=0.0 apid=0.0 integ=0.0 vision=1 current=1 vframe=1224 vs=1 vage=2 vpage=2 vdt=31 vmax=186 vacc=1223 vrej=0 seq=0 elapsed=0 oled=3C
[   1578] STATUS mode=1 fault=none enc=-1 denc=0 sreq=0 sapplied=0 crate=0 uimp=3770 upos=2790 uneg=2945 ball=-43.00 vball=-0.15 aball=0.0 bref=0.00 pid=0.0 pref=0.0 ppos=0.0 apid=0.0 integ=0.0 vision=1 current=1 vframe=1224 vs=1 vage=52 vpage=52 vdt=31 vmax=186 vacc=1223 vrej=0 seq=0 elapsed=0 oled=3C
[   1641] STATUS mode=1 fault=none enc=-1 denc=0 sreq=0 sapplied=0 crate=0 uimp=3770 upos=2790 uneg=2945 ball=-43.01 vball=-0.08 aball=0.0 bref=0.00 pid=0.0 pref=0.0 ppos=0.0 apid=0.0 integ=0.0 vision=1 current=1 vframe=1225 vs=1 vage=6 vpage=6 vdt=96 vmax=186 vacc=1224 vrej=0 seq=0 elapsed=0 oled=3C
[   1688] STATUS mode=1 fault=none enc=-1 denc=0 sreq=0 sapplied=0 crate=0 uimp=3770 upos=2790 uneg=2945 ball=-43.00 vball=0.01 aball=0.0 bref=0.00 pid=0.0 pref=0.0 ppos=0.0 apid=0.0 integ=0.0 vision=1 current=1 vframe=1227 vs=1 vage=2 vpage=2 vdt=32 vmax=186 vacc=1226 vrej=0 seq=0 elapsed=0 oled=3C
[   1733] STATUS mode=1 fault=none enc=-1 denc=0 sreq=0 sapplied=0 crate=0 uimp=3770 upos=2790 uneg=2945 ball=-43.00 vball=0.01 aball=0.0 bref=0.00 pid=0.0 pref=0.0 ppos=0.0 apid=0.0 integ=0.0 vision=1 current=1 vframe=1227 vs=1 vage=52 vpage=52 vdt=32 vmax=186 vacc=1226 vrej=0 seq=0 elapsed=0 oled=3C
[   1781] STATUS mode=1 fault=none enc=-1 denc=0 sreq=0 sapplied=0 crate=0 uimp=3770 upos=2790 uneg=2945 ball=-42.95 vball=0.43 aball=0.0 bref=0.00 pid=0.0 pref=0.0 ppos=0.0 apid=0.0 integ=0.0 vision=1 current=1 vframe=1228 vs=1 vage=2 vpage=2 vdt=100 vmax=186 vacc=1227 vrej=0 seq=0 elapsed=0 oled=3C
[   1828] STATUS mode=1 fault=none enc=-1 denc=0 sreq=0 sapplied=0 crate=0 uimp=3770 upos=2790 uneg=2945 ball=-42.98 vball=-0.15 aball=0.0 bref=0.00 pid=0.0 pref=0.0 ppos=0.0 apid=0.0 integ=0.0 vision=1 current=1 vframe=1229 vs=1 vage=19 vpage=19 vdt=33 vmax=186 vacc=1228 vrej=0 seq=0 elapsed=0 oled=3C
[   1891] STATUS mode=1 fault=none enc=-1 denc=0 sreq=0 sapplied=0 crate=0 uimp=3770 upos=2790 uneg=2945 ball=-42.99 vball=-0.21 aball=0.0 bref=0.00 pid=0.0 pref=0.0 ppos=0.0 apid=0.0 integ=0.0 vision=1 current=1 vframe=1230 vs=1 vage=35 vpage=35 vdt=34 vmax=186 vacc=1229 vrej=0 seq=0 elapsed=0 oled=3C
[   1938] STATUS mode=1 fault=none enc=-1 denc=0 sreq=0 sapplied=0 crate=0 uimp=3770 upos=2790 uneg=2945 ball=-42.99 vball=-0.21 aball=0.0 bref=0.00 pid=0.0 pref=0.0 ppos=0.0 apid=0.0 integ=0.0 vision=1 current=1 vframe=1230 vs=1 vage=85 vpage=85 vdt=34 vmax=186 vacc=1229 vrej=0 seq=0 elapsed=0 oled=3C
[   1983] STATUS mode=1 fault=none enc=-1 denc=0 sreq=0 sapplied=0 crate=0 uimp=3770 upos=2790 uneg=2945 ball=-42.99 vball=-0.02 aball=0.0 bref=0.00 pid=0.0 pref=0.0 ppos=0.0 apid=0.0 integ=0.0 vision=1 current=1 vframe=1232 vs=1 vage=2 vpage=2 vdt=32 vmax=186 vacc=1231 vrej=0 seq=0 elapsed=0 oled=3C
[   2031] STATUS mode=1 fault=none enc=-1 denc=0 sreq=0 sapplied=0 crate=0 uimp=3770 upos=2790 uneg=2945 ball=-42.98 vball=0.08 aball=0.0 bref=0.00 pid=0.0 pref=0.0 ppos=0.0 apid=0.0 integ=0.0 vision=1 current=1 vframe=1233 vs=1 vage=17 vpage=17 vdt=35 vmax=186 vacc=1232 vrej=0 seq=0 elapsed=0 oled=3C
[   2078] STATUS mode=1 fault=none enc=-1 denc=0 sreq=0 sapplied=0 crate=0 uimp=3770 upos=2790 uneg=2945 ball=-42.98 vball=0.08 aball=0.0 bref=0.00 pid=0.0 pref=0.0 ppos=0.0 apid=0.0 integ=0.0 vision=1 current=1 vframe=1233 vs=1 vage=67 vpage=67 vdt=35 vmax=186 vacc=1232 vrej=0 seq=0 elapsed=0 oled=3C
[   2108] S
[   2108] >>> stream off
[   2141] TATUS mode=1 fault=none enc=-1 denc=0 sreq=0 sapplied=0 crate=0 uimp=3770 upos=2790 uneg=2945 ball=-42.91 vball=1.47 aball=0.0 bref=0.00 pid=0.0 pref=0.0 ppos=0.0 apid=0.0 integ=0.0 vision=1 current=1 vframe=1235 vs=1 vage=1 vpage=1 vdt=20 vmax=186 vacc=1234 vrej=0 seq=0 elapsed=0 oled=3C
[   2141] OK stream off
[   2266] >>> status
[   2281] STATUS mode=1 fault=none enc=-1 denc=0 sreq=0 sapplied=0 crate=0 uimp=3770 upos=2790 uneg=2945 ball=-42.83 vball=1.02 aball=0.0 bref=0.00 pid=0.0 pref=0.0 ppos=0.0 apid=0.0 integ=0.0 vision=1 current=1 vframe=1237 vs=1 vage=20 vpage=20 vdt=101 vmax=186 vacc=1236 vrej=0 seq=0 elapsed=0 oled=3C
