[      0] >>> stream on 50
[      0] OK stream on 50 ms
[     79] STATUS mode=1 fault=none enc=-55 denc=0 sreq=0 sapplied=0 crate=0 uimp=-18660 upos=2315 uneg=2400 ball=-50.74 vball=0.09 aball=0.0 bref=0.00 pid=0.0 pref=0.0 ppos=0.0 apid=0.0 integ=0.0 vision=1 current=1 vframe=6062 vs=1 vage=14 vpage=14 vdt=22 vmax=197 vacc=3501 vrej=0 seq=0 elapsed=0 oled=3C
[    110] STATUS mode=1 f
[    125] ault=none enc=-55 denc=0 sreq=0 sapplied=0 crate=0 uimp=-18660 upos=2315 uneg=2400 ball=-50.74 vball=0.06 aball=0.0 bref=0.00 pid=0.0 pref=0.0 ppos=0.0 apid=0.0 integ=0.0 vision=1 current=1 vframe=6063 vs=1 vage=32 vpage=32 vdt=32 vmax=197 vacc=3502 vrej=0 seq=0 elapsed=0 oled=3C
[    172] STATUS mode=1 fault=none enc=-55 denc=0 sreq=0 sapplied=0 crate=0 uimp=-18660 upos=2315 uneg=2400 ball=-50.74 vball=0.06 aball=0.0 bref=0.00 pid=0.0 pref=0.0 ppos=0.0 apid=0.0 integ=0.0 vision=1 current=1 vframe=6063 vs=1 vage=82 vpage=82 vdt=32 vmax=197 vacc=3502 vrej=0 seq=0 elapsed=0 oled=3C
[    219] STATUS mode=1 fault=none enc=-55 denc=0 sreq=0 sapplied=0 crate=0 uimp=-18660 upos=2315 uneg=2400 ball=-50.67 vball=1.28 aball=0.0 bref=0.00 pid=0.0 pref=0.0 ppos=0.0 apid=0.0 integ=0.0 vision=1 current=1 vframe=6065 vs=1 vage=15 vpage=15 vdt=19 vmax=197 vacc=3504 vrej=0 seq=0 elapsed=0 oled=3C
[    282] STATUS mode=1 fault=none enc=-55 denc=0 sreq=0 sapplied=0 crate=0 uimp=-18660 upos=2315 uneg=2400 ball=-50.66 vball=0.91 aball=0.0 bref=0.00 pid=0.0 pref=0.0 ppos=0.0 apid=0.0 integ=0.0 vision=1 current=1 vframe=6066 vs=1 vage=32 vpage=32 vdt=33 vmax=197 vacc=3505 vrej=0 seq=0 elapsed=0 oled=3C
[    329] STATUS mode=1 fault=none enc=-55 denc=0 sreq=0 sapplied=0 crate=0 uimp=-18660 upos=2315 uneg=2400 ball=-50.66 vball=0.91 aball=0.0 bref=0.00 pid=0.0 pref=0.0 ppos=0.0 apid=0.0 integ=0.0 vision=1 current=1 vframe=6066 vs=1 vage=82 vpage=82 vdt=33 vmax=197 vacc=3505 vrej=0 seq=0 elapsed=0 oled=3C
[    375] STATUS mode=1 fault=none enc=-55 denc=0 sreq=0 sapplied=0 crate=0 uimp=-18660 upos=2315 uneg=2400 ball=-50.65 vball=-0.05 aball=0.0 bref=0.00 pid=0.0 pref=0.0 ppos=0.0 apid=0.0 integ=0.0 vision=1 current=1 vframe=6068 vs=1 vage=15 vpage=15 vdt=22 vmax=197 vacc=3507 vrej=0 seq=0 elapsed=0 oled=3C
[    422] STATUS mode=1 fault=none enc=-55 denc=0 sreq=0 sapplied=0 crate=0 uimp=-18660 upos=2315 uneg=2400 ball=-50.72 vball=-0.91 aball=0.0 bref=0.00 pid=0.0 pref=0.0 ppos=0.0 apid=0.0 integ=0.0 vision=1 current=1 vframe=6069 vs=1 vage=30 vpage=30 vdt=35 vmax=197 vacc=3508 vrej=0 seq=0 elapsed=0 oled=3C
[    469] STATUS mode=1 fault=none enc=-55 denc=0 sreq=0 sapplied=0 crate=0 uimp=-18660 upos=2315 uneg=2400 ball=-50.72 vball=-0.91 aball=0.0 bref=0.00 pid=0.0 pref=0.0 ppos=0.0 apid=0.0 integ=0.0 vision=1 current=1 vframe=6069 vs=1 vage=80 vpage=80 vdt=35 vmax=197 vacc=3508 vrej=0 seq=0 elapsed=0 oled=3C
[    532] STATUS mode=1 fault=none enc=-55 denc=0 sreq=0 sapplied=0 crate=0 uimp=-18660 upos=2315 uneg=2400 ball=-50.74 vball=-0.30 aball=0.0 bref=0.00 pid=0.0 pref=0.0 ppos=0.0 apid=0.0 integ=0.0 vision=1 current=1 vframe=6071 vs=1 vage=12 vpage=12 vdt=24 vmax=197 vacc=3510 vrej=0 seq=0 elapsed=0 oled=3C
[    579] STATUS mode=1 fault=none enc=-55 denc=0 sreq=0 sapplied=0 crate=0 uimp=-18660 upos=2315 uneg=2400 ball=-50.74 vball=-0.21 aball=0.0 bref=0.00 pid=0.0 pref=0.0 ppos=0.0 apid=0.0 integ=0.0 vision=1 current=1 vframe=6072 vs=1 vage=31 vpage=31 vdt=31 vmax=197 vacc=3511 vrej=0 seq=0 elapsed=0 oled=3C
[    625] STATUS mode=1 fault=none enc=-55 denc=0 sreq=0 sapplied=0 crate=0 uimp=-18660 upos=2315 uneg=2400 ball=-50.74 vball=-0.21 aball=0.0 bref=0.00 pid=0.0 pref=0.0 ppos=0.0 apid=0.0 integ=0.0 vision=1 current=1 vframe=6072 vs=1 vage=81 vpage=81 vdt=31 vmax=197 vacc=3511 vrej=0 seq=0 elapsed=0 oled=3C
[    672] STATUS mode=1 fault=none enc=-55 denc=0 sreq=0 sapplied=0 crate=0 uimp=-18660 upos=2315 uneg=2400 ball=-50.74 vball=-0.16 aball=0.0 bref=0.00 pid=0.0 pref=0.0 ppos=0.0 apid=0.0 integ=0.0 vision=1 current=1 vframe=6074 vs=1 vage=14 vpage=14 vdt=22 vmax=197 vacc=3513 vrej=0 seq=0 elapsed=0 oled=3C
[    719] STATUS mode=1 fault=none enc=-55 denc=0 sreq=0 sapplied=0 crate=0 uimp=-18660 upos=2315 uneg=2400 ball=-50.76 vball=-0.34 aball=0.0 bref=0.00 pid=0.0 pref=0.0 ppos=0.0 apid=0.0 integ=0.0 vision=1 current=1 vframe=6075 vs=1 vage=31 vpage=31 vdt=33 vmax=197 vacc=3514 vrej=0 seq=0 elapsed=0 oled=3C
[    782] STATUS mode=1 fault=none enc=-55 denc=0 sreq=0 sapplied=0 crate=0 uimp=-18660 upos=2315 uneg=2400 ball=-50.76 vball=-0.34 aball=0.0 bref=0.00 pid=0.0 pref=0.0 ppos=0.0 apid=0.0 integ=0.0 vision=1 current=1 vframe=6075 vs=1 vage=81 vpage=81 vdt=33 vmax=197 vacc=3514 vrej=0 seq=0 elapsed=0 oled=3C
[    829] STATUS mode=1 fault=none enc=-55 denc=0 sreq=0 sapplied=0 crate=0 uimp=-18660 upos=2315 uneg=2400 ball=-50.67 vball=2.17 aball=0.0 bref=0.00 pid=0.0 pref=0.0 ppos=0.0 apid=0.0 integ=0.0 vision=1 current=1 vframe=6077 vs=1 vage=14 vpage=14 vdt=22 vmax=197 vacc=3516 vrej=0 seq=0 elapsed=0 oled=3C
[    875] STATUS mode=1 fault=none enc=-55 denc=0 sreq=0 sapplied=0 crate=0 uimp=-18660 upos=2315 uneg=2400 ball=-50.66 vball=1.28 aball=0.0 bref=0.00 pid=0.0 pref=0.0 ppos=0.0 apid=0.0 integ=0.0 vision=1 current=1 vframe=6078 vs=1 vage=31 vpage=31 vdt=33 vmax=197 vacc=3517 vrej=0 seq=0 elapsed=0 oled=3C
[    922] STATUS mode=1 fault=none enc=-55 denc=0 sreq=0 sapplied=0 crate=0 uimp=-18660 upos=2315 uneg=2400 ball=-50.66 vball=1.28 aball=0.0 bref=0.00 pid=0.0 pref=0.0 ppos=0.0 apid=0.0 integ=0.0 vision=1 current=1 vframe=6078 vs=1 vage=81 vpage=81 vdt=33 vmax=197 vacc=3517 vrej=0 seq=0 elapsed=0 oled=3C
[    969] STATUS mode=1 fault=none enc=-55 denc=0 sreq=0 sapplied=0 crate=0 uimp=-18660 upos=2315 uneg=2400 ball=-50.68 vball=-0.12 aball=0.0 bref=0.00 pid=0.0 pref=0.0 ppos=0.0 apid=0.0 integ=0.0 vision=1 current=1 vframe=6080 vs=1 vage=14 vpage=14 vdt=22 vmax=197 vacc=3519 vrej=0 seq=0 elapsed=0 oled=3C
[   1032] STATUS mode=1 fault=none enc=-55 denc=0 sreq=0 sapplied=0 crate=0 uimp=-18660 upos=2315 uneg=2400 ball=-50.68 vball=-0.14 aball=0.0 bref=0.00 pid=0.0 pref=0.0 ppos=0.0 apid=0.0 integ=0.0 vision=1 current=1 vframe=6081 vs=1 vage=31 vpage=31 vdt=33 vmax=197 vacc=3520 vrej=0 seq=0 elapsed=0 oled=3C
[   1079] STATUS mode=1 fault=none enc=-55 denc=0 sreq=0 sapplied=0 crate=0 uimp=-18660 upos=2315 uneg=2400 ball=-50.68 vball=-0.14 aball=0.0 bref=0.00 pid=0.0 pref=0.0 ppos=0.0 apid=0.0 integ=0.0 vision=1 current=1 vframe=6081 vs=1 vage=81 vpage=81 vdt=33 vmax=197 vacc=3520 vrej=0 seq=0 elapsed=0 oled=3C
[   1125] STATUS mode=1 fault=none enc=-55 denc=0 sreq=0 sapplied=0 crate=0 uimp=-18660 upos=2315 uneg=2400 ball=-50.70 vball=-0.12 aball=0.0 bref=0.00 pid=0.0 pref=0.0 ppos=0.0 apid=0.0 integ=0.0 vision=1 current=1 vframe=6083 vs=1 vage=14 vpage=14 vdt=21 vmax=197 vacc=3522 vrej=0 seq=0 elapsed=0 oled=3C
[   1172] STATUS mode=1 fault=none enc=-55 denc=0 sreq=0 sapplied=0 crate=0 uimp=-18660 upos=2315 uneg=2400 ball=-50.68 vball=0.29 aball=0.0 bref=0.00 pid=0.0 pref=0.0 ppos=0.0 apid=0.0 integ=0.0 vision=1 current=1 vframe=6090 vs=1 vage=31 vpage=31 vdt=33 vmax=197 vacc=3529 vrej=0 seq=0 elapsed=0 oled=3C
[   1219] STATUS mode=1 fault=none enc=-55 denc=0 sreq=0 sapplied=0 crate=0 uimp=-18660 upos=2315 uneg=2400 ball=-50.68 vball=0.29 aball=0.0 bref=0.00 pid=0.0 pref=0.0 ppos=0.0 apid=0.0 integ=0.0 vision=1 current=1 vframe=6090 vs=1 vage=81 vpage=81 vdt=33 vmax=197 vacc=3529 vrej=0 seq=0 elapsed=0 oled=3C
[   1282] STATUS mode=1 fault=none enc=-55 denc=0 sreq=0 sapplied=0 crate=0 uimp=-18660 upos=2315 uneg=2400 ball=-50.67 vball=-0.03 aball=0.0 bref=0.00 pid=0.0 pref=0.0 ppos=0.0 apid=0.0 integ=0.0 vision=1 current=1 vframe=6092 vs=1 vage=15 vpage=15 vdt=21 vmax=197 vacc=3531 vrej=0 seq=0 elapsed=0 oled=3C
[   1329] STATUS mode=1 fault=none enc=-55 denc=0 sreq=0 sapplied=0 crate=0 uimp=-18660 upos=2315 uneg=2400 ball=-50.67 vball=-0.03 aball=0.0 bref=0.00 pid=0.0 pref=0.0 ppos=0.0 apid=0.0 integ=0.0 vision=1 current=1 vframe=6093 vs=1 vage=32 vpage=32 vdt=33 vmax=197 vacc=3532 vrej=0 seq=0 elapsed=0 oled=3C
[   1375] STATUS mode=1 fault=none enc=-55 denc=0 sreq=0 sapplied=0 crate=0 uimp=-18660 upos=2315 uneg=2400 ball=-50.67 vball=-0.03 aball=0.0 bref=0.00 pid=0.0 pref=0.0 ppos=0.0 apid=0.0 integ=0.0 vision=1 current=1 vframe=6093 vs=1 vage=82 vpage=82 vdt=33 vmax=197 vacc=3532 vrej=0 seq=0 elapsed=0 oled=3C
[   1422] STATUS mode=1 fault=none enc=-55 denc=0 sreq=0 sapplied=0 crate=0 uimp=-18660 upos=2315 uneg=2400 ball=-50.75 vball=-1.95 aball=0.0 bref=0.00 pid=0.0 pref=0.0 ppos=0.0 apid=0.0 integ=0.0 vision=1 current=1 vframe=6095 vs=1 vage=15 vpage=15 vdt=21 vmax=197 vacc=3534 vrej=0 seq=0 elapsed=0 oled=3C
[   1469] STATUS mode=1 fault=none enc=-55 denc=0 sreq=0 sapplied=0 crate=0 uimp=-18660 upos=2315 uneg=2400 ball=-50.76 vball=-1.10 aball=0.0 bref=0.00 pid=0.0 pref=0.0 ppos=0.0 apid=0.0 integ=0.0 vision=1 current=1 vframe=6096 vs=1 vage=32 vpage=32 vdt=33 vmax=197 vacc=3535 vrej=0 seq=0 elapsed=0 oled=3C
[   1532] STATUS mode=1 fault=none enc=-55 denc=0 sreq=0 sapplied=0 crate=0 uimp=-18660 upos=2315 uneg=2400 ball=-50.76 vball=-1.10 aball=0.0 bref=0.00 pid=0.0 pref=0.0 ppos=0.0 apid=0.0 integ=0.0 vision=1 current=1 vframe=6096 vs=1 vage=82 vpage=82 vdt=33 vmax=197 vacc=3535 vrej=0 seq=0 elapsed=0 oled=3C
[   1579] STATUS mode=1 fault=none enc=-55 denc=0 sreq=0 sapplied=0 crate=0 uimp=-18660 upos=2315 uneg=2400 ball=-50.73 vball=0.45 aball=0.0 bref=0.00 pid=0.0 pref=0.0 ppos=0.0 apid=0.0 integ=0.0 vision=1 current=1 vframe=6098 vs=1 vage=15 vpage=15 vdt=21 vmax=197 vacc=3537 vrej=0 seq=0 elapsed=0 oled=3C
[   1625] STATUS mode=1 fault=none enc=-55 denc=0 sreq=0 sapplied=0 crate=0 uimp=-18660 upos=2315 uneg=2400 ball=-50.73 vball=0.28 aball=0.0 bref=0.00 pid=0.0 pref=0.0 ppos=0.0 apid=0.0 integ=0.0 vision=1 current=1 vframe=6099 vs=1 vage=32 vpage=32 vdt=33 vmax=197 vacc=3538 vrej=0 seq=0 elapsed=0 oled=3C
[   1672] STATUS mode=1 fault=none enc=-55 denc=0 sreq=0 sapplied=0 crate=0 uimp=-18660 upos=2315 uneg=2400 ball=-50.73 vball=0.28 aball=0.0 bref=0.00 pid=0.0 pref=0.0 ppos=0.0 apid=0.0 integ=0.0 vision=1 current=1 vframe=6099 vs=1 vage=82 vpage=82 vdt=33 vmax=197 vacc=3538 vrej=0 seq=0 elapsed=0 oled=3C
[   1719] STATUS mode=1 fault=none enc=-55 denc=0 sreq=0 sapplied=0 crate=0 uimp=-18660 upos=2315 uneg=2400 ball=-50.72 vball=0.35 aball=0.0 bref=0.00 pid=0.0 pref=0.0 ppos=0.0 apid=0.0 integ=0.0 vision=1 current=1 vframe=6101 vs=1 vage=15 vpage=15 vdt=22 vmax=197 vacc=3540 vrej=0 seq=0 elapsed=0 oled=3C
[   1782] STATUS mode=1 fault=none enc=-55 denc=0 sreq=0 sapplied=0 crate=0 uimp=-18660 upos=2315 uneg=2400 ball=-50.71 vball=0.19 aball=0.0 bref=0.00 pid=0.0 pref=0.0 ppos=0.0 apid=0.0 integ=0.0 vision=1 current=1 vframe=6102 vs=1 vage=31 vpage=31 vdt=34 vmax=197 vacc=3541 vrej=0 seq=0 elapsed=0 oled=3C
[   1829] STATUS mode=1 fault=none enc=-55 denc=0 sreq=0 sapplied=0 crate=0 uimp=-18660 upos=2315 uneg=2400 ball=-50.71 vball=0.19 aball=0.0 bref=0.00 pid=0.0 pref=0.0 ppos=0.0 apid=0.0 integ=0.0 vision=1 current=1 vframe=6102 vs=1 vage=81 vpage=81 vdt=34 vmax=197 vacc=3541 vrej=0 seq=0 elapsed=0 oled=3C
[   1875] STATUS mode=1 fault=none enc=-55 denc=0 sreq=0 sapplied=0 crate=0 uimp=-18660 upos=2315 uneg=2400 ball=-50.70 vball=0.13 aball=0.0 bref=0.00 pid=0.0 pref=0.0 ppos=0.0 apid=0.0 integ=0.0 vision=1 current=1 vframe=6103 vs=1 vage=18 vpage=18 vdt=113 vmax=197 vacc=3542 vrej=0 seq=0 elapsed=0 oled=3C
[   1922] STATUS mode=1 fault=none enc=-55 denc=0 sreq=0 sapplied=0 crate=0 uimp=-18660 upos=2315 uneg=2400 ball=-50.71 vball=-0.02 aball=0.0 bref=0.00 pid=0.0 pref=0.0 ppos=0.0 apid=0.0 integ=0.0 vision=1 current=1 vframe=6104 vs=1 vage=29 vpage=29 vdt=39 vmax=197 vacc=3543 vrej=0 seq=0 elapsed=0 oled=3C
[   1969] STATUS mode=1 fault=none enc=-55 denc=0 sreq=0 sapplied=0 crate=0 uimp=-18660 upos=2315 uneg=2400 ball=-50.71 vball=-0.02 aball=0.0 bref=0.00 pid=0.0 pref=0.0 ppos=0.0 apid=0.0 integ=0.0 vision=1 current=1 vframe=6104 vs=1 vage=79 vpage=79 vdt=39 vmax=197 vacc=3543 vrej=0 seq=0 elapsed=0 oled=3C
[   2032] STATUS mode=1 fault=none enc=-55 denc=0 sreq=0 sapplied=0 crate=0 uimp=-18660 upos=2315 uneg=2400 ball=-50.72 vball=-0.06 aball=0.0 bref=0.00 pid=0.0 pref=0.0 ppos=0.0 apid=0.0 integ=0.0 vision=1 current=1 vframe=6106 vs=1 vage=16 vpage=16 vdt=7 vmax=197 vacc=3545 vrej=0 seq=0 elapsed=0 oled=3C
[   2079] STATUS mode=1 fault=none enc=-55 denc=0 sreq=0 sapplied=0 crate=0 uimp=-18660 upos=2315 uneg=2400 ball=-50.71 vball=0.01 aball=0.0 bref=0.00 pid=0.0 pref=0.0 ppos=0.0 apid=0.0 integ=0.0 vision=1 current=1 vframe=6107 vs=1 vage=31 vpage=31 vdt=35 vmax=197 vacc=3546 vrej=0 seq=0 elapsed=0 oled=3C
[   2110] STATUS mode=1 fault=
[   2110] >>> stream off
[   2125] none enc=-55 denc=0 sreq=0 sapplied=0 crate=0 uimp=-18660 upos=2315 uneg=2400 ball=-50.71 vball=0.01 aball=0.0 bref=0.00 pid=0.0 pref=0.0 ppos=0.0 apid=0.0 integ=0.0 vision=1 current=1 vframe=6107 vs=1 vage=81 vpage=81 vdt=35 vmax=197 vacc=3546 vrej=0 seq=0 elapsed=0 oled=3C
[   2125] OK stream off
[   2250] >>> status
[   2266] STATUS mode=1 fault=none enc=-55 denc=0 sreq=0 sapplied=0 crate=0 uimp=-18660 upos=2315 uneg=2400 ball=-50.74 vball=-0.39 aball=0.0 bref=0.00 pid=0.0 pref=0.0 ppos=0.0 apid=0.0 integ=0.0 vision=1 current=1 vframe=6111 vs=1 vage=59 vpage=59 vdt=33 vmax=197 vacc=3550 vrej=0 seq=0 elapsed=0 oled=3C
