[      0] >>> bench on
[     15] OK visual-only bench active; use zero before motor tests
[    125] >>> stream on 50
[    125] OK stream on 50 ms
[    186] STATUS mode=1 fault=none p60=0 dp60=0 pwm=0 ball=33.84 vball=0.05 bref=0.00 pid=0.0 integ=0.0 vision=1 current=1 vframe=683 vs=1 vage=14 vpage=14 vdt=36 vmax=146 vacc=683 vrej=0 seq=0 elapsed=0 oled=3C
[    233] S
[    250] TATUS mode=1 fault=none p60=0 dp60=0 pwm=0 ball=33.84 vball=0.05 bref=0.00 pid=0.0 integ=0.0 vision=1 current=1 vframe=683 vs=1 vage=64 vpage=64 vdt=36 vmax=146 vacc=683 vrej=0 seq=0 elapsed=0 oled=3C
[    295] STATUS mode=1 fault=none p60=0 dp60=0 pwm=0 ball=33.85 vball=0.07 bref=0.00 pid=0.0 integ=0.0 vision=1 current=1 vframe=684 vs=1 vage=26 vpage=26 vdt=88 vmax=146 vacc=684 vrej=0 seq=0 elapsed=0 oled=3C
[    342] STATUS mode=1 fault=none p60=0 dp60=0 pwm=0 ball=33.84 vball=-0.03 bref=0.00 pid=0.0 integ=0.0 vision=1 current=1 vframe=686 vs=1 vage=14 vpage=14 vdt=36 vmax=146 vacc=686 vrej=0 seq=0 elapsed=0 oled=3C
[    390] STATUS mode=1 fault=none p60=0 dp60=0 pwm=0 ball=33.84 vball=-0.03 bref=0.00 pid=0.0 integ=0.0 vision=1 current=1 vframe=686 vs=1 vage=64 vpage=64 vdt=36 vmax=146 vacc=686 vrej=0 seq=0 elapsed=0 oled=3C
[    436] STATUS mode=1 fault=none p60=0 dp60=0 pwm=0 ball=33.82 vball=-0.08 bref=0.00 pid=0.0 integ=0.0 vision=1 current=1 vframe=687 vs=1 vage=27 vpage=27 vdt=87 vmax=146 vacc=687 vrej=0 seq=0 elapsed=0 oled=3C
[    500] STATUS mode=1 fault=none p60=0 dp60=0 pwm=0 ball=33.83 vball=0.03 bref=0.00 pid=0.0 integ=0.0 vision=1 current=1 vframe=689 vs=1 vage=16 vpage=16 vdt=34 vmax=146 vacc=689 vrej=0 seq=0 elapsed=0 oled=3C
[    545] STATUS mode=1 fault=none p60=0 dp60=0 pwm=0 ball=33.83 vball=0.03 bref=0.00 pid=0.0 integ=0.0 vision=1 current=1 vframe=689 vs=1 vage=66 vpage=66 vdt=34 vmax=146 vacc=689 vrej=0 seq=0 elapsed=0 oled=3C
[    592] STATUS mode=1 fault=none p60=0 dp60=0 pwm=0 ball=33.79 vball=-0.09 bref=0.00 pid=0.0 integ=0.0 vision=1 current=1 vframe=690 vs=1 vage=28 vpage=28 vdt=88 vmax=146 vacc=690 vrej=0 seq=0 elapsed=0 oled=3C
[    640] STATUS mode=1 fault=none p60=0 dp60=0 pwm=0 ball=33.82 vball=0.16 bref=0.00 pid=0.0 integ=0.0 vision=1 current=1 vframe=692 vs=1 vage=16 vpage=16 vdt=34 vmax=146 vacc=692 vrej=0 seq=0 elapsed=0 oled=3C
[    686] STATUS mode=1 fault=none p60=0 dp60=0 pwm=0 ball=33.82 vball=0.16 bref=0.00 pid=0.0 integ=0.0 vision=1 current=1 vframe=692 vs=1 vage=66 vpage=66 vdt=34 vmax=146 vacc=692 vrej=0 seq=0 elapsed=0 oled=3C
[    750] STATUS mode=1 fault=none p60=0 dp60=0 pwm=0 ball=33.76 vball=-0.05 bref=0.00 pid=0.0 integ=0.0 vision=1 current=1 vframe=693 vs=1 vage=28 vpage=28 vdt=88 vmax=146 vacc=693 vrej=0 seq=0 elapsed=0 oled=3C
[    795] STATUS mode=1 fault=none p60=0 dp60=0 pwm=0 ball=33.82 vball=0.36 bref=0.00 pid=0.0 integ=0.0 vision=1 current=1 vframe=695 vs=1 vage=10 vpage=10 vdt=40 vmax=146 vacc=695 vrej=0 seq=0 elapsed=0 oled=3C
[    842] STATUS mode=1 fault=none p60=0 dp60=0 pwm=0 ball=33.82 vball=0.36 bref=0.00 pid=0.0 integ=0.0 vision=1 current=1 vframe=695 vs=1 vage=60 vpage=60 vdt=40 vmax=146 vacc=695 vrej=0 seq=0 elapsed=0 oled=3C
[    890] STATUS mode=1 fault=none p60=0 dp60=0 pwm=0 ball=33.76 vball=0.10 bref=0.00 pid=0.0 integ=0.0 vision=1 current=1 vframe=696 vs=1 vage=25 vpage=25 vdt=85 vmax=146 vacc=696 vrej=0 seq=0 elapsed=0 oled=3C
[    936] STATUS mode=1 fault=none p60=0 dp60=0 pwm=0 ball=33.80 vball=0.32 bref=0.00 pid=0.0 integ=0.0 vision=1 current=1 vframe=698 vs=1 vage=15 vpage=15 vdt=33 vmax=146 vacc=698 vrej=0 seq=0 elapsed=0 oled=3C
[   1000] STATUS mode=1 fault=none p60=0 dp60=0 pwm=0 ball=33.80 vball=0.32 bref=0.00 pid=0.0 integ=0.0 vision=1 current=1 vframe=698 vs=1 vage=65 vpage=65 vdt=33 vmax=146 vacc=698 vrej=0 seq=0 elapsed=0 oled=3C
[   1045] STATUS mode=1 fault=none p60=0 dp60=0 pwm=0 ball=33.74 vball=0.07 bref=0.00 pid=0.0 integ=0.0 vision=1 current=1 vframe=699 vs=1 vage=24 vpage=24 vdt=91 vmax=146 vacc=699 vrej=0 seq=0 elapsed=0 oled=3C
[   1092] STATUS mode=1 fault=none p60=0 dp60=0 pwm=0 ball=33.80 vball=0.48 bref=0.00 pid=0.0 integ=0.0 vision=1 current=1 vframe=701 vs=1 vage=15 vpage=15 vdt=33 vmax=146 vacc=701 vrej=0 seq=0 elapsed=0 oled=3C
[   1140] STATUS mode=1 fault=none p60=0 dp60=0 pwm=0 ball=33.80 vball=0.48 bref=0.00 pid=0.0 integ=0.0 vision=1 current=1 vframe=701 vs=1 vage=65 vpage=65 vdt=33 vmax=146 vacc=701 vrej=0 seq=0 elapsed=0 oled=3C
[   1186] STATUS mode=1 fault=none p60=0 dp60=0 pwm=0 ball=33.84 vball=0.47 bref=0.00 pid=0.0 integ=0.0 vision=1 current=1 vframe=702 vs=1 vage=23 vpage=23 vdt=92 vmax=146 vacc=702 vrej=0 seq=0 elapsed=0 oled=3C
[   1250] STATUS mode=1 fault=none p60=0 dp60=0 pwm=0 ball=33.48 vball=0.00 bref=0.00 pid=0.0 integ=0.0 vision=1 current=1 vframe=714 vs=1 vage=16 vpage=16 vdt=32 vmax=146 vacc=714 vrej=0 seq=0 elapsed=0 oled=3C
[   1295] STATUS mode=1 fault=none p60=0 dp60=0 pwm=0 ball=33.48 vball=0.00 bref=0.00 pid=0.0 integ=0.0 vision=1 current=1 vframe=714 vs=1 vage=66 vpage=66 vdt=32 vmax=146 vacc=714 vrej=0 seq=0 elapsed=0 oled=3C
[   1342] STATUS mode=1 fault=none p60=0 dp60=0 pwm=0 ball=33.42 vball=-0.17 bref=0.00 pid=0.0 integ=0.0 vision=1 current=1 vframe=715 vs=1 vage=26 vpage=26 vdt=90 vmax=146 vacc=715 vrej=0 seq=0 elapsed=0 oled=3C
[   1390] STATUS mode=1 fault=none p60=0 dp60=0 pwm=0 ball=33.50 vball=0.48 bref=0.00 pid=0.0 integ=0.0 vision=1 current=1 vframe=717 vs=1 vage=16 vpage=16 vdt=34 vmax=146 vacc=717 vrej=0 seq=0 elapsed=0 oled=3C
[   1436] STATUS mode=1 fault=none p60=0 dp60=0 pwm=0 ball=33.50 vball=0.48 bref=0.00 pid=0.0 integ=0.0 vision=1 current=1 vframe=717 vs=1 vage=66 vpage=66 vdt=34 vmax=146 vacc=717 vrej=0 seq=0 elapsed=0 oled=3C
[   1500] STATUS mode=1 fault=none p60=0 dp60=0 pwm=0 ball=33.49 vball=0.34 bref=0.00 pid=0.0 integ=0.0 vision=1 current=1 vframe=718 vs=1 vage=16 vpage=16 vdt=100 vmax=146 vacc=718 vrej=0 seq=0 elapsed=0 oled=3C
[   1545] STATUS mode=1 fault=none p60=0 dp60=0 pwm=0 ball=33.60 vball=1.86 bref=0.00 pid=0.0 integ=0.0 vision=1 current=1 vframe=720 vs=1 vage=14 vpage=14 vdt=34 vmax=146 vacc=720 vrej=0 seq=0 elapsed=0 oled=3C
[   1592] STATUS mode=1 fault=none p60=0 dp60=0 pwm=0 ball=33.60 vball=1.86 bref=0.00 pid=0.0 integ=0.0 vision=1 current=1 vframe=720 vs=1 vage=64 vpage=64 vdt=34 vmax=146 vacc=720 vrej=0 seq=0 elapsed=0 oled=3C
[   1640] STATUS mode=1 fault=none p60=0 dp60=0 pwm=0 ball=33.81 vball=1.96 bref=0.00 pid=0.0 integ=0.0 vision=1 current=1 vframe=721 vs=1 vage=21 vpage=21 vdt=93 vmax=146 vacc=721 vrej=0 seq=0 elapsed=0 oled=3C
[   1686] STATUS mode=1 fault=none p60=0 dp60=0 pwm=0 ball=33.82 vball=1.18 bref=0.00 pid=0.0 integ=0.0 vision=1 current=1 vframe=723 vs=1 vage=17 vpage=17 vdt=31 vmax=146 vacc=723 vrej=0 seq=0 elapsed=0 oled=3C
[   1750] STATUS mode=1 fault=none p60=0 dp60=0 pwm=0 ball=33.82 vball=1.18 bref=0.00 pid=0.0 integ=0.0 vision=1 current=1 vframe=723 vs=1 vage=67 vpage=67 vdt=31 vmax=146 vacc=723 vrej=0 seq=0 elapsed=0 oled=3C
[   1795] STATUS mode=1 fault=none p60=0 dp60=0 pwm=0 ball=33.88 vball=1.04 bref=0.00 pid=0.0 integ=0.0 vision=1 current=1 vframe=724 vs=1 vage=20 vpage=20 vdt=97 vmax=146 vacc=724 vrej=0 seq=0 elapsed=0 oled=3C
[   1842] STATUS mode=1 fault=none p60=0 dp60=0 pwm=0 ball=33.87 vball=0.51 bref=0.00 pid=0.0 integ=0.0 vision=1 current=1 vframe=726 vs=1 vage=16 vpage=16 vdt=32 vmax=146 vacc=726 vrej=0 seq=0 elapsed=0 oled=3C
[   1890] STATUS mode=1 fault=none p60=0 dp60=0 pwm=0 ball=33.87 vball=0.51 bref=0.00 pid=0.0 integ=0.0 vision=1 current=1 vframe=726 vs=1 vage=66 vpage=66 vdt=32 vmax=146 vacc=726 vrej=0 seq=0 elapsed=0 oled=3C
[   1936] STATUS mode=1 fault=none p60=0 dp60=0 pwm=0 ball=33.87 vball=0.39 bref=0.00 pid=0.0 integ=0.0 vision=1 current=1 vframe=727 vs=1 vage=21 vpage=21 vdt=95 vmax=146 vacc=727 vrej=0 seq=0 elapsed=0 oled=3C
[   2000] STATUS mode=1 fault=none p60=0 dp60=0 pwm=0 ball=33.89 vball=0.40 bref=0.00 pid=0.0 integ=0.0 vision=1 current=1 vframe=729 vs=1 vage=16 vpage=16 vdt=34 vmax=146 vacc=729 vrej=0 seq=0 elapsed=0 oled=3C
[   2045] STATUS mode=1 fault=none p60=0 dp60=0 pwm=0 ball=33.89 vball=0.40 bref=0.00 pid=0.0 integ=0.0 vision=1 current=1 vframe=729 vs=1 vage=66 vpage=66 vdt=34 vmax=146 vacc=729 vrej=0 seq=0 elapsed=0 oled=3C
[   2092] STATUS mode=1 fault=none p60=0 dp60=0 pwm=0 ball=33.90 vball=0.32 bref=0.00 pid=0.0 integ=0.0 vision=1 current=1 vframe=730 vs=1 vage=22 vpage=22 vdt=94 vmax=146 vacc=730 vrej=0 seq=0 elapsed=0 oled=3C
[   2140] STATUS mode=1 fault=none p60=0 dp60=0 pwm=0 ball=33.89 vball=0.10 bref=0.00 pid=0.0 integ=0.0 vision=1 current=1 vframe=732 vs=1 vage=16 vpage=16 vdt=33 vmax=146 vacc=732 vrej=0 seq=0 elapsed=0 oled=3C
[   2186] STATUS mode=1 fault=none p60=0 dp60=0 pwm=0 ball=33.89 vball=0.10 bref=0.00 pid=0.0 integ=0.0 vision=1 current=1 vframe=732 vs=1 vage=66 vpage=66 vdt=33 vmax=146 vacc=732 vrej=0 seq=0 elapsed=0 oled=3C
[   2250] STATUS mode=1 fault=none p60=0 dp60=0 pwm=0 ball=33.89 vball=0.08 bref=0.00 pid=0.0 integ=0.0 vision=1 current=1 vframe=733 vs=1 vage=22 vpage=22 vdt=94 vmax=146 vacc=733 vrej=0 seq=0 elapsed=0 oled=3C
[   2295] STATUS mode=1 fault=none p60=0 dp60=0 pwm=0 ball=33.91 vball=0.19 bref=0.00 pid=0.0 integ=0.0 vision=1 current=1 vframe=735 vs=1 vage=16 vpage=16 vdt=34 vmax=146 vacc=735 vrej=0 seq=0 elapsed=0 oled=3C
[   2342] STATUS mode=1 fault=none p60=0 dp60=0 pwm=0 ball=33.91 vball=0.19 bref=0.00 pid=0.0 integ=0.0 vision=1 current=1 vframe=735 vs=1 vage=66 vpage=66 vdt=34 vmax=146 vacc=735 vrej=0 seq=0 elapsed=0 oled=3C
[   2390] STATUS mode=1 fault=none p60=0 dp60=0 pwm=0 ball=33.92 vball=0.17 bref=0.00 pid=0.0 integ=0.0 vision=1 current=1 vframe=736 vs=1 vage=23 vpage=23 vdt=93 vmax=146 vacc=736 vrej=0 seq=0 elapsed=0 oled=3C
[   2436] STATUS mode=1 fault=none p60=0 dp60=0 pwm=0 ball=33.61 vball=-2.41 bref=0.00 pid=0.0 integ=0.0 vision=1 current=1 vframe=738 vs=1 vage=16 vpage=16 vdt=34 vmax=146 vacc=738 vrej=0 seq=0 elapsed=0 oled=3C
[   2500] STATUS mode=1 fault=none p60=0 dp60=0 pwm=0 ball=33.61 vball=-2.41 bref=0.00 pid=0.0 integ=0.0 vision=1 current=1 vframe=738 vs=1 vage=66 vpage=66 vdt=34 vmax=146 vacc=738 vrej=0 seq=0 elapsed=0 oled=3C
[   2545] STATUS mode=1 fault=none p60=0 dp60=0 pwm=0 ball=33.80 vball=-1.30 bref=0.00 pid=0.0 integ=0.0 vision=1 current=1 vframe=739 vs=1 vage=22 vpage=22 vdt=94 vmax=146 vacc=739 vrej=0 seq=0 elapsed=0 oled=3C
[   2592] STATUS mode=1 fault=none p60=0 dp60=0 pwm=0 ball=33.84 vball=-0.41 bref=0.00 pid=0.0 integ=0.0 vision=1 current=1 vframe=741 vs=1 vage=15 vpage=15 vdt=33 vmax=146 vacc=741 vrej=0 seq=0 elapsed=0 oled=3C
[   2640] STATUS mode=1 fault=none p60=0 dp60=0 pwm=0 ball=33.84 vball=-0.41 bref=0.00 pid=0.0 integ=0.0 vision=1 current=1 vframe=741 vs=1 vage=65 vpage=65 vdt=33 vmax=146 vacc=741 vrej=0 seq=0 elapsed=0 oled=3C
[   2686] STATUS mode=1 fault=none p60=0 dp60=0 pwm=0 ball=33.81 vball=-0.39 bref=0.00 pid=0.0 integ=0.0 vision=1 current=1 vframe=742 vs=1 vage=22 vpage=22 vdt=93 vmax=146 vacc=742 vrej=0 seq=0 elapsed=0 oled=3C
[   2750] STATUS mode=1 fault=none p60=0 dp60=0 pwm=0 ball=33.57 vball=-2.01 bref=0.00 pid=0.0 integ=0.0 vision=1 current=1 vframe=744 vs=1 vage=16 vpage=16 vdt=34 vmax=146 vacc=744 vrej=0 seq=0 elapsed=0 oled=3C
[   2795] STATUS mode=1 fault=none p60=0 dp60=0 pwm=0 ball=33.57 vball=-2.01 bref=0.00 pid=0.0 integ=0.0 vision=1 current=1 vframe=744 vs=1 vage=66 vpage=66 vdt=34 vmax=146 vacc=744 vrej=0 seq=0 elapsed=0 oled=3C
[   2842] STATUS mode=1 fault=none p60=0 dp60=0 pwm=0 ball=33.54 vball=-1.58 bref=0.00 pid=0.0 integ=0.0 vision=1 current=1 vframe=745 vs=1 vage=22 vpage=22 vdt=94 vmax=146 vacc=745 vrej=0 seq=0 elapsed=0 oled=3C
[   2890] STATUS mode=1 fault=none p60=0 dp60=0 pwm=0 ball=33.71 vball=1.25 bref=0.00 pid=0.0 integ=0.0 vision=1 current=1 vframe=757 vs=1 vage=16 vpage=16 vdt=34 vmax=146 vacc=757 vrej=0 seq=0 elapsed=0 oled=3C
[   2936] STATUS mode=1 fault=none p60=0 dp60=0 pwm=0 ball=33.71 vball=1.25 bref=0.00 pid=0.0 integ=0.0 vision=1 current=1 vframe=757 vs=1 vage=66 vpage=66 vdt=34 vmax=146 vacc=757 vrej=0 seq=0 elapsed=0 oled=3C
[   3000] STATUS mode=1 fault=none p60=0 dp60=0 pwm=0 ball=33.78 vball=1.12 bref=0.00 pid=0.0 integ=0.0 vision=1 current=1 vframe=758 vs=1 vage=22 vpage=22 vdt=94 vmax=146 vacc=758 vrej=0 seq=0 elapsed=0 oled=3C
[   3045] STATUS mode=1 fault=none p60=0 dp60=0 pwm=0 ball=33.79 vball=0.72 bref=0.00 pid=0.0 integ=0.0 vision=1 current=1 vframe=760 vs=1 vage=16 vpage=16 vdt=34 vmax=146 vacc=760 vrej=0 seq=0 elapsed=0 oled=3C
[   3092] STATUS mode=1 fault=none p60=0 dp60=0 pwm=0 ball=33.79 vball=0.72 bref=0.00 pid=0.0 integ=0.0 vision=1 current=1 vframe=760 vs=1 vage=66 vpage=66 vdt=34 vmax=146 vacc=760 vrej=0 seq=0 elapsed=0 oled=3C
[   3140] STATUS mode=1 fault=none p60=0 dp60=0 pwm=0 ball=33.79 vball=0.54 bref=0.00 pid=0.0 integ=0.0 vision=1 current=1 vframe=761 vs=1 vage=22 vpage=22 vdt=94 vmax=146 vacc=761 vrej=0 seq=0 elapsed=0 oled=3C
[   3186] STATUS mode=1 fault=none p60=0 dp60=0 pwm=0 ball=33.73 vball=-0.18 bref=0.00 pid=0.0 integ=0.0 vision=1 current=1 vframe=763 vs=1 vage=15 vpage=15 vdt=34 vmax=146 vacc=763 vrej=0 seq=0 elapsed=0 oled=3C
[   3250] STATUS mode=1 fault=none p60=0 dp60=0 pwm=0 ball=33.73 vball=-0.18 bref=0.00 pid=0.0 integ=0.0 vision=1 current=1 vframe=763 vs=1 vage=65 vpage=65 vdt=34 vmax=146 vacc=763 vrej=0 seq=0 elapsed=0 oled=3C
[   3295] STATUS mode=1 fault=none p60=0 dp60=0 pwm=0 ball=33.73 vball=-0.13 bref=0.00 pid=0.0 integ=0.0 vision=1 current=1 vframe=764 vs=1 vage=22 vpage=22 vdt=93 vmax=146 vacc=764 vrej=0 seq=0 elapsed=0 oled=3C
[   3342] STATUS mode=1 fault=none p60=0 dp60=0 pwm=0 ball=33.73 vball=-0.08 bref=0.00 pid=0.0 integ=0.0 vision=1 current=1 vframe=766 vs=1 vage=16 vpage=16 vdt=34 vmax=146 vacc=766 vrej=0 seq=0 elapsed=0 oled=3C
[   3390] STATUS mode=1 fault=none p60=0 dp60=0 pwm=0 ball=33.73 vball=-0.08 bref=0.00 pid=0.0 integ=0.0 vision=1 current=1 vframe=766 vs=1 vage=66 vpage=66 vdt=34 vmax=146 vacc=766 vrej=0 seq=0 elapsed=0 oled=3C
[   3436] STATUS mode=1 fault=none p60=0 dp60=0 pwm=0 ball=33.78 vball=0.08 bref=0.00 pid=0.0 integ=0.0 vision=1 current=1 vframe=767 vs=1 vage=25 vpage=25 vdt=91 vmax=146 vacc=767 vrej=0 seq=0 elapsed=0 oled=3C
[   3500] STATUS mode=1 fault=none p60=0 dp60=0 pwm=0 ball=33.80 vball=0.20 bref=0.00 pid=0.0 integ=0.0 vision=1 current=1 vframe=769 vs=1 vage=16 vpage=16 vdt=34 vmax=146 vacc=769 vrej=0 seq=0 elapsed=0 oled=3C
[   3545] STATUS mode=1 fault=none p60=0 dp60=0 pwm=0 ball=33.80 vball=0.20 bref=0.00 pid=0.0 integ=0.0 vision=1 current=1 vframe=769 vs=1 vage=66 vpage=66 vdt=34 vmax=146 vacc=769 vrej=0 seq=0 elapsed=0 oled=3C
[   3592] STATUS mode=1 fault=none p60=0 dp60=0 pwm=0 ball=33.85 vball=0.28 bref=0.00 pid=0.0 integ=0.0 vision=1 current=1 vframe=770 vs=1 vage=23 vpage=23 vdt=93 vmax=146 vacc=770 vrej=0 seq=0 elapsed=0 oled=3C
[   3640] STATUS mode=1 fault=none p60=0 dp60=0 pwm=0 ball=33.88 vball=0.40 bref=0.00 pid=0.0 integ=0.0 vision=1 current=1 vframe=772 vs=1 vage=17 vpage=17 vdt=33 vmax=146 vacc=772 vrej=0 seq=0 elapsed=0 oled=3C
[   3686] STATUS mode=1 fault=none p60=0 dp60=0 pwm=0 ball=33.88 vball=0.40 bref=0.00 pid=0.0 integ=0.0 vision=1 current=1 vframe=772 vs=1 vage=67 vpage=67 vdt=33 vmax=146 vacc=772 vrej=0 seq=0 elapsed=0 oled=3C
[   3750] STATUS mode=1 fault=none p60=0 dp60=0 pwm=0 ball=33.86 vball=0.25 bref=0.00 pid=0.0 integ=0.0 vision=1 current=1 vframe=773 vs=1 vage=23 vpage=23 vdt=94 vmax=146 vacc=773 vrej=0 seq=0 elapsed=0 oled=3C
[   3795] STATUS mode=1 fault=none p60=0 dp60=0 pwm=0 ball=33.80 vball=-0.33 bref=0.00 pid=0.0 integ=0.0 vision=1 current=1 vframe=775 vs=1 vage=17 vpage=17 vdt=32 vmax=146 vacc=775 vrej=0 seq=0 elapsed=0 oled=3C
[   3842] STATUS mode=1 fault=none p60=0 dp60=0 pwm=0 ball=33.80 vball=-0.33 bref=0.00 pid=0.0 integ=0.0 vision=1 current=1 vframe=775 vs=1 vage=67 vpage=67 vdt=32 vmax=146 vacc=775 vrej=0 seq=0 elapsed=0 oled=3C
[   3890] STATUS mode=1 fault=none p60=0 dp60=0 pwm=0 ball=33.78 vball=-0.29 bref=0.00 pid=0.0 integ=0.0 vision=1 current=1 vframe=776 vs=1 vage=12 vpage=12 vdt=105 vmax=146 vacc=776 vrej=0 seq=0 elapsed=0 oled=3C
[   3952] STATUS mode=1 fault=none p60=0 dp60=0 pwm=0 ball=33.78 vball=-0.22 bref=0.00 pid=0.0 integ=0.0 vision=1 current=1 vframe=777 vs=1 vage=31 vpage=31 vdt=31 vmax=146 vacc=777 vrej=0 seq=0 elapsed=0 oled=3C
[   4000] STATUS mode=1 fault=none p60=0 dp60=0 pwm=0 ball=33.78 vball=-0.17 bref=0.00 pid=0.0 integ=0.0 vision=1 current=1 vframe=778 vs=1 vage=50 vpage=50 vdt=31 vmax=146 vacc=778 vrej=0 seq=0 elapsed=0 oled=3C
[   4045] STATUS mode=1 fault=none p60=0 dp60=0 pwm=0 ball=33.78 vball=-0.17 bref=0.00 pid=0.0 integ=0.0 vision=1 current=1 vframe=778 vs=1 vage=100 vpage=100 vdt=31 vmax=146 vacc=778 vrej=0 seq=0 elapsed=0 oled=3C
[   4092] STATUS mode=1 fault=none p60=0 dp60=0 pwm=0 ball=33.81 vball=0.14 bref=0.00 pid=0.0 integ=0.0 vision=1 current=1 vframe=780 vs=1 vage=17 vpage=17 vdt=32 vmax=146 vacc=780 vrej=0 seq=0 elapsed=0 oled=3C
[   4140] STATUS mode=1 fault=none p60=0 dp60=0 pwm=0 ball=33.81 vball=0.11 bref=0.00 pid=0.0 integ=0.0 vision=1 current=1 vframe=781 vs=1 vage=34 vpage=34 vdt=33 vmax=146 vacc=781 vrej=0 seq=0 elapsed=0 oled=3C
[   4186] STATUS mode=1 fault=none p60=0 dp60=0 pwm=0 ball=33.81 vball=0.11 bref=0.00 pid=0.0 integ=0.0 vision=1 current=1 vframe=781 vs=1 vage=84 vpage=84 vdt=33 vmax=146 vacc=781 vrej=0 seq=0 elapsed=0 oled=3C
[   4250] STATUS mode=1 fault=none p60=0 dp60=0 pwm=0 ball=33.77 vball=-0.11 bref=0.00 pid=0.0 integ=0.0 vision=1 current=1 vframe=783 vs=1 vage=17 vpage=17 vdt=22 vmax=146 vacc=783 vrej=0 seq=0 elapsed=0 oled=3C
[   4295] STATUS mode=1 fault=none p60=0 dp60=0 pwm=0 ball=33.77 vball=-0.08 bref=0.00 pid=0.0 integ=0.0 vision=1 current=1 vframe=784 vs=1 vage=34 vpage=34 vdt=33 vmax=146 vacc=784 vrej=0 seq=0 elapsed=0 oled=3C
[   4342] STATUS mode=1 fault=none p60=0 dp60=0 pwm=0 ball=33.77 vball=-0.08 bref=0.00 pid=0.0 integ=0.0 vision=1 current=1 vframe=784 vs=1 vage=84 vpage=84 vdt=33 vmax=146 vacc=784 vrej=0 seq=0 elapsed=0 oled=3C
[   4390] STATUS mode=1 fault=none p60=0 dp60=0 pwm=0 ball=33.77 vball=-0.15 bref=0.00 pid=0.0 integ=0.0 vision=1 current=1 vframe=786 vs=1 vage=17 vpage=17 vdt=21 vmax=146 vacc=786 vrej=0 seq=0 elapsed=0 oled=3C
[   4436] STATUS mode=1 fault=none p60=0 dp60=0 pwm=0 ball=33.78 vball=-0.03 bref=0.00 pid=0.0 integ=0.0 vision=1 current=1 vframe=787 vs=1 vage=34 vpage=34 vdt=33 vmax=146 vacc=787 vrej=0 seq=0 elapsed=0 oled=3C
[   4500] STATUS mode=1 fault=none p60=0 dp60=0 pwm=0 ball=33.78 vball=-0.03 bref=0.00 pid=0.0 integ=0.0 vision=1 current=1 vframe=787 vs=1 vage=84 vpage=84 vdt=33 vmax=146 vacc=787 vrej=0 seq=0 elapsed=0 oled=3C
[   4545] STATUS mode=1 fault=none p60=0 dp60=0 pwm=0 ball=33.82 vball=0.12 bref=0.00 pid=0.0 integ=0.0 vision=1 current=1 vframe=799 vs=1 vage=16 vpage=16 vdt=21 vmax=146 vacc=799 vrej=0 seq=0 elapsed=0 oled=3C
[   4592] STATUS mode=1 fault=none p60=0 dp60=0 pwm=0 ball=33.82 vball=0.09 bref=0.00 pid=0.0 integ=0.0 vision=1 current=1 vframe=800 vs=1 vage=34 vpage=34 vdt=32 vmax=146 vacc=800 vrej=0 seq=0 elapsed=0 oled=3C
[   4640] STATUS mode=1 fault=none p60=0 dp60=0 pwm=0 ball=33.82 vball=0.09 bref=0.00 pid=0.0 integ=0.0 vision=1 current=1 vframe=800 vs=1 vage=84 vpage=84 vdt=32 vmax=146 vacc=800 vrej=0 seq=0 elapsed=0 oled=3C
[   4686] STATUS mode=1 fault=none p60=0 dp60=0 pwm=0 ball=33.82 vball=0.05 bref=0.00 pid=0.0 integ=0.0 vision=1 current=1 vframe=802 vs=1 vage=17 vpage=17 vdt=26 vmax=146 vacc=802 vrej=0 seq=0 elapsed=0 oled=3C
[   4750] STATUS mode=1 fault=none p60=0 dp60=0 pwm=0 ball=33.82 vball=0.04 bref=0.00 pid=0.0 integ=0.0 vision=1 current=1 vframe=803 vs=1 vage=34 vpage=34 vdt=33 vmax=146 vacc=803 vrej=0 seq=0 elapsed=0 oled=3C
[   4795] STATUS mode=1 fault=none p60=0 dp60=0 pwm=0 ball=33.82 vball=0.04 bref=0.00 pid=0.0 integ=0.0 vision=1 current=1 vframe=803 vs=1 vage=84 vpage=84 vdt=33 vmax=146 vacc=803 vrej=0 seq=0 elapsed=0 oled=3C
[   4842] STATUS mode=1 fault=none p60=0 dp60=0 pwm=0 ball=33.82 vball=0.02 bref=0.00 pid=0.0 integ=0.0 vision=1 current=1 vframe=805 vs=1 vage=15 vpage=15 vdt=27 vmax=146 vacc=805 vrej=0 seq=0 elapsed=0 oled=3C
[   4890] STATUS mode=1 fault=none p60=0 dp60=0 pwm=0 ball=33.82 vball=0.02 bref=0.00 pid=0.0 integ=0.0 vision=1 current=1 vframe=806 vs=1 vage=34 vpage=34 vdt=31 vmax=146 vacc=806 vrej=0 seq=0 elapsed=0 oled=3C
[   4952] STATUS mode=1 fault=none p60=0 dp60=0 pwm=0 ball=33.82 vball=0.02 bref=0.00 pid=0.0 integ=0.0 vision=1 current=1 vframe=806 vs=1 vage=84 vpage=84 vdt=31 vmax=146 vacc=806 vrej=0 seq=0 elapsed=0 oled=3C
[   5000] STATUS mode=1 fault=none p60=0 dp60=0 pwm=0 ball=33.82 vball=0.01 bref=0.00 pid=0.0 integ=0.0 vision=1 current=1 vframe=808 vs=1 vage=18 vpage=18 vdt=25 vmax=146 vacc=808 vrej=0 seq=0 elapsed=0 oled=3C
[   5045] STATUS mode=1 fault=none p60=0 dp60=0 pwm=0 ball=33.82 vball=0.01 bref=0.00 pid=0.0 integ=0.0 vision=1 current=1 vframe=809 vs=1 vage=34 vpage=34 vdt=34 vmax=146 vacc=809 vrej=0 seq=0 elapsed=0 oled=3C
[   5092] STATUS mode=1 fault=none p60=0 dp60=0 pwm=0 ball=33.82 vball=0.01 bref=0.00 pid=0.0 integ=0.0 vision=1 current=1 vframe=809 vs=1 vage=84 vpage=84 vdt=34 vmax=146 vacc=809 vrej=0 seq=0 elapsed=0 oled=3C
[   5140] STATUS mode=1 fault=none p60=0 dp60=0 pwm=0 ball=33.82 vball=0.00 bref=0.00 pid=0.0 integ=0.0 vision=1 current=1 vframe=811 vs=1 vage=17 vpage=17 vdt=25 vmax=146 vacc=811 vrej=0 seq=0 elapsed=0 oled=3C
[   5202] STATUS mode=1 fault=none p60=0 dp60=0 pwm=0 ball=33.82 vball=0.00 bref=0.00 pid=0.0 integ=0.0 vision=1 current=1 vframe=812 vs=1 vage=34 vpage=34 vdt=33 vmax=146 vacc=812 vrej=0 seq=0 elapsed=0 oled=3C
[   5233] S
[   5233] >>> stream off
[   5250] TATUS mode=1 fault=none p60=0 dp60=0 pwm=0 ball=33.82 vball=0.00 bref=0.00 pid=0.0 integ=0.0 vision=1 current=1 vframe=812 vs=1 vage=84 vpage=84 vdt=33 vmax=146 vacc=812 vrej=0 seq=0 elapsed=0 oled=3C
[   5250] OK stream off
[   5375] >>> status
[   5390] STATUS mode=1 fault=none p60=0 dp60=0 pwm=0 ball=33.76 vball=-0.49 bref=0.00 pid=0.0 integ=0.0 vision=1 current=1 vframe=815 vs=1 vage=77 vpage=77 vdt=34 vmax=146 vacc=815 vrej=0 seq=0 elapsed=0 oled=3C
