[      0] >>> stream on 50
[      0] OK stream on 50 ms
[     77] STATUS mode=1 fault=none enc=312 denc=0 sreq=0 sapplied=0 crate=0 uimp=250540 upos=2075 uneg=1265 ball=-95.53 vball=-0.23 aball=0.0 bref=0.00 pid=0.0 pref=0.0 ppos=0.0 apid=0.0 integ=0.0 vision=1 current=1 vframe=1503 vs=1 vage=63 vpage=63 vdt=33 vmax=170 vacc=1503 vrej=0 seq=0 elapsed=0 oled=3C
[    108] STATUS mode=1 fault=none enc=312 denc=0 sreq=0 sapplied=0 
[    125] crate=0 uimp=250540 upos=2075 uneg=1265 ball=-95.53 vball=-0.13 aball=0.0 bref=0.00 pid=0.0 pref=0.0 ppos=0.0 apid=0.0 integ=0.0 vision=1 current=1 vframe=1504 vs=1 vage=21 vpage=21 vdt=92 vmax=170 vacc=1504 vrej=0 seq=0 elapsed=0 oled=3C
[    170] STATUS mode=1 fault=none enc=312 denc=0 sreq=0 sapplied=0 crate=0 uimp=250540 upos=2075 uneg=1265 ball=-95.53 vball=0.02 aball=0.0 bref=0.00 pid=0.0 pref=0.0 ppos=0.0 apid=0.0 integ=0.0 vision=1 current=1 vframe=1506 vs=1 vage=13 vpage=13 vdt=33 vmax=170 vacc=1506 vrej=0 seq=0 elapsed=0 oled=3C
[    217] STATUS mode=1 fault=none enc=312 denc=0 sreq=0 sapplied=0 crate=0 uimp=250540 upos=2075 uneg=1265 ball=-95.53 vball=0.02 aball=0.0 bref=0.00 pid=0.0 pref=0.0 ppos=0.0 apid=0.0 integ=0.0 vision=1 current=1 vframe=1506 vs=1 vage=63 vpage=63 vdt=33 vmax=170 vacc=1506 vrej=0 seq=0 elapsed=0 oled=3C
[    265] STATUS mode=1 fault=none enc=312 denc=0 sreq=0 sapplied=0 crate=0 uimp=250540 upos=2075 uneg=1265 ball=-95.53 vball=0.01 aball=0.0 bref=0.00 pid=0.0 pref=0.0 ppos=0.0 apid=0.0 integ=0.0 vision=1 current=1 vframe=1507 vs=1 vage=21 vpage=21 vdt=92 vmax=170 vacc=1507 vrej=0 seq=0 elapsed=0 oled=3C
[    327] STATUS mode=1 fault=none enc=312 denc=0 sreq=0 sapplied=0 crate=0 uimp=250540 upos=2075 uneg=1265 ball=-95.51 vball=0.27 aball=0.0 bref=0.00 pid=0.0 pref=0.0 ppos=0.0 apid=0.0 integ=0.0 vision=1 current=1 vframe=1509 vs=1 vage=13 vpage=13 vdt=34 vmax=170 vacc=1509 vrej=0 seq=0 elapsed=0 oled=3C
[    375] STATUS mode=1 fault=none enc=312 denc=0 sreq=0 sapplied=0 crate=0 uimp=250540 upos=2075 uneg=1265 ball=-95.51 vball=0.27 aball=0.0 bref=0.00 pid=0.0 pref=0.0 ppos=0.0 apid=0.0 integ=0.0 vision=1 current=1 vframe=1509 vs=1 vage=63 vpage=63 vdt=34 vmax=170 vacc=1509 vrej=0 seq=0 elapsed=0 oled=3C
[    420] STATUS mode=1 fault=none enc=312 denc=0 sreq=0 sapplied=0 crate=0 uimp=250540 upos=2075 uneg=1265 ball=-95.50 vball=0.15 aball=0.0 bref=0.00 pid=0.0 pref=0.0 ppos=0.0 apid=0.0 integ=0.0 vision=1 current=1 vframe=1510 vs=1 vage=19 vpage=19 vdt=94 vmax=170 vacc=1510 vrej=0 seq=0 elapsed=0 oled=3C
[    467] STATUS mode=1 fault=none enc=312 denc=0 sreq=0 sapplied=0 crate=0 uimp=250540 upos=2075 uneg=1265 ball=-95.51 vball=-0.03 aball=0.0 bref=0.00 pid=0.0 pref=0.0 ppos=0.0 apid=0.0 integ=0.0 vision=1 current=1 vframe=1512 vs=1 vage=14 vpage=14 vdt=33 vmax=170 vacc=1512 vrej=0 seq=0 elapsed=0 oled=3C
[    515] STATUS mode=1 fault=none enc=312 denc=0 sreq=0 sapplied=0 crate=0 uimp=250540 upos=2075 uneg=1265 ball=-95.51 vball=-0.03 aball=0.0 bref=0.00 pid=0.0 pref=0.0 ppos=0.0 apid=0.0 integ=0.0 vision=1 current=1 vframe=1512 vs=1 vage=64 vpage=64 vdt=33 vmax=170 vacc=1512 vrej=0 seq=0 elapsed=0 oled=3C
[    577] STATUS mode=1 fault=none enc=312 denc=0 sreq=0 sapplied=0 crate=0 uimp=250540 upos=2075 uneg=1265 ball=-95.51 vball=-0.02 aball=0.0 bref=0.00 pid=0.0 pref=0.0 ppos=0.0 apid=0.0 integ=0.0 vision=1 current=1 vframe=1513 vs=1 vage=17 vpage=17 vdt=97 vmax=170 vacc=1513 vrej=0 seq=0 elapsed=0 oled=3C
[    625] STATUS mode=1 fault=none enc=312 denc=0 sreq=0 sapplied=0 crate=0 uimp=250540 upos=2075 uneg=1265 ball=-95.52 vball=-0.12 aball=0.0 bref=0.00 pid=0.0 pref=0.0 ppos=0.0 apid=0.0 integ=0.0 vision=1 current=1 vframe=1514 vs=1 vage=27 vpage=27 vdt=40 vmax=170 vacc=1514 vrej=0 seq=0 elapsed=0 oled=3C
[    670] STATUS mode=1 fault=none enc=312 denc=0 sreq=0 sapplied=0 crate=0 uimp=250540 upos=2075 uneg=1265 ball=-95.52 vball=-0.12 aball=0.0 bref=0.00 pid=0.0 pref=0.0 ppos=0.0 apid=0.0 integ=0.0 vision=1 current=1 vframe=1514 vs=1 vage=77 vpage=77 vdt=40 vmax=170 vacc=1514 vrej=0 seq=0 elapsed=0 oled=3C
[    717] STATUS mode=1 fault=none enc=312 denc=0 sreq=0 sapplied=0 crate=0 uimp=250540 upos=2075 uneg=1265 ball=-95.52 vball=-0.08 aball=0.0 bref=0.00 pid=0.0 pref=0.0 ppos=0.0 apid=0.0 integ=0.0 vision=1 current=1 vframe=1516 vs=1 vage=14 vpage=14 vdt=10 vmax=170 vacc=1516 vrej=0 seq=0 elapsed=0 oled=3C
[    765] STATUS mode=1 fault=none enc=312 denc=0 sreq=0 sapplied=0 crate=0 uimp=250540 upos=2075 uneg=1265 ball=-95.52 vball=0.12 aball=0.0 bref=0.00 pid=0.0 pref=0.0 ppos=0.0 apid=0.0 integ=0.0 vision=1 current=1 vframe=1518 vs=1 vage=8 vpage=8 vdt=16 vmax=170 vacc=1518 vrej=0 seq=0 elapsed=0 oled=3C
[    827] STATUS mode=1 fault=none enc=312 denc=0 sreq=0 sapplied=0 crate=0 uimp=250540 upos=2075 uneg=1265 ball=-95.52 vball=0.12 aball=0.0 bref=0.00 pid=0.0 pref=0.0 ppos=0.0 apid=0.0 integ=0.0 vision=1 current=1 vframe=1518 vs=1 vage=58 vpage=58 vdt=16 vmax=170 vacc=1518 vrej=0 seq=0 elapsed=0 oled=3C
[    875] STATUS mode=1 fault=none enc=312 denc=0 sreq=0 sapplied=0 crate=0 uimp=250540 upos=2075 uneg=1265 ball=-95.52 vball=0.08 aball=0.0 bref=0.00 pid=0.0 pref=0.0 ppos=0.0 apid=0.0 integ=0.0 vision=1 current=1 vframe=1519 vs=1 vage=15 vpage=15 vdt=93 vmax=170 vacc=1519 vrej=0 seq=0 elapsed=0 oled=3C
[    920] STATUS mode=1 fault=none enc=312 denc=0 sreq=0 sapplied=0 crate=0 uimp=250540 upos=2075 uneg=1265 ball=-95.52 vball=0.02 aball=0.0 bref=0.00 pid=0.0 pref=0.0 ppos=0.0 apid=0.0 integ=0.0 vision=1 current=1 vframe=1521 vs=1 vage=14 vpage=14 vdt=34 vmax=170 vacc=1521 vrej=0 seq=0 elapsed=0 oled=3C
[    967] STATUS mode=1 fault=none enc=312 denc=0 sreq=0 sapplied=0 crate=0 uimp=250540 upos=2075 uneg=1265 ball=-95.52 vball=0.02 aball=0.0 bref=0.00 pid=0.0 pref=0.0 ppos=0.0 apid=0.0 integ=0.0 vision=1 current=1 vframe=1521 vs=1 vage=64 vpage=64 vdt=34 vmax=170 vacc=1521 vrej=0 seq=0 elapsed=0 oled=3C
[   1015] STATUS mode=1 fault=none enc=312 denc=0 sreq=0 sapplied=0 crate=0 uimp=250540 upos=2075 uneg=1265 ball=-95.52 vball=0.01 aball=0.0 bref=0.00 pid=0.0 pref=0.0 ppos=0.0 apid=0.0 integ=0.0 vision=1 current=1 vframe=1522 vs=1 vage=20 vpage=20 vdt=94 vmax=170 vacc=1522 vrej=0 seq=0 elapsed=0 oled=3C
[   1077] STATUS mode=1 fault=none enc=312 denc=0 sreq=0 sapplied=0 crate=0 uimp=250540 upos=2075 uneg=1265 ball=-95.48 vball=0.45 aball=0.0 bref=0.00 pid=0.0 pref=0.0 ppos=0.0 apid=0.0 integ=0.0 vision=1 current=1 vframe=1531 vs=1 vage=14 vpage=14 vdt=33 vmax=170 vacc=1531 vrej=0 seq=0 elapsed=0 oled=3C
[   1125] STATUS mode=1 fault=none enc=312 denc=0 sreq=0 sapplied=0 crate=0 uimp=250540 upos=2075 uneg=1265 ball=-95.48 vball=0.45 aball=0.0 bref=0.00 pid=0.0 pref=0.0 ppos=0.0 apid=0.0 integ=0.0 vision=1 current=1 vframe=1531 vs=1 vage=64 vpage=64 vdt=33 vmax=170 vacc=1531 vrej=0 seq=0 elapsed=0 oled=3C
[   1170] STATUS mode=1 fault=none enc=312 denc=0 sreq=0 sapplied=0 crate=0 uimp=250540 upos=2075 uneg=1265 ball=-95.47 vball=0.33 aball=0.0 bref=0.00 pid=0.0 pref=0.0 ppos=0.0 apid=0.0 integ=0.0 vision=1 current=1 vframe=1532 vs=1 vage=20 vpage=20 vdt=94 vmax=170 vacc=1532 vrej=0 seq=0 elapsed=0 oled=3C
[   1217] STATUS mode=1 fault=none enc=312 denc=0 sreq=0 sapplied=0 crate=0 uimp=250540 upos=2075 uneg=1265 ball=-95.49 vball=-0.23 aball=0.0 bref=0.00 pid=0.0 pref=0.0 ppos=0.0 apid=0.0 integ=0.0 vision=1 current=1 vframe=1534 vs=1 vage=13 vpage=13 vdt=34 vmax=170 vacc=1534 vrej=0 seq=0 elapsed=0 oled=3C
[   1265] STATUS mode=1 fault=none enc=312 denc=0 sreq=0 sapplied=0 crate=0 uimp=250540 upos=2075 uneg=1265 ball=-95.49 vball=-0.23 aball=0.0 bref=0.00 pid=0.0 pref=0.0 ppos=0.0 apid=0.0 integ=0.0 vision=1 current=1 vframe=1534 vs=1 vage=63 vpage=63 vdt=34 vmax=170 vacc=1534 vrej=0 seq=0 elapsed=0 oled=3C
[   1327] STATUS mode=1 fault=none enc=312 denc=0 sreq=0 sapplied=0 crate=0 uimp=250540 upos=2075 uneg=1265 ball=-95.50 vball=-0.13 aball=0.0 bref=0.00 pid=0.0 pref=0.0 ppos=0.0 apid=0.0 integ=0.0 vision=1 current=1 vframe=1535 vs=1 vage=20 vpage=20 vdt=93 vmax=170 vacc=1535 vrej=0 seq=0 elapsed=0 oled=3C
[   1375] STATUS mode=1 fault=none enc=312 denc=0 sreq=0 sapplied=0 crate=0 uimp=250540 upos=2075 uneg=1265 ball=-95.49 vball=0.02 aball=0.0 bref=0.00 pid=0.0 pref=0.0 ppos=0.0 apid=0.0 integ=0.0 vision=1 current=1 vframe=1537 vs=1 vage=14 vpage=14 vdt=33 vmax=170 vacc=1537 vrej=0 seq=0 elapsed=0 oled=3C
[   1420] STATUS mode=1 fault=none enc=312 denc=0 sreq=0 sapplied=0 crate=0 uimp=250540 upos=2075 uneg=1265 ball=-95.49 vball=0.02 aball=0.0 bref=0.00 pid=0.0 pref=0.0 ppos=0.0 apid=0.0 integ=0.0 vision=1 current=1 vframe=1537 vs=1 vage=64 vpage=64 vdt=33 vmax=170 vacc=1537 vrej=0 seq=0 elapsed=0 oled=3C
[   1467] STATUS mode=1 fault=none enc=312 denc=0 sreq=0 sapplied=0 crate=0 uimp=250540 upos=2075 uneg=1265 ball=-95.49 vball=0.03 aball=0.0 bref=0.00 pid=0.0 pref=0.0 ppos=0.0 apid=0.0 integ=0.0 vision=1 current=1 vframe=1538 vs=1 vage=20 vpage=20 vdt=94 vmax=170 vacc=1538 vrej=0 seq=0 elapsed=0 oled=3C
[   1515] STATUS mode=1 fault=none enc=312 denc=0 sreq=0 sapplied=0 crate=0 uimp=250540 upos=2075 uneg=1265 ball=-95.51 vball=-0.22 aball=0.0 bref=0.00 pid=0.0 pref=0.0 ppos=0.0 apid=0.0 integ=0.0 vision=1 current=1 vframe=1540 vs=1 vage=14 vpage=14 vdt=33 vmax=170 vacc=1540 vrej=0 seq=0 elapsed=0 oled=3C
[   1577] STATUS mode=1 fault=none enc=312 denc=0 sreq=0 sapplied=0 crate=0 uimp=250540 upos=2075 uneg=1265 ball=-95.51 vball=-0.22 aball=0.0 bref=0.00 pid=0.0 pref=0.0 ppos=0.0 apid=0.0 integ=0.0 vision=1 current=1 vframe=1540 vs=1 vage=64 vpage=64 vdt=33 vmax=170 vacc=1540 vrej=0 seq=0 elapsed=0 oled=3C
[   1625] STATUS mode=1 fault=none enc=312 denc=0 sreq=0 sapplied=0 crate=0 uimp=250540 upos=2075 uneg=1265 ball=-95.51 vball=-0.14 aball=0.0 bref=0.00 pid=0.0 pref=0.0 ppos=0.0 apid=0.0 integ=0.0 vision=1 current=1 vframe=1541 vs=1 vage=20 vpage=20 vdt=94 vmax=170 vacc=1541 vrej=0 seq=0 elapsed=0 oled=3C
[   1670] STATUS mode=1 fault=none enc=312 denc=0 sreq=0 sapplied=0 crate=0 uimp=250540 upos=2075 uneg=1265 ball=-95.51 vball=0.00 aball=0.0 bref=0.00 pid=0.0 pref=0.0 ppos=0.0 apid=0.0 integ=0.0 vision=1 current=1 vframe=1543 vs=1 vage=14 vpage=14 vdt=33 vmax=170 vacc=1543 vrej=0 seq=0 elapsed=0 oled=3C
[   1717] STATUS mode=1 fault=none enc=312 denc=0 sreq=0 sapplied=0 crate=0 uimp=250540 upos=2075 uneg=1265 ball=-95.51 vball=0.00 aball=0.0 bref=0.00 pid=0.0 pref=0.0 ppos=0.0 apid=0.0 integ=0.0 vision=1 current=1 vframe=1543 vs=1 vage=64 vpage=64 vdt=33 vmax=170 vacc=1543 vrej=0 seq=0 elapsed=0 oled=3C
[   1765] STATUS mode=1 fault=none enc=312 denc=0 sreq=0 sapplied=0 crate=0 uimp=250540 upos=2075 uneg=1265 ball=-95.48 vball=0.23 aball=0.0 bref=0.00 pid=0.0 pref=0.0 ppos=0.0 apid=0.0 integ=0.0 vision=1 current=1 vframe=1544 vs=1 vage=19 vpage=19 vdt=95 vmax=170 vacc=1544 vrej=0 seq=0 elapsed=0 oled=3C
[   1827] STATUS mode=1 fault=none enc=312 denc=0 sreq=0 sapplied=0 crate=0 uimp=250540 upos=2075 uneg=1265 ball=-95.50 vball=-0.13 aball=0.0 bref=0.00 pid=0.0 pref=0.0 ppos=0.0 apid=0.0 integ=0.0 vision=1 current=1 vframe=1546 vs=1 vage=15 vpage=15 vdt=33 vmax=170 vacc=1546 vrej=0 seq=0 elapsed=0 oled=3C
[   1875] STATUS mode=1 fault=none enc=312 denc=0 sreq=0 sapplied=0 crate=0 uimp=250540 upos=2075 uneg=1265 ball=-95.50 vball=-0.13 aball=0.0 bref=0.00 pid=0.0 pref=0.0 ppos=0.0 apid=0.0 integ=0.0 vision=1 current=1 vframe=1546 vs=1 vage=65 vpage=65 vdt=33 vmax=170 vacc=1546 vrej=0 seq=0 elapsed=0 oled=3C
[   1920] STATUS mode=1 fault=none enc=312 denc=0 sreq=0 sapplied=0 crate=0 uimp=250540 upos=2075 uneg=1265 ball=-95.52 vball=-0.16 aball=0.0 bref=0.00 pid=0.0 pref=0.0 ppos=0.0 apid=0.0 integ=0.0 vision=1 current=1 vframe=1547 vs=1 vage=19 vpage=19 vdt=96 vmax=170 vacc=1547 vrej=0 seq=0 elapsed=0 oled=3C
[   1967] STATUS mode=1 fault=none enc=312 denc=0 sreq=0 sapplied=0 crate=0 uimp=250540 upos=2075 uneg=1265 ball=-95.51 vball=-0.00 aball=0.0 bref=0.00 pid=0.0 pref=0.0 ppos=0.0 apid=0.0 integ=0.0 vision=1 current=1 vframe=1549 vs=1 vage=15 vpage=15 vdt=32 vmax=170 vacc=1549 vrej=0 seq=0 elapsed=0 oled=3C
[   2015] STATUS mode=1 fault=none enc=312 denc=0 sreq=0 sapplied=0 crate=0 uimp=250540 upos=2075 uneg=1265 ball=-95.51 vball=-0.00 aball=0.0 bref=0.00 pid=0.0 pref=0.0 ppos=0.0 apid=0.0 integ=0.0 vision=1 current=1 vframe=1549 vs=1 vage=65 vpage=65 vdt=32 vmax=170 vacc=1549 vrej=0 seq=0 elapsed=0 oled=3C
[   2077] STATUS mode=1 fault=none enc=312 denc=0 sreq=0 sapplied=0 crate=0 uimp=250540 upos=2075 uneg=1265 ball=-95.51 vball=0.03 aball=0.0 bref=0.00 pid=0.0 pref=0.0 ppos=0.0 apid=0.0 integ=0.0 vision=1 current=1 vframe=1550 vs=1 vage=20 vpage=20 vdt=95 vmax=170 vacc=1550 vrej=0 seq=0 elapsed=0 oled=3C
[   2108] STATUS mode=1 fault=none enc=312 denc=0 sreq=0 sapplied=
[   2108] >>> stream off
[   2125] 0 crate=0 uimp=250540 upos=2075 uneg=1265 ball=-95.53 vball=-0.28 aball=0.0 bref=0.00 pid=0.0 pref=0.0 ppos=0.0 apid=0.0 integ=0.0 vision=1 current=1 vframe=1552 vs=1 vage=13 vpage=13 vdt=33 vmax=170 vacc=1552 vrej=0 seq=0 elapsed=0 oled=3C
[   2125] OK stream off
[   2250] >>> status
[   2265] STATUS mode=1 fault=none enc=312 denc=0 sreq=0 sapplied=0 crate=0 uimp=250540 upos=2075 uneg=1265 ball=-95.54 vball=-0.04 aball=0.0 bref=0.00 pid=0.0 pref=0.0 ppos=0.0 apid=0.0 integ=0.0 vision=1 current=1 vframe=1554 vs=1 vage=27 vpage=27 vdt=32 vmax=170 vacc=1554 vrej=0 seq=0 elapsed=0 oled=3C
