[      0] >>> stream on 50
[      0] OK stream on 50 ms
[     78] STATUS mode=1 fault=none enc=361 denc=0 sreq=0 sapplied=0 crate=0 uimp=296500 upos=3215 uneg=2605 ball=-125.00 vball=0.00 aball=0.0 bref=0.00 pid=0.0 pref=296.5 ppos=296.5 apid=0.0 integ=0.0 vision=1 current=1 vframe=1787 vs=1 vage=26 vpage=26 vdt=99 vmax=204 vacc=1779 vrej=0 seq=0 elapsed=0 oled=3C
[    125] STATUS mode=1 fault=none enc=361 denc=0 sreq=0 sapplied=0 crate=0 uimp=296500 upos=3215 uneg=2605 ball=-125.00 vball=0.00 aball=0.0 bref=0.00 pid=0.0 pref=296.5 ppos=296.5 apid=0.0 integ=0.0 vision=1 current=1 vframe=1788 vs=1 vage=36 vpage=36 vdt=40 vmax=204 vacc=1780 vrej=0 seq=0 elapsed=0 oled=3C
[    172] STATUS mode=1 fault=none enc=361 denc=0 sreq=0 sapplied=0 crate=0 uimp=296500 upos=3215 uneg=2605 ball=-125.00 vball=0.00 aball=0.0 bref=0.00 pid=0.0 pref=296.5 ppos=296.5 apid=0.0 integ=0.0 vision=1 current=1 vframe=1789 vs=1 vage=40 vpage=40 vdt=46 vmax=204 vacc=1781 vrej=0 seq=0 elapsed=0 oled=3C
[    217] STATUS mode=1 fault=none enc=361 denc=0 sreq=0 sapplied=0 crate=0 uimp=296500 upos=3215 uneg=2605 ball=-125.00 vball=0.00 aball=0.0 bref=0.00 pid=0.0 pref=296.5 ppos=296.5 apid=0.0 integ=0.0 vision=1 current=1 vframe=1789 vs=1 vage=90 vpage=90 vdt=46 vmax=204 vacc=1781 vrej=0 seq=0 elapsed=0 oled=3C
[    281] STATUS mode=1 fault=none enc=361 denc=0 sreq=0 sapplied=0 crate=0 uimp=296500 upos=3215 uneg=2605 ball=-125.00 vball=0.00 aball=0.0 bref=0.00 pid=0.0 pref=296.5 ppos=296.5 apid=0.0 integ=0.0 vision=1 current=1 vframe=1791 vs=1 vage=12 vpage=12 vdt=8 vmax=204 vacc=1783 vrej=0 seq=0 elapsed=0 oled=3C
[    328] STATUS mode=1 fault=none enc=361 denc=0 sreq=0 sapplied=0 crate=0 uimp=296500 upos=3215 uneg=2605 ball=-125.00 vball=0.00 aball=0.0 bref=0.00 pid=0.0 pref=296.5 ppos=296.5 apid=0.0 integ=0.0 vision=1 current=1 vframe=1792 vs=1 vage=25 vpage=25 vdt=37 vmax=204 vacc=1784 vrej=0 seq=0 elapsed=0 oled=3C
[    375] STATUS mode=1 fault=none enc=361 denc=0 sreq=0 sapplied=0 crate=0 uimp=296500 upos=3215 uneg=2605 ball=-125.00 vball=0.00 aball=0.0 bref=0.00 pid=0.0 pref=296.5 ppos=296.5 apid=0.0 integ=0.0 vision=1 current=1 vframe=1792 vs=1 vage=75 vpage=75 vdt=37 vmax=204 vacc=1784 vrej=0 seq=0 elapsed=0 oled=3C
[    422] STATUS mode=1 fault=none enc=361 denc=0 sreq=0 sapplied=0 crate=0 uimp=296500 upos=3215 uneg=2605 ball=-125.00 vball=0.00 aball=0.0 bref=0.00 pid=0.0 pref=296.5 ppos=296.5 apid=0.0 integ=0.0 vision=1 current=1 vframe=1794 vs=1 vage=3 vpage=3 vdt=8 vmax=204 vacc=1786 vrej=0 seq=0 elapsed=0 oled=3C
[    467] STATUS mode=1 fault=none enc=361 denc=0 sreq=0 sapplied=0 crate=0 uimp=296500 upos=3215 uneg=2605 ball=-125.00 vball=0.00 aball=0.0 bref=0.00 pid=0.0 pref=296.5 ppos=296.5 apid=0.0 integ=0.0 vision=1 current=1 vframe=1795 vs=1 vage=25 vpage=25 vdt=28 vmax=204 vacc=1787 vrej=0 seq=0 elapsed=0 oled=3C
[    531] STATUS mode=1 fault=none enc=361 denc=0 sreq=0 sapplied=0 crate=0 uimp=296500 upos=3215 uneg=2605 ball=-125.00 vball=0.00 aball=0.0 bref=0.00 pid=0.0 pref=296.5 ppos=296.5 apid=0.0 integ=0.0 vision=1 current=1 vframe=1796 vs=1 vage=42 vpage=42 vdt=33 vmax=204 vacc=1788 vrej=0 seq=0 elapsed=0 oled=3C
[    578] STATUS mode=1 fault=none enc=361 denc=0 sreq=0 sapplied=0 crate=0 uimp=296500 upos=3215 uneg=2605 ball=-125.00 vball=0.00 aball=0.0 bref=0.00 pid=0.0 pref=296.5 ppos=296.5 apid=0.0 integ=0.0 vision=1 current=1 vframe=1796 vs=1 vage=92 vpage=92 vdt=33 vmax=204 vacc=1788 vrej=0 seq=0 elapsed=0 oled=3C
[    625] STATUS mode=1 fault=none enc=361 denc=0 sreq=0 sapplied=0 crate=0 uimp=296500 upos=3215 uneg=2605 ball=-125.00 vball=0.00 aball=0.0 bref=0.00 pid=0.0 pref=296.5 ppos=296.5 apid=0.0 integ=0.0 vision=1 current=1 vframe=1798 vs=1 vage=9 vpage=9 vdt=30 vmax=204 vacc=1790 vrej=0 seq=0 elapsed=0 oled=3C
[    672] STATUS mode=1 fault=none enc=361 denc=0 sreq=0 sapplied=0 crate=0 uimp=296500 upos=3215 uneg=2605 ball=-125.00 vball=0.00 aball=0.0 bref=0.00 pid=0.0 pref=296.5 ppos=296.5 apid=0.0 integ=0.0 vision=1 current=1 vframe=1799 vs=1 vage=26 vpage=26 vdt=33 vmax=204 vacc=1791 vrej=0 seq=0 elapsed=0 oled=3C
[    717] STATUS mode=1 fault=none enc=361 denc=0 sreq=0 sapplied=0 crate=0 uimp=296500 upos=3215 uneg=2605 ball=-125.00 vball=0.00 aball=0.0 bref=0.00 pid=0.0 pref=296.5 ppos=296.5 apid=0.0 integ=0.0 vision=1 current=1 vframe=1799 vs=1 vage=76 vpage=76 vdt=33 vmax=204 vacc=1791 vrej=0 seq=0 elapsed=0 oled=3C
[    781] STATUS mode=1 fault=none enc=361 denc=0 sreq=0 sapplied=0 crate=0 uimp=296500 upos=3215 uneg=2605 ball=-125.00 vball=0.00 aball=0.0 bref=0.00 pid=0.0 pref=296.5 ppos=296.5 apid=0.0 integ=0.0 vision=1 current=1 vframe=1800 vs=1 vage=25 vpage=25 vdt=101 vmax=204 vacc=1792 vrej=0 seq=0 elapsed=0 oled=3C
[    812] STATUS mode=1 fault=none enc=361 denc=0 sreq=0 sapplied=0 crate=0 uimp
[    828] =296500 upos=3215 uneg=2605 ball=-125.00 vball=0.00 aball=0.0 bref=0.00 pid=0.0 pref=296.5 ppos=296.5 apid=0.0 integ=0.0 vision=1 current=1 vframe=1802 vs=1 vage=9 vpage=9 vdt=34 vmax=204 vacc=1794 vrej=0 seq=0 elapsed=0 oled=3C
[    875] STATUS mode=1 fault=none enc=361 denc=0 sreq=0 sapplied=0 crate=0 uimp=296500 upos=3215 uneg=2605 ball=-125.00 vball=0.00 aball=0.0 bref=0.00 pid=0.0 pref=296.5 ppos=296.5 apid=0.0 integ=0.0 vision=1 current=1 vframe=1802 vs=1 vage=59 vpage=59 vdt=34 vmax=204 vacc=1794 vrej=0 seq=0 elapsed=0 oled=3C
[    922] STATUS mode=1 fault=none enc=361 denc=0 sreq=0 sapplied=0 crate=0 uimp=296500 upos=3215 uneg=2605 ball=-125.00 vball=0.00 aball=0.0 bref=0.00 pid=0.0 pref=296.5 ppos=296.5 apid=0.0 integ=0.0 vision=1 current=1 vframe=1803 vs=1 vage=14 vpage=14 vdt=95 vmax=204 vacc=1795 vrej=0 seq=0 elapsed=0 oled=3C
[    967] STATUS mode=1 fault=none enc=361 denc=0 sreq=0 sapplied=0 crate=0 uimp=296500 upos=3215 uneg=2605 ball=-125.00 vball=0.00 aball=0.0 bref=0.00 pid=0.0 pref=296.5 ppos=296.5 apid=0.0 integ=0.0 vision=1 current=1 vframe=1805 vs=1 vage=9 vpage=9 vdt=34 vmax=204 vacc=1797 vrej=0 seq=0 elapsed=0 oled=3C
[   1031] STATUS mode=1 fault=none enc=361 denc=0 sreq=0 sapplied=0 crate=0 uimp=296500 upos=3215 uneg=2605 ball=-125.00 vball=0.00 aball=0.0 bref=0.00 pid=0.0 pref=296.5 ppos=296.5 apid=0.0 integ=0.0 vision=1 current=1 vframe=1805 vs=1 vage=59 vpage=59 vdt=34 vmax=204 vacc=1797 vrej=0 seq=0 elapsed=0 oled=3C
[   1078] STATUS mode=1 fault=none enc=361 denc=0 sreq=0 sapplied=0 crate=0 uimp=296500 upos=3215 uneg=2605 ball=-125.00 vball=0.00 aball=0.0 bref=0.00 pid=0.0 pref=296.5 ppos=296.5 apid=0.0 integ=0.0 vision=1 current=1 vframe=1806 vs=1 vage=9 vpage=9 vdt=100 vmax=204 vacc=1798 vrej=0 seq=0 elapsed=0 oled=3C
[   1125] STATUS mode=1 fault=none enc=361 denc=0 sreq=0 sapplied=0 crate=0 uimp=296500 upos=3215 uneg=2605 ball=-125.00 vball=0.00 aball=0.0 bref=0.00 pid=0.0 pref=296.5 ppos=296.5 apid=0.0 integ=0.0 vision=1 current=1 vframe=1807 vs=1 vage=25 vpage=25 vdt=34 vmax=204 vacc=1799 vrej=0 seq=0 elapsed=0 oled=3C
[   1172] STATUS mode=1 fault=none enc=361 denc=0 sreq=0 sapplied=0 crate=0 uimp=296500 upos=3215 uneg=2605 ball=-125.00 vball=0.00 aball=0.0 bref=0.00 pid=0.0 pref=296.5 ppos=296.5 apid=0.0 integ=0.0 vision=1 current=1 vframe=1808 vs=1 vage=42 vpage=42 vdt=33 vmax=204 vacc=1800 vrej=0 seq=0 elapsed=0 oled=3C
[   1217] STATUS mode=1 fault=none enc=361 denc=0 sreq=0 sapplied=0 crate=0 uimp=296500 upos=3215 uneg=2605 ball=-125.00 vball=0.00 aball=0.0 bref=0.00 pid=0.0 pref=296.5 ppos=296.5 apid=0.0 integ=0.0 vision=1 current=1 vframe=1808 vs=1 vage=92 vpage=92 vdt=33 vmax=204 vacc=1800 vrej=0 seq=0 elapsed=0 oled=3C
[   1281] STATUS mode=1 fault=none enc=361 denc=0 sreq=0 sapplied=0 crate=0 uimp=296500 upos=3215 uneg=2605 ball=-125.00 vball=0.00 aball=0.0 bref=0.00 pid=0.0 pref=296.5 ppos=296.5 apid=0.0 integ=0.0 vision=1 current=1 vframe=1810 vs=1 vage=25 vpage=25 vdt=18 vmax=204 vacc=1802 vrej=0 seq=0 elapsed=0 oled=3C
[   1328] STATUS mode=1 fault=none enc=361 denc=0 sreq=0 sapplied=0 crate=0 uimp=296500 upos=3215 uneg=2605 ball=-125.00 vball=0.00 aball=0.0 bref=0.00 pid=0.0 pref=296.5 ppos=296.5 apid=0.0 integ=0.0 vision=1 current=1 vframe=1811 vs=1 vage=42 vpage=42 vdt=33 vmax=204 vacc=1803 vrej=0 seq=0 elapsed=0 oled=3C
[   1375] STATUS mode=1 fault=none enc=361 denc=0 sreq=0 sapplied=0 crate=0 uimp=296500 upos=3215 uneg=2605 ball=-125.00 vball=0.00 aball=0.0 bref=0.00 pid=0.0 pref=296.5 ppos=296.5 apid=0.0 integ=0.0 vision=1 current=1 vframe=1811 vs=1 vage=92 vpage=92 vdt=33 vmax=204 vacc=1803 vrej=0 seq=0 elapsed=0 oled=3C
[   1422] STATUS mode=1 fault=none enc=361 denc=0 sreq=0 sapplied=0 crate=0 uimp=296500 upos=3215 uneg=2605 ball=-125.00 vball=0.00 aball=0.0 bref=0.00 pid=0.0 pref=296.5 ppos=296.5 apid=0.0 integ=0.0 vision=1 current=1 vframe=1813 vs=1 vage=9 vpage=9 vdt=37 vmax=204 vacc=1805 vrej=0 seq=0 elapsed=0 oled=3C
[   1467] STATUS mode=1 fault=none enc=361 denc=0 sreq=0 sapplied=0 crate=0 uimp=296500 upos=3215 uneg=2605 ball=-125.00 vball=0.00 aball=0.0 bref=0.00 pid=0.0 pref=296.5 ppos=296.5 apid=0.0 integ=0.0 vision=1 current=1 vframe=1813 vs=1 vage=59 vpage=59 vdt=37 vmax=204 vacc=1805 vrej=0 seq=0 elapsed=0 oled=3C
[   1531] STATUS mode=1 fault=none enc=361 denc=0 sreq=0 sapplied=0 crate=0 uimp=296500 upos=3215 uneg=2605 ball=-125.00 vball=0.00 aball=0.0 bref=0.00 pid=0.0 pref=296.5 ppos=296.5 apid=0.0 integ=0.0 vision=1 current=1 vframe=1814 vs=1 vage=1 vpage=1 vdt=108 vmax=204 vacc=1806 vrej=0 seq=0 elapsed=0 oled=3C
[   1578] STATUS mode=1 fault=none enc=361 denc=0 sreq=0 sapplied=0 crate=0 uimp=296500 upos=3215 uneg=2605 ball=-125.00 vball=0.00 aball=0.0 bref=0.00 pid=0.0 pref=296.5 ppos=296.5 apid=0.0 integ=0.0 vision=1 current=1 vframe=1816 vs=1 vage=9 vpage=9 vdt=33 vmax=204 vacc=1808 vrej=0 seq=0 elapsed=0 oled=3C
[   1625] STATUS mode=1 fault=none enc=361 denc=0 sreq=0 sapplied=0 crate=0 uimp=296500 upos=3215 uneg=2605 ball=-125.00 vball=0.00 aball=0.0 bref=0.00 pid=0.0 pref=296.5 ppos=296.5 apid=0.0 integ=0.0 vision=1 current=1 vframe=1816 vs=1 vage=59 vpage=59 vdt=33 vmax=204 vacc=1808 vrej=0 seq=0 elapsed=0 oled=3C
[   1672] STATUS mode=1 fault=none enc=361 denc=0 sreq=0 sapplied=0 crate=0 uimp=296500 upos=3215 uneg=2605 ball=-125.00 vball=0.00 aball=0.0 bref=0.00 pid=0.0 pref=296.5 ppos=296.5 apid=0.0 integ=0.0 vision=1 current=1 vframe=1816 vs=1 vage=109 vpage=109 vdt=33 vmax=204 vacc=1808 vrej=0 seq=0 elapsed=0 oled=3C
[   1717] STATUS mode=1 fault=none enc=361 denc=0 sreq=0 sapplied=0 crate=0 uimp=296500 upos=3215 uneg=2605 ball=-125.00 vball=0.00 aball=0.0 bref=0.00 pid=0.0 pref=296.5 ppos=296.5 apid=0.0 integ=0.0 vision=1 current=1 vframe=1819 vs=1 vage=9 vpage=9 vdt=33 vmax=204 vacc=1811 vrej=0 seq=0 elapsed=0 oled=3C
[   1781] STATUS mode=1 fault=none enc=361 denc=0 sreq=0 sapplied=0 crate=0 uimp=296500 upos=3215 uneg=2605 ball=-125.00 vball=0.00 aball=0.0 bref=0.00 pid=0.0 pref=296.5 ppos=296.5 apid=0.0 integ=0.0 vision=1 current=1 vframe=1820 vs=1 vage=26 vpage=26 vdt=33 vmax=204 vacc=1812 vrej=0 seq=0 elapsed=0 oled=3C
[   1828] STATUS mode=1 fault=none enc=361 denc=0 sreq=0 sapplied=0 crate=0 uimp=296500 upos=3215 uneg=2605 ball=-125.00 vball=0.00 aball=0.0 bref=0.00 pid=0.0 pref=296.5 ppos=296.5 apid=0.0 integ=0.0 vision=1 current=1 vframe=1820 vs=1 vage=76 vpage=76 vdt=33 vmax=204 vacc=1812 vrej=0 seq=0 elapsed=0 oled=3C
[   1875] STATUS mode=1 fault=none enc=361 denc=0 sreq=0 sapplied=0 crate=0 uimp=296500 upos=3215 uneg=2605 ball=-125.00 vball=0.00 aball=0.0 bref=0.00 pid=0.0 pref=296.5 ppos=296.5 apid=0.0 integ=0.0 vision=1 current=1 vframe=1821 vs=1 vage=26 vpage=26 vdt=100 vmax=204 vacc=1813 vrej=0 seq=0 elapsed=0 oled=3C
[   1922] STATUS mode=1 fault=none enc=361 denc=0 sreq=0 sapplied=0 crate=0 uimp=296500 upos=3215 uneg=2605 ball=-125.00 vball=0.00 aball=0.0 bref=0.00 pid=0.0 pref=296.5 ppos=296.5 apid=0.0 integ=0.0 vision=1 current=1 vframe=1823 vs=1 vage=10 vpage=10 vdt=33 vmax=204 vacc=1815 vrej=0 seq=0 elapsed=0 oled=3C
[   1967] STATUS mode=1 fault=none enc=361 denc=0 sreq=0 sapplied=0 crate=0 uimp=296500 upos=3215 uneg=2605 ball=-125.00 vball=0.00 aball=0.0 bref=0.00 pid=0.0 pref=296.5 ppos=296.5 apid=0.0 integ=0.0 vision=1 current=1 vframe=1823 vs=1 vage=60 vpage=60 vdt=33 vmax=204 vacc=1815 vrej=0 seq=0 elapsed=0 oled=3C
[   2031] STATUS mode=1 fault=none enc=361 denc=0 sreq=0 sapplied=0 crate=0 uimp=296500 upos=3215 uneg=2605 ball=-125.00 vball=0.00 aball=0.0 bref=0.00 pid=0.0 pref=296.5 ppos=296.5 apid=0.0 integ=0.0 vision=1 current=1 vframe=1824 vs=1 vage=14 vpage=14 vdt=96 vmax=204 vacc=1816 vrej=0 seq=0 elapsed=0 oled=3C
[   2078] STATUS mode=1 fault=none enc=361 denc=0 sreq=0 sapplied=0 crate=0 uimp=296500 upos=3215 uneg=2605 ball=-125.00 vball=0.00 aball=0.0 bref=0.00 pid=0.0 pref=296.5 ppos=296.5 apid=0.0 integ=0.0 vision=1 current=1 vframe=1825 vs=1 vage=26 vpage=26 vdt=38 vmax=204 vacc=1817 vrej=0 seq=0 elapsed=0 oled=3C
[   2125] STATUS mode=1 fault=none enc=361 denc=0 sreq=0 sapplied=0 crate=0 uimp=296500 upos=3215 uneg=2605 ball=-125.00 vball=0.00 aball=0.0 bref=0.00 pid=0.0 pref=296.5 ppos=296.5 apid=0.0 integ=0.0 vision=1 current=1 vframe=1825 vs=1 vage=76 vpage=76 vdt=38 vmax=204 vacc=1817 vrej=0 seq=0 elapsed=0 oled=3C
[   2172] STATUS mode=1 fault=none enc=361 denc=0 sreq=0 sapplied=0 crate=0 uimp=296500 upos=3215 uneg=2605 ball=-125.00 vball=0.00 aball=0.0 bref=0.00 pid=0.0 pref=296.5 ppos=296.5 apid=0.0 integ=0.0 vision=1 current=1 vframe=1827 vs=1 vage=13 vpage=13 vdt=6 vmax=204 vacc=1819 vrej=0 seq=0 elapsed=0 oled=3C
[   2217] STATUS mode=1 fault=none enc=361 denc=0 sreq=0 sapplied=0 crate=0 uimp=296500 upos=3215 uneg=2605 ball=-125.00 vball=0.00 aball=0.0 bref=0.00 pid=0.0 pref=296.5 ppos=296.5 apid=0.0 integ=0.0 vision=1 current=1 vframe=1828 vs=1 vage=26 vpage=26 vdt=37 vmax=204 vacc=1820 vrej=0 seq=0 elapsed=0 oled=3C
[   2281] STATUS mode=1 fault=none enc=361 denc=0 sreq=0 sapplied=0 crate=0 uimp=296500 upos=3215 uneg=2605 ball=-125.00 vball=0.00 aball=0.0 bref=0.00 pid=0.0 pref=296.5 ppos=296.5 apid=0.0 integ=0.0 vision=1 current=1 vframe=1828 vs=1 vage=76 vpage=76 vdt=37 vmax=204 vacc=1820 vrej=0 seq=0 elapsed=0 oled=3C
[   2328] STATUS mode=1 fault=none enc=361 denc=0 sreq=0 sapplied=0 crate=0 uimp=296500 upos=3215 uneg=2605 ball=-125.00 vball=0.00 aball=0.0 bref=0.00 pid=0.0 pref=296.5 ppos=296.5 apid=0.0 integ=0.0 vision=1 current=1 vframe=1830 vs=1 vage=13 vpage=13 vdt=8 vmax=204 vacc=1822 vrej=0 seq=0 elapsed=0 oled=3C
[   2375] STATUS mode=1 fault=none enc=361 denc=0 sreq=0 sapplied=0 crate=0 uimp=296500 upos=3215 uneg=2605 ball=-125.00 vball=0.00 aball=0.0 bref=0.00 pid=0.0 pref=296.5 ppos=296.5 apid=0.0 integ=0.0 vision=1 current=1 vframe=1831 vs=1 vage=26 vpage=26 vdt=37 vmax=204 vacc=1823 vrej=0 seq=0 elapsed=0 oled=3C
[   2422] STATUS mode=1 fault=none enc=361 denc=0 sreq=0 sapplied=0 crate=0 uimp=296500 upos=3215 uneg=2605 ball=-125.00 vball=0.00 aball=0.0 bref=0.00 pid=0.0 pref=296.5 ppos=296.5 apid=0.0 integ=0.0 vision=1 current=1 vframe=1831 vs=1 vage=76 vpage=76 vdt=37 vmax=204 vacc=1823 vrej=0 seq=0 elapsed=0 oled=3C
[   2467] STATUS mode=1 fault=none enc=361 denc=0 sreq=0 sapplied=0 crate=0 uimp=296500 upos=3215 uneg=2605 ball=-125.00 vball=0.00 aball=0.0 bref=0.00 pid=0.0 pref=296.5 ppos=296.5 apid=0.0 integ=0.0 vision=1 current=1 vframe=1833 vs=1 vage=9 vpage=9 vdt=8 vmax=204 vacc=1825 vrej=0 seq=0 elapsed=0 oled=3C
[   2531] STATUS mode=1 fault=none enc=361 denc=0 sreq=0 sapplied=0 crate=0 uimp=296500 upos=3215 uneg=2605 ball=-125.00 vball=0.00 aball=0.0 bref=0.00 pid=0.0 pref=296.5 ppos=296.5 apid=0.0 integ=0.0 vision=1 current=1 vframe=1834 vs=1 vage=26 vpage=26 vdt=33 vmax=204 vacc=1826 vrej=0 seq=0 elapsed=0 oled=3C
[   2578] STATUS mode=1 fault=none enc=361 denc=0 sreq=0 sapplied=0 crate=0 uimp=296500 upos=3215 uneg=2605 ball=-125.00 vball=0.00 aball=0.0 bref=0.00 pid=0.0 pref=296.5 ppos=296.5 apid=0.0 integ=0.0 vision=1 current=1 vframe=1835 vs=1 vage=42 vpage=42 vdt=34 vmax=204 vacc=1827 vrej=0 seq=0 elapsed=0 oled=3C
[   2625] STATUS mode=1 fault=none enc=361 denc=0 sreq=0 sapplied=0 crate=0 uimp=296500 upos=3215 uneg=2605 ball=-125.00 vball=0.00 aball=0.0 bref=0.00 pid=0.0 pref=296.5 ppos=296.5 apid=0.0 integ=0.0 vision=1 current=1 vframe=1835 vs=1 vage=92 vpage=92 vdt=34 vmax=204 vacc=1827 vrej=0 seq=0 elapsed=0 oled=3C
[   2672] STATUS mode=1 fault=none enc=362 denc=0 sreq=0 sapplied=0 crate=0 uimp=296500 upos=3215 uneg=2605 ball=-125.00 vball=0.00 aball=0.0 bref=0.00 pid=0.0 pref=296.5 ppos=296.5 apid=0.0 integ=0.0 vision=1 current=1 vframe=1837 vs=1 vage=26 vpage=26 vdt=21 vmax=204 vacc=1829 vrej=0 seq=0 elapsed=0 oled=3C
[   2717] STATUS mode=1 fault=none enc=361 denc=0 sreq=0 sapplied=0 crate=0 uimp=296500 upos=3215 uneg=2605 ball=-125.00 vball=0.00 aball=0.0 bref=0.00 pid=0.0 pref=296.5 ppos=296.5 apid=0.0 integ=0.0 vision=1 current=1 vframe=1838 vs=1 vage=43 vpage=43 vdt=33 vmax=204 vacc=1830 vrej=0 seq=0 elapsed=0 oled=3C
[   2781] STATUS mode=1 fault=none enc=361 denc=0 sreq=0 sapplied=0 crate=0 uimp=296500 upos=3215 uneg=2605 ball=-125.00 vball=0.00 aball=0.0 bref=0.00 pid=0.0 pref=296.5 ppos=296.5 apid=0.0 integ=0.0 vision=1 current=1 vframe=1838 vs=1 vage=93 vpage=93 vdt=33 vmax=204 vacc=1830 vrej=0 seq=0 elapsed=0 oled=3C
[   2812] STATUS mode=1 fault=none enc=361 denc=0 sreq=0 sapplied=0 
[   2812] >>> stream off
[   2828] crate=0 uimp=296500 upos=3215 uneg=2605 ball=-125.00 vball=0.00 aball=0.0 bref=0.00 pid=0.0 pref=296.5 ppos=296.5 apid=0.0 integ=0.0 vision=1 current=1 vframe=1840 vs=1 vage=26 vpage=26 vdt=23 vmax=204 vacc=1832 vrej=0 seq=0 elapsed=0 oled=3C
[   2828] OK stream off
[   3625] >>> status
[   3656] STATUS mode=1 fault=none enc=361 denc=0 sreq=0 sapplied=0 crate=0 uimp=296500 upos=3215 uneg=2605 ball=-125.00 vball=0.00 aball=0.0 bref=0.00 pid=0.0 pref=296.5 ppos=296.5 apid=0.0 integ=0.0 vision=1 current=1 vframe=1862 vs=1 vage=73 vpage=73 vdt=34 vmax=204 vacc=1854 vrej=0 seq=0 elapsed=0 oled=3C
