[      0] >>> stream on 50
[      0] OK stream on 50 ms
[     78] STATUS mode=1 fault=none enc=-292 denc=0 sreq=0 sapplied=0 crate=0 uimp=-262865 upos=2760 uneg=2805 ball=114.25 vball=0.04 aball=0.0 bref=0.00 pid=0.0 pref=-262.9 ppos=-262.9 apid=0.0 integ=0.0 vision=1 current=1 vframe=9518 vs=1 vage=32 vpage=32 vdt=116 vmax=745453 vacc=8241 vrej=0 seq=0 elapsed=0 oled=3C
[    125] STATUS mode=1 fault=none enc=-292 denc=0 sreq=0 sapplied=0 crate=0 uimp=-262865 upos=2760 uneg=2805 ball=114.25 vball=-0.03 aball=0.0 bref=0.00 pid=0.0 pref=-262.9 ppos=-262.9 apid=0.0 integ=0.0 vision=1 current=1 vframe=9519 vs=1 vage=48 vpage=48 vdt=34 vmax=745453 vacc=8242 vrej=0 seq=0 elapsed=0 oled=3C
[    172] STATUS mode=1 fault=none enc=-292 denc=0 sreq=0 sapplied=0 crate=0 uimp=-262865 upos=2760 uneg=2805 ball=114.25 vball=-0.03 aball=0.0 bref=0.00 pid=0.0 pref=-262.9 ppos=-262.9 apid=0.0 integ=0.0 vision=1 current=1 vframe=9519 vs=1 vage=98 vpage=98 vdt=34 vmax=745453 vacc=8242 vrej=0 seq=0 elapsed=0 oled=3C
[    233] STATUS mode=1 fault=none enc=-292 denc=0 sreq=0 sapplied=0 crate=0 uimp=-262865 upos=2760 uneg=2805 ball=113.90 vball=-2.81 aball=0.0 bref=0.00 pid=0.0 pref=-262.9 ppos=-262.9 apid=0.0 integ=0.0 vision=1 current=1 vframe=9521 vs=1 vage=10 vpage=10 vdt=6 vmax=745453 vacc=8244 vrej=0 seq=0 elapsed=0 oled=3C
[    281] STATUS mode=1 fault=none enc=-292 denc=0 sreq=0 sapplied=0 crate=0 uimp=-262865 upos=2760 uneg=2805 ball=113.95 vball=-0.49 aball=0.0 bref=0.00 pid=0.0 pref=-262.9 ppos=-262.9 apid=0.0 integ=0.0 vision=1 current=1 vframe=9522 vs=1 vage=28 vpage=28 vdt=32 vmax=745453 vacc=8245 vrej=0 seq=0 elapsed=0 oled=3C
[    328] STATUS mode=1 fault=none enc=-292 denc=0 sreq=0 sapplied=0 crate=0 uimp=-262865 upos=2760 uneg=2805 ball=113.96 vball=-0.12 aball=0.0 bref=0.00 pid=0.0 pref=-262.9 ppos=-262.9 apid=0.0 integ=0.0 vision=1 current=1 vframe=9523 vs=1 vage=45 vpage=45 vdt=33 vmax=745453 vacc=8246 vrej=0 seq=0 elapsed=0 oled=3C
[    375] STATUS mode=1 fault=none enc=-292 denc=0 sreq=0 sapplied=0 crate=0 uimp=-262865 upos=2760 uneg=2805 ball=113.96 vball=-0.12 aball=0.0 bref=0.00 pid=0.0 pref=-262.9 ppos=-262.9 apid=0.0 integ=0.0 vision=1 current=1 vframe=9523 vs=1 vage=95 vpage=95 vdt=33 vmax=745453 vacc=8246 vrej=0 seq=0 elapsed=0 oled=3C
[    422] STATUS mode=1 fault=none enc=-292 denc=0 sreq=0 sapplied=0 crate=0 uimp=-262865 upos=2760 uneg=2805 ball=114.30 vball=2.74 aball=0.0 bref=0.00 pid=0.0 pref=-262.9 ppos=-262.9 apid=0.0 integ=0.0 vision=1 current=1 vframe=9524 vs=1 vage=22 vpage=22 vdt=123 vmax=745453 vacc=8247 vrej=0 seq=0 elapsed=0 oled=3C
[    483] STATUS mode=1 fault=none enc=-292 denc=0 sreq=0 sapplied=0 crate=0 uimp=-262865 upos=2760 uneg=2805 ball=114.23 vball=0.06 aball=0.0 bref=0.00 pid=0.0 pref=-262.9 ppos=-262.9 apid=0.0 integ=0.0 vision=1 current=1 vframe=9526 vs=1 vage=15 vpage=15 vdt=33 vmax=745453 vacc=8249 vrej=0 seq=0 elapsed=0 oled=3C
[    531] STATUS mode=1 fault=none enc=-292 denc=0 sreq=0 sapplied=0 crate=0 uimp=-262865 upos=2760 uneg=2805 ball=114.23 vball=0.06 aball=0.0 bref=0.00 pid=0.0 pref=-262.9 ppos=-262.9 apid=0.0 integ=0.0 vision=1 current=1 vframe=9526 vs=1 vage=65 vpage=65 vdt=33 vmax=745453 vacc=8249 vrej=0 seq=0 elapsed=0 oled=3C
[    578] STATUS mode=1 fault=none enc=-292 denc=0 sreq=0 sapplied=0 crate=0 uimp=-262865 upos=2760 uneg=2805 ball=114.24 vball=0.09 aball=0.0 bref=0.00 pid=0.0 pref=-262.9 ppos=-262.9 apid=0.0 integ=0.0 vision=1 current=1 vframe=9533 vs=1 vage=11 vpage=11 vdt=104 vmax=745453 vacc=8256 vrej=0 seq=0 elapsed=0 oled=3C
[    625] STATUS mode=1 fault=none enc=-292 denc=0 sreq=0 sapplied=0 crate=0 uimp=-262865 upos=2760 uneg=2805 ball=114.22 vball=-0.21 aball=0.0 bref=0.00 pid=0.0 pref=-262.9 ppos=-262.9 apid=0.0 integ=0.0 vision=1 current=1 vframe=9534 vs=1 vage=31 vpage=31 vdt=30 vmax=745453 vacc=8257 vrej=0 seq=0 elapsed=0 oled=3C
[    672] STATUS mode=1 fault=none enc=-292 denc=0 sreq=0 sapplied=0 crate=0 uimp=-262865 upos=2760 uneg=2805 ball=114.22 vball=-0.13 aball=0.0 bref=0.00 pid=0.0 pref=-262.9 ppos=-262.9 apid=0.0 integ=0.0 vision=1 current=1 vframe=9535 vs=1 vage=49 vpage=49 vdt=32 vmax=745453 vacc=8258 vrej=0 seq=0 elapsed=0 oled=3C
[    733] STATUS mode=1 fault=none enc=-292 denc=0 sreq=0 sapplied=0 crate=0 uimp=-262865 upos=2760 uneg=2805 ball=114.22 vball=-0.13 aball=0.0 bref=0.00 pid=0.0 pref=-262.9 ppos=-262.9 apid=0.0 integ=0.0 vision=1 current=1 vframe=9535 vs=1 vage=99 vpage=99 vdt=32 vmax=745453 vacc=8258 vrej=0 seq=0 elapsed=0 oled=3C
[    781] STATUS mode=1 fault=none enc=-292 denc=0 sreq=0 sapplied=0 crate=0 uimp=-262865 upos=2760 uneg=2805 ball=114.31 vball=0.31 aball=0.0 bref=0.00 pid=0.0 pref=-262.9 ppos=-262.9 apid=0.0 integ=0.0 vision=1 current=1 vframe=9537 vs=1 vage=16 vpage=16 vdt=29 vmax=745453 vacc=8260 vrej=0 seq=0 elapsed=0 oled=3C
[    828] STATUS mode=1 fault=none enc=-292 denc=0 sreq=0 sapplied=0 crate=0 uimp=-262865 upos=2760 uneg=2805 ball=114.30 vball=-0.08 aball=0.0 bref=0.00 pid=0.0 pref=-262.9 ppos=-262.9 apid=0.0 integ=0.0 vision=1 current=1 vframe=9538 vs=1 vage=33 vpage=33 vdt=33 vmax=745453 vacc=8261 vrej=0 seq=0 elapsed=0 oled=3C
[    875] STATUS mode=1 fault=none enc=-292 denc=0 sreq=0 sapplied=0 crate=0 uimp=-262865 upos=2760 uneg=2805 ball=114.30 vball=-0.08 aball=0.0 bref=0.00 pid=0.0 pref=-262.9 ppos=-262.9 apid=0.0 integ=0.0 vision=1 current=1 vframe=9538 vs=1 vage=83 vpage=83 vdt=33 vmax=745453 vacc=8261 vrej=0 seq=0 elapsed=0 oled=3C
[    922] STATUS mode=1 fault=none enc=-292 denc=0 sreq=0 sapplied=0 crate=0 uimp=-262865 upos=2760 uneg=2805 ball=114.19 vball=-0.93 aball=0.0 bref=0.00 pid=0.0 pref=-262.9 ppos=-262.9 apid=0.0 integ=0.0 vision=1 current=1 vframe=9539 vs=1 vage=29 vpage=29 vdt=104 vmax=745453 vacc=8262 vrej=0 seq=0 elapsed=0 oled=3C
[    983] STATUS mode=1 fault=none enc=-292 denc=0 sreq=0 sapplied=0 crate=0 uimp=-262865 upos=2760 uneg=2805 ball=114.20 vball=-0.08 aball=0.0 bref=0.00 pid=0.0 pref=-262.9 ppos=-262.9 apid=0.0 integ=0.0 vision=1 current=1 vframe=9541 vs=1 vage=16 vpage=16 vdt=33 vmax=745453 vacc=8264 vrej=0 seq=0 elapsed=0 oled=3C
[   1031] STATUS mode=1 fault=none enc=-292 denc=0 sreq=0 sapplied=0 crate=0 uimp=-262865 upos=2760 uneg=2805 ball=114.20 vball=-0.08 aball=0.0 bref=0.00 pid=0.0 pref=-262.9 ppos=-262.9 apid=0.0 integ=0.0 vision=1 current=1 vframe=9541 vs=1 vage=66 vpage=66 vdt=33 vmax=745453 vacc=8264 vrej=0 seq=0 elapsed=0 oled=3C
[   1078] STATUS mode=1 fault=none enc=-292 denc=0 sreq=0 sapplied=0 crate=0 uimp=-262865 upos=2760 uneg=2805 ball=114.19 vball=-0.08 aball=0.0 bref=0.00 pid=0.0 pref=-262.9 ppos=-262.9 apid=0.0 integ=0.0 vision=1 current=1 vframe=9542 vs=1 vage=20 vpage=20 vdt=96 vmax=745453 vacc=8265 vrej=0 seq=0 elapsed=0 oled=3C
[   1125] STATUS mode=1 fault=none enc=-292 denc=0 sreq=0 sapplied=0 crate=0 uimp=-262865 upos=2760 uneg=2805 ball=114.26 vball=0.81 aball=0.0 bref=0.00 pid=0.0 pref=-262.9 ppos=-262.9 apid=0.0 integ=0.0 vision=1 current=1 vframe=9544 vs=1 vage=16 vpage=16 vdt=32 vmax=745453 vacc=8267 vrej=0 seq=0 elapsed=0 oled=3C
[   1172] STATUS mode=1 fault=none enc=-292 denc=0 sreq=0 sapplied=0 crate=0 uimp=-262865 upos=2760 uneg=2805 ball=114.26 vball=0.81 aball=0.0 bref=0.00 pid=0.0 pref=-262.9 ppos=-262.9 apid=0.0 integ=0.0 vision=1 current=1 vframe=9544 vs=1 vage=66 vpage=66 vdt=32 vmax=745453 vacc=8267 vrej=0 seq=0 elapsed=0 oled=3C
[   1233] STATUS mode=1 fault=none enc=-292 denc=0 sreq=0 sapplied=0 crate=0 uimp=-262865 upos=2760 uneg=2805 ball=114.23 vball=0.34 aball=0.0 bref=0.00 pid=0.0 pref=-262.9 ppos=-262.9 apid=0.0 integ=0.0 vision=1 current=1 vframe=9545 vs=1 vage=17 vpage=17 vdt=99 vmax=745453 vacc=8268 vrej=0 seq=0 elapsed=0 oled=3C
[   1281] STATUS mode=1 fault=none enc=-292 denc=0 sreq=0 sapplied=0 crate=0 uimp=-262865 upos=2760 uneg=2805 ball=114.17 vball=-0.96 aball=0.0 bref=0.00 pid=0.0 pref=-262.9 ppos=-262.9 apid=0.0 integ=0.0 vision=1 current=1 vframe=9546 vs=1 vage=32 vpage=32 vdt=35 vmax=745453 vacc=8269 vrej=0 seq=0 elapsed=0 oled=3C
[   1328] STATUS mode=1 fault=none enc=-292 denc=0 sreq=0 sapplied=0 crate=0 uimp=-262865 upos=2760 uneg=2805 ball=114.17 vball=-0.96 aball=0.0 bref=0.00 pid=0.0 pref=-262.9 ppos=-262.9 apid=0.0 integ=0.0 vision=1 current=1 vframe=9546 vs=1 vage=82 vpage=82 vdt=35 vmax=745453 vacc=8269 vrej=0 seq=0 elapsed=0 oled=3C
[   1375] STATUS mode=1 fault=none enc=-292 denc=0 sreq=0 sapplied=0 crate=0 uimp=-262865 upos=2760 uneg=2805 ball=114.13 vball=-0.62 aball=0.0 bref=0.00 pid=0.0 pref=-262.9 ppos=-262.9 apid=0.0 integ=0.0 vision=1 current=1 vframe=9548 vs=1 vage=16 vpage=16 vdt=11 vmax=745453 vacc=8271 vrej=0 seq=0 elapsed=0 oled=3C
[   1422] STATUS mode=1 fault=none enc=-292 denc=0 sreq=0 sapplied=0 crate=0 uimp=-262865 upos=2760 uneg=2805 ball=114.26 vball=2.25 aball=0.0 bref=0.00 pid=0.0 pref=-262.9 ppos=-262.9 apid=0.0 integ=0.0 vision=1 current=1 vframe=9549 vs=1 vage=32 vpage=32 vdt=34 vmax=745453 vacc=8272 vrej=0 seq=0 elapsed=0 oled=3C
[   1483] STATUS mode=1 fault=none enc=-292 denc=0 sreq=0 sapplied=0 crate=0 uimp=-262865 upos=2760 uneg=2805 ball=114.26 vball=2.25 aball=0.0 bref=0.00 pid=0.0 pref=-262.9 ppos=-262.9 apid=0.0 integ=0.0 vision=1 current=1 vframe=9549 vs=1 vage=82 vpage=82 vdt=34 vmax=745453 vacc=8272 vrej=0 seq=0 elapsed=0 oled=3C
[   1500] S
[   1531] TATUS mode=1 fault=none enc=-292 denc=0 sreq=0 sapplied=0 crate=0 uimp=-262865 upos=2760 uneg=2805 ball=114.28 vball=0.88 aball=0.0 bref=0.00 pid=0.0 pref=-262.9 ppos=-262.9 apid=0.0 integ=0.0 vision=1 current=1 vframe=9551 vs=1 vage=18 vpage=18 vdt=8 vmax=745453 vacc=8274 vrej=0 seq=0 elapsed=0 oled=3C
[   1578] STATUS mode=1 fault=none enc=-292 denc=0 sreq=0 sapplied=0 crate=0 uimp=-262865 upos=2760 uneg=2805 ball=114.19 vball=-1.05 aball=0.0 bref=0.00 pid=0.0 pref=-262.9 ppos=-262.9 apid=0.0 integ=0.0 vision=1 current=1 vframe=9553 vs=1 vage=16 vpage=16 vdt=32 vmax=745453 vacc=8276 vrej=0 seq=0 elapsed=0 oled=3C
[   1625] STATUS mode=1 fault=none enc=-292 denc=0 sreq=0 sapplied=0 crate=0 uimp=-262865 upos=2760 uneg=2805 ball=114.19 vball=-1.05 aball=0.0 bref=0.00 pid=0.0 pref=-262.9 ppos=-262.9 apid=0.0 integ=0.0 vision=1 current=1 vframe=9553 vs=1 vage=66 vpage=66 vdt=32 vmax=745453 vacc=8276 vrej=0 seq=0 elapsed=0 oled=3C
[   1672] STATUS mode=1 fault=none enc=-292 denc=0 sreq=0 sapplied=0 crate=0 uimp=-262865 upos=2760 uneg=2805 ball=114.13 vball=-1.02 aball=0.0 bref=0.00 pid=0.0 pref=-262.9 ppos=-262.9 apid=0.0 integ=0.0 vision=1 current=1 vframe=9554 vs=1 vage=17 vpage=17 vdt=99 vmax=745453 vacc=8277 vrej=0 seq=0 elapsed=0 oled=3C
[   1733] STATUS mode=1 fault=none enc=-292 denc=0 sreq=0 sapplied=0 crate=0 uimp=-262865 upos=2760 uneg=2805 ball=114.16 vball=0.13 aball=0.0 bref=0.00 pid=0.0 pref=-262.9 ppos=-262.9 apid=0.0 integ=0.0 vision=1 current=1 vframe=9555 vs=1 vage=32 vpage=32 vdt=35 vmax=745453 vacc=8278 vrej=0 seq=0 elapsed=0 oled=3C
[   1781] STATUS mode=1 fault=none enc=-292 denc=0 sreq=0 sapplied=0 crate=0 uimp=-262865 upos=2760 uneg=2805 ball=114.16 vball=0.13 aball=0.0 bref=0.00 pid=0.0 pref=-262.9 ppos=-262.9 apid=0.0 integ=0.0 vision=1 current=1 vframe=9555 vs=1 vage=82 vpage=82 vdt=35 vmax=745453 vacc=8278 vrej=0 seq=0 elapsed=0 oled=3C
[   1828] STATUS mode=1 fault=none enc=-292 denc=0 sreq=0 sapplied=0 crate=0 uimp=-262865 upos=2760 uneg=2805 ball=114.16 vball=0.06 aball=0.0 bref=0.00 pid=0.0 pref=-262.9 ppos=-262.9 apid=0.0 integ=0.0 vision=1 current=1 vframe=9557 vs=1 vage=20 vpage=20 vdt=7 vmax=745453 vacc=8280 vrej=0 seq=0 elapsed=0 oled=3C
[   1875] STATUS mode=1 fault=none enc=-292 denc=0 sreq=0 sapplied=0 crate=0 uimp=-262865 upos=2760 uneg=2805 ball=114.25 vball=1.92 aball=0.0 bref=0.00 pid=0.0 pref=-262.9 ppos=-262.9 apid=0.0 integ=0.0 vision=1 current=1 vframe=9558 vs=1 vage=33 vpage=33 vdt=37 vmax=745453 vacc=8281 vrej=0 seq=0 elapsed=0 oled=3C
[   1922] STATUS mode=1 fault=none enc=-292 denc=0 sreq=0 sapplied=0 crate=0 uimp=-262865 upos=2760 uneg=2805 ball=114.25 vball=1.92 aball=0.0 bref=0.00 pid=0.0 pref=-262.9 ppos=-262.9 apid=0.0 integ=0.0 vision=1 current=1 vframe=9558 vs=1 vage=83 vpage=83 vdt=37 vmax=745453 vacc=8281 vrej=0 seq=0 elapsed=0 oled=3C
[   1983] STATUS mode=1 fault=none enc=-292 denc=0 sreq=0 sapplied=0 crate=0 uimp=-262865 upos=2760 uneg=2805 ball=113.92 vball=-2.09 aball=0.0 bref=0.00 pid=0.0 pref=-262.9 ppos=-262.9 apid=0.0 integ=0.0 vision=1 current=1 vframe=9560 vs=1 vage=7 vpage=7 vdt=9 vmax=745453 vacc=8283 vrej=0 seq=0 elapsed=0 oled=3C
[   2031] STATUS mode=1 fault=none enc=-292 denc=0 sreq=0 sapplied=0 crate=0 uimp=-262865 upos=2760 uneg=2805 ball=113.96 vball=-0.26 aball=0.0 bref=0.00 pid=0.0 pref=-262.9 ppos=-262.9 apid=0.0 integ=0.0 vision=1 current=1 vframe=9561 vs=1 vage=33 vpage=33 vdt=24 vmax=745453 vacc=8284 vrej=0 seq=0 elapsed=0 oled=3C
[   2078] STATUS mode=1 fault=none enc=-292 denc=0 sreq=0 sapplied=0 crate=0 uimp=-262865 upos=2760 uneg=2805 ball=113.98 vball=0.16 aball=0.0 bref=0.00 pid=0.0 pref=-262.9 ppos=-262.9 apid=0.0 integ=0.0 vision=1 current=1 vframe=9562 vs=1 vage=50 vpage=50 vdt=33 vmax=745453 vacc=8285 vrej=0 seq=0 elapsed=0 oled=3C
[   2125] STATUS mode=1 fault=none enc=-292 denc=0 sreq=0 sapplied=0 crate=0 uimp=-262865 upos=2760 uneg=2805 ball=113.98 vball=0.16 aball=0.0 bref=0.00 pid=0.0 pref=-262.9 ppos=-262.9 apid=0.0 integ=0.0 vision=1 current=1 vframe=9562 vs=1 vage=100 vpage=100 vdt=33 vmax=745453 vacc=8285 vrej=0 seq=0 elapsed=0 oled=3C
[   2172] STATUS mode=1 fault=none enc=-292 denc=0 sreq=0 sapplied=0 crate=0 uimp=-262865 upos=2760 uneg=2805 ball=114.21 vball=3.50 aball=0.0 bref=0.00 pid=0.0 pref=-262.9 ppos=-262.9 apid=0.0 integ=0.0 vision=1 current=1 vframe=9564 vs=1 vage=17 vpage=17 vdt=29 vmax=745453 vacc=8287 vrej=0 seq=0 elapsed=0 oled=3C
[   2233] STATUS mode=1 fault=none enc=-292 denc=0 sreq=0 sapplied=0 crate=0 uimp=-262865 upos=2760 uneg=2805 ball=114.25 vball=2.35 aball=0.0 bref=0.00 pid=0.0 pref=-262.9 ppos=-262.9 apid=0.0 integ=0.0 vision=1 current=1 vframe=9565 vs=1 vage=34 vpage=34 vdt=33 vmax=745453 vacc=8288 vrej=0 seq=0 elapsed=0 oled=3C
[   2281] STATUS mode=1 fault=none enc=-292 denc=0 sreq=0 sapplied=0 crate=0 uimp=-262865 upos=2760 uneg=2805 ball=114.25 vball=2.35 aball=0.0 bref=0.00 pid=0.0 pref=-262.9 ppos=-262.9 apid=0.0 integ=0.0 vision=1 current=1 vframe=9565 vs=1 vage=84 vpage=84 vdt=33 vmax=745453 vacc=8288 vrej=0 seq=0 elapsed=0 oled=3C
[   2328] STATUS mode=1 fault=none enc=-292 denc=0 sreq=0 sapplied=0 crate=0 uimp=-262865 upos=2760 uneg=2805 ball=114.22 vball=-0.45 aball=0.0 bref=0.00 pid=0.0 pref=-262.9 ppos=-262.9 apid=0.0 integ=0.0 vision=1 current=1 vframe=9567 vs=1 vage=17 vpage=17 vdt=23 vmax=745453 vacc=8290 vrej=0 seq=0 elapsed=0 oled=3C
[   2375] STATUS mode=1 fault=none enc=-292 denc=0 sreq=0 sapplied=0 crate=0 uimp=-262865 upos=2760 uneg=2805 ball=114.21 vball=-0.30 aball=0.0 bref=0.00 pid=0.0 pref=-262.9 ppos=-262.9 apid=0.0 integ=0.0 vision=1 current=1 vframe=9568 vs=1 vage=34 vpage=34 vdt=33 vmax=745453 vacc=8291 vrej=0 seq=0 elapsed=0 oled=3C
[   2422] STATUS mode=1 fault=none enc=-292 denc=0 sreq=0 sapplied=0 crate=0 uimp=-262865 upos=2760 uneg=2805 ball=114.21 vball=-0.30 aball=0.0 bref=0.00 pid=0.0 pref=-262.9 ppos=-262.9 apid=0.0 integ=0.0 vision=1 current=1 vframe=9568 vs=1 vage=84 vpage=84 vdt=33 vmax=745453 vacc=8291 vrej=0 seq=0 elapsed=0 oled=3C
[   2483] STATUS mode=1 fault=none enc=-292 denc=0 sreq=0 sapplied=0 crate=0 uimp=-262865 upos=2760 uneg=2805 ball=114.22 vball=0.02 aball=0.0 bref=0.00 pid=0.0 pref=-262.9 ppos=-262.9 apid=0.0 integ=0.0 vision=1 current=1 vframe=9570 vs=1 vage=17 vpage=17 vdt=24 vmax=745453 vacc=8293 vrej=0 seq=0 elapsed=0 oled=3C
[   2531] STATUS mode=1 fault=none enc=-292 denc=0 sreq=0 sapplied=0 crate=0 uimp=-262865 upos=2760 uneg=2805 ball=114.22 vball=0.02 aball=0.0 bref=0.00 pid=0.0 pref=-262.9 ppos=-262.9 apid=0.0 integ=0.0 vision=1 current=1 vframe=9571 vs=1 vage=34 vpage=34 vdt=33 vmax=745453 vacc=8294 vrej=0 seq=0 elapsed=0 oled=3C
[   2578] STATUS mode=1 fault=none enc=-292 denc=0 sreq=0 sapplied=0 crate=0 uimp=-262865 upos=2760 uneg=2805 ball=114.22 vball=0.02 aball=0.0 bref=0.00 pid=0.0 pref=-262.9 ppos=-262.9 apid=0.0 integ=0.0 vision=1 current=1 vframe=9571 vs=1 vage=84 vpage=84 vdt=33 vmax=745453 vacc=8294 vrej=0 seq=0 elapsed=0 oled=3C
[   2625] STATUS mode=1 fault=none enc=-292 denc=0 sreq=0 sapplied=0 crate=0 uimp=-262865 upos=2760 uneg=2805 ball=114.20 vball=-0.15 aball=0.0 bref=0.00 pid=0.0 pref=-262.9 ppos=-262.9 apid=0.0 integ=0.0 vision=1 current=1 vframe=9573 vs=1 vage=17 vpage=17 vdt=24 vmax=745453 vacc=8296 vrej=0 seq=0 elapsed=0 oled=3C
[   2672] STATUS mode=1 fault=none enc=-292 denc=0 sreq=0 sapplied=0 crate=0 uimp=-262865 upos=2760 uneg=2805 ball=114.21 vball=0.11 aball=0.0 bref=0.00 pid=0.0 pref=-262.9 ppos=-262.9 apid=0.0 integ=0.0 vision=1 current=1 vframe=9574 vs=1 vage=33 vpage=33 vdt=34 vmax=745453 vacc=8297 vrej=0 seq=0 elapsed=0 oled=3C
[   2733] STATUS mode=1 fault=none enc=-292 denc=0 sreq=0 sapplied=0 crate=0 uimp=-262865 upos=2760 uneg=2805 ball=114.21 vball=0.11 aball=0.0 bref=0.00 pid=0.0 pref=-262.9 ppos=-262.9 apid=0.0 integ=0.0 vision=1 current=1 vframe=9574 vs=1 vage=83 vpage=83 vdt=34 vmax=745453 vacc=8297 vrej=0 seq=0 elapsed=0 oled=3C
[   2781] STATUS mode=1 fault=none enc=-292 denc=0 sreq=0 sapplied=0 crate=0 uimp=-262865 upos=2760 uneg=2805 ball=114.20 vball=-0.38 aball=0.0 bref=0.00 pid=0.0 pref=-262.9 ppos=-262.9 apid=0.0 integ=0.0 vision=1 current=1 vframe=9576 vs=1 vage=16 vpage=16 vdt=24 vmax=745453 vacc=8299 vrej=0 seq=0 elapsed=0 oled=3C
[   2828] STATUS mode=1 fault=none enc=-292 denc=0 sreq=0 sapplied=0 crate=0 uimp=-262865 upos=2760 uneg=2805 ball=114.20 vball=-0.22 aball=0.0 bref=0.00 pid=0.0 pref=-262.9 ppos=-262.9 apid=0.0 integ=0.0 vision=1 current=1 vframe=9577 vs=1 vage=33 vpage=33 vdt=33 vmax=745453 vacc=8300 vrej=0 seq=0 elapsed=0 oled=3C
[   2875] STATUS mode=1 fault=none enc=-292 denc=0 sreq=0 sapplied=0 crate=0 uimp=-262865 upos=2760 uneg=2805 ball=114.20 vball=-0.22 aball=0.0 bref=0.00 pid=0.0 pref=-262.9 ppos=-262.9 apid=0.0 integ=0.0 vision=1 current=1 vframe=9577 vs=1 vage=83 vpage=83 vdt=33 vmax=745453 vacc=8300 vrej=0 seq=0 elapsed=0 oled=3C
[   2922] STATUS mode=1 fault=none enc=-292 denc=0 sreq=0 sapplied=0 crate=0 uimp=-262865 upos=2760 uneg=2805 ball=114.22 vball=0.05 aball=0.0 bref=0.00 pid=0.0 pref=-262.9 ppos=-262.9 apid=0.0 integ=0.0 vision=1 current=1 vframe=9579 vs=1 vage=16 vpage=16 vdt=24 vmax=745453 vacc=8302 vrej=0 seq=0 elapsed=0 oled=3C
[   2983] STATUS mode=1 fault=none enc=-292 denc=0 sreq=0 sapplied=0 crate=0 uimp=-262865 upos=2760 uneg=2805 ball=114.26 vball=0.50 aball=0.0 bref=0.00 pid=0.0 pref=-262.9 ppos=-262.9 apid=0.0 integ=0.0 vision=1 current=1 vframe=9580 vs=1 vage=33 vpage=33 vdt=33 vmax=745453 vacc=8303 vrej=0 seq=0 elapsed=0 oled=3C
[   3031] STATUS mode=1 fault=none enc=-292 denc=0 sreq=0 sapplied=0 crate=0 uimp=-262865 upos=2760 uneg=2805 ball=114.26 vball=0.50 aball=0.0 bref=0.00 pid=0.0 pref=-262.9 ppos=-262.9 apid=0.0 integ=0.0 vision=1 current=1 vframe=9580 vs=1 vage=83 vpage=83 vdt=33 vmax=745453 vacc=8303 vrej=0 seq=0 elapsed=0 oled=3C
[   3078] STATUS mode=1 fault=none enc=-292 denc=0 sreq=0 sapplied=0 crate=0 uimp=-262865 upos=2760 uneg=2805 ball=114.19 vball=-0.72 aball=0.0 bref=0.00 pid=0.0 pref=-262.9 ppos=-262.9 apid=0.0 integ=0.0 vision=1 current=1 vframe=9582 vs=1 vage=17 vpage=17 vdt=20 vmax=745453 vacc=8305 vrej=0 seq=0 elapsed=0 oled=3C
[   3125] STATUS mode=1 fault=none enc=-292 denc=0 sreq=0 sapplied=0 crate=0 uimp=-262865 upos=2760 uneg=2805 ball=114.12 vball=-1.23 aball=0.0 bref=0.00 pid=0.0 pref=-262.9 ppos=-262.9 apid=0.0 integ=0.0 vision=1 current=1 vframe=9583 vs=1 vage=33 vpage=33 vdt=34 vmax=745453 vacc=8306 vrej=0 seq=0 elapsed=0 oled=3C
[   3172] STATUS mode=1 fault=none enc=-292 denc=0 sreq=0 sapplied=0 crate=0 uimp=-262865 upos=2760 uneg=2805 ball=114.12 vball=-1.23 aball=0.0 bref=0.00 pid=0.0 pref=-262.9 ppos=-262.9 apid=0.0 integ=0.0 vision=1 current=1 vframe=9583 vs=1 vage=83 vpage=83 vdt=34 vmax=745453 vacc=8306 vrej=0 seq=0 elapsed=0 oled=3C
[   3233] STATUS mode=1 fault=none enc=-292 denc=0 sreq=0 sapplied=0 crate=0 uimp=-262865 upos=2760 uneg=2805 ball=114.10 vball=-0.75 aball=0.0 bref=0.00 pid=0.0 pref=-262.9 ppos=-262.9 apid=0.0 integ=0.0 vision=1 current=1 vframe=9584 vs=1 vage=32 vpage=32 vdt=101 vmax=745453 vacc=8307 vrej=0 seq=0 elapsed=0 oled=3C
[   3281] STATUS mode=1 fault=none enc=-292 denc=0 sreq=0 sapplied=0 crate=0 uimp=-262865 upos=2760 uneg=2805 ball=114.13 vball=-0.01 aball=0.0 bref=0.00 pid=0.0 pref=-262.9 ppos=-262.9 apid=0.0 integ=0.0 vision=1 current=1 vframe=9586 vs=1 vage=17 vpage=17 vdt=33 vmax=745453 vacc=8309 vrej=0 seq=0 elapsed=0 oled=3C
[   3328] STATUS mode=1 fault=none enc=-292 denc=0 sreq=0 sapplied=0 crate=0 uimp=-262865 upos=2760 uneg=2805 ball=114.13 vball=-0.01 aball=0.0 bref=0.00 pid=0.0 pref=-262.9 ppos=-262.9 apid=0.0 integ=0.0 vision=1 current=1 vframe=9586 vs=1 vage=67 vpage=67 vdt=33 vmax=745453 vacc=8309 vrej=0 seq=0 elapsed=0 oled=3C
[   3375] STATUS mode=1 fault=none enc=-292 denc=0 sreq=0 sapplied=0 crate=0 uimp=-262865 upos=2760 uneg=2805 ball=114.13 vball=0.00 aball=0.0 bref=0.00 pid=0.0 pref=-262.9 ppos=-262.9 apid=0.0 integ=0.0 vision=1 current=1 vframe=9587 vs=1 vage=17 vpage=17 vdt=100 vmax=745453 vacc=8310 vrej=0 seq=0 elapsed=0 oled=3C
[   3422] STATUS mode=1 fault=none enc=-292 denc=0 sreq=0 sapplied=0 crate=0 uimp=-262865 upos=2760 uneg=2805 ball=114.19 vball=0.91 aball=0.0 bref=0.00 pid=0.0 pref=-262.9 ppos=-262.9 apid=0.0 integ=0.0 vision=1 current=1 vframe=9588 vs=1 vage=33 vpage=33 vdt=34 vmax=745453 vacc=8311 vrej=0 seq=0 elapsed=0 oled=3C
[   3483] STATUS mode=1 fault=none enc=-292 denc=0 sreq=0 sapplied=0 crate=0 uimp=-262865 upos=2760 uneg=2805 ball=114.23 vball=1.07 aball=0.0 bref=0.00 pid=0.0 pref=-262.9 ppos=-262.9 apid=0.0 integ=0.0 vision=1 current=1 vframe=9589 vs=1 vage=50 vpage=50 vdt=33 vmax=745453 vacc=8312 vrej=0 seq=0 elapsed=0 oled=3C
[   3500] S
[   3500] >>> stream off
[   3531] TATUS mode=1 fault=none enc=-292 denc=0 sreq=0 sapplied=0 crate=0 uimp=-262865 upos=2760 uneg=2805 ball=114.23 vball=1.07 aball=0.0 bref=0.00 pid=0.0 pref=-262.9 ppos=-262.9 apid=0.0 integ=0.0 vision=1 current=1 vframe=9589 vs=1 vage=100 vpage=100 vdt=33 vmax=745453 vacc=8312 vrej=0 seq=0 elapsed=0 oled=3C
[   3531] OK stream off
[   5016] >>> status
[   5047] STATUS mode=1 fault=none enc=-292 denc=0 sreq=0 sapplied=0 crate=0 uimp=-262865 upos=2760 uneg=2805 ball=113.16 vball=1.35 aball=0.0 bref=0.00 pid=0.0 pref=-262.9 ppos=-262.9 apid=0.0 integ=0.0 vision=1 current=1 vframe=9619 vs=1 vage=66 vpage=66 vdt=33 vmax=745453 vacc=8342 vrej=0 seq=0 elapsed=0 oled=3C
