[      0] >>> stream on 50
[      0] OK stream on 50 ms
[     79] STATUS mode=1 fault=none enc=-374 denc=0 sreq=0 sapplied=0 crate=0 uimp=-291720 upos=1420 uneg=4075 ball=-92.72 vball=0.23 aball=0.0 bref=0.00 pid=0.0 pref=-291.7 ppos=-291.7 apid=0.0 integ=0.0 vision=1 current=1 vframe=1207 vs=1 vage=25 vpage=25 vdt=37 vmax=175 vacc=1207 vrej=0 seq=0 elapsed=0 oled=3C
[    110] STATUS mode=1 fault=none enc=-374 denc=0 sreq=0 sapplied=
[    125] 0 crate=0 uimp=-291720 upos=1420 uneg=4075 ball=-92.72 vball=0.23 aball=0.0 bref=0.00 pid=0.0 pref=-291.7 ppos=-291.7 apid=0.0 integ=0.0 vision=1 current=1 vframe=1207 vs=1 vage=75 vpage=75 vdt=37 vmax=175 vacc=1207 vrej=0 seq=0 elapsed=0 oled=3C
[    172] STATUS mode=1 fault=none enc=-374 denc=0 sreq=0 sapplied=0 crate=0 uimp=-291720 upos=1420 uneg=4075 ball=-92.71 vball=0.12 aball=0.0 bref=0.00 pid=0.0 pref=-291.7 ppos=-291.7 apid=0.0 integ=0.0 vision=1 current=1 vframe=1209 vs=1 vage=11 vpage=11 vdt=7 vmax=175 vacc=1209 vrej=0 seq=0 elapsed=0 oled=3C
[    219] STATUS mode=1 fault=none enc=-374 denc=0 sreq=0 sapplied=0 crate=0 uimp=-291720 upos=1420 uneg=4075 ball=-92.70 vball=0.16 aball=0.0 bref=0.00 pid=0.0 pref=-291.7 ppos=-291.7 apid=0.0 integ=0.0 vision=1 current=1 vframe=1210 vs=1 vage=25 vpage=25 vdt=36 vmax=175 vacc=1210 vrej=0 seq=0 elapsed=0 oled=3C
[    282] STATUS mode=1 fault=none enc=-374 denc=0 sreq=0 sapplied=0 crate=0 uimp=-291720 upos=1420 uneg=4075 ball=-92.70 vball=0.16 aball=0.0 bref=0.00 pid=0.0 pref=-291.7 ppos=-291.7 apid=0.0 integ=0.0 vision=1 current=1 vframe=1210 vs=1 vage=75 vpage=75 vdt=36 vmax=175 vacc=1210 vrej=0 seq=0 elapsed=0 oled=3C
[    329] STATUS mode=1 fault=none enc=-374 denc=0 sreq=0 sapplied=0 crate=0 uimp=-291720 upos=1420 uneg=4075 ball=-92.70 vball=0.06 aball=0.0 bref=0.00 pid=0.0 pref=-291.7 ppos=-291.7 apid=0.0 integ=0.0 vision=1 current=1 vframe=1212 vs=1 vage=13 vpage=13 vdt=8 vmax=175 vacc=1212 vrej=0 seq=0 elapsed=0 oled=3C
[    375] STATUS mode=1 fault=none enc=-374 denc=0 sreq=0 sapplied=0 crate=0 uimp=-291720 upos=1420 uneg=4075 ball=-92.72 vball=-0.21 aball=0.0 bref=0.00 pid=0.0 pref=-291.7 ppos=-291.7 apid=0.0 integ=0.0 vision=1 current=1 vframe=1214 vs=1 vage=8 vpage=8 vdt=34 vmax=175 vacc=1214 vrej=0 seq=0 elapsed=0 oled=3C
[    422] STATUS mode=1 fault=none enc=-374 denc=0 sreq=0 sapplied=0 crate=0 uimp=-291720 upos=1420 uneg=4075 ball=-92.72 vball=-0.21 aball=0.0 bref=0.00 pid=0.0 pref=-291.7 ppos=-291.7 apid=0.0 integ=0.0 vision=1 current=1 vframe=1214 vs=1 vage=58 vpage=58 vdt=34 vmax=175 vacc=1214 vrej=0 seq=0 elapsed=0 oled=3C
[    469] STATUS mode=1 fault=none enc=-374 denc=0 sreq=0 sapplied=0 crate=0 uimp=-291720 upos=1420 uneg=4075 ball=-92.51 vball=0.62 aball=0.0 bref=0.00 pid=0.0 pref=-291.7 ppos=-291.7 apid=0.0 integ=0.0 vision=1 current=1 vframe=1215 vs=1 vage=13 vpage=13 vdt=95 vmax=175 vacc=1215 vrej=0 seq=0 elapsed=0 oled=3C
[    532] STATUS mode=1 fault=none enc=-374 denc=0 sreq=0 sapplied=0 crate=0 uimp=-291720 upos=1420 uneg=4075 ball=-92.40 vball=1.69 aball=0.0 bref=0.00 pid=0.0 pref=-291.7 ppos=-291.7 apid=0.0 integ=0.0 vision=1 current=1 vframe=1217 vs=1 vage=8 vpage=8 vdt=34 vmax=175 vacc=1217 vrej=0 seq=0 elapsed=0 oled=3C
[    579] STATUS mode=1 fault=none enc=-374 denc=0 sreq=0 sapplied=0 crate=0 uimp=-291720 upos=1420 uneg=4075 ball=-92.40 vball=1.69 aball=0.0 bref=0.00 pid=0.0 pref=-291.7 ppos=-291.7 apid=0.0 integ=0.0 vision=1 current=1 vframe=1217 vs=1 vage=58 vpage=58 vdt=34 vmax=175 vacc=1217 vrej=0 seq=0 elapsed=0 oled=3C
[    625] STATUS mode=1 fault=none enc=-374 denc=0 sreq=0 sapplied=0 crate=0 uimp=-291720 upos=1420 uneg=4075 ball=-92.39 vball=0.87 aball=0.0 bref=0.00 pid=0.0 pref=-291.7 ppos=-291.7 apid=0.0 integ=0.0 vision=1 current=1 vframe=1218 vs=1 vage=12 vpage=12 vdt=96 vmax=175 vacc=1218 vrej=0 seq=0 elapsed=0 oled=3C
[    672] STATUS mode=1 fault=none enc=-374 denc=0 sreq=0 sapplied=0 crate=0 uimp=-291720 upos=1420 uneg=4075 ball=-92.44 vball=-0.27 aball=0.0 bref=0.00 pid=0.0 pref=-291.7 ppos=-291.7 apid=0.0 integ=0.0 vision=1 current=1 vframe=1220 vs=1 vage=8 vpage=8 vdt=33 vmax=175 vacc=1220 vrej=0 seq=0 elapsed=0 oled=3C
[    719] STATUS mode=1 fault=none enc=-374 denc=0 sreq=0 sapplied=0 crate=0 uimp=-291720 upos=1420 uneg=4075 ball=-92.44 vball=-0.27 aball=0.0 bref=0.00 pid=0.0 pref=-291.7 ppos=-291.7 apid=0.0 integ=0.0 vision=1 current=1 vframe=1220 vs=1 vage=58 vpage=58 vdt=33 vmax=175 vacc=1220 vrej=0 seq=0 elapsed=0 oled=3C
[    782] STATUS mode=1 fault=none enc=-374 denc=0 sreq=0 sapplied=0 crate=0 uimp=-291720 upos=1420 uneg=4075 ball=-92.78 vball=-3.04 aball=0.0 bref=0.00 pid=0.0 pref=-291.7 ppos=-291.7 apid=0.0 integ=0.0 vision=1 current=1 vframe=1221 vs=1 vage=13 vpage=13 vdt=95 vmax=175 vacc=1221 vrej=0 seq=0 elapsed=0 oled=3C
[    829] STATUS mode=1 fault=none enc=-374 denc=0 sreq=0 sapplied=0 crate=0 uimp=-291720 upos=1420 uneg=4075 ball=-92.39 vball=4.27 aball=0.0 bref=0.00 pid=0.0 pref=-291.7 ppos=-291.7 apid=0.0 integ=0.0 vision=1 current=1 vframe=1223 vs=1 vage=9 vpage=9 vdt=34 vmax=175 vacc=1223 vrej=0 seq=0 elapsed=0 oled=3C
[    875] STATUS mode=1 fault=none enc=-374 denc=0 sreq=0 sapplied=0 crate=0 uimp=-291720 upos=1420 uneg=4075 ball=-92.39 vball=4.27 aball=0.0 bref=0.00 pid=0.0 pref=-291.7 ppos=-291.7 apid=0.0 integ=0.0 vision=1 current=1 vframe=1223 vs=1 vage=59 vpage=59 vdt=34 vmax=175 vacc=1223 vrej=0 seq=0 elapsed=0 oled=3C
[    922] STATUS mode=1 fault=none enc=-374 denc=0 sreq=0 sapplied=0 crate=0 uimp=-291720 upos=1420 uneg=4075 ball=-92.35 vball=2.32 aball=0.0 bref=0.00 pid=0.0 pref=-291.7 ppos=-291.7 apid=0.0 integ=0.0 vision=1 current=1 vframe=1224 vs=1 vage=13 vpage=13 vdt=96 vmax=175 vacc=1224 vrej=0 seq=0 elapsed=0 oled=3C
[    969] STATUS mode=1 fault=none enc=-374 denc=0 sreq=0 sapplied=0 crate=0 uimp=-291720 upos=1420 uneg=4075 ball=-92.64 vball=-4.04 aball=0.0 bref=0.00 pid=0.0 pref=-291.7 ppos=-291.7 apid=0.0 integ=0.0 vision=1 current=1 vframe=1226 vs=1 vage=9 vpage=9 vdt=34 vmax=175 vacc=1226 vrej=0 seq=0 elapsed=0 oled=3C
[   1032] STATUS mode=1 fault=none enc=-374 denc=0 sreq=0 sapplied=0 crate=0 uimp=-291720 upos=1420 uneg=4075 ball=-92.64 vball=-4.04 aball=0.0 bref=0.00 pid=0.0 pref=-291.7 ppos=-291.7 apid=0.0 integ=0.0 vision=1 current=1 vframe=1226 vs=1 vage=59 vpage=59 vdt=34 vmax=175 vacc=1226 vrej=0 seq=0 elapsed=0 oled=3C
[   1079] STATUS mode=1 fault=none enc=-374 denc=0 sreq=0 sapplied=0 crate=0 uimp=-291720 upos=1420 uneg=4075 ball=-92.81 vball=-3.34 aball=0.0 bref=0.00 pid=0.0 pref=-291.7 ppos=-291.7 apid=0.0 integ=0.0 vision=1 current=1 vframe=1227 vs=1 vage=14 vpage=14 vdt=95 vmax=175 vacc=1227 vrej=0 seq=0 elapsed=0 oled=3C
[   1125] STATUS mode=1 fault=none enc=-374 denc=0 sreq=0 sapplied=0 crate=0 uimp=-291720 upos=1420 uneg=4075 ball=-92.42 vball=3.56 aball=0.0 bref=0.00 pid=0.0 pref=-291.7 ppos=-291.7 apid=0.0 integ=0.0 vision=1 current=1 vframe=1229 vs=1 vage=9 vpage=9 vdt=34 vmax=175 vacc=1229 vrej=0 seq=0 elapsed=0 oled=3C
[   1172] STATUS mode=1 fault=none enc=-374 denc=0 sreq=0 sapplied=0 crate=0 uimp=-291720 upos=1420 uneg=4075 ball=-92.42 vball=3.56 aball=0.0 bref=0.00 pid=0.0 pref=-291.7 ppos=-291.7 apid=0.0 integ=0.0 vision=1 current=1 vframe=1229 vs=1 vage=59 vpage=59 vdt=34 vmax=175 vacc=1229 vrej=0 seq=0 elapsed=0 oled=3C
[   1219] STATUS mode=1 fault=none enc=-374 denc=0 sreq=0 sapplied=0 crate=0 uimp=-291720 upos=1420 uneg=4075 ball=-92.35 vball=2.25 aball=0.0 bref=0.00 pid=0.0 pref=-291.7 ppos=-291.7 apid=0.0 integ=0.0 vision=1 current=1 vframe=1230 vs=1 vage=13 vpage=13 vdt=96 vmax=175 vacc=1230 vrej=0 seq=0 elapsed=0 oled=3C
[   1282] STATUS mode=1 fault=none enc=-374 denc=0 sreq=0 sapplied=0 crate=0 uimp=-291720 upos=1420 uneg=4075 ball=-92.41 vball=-0.49 aball=0.0 bref=0.00 pid=0.0 pref=-291.7 ppos=-291.7 apid=0.0 integ=0.0 vision=1 current=1 vframe=1231 vs=1 vage=26 vpage=26 vdt=37 vmax=175 vacc=1231 vrej=0 seq=0 elapsed=0 oled=3C
[   1329] STATUS mode=1 fault=none enc=-374 denc=0 sreq=0 sapplied=0 crate=0 uimp=-291720 upos=1420 uneg=4075 ball=-92.41 vball=-0.49 aball=0.0 bref=0.00 pid=0.0 pref=-291.7 ppos=-291.7 apid=0.0 integ=0.0 vision=1 current=1 vframe=1231 vs=1 vage=76 vpage=76 vdt=37 vmax=175 vacc=1231 vrej=0 seq=0 elapsed=0 oled=3C
[   1375] STATUS mode=1 fault=none enc=-374 denc=0 sreq=0 sapplied=0 crate=0 uimp=-291720 upos=1420 uneg=4075 ball=-92.42 vball=-0.21 aball=0.0 bref=0.00 pid=0.0 pref=-291.7 ppos=-291.7 apid=0.0 integ=0.0 vision=1 current=1 vframe=1233 vs=1 vage=14 vpage=14 vdt=7 vmax=175 vacc=1233 vrej=0 seq=0 elapsed=0 oled=3C
[   1422] STATUS mode=1 fault=none enc=-374 denc=0 sreq=0 sapplied=0 crate=0 uimp=-291720 upos=1420 uneg=4075 ball=-92.70 vball=-3.11 aball=0.0 bref=0.00 pid=0.0 pref=-291.7 ppos=-291.7 apid=0.0 integ=0.0 vision=1 current=1 vframe=1235 vs=1 vage=9 vpage=9 vdt=32 vmax=175 vacc=1235 vrej=0 seq=0 elapsed=0 oled=3C
[   1469] STATUS mode=1 fault=none enc=-374 denc=0 sreq=0 sapplied=0 crate=0 uimp=-291720 upos=1420 uneg=4075 ball=-92.70 vball=-3.11 aball=0.0 bref=0.00 pid=0.0 pref=-291.7 ppos=-291.7 apid=0.0 integ=0.0 vision=1 current=1 vframe=1235 vs=1 vage=59 vpage=59 vdt=32 vmax=175 vacc=1235 vrej=0 seq=0 elapsed=0 oled=3C
[   1532] STATUS mode=1 fault=none enc=-374 denc=0 sreq=0 sapplied=0 crate=0 uimp=-291720 upos=1420 uneg=4075 ball=-92.75 vball=-1.82 aball=0.0 bref=0.00 pid=0.0 pref=-291.7 ppos=-291.7 apid=0.0 integ=0.0 vision=1 current=1 vframe=1236 vs=1 vage=15 vpage=15 vdt=94 vmax=175 vacc=1236 vrej=0 seq=0 elapsed=0 oled=3C
[   1579] STATUS mode=1 fault=none enc=-374 denc=0 sreq=0 sapplied=0 crate=0 uimp=-291720 upos=1420 uneg=4075 ball=-92.36 vball=4.14 aball=0.0 bref=0.00 pid=0.0 pref=-291.7 ppos=-291.7 apid=0.0 integ=0.0 vision=1 current=1 vframe=1238 vs=1 vage=9 vpage=9 vdt=34 vmax=175 vacc=1238 vrej=0 seq=0 elapsed=0 oled=3C
[   1625] STATUS mode=1 fault=none enc=-374 denc=0 sreq=0 sapplied=0 crate=0 uimp=-291720 upos=1420 uneg=4075 ball=-92.36 vball=4.14 aball=0.0 bref=0.00 pid=0.0 pref=-291.7 ppos=-291.7 apid=0.0 integ=0.0 vision=1 current=1 vframe=1238 vs=1 vage=59 vpage=59 vdt=34 vmax=175 vacc=1238 vrej=0 seq=0 elapsed=0 oled=3C
[   1672] STATUS mode=1 fault=none enc=-374 denc=0 sreq=0 sapplied=0 crate=0 uimp=-291720 upos=1420 uneg=4075 ball=-92.32 vball=2.26 aball=0.0 bref=0.00 pid=0.0 pref=-291.7 ppos=-291.7 apid=0.0 integ=0.0 vision=1 current=1 vframe=1239 vs=1 vage=14 vpage=14 vdt=95 vmax=175 vacc=1239 vrej=0 seq=0 elapsed=0 oled=3C
[   1719] STATUS mode=1 fault=none enc=-374 denc=0 sreq=0 sapplied=0 crate=0 uimp=-291720 upos=1420 uneg=4075 ball=-92.60 vball=-4.04 aball=0.0 bref=0.00 pid=0.0 pref=-291.7 ppos=-291.7 apid=0.0 integ=0.0 vision=1 current=1 vframe=1241 vs=1 vage=9 vpage=9 vdt=34 vmax=175 vacc=1241 vrej=0 seq=0 elapsed=0 oled=3C
[   1782] STATUS mode=1 fault=none enc=-374 denc=0 sreq=0 sapplied=0 crate=0 uimp=-291720 upos=1420 uneg=4075 ball=-92.60 vball=-4.04 aball=0.0 bref=0.00 pid=0.0 pref=-291.7 ppos=-291.7 apid=0.0 integ=0.0 vision=1 current=1 vframe=1241 vs=1 vage=59 vpage=59 vdt=34 vmax=175 vacc=1241 vrej=0 seq=0 elapsed=0 oled=3C
[   1829] STATUS mode=1 fault=none enc=-374 denc=0 sreq=0 sapplied=0 crate=0 uimp=-291720 upos=1420 uneg=4075 ball=-92.80 vball=-3.55 aball=0.0 bref=0.00 pid=0.0 pref=-291.7 ppos=-291.7 apid=0.0 integ=0.0 vision=1 current=1 vframe=1242 vs=1 vage=15 vpage=15 vdt=94 vmax=175 vacc=1242 vrej=0 seq=0 elapsed=0 oled=3C
[   1875] STATUS mode=1 fault=none enc=-374 denc=0 sreq=0 sapplied=0 crate=0 uimp=-291720 upos=1420 uneg=4075 ball=-92.70 vball=0.32 aball=0.0 bref=0.00 pid=0.0 pref=-291.7 ppos=-291.7 apid=0.0 integ=0.0 vision=1 current=1 vframe=1244 vs=1 vage=9 vpage=9 vdt=34 vmax=175 vacc=1244 vrej=0 seq=0 elapsed=0 oled=3C
[   1922] STATUS mode=1 fault=none enc=-374 denc=0 sreq=0 sapplied=0 crate=0 uimp=-291720 upos=1420 uneg=4075 ball=-92.70 vball=0.32 aball=0.0 bref=0.00 pid=0.0 pref=-291.7 ppos=-291.7 apid=0.0 integ=0.0 vision=1 current=1 vframe=1244 vs=1 vage=59 vpage=59 vdt=34 vmax=175 vacc=1244 vrej=0 seq=0 elapsed=0 oled=3C
[   1969] STATUS mode=1 fault=none enc=-374 denc=0 sreq=0 sapplied=0 crate=0 uimp=-291720 upos=1420 uneg=4075 ball=-92.71 vball=0.04 aball=0.0 bref=0.00 pid=0.0 pref=-291.7 ppos=-291.7 apid=0.0 integ=0.0 vision=1 current=1 vframe=1245 vs=1 vage=15 vpage=15 vdt=94 vmax=175 vacc=1245 vrej=0 seq=0 elapsed=0 oled=3C
[   2032] STATUS mode=1 fault=none enc=-374 denc=0 sreq=0 sapplied=0 crate=0 uimp=-291720 upos=1420 uneg=4075 ball=-92.41 vball=3.45 aball=0.0 bref=0.00 pid=0.0 pref=-291.7 ppos=-291.7 apid=0.0 integ=0.0 vision=1 current=1 vframe=1247 vs=1 vage=9 vpage=9 vdt=34 vmax=175 vacc=1247 vrej=0 seq=0 elapsed=0 oled=3C
[   2079] STATUS mode=1 fault=none enc=-374 denc=0 sreq=0 sapplied=0 crate=0 uimp=-291720 upos=1420 uneg=4075 ball=-92.41 vball=3.45 aball=0.0 bref=0.00 pid=0.0 pref=-291.7 ppos=-291.7 apid=0.0 integ=0.0 vision=1 current=1 vframe=1247 vs=1 vage=59 vpage=59 vdt=34 vmax=175 vacc=1247 vrej=0 seq=0 elapsed=0 oled=3C
[   2110] STATUS mode=1 fault=none enc=-374 denc=0 sreq=0 sap
[   2110] >>> stream off
[   2125] plied=0 crate=0 uimp=-291720 upos=1420 uneg=4075 ball=-92.36 vball=2.00 aball=0.0 bref=0.00 pid=0.0 pref=-291.7 ppos=-291.7 apid=0.0 integ=0.0 vision=1 current=1 vframe=1248 vs=1 vage=7 vpage=7 vdt=102 vmax=175 vacc=1248 vrej=0 seq=0 elapsed=0 oled=3C
[   2125] OK stream off
[   2235] >>> status
[   2266] STATUS mode=1 fault=none enc=-374 denc=0 sreq=0 sapplied=0 crate=0 uimp=-291720 upos=1420 uneg=4075 ball=-92.74 vball=-2.53 aball=0.0 bref=0.00 pid=0.0 pref=-291.7 ppos=-291.7 apid=0.0 integ=0.0 vision=1 current=1 vframe=1250 vs=1 vage=86 vpage=86 vdt=33 vmax=175 vacc=1250 vrej=0 seq=0 elapsed=0 oled=3C
