[      0] >>> bench on
[      0] OK visual-only bench active; use zero before motor tests
[    125] >>> stop
[    125] OK stopped
[    250] >>> zero
[    250] OK P60 encoder zeroed at current mechanical position
[    375] >>> stream on 20
[    375] OK stream on 20 ms
[    406] STATUS mode=1 fault=none p60=0 dp60=0 pwm=0 cpwm=0 uimp=0 upos=0 uneg=0 ball=-111.65 vball=-0.09 aball=0.0 bref=0.00 pid=0.0 apid=0.0 integ=0.0 vision=1 current=1 vframe=16066 vs=1 vage=31 vpage=31 vdt=34 vmax=6728 vacc=15651 vrej=0 seq=0 elapsed=0 oled=3C
[    436] STATUS mode=1 fault=none p60=0 dp60=0 pwm=0 cpwm=0 uimp=0 upos=0 uneg=0 ball=-111.65 vball=-0.09 aball=0.0 bref=0.00 pid=0.0 apid=0.0 integ=0.0 vision=1 current=1 vframe=16066 vs=1 vage=51 vpage=51 vdt=34 vmax=6728 vacc=15651 vrej=0 seq=0 elapsed=0 oled=3C
[    452] STATUS mode=1 fault=none p60=0 dp60=0 pwm=0 cpwm=0 uimp=0 upos=0 uneg=0 ball=-111.65 vball=-0.09 aball=0.0 bref=0.00 pid=0.0 apid=0.0 integ=0.0 vision=1 current=1 vframe=16066 vs=1 vage=71 vpage=71 vdt=34 vmax=6728 vacc=15651 vrej=0 seq=0 elapsed=0 oled=3C
[    483] STATUS mode=1 fault=none p60=0 dp60=0 pwm=0 cpwm=0 uimp=0 upos=0 uneg=0 ball=-111.65 vball=-0.09 aball=0.0 bref=0.00 pid=0.0 apid=0.0 integ=0.0 vision=1 current=1 vframe=16066 vs=1 vage=91 vpage=91 vdt=34 vmax=6728 vacc=15651 vrej=0 seq=0 elapsed=0 oled=3C
[    500] STATUS mode=1 fault=none p60=0 dp60=0 pwm=0 cpwm=0 uimp=0 upos=0 uneg=0 ball=-111.65 vball=-0.09 aball=0.0 bref=0.00 pid=0.0 apid=0.0 integ=0.0 vision=1 current=1 vframe=16066 vs=1 vage=111 vpage=111 vdt=34 vmax=6728 vacc=15651 vrej=0 seq=0 elapsed=0 oled=3C
[    531] STATUS mode=1 fault=none p60=0 dp60=0 pwm=0 cpwm=0 uimp=0 upos=0 uneg=0 ball=-111.67 vball=-0.16 aball=0.0 bref=0.00 pid=0.0 apid=0.0 integ=0.0 vision=1 current=1 vframe=16067 vs=1 vage=12 vpage=12 vdt=119 vmax=6728 vacc=15652 vrej=0 seq=0 elapsed=0 oled=3C
[    545] STATUS mode=1 fault=none p60=0 dp60=0 pwm=0 cpwm=0 uimp=0 upos=0 uneg=0 ball=-111.67 vball=-0.12 aball=0.0 bref=0.00 pid=0.0 apid=0.0 integ=0.0 vision=1 current=1 vframe=16068 vs=1 vage=2 vpage=2 vdt=30 vmax=6728 vacc=15653 vrej=0 seq=0 elapsed=0 oled=3C
[    561] STATUS mode=1 fault=none p60=0 dp60=0 pwm=0 cpwm=0 uimp=0 upos=0 uneg=0 ball=-111.67 vball=-0.12 aball=0.0 bref=0.00 pid=0.0 apid=0.0 integ=0.0 vision=1 current=1 vframe=16068 vs=1 vage=22 vpage=22 vdt=30 vmax=6728 vacc=15653 vrej=0 seq=0 elapsed=0 oled=3C
[    592] STATUS mode=1 fault=none p60=0 dp60=0 pwm=0 cpwm=0 uimp=0 upos=0 uneg=0 ball=-111.68 vball=-0.15 aball=0.0 bref=0.00 pid=0.0 apid=0.0 integ=0.0 vision=1 current=1 vframe=16069 vs=1 vage=8 vpage=8 vdt=34 vmax=6728 vacc=15654 vrej=0 seq=0 elapsed=0 oled=3C
[    608] STATUS mode=1 fault=none p60=0 dp60=0 pwm=0 cpwm=0 uimp=0 upos=0 uneg=0 ball=-111.68 vball=-0.15 aball=0.0 bref=0.00 pid=0.0 apid=0.0 integ=0.0 vision=1 current=1 vframe=16069 vs=1 vage=48 vpage=48 vdt=34 vmax=6728 vacc=15654 vrej=0 seq=0 elapsed=0 oled=3C
[    640] STATUS mode=1 fault=none p60=0 dp60=0 pwm=0 cpwm=0 uimp=0 upos=0 uneg=0 ball=-111.68 vball=-0.15 aball=0.0 bref=0.00 pid=0.0 apid=0.0 integ=0.0 vision=1 current=1 vframe=16069 vs=1 vage=68 vpage=68 vdt=34 vmax=6728 vacc=15654 vrej=0 seq=0 elapsed=0 oled=3C
[    656] STATUS mode=1 fault=none p60=0 dp60=0 pwm=0 cpwm=0 uimp=0 upos=0 uneg=0 ball=-111.68 vball=-0.15 aball=0.0 bref=0.00 pid=0.0 apid=0.0 integ=0.0 vision=1 current=1 vframe=16069 vs=1 vage=88 vpage=88 vdt=34 vmax=6728 vacc=15654 vrej=0 seq=0 elapsed=0 oled=3C
[    686] STATUS mode=1 fault=none p60=0 dp60=0 pwm=0 cpwm=0 uimp=0 upos=0 uneg=0 ball=-111.68 vball=-0.10 aball=0.0 bref=0.00 pid=0.0 apid=0.0 integ=0.0 vision=1 current=1 vframe=16070 vs=1 vage=12 vpage=12 vdt=96 vmax=6728 vacc=15655 vrej=0 seq=0 elapsed=0 oled=3C
[    702] STATUS mode=1 fault=none p60=0 dp60=0 pwm=0 cpwm=0 uimp=0 upos=0 uneg=0 ball=-111.68 vball=-0.10 aball=0.0 bref=0.00 pid=0.0 apid=0.0 integ=0.0 vision=1 current=1 vframe=16070 vs=1 vage=32 vpage=32 vdt=96 vmax=6728 vacc=15655 vrej=0 seq=0 elapsed=0 oled=3C
[    717] STATUS mode=1 fault=none p60=0 dp60=0 pwm=0 cpwm=0 uimp=0 upos=0 uneg=0 ball=-111.67 vball=0.10 aball=0.0 bref=0.00 pid=0.0 apid=0.0 integ=0.0 vision=1 current=1 vframe=16071 vs=1 vage=15 vpage=15 vdt=37 vmax=6728 vacc=15656 vrej=0 seq=0 elapsed=0 oled=3C
[    750] STATUS mode=1 fault=none p60=0 dp60=0 pwm=0 cpwm=0 uimp=0 upos=0 uneg=0 ball=-111.67 vball=0.10 aball=0.0 bref=0.00 pid=0.0 apid=0.0 integ=0.0 vision=1 current=1 vframe=16071 vs=1 vage=35 vpage=35 vdt=37 vmax=6728 vacc=15656 vrej=0 seq=0 elapsed=0 oled=3C
[    765] STATUS mode=1 fault=none p60=0 dp60=0 pwm=0 cpwm=0 uimp=0 upos=0 uneg=0 ball=-111.67 vball=0.10 aball=0.0 bref=0.00 pid=0.0 apid=0.0 integ=0.0 vision=1 current=1 vframe=16071 vs=1 vage=55 vpage=55 vdt=37 vmax=6728 vacc=15656 vrej=0 seq=0 elapsed=0 oled=3C
[    795] STATUS mode=1 fault=none p60=0 dp60=0 pwm=0 cpwm=0 uimp=0 upos=0 uneg=0 ball=-111.67 vball=0.10 aball=0.0 bref=0.00 pid=0.0 apid=0.0 integ=0.0 vision=1 current=1 vframe=16071 vs=1 vage=95 vpage=95 vdt=37 vmax=6728 vacc=15656 vrej=0 seq=0 elapsed=0 oled=3C
[    811] STATUS mode=1 fault=none p60=0 dp60=0 pwm=0 cpwm=0 uimp=0 upos=0 uneg=0 ball=-111.67 vball=0.05 aball=0.0 bref=0.00 pid=0.0 apid=0.0 integ=0.0 vision=1 current=1 vframe=16073 vs=1 vage=1 vpage=1 vdt=7 vmax=6728 vacc=15658 vrej=0 seq=0 elapsed=0 oled=3C
[    842] STATUS mode=1 fault=none p60=0 dp60=0 pwm=0 cpwm=0 uimp=0 upos=0 uneg=0 ball=-111.67 vball=0.05 aball=0.0 bref=0.00 pid=0.0 apid=0.0 integ=0.0 vision=1 current=1 vframe=16073 vs=1 vage=21 vpage=21 vdt=7 vmax=6728 vacc=15658 vrej=0 seq=0 elapsed=0 oled=3C
[    858] STATUS mode=1 fault=none p60=0 dp60=0 pwm=0 cpwm=0 uimp=0 upos=0 uneg=0 ball=-111.71 vball=-0.64 aball=0.0 bref=0.00 pid=0.0 apid=0.0 integ=0.0 vision=1 current=1 vframe=16074 vs=1 vage=6 vpage=6 vdt=35 vmax=6728 vacc=15659 vrej=0 seq=0 elapsed=0 oled=3C
[    875] STATUS mode=1 fault=none p60=0 dp60=0 pwm=0 cpwm=0 uimp=0 upos=0 uneg=0 ball=-111.71 vball=-0.64 aball=0.0 bref=0.00 pid=0.0 apid=0.0 integ=0.0 vision=1 current=1 vframe=16074 vs=1 vage=26 vpage=26 vdt=35 vmax=6728 vacc=15659 vrej=0 seq=0 elapsed=0 oled=3C
[    906] STATUS mode=1 fault=none p60=0 dp60=0 pwm=0 cpwm=0 uimp=0 upos=0 uneg=0 ball=-111.71 vball=-0.64 aball=0.0 bref=0.00 pid=0.0 apid=0.0 integ=0.0 vision=1 current=1 vframe=16074 vs=1 vage=46 vpage=46 vdt=35 vmax=6728 vacc=15659 vrej=0 seq=0 elapsed=0 oled=3C
[    920] STATUS mode=1 fault=none p60=0 dp60=0 pwm=0 cpwm=0 uimp=0 upos=0 uneg=0 ball=-111.71 vball=-0.64 aball=0.0 bref=0.00 pid=0.0 apid=0.0 integ=0.0 vision=1 current=1 vframe=16074 vs=1 vage=66 vpage=66 vdt=35 vmax=6728 vacc=15659 vrej=0 seq=0 elapsed=0 oled=3C
[    952] STATUS mode=1 fault=none p60=0 dp60=0 pwm=0 cpwm=0 uimp=0 upos=0 uneg=0 ball=-111.71 vball=-0.64 aball=0.0 bref=0.00 pid=0.0 apid=0.0 integ=0.0 vision=1 current=1 vframe=16074 vs=1 vage=86 vpage=86 vdt=35 vmax=6728 vacc=15659 vrej=0 seq=0 elapsed=0 oled=3C
[    967] STATUS mode=1 fault=none p60=0 dp60=0 pwm=0 cpwm=0 uimp=0 upos=0 uneg=0 ball=-111.71 vball=-0.64 aball=0.0 bref=0.00 pid=0.0 apid=0.0 integ=0.0 vision=1 current=1 vframe=16074 vs=1 vage=106 vpage=106 vdt=35 vmax=6728 vacc=15659 vrej=0 seq=0 elapsed=0 oled=3C
[   1000] STATUS mode=1 fault=none p60=0 dp60=0 pwm=0 cpwm=0 uimp=0 upos=0 uneg=0 ball=-111.68 vball=0.04 aball=0.0 bref=0.00 pid=0.0 apid=0.0 integ=0.0 vision=1 current=1 vframe=16076 vs=1 vage=29 vpage=29 vdt=7 vmax=6728 vacc=15661 vrej=0 seq=0 elapsed=0 oled=3C
[   1015] STATUS mode=1 fault=none p60=0 dp60=0 pwm=0 cpwm=0 uimp=0 upos=0 uneg=0 ball=-111.65 vball=0.32 aball=0.0 bref=0.00 pid=0.0 apid=0.0 integ=0.0 vision=1 current=1 vframe=16077 vs=1 vage=16 vpage=16 vdt=33 vmax=6728 vacc=15662 vrej=0 seq=0 elapsed=0 oled=3C
[   1031] STATUS mode=1 fault=none p60=0 dp60=0 pwm=0 cpwm=0 uimp=0 upos=0 uneg=0 ball=-111.65 vball=0.19 aball=0.0 bref=0.00 pid=0.0 apid=0.0 integ=0.0 vision=1 current=1 vframe=16078 vs=1 vage=3 vpage=3 vdt=33 vmax=6728 vacc=15663 vrej=0 seq=0 elapsed=0 oled=3C
[   1061] STATUS mode=1 fault=none p60=0 dp60=0 pwm=0 cpwm=0 uimp=0 upos=0 uneg=0 ball=-111.65 vball=0.19 aball=0.0 bref=0.00 pid=0.0 apid=0.0 integ=0.0 vision=1 current=1 vframe=16078 vs=1 vage=23 vpage=23 vdt=33 vmax=6728 vacc=15663 vrej=0 seq=0 elapsed=0 oled=3C
[   1077] STATUS mode=1 fault=none p60=0 dp60=0 pwm=0 cpwm=0 uimp=0 upos=0 uneg=0 ball=-111.65 vball=0.19 aball=0.0 bref=0.00 pid=0.0 apid=0.0 integ=0.0 vision=1 current=1 vframe=16078 vs=1 vage=43 vpage=43 vdt=33 vmax=6728 vacc=15663 vrej=0 seq=0 elapsed=0 oled=3C
[   1108] STATUS mode=1 fault=none p60=0 dp60=0 pwm=0 cpwm=0 uimp=0 upos=0 uneg=0 ball=-111.65 vball=0.19 aball=0.0 bref=0.00 pid=0.0 apid=0.0 integ=0.0 vision=1 current=1 vframe=16078 vs=1 vage=63 vpage=63 vdt=33 vmax=6728 vacc=15663 vrej=0 seq=0 elapsed=0 oled=3C
[   1108] BASE start=-111.67 target=0.00 direction=+1 motor=-130
[   1108] >>> pulse -130 25
[   1125] STATUS mode=1 fault=none p60=0 dp60=0 pwm=0 cpwm=0 uimp=0 upos=0 uneg=0 ball=-111.65 vball=0.19 aball=0.0 bref=0.00 pid=0.0 apid=0.0 integ=0.0 vision=1 current=1 vframe=16078 vs=1 vage=83 vpage=83 vdt=33 vmax=6728 vacc=15663 vrej=0 seq=0 elapsed=0 oled=3C
[   1156] STATUS mode=2 fault=none p60=0 dp60=0 pwm=-130 cpwm=0 uimp=-650 upos=0 uneg=5 ball=-111.65 vball=0.11 aball=0.0 bref=0.00 pid=0.0 apid=0.0 integ=0.0 vision=1 current=1 vframe=16079 vs=1 vage=2 vpage=2 vdt=101 vmax=6728 vacc=15664 vrej=0 seq=0 elapsed=0 oled=3C
[   1156] >>> pulse 0 120
[   1170] STATUS mode=1 fault=none p60=0 dp60=0 pwm=0 cpwm=0 uimp=-3250 upos=0 uneg=25 ball=-111.68 vball=-0.28 aball=0.0 bref=0.00 pid=0.0 apid=0.0 integ=0.0 vision=1 current=1 vframe=16080 vs=1 vage=8 vpage=8 vdt=34 vmax=6728 vacc=15665 vrej=0 seq=0 elapsed=0 oled=3C
[   1202] STATUS mode=2 fault=none p60=0 dp60=0 pwm=0 cpwm=0 uimp=-3250 upos=0 uneg=25 ball=-111.68 vball=-0.28 aball=0.0 bref=0.00 pid=0.0 apid=0.0 integ=0.0 vision=1 current=1 vframe=16080 vs=1 vage=28 vpage=28 vdt=34 vmax=6728 vacc=15665 vrej=0 seq=0 elapsed=0 oled=3C
[   1217] STATUS mode=2 fault=none p60=0 dp60=0 pwm=0 cpwm=0 uimp=-3250 upos=0 uneg=25 ball=-111.68 vball=-0.18 aball=0.0 bref=0.00 pid=0.0 apid=0.0 integ=0.0 vision=1 current=1 vframe=16081 vs=1 vage=16 vpage=16 vdt=32 vmax=6728 vacc=15666 vrej=0 seq=0 elapsed=0 oled=3C
[   1233] STATUS mode=2 fault=none p60=0 dp60=0 pwm=0 cpwm=0 uimp=-3250 upos=0 uneg=25 ball=-111.68 vball=-0.18 aball=0.0 bref=0.00 pid=0.0 apid=0.0 integ=0.0 vision=1 current=1 vframe=16081 vs=1 vage=36 vpage=36 vdt=32 vmax=6728 vacc=15666 vrej=0 seq=0 elapsed=0 oled=3C
[   1265] STATUS mode=2 fault=none p60=0 dp60=0 pwm=0 cpwm=0 uimp=-3250 upos=0 uneg=25 ball=-111.68 vball=-0.18 aball=0.0 bref=0.00 pid=0.0 apid=0.0 integ=0.0 vision=1 current=1 vframe=16081 vs=1 vage=56 vpage=56 vdt=32 vmax=6728 vacc=15666 vrej=0 seq=0 elapsed=0 oled=3C
[   1281] STATUS mode=2 fault=none p60=0 dp60=0 pwm=0 cpwm=0 uimp=-3250 upos=0 uneg=25 ball=-111.68 vball=-0.18 aball=0.0 bref=0.00 pid=0.0 apid=0.0 integ=0.0 vision=1 current=1 vframe=16081 vs=1 vage=76 vpage=76 vdt=32 vmax=6728 vacc=15666 vrej=0 seq=0 elapsed=0 oled=3C
[   1295] OK pulse complete
[   1311] STATUS mode=1 fault=none p60=0 dp60=0 pwm=0 cpwm=0 uimp=-3250 upos=0 uneg=25 ball=-111.68 vball=-0.06 aball=0.0 bref=0.00 pid=0.0 apid=0.0 integ=0.0 vision=1 current=1 vframe=16082 vs=1 vage=19 vpage=19 vdt=97 vmax=6728 vacc=15667 vrej=0 seq=0 elapsed=0 oled=3C
[   1311] PROBE n=1 pos=-111.68 din=-0.01 vin=0.00 moving=0
[   1311] >>> pulse -130 25
[   1327] STATUS mode=1 fault=none p60=0 dp60=0 pwm=0 cpwm=0 uimp=-3250 upos=0 uneg=25 ball=-111.68 vball=-0.22 aball=0.0 bref=0.00 pid=0.0 apid=0.0 integ=0.0 vision=1 current=1 vframe=16083 vs=1 vage=2 vpage=2 vdt=37 vmax=6728 vacc=15668 vrej=0 seq=0 elapsed=0 oled=3C
[   1358] STATUS mode=2 fault=none p60=0 dp60=0 pwm=-130 cpwm=0 uimp=-5850 upos=0 uneg=45 ball=-111.68 vball=-0.22 aball=0.0 bref=0.00 pid=0.0 apid=0.0 integ=0.0 vision=1 current=1 vframe=16083 vs=1 vage=22 vpage=22 vdt=37 vmax=6728 vacc=15668 vrej=0 seq=0 elapsed=0 oled=3C
[   1358] >>> pulse 0 120
[   1375] STATUS mode=1 fault=none p60=-1 dp60=0 pwm=0 cpwm=0 uimp=-6500 upos=0 uneg=50 ball=-111.68 vball=-0.22 aball=0.0 bref=0.00 pid=0.0 apid=0.0 integ=0.0 vision=1 current=1 vframe=16083 vs=1 vage=42 vpage=42 vdt=37 vmax=6728 vacc=15668 vrej=0 seq=0 elapsed=0 oled=3C
[   1406] STATUS mode=2 fault=none p60=0 dp60=0 pwm=0 cpwm=0 uimp=-6500 upos=0 uneg=50 ball=-111.68 vball=-0.22 aball=0.0 bref=0.00 pid=0.0 apid=0.0 integ=0.0 vision=1 current=1 vframe=16083 vs=1 vage=62 vpage=62 vdt=37 vmax=6728 vacc=15668 vrej=0 seq=0 elapsed=0 oled=3C
[   1420] STATUS mode=2 fault=none p60=0 dp60=0 pwm=0 cpwm=0 uimp=-6500 upos=0 uneg=50 ball=-111.68 vball=-0.22 aball=0.0 bref=0.00 pid=0.0 apid=0.0 integ=0.0 vision=1 current=1 vframe=16083 vs=1 vage=82 vpage=82 vdt=37 vmax=6728 vacc=15668 vrej=0 seq=0 elapsed=0 oled=3C
[   1452] STATUS mode=2 fault=none p60=0 dp60=0 pwm=0 cpwm=0 uimp=-6500 upos=0 uneg=50 ball=-111.68 vball=-0.22 aball=0.0 bref=0.00 pid=0.0 apid=0.0 integ=0.0 vision=1 current=1 vframe=16083 vs=1 vage=102 vpage=102 vdt=37 vmax=6728 vacc=15668 vrej=0 seq=0 elapsed=0 oled=3C
[   1467] STATUS mode=2 fault=none p60=0 dp60=0 pwm=0 cpwm=0 uimp=-6500 upos=0 uneg=50 ball=-111.66 vball=-0.26 aball=0.0 bref=0.00 pid=0.0 apid=0.0 integ=0.0 vision=1 current=1 vframe=16086 vs=1 vage=7 vpage=7 vdt=23 vmax=6728 vacc=15671 vrej=0 seq=0 elapsed=0 oled=3C
[   1500] STATUS mode=2 fault=none p60=0 dp60=0 pwm=0 cpwm=0 uimp=-6500 upos=0 uneg=50 ball=-111.66 vball=-0.26 aball=0.0 bref=0.00 pid=0.0 apid=0.0 integ=0.0 vision=1 current=1 vframe=16086 vs=1 vage=27 vpage=27 vdt=23 vmax=6728 vacc=15671 vrej=0 seq=0 elapsed=0 oled=3C
[   1515] STATUS mode=1 fault=none p60=0 dp60=0 pwm=0 cpwm=0 uimp=-6500 upos=0 uneg=50 ball=-111.66 vball=-0.16 aball=0.0 bref=0.00 pid=0.0 apid=0.0 integ=0.0 vision=1 current=1 vframe=16087 vs=1 vage=15 vpage=15 vdt=32 vmax=6728 vacc=15672 vrej=0 seq=0 elapsed=0 oled=3C
[   1515] PROBE n=2 pos=-111.68 din=-0.01 vin=0.00 moving=0
[   1515] >>> pulse -130 25
[   1545] STATUS mode=1 fault=none p60=0 dp60=0 pwm=0 cpwm=0 uimp=-6500 upos=0 uneg=50 ball=-111.66 vball=-0.16 aball=0.0 bref=0.00 pid=0.0 apid=0.0 integ=0.0 vision=1 current=1 vframe=16087 vs=1 vage=35 vpage=35 vdt=32 vmax=6728 vacc=15672 vrej=0 seq=0 elapsed=0 oled=3C
[   1545] >>> pulse 0 120
[   1561] STATUS mode=2 fault=none p60=0 dp60=0 pwm=-130 cpwm=0 uimp=-7800 upos=0 uneg=60 ball=-111.66 vball=-0.16 aball=0.0 bref=0.00 pid=0.0 apid=0.0 integ=0.0 vision=1 current=1 vframe=16087 vs=1 vage=55 vpage=55 vdt=32 vmax=6728 vacc=15672 vrej=0 seq=0 elapsed=0 oled=3C
[   1592] STATUS mode=2 fault=none p60=0 dp60=0 pwm=0 cpwm=0 uimp=-9100 upos=0 uneg=70 ball=-111.66 vball=-0.16 aball=0.0 bref=0.00 pid=0.0 apid=0.0 integ=0.0 vision=1 current=1 vframe=16087 vs=1 vage=75 vpage=75 vdt=32 vmax=6728 vacc=15672 vrej=0 seq=0 elapsed=0 oled=3C
[   1608] STATUS mode=2 fault=none p60=0 dp60=0 pwm=0 cpwm=0 uimp=-9100 upos=0 uneg=70 ball=-111.61 vball=0.39 aball=0.0 bref=0.00 pid=0.0 apid=0.0 integ=0.0 vision=1 current=1 vframe=16088 vs=1 vage=2 vpage=2 vdt=93 vmax=6728 vacc=15673 vrej=0 seq=0 elapsed=0 oled=3C
[   1640] STATUS mode=2 fault=none p60=0 dp60=0 pwm=0 cpwm=0 uimp=-9100 upos=0 uneg=70 ball=-111.64 vball=-0.39 aball=0.0 bref=0.00 pid=0.0 apid=0.0 integ=0.0 vision=1 current=1 vframe=16089 vs=1 vage=2 vpage=22 vdt=93 vmax=6728 vacc=15673 vrej=0 seq=0 elapsed=0 oled=3C
[   1656] STATUS mode=2 fault=none p60=0 dp60=0 pwm=0 cpwm=0 uimp=-9100 upos=0 uneg=70 ball=-111.68 vball=-0.75 aball=0.0 bref=0.00 pid=0.0 apid=0.0 integ=0.0 vision=1 current=1 vframe=16090 vs=1 vage=5 vpage=5 vdt=34 vmax=6728 vacc=15675 vrej=0 seq=0 elapsed=0 oled=3C
[   1670] STATUS mode=2 fault=none p60=0 dp60=0 pwm=0 cpwm=0 uimp=-9100 upos=0 uneg=70 ball=-111.68 vball=-0.75 aball=0.0 bref=0.00 pid=0.0 apid=0.0 integ=0.0 vision=1 current=1 vframe=16090 vs=1 vage=25 vpage=25 vdt=34 vmax=6728 vacc=15675 vrej=0 seq=0 elapsed=0 oled=3C
[   1702] STATUS mode=1 fault=none p60=0 dp60=0 pwm=0 cpwm=0 uimp=-9100 upos=0 uneg=70 ball=-111.68 vball=-0.75 aball=0.0 bref=0.00 pid=0.0 apid=0.0 integ=0.0 vision=1 current=1 vframe=16090 vs=1 vage=45 vpage=45 vdt=34 vmax=6728 vacc=15675 vrej=0 seq=0 elapsed=0 oled=3C
[   1702] PROBE n=3 pos=-111.66 din=0.01 vin=0.12 moving=0
[   1702] >>> pulse -130 25
[   1717] STATUS mode=1 fault=none p60=0 dp60=0 pwm=0 cpwm=0 uimp=-9100 upos=0 uneg=70 ball=-111.68 vball=-0.75 aball=0.0 bref=0.00 pid=0.0 apid=0.0 integ=0.0 vision=1 current=1 vframe=16090 vs=1 vage=65 vpage=65 vdt=34 vmax=6728 vacc=15675 vrej=0 seq=0 elapsed=0 oled=3C
[   1750] STATUS mode=2 fault=none p60=0 dp60=0 pwm=-130 cpwm=0 uimp=-10400 upos=0 uneg=80 ball=-111.68 vball=-0.75 aball=0.0 bref=0.00 pid=0.0 apid=0.0 integ=0.0 vision=1 current=1 vframe=16090 vs=1 vage=85 vpage=85 vdt=34 vmax=6728 vacc=15675 vrej=0 seq=0 elapsed=0 oled=3C
[   1750] >>> pulse 0 120
[   1765] STATUS mode=1 fault=none p60=-1 dp60=-1 pwm=0 cpwm=0 uimp=-12350 upos=0 uneg=95 ball=-111.69 vball=-0.46 aball=0.0 bref=0.00 pid=0.0 apid=0.0 integ=0.0 vision=1 current=1 vframe=16091 vs=1 vage=10 vpage=10 vdt=95 vmax=6728 vacc=15676 vrej=0 seq=0 elapsed=0 oled=3C
[   1795] STATUS mode=2 fault=none p60=0 dp60=0 pwm=0 cpwm=0 uimp=-12350 upos=0 uneg=95 ball=-111.68 vball=0.04 aball=0.0 bref=0.00 pid=0.0 apid=0.0 integ=0.0 vision=1 current=1 vframe=16092 vs=1 vage=28 vpage=28 vdt=22 vmax=6728 vacc=15677 vrej=0 seq=0 elapsed=0 oled=3C
[   1811] STATUS mode=2 fault=none p60=0 dp60=0 pwm=0 cpwm=0 uimp=-12350 upos=0 uneg=95 ball=-111.68 vball=0.04 aball=0.0 bref=0.00 pid=0.0 apid=0.0 integ=0.0 vision=1 current=1 vframe=16093 vs=1 vage=16 vpage=16 vdt=32 vmax=6728 vacc=15678 vrej=0 seq=0 elapsed=0 oled=3C
[   1842] STATUS mode=2 fault=none p60=0 dp60=0 pwm=0 cpwm=0 uimp=-12350 upos=0 uneg=95 ball=-111.68 vball=0.04 aball=0.0 bref=0.00 pid=0.0 apid=0.0 integ=0.0 vision=1 current=1 vframe=16093 vs=1 vage=36 vpage=36 vdt=32 vmax=6728 vacc=15678 vrej=0 seq=0 elapsed=0 oled=3C
[   1858] STATUS mode=2 fault=none p60=0 dp60=0 pwm=0 cpwm=0 uimp=-12350 upos=0 uneg=95 ball=-111.68 vball=0.04 aball=0.0 bref=0.00 pid=0.0 apid=0.0 integ=0.0 vision=1 current=1 vframe=16093 vs=1 vage=56 vpage=56 vdt=32 vmax=6728 vacc=15678 vrej=0 seq=0 elapsed=0 oled=3C
[   1890] STATUS mode=2 fault=none p60=0 dp60=0 pwm=0 cpwm=0 uimp=-12350 upos=0 uneg=95 ball=-111.68 vball=0.04 aball=0.0 bref=0.00 pid=0.0 apid=0.0 integ=0.0 vision=1 current=1 vframe=16093 vs=1 vage=76 vpage=76 vdt=32 vmax=6728 vacc=15678 vrej=0 seq=0 elapsed=0 oled=3C
[   1906] STATUS mode=1 fault=none p60=0 dp60=0 pwm=0 cpwm=0 uimp=-12350 upos=0 uneg=95 ball=-111.68 vball=0.04 aball=0.0 bref=0.00 pid=0.0 apid=0.0 integ=0.0 vision=1 current=1 vframe=16093 vs=1 vage=96 vpage=96 vdt=32 vmax=6728 vacc=15678 vrej=0 seq=0 elapsed=0 oled=3C
[   1906] PROBE n=4 pos=-111.68 din=-0.01 vin=-0.10 moving=0
[   1906] >>> pulse -130 25
[   1936] STATUS mode=1 fault=none p60=0 dp60=0 pwm=0 cpwm=0 uimp=-12350 upos=0 uneg=95 ball=-111.64 vball=0.30 aball=0.0 bref=0.00 pid=0.0 apid=0.0 integ=0.0 vision=1 current=1 vframe=16094 vs=1 vage=20 vpage=20 vdt=96 vmax=6728 vacc=15679 vrej=0 seq=0 elapsed=0 oled=3C
[   1936] >>> pulse 0 120
[   1952] STATUS mode=2 fault=none p60=0 dp60=0 pwm=-130 cpwm=0 uimp=-15600 upos=0 uneg=120 ball=-111.65 vball=-0.04 aball=0.0 bref=0.00 pid=0.0 apid=0.0 integ=0.0 vision=1 current=1 vframe=16102 vs=1 vage=5 vpage=5 vdt=34 vmax=6728 vacc=15687 vrej=0 seq=0 elapsed=0 oled=3C
[   1967] STATUS mode=2 fault=none p60=0 dp60=0 pwm=0 cpwm=0 uimp=-15600 upos=0 uneg=120 ball=-111.65 vball=-0.04 aball=0.0 bref=0.00 pid=0.0 apid=0.0 integ=0.0 vision=1 current=1 vframe=16102 vs=1 vage=25 vpage=25 vdt=34 vmax=6728 vacc=15687 vrej=0 seq=0 elapsed=0 oled=3C
[   2000] STATUS mode=2 fault=none p60=0 dp60=0 pwm=0 cpwm=0 uimp=-15600 upos=0 uneg=120 ball=-111.65 vball=-0.04 aball=0.0 bref=0.00 pid=0.0 apid=0.0 integ=0.0 vision=1 current=1 vframe=16102 vs=1 vage=45 vpage=45 vdt=34 vmax=6728 vacc=15687 vrej=0 seq=0 elapsed=0 oled=3C
[   2015] STATUS mode=2 fault=none p60=0 dp60=0 pwm=0 cpwm=0 uimp=-15600 upos=0 uneg=120 ball=-111.65 vball=-0.04 aball=0.0 bref=0.00 pid=0.0 apid=0.0 integ=0.0 vision=1 current=1 vframe=16102 vs=1 vage=65 vpage=65 vdt=34 vmax=6728 vacc=15687 vrej=0 seq=0 elapsed=0 oled=3C
[   2045] STATUS mode=2 fault=none p60=0 dp60=0 pwm=0 cpwm=0 uimp=-15600 upos=0 uneg=120 ball=-111.65 vball=-0.04 aball=0.0 bref=0.00 pid=0.0 apid=0.0 integ=0.0 vision=1 current=1 vframe=16102 vs=1 vage=85 vpage=85 vdt=34 vmax=6728 vacc=15687 vrej=0 seq=0 elapsed=0 oled=3C
[   2061] STATUS mode=2 fault=none p60=0 dp60=0 pwm=0 cpwm=0 uimp=-15600 upos=0 uneg=120 ball=-111.66 vball=-0.05 aball=0.0 bref=0.00 pid=0.0 apid=0.0 integ=0.0 vision=1 current=1 vframe=16103 vs=1 vage=5 vpage=5 vdt=100 vmax=6728 vacc=15688 vrej=0 seq=0 elapsed=0 oled=3C
[   2061] OK pulse complete
[   2092] STATUS mode=1 fault=none p60=0 dp60=0 pwm=0 cpwm=0 uimp=-15600 upos=0 uneg=120 ball=-111.61 vball=0.59 aball=0.0 bref=0.00 pid=0.0 apid=0.0 integ=0.0 vision=1 current=1 vframe=16104 vs=1 vage=12 vpage=12 vdt=33 vmax=6728 vacc=15689 vrej=0 seq=0 elapsed=0 oled=3C
[   2092] PROBE n=5 pos=-111.65 din=0.02 vin=0.20 moving=0
[   2092] >>> pulse -130 25
[   2108] STATUS mode=1 fault=none p60=0 dp60=0 pwm=0 cpwm=0 uimp=-15600 upos=0 uneg=120 ball=-111.61 vball=0.59 aball=0.0 bref=0.00 pid=0.0 apid=0.0 integ=0.0 vision=1 current=1 vframe=16104 vs=1 vage=32 vpage=32 vdt=33 vmax=6728 vacc=15689 vrej=0 seq=0 elapsed=0 oled=3C
[   2140] STATUS mode=2 fault=none p60=0 dp60=0 pwm=-130 cpwm=0 uimp=-18200 upos=0 uneg=140 ball=-111.58 vball=0.78 aball=0.0 bref=0.00 pid=0.0 apid=0.0 integ=0.0 vision=1 current=1 vframe=16105 vs=1 vage=18 vpage=18 vdt=34 vmax=6728 vacc=15690 vrej=0 seq=0 elapsed=0 oled=3C
[   2140] >>> pulse 0 120
[   2156] STATUS mode=1 fault=none p60=-1 dp60=0 pwm=0 cpwm=0 uimp=-18850 upos=0 uneg=145 ball=-111.58 vball=0.78 aball=0.0 bref=0.00 pid=0.0 apid=0.0 integ=0.0 vision=1 current=1 vframe=16105 vs=1 vage=38 vpage=38 vdt=34 vmax=6728 vacc=15690 vrej=0 seq=0 elapsed=0 oled=3C
[   2186] STATUS mode=2 fault=none p60=0 dp60=0 pwm=0 cpwm=0 uimp=-18850 upos=0 uneg=145 ball=-111.58 vball=0.78 aball=0.0 bref=0.00 pid=0.0 apid=0.0 integ=0.0 vision=1 current=1 vframe=16105 vs=1 vage=58 vpage=58 vdt=34 vmax=6728 vacc=15690 vrej=0 seq=0 elapsed=0 oled=3C
[   2202] STATUS mode=2 fault=none p60=0 dp60=0 pwm=0 cpwm=0 uimp=-18850 upos=0 uneg=145 ball=-111.58 vball=0.78 aball=0.0 bref=0.00 pid=0.0 apid=0.0 integ=0.0 vision=1 current=1 vframe=16105 vs=1 vage=78 vpage=78 vdt=34 vmax=6728 vacc=15690 vrej=0 seq=0 elapsed=0 oled=3C
[   2233] STATUS mode=2 fault=none p60=0 dp60=0 pwm=0 cpwm=0 uimp=-18850 upos=0 uneg=145 ball=-111.58 vball=0.78 aball=0.0 bref=0.00 pid=0.0 apid=0.0 integ=0.0 vision=1 current=1 vframe=16105 vs=1 vage=98 vpage=98 vdt=34 vmax=6728 vacc=15690 vrej=0 seq=0 elapsed=0 oled=3C
[   2250] STATUS mode=2 fault=none p60=0 dp60=0 pwm=0 cpwm=0 uimp=-18850 upos=0 uneg=145 ball=-111.64 vball=-0.10 aball=0.0 bref=0.00 pid=0.0 apid=0.0 integ=0.0 vision=1 current=1 vframe=16107 vs=1 vage=6 vpage=6 vdt=30 vmax=6728 vacc=15692 vrej=0 seq=0 elapsed=0 oled=3C
[   2281] STATUS mode=2 fault=none p60=0 dp60=0 pwm=0 cpwm=0 uimp=-18850 upos=0 uneg=145 ball=-111.64 vball=-0.10 aball=0.0 bref=0.00 pid=0.0 apid=0.0 integ=0.0 vision=1 current=1 vframe=16107 vs=1 vage=26 vpage=26 vdt=30 vmax=6728 vacc=15692 vrej=0 seq=0 elapsed=0 oled=3C
[   2295] STATUS mode=1 fault=none p60=0 dp60=0 pwm=0 cpwm=0 uimp=-18850 upos=0 uneg=145 ball=-111.64 vball=-0.02 aball=0.0 bref=0.00 pid=0.0 apid=0.0 integ=0.0 vision=1 current=1 vframe=16108 vs=1 vage=13 vpage=13 vdt=33 vmax=6728 vacc=15693 vrej=0 seq=0 elapsed=0 oled=3C
[   2295] PROBE n=6 pos=-111.64 din=0.03 vin=0.03 moving=0
[   2295] >>> pulse -130 25
[   2327] STATUS mode=1 fault=none p60=0 dp60=0 pwm=0 cpwm=0 uimp=-18850 upos=0 uneg=145 ball=-111.64 vball=-0.02 aball=0.0 bref=0.00 pid=0.0 apid=0.0 integ=0.0 vision=1 current=1 vframe=16108 vs=1 vage=33 vpage=33 vdt=33 vmax=6728 vacc=15693 vrej=0 seq=0 elapsed=0 oled=3C
[   2327] >>> pulse 0 120
[   2342] STATUS mode=2 fault=none p60=0 dp60=0 pwm=-130 cpwm=0 uimp=-20150 upos=0 uneg=155 ball=-111.64 vball=-0.02 aball=0.0 bref=0.00 pid=0.0 apid=0.0 integ=0.0 vision=1 current=1 vframe=16108 vs=1 vage=53 vpage=53 vdt=33 vmax=6728 vacc=15693 vrej=0 seq=0 elapsed=0 oled=3C
[   2375] STATUS mode=2 fault=none p60=0 dp60=0 pwm=0 cpwm=0 uimp=-21450 upos=0 uneg=165 ball=-111.64 vball=-0.02 aball=0.0 bref=0.00 pid=0.0 apid=0.0 integ=0.0 vision=1 current=1 vframe=16108 vs=1 vage=73 vpage=73 vdt=33 vmax=6728 vacc=15693 vrej=0 seq=0 elapsed=0 oled=3C
[   2390] STATUS mode=2 fault=none p60=0 dp60=0 pwm=0 cpwm=0 uimp=-21450 upos=0 uneg=165 ball=-111.64 vball=-0.02 aball=0.0 bref=0.00 pid=0.0 apid=0.0 integ=0.0 vision=1 current=1 vframe=16108 vs=1 vage=93 vpage=93 vdt=33 vmax=6728 vacc=15693 vrej=0 seq=0 elapsed=0 oled=3C
[   2420] STATUS mode=2 fault=none p60=0 dp60=0 pwm=0 cpwm=0 uimp=-21450 upos=0 uneg=165 ball=-111.64 vball=-0.01 aball=0.0 bref=0.00 pid=0.0 apid=0.0 integ=0.0 vision=1 current=1 vframe=16109 vs=1 vage=31 vpage=31 vdt=102 vmax=6728 vacc=15694 vrej=0 seq=0 elapsed=0 oled=3C
[   2436] STATUS mode=2 fault=none p60=0 dp60=0 pwm=0 cpwm=0 uimp=-21450 upos=0 uneg=165 ball=-111.67 vball=-0.45 aball=0.0 bref=0.00 pid=0.0 apid=0.0 integ=0.0 vision=1 current=1 vframe=16110 vs=1 vage=19 vpage=19 vdt=32 vmax=6728 vacc=15695 vrej=0 seq=0 elapsed=0 oled=3C
[   2467] STATUS mode=2 fault=none p60=0 dp60=0 pwm=0 cpwm=0 uimp=-21450 upos=0 uneg=165 ball=-111.68 vball=-0.34 aball=0.0 bref=0.00 pid=0.0 apid=0.0 integ=0.0 vision=1 current=1 vframe=16111 vs=1 vage=6 vpage=6 vdt=33 vmax=6728 vacc=15696 vrej=0 seq=0 elapsed=0 oled=3C
[   2483] STATUS mode=1 fault=none p60=0 dp60=0 pwm=0 cpwm=0 uimp=-21450 upos=0 uneg=165 ball=-111.68 vball=-0.34 aball=0.0 bref=0.00 pid=0.0 apid=0.0 integ=0.0 vision=1 current=1 vframe=16111 vs=1 vage=26 vpage=26 vdt=33 vmax=6728 vacc=15696 vrej=0 seq=0 elapsed=0 oled=3C
[   2483] PROBE n=7 pos=-111.64 din=0.03 vin=-0.18 moving=0
[   2483] >>> pulse -130 25
[   2500] STATUS mode=1 fault=none p60=0 dp60=0 pwm=0 cpwm=0 uimp=-21450 upos=0 uneg=165 ball=-111.68 vball=-0.34 aball=0.0 bref=0.00 pid=0.0 apid=0.0 integ=0.0 vision=1 current=1 vframe=16111 vs=1 vage=46 vpage=46 vdt=33 vmax=6728 vacc=15696 vrej=0 seq=0 elapsed=0 oled=3C
[   2531] STATUS mode=2 fault=none p60=0 dp60=0 pwm=-130 cpwm=0 uimp=-22100 upos=0 uneg=170 ball=-111.68 vball=-0.34 aball=0.0 bref=0.00 pid=0.0 apid=0.0 integ=0.0 vision=1 current=1 vframe=16111 vs=1 vage=66 vpage=66 vdt=33 vmax=6728 vacc=15696 vrej=0 seq=0 elapsed=0 oled=3C
[   2531] >>> pulse 0 120
[   2545] STATUS mode=1 fault=none p60=0 dp60=1 pwm=0 cpwm=0 uimp=-24700 upos=0 uneg=190 ball=-111.67 vball=-0.15 aball=0.0 bref=0.00 pid=0.0 apid=0.0 integ=0.0 vision=1 current=1 vframe=16112 vs=1 vage=6 vpage=6 vdt=100 vmax=6728 vacc=15697 vrej=0 seq=0 elapsed=0 oled=3C
[   2577] STATUS mode=2 fault=none p60=0 dp60=0 pwm=0 cpwm=0 uimp=-24700 upos=0 uneg=190 ball=-111.67 vball=-0.15 aball=0.0 bref=0.00 pid=0.0 apid=0.0 integ=0.0 vision=1 current=1 vframe=16112 vs=1 vage=26 vpage=26 vdt=100 vmax=6728 vacc=15697 vrej=0 seq=0 elapsed=0 oled=3C
[   2592] STATUS mode=2 fault=none p60=0 dp60=0 pwm=0 cpwm=0 uimp=-24700 upos=0 uneg=190 ball=-111.65 vball=0.20 aball=0.0 bref=0.00 pid=0.0 apid=0.0 integ=0.0 vision=1 current=1 vframe=16113 vs=1 vage=11 vpage=11 vdt=35 vmax=6728 vacc=15698 vrej=0 seq=0 elapsed=0 oled=3C
[   2625] STATUS mode=2 fault=none p60=0 dp60=0 pwm=0 cpwm=0 uimp=-24700 upos=0 uneg=190 ball=-111.65 vball=0.20 aball=0.0 bref=0.00 pid=0.0 apid=0.0 integ=0.0 vision=1 current=1 vframe=16113 vs=1 vage=31 vpage=31 vdt=35 vmax=6728 vacc=15698 vrej=0 seq=0 elapsed=0 oled=3C
[   2640] STATUS mode=2 fault=none p60=0 dp60=0 pwm=0 cpwm=0 uimp=-24700 upos=0 uneg=190 ball=-111.64 vball=0.18 aball=0.0 bref=0.00 pid=0.0 apid=0.0 integ=0.0 vision=1 current=1 vframe=16114 vs=1 vage=19 vpage=19 vdt=32 vmax=6728 vacc=15699 vrej=0 seq=0 elapsed=0 oled=3C
[   2670] STATUS mode=2 fault=none p60=0 dp60=0 pwm=0 cpwm=0 uimp=-24700 upos=0 uneg=190 ball=-111.64 vball=0.18 aball=0.0 bref=0.00 pid=0.0 apid=0.0 integ=0.0 vision=1 current=1 vframe=16114 vs=1 vage=39 vpage=39 vdt=32 vmax=6728 vacc=15699 vrej=0 seq=0 elapsed=0 oled=3C
[   2670] OK pulse complete
[   2686] STATUS mode=1 fault=none p60=0 dp60=0 pwm=0 cpwm=0 uimp=-24700 upos=0 uneg=190 ball=-111.64 vball=0.18 aball=0.0 bref=0.00 pid=0.0 apid=0.0 integ=0.0 vision=1 current=1 vframe=16114 vs=1 vage=79 vpage=79 vdt=32 vmax=6728 vacc=15699 vrej=0 seq=0 elapsed=0 oled=3C
[   2686] PROBE n=8 pos=-111.67 din=0.00 vin=0.00 moving=0
[   2686] >>> pulse -130 25
[   2717] STATUS mode=1 fault=none p60=0 dp60=0 pwm=0 cpwm=0 uimp=-24700 upos=0 uneg=190 ball=-111.65 vball=0.08 aball=0.0 bref=0.00 pid=0.0 apid=0.0 integ=0.0 vision=1 current=1 vframe=16115 vs=1 vage=6 vpage=6 vdt=93 vmax=6728 vacc=15700 vrej=0 seq=0 elapsed=0 oled=3C
[   2717] >>> pulse 0 120
[   2733] STATUS mode=2 fault=none p60=0 dp60=0 pwm=-130 cpwm=0 uimp=-27300 upos=0 uneg=210 ball=-111.65 vball=-0.10 aball=0.0 bref=0.00 pid=0.0 apid=0.0 integ=0.0 vision=1 current=1 vframe=16116 vs=1 vage=4 vpage=4 vdt=22 vmax=6728 vacc=15701 vrej=0 seq=0 elapsed=0 oled=3C
[   2765] STATUS mode=2 fault=none p60=0 dp60=0 pwm=0 cpwm=0 uimp=-27950 upos=0 uneg=215 ball=-111.65 vball=-0.10 aball=0.0 bref=0.00 pid=0.0 apid=0.0 integ=0.0 vision=1 current=1 vframe=16116 vs=1 vage=24 vpage=24 vdt=22 vmax=6728 vacc=15701 vrej=0 seq=0 elapsed=0 oled=3C
[   2781] STATUS mode=2 fault=none p60=0 dp60=0 pwm=0 cpwm=0 uimp=-27950 upos=0 uneg=215 ball=-111.66 vball=-0.06 aball=0.0 bref=0.00 pid=0.0 apid=0.0 integ=0.0 vision=1 current=1 vframe=16117 vs=1 vage=10 vpage=10 vdt=34 vmax=6728 vacc=15702 vrej=0 seq=0 elapsed=0 oled=3C
[   2811] STATUS mode=2 fault=none p60=0 dp60=0 pwm=0 cpwm=0 uimp=-27950 upos=0 uneg=215 ball=-111.66 vball=-0.06 aball=0.0 bref=0.00 pid=0.0 apid=0.0 integ=0.0 vision=1 current=1 vframe=16117 vs=1 vage=30 vpage=30 vdt=34 vmax=6728 vacc=15702 vrej=0 seq=0 elapsed=0 oled=3C
[   2827] STATUS mode=2 fault=none p60=0 dp60=0 pwm=0 cpwm=0 uimp=-27950 upos=0 uneg=215 ball=-111.66 vball=-0.06 aball=0.0 bref=0.00 pid=0.0 apid=0.0 integ=0.0 vision=1 current=1 vframe=16117 vs=1 vage=50 vpage=50 vdt=34 vmax=6728 vacc=15702 vrej=0 seq=0 elapsed=0 oled=3C
[   2858] STATUS mode=2 fault=none p60=0 dp60=0 pwm=0 cpwm=0 uimp=-27950 upos=0 uneg=215 ball=-111.66 vball=-0.06 aball=0.0 bref=0.00 pid=0.0 apid=0.0 integ=0.0 vision=1 current=1 vframe=16117 vs=1 vage=90 vpage=90 vdt=34 vmax=6728 vacc=15702 vrej=0 seq=0 elapsed=0 oled=3C
[   2875] STATUS mode=1 fault=none p60=0 dp60=0 pwm=0 cpwm=0 uimp=-27950 upos=0 uneg=215 ball=-111.66 vball=-0.03 aball=0.0 bref=0.00 pid=0.0 apid=0.0 integ=0.0 vision=1 current=1 vframe=16118 vs=1 vage=16 vpage=16 vdt=94 vmax=6728 vacc=15703 vrej=0 seq=0 elapsed=0 oled=3C
[   2875] PROBE n=9 pos=-111.65 din=0.02 vin=0.02 moving=0
[   2875] >>> pulse -130 25
[   2906] STATUS mode=1 fault=none p60=0 dp60=0 pwm=0 cpwm=0 uimp=-27950 upos=0 uneg=215 ball=-111.66 vball=-0.00 aball=0.0 bref=0.00 pid=0.0 apid=0.0 integ=0.0 vision=1 current=1 vframe=16119 vs=1 vage=13 vpage=13 vdt=23 vmax=6728 vacc=15704 vrej=0 seq=0 elapsed=0 oled=3C
[   2906] >>> pulse 0 120
[   2920] STATUS mode=2 fault=none p60=0 dp60=0 pwm=-130 cpwm=0 uimp=-29900 upos=0 uneg=230 ball=-111.66 vball=-0.00 aball=0.0 bref=0.00 pid=0.0 apid=0.0 integ=0.0 vision=1 current=1 vframe=16119 vs=1 vage=33 vpage=33 vdt=23 vmax=6728 vacc=15704 vrej=0 seq=0 elapsed=0 oled=3C
[   2952] STATUS mode=2 fault=none p60=-1 dp60=0 pwm=0 cpwm=0 uimp=-31200 upos=0 uneg=240 ball=-111.65 vball=0.09 aball=0.0 bref=0.00 pid=0.0 apid=0.0 integ=0.0 vision=1 current=1 vframe=16120 vs=1 vage=20 vpage=20 vdt=33 vmax=6728 vacc=15705 vrej=0 seq=0 elapsed=0 oled=3C
[   2967] STATUS mode=2 fault=none p60=0 dp60=0 pwm=0 cpwm=0 uimp=-31200 upos=0 uneg=240 ball=-111.65 vball=0.09 aball=0.0 bref=0.00 pid=0.0 apid=0.0 integ=0.0 vision=1 current=1 vframe=16120 vs=1 vage=40 vpage=40 vdt=33 vmax=6728 vacc=15705 vrej=0 seq=0 elapsed=0 oled=3C
[   3000] STATUS mode=2 fault=none p60=0 dp60=0 pwm=0 cpwm=0 uimp=-31200 upos=0 uneg=240 ball=-111.65 vball=0.09 aball=0.0 bref=0.00 pid=0.0 apid=0.0 integ=0.0 vision=1 current=1 vframe=16120 vs=1 vage=60 vpage=60 vdt=33 vmax=6728 vacc=15705 vrej=0 seq=0 elapsed=0 oled=3C
[   3015] STATUS mode=2 fault=none p60=0 dp60=0 pwm=0 cpwm=0 uimp=-31200 upos=0 uneg=240 ball=-111.65 vball=0.08 aball=0.0 bref=0.00 pid=0.0 apid=0.0 integ=0.0 vision=1 current=1 vframe=16121 vs=1 vage=6 vpage=6 vdt=94 vmax=6728 vacc=15706 vrej=0 seq=0 elapsed=0 oled=3C
[   3031] STATUS mode=2 fault=none p60=0 dp60=0 pwm=0 cpwm=0 uimp=-31200 upos=0 uneg=240 ball=-111.65 vball=-0.17 aball=0.0 bref=0.00 pid=0.0 apid=0.0 integ=0.0 vision=1 current=1 vframe=16122 vs=1 vage=3 vpage=3 vdt=23 vmax=6728 vacc=15707 vrej=0 seq=0 elapsed=0 oled=3C
[   3061] STATUS mode=1 fault=none p60=0 dp60=0 pwm=0 cpwm=0 uimp=-31200 upos=0 uneg=240 ball=-111.65 vball=-0.17 aball=0.0 bref=0.00 pid=0.0 apid=0.0 integ=0.0 vision=1 current=1 vframe=16122 vs=1 vage=23 vpage=23 vdt=23 vmax=6728 vacc=15707 vrej=0 seq=0 elapsed=0 oled=3C
[   3061] PROBE n=10 pos=-111.65 din=0.02 vin=0.00 moving=0
[   3061] >>> pulse -130 25
[   3077] STATUS mode=1 fault=none p60=0 dp60=0 pwm=0 cpwm=0 uimp=-31200 upos=0 uneg=240 ball=-111.66 vball=-0.10 aball=0.0 bref=0.00 pid=0.0 apid=0.0 integ=0.0 vision=1 current=1 vframe=16123 vs=1 vage=9 vpage=9 vdt=34 vmax=6728 vacc=15708 vrej=0 seq=0 elapsed=0 oled=3C
[   3108] STATUS mode=2 fault=none p60=0 dp60=0 pwm=-130 cpwm=0 uimp=-32500 upos=0 uneg=250 ball=-111.66 vball=-0.10 aball=0.0 bref=0.00 pid=0.0 apid=0.0 integ=0.0 vision=1 current=1 vframe=16123 vs=1 vage=29 vpage=29 vdt=34 vmax=6728 vacc=15708 vrej=0 seq=0 elapsed=0 oled=3C
[   3108] >>> pulse 0 120
[   3125] STATUS mode=1 fault=none p60=0 dp60=0 pwm=0 cpwm=0 uimp=-34450 upos=0 uneg=265 ball=-111.66 vball=-0.10 aball=0.0 bref=0.00 pid=0.0 apid=0.0 integ=0.0 vision=1 current=1 vframe=16123 vs=1 vage=49 vpage=49 vdt=34 vmax=6728 vacc=15708 vrej=0 seq=0 elapsed=0 oled=3C
[   3156] STATUS mode=2 fault=none p60=0 dp60=0 pwm=0 cpwm=0 uimp=-34450 upos=0 uneg=265 ball=-111.66 vball=-0.10 aball=0.0 bref=0.00 pid=0.0 apid=0.0 integ=0.0 vision=1 current=1 vframe=16123 vs=1 vage=69 vpage=69 vdt=34 vmax=6728 vacc=15708 vrej=0 seq=0 elapsed=0 oled=3C
[   3170] STATUS mode=2 fault=none p60=0 dp60=0 pwm=0 cpwm=0 uimp=-34450 upos=0 uneg=265 ball=-111.66 vball=-0.06 aball=0.0 bref=0.00 pid=0.0 apid=0.0 integ=0.0 vision=1 current=1 vframe=16124 vs=1 vage=13 vpage=13 vdt=96 vmax=6728 vacc=15709 vrej=0 seq=0 elapsed=0 oled=3C
[   3202] STATUS mode=2 fault=none p60=0 dp60=0 pwm=0 cpwm=0 uimp=-34450 upos=0 uneg=265 ball=-111.67 vball=-0.42 aball=0.0 bref=0.00 pid=0.0 apid=0.0 integ=0.0 vision=1 current=1 vframe=16125 vs=1 vage=13 vpage=13 vdt=20 vmax=6728 vacc=15710 vrej=0 seq=0 elapsed=0 oled=3C
[   3217] STATUS mode=2 fault=none p60=0 dp60=0 pwm=0 cpwm=0 uimp=-34450 upos=0 uneg=265 ball=-111.67 vball=-0.42 aball=0.0 bref=0.00 pid=0.0 apid=0.0 integ=0.0 vision=1 current=1 vframe=16125 vs=1 vage=33 vpage=33 vdt=20 vmax=6728 vacc=15710 vrej=0 seq=0 elapsed=0 oled=3C
[   3250] STATUS mode=2 fault=none p60=0 dp60=0 pwm=0 cpwm=0 uimp=-34450 upos=0 uneg=265 ball=-111.68 vball=-0.32 aball=0.0 bref=0.00 pid=0.0 apid=0.0 integ=0.0 vision=1 current=1 vframe=16126 vs=1 vage=19 vpage=19 vdt=34 vmax=6728 vacc=15711 vrej=0 seq=0 elapsed=0 oled=3C
[   3265] STATUS mode=1 fault=none p60=0 dp60=0 pwm=0 cpwm=0 uimp=-34450 upos=0 uneg=265 ball=-111.68 vball=-0.32 aball=0.0 bref=0.00 pid=0.0 apid=0.0 integ=0.0 vision=1 current=1 vframe=16126 vs=1 vage=39 vpage=39 vdt=34 vmax=6728 vacc=15711 vrej=0 seq=0 elapsed=0 oled=3C
[   3265] PROBE n=11 pos=-111.66 din=0.01 vin=-0.05 moving=0
[   3265] >>> pulse -130 25
[   3295] STATUS mode=1 fault=none p60=0 dp60=0 pwm=0 cpwm=0 uimp=-34450 upos=0 uneg=265 ball=-111.68 vball=-0.32 aball=0.0 bref=0.00 pid=0.0 apid=0.0 integ=0.0 vision=1 current=1 vframe=16126 vs=1 vage=59 vpage=59 vdt=34 vmax=6728 vacc=15711 vrej=0 seq=0 elapsed=0 oled=3C
[   3295] >>> pulse 0 120
[   3311] STATUS mode=2 fault=none p60=0 dp60=0 pwm=-130 cpwm=0 uimp=-37700 upos=0 uneg=290 ball=-111.66 vball=0.03 aball=0.0 bref=0.00 pid=0.0 apid=0.0 integ=0.0 vision=1 current=1 vframe=16127 vs=1 vage=5 vpage=5 vdt=94 vmax=6728 vacc=15712 vrej=0 seq=0 elapsed=0 oled=3C
[   3342] STATUS mode=2 fault=none p60=0 dp60=0 pwm=0 cpwm=0 uimp=-37700 upos=0 uneg=290 ball=-111.68 vball=-0.40 aball=0.0 bref=0.00 pid=0.0 apid=0.0 integ=0.0 vision=1 current=1 vframe=16128 vs=1 vage=2 vpage=2 vdt=23 vmax=6728 vacc=15713 vrej=0 seq=0 elapsed=0 oled=3C
[   3358] STATUS mode=2 fault=none p60=0 dp60=0 pwm=0 cpwm=0 uimp=-37700 upos=0 uneg=290 ball=-111.68 vball=-0.40 aball=0.0 bref=0.00 pid=0.0 apid=0.0 integ=0.0 vision=1 current=1 vframe=16128 vs=1 vage=22 vpage=22 vdt=23 vmax=6728 vacc=15713 vrej=0 seq=0 elapsed=0 oled=3C
[   3390] STATUS mode=2 fault=none p60=0 dp60=0 pwm=0 cpwm=0 uimp=-37700 upos=0 uneg=290 ball=-111.68 vball=-0.23 aball=0.0 bref=0.00 pid=0.0 apid=0.0 integ=0.0 vision=1 current=1 vframe=16129 vs=1 vage=9 vpage=9 vdt=33 vmax=6728 vacc=15714 vrej=0 seq=0 elapsed=0 oled=3C
[   3406] STATUS mode=2 fault=none p60=0 dp60=0 pwm=0 cpwm=0 uimp=-37700 upos=0 uneg=290 ball=-111.68 vball=-0.23 aball=0.0 bref=0.00 pid=0.0 apid=0.0 integ=0.0 vision=1 current=1 vframe=16129 vs=1 vage=29 vpage=29 vdt=33 vmax=6728 vacc=15714 vrej=0 seq=0 elapsed=0 oled=3C
[   3420] STATUS mode=2 fault=none p60=0 dp60=0 pwm=0 cpwm=0 uimp=-37700 upos=0 uneg=290 ball=-111.68 vball=-0.23 aball=0.0 bref=0.00 pid=0.0 apid=0.0 integ=0.0 vision=1 current=1 vframe=16129 vs=1 vage=49 vpage=49 vdt=33 vmax=6728 vacc=15714 vrej=0 seq=0 elapsed=0 oled=3C
[   3436] OK pulse complete
[   3452] STATUS mode=1 fault=none p60=0 dp60=0 pwm=0 cpwm=0 uimp=-37700 upos=0 uneg=290 ball=-111.68 vball=-0.23 aball=0.0 bref=0.00 pid=0.0 apid=0.0 integ=0.0 vision=1 current=1 vframe=16129 vs=1 vage=89 vpage=89 vdt=33 vmax=6728 vacc=15714 vrej=0 seq=0 elapsed=0 oled=3C
[   3452] PROBE n=12 pos=-111.68 din=-0.01 vin=-0.08 moving=0
[   3452] >>> pulse -130 25
[   3483] STATUS mode=1 fault=none p60=0 dp60=0 pwm=0 cpwm=0 uimp=-37700 upos=0 uneg=290 ball=-111.68 vball=-0.12 aball=0.0 bref=0.00 pid=0.0 apid=0.0 integ=0.0 vision=1 current=1 vframe=16130 vs=1 vage=16 vpage=16 vdt=93 vmax=6728 vacc=15715 vrej=0 seq=0 elapsed=0 oled=3C
[   3483] >>> pulse 0 120
[   3500] STATUS mode=2 fault=none p60=0 dp60=0 pwm=-130 cpwm=0 uimp=-39650 upos=0 uneg=305 ball=-111.65 vball=0.60 aball=0.0 bref=0.00 pid=0.0 apid=0.0 integ=0.0 vision=1 current=1 vframe=16131 vs=1 vage=13 vpage=13 vdt=23 vmax=6728 vacc=15716 vrej=0 seq=0 elapsed=0 oled=3C
[   3515] STATUS mode=2 fault=none p60=-1 dp60=0 pwm=0 cpwm=0 uimp=-40300 upos=0 uneg=310 ball=-111.65 vball=0.60 aball=0.0 bref=0.00 pid=0.0 apid=0.0 integ=0.0 vision=1 current=1 vframe=16131 vs=1 vage=33 vpage=33 vdt=23 vmax=6728 vacc=15716 vrej=0 seq=0 elapsed=0 oled=3C
[   3545] STATUS mode=2 fault=none p60=0 dp60=0 pwm=0 cpwm=0 uimp=-40300 upos=0 uneg=310 ball=-111.65 vball=0.34 aball=0.0 bref=0.00 pid=0.0 apid=0.0 integ=0.0 vision=1 current=1 vframe=16132 vs=1 vage=20 vpage=20 vdt=33 vmax=6728 vacc=15717 vrej=0 seq=0 elapsed=0 oled=3C
[   3561] STATUS mode=2 fault=none p60=0 dp60=0 pwm=0 cpwm=0 uimp=-40300 upos=0 uneg=310 ball=-111.65 vball=0.34 aball=0.0 bref=0.00 pid=0.0 apid=0.0 integ=0.0 vision=1 current=1 vframe=16132 vs=1 vage=40 vpage=40 vdt=33 vmax=6728 vacc=15717 vrej=0 seq=0 elapsed=0 oled=3C
[   3592] STATUS mode=2 fault=none p60=0 dp60=0 pwm=0 cpwm=0 uimp=-40300 upos=0 uneg=310 ball=-111.65 vball=0.34 aball=0.0 bref=0.00 pid=0.0 apid=0.0 integ=0.0 vision=1 current=1 vframe=16132 vs=1 vage=60 vpage=60 vdt=33 vmax=6728 vacc=15717 vrej=0 seq=0 elapsed=0 oled=3C
[   3608] STATUS mode=2 fault=none p60=0 dp60=0 pwm=0 cpwm=0 uimp=-40300 upos=0 uneg=310 ball=-111.65 vball=0.18 aball=0.0 bref=0.00 pid=0.0 apid=0.0 integ=0.0 vision=1 current=1 vframe=16133 vs=1 vage=5 vpage=5 vdt=95 vmax=6728 vacc=15718 vrej=0 seq=0 elapsed=0 oled=3C
[   3640] STATUS mode=1 fault=none p60=0 dp60=0 pwm=0 cpwm=0 uimp=-40300 upos=0 uneg=310 ball=-111.66 vball=-0.09 aball=0.0 bref=0.00 pid=0.0 apid=0.0 integ=0.0 vision=1 current=1 vframe=16134 vs=1 vage=3 vpage=3 vdt=22 vmax=6728 vacc=15719 vrej=0 seq=0 elapsed=0 oled=3C
[   3640] PROBE n=13 pos=-111.65 din=0.02 vin=0.06 moving=0
[   3640] >>> pulse -130 25
[   3656] STATUS mode=1 fault=none p60=0 dp60=0 pwm=0 cpwm=0 uimp=-40300 upos=0 uneg=310 ball=-111.66 vball=-0.09 aball=0.0 bref=0.00 pid=0.0 apid=0.0 integ=0.0 vision=1 current=1 vframe=16134 vs=1 vage=23 vpage=23 vdt=22 vmax=6728 vacc=15719 vrej=0 seq=0 elapsed=0 oled=3C
[   3686] STATUS mode=2 fault=none p60=0 dp60=0 pwm=-130 cpwm=0 uimp=-42250 upos=0 uneg=325 ball=-111.67 vball=-0.27 aball=0.0 bref=0.00 pid=0.0 apid=0.0 integ=0.0 vision=1 current=1 vframe=16135 vs=1 vage=8 vpage=8 vdt=35 vmax=6728 vacc=15720 vrej=0 seq=0 elapsed=0 oled=3C
[   3686] >>> pulse 0 120
[   3702] STATUS mode=1 fault=none p60=-1 dp60=-1 pwm=0 cpwm=0 uimp=-43550 upos=0 uneg=335 ball=-111.67 vball=-0.27 aball=0.0 bref=0.00 pid=0.0 apid=0.0 integ=0.0 vision=1 current=1 vframe=16135 vs=1 vage=28 vpage=28 vdt=35 vmax=6728 vacc=15720 vrej=0 seq=0 elapsed=0 oled=3C
[   3733] STATUS mode=2 fault=none p60=0 dp60=0 pwm=0 cpwm=0 uimp=-43550 upos=0 uneg=335 ball=-111.67 vball=-0.27 aball=0.0 bref=0.00 pid=0.0 apid=0.0 integ=0.0 vision=1 current=1 vframe=16135 vs=1 vage=48 vpage=48 vdt=35 vmax=6728 vacc=15720 vrej=0 seq=0 elapsed=0 oled=3C
[   3750] STATUS mode=2 fault=none p60=0 dp60=0 pwm=0 cpwm=0 uimp=-43550 upos=0 uneg=335 ball=-111.67 vball=-0.27 aball=0.0 bref=0.00 pid=0.0 apid=0.0 integ=0.0 vision=1 current=1 vframe=16135 vs=1 vage=68 vpage=68 vdt=35 vmax=6728 vacc=15720 vrej=0 seq=0 elapsed=0 oled=3C
[   3781] STATUS mode=2 fault=none p60=0 dp60=0 pwm=0 cpwm=0 uimp=-43550 upos=0 uneg=335 ball=-111.68 vball=-0.22 aball=0.0 bref=0.00 pid=0.0 apid=0.0 integ=0.0 vision=1 current=1 vframe=16136 vs=1 vage=7 vpage=7 vdt=101 vmax=6728 vacc=15721 vrej=0 seq=0 elapsed=0 oled=3C
[   3795] STATUS mode=2 fault=none p60=0 dp60=0 pwm=0 cpwm=0 uimp=-43550 upos=0 uneg=335 ball=-111.68 vball=-0.22 aball=0.0 bref=0.00 pid=0.0 apid=0.0 integ=0.0 vision=1 current=1 vframe=16136 vs=1 vage=27 vpage=27 vdt=101 vmax=6728 vacc=15721 vrej=0 seq=0 elapsed=0 oled=3C
[   3827] STATUS mode=2 fault=none p60=0 dp60=0 pwm=0 cpwm=0 uimp=-43550 upos=0 uneg=335 ball=-111.68 vball=-0.04 aball=0.0 bref=0.00 pid=0.0 apid=0.0 integ=0.0 vision=1 current=1 vframe=16137 vs=1 vage=16 vpage=16 vdt=31 vmax=6728 vacc=15722 vrej=0 seq=0 elapsed=0 oled=3C
[   3842] STATUS mode=1 fault=none p60=0 dp60=0 pwm=0 cpwm=0 uimp=-43550 upos=0 uneg=335 ball=-111.68 vball=-0.01 aball=0.0 bref=0.00 pid=0.0 apid=0.0 integ=0.0 vision=1 current=1 vframe=16138 vs=1 vage=3 vpage=3 vdt=33 vmax=6728 vacc=15723 vrej=0 seq=0 elapsed=0 oled=3C
[   3842] PROBE n=14 pos=-111.68 din=-0.01 vin=-0.09 moving=0
[   3842] >>> pulse -130 25
[   3875] STATUS mode=1 fault=none p60=0 dp60=0 pwm=0 cpwm=0 uimp=-43550 upos=0 uneg=335 ball=-111.68 vball=-0.01 aball=0.0 bref=0.00 pid=0.0 apid=0.0 integ=0.0 vision=1 current=1 vframe=16138 vs=1 vage=23 vpage=23 vdt=33 vmax=6728 vacc=15723 vrej=0 seq=0 elapsed=0 oled=3C
[   3875] >>> pulse 0 120
[   3890] STATUS mode=2 fault=none p60=0 dp60=0 pwm=-130 cpwm=0 uimp=-44200 upos=0 uneg=340 ball=-111.68 vball=-0.01 aball=0.0 bref=0.00 pid=0.0 apid=0.0 integ=0.0 vision=1 current=1 vframe=16138 vs=1 vage=43 vpage=43 vdt=33 vmax=6728 vacc=15723 vrej=0 seq=0 elapsed=0 oled=3C
[   3920] STATUS mode=2 fault=none p60=0 dp60=0 pwm=0 cpwm=0 uimp=-46150 upos=0 uneg=355 ball=-111.68 vball=-0.01 aball=0.0 bref=0.00 pid=0.0 apid=0.0 integ=0.0 vision=1 current=1 vframe=16138 vs=1 vage=83 vpage=83 vdt=33 vmax=6728 vacc=15723 vrej=0 seq=0 elapsed=0 oled=3C
[   3936] STATUS mode=2 fault=none p60=0 dp60=0 pwm=0 cpwm=0 uimp=-46150 upos=0 uneg=355 ball=-111.68 vball=-0.01 aball=0.0 bref=0.00 pid=0.0 apid=0.0 integ=0.0 vision=1 current=1 vframe=16138 vs=1 vage=103 vpage=103 vdt=33 vmax=6728 vacc=15723 vrej=0 seq=0 elapsed=0 oled=3C
[   3952] STATUS mode=2 fault=none p60=0 dp60=0 pwm=0 cpwm=0 uimp=-46150 upos=0 uneg=355 ball=-111.68 vball=-0.01 aball=0.0 bref=0.00 pid=0.0 apid=0.0 integ=0.0 vision=1 current=1 vframe=16138 vs=1 vage=123 vpage=123 vdt=33 vmax=6728 vacc=15723 vrej=0 seq=0 elapsed=0 oled=3C
[   3983] STATUS mode=2 fault=none p60=0 dp60=0 pwm=0 cpwm=0 uimp=-46150 upos=0 uneg=355 ball=-111.68 vball=-0.01 aball=0.0 bref=0.00 pid=0.0 apid=0.0 integ=0.0 vision=1 current=1 vframe=16138 vs=1 vage=143 vpage=143 vdt=33 vmax=6728 vacc=15723 vrej=0 seq=0 elapsed=0 oled=3C
[   4000] STATUS mode=2 fault=none p60=0 dp60=0 pwm=0 cpwm=0 uimp=-46150 upos=0 uneg=355 ball=-111.68 vball=-0.00 aball=0.0 bref=0.00 pid=0.0 apid=0.0 integ=0.0 vision=1 current=1 vframe=16139 vs=1 vage=17 vpage=17 vdt=146 vmax=6728 vacc=15724 vrej=0 seq=0 elapsed=0 oled=3C
[   4031] STATUS mode=1 fault=none p60=0 dp60=0 pwm=0 cpwm=0 uimp=-46150 upos=0 uneg=355 ball=-111.64 vball=0.82 aball=0.0 bref=0.00 pid=0.0 apid=0.0 integ=0.0 vision=1 current=1 vframe=16140 vs=1 vage=13 vpage=13 vdt=24 vmax=6728 vacc=15725 vrej=0 seq=0 elapsed=0 oled=3C
[   4031] PROBE n=15 pos=-111.68 din=-0.01 vin=0.00 moving=0
[   4031] >>> pulse -130 25
[   4045] STATUS mode=1 fault=none p60=0 dp60=0 pwm=0 cpwm=0 uimp=-46150 upos=0 uneg=355 ball=-111.63 vball=0.71 aball=0.0 bref=0.00 pid=0.0 apid=0.0 integ=0.0 vision=1 current=1 vframe=16141 vs=1 vage=7 vpage=7 vdt=26 vmax=6728 vacc=15726 vrej=0 seq=0 elapsed=0 oled=3C
[   4077] STATUS mode=2 fault=none p60=0 dp60=0 pwm=-130 cpwm=0 uimp=-48750 upos=0 uneg=375 ball=-111.63 vball=0.71 aball=0.0 bref=0.00 pid=0.0 apid=0.0 integ=0.0 vision=1 current=1 vframe=16141 vs=1 vage=47 vpage=47 vdt=26 vmax=6728 vacc=15726 vrej=0 seq=0 elapsed=0 oled=3C
[   4077] >>> pulse 0 120
[   4092] STATUS mode=1 fault=none p60=-1 dp60=0 pwm=0 cpwm=0 uimp=-49400 upos=0 uneg=380 ball=-111.63 vball=0.71 aball=0.0 bref=0.00 pid=0.0 apid=0.0 integ=0.0 vision=1 current=1 vframe=16141 vs=1 vage=67 vpage=67 vdt=26 vmax=6728 vacc=15726 vrej=0 seq=0 elapsed=0 oled=3C
[   4125] STATUS mode=2 fault=none p60=0 dp60=0 pwm=0 cpwm=0 uimp=-49400 upos=0 uneg=380 ball=-111.63 vball=0.71 aball=0.0 bref=0.00 pid=0.0 apid=0.0 integ=0.0 vision=1 current=1 vframe=16141 vs=1 vage=87 vpage=87 vdt=26 vmax=6728 vacc=15726 vrej=0 seq=0 elapsed=0 oled=3C
[   4140] STATUS mode=2 fault=none p60=0 dp60=0 pwm=0 cpwm=0 uimp=-49400 upos=0 uneg=380 ball=-111.63 vball=0.71 aball=0.0 bref=0.00 pid=0.0 apid=0.0 integ=0.0 vision=1 current=1 vframe=16141 vs=1 vage=107 vpage=107 vdt=26 vmax=6728 vacc=15726 vrej=0 seq=0 elapsed=0 oled=3C
[   4170] STATUS mode=2 fault=none p60=0 dp60=0 pwm=0 cpwm=0 uimp=-49400 upos=0 uneg=380 ball=-111.62 vball=0.28 aball=0.0 bref=0.00 pid=0.0 apid=0.0 integ=0.0 vision=1 current=1 vframe=16143 vs=1 vage=11 vpage=11 vdt=7 vmax=6728 vacc=15728 vrej=0 seq=0 elapsed=0 oled=3C
[   4186] STATUS mode=2 fault=none p60=0 dp60=0 pwm=0 cpwm=0 uimp=-49400 upos=0 uneg=380 ball=-111.66 vball=-0.89 aball=0.0 bref=0.00 pid=0.0 apid=0.0 integ=0.0 vision=1 current=1 vframe=16144 vs=1 vage=10 vpage=10 vdt=21 vmax=6728 vacc=15729 vrej=0 seq=0 elapsed=0 oled=3C
[   4217] STATUS mode=2 fault=none p60=0 dp60=0 pwm=0 cpwm=0 uimp=-49400 upos=0 uneg=380 ball=-111.65 vball=-0.89 aball=0.0 bref=0.00 pid=0.0 apid=0.0 integ=0.0 vision=1 current=1 vframe=16144 vs=1 vage=30 vpage=30 vdt=21 vmax=6728 vacc=15729 vrej=0 seq=0 elapsed=0 oled=3C
[   4233] STATUS mode=1 fault=none p60=0 dp60=0 pwm=0 cpwm=0 uimp=-49400 upos=0 uneg=380 ball=-111.65 vball=-0.24 aball=0.0 bref=0.00 pid=0.0 apid=0.0 integ=0.0 vision=1 current=1 vframe=16145 vs=1 vage=36 vpage=36 vdt=34 vmax=6728 vacc=15730 vrej=0 seq=0 elapsed=0 oled=3C
[   4233] PROBE n=16 pos=-111.64 din=0.03 vin=0.09 moving=0
[   4233] >>> pulse -130 25
[   4265] STATUS mode=1 fault=none p60=0 dp60=0 pwm=0 cpwm=0 uimp=-49400 upos=0 uneg=380 ball=-111.65 vball=-0.24 aball=0.0 bref=0.00 pid=0.0 apid=0.0 integ=0.0 vision=1 current=1 vframe=16145 vs=1 vage=56 vpage=56 vdt=34 vmax=6728 vacc=15730 vrej=0 seq=0 elapsed=0 oled=3C
[   4265] >>> pulse 0 120
[   4281] STATUS mode=2 fault=none p60=0 dp60=0 pwm=-130 cpwm=0 uimp=-51350 upos=0 uneg=395 ball=-111.65 vball=-0.24 aball=0.0 bref=0.00 pid=0.0 apid=0.0 integ=0.0 vision=1 current=1 vframe=16145 vs=1 vage=76 vpage=76 vdt=34 vmax=6728 vacc=15730 vrej=0 seq=0 elapsed=0 oled=3C
[   4311] STATUS mode=2 fault=none p60=0 dp60=0 pwm=0 cpwm=0 uimp=-52650 upos=0 uneg=405 ball=-111.65 vball=-0.24 aball=0.0 bref=0.00 pid=0.0 apid=0.0 integ=0.0 vision=1 current=1 vframe=16145 vs=1 vage=96 vpage=96 vdt=34 vmax=6728 vacc=15730 vrej=0 seq=0 elapsed=0 oled=3C
[   4327] STATUS mode=2 fault=none p60=0 dp60=0 pwm=0 cpwm=0 uimp=-52650 upos=0 uneg=405 ball=-111.64 vball=-0.04 aball=0.0 bref=0.00 pid=0.0 apid=0.0 integ=0.0 vision=1 current=1 vframe=16146 vs=1 vage=17 vpage=17 vdt=99 vmax=6728 vacc=15731 vrej=0 seq=0 elapsed=0 oled=3C
[   4342] STATUS mode=2 fault=none p60=0 dp60=0 pwm=0 cpwm=0 uimp=-52650 upos=0 uneg=405 ball=-111.64 vball=0.05 aball=0.0 bref=0.00 pid=0.0 apid=0.0 integ=0.0 vision=1 current=1 vframe=16147 vs=1 vage=18 vpage=18 vdt=19 vmax=6728 vacc=15732 vrej=0 seq=0 elapsed=0 oled=3C
[   4375] STATUS mode=2 fault=none p60=0 dp60=0 pwm=0 cpwm=0 uimp=-52650 upos=0 uneg=405 ball=-111.61 vball=0.37 aball=0.0 bref=0.00 pid=0.0 apid=0.0 integ=0.0 vision=1 current=1 vframe=16148 vs=1 vage=26 vpage=26 vdt=32 vmax=6728 vacc=15733 vrej=0 seq=0 elapsed=0 oled=3C
[   4390] STATUS mode=2 fault=none p60=0 dp60=0 pwm=0 cpwm=0 uimp=-52650 upos=0 uneg=405 ball=-111.61 vball=0.37 aball=0.0 bref=0.00 pid=0.0 apid=0.0 integ=0.0 vision=1 current=1 vframe=16148 vs=1 vage=46 vpage=46 vdt=32 vmax=6728 vacc=15733 vrej=0 seq=0 elapsed=0 oled=3C
[   4420] STATUS mode=1 fault=none p60=0 dp60=0 pwm=0 cpwm=0 uimp=-52650 upos=0 uneg=405 ball=-111.61 vball=0.37 aball=0.0 bref=0.00 pid=0.0 apid=0.0 integ=0.0 vision=1 current=1 vframe=16148 vs=1 vage=66 vpage=66 vdt=32 vmax=6728 vacc=15733 vrej=0 seq=0 elapsed=0 oled=3C
[   4420] PROBE n=17 pos=-111.64 din=0.03 vin=0.09 moving=0
[   4420] >>> pulse -130 25
[   4436] STATUS mode=1 fault=none p60=0 dp60=0 pwm=0 cpwm=0 uimp=-52650 upos=0 uneg=405 ball=-111.61 vball=0.37 aball=0.0 bref=0.00 pid=0.0 apid=0.0 integ=0.0 vision=1 current=1 vframe=16148 vs=1 vage=86 vpage=86 vdt=32 vmax=6728 vacc=15733 vrej=0 seq=0 elapsed=0 oled=3C
[   4467] STATUS mode=2 fault=none p60=0 dp60=0 pwm=-130 cpwm=0 uimp=-53950 upos=0 uneg=415 ball=-111.67 vball=-0.25 aball=0.0 bref=0.00 pid=0.0 apid=0.0 integ=0.0 vision=1 current=1 vframe=16149 vs=1 vage=10 vpage=10 vdt=96 vmax=6728 vacc=15734 vrej=0 seq=0 elapsed=0 oled=3C
[   4467] >>> pulse 0 120
[   4483] STATUS mode=1 fault=none p60=-1 dp60=-1 pwm=0 cpwm=0 uimp=-55900 upos=0 uneg=430 ball=-111.68 vball=-0.42 aball=0.0 bref=0.00 pid=0.0 apid=0.0 integ=0.0 vision=1 current=1 vframe=16150 vs=1 vage=9 vpage=9 vdt=21 vmax=6728 vacc=15735 vrej=0 seq=0 elapsed=0 oled=3C
[   4515] STATUS mode=2 fault=none p60=-1 dp60=0 pwm=0 cpwm=0 uimp=-55900 upos=0 uneg=430 ball=-111.68 vball=-0.42 aball=0.0 bref=0.00 pid=0.0 apid=0.0 integ=0.0 vision=1 current=1 vframe=16150 vs=1 vage=29 vpage=29 vdt=21 vmax=6728 vacc=15735 vrej=0 seq=0 elapsed=0 oled=3C
[   4531] STATUS mode=2 fault=none p60=0 dp60=0 pwm=0 cpwm=0 uimp=-55900 upos=0 uneg=430 ball=-111.68 vball=-0.15 aball=0.0 bref=0.00 pid=0.0 apid=0.0 integ=0.0 vision=1 current=1 vframe=16151 vs=1 vage=36 vpage=36 vdt=33 vmax=6728 vacc=15736 vrej=0 seq=0 elapsed=0 oled=3C
[   4561] STATUS mode=2 fault=none p60=0 dp60=0 pwm=0 cpwm=0 uimp=-55900 upos=0 uneg=430 ball=-111.68 vball=-0.15 aball=0.0 bref=0.00 pid=0.0 apid=0.0 integ=0.0 vision=1 current=1 vframe=16151 vs=1 vage=56 vpage=56 vdt=33 vmax=6728 vacc=15736 vrej=0 seq=0 elapsed=0 oled=3C
[   4577] STATUS mode=2 fault=none p60=0 dp60=0 pwm=0 cpwm=0 uimp=-55900 upos=0 uneg=430 ball=-111.68 vball=-0.15 aball=0.0 bref=0.00 pid=0.0 apid=0.0 integ=0.0 vision=1 current=1 vframe=16151 vs=1 vage=76 vpage=76 vdt=33 vmax=6728 vacc=15736 vrej=0 seq=0 elapsed=0 oled=3C
[   4608] STATUS mode=2 fault=none p60=0 dp60=0 pwm=0 cpwm=0 uimp=-55900 upos=0 uneg=430 ball=-111.65 vball=0.18 aball=0.0 bref=0.00 pid=0.0 apid=0.0 integ=0.0 vision=1 current=1 vframe=16152 vs=1 vage=2 vpage=2 vdt=94 vmax=6728 vacc=15737 vrej=0 seq=0 elapsed=0 oled=3C
[   4625] STATUS mode=1 fault=none p60=0 dp60=0 pwm=0 cpwm=0 uimp=-55900 upos=0 uneg=430 ball=-111.65 vball=0.18 aball=0.0 bref=0.00 pid=0.0 apid=0.0 integ=0.0 vision=1 current=1 vframe=16152 vs=1 vage=22 vpage=22 vdt=94 vmax=6728 vacc=15737 vrej=0 seq=0 elapsed=0 oled=3C
[   4625] PROBE n=18 pos=-111.67 din=0.00 vin=-0.22 moving=0
[   4625] >>> pulse -130 25
[   4656] STATUS mode=1 fault=none p60=0 dp60=0 pwm=0 cpwm=0 uimp=-55900 upos=0 uneg=430 ball=-111.61 vball=1.07 aball=0.0 bref=0.00 pid=0.0 apid=0.0 integ=0.0 vision=1 current=1 vframe=16153 vs=1 vage=19 vpage=19 vdt=23 vmax=6728 vacc=15738 vrej=0 seq=0 elapsed=0 oled=3C
[   4656] >>> pulse 0 120
[   4670] STATUS mode=2 fault=none p60=0 dp60=0 pwm=-130 cpwm=0 uimp=-59150 upos=0 uneg=455 ball=-111.64 vball=0.08 aball=0.0 bref=0.00 pid=0.0 apid=0.0 integ=0.0 vision=1 current=1 vframe=16154 vs=1 vage=6 vpage=6 vdt=33 vmax=6728 vacc=15739 vrej=0 seq=0 elapsed=0 oled=3C
[   4702] STATUS mode=2 fault=none p60=0 dp60=0 pwm=0 cpwm=0 uimp=-59150 upos=0 uneg=455 ball=-111.64 vball=0.08 aball=0.0 bref=0.00 pid=0.0 apid=0.0 integ=0.0 vision=1 current=1 vframe=16154 vs=1 vage=46 vpage=46 vdt=33 vmax=6728 vacc=15739 vrej=0 seq=0 elapsed=0 oled=3C
[   4717] STATUS mode=2 fault=none p60=0 dp60=0 pwm=0 cpwm=0 uimp=-59150 upos=0 uneg=455 ball=-111.64 vball=0.08 aball=0.0 bref=0.00 pid=0.0 apid=0.0 integ=0.0 vision=1 current=1 vframe=16154 vs=1 vage=66 vpage=66 vdt=33 vmax=6728 vacc=15739 vrej=0 seq=0 elapsed=0 oled=3C
[   4733] STATUS mode=2 fault=none p60=0 dp60=0 pwm=0 cpwm=0 uimp=-59150 upos=0 uneg=455 ball=-111.64 vball=0.08 aball=0.0 bref=0.00 pid=0.0 apid=0.0 integ=0.0 vision=1 current=1 vframe=16154 vs=1 vage=86 vpage=86 vdt=33 vmax=6728 vacc=15739 vrej=0 seq=0 elapsed=0 oled=3C
[   4765] STATUS mode=2 fault=none p60=0 dp60=0 pwm=0 cpwm=0 uimp=-59150 upos=0 uneg=455 ball=-111.64 vball=0.08 aball=0.0 bref=0.00 pid=0.0 apid=0.0 integ=0.0 vision=1 current=1 vframe=16154 vs=1 vage=106 vpage=106 vdt=33 vmax=6728 vacc=15739 vrej=0 seq=0 elapsed=0 oled=3C
[   4781] STATUS mode=2 fault=none p60=0 dp60=0 pwm=0 cpwm=0 uimp=-59150 upos=0 uneg=455 ball=-111.68 vball=-0.35 aball=0.0 bref=0.00 pid=0.0 apid=0.0 integ=0.0 vision=1 current=1 vframe=16155 vs=1 vage=15 vpage=15 vdt=111 vmax=6728 vacc=15740 vrej=0 seq=0 elapsed=0 oled=3C
[   4795] OK pulse complete
[   4811] STATUS mode=1 fault=none p60=0 dp60=0 pwm=0 cpwm=0 uimp=-59150 upos=0 uneg=455 ball=-111.67 vball=0.17 aball=0.0 bref=0.00 pid=0.0 apid=0.0 integ=0.0 vision=1 current=1 vframe=16156 vs=1 vage=32 vpage=32 vdt=23 vmax=6728 vacc=15741 vrej=0 seq=0 elapsed=0 oled=3C
[   4811] PROBE n=19 pos=-111.65 din=0.02 vin=0.03 moving=0
[   4811] >>> pulse -130 25
[   4842] STATUS mode=1 fault=none p60=0 dp60=0 pwm=0 cpwm=0 uimp=-59150 upos=0 uneg=455 ball=-111.67 vball=0.12 aball=0.0 bref=0.00 pid=0.0 apid=0.0 integ=0.0 vision=1 current=1 vframe=16157 vs=1 vage=19 vpage=19 vdt=33 vmax=6728 vacc=15742 vrej=0 seq=0 elapsed=0 oled=3C
[   4842] >>> pulse 0 120
[   4858] STATUS mode=2 fault=none p60=0 dp60=0 pwm=-130 cpwm=0 uimp=-61750 upos=0 uneg=475 ball=-111.67 vball=0.12 aball=0.0 bref=0.00 pid=0.0 apid=0.0 integ=0.0 vision=1 current=1 vframe=16157 vs=1 vage=39 vpage=39 vdt=33 vmax=6728 vacc=15742 vrej=0 seq=0 elapsed=0 oled=3C
[   4890] STATUS mode=2 fault=none p60=-1 dp60=0 pwm=0 cpwm=0 uimp=-62400 upos=0 uneg=480 ball=-111.67 vball=0.12 aball=0.0 bref=0.00 pid=0.0 apid=0.0 integ=0.0 vision=1 current=1 vframe=16157 vs=1 vage=59 vpage=59 vdt=33 vmax=6728 vacc=15742 vrej=0 seq=0 elapsed=0 oled=3C
[   4906] STATUS mode=2 fault=none p60=0 dp60=0 pwm=0 cpwm=0 uimp=-62400 upos=0 uneg=480 ball=-111.67 vball=0.12 aball=0.0 bref=0.00 pid=0.0 apid=0.0 integ=0.0 vision=1 current=1 vframe=16157 vs=1 vage=79 vpage=79 vdt=33 vmax=6728 vacc=15742 vrej=0 seq=0 elapsed=0 oled=3C
[   4920] STATUS mode=2 fault=none p60=0 dp60=0 pwm=0 cpwm=0 uimp=-62400 upos=0 uneg=480 ball=-111.67 vball=0.12 aball=0.0 bref=0.00 pid=0.0 apid=0.0 integ=0.0 vision=1 current=1 vframe=16157 vs=1 vage=99 vpage=99 vdt=33 vmax=6728 vacc=15742 vrej=0 seq=0 elapsed=0 oled=3C
[   4952] STATUS mode=2 fault=none p60=0 dp60=0 pwm=0 cpwm=0 uimp=-62400 upos=0 uneg=480 ball=-111.65 vball=0.15 aball=0.0 bref=0.00 pid=0.0 apid=0.0 integ=0.0 vision=1 current=1 vframe=16158 vs=1 vage=19 vpage=19 vdt=100 vmax=6728 vacc=15743 vrej=0 seq=0 elapsed=0 oled=3C
[   4967] STATUS mode=2 fault=none p60=0 dp60=0 pwm=0 cpwm=0 uimp=-62400 upos=0 uneg=480 ball=-111.63 vball=0.34 aball=0.0 bref=0.00 pid=0.0 apid=0.0 integ=0.0 vision=1 current=1 vframe=16159 vs=1 vage=24 vpage=24 vdt=35 vmax=6728 vacc=15744 vrej=0 seq=0 elapsed=0 oled=3C
[   5000] STATUS mode=1 fault=none p60=0 dp60=0 pwm=0 cpwm=0 uimp=-62400 upos=0 uneg=480 ball=-111.63 vball=0.19 aball=0.0 bref=0.00 pid=0.0 apid=0.0 integ=0.0 vision=1 current=1 vframe=16160 vs=1 vage=13 vpage=13 vdt=31 vmax=6728 vacc=15745 vrej=0 seq=0 elapsed=0 oled=3C
[   5000] PROBE n=20 pos=-111.65 din=0.02 vin=0.03 moving=0
[   5000] >>> pulse -130 25
[   5015] STATUS mode=1 fault=none p60=0 dp60=0 pwm=0 cpwm=0 uimp=-62400 upos=0 uneg=480 ball=-111.63 vball=0.19 aball=0.0 bref=0.00 pid=0.0 apid=0.0 integ=0.0 vision=1 current=1 vframe=16160 vs=1 vage=33 vpage=33 vdt=31 vmax=6728 vacc=15745 vrej=0 seq=0 elapsed=0 oled=3C
[   5045] STATUS mode=2 fault=none p60=0 dp60=0 pwm=-130 cpwm=0 uimp=-64350 upos=0 uneg=495 ball=-111.63 vball=0.19 aball=0.0 bref=0.00 pid=0.0 apid=0.0 integ=0.0 vision=1 current=1 vframe=16160 vs=1 vage=53 vpage=53 vdt=31 vmax=6728 vacc=15745 vrej=0 seq=0 elapsed=0 oled=3C
[   5045] >>> pulse 0 120
[   5061] STATUS mode=1 fault=none p60=-1 dp60=-1 pwm=0 cpwm=0 uimp=-65650 upos=0 uneg=505 ball=-111.63 vball=0.19 aball=0.0 bref=0.00 pid=0.0 apid=0.0 integ=0.0 vision=1 current=1 vframe=16160 vs=1 vage=73 vpage=73 vdt=31 vmax=6728 vacc=15745 vrej=0 seq=0 elapsed=0 oled=3C
[   5092] STATUS mode=2 fault=none p60=0 dp60=0 pwm=0 cpwm=0 uimp=-65650 upos=0 uneg=505 ball=-111.63 vball=0.19 aball=0.0 bref=0.00 pid=0.0 apid=0.0 integ=0.0 vision=1 current=1 vframe=16160 vs=1 vage=93 vpage=93 vdt=31 vmax=6728 vacc=15745 vrej=0 seq=0 elapsed=0 oled=3C
[   5108] STATUS mode=2 fault=none p60=0 dp60=0 pwm=0 cpwm=0 uimp=-65650 upos=0 uneg=505 ball=-111.63 vball=0.07 aball=0.0 bref=0.00 pid=0.0 apid=0.0 integ=0.0 vision=1 current=1 vframe=16161 vs=1 vage=11 vpage=11 vdt=102 vmax=6728 vacc=15746 vrej=0 seq=0 elapsed=0 oled=3C
[   5140] STATUS mode=2 fault=none p60=0 dp60=0 pwm=0 cpwm=0 uimp=-65650 upos=0 uneg=505 ball=-111.67 vball=-0.48 aball=0.0 bref=0.00 pid=0.0 apid=0.0 integ=0.0 vision=1 current=1 vframe=16162 vs=1 vage=20 vpage=20 vdt=31 vmax=6728 vacc=15747 vrej=0 seq=0 elapsed=0 oled=3C
[   5156] STATUS mode=2 fault=none p60=0 dp60=0 pwm=0 cpwm=0 uimp=-65650 upos=0 uneg=505 ball=-111.68 vball=-0.42 aball=0.0 bref=0.00 pid=0.0 apid=0.0 integ=0.0 vision=1 current=1 vframe=16163 vs=1 vage=6 vpage=6 vdt=34 vmax=6728 vacc=15748 vrej=0 seq=0 elapsed=0 oled=3C
[   5186] STATUS mode=2 fault=none p60=0 dp60=0 pwm=0 cpwm=0 uimp=-65650 upos=0 uneg=505 ball=-111.68 vball=-0.42 aball=0.0 bref=0.00 pid=0.0 apid=0.0 integ=0.0 vision=1 current=1 vframe=16163 vs=1 vage=26 vpage=26 vdt=34 vmax=6728 vacc=15748 vrej=0 seq=0 elapsed=0 oled=3C
[   5202] STATUS mode=1 fault=none p60=0 dp60=0 pwm=0 cpwm=0 uimp=-65650 upos=0 uneg=505 ball=-111.68 vball=-0.42 aball=0.0 bref=0.00 pid=0.0 apid=0.0 integ=0.0 vision=1 current=1 vframe=16163 vs=1 vage=46 vpage=46 vdt=34 vmax=6728 vacc=15748 vrej=0 seq=0 elapsed=0 oled=3C
[   5202] PROBE n=21 pos=-111.63 din=0.04 vin=0.08 moving=0
[   5202] >>> pulse -130 25
[   5233] STATUS mode=1 fault=none p60=0 dp60=0 pwm=0 cpwm=0 uimp=-65650 upos=0 uneg=505 ball=-111.68 vball=-0.42 aball=0.0 bref=0.00 pid=0.0 apid=0.0 integ=0.0 vision=1 current=1 vframe=16163 vs=1 vage=66 vpage=66 vdt=34 vmax=6728 vacc=15748 vrej=0 seq=0 elapsed=0 oled=3C
[   5233] >>> pulse 0 120
[   5250] STATUS mode=2 fault=none p60=0 dp60=0 pwm=-130 cpwm=0 uimp=-66300 upos=0 uneg=510 ball=-111.68 vball=-0.42 aball=0.0 bref=0.00 pid=0.0 apid=0.0 integ=0.0 vision=1 current=1 vframe=16163 vs=1 vage=86 vpage=86 vdt=34 vmax=6728 vacc=15748 vrej=0 seq=0 elapsed=0 oled=3C
[   5281] STATUS mode=2 fault=none p60=0 dp60=0 pwm=0 cpwm=0 uimp=-68250 upos=0 uneg=525 ball=-111.68 vball=-0.24 aball=0.0 bref=0.00 pid=0.0 apid=0.0 integ=0.0 vision=1 current=1 vframe=16164 vs=1 vage=30 vpage=30 vdt=96 vmax=6728 vacc=15749 vrej=0 seq=0 elapsed=0 oled=3C
[   5295] STATUS mode=2 fault=none p60=0 dp60=0 pwm=0 cpwm=0 uimp=-68250 upos=0 uneg=525 ball=-111.57 vball=2.32 aball=0.0 bref=0.00 pid=0.0 apid=0.0 integ=0.0 vision=1 current=1 vframe=16165 vs=1 vage=12 vpage=12 vdt=38 vmax=6728 vacc=15750 vrej=0 seq=0 elapsed=0 oled=3C
[   5311] STATUS mode=2 fault=none p60=0 dp60=0 pwm=0 cpwm=0 uimp=-68250 upos=0 uneg=525 ball=-111.57 vball=2.32 aball=0.0 bref=0.00 pid=0.0 apid=0.0 integ=0.0 vision=1 current=1 vframe=16165 vs=1 vage=32 vpage=32 vdt=38 vmax=6728 vacc=15750 vrej=0 seq=0 elapsed=0 oled=3C
[   5342] STATUS mode=2 fault=none p60=0 dp60=0 pwm=0 cpwm=0 uimp=-68250 upos=0 uneg=525 ball=-111.57 vball=2.32 aball=0.0 bref=0.00 pid=0.0 apid=0.0 integ=0.0 vision=1 current=1 vframe=16165 vs=1 vage=52 vpage=52 vdt=38 vmax=6728 vacc=15750 vrej=0 seq=0 elapsed=0 oled=3C
[   5358] STATUS mode=2 fault=none p60=0 dp60=0 pwm=0 cpwm=0 uimp=-68250 upos=0 uneg=525 ball=-111.57 vball=2.32 aball=0.0 bref=0.00 pid=0.0 apid=0.0 integ=0.0 vision=1 current=1 vframe=16165 vs=1 vage=72 vpage=72 vdt=38 vmax=6728 vacc=15750 vrej=0 seq=0 elapsed=0 oled=3C
[   5390] STATUS mode=1 fault=none p60=0 dp60=0 pwm=0 cpwm=0 uimp=-68250 upos=0 uneg=525 ball=-111.57 vball=2.32 aball=0.0 bref=0.00 pid=0.0 apid=0.0 integ=0.0 vision=1 current=1 vframe=16165 vs=1 vage=92 vpage=92 vdt=38 vmax=6728 vacc=15750 vrej=0 seq=0 elapsed=0 oled=3C
[   5390] PROBE n=22 pos=-111.67 din=0.00 vin=-0.08 moving=0
[   5390] >>> pulse -130 25
[   5406] STATUS mode=1 fault=none p60=0 dp60=0 pwm=0 cpwm=0 uimp=-68250 upos=0 uneg=525 ball=-111.57 vball=2.32 aball=0.0 bref=0.00 pid=0.0 apid=0.0 integ=0.0 vision=1 current=1 vframe=16165 vs=1 vage=112 vpage=112 vdt=38 vmax=6728 vacc=15750 vrej=0 seq=0 elapsed=0 oled=3C
[   5436] STATUS mode=2 fault=none p60=0 dp60=0 pwm=-130 cpwm=0 uimp=-71500 upos=0 uneg=550 ball=-111.68 vball=-0.14 aball=0.0 bref=0.00 pid=0.0 apid=0.0 integ=0.0 vision=1 current=1 vframe=16168 vs=1 vage=3 vpage=3 vdt=23 vmax=6728 vacc=15753 vrej=0 seq=0 elapsed=0 oled=3C
[   5436] >>> pulse 0 120
[   5452] STATUS mode=1 fault=none p60=-1 dp60=0 pwm=0 cpwm=0 uimp=-71500 upos=0 uneg=550 ball=-111.68 vball=-0.14 aball=0.0 bref=0.00 pid=0.0 apid=0.0 integ=0.0 vision=1 current=1 vframe=16168 vs=1 vage=23 vpage=23 vdt=23 vmax=6728 vacc=15753 vrej=0 seq=0 elapsed=0 oled=3C
[   5483] STATUS mode=2 fault=none p60=0 dp60=0 pwm=0 cpwm=0 uimp=-71500 upos=0 uneg=550 ball=-111.67 vball=0.01 aball=0.0 bref=0.00 pid=0.0 apid=0.0 integ=0.0 vision=1 current=1 vframe=16169 vs=1 vage=10 vpage=10 vdt=33 vmax=6728 vacc=15754 vrej=0 seq=0 elapsed=0 oled=3C
[   5500] STATUS mode=2 fault=none p60=0 dp60=0 pwm=0 cpwm=0 uimp=-71500 upos=0 uneg=550 ball=-111.67 vball=0.01 aball=0.0 bref=0.00 pid=0.0 apid=0.0 integ=0.0 vision=1 current=1 vframe=16169 vs=1 vage=30 vpage=30 vdt=33 vmax=6728 vacc=15754 vrej=0 seq=0 elapsed=0 oled=3C
[   5531] STATUS mode=2 fault=none p60=0 dp60=0 pwm=0 cpwm=0 uimp=-71500 upos=0 uneg=550 ball=-111.67 vball=0.01 aball=0.0 bref=0.00 pid=0.0 apid=0.0 integ=0.0 vision=1 current=1 vframe=16169 vs=1 vage=50 vpage=50 vdt=33 vmax=6728 vacc=15754 vrej=0 seq=0 elapsed=0 oled=3C
[   5545] STATUS mode=2 fault=none p60=0 dp60=0 pwm=0 cpwm=0 uimp=-71500 upos=0 uneg=550 ball=-111.67 vball=0.01 aball=0.0 bref=0.00 pid=0.0 apid=0.0 integ=0.0 vision=1 current=1 vframe=16169 vs=1 vage=70 vpage=70 vdt=33 vmax=6728 vacc=15754 vrej=0 seq=0 elapsed=0 oled=3C
[   5577] STATUS mode=2 fault=none p60=0 dp60=0 pwm=0 cpwm=0 uimp=-71500 upos=0 uneg=550 ball=-111.67 vball=0.01 aball=0.0 bref=0.00 pid=0.0 apid=0.0 integ=0.0 vision=1 current=1 vframe=16169 vs=1 vage=90 vpage=90 vdt=33 vmax=6728 vacc=15754 vrej=0 seq=0 elapsed=0 oled=3C
[   5592] STATUS mode=1 fault=none p60=0 dp60=0 pwm=0 cpwm=0 uimp=-71500 upos=0 uneg=550 ball=-111.67 vball=0.03 aball=0.0 bref=0.00 pid=0.0 apid=0.0 integ=0.0 vision=1 current=1 vframe=16170 vs=1 vage=28 vpage=28 vdt=102 vmax=6728 vacc=15755 vrej=0 seq=0 elapsed=0 oled=3C
[   5592] PROBE n=23 pos=-111.67 din=0.00 vin=0.00 moving=0
[   5592] >>> pulse -130 25
[   5625] STATUS mode=1 fault=none p60=0 dp60=0 pwm=0 cpwm=0 uimp=-71500 upos=0 uneg=550 ball=-111.68 vball=-0.09 aball=0.0 bref=0.00 pid=0.0 apid=0.0 integ=0.0 vision=1 current=1 vframe=16171 vs=1 vage=15 vpage=15 vdt=33 vmax=6728 vacc=15756 vrej=0 seq=0 elapsed=0 oled=3C
[   5625] >>> pulse 0 120
[   5640] STATUS mode=2 fault=none p60=0 dp60=0 pwm=-130 cpwm=0 uimp=-73450 upos=0 uneg=565 ball=-111.69 vball=-0.33 aball=0.0 bref=0.00 pid=0.0 apid=0.0 integ=0.0 vision=1 current=1 vframe=16172 vs=1 vage=3 vpage=3 vdt=32 vmax=6728 vacc=15757 vrej=0 seq=0 elapsed=0 oled=3C
[   5670] STATUS mode=2 fault=none p60=-1 dp60=-1 pwm=0 cpwm=0 uimp=-74100 upos=0 uneg=570 ball=-111.69 vball=-0.33 aball=0.0 bref=0.00 pid=0.0 apid=0.0 integ=0.0 vision=1 current=1 vframe=16172 vs=1 vage=23 vpage=23 vdt=32 vmax=6728 vacc=15757 vrej=0 seq=0 elapsed=0 oled=3C
[   5686] STATUS mode=2 fault=none p60=0 dp60=0 pwm=0 cpwm=0 uimp=-74100 upos=0 uneg=570 ball=-111.69 vball=-0.33 aball=0.0 bref=0.00 pid=0.0 apid=0.0 integ=0.0 vision=1 current=1 vframe=16172 vs=1 vage=43 vpage=43 vdt=32 vmax=6728 vacc=15757 vrej=0 seq=0 elapsed=0 oled=3C
[   5702] STATUS mode=2 fault=none p60=0 dp60=0 pwm=0 cpwm=0 uimp=-74100 upos=0 uneg=570 ball=-111.69 vball=-0.33 aball=0.0 bref=0.00 pid=0.0 apid=0.0 integ=0.0 vision=1 current=1 vframe=16172 vs=1 vage=63 vpage=63 vdt=32 vmax=6728 vacc=15757 vrej=0 seq=0 elapsed=0 oled=3C
[   5733] STATUS mode=2 fault=none p60=0 dp60=0 pwm=0 cpwm=0 uimp=-74100 upos=0 uneg=570 ball=-111.69 vball=-0.33 aball=0.0 bref=0.00 pid=0.0 apid=0.0 integ=0.0 vision=1 current=1 vframe=16172 vs=1 vage=103 vpage=103 vdt=32 vmax=6728 vacc=15757 vrej=0 seq=0 elapsed=0 oled=3C
[   5750] STATUS mode=2 fault=none p60=0 dp60=0 pwm=0 cpwm=0 uimp=-74100 upos=0 uneg=570 ball=-111.70 vball=-0.25 aball=0.0 bref=0.00 pid=0.0 apid=0.0 integ=0.0 vision=1 current=1 vframe=16173 vs=1 vage=19 vpage=19 vdt=104 vmax=6728 vacc=15758 vrej=0 seq=0 elapsed=0 oled=3C
[   5781] STATUS mode=1 fault=none p60=0 dp60=0 pwm=0 cpwm=0 uimp=-74100 upos=0 uneg=570 ball=-111.70 vball=-0.02 aball=0.0 bref=0.00 pid=0.0 apid=0.0 integ=0.0 vision=1 current=1 vframe=16174 vs=1 vage=10 vpage=10 vdt=29 vmax=6728 vacc=15759 vrej=0 seq=0 elapsed=0 oled=3C
[   5781] PROBE n=24 pos=-111.69 din=-0.02 vin=-0.10 moving=0
[   5781] >>> pulse -130 25
[   5795] STATUS mode=1 fault=none p60=0 dp60=0 pwm=0 cpwm=0 uimp=-74100 upos=0 uneg=570 ball=-111.70 vball=-0.02 aball=0.0 bref=0.00 pid=0.0 apid=0.0 integ=0.0 vision=1 current=1 vframe=16174 vs=1 vage=30 vpage=30 vdt=29 vmax=6728 vacc=15759 vrej=0 seq=0 elapsed=0 oled=3C
[   5827] STATUS mode=2 fault=none p60=0 dp60=0 pwm=-130 cpwm=0 uimp=-75400 upos=0 uneg=580 ball=-111.66 vball=0.50 aball=0.0 bref=0.00 pid=0.0 apid=0.0 integ=0.0 vision=1 current=1 vframe=16175 vs=1 vage=16 vpage=16 vdt=34 vmax=6728 vacc=15760 vrej=0 seq=0 elapsed=0 oled=3C
[   5827] >>> pulse 0 120
[   5842] STATUS mode=1 fault=none p60=-1 dp60=-1 pwm=0 cpwm=0 uimp=-77350 upos=0 uneg=595 ball=-111.66 vball=0.50 aball=0.0 bref=0.00 pid=0.0 apid=0.0 integ=0.0 vision=1 current=1 vframe=16175 vs=1 vage=36 vpage=36 vdt=34 vmax=6728 vacc=15760 vrej=0 seq=0 elapsed=0 oled=3C
[   5875] STATUS mode=2 fault=none p60=0 dp60=1 pwm=0 cpwm=0 uimp=-77350 upos=0 uneg=595 ball=-111.66 vball=0.50 aball=0.0 bref=0.00 pid=0.0 apid=0.0 integ=0.0 vision=1 current=1 vframe=16175 vs=1 vage=56 vpage=56 vdt=34 vmax=6728 vacc=15760 vrej=0 seq=0 elapsed=0 oled=3C
[   5890] STATUS mode=2 fault=none p60=0 dp60=0 pwm=0 cpwm=0 uimp=-77350 upos=0 uneg=595 ball=-111.66 vball=0.50 aball=0.0 bref=0.00 pid=0.0 apid=0.0 integ=0.0 vision=1 current=1 vframe=16175 vs=1 vage=96 vpage=96 vdt=34 vmax=6728 vacc=15760 vrej=0 seq=0 elapsed=0 oled=3C
[   5920] STATUS mode=2 fault=none p60=0 dp60=0 pwm=0 cpwm=0 uimp=-77350 upos=0 uneg=595 ball=-111.66 vball=0.34 aball=0.0 bref=0.00 pid=0.0 apid=0.0 integ=0.0 vision=1 current=1 vframe=16176 vs=1 vage=20 vpage=20 vdt=96 vmax=6728 vacc=15761 vrej=0 seq=0 elapsed=0 oled=3C
[   5936] STATUS mode=2 fault=none p60=0 dp60=0 pwm=0 cpwm=0 uimp=-77350 upos=0 uneg=595 ball=-111.67 vball=-0.18 aball=0.0 bref=0.00 pid=0.0 apid=0.0 integ=0.0 vision=1 current=1 vframe=16177 vs=1 vage=18 vpage=18 vdt=22 vmax=6728 vacc=15762 vrej=0 seq=0 elapsed=0 oled=3C
[   5967] STATUS mode=2 fault=none p60=0 dp60=0 pwm=0 cpwm=0 uimp=-77350 upos=0 uneg=595 ball=-111.68 vball=-0.16 aball=0.0 bref=0.00 pid=0.0 apid=0.0 integ=0.0 vision=1 current=1 vframe=16178 vs=1 vage=6 vpage=6 vdt=32 vmax=6728 vacc=15763 vrej=0 seq=0 elapsed=0 oled=3C
[   5983] STATUS mode=1 fault=none p60=0 dp60=0 pwm=0 cpwm=0 uimp=-77350 upos=0 uneg=595 ball=-111.68 vball=-0.16 aball=0.0 bref=0.00 pid=0.0 apid=0.0 integ=0.0 vision=1 current=1 vframe=16178 vs=1 vage=26 vpage=26 vdt=32 vmax=6728 vacc=15763 vrej=0 seq=0 elapsed=0 oled=3C
[   5983] PROBE n=25 pos=-111.67 din=0.00 vin=0.03 moving=0
[   5983] >>> stop
[   6015] STATUS mode=1 fault=none p60=0 dp60=0 pwm=0 cpwm=0 uimp=-77350 upos=0 uneg=595 ball=-111.68 vball=-0.16 aball=0.0 bref=0.00 pid=0.0 apid=0.0 integ=0.0 vision=1 current=1 vframe=16178 vs=1 vage=46 vpage=46 vdt=32 vmax=6728 vacc=15763 vrej=0 seq=0 elapsed=0 oled=3C
[   6031] STATUS mode=1 fault=none p60=0 dp60=0 pwm=0 cpwm=0 uimp=-77350 upos=0 uneg=595 ball=-111.68 vball=-0.16 aball=0.0 bref=0.00 pid=0.0 apid=0.0 integ=0.0 vision=1 current=1 vframe=16178 vs=1 vage=66 vpage=66 vdt=32 vmax=6728 vacc=15763 vrej=0 seq=0 elapsed=0 oled=3C
[   6061] STATUS mode=1 fault=none p60=0 dp60=0 pwm=0 cpwm=0 uimp=-77350 upos=0 uneg=595 ball=-111.67 vball=0.11 aball=0.0 bref=0.00 pid=0.0 apid=0.0 integ=0.0 vision=1 current=1 vframe=16179 vs=1 vage=5 vpage=5 vdt=101 vmax=6728 vacc=15764 vrej=0 seq=0 elapsed=0 oled=3C
[   6077] STATUS mode=1 fault=none p60=0 dp60=0 pwm=0 cpwm=0 uimp=-77350 upos=0 uneg=595 ball=-111.67 vball=0.11 aball=0.0 bref=0.00 pid=0.0 apid=0.0 integ=0.0 vision=1 current=1 vframe=16179 vs=1 vage=25 vpage=25 vdt=101 vmax=6728 vacc=15764 vrej=0 seq=0 elapsed=0 oled=3C
[   6108] STATUS mode=1 fault=none p60=0 dp60=0 pwm=0 cpwm=0 uimp=-77350 upos=0 uneg=595 ball=-111.68 vball=-0.07 aball=0.0 bref=0.00 pid=0.0 apid=0.0 integ=0.0 vision=1 current=1 vframe=16180 vs=1 vage=13 vpage=13 vdt=32 vmax=6728 vacc=15765 vrej=0 seq=0 elapsed=0 oled=3C
[   6108] >>> stream off
[   6125] STATUS mode=1 fault=none p60=0 dp60=0 pwm=0 cpwm=0 uimp=-77350 upos=0 uneg=595 ball=-111.68 vball=-0.07 aball=0.0 bref=0.00 pid=0.0 apid=0.0 integ=0.0 vision=1 current=1 vframe=16180 vs=1 vage=33 vpage=33 vdt=32 vmax=6728 vacc=15765 vrej=0 seq=0 elapsed=0 oled=3C
[   6125] OK stream off
