[      0] >>> bench on
[     14] OK visual-only bench active; use zero before motor tests
[    125] >>> stop
[    125] OK stopped
[    250] >>> zero
[    250] OK P60 encoder zeroed at current mechanical position
[    375] >>> stream on 20
[    375] OK stream on 20 ms
[    421] STATUS mode=1 fault=none p60=0 dp60=0 pwm=0 cpwm=0 uimp=0 upos=0 uneg=0 ball=20.79 vball=-0.01 aball=0.0 bref=0.00 pid=0.0 apid=0.0 integ=0.0 vision=1 current=1 vframe=8871 vs=1 vage=2 vpage=2 vdt=34 vmax=6728 vacc=8456 vrej=0 seq=0 elapsed=0 oled=3C
[    436] STATUS mode=1 fault=none p60=0 dp60=0 pwm=0 cpwm=0 uimp=0 upos=0 uneg=0 ball=20.79 vball=-0.01 aball=0.0 bref=0.00 pid=0.0 apid=0.0 integ=0.0 vision=1 current=1 vframe=8871 vs=1 vage=22 vpage=22 vdt=34 vmax=6728 vacc=8456 vrej=0 seq=0 elapsed=0 oled=3C
[    468] STATUS mode=1 fault=none p60=0 dp60=0 pwm=0 cpwm=0 uimp=0 upos=0 uneg=0 ball=20.79 vball=-0.01 aball=0.0 bref=0.00 pid=0.0 apid=0.0 integ=0.0 vision=1 current=1 vframe=8871 vs=1 vage=42 vpage=42 vdt=34 vmax=6728 vacc=8456 vrej=0 seq=0 elapsed=0 oled=3C
[    483] STATUS mode=1 fault=none p60=0 dp60=0 pwm=0 cpwm=0 uimp=0 upos=0 uneg=0 ball=20.79 vball=-0.01 aball=0.0 bref=0.00 pid=0.0 apid=0.0 integ=0.0 vision=1 current=1 vframe=8871 vs=1 vage=62 vpage=62 vdt=34 vmax=6728 vacc=8456 vrej=0 seq=0 elapsed=0 oled=3C
[    514] STATUS mode=1 fault=none p60=0 dp60=0 pwm=0 cpwm=0 uimp=0 upos=0 uneg=0 ball=20.79 vball=-0.01 aball=0.0 bref=0.00 pid=0.0 apid=0.0 integ=0.0 vision=1 current=1 vframe=8871 vs=1 vage=82 vpage=82 vdt=34 vmax=6728 vacc=8456 vrej=0 seq=0 elapsed=0 oled=3C
[    530] STATUS mode=1 fault=none p60=0 dp60=0 pwm=0 cpwm=0 uimp=0 upos=0 uneg=0 ball=20.79 vball=-0.01 aball=0.0 bref=0.00 pid=0.0 apid=0.0 integ=0.0 vision=1 current=1 vframe=8871 vs=1 vage=102 vpage=102 vdt=34 vmax=6728 vacc=8456 vrej=0 seq=0 elapsed=0 oled=3C
[    546] STATUS mode=1 fault=none p60=0 dp60=0 pwm=0 cpwm=0 uimp=0 upos=0 uneg=0 ball=20.79 vball=-0.00 aball=0.0 bref=0.00 pid=0.0 apid=0.0 integ=0.0 vision=1 current=1 vframe=8872 vs=1 vage=18 vpage=18 vdt=104 vmax=6728 vacc=8457 vrej=0 seq=0 elapsed=0 oled=3C
[    577] STATUS mode=1 fault=none p60=0 dp60=0 pwm=0 cpwm=0 uimp=0 upos=0 uneg=0 ball=20.80 vball=0.16 aball=0.0 bref=0.00 pid=0.0 apid=0.0 integ=0.0 vision=1 current=1 vframe=8873 vs=1 vage=8 vpage=8 vdt=30 vmax=6728 vacc=8458 vrej=0 seq=0 elapsed=0 oled=3C
[    593] STATUS mode=1 fault=none p60=0 dp60=0 pwm=0 cpwm=0 uimp=0 upos=0 uneg=0 ball=20.80 vball=0.16 aball=0.0 bref=0.00 pid=0.0 apid=0.0 integ=0.0 vision=1 current=1 vframe=8873 vs=1 vage=28 vpage=28 vdt=30 vmax=6728 vacc=8458 vrej=0 seq=0 elapsed=0 oled=3C
[    625] STATUS mode=1 fault=none p60=0 dp60=0 pwm=0 cpwm=0 uimp=0 upos=0 uneg=0 ball=20.80 vball=0.09 aball=0.0 bref=0.00 pid=0.0 apid=0.0 integ=0.0 vision=1 current=1 vframe=8874 vs=1 vage=16 vpage=16 vdt=32 vmax=6728 vacc=8459 vrej=0 seq=0 elapsed=0 oled=3C
[    639] STATUS mode=1 fault=none p60=0 dp60=0 pwm=0 cpwm=0 uimp=0 upos=0 uneg=0 ball=20.80 vball=0.09 aball=0.0 bref=0.00 pid=0.0 apid=0.0 integ=0.0 vision=1 current=1 vframe=8874 vs=1 vage=56 vpage=56 vdt=32 vmax=6728 vacc=8459 vrej=0 seq=0 elapsed=0 oled=3C
[    655] STATUS mode=1 fault=none p60=0 dp60=0 pwm=0 cpwm=0 uimp=0 upos=0 uneg=0 ball=20.80 vball=0.09 aball=0.0 bref=0.00 pid=0.0 apid=0.0 integ=0.0 vision=1 current=1 vframe=8874 vs=1 vage=76 vpage=76 vdt=32 vmax=6728 vacc=8459 vrej=0 seq=0 elapsed=0 oled=3C
[    686] STATUS mode=1 fault=none p60=0 dp60=0 pwm=0 cpwm=0 uimp=0 upos=0 uneg=0 ball=20.80 vball=0.09 aball=0.0 bref=0.00 pid=0.0 apid=0.0 integ=0.0 vision=1 current=1 vframe=8874 vs=1 vage=96 vpage=96 vdt=32 vmax=6728 vacc=8459 vrej=0 seq=0 elapsed=0 oled=3C
[    702] STATUS mode=1 fault=none p60=0 dp60=0 pwm=0 cpwm=0 uimp=0 upos=0 uneg=0 ball=20.80 vball=0.05 aball=0.0 bref=0.00 pid=0.0 apid=0.0 integ=0.0 vision=1 current=1 vframe=8875 vs=1 vage=11 vpage=11 vdt=105 vmax=6728 vacc=8460 vrej=0 seq=0 elapsed=0 oled=3C
[    733] STATUS mode=1 fault=none p60=0 dp60=0 pwm=0 cpwm=0 uimp=0 upos=0 uneg=0 ball=20.83 vball=0.43 aball=0.0 bref=0.00 pid=0.0 apid=0.0 integ=0.0 vision=1 current=1 vframe=8876 vs=1 vage=2 vpage=2 vdt=29 vmax=6728 vacc=8461 vrej=0 seq=0 elapsed=0 oled=3C
[    750] STATUS mode=1 fault=none p60=0 dp60=0 pwm=0 cpwm=0 uimp=0 upos=0 uneg=0 ball=20.83 vball=0.43 aball=0.0 bref=0.00 pid=0.0 apid=0.0 integ=0.0 vision=1 current=1 vframe=8876 vs=1 vage=22 vpage=22 vdt=29 vmax=6728 vacc=8461 vrej=0 seq=0 elapsed=0 oled=3C
[    764] STATUS mode=1 fault=none p60=0 dp60=0 pwm=0 cpwm=0 uimp=0 upos=0 uneg=0 ball=20.82 vball=0.07 aball=0.0 bref=0.00 pid=0.0 apid=0.0 integ=0.0 vision=1 current=1 vframe=8877 vs=1 vage=9 vpage=9 vdt=33 vmax=6728 vacc=8462 vrej=0 seq=0 elapsed=0 oled=3C
[    796] STATUS mode=1 fault=none p60=0 dp60=0 pwm=0 cpwm=0 uimp=0 upos=0 uneg=0 ball=20.82 vball=0.07 aball=0.0 bref=0.00 pid=0.0 apid=0.0 integ=0.0 vision=1 current=1 vframe=8877 vs=1 vage=29 vpage=29 vdt=33 vmax=6728 vacc=8462 vrej=0 seq=0 elapsed=0 oled=3C
[    811] STATUS mode=1 fault=none p60=0 dp60=0 pwm=0 cpwm=0 uimp=0 upos=0 uneg=0 ball=20.82 vball=0.07 aball=0.0 bref=0.00 pid=0.0 apid=0.0 integ=0.0 vision=1 current=1 vframe=8877 vs=1 vage=49 vpage=49 vdt=33 vmax=6728 vacc=8462 vrej=0 seq=0 elapsed=0 oled=3C
[    843] STATUS mode=1 fault=none p60=0 dp60=0 pwm=0 cpwm=0 uimp=0 upos=0 uneg=0 ball=20.82 vball=0.07 aball=0.0 bref=0.00 pid=0.0 apid=0.0 integ=0.0 vision=1 current=1 vframe=8877 vs=1 vage=69 vpage=69 vdt=33 vmax=6728 vacc=8462 vrej=0 seq=0 elapsed=0 oled=3C
[    858] STATUS mode=1 fault=none p60=0 dp60=0 pwm=0 cpwm=0 uimp=0 upos=0 uneg=0 ball=20.82 vball=0.07 aball=0.0 bref=0.00 pid=0.0 apid=0.0 integ=0.0 vision=1 current=1 vframe=8877 vs=1 vage=89 vpage=89 vdt=33 vmax=6728 vacc=8462 vrej=0 seq=0 elapsed=0 oled=3C
[    875] STATUS mode=1 fault=none p60=0 dp60=0 pwm=0 cpwm=0 uimp=0 upos=0 uneg=0 ball=20.82 vball=0.01 aball=0.0 bref=0.00 pid=0.0 apid=0.0 integ=0.0 vision=1 current=1 vframe=8885 vs=1 vage=22 vpage=22 vdt=107 vmax=6728 vacc=8470 vrej=0 seq=0 elapsed=0 oled=3C
[    905] STATUS mode=1 fault=none p60=0 dp60=0 pwm=0 cpwm=0 uimp=0 upos=0 uneg=0 ball=20.82 vball=-0.02 aball=0.0 bref=0.00 pid=0.0 apid=0.0 integ=0.0 vision=1 current=1 vframe=8886 vs=1 vage=17 vpage=17 vdt=25 vmax=6728 vacc=8471 vrej=0 seq=0 elapsed=0 oled=3C
[    921] STATUS mode=1 fault=none p60=0 dp60=0 pwm=0 cpwm=0 uimp=0 upos=0 uneg=0 ball=20.82 vball=-0.05 aball=0.0 bref=0.00 pid=0.0 apid=0.0 integ=0.0 vision=1 current=1 vframe=8887 vs=1 vage=3 vpage=3 vdt=34 vmax=6728 vacc=8472 vrej=0 seq=0 elapsed=0 oled=3C
[    952] STATUS mode=1 fault=none p60=0 dp60=0 pwm=0 cpwm=0 uimp=0 upos=0 uneg=0 ball=20.82 vball=-0.05 aball=0.0 bref=0.00 pid=0.0 apid=0.0 integ=0.0 vision=1 current=1 vframe=8887 vs=1 vage=23 vpage=23 vdt=34 vmax=6728 vacc=8472 vrej=0 seq=0 elapsed=0 oled=3C
[    968] STATUS mode=1 fault=none p60=0 dp60=0 pwm=0 cpwm=0 uimp=0 upos=0 uneg=0 ball=20.82 vball=-0.05 aball=0.0 bref=0.00 pid=0.0 apid=0.0 integ=0.0 vision=1 current=1 vframe=8887 vs=1 vage=43 vpage=43 vdt=34 vmax=6728 vacc=8472 vrej=0 seq=0 elapsed=0 oled=3C
[   1000] STATUS mode=1 fault=none p60=0 dp60=0 pwm=0 cpwm=0 uimp=0 upos=0 uneg=0 ball=20.82 vball=-0.05 aball=0.0 bref=0.00 pid=0.0 apid=0.0 integ=0.0 vision=1 current=1 vframe=8887 vs=1 vage=63 vpage=63 vdt=34 vmax=6728 vacc=8472 vrej=0 seq=0 elapsed=0 oled=3C
[   1014] STATUS mode=1 fault=none p60=0 dp60=0 pwm=0 cpwm=0 uimp=0 upos=0 uneg=0 ball=20.82 vball=-0.05 aball=0.0 bref=0.00 pid=0.0 apid=0.0 integ=0.0 vision=1 current=1 vframe=8887 vs=1 vage=83 vpage=83 vdt=34 vmax=6728 vacc=8472 vrej=0 seq=0 elapsed=0 oled=3C
[   1030] STATUS mode=1 fault=none p60=0 dp60=0 pwm=0 cpwm=0 uimp=0 upos=0 uneg=0 ball=20.82 vball=-0.05 aball=0.0 bref=0.00 pid=0.0 apid=0.0 integ=0.0 vision=1 current=1 vframe=8887 vs=1 vage=103 vpage=103 vdt=34 vmax=6728 vacc=8472 vrej=0 seq=0 elapsed=0 oled=3C
[   1061] STATUS mode=1 fault=none p60=0 dp60=0 pwm=0 cpwm=0 uimp=0 upos=0 uneg=0 ball=20.82 vball=-0.03 aball=0.0 bref=0.00 pid=0.0 apid=0.0 integ=0.0 vision=1 current=1 vframe=8888 vs=1 vage=19 vpage=19 vdt=104 vmax=6728 vacc=8473 vrej=0 seq=0 elapsed=0 oled=3C
[   1077] STATUS mode=1 fault=none p60=0 dp60=0 pwm=0 cpwm=0 uimp=0 upos=0 uneg=0 ball=20.82 vball=-0.00 aball=0.0 bref=0.00 pid=0.0 apid=0.0 integ=0.0 vision=1 current=1 vframe=8889 vs=1 vage=28 vpage=28 vdt=31 vmax=6728 vacc=8474 vrej=0 seq=0 elapsed=0 oled=3C
[   1108] STATUS mode=1 fault=none p60=0 dp60=0 pwm=0 cpwm=0 uimp=0 upos=0 uneg=0 ball=20.82 vball=0.00 aball=0.0 bref=0.00 pid=0.0 apid=0.0 integ=0.0 vision=1 current=1 vframe=8890 vs=1 vage=17 vpage=17 vdt=31 vmax=6728 vacc=8475 vrej=0 seq=0 elapsed=0 oled=3C
[   1125] STATUS mode=1 fault=none p60=0 dp60=0 pwm=0 cpwm=0 uimp=0 upos=0 uneg=0 ball=20.82 vball=0.00 aball=0.0 bref=0.00 pid=0.0 apid=0.0 integ=0.0 vision=1 current=1 vframe=8890 vs=1 vage=37 vpage=37 vdt=31 vmax=6728 vacc=8475 vrej=0 seq=0 elapsed=0 oled=3C
[   1125] BASE start=20.82 target=0.00 direction=-1 motor=+130
[   1125] >>> pulse 130 25
[   1139] STATUS mode=1 fault=none p60=0 dp60=0 pwm=0 cpwm=0 uimp=0 upos=0 uneg=0 ball=20.82 vball=0.00 aball=0.0 bref=0.00 pid=0.0 apid=0.0 integ=0.0 vision=1 current=1 vframe=8890 vs=1 vage=57 vpage=57 vdt=31 vmax=6728 vacc=8475 vrej=0 seq=0 elapsed=0 oled=3C
[   1171] STATUS mode=2 fault=none p60=0 dp60=0 pwm=130 cpwm=0 uimp=1300 upos=10 uneg=0 ball=20.82 vball=0.00 aball=0.0 bref=0.00 pid=0.0 apid=0.0 integ=0.0 vision=1 current=1 vframe=8890 vs=1 vage=77 vpage=77 vdt=31 vmax=6728 vacc=8475 vrej=0 seq=0 elapsed=0 oled=3C
[   1171] >>> pulse 0 120
[   1186] STATUS mode=1 fault=none p60=4 dp60=1 pwm=0 cpwm=0 uimp=3250 upos=25 uneg=0 ball=20.82 vball=0.00 aball=0.0 bref=0.00 pid=0.0 apid=0.0 integ=0.0 vision=1 current=1 vframe=8890 vs=1 vage=97 vpage=97 vdt=31 vmax=6728 vacc=8475 vrej=0 seq=0 elapsed=0 oled=3C
[   1218] STATUS mode=2 fault=none p60=8 dp60=1 pwm=0 cpwm=0 uimp=3250 upos=25 uneg=0 ball=20.80 vball=-0.05 aball=0.0 bref=0.00 pid=0.0 apid=0.0 integ=0.0 vision=1 current=1 vframe=8891 vs=1 vage=17 vpage=17 vdt=100 vmax=6728 vacc=8476 vrej=0 seq=0 elapsed=0 oled=3C
[   1233] STATUS mode=2 fault=none p60=10 dp60=0 pwm=0 cpwm=0 uimp=3250 upos=25 uneg=0 ball=20.79 vball=-0.11 aball=0.0 bref=0.00 pid=0.0 apid=0.0 integ=0.0 vision=1 current=1 vframe=8892 vs=1 vage=4 vpage=4 vdt=33 vmax=6728 vacc=8477 vrej=0 seq=0 elapsed=0 oled=3C
[   1264] STATUS mode=2 fault=none p60=11 dp60=0 pwm=0 cpwm=0 uimp=3250 upos=25 uneg=0 ball=20.79 vball=-0.11 aball=0.0 bref=0.00 pid=0.0 apid=0.0 integ=0.0 vision=1 current=1 vframe=8892 vs=1 vage=24 vpage=24 vdt=33 vmax=6728 vacc=8477 vrej=0 seq=0 elapsed=0 oled=3C
[   1280] STATUS mode=2 fault=none p60=10 dp60=0 pwm=0 cpwm=0 uimp=3250 upos=25 uneg=0 ball=20.79 vball=-0.06 aball=0.0 bref=0.00 pid=0.0 apid=0.0 integ=0.0 vision=1 current=1 vframe=8893 vs=1 vage=31 vpage=31 vdt=33 vmax=6728 vacc=8478 vrej=0 seq=0 elapsed=0 oled=3C
[   1296] STATUS mode=2 fault=none p60=10 dp60=0 pwm=0 cpwm=0 uimp=3250 upos=25 uneg=0 ball=20.79 vball=-0.06 aball=0.0 bref=0.00 pid=0.0 apid=0.0 integ=0.0 vision=1 current=1 vframe=8893 vs=1 vage=51 vpage=51 vdt=33 vmax=6728 vacc=8478 vrej=0 seq=0 elapsed=0 oled=3C
[   1327] STATUS mode=1 fault=none p60=10 dp60=0 pwm=0 cpwm=0 uimp=3250 upos=25 uneg=0 ball=20.79 vball=-0.06 aball=0.0 bref=0.00 pid=0.0 apid=0.0 integ=0.0 vision=1 current=1 vframe=8893 vs=1 vage=71 vpage=71 vdt=33 vmax=6728 vacc=8478 vrej=0 seq=0 elapsed=0 oled=3C
[   1327] PROBE n=1 pos=20.80 din=0.02 vin=0.08 confirm=0
[   1327] >>> pulse 130 25
[   1343] STATUS mode=1 fault=none p60=10 dp60=0 pwm=0 cpwm=0 uimp=3250 upos=25 uneg=0 ball=20.79 vball=-0.06 aball=0.0 bref=0.00 pid=0.0 apid=0.0 integ=0.0 vision=1 current=1 vframe=8893 vs=1 vage=91 vpage=91 vdt=33 vmax=6728 vacc=8478 vrej=0 seq=0 elapsed=0 oled=3C
[   1375] STATUS mode=2 fault=none p60=10 dp60=0 pwm=130 cpwm=0 uimp=4550 upos=35 uneg=0 ball=20.79 vball=-0.03 aball=0.0 bref=0.00 pid=0.0 apid=0.0 integ=0.0 vision=1 current=1 vframe=8894 vs=1 vage=6 vpage=6 vdt=105 vmax=6728 vacc=8479 vrej=0 seq=0 elapsed=0 oled=3C
[   1375] >>> pulse 0 120
[   1389] STATUS mode=1 fault=none p60=14 dp60=1 pwm=0 cpwm=0 uimp=6500 upos=50 uneg=0 ball=20.79 vball=-0.03 aball=0.0 bref=0.00 pid=0.0 apid=0.0 integ=0.0 vision=1 current=1 vframe=8894 vs=1 vage=26 vpage=26 vdt=105 vmax=6728 vacc=8479 vrej=0 seq=0 elapsed=0 oled=3C
[   1421] STATUS mode=2 fault=none p60=17 dp60=1 pwm=0 cpwm=0 uimp=6500 upos=50 uneg=0 ball=20.79 vball=-0.00 aball=0.0 bref=0.00 pid=0.0 apid=0.0 integ=0.0 vision=1 current=1 vframe=8895 vs=1 vage=8 vpage=8 vdt=38 vmax=6728 vacc=8480 vrej=0 seq=0 elapsed=0 oled=3C
[   1436] STATUS mode=2 fault=none p60=19 dp60=0 pwm=0 cpwm=0 uimp=6500 upos=50 uneg=0 ball=20.79 vball=-0.00 aball=0.0 bref=0.00 pid=0.0 apid=0.0 integ=0.0 vision=1 current=1 vframe=8895 vs=1 vage=28 vpage=28 vdt=38 vmax=6728 vacc=8480 vrej=0 seq=0 elapsed=0 oled=3C
[   1468] STATUS mode=2 fault=none p60=19 dp60=0 pwm=0 cpwm=0 uimp=6500 upos=50 uneg=0 ball=20.81 vball=0.23 aball=0.0 bref=0.00 pid=0.0 apid=0.0 integ=0.0 vision=1 current=1 vframe=8896 vs=1 vage=36 vpage=36 vdt=32 vmax=6728 vacc=8481 vrej=0 seq=0 elapsed=0 oled=3C
[   1483] STATUS mode=2 fault=none p60=19 dp60=0 pwm=0 cpwm=0 uimp=6500 upos=50 uneg=0 ball=20.81 vball=0.23 aball=0.0 bref=0.00 pid=0.0 apid=0.0 integ=0.0 vision=1 current=1 vframe=8896 vs=1 vage=56 vpage=56 vdt=32 vmax=6728 vacc=8481 vrej=0 seq=0 elapsed=0 oled=3C
[   1500] STATUS mode=2 fault=none p60=19 dp60=0 pwm=0 cpwm=0 uimp=6500 upos=50 uneg=0 ball=20.81 vball=0.23 aball=0.0 bref=0.00 pid=0.0 apid=0.0 integ=0.0 vision=1 current=1 vframe=8896 vs=1 vage=76 vpage=76 vdt=32 vmax=6728 vacc=8481 vrej=0 seq=0 elapsed=0 oled=3C
[   1530] STATUS mode=1 fault=none p60=19 dp60=0 pwm=0 cpwm=0 uimp=6500 upos=50 uneg=0 ball=20.81 vball=0.23 aball=0.0 bref=0.00 pid=0.0 apid=0.0 integ=0.0 vision=1 current=1 vframe=8896 vs=1 vage=96 vpage=96 vdt=32 vmax=6728 vacc=8481 vrej=0 seq=0 elapsed=0 oled=3C
[   1530] PROBE n=2 pos=20.79 din=0.03 vin=0.08 confirm=0
[   1530] >>> pulse 130 25
[   1546] STATUS mode=1 fault=none p60=19 dp60=0 pwm=0 cpwm=0 uimp=6500 upos=50 uneg=0 ball=20.81 vball=0.23 aball=0.0 bref=0.00 pid=0.0 apid=0.0 integ=0.0 vision=1 current=1 vframe=8896 vs=1 vage=116 vpage=116 vdt=32 vmax=6728 vacc=8481 vrej=0 seq=0 elapsed=0 oled=3C
[   1577] STATUS mode=2 fault=none p60=19 dp60=0 pwm=130 cpwm=0 uimp=7800 upos=60 uneg=0 ball=20.81 vball=0.19 aball=0.0 bref=0.00 pid=0.0 apid=0.0 integ=0.0 vision=1 current=1 vframe=8897 vs=1 vage=3 vpage=3 vdt=133 vmax=6728 vacc=8482 vrej=0 seq=0 elapsed=0 oled=3C
[   1577] >>> pulse 0 120
[   1593] STATUS mode=1 fault=none p60=22 dp60=1 pwm=0 cpwm=0 uimp=9750 upos=75 uneg=0 ball=20.82 vball=0.15 aball=0.0 bref=0.00 pid=0.0 apid=0.0 integ=0.0 vision=1 current=1 vframe=8898 vs=1 vage=9 vpage=9 vdt=14 vmax=6728 vacc=8483 vrej=0 seq=0 elapsed=0 oled=3C
[   1625] STATUS mode=2 fault=none p60=22 dp60=0 pwm=0 cpwm=0 uimp=9750 upos=75 uneg=0 ball=20.80 vball=-0.31 aball=0.0 bref=0.00 pid=0.0 apid=0.0 integ=0.0 vision=1 current=1 vframe=8899 vs=1 vage=12 vpage=12 vdt=17 vmax=6728 vacc=8484 vrej=0 seq=0 elapsed=0 oled=3C
[   1639] STATUS mode=2 fault=none p60=22 dp60=0 pwm=0 cpwm=0 uimp=9750 upos=75 uneg=0 ball=20.79 vball=-0.21 aball=0.0 bref=0.00 pid=0.0 apid=0.0 integ=0.0 vision=1 current=1 vframe=8900 vs=1 vage=3 vpage=3 vdt=29 vmax=6728 vacc=8485 vrej=0 seq=0 elapsed=0 oled=3C
[   1655] STATUS mode=2 fault=none p60=21 dp60=0 pwm=0 cpwm=0 uimp=9750 upos=75 uneg=0 ball=20.79 vball=-0.21 aball=0.0 bref=0.00 pid=0.0 apid=0.0 integ=0.0 vision=1 current=1 vframe=8900 vs=1 vage=43 vpage=43 vdt=29 vmax=6728 vacc=8485 vrej=0 seq=0 elapsed=0 oled=3C
[   1686] STATUS mode=2 fault=none p60=19 dp60=0 pwm=0 cpwm=0 uimp=9750 upos=75 uneg=0 ball=20.79 vball=-0.21 aball=0.0 bref=0.00 pid=0.0 apid=0.0 integ=0.0 vision=1 current=1 vframe=8900 vs=1 vage=63 vpage=63 vdt=29 vmax=6728 vacc=8485 vrej=0 seq=0 elapsed=0 oled=3C
[   1702] STATUS mode=2 fault=none p60=18 dp60=0 pwm=0 cpwm=0 uimp=9750 upos=75 uneg=0 ball=20.79 vball=-0.21 aball=0.0 bref=0.00 pid=0.0 apid=0.0 integ=0.0 vision=1 current=1 vframe=8900 vs=1 vage=83 vpage=83 vdt=29 vmax=6728 vacc=8485 vrej=0 seq=0 elapsed=0 oled=3C
[   1733] STATUS mode=1 fault=none p60=18 dp60=0 pwm=0 cpwm=0 uimp=9750 upos=75 uneg=0 ball=20.79 vball=-0.11 aball=0.0 bref=0.00 pid=0.0 apid=0.0 integ=0.0 vision=1 current=1 vframe=8901 vs=1 vage=12 vpage=12 vdt=91 vmax=6728 vacc=8486 vrej=0 seq=0 elapsed=0 oled=3C
[   1733] PROBE n=3 pos=20.80 din=0.02 vin=-0.00 confirm=0
[   1733] >>> pulse 130 25
[   1750] STATUS mode=1 fault=none p60=18 dp60=0 pwm=0 cpwm=0 uimp=9750 upos=75 uneg=0 ball=20.81 vball=0.42 aball=0.0 bref=0.00 pid=0.0 apid=0.0 integ=0.0 vision=1 current=1 vframe=8902 vs=1 vage=8 vpage=8 vdt=24 vmax=6728 vacc=8487 vrej=0 seq=0 elapsed=0 oled=3C
[   1780] STATUS mode=2 fault=none p60=18 dp60=0 pwm=130 cpwm=0 uimp=10400 upos=80 uneg=0 ball=20.81 vball=0.42 aball=0.0 bref=0.00 pid=0.0 apid=0.0 integ=0.0 vision=1 current=1 vframe=8902 vs=1 vage=28 vpage=28 vdt=24 vmax=6728 vacc=8487 vrej=0 seq=0 elapsed=0 oled=3C
[   1780] >>> pulse 0 120
[   1796] STATUS mode=1 fault=none p60=21 dp60=2 pwm=0 cpwm=0 uimp=13000 upos=100 uneg=0 ball=20.81 vball=0.24 aball=0.0 bref=0.00 pid=0.0 apid=0.0 integ=0.0 vision=1 current=1 vframe=8903 vs=1 vage=14 vpage=14 vdt=34 vmax=6728 vacc=8488 vrej=0 seq=0 elapsed=0 oled=3C
[   1827] STATUS mode=2 fault=none p60=23 dp60=0 pwm=0 cpwm=0 uimp=13000 upos=100 uneg=0 ball=20.81 vball=0.24 aball=0.0 bref=0.00 pid=0.0 apid=0.0 integ=0.0 vision=1 current=1 vframe=8903 vs=1 vage=34 vpage=34 vdt=34 vmax=6728 vacc=8488 vrej=0 seq=0 elapsed=0 oled=3C
[   1843] STATUS mode=2 fault=none p60=24 dp60=0 pwm=0 cpwm=0 uimp=13000 upos=100 uneg=0 ball=20.81 vball=0.24 aball=0.0 bref=0.00 pid=0.0 apid=0.0 integ=0.0 vision=1 current=1 vframe=8903 vs=1 vage=74 vpage=74 vdt=34 vmax=6728 vacc=8488 vrej=0 seq=0 elapsed=0 oled=3C
[   1858] STATUS mode=2 fault=none p60=26 dp60=1 pwm=0 cpwm=0 uimp=13000 upos=100 uneg=0 ball=20.81 vball=0.24 aball=0.0 bref=0.00 pid=0.0 apid=0.0 integ=0.0 vision=1 current=1 vframe=8903 vs=1 vage=94 vpage=94 vdt=34 vmax=6728 vacc=8488 vrej=0 seq=0 elapsed=0 oled=3C
[   1889] STATUS mode=2 fault=none p60=27 dp60=0 pwm=0 cpwm=0 uimp=13000 upos=100 uneg=0 ball=20.82 vball=0.13 aball=0.0 bref=0.00 pid=0.0 apid=0.0 integ=0.0 vision=1 current=1 vframe=8904 vs=1 vage=20 vpage=20 vdt=94 vmax=6728 vacc=8489 vrej=0 seq=0 elapsed=0 oled=3C
[   1905] STATUS mode=2 fault=none p60=27 dp60=0 pwm=0 cpwm=0 uimp=13000 upos=100 uneg=0 ball=20.79 vball=-0.43 aball=0.0 bref=0.00 pid=0.0 apid=0.0 integ=0.0 vision=1 current=1 vframe=8905 vs=1 vage=18 vpage=18 vdt=22 vmax=6728 vacc=8490 vrej=0 seq=0 elapsed=0 oled=3C
[   1936] STATUS mode=1 fault=none p60=27 dp60=0 pwm=0 cpwm=0 uimp=13000 upos=100 uneg=0 ball=20.79 vball=-0.25 aball=0.0 bref=0.00 pid=0.0 apid=0.0 integ=0.0 vision=1 current=1 vframe=8906 vs=1 vage=3 vpage=3 vdt=35 vmax=6728 vacc=8491 vrej=0 seq=0 elapsed=0 oled=3C
[   1936] PROBE n=4 pos=20.81 din=0.01 vin=-0.00 confirm=0
[   1936] >>> pulse 130 25
[   1952] STATUS mode=1 fault=none p60=27 dp60=0 pwm=0 cpwm=0 uimp=13000 upos=100 uneg=0 ball=20.79 vball=-0.25 aball=0.0 bref=0.00 pid=0.0 apid=0.0 integ=0.0 vision=1 current=1 vframe=8906 vs=1 vage=23 vpage=23 vdt=35 vmax=6728 vacc=8491 vrej=0 seq=0 elapsed=0 oled=3C
[   1983] STATUS mode=2 fault=none p60=27 dp60=0 pwm=130 cpwm=0 uimp=13650 upos=105 uneg=0 ball=20.79 vball=-0.25 aball=0.0 bref=0.00 pid=0.0 apid=0.0 integ=0.0 vision=1 current=1 vframe=8906 vs=1 vage=43 vpage=43 vdt=35 vmax=6728 vacc=8491 vrej=0 seq=0 elapsed=0 oled=3C
[   1983] >>> pulse 0 120
[   2000] STATUS mode=1 fault=none p60=32 dp60=0 pwm=0 cpwm=0 uimp=16250 upos=125 uneg=0 ball=20.79 vball=-0.25 aball=0.0 bref=0.00 pid=0.0 apid=0.0 integ=0.0 vision=1 current=1 vframe=8906 vs=1 vage=83 vpage=83 vdt=35 vmax=6728 vacc=8491 vrej=0 seq=0 elapsed=0 oled=3C
[   2030] STATUS mode=2 fault=none p60=34 dp60=0 pwm=0 cpwm=0 uimp=16250 upos=125 uneg=0 ball=20.79 vball=-0.13 aball=0.0 bref=0.00 pid=0.0 apid=0.0 integ=0.0 vision=1 current=1 vframe=8907 vs=1 vage=9 vpage=9 vdt=94 vmax=6728 vacc=8492 vrej=0 seq=0 elapsed=0 oled=3C
[   2046] STATUS mode=2 fault=none p60=35 dp60=0 pwm=0 cpwm=0 uimp=16250 upos=125 uneg=0 ball=20.79 vball=0.03 aball=0.0 bref=0.00 pid=0.0 apid=0.0 integ=0.0 vision=1 current=1 vframe=8908 vs=1 vage=7 vpage=7 vdt=22 vmax=6728 vacc=8493 vrej=0 seq=0 elapsed=0 oled=3C
[   2061] STATUS mode=2 fault=none p60=36 dp60=0 pwm=0 cpwm=0 uimp=16250 upos=125 uneg=0 ball=20.79 vball=0.03 aball=0.0 bref=0.00 pid=0.0 apid=0.0 integ=0.0 vision=1 current=1 vframe=8908 vs=1 vage=27 vpage=27 vdt=22 vmax=6728 vacc=8493 vrej=0 seq=0 elapsed=0 oled=3C
[   2093] STATUS mode=2 fault=none p60=36 dp60=0 pwm=0 cpwm=0 uimp=16250 upos=125 uneg=0 ball=20.81 vball=0.25 aball=0.0 bref=0.00 pid=0.0 apid=0.0 integ=0.0 vision=1 current=1 vframe=8909 vs=1 vage=14 vpage=14 vdt=33 vmax=6728 vacc=8494 vrej=0 seq=0 elapsed=0 oled=3C
[   2108] STATUS mode=2 fault=none p60=36 dp60=0 pwm=0 cpwm=0 uimp=16250 upos=125 uneg=0 ball=20.81 vball=0.25 aball=0.0 bref=0.00 pid=0.0 apid=0.0 integ=0.0 vision=1 current=1 vframe=8909 vs=1 vage=34 vpage=34 vdt=33 vmax=6728 vacc=8494 vrej=0 seq=0 elapsed=0 oled=3C
[   2108] OK pulse complete
[   2139] STATUS mode=1 fault=none p60=36 dp60=0 pwm=0 cpwm=0 uimp=16250 upos=125 uneg=0 ball=20.81 vball=0.25 aball=0.0 bref=0.00 pid=0.0 apid=0.0 integ=0.0 vision=1 current=1 vframe=8909 vs=1 vage=74 vpage=74 vdt=33 vmax=6728 vacc=8494 vrej=0 seq=0 elapsed=0 oled=3C
[   2139] PROBE n=5 pos=20.79 din=0.03 vin=-0.00 confirm=0
[   2139] >>> pulse 130 25
[   2155] STATUS mode=1 fault=none p60=36 dp60=0 pwm=0 cpwm=0 uimp=16250 upos=125 uneg=0 ball=20.81 vball=0.25 aball=0.0 bref=0.00 pid=0.0 apid=0.0 integ=0.0 vision=1 current=1 vframe=8909 vs=1 vage=94 vpage=94 vdt=33 vmax=6728 vacc=8494 vrej=0 seq=0 elapsed=0 oled=3C
[   2186] STATUS mode=2 fault=none p60=36 dp60=0 pwm=130 cpwm=0 uimp=18200 upos=140 uneg=0 ball=20.82 vball=0.16 aball=0.0 bref=0.00 pid=0.0 apid=0.0 integ=0.0 vision=1 current=1 vframe=8910 vs=1 vage=20 vpage=20 vdt=94 vmax=6728 vacc=8495 vrej=0 seq=0 elapsed=0 oled=3C
[   2186] >>> pulse 0 120
[   2202] STATUS mode=1 fault=none p60=40 dp60=1 pwm=0 cpwm=0 uimp=19500 upos=150 uneg=0 ball=20.82 vball=0.10 aball=0.0 bref=0.00 pid=0.0 apid=0.0 integ=0.0 vision=1 current=1 vframe=8911 vs=1 vage=17 vpage=17 vdt=23 vmax=6728 vacc=8496 vrej=0 seq=0 elapsed=0 oled=3C
[   2233] STATUS mode=2 fault=none p60=41 dp60=0 pwm=0 cpwm=0 uimp=19500 upos=150 uneg=0 ball=20.82 vball=0.05 aball=0.0 bref=0.00 pid=0.0 apid=0.0 integ=0.0 vision=1 current=1 vframe=8912 vs=1 vage=4 vpage=4 vdt=33 vmax=6728 vacc=8497 vrej=0 seq=0 elapsed=0 oled=3C
[   2250] STATUS mode=2 fault=none p60=43 dp60=0 pwm=0 cpwm=0 uimp=19500 upos=150 uneg=0 ball=20.82 vball=0.05 aball=0.0 bref=0.00 pid=0.0 apid=0.0 integ=0.0 vision=1 current=1 vframe=8912 vs=1 vage=24 vpage=24 vdt=33 vmax=6728 vacc=8497 vrej=0 seq=0 elapsed=0 oled=3C
[   2280] STATUS mode=2 fault=none p60=44 dp60=0 pwm=0 cpwm=0 uimp=19500 upos=150 uneg=0 ball=20.82 vball=0.05 aball=0.0 bref=0.00 pid=0.0 apid=0.0 integ=0.0 vision=1 current=1 vframe=8912 vs=1 vage=44 vpage=44 vdt=33 vmax=6728 vacc=8497 vrej=0 seq=0 elapsed=0 oled=3C
[   2296] STATUS mode=2 fault=none p60=44 dp60=0 pwm=0 cpwm=0 uimp=19500 upos=150 uneg=0 ball=20.82 vball=0.05 aball=0.0 bref=0.00 pid=0.0 apid=0.0 integ=0.0 vision=1 current=1 vframe=8912 vs=1 vage=64 vpage=64 vdt=33 vmax=6728 vacc=8497 vrej=0 seq=0 elapsed=0 oled=3C
[   2327] STATUS mode=2 fault=none p60=44 dp60=0 pwm=0 cpwm=0 uimp=19500 upos=150 uneg=0 ball=20.82 vball=0.03 aball=0.0 bref=0.00 pid=0.0 apid=0.0 integ=0.0 vision=1 current=1 vframe=8913 vs=1 vage=10 vpage=10 vdt=94 vmax=6728 vacc=8498 vrej=0 seq=0 elapsed=0 oled=3C
[   2343] STATUS mode=1 fault=none p60=44 dp60=0 pwm=0 cpwm=0 uimp=19500 upos=150 uneg=0 ball=20.80 vball=-0.37 aball=0.0 bref=0.00 pid=0.0 apid=0.0 integ=0.0 vision=1 current=1 vframe=8914 vs=1 vage=7 vpage=7 vdt=23 vmax=6728 vacc=8499 vrej=0 seq=0 elapsed=0 oled=3C
[   2343] PROBE n=6 pos=20.82 din=-0.00 vin=-0.07 confirm=0
[   2343] >>> pulse 130 25
[   2358] STATUS mode=1 fault=none p60=44 dp60=0 pwm=0 cpwm=0 uimp=19500 upos=150 uneg=0 ball=20.80 vball=-0.37 aball=0.0 bref=0.00 pid=0.0 apid=0.0 integ=0.0 vision=1 current=1 vframe=8914 vs=1 vage=27 vpage=27 vdt=23 vmax=6728 vacc=8499 vrej=0 seq=0 elapsed=0 oled=3C
[   2389] STATUS mode=2 fault=none p60=45 dp60=1 pwm=130 cpwm=0 uimp=21450 upos=165 uneg=0 ball=20.81 vball=-0.02 aball=0.0 bref=0.00 pid=0.0 apid=0.0 integ=0.0 vision=1 current=1 vframe=8915 vs=1 vage=14 vpage=14 vdt=33 vmax=6728 vacc=8500 vrej=0 seq=0 elapsed=0 oled=3C
[   2389] >>> pulse 0 120
[   2405] STATUS mode=1 fault=none p60=48 dp60=0 pwm=0 cpwm=0 uimp=22750 upos=175 uneg=0 ball=20.81 vball=-0.02 aball=0.0 bref=0.00 pid=0.0 apid=0.0 integ=0.0 vision=1 current=1 vframe=8915 vs=1 vage=34 vpage=34 vdt=33 vmax=6728 vacc=8500 vrej=0 seq=0 elapsed=0 oled=3C
[   2436] STATUS mode=2 fault=none p60=51 dp60=1 pwm=0 cpwm=0 uimp=22750 upos=175 uneg=0 ball=20.81 vball=-0.02 aball=0.0 bref=0.00 pid=0.0 apid=0.0 integ=0.0 vision=1 current=1 vframe=8915 vs=1 vage=54 vpage=54 vdt=33 vmax=6728 vacc=8500 vrej=0 seq=0 elapsed=0 oled=3C
[   2452] STATUS mode=2 fault=none p60=53 dp60=0 pwm=0 cpwm=0 uimp=22750 upos=175 uneg=0 ball=20.81 vball=-0.02 aball=0.0 bref=0.00 pid=0.0 apid=0.0 integ=0.0 vision=1 current=1 vframe=8915 vs=1 vage=74 vpage=74 vdt=33 vmax=6728 vacc=8500 vrej=0 seq=0 elapsed=0 oled=3C
[   2483] STATUS mode=2 fault=none p60=54 dp60=0 pwm=0 cpwm=0 uimp=22750 upos=175 uneg=0 ball=20.81 vball=-0.02 aball=0.0 bref=0.00 pid=0.0 apid=0.0 integ=0.0 vision=1 current=1 vframe=8915 vs=1 vage=94 vpage=94 vdt=33 vmax=6728 vacc=8500 vrej=0 seq=0 elapsed=0 oled=3C
[   2500] STATUS mode=2 fault=none p60=54 dp60=0 pwm=0 cpwm=0 uimp=22750 upos=175 uneg=0 ball=20.80 vball=-0.39 aball=0.0 bref=0.00 pid=0.0 apid=0.0 integ=0.0 vision=1 current=1 vframe=8917 vs=1 vage=17 vpage=17 vdt=22 vmax=6728 vacc=8502 vrej=0 seq=0 elapsed=0 oled=3C
[   2530] STATUS mode=2 fault=none p60=53 dp60=0 pwm=0 cpwm=0 uimp=22750 upos=175 uneg=0 ball=20.79 vball=-0.29 aball=0.0 bref=0.00 pid=0.0 apid=0.0 integ=0.0 vision=1 current=1 vframe=8918 vs=1 vage=4 vpage=4 vdt=33 vmax=6728 vacc=8503 vrej=0 seq=0 elapsed=0 oled=3C
[   2546] STATUS mode=1 fault=none p60=53 dp60=0 pwm=0 cpwm=0 uimp=22750 upos=175 uneg=0 ball=20.79 vball=-0.29 aball=0.0 bref=0.00 pid=0.0 apid=0.0 integ=0.0 vision=1 current=1 vframe=8918 vs=1 vage=24 vpage=24 vdt=33 vmax=6728 vacc=8503 vrej=0 seq=0 elapsed=0 oled=3C
[   2546] PROBE n=7 pos=20.80 din=0.02 vin=0.08 confirm=0
[   2546] >>> pulse 130 25
[   2577] STATUS mode=1 fault=none p60=53 dp60=0 pwm=0 cpwm=0 uimp=22750 upos=175 uneg=0 ball=20.79 vball=-0.29 aball=0.0 bref=0.00 pid=0.0 apid=0.0 integ=0.0 vision=1 current=1 vframe=8918 vs=1 vage=44 vpage=44 vdt=33 vmax=6728 vacc=8503 vrej=0 seq=0 elapsed=0 oled=3C
[   2577] >>> pulse 0 120
[   2593] STATUS mode=2 fault=none p60=54 dp60=1 pwm=130 cpwm=0 uimp=24050 upos=185 uneg=0 ball=20.79 vball=-0.29 aball=0.0 bref=0.00 pid=0.0 apid=0.0 integ=0.0 vision=1 current=1 vframe=8918 vs=1 vage=64 vpage=64 vdt=33 vmax=6728 vacc=8503 vrej=0 seq=0 elapsed=0 oled=3C
[   2608] STATUS mode=2 fault=none p60=56 dp60=1 pwm=0 cpwm=0 uimp=26000 upos=200 uneg=0 ball=20.79 vball=-0.29 aball=0.0 bref=0.00 pid=0.0 apid=0.0 integ=0.0 vision=1 current=1 vframe=8918 vs=1 vage=84 vpage=84 vdt=33 vmax=6728 vacc=8503 vrej=0 seq=0 elapsed=0 oled=3C
[   2639] STATUS mode=2 fault=none p60=59 dp60=1 pwm=0 cpwm=0 uimp=26000 upos=200 uneg=0 ball=20.81 vball=0.02 aball=0.0 bref=0.00 pid=0.0 apid=0.0 integ=0.0 vision=1 current=1 vframe=8919 vs=1 vage=5 vpage=5 vdt=99 vmax=6728 vacc=8504 vrej=0 seq=0 elapsed=0 oled=3C
[   2655] STATUS mode=2 fault=none p60=62 dp60=0 pwm=0 cpwm=0 uimp=26000 upos=200 uneg=0 ball=20.81 vball=0.05 aball=0.0 bref=0.00 pid=0.0 apid=0.0 integ=0.0 vision=1 current=1 vframe=8920 vs=1 vage=11 vpage=11 vdt=34 vmax=6728 vacc=8505 vrej=0 seq=0 elapsed=0 oled=3C
[   2686] STATUS mode=2 fault=none p60=62 dp60=0 pwm=0 cpwm=0 uimp=26000 upos=200 uneg=0 ball=20.81 vball=0.05 aball=0.0 bref=0.00 pid=0.0 apid=0.0 integ=0.0 vision=1 current=1 vframe=8920 vs=1 vage=31 vpage=31 vdt=34 vmax=6728 vacc=8505 vrej=0 seq=0 elapsed=0 oled=3C
[   2702] STATUS mode=2 fault=none p60=62 dp60=0 pwm=0 cpwm=0 uimp=26000 upos=200 uneg=0 ball=20.81 vball=0.05 aball=0.0 bref=0.00 pid=0.0 apid=0.0 integ=0.0 vision=1 current=1 vframe=8920 vs=1 vage=51 vpage=51 vdt=34 vmax=6728 vacc=8505 vrej=0 seq=0 elapsed=0 oled=3C
[   2733] STATUS mode=1 fault=none p60=62 dp60=0 pwm=0 cpwm=0 uimp=26000 upos=200 uneg=0 ball=20.81 vball=0.05 aball=0.0 bref=0.00 pid=0.0 apid=0.0 integ=0.0 vision=1 current=1 vframe=8920 vs=1 vage=71 vpage=71 vdt=34 vmax=6728 vacc=8505 vrej=0 seq=0 elapsed=0 oled=3C
[   2733] PROBE n=8 pos=20.81 din=0.01 vin=-0.00 confirm=0
[   2733] >>> pulse 130 25
[   2750] STATUS mode=1 fault=none p60=62 dp60=0 pwm=0 cpwm=0 uimp=26000 upos=200 uneg=0 ball=20.81 vball=0.05 aball=0.0 bref=0.00 pid=0.0 apid=0.0 integ=0.0 vision=1 current=1 vframe=8920 vs=1 vage=91 vpage=91 vdt=34 vmax=6728 vacc=8505 vrej=0 seq=0 elapsed=0 oled=3C
[   2780] STATUS mode=2 fault=none p60=62 dp60=0 pwm=130 cpwm=0 uimp=27300 upos=210 uneg=0 ball=20.82 vball=0.09 aball=0.0 bref=0.00 pid=0.0 apid=0.0 integ=0.0 vision=1 current=1 vframe=8921 vs=1 vage=1 vpage=1 vdt=110 vmax=6728 vacc=8506 vrej=0 seq=0 elapsed=0 oled=3C
[   2780] >>> pulse 0 120
[   2796] STATUS mode=1 fault=none p60=65 dp60=1 pwm=0 cpwm=0 uimp=29250 upos=225 uneg=0 ball=20.82 vball=0.07 aball=0.0 bref=0.00 pid=0.0 apid=0.0 integ=0.0 vision=1 current=1 vframe=8922 vs=1 vage=13 vpage=13 vdt=8 vmax=6728 vacc=8507 vrej=0 seq=0 elapsed=0 oled=3C
[   2811] STATUS mode=2 fault=none p60=68 dp60=1 pwm=0 cpwm=0 uimp=29250 upos=225 uneg=0 ball=20.82 vball=0.02 aball=0.0 bref=0.00 pid=0.0 apid=0.0 integ=0.0 vision=1 current=1 vframe=8923 vs=1 vage=2 vpage=2 vdt=31 vmax=6728 vacc=8508 vrej=0 seq=0 elapsed=0 oled=3C
[   2843] STATUS mode=2 fault=none p60=71 dp60=0 pwm=0 cpwm=0 uimp=29250 upos=225 uneg=0 ball=20.82 vball=0.01 aball=0.0 bref=0.00 pid=0.0 apid=0.0 integ=0.0 vision=1 current=1 vframe=8924 vs=1 vage=8 vpage=8 vdt=34 vmax=6728 vacc=8509 vrej=0 seq=0 elapsed=0 oled=3C
[   2858] STATUS mode=2 fault=none p60=71 dp60=0 pwm=0 cpwm=0 uimp=29250 upos=225 uneg=0 ball=20.82 vball=0.01 aball=0.0 bref=0.00 pid=0.0 apid=0.0 integ=0.0 vision=1 current=1 vframe=8924 vs=1 vage=28 vpage=28 vdt=34 vmax=6728 vacc=8509 vrej=0 seq=0 elapsed=0 oled=3C
[   2889] STATUS mode=2 fault=none p60=71 dp60=0 pwm=0 cpwm=0 uimp=29250 upos=225 uneg=0 ball=20.82 vball=0.01 aball=0.0 bref=0.00 pid=0.0 apid=0.0 integ=0.0 vision=1 current=1 vframe=8924 vs=1 vage=48 vpage=48 vdt=34 vmax=6728 vacc=8509 vrej=0 seq=0 elapsed=0 oled=3C
[   2905] STATUS mode=2 fault=none p60=71 dp60=0 pwm=0 cpwm=0 uimp=29250 upos=225 uneg=0 ball=20.82 vball=0.01 aball=0.0 bref=0.00 pid=0.0 apid=0.0 integ=0.0 vision=1 current=1 vframe=8924 vs=1 vage=68 vpage=68 vdt=34 vmax=6728 vacc=8509 vrej=0 seq=0 elapsed=0 oled=3C
[   2936] STATUS mode=1 fault=none p60=71 dp60=0 pwm=0 cpwm=0 uimp=29250 upos=225 uneg=0 ball=20.82 vball=0.01 aball=0.0 bref=0.00 pid=0.0 apid=0.0 integ=0.0 vision=1 current=1 vframe=8924 vs=1 vage=88 vpage=88 vdt=34 vmax=6728 vacc=8509 vrej=0 seq=0 elapsed=0 oled=3C
[   2936] PROBE n=9 pos=20.82 din=-0.00 vin=-0.07 confirm=0
[   2936] >>> pulse 130 25
[   2952] STATUS mode=1 fault=none p60=71 dp60=0 pwm=0 cpwm=0 uimp=29250 upos=225 uneg=0 ball=20.82 vball=0.00 aball=0.0 bref=0.00 pid=0.0 apid=0.0 integ=0.0 vision=1 current=1 vframe=8925 vs=1 vage=12 vpage=12 vdt=96 vmax=6728 vacc=8510 vrej=0 seq=0 elapsed=0 oled=3C
[   2983] STATUS mode=2 fault=none p60=71 dp60=0 pwm=130 cpwm=0 uimp=29900 upos=230 uneg=0 ball=20.79 vball=-0.61 aball=0.0 bref=0.00 pid=0.0 apid=0.0 integ=0.0 vision=1 current=1 vframe=8926 vs=1 vage=10 vpage=10 vdt=22 vmax=6728 vacc=8511 vrej=0 seq=0 elapsed=0 oled=3C
[   2983] >>> pulse 0 120
[   3000] STATUS mode=1 fault=none p60=73 dp60=1 pwm=0 cpwm=0 uimp=32500 upos=250 uneg=0 ball=20.79 vball=-0.61 aball=0.0 bref=0.00 pid=0.0 apid=0.0 integ=0.0 vision=1 current=1 vframe=8926 vs=1 vage=30 vpage=30 vdt=22 vmax=6728 vacc=8511 vrej=0 seq=0 elapsed=0 oled=3C
[   3014] STATUS mode=2 fault=none p60=76 dp60=0 pwm=0 cpwm=0 uimp=32500 upos=250 uneg=0 ball=20.79 vball=-0.34 aball=0.0 bref=0.00 pid=0.0 apid=0.0 integ=0.0 vision=1 current=1 vframe=8927 vs=1 vage=39 vpage=39 vdt=31 vmax=6728 vacc=8512 vrej=0 seq=0 elapsed=0 oled=3C
[   3046] STATUS mode=2 fault=none p60=77 dp60=1 pwm=0 cpwm=0 uimp=32500 upos=250 uneg=0 ball=20.79 vball=-0.34 aball=0.0 bref=0.00 pid=0.0 apid=0.0 integ=0.0 vision=1 current=1 vframe=8927 vs=1 vage=59 vpage=59 vdt=31 vmax=6728 vacc=8512 vrej=0 seq=0 elapsed=0 oled=3C
[   3061] STATUS mode=2 fault=none p60=78 dp60=0 pwm=0 cpwm=0 uimp=32500 upos=250 uneg=0 ball=20.79 vball=-0.34 aball=0.0 bref=0.00 pid=0.0 apid=0.0 integ=0.0 vision=1 current=1 vframe=8927 vs=1 vage=79 vpage=79 vdt=31 vmax=6728 vacc=8512 vrej=0 seq=0 elapsed=0 oled=3C
[   3093] STATUS mode=2 fault=none p60=79 dp60=0 pwm=0 cpwm=0 uimp=32500 upos=250 uneg=0 ball=20.77 vball=-0.37 aball=0.0 bref=0.00 pid=0.0 apid=0.0 integ=0.0 vision=1 current=1 vframe=8928 vs=1 vage=4 vpage=4 vdt=95 vmax=6728 vacc=8513 vrej=0 seq=0 elapsed=0 oled=3C
[   3108] STATUS mode=2 fault=none p60=79 dp60=0 pwm=0 cpwm=0 uimp=32500 upos=250 uneg=0 ball=20.77 vball=-0.01 aball=0.0 bref=0.00 pid=0.0 apid=0.0 integ=0.0 vision=1 current=1 vframe=8929 vs=1 vage=1 vpage=1 vdt=23 vmax=6728 vacc=8514 vrej=0 seq=0 elapsed=0 oled=3C
[   3139] STATUS mode=1 fault=none p60=79 dp60=0 pwm=0 cpwm=0 uimp=32500 upos=250 uneg=0 ball=20.77 vball=-0.01 aball=0.0 bref=0.00 pid=0.0 apid=0.0 integ=0.0 vision=1 current=1 vframe=8929 vs=1 vage=21 vpage=21 vdt=23 vmax=6728 vacc=8514 vrej=0 seq=0 elapsed=0 oled=3C
[   3139] PROBE n=10 pos=20.79 din=0.03 vin=0.16 confirm=0
[   3139] >>> pulse 130 25
[   3155] STATUS mode=1 fault=none p60=79 dp60=0 pwm=0 cpwm=0 uimp=32500 upos=250 uneg=0 ball=20.78 vball=0.01 aball=0.0 bref=0.00 pid=0.0 apid=0.0 integ=0.0 vision=1 current=1 vframe=8930 vs=1 vage=8 vpage=8 vdt=33 vmax=6728 vacc=8515 vrej=0 seq=0 elapsed=0 oled=3C
[   3186] STATUS mode=2 fault=none p60=79 dp60=0 pwm=130 cpwm=0 uimp=32500 upos=250 uneg=0 ball=20.78 vball=0.01 aball=0.0 bref=0.00 pid=0.0 apid=0.0 integ=0.0 vision=1 current=1 vframe=8930 vs=1 vage=28 vpage=28 vdt=33 vmax=6728 vacc=8515 vrej=0 seq=0 elapsed=0 oled=3C
[   3186] >>> pulse 0 120
[   3202] STATUS mode=1 fault=none p60=83 dp60=0 pwm=0 cpwm=0 uimp=35750 upos=275 uneg=0 ball=20.78 vball=0.01 aball=0.0 bref=0.00 pid=0.0 apid=0.0 integ=0.0 vision=1 current=1 vframe=8930 vs=1 vage=68 vpage=68 vdt=33 vmax=6728 vacc=8515 vrej=0 seq=0 elapsed=0 oled=3C
[   3218] STATUS mode=2 fault=none p60=84 dp60=0 pwm=0 cpwm=0 uimp=35750 upos=275 uneg=0 ball=20.78 vball=0.01 aball=0.0 bref=0.00 pid=0.0 apid=0.0 integ=0.0 vision=1 current=1 vframe=8930 vs=1 vage=88 vpage=88 vdt=33 vmax=6728 vacc=8515 vrej=0 seq=0 elapsed=0 oled=3C
[   3250] STATUS mode=2 fault=none p60=85 dp60=0 pwm=0 cpwm=0 uimp=35750 upos=275 uneg=0 ball=20.78 vball=0.01 aball=0.0 bref=0.00 pid=0.0 apid=0.0 integ=0.0 vision=1 current=1 vframe=8931 vs=1 vage=12 vpage=12 vdt=96 vmax=6728 vacc=8516 vrej=0 seq=0 elapsed=0 oled=3C
[   3264] STATUS mode=2 fault=none p60=85 dp60=0 pwm=0 cpwm=0 uimp=35750 upos=275 uneg=0 ball=20.78 vball=0.01 aball=0.0 bref=0.00 pid=0.0 apid=0.0 integ=0.0 vision=1 current=1 vframe=8931 vs=1 vage=32 vpage=32 vdt=96 vmax=6728 vacc=8516 vrej=0 seq=0 elapsed=0 oled=3C
[   3296] STATUS mode=2 fault=none p60=86 dp60=0 pwm=0 cpwm=0 uimp=35750 upos=275 uneg=0 ball=20.83 vball=1.08 aball=0.0 bref=0.00 pid=0.0 apid=0.0 integ=0.0 vision=1 current=1 vframe=8932 vs=1 vage=14 vpage=14 vdt=38 vmax=6728 vacc=8517 vrej=0 seq=0 elapsed=0 oled=3C
[   3311] STATUS mode=2 fault=none p60=86 dp60=0 pwm=0 cpwm=0 uimp=35750 upos=275 uneg=0 ball=20.83 vball=1.08 aball=0.0 bref=0.00 pid=0.0 apid=0.0 integ=0.0 vision=1 current=1 vframe=8932 vs=1 vage=34 vpage=34 vdt=38 vmax=6728 vacc=8517 vrej=0 seq=0 elapsed=0 oled=3C
[   3311] OK pulse complete
[   3343] STATUS mode=1 fault=none p60=86 dp60=0 pwm=0 cpwm=0 uimp=35750 upos=275 uneg=0 ball=20.83 vball=1.08 aball=0.0 bref=0.00 pid=0.0 apid=0.0 integ=0.0 vision=1 current=1 vframe=8932 vs=1 vage=74 vpage=74 vdt=38 vmax=6728 vacc=8517 vrej=0 seq=0 elapsed=0 oled=3C
[   3343] PROBE n=11 pos=20.78 din=0.04 vin=0.04 confirm=0
[   3343] >>> pulse 130 25
[   3358] STATUS mode=1 fault=none p60=86 dp60=0 pwm=0 cpwm=0 uimp=35750 upos=275 uneg=0 ball=20.83 vball=1.08 aball=0.0 bref=0.00 pid=0.0 apid=0.0 integ=0.0 vision=1 current=1 vframe=8932 vs=1 vage=94 vpage=94 vdt=38 vmax=6728 vacc=8517 vrej=0 seq=0 elapsed=0 oled=3C
[   3389] STATUS mode=2 fault=none p60=87 dp60=0 pwm=130 cpwm=0 uimp=37700 upos=290 uneg=0 ball=21.83 vball=9.16 aball=0.0 bref=0.00 pid=0.0 apid=0.0 integ=0.0 vision=1 current=1 vframe=8934 vs=1 vage=1 vpage=1 vdt=7 vmax=6728 vacc=8519 vrej=0 seq=0 elapsed=0 oled=3C
[   3389] >>> pulse 0 120
[   3405] STATUS mode=1 fault=none p60=92 dp60=1 pwm=0 cpwm=0 uimp=39000 upos=300 uneg=0 ball=21.83 vball=9.16 aball=0.0 bref=0.00 pid=0.0 apid=0.0 integ=0.0 vision=1 current=1 vframe=8934 vs=1 vage=21 vpage=21 vdt=7 vmax=6728 vacc=8519 vrej=0 seq=0 elapsed=0 oled=3C
[   3436] STATUS mode=2 fault=none p60=95 dp60=1 pwm=0 cpwm=0 uimp=39000 upos=300 uneg=0 ball=20.71 vball=-15.59 aball=0.0 bref=0.00 pid=0.0 apid=0.0 integ=0.0 vision=1 current=1 vframe=8935 vs=1 vage=4 vpage=4 vdt=37 vmax=6728 vacc=8520 vrej=0 seq=0 elapsed=0 oled=3C
[   3452] STATUS mode=2 fault=none p60=98 dp60=1 pwm=0 cpwm=0 uimp=39000 upos=300 uneg=0 ball=20.71 vball=-15.59 aball=0.0 bref=0.00 pid=0.0 apid=0.0 integ=0.0 vision=1 current=1 vframe=8935 vs=1 vage=24 vpage=24 vdt=37 vmax=6728 vacc=8520 vrej=0 seq=0 elapsed=0 oled=3C
[   3483] STATUS mode=2 fault=none p60=97 dp60=-1 pwm=0 cpwm=0 uimp=39000 upos=300 uneg=0 ball=20.71 vball=-15.59 aball=0.0 bref=0.00 pid=0.0 apid=0.0 integ=0.0 vision=1 current=1 vframe=8935 vs=1 vage=44 vpage=44 vdt=37 vmax=6728 vacc=8520 vrej=0 seq=0 elapsed=0 oled=3C
[   3500] STATUS mode=2 fault=none p60=97 dp60=0 pwm=0 cpwm=0 uimp=39000 upos=300 uneg=0 ball=20.71 vball=-15.59 aball=0.0 bref=0.00 pid=0.0 apid=0.0 integ=0.0 vision=1 current=1 vframe=8935 vs=1 vage=64 vpage=64 vdt=37 vmax=6728 vacc=8520 vrej=0 seq=0 elapsed=0 oled=3C
[   3530] STATUS mode=2 fault=none p60=96 dp60=0 pwm=0 cpwm=0 uimp=39000 upos=300 uneg=0 ball=20.71 vball=-15.59 aball=0.0 bref=0.00 pid=0.0 apid=0.0 integ=0.0 vision=1 current=1 vframe=8935 vs=1 vage=104 vpage=104 vdt=37 vmax=6728 vacc=8520 vrej=0 seq=0 elapsed=0 oled=3C
[   3546] STATUS mode=1 fault=none p60=96 dp60=0 pwm=0 cpwm=0 uimp=39000 upos=300 uneg=0 ball=20.58 vball=-6.30 aball=0.0 bref=0.00 pid=0.0 apid=0.0 integ=0.0 vision=1 current=1 vframe=8937 vs=1 vage=11 vpage=11 vdt=7 vmax=6728 vacc=8522 vrej=0 seq=0 elapsed=0 oled=3C
[   3546] PROBE n=12 pos=20.78 din=0.04 vin=0.36 confirm=0
[   3546] >>> pulse 130 25
[   3561] STATUS mode=1 fault=none p60=96 dp60=0 pwm=0 cpwm=0 uimp=39000 upos=300 uneg=0 ball=20.58 vball=-6.30 aball=0.0 bref=0.00 pid=0.0 apid=0.0 integ=0.0 vision=1 current=1 vframe=8937 vs=1 vage=31 vpage=31 vdt=7 vmax=6728 vacc=8522 vrej=0 seq=0 elapsed=0 oled=3C
[   3593] STATUS mode=2 fault=none p60=97 dp60=1 pwm=130 cpwm=0 uimp=40300 upos=310 uneg=0 ball=20.15 vball=-9.37 aball=0.0 bref=0.00 pid=0.0 apid=0.0 integ=0.0 vision=1 current=1 vframe=8938 vs=1 vage=14 vpage=14 vdt=37 vmax=6728 vacc=8523 vrej=0 seq=0 elapsed=0 oled=3C
[   3593] >>> pulse 0 120
[   3608] STATUS mode=1 fault=none p60=100 dp60=1 pwm=0 cpwm=0 uimp=42250 upos=325 uneg=0 ball=20.15 vball=-9.37 aball=0.0 bref=0.00 pid=0.0 apid=0.0 integ=0.0 vision=1 current=1 vframe=8938 vs=1 vage=34 vpage=34 vdt=37 vmax=6728 vacc=8523 vrej=0 seq=0 elapsed=0 oled=3C
[   3639] STATUS mode=2 fault=none p60=102 dp60=0 pwm=0 cpwm=0 uimp=42250 upos=325 uneg=0 ball=20.15 vball=-9.37 aball=0.0 bref=0.00 pid=0.0 apid=0.0 integ=0.0 vision=1 current=1 vframe=8938 vs=1 vage=54 vpage=54 vdt=37 vmax=6728 vacc=8523 vrej=0 seq=0 elapsed=0 oled=3C
[   3655] STATUS mode=2 fault=none p60=104 dp60=1 pwm=0 cpwm=0 uimp=42250 upos=325 uneg=0 ball=20.15 vball=-9.37 aball=0.0 bref=0.00 pid=0.0 apid=0.0 integ=0.0 vision=1 current=1 vframe=8938 vs=1 vage=74 vpage=74 vdt=37 vmax=6728 vacc=8523 vrej=0 seq=0 elapsed=0 oled=3C
[   3686] STATUS mode=2 fault=none p60=105 dp60=0 pwm=0 cpwm=0 uimp=42250 upos=325 uneg=0 ball=20.81 vball=2.19 aball=0.0 bref=0.00 pid=0.0 apid=0.0 integ=0.0 vision=1 current=1 vframe=8940 vs=1 vage=2 vpage=2 vdt=7 vmax=6728 vacc=8525 vrej=0 seq=0 elapsed=0 oled=3C
[   3702] STATUS mode=2 fault=none p60=105 dp60=0 pwm=0 cpwm=0 uimp=42250 upos=325 uneg=0 ball=20.81 vball=2.19 aball=0.0 bref=0.00 pid=0.0 apid=0.0 integ=0.0 vision=1 current=1 vframe=8940 vs=1 vage=22 vpage=22 vdt=7 vmax=6728 vacc=8525 vrej=0 seq=0 elapsed=0 oled=3C
[   3733] STATUS mode=2 fault=none p60=105 dp60=0 pwm=0 cpwm=0 uimp=42250 upos=325 uneg=0 ball=20.73 vball=-0.87 aball=0.0 bref=0.00 pid=0.0 apid=0.0 integ=0.0 vision=1 current=1 vframe=8941 vs=1 vage=4 vpage=4 vdt=38 vmax=6728 vacc=8526 vrej=0 seq=0 elapsed=0 oled=3C
[   3750] STATUS mode=1 fault=none p60=105 dp60=0 pwm=0 cpwm=0 uimp=42250 upos=325 uneg=0 ball=20.73 vball=-0.87 aball=0.0 bref=0.00 pid=0.0 apid=0.0 integ=0.0 vision=1 current=1 vframe=8941 vs=1 vage=24 vpage=24 vdt=38 vmax=6728 vacc=8526 vrej=0 seq=0 elapsed=0 oled=3C
[   3750] PROBE n=13 pos=20.71 din=0.11 vin=0.60 confirm=0
[   3750] >>> pulse 130 25
[   3764] STATUS mode=1 fault=none p60=105 dp60=0 pwm=0 cpwm=0 uimp=42250 upos=325 uneg=0 ball=20.73 vball=-0.87 aball=0.0 bref=0.00 pid=0.0 apid=0.0 integ=0.0 vision=1 current=1 vframe=8941 vs=1 vage=44 vpage=44 vdt=38 vmax=6728 vacc=8526 vrej=0 seq=0 elapsed=0 oled=3C
[   3796] STATUS mode=2 fault=none p60=105 dp60=0 pwm=130 cpwm=0 uimp=43550 upos=335 uneg=0 ball=20.73 vball=-0.87 aball=0.0 bref=0.00 pid=0.0 apid=0.0 integ=0.0 vision=1 current=1 vframe=8941 vs=1 vage=64 vpage=64 vdt=38 vmax=6728 vacc=8526 vrej=0 seq=0 elapsed=0 oled=3C
[   3796] >>> pulse 0 120
[   3811] STATUS mode=1 fault=none p60=108 dp60=1 pwm=0 cpwm=0 uimp=45500 upos=350 uneg=0 ball=20.73 vball=-0.87 aball=0.0 bref=0.00 pid=0.0 apid=0.0 integ=0.0 vision=1 current=1 vframe=8941 vs=1 vage=84 vpage=84 vdt=38 vmax=6728 vacc=8526 vrej=0 seq=0 elapsed=0 oled=3C
[   3843] STATUS mode=2 fault=none p60=112 dp60=1 pwm=0 cpwm=0 uimp=45500 upos=350 uneg=0 ball=20.73 vball=-0.87 aball=0.0 bref=0.00 pid=0.0 apid=0.0 integ=0.0 vision=1 current=1 vframe=8941 vs=1 vage=104 vpage=104 vdt=38 vmax=6728 vacc=8526 vrej=0 seq=0 elapsed=0 oled=3C
[   3858] STATUS mode=2 fault=none p60=115 dp60=0 pwm=0 cpwm=0 uimp=45500 upos=350 uneg=0 ball=20.85 vball=0.77 aball=0.0 bref=0.00 pid=0.0 apid=0.0 integ=0.0 vision=1 current=1 vframe=8943 vs=1 vage=33 vpage=33 vdt=6 vmax=6728 vacc=8528 vrej=0 seq=0 elapsed=0 oled=3C
[   3889] STATUS mode=2 fault=none p60=114 dp60=0 pwm=0 cpwm=0 uimp=45500 upos=350 uneg=0 ball=20.85 vball=0.77 aball=0.0 bref=0.00 pid=0.0 apid=0.0 integ=0.0 vision=1 current=1 vframe=8943 vs=1 vage=53 vpage=53 vdt=6 vmax=6728 vacc=8528 vrej=0 seq=0 elapsed=0 oled=3C
[   3905] STATUS mode=2 fault=none p60=114 dp60=0 pwm=0 cpwm=0 uimp=45500 upos=350 uneg=0 ball=20.88 vball=0.41 aball=0.0 bref=0.00 pid=0.0 apid=0.0 integ=0.0 vision=1 current=1 vframe=8944 vs=1 vage=14 vpage=14 vdt=59 vmax=6728 vacc=8529 vrej=0 seq=0 elapsed=0 oled=3C
[   3936] STATUS mode=2 fault=none p60=114 dp60=0 pwm=0 cpwm=0 uimp=45500 upos=350 uneg=0 ball=20.83 vball=-0.27 aball=0.0 bref=0.00 pid=0.0 apid=0.0 integ=0.0 vision=1 current=1 vframe=8945 vs=1 vage=19 vpage=19 vdt=15 vmax=6728 vacc=8530 vrej=0 seq=0 elapsed=0 oled=3C
[   3952] STATUS mode=1 fault=none p60=114 dp60=0 pwm=0 cpwm=0 uimp=45500 upos=350 uneg=0 ball=20.83 vball=-0.27 aball=0.0 bref=0.00 pid=0.0 apid=0.0 integ=0.0 vision=1 current=1 vframe=8945 vs=1 vage=39 vpage=39 vdt=15 vmax=6728 vacc=8530 vrej=0 seq=0 elapsed=0 oled=3C
[   3952] PROBE n=14 pos=20.83 din=-0.01 vin=-0.88 confirm=0
[   3952] >>> pulse 130 25
[   3983] STATUS mode=1 fault=none p60=114 dp60=0 pwm=0 cpwm=0 uimp=45500 upos=350 uneg=0 ball=20.83 vball=-0.27 aball=0.0 bref=0.00 pid=0.0 apid=0.0 integ=0.0 vision=1 current=1 vframe=8945 vs=1 vage=59 vpage=59 vdt=15 vmax=6728 vacc=8530 vrej=0 seq=0 elapsed=0 oled=3C
[   3983] >>> pulse 0 120
[   4000] STATUS mode=2 fault=none p60=114 dp60=0 pwm=130 cpwm=0 uimp=46150 upos=355 uneg=0 ball=20.83 vball=-0.27 aball=0.0 bref=0.00 pid=0.0 apid=0.0 integ=0.0 vision=1 current=1 vframe=8945 vs=1 vage=79 vpage=79 vdt=15 vmax=6728 vacc=8530 vrej=0 seq=0 elapsed=0 oled=3C
[   4030] STATUS mode=2 fault=none p60=119 dp60=1 pwm=0 cpwm=0 uimp=48750 upos=375 uneg=0 ball=20.82 vball=1.54 aball=0.0 bref=0.00 pid=0.0 apid=0.0 integ=0.0 vision=1 current=1 vframe=8947 vs=1 vage=5 vpage=5 vdt=21 vmax=6728 vacc=8532 vrej=0 seq=0 elapsed=0 oled=3C
[   4046] STATUS mode=2 fault=none p60=121 dp60=0 pwm=0 cpwm=0 uimp=48750 upos=375 uneg=0 ball=20.82 vball=1.54 aball=0.0 bref=0.00 pid=0.0 apid=0.0 integ=0.0 vision=1 current=1 vframe=8947 vs=1 vage=25 vpage=25 vdt=21 vmax=6728 vacc=8532 vrej=0 seq=0 elapsed=0 oled=3C
[   4061] STATUS mode=2 fault=none p60=122 dp60=0 pwm=0 cpwm=0 uimp=48750 upos=375 uneg=0 ball=20.87 vball=1.54 aball=0.0 bref=0.00 pid=0.0 apid=0.0 integ=0.0 vision=1 current=1 vframe=8948 vs=1 vage=12 vpage=12 vdt=33 vmax=6728 vacc=8533 vrej=0 seq=0 elapsed=0 oled=3C
[   4093] STATUS mode=2 fault=none p60=122 dp60=0 pwm=0 cpwm=0 uimp=48750 upos=375 uneg=0 ball=20.87 vball=1.54 aball=0.0 bref=0.00 pid=0.0 apid=0.0 integ=0.0 vision=1 current=1 vframe=8948 vs=1 vage=32 vpage=32 vdt=33 vmax=6728 vacc=8533 vrej=0 seq=0 elapsed=0 oled=3C
[   4108] STATUS mode=2 fault=none p60=122 dp60=0 pwm=0 cpwm=0 uimp=48750 upos=375 uneg=0 ball=20.87 vball=1.54 aball=0.0 bref=0.00 pid=0.0 apid=0.0 integ=0.0 vision=1 current=1 vframe=8948 vs=1 vage=52 vpage=52 vdt=33 vmax=6728 vacc=8533 vrej=0 seq=0 elapsed=0 oled=3C
[   4139] STATUS mode=1 fault=none p60=122 dp60=0 pwm=0 cpwm=0 uimp=48750 upos=375 uneg=0 ball=20.87 vball=1.54 aball=0.0 bref=0.00 pid=0.0 apid=0.0 integ=0.0 vision=1 current=1 vframe=8948 vs=1 vage=72 vpage=72 vdt=33 vmax=6728 vacc=8533 vrej=0 seq=0 elapsed=0 oled=3C
[   4139] PROBE n=15 pos=20.85 din=-0.03 vin=-0.22 confirm=0
[   4139] >>> pulse 130 25
[   4155] STATUS mode=1 fault=none p60=122 dp60=0 pwm=0 cpwm=0 uimp=48750 upos=375 uneg=0 ball=20.87 vball=1.54 aball=0.0 bref=0.00 pid=0.0 apid=0.0 integ=0.0 vision=1 current=1 vframe=8948 vs=1 vage=92 vpage=92 vdt=33 vmax=6728 vacc=8533 vrej=0 seq=0 elapsed=0 oled=3C
[   4186] STATUS mode=2 fault=none p60=122 dp60=0 pwm=130 cpwm=0 uimp=48750 upos=375 uneg=0 ball=20.91 vball=0.93 aball=0.0 bref=0.00 pid=0.0 apid=0.0 integ=0.0 vision=1 current=1 vframe=8949 vs=1 vage=15 vpage=15 vdt=97 vmax=6728 vacc=8534 vrej=0 seq=0 elapsed=0 oled=3C
[   4186] >>> pulse 0 120
[   4202] STATUS mode=1 fault=none p60=126 dp60=0 pwm=0 cpwm=0 uimp=52000 upos=400 uneg=0 ball=20.88 vball=-0.30 aball=0.0 bref=0.00 pid=0.0 apid=0.0 integ=0.0 vision=1 current=1 vframe=8950 vs=1 vage=17 vpage=17 vdt=38 vmax=6728 vacc=8535 vrej=0 seq=0 elapsed=0 oled=3C
[   4233] STATUS mode=2 fault=none p60=127 dp60=0 pwm=0 cpwm=0 uimp=52000 upos=400 uneg=0 ball=20.88 vball=-0.30 aball=0.0 bref=0.00 pid=0.0 apid=0.0 integ=0.0 vision=1 current=1 vframe=8950 vs=1 vage=37 vpage=37 vdt=38 vmax=6728 vacc=8535 vrej=0 seq=0 elapsed=0 oled=3C
[   4250] STATUS mode=2 fault=none p60=127 dp60=0 pwm=0 cpwm=0 uimp=52000 upos=400 uneg=0 ball=20.88 vball=-0.30 aball=0.0 bref=0.00 pid=0.0 apid=0.0 integ=0.0 vision=1 current=1 vframe=8950 vs=1 vage=57 vpage=57 vdt=38 vmax=6728 vacc=8535 vrej=0 seq=0 elapsed=0 oled=3C
[   4280] STATUS mode=2 fault=none p60=127 dp60=0 pwm=0 cpwm=0 uimp=52000 upos=400 uneg=0 ball=20.88 vball=-0.30 aball=0.0 bref=0.00 pid=0.0 apid=0.0 integ=0.0 vision=1 current=1 vframe=8950 vs=1 vage=77 vpage=77 vdt=38 vmax=6728 vacc=8535 vrej=0 seq=0 elapsed=0 oled=3C
[   4296] STATUS mode=2 fault=none p60=127 dp60=0 pwm=0 cpwm=0 uimp=52000 upos=400 uneg=0 ball=20.88 vball=-0.30 aball=0.0 bref=0.00 pid=0.0 apid=0.0 integ=0.0 vision=1 current=1 vframe=8950 vs=1 vage=97 vpage=97 vdt=38 vmax=6728 vacc=8535 vrej=0 seq=0 elapsed=0 oled=3C
[   4311] STATUS mode=2 fault=none p60=127 dp60=0 pwm=0 cpwm=0 uimp=52000 upos=400 uneg=0 ball=20.88 vball=-0.30 aball=0.0 bref=0.00 pid=0.0 apid=0.0 integ=0.0 vision=1 current=1 vframe=8950 vs=1 vage=117 vpage=117 vdt=38 vmax=6728 vacc=8535 vrej=0 seq=0 elapsed=0 oled=3C
[   4327] OK pulse complete
[   4343] STATUS mode=1 fault=none p60=127 dp60=0 pwm=0 cpwm=0 uimp=52000 upos=400 uneg=0 ball=19.68 vball=-22.07 aball=0.0 bref=0.00 pid=0.0 apid=0.0 integ=0.0 vision=1 current=1 vframe=8953 vs=1 vage=4 vpage=4 vdt=22 vmax=6728 vacc=8538 vrej=0 seq=0 elapsed=0 oled=3C
[   4343] PROBE n=16 pos=20.87 din=-0.05 vin=1.78 confirm=0
[   4343] >>> pulse 130 25
[   4358] STATUS mode=1 fault=none p60=127 dp60=0 pwm=0 cpwm=0 uimp=52000 upos=400 uneg=0 ball=19.68 vball=-22.07 aball=0.0 bref=0.00 pid=0.0 apid=0.0 integ=0.0 vision=1 current=1 vframe=8953 vs=1 vage=24 vpage=24 vdt=22 vmax=6728 vacc=8538 vrej=0 seq=0 elapsed=0 oled=3C
[   4389] STATUS mode=2 fault=none p60=127 dp60=0 pwm=130 cpwm=0 uimp=53950 upos=415 uneg=0 ball=19.70 vball=-11.26 aball=0.0 bref=0.00 pid=0.0 apid=0.0 integ=0.0 vision=1 current=1 vframe=8954 vs=1 vage=16 vpage=16 vdt=28 vmax=6728 vacc=8539 vrej=0 seq=0 elapsed=0 oled=3C
[   4389] >>> pulse 0 120
[   4405] STATUS mode=1 fault=none p60=133 dp60=2 pwm=0 cpwm=0 uimp=55250 upos=425 uneg=0 ball=19.70 vball=-11.26 aball=0.0 bref=0.00 pid=0.0 apid=0.0 integ=0.0 vision=1 current=1 vframe=8954 vs=1 vage=36 vpage=36 vdt=28 vmax=6728 vacc=8539 vrej=0 seq=0 elapsed=0 oled=3C
[   4436] STATUS mode=2 fault=none p60=136 dp60=1 pwm=0 cpwm=0 uimp=55250 upos=425 uneg=0 ball=19.70 vball=-11.26 aball=0.0 bref=0.00 pid=0.0 apid=0.0 integ=0.0 vision=1 current=1 vframe=8954 vs=1 vage=56 vpage=56 vdt=28 vmax=6728 vacc=8539 vrej=0 seq=0 elapsed=0 oled=3C
[   4452] STATUS mode=2 fault=none p60=138 dp60=1 pwm=0 cpwm=0 uimp=55250 upos=425 uneg=0 ball=19.70 vball=-11.26 aball=0.0 bref=0.00 pid=0.0 apid=0.0 integ=0.0 vision=1 current=1 vframe=8954 vs=1 vage=76 vpage=76 vdt=28 vmax=6728 vacc=8539 vrej=0 seq=0 elapsed=0 oled=3C
[   4483] STATUS mode=2 fault=none p60=139 dp60=0 pwm=0 cpwm=0 uimp=55250 upos=425 uneg=0 ball=19.44 vball=-6.61 aball=0.0 bref=0.00 pid=0.0 apid=0.0 integ=0.0 vision=1 current=1 vframe=8955 vs=1 vage=1 vpage=1 vdt=95 vmax=6728 vacc=8540 vrej=0 seq=0 elapsed=0 oled=3C
[   4500] STATUS mode=2 fault=none p60=139 dp60=0 pwm=0 cpwm=0 uimp=55250 upos=425 uneg=0 ball=18.34 vball=-28.94 aball=0.0 bref=0.00 pid=0.0 apid=0.0 integ=0.0 vision=1 current=1 vframe=8956 vs=1 vage=17 vpage=17 vdt=24 vmax=6728 vacc=8541 vrej=0 seq=0 elapsed=0 oled=3C
[   4530] STATUS mode=2 fault=none p60=139 dp60=0 pwm=0 cpwm=0 uimp=55250 upos=425 uneg=0 ball=17.72 vball=-24.66 aball=0.0 bref=0.00 pid=0.0 apid=0.0 integ=0.0 vision=1 current=1 vframe=8957 vs=1 vage=5 vpage=5 vdt=32 vmax=6728 vacc=8542 vrej=0 seq=0 elapsed=0 oled=3C
[   4546] STATUS mode=1 fault=none p60=139 dp60=0 pwm=0 cpwm=0 uimp=55250 upos=425 uneg=0 ball=17.72 vball=-24.66 aball=0.0 bref=0.00 pid=0.0 apid=0.0 integ=0.0 vision=1 current=1 vframe=8957 vs=1 vage=25 vpage=25 vdt=32 vmax=6728 vacc=8542 vrej=0 seq=0 elapsed=0 oled=3C
[   4546] PROBE n=17 pos=19.44 din=1.38 vin=8.03 confirm=0
[   4546] >>> pulse 130 25
[   4577] STATUS mode=1 fault=none p60=139 dp60=0 pwm=0 cpwm=0 uimp=55250 upos=425 uneg=0 ball=17.72 vball=-24.66 aball=0.0 bref=0.00 pid=0.0 apid=0.0 integ=0.0 vision=1 current=1 vframe=8957 vs=1 vage=45 vpage=45 vdt=32 vmax=6728 vacc=8542 vrej=0 seq=0 elapsed=0 oled=3C
[   4577] >>> pulse 0 120
[   4593] STATUS mode=2 fault=none p60=139 dp60=0 pwm=130 cpwm=0 uimp=56550 upos=435 uneg=0 ball=17.72 vball=-24.66 aball=0.0 bref=0.00 pid=0.0 apid=0.0 integ=0.0 vision=1 current=1 vframe=8957 vs=1 vage=65 vpage=65 vdt=32 vmax=6728 vacc=8542 vrej=0 seq=0 elapsed=0 oled=3C
[   4608] STATUS mode=2 fault=none p60=142 dp60=0 pwm=0 cpwm=0 uimp=58500 upos=450 uneg=0 ball=17.72 vball=-24.66 aball=0.0 bref=0.00 pid=0.0 apid=0.0 integ=0.0 vision=1 current=1 vframe=8957 vs=1 vage=85 vpage=85 vdt=32 vmax=6728 vacc=8542 vrej=0 seq=0 elapsed=0 oled=3C
[   4639] STATUS mode=2 fault=none p60=144 dp60=0 pwm=0 cpwm=0 uimp=58500 upos=450 uneg=0 ball=15.98 vball=-22.30 aball=0.0 bref=0.00 pid=0.0 apid=0.0 integ=0.0 vision=1 current=1 vframe=8958 vs=1 vage=8 vpage=8 vdt=97 vmax=6728 vacc=8543 vrej=0 seq=0 elapsed=0 oled=3C
[   4655] STATUS mode=2 fault=none p60=143 dp60=0 pwm=0 cpwm=0 uimp=58500 upos=450 uneg=0 ball=13.52 vball=-52.02 aball=0.0 bref=0.00 pid=0.0 apid=0.0 integ=0.0 vision=1 current=1 vframe=8959 vs=1 vage=11 vpage=11 vdt=37 vmax=6728 vacc=8543 vrej=0 seq=0 elapsed=0 oled=3C
[   4686] STATUS mode=2 fault=none p60=141 dp60=0 pwm=0 cpwm=0 uimp=58500 upos=450 uneg=0 ball=13.52 vball=-52.02 aball=0.0 bref=0.00 pid=0.0 apid=0.0 integ=0.0 vision=1 current=1 vframe=8959 vs=1 vage=31 vpage=31 vdt=37 vmax=6728 vacc=8544 vrej=0 seq=0 elapsed=0 oled=3C
[   4702] STATUS mode=2 fault=none p60=139 dp60=0 pwm=0 cpwm=0 uimp=58500 upos=450 uneg=0 ball=13.52 vball=-52.02 aball=0.0 bref=0.00 pid=0.0 apid=0.0 integ=0.0 vision=1 current=1 vframe=8959 vs=1 vage=51 vpage=51 vdt=37 vmax=6728 vacc=8544 vrej=0 seq=0 elapsed=0 oled=3C
[   4733] STATUS mode=1 fault=none p60=139 dp60=0 pwm=0 cpwm=0 uimp=58500 upos=450 uneg=0 ball=13.52 vball=-52.02 aball=0.0 bref=0.00 pid=0.0 apid=0.0 integ=0.0 vision=1 current=1 vframe=8959 vs=1 vage=71 vpage=71 vdt=37 vmax=6728 vacc=8544 vrej=0 seq=0 elapsed=0 oled=3C
[   4733] PROBE n=18 pos=17.72 din=3.10 vin=15.13 confirm=1
[   4733] >>> pulse 130 25
[   4750] STATUS mode=1 fault=none p60=139 dp60=0 pwm=0 cpwm=0 uimp=58500 upos=450 uneg=0 ball=13.52 vball=-52.02 aball=0.0 bref=0.00 pid=0.0 apid=0.0 integ=0.0 vision=1 current=1 vframe=8959 vs=1 vage=91 vpage=91 vdt=37 vmax=6728 vacc=8544 vrej=0 seq=0 elapsed=0 oled=3C
[   4780] STATUS mode=2 fault=none p60=139 dp60=0 pwm=130 cpwm=0 uimp=59150 upos=455 uneg=0 ball=12.24 vball=-44.64 aball=0.0 bref=0.00 pid=0.0 apid=0.0 integ=0.0 vision=1 current=1 vframe=8960 vs=1 vage=3 vpage=3 vdt=108 vmax=6728 vacc=8545 vrej=0 seq=0 elapsed=0 oled=3C
[   4780] >>> pulse 0 120
[   4796] STATUS mode=1 fault=none p60=142 dp60=1 pwm=0 cpwm=0 uimp=61750 upos=475 uneg=0 ball=10.77 vball=-37.11 aball=0.0 bref=0.00 pid=0.0 apid=0.0 integ=0.0 vision=1 current=1 vframe=8961 vs=1 vage=14 vpage=14 vdt=9 vmax=6728 vacc=8546 vrej=0 seq=0 elapsed=0 oled=3C
[   4827] STATUS mode=2 fault=none p60=149 dp60=0 pwm=0 cpwm=0 uimp=61750 upos=475 uneg=0 ball=7.81 vball=-62.11 aball=0.0 bref=0.00 pid=0.0 apid=0.0 integ=0.0 vision=1 current=1 vframe=8962 vs=1 vage=1 vpage=1 vdt=33 vmax=6728 vacc=8547 vrej=0 seq=0 elapsed=0 oled=3C
[   4843] STATUS mode=2 fault=none p60=150 dp60=0 pwm=0 cpwm=0 uimp=61750 upos=475 uneg=0 ball=6.25 vball=-54.48 aball=0.0 bref=0.00 pid=0.0 apid=0.0 integ=0.0 vision=1 current=1 vframe=8963 vs=1 vage=8 vpage=8 vdt=33 vmax=6728 vacc=8548 vrej=0 seq=0 elapsed=0 oled=3C
[   4875] STATUS mode=2 fault=none p60=149 dp60=0 pwm=0 cpwm=0 uimp=61750 upos=475 uneg=0 ball=6.25 vball=-54.48 aball=0.0 bref=0.00 pid=0.0 apid=0.0 integ=0.0 vision=1 current=1 vframe=8963 vs=1 vage=28 vpage=28 vdt=33 vmax=6728 vacc=8548 vrej=0 seq=0 elapsed=0 oled=3C
[   4889] STATUS mode=2 fault=none p60=148 dp60=0 pwm=0 cpwm=0 uimp=61750 upos=475 uneg=0 ball=6.25 vball=-54.48 aball=0.0 bref=0.00 pid=0.0 apid=0.0 integ=0.0 vision=1 current=1 vframe=8963 vs=1 vage=48 vpage=48 vdt=33 vmax=6728 vacc=8548 vrej=0 seq=0 elapsed=0 oled=3C
[   4905] STATUS mode=2 fault=none p60=148 dp60=0 pwm=0 cpwm=0 uimp=61750 upos=475 uneg=0 ball=6.25 vball=-54.48 aball=0.0 bref=0.00 pid=0.0 apid=0.0 integ=0.0 vision=1 current=1 vframe=8963 vs=1 vage=68 vpage=68 vdt=33 vmax=6728 vacc=8548 vrej=0 seq=0 elapsed=0 oled=3C
[   4936] STATUS mode=1 fault=none p60=148 dp60=0 pwm=0 cpwm=0 uimp=61750 upos=475 uneg=0 ball=6.25 vball=-54.48 aball=0.0 bref=0.00 pid=0.0 apid=0.0 integ=0.0 vision=1 current=1 vframe=8963 vs=1 vage=88 vpage=88 vdt=33 vmax=6728 vacc=8548 vrej=0 seq=0 elapsed=0 oled=3C
[   4936] PROBE n=19 pos=10.77 din=10.05 vin=31.37 confirm=2
[   4936] >>> pulse -130 25
[   4952] STATUS mode=1 fault=none p60=148 dp60=0 pwm=0 cpwm=0 uimp=61750 upos=475 uneg=0 ball=3.05 vball=-49.47 aball=0.0 bref=0.00 pid=0.0 apid=0.0 integ=0.0 vision=1 current=1 vframe=8964 vs=1 vage=9 vpage=9 vdt=99 vmax=6728 vacc=8549 vrej=0 seq=0 elapsed=0 oled=3C
[   4983] STATUS mode=2 fault=none p60=148 dp60=0 pwm=-130 cpwm=0 uimp=61100 upos=475 uneg=5 ball=3.05 vball=-49.47 aball=0.0 bref=0.00 pid=0.0 apid=0.0 integ=0.0 vision=1 current=1 vframe=8964 vs=1 vage=29 vpage=29 vdt=99 vmax=6728 vacc=8549 vrej=0 seq=0 elapsed=0 oled=3C
[   4983] >>> pulse 0 120
[   5000] STATUS mode=1 fault=none p60=145 dp60=0 pwm=0 cpwm=0 uimp=58500 upos=475 uneg=25 ball=-1.39 vball=-104.80 aball=0.0 bref=0.00 pid=0.0 apid=0.0 integ=0.0 vision=1 current=1 vframe=8965 vs=1 vage=35 vpage=35 vdt=34 vmax=6728 vacc=8550 vrej=0 seq=0 elapsed=0 oled=3C
[   5030] STATUS mode=2 fault=none p60=146 dp60=0 pwm=0 cpwm=0 uimp=58500 upos=475 uneg=25 ball=-1.39 vball=-104.80 aball=0.0 bref=0.00 pid=0.0 apid=0.0 integ=0.0 vision=1 current=1 vframe=8965 vs=1 vage=55 vpage=55 vdt=34 vmax=6728 vacc=8550 vrej=0 seq=0 elapsed=0 oled=3C
[   5046] STATUS mode=2 fault=none p60=147 dp60=1 pwm=0 cpwm=0 uimp=58500 upos=475 uneg=25 ball=-1.39 vball=-104.80 aball=0.0 bref=0.00 pid=0.0 apid=0.0 integ=0.0 vision=1 current=1 vframe=8965 vs=1 vage=75 vpage=75 vdt=34 vmax=6728 vacc=8550 vrej=0 seq=0 elapsed=0 oled=3C
[   5077] STATUS mode=2 fault=none p60=148 dp60=1 pwm=0 cpwm=0 uimp=58500 upos=475 uneg=25 ball=-1.39 vball=-104.80 aball=0.0 bref=0.00 pid=0.0 apid=0.0 integ=0.0 vision=1 current=1 vframe=8965 vs=1 vage=95 vpage=95 vdt=34 vmax=6728 vacc=8550 vrej=0 seq=0 elapsed=0 oled=3C
[   5093] STATUS mode=2 fault=none p60=148 dp60=0 pwm=0 cpwm=0 uimp=58500 upos=475 uneg=25 ball=-5.93 vball=-69.95 aball=0.0 bref=0.00 pid=0.0 apid=0.0 integ=0.0 vision=1 current=1 vframe=8967 vs=1 vage=5 vpage=5 vdt=7 vmax=6728 vacc=8552 vrej=0 seq=0 elapsed=0 oled=3C
[   5125] STATUS mode=2 fault=none p60=148 dp60=0 pwm=0 cpwm=0 uimp=58500 upos=475 uneg=25 ball=-10.11 vball=-138.25 aball=0.0 bref=0.00 pid=0.0 apid=0.0 integ=0.0 vision=1 current=1 vframe=8968 vs=1 vage=2 vpage=2 vdt=23 vmax=6728 vacc=8553 vrej=0 seq=0 elapsed=0 oled=3C
[   5125] OK pulse complete
[   5139] STATUS mode=1 fault=none p60=148 dp60=0 pwm=0 cpwm=0 uimp=58500 upos=475 uneg=25 ball=-12.78 vball=-111.71 aball=0.0 bref=0.00 pid=0.0 apid=0.0 integ=0.0 vision=1 current=1 vframe=8969 vs=1 vage=8 vpage=8 vdt=34 vmax=6728 vacc=8554 vrej=0 seq=0 elapsed=0 oled=3C
[   5139] CATCH n=1/19 pos=-5.93 vin=61.93 peak=61.93 slowed=0
[   5139] >>> pulse -130 25
[   5171] STATUS mode=1 fault=none p60=148 dp60=0 pwm=0 cpwm=0 uimp=58500 upos=475 uneg=25 ball=-12.78 vball=-111.71 aball=0.0 bref=0.00 pid=0.0 apid=0.0 integ=0.0 vision=1 current=1 vframe=8969 vs=1 vage=28 vpage=28 vdt=34 vmax=6728 vacc=8554 vrej=0 seq=0 elapsed=0 oled=3C
[   5171] >>> pulse 0 120
[   5186] STATUS mode=2 fault=none p60=147 dp60=-1 pwm=-130 cpwm=0 uimp=56550 upos=475 uneg=40 ball=-12.78 vball=-111.71 aball=0.0 bref=0.00 pid=0.0 apid=0.0 integ=0.0 vision=1 current=1 vframe=8969 vs=1 vage=48 vpage=48 vdt=34 vmax=6728 vacc=8554 vrej=0 seq=0 elapsed=0 oled=3C
[   5218] STATUS mode=2 fault=none p60=147 dp60=0 pwm=0 cpwm=0 uimp=55250 upos=475 uneg=50 ball=-12.78 vball=-111.71 aball=0.0 bref=0.00 pid=0.0 apid=0.0 integ=0.0 vision=1 current=1 vframe=8969 vs=1 vage=68 vpage=68 vdt=34 vmax=6728 vacc=8554 vrej=0 seq=0 elapsed=0 oled=3C
[   5233] STATUS mode=2 fault=none p60=147 dp60=0 pwm=0 cpwm=0 uimp=55250 upos=475 uneg=50 ball=-12.78 vball=-111.71 aball=0.0 bref=0.00 pid=0.0 apid=0.0 integ=0.0 vision=1 current=1 vframe=8969 vs=1 vage=88 vpage=88 vdt=34 vmax=6728 vacc=8554 vrej=0 seq=0 elapsed=0 oled=3C
[   5264] STATUS mode=2 fault=none p60=147 dp60=0 pwm=0 cpwm=0 uimp=55250 upos=475 uneg=50 ball=-16.82 vball=-80.73 aball=0.0 bref=0.00 pid=0.0 apid=0.0 integ=0.0 vision=1 current=1 vframe=8970 vs=1 vage=8 vpage=8 vdt=100 vmax=6728 vacc=8555 vrej=0 seq=0 elapsed=0 oled=3C
[   5280] STATUS mode=2 fault=none p60=147 dp60=0 pwm=0 cpwm=0 uimp=55250 upos=475 uneg=50 ball=-16.82 vball=-80.73 aball=0.0 bref=0.00 pid=0.0 apid=0.0 integ=0.0 vision=1 current=1 vframe=8970 vs=1 vage=28 vpage=28 vdt=100 vmax=6728 vacc=8555 vrej=0 seq=0 elapsed=0 oled=3C
[   5311] STATUS mode=2 fault=none p60=147 dp60=0 pwm=0 cpwm=0 uimp=55250 upos=475 uneg=50 ball=-25.63 vball=-108.41 aball=0.0 bref=0.00 pid=0.0 apid=0.0 integ=0.0 vision=1 current=1 vframe=8972 vs=1 vage=3 vpage=3 vdt=33 vmax=6728 vacc=8557 vrej=0 seq=0 elapsed=0 oled=3C
[   5327] STATUS mode=1 fault=none p60=147 dp60=0 pwm=0 cpwm=0 uimp=55250 upos=475 uneg=50 ball=-25.63 vball=-108.41 aball=0.0 bref=0.00 pid=0.0 apid=0.0 integ=0.0 vision=1 current=1 vframe=8972 vs=1 vage=23 vpage=23 vdt=33 vmax=6728 vacc=8557 vrej=0 seq=0 elapsed=0 oled=3C
[   5327] CATCH n=2/19 pos=-12.78 vin=68.20 peak=68.20 slowed=0
[   5327] >>> pulse -130 25
[   5358] STATUS mode=1 fault=none p60=147 dp60=0 pwm=0 cpwm=0 uimp=55250 upos=475 uneg=50 ball=-25.63 vball=-108.41 aball=0.0 bref=0.00 pid=0.0 apid=0.0 integ=0.0 vision=1 current=1 vframe=8972 vs=1 vage=43 vpage=43 vdt=33 vmax=6728 vacc=8557 vrej=0 seq=0 elapsed=0 oled=3C
[   5358] >>> pulse 0 120
[   5375] STATUS mode=2 fault=none p60=147 dp60=0 pwm=-130 cpwm=0 uimp=53950 upos=475 uneg=60 ball=-25.63 vball=-108.41 aball=0.0 bref=0.00 pid=0.0 apid=0.0 integ=0.0 vision=1 current=1 vframe=8972 vs=1 vage=63 vpage=63 vdt=33 vmax=6728 vacc=8557 vrej=0 seq=0 elapsed=0 oled=3C
[   5405] STATUS mode=2 fault=none p60=147 dp60=0 pwm=0 cpwm=0 uimp=52000 upos=475 uneg=75 ball=-25.63 vball=-108.41 aball=0.0 bref=0.00 pid=0.0 apid=0.0 integ=0.0 vision=1 current=1 vframe=8972 vs=1 vage=83 vpage=83 vdt=33 vmax=6728 vacc=8557 vrej=0 seq=0 elapsed=0 oled=3C
[   5421] STATUS mode=2 fault=none p60=147 dp60=0 pwm=0 cpwm=0 uimp=52000 upos=475 uneg=75 ball=-25.63 vball=-108.41 aball=0.0 bref=0.00 pid=0.0 apid=0.0 integ=0.0 vision=1 current=1 vframe=8972 vs=1 vage=103 vpage=103 vdt=33 vmax=6728 vacc=8557 vrej=0 seq=0 elapsed=0 oled=3C
[   5436] STATUS mode=2 fault=none p60=147 dp60=0 pwm=0 cpwm=0 uimp=52000 upos=475 uneg=75 ball=-36.63 vball=-142.52 aball=0.0 bref=0.00 pid=0.0 apid=0.0 integ=0.0 vision=1 current=1 vframe=8974 vs=1 vage=9 vpage=9 vdt=30 vmax=6728 vacc=8559 vrej=0 seq=0 elapsed=0 oled=3C
[   5468] STATUS mode=2 fault=none p60=147 dp60=0 pwm=0 cpwm=0 uimp=52000 upos=475 uneg=75 ball=-36.63 vball=-142.52 aball=0.0 bref=0.00 pid=0.0 apid=0.0 integ=0.0 vision=1 current=1 vframe=8974 vs=1 vage=29 vpage=29 vdt=30 vmax=6728 vacc=8559 vrej=0 seq=0 elapsed=0 oled=3C
[   5483] STATUS mode=2 fault=none p60=147 dp60=0 pwm=0 cpwm=0 uimp=52000 upos=475 uneg=75 ball=-40.24 vball=-125.73 aball=0.0 bref=0.00 pid=0.0 apid=0.0 integ=0.0 vision=1 current=1 vframe=8975 vs=1 vage=16 vpage=16 vdt=33 vmax=6728 vacc=8560 vrej=0 seq=0 elapsed=0 oled=3C
[   5514] STATUS mode=1 fault=none p60=147 dp60=0 pwm=0 cpwm=0 uimp=52000 upos=475 uneg=75 ball=-40.24 vball=-125.73 aball=0.0 bref=0.00 pid=0.0 apid=0.0 integ=0.0 vision=1 current=1 vframe=8975 vs=1 vage=36 vpage=36 vdt=33 vmax=6728 vacc=8560 vrej=0 seq=0 elapsed=0 oled=3C
[   5514] CATCH n=3/19 pos=-25.63 vin=87.33 peak=87.33 slowed=0
[   5514] >>> pulse -130 25
[   5530] STATUS mode=1 fault=none p60=147 dp60=0 pwm=0 cpwm=0 uimp=52000 upos=475 uneg=75 ball=-40.24 vball=-125.73 aball=0.0 bref=0.00 pid=0.0 apid=0.0 integ=0.0 vision=1 current=1 vframe=8975 vs=1 vage=56 vpage=56 vdt=33 vmax=6728 vacc=8560 vrej=0 seq=0 elapsed=0 oled=3C
[   5561] STATUS mode=2 fault=none p60=147 dp60=0 pwm=-130 cpwm=0 uimp=51350 upos=475 uneg=80 ball=-40.24 vball=-125.73 aball=0.0 bref=0.00 pid=0.0 apid=0.0 integ=0.0 vision=1 current=1 vframe=8975 vs=1 vage=76 vpage=76 vdt=33 vmax=6728 vacc=8560 vrej=0 seq=0 elapsed=0 oled=3C
[   5561] >>> pulse 0 120
[   5577] STATUS mode=1 fault=none p60=147 dp60=1 pwm=0 cpwm=0 uimp=48750 upos=475 uneg=100 ball=-45.04 vball=-93.21 aball=0.0 bref=0.00 pid=0.0 apid=0.0 integ=0.0 vision=1 current=1 vframe=8976 vs=1 vage=15 vpage=15 vdt=101 vmax=6728 vacc=8561 vrej=0 seq=0 elapsed=0 oled=3C
[   5608] STATUS mode=2 fault=none p60=147 dp60=0 pwm=0 cpwm=0 uimp=48750 upos=475 uneg=100 ball=-51.79 vball=-146.42 aball=0.0 bref=0.00 pid=0.0 apid=0.0 integ=0.0 vision=1 current=1 vframe=8977 vs=1 vage=3 vpage=3 vdt=32 vmax=6728 vacc=8562 vrej=0 seq=0 elapsed=0 oled=3C
[   5625] STATUS mode=2 fault=none p60=147 dp60=0 pwm=0 cpwm=0 uimp=48750 upos=475 uneg=100 ball=-51.79 vball=-146.42 aball=0.0 bref=0.00 pid=0.0 apid=0.0 integ=0.0 vision=1 current=1 vframe=8977 vs=1 vage=23 vpage=23 vdt=32 vmax=6728 vacc=8562 vrej=0 seq=0 elapsed=0 oled=3C
[   5655] STATUS mode=2 fault=none p60=147 dp60=0 pwm=0 cpwm=0 uimp=48750 upos=475 uneg=100 ball=-55.05 vball=-122.51 aball=0.0 bref=0.00 pid=0.0 apid=0.0 integ=0.0 vision=1 current=1 vframe=8978 vs=1 vage=10 vpage=10 vdt=33 vmax=6728 vacc=8563 vrej=0 seq=0 elapsed=0 oled=3C
[   5671] STATUS mode=2 fault=none p60=147 dp60=0 pwm=0 cpwm=0 uimp=48750 upos=475 uneg=100 ball=-55.05 vball=-122.51 aball=0.0 bref=0.00 pid=0.0 apid=0.0 integ=0.0 vision=1 current=1 vframe=8978 vs=1 vage=30 vpage=30 vdt=33 vmax=6728 vacc=8563 vrej=0 seq=0 elapsed=0 oled=3C
[   5702] STATUS mode=2 fault=none p60=147 dp60=0 pwm=0 cpwm=0 uimp=48750 upos=475 uneg=100 ball=-55.05 vball=-122.51 aball=0.0 bref=0.00 pid=0.0 apid=0.0 integ=0.0 vision=1 current=1 vframe=8978 vs=1 vage=50 vpage=50 vdt=33 vmax=6728 vacc=8563 vrej=0 seq=0 elapsed=0 oled=3C
[   5702] OK pulse complete
[   5718] STATUS mode=1 fault=none p60=147 dp60=0 pwm=0 cpwm=0 uimp=48750 upos=475 uneg=100 ball=-55.05 vball=-122.51 aball=0.0 bref=0.00 pid=0.0 apid=0.0 integ=0.0 vision=1 current=1 vframe=8978 vs=1 vage=90 vpage=90 vdt=33 vmax=6728 vacc=8563 vrej=0 seq=0 elapsed=0 oled=3C
[   5718] CATCH n=4/19 pos=-45.04 vin=89.98 peak=89.98 slowed=0
[   5718] >>> pulse -130 25
[   5750] STATUS mode=1 fault=none p60=147 dp60=0 pwm=0 cpwm=0 uimp=48750 upos=475 uneg=100 ball=-59.80 vball=-92.69 aball=0.0 bref=0.00 pid=0.0 apid=0.0 integ=0.0 vision=1 current=1 vframe=8979 vs=1 vage=14 vpage=14 vdt=96 vmax=6728 vacc=8564 vrej=0 seq=0 elapsed=0 oled=3C
[   5750] >>> pulse 0 120
[   5764] STATUS mode=2 fault=none p60=147 dp60=0 pwm=-130 cpwm=0 uimp=46800 upos=475 uneg=115 ball=-65.28 vball=-173.51 aball=0.0 bref=0.00 pid=0.0 apid=0.0 integ=0.0 vision=1 current=1 vframe=8980 vs=1 vage=13 vpage=13 vdt=21 vmax=6728 vacc=8565 vrej=0 seq=0 elapsed=0 oled=3C
[   5796] STATUS mode=2 fault=none p60=147 dp60=0 pwm=0 cpwm=0 uimp=45500 upos=475 uneg=125 ball=-65.28 vball=-173.51 aball=0.0 bref=0.00 pid=0.0 apid=0.0 integ=0.0 vision=1 current=1 vframe=8980 vs=1 vage=33 vpage=33 vdt=21 vmax=6728 vacc=8565 vrej=0 seq=0 elapsed=0 oled=3C
[   5811] STATUS mode=2 fault=none p60=147 dp60=0 pwm=0 cpwm=0 uimp=45500 upos=475 uneg=125 ball=-68.46 vball=-135.96 aball=0.0 bref=0.00 pid=0.0 apid=0.0 integ=0.0 vision=1 current=1 vframe=8981 vs=1 vage=19 vpage=19 vdt=34 vmax=6728 vacc=8566 vrej=0 seq=0 elapsed=0 oled=3C
[   5843] STATUS mode=2 fault=none p60=147 dp60=0 pwm=0 cpwm=0 uimp=45500 upos=475 uneg=125 ball=-68.46 vball=-135.96 aball=0.0 bref=0.00 pid=0.0 apid=0.0 integ=0.0 vision=1 current=1 vframe=8981 vs=1 vage=39 vpage=39 vdt=34 vmax=6728 vacc=8566 vrej=0 seq=0 elapsed=0 oled=3C
[   5858] STATUS mode=2 fault=none p60=147 dp60=0 pwm=0 cpwm=0 uimp=45500 upos=475 uneg=125 ball=-68.46 vball=-135.96 aball=0.0 bref=0.00 pid=0.0 apid=0.0 integ=0.0 vision=1 current=1 vframe=8981 vs=1 vage=79 vpage=79 vdt=34 vmax=6728 vacc=8566 vrej=0 seq=0 elapsed=0 oled=3C
[   5889] STATUS mode=2 fault=none p60=147 dp60=0 pwm=0 cpwm=0 uimp=45500 upos=475 uneg=125 ball=-73.51 vball=-101.10 aball=0.0 bref=0.00 pid=0.0 apid=0.0 integ=0.0 vision=1 current=1 vframe=8982 vs=1 vage=3 vpage=3 vdt=96 vmax=6728 vacc=8567 vrej=0 seq=0 elapsed=0 oled=3C
[   5905] STATUS mode=1 fault=none p60=147 dp60=0 pwm=0 cpwm=0 uimp=45500 upos=475 uneg=125 ball=-78.77 vball=-185.10 aball=0.0 bref=0.00 pid=0.0 apid=0.0 integ=0.0 vision=1 current=1 vframe=8983 vs=1 vage=3 vpage=3 vdt=20 vmax=6728 vacc=8568 vrej=0 seq=0 elapsed=0 oled=3C
[   5905] CATCH n=5/19 pos=-68.46 vin=90.84 peak=90.84 slowed=0
[   5905] >>> pulse -130 25
[   5936] STATUS mode=1 fault=none p60=147 dp60=0 pwm=0 cpwm=0 uimp=45500 upos=475 uneg=125 ball=-78.77 vball=-185.10 aball=0.0 bref=0.00 pid=0.0 apid=0.0 integ=0.0 vision=1 current=1 vframe=8983 vs=1 vage=23 vpage=23 vdt=20 vmax=6728 vacc=8568 vrej=0 seq=0 elapsed=0 oled=3C
[   5936] >>> pulse 0 120
[   5952] STATUS mode=2 fault=none p60=147 dp60=0 pwm=-130 cpwm=0 uimp=44200 upos=475 uneg=135 ball=-82.20 vball=-145.20 aball=0.0 bref=0.00 pid=0.0 apid=0.0 integ=0.0 vision=1 current=1 vframe=8984 vs=1 vage=9 vpage=9 vdt=34 vmax=6728 vacc=8569 vrej=0 seq=0 elapsed=0 oled=3C
[   5983] STATUS mode=2 fault=none p60=147 dp60=0 pwm=0 cpwm=0 uimp=42250 upos=475 uneg=150 ball=-82.20 vball=-145.20 aball=0.0 bref=0.00 pid=0.0 apid=0.0 integ=0.0 vision=1 current=1 vframe=8984 vs=1 vage=29 vpage=29 vdt=34 vmax=6728 vacc=8569 vrej=0 seq=0 elapsed=0 oled=3C
[   6000] STATUS mode=2 fault=none p60=147 dp60=0 pwm=0 cpwm=0 uimp=42250 upos=475 uneg=150 ball=-82.20 vball=-145.20 aball=0.0 bref=0.00 pid=0.0 apid=0.0 integ=0.0 vision=1 current=1 vframe=8984 vs=1 vage=49 vpage=49 vdt=34 vmax=6728 vacc=8569 vrej=0 seq=0 elapsed=0 oled=3C
[   6030] STATUS mode=2 fault=none p60=147 dp60=0 pwm=0 cpwm=0 uimp=42250 upos=475 uneg=150 ball=-82.20 vball=-145.20 aball=0.0 bref=0.00 pid=0.0 apid=0.0 integ=0.0 vision=1 current=1 vframe=8984 vs=1 vage=89 vpage=89 vdt=34 vmax=6728 vacc=8569 vrej=0 seq=0 elapsed=0 oled=3C
[   6046] STATUS mode=2 fault=none p60=147 dp60=0 pwm=0 cpwm=0 uimp=42250 upos=475 uneg=150 ball=-86.88 vball=-102.88 aball=0.0 bref=0.00 pid=0.0 apid=0.0 integ=0.0 vision=1 current=1 vframe=8985 vs=1 vage=15 vpage=15 vdt=94 vmax=6728 vacc=8570 vrej=0 seq=0 elapsed=0 oled=3C
[   6077] STATUS mode=2 fault=none p60=147 dp60=0 pwm=0 cpwm=0 uimp=42250 upos=475 uneg=150 ball=-86.88 vball=-102.88 aball=0.0 bref=0.00 pid=0.0 apid=0.0 integ=0.0 vision=1 current=1 vframe=8985 vs=1 vage=35 vpage=35 vdt=94 vmax=6728 vacc=8570 vrej=0 seq=0 elapsed=0 oled=3C
[   6093] STATUS mode=1 fault=none p60=147 dp60=0 pwm=0 cpwm=0 uimp=42250 upos=475 uneg=150 ball=-92.27 vball=-172.14 aball=0.0 bref=0.00 pid=0.0 apid=0.0 integ=0.0 vision=1 current=1 vframe=8986 vs=1 vage=19 vpage=19 vdt=36 vmax=6728 vacc=8571 vrej=0 seq=0 elapsed=0 oled=3C
[   6093] CATCH n=6/19 pos=-82.20 vin=89.34 peak=90.84 slowed=0
[   6093] >>> pulse -130 25
[   6125] STATUS mode=1 fault=none p60=147 dp60=0 pwm=0 cpwm=0 uimp=42250 upos=475 uneg=150 ball=-95.06 vball=-132.30 aball=0.0 bref=0.00 pid=0.0 apid=0.0 integ=0.0 vision=1 current=1 vframe=8987 vs=1 vage=18 vpage=18 vdt=21 vmax=6728 vacc=8572 vrej=0 seq=0 elapsed=0 oled=3C
[   6125] >>> pulse 0 120
[   6139] STATUS mode=2 fault=none p60=147 dp60=0 pwm=-130 cpwm=0 uimp=41600 upos=475 uneg=155 ball=-95.06 vball=-132.30 aball=0.0 bref=0.00 pid=0.0 apid=0.0 integ=0.0 vision=1 current=1 vframe=8987 vs=1 vage=38 vpage=38 vdt=21 vmax=6728 vacc=8572 vrej=0 seq=0 elapsed=0 oled=3C
[   6171] STATUS mode=2 fault=none p60=147 dp60=0 pwm=0 cpwm=0 uimp=39000 upos=475 uneg=175 ball=-95.06 vball=-132.30 aball=0.0 bref=0.00 pid=0.0 apid=0.0 integ=0.0 vision=1 current=1 vframe=8987 vs=1 vage=78 vpage=78 vdt=21 vmax=6728 vacc=8572 vrej=0 seq=0 elapsed=0 oled=3C
[   6186] STATUS mode=2 fault=none p60=147 dp60=0 pwm=0 cpwm=0 uimp=39000 upos=475 uneg=175 ball=-95.06 vball=-132.30 aball=0.0 bref=0.00 pid=0.0 apid=0.0 integ=0.0 vision=1 current=1 vframe=8987 vs=1 vage=98 vpage=98 vdt=21 vmax=6728 vacc=8572 vrej=0 seq=0 elapsed=0 oled=3C
[   6218] STATUS mode=2 fault=none p60=147 dp60=0 pwm=0 cpwm=0 uimp=39000 upos=475 uneg=175 ball=-100.51 vball=-100.51 aball=0.0 bref=0.00 pid=0.0 apid=0.0 integ=0.0 vision=1 current=1 vframe=8988 vs=1 vage=13 vpage=13 vdt=105 vmax=6728 vacc=8573 vrej=0 seq=0 elapsed=0 oled=3C
[   6233] STATUS mode=2 fault=none p60=147 dp60=0 pwm=0 cpwm=0 uimp=39000 upos=475 uneg=175 ball=-105.96 vball=-161.99 aball=0.0 bref=0.00 pid=0.0 apid=0.0 integ=0.0 vision=1 current=1 vframe=8989 vs=1 vage=5 vpage=5 vdt=28 vmax=6728 vacc=8574 vrej=0 seq=0 elapsed=0 oled=3C
[   6250] STATUS mode=2 fault=none p60=147 dp60=0 pwm=0 cpwm=0 uimp=39000 upos=475 uneg=175 ball=-105.96 vball=-161.99 aball=0.0 bref=0.00 pid=0.0 apid=0.0 integ=0.0 vision=1 current=1 vframe=8989 vs=1 vage=25 vpage=25 vdt=28 vmax=6728 vacc=8574 vrej=0 seq=0 elapsed=0 oled=3C
[   6280] STATUS mode=1 fault=none p60=147 dp60=0 pwm=0 cpwm=0 uimp=39000 upos=475 uneg=175 ball=-109.01 vball=-126.17 aball=0.0 bref=0.00 pid=0.0 apid=0.0 integ=0.0 vision=1 current=1 vframe=8990 vs=1 vage=12 vpage=12 vdt=33 vmax=6728 vacc=8575 vrej=0 seq=0 elapsed=0 oled=3C
[   6280] CATCH n=7/19 pos=-100.51 vin=84.02 peak=90.84 slowed=1
[   6280] >>> pulse -130 25
[   6311] STATUS mode=1 fault=none p60=147 dp60=0 pwm=0 cpwm=0 uimp=39000 upos=475 uneg=175 ball=-109.01 vball=-126.17 aball=0.0 bref=0.00 pid=0.0 apid=0.0 integ=0.0 vision=1 current=1 vframe=8990 vs=1 vage=52 vpage=52 vdt=33 vmax=6728 vacc=8575 vrej=0 seq=0 elapsed=0 oled=3C
[   6311] >>> pulse 0 120
[   6327] STATUS mode=2 fault=none p60=147 dp60=0 pwm=-130 cpwm=0 uimp=36400 upos=475 uneg=195 ball=-109.01 vball=-126.17 aball=0.0 bref=0.00 pid=0.0 apid=0.0 integ=0.0 vision=1 current=1 vframe=8990 vs=1 vage=72 vpage=72 vdt=33 vmax=6728 vacc=8575 vrej=0 seq=0 elapsed=0 oled=3C
[   6343] STATUS mode=2 fault=none p60=146 dp60=0 pwm=0 cpwm=0 uimp=35750 upos=475 uneg=200 ball=-109.01 vball=-126.17 aball=0.0 bref=0.00 pid=0.0 apid=0.0 integ=0.0 vision=1 current=1 vframe=8990 vs=1 vage=92 vpage=92 vdt=33 vmax=6728 vacc=8575 vrej=0 seq=0 elapsed=0 oled=3C
[   6375] STATUS mode=2 fault=none p60=147 dp60=1 pwm=0 cpwm=0 uimp=35750 upos=475 uneg=200 ball=-113.37 vball=-88.95 aball=0.0 bref=0.00 pid=0.0 apid=0.0 integ=0.0 vision=1 current=1 vframe=8991 vs=1 vage=14 vpage=14 vdt=98 vmax=6728 vacc=8576 vrej=0 seq=0 elapsed=0 oled=3C
[   6389] STATUS mode=2 fault=none p60=147 dp60=0 pwm=0 cpwm=0 uimp=35750 upos=475 uneg=200 ball=-113.37 vball=-88.95 aball=0.0 bref=0.00 pid=0.0 apid=0.0 integ=0.0 vision=1 current=1 vframe=8991 vs=1 vage=34 vpage=34 vdt=98 vmax=6728 vacc=8576 vrej=0 seq=0 elapsed=0 oled=3C
[   6421] STATUS mode=2 fault=none p60=147 dp60=0 pwm=0 cpwm=0 uimp=35750 upos=475 uneg=200 ball=-118.66 vball=-134.89 aball=0.0 bref=0.00 pid=0.0 apid=0.0 integ=0.0 vision=1 current=1 vframe=8992 vs=1 vage=19 vpage=19 vdt=35 vmax=6728 vacc=8577 vrej=0 seq=0 elapsed=0 oled=3C
[   6436] STATUS mode=2 fault=none p60=147 dp60=0 pwm=0 cpwm=0 uimp=35750 upos=475 uneg=200 ball=-118.66 vball=-134.89 aball=0.0 bref=0.00 pid=0.0 apid=0.0 integ=0.0 vision=1 current=1 vframe=8992 vs=1 vage=59 vpage=59 vdt=35 vmax=6728 vacc=8577 vrej=0 seq=0 elapsed=0 oled=3C
[   6468] STATUS mode=1 fault=none p60=147 dp60=0 pwm=0 cpwm=0 uimp=35750 upos=475 uneg=200 ball=-118.66 vball=-134.89 aball=0.0 bref=0.00 pid=0.0 apid=0.0 integ=0.0 vision=1 current=1 vframe=8992 vs=1 vage=79 vpage=79 vdt=35 vmax=6728 vacc=8577 vrej=0 seq=0 elapsed=0 oled=3C
[   6468] CATCH n=8/19 pos=-109.01 vin=80.52 peak=90.84 slowed=1
[   6468] >>> pulse -130 25
[   6483] STATUS mode=1 fault=none p60=147 dp60=0 pwm=0 cpwm=0 uimp=35750 upos=475 uneg=200 ball=-118.66 vball=-134.89 aball=0.0 bref=0.00 pid=0.0 apid=0.0 integ=0.0 vision=1 current=1 vframe=8992 vs=1 vage=99 vpage=99 vdt=35 vmax=6728 vacc=8577 vrej=0 seq=0 elapsed=0 oled=3C
[   6514] STATUS mode=2 fault=none p60=147 dp60=0 pwm=-130 cpwm=0 uimp=34450 upos=475 uneg=210 ball=-124.04 vball=-85.16 aball=0.0 bref=0.00 pid=0.0 apid=0.0 integ=0.0 vision=1 current=1 vframe=8994 vs=1 vage=5 vpage=5 vdt=7 vmax=6728 vacc=8579 vrej=0 seq=0 elapsed=0 oled=3C
[   6514] >>> pulse 0 120
[   6530] STATUS mode=1 fault=none p60=147 dp60=0 pwm=0 cpwm=0 uimp=32500 upos=475 uneg=225 ball=-124.04 vball=-85.16 aball=0.0 bref=0.00 pid=0.0 apid=0.0 integ=0.0 vision=1 current=1 vframe=8994 vs=1 vage=25 vpage=25 vdt=7 vmax=6728 vacc=8579 vrej=0 seq=0 elapsed=0 oled=3C
[   6561] STATUS mode=2 fault=none p60=147 dp60=0 pwm=0 cpwm=0 uimp=32500 upos=475 uneg=225 ball=-125.45 vball=-59.55 aball=0.0 bref=0.00 pid=0.0 apid=0.0 integ=0.0 vision=1 current=1 vframe=8995 vs=1 vage=9 vpage=9 vdt=36 vmax=6728 vacc=8580 vrej=0 seq=0 elapsed=0 oled=3C
[   6577] STATUS mode=2 fault=none p60=147 dp60=0 pwm=0 cpwm=0 uimp=32500 upos=475 uneg=225 ball=-125.45 vball=-59.55 aball=0.0 bref=0.00 pid=0.0 apid=0.0 integ=0.0 vision=1 current=1 vframe=8995 vs=1 vage=29 vpage=29 vdt=36 vmax=6728 vacc=8580 vrej=0 seq=0 elapsed=0 oled=3C
[   6608] STATUS mode=2 fault=none p60=147 dp60=0 pwm=0 cpwm=0 uimp=32500 upos=475 uneg=225 ball=-125.45 vball=-59.55 aball=0.0 bref=0.00 pid=0.0 apid=0.0 integ=0.0 vision=1 current=1 vframe=8995 vs=1 vage=69 vpage=69 vdt=36 vmax=6728 vacc=8580 vrej=0 seq=0 elapsed=0 oled=3C
[   6625] STATUS mode=2 fault=none p60=147 dp60=0 pwm=0 cpwm=0 uimp=32500 upos=475 uneg=225 ball=-125.45 vball=-59.55 aball=0.0 bref=0.00 pid=0.0 apid=0.0 integ=0.0 vision=1 current=1 vframe=8995 vs=1 vage=89 vpage=89 vdt=36 vmax=6728 vacc=8580 vrej=0 seq=0 elapsed=0 oled=3C
[   6655] STATUS mode=2 fault=none p60=147 dp60=0 pwm=0 cpwm=0 uimp=32500 upos=475 uneg=225 ball=-125.45 vball=-59.55 aball=0.0 bref=0.00 pid=0.0 apid=0.0 integ=0.0 vision=1 current=1 vframe=8995 vs=1 vage=109 vpage=109 vdt=36 vmax=6728 vacc=8580 vrej=0 seq=0 elapsed=0 oled=3C
[   6671] STATUS mode=1 fault=none p60=147 dp60=0 pwm=0 cpwm=0 uimp=32500 upos=475 uneg=225 ball=-125.76 vball=-22.31 aball=0.0 bref=0.00 pid=0.0 apid=0.0 integ=0.0 vision=1 current=1 vframe=8997 vs=1 vage=13 vpage=13 vdt=7 vmax=6728 vacc=8582 vrej=0 seq=0 elapsed=0 oled=3C
[   6671] CATCH n=9/19 pos=-124.04 vin=47.39 peak=90.84 slowed=1
[   6671] >>> pulse -130 25
[   6702] STATUS mode=1 fault=none p60=147 dp60=0 pwm=0 cpwm=0 uimp=32500 upos=475 uneg=225 ball=-125.76 vball=-22.31 aball=0.0 bref=0.00 pid=0.0 apid=0.0 integ=0.0 vision=1 current=1 vframe=8997 vs=1 vage=33 vpage=33 vdt=7 vmax=6728 vacc=8582 vrej=0 seq=0 elapsed=0 oled=3C
[   6702] >>> pulse 0 120
[   6718] STATUS mode=2 fault=none p60=147 dp60=0 pwm=-130 cpwm=0 uimp=31850 upos=475 uneg=230 ball=-125.13 vball=-2.97 aball=0.0 bref=0.00 pid=0.0 apid=0.0 integ=0.0 vision=1 current=1 vframe=8998 vs=1 vage=20 vpage=20 vdt=33 vmax=6728 vacc=8583 vrej=0 seq=0 elapsed=0 oled=3C
[   6750] STATUS mode=2 fault=none p60=147 dp60=0 pwm=0 cpwm=0 uimp=29250 upos=475 uneg=250 ball=-125.02 vball=-0.08 aball=0.0 bref=0.00 pid=0.0 apid=0.0 integ=0.0 vision=1 current=1 vframe=8999 vs=1 vage=27 vpage=27 vdt=33 vmax=6728 vacc=8584 vrej=0 seq=0 elapsed=0 oled=3C
[   6764] STATUS mode=2 fault=none p60=147 dp60=0 pwm=0 cpwm=0 uimp=29250 upos=475 uneg=250 ball=-125.02 vball=-0.08 aball=0.0 bref=0.00 pid=0.0 apid=0.0 integ=0.0 vision=1 current=1 vframe=8999 vs=1 vage=47 vpage=47 vdt=33 vmax=6728 vacc=8584 vrej=0 seq=0 elapsed=0 oled=3C
[   6796] STATUS mode=2 fault=none p60=147 dp60=0 pwm=0 cpwm=0 uimp=29250 upos=475 uneg=250 ball=-125.02 vball=-0.08 aball=0.0 bref=0.00 pid=0.0 apid=0.0 integ=0.0 vision=1 current=1 vframe=8999 vs=1 vage=67 vpage=67 vdt=33 vmax=6728 vacc=8584 vrej=0 seq=0 elapsed=0 oled=3C
[   6811] STATUS mode=2 fault=none p60=147 dp60=0 pwm=0 cpwm=0 uimp=29250 upos=475 uneg=250 ball=-125.02 vball=-0.08 aball=0.0 bref=0.00 pid=0.0 apid=0.0 integ=0.0 vision=1 current=1 vframe=8999 vs=1 vage=87 vpage=87 vdt=33 vmax=6728 vacc=8584 vrej=0 seq=0 elapsed=0 oled=3C
[   6843] STATUS mode=2 fault=none p60=147 dp60=0 pwm=0 cpwm=0 uimp=29250 upos=475 uneg=250 ball=-125.00 vball=0.13 aball=0.0 bref=0.00 pid=0.0 apid=0.0 integ=0.0 vision=1 current=1 vframe=9000 vs=1 vage=5 vpage=5 vdt=102 vmax=6728 vacc=8585 vrej=0 seq=0 elapsed=0 oled=3C
[   6858] STATUS mode=1 fault=none p60=147 dp60=0 pwm=0 cpwm=0 uimp=29250 upos=475 uneg=250 ball=-125.00 vball=0.13 aball=0.0 bref=0.00 pid=0.0 apid=0.0 integ=0.0 vision=1 current=1 vframe=9000 vs=1 vage=25 vpage=25 vdt=102 vmax=6728 vacc=8585 vrej=0 seq=0 elapsed=0 oled=3C
[   6858] CATCH n=10/19 pos=-125.13 vin=-0.55 peak=90.84 slowed=1
[   6858] >>> pulse 0 500
[   6889] STATUS mode=1 fault=none p60=147 dp60=0 pwm=0 cpwm=0 uimp=29250 upos=475 uneg=250 ball=-123.65 vball=21.35 aball=0.0 bref=0.00 pid=0.0 apid=0.0 integ=0.0 vision=1 current=1 vframe=9001 vs=1 vage=30 vpage=30 vdt=35 vmax=6728 vacc=8586 vrej=0 seq=0 elapsed=0 oled=3C
[   6905] STATUS mode=2 fault=none p60=147 dp60=0 pwm=0 cpwm=0 uimp=29250 upos=475 uneg=250 ball=-122.41 vball=28.59 aball=0.0 bref=0.00 pid=0.0 apid=0.0 integ=0.0 vision=1 current=1 vframe=9002 vs=1 vage=18 vpage=18 vdt=32 vmax=6728 vacc=8587 vrej=0 seq=0 elapsed=0 oled=3C
[   6936] STATUS mode=2 fault=none p60=147 dp60=0 pwm=0 cpwm=0 uimp=29250 upos=475 uneg=250 ball=-122.41 vball=28.59 aball=0.0 bref=0.00 pid=0.0 apid=0.0 integ=0.0 vision=1 current=1 vframe=9002 vs=1 vage=38 vpage=38 vdt=32 vmax=6728 vacc=8587 vrej=0 seq=0 elapsed=0 oled=3C
[   6952] STATUS mode=2 fault=none p60=147 dp60=0 pwm=0 cpwm=0 uimp=29250 upos=475 uneg=250 ball=-122.41 vball=28.59 aball=0.0 bref=0.00 pid=0.0 apid=0.0 integ=0.0 vision=1 current=1 vframe=9002 vs=1 vage=58 vpage=58 vdt=32 vmax=6728 vacc=8587 vrej=0 seq=0 elapsed=0 oled=3C
[   6983] STATUS mode=2 fault=none p60=147 dp60=0 pwm=0 cpwm=0 uimp=29250 upos=475 uneg=250 ball=-122.41 vball=28.59 aball=0.0 bref=0.00 pid=0.0 apid=0.0 integ=0.0 vision=1 current=1 vframe=9002 vs=1 vage=78 vpage=78 vdt=32 vmax=6728 vacc=8587 vrej=0 seq=0 elapsed=0 oled=3C
[   7000] STATUS mode=2 fault=none p60=147 dp60=0 pwm=0 cpwm=0 uimp=29250 upos=475 uneg=250 ball=-122.41 vball=28.59 aball=0.0 bref=0.00 pid=0.0 apid=0.0 integ=0.0 vision=1 current=1 vframe=9002 vs=1 vage=98 vpage=98 vdt=32 vmax=6728 vacc=8587 vrej=0 seq=0 elapsed=0 oled=3C
[   7014] STATUS mode=2 fault=none p60=147 dp60=0 pwm=0 cpwm=0 uimp=29250 upos=475 uneg=250 ball=-121.71 vball=18.50 aball=0.0 bref=0.00 pid=0.0 apid=0.0 integ=0.0 vision=1 current=1 vframe=9003 vs=1 vage=17 vpage=17 vdt=101 vmax=6728 vacc=8588 vrej=0 seq=0 elapsed=0 oled=3C
[   7046] STATUS mode=2 fault=none p60=147 dp60=0 pwm=0 cpwm=0 uimp=29250 upos=475 uneg=250 ball=-120.54 vball=27.37 aball=0.0 bref=0.00 pid=0.0 apid=0.0 integ=0.0 vision=1 current=1 vframe=9004 vs=1 vage=26 vpage=26 vdt=31 vmax=6728 vacc=8589 vrej=0 seq=0 elapsed=0 oled=3C
[   7061] STATUS mode=2 fault=none p60=147 dp60=0 pwm=0 cpwm=0 uimp=29250 upos=475 uneg=250 ball=-119.83 vball=24.12 aball=0.0 bref=0.00 pid=0.0 apid=0.0 integ=0.0 vision=1 current=1 vframe=9005 vs=1 vage=13 vpage=13 vdt=33 vmax=6728 vacc=8590 vrej=0 seq=0 elapsed=0 oled=3C
[   7093] STATUS mode=2 fault=none p60=147 dp60=0 pwm=0 cpwm=0 uimp=29250 upos=475 uneg=250 ball=-119.83 vball=24.12 aball=0.0 bref=0.00 pid=0.0 apid=0.0 integ=0.0 vision=1 current=1 vframe=9005 vs=1 vage=33 vpage=33 vdt=33 vmax=6728 vacc=8590 vrej=0 seq=0 elapsed=0 oled=3C
[   7108] STATUS mode=2 fault=none p60=147 dp60=0 pwm=0 cpwm=0 uimp=29250 upos=475 uneg=250 ball=-119.83 vball=24.12 aball=0.0 bref=0.00 pid=0.0 apid=0.0 integ=0.0 vision=1 current=1 vframe=9005 vs=1 vage=53 vpage=53 vdt=33 vmax=6728 vacc=8590 vrej=0 seq=0 elapsed=0 oled=3C
[   7139] STATUS mode=2 fault=none p60=147 dp60=0 pwm=0 cpwm=0 uimp=29250 upos=475 uneg=250 ball=-119.83 vball=24.12 aball=0.0 bref=0.00 pid=0.0 apid=0.0 integ=0.0 vision=1 current=1 vframe=9005 vs=1 vage=73 vpage=73 vdt=33 vmax=6728 vacc=8590 vrej=0 seq=0 elapsed=0 oled=3C
[   7155] STATUS mode=2 fault=none p60=147 dp60=0 pwm=0 cpwm=0 uimp=29250 upos=475 uneg=250 ball=-119.83 vball=24.12 aball=0.0 bref=0.00 pid=0.0 apid=0.0 integ=0.0 vision=1 current=1 vframe=9005 vs=1 vage=93 vpage=93 vdt=33 vmax=6728 vacc=8590 vrej=0 seq=0 elapsed=0 oled=3C
[   7186] STATUS mode=2 fault=none p60=147 dp60=0 pwm=0 cpwm=0 uimp=29250 upos=475 uneg=250 ball=-119.12 vball=16.86 aball=0.0 bref=0.00 pid=0.0 apid=0.0 integ=0.0 vision=1 current=1 vframe=9006 vs=1 vage=37 vpage=37 vdt=96 vmax=6728 vacc=8591 vrej=0 seq=0 elapsed=0 oled=3C
[   7202] STATUS mode=2 fault=none p60=147 dp60=0 pwm=0 cpwm=0 uimp=29250 upos=475 uneg=250 ball=-117.84 vball=28.79 aball=0.0 bref=0.00 pid=0.0 apid=0.0 integ=0.0 vision=1 current=1 vframe=9007 vs=1 vage=19 vpage=19 vdt=38 vmax=6728 vacc=8592 vrej=0 seq=0 elapsed=0 oled=3C
[   7233] STATUS mode=2 fault=none p60=147 dp60=0 pwm=0 cpwm=0 uimp=29250 upos=475 uneg=250 ball=-117.84 vball=28.79 aball=0.0 bref=0.00 pid=0.0 apid=0.0 integ=0.0 vision=1 current=1 vframe=9007 vs=1 vage=39 vpage=39 vdt=38 vmax=6728 vacc=8592 vrej=0 seq=0 elapsed=0 oled=3C
[   7250] STATUS mode=2 fault=none p60=147 dp60=0 pwm=0 cpwm=0 uimp=29250 upos=475 uneg=250 ball=-117.84 vball=28.79 aball=0.0 bref=0.00 pid=0.0 apid=0.0 integ=0.0 vision=1 current=1 vframe=9007 vs=1 vage=59 vpage=59 vdt=38 vmax=6728 vacc=8592 vrej=0 seq=0 elapsed=0 oled=3C
[   7280] STATUS mode=2 fault=none p60=147 dp60=0 pwm=0 cpwm=0 uimp=29250 upos=475 uneg=250 ball=-117.84 vball=28.79 aball=0.0 bref=0.00 pid=0.0 apid=0.0 integ=0.0 vision=1 current=1 vframe=9007 vs=1 vage=79 vpage=79 vdt=38 vmax=6728 vacc=8592 vrej=0 seq=0 elapsed=0 oled=3C
[   7296] STATUS mode=2 fault=none p60=147 dp60=0 pwm=0 cpwm=0 uimp=29250 upos=475 uneg=250 ball=-117.84 vball=28.79 aball=0.0 bref=0.00 pid=0.0 apid=0.0 integ=0.0 vision=1 current=1 vframe=9007 vs=1 vage=99 vpage=99 vdt=38 vmax=6728 vacc=8592 vrej=0 seq=0 elapsed=0 oled=3C
[   7327] STATUS mode=2 fault=none p60=147 dp60=0 pwm=0 cpwm=0 uimp=29250 upos=475 uneg=250 ball=-117.03 vball=15.18 aball=0.0 bref=0.00 pid=0.0 apid=0.0 integ=0.0 vision=1 current=1 vframe=9015 vs=1 vage=2 vpage=2 vdt=6 vmax=6728 vacc=8600 vrej=0 seq=0 elapsed=0 oled=3C
[   7343] STATUS mode=2 fault=none p60=147 dp60=0 pwm=0 cpwm=0 uimp=29250 upos=475 uneg=250 ball=-116.36 vball=18.11 aball=0.0 bref=0.00 pid=0.0 apid=0.0 integ=0.0 vision=1 current=1 vframe=9016 vs=1 vage=8 vpage=8 vdt=34 vmax=6728 vacc=8601 vrej=0 seq=0 elapsed=0 oled=3C
[   7375] STATUS mode=2 fault=none p60=147 dp60=0 pwm=0 cpwm=0 uimp=29250 upos=475 uneg=250 ball=-116.36 vball=18.11 aball=0.0 bref=0.00 pid=0.0 apid=0.0 integ=0.0 vision=1 current=1 vframe=9016 vs=1 vage=28 vpage=28 vdt=34 vmax=6728 vacc=8601 vrej=0 seq=0 elapsed=0 oled=3C
[   7375] OK pulse complete
[   7405] STATUS mode=1 fault=none p60=147 dp60=0 pwm=0 cpwm=0 uimp=29250 upos=475 uneg=250 ball=-116.02 vball=14.12 aball=0.0 bref=0.00 pid=0.0 apid=0.0 integ=0.0 vision=1 current=1 vframe=9017 vs=1 vage=37 vpage=37 vdt=31 vmax=6728 vacc=8602 vrej=0 seq=0 elapsed=0 oled=3C
[   7421] STATUS mode=1 fault=none p60=147 dp60=0 pwm=0 cpwm=0 uimp=29250 upos=475 uneg=250 ball=-116.02 vball=14.12 aball=0.0 bref=0.00 pid=0.0 apid=0.0 integ=0.0 vision=1 current=1 vframe=9017 vs=1 vage=57 vpage=57 vdt=31 vmax=6728 vacc=8602 vrej=0 seq=0 elapsed=0 oled=3C
[   7452] STATUS mode=1 fault=none p60=147 dp60=0 pwm=0 cpwm=0 uimp=29250 upos=475 uneg=250 ball=-116.02 vball=14.12 aball=0.0 bref=0.00 pid=0.0 apid=0.0 integ=0.0 vision=1 current=1 vframe=9017 vs=1 vage=77 vpage=77 vdt=31 vmax=6728 vacc=8602 vrej=0 seq=0 elapsed=0 oled=3C
[   7468] STATUS mode=1 fault=none p60=147 dp60=0 pwm=0 cpwm=0 uimp=29250 upos=475 uneg=250 ball=-116.02 vball=14.12 aball=0.0 bref=0.00 pid=0.0 apid=0.0 integ=0.0 vision=1 current=1 vframe=9017 vs=1 vage=97 vpage=97 vdt=31 vmax=6728 vacc=8602 vrej=0 seq=0 elapsed=0 oled=3C
[   7500] STATUS mode=1 fault=none p60=147 dp60=0 pwm=0 cpwm=0 uimp=29250 upos=475 uneg=250 ball=-115.43 vball=11.49 aball=0.0 bref=0.00 pid=0.0 apid=0.0 integ=0.0 vision=1 current=1 vframe=9018 vs=1 vage=16 vpage=16 vdt=101 vmax=6728 vacc=8603 vrej=0 seq=0 elapsed=0 oled=3C
[   7514] STATUS mode=1 fault=none p60=147 dp60=0 pwm=0 cpwm=0 uimp=29250 upos=475 uneg=250 ball=-115.11 vball=10.37 aball=0.0 bref=0.00 pid=0.0 apid=0.0 integ=0.0 vision=1 current=1 vframe=9019 vs=1 vage=3 vpage=3 vdt=33 vmax=6728 vacc=8604 vrej=0 seq=0 elapsed=0 oled=3C
[   7546] STATUS mode=1 fault=none p60=147 dp60=0 pwm=0 cpwm=0 uimp=29250 upos=475 uneg=250 ball=-115.11 vball=10.37 aball=0.0 bref=0.00 pid=0.0 apid=0.0 integ=0.0 vision=1 current=1 vframe=9019 vs=1 vage=23 vpage=23 vdt=33 vmax=6728 vacc=8604 vrej=0 seq=0 elapsed=0 oled=3C
[   7561] STATUS mode=1 fault=none p60=147 dp60=0 pwm=0 cpwm=0 uimp=29250 upos=475 uneg=250 ball=-115.06 vball=6.00 aball=0.0 bref=0.00 pid=0.0 apid=0.0 integ=0.0 vision=1 current=1 vframe=9020 vs=1 vage=30 vpage=30 vdt=33 vmax=6728 vacc=8605 vrej=0 seq=0 elapsed=0 oled=3C
[   7593] STATUS mode=1 fault=none p60=147 dp60=0 pwm=0 cpwm=0 uimp=29250 upos=475 uneg=250 ball=-115.06 vball=6.00 aball=0.0 bref=0.00 pid=0.0 apid=0.0 integ=0.0 vision=1 current=1 vframe=9020 vs=1 vage=50 vpage=50 vdt=33 vmax=6728 vacc=8605 vrej=0 seq=0 elapsed=0 oled=3C
[   7608] STATUS mode=1 fault=none p60=147 dp60=0 pwm=0 cpwm=0 uimp=29250 upos=475 uneg=250 ball=-115.06 vball=6.00 aball=0.0 bref=0.00 pid=0.0 apid=0.0 integ=0.0 vision=1 current=1 vframe=9020 vs=1 vage=70 vpage=70 vdt=33 vmax=6728 vacc=8605 vrej=0 seq=0 elapsed=0 oled=3C
[   7639] STATUS mode=1 fault=none p60=147 dp60=0 pwm=0 cpwm=0 uimp=29250 upos=475 uneg=250 ball=-115.06 vball=6.00 aball=0.0 bref=0.00 pid=0.0 apid=0.0 integ=0.0 vision=1 current=1 vframe=9020 vs=1 vage=90 vpage=90 vdt=33 vmax=6728 vacc=8605 vrej=0 seq=0 elapsed=0 oled=3C
[   7655] STATUS mode=1 fault=none p60=147 dp60=0 pwm=0 cpwm=0 uimp=29250 upos=475 uneg=250 ball=-115.00 vball=3.24 aball=0.0 bref=0.00 pid=0.0 apid=0.0 integ=0.0 vision=1 current=1 vframe=9021 vs=1 vage=9 vpage=9 vdt=101 vmax=6728 vacc=8606 vrej=0 seq=0 elapsed=0 oled=3C
[   7686] STATUS mode=1 fault=none p60=147 dp60=0 pwm=0 cpwm=0 uimp=29250 upos=475 uneg=250 ball=-115.00 vball=3.24 aball=0.0 bref=0.00 pid=0.0 apid=0.0 integ=0.0 vision=1 current=1 vframe=9021 vs=1 vage=29 vpage=29 vdt=101 vmax=6728 vacc=8606 vrej=0 seq=0 elapsed=0 oled=3C
[   7686] >>> status
[   7702] STATUS mode=1 fault=none p60=147 dp60=0 pwm=0 cpwm=0 uimp=29250 upos=475 uneg=250 ball=-114.33 vball=11.09 aball=0.0 bref=0.00 pid=0.0 apid=0.0 integ=0.0 vision=1 current=1 vframe=9022 vs=1 vage=16 vpage=16 vdt=33 vmax=6728 vacc=8607 vrej=0 seq=0 elapsed=0 oled=3C
[   7718] STATUS mode=1 fault=none p60=147 dp60=0 pwm=0 cpwm=0 uimp=29250 upos=475 uneg=250 ball=-114.25 vball=6.75 aball=0.0 bref=0.00 pid=0.0 apid=0.0 integ=0.0 vision=1 current=1 vframe=9023 vs=1 vage=23 vpage=23 vdt=33 vmax=6728 vacc=8608 vrej=0 seq=0 elapsed=0 oled=3C
[   7750] STATUS mode=1 fault=none p60=147 dp60=0 pwm=0 cpwm=0 uimp=29250 upos=475 uneg=250 ball=-114.25 vball=6.75 aball=0.0 bref=0.00 pid=0.0 apid=0.0 integ=0.0 vision=1 current=1 vframe=9023 vs=1 vage=43 vpage=43 vdt=33 vmax=6728 vacc=8608 vrej=0 seq=0 elapsed=0 oled=3C
[   7764] STATUS mode=1 fault=none p60=147 dp60=0 pwm=0 cpwm=0 uimp=29250 upos=475 uneg=250 ball=-114.25 vball=6.75 aball=0.0 bref=0.00 pid=0.0 apid=0.0 integ=0.0 vision=1 current=1 vframe=9023 vs=1 vage=63 vpage=63 vdt=33 vmax=6728 vacc=8608 vrej=0 seq=0 elapsed=0 oled=3C
[   7796] STATUS mode=1 fault=none p60=147 dp60=0 pwm=0 cpwm=0 uimp=29250 upos=475 uneg=250 ball=-114.25 vball=6.75 aball=0.0 bref=0.00 pid=0.0 apid=0.0 integ=0.0 vision=1 current=1 vframe=9023 vs=1 vage=83 vpage=83 vdt=33 vmax=6728 vacc=8608 vrej=0 seq=0 elapsed=0 oled=3C
[   7811] STATUS mode=1 fault=none p60=147 dp60=0 pwm=0 cpwm=0 uimp=29250 upos=475 uneg=250 ball=-114.27 vball=2.90 aball=0.0 bref=0.00 pid=0.0 apid=0.0 integ=0.0 vision=1 current=1 vframe=9024 vs=1 vage=8 vpage=8 vdt=95 vmax=6728 vacc=8609 vrej=0 seq=0 elapsed=0 oled=3C
[   7843] STATUS mode=1 fault=none p60=147 dp60=0 pwm=0 cpwm=0 uimp=29250 upos=475 uneg=250 ball=-113.43 vball=22.50 aball=0.0 bref=0.00 pid=0.0 apid=0.0 integ=0.0 vision=1 current=1 vframe=9025 vs=1 vage=7 vpage=7 vdt=21 vmax=6728 vacc=8610 vrej=0 seq=0 elapsed=0 oled=3C
[   7843] RESULT drive=19 catch=10 pos=-114.27 speed=4.65
[   7843] >>> stop
[   7858] STATUS mode=1 fault=none p60=147 dp60=0 pwm=0 cpwm=0 uimp=29250 upos=475 uneg=250 ball=-113.26 vball=13.90 aball=0.0 bref=0.00 pid=0.0 apid=0.0 integ=0.0 vision=1 current=1 vframe=9026 vs=1 vage=13 vpage=13 vdt=34 vmax=6728 vacc=8611 vrej=0 seq=0 elapsed=0 oled=3C
[   7889] STATUS mode=1 fault=none p60=147 dp60=0 pwm=0 cpwm=0 uimp=29250 upos=475 uneg=250 ball=-113.26 vball=13.90 aball=0.0 bref=0.00 pid=0.0 apid=0.0 integ=0.0 vision=1 current=1 vframe=9026 vs=1 vage=33 vpage=33 vdt=34 vmax=6728 vacc=8611 vrej=0 seq=0 elapsed=0 oled=3C
[   7905] STATUS mode=1 fault=none p60=147 dp60=0 pwm=0 cpwm=0 uimp=29250 upos=475 uneg=250 ball=-113.26 vball=13.90 aball=0.0 bref=0.00 pid=0.0 apid=0.0 integ=0.0 vision=1 current=1 vframe=9026 vs=1 vage=53 vpage=53 vdt=34 vmax=6728 vacc=8611 vrej=0 seq=0 elapsed=0 oled=3C
[   7936] STATUS mode=1 fault=none p60=147 dp60=0 pwm=0 cpwm=0 uimp=29250 upos=475 uneg=250 ball=-113.26 vball=13.90 aball=0.0 bref=0.00 pid=0.0 apid=0.0 integ=0.0 vision=1 current=1 vframe=9026 vs=1 vage=73 vpage=73 vdt=34 vmax=6728 vacc=8611 vrej=0 seq=0 elapsed=0 oled=3C
[   7952] STATUS mode=1 fault=none p60=147 dp60=0 pwm=0 cpwm=0 uimp=29250 upos=475 uneg=250 ball=-113.26 vball=13.90 aball=0.0 bref=0.00 pid=0.0 apid=0.0 integ=0.0 vision=1 current=1 vframe=9026 vs=1 vage=93 vpage=93 vdt=34 vmax=6728 vacc=8611 vrej=0 seq=0 elapsed=0 oled=3C
[   7952] >>> stream off
[   7983] STATUS mode=1 fault=none p60=147 dp60=0 pwm=0 cpwm=0 uimp=29250 upos=475 uneg=250 ball=-113.18 vball=7.12 aball=0.0 bref=0.00 pid=0.0 apid=0.0 integ=0.0 vision=1 current=1 vframe=9027 vs=1 vage=11 vpage=11 vdt=102 vmax=6728 vacc=8612 vrej=0 seq=0 elapsed=0 oled=3C
[   7983] OK stream off
