[      0] >>> bench on
[      0] OK visual-only bench active; use zero before motor tests
[    609] >>> stop
[    609] OK stopped
[   1234] >>> gain ball 1.5 0.0 7.5 -1
[   1250] OK ball gains kp=1.500 ki=0.000 kd=7.500 sign=-1
[   1859] >>> gain accel 0.4
[   1859] OK ball acceleration gain ka=0.400
[   2484] >>> limit pwm 140
[   2484] OK beam PWM limit=140
[   3109] >>> stream on 20
[   3109] OK stream on 20 ms
[   3141] STATUS mode=1 fault=none p60=0 dp60=0 pwm=0 ball=121.80 vball=-0.05 aball=0.0 bref=0.00 pid=0.0 apid=0.0 integ=0.0 vision=1 current=1 vframe=715 vs=1 vage=6 vpage=6 vdt=96 vmax=187 vacc=715 vrej=0 seq=0 elapsed=0 oled=3C
[   3157] STATUS mode=1 fault=none p60=0 dp60=0 pwm=0 ball=121.31 vball=-5.87 aball=0.0 bref=0.00 pid=0.0 apid=0.0 integ=0.0 vision=1 current=1 vframe=716 vs=1 vage=5 vpage=5 vdt=21 vmax=187 vacc=716 vrej=0 seq=0 elapsed=0 oled=3C
[   3188] STATUS mode=1 fault=none p60=0 dp60=0 pwm=0 ball=121.31 vball=-5.87 aball=0.0 bref=0.00 pid=0.0 apid=0.0 integ=0.0 vision=1 current=1 vframe=716 vs=1 vage=25 vpage=25 vdt=21 vmax=187 vacc=716 vrej=0 seq=0 elapsed=0 oled=3C
[   3202] STATUS mode=1 fault=none p60=0 dp60=0 pwm=0 ball=121.14 vball=-5.69 aball=0.0 bref=0.00 pid=0.0 apid=0.0 integ=0.0 vision=1 current=1 vframe=717 vs=1 vage=12 vpage=12 vdt=33 vmax=187 vacc=717 vrej=0 seq=0 elapsed=0 oled=3C
[   3218] STATUS mode=1 fault=none p60=0 dp60=0 pwm=0 ball=121.14 vball=-5.69 aball=0.0 bref=0.00 pid=0.0 apid=0.0 integ=0.0 vision=1 current=1 vframe=717 vs=1 vage=32 vpage=32 vdt=33 vmax=187 vacc=717 vrej=0 seq=0 elapsed=0 oled=3C
[   3250] STATUS mode=1 fault=none p60=0 dp60=0 pwm=0 ball=121.14 vball=-5.69 aball=0.0 bref=0.00 pid=0.0 apid=0.0 integ=0.0 vision=1 current=1 vframe=717 vs=1 vage=52 vpage=52 vdt=33 vmax=187 vacc=717 vrej=0 seq=0 elapsed=0 oled=3C
[   3266] STATUS mode=1 fault=none p60=0 dp60=0 pwm=0 ball=121.14 vball=-5.69 aball=0.0 bref=0.00 pid=0.0 apid=0.0 integ=0.0 vision=1 current=1 vframe=717 vs=1 vage=72 vpage=72 vdt=33 vmax=187 vacc=717 vrej=0 seq=0 elapsed=0 oled=3C
[   3282] STATUS mode=1 fault=none p60=0 dp60=0 pwm=0 ball=121.14 vball=-5.69 aball=0.0 bref=0.00 pid=0.0 apid=0.0 integ=0.0 vision=1 current=1 vframe=717 vs=1 vage=92 vpage=92 vdt=33 vmax=187 vacc=717 vrej=0 seq=0 elapsed=0 oled=3C
[   3297] STATUS mode=1 fault=none p60=0 dp60=0 pwm=0 ball=121.09 vball=-4.39 aball=0.0 bref=0.00 pid=0.0 apid=0.0 integ=0.0 vision=1 current=1 vframe=718 vs=1 vage=8 vpage=8 vdt=104 vmax=187 vacc=718 vrej=0 seq=0 elapsed=0 oled=3C
[   3327] STATUS mode=1 fault=none p60=0 dp60=0 pwm=0 ball=121.09 vball=-4.39 aball=0.0 bref=0.00 pid=0.0 apid=0.0 integ=0.0 vision=1 current=1 vframe=718 vs=1 vage=28 vpage=28 vdt=104 vmax=187 vacc=718 vrej=0 seq=0 elapsed=0 oled=3C
[   3343] STATUS mode=1 fault=none p60=0 dp60=0 pwm=0 ball=121.63 vball=1.36 aball=0.0 bref=0.00 pid=0.0 apid=0.0 integ=0.0 vision=1 current=1 vframe=719 vs=1 vage=19 vpage=19 vdt=29 vmax=187 vacc=719 vrej=0 seq=0 elapsed=0 oled=3C
[   3359] STATUS mode=1 fault=none p60=0 dp60=0 pwm=0 ball=121.67 vball=1.31 aball=0.0 bref=0.00 pid=0.0 apid=0.0 integ=0.0 vision=1 current=1 vframe=720 vs=1 vage=4 vpage=4 vdt=35 vmax=187 vacc=720 vrej=0 seq=0 elapsed=0 oled=3C
[   3391] STATUS mode=1 fault=none p60=0 dp60=0 pwm=0 ball=121.67 vball=1.31 aball=0.0 bref=0.00 pid=0.0 apid=0.0 integ=0.0 vision=1 current=1 vframe=720 vs=1 vage=24 vpage=24 vdt=35 vmax=187 vacc=720 vrej=0 seq=0 elapsed=0 oled=3C
[   3407] STATUS mode=1 fault=none p60=0 dp60=0 pwm=0 ball=121.67 vball=1.31 aball=0.0 bref=0.00 pid=0.0 apid=0.0 integ=0.0 vision=1 current=1 vframe=720 vs=1 vage=44 vpage=44 vdt=35 vmax=187 vacc=720 vrej=0 seq=0 elapsed=0 oled=3C
[   3422] STATUS mode=1 fault=none p60=0 dp60=0 pwm=0 ball=121.67 vball=1.31 aball=0.0 bref=0.00 pid=0.0 apid=0.0 integ=0.0 vision=1 current=1 vframe=720 vs=1 vage=64 vpage=64 vdt=35 vmax=187 vacc=720 vrej=0 seq=0 elapsed=0 oled=3C
[   3438] STATUS mode=1 fault=none p60=0 dp60=0 pwm=0 ball=121.67 vball=1.31 aball=0.0 bref=0.00 pid=0.0 apid=0.0 integ=0.0 vision=1 current=1 vframe=720 vs=1 vage=84 vpage=84 vdt=35 vmax=187 vacc=720 vrej=0 seq=0 elapsed=0 oled=3C
[   3468] STATUS mode=1 fault=none p60=0 dp60=0 pwm=0 ball=121.67 vball=1.31 aball=0.0 bref=0.00 pid=0.0 apid=0.0 integ=0.0 vision=1 current=1 vframe=720 vs=1 vage=104 vpage=104 vdt=35 vmax=187 vacc=720 vrej=0 seq=0 elapsed=0 oled=3C
[   3484] STATUS mode=1 fault=none p60=0 dp60=0 pwm=0 ball=121.84 vball=1.38 aball=0.0 bref=0.00 pid=0.0 apid=0.0 integ=0.0 vision=1 current=1 vframe=721 vs=1 vage=18 vpage=18 vdt=106 vmax=187 vacc=721 vrej=0 seq=0 elapsed=0 oled=3C
[   3500] STATUS mode=1 fault=none p60=0 dp60=0 pwm=0 ball=121.85 vball=1.13 aball=0.0 bref=0.00 pid=0.0 apid=0.0 integ=0.0 vision=1 current=1 vframe=722 vs=1 vage=11 vpage=11 vdt=27 vmax=187 vacc=722 vrej=0 seq=0 elapsed=0 oled=3C
[   3516] STATUS mode=1 fault=none p60=0 dp60=0 pwm=0 ball=121.85 vball=1.13 aball=0.0 bref=0.00 pid=0.0 apid=0.0 integ=0.0 vision=1 current=1 vframe=722 vs=1 vage=31 vpage=31 vdt=27 vmax=187 vacc=722 vrej=0 seq=0 elapsed=0 oled=3C
[   3547] STATUS mode=1 fault=none p60=0 dp60=0 pwm=0 ball=121.82 vball=0.62 aball=0.0 bref=0.00 pid=0.0 apid=0.0 integ=0.0 vision=1 current=1 vframe=723 vs=1 vage=18 vpage=18 vdt=33 vmax=187 vacc=723 vrej=0 seq=0 elapsed=0 oled=3C
[   3563] STATUS mode=1 fault=none p60=0 dp60=0 pwm=0 ball=121.82 vball=0.62 aball=0.0 bref=0.00 pid=0.0 apid=0.0 integ=0.0 vision=1 current=1 vframe=723 vs=1 vage=38 vpage=38 vdt=33 vmax=187 vacc=723 vrej=0 seq=0 elapsed=0 oled=3C
[   3577] STATUS mode=1 fault=none p60=0 dp60=0 pwm=0 ball=121.82 vball=0.62 aball=0.0 bref=0.00 pid=0.0 apid=0.0 integ=0.0 vision=1 current=1 vframe=723 vs=1 vage=58 vpage=58 vdt=33 vmax=187 vacc=723 vrej=0 seq=0 elapsed=0 oled=3C
[   3609] STATUS mode=1 fault=none p60=0 dp60=0 pwm=0 ball=121.82 vball=0.62 aball=0.0 bref=0.00 pid=0.0 apid=0.0 integ=0.0 vision=1 current=1 vframe=723 vs=1 vage=78 vpage=78 vdt=33 vmax=187 vacc=723 vrej=0 seq=0 elapsed=0 oled=3C
[   3625] STATUS mode=1 fault=none p60=0 dp60=0 pwm=0 ball=121.82 vball=0.62 aball=0.0 bref=0.00 pid=0.0 apid=0.0 integ=0.0 vision=1 current=1 vframe=723 vs=1 vage=98 vpage=98 vdt=33 vmax=187 vacc=723 vrej=0 seq=0 elapsed=0 oled=3C
[   3641] STATUS mode=1 fault=none p60=0 dp60=0 pwm=0 ball=121.83 vball=0.49 aball=0.0 bref=0.00 pid=0.0 apid=0.0 integ=0.0 vision=1 current=1 vframe=724 vs=1 vage=14 vpage=14 vdt=104 vmax=187 vacc=724 vrej=0 seq=0 elapsed=0 oled=3C
[   3657] STATUS mode=1 fault=none p60=0 dp60=0 pwm=0 ball=121.79 vball=0.03 aball=0.0 bref=0.00 pid=0.0 apid=0.0 integ=0.0 vision=1 current=1 vframe=725 vs=1 vage=4 vpage=4 vdt=30 vmax=187 vacc=725 vrej=0 seq=0 elapsed=0 oled=3C
[   3688] STATUS mode=1 fault=none p60=0 dp60=0 pwm=0 ball=121.79 vball=0.03 aball=0.0 bref=0.00 pid=0.0 apid=0.0 integ=0.0 vision=1 current=1 vframe=725 vs=1 vage=24 vpage=24 vdt=30 vmax=187 vacc=725 vrej=0 seq=0 elapsed=0 oled=3C
[   3702] STATUS mode=1 fault=none p60=0 dp60=0 pwm=0 ball=121.79 vball=0.02 aball=0.0 bref=0.00 pid=0.0 apid=0.0 integ=0.0 vision=1 current=1 vframe=726 vs=1 vage=9 vpage=9 vdt=35 vmax=187 vacc=726 vrej=0 seq=0 elapsed=0 oled=3C
[   3718] STATUS mode=1 fault=none p60=0 dp60=0 pwm=0 ball=121.79 vball=0.02 aball=0.0 bre
[   3718] >>> ball 50
[   3718] f=0.00 pid=0.0 apid=0.0 integ=0.0 vision=1 current=1 vframe=726 vs=1 vage=29 vpage=29 vdt=35 vmax=187 vacc=726 vrej=0 seq=0 elapsed=0 oled=3C
[   3718] OK visual PWM ball target=50.00 mm
[   3750] STATUS mode=3 fault=none p60=0 dp60=0 pwm=133 ball=121.79 vball=0.02 aball=0.0 bref=50.00 pid=107.9 apid=0.0 integ=-0.0 vision=1 current=1 vframe=726 vs=1 vage=49 vpage=49 vdt=35 vmax=187 vacc=726 vrej=0 seq=0 elapsed=0 oled=3C
[   3766] STATUS mode=3 fault=none p60=3 dp60=1 pwm=0 ball=121.79 vball=0.02 aball=0.0 bref=50.00 pid=107.9 apid=0.0 integ=-0.0 vision=1 current=1 vframe=726 vs=1 vage=69 vpage=69 vdt=35 vmax=187 vacc=726 vrej=0 seq=0 elapsed=0 oled=3C
[   3782] STATUS mode=3 fault=none p60=7 dp60=1 pwm=0 ball=121.79 vball=0.02 aball=0.0 bref=50.00 pid=107.9 apid=0.0 integ=-0.0 vision=1 current=1 vframe=726 vs=1 vage=89 vpage=89 vdt=35 vmax=187 vacc=726 vrej=0 seq=0 elapsed=0 oled=3C
[   3813] STATUS mode=3 fault=none p60=9 dp60=0 pwm=0 ball=121.54 vball=-0.56 aball=0.0 bref=50.00 pid=107.9 apid=0.0 integ=-0.0 vision=1 current=1 vframe=727 vs=1 vage=1 vpage=1 vdt=108 vmax=187 vacc=727 vrej=0 seq=0 elapsed=0 oled=3C
[   3827] STATUS mode=3 fault=none p60=12 dp60=1 pwm=131 ball=121.54 vball=-0.56 aball=-1.6 bref=50.00 pid=102.5 apid=-0.6 integ=-0.0 vision=1 current=1 vframe=727 vs=1 vage=21 vpage=21 vdt=108 vmax=187 vacc=727 vrej=0 seq=0 elapsed=0 oled=3C
[   3843] STATUS mode=3 fault=none p60=16 dp60=1 pwm=128 ball=121.42 vball=-1.85 aball=-19.5 bref=50.00 pid=85.4 apid=-7.8 integ=-0.0 vision=1 current=1 vframe=728 vs=1 vage=20 vpage=20 vdt=21 vmax=187 vacc=728 vrej=0 seq=0 elapsed=0 oled=3C
[   3859] STATUS mode=3 fault=none p60=21 dp60=1 pwm=128 ball=121.33 vball=-2.07 aball=-15.7 bref=50.00 pid=85.2 apid=-6.3 integ=-0.0 vision=1 current=1 vframe=729 vs=1 vage=7 vpage=7 vdt=33 vmax=187 vacc=729 vrej=0 seq=0 elapsed=0 oled=3C
[   3891] STATUS mode=3 fault=none p60=28 dp60=1 pwm=128 ball=121.33 vball=-2.07 aball=-15.7 bref=50.00 pid=85.2 apid=-6.3 integ=-0.0 vision=1 current=1 vframe=729 vs=1 vage=27 vpage=27 vdt=33 vmax=187 vacc=729 vrej=0 seq=0 elapsed=0 oled=3C
[   3907] STATUS mode=3 fault=none p60=35 dp60=2 pwm=128 ball=121.33 vball=-2.07 aball=-15.7 bref=50.00 pid=85.2 apid=-6.3 integ=-0.0 vision=1 current=1 vframe=729 vs=1 vage=47 vpage=47 vdt=33 vmax=187 vacc=729 vrej=0 seq=0 elapsed=0 oled=3C
[   3922] STATUS mode=3 fault=none p60=41 dp60=1 pwm=0 ball=121.33 vball=-2.07 aball=-15.7 bref=50.00 pid=85.2 apid=-6.3 integ=-0.0 vision=1 current=1 vframe=729 vs=1 vage=67 vpage=67 vdt=33 vmax=187 vacc=729 vrej=0 seq=0 elapsed=0 oled=3C
[   3952] STATUS mode=3 fault=none p60=45 dp60=1 pwm=0 ball=121.33 vball=-2.07 aball=-15.7 bref=50.00 pid=85.2 apid=-6.3 integ=-0.0 vision=1 current=1 vframe=729 vs=1 vage=87 vpage=87 vdt=33 vmax=187 vacc=729 vrej=0 seq=0 elapsed=0 oled=3C
[   3968] STATUS mode=3 fault=none p60=47 dp60=0 pwm=129 ball=121.34 vball=-1.53 aball=-9.4 bref=50.00 pid=91.8 apid=-3.7 integ=-0.0 vision=1 current=1 vframe=730 vs=1 vage=6 vpage=6 vdt=101 vmax=187 vacc=730 vrej=0 seq=0 elapsed=0 oled=3C
[   3984] STATUS mode=3 fault=none p60=48 dp60=0 pwm=129 ball=121.34 vball=-1.53 aball=-9.4 bref=50.00 pid=91.8 apid=-3.7 integ=-0.0 vision=1 current=1 vframe=730 vs=1 vage=26 vpage=26 vdt=101 vmax=187 vacc=730 vrej=0 seq=0 elapsed=0 oled=3C
[   4000] STATUS mode=3 fault=none p60=50 dp60=0 pwm=136 ball=121.68 vball=1.36 aball=18.9 bref=50.00 pid=125.2 apid=7.5 integ=-0.0 vision=1 current=1 vframe=731 vs=1 vage=12 vpage=12 vdt=34 vmax=187 vacc=731 vrej=0 seq=0 elapsed=0 oled=3C
[   4032] STATUS mode=3 fault=none p60=56 dp60=2 pwm=136 ball=121.74 vball=1.50 aball=18.9 bref=50.00 pid=125.2 apid=7.5 integ=-0.0 vision=1 current=1 vframe=732 vs=1 vage=1 vpage=1 vdt=31 vmax=187 vacc=732 vrej=0 seq=0 elapsed=0 oled=3C
[   4047] STATUS mode=3 fault=none p60=64 dp60=2 pwm=136 ball=121.74 vball=1.50 aball=14.6 bref=50.00 pid=124.7 apid=5.8 integ=-0.0 vision=1 current=1 vframe=732 vs=1 vage=21 vpage=21 vdt=31 vmax=187 vacc=732 vrej=0 seq=0 elapsed=0 oled=3C
[   4063] STATUS mode=3 fault=none p60=73 dp60=2 pwm=0 ball=121.74 vball=1.50 aball=14.6 bref=50.00 pid=124.7 apid=5.8 integ=-0.0 vision=1 current=1 vframe=732 vs=1 vage=41 vpage=41 vdt=31 vmax=187 vacc=732 vrej=0 seq=0 elapsed=0 oled=3C
[   4093] STATUS mode=3 fault=none p60=83 dp60=2 pwm=0 ball=121.74 vball=1.50 aball=14.6 bref=50.00 pid=124.7 apid=5.8 integ=-0.0 vision=1 current=1 vframe=732 vs=1 vage=61 vpage=61 vdt=31 vmax=187 vacc=732 vrej=0 seq=0 elapsed=0 oled=3C
[   4109] STATUS mode=3 fault=none p60=89 dp60=1 pwm=0 ball=121.74 vball=1.50 aball=14.6 bref=50.00 pid=124.7 apid=5.8 integ=-0.0 vision=1 current=1 vframe=732 vs=1 vage=81 vpage=81 vdt=31 vmax=187 vacc=732 vrej=0 seq=0 elapsed=0 oled=3C
[   4125] STATUS mode=3 fault=none p60=93 dp60=1 pwm=0 ball=121.74 vball=1.50 aball=14.6 bref=50.00 pid=124.7 apid=5.8 integ=-0.0 vision=1 current=1 vframe=732 vs=1 vage=101 vpage=101 vdt=31 vmax=187 vacc=732 vrej=0 seq=0 elapsed=0 oled=3C
[   4141] STATUS mode=3 fault=none p60=95 dp60=0 pwm=136 ball=121.95 vball=1.58 aball=10.4 bref=50.00 pid=124.0 apid=4.2 integ=-0.0 vision=1 current=1 vframe=733 vs=1 vage=6 vpage=6 vdt=115 vmax=187 vacc=733 vrej=0 seq=0 elapsed=0 oled=3C
[   4172] STATUS mode=3 fault=none p60=100 dp60=2 pwm=136 ball=122.42 vball=7.37 aball=98.7 bref=50.00 pid=140.0 apid=39.5 integ=-0.0 vision=1 current=1 vframe=734 vs=1 vage=7 vpage=7 vdt=19 vmax=187 vacc=734 vrej=0 seq=0 elapsed=0 oled=3C
[   4188] STATUS mode=3 fault=none p60=106 dp60=1 pwm=140 ball=122.42 vball=7.37 aball=98.7 bref=50.00 pid=140.0 apid=39.5 integ=-0.0 vision=1 current=1 vframe=734 vs=1 vage=27 vpage=27 vdt=19 vmax=187 vacc=734 vrej=0 seq=0 elapsed=0 oled=3C
[   4202] STATUS mode=3 fault=none p60=115 dp60=2 pwm=140 ball=122.57 vball=6.63 aball=62.6 bref=50.00 pid=140.0 apid=25.0 integ=-0.0 vision=1 current=1 vframe=735 vs=1 vage=13 vpage=13 vdt=34 vmax=187 vacc=735 vrej=0 seq=0 elapsed=0 oled=3C
[   4234] STATUS mode=3 fault=none p60=125 dp60=3 pwm=140 ball=122.57 vball=6.63 aball=62.6 bref=50.00 pid=140.0 apid=25.0 integ=-0.0 vision=1 current=1 vframe=735 vs=1 vage=33 vpage=33 vdt=34 vmax=187 vacc=735 vrej=0 seq=0 elapsed=0 oled=3C
[   4250] STATUS mode=3 fault=none p60=136 dp60=3 pwm=0 ball=122.57 vball=6.63 aball=62.6 bref=50.00 pid=140.0 apid=25.0 integ=-0.0 vision=1 current=1 vframe=735 vs=1 vage=53 vpage=53 vdt=34 vmax=187 vacc=735 vrej=0 seq=0 elapsed=0 oled=3C
[   4266] STATUS mode=3 fault=none p60=146 dp60=2 pwm=0 ball=122.57 vball=6.63 aball=62.6 bref=50.00 pid=140.0 apid=25.0 integ=-0.0 vision=1 current=1 vframe=735 vs=1 vage=73 vpage=73 vdt=34 vmax=187 vacc=735 vrej=0 seq=0 elapsed=0 oled=3C
[   4282] STATUS mode=3 fault=none p60=153 dp60=1 pwm=0 ball=122.57 vball=6.63 aball=62.6 bref=50.00 pid=140.0 apid=25.0 integ=-0.0 vision=1 current=1 vframe=735 vs=1 vage=93 vpage=93 vdt=34 vmax=187 vacc=735 vrej=0 seq=0 elapsed=0 oled=3C
[   4313] STATUS mode=3 fault=none p60=158 dp60=1 pwm=140 ball=122.63 vball=5.12 aball=39.3 bref=50.00 pid=140.0 apid=15.7 integ=-0.0 vision=1 current=1 vframe=736 vs=1 vage=12 vpage=12 vdt=101 vmax=187 vacc=736 vrej=0 seq=0 elapsed=0 oled=3C
[   4327] STATUS mode=3 fault=none p60=164 dp60=2 pwm=140 ball=122.63 vball=5.12 aball=39.3 bref=50.00 pid=140.0 apid=15.7 integ=-0.0 vision=1 current=1 v
[   4327] frame=736 vs=1 vage=32 vpage=32 vdt=101 vmax=187 vacc=736 vrej=0 seq=0 elapsed=0 oled=3C
[   4343] STATUS mode=3 fault=none p60=172 dp60=2 pwm=140 ball=123.23 vball=8.53 aball=59.5 bref=50.00 pid=140.0 apid=23.8 integ=-0.0 vision=1 current=1 vframe=737 vs=1 vage=20 vpage=20 vdt=32 vmax=187 vacc=737 vrej=0 seq=0 elapsed=0 oled=3C
[   4375] STATUS mode=3 fault=none p60=181 dp60=2 pwm=140 ball=123.37 vball=7.43 aball=31.9 bref=50.00 pid=140.0 apid=12.8 integ=-0.0 vision=1 current=1 vframe=738 vs=1 vage=6 vpage=6 vdt=34 vmax=187 vacc=738 vrej=0 seq=0 elapsed=0 oled=3C
[   4391] STATUS mode=3 fault=none p60=190 dp60=3 pwm=140 ball=123.37 vball=7.43 aball=31.9 bref=50.00 pid=140.0 apid=12.8 integ=-0.0 vision=1 current=1 vframe=738 vs=1 vage=26 vpage=26 vdt=34 vmax=187 vacc=738 vrej=0 seq=0 elapsed=0 oled=3C
[   4407] STATUS mode=3 fault=none p60=199 dp60=3 pwm=0 ball=123.37 vball=7.43 aball=31.9 bref=50.00 pid=140.0 apid=12.8 integ=-0.0 vision=1 current=1 vframe=738 vs=1 vage=46 vpage=46 vdt=34 vmax=187 vacc=738 vrej=0 seq=0 elapsed=0 oled=3C
[   4438] STATUS mode=3 fault=none p60=205 dp60=1 pwm=0 ball=123.37 vball=7.43 aball=31.9 bref=50.00 pid=140.0 apid=12.8 integ=-0.0 vision=1 current=1 vframe=738 vs=1 vage=66 vpage=66 vdt=34 vmax=187 vacc=738 vrej=0 seq=0 elapsed=0 oled=3C
[   4452] STATUS mode=3 fault=none p60=209 dp60=1 pwm=0 ball=123.37 vball=7.43 aball=31.9 bref=50.00 pid=140.0 apid=12.8 integ=-0.0 vision=1 current=1 vframe=738 vs=1 vage=86 vpage=86 vdt=34 vmax=187 vacc=738 vrej=0 seq=0 elapsed=0 oled=3C
[   4468] STATUS mode=3 fault=none p60=211 dp60=0 pwm=0 ball=123.37 vball=5.57 aball=31.9 bref=50.00 pid=140.0 apid=12.8 integ=-0.0 vision=1 current=1 vframe=739 vs=1 vage=3 vpage=3 vdt=103 vmax=187 vacc=739 vrej=0 seq=0 elapsed=0 oled=3C
[   4484] STATUS mode=3 fault=none p60=211 dp60=0 pwm=140 ball=123.37 vball=5.57 aball=16.9 bref=50.00 pid=140.0 apid=6.8 integ=-0.0 vision=1 current=1 vframe=739 vs=1 vage=23 vpage=23 vdt=103 vmax=187 vacc=739 vrej=0 seq=0 elapsed=0 oled=3C
[   4516] STATUS mode=3 fault=none p60=215 dp60=1 pwm=139 ball=123.36 vball=4.09 aball=-2.9 bref=50.00 pid=139.6 apid=-1.2 integ=-0.0 vision=1 current=1 vframe=740 vs=1 vage=13 vpage=13 vdt=30 vmax=187 vacc=740 vrej=0 seq=0 elapsed=0 oled=3C
[   4532] STATUS mode=3 fault=none p60=222 dp60=2 pwm=139 ball=123.36 vball=4.09 aball=-2.9 bref=50.00 pid=139.6 apid=-1.2 integ=-0.0 vision=1 current=1 vframe=740 vs=1 vage=33 vpage=33 vdt=30 vmax=187 vacc=740 vrej=0 seq=0 elapsed=0 oled=3C
[   4547] STATUS mode=3 fault=none p60=231 dp60=2 pwm=137 ball=123.36 vball=3.07 aball=-11.1 bref=50.00 pid=128.6 apid=-4.4 integ=-0.0 vision=1 current=1 vframe=741 vs=1 vage=19 vpage=19 vdt=34 vmax=187 vacc=741 vrej=0 seq=0 elapsed=0 oled=3C
[   4577] STATUS mode=3 fault=none p60=242 dp60=3 pwm=137 ball=123.36 vball=3.07 aball=-11.1 bref=50.00 pid=128.6 apid=-4.4 integ=-0.0 vision=1 current=1 vframe=741 vs=1 vage=39 vpage=39 vdt=34 vmax=187 vacc=741 vrej=0 seq=0 elapsed=0 oled=3C
[   4593] STATUS mode=3 fault=none p60=251 dp60=2 pwm=0 ball=123.36 vball=3.07 aball=-11.1 bref=50.00 pid=128.6 apid=-4.4 integ=-0.0 vision=1 current=1 vframe=741 vs=1 vage=59 vpage=59 vdt=34 vmax=187 vacc=741 vrej=0 seq=0 elapsed=0 oled=3C
[   4609] STATUS mode=3 fault=none p60=258 dp60=1 pwm=0 ball=123.36 vball=3.07 aball=-11.1 bref=50.00 pid=128.6 apid=-4.4 integ=-0.0 vision=1 current=1 vframe=741 vs=1 vage=79 vpage=79 vdt=34 vmax=187 vacc=741 vrej=0 seq=0 elapsed=0 oled=3C
[   4625] STATUS mode=3 fault=none p60=262 dp60=1 pwm=0 ball=123.36 vball=3.07 aball=-11.1 bref=50.00 pid=128.6 apid=-4.4 integ=-0.0 vision=1 current=1 vframe=741 vs=1 vage=99 vpage=99 vdt=34 vmax=187 vacc=741 vrej=0 seq=0 elapsed=0 oled=3C
[   4657] STATUS mode=3 fault=none p60=264 dp60=1 pwm=136 ball=123.40 vball=2.40 aball=-9.7 bref=50.00 pid=124.2 apid=-3.9 integ=-0.0 vision=1 current=1 vframe=742 vs=1 vage=18 vpage=18 vdt=101 vmax=187 vacc=742 vrej=0 seq=0 elapsed=0 oled=3C
[   4672] STATUS mode=3 fault=none p60=268 dp60=2 pwm=0 ball=122.39 vball=-6.09 aball=-86.4 bref=50.00 pid=28.3 apid=-34.6 integ=-0.0 vision=1 current=1 vframe=743 vs=1 vage=6 vpage=6 vdt=32 vmax=187 vacc=743 vrej=0 seq=0 elapsed=0 oled=3C
[   4688] STATUS mode=3 fault=none p60=274 dp60=1 pwm=0 ball=122.39 vball=-6.09 aball=-86.4 bref=50.00 pid=28.3 apid=-34.6 integ=-0.0 vision=1 current=1 vframe=743 vs=1 vage=26 vpage=26 vdt=32 vmax=187 vacc=743 vrej=0 seq=0 elapsed=0 oled=3C
[   4718] STATUS mode=3 fault=none p60=280 dp60=1 pwm=0 ball=121.74 vball=-9.35 aball=-89.2 bref=50.00 pid=1.8 apid=-35.7 integ=-0.0 vision=1 current=1 vframe=744 vs=1 vage=12 vpage=12 vdt=34 vmax=187 vacc=744 vrej=0 seq=0 elapsed=0 oled=3C
[   4734] STATUS mode=3 fault=none p60=283 dp60=1 pwm=0 ball=121.74 vball=-9.35 aball=-89.2 bref=50.00 pid=1.8 apid=-35.7 integ=-0.0 vision=1 current=1 vframe=744 vs=1 vage=32 vpage=32 vdt=34 vmax=187 vacc=744 vrej=0 seq=0 elapsed=0 oled=3C
[   4750] STATUS mode=3 fault=none p60=284 dp60=0 pwm=0 ball=121.74 vball=-9.35 aball=-89.2 bref=50.00 pid=1.8 apid=-35.7 integ=-0.0 vision=1 current=1 vframe=744 vs=1 vage=52 vpage=52 vdt=34 vmax=187 vacc=744 vrej=0 seq=0 elapsed=0 oled=3C
[   4766] STATUS mode=3 fault=none p60=285 dp60=0 pwm=0 ball=121.74 vball=-9.35 aball=-89.2 bref=50.00 pid=1.8 apid=-35.7 integ=-0.0 vision=1 current=1 vframe=744 vs=1 vage=72 vpage=72 vdt=34 vmax=187 vacc=744 vrej=0 seq=0 elapsed=0 oled=3C
[   4797] STATUS mode=3 fault=none p60=286 dp60=0 pwm=0 ball=121.74 vball=-9.35 aball=-89.2 bref=50.00 pid=1.8 apid=-35.7 integ=-0.0 vision=1 current=1 vframe=744 vs=1 vage=92 vpage=92 vdt=34 vmax=187 vacc=744 vrej=0 seq=0 elapsed=0 oled=3C
[   4813] STATUS mode=3 fault=none p60=286 dp60=0 pwm=114 ball=121.31 vball=-8.07 aball=-58.7 bref=50.00 pid=22.9 apid=-23.5 integ=-0.0 vision=1 current=1 vframe=745 vs=1 vage=11 vpage=11 vdt=101 vmax=187 vacc=745 vrej=0 seq=0 elapsed=0 oled=3C
[   4827] STATUS mode=3 fault=none p60=287 dp60=0 pwm=0 ball=121.31 vball=-8.07 aball=-58.7 bref=50.00 pid=22.9 apid=-23.5 integ=-0.0 vision=1 current=1 vframe=745 vs=1 vage=31 vpage=31 vdt=101 vmax=187 vacc=745 vrej=0 seq=0 elapsed=0 oled=3C
[   4859] STATUS mode=3 fault=none p60=287 dp60=0 pwm=0 ball=119.73 vball=-18.40 aball=-137.9 bref=50.00 pid=-88.6 apid=-55.2 integ=-0.0 vision=1 current=1 vframe=746 vs=1 vage=19 vpage=19 vdt=32 vmax=187 vacc=746 vrej=0 seq=0 elapsed=0 oled=3C
[   4875] STATUS mode=3 fault=none p60=287 dp60=0 pwm=-128 ball=116.80 vball=-36.00 aball=-256.5 bref=50.00 pid=-140.0 apid=-102.6 integ=-0.0 vision=1 current=1 vframe=747 vs=1 vage=6 vpage=6 vdt=33 vmax=187 vacc=747 vrej=0 seq=0 elapsed=0 oled=3C
[   4891] STATUS mode=3 fault=none p60=283 dp60=-1 pwm=-140 ball=116.80 vball=-36.00 aball=-256.5 bref=50.00 pid=-140.0 apid=-102.6 integ=-0.0 vision=1 current=1 vframe=747 vs=1 vage=26 vpage=26 vdt=33 vmax=187 vacc=747 vrej=0 seq=0 elapsed=0 oled=3C
[   4922] STATUS mode=3 fault=none p60=278 dp60=-2 pwm=0 ball=116.80 vball=-36.00 aball=-256.5 bref=50.00 pid=-140.0 apid=-102.6 integ=-0.0 vision=1 current=1 vframe=747 vs=1 vage=46 vpage=46 vdt=33 vmax=187 vacc=747 vrej=0 seq=0 elapsed=0 oled=3C
[   4938] STATUS mode=3 fault=none p60=275 dp60=-1 pwm=0 ball=116.80 vball=-36.00 aball=-256.5 bref=50.00 pid=-140.0 apid=-102.6 integ=-0.0 vision=1 current=1 vframe=747 vs=1 vage=66 vpage=66 vdt=33 vmax=187 vacc=747 vrej=0 seq=0 elapsed=0 oled=3C
[   4952] STATUS mode=3 fault=none p60=275 dp60=0 pwm=0 ball=116.80 vball=-36.00 aball=-256.5 bref=50.00 pid=-140.0 apid=-102.6 integ=-0.0 vision=1 current=1 vframe=747 vs=1 vage=86 vpage=86 vdt=33 vmax=187 vacc=747 vrej=0 seq=0 elapsed=0 oled=3C
[   4984] STATUS mode=3 fault=none p60=276 dp60=0 pwm=-140 ball=114.87 vball=-31.77 aball=-167.0 bref=50.00 pid=-140.0 apid=-66.8 integ=-0.0 vision=1 current=1 vframe=748 vs=1 vage=5 vpage=5 vdt=101 vmax=187 vacc=748 vrej=0 seq=0 elapsed=0 oled=3C
[   5000] STATUS mode=3 fault=none p60=275 dp60=-1 pwm=0 ball=114.87 vball=-31.77 aball=-167.0 bref=50.00 pid=-140.0 apid=-66.8 integ=-0.0 vision=1 current=1 vframe=748 vs=1 vage=25 vpage=25 vdt=101 vmax=187 vacc=748 vrej=0 seq=0 elapsed=0 oled=3C
[   5016] STATUS mode=3 fault=none p60=275 dp60=0 pwm=-140 ball=106.72 vball=-83.76 aball=-566.9 bref=50.00 pid=-140.0 apid=-226.8 integ=-0.0 vision=1 current=1 vframe=749 vs=1 vage=11 vpage=11 vdt=34 vmax=187 vacc=749 vrej=0 seq=0 elapsed=0 oled=3C
[   5047] STATUS mode=3 fault=none p60=274 dp60=0 pwm=0 ball=106.72 vball=-83.76 aball=-566.9 bref=50.00 pid=-140.0 apid=-226.8 integ=-0.0 vision=1 current=1 vframe=749 vs=1 vage=31 vpage=31 vdt=34 vmax=187 vacc=749 vrej=0 seq=0 elapsed=0 oled=3C
[   5063] STATUS mode=3 fault=none p60=272 dp60=-1 pwm=-140 ball=102.63 vball=-93.80 aball=-488.2 bref=50.00 pid=-140.0 apid=-195.3 integ=-0.0 vision=1 current=1 vframe=750 vs=1 vage=18 vpage=18 vdt=33 vmax=187 vacc=750 vrej=0 seq=0 elapsed=0 oled=3C
[   5077] STATUS mode=3 fault=none p60=266 dp60=-1 pwm=0 ball=102.63 vball=-93.80 aball=-488.2 bref=50.00 pid=-140.0 apid=-195.3 integ=-0.0 vision=1 current=1 vframe=750 vs=1 vage=38 vpage=38 vdt=33 vmax=187 vacc=750 vrej=0 seq=0 elapsed=0 oled=3C
[   5109] STATUS mode=3 fault=none p60=262 dp60=-1 pwm=0 ball=102.63 vball=-93.80 aball=-488.2 bref=50.00 pid=-140.0 apid=-195.3 integ=-0.0 vision=1 current=1 vframe=750 vs=1 vage=58 vpage=58 vdt=33 vmax=187 vacc=750 vrej=0 seq=0 elapsed=0 oled=3C
[   5125] STATUS mode=3 fault=none p60=259 dp60=-1 pwm=0 ball=102.63 vball=-93.80 aball=-488.2 bref=50.00 pid=-140.0 apid=-195.3 integ=-0.0 vision=1 current=1 vframe=750 vs=1 vage=78 vpage=78 vdt=33 vmax=187 vacc=750 vrej=0 seq=0 elapsed=0 oled=3C
[   5141] STATUS mode=3 fault=none p60=259 dp60=0 pwm=-140 ball=98.55 vball=-79.80 aball=-302.8 bref=50.00 pid=40.0 apid=-195.3 integ=-0.0 vision=1 current=1 vframe=750 vs=1 vage=98 vpage=98 vdt=33 vmax=187 vacc=750 vrej=0 seq=0 elapsed=0 oled=3C
[   5172] STATUS mode=3 fault=none p60=257 dp60=0 pwm=-140 ball=90.31 vball=-142.25 aball=-662.0 bref=50.00 pid=-140.0 apid=-264.8 integ=-0.0 vision=1 current=1 vframe=752 vs=1 vage=5 vpage=5 vdt=25 vmax=187 vacc=752 vrej=0 seq=0 elapsed=0 oled=3C
[   5188] STATUS mode=3 fault=none p60=254 dp60=-1 pwm=0 ball=90.31 vball=-142.25 aball=-662.0 bref=50.00 pid=-140.0 apid=-264.8 integ=-0.0 vision=1 current=1 vframe=752 vs=1 vage=25 vpage=25 vdt=25 vmax=187 vacc=752 vrej=0 seq=0 elapsed=0 oled=3C
[   5202] STATUS mode=3 fault=none p60=249 dp60=-1 pwm=-140 ball=86.31 vball=-136.99 aball=-415.6 bref=50.00 pid=-140.0 apid=-166.2 integ=-0.0 vision=1 current=1 vframe=753 vs=1 vage=12 vpage=12 vdt=33 vmax=187 vacc=753 vrej=0 seq=0 elapsed=0 oled=3C
[   5234] STATUS mode=3 fault=none p60=244 dp60=-2 pwm=0 ball=86.31 vball=-136.99 aball=-415.6 bref=50.00 pid=-140.0 apid=-166.2 integ=-0.0 vision=1 current=1 vframe=753 vs=1 vage=32 vpage=32 vdt=33 vmax=187 vacc=753 vrej=0 seq=0 elapsed=0 oled=3C
[   5250] STATUS mode=3 fault=none p60=240 dp60=0 pwm=0 ball=86.31 vball=-136.99 aball=-415.6 bref=50.00 pid=-140.0 apid=-166.2 integ=-0.0 vision=1 current=1 vframe=753 vs=1 vage=52 vpage=52 vdt=33 vmax=187 vacc=753 vrej=0 seq=0 elapsed=0 oled=3C
[   5266] STATUS mode=3 fault=none p60=238 dp60=0 pwm=0 ball=86.31 vball=-136.99 aball=-415.6 bref=50.00 pid=-140.0 apid=-166.2 integ=-0.0 vision=1 current=1 vframe=753 vs=1 vage=72 vpage=72 vdt=33 vmax=187 vacc=753 vrej=0 seq=0 elapsed=0 oled=3C
[   5297] STATUS mode=3 fault=none p60=235 dp60=-1 pwm=0 ball=86.31 vball=-136.99 aball=-415.6 bref=50.00 pid=-140.0 apid=-166.2 integ=-0.0 vision=1 current=1 vframe=753 vs=1 vage=92 vpage=92 vdt=33 vmax=187 vacc=753 vrej=0 seq=0 elapsed=0 oled=3C
[   5313] STATUS mode=3 fault=none p60=234 dp60=0 pwm=-140 ball=81.50 vball=-114.53 aball=-224.8 bref=50.00 pid=-140.0 apid=-89.9 integ=-0.0 vision=1 current=1 vframe=754 vs=1 vage=10 vpage=10 vdt=102 vmax=187 vacc=754 vrej=0 seq=0 elapsed=0 oled=3C
[   5327] STATUS mode=3 fault=none p60=231 dp60=-1 pwm=0 ball=81.50 vball=-114.53 aball=-224.8 bref=50.00 pid=-140.0 apid=-89.9 integ=-0.0 vision=1 current=1 vframe=754 vs=1 vage=30 vpage=30 vdt=102 vmax=187 vacc=754 vrej=0 seq=0 elapsed=0 oled=3C
[   5359] STATUS mode=3 fault=none p60=229 dp60=-1 pwm=-140 ball=71.73 vball=-155.68 aball=-510.1 bref=50.00 pid=-140.0 apid=-204.1 integ=-0.0 vision=1 current=1 vframe=755 vs=1 vage=15 vpage=15 vdt=35 vmax=187 vacc=755 vrej=0 seq=0 elapsed=0 oled=3C
[   5375] STATUS mode=3 fault=none p60=223 dp60=-2 pwm=-140 ball=67.50 vball=-152.01 aball=-320.4 bref=50.00 pid=-140.0 apid=-128.2 integ=-0.0 vision=1 current=1 vframe=756 vs=1 vage=5 vpage=5 vdt=30 vmax=187 vacc=756 vrej=0 seq=0 elapsed=0 oled=3C
[   5391] STATUS mode=3 fault=none p60=217 dp60=-2 pwm=0 ball=67.50 vball=-152.01 aball=-320.4 bref=50.00 pid=-140.0 apid=-128.2 integ=-0.0 vision=1 current=1 vframe=756 vs=1 vage=25 vpage=25 vdt=30 vmax=187 vacc=756 vrej=0 seq=0 elapsed=0 oled=3C
[   5422] STATUS mode=3 fault=none p60=211 dp60=-1 pwm=0 ball=67.50 vball=-152.01 aball=-320.4 bref=50.00 pid=-140.0 apid=-128.2 integ=-0.0 vision=1 current=1 vframe=756 vs=1 vage=45 vpage=45 vdt=30 vmax=187 vacc=756 vrej=0 seq=0 elapsed=0 oled=3C
[   5438] STATUS mode=3 fault=none p60=206 dp60=-1 pwm=0 ball=67.50 vball=-152.01 aball=-320.4 bref=50.00 pid=-140.0 apid=-128.2 integ=-0.0 vision=1 current=1 vframe=756 vs=1 vage=65 vpage=65 vdt=30 vmax=187 vacc=756 vrej=0 seq=0 elapsed=0 oled=3C
[   5452] STATUS mode=3 fault=none p60=204 dp60=0 pwm=0 ball=67.50 vball=-152.01 aball=-320.4 bref=50.00 pid=-140.0 apid=-128.2 integ=-0.0 vision=1 current=1 vframe=756 vs=1 vage=85 vpage=85 vdt=30 vmax=187 vacc=756 vrej=0 seq=0 elapsed=0 oled=3C
[   5484] STATUS mode=3 fault=none p60=201 dp60=-1 pwm=0 ball=61.68 vball=-128.00 aball=-320.4 bref=50.00 pid=-140.0 apid=-128.2 integ=-0.0 vision=1 current=1 vframe=757 vs=1 vage=1 vpage=1 vdt=104 vmax=187 vacc=757 vrej=0 seq=0 elapsed=0 oled=3C
[   5500] STATUS mode=3 fault=none p60=198 dp60=-1 pwm=0 ball=61.68 vball=-128.00 aball=-155.0 bref=50.00 pid=-140.0 apid=-62.0 integ=-0.0 vision=1 current=1 vframe=757 vs=1 vage=21 vpage=21 vdt=104 vmax=187 vacc=757 vrej=0 seq=0 elapsed=0 oled=3C
[   5516] STATUS mode=3 fault=none p60=195 dp60=-1 pwm=-140 ball=51.98 vball=-179.62 aball=-558.5 bref=50.00 pid=-140.0 apid=-223.4 integ=-0.0 vision=1 current=1 vframe=758 vs=1 vage=12 vpage=12 vdt=29 vmax=187 vacc=758 vrej=0 seq=0 elapsed=0 oled=3C
[   5547] STATUS mode=3 fault=none p60=188 dp60=-2 pwm=0 ball=51.98 vball=-179.62 aball=-558.5 bref=50.00 pid=-140.0 apid=-223.4 integ=-0.0 vision=1 current=1 vframe=758 vs=1 vage=32 vpage=32 vdt=29 vmax=187 vacc=758 vrej=0 seq=0 elapsed=0 oled=3C
[   5563] STATUS mode=3 fault=none p60=182 dp60=-2 pwm=-140 ball=47.65 vball=-167.52 aball=-280.9 bref=50.00 pid=-140.0 apid=-112.4 integ=-0.0 vision=1 current=1 vframe=759 vs=1 vage=19 vpage=19 vdt=33 vmax=187 vacc=759 vrej=0 seq=0 elapsed=0 oled=3C
[   5577] STATUS mode=3 fault=none p60=175 dp60=-2 pwm=0 ball=47.65 vball=-167.52 aball=-280.9 bref=50.00 pid=-140.0 apid=-112.4 integ=-0.0 vision=1 current=1 vframe=759 vs=1 vage=39 vpage=39 vdt=33 vmax=187 vacc=759 vrej=0 seq=0 elapsed=0 oled=3C
[   5609] STATUS mode=3 fault=none p60=170 dp60=-1 pwm=0 ball=47.65 vball=-167.52 aball=-280.9 bref=50.00 pid=-140.0 apid=-112.4 integ=-0.0 vision=1 current=1 vframe=759 vs=1 vage=59 vpage=59 vdt=33 vmax=187 vacc=759 vrej=0 seq=0 elapsed=0 oled=3C
[   5625] STATUS mode=3 fault=none p60=167 dp60=-1 pwm=0 ball=47.65 vball=-167.52 aball=-280.9 bref=50.00 pid=-140.0 apid=-112.4 integ=-0.0 vision=1 current=1 vframe=759 vs=1 vage=79 vpage=79 vdt=33 vmax=187 vacc=759 vrej=0 seq=0 elapsed=0 oled=3C
[   5641] STATUS mode=3 fault=none p60=164 dp60=-1 pwm=0 ball=47.65 vball=-167.52 aball=-280.9 bref=50.00 pid=-140.0 apid=-112.4 integ=-0.0 vision=1 current=1 vframe=759 vs=1 vage=99 vpage=99 vdt=33 vmax=187 vacc=759 vrej=0 seq=0 elapsed=0 oled=3C
[   5672] STATUS mode=3 fault=none p60=164 dp60=0 pwm=-140 ball=41.75 vball=-140.39 aball=-115.3 bref=50.00 pid=-140.0 apid=-46.1 integ=-0.0 vision=1 current=1 vframe=760 vs=1 vage=19 vpage=19 vdt=100 vmax=187 vacc=760 vrej=0 seq=0 elapsed=0 oled=3C
[   5688] STATUS mode=3 fault=none p60=160 dp60=-1 pwm=0 ball=34.37 vball=-193.15 aball=-530.7 bref=50.00 pid=-140.0 apid=-212.3 integ=-0.0 vision=1 current=0 vframe=762 vs=0 vage=38 vpage=10 vdt=21 vmax=187 vacc=761 vrej=0 seq=0 elapsed=0 oled=3C
[   5702] STATUS mode=3 fault=none p60=158 dp60=0 pwm=0 ball=34.37 vball=-193.15 aball=-530.7 bref=50.00 pid=-140.0 apid=-212.3 integ=-0.0 vision=1 current=0 vframe=762 vs=0 vage=58 vpage=30 vdt=21 vmax=187 vacc=761 vrej=0 seq=0 elapsed=0 oled=3C
[   5734] STATUS mode=3 fault=none p60=156 dp60=0 pwm=0 ball=34.37 vball=-193.15 aball=-530.7 bref=50.00 pid=-140.0 apid=-212.3 integ=-0.0 vision=1 current=0 vframe=762 vs=0 vage=78 vpage=50 vdt=21 vmax=187 vacc=761 vrej=0 seq=0 elapsed=0 oled=3C
[   5750] STATUS mode=3 fault=none p60=155 dp60=0 pwm=0 ball=34.37 vball=-193.15 aball=-530.7 bref=50.00 pid=-140.0 apid=-212.3 integ=-0.0 vision=1 current=0 vframe=762 vs=0 vage=98 vpage=70 vdt=21 vmax=187 vacc=761 vrej=0 seq=0 elapsed=0 oled=3C
[   5766] STATUS mode=3 fault=none p60=156 dp60=0 pwm=0 ball=34.37 vball=-193.15 aball=-530.7 bref=50.00 pid=-140.0 apid=-212.3 integ=-0.0 vision=1 current=0 vframe=762 vs=0 vage=118 vpage=90 vdt=21 vmax=187 vacc=761 vrej=0 seq=0 elapsed=0 oled=3C
[   5797] STATUS mode=3 fault=none p60=156 dp60=0 pwm=-140 ball=23.44 vball=-166.04 aball=-308.4 bref=50.00 pid=-140.0 apid=-123.4 integ=-0.0 vision=1 current=1 vframe=763 vs=1 vage=9 vpage=9 vdt=129 vmax=187 vacc=762 vrej=0 seq=0 elapsed=0 oled=3C
[   5813] STATUS mode=3 fault=none p60=154 dp60=-1 pwm=0 ball=23.44 vball=-166.04 aball=-308.4 bref=50.00 pid=-140.0 apid=-123.4 integ=-0.0 vision=1 current=1 vframe=763 vs=1 vage=29 vpage=29 vdt=129 vmax=187 vacc=762 vrej=0 seq=0 elapsed=0 oled=3C
[   5827] STATUS mode=3 fault=none p60=152 dp60=-1 pwm=-140 ball=14.86 vball=-187.62 aball=-406.3 bref=50.00 pid=-140.0 apid=-162.5 integ=-0.0 vision=1 current=1 vframe=764 vs=1 vage=15 vpage=15 vdt=34 vmax=187 vacc=763 vrej=0 seq=0 elapsed=0 oled=3C
[   5859] STATUS mode=3 fault=none p60=148 dp60=-1 pwm=0 ball=11.74 vball=-164.35 aball=-406.3 bref=50.00 pid=-140.0 apid=-162.5 integ=-0.0 vision=1 current=1 vframe=765 vs=1 vage=2 vpage=2 vdt=33 vmax=187 vacc=764 vrej=0 seq=0 elapsed=0 oled=3C
[   5875] STATUS mode=3 fault=none p60=144 dp60=-1 pwm=0 ball=11.74 vball=-164.35 aball=-72.9 bref=50.00 pid=-140.0 apid=-29.1 integ=-0.0 vision=1 current=1 vframe=765 vs=1 vage=22 vpage=22 vdt=33 vmax=187 vacc=764 vrej=0 seq=0 elapsed=0 oled=3C
[   5891] STATUS mode=3 fault=none p60=139 dp60=-1 pwm=0 ball=11.74 vball=-164.35 aball=-72.9 bref=50.00 pid=-140.0 apid=-29.1 integ=-0.0 vision=1 current=1 vframe=765 vs=1 vage=42 vpage=42 vdt=33 vmax=187 vacc=764 vrej=0 seq=0 elapsed=0 oled=3C
[   5907] STATUS mode=3 fault=none p60=137 dp60=0 pwm=0 ball=11.74 vball=-164.35 aball=-72.9 bref=50.00 pid=-140.0 apid=-29.1 integ=-0.0 vision=1 current=1 vframe=765 vs=1 vage=62 vpage=62 vdt=33 vmax=187 vacc=764 vrej=0 seq=0 elapsed=0 oled=3C
[   5938] STATUS mode=3 fault=none p60=137 dp60=0 pwm=0 ball=11.74 vball=-164.35 aball=-72.9 bref=50.00 pid=-140.0 apid=-29.1 integ=-0.0 vision=1 current=1 vframe=765 vs=1 vage=82 vpage=82 vdt=33 vmax=187 vacc=764 vrej=0 seq=0 elapsed=0 oled=3C
[   5952] STATUS mode=3 fault=none p60=138 dp60=0 pwm=0 ball=11.74 vball=-164.35 aball=-72.9 bref=50.00 pid=-140.0 apid=-29.1 integ=-0.0 vision=1 current=0 vframe=766 vs=0 vage=102 vpage=7 vdt=33 vmax=187 vacc=764 vrej=0 seq=0 elapsed=0 oled=3C
[   5968] STATUS mode=3 fault=none p60=139 dp60=0 pwm=0 ball=4.32 vball=-138.98 aball=-72.9 bref=50.00 pid=-140.0 apid=-29.1 integ=-0.0 vision=1 current=1 vframe=767 vs=1 vage=4 vpage=4 vdt=118 vmax=187 vacc=765 vrej=0 seq=0 elapsed=0 oled=3C
[   6000] STATUS mode=3 fault=none p60=138 dp60=0 pwm=0 ball=4.32 vball=-138.98 aball=13.5 bref=50.00 pid=-140.0 apid=5.4 integ=-0.0 vision=1 current=1 vframe=767 vs=1 vage=24 vpage=24 vdt=118 vmax=187 vacc=765 vrej=0 seq=0 elapsed=0 oled=3C
[   6016] STATUS mode=3 fault=none p60=135 dp60=0 pwm=-140 ball=-4.03 vball=-169.47 aball=-276.4 bref=50.00 pid=-140.0 apid=-110.6 integ=-0.0 vision=1 current=1 vframe=768 vs=1 vage=12 vpage=12 vdt=32 vmax=187 vacc=766 vrej=0 seq=0 elapsed=0 oled=3C
[   6032] STATUS mode=3 fault=none p60=129 dp60=-1 pwm=0 ball=-4.03 vball=-169.47 aball=-276.4 bref=50.00 pid=-140.0 apid=-110.6 integ=-0.0 vision=1 current=1 vframe=768 vs=1 vage=32 vpage=32 vdt=32 vmax=187 vacc=766 vrej=0 seq=0 elapsed=0 oled=3C
[   6063] STATUS mode=3 fault=none p60=124 dp60=-1 pwm=0 ball=-4.03 vball=-169.47 aball=-276.4 bref=50.00 pid=-140.0 apid=-110.6 integ=-0.0 vision=1 current=1 vframe=768 vs=1 vage=52 vpage=52 vdt=32 vmax=187 vacc=766 vrej=0 seq=0 elapsed=0 oled=3C
[   6077] STATUS mode=3 fault=none p60=121 dp60=0 pwm=0 ball=-4.03 vball=-169.47 aball=-276.4 bref=50.00 pid=-140.0 apid=-110.6 integ=-0.0 vision=1 current=1 vframe=768 vs=1 vage=72 vpage=72 vdt=32 vmax=187 vacc=766 vrej=0 seq=0 elapsed=0 oled=3C
[   6093] STATUS mode=3 fault=none p60=120 dp60=0 pwm=0 ball=-4.03 vball=-169.47 aball=-276.4 bref=50.00 pid=-140.0 apid=-110.6 integ=-0.0 vision=1 current=1 vframe=768 vs=1 vage=92 vpage=92 vdt=32 vmax=187 vacc=766 vrej=0 seq=0 elapsed=0 oled=3C
[   6125] STATUS mode=3 fault=none p60=121 dp60=0 pwm=-140 ball=-10.00 vball=-142.03 aball=-111.1 bref=50.00 pid=-140.0 apid=-44.5 integ=-0.0 vision=1 current=1 vframe=769 vs=1 vage=12 vpage=12 vdt=100 vmax=187 vacc=767 vrej=0 seq=0 elapsed=0 oled=3C
[   6141] STATUS mode=3 fault=none p60=119 dp60=-1 pwm=0 ball=-10.00 vball=-142.03 aball=-111.1 bref=50.00 pid=-140.0 apid=-44.5 integ=-0.0 vision=1 current=1 vframe=769 vs=1 vage=32 vpage=32 vdt=100 vmax=187 vacc=767 vrej=0 seq=0 elapsed=0 oled=3C
[   6157] STATUS mode=3 fault=none p60=119 dp60=0 pwm=-140 ball=-15.50 vball=-146.96 aball=-121.3 bref=50.00 pid=-140.0 apid=-48.5 integ=-0.0 vision=1 current=1 vframe=770 vs=1 vage=18 vpage=18 vdt=34 vmax=187 vacc=768 vrej=0 seq=0 elapsed=0 oled=3C
[   6188] STATUS mode=3 fault=none p60=118 dp60=0 pwm=0 ball=-15.50 vball=-146.96 aball=-121.3 bref=50.00 pid=-140.0 apid=-48.5 integ=-0.0 vision=1 current=1 vframe=770 vs=1 vage=38 vpage=38 vdt=34 vmax=187 vacc=768 vrej=0 seq=0 elapsed=0 oled=3C
[   6202] STATUS mode=3 fault=none p60=118 dp60=0 pwm=0 ball=-15.50 vball=-146.96 aball=-121.3 bref=50.00 pid=-140.0 apid=-48.5 integ=-0.0 vision=1 current=1 vframe=770 vs=1 vage=58 vpage=58 vdt=34 vmax=187 vacc=768 vrej=0 seq=0 elapsed=0 oled=3C
[   6218] STATUS mode=3 fault=none p60=118 dp60=0 pwm=0 ball=-15.50 vball=-146.96 aball=-121.3 bref=50.00 pid=-140.0 apid=-48.5 integ=-0.0 vision=1 current=1 vframe=770 vs=1 vage=78 vpage=78 vdt=34 vmax=187 vacc=768 vrej=0 seq=0 elapsed=0 oled=3C
[   6250] STATUS mode=3 fault=none p60=118 dp60=0 pwm=0 ball=-15.50 vball=-146.96 aball=-121.3 bref=50.00 pid=-140.0 apid=-48.5 integ=-0.0 vision=1 current=1 vframe=770 vs=1 vage=98 vpage=98 vdt=34 vmax=187 vacc=768 vrej=0 seq=0 elapsed=0 oled=3C
[   6266] STATUS mode=3 fault=none p60=112 dp60=-1 pwm=-140 ball=-24.21 vball=-163.12 aball=-187.5 bref=50.00 pid=0.0 apid=1.7 integ=-0.0 vision=1 current=1 vframe=772 vs=1 vage=4 vpage=4 vdt=11 vmax=187 vacc=770 vrej=0 seq=0 elapsed=0 oled=3C
[   6282] STATUS mode=3 fault=none p60=104 dp60=-2 pwm=-140 ball=-24.21 vball=-163.12 aball=-187.5 bref=50.00 pid=-140.0 apid=-75.0 integ=-0.0 vision=1 current=1 vframe=773 vs=1 vage=26 vpage=26 vdt=18 vmax=187 vacc=771 vrej=0 seq=0 elapsed=0 oled=3C
[   6313] STATUS mode=3 fault=none p60=96 dp60=-2 pwm=-140 ball=-26.30 vball=-137.71 aball=93.0 bref=50.00 pid=-140.0 apid=37.2 integ=-0.0 vision=1 current=1 vframe=774 vs=1 vage=12 vpage=12 vdt=34 vmax=187 vacc=772 vrej=0 seq=0 elapsed=0 oled=3C
[   6327] STATUS mode=3 fault=none p60=87 dp60=-2 pwm=0 ball=-26.30 vball=-137.71 aball=93.0 bref=50.00 pid=-140.0 apid=37.2 integ=-0.0 vision=1 current=1 vframe=774 vs=1 vage=32 vpage=32 vdt=34 vmax=187 vacc=772 vrej=0 seq=0 elapsed=0 oled=3C
[   6343] STATUS mode=3 fault=none p60=80 dp60=-1 pwm=0 ball=-26.30 vball=-137.71 aball=93.0 bref=50.00 pid=-140.0 apid=37.2 integ=-0.0 vision=1 current=1 vframe=774 vs=1 vage=52 vpage=52 vdt=34 vmax=187 vacc=772 vrej=0 seq=0 elapsed=0 oled=3C
[   6359] STATUS mode=3 fault=none p60=75 dp60=-1 pwm=0 ball=-26.30 vball=-137.71 aball=93.0 bref=50.00 pid=-140.0 apid=37.2 integ=-0.0 vision=1 current=1 vframe=774 vs=1 vage=72 vpage=72 vdt=34 vmax=187 vacc=772 vrej=0 seq=0 elapsed=0 oled=3C
[   6391] STATUS mode=3 fault=none p60=73 dp60=-1 pwm=0 ball=-26.30 vball=-137.71 aball=93.0 bref=50.00 pid=-140.0 apid=37.2 integ=-0.0 vision=1 current=1 vframe=774 vs=1 vage=92 vpage=92 vdt=34 vmax=187 vacc=772 vrej=0 seq=0 elapsed=0 oled=3C
[   6407] STATUS mode=3 fault=none p60=71 dp60=-1 pwm=-140 ball=-30.35 vball=-113.72 aball=139.3 bref=50.00 pid=-140.0 apid=55.7 integ=-0.0 vision=1 current=1 vframe=775 vs=1 vage=15 vpage=15 vdt=97 vmax=187 vacc=773 vrej=0 seq=0 elapsed=0 oled=3C
[   6422] STATUS mode=3 fault=none p60=65 dp60=-1 pwm=0 ball=-30.35 vball=-113.72 aball=139.3 bref=50.00 pid=-140.0 apid=55.7 integ=-0.0 vision=1 current=1 vframe=775 vs=1 vage=35 vpage=35 vdt=97 vmax=187 vacc=773 vrej=0 seq=0 elapsed=0 oled=3C
[   6452] STATUS mode=3 fault=none p60=60 dp60=-2 pwm=-140 ball=-32.13 vball=-97.65 aball=231.4 bref=50.00 pid=-140.0 apid=92.6 integ=-0.0 vision=1 current=1 vframe=776 vs=1 vage=19 vpage=19 vdt=36 vmax=187 vacc=774 vrej=0 seq=0 elapsed=0 oled=3C
[   6468] STATUS mode=3 fault=none p60=54 dp60=-2 pwm=0 ball=-32.13 vball=-97.65 aball=231.4 bref=50.00 pid=-140.0 apid=92.6 integ=-0.0 vision=1 current=1 vframe=776 vs=1 vage=39 vpage=39 vdt=36 vmax=187 vacc=774 vrej=0 seq=0 elapsed=0 oled=3C
[   6484] STATUS mode=3 fault=none p60=50 dp60=-1 pwm=0 ball=-32.13 vball=-97.65 aball=231.4 bref=50.00 pid=-140.0 apid=92.6 integ=-0.0 vision=1 current=1 vframe=776 vs=1 vage=59 vpage=59 vdt=36 vmax=187 vacc=774 vrej=0 seq=0 elapsed=0 oled=3C
[   6516] STATUS mode=3 fault=none p60=48 dp60=0 pwm=0 ball=-32.13 vball=-97.65 aball=231.4 bref=50.00 pid=-140.0 apid=92.6 integ=-0.0 vision=1 current=1 vframe=776 vs=1 vage=79 vpage=79 vdt=36 vmax=187 vacc=774 vrej=0 seq=0 elapsed=0 oled=3C
[   6532] STATUS mode=3 fault=none p60=47 dp60=0 pwm=0 ball=-32.13 vball=-97.65 aball=231.4 bref=50.00 pid=-140.0 apid=92.6 integ=-0.0 vision=1 current=1 vframe=776 vs=1 vage=99 vpage=99 vdt=36 vmax=187 vacc=774 vrej=0 seq=0 elapsed=0 oled=3C
[   6547] STATUS mode=3 fault=none p60=45 dp60=0 pwm=-140 ball=-35.68 vball=-119.73 aball=222.4 bref=50.00 pid=-140.0 apid=89.0 integ=-0.0 vision=1 current=1 vframe=778 vs=1 vage=4 vpage=4 vdt=9 vmax=187 vacc=776 vrej=0 seq=0 elapsed=0 oled=3C
[   6577] STATUS mode=3 fault=none p60=40 dp60=-1 pwm=-140 ball=-35.25 vball=-85.12 aball=-294.3 bref=50.00 pid=-140.0 apid=-117.7 integ=-0.0 vision=1 current=1 vframe=779 vs=1 vage=1 vpage=1 vdt=23 vmax=187 vacc=777 vrej=0 seq=0 elapsed=0 oled=3C
[   6593] STATUS mode=3 fault=none p60=33 dp60=-2 pwm=-140 ball=-35.25 vball=-85.12 aball=244.0 bref=50.00 pid=-140.0 apid=97.6 integ=-0.0 vision=1 current=1 vframe=779 vs=1 vage=21 vpage=21 vdt=23 vmax=187 vacc=777 vrej=0 seq=0 elapsed=0 oled=3C
[   6609] STATUS mode=3 fault=none p60=24 dp60=-2 pwm=-140 ball=-34.80 vball=-59.82 aball=441.8 bref=50.00 pid=-140.0 apid=176.7 integ=-0.0 vision=1 current=1 vframe=780 vs=1 vage=13 vpage=13 vdt=28 vmax=187 vacc=778 vrej=0 seq=0 elapsed=0 oled=3C
[   6641] STATUS mode=3 fault=none p60=13 dp60=-3 pwm=0 ball=-34.80 vball=-59.82 aball=441.8 bref=50.00 pid=-140.0 apid=176.7 integ=-0.0 vision=1 current=1 vframe=780 vs=1 vage=33 vpage=33 vdt=28 vmax=187 vacc=778 vrej=0 seq=0 elapsed=0 oled=3C
[   6657] STATUS mode=3 fault=none p60=5 dp60=-2 pwm=0 ball=-34.80 vball=-59.82 aball=441.8 bref=50.00 pid=-140.0 apid=176.7 integ=-0.0 vision=1 current=1 vframe=780 vs=1 vage=53 vpage=53 vdt=28 vmax=187 vacc=778 vrej=0 seq=0 elapsed=0 oled=3C
[   6672] STATUS mode=3 fault=none p60=0 dp60=-1 pwm=0 ball=-34.80 vball=-59.82 aball=441.8 bref=50.00 pid=-140.0 apid=176.7 integ=-0.0 vision=1 current=1 vframe=780 vs=1 vage=73 vpage=73 vdt=28 vmax=187 vacc=778 vrej=0 seq=0 elapsed=0 oled=3C
[   6688] STATUS mode=3 fault=none p60=-3 dp60=0 pwm=0 ball=-34.80 vball=-59.82 aball=441.8 bref=50.00 pid=-140.0 apid=176.7 integ=-0.0 vision=1 current=1 vframe=780 vs=1 vage=93 vpage=93 vdt=28 vmax=187 vacc=778 vrej=0 seq=0 elapsed=0 oled=3C
[   6718] STATUS mode=3 fault=none p60=-6 dp60=-1 pwm=-140 ball=-36.35 vball=-48.82 aball=343.0 bref=50.00 pid=-140.0 apid=137.2 integ=-0.0 vision=1 current=1 vframe=781 vs=1 vage=15 vpage=15 vdt=98 vmax=187 vacc=779 vrej=0 seq=0 elapsed=0 oled=3C
[   6734] STATUS mode=3 fault=none p60=-12 dp60=-1 pwm=0 ball=-36.35 vball=-48.82 aball=343.0 bref=50.00 pid=-140.0 apid=137.2 integ=-0.0 vision=1 current=1 vframe=781 vs=1 vage=35 vpage=35 vdt=98 vmax=187 vacc=779 vrej=0 seq=0 elapsed=0 oled=3C
[   6766] STATUS mode=3 fault=none p60=-16 dp60=-1 pwm=0 ball=-32.78 vball=-13.13 aball=521.9 bref=50.00 pid=-13.9 apid=208.7 integ=-0.0 vision=1 current=1 vframe=782 vs=1 vage=17 vpage=17 vdt=38 vmax=187 vacc=780 vrej=0 seq=0 elapsed=0 oled=3C
[   6782] STATUS mode=3 fault=none p60=-21 dp60=-1 pwm=0 ball=-32.78 vball=-13.13 aball=521.9 bref=50.00 pid=-13.9 apid=208.7 integ=-0.0 vision=1 current=1 vframe=782 vs=1 vage=37 vpage=37 vdt=38 vmax=187 vacc=780 vrej=0 seq=0 elapsed=0 oled=3C
[   6797] STATUS mode=3 fault=none p60=-24 dp60=-1 pwm=0 ball=-32.78 vball=-13.13 aball=521.9 bref=50.00 pid=-13.9 apid=208.7 integ=-0.0 vision=1 current=1 vframe=782 vs=1 vage=57 vpage=57 vdt=38 vmax=187 vacc=780 vrej=0 seq=0 elapsed=0 oled=3C
[   6813] STATUS mode=3 fault=none p60=-26 dp60=0 pwm=0 ball=-32.78 vball=-13.13 aball=521.9 bref=50.00 pid=-13.9 apid=208.7 integ=-0.0 vision=1 current=1 vframe=782 vs=1 vage=77 vpage=77 vdt=38 vmax=187 vacc=780 vrej=0 seq=0 elapsed=0 oled=3C
[   6843] STATUS mode=3 fault=none p60=-27 dp60=0 pwm=0 ball=-32.78 vball=-13.13 aball=521.9 bref=50.00 pid=-13.9 apid=208.7 integ=-0.0 vision=1 current=1 vframe=782 vs=1 vage=97 vpage=97 vdt=38 vmax=187 vacc=780 vrej=0 seq=0 elapsed=0 oled=3C
[   6859] STATUS mode=3 fault=none p60=-26 dp60=0 pwm=-115 ball=-31.78 vball=-7.47 aball=381.5 bref=50.00 pid=-26.1 apid=152.6 integ=-0.0 vision=1 current=0 vframe=784 vs=0 vage=12 vpage=4 vdt=105 vmax=187 vacc=781 vrej=0 seq=0 elapsed=0 oled=3C
[   6875] STATUS mode=3 fault=none p60=-27 dp60=0 pwm=0 ball=-31.78 vball=-7.47 aball=381.5 bref=50.00 pid=-26.1 apid=152.6 integ=-0.0 vision=1 current=0 vframe=784 vs=0 vage=32 vpage=24 vdt=105 vmax=187 vacc=781 vrej=0 seq=0 elapsed=0 oled=3C
[   6907] STATUS mode=3 fault=none p60=-27 dp60=0 pwm=0 ball=-31.78 vball=-7.47 aball=381.5 bref=50.00 pid=-26.1 apid=152.6 integ=-0.0 vision=1 current=0 vframe=785 vs=0 vage=52 vpage=10 vdt=105 vmax=187 vacc=781 vrej=0 seq=0 elapsed=0 oled=3C
[   6922] STATUS mode=3 fault=none p60=-26 dp60=0 pwm=0 ball=-31.78 vball=-7.47 aball=381.5 bref=50.00 pid=-26.1 apid=152.6 integ=-0.0 vision=1 current=0 vframe=785 vs=0 vage=72 vpage=30 vdt=105 vmax=187 vacc=781 vrej=0 seq=0 elapsed=0 oled=3C
[   6938] STATUS mode=3 fault=none p60=-26 dp60=0 pwm=0 ball=-31.78 vball=-7.47 aball=381.5 bref=50.00 pid=-26.1 apid=152.6 integ=-0.0 vision=1 current=0 vframe=785 vs=0 vage=92 vpage=50 vdt=105 vmax=187 vacc=781 vrej=0 seq=0 elapsed=0 oled=3C
[   6968] STATUS mode=3 fault=none p60=-26 dp60=0 pwm=0 ball=-31.78 vball=-7.47 aball=381.5 bref=50.00 pid=-26.1 apid=152.6 integ=-0.0 vision=1 current=0 vframe=785 vs=0 vage=112 vpage=70 vdt=105 vmax=187 vacc=781 vrej=0 seq=0 elapsed=0 oled=3C
[   6984] STATUS mode=3 fault=none p60=-26 dp60=0 pwm=0 ball=-31.78 vball=-7.47 aball=381.5 bref=50.00 pid=-26.1 apid=152.6 integ=-0.0 vision=1 current=0 vframe=785 vs=0 vage=132 vpage=90 vdt=105 vmax=187 vacc=781 vrej=0 seq=0 elapsed=0 oled=3C
[   7000] STATUS mode=3 fault=none p60=-26 dp60=0 pwm=0 ball=-31.78 vball=-7.47 aball=381.5 bref=50.00 pid=-26.1 apid=152.6 integ=-0.0 vision=1 current=0 vframe=786 vs=0 vage=152 vpage=4 vdt=105 vmax=187 vacc=781 vrej=0 seq=0 elapsed=0 oled=3C
[   7016] STATUS mode=3 fault=none p60=-26 dp60=0 pwm=-130 ball=-26.49 vball=2.72 aball=0.0 bref=50.00 pid=-94.4 apid=0.0 integ=-0.0 vision=1 current=1 vframe=787 vs=1 vage=13 vpage=13 vdt=159 vmax=187 vacc=782 vrej=0 seq=0 elapsed=0 oled=3C
[   7047] STATUS mode=3 fault=none p60=-27 dp60=-1 pwm=0 ball=-26.49 vball=2.72 aball=0.0 bref=50.00 pid=-94.4 apid=0.0 integ=-0.0 vision=1 current=0 vframe=788 vs=0 vage=33 vpage=14 vdt=159 vmax=187 vacc=782 vrej=0 seq=0 elapsed=0 oled=3C
[   7063] STATUS mode=3 fault=none p60=-29 dp60=0 pwm=0 ball=-26.49 vball=2.72 aball=0.0 bref=50.00 pid=-94.4 apid=0.0 integ=-0.0 vision=1 current=0 vframe=788 vs=0 vage=53 vpage=34 vdt=159 vmax=187 vacc=782 vrej=0 seq=0 elapsed=0 oled=3C
[   7077] STATUS mode=3 fault=none p60=-28 dp60=1 pwm=140 ball=-15.01 vball=54.22 aball=280.9 bref=50.00 pid=140.0 apid=112.4 integ=-0.0 vision=1 current=1 vframe=789 vs=1 vage=18 vpage=18 vdt=55 vmax=187 vacc=783 vrej=0 seq=0 elapsed=0 oled=3C
[   7109] STATUS mode=3 fault=none p60=-24 dp60=1 pwm=0 ball=-15.01 vball=54.22 aball=280.9 bref=50.00 pid=140.0 apid=112.4 integ=-0.0 vision=1 current=1 vframe=789 vs=1 vage=38 vpage=38 vdt=55 vmax=187 vacc=783 vrej=0 seq=0 elapsed=0 oled=3C
[   7125] STATUS mode=3 fault=none p60=-23 dp60=0 pwm=0 ball=-15.01 vball=54.22 aball=280.9 bref=50.00 pid=140.0 apid=112.4 integ=-0.0 vision=1 current=1 vframe=789 vs=1 vage=58 vpage=58 vdt=55 vmax=187 vacc=783 vrej=0 seq=0 elapsed=0 oled=3C
[   7141] STATUS mode=3 fault=none p60=-25 dp60=0 pwm=0 ball=-15.01 vball=54.22 aball=280.9 bref=50.00 pid=140.0 apid=112.4 integ=-0.0 vision=1 current=1 vframe=789 vs=1 vage=98 vpage=98 vdt=55 vmax=187 vacc=783 vrej=0 seq=0 elapsed=0 oled=3C
[   7172] STATUS mode=3 fault=none p60=-26 dp60=0 pwm=0 ball=-15.01 vball=54.22 aball=280.9 bref=50.00 pid=140.0 apid=112.4 integ=-0.0 vision=1 current=1 vframe=789 vs=1 vage=118 vpage=118 vdt=55 vmax=187 vacc=783 vrej=0 seq=0 elapsed=0 oled=3C
[   7188] STATUS mode=3 fault=none p60=-26 dp60=0 pwm=0 ball=-15.01 vball=54.22 aball=280.9 bref=50.00 pid=140.0 apid=112.4 integ=-0.0 vision=1 current=1 vframe=789 vs=1 vage=138 vpage=138 vdt=55 vmax=187 vacc=783 vrej=0 seq=0 elapsed=0 oled=3C
[   7202] STATUS mode=3 fault=none p60=-26 dp60=0 pwm=0 ball=-15.01 vball=54.22 aball=280.9 bref=50.00 pid=140.0 apid=112.4 integ=-0.0 vision=1 current=1 vframe=789 vs=1 vage=158 vpage=158 vdt=55 vmax=187 vacc=783 vrej=0 seq=0 elapsed=0 oled=3C
[   7234] STATUS mode=3 fault=none p60=-26 dp60=0 pwm=140 ball=-11.52 vball=45.92 aball=0.0 bref=50.00 pid=140.0 apid=0.0 integ=-0.0 vision=1 current=1 vframe=790 vs=1 vage=12 vpage=12 vdt=166 vmax=187 vacc=784 vrej=0 seq=0 elapsed=0 oled=3C
[   7250] STATUS mode=3 fault=none p60=-23 dp60=1 pwm=0 ball=5.07 vball=172.69 aball=0.0 bref=50.00 pid=140.0 apid=0.0 integ=-0.0 vision=1 current=1 vframe=791 vs=1 vage=2 vpage=2 vdt=30 vmax=187 vacc=785 vrej=0 seq=0 elapsed=0 oled=3C
[   7266] STATUS mode=3 fault=none p60=-21 dp60=1 pwm=0 ball=5.07 vball=172.69 aball=450.0 bref=50.00 pid=140.0 apid=180.0 integ=-0.0 vision=1 current=1 vframe=791 vs=1 vage=22 vpage=22 vdt=30 vmax=187 vacc=785 vrej=0 seq=0 elapsed=0 oled=3C
[   7282] STATUS mode=3 fault=none p60=-18 dp60=1 pwm=140 ball=10.53 vball=169.67 aball=288.3 bref=50.00 pid=140.0 apid=115.3 integ=-0.0 vision=1 current=1 vframe=792 vs=1 vage=8 vpage=8 vdt=34 vmax=187 vacc=786 vrej=0 seq=0 elapsed=0 oled=3C
[   7313] STATUS mode=3 fault=none p60=-14 dp60=2 pwm=0 ball=10.53 vball=169.67 aball=288.3 bref=50.00 pid=140.0 apid=115.3 integ=-0.0 vision=1 current=1 vframe=792 vs=1 vage=28 vpage=28 vdt=34 vmax=187 vacc=786 vrej=0 seq=0 elapsed=0 oled=3C
[   7327] STATUS mode=3 fault=none p60=-11 dp60=1 pwm=0 ball=10.53 vball=169.67 aball=288.3 bref=50.00 pid=140.0 apid=115.3 integ=-0.0 vision=1 current=1 vframe=792 vs=1 vage=48 vpage=48 vdt=34 vmax=187 vacc=786 vrej=0 seq=0 elapsed=0 oled=3C
[   7343] STATUS mode=3 fault=none p60=-9 dp60=1 pwm=0 ball=10.53 vball=169.67 aball=288.3 bref=50.00 pid=140.0 apid=115.3 integ=-0.0 vision=1 current=1 vframe=792 vs=1 vage=68 vpage=68 vdt=34 vmax=187 vacc=786 vrej=0 seq=0 elapsed=0 oled=3C
[   7375] STATUS mode=3 fault=none p60=-7 dp60=0 pwm=0 ball=10.53 vball=169.67 aball=288.3 bref=50.00 pid=140.0 apid=115.3 integ=-0.0 vision=1 current=1 vframe=792 vs=1 vage=88 vpage=88 vdt=34 vmax=187 vacc=786 vrej=0 seq=0 elapsed=0 oled=3C
[   7391] STATUS mode=3 fault=none p60=-7 dp60=0 pwm=140 ball=16.10 vball=141.46 aball=115.5 bref=50.00 pid=140.0 apid=46.2 integ=-0.0 vision=1 current=1 vframe=793 vs=1 vage=10 vpage=10 vdt=98 vmax=187 vacc=787 vrej=0 seq=0 elapsed=0 oled=3C
[   7407] STATUS mode=3 fault=none p60=-5 dp60=0 pwm=0 ball=16.10 vball=141.46 aball=115.5 bref=50.00 pid=140.0 apid=46.2 integ=-0.0 vision=1 current=1 vframe=793 vs=1 vage=30 vpage=30 vdt=98 vmax=187 vacc=787 vrej=0 seq=0 elapsed=0 oled=3C
[   7422] STATUS mode=3 fault=none p60=-5 dp60=0 pwm=140 ball=29.48 vball=201.66 aball=530.8 bref=50.00 pid=140.0 apid=212.3 integ=-0.0 vision=1 current=1 vframe=794 vs=1 vage=15 vpage=15 vdt=35 vmax=187 vacc=788 vrej=0 seq=0 elapsed=0 oled=3C
[   7452] STATUS mode=3 fault=none p60=-3 dp60=1 pwm=0 ball=29.48 vball=201.66 aball=530.8 bref=50.00 pid=140.0 apid=212.3 integ=-0.0 vision=1 current=1 vframe=794 vs=1 vage=35 vpage=35 vdt=35 vmax=187 vacc=788 vrej=0 seq=0 elapsed=0 oled=3C
[   7468] STATUS mode=3 fault=none p60=-3 dp60=0 pwm=0 ball=29.48 vball=201.66 aball=530.8 bref=50.00 pid=140.0 apid=212.3 integ=-0.0 vision=1 current=1 vframe=794 vs=1 vage=55 vpage=55 vdt=35 vmax=187 vacc=788 vrej=0 seq=0 elapsed=0 oled=3C
[   7484] STATUS mode=3 fault=none p60=-3 dp60=0 pwm=0 ball=29.48 vball=201.66 aball=530.8 bref=50.00 pid=140.0 apid=212.3 integ=-0.0 vision=1 current=1 vframe=794 vs=1 vage=75 vpage=75 vdt=35 vmax=187 vacc=788 vrej=0 seq=0 elapsed=0 oled=3C
[   7516] STATUS mode=3 fault=none p60=-3 dp60=0 pwm=0 ball=29.48 vball=201.66 aball=530.8 bref=50.00 pid=140.0 apid=212.3 integ=-0.0 vision=1 current=1 vframe=794 vs=1 vage=95 vpage=95 vdt=35 vmax=187 vacc=788 vrej=0 seq=0 elapsed=0 oled=3C
[   7532] STATUS mode=3 fault=none p60=-3 dp60=0 pwm=140 ball=32.39 vball=157.98 aball=250.2 bref=50.00 pid=140.0 apid=100.1 integ=-0.0 vision=1 current=1 vframe=795 vs=1 vage=7 vpage=7 vdt=108 vmax=187 vacc=789 vrej=0 seq=0 elapsed=0 oled=3C
[   7547] STATUS mode=3 fault=none p60=0 dp60=2 pwm=140 ball=38.82 vball=279.24 aball=625.2 bref=50.00 pid=140.0 apid=250.1 integ=-0.0 vision=1 current=1 vframe=796 vs=1 vage=17 vpage=17 vdt=10 vmax=187 vacc=790 vrej=0 seq=0 elapsed=0 oled=3C
[   7577] STATUS mode=3 fault=none p60=5 dp60=1 pwm=140 ball=52.40 vball=318.95 aball=821.9 bref=50.00 pid=140.0 apid=328.8 integ=-0.0 vision=1 current=1 vframe=797 vs=1 vage=6 vpage=6 vdt=31 vmax=187 vacc=791 vrej=0 seq=0 elapsed=0 oled=3C
[   7593] STATUS mode=3 fault=none p60=12 dp60=2 pwm=0 ball=52.40 vball=318.95 aball=821.9 bref=50.00 pid=140.0 apid=328.8 integ=-0.0 vision=1 current=1 vframe=797 vs=1 vage=26 vpage=26 vdt=31 vmax=187 vacc=791 vrej=0 seq=0 elapsed=0 oled=3C
[   7609] STATUS mode=3 fault=none p60=18 dp60=1 pwm=140 ball=58.32 vball=284.06 aball=258.2 bref=50.00 pid=140.0 apid=103.3 integ=-0.0 vision=1 current=1 vframe=798 vs=1 vage=13 vpage=13 vdt=33 vmax=187 vacc=792 vrej=0 seq=0 elapsed=0 oled=3C
[   7625] STATUS mode=3 fault=none p60=25 dp60=2 pwm=0 ball=58.32 vball=284.06 aball=258.2 bref=50.00 pid=140.0 apid=103.3 integ=-0.0 vision=1 current=1 vframe=798 vs=1 vage=33 vpage=33 vdt=33 vmax=187 vacc=792 vrej=0 seq=0 elapsed=0 oled=3C
[   7657] STATUS mode=3 fault=none p60=30 dp60=1 pwm=0 ball=58.32 vball=284.06 aball=258.2 bref=50.00 pid=140.0 apid=103.3 integ=-0.0 vision=1 current=1 vframe=798 vs=1 vage=53 vpage=53 vdt=33 vmax=187 vacc=792 vrej=0 seq=0 elapsed=0 oled=3C
[   7672] STATUS mode=3 fault=none p60=32 dp60=1 pwm=0 ball=58.32 vball=284.06 aball=258.2 bref=50.00 pid=140.0 apid=103.3 integ=-0.0 vision=1 current=1 vframe=798 vs=1 vage=73 vpage=73 vdt=33 vmax=187 vacc=792 vrej=0 seq=0 elapsed=0 oled=3C
[   7688] STATUS mode=3 fault=none p60=33 dp60=0 pwm=0 ball=58.32 vball=284.06 aball=258.2 bref=50.00 pid=140.0 apid=103.3 integ=-0.0 vision=1 current=1 vframe=798 vs=1 vage=93 vpage=93 vdt=33 vmax=187 vacc=792 vrej=0 seq=0 elapsed=0 oled=3C
[   7718] STATUS mode=3 fault=none p60=35 dp60=1 pwm=140 ball=66.49 vball=234.32 aball=25.3 bref=50.00 pid=140.0 apid=10.1 integ=-0.0 vision=1 current=1 vframe=799 vs=1 vage=17 vpage=17 vdt=96 vmax=187 vacc=793 vrej=0 seq=0 elapsed=0 oled=3C
[   7734] STATUS mode=3 fault=none p60=39 dp60=1 pwm=140 ball=78.02 vball=313.00 aball=467.7 bref=50.00 pid=140.0 apid=187.1 integ=-0.0 vision=1 current=1 vframe=800 vs=1 vage=16 vpage=16 vdt=21 vmax=187 vacc=794 vrej=0 seq=0 elapsed=0 oled=3C
[   7750] STATUS mode=3 fault=none p60=44 dp60=1 pwm=0 ball=84.10 vball=279.46 aball=467.7 bref=50.00 pid=140.0 apid=187.1 integ=-0.0 vision=1 current=1 vframe=801 vs=1 vage=2 vpage=2 vdt=34 vmax=187 vacc=795 vrej=0 seq=0 elapsed=0 oled=3C
[   7766] STATUS mode=3 fault=none p60=49 dp60=1 pwm=0 ball=84.10 vball=279.46 aball=31.4 bref=50.00 pid=140.0 apid=12.6 integ=-0.0 vision=1 current=1 vframe=801 vs=1 vage=22 vpage=22 vdt=34 vmax=187 vacc=795 vrej=0 seq=0 elapsed=0 oled=3C
[   7797] STATUS mode=3 fault=none p60=54 dp60=1 pwm=0 ball=84.10 vball=279.46 aball=31.4 bref=50.00 pid=140.0 apid=12.6 integ=-0.0 vision=1 current=1 vframe=801 vs=1 vage=42 vpage=42 vdt=34 vmax=187 vacc=795 vrej=0 seq=0 elapsed=0 oled=3C
[   7813] STATUS mode=3 fault=none p60=56 dp60=0 pwm=0 ball=84.10 vball=279.46 aball=31.4 bref=50.00 pid=140.0 apid=12.6 integ=-0.0 vision=1 current=1 vframe=801 vs=1 vage=62 vpage=62 vdt=34 vmax=187 vacc=795 vrej=0 seq=0 elapsed=0 oled=3C
[   7827] STATUS mode=3 fault=none p60=55 dp60=0 pwm=0 ball=84.10 vball=279.46 aball=31.4 bref=50.00 pid=140.0 apid=12.6 integ=-0.0 vision=1 current=1 vframe=801 vs=1 vage=82 vpage=82 vdt=34 vmax=187 vacc=795 vrej=0 seq=0 elapsed=0 oled=3C
[   7859] STATUS mode=3 fault=none p60=53 dp60=0 pwm=0 ball=93.29 vball=233.04 aball=31.4 bref=50.00 pid=140.0 apid=12.6 integ=-0.0 vision=1 current=1 vframe=802 vs=1 vage=4 vpage=4 vdt=98 vmax=187 vacc=796 vrej=0 seq=0 elapsed=0 oled=3C
[   7875] STATUS mode=3 fault=none p60=53 dp60=0 pwm=0 ball=106.35 vball=330.25 aball=-120.1 bref=50.00 pid=140.0 apid=-48.0 integ=-0.0 vision=1 current=1 vframe=803 vs=1 vage=3 vpage=3 vdt=21 vmax=187 vacc=797 vrej=0 seq=0 elapsed=0 oled=3C
[   7891] STATUS mode=3 fault=none p60=56 dp60=1 pwm=0 ball=106.35 vball=330.25 aball=365.9 bref=50.00 pid=140.0 apid=146.4 integ=-0.0 vision=1 current=1 vframe=803 vs=1 vage=23 vpage=23 vdt=21 vmax=187 vacc=797 vrej=0 seq=0 elapsed=0 oled=3C
[   7922] STATUS mode=3 fault=none p60=61 dp60=2 pwm=140 ball=111.38 vball=292.60 aball=-147.3 bref=50.00 pid=140.0 apid=-58.9 integ=-0.0 vision=1 current=1 vframe=804 vs=1 vage=15 vpage=15 vdt=28 vmax=187 vacc=798 vrej=0 seq=0 elapsed=0 oled=3C
[   7938] STATUS mode=3 fault=none p60=66 dp60=1 pwm=0 ball=111.38 vball=292.60 aball=-147.3 bref=50.00 pid=140.0 apid=-58.9 integ=-0.0 vision=1 current=1 vframe=804 vs=1 vage=35 vpage=35 vdt=28 vmax=187 vacc=798 vrej=0 seq=0 elapsed=0 oled=3C
[   7952] STATUS mode=3 fault=none p60=70 dp60=1 pwm=0 ball=111.38 vball=292.60 aball=-147.3 bref=50.00 pid=140.0 apid=-58.9 integ=-0.0 vision=1 current=1 vframe=804 vs=1 vage=55 vpage=55 vdt=28 vmax=187 vacc=798 vrej=0 seq=0 elapsed=0 oled=3C
[   7968] STATUS mode=3 fault=none p60=72 dp60=0 pwm=0 ball=111.38 vball=292.60 aball=-147.3 bref=50.00 pid=140.0 apid=-58.9 integ=-0.0 vision=1 current=1 vframe=804 vs=1 vage=75 vpage=75 vdt=28 vmax=187 vacc=798 vrej=0 seq=0 elapsed=0 oled=3C
[   8000] STATUS mode=3 fault=none p60=71 dp60=-1 pwm=0 ball=111.38 vball=292.60 aball=-147.3 bref=50.00 pid=140.0 apid=-58.9 integ=-0.0 vision=1 current=1 vframe=804 vs=1 vage=95 vpage=95 vdt=28 vmax=187 vacc=798 vrej=0 seq=0 elapsed=0 oled=3C
[   8016] STATUS mode=3 fault=none p60=71 dp60=0 pwm=140 ball=119.67 vball=241.04 aball=-264.2 bref=50.00 pid=140.0 apid=-105.7 integ=-0.0 vision=1 current=1 vframe=805 vs=1 vage=19 vpage=19 vdt=96 vmax=187 vacc=799 vrej=0 seq=0 elapsed=0 oled=3C
[   8032] STATUS mode=3 fault=none p60=73 dp60=0 pwm=140 ball=121.21 vball=199.11 aball=-635.0 bref=50.00 pid=140.0 apid=-254.0 integ=-0.0 vision=1 current=1 vframe=806 vs=1 vage=18 vpage=18 vdt=21 vmax=187 vacc=800 vrej=0 seq=0 elapsed=0 oled=3C
[   8063] STATUS mode=3 fault=none p60=78 dp60=2 pwm=140 ball=120.97 vball=147.52 aball=-894.5 bref=50.00 pid=140.0 apid=-357.8 integ=-0.0 vision=1 current=1 vframe=807 vs=1 vage=5 vpage=5 vdt=33 vmax=187 vacc=801 vrej=0 seq=0 elapsed=0 oled=3C
[   8077] STATUS mode=3 fault=none p60=83 dp60=1 pwm=0 ball=120.97 vball=147.52 aball=-894.5 bref=50.00 pid=140.0 apid=-357.8 integ=-0.0 vision=1 current=1 vframe=807 vs=1 vage=25 vpage=25 vdt=33 vmax=187 vacc=801 vrej=0 seq=0 elapsed=0 oled=3C
[   8093] STATUS mode=3 fault=none p60=88 dp60=1 pwm=0 ball=120.97 vball=147.52 aball=-894.5 bref=50.00 pid=140.0 apid=-357.8 integ=-0.0 vision=1 current=1 vframe=807 vs=1 vage=45 vpage=45 vdt=33 vmax=187 vacc=801 vrej=0 seq=0 elapsed=0 oled=3C
[   8125] STATUS mode=3 fault=none p60=91 dp60=0 pwm=0 ball=120.97 vball=147.52 aball=-894.5 bref=50.00 pid=140.0 apid=-357.8 integ=-0.0 vision=1 current=1 vframe=807 vs=1 vage=65 vpage=65 vdt=33 vmax=187 vacc=801 vrej=0 seq=0 elapsed=0 oled=3C
[   8141] STATUS mode=3 fault=none p60=90 dp60=-1 pwm=0 ball=120.97 vball=147.52 aball=-894.5 bref=50.00 pid=140.0 apid=-357.8 integ=-0.0 vision=1 current=1 vframe=807 vs=1 vage=85 vpage=85 vdt=33 vmax=187 vacc=801 vrej=0 seq=0 elapsed=0 oled=3C
[   8157] STATUS mode=3 fault=none p60=88 dp60=0 pwm=140 ball=122.12 vball=113.51 aball=-728.1 bref=50.00 pid=140.0 apid=-291.3 integ=-0.0 vision=1 current=1 vframe=808 vs=1 vage=5 vpage=5 vdt=100 vmax=187 vacc=802 vrej=0 seq=0 elapsed=0 oled=3C
[   8188] STATUS mode=3 fault=none p60=89 dp60=1 pwm=0 ball=122.12 vball=113.51 aball=-728.1 bref=50.00 pid=140.0 apid=-291.3 integ=-0.0 vision=1 current=1 vframe=808 vs=1 vage=25 vpage=25 vdt=100 vmax=187 vacc=802 vrej=0 seq=0 elapsed=0 oled=3C
[   8202] STATUS mode=3 fault=none p60=90 dp60=0 pwm=-131 ball=113.96 vball=25.13 aball=-959.7 bref=50.00 pid=-99.4 apid=-383.9 integ=-0.0 vision=1 current=1 vframe=809 vs=1 vage=11 vpage=11 vdt=34 vmax=187 vacc=803 vrej=0 seq=0 elapsed=0 oled=3C
[   8218] STATUS mode=3 fault=none p60=85 dp60=-1 pwm=0 ball=113.96 vball=25.13 aball=-959.7 bref=50.00 pid=-99.4 apid=-383.9 integ=-0.0 vision=1 current=1 vframe=809 vs=1 vage=31 vpage=31 vdt=34 vmax=187 vacc=803 vrej=0 seq=0 elapsed=0 oled=3C
[   8250] STATUS mode=3 fault=none p60=82 dp60=-1 pwm=0 ball=113.96 vball=25.13 aball=-959.7 bref=50.00 pid=-99.4 apid=-383.9 integ=-0.0 vision=1 current=1 vframe=809 vs=1 vage=51 vpage=51 vdt=34 vmax=187 vacc=803 vrej=0 seq=0 elapsed=0 oled=3C
[   8266] STATUS mode=3 fault=none p60=79 dp60=-1 pwm=0 ball=113.96 vball=25.13 aball=-959.7 bref=50.00 pid=-99.4 apid=-383.9 integ=-0.0 vision=1 current=1 vframe=809 vs=1 vage=71 vpage=71 vdt=34 vmax=187 vacc=803 vrej=0 seq=0 elapsed=0 oled=3C
[   8282] STATUS mode=3 fault=none p60=78 dp60=0 pwm=0 ball=113.96 vball=25.13 aball=-959.7 bref=50.00 pid=-99.4 apid=-383.9 integ=-0.0 vision=1 current=1 vframe=809 vs=1 vage=91 vpage=91 vdt=34 vmax=187 vacc=803 vrej=0 seq=0 elapsed=0 oled=3C
[   8297] STATUS mode=3 fault=none p60=78 dp60=0 pwm=-127 ball=111.98 vball=14.14 aball=-703.2 bref=50.00 pid=-82.3 apid=-281.3 integ=-0.0 vision=1 current=1 vframe=810 vs=1 vage=6 vpage=6 vdt=105 vmax=187 vacc=804 vrej=0 seq=0 elapsed=0 oled=3C
[   8327] STATUS mode=3 fault=none p60=77 dp60=0 pwm=140 ball=112.48 vball=26.23 aball=-42.2 bref=50.00 pid=140.0 apid=-16.9 integ=-0.0 vision=1 current=1 vframe=811 vs=1 vage=18 vpage=18 vdt=8 vmax=187 vacc=805 vrej=0 seq=0 elapsed=0 oled=3C
[   8343] STATUS mode=3 fault=none p60=78 dp60=-1 pwm=0 ball=105.22 vball=-47.89 aball=-479.6 bref=50.00 pid=-140.0 apid=d=-191.8 integ=-0.0 vision=1 current=1 vframe=812 vs=1 vage=17 vpage=17 vdt=21 vmax=187 vacc=806 vrej=0 seq=0 elapsed=0 oled=3C
[   8359] STATUS mode=3 fault=none p60=75 dp60=-1 pwm=0 ball=105.22 vball=-47.89 aball=-338.4 bref=50.00 pid=-140.0 apid=-135.4 integ=-0.0 vision=1 current=1 vframe=813 vs=1 vage=24 vpage=24 vdt=33 vmax=187 vacc=807 vrej=0 seq=0 elapsed=0 oled=3C
[   8391] STATUS mode=3 fault=none p60=72 dp60=-1 pwm=0 ball=105.22 vball=-47.89 aball=-338.4 bref=50.00 pid=-140.0 apid=-135.4 integ=-0.0 vision=1 current=1 vframe=813 vs=1 vage=44 vpage=44 vdt=33 vmax=187 vacc=807 vrej=0 seq=0 elapsed=0 oled=3C
[   8407] STATUS mode=3 fault=none p60=70 dp60=0 pwm=0 ball=105.22 vball=-47.89 aball=-338.4 bref=50.00 pid=-140.0 apid=-135.4 integ=-0.0 vision=1 current=1 vframe=813 vs=1 vage=64 vpage=64 vdt=33 vmax=187 vacc=807 vrej=0 seq=0 elapsed=0 oled=3C
[   8422] STATUS mode=3 fault=none p60=69 dp60=0 pwm=0 ball=105.22 vball=-47.89 aball=-338.4 bref=50.00 pid=-140.0 apid=-135.4 integ=-0.0 vision=1 current=1 vframe=813 vs=1 vage=84 vpage=84 vdt=33 vmax=187 vacc=807 vrej=0 seq=0 elapsed=0 oled=3C
[   8452] STATUS mode=3 fault=none p60=69 dp60=0 pwm=-140 ball=104.37 vball=-38.13 aball=-206.4 bref=50.00 pid=-140.0 apid=-82.6 integ=-0.0 vision=1 current=1 vframe=814 vs=1 vage=8 vpage=8 vdt=96 vmax=187 vacc=808 vrej=0 seq=0 elapsed=0 oled=3C
[   8468] STATUS mode=3 fault=none p60=68 dp60=0 pwm=-140 ball=100.15 vball=-74.47 aball=-594.5 bref=50.00 pid=-140.0 apid=-237.8 integ=-0.0 vision=1 current=1 vframe=815 vs=1 vage=5 vpage=5 vdt=23 vmax=187 vacc=809 vrej=0 seq=0 elapsed=0 oled=3C
[   8484] STATUS mode=3 fault=none p60=64 dp60=-1 pwm=0 ball=100.15 vball=-74.47 aball=-594.5 bref=50.00 pid=-140.0 apid=-237.8 integ=-0.0 vision=1 current=1 vframe=815 vs=1 vage=25 vpage=25 vdt=23 vmax=187 vacc=809 vrej=0 seq=0 elapsed=0 oled=3C
[   8516] STATUS mode=3 fault=none p60=60 dp60=-1 pwm=-140 ball=98.60 vball=-67.25 aball=-352.4 bref=50.00 pid=-140.0 apid=-141.0 integ=-0.0 vision=1 current=1 vframe=816 vs=1 vage=11 vpage=11 vdt=34 vmax=187 vacc=810 vrej=0 seq=0 elapsed=0 oled=3C
[   8532] STATUS mode=3 fault=none p60=56 dp60=-1 pwm=0 ball=98.60 vball=-67.25 aball=-352.4 bref=50.00 pid=-140.0 apid=-141.0 integ=-0.0 vision=1 current=1 vframe=816 vs=1 vage=31 vpage=31 vdt=34 vmax=187 vacc=810 vrej=0 seq=0 elapsed=0 oled=3C
[   8547] STATUS mode=3 fault=none p60=52 dp60=-1 pwm=0 ball=98.60 vball=-67.25 aball=-352.4 bref=50.00 pid=-140.0 apid=-141.0 integ=-0.0 vision=1 current=1 vframe=816 vs=1 vage=51 vpage=51 vdt=34 vmax=187 vacc=810 vrej=0 seq=0 elapsed=0 oled=3C
[   8577] STATUS mode=3 fault=none p60=50 dp60=0 pwm=0 ball=98.60 vball=-67.25 aball=-352.4 bref=50.00 pid=-140.0 apid=-141.0 integ=-0.0 vision=1 current=1 vframe=816 vs=1 vage=71 vpage=71 vdt=34 vmax=187 vacc=810 vrej=0 seq=0 elapsed=0 oled=3C
[   8593] STATUS mode=3 fault=none p60=51 dp60=1 pwm=0 ball=98.60 vball=-67.25 aball=-352.4 bref=50.00 pid=-140.0 apid=-141.0 integ=-0.0 vision=1 current=1 vframe=816 vs=1 vage=91 vpage=91 vdt=34 vmax=187 vacc=810 vrej=0 seq=0 elapsed=0 oled=3C
[   8609] STATUS mode=3 fault=none p60=51 dp60=0 pwm=-140 ball=97.33 vball=-53.78 aball=-204.2 bref=50.00 pid=-140.0 apid=-81.7 integ=-0.0 vision=1 current=1 vframe=817 vs=1 vage=16 vpage=16 vdt=95 vmax=187 vacc=811 vrej=0 seq=0 elapsed=0 oled=3C
[   8641] STATUS mode=3 fault=none p60=48 dp60=-1 pwm=-140 ball=94.43 vball=-74.86 aball=-444.0 bref=50.00 pid=-140.0 apid=-177.6 integ=-0.0 vision=1 current=1 vframe=818 vs=1 vage=15 vpage=15 vdt=21 vmax=187 vacc=812 vrej=0 seq=0 elapsed=0 oled=3C
[   8657] STATUS mode=3 fault=none p60=43 dp60=-1 pwm=0 ball=93.14 vball=-66.22 aball=-444.0 bref=50.00 pid=-140.0 apid=-177.6 integ=-0.0 vision=1 current=1 vframe=819 vs=1 vage=3 vpage=3 vdt=32 vmax=187 vacc=813 vrej=0 seq=0 elapsed=0 oled=3C
[   8672] STATUS mode=3 fault=none p60=39 dp60=-1 pwm=0 ball=93.14 vball=-66.22 aball=-229.9 bref=50.00 pid=-140.0 apid=-91.9 integ=-0.0 vision=1 current=1 vframe=819 vs=1 vage=23 vpage=23 vdt=32 vmax=187 vacc=813 vrej=0 seq=0 elapsed=0 oled=3C
[   8702] STATUS mode=3 fault=none p60=32 dp60=-2 pwm=0 ball=93.14 vball=-66.22 aball=-229.9 bref=50.00 pid=-140.0 apid=-91.9 integ=-0.0 vision=1 current=1 vframe=819 vs=1 vage=43 vpage=43 vdt=32 vmax=187 vacc=813 vrej=0 seq=0 elapsed=0 oled=3C
[   8718] STATUS mode=3 fault=none p60=29 dp60=-1 pwm=0 ball=93.14 vball=-66.22 aball=-229.9 bref=50.00 pid=-140.0 apid=-91.9 integ=-0.0 vision=1 current=1 vframe=819 vs=1 vage=63 vpage=63 vdt=32 vmax=187 vacc=813 vrej=0 seq=0 elapsed=0 oled=3C
[   8734] STATUS mode=3 fault=none p60=26 dp60=-1 pwm=0 ball=93.14 vball=-66.22 aball=-229.9 bref=50.00 pid=-140.0 apid=-91.9 integ=-0.0 vision=1 current=1 vframe=819 vs=1 vage=83 vpage=83 vdt=32 vmax=187 vacc=813 vrej=0 seq=0 elapsed=0 oled=3C
[   8750] STATUS mode=3 fault=none p60=25 dp60=0 pwm=0 ball=93.14 vball=-66.22 aball=-229.9 bref=50.00 pid=-140.0 apid=-91.9 integ=-0.0 vision=1 current=1 vframe=819 vs=1 vage=103 vpage=103 vdt=32 vmax=187 vacc=813 vrej=0 seq=0 elapsed=0 oled=3C
[   8782] STATUS mode=3 fault=none p60=26 dp60=0 pwm=-140 ball=91.81 vball=-52.53 aball=-125.5 bref=50.00 pid=-140.0 apid=-50.2 integ=-0.0 vision=1 current=1 vframe=820 vs=1 vage=7 vpage=7 vdt=116 vmax=187 vacc=814 vrej=0 seq=0 elapsed=0 oled=3C
[   8797] STATUS mode=3 fault=none p60=24 dp60=-1 pwm=0 ball=91.81 vball=-52.53 aball=-125.5 bref=50.00 pid=-140.0 apid=-50.2 integ=-0.0 vision=1 current=1 vframe=820 vs=1 vage=27 vpage=27 vdt=116 vmax=187 vacc=814 vrej=0 seq=0 elapsed=0 oled=3C
[   8813] STATUS mode=3 fault=none p60=24 dp60=0 pwm=-140 ball=89.10 vball=-59.33 aball=-147.8 bref=50.00 pid=-140.0 apid=-59.1 integ=-0.0 vision=1 current=1 vframe=821 vs=1 vage=13 vpage=13 vdt=34 vmax=187 vacc=815 vrej=0 seq=0 elapsed=0 oled=3C
[   8843] STATUS mode=3 fault=none p60=22 dp60=0 pwm=0 ball=89.10 vball=-59.33 aball=-147.8 bref=50.00 pid=-140.0 apid=-59.1 integ=-0.0 vision=1 current=1 vframe=821 vs=1 vage=33 vpage=33 vdt=34 vmax=187 vacc=815 vrej=0 seq=0 elapsed=0 oled=3C
[   8859] STATUS mode=3 fault=none p60=20 dp60=0 pwm=0 ball=89.10 vball=-59.33 aball=-147.8 bref=50.00 pid=-140.0 apid=-59.1 integ=-0.0 vision=1 current=1 vframe=821 vs=1 vage=53 vpage=53 vdt=34 vmax=187 vacc=815 vrej=0 seq=0 elapsed=0 oled=3C
[   8875] STATUS mode=3 fault=none p60=18 dp60=0 pwm=0 ball=89.10 vball=-59.33 aball=-147.8 bref=50.00 pid=-140.0 apid=-59.1 integ=-0.0 vision=1 current=1 vframe=821 vs=1 vage=73 vpage=73 vdt=34 vmax=187 vacc=815 vrej=0 seq=0 elapsed=0 oled=3C
[   8907] STATUS mode=3 fault=none p60=17 dp60=0 pwm=0 ball=89.10 vball=-59.33 aball=-147.8 bref=50.00 pid=-140.0 apid=-59.1 integ=-0.0 vision=1 current=1 vframe=821 vs=1 vage=93 vpage=93 vdt=34 vmax=187 vacc=815 vrej=0 seq=0 elapsed=0 oled=3C
[   8922] STATUS mode=3 fault=none p60=17 dp60=0 pwm=-140 ball=88.22 vball=-46.53 aball=-67.9 bref=50.00 pid=-140.0 apid=-27.2 integ=-0.0 vision=1 current=1 vframe=822 vs=1 vage=5 vpage=5 vdt=108 vmax=187 vacc=816 vrej=0 seq=0 elapsed=0 oled=3C
[   8938] STATUS mode=3 fault=none p60=15 dp60=-1 pwm=-140 ball=87.81 vball=-46.29 aball=-39.4 bref=50.00 pid=-140.0 apid=-15.8 integ=-0.0 vision=1 current=1 vframe=823 vs=1 vage=16 vpage=16 vdt=9 vmax=187 vacc=817 vrej=0 seq=0 elapsed=0 oled=3C
[   8968] STATUS mode=3 fault=none p60=11 dp60=-2 pwm=0 ball=87.41 vball=-37.75 aball=-39.4 bref=50.00 pid=-140.0 apid=-15.8 integ=-0.0 vision=1 current=1 vframe=824 vs=1 vage=3 vpage=3 vdt=33 vmax=187 vacc=818 vrej=0 seq=0 elapsed=0 oled=3C
[   8984] STATUS mode=3 fault=none p60=5 dp60=-2 pwm=0 ball=87.41 vball=-37.75 aball=50.1 bref=50.00 pid=-140.0 apid=20.0 integ=-0.0 vision=1 current=1 vframe=824 vs=1 vage=23 vpage=23 vdt=33 vmax=187 vacc=818 vrej=0 seq=0 elapsed=0 oled=3C
[   9000] STATUS mode=3 fault=none p60=-1 dp60=-2 pwm=-138 ball=87.10 vball=-30.66 aball=99.5 bref=50.00 pid=-134.5 apid=39.8 integ=-0.0 vision=1 current=1 vframe=825 vs=1 vage=10 vpage=10 vdt=33 vmax=187 vacc=819 vrej=0 seq=0 elapsed=0 oled=3C
[   9016] STATUS mode=3 fault=none p60=-8 dp60=-2 pwm=0 ball=87.10 vball=-30.66 aball=99.5 bref=50.00 pid=-134.5 apid=39.8 integ=-0.0 vision=1 current=1 vframe=825 vs=1 vage=30 vpage=30 vdt=33 vmax=187 vacc=819 vrej=0 seq=0 elapsed=0 oled=3C
[   9047] STATUS mode=3 fault=none p60=-13 dp60=-1 pwm=0 ball=87.10 vball=-30.66 aball=99.5 bref=50.00 pid=-134.5 apid=39.8 integ=-0.0 vision=1 current=1 vframe=825 vs=1 vage=50 vpage=50 vdt=33 vmax=187 vacc=819 vrej=0 seq=0 elapsed=0 oled=3C
[   9063] STATUS mode=3 fault=none p60=-17 dp60=-1 pwm=0 ball=87.10 vball=-30.66 aball=99.5 bref=50.00 pid=-134.5 apid=39.8 integ=-0.0 vision=1 current=1 vframe=825 vs=1 vage=70 vpage=70 vdt=33 vmax=187 vacc=819 vrej=0 seq=0 elapsed=0 oled=3C
[   9077] STATUS mode=3 fault=none p60=-18 dp60=0 pwm=0 ball=87.10 vball=-30.66 aball=99.5 bref=50.00 pid=-134.5 apid=39.8 integ=-0.0 vision=1 current=1 vframe=825 vs=1 vage=90 vpage=90 vdt=33 vmax=187 vacc=819 vrej=0 seq=0 elapsed=0 oled=3C
[   9109] STATUS mode=3 fault=none p60=-18 dp60=0 pwm=-128 ball=86.75 vball=-23.86 aball=89.8 bref=50.00 pid=-87.9 apid=35.9 integ=-0.0 vision=1 current=1 vframe=826 vs=1 vage=9 vpage=9 vdt=101 vmax=187 vacc=820 vrej=0 seq=0 elapsed=0 oled=3C
[   9125] STATUS mode=3 fault=none p60=-19 dp60=-1 pwm=0 ball=86.75 vball=-23.86 aball=89.8 bref=50.00 pid=-87.9 apid=35.9 integ=-0.0 vision=1 current=1 vframe=826 vs=1 vage=29 vpage=29 vdt=101 vmax=187 vacc=820 vrej=0 seq=0 elapsed=0 oled=3C
[   9141] STATUS mode=3 fault=none p60=-21 dp60=0 pwm=0 ball=87.01 vball=-11.91 aball=133.6 bref=50.00 pid=-11.6 apid=53.5 integ=-0.0 vision=1 current=1 vframe=827 vs=1 vage=16 vpage=16 vdt=33 vmax=187 vacc=821 vrej=0 seq=0 elapsed=0 oled=3C
[   9172] STATUS mode=3 fault=none p60=-23 dp60=-1 pwm=0 ball=87.01 vball=-11.91 aball=131.5 bref=50.00 pid=18.8 apid=52.6 integ=-0.0 vision=1 current=1 vframe=828 vs=1 vage=23 vpage=23 vdt=33 vmax=187 vacc=822 vrej=0 seq=0 elapsed=0 oled=3C
[   9188] STATUS mode=3 fault=none p60=-25 dp60=-1 pwm=0 ball=87.01 vball=-11.91 aball=131.5 bref=50.00 pid=18.8 apid=52.6 integ=-0.0 vision=1 current=1 vframe=828 vs=1 vage=43 vpage=43 vdt=33 vmax=187 vacc=822 vrej=0 seq=0 elapsed=0 oled=3C
[   9202] STATUS mode=3 fault=none p60=-26 dp60=0 pwm=0 ball=87.01 vball=-11.91 aball=131.5 bref=50.00 pid=18.8 apid=52.6 integ=-0.0 vision=1 current=1 vframe=828 vs=1 vage=63 vpage=63 vdt=33 vmax=187 vacc=822 vrej=0 seq=0 elapsed=0 oled=3C
[   9218] STATUS mode=3 fault=none p60=-25 dp60=1 pwm=0 ball=87.01 vball=-11.91 aball=131.5 bref=50.00 pid=18.8 apid=52.6 integ=-0.0 vision=1 current=1 vframe=828 vs=1 vage=83 vpage=83 vdt=33 vmax=187 vacc=822 vrej=0 seq=0 elapsed=0 oled=3C
[   9250] STATUS mode=3 fault=none p60=-24 dp60=0 pwm=0 ball=86.83 vball=-9.38 aball=131.5 bref=50.00 pid=18.8 apid=52.6 integ=-0.0 vision=1 current=1 vframe=829 vs=1 vage=4 vpage=4 vdt=99 vmax=187 vacc=823 vrej=0 seq=0 elapsed=0 oled=3C
[   9266] STATUS mode=3 fault=none p60=-25 dp60=-1 pwm=0 ball=86.83 vball=-9.38 aball=99.7 bref=50.00 pid=24.7 apid=39.9 integ=-0.0 vision=1 current=1 vframe=829 vs=1 vage=24 vpage=24 vdt=99 vmax=187 vacc=823 vrej=0 seq=0 elapsed=0 oled=3C
[   9282] STATUS mode=3 fault=none p60=-25 dp60=0 pwm=140 ball=88.87 vball=7.96 aball=222.8 bref=50.00 pid=140.0 apid=89.1 integ=-0.0 vision=1 current=1 vframe=830 vs=1 vage=10 vpage=10 vdt=34 vmax=187 vacc=824 vrej=0 seq=0 elapsed=0 oled=3C
[   9313] STATUS mode=3 fault=none p60=-21 dp60=2 pwm=140 ball=88.87 vball=7.96 aball=222.8 bref=50.00 pid=140.0 apid=89.1 integ=-0.0 vision=1 current=1 vframe=830 vs=1 vage=30 vpage=30 vdt=34 vmax=187 vacc=824 vrej=0 seq=0 elapsed=0 oled=3C
[   9327] STATUS mode=3 fault=none p60=-16 dp60=1 pwm=0 ball=88.87 vball=7.96 aball=222.8 bref=50.00 pid=140.0 apid=89.1 integ=-0.0 vision=1 current=1 vframe=830 vs=1 vage=50 v
[   9327] >>> stop
[   9327] page=50 vdt=34 vmax=187 vacc=824 vrej=0 seq=0 elapsed=0 oled=3C
[   9343] STATUS mode=1 fault=none p60=-13 dp60=1 pwm=0 ball=88.87 vball=7.96 aball=222.8 bref=50.00 pid=140.0 apid=89.1 integ=-0.0 vision=1 current=1 vframe=830 vs=1 vage=70 vpage=70 vdt=34 vmax=187 vacc=824 vrej=0 seq=0 elapsed=0 oled=3C
[   9359] STATUS mode=1 fault=none p60=-14 dp60=-1 pwm=0 ball=88.87 vball=7.96 aball=222.8 bref=50.00 pid=140.0 apid=89.1 integ=-0.0 vision=1 current=1 vframe=830 vs=1 vage=90 vpage=90 vdt=34 vmax=187 vacc=824 vrej=0 seq=0 elapsed=0 oled=3C
[   9391] STATUS mode=1 fault=none p60=-16 dp60=0 pwm=0 ball=89.36 vball=7.11 aball=222.8 bref=50.00 pid=140.0 apid=89.1 integ=-0.0 vision=1 current=1 vframe=831 vs=1 vage=2 vpage=2 vdt=108 vmax=187 vacc=825 vrej=0 seq=0 elapsed=0 oled=3C
[   9407] STATUS mode=1 fault=none p60=-18 dp60=-1 pwm=0 ball=89.74 vball=15.88 aball=222.8 bref=50.00 pid=140.0 apid=89.1 integ=-0.0 vision=1 current=1 vframe=832 vs=1 vage=13 vpage=13 vdt=9 vmax=187 vacc=826 vrej=0 seq=0 elapsed=0 oled=3C
[   9422] STATUS mode=1 fault=none p60=-18 dp60=0 pwm=0 ball=89.74 vball=15.88 aball=222.8 bref=50.00 pid=140.0 apid=89.1 integ=-0.0 vision=1 current=1 vframe=832 vs=1 vage=33 vpage=33 vdt=9 vmax=187 vacc=826 vrej=0 seq=0 elapsed=0 oled=3C
[   9452] STATUS mode=1 fault=none p60=-18 dp60=0 pwm=0 ball=92.34 vball=31.61 aball=222.8 bref=50.00 pid=140.0 apid=89.1 integ=-0.0 vision=1 current=1 vframe=833 vs=1 vage=20 vpage=20 vdt=33 vmax=187 vacc=827 vrej=0 seq=0 elapsed=0 oled=3C
[   9468] STATUS mode=1 fault=none p60=-18 dp60=0 pwm=0 ball=93.37 vball=31.51 aball=222.8 bref=50.00 pid=140.0 apid=89.1 integ=-0.0 vision=1 current=1 vframe=834 vs=1 vage=7 vpage=7 vdt=33 vmax=187 vacc=828 vrej=0 seq=0 elapsed=0 oled=3C
[   9484] STATUS mode=1 fault=none p60=-18 dp60=0 pwm=0 ball=93.37 vball=31.51 aball=222.8 bref=50.00 pid=140.0 apid=89.1 integ=-0.0 vision=1 current=1 vframe=834 vs=1 vage=27 vpage=27 vdt=33 vmax=187 vacc=828 vrej=0 seq=0 elapsed=0 oled=3C
[   9500] STATUS mode=1 fault=none p60=-18 dp60=0 pwm=0 ball=93.37 vball=31.51 aball=222.8 bref=50.00 pid=140.0 apid=89.1 integ=-0.0 vision=1 current=1 vframe=834 vs=1 vage=47 vpage=47 vdt=33 vmax=187 vacc=828 vrej=0 seq=0 elapsed=0 oled=3C
[   9532] STATUS mode=1 fault=none p60=-18 dp60=0 pwm=0 ball=93.37 vball=31.51 aball=222.8 bref=50.00 pid=140.0 apid=89.1 integ=-0.0 vision=1 current=1 vframe=834 vs=1 vage=67 vpage=67 vdt=33 vmax=187 vacc=828 vrej=0 seq=0 elapsed=0 oled=3C
[   9547] STATUS mode=1 fault=none p60=-18 dp60=0 pwm=0 ball=93.37 vball=31.51 aball=222.8 bref=50.00 pid=140.0 apid=89.1 integ=-0.0 vision=1 current=1 vframe=834 vs=1 vage=87 vpage=87 vdt=33 vmax=187 vacc=828 vrej=0 seq=0 elapsed=0 oled=3C
[   9563] STATUS mode=1 fault=none p60=-18 dp60=0 pwm=0 ball=94.41 vball=26.23 aball=222.8 bref=50.00 pid=140.0 apid=89.1 integ=-0.0 vision=1 current=1 vframe=835 vs=1 vage=7 vpage=7 vdt=100 vmax=187 vacc=829 vrej=0 seq=0 elapsed=0 oled=3C
[   9593] STATUS mode=1 fault=none p60=-18 dp60=0 pwm=0 ball=94.41 vball=26.23 aball=222.8 bref=50.00 pid=140.0 apid=89.1 integ=-0.0 vision=1 current=1 vframe=835 vs=1 vage=27 vpage=27 vdt=100 vmax=187 vacc=829 vrej=0 seq=0 elapsed=0 oled=3C
[   9609] STATUS mode=1 fault=none p60=-18 dp60=0 pwm=0 ball=98.23 vball=48.61 aball=222.8 bref=50.00 pid=140.0 apid=89.1 integ=-0.0 vision=1 current=1 vframe=836 vs=1 vage=14 vpage=14 vdt=33 vmax=187 vacc=830 vrej=0 seq=0 elapsed=0 oled=3C
[   9625] STATUS mode=1 fault=none p60=-18 dp60=0 pwm=0 ball=98.23 vball=48.61 aball=222.8 bref=50.00 pid=140.0 apid=89.1 integ=-0.0 vision=1 current=1 vframe=836 vs=1 vage=34 vpage=34 vdt=33 vmax=187 vacc=830 vrej=0 seq=0 elapsed=0 oled=3C
[   9641] STATUS mode=1 fault=none p60=-18 dp60=0 pwm=0 ball=99.57 vball=46.31 aball=222.8 bref=50.00 pid=140.0 apid=89.1 integ=-0.0 vision=1 current=1 vframe=837 vs=1 vage=20 vpage=20 vdt=34 vmax=187 vacc=831 vrej=0 seq=0 elapsed=0 oled=3C
[   9672] STATUS mode=1 fault=none p60=-18 dp60=0 pwm=0 ball=99.57 vball=46.31 aball=222.8 bref=50.00 pid=140.0 apid=89.1 integ=-0.0 vision=1 current=1 vframe=837 vs=1 vage=40 vpage=40 vdt=34 vmax=187 vacc=831 vrej=0 seq=0 elapsed=0 oled=3C
[   9688] STATUS mode=1 fault=none p60=-18 dp60=0 pwm=0 ball=99.57 vball=46.31 aball=222.8 bref=50.00 pid=140.0 apid=89.1 integ=-0.0 vision=1 current=1 vframe=837 vs=1 vage=60 vpage=60 vdt=34 vmax=187 vacc=831 vrej=0 seq=0 elapsed=0 oled=3C
[   9702] STATUS mode=1 fault=none p60=-18 dp60=0 pwm=0 ball=99.57 vball=46.31 aball=222.8 bref=50.00 pid=140.0 apid=89.1 integ=-0.0 vision=1 current=1 vframe=837 vs=1 vage=80 vpage=80 vdt=34 vmax=187 vacc=831 vrej=0 seq=0 elapsed=0 oled=3C
[   9734] STATUS mode=1 fault=none p60=-18 dp60=0 pwm=0 ball=101.45 vball=39.68 aball=222.8 bref=50.00 pid=140.0 apid=89.1 integ=-0.0 vision=1 current=1 vframe=838 vs=1 vage=5 vpage=5 vdt=95 vmax=187 vacc=832 vrej=0 seq=0 elapsed=0 oled=3C
[   9750] STATUS mode=1 fault=none p60=-18 dp60=0 pwm=0 ball=104.54 vball=0.00 aball=222.8 bref=50.00 pid=140.0 apid=89.1 integ=-0.0 vision=1 current=1 vframe=849 vs=1 vage=3 vpage=3 vdt=22 vmax=187 vacc=843 vrej=0 seq=0 elapsed=0 oled=3C
[   9766] STATUS mode=1 fault=none p60=-18 dp60=0 pwm=0 ball=104.54 vball=0.00 aball=222.8 bref=50.00 pid=140.0 apid=89.1 integ=-0.0 vision=1 current=1 vframe=849 vs=1 vage=23 vpage=23 vdt=22 vmax=187 vacc=843 vrej=0 seq=0 elapsed=0 oled=3C
[   9797] STATUS mode=1 fault=none p60=-18 dp60=0 pwm=0 ball=106.08 vball=12.42 aball=222.8 bref=50.00 pid=140.0 apid=89.1 integ=-0.0 vision=1 current=1 vframe=850 vs=1 vage=12 vpage=12 vdt=31 vmax=187 vacc=844 vrej=0 seq=0 elapsed=0 oled=3C
[   9813] STATUS mode=1 fault=none p60=-18 dp60=0 pwm=0 ball=106.08 vball=12.42 aball=222.8 bref=50.00 pid=140.0 apid=89.1 integ=-0.0 vision=1 current=1 vframe=850 vs=1 vage=32 vpage=32 vdt=31 vmax=187 vacc=844 vrej=0 seq=0 elapsed=0 oled=3C
[   9827] STATUS mode=1 fault=none p60=-18 dp60=0 pwm=0 ball=106.08 vball=12.42 aball=222.8 bref=50.00 pid=140.0 apid=89.1 integ=-0.0 vision=1 current=1 vframe=850 vs=1 vage=52 vpage=52 vdt=31 vmax=187 vacc=844 vrej=0 seq=0 elapsed=0 oled=3C
[   9843] STATUS mode=1 fault=none p60=-18 dp60=0 pwm=0 ball=106.08 vball=12.42 aball=222.8 bref=50.00 pid=140.0 apid=89.1 integ=-0.0 vision=1 current=1 vframe=850 vs=1 vage=72 vpage=72 vdt=31 vmax=187 vacc=844 vrej=0 seq=0 elapsed=0 oled=3C
[   9875] STATUS mode=1 fault=none p60=-18 dp60=0 pwm=0 ball=106.08 vball=12.42 aball=222.8 bref=50.00 pid=140.0 apid=89.1 integ=-0.0 vision=1 current=1 vframe=850 vs=1 vage=92 vpage=92 vdt=31 vmax=187 vacc=844 vrej=0 seq=0 elapsed=0 oled=3C
[   9891] STATUS mode=1 fault=none p60=-18 dp60=0 pwm=0 ball=108.97 vball=16.92 aball=222.8 bref=50.00 pid=140.0 apid=89.1 integ=-0.0 vision=1 current=1 vframe=851 vs=1 vage=17 vpage=17 vdt=95 vmax=187 vacc=845 vrej=0 seq=0 elapsed=0 oled=3C
[   9907] STATUS mode=1 fault=none p60=-18 dp60=0 pwm=0 ball=112.25 vball=49.96 aball=222.8 bref=50.00 pid=140.0 apid=89.1 integ=-0.0 vision=1 current=1 vframe=852 vs=1 vage=15 vpage=15 vdt=22 vmax=187 vacc=846 vrej=0 seq=0 elapsed=0 oled=3C
[   9938] STATUS mode=1 fault=none p60=-18 dp60=0 pwm=0 ball=114.39 vball=53.68 aball=222.8 bref=50.00 pid=140.0 apid=89.1 integ=-0.0 vision=1 current=1 vframe=853 vs=1 vage=2 vpage=2 vdt=33 vmax=187 vacc=847 vrej=0 seq=0 elapse
[   9938] >>> status
[   9938] d=0 oled=3C
[   9952] STATUS mode=1 fault=none p60=-18 dp60=0 pwm=0 ball=114.39 vball=53.68 aball=222.8 bref=50.00 pid=140.0 apid=89.1 integ=-0.0 vision=1 current=1 vframe=853 vs=1 vage=22 vpage=22 vdt=33 vmax=187 vacc=847 vrej=0 seq=0 elapsed=0 oled=3C
[   9968] STATUS mode=1 fault=none p60=-18 dp60=0 pwm=0 ball=114.39 vball=53.68 aball=222.8 bref=50.00 pid=140.0 apid=89.1 integ=-0.0 vision=1 current=1 vframe=853 vs=1 vage=42 vpage=42 vdt=33 vmax=187 vacc=847 vrej=0 seq=0 elapsed=0 oled=3C
[   9984] STATUS mode=1 fault=none p60=-18 dp60=0 pwm=0 ball=114.39 vball=53.68 aball=222.8 bref=50.00 pid=140.0 apid=89.1 integ=-0.0 vision=1 current=1 vframe=853 vs=1 vage=62 vpage=62 vdt=33 vmax=187 vacc=847 vrej=0 seq=0 elapsed=0 oled=3C
[  10016] STATUS mode=1 fault=none p60=-18 dp60=0 pwm=0 ball=114.39 vball=53.68 aball=222.8 bref=50.00 pid=140.0 apid=89.1 integ=-0.0 vision=1 current=1 vframe=853 vs=1 vage=82 vpage=82 vdt=33 vmax=187 vacc=847 vrej=0 seq=0 elapsed=0 oled=3C
[  10032] STATUS mode=1 fault=none p60=-18 dp60=0 pwm=0 ball=117.53 vball=48.44 aball=222.8 bref=50.00 pid=140.0 apid=89.1 integ=-0.0 vision=1 current=1 vframe=854 vs=1 vage=6 vpage=6 vdt=96 vmax=187 vacc=848 vrej=0 seq=0 elapsed=0 oled=3C
[  10047] STATUS mode=1 fault=none p60=-18 dp60=0 pwm=0 ball=120.20 vball=68.12 aball=222.8 bref=50.00 pid=140.0 apid=89.1 integ=-0.0 vision=1 current=1 vframe=855 vs=1 vage=5 vpage=5 vdt=21 vmax=187 vacc=849 vrej=0 seq=0 elapsed=0 oled=3C
[  10077] STATUS mode=1 fault=none p60=-18 dp60=0 pwm=0 ball=120.20 vball=68.12 aball=222.8 bref=50.00 pid=140.0 apid=89.1 integ=-0.0 vision=1 current=1 vframe=855 vs=1 vage=25 vpage=25 vdt=21 vmax=187 vacc=849 vrej=0 seq=0 elapsed=0 oled=3C
[  10093] STATUS mode=1 fault=none p60=-18 dp60=0 pwm=0 ball=121.11 vball=57.98 aball=222.8 bref=50.00 pid=140.0 apid=89.1 integ=-0.0 vision=1 current=1 vframe=856 vs=1 vage=12 vpage=12 vdt=33 vmax=187 vacc=850 vrej=0 seq=0 elapsed=0 oled=3C
[  10109] STATUS mode=1 fault=none p60=-18 dp60=0 pwm=0 ball=121.11 vball=57.98 aball=222.8 bref=50.00 pid=140.0 apid=89.1 integ=-0.0 vision=1 current=1 vframe=856 vs=1 vage=32 vpage=32 vdt=33 vmax=187 vacc=850 vrej=0 seq=0 elapsed=0 oled=3C
[  10125] STATUS mode=1 fault=none p60=-18 dp60=0 pwm=0 ball=121.11 vball=57.98 aball=222.8 bref=50.00 pid=140.0 apid=89.1 integ=-0.0 vision=1 current=1 vframe=856 vs=1 vage=52 vpage=52 vdt=33 vmax=187 vacc=850 vrej=0 seq=0 elapsed=0 oled=3C
[  10157] STATUS mode=1 fault=none p60=-18 dp60=0 pwm=0 ball=121.11 vball=57.98 aball=222.8 bref=50.00 pid=140.0 apid=89.1 integ=-0.0 vision=1 current=1 vframe=856 vs=1 vage=72 vpage=72 vdt=33 vmax=187 vacc=850 vrej=0 seq=0 elapsed=0 oled=3C
[  10172] STATUS mode=1 fault=none p60=-18 dp60=0 pwm=0 ball=121.11 vball=57.98 aball=222.8 bref=50.00 pid=140.0 apid=89.1 integ=-0.0 vision=1 current=1 vframe=856 vs=1 vage=92 vpage=92 vdt=33 vmax=187 vacc=850 vrej=0 seq=0 elapsed=0 oled=3C
[  10188] STATUS mode=1 fault=none p60=-18 dp60=0 pwm=0 ball=121.92 vball=45.59 aball=222.8 bref=50.00 pid=140.0 apid=89.1 integ=-0.0 vision=1 current=1 vframe=857 vs=1 vage=16 vpage=16 vdt=96 vmax=187 vacc=851 vrej=0 seq=0 elapsed=0 oled=3C
[  10218] STATUS mode=1 fault=none p60=-18 dp60=0 pwm=0 ball=120.35 vball=15.51 aball=222.8 bref=50.00 pid=140.0 apid=89.1 integ=-0.0 vision=1 current=1 vframe=858 vs=1 vage=15 vpage=15 vdt=21 vmax=187 vacc=852 vrej=0 seq=0 elapsed=0 oled=3C
[  10234] STATUS mode=1 fault=none p60=-18 dp60=0 pwm=0 ball=120.12 vball=9.89 aball=222.8 bref=50.00 pid=140.0 apid=89.1 integ=-0.0 vision=1 current=1 vframe=859 vs=1 vage=2 vpage=2 vdt=33 vmax=187 vacc=853 vrej=0 seq=0 elapsed=0 oled=3C
[  10250] STATUS mode=1 fault=none p60=-18 dp60=0 pwm=0 ball=120.12 vball=9.89 aball=222.8 bref=50.00 pid=140.0 apid=89.1 integ=-0.0 vision=1 current=1 vframe=859 vs=1 vage=22 vpage=22 vdt=33 vmax=187 vacc=853 vrej=0 seq=0 elapsed=0 oled=3C
[  10282] STATUS mode=1 fault=none p60=-18 dp60=0 pwm=0 ball=120.12 vball=9.89 aball=222.8 bref=50.00 pid=140.0 apid=89.1 integ=-0.0 vision=1 current=1 vframe=859 vs=1 vage=42 vpage=42 vdt=33 vmax=187 vacc=853 vrej=0 seq=0 elapsed=0 oled=3C
[  10297] STATUS mode=1 fault=none p60=-18 dp60=0 pwm=0 ball=120.12 vball=9.89 aball=222.8 bref=50.00 pid=140.0 apid=89.1 integ=-0.0 vision=1 current=1 vframe=859 vs=1 vage=62 vpage=62 vdt=33 vmax=187 vacc=853 vrej=0 seq=0 elapsed=0 oled=3C
[  10313] STATUS mode=1 fault=none p60=-18 dp60=0 pwm=0 ball=120.12 vball=9.89 aball=222.8 bref=50.00 pid=140.0 apid=89.1 integ=-0.0 vision=1 current=1 vframe=859 vs=1 vage=82 vpage=82 vdt=33 vmax=187 vacc=853 vrej=0 seq=0 elapsed=0 oled=3C
[  10327] STATUS mode=1 fault=none p60=-18 dp60=0 pwm=0 ball=120.59 vball=8.65 aball=222.8 bref=50.00 pid=140.0 apid=89.1 integ=-0.0 vision=1 current=1 vframe=860 vs=1 vage=7 vpage=7 vdt=95 vmax=187 vacc=854 vrej=0 seq=0 elapsed=0 oled=3C
[  10359] STATUS mode=1 fault=none p60=-18 dp60=0 pwm=0 ball=119.83 vball=-1.11 aball=222.8 bref=50.00 pid=140.0 apid=89.1 integ=-0.0 vision=1 current=1 vframe=861 vs=1 vage=2 vpage=2 vdt=25 vmax=187 vacc=855 vrej=0 seq=0 elapsed=0 oled=3C
[  10375] STATUS mode=1 fault=none p60=-18 dp60=0 pwm=0 ball=119.83 vball=-1.11 aball=222.8 bref=50.00 pid=140.0 apid=89.1 integ=-0.0 vision=1 current=1 vframe=861 vs=1 vage=22 vpage=22 vdt=25 vmax=187 vacc=855 vrej=0 seq=0 elapsed=0 oled=3C
[  10391] STATUS mode=1 fault=none p60=-18 dp60=0 pwm=0 ball=119.75 vball=-1.48 aball=222.8 bref=50.00 pid=140.0 apid=89.1 integ=-0.0 vision=1 current=1 vframe=862 vs=1 vage=11 vpage=11 vdt=31 vmax=187 vacc=856 vrej=0 seq=0 elapsed=0 oled=3C
[  10422] STATUS mode=1 fault=none p60=-18 dp60=0 pwm=0 ball=119.75 vball=-1.48 aball=222.8 bref=50.00 pid=140.0 apid=89.1 integ=-0.0 vision=1 current=1 vframe=862 vs=1 vage=31 vpage=31 vdt=31 vmax=187 vacc=856 vrej=0 seq=0 elapsed=0 oled=3C
[  10438] STATUS mode=1 fault=none p60=-18 dp60=0 pwm=0 ball=119.75 vball=-1.48 aball=222.8 bref=50.00 pid=140.0 apid=89.1 integ=-0.0 vision=1 current=1 vframe=862 vs=1 vage=51 vpage=51 vdt=31 vmax=187 vacc=856 vrej=0 seq=0 elapsed=0 oled=3C
[  10452] STATUS mode=1 fault=none p60=-18 dp60=0 pwm=0 ball=119.75 vball=-1.48 aball=222.8 bref=50.00 pid=140.0 apid=89.1 integ=-0.0 vision=1 current=1 vframe=862 vs=1 vage=71 vpage=71 vdt=31 vmax=187 vacc=856 vrej=0 seq=0 elapsed=0 oled=3C
[  10468] STATUS mode=1 fault=none p60=-18 dp60=0 pwm=0 ball=119.75 vball=-1.48 aball=222.8 bref=50.00 pid=140.0 apid=89.1 integ=-0.0 vision=1 current=1 vframe=862 vs=1 vage=91 vpage=91 vdt=31 vmax=187 vacc=856 vrej=0 seq=0 elapsed=0 oled=3C
[  10500] STATUS mode=1 fault=none p60=-18 dp60=0 pwm=0 ball=120.07 vball=-0.33 aball=222.8 bref=50.00 pid=140.0 apid=89.1 integ=-0.0 vision=1 current=1 vframe=863 vs=1 vage=8 vpage=8 vdt=103 vmax=187 vacc=857 vrej=0 seq=0 elapsed=0 oled=3C
[  10516] STATUS mode=1 fault=none p60=-18 dp60=0 pwm=0 ball=120.07 vball=-0.33 aball=222.8 bref=50.00 pid=140.0 apid=89.1 integ=-0.0 vision=1 current=1 vframe=863 vs=1 vage=28 vpage=28 vdt=103 vmax=187 vacc=857 vrej=0 seq=0 elapsed=0 oled=3C
[  10532] STATUS mode=1 fault=none p60=-18 dp60=0 pwm=0 ball=119.58 vball=-4.33 aball=222.8 bref=50.00 pid=140.0 apid=89.1 integ=-0.0 vision=1 current=1 vframe=864 vs=1 vage=18 vpage=18 vdt=30 vmax=187 vacc=858 vrej=0 seq=0 elapsed=0 oled=3C
[  10547] STATUS mode=1 fault=none p60=-1
[  10547] >>> stream off
[  10563] 8 dp60=0 pwm=0 ball=119.58 vball=-4.33 aball=222.8 bref=50.00 pid=140.0 apid=89.1 integ=-0.0 vision=1 current=1 vframe=864 vs=1 vage=38 vpage=38 vdt=30 vmax=187 vacc=858 vrej=0 seq=0 elapsed=0 oled=3C
[  10563] OK stream off
