[      0] >>> bench on
[      0] OK visual-only bench active; use zero before motor tests
[    641] >>> stop
[    641] OK stopped
[   1266] >>> gain ball 1.0 0.0 2.0 -1
[   1282] OK ball gains kp=1.000 ki=0.000 kd=2.000 sign=-1
[   1891] >>> limit pwm 140
[   1907] OK beam PWM limit=140
[   2516] >>> stream on 20
[   2516] OK stream on 20 ms
[   2563] STATUS mode=1 fault=none p60=0 dp60=0 pwm=0 ball=-124.79 vball=-0.02 bref=0.00 pid=0.0 integ=0.0 vision=1 current=1 vframe=2053 vs=1 vage=21 vpage=21 vdt=102 vmax=7730 vacc=1763 vrej=0 seq=0 elapsed=0 oled=3C
[   2577] STATUS mode=1 fault=none p60=0 dp60=0 pwm=0 ball=-124.79 vball=-0.01 bref=0.00 pid=0.0 integ=0.0 vision=1 current=1 vframe=2054 vs=1 vage=9 vpage=9 vdt=32 vmax=7730 vacc=1764 vrej=0 seq=0 elapsed=0 oled=3C
[   2593] STATUS mode=1 fault=none p60=0 dp60=0 pwm=0 ball=-124.79 vball=-0.01 bref=0.00 pid=0.0 integ=0.0 vision=1 current=1 vframe=2054 vs=1 vage=29 vpage=29 vdt=32 vmax=7730 vacc=1764 vrej=0 seq=0 elapsed=0 oled=3C
[   2625] STATUS mode=1 fault=none p60=0 dp60=0 pwm=0 ball=-124.79 vball=-0.01 bref=0.00 pid=0.0 integ=0.0 vision=1 current=1 vframe=2055 vs=1 vage=15 vpage=15 vdt=34 vmax=7730 vacc=1765 vrej=0 seq=0 elapsed=0 oled=3C
[   2641] STATUS mode=1 fault=none p60=0 dp60=0 pwm=0 ball=-124.79 vball=-0.01 bref=0.00 pid=0.0 integ=0.0 vision=1 current=1 vframe=2055 vs=1 vage=35 vpage=35 vdt=34 vmax=7730 vacc=1765 vrej=0 seq=0 elapsed=0 oled=3C
[   2657] STATUS mode=1 fault=none p60=0 dp60=0 pwm=0 ball=-124.79 vball=-0.01 bref=0.00 pid=0.0 integ=0.0 vision=1 current=1 vframe=2055 vs=1 vage=55 vpage=55 vdt=34 vmax=7730 vacc=1765 vrej=0 seq=0 elapsed=0 oled=3C
[   2672] STATUS mode=1 fault=none p60=0 dp60=0 pwm=0 ball=-124.79 vball=-0.01 bref=0.00 pid=0.0 integ=0.0 vision=1 current=1 vframe=2055 vs=1 vage=75 vpage=75 vdt=34 vmax=7730 vacc=1765 vrej=0 seq=0 elapsed=0 oled=3C
[   2702] STATUS mode=1 fault=none p60=0 dp60=0 pwm=0 ball=-124.79 vball=-0.01 bref=0.00 pid=0.0 integ=0.0 vision=1 current=1 vframe=2055 vs=1 vage=95 vpage=95 vdt=34 vmax=7730 vacc=1765 vrej=0 seq=0 elapsed=0 oled=3C
[   2718] STATUS mode=1 fault=none p60=0 dp60=0 pwm=0 ball=-124.79 vball=-0.01 bref=0.00 pid=0.0 integ=0.0 vision=1 current=1 vframe=2056 vs=1 vage=15 vpage=15 vdt=100 vmax=7730 vacc=1766 vrej=0 seq=0 elapsed=0 oled=3C
[   2734] STATUS mode=1 fault=none p60=0 dp60=0 pwm=0 ball=-124.79 vball=-0.01 bref=0.00 pid=0.0 integ=0.0 vision=1 current=1 vframe=2057 vs=1 vage=1 vpage=1 vdt=34 vmax=7730 vacc=1767 vrej=0 seq=0 elapsed=0 oled=3C
[   2766] STATUS mode=1 fault=none p60=0 dp60=0 pwm=0 ball=-124.79 vball=-0.01 bref=0.00 pid=0.0 integ=0.0 vision=1 current=1 vframe=2057 vs=1 vage=21 vpage=21 vdt=34 vmax=7730 vacc=1767 vrej=0 seq=0 elapsed=0 oled=3C
[   2782] STATUS mode=1 fault=none p60=0 dp60=0 pwm=0 ball=-124.79 vball=-0.00 bref=0.00 pid=0.0 integ=0.0 vision=1 current=1 vframe=2058 vs=1 vage=9 vpage=9 vdt=32 vmax=7730 vacc=1768 vrej=0 seq=0 elapsed=0 oled=3C
[   2797] STATUS mode=1 fault=none p60=0 dp60=0 pwm=0 ball=-124.79 vball=-0.00 bref=0.00 pid=0.0 integ=0.0 vision=1 current=1 vframe=2058 vs=1 vage=29 vpage=29 vdt=32 vmax=7730 vacc=1768 vrej=0 seq=0 elapsed=0 oled=3C
[   2813] STATUS mode=1 fault=none p60=0 dp60=0 pwm=0 ball=-124.79 vball=-0.00 bref=0.00 pid=0.0 integ=0.0 vision=1 current=1 vframe=2058 vs=1 vage=49 vpage=49 vdt=32 vmax=7730 vacc=1768 vrej=0 seq=0 elapsed=0 oled=3C
[   2843] STATUS mode=1 fault=none p60=0 dp60=0 pwm=0 ball=-124.79 vball=-0.00 bref=0.00 pid=0.0 integ=0.0 vision=1 current=1 vframe=2058 vs=1 vage=69 vpage=69 vdt=32 vmax=7730 vacc=1768 vrej=0 seq=0 elapsed=0 oled=3C
[   2859] STATUS mode=1 fault=none p60=0 dp60=0 pwm=0 ball=-124.79 vball=-0.00 bref=0.00 pid=0.0 integ=0.0 vision=1 current=1 vframe=2058 vs=1 vage=89 vpage=89 vdt=32 vmax=7730 vacc=1768 vrej=0 seq=0 elapsed=0 oled=3C
[   2875] STATUS mode=1 fault=none p60=0 dp60=0 pwm=0 ball=-124.79 vball=-0.00 bref=0.00 pid=0.0 integ=0.0 vision=1 current=1 vframe=2059 vs=1 vage=9 vpage=9 vdt=100 vmax=7730 vacc=1769 vrej=0 seq=0 elapsed=0 oled=3C
[   2891] STATUS mode=1 fault=none p60=0 dp60=0 pwm=0 ball=-124.79 vball=-0.00 bref=0.00 pid=0.0 integ=0.0 vision=1 current=1 vframe=2059 vs=1 vage=29 vpage=29 vdt=100 vmax=7730 vacc=1769 vrej=0 seq=0 elapsed=0 oled=3C
[   2922] STATUS mode=1 fault=none p60=0 dp60=0 pwm=0 ball=-124.79 vball=-0.00 bref=0.00 pid=0.0 integ=0.0 vision=1 current=1 vframe=2060 vs=1 vage=15 vpage=15 vdt=34 vmax=7730 vacc=1770 vrej=0 seq=0 elapsed=0 oled=3C
[   2938] STATUS mode=1 fault=none p60=0 dp60=0 pwm=0 ball=-124.79 vball=-0.00 bref=0.00 pid=0.0 integ=0.0 vision=1 current=1 vframe=2061 vs=1 vage=3 vpage=3 vdt=32 vmax=7730 vacc=1771 vrej=0 seq=0 elapsed=0 oled=3C
[   2952] STATUS mode=1 fault=none p60=0 dp60=0 pwm=0 ball=-124.79 vball=-0.00 bref=0.00 pid=0.0 integ=0.0 vision=1 current=1 vframe=2061 vs=1 vage=23 vpage=23 vdt=32 vmax=7730 vacc=1771 vrej=0 seq=0 elapsed=0 oled=3C
[   2984] STATUS mode=1 fault=none p60=0 dp60=0 pwm=0 ball=-124.79 vball=-0.00 bref=0.00 pid=0.0 integ=0.0 vision=1 current=1 vframe=2061 vs=1 vage=43 vpage=43 vdt=32 vmax=7730 vacc=1771 vrej=0 seq=0 elapsed=0 oled=3C
[   3000] STATUS mode=1 fault=none p60=0 dp60=0 pwm=0 ball=-124.79 vball=-0.00 bref=0.00 pid=0.0 integ=0.0 vision=1 current=1 vframe=2061 vs=1 vage=63 vpage=63 vdt=32 vmax=7730 vacc=1771 vrej=0 seq=0 elapsed=0 oled=3C
[   3016] STATUS mode=1 fault=none p60=0 dp60=0 pwm=0 ball=-124.79 vball=-0.00 bref=0.00 pid=0.0 integ=0.0 vision=1 current=1 vframe=2061 vs=1 vage=83 vpage=83 vdt=32 vmax=7730 vacc=1771 vrej=0 seq=0 elapsed=0 oled=3C
[   3032] STATUS mode=1 fault=none p60=0 dp60=0 pwm=0 ball=-124.79 vball=-0.00 bref=0.00 pid=0.0 integ=0.0 vision=1 current=1 vframe=2061 vs=1 vage=103 vpage=103 vdt=32 vmax=7730 vacc=1771 vrej=0 seq=0 elapsed=0 oled=3C
[   3063] STATUS mode=1 fault=none p60=0 dp60=0 pwm=0 ball=-124.75 vball=0.10 bref=0.00 pid=0.0 integ=0.0 vision=1 current=1 vframe=2062 vs=1 vage=20 vpage=20 vdt=103 vmax=7730 vacc=1772 vrej=0 seq=0 elapsed=0 oled=3C
[   3077] STATUS mode=1 fault=none p60=0 dp60=0 pwm=0 ball=-124.79 vball=-0.25 bref=0.00 pid=0.0 integ=0.0 vision=1 current=1 vframe=2063 vs=1 vage=9 vpage=9 vdt=31 vmax=7730 vacc=1773 vrej=0 seq=0 elapsed=0 oled=3C
[   3093] STATUS mode=1 fault=none p60=0 dp60=0 pwm=0 ball=-124.79 vball=-0.25 bref=0.00 pid=0.0 integ=0.0 vision=1 current=1 vframe=2063 vs=1 vage=29 vpage=29 vdt=31 vmax=7730 vacc=1773 vrej=0 seq=0 elapsed=0 oled=3C
[   3125] STATUS mode=1 fault=none p60=0 dp60=0 pwm=0 ball=-124.79 vball=-0.19 bref=0.00 pid=0.0 integ=0.0 vision=1 current=1 vframe=2064 vs=1 vage=15 vpage=15 vdt=34 vmax=7730 vacc=1774 vrej=0 seq=0 elapsed=0 oled
[   3125] >>> ball -50
[   3125] =3C
[   3125] OK visual PWM ball target=-50.00 mm
[   3141] STATUS mode=3 fault=none p60=0 dp60=0 pwm=0 ball=-124.79 vball=-0.19 bref=-50.00 pid=0.0 integ=0.0 vision=1 current=1 vframe=2064 vs=1 vage=35 vpage=35 vdt=34 vmax=7730 vacc=1774 vrej=0 seq=0 elapsed=0 oled=3C
[   3157] STATUS mode=3 fault=none p60=-1 dp60=0 pwm=-126 ball=-124.79 vball=-0.19 bref=-50.00 pid=-75.2 integ=-0.0 vision=1 current=1 vframe=2064 vs=1 vage=55 vpage=55 vdt=34 vmax=7730 vacc=1774 vrej=0 seq=0 elapsed=0 oled=3C
[   3172] STATUS mode=3 fault=none p60=-3 dp60=0 pwm=0 ball=-124.79 vball=-0.19 bref=-50.00 pid=-75.2 integ=-0.0 vision=1 current=1 vframe=2064 vs=1 vage=75 vpage=75 vdt=34 vmax=7730 vacc=1774 vrej=0 seq=0 elapsed=0 oled=3C
[   3202] STATUS mode=3 fault=none p60=-3 dp60=0 pwm=0 ball=-124.79 vball=-0.19 bref=-50.00 pid=-75.2 integ=-0.0 vision=1 current=1 vframe=2064 vs=1 vage=95 vpage=95 vdt=34 vmax=7730 vacc=1774 vrej=0 seq=0 elapsed=0 oled=3C
[   3218] STATUS mode=3 fault=none p60=-2 dp60=0 pwm=-126 ball=-124.79 vball=-0.14 bref=-50.00 pid=-75.1 integ=-0.0 vision=1 current=1 vframe=2065 vs=1 vage=13 vpage=13 vdt=102 vmax=7730 vacc=1775 vrej=0 seq=0 elapsed=0 oled=3C
[   3234] STATUS mode=3 fault=none p60=-4 dp60=-1 pwm=0 ball=-124.79 vball=-0.11 bref=-50.00 pid=-75.1 integ=-0.0 vision=1 current=1 vframe=2066 vs=1 vage=2 vpage=2 vdt=31 vmax=7730 vacc=1776 vrej=0 seq=0 elapsed=0 oled=3C
[   3266] STATUS mode=3 fault=none p60=-5 dp60=-1 pwm=-126 ball=-124.79 vball=-0.11 bref=-50.00 pid=-75.0 integ=-0.0 vision=1 current=1 vframe=2066 vs=1 vage=22 vpage=22 vdt=31 vmax=7730 vacc=1776 vrej=0 seq=0 elapsed=0 oled=3C
[   3282] STATUS mode=3 fault=none p60=-10 dp60=-1 pwm=-126 ball=-124.79 vball=-0.08 bref=-50.00 pid=-74.9 integ=-0.0 vision=1 current=1 vframe=2067 vs=1 vage=9 vpage=9 vdt=33 vmax=7730 vacc=1777 vrej=0 seq=0 elapsed=0 oled=3C
[   3297] STATUS mode=3 fault=none p60=-16 dp60=-2 pwm=0 ball=-124.79 vball=-0.08 bref=-50.00 pid=-74.9 integ=-0.0 vision=1 current=1 vframe=2067 vs=1 vage=29 vpage=29 vdt=33 vmax=7730 vacc=1777 vrej=0 seq=0 elapsed=0 oled=3C
[   3313] STATUS mode=3 fault=none p60=-22 dp60=-1 pwm=0 ball=-124.79 vball=-0.08 bref=-50.00 pid=-74.9 integ=-0.0 vision=1 current=1 vframe=2067 vs=1 vage=49 vpage=49 vdt=33 vmax=7730 vacc=1777 vrej=0 seq=0 elapsed=0 oled=3C
[   3343] STATUS mode=3 fault=none p60=-27 dp60=-1 pwm=0 ball=-124.79 vball=-0.08 bref=-50.00 pid=-74.9 integ=-0.0 vision=1 current=1 vframe=2067 vs=1 vage=69 vpage=69 vdt=33 vmax=7730 vacc=1777 vrej=0 seq=0 elapsed=0 oled=3C
[   3359] STATUS mode=3 fault=none p60=-29 dp60=0 pwm=0 ball=-124.79 vball=-0.08 bref=-50.00 pid=-74.9 integ=-0.0 vision=1 current=1 vframe=2067 vs=1 vage=89 vpage=89 vdt=33 vmax=7730 vacc=1777 vrej=0 seq=0 elapsed=0 oled=3C
[   3375] STATUS mode=3 fault=none p60=-29 dp60=0 pwm=-126 ball=-124.79 vball=-0.06 bref=-50.00 pid=-74.9 integ=-0.0 vision=1 current=1 vframe=2068 vs=1 vage=11 vpage=11 vdt=98 vmax=7730 vacc=1778 vrej=0 seq=0 elapsed=0 oled=3C
[   3391] STATUS mode=3 fault=none p60=-30 dp60=0 pwm=0 ball=-124.79 vball=-0.06 bref=-50.00 pid=-74.9 integ=-0.0 vision=1 current=1 vframe=2068 vs=1 vage=31 vpage=31 vdt=98 vmax=7730 vacc=1778 vrej=0 seq=0 elapsed=0 oled=3C
[   3422] STATUS mode=3 fault=none p60=-32 dp60=-1 pwm=-126 ball=-124.79 vball=-0.04 bref=-50.00 pid=-74.9 integ=-0.0 vision=1 current=1 vframe=2069 vs=1 vage=16 vpage=16 vdt=35 vmax=7730 vacc=1779 vrej=0 seq=0 elapsed=0 oled=3C
[   3438] STATUS mode=3 fault=none p60=-39 dp60=-2 pwm=0 ball=-124.79 vball=-0.04 bref=-50.00 pid=-74.9 integ=-0.0 vision=1 current=1 vframe=2069 vs=1 vage=36 vpage=36 vdt=35 vmax=7730 vacc=1779 vrej=0 seq=0 elapsed=0 oled=3C
[   3452] STATUS mode=3 fault=none p60=-44 dp60=-1 pwm=0 ball=-124.79 vball=-0.04 bref=-50.00 pid=-74.9 integ=-0.0 vision=1 current=1 vframe=2069 vs=1 vage=56 vpage=56 vdt=35 vmax=7730 vacc=1779 vrej=0 seq=0 elapsed=0 oled=3C
[   3484] STATUS mode=3 fault=none p60=-47 dp60=0 pwm=0 ball=-124.79 vball=-0.04 bref=-50.00 pid=-74.9 integ=-0.0 vision=1 current=1 vframe=2069 vs=1 vage=76 vpage=76 vdt=35 vmax=7730 vacc=1779 vrej=0 seq=0 elapsed=0 oled=3C
[   3500] STATUS mode=3 fault=none p60=-48 dp60=0 pwm=0 ball=-124.79 vball=-0.04 bref=-50.00 pid=-74.9 integ=-0.0 vision=1 current=1 vframe=2069 vs=1 vage=96 vpage=96 vdt=35 vmax=7730 vacc=1779 vrej=0 seq=0 elapsed=0 oled=3C
[   3516] STATUS mode=3 fault=none p60=-48 dp60=0 pwm=-126 ball=-124.78 vball=-0.01 bref=-50.00 pid=-74.8 integ=-0.0 vision=1 current=1 vframe=2070 vs=1 vage=5 vpage=5 vdt=111 vmax=7730 vacc=1780 vrej=0 seq=0 elapsed=0 oled=3C
[   3532] STATUS mode=3 fault=none p60=-51 dp60=-2 pwm=0 ball=-124.77 vball=0.24 bref=-50.00 pid=-74.3 integ=-0.0 vision=1 current=1 vframe=2071 vs=1 vage=15 vpage=15 vdt=10 vmax=7730 vacc=1781 vrej=0 seq=0 elapsed=0 oled=3C
[   3563] STATUS mode=3 fault=none p60=-56 dp60=-1 pwm=-125 ball=-124.47 vball=2.68 bref=-50.00 pid=-69.1 integ=-0.0 vision=1 current=1 vframe=2072 vs=1 vage=5 vpage=5 vdt=30 vmax=7730 vacc=1782 vrej=0 seq=0 elapsed=0 oled=3C
[   3577] STATUS mode=3 fault=none p60=-64 dp60=-2 pwm=0 ball=-124.47 vball=2.68 bref=-50.00 pid=-69.1 integ=-0.0 vision=1 current=1 vframe=2072 vs=1 vage=25 vpage=25 vdt=30 vmax=7730 vacc=1782 vrej=0 seq=0 elapsed=0 oled=3C
[   3593] STATUS mode=3 fault=none p60=-71 dp60=-2 pwm=-124 ball=-124.44 vball=2.24 bref=-50.00 pid=-70.0 integ=-0.0 vision=1 current=1 vframe=2073 vs=1 vage=12 vpage=12 vdt=33 vmax=7730 vacc=1783 vrej=0 seq=0 elapsed=0 oled=3C
[   3625] STATUS mode=3 fault=none p60=-79 dp60=-2 pwm=0 ball=-124.44 vball=2.24 bref=-50.00 pid=-70.0 integ=-0.0 vision=1 current=1 vframe=2073 vs=1 vage=32 vpage=32 vdt=33 vmax=7730 vacc=1783 vrej=0 seq=0 elapsed=0 oled=3C
[   3641] STATUS mode=3 fault=none p60=-87 dp60=-2 pwm=-124 ball=-124.44 vball=2.24 bref=-50.00 pid=-70.0 integ=-0.0 vision=1 current=1 vframe=2073 vs=1 vage=52 vpage=52 vdt=33 vmax=7730 vacc=1783 vrej=0 seq=0 elapsed=0 oled=3C
[   3657] STATUS mode=3 fault=none p60=-96 dp60=-2 pwm=0 ball=-124.44 vball=2.24 bref=-50.00 pid=-70.0 integ=-0.0 vision=1 current=1 vframe=2073 vs=1 vage=72 vpage=72 vdt=33 vmax=7730 vacc=1783 vrej=0 seq=0 elapsed=0 oled=3C
[   3672] STATUS mode=3 fault=none p60=-102 dp60=-1 pwm=0 ball=-124.44 vball=2.24 bref=-50.00 pid=-70.0 integ=-0.0 vision=1 current=1 vframe=2073 vs=1 vage=92 vpage=92 vdt=33 vmax=7730 vacc=1783 vrej=0 seq=0 elapsed=0 oled=3C
[   3702] STATUS mode=3 fault=none p60=-107 dp60=-1 pwm=-125 ball=-124.43 vball=1.70 bref=-50.00 pid=-71.0 integ=-0.0 vision=1 current=1 vframe=2074 vs=1 vage=6 vpage=6 vdt=106 vmax=7730 vacc=1784 vrej=0 seq=0 elapsed=0 oled=3C
[   3718] STATUS mode=3 fault=none p60=-112 dp60=-2 pwm=0 ball=-124.43 vball=1.70 bref=-50.00 pid=-71.0 integ=-0.0 vision=1 current=1 vframe=2074 vs=1 vage=26 vpage=26 vdt=106 vmax=7730 vacc=1784 vrej=0 seq=0 elapsed=0 oled=3C
[   3734] STATUS mode=3 fault=none p60=-119 dp60=-2 pwm=-125 ball=-124.42 vball=1.37 br
[   3734] ef=-50.00 pid=-71.7 integ=-0.0 vision=1 current=1 vframe=2075 vs=1 vage=19 vpage=19 vdt=27 vmax=7730 vacc=1785 vrej=0 seq=0 elapsed=0 oled=3C
[   3766] STATUS mode=3 fault=none p60=-126 dp60=-1 pwm=0 ball=-124.42 vball=1.03 bref=-50.00 pid=-72.4 integ=-0.0 vision=1 current=1 vframe=2076 vs=1 vage=5 vpage=5 vdt=34 vmax=7730 vacc=1786 vrej=0 seq=0 elapsed=0 oled=3C
[   3782] STATUS mode=3 fault=none p60=-134 dp60=-2 pwm=-125 ball=-124.42 vball=1.03 bref=-50.00 pid=-72.4 integ=-0.0 vision=1 current=1 vframe=2076 vs=1 vage=25 vpage=25 vdt=34 vmax=7730 vacc=1786 vrej=0 seq=0 elapsed=0 oled=3C
[   3797] STATUS mode=3 fault=none p60=-143 dp60=-2 pwm=0 ball=-124.42 vball=1.03 bref=-50.00 pid=-72.4 integ=-0.0 vision=1 current=1 vframe=2076 vs=1 vage=45 vpage=45 vdt=34 vmax=7730 vacc=1786 vrej=0 seq=0 elapsed=0 oled=3C
[   3813] STATUS mode=3 fault=none p60=-150 dp60=-2 pwm=0 ball=-124.42 vball=1.03 bref=-50.00 pid=-72.4 integ=-0.0 vision=1 current=1 vframe=2076 vs=1 vage=65 vpage=65 vdt=34 vmax=7730 vacc=1786 vrej=0 seq=0 elapsed=0 oled=3C
[   3843] STATUS mode=3 fault=none p60=-154 dp60=-1 pwm=0 ball=-124.42 vball=1.03 bref=-50.00 pid=-72.4 integ=-0.0 vision=1 current=1 vframe=2076 vs=1 vage=85 vpage=85 vdt=34 vmax=7730 vacc=1786 vrej=0 seq=0 elapsed=0 oled=3C
[   3859] STATUS mode=3 fault=none p60=-158 dp60=-1 pwm=0 ball=-124.40 vball=0.82 bref=-50.00 pid=-72.4 integ=-0.0 vision=1 current=1 vframe=2077 vs=1 vage=1 vpage=1 vdt=104 vmax=7730 vacc=1787 vrej=0 seq=0 elapsed=0 oled=3C
[   3875] STATUS mode=3 fault=none p60=-159 dp60=0 pwm=-125 ball=-124.40 vball=0.82 bref=-50.00 pid=-72.8 integ=-0.0 vision=1 current=1 vframe=2077 vs=1 vage=21 vpage=21 vdt=104 vmax=7730 vacc=1787 vrej=0 seq=0 elapsed=0 oled=3C
[   3907] STATUS mode=3 fault=none p60=-162 dp60=0 pwm=-125 ball=-124.40 vball=0.61 bref=-50.00 pid=-73.2 integ=-0.0 vision=1 current=1 vframe=2078 vs=1 vage=13 vpage=13 vdt=28 vmax=7730 vacc=1788 vrej=0 seq=0 elapsed=0 oled=3C
[   3922] STATUS mode=3 fault=none p60=-168 dp60=-2 pwm=0 ball=-124.40 vball=0.61 bref=-50.00 pid=-73.2 integ=-0.0 vision=1 current=1 vframe=2078 vs=1 vage=33 vpage=33 vdt=28 vmax=7730 vacc=1788 vrej=0 seq=0 elapsed=0 oled=3C
[   3938] STATUS mode=3 fault=none p60=-173 dp60=-1 pwm=-125 ball=-124.18 vball=2.08 bref=-50.00 pid=-70.0 integ=-0.0 vision=1 current=1 vframe=2079 vs=1 vage=19 vpage=19 vdt=34 vmax=7730 vacc=1789 vrej=0 seq=0 elapsed=0 oled=3C
[   3952] STATUS mode=3 fault=none p60=-181 dp60=-2 pwm=0 ball=-124.18 vball=2.08 bref=-50.00 pid=-70.0 integ=-0.0 vision=1 current=1 vframe=2079 vs=1 vage=39 vpage=39 vdt=34 vmax=7730 vacc=1789 vrej=0 seq=0 elapsed=0 oled=3C
[   3984] STATUS mode=3 fault=none p60=-187 dp60=-1 pwm=0 ball=-124.18 vball=2.08 bref=-50.00 pid=-70.0 integ=-0.0 vision=1 current=1 vframe=2079 vs=1 vage=59 vpage=59 vdt=34 vmax=7730 vacc=1789 vrej=0 seq=0 elapsed=0 oled=3C
[   4000] STATUS mode=3 fault=none p60=-191 dp60=0 pwm=0 ball=-124.18 vball=2.08 bref=-50.00 pid=-70.0 integ=-0.0 vision=1 current=1 vframe=2079 vs=1 vage=79 vpage=79 vdt=34 vmax=7730 vacc=1789 vrej=0 seq=0 elapsed=0 oled=3C
[   4016] STATUS mode=3 fault=none p60=-194 dp60=-1 pwm=0 ball=-124.18 vball=2.08 bref=-50.00 pid=-70.0 integ=-0.0 vision=1 current=1 vframe=2079 vs=1 vage=99 vpage=99 vdt=34 vmax=7730 vacc=1789 vrej=0 seq=0 elapsed=0 oled=3C
[   4047] STATUS mode=3 fault=none p60=-194 dp60=0 pwm=-125 ball=-124.08 vball=1.81 bref=-50.00 pid=-70.5 integ=-0.0 vision=1 current=1 vframe=2080 vs=1 vage=20 vpage=20 vdt=99 vmax=7730 vacc=1790 vrej=0 seq=0 elapsed=0 oled=3C
[   4063] STATUS mode=3 fault=none p60=-197 dp60=-1 pwm=-125 ball=-124.09 vball=1.28 bref=-50.00 pid=-71.5 integ=-0.0 vision=1 current=1 vframe=2081 vs=1 vage=6 vpage=6 vdt=34 vmax=7730 vacc=1791 vrej=0 seq=0 elapsed=0 oled=3C
[   4077] STATUS mode=3 fault=none p60=-203 dp60=-2 pwm=0 ball=-124.09 vball=1.28 bref=-50.00 pid=-71.5 integ=-0.0 vision=1 current=1 vframe=2081 vs=1 vage=26 vpage=26 vdt=34 vmax=7730 vacc=1791 vrej=0 seq=0 elapsed=0 oled=3C
[   4093] STATUS mode=3 fault=none p60=-209 dp60=-2 pwm=-125 ball=-124.09 vball=0.96 bref=-50.00 pid=-72.2 integ=-0.0 vision=1 current=1 vframe=2082 vs=1 vage=13 vpage=13 vdt=33 vmax=7730 vacc=1792 vrej=0 seq=0 elapsed=0 oled=3C
[   4125] STATUS mode=3 fault=none p60=-215 dp60=-2 pwm=0 ball=-124.09 vball=0.96 bref=-50.00 pid=-72.2 integ=-0.0 vision=1 current=1 vframe=2082 vs=1 vage=33 vpage=33 vdt=33 vmax=7730 vacc=1792 vrej=0 seq=0 elapsed=0 oled=3C
[   4141] STATUS mode=3 fault=none p60=-221 dp60=-1 pwm=0 ball=-124.09 vball=0.96 bref=-50.00 pid=-72.2 integ=-0.0 vision=1 current=1 vframe=2082 vs=1 vage=53 vpage=53 vdt=33 vmax=7730 vacc=1792 vrej=0 seq=0 elapsed=0 oled=3C
[   4157] STATUS mode=3 fault=none p60=-226 dp60=-1 pwm=0 ball=-124.09 vball=0.96 bref=-50.00 pid=-72.2 integ=-0.0 vision=1 current=1 vframe=2082 vs=1 vage=73 vpage=73 vdt=33 vmax=7730 vacc=1792 vrej=0 seq=0 elapsed=0 oled=3C
[   4172] STATUS mode=3 fault=none p60=-228 dp60=0 pwm=0 ball=-124.09 vball=0.96 bref=-50.00 pid=-72.2 integ=-0.0 vision=1 current=1 vframe=2082 vs=1 vage=93 vpage=93 vdt=33 vmax=7730 vacc=1792 vrej=0 seq=0 elapsed=0 oled=3C
[   4202] STATUS mode=3 fault=none p60=-229 dp60=-1 pwm=-125 ball=-124.01 vball=0.93 bref=-50.00 pid=-72.1 integ=-0.0 vision=1 current=1 vframe=2083 vs=1 vage=17 vpage=17 vdt=96 vmax=7730 vacc=1793 vrej=0 seq=0 elapsed=0 oled=3C
[   4218] STATUS mode=3 fault=none p60=-231 dp60=-1 pwm=0 ball=-124.01 vball=0.70 bref=-50.00 pid=-72.6 integ=-0.0 vision=1 current=1 vframe=2084 vs=1 vage=15 vpage=15 vdt=22 vmax=7730 vacc=1794 vrej=0 seq=0 elapsed=0 oled=3C
[   4234] STATUS mode=3 fault=none p60=-235 dp60=-1 pwm=-125 ball=-124.02 vball=0.45 bref=-50.00 pid=-72.6 integ=-0.0 vision=1 current=1 vframe=2085 vs=1 vage=1 vpage=1 vdt=34 vmax=7730 vacc=1795 vrej=0 seq=0 elapsed=0 oled=3C
[   4266] STATUS mode=3 fault=none p60=-241 dp60=-2 pwm=-125 ball=-124.02 vball=0.45 bref=-50.00 pid=-73.1 integ=-0.0 vision=1 current=1 vframe=2085 vs=1 vage=21 vpage=21 vdt=34 vmax=7730 vacc=1795 vrej=0 seq=0 elapsed=0 oled=3C
[   4282] STATUS mode=3 fault=none p60=-247 dp60=-1 pwm=0 ball=-124.02 vball=0.45 bref=-50.00 pid=-73.1 integ=-0.0 vision=1 current=1 vframe=2085 vs=1 vage=41 vpage=41 vdt=34 vmax=7730 vacc=1795 vrej=0 seq=0 elapsed=0 oled=3C
[   4297] STATUS mode=3 fault=none p60=-255 dp60=-2 pwm=0 ball=-124.02 vball=0.45 bref=-50.00 pid=-73.1 integ=-0.0 vision=1 current=1 vframe=2085 vs=1 vage=61 vpage=61 vdt=34 vmax=7730 vacc=1795 vrej=0 seq=0 elapsed=0 oled=3C
[   4313] STATUS mode=3 fault=none p60=-259 dp60=-1 pwm=0 ball=-124.02 vball=0.45 bref=-50.00 pid=-73.1 integ=-0.0 vision=1 current=1 vframe=2085 vs=1 vage=81 vpage=81 vdt=34 vmax=7730 vacc=1795 vrej=0 seq=0 elapsed=0 oled=3C
[   4343] STATUS mode=3 fault=none p60=-262 dp60=0 pwm=0 ball=-124.02 vball=0.45 bref=-50.00 pid=-73.1 integ=-0.0 vision=1 current=1 vframe=2085 vs=1 vage=101 vpage=101 vdt=34 vmax=7730 vacc=1795 vrej=0 seq=0 elapsed=0 oled=3C
[   4359] STATUS mode=3 fault=none p60=-263 dp60=0 pwm=-125 ball=-123.96 vball=0.48 bref=-50.00 pid=-73.0 integ=-0.0 vision=1 current=1 vframe=2086 vs=1 vage=13 vpage=13 vdt=108 vmax=7730 vacc=1796 vrej=0 seq=0 elapsed=0 oled=3C
[   4375] STATUS mode=3 fault=none p60=-264 dp60=0 pwm=0 ball=-123.94 vball=0.57 bref=-50.00 pid=-72.8 integ=-0.0 vision=1 current=1 vframe=2087 vs=1 vage=9 vpage=9 vdt=24 vmax=7730 vacc=1797 vrej=0 seq=0 elapsed=0 oled=3C
[   4407] STATUS mode=3 fault=none p60=-267 dp60=-1 pwm=-125 ball=-123.94 vball=0.57 bref=-50.00 pid=-72.8 integ=-0.0 vision=1 current=1 vframe=2087 vs=1 vage=29 vpage=29 vdt=24 vmax=7730 vacc=1797 vrej=0 seq=0 elapsed=0 oled=3C
[   4422] STATUS mode=3 fault=none p60=-273 dp60=-1 pwm=-125 ball=-123.94 vball=0.42 bref=-50.00 pid=-73.1 integ=-0.0 vision=1 current=1 vframe=2088 vs=1 vage=14 vpage=14 vdt=35 vmax=7730 vacc=1798 vrej=0 seq=0 elapsed=0 oled=3C
[   4438] STATUS mode=3 fault=none p60=-280 dp60=-2 pwm=0 ball=-123.94 vball=0.42 bref=-50.00 pid=-73.1 integ=-0.0 vision=1 current=1 vframe=2088 vs=1 vage=34 vpage=34 vdt=35 vmax=7730 vacc=1798 vrej=0 seq=0 elapsed=0 oled=3C
[   4452] STATUS mode=3 fault=none p60=-287 dp60=-1 pwm=0 ball=-123.94 vball=0.42 bref=-50.00 pid=-73.1 integ=-0.0 vision=1 current=1 vframe=2088 vs=1 vage=54 vpage=54 vdt=35 vmax=7730 vacc=1798 vrej=0 seq=0 elapsed=0 oled=3C
[   4484] STATUS mode=3 fault=none p60=-291 dp60=0 pwm=0 ball=-123.94 vball=0.42 bref=-50.00 pid=-73.1 integ=-0.0 vision=1 current=1 vframe=2088 vs=1 vage=74 vpage=74 vdt=35 vmax=7730 vacc=1798 vrej=0 seq=0 elapsed=0 oled=3C
[   4500] STATUS mode=3 fault=none p60=-295 dp60=-1 pwm=0 ball=-123.94 vball=0.42 bref=-50.00 pid=-73.1 integ=-0.0 vision=1 current=1 vframe=2088 vs=1 vage=94 vpage=94 vdt=35 vmax=7730 vacc=1798 vrej=0 seq=0 elapsed=0 oled=3C
[   4516] STATUS mode=3 fault=none p60=-296 dp60=0 pwm=-125 ball=-123.92 vball=0.36 bref=-50.00 pid=-73.2 integ=-0.0 vision=1 current=1 vframe=2089 vs=1 vage=6 vpage=6 vdt=108 vmax=7730 vacc=1799 vrej=0 seq=0 elapsed=0 oled=3C
[   4532] STATUS mode=3 fault=none p60=-298 dp60=-1 pwm=0 ball=-123.93 vball=0.17 bref=-50.00 pid=-73.2 integ=-0.0 vision=1 current=1 vframe=2090 vs=1 vage=2 vpage=2 vdt=24 vmax=7730 vacc=1800 vrej=0 seq=0 elapsed=0 oled=3C
[   4563] STATUS mode=3 fault=none p60=-301 dp60=-1 pwm=-125 ball=-123.93 vball=0.17 bref=-50.00 pid=-73.6 integ=-0.0 vision=1 current=1 vframe=2090 vs=1 vage=22 vpage=22 vdt=24 vmax=7730 vacc=1800 vrej=0 seq=0 elapsed=0 oled=3C
[   4577] STATUS mode=3 fault=none p60=-308 dp60=-2 pwm=0 ball=-123.95 vball=-0.02 bref=-50.00 pid=-74.0 integ=-0.0 vision=1 current=1 vframe=2091 vs=1 vage=9 vpage=9 vdt=33 vmax=7730 vacc=1801 vrej=0 seq=0 elapsed=0 oled=3C
[   4593] STATUS mode=3 fault=none p60=-313 dp60=-1 pwm=-125 ball=-123.95 vball=-0.02 bref=-50.00 pid=-74.0 integ=-0.0 vision=1 current=1 vframe=2091 vs=1 vage=29 vpage=29 vdt=33 vmax=7730 vacc=1801 vrej=0 seq=0 elapsed=0 oled=3C
[   4625] STATUS mode=3 fault=none p60=-321 dp60=-2 pwm=0 ball=-123.95 vball=-0.02 bref=-50.00 pid=-74.0 integ=-0.0 vision=1 current=1 vframe=2091 vs=1 vage=49 vpage=49 vdt=33 vmax=7730 vacc=1801 vrej=0 seq=0 elapsed=0 oled=3C
[   4641] STATUS mode=3 fault=none p60=-326 dp60=-1 pwm=0 ball=-123.95 vball=-0.02 bref=-50.00 pid=-74.0 integ=-0.0 vision=1 current=1 vframe=2091 vs=1 vage=69 vpage=69 vdt=33 vmax=7730 vacc=1801 vrej=0 seq=0 elapsed=0 oled=3C
[   4657] STATUS mode=3 fault=none p60=-331 dp60=-1 pwm=0 ball=-123.95 vball=-0.02 bref=-50.00 pid=-74.0 integ=-0.0 vision=1 current=1 vframe=2091 vs=1 vage=89 vpage=89 vdt=33 vmax=7730 vacc=1801 vrej=0 seq=0 elapsed=0 oled=3C
[   4672] STATUS mode=3 fault=none p60=-332 dp60=0 pwm=-125 ball=-123.92 vball=0.05 bref=-50.00 pid=-73.8 integ=-0.0 vision=1 current=1 vframe=2092 vs=1 vage=6 vpage=6 vdt=103 vmax=7730 vacc=1802 vrej=0 seq=0 elapsed=0 oled=3C
[   4702] STATUS mode=3 fault=none p60=-334 dp60=-1 pwm=0 ball=-123.92 vball=0.05 bref=-50.00 pid=-73.8 integ=-0.0 vision=1 current=1 vframe=2092 vs=1 vage=26 vpage=26 vdt=103 vmax=7730 vacc=1802 vrej=0 seq=0 elapsed=0 oled=3C
[   4718] STATUS mode=3 fault=none p60=-337 dp60=-1 pwm=-125 ball=-123.89 vball=0.29 bref=-50.00 pid=-73.3 integ=-0.0 vision=1 current=1 vframe=2093 vs=1 vage=16 vpage=16 vdt=30 vmax=7730 vacc=1803 vrej=0 seq=0 elapsed=0 oled=3C
[   4734] STATUS mode=3 fault=none p60=-343 dp60=-2 pwm=0 ball=-123.88 vball=0.29 bref=-50.00 pid=-73.3 integ=-0.0 vision=1 current=1 vframe=2094 vs=1 vage=1 vpage=1 vdt=35 vmax=7730 vacc=1804 vrej=0 seq=0 elapsed=0 oled=3C
[   4766] STATUS mode=3 fault=none p60=-348 dp60=-2 pwm=-125 ball=-123.88 vball=0.29 bref=-50.00 pid=-73.3 integ=-0.0 vision=1 current=1 vframe=2094 vs=1 vage=21 vpage=21 vdt=35 vmax=7730 vacc=1804 vrej=0 seq=0 elapsed=0 oled=3C
[   4782] STATUS mode=3 fault=none p60=-356 dp60=-2 pwm=0 ball=-123.88 vball=0.29 bref=-50.00 pid=-73.3 integ=-0.0 vision=1 current=1 vframe=2094 vs=1 vage=41 vpage=41 vdt=35 vmax=7730 vacc=1804 vrej=0 seq=0 elapsed=0 oled=3C
[   4797] STATUS mode=3 fault=none p60=-361 dp60=-1 pwm=0 ball=-123.88 vball=0.29 bref=-50.00 pid=-73.3 integ=-0.0 vision=1 current=1 vframe=2094 vs=1 vage=61 vpage=61 vdt=35 vmax=7730 vacc=1804 vrej=0 seq=0 elapsed=0 oled=3C
[   4813] STATUS mode=3 fault=none p60=-365 dp60=0 pwm=0 ball=-123.88 vball=0.29 bref=-50.00 pid=-73.3 integ=-0.0 vision=1 current=1 vframe=2094 vs=1 vage=81 vpage=81 vdt=35 vmax=7730 vacc=1804 vrej=0 seq=0 elapsed=0 oled=3C
[   4843] STATUS mode=3 fault=none p60=-366 dp60=0 pwm=0 ball=-123.88 vball=0.29 bref=-50.00 pid=-73.3 integ=-0.0 vision=1 current=1 vframe=2094 vs=1 vage=101 vpage=101 vdt=35 vmax=7730 vacc=1804 vrej=0 seq=0 elapsed=0 oled=3C
[   4859] STATUS mode=3 fault=none p60=-366 dp60=0 pwm=-125 ball=-123.79 vball=0.41 bref=-50.00 pid=-73.0 integ=-0.0 vision=1 current=1 vframe=2095 vs=1 vage=3 vpage=3 vdt=118 vmax=7730 vacc=1805 vrej=0 seq=0 elapsed=0 oled=3C
[   4875] STATUS mode=3 fault=none p60=-366 dp60=0 pwm=0 ball=-123.79 vball=0.41 bref=-50.00 pid=-73.0 integ=-0.0 vision=1 current=1 vframe=2095 vs=1 vage=23 vpage=23 vdt=118 vmax=7730 vacc=1805 vrej=0 seq=0 elapsed=0 oled=3C
[   4907] STATUS mode=3 fault=none p60=-367 dp60=0 pwm=-122 ball=-123.02 vball=6.32 bref=-50.00 pid=-60.4 integ=-0.0 vision=1 current=1 vframe=2096 vs=1 vage=11 vpage=11 vdt=32 vmax=7730 vacc=1806 vrej=0 seq=0 elapsed=0 oled=3C
[   4922] STATUS mode=3 fault=none p60=-369 dp60=-1 pwm=0 ball=-123.02 vball=6.32 bref=-50.00 pid=-60.4 integ=-0.0 vision=1 current=1 vframe=2096 vs=1 vage=31 vpage=31 vdt=32 vmax=7730 vacc=1806 vrej=0 seq=0 elapsed=0 oled=3C
[   4938] STATUS mode=3 fault=none p60=-373 dp60=-2 pwm=-122 ball=-122.78 vball=6.62 bref=-50.00 pid=-59.5 integ=-0.0 vision=1 current=1 vframe=2097 vs=1 vage=19 vpage=19 vdt=32 vmax=7730 vacc=1807 vrej=0 seq=0 elapsed=0 oled=3C
[   4952] STATUS mode=3 fault=none p60=-377 dp60=-1 pwm=0 ball=-122.78 vball=6.62 bref=-50.00 pid=-59.5 integ=-0.0 vision=1 current=1 vframe=2097 vs=1 vage=39 vpage=39 vdt=32 vmax=7730 vacc=1807 vrej=0 seq=0 elapsed=0 oled=3C
[   4984] STATUS mode=3 fault=none p60=-382 dp60=-1 pwm=0 ball=-122.78 vball=6.62 bref=-50.00 pid=-59.5 integ=-0.0 vision=1 current=1 vframe=2097 vs=1 vage=59 vpage=59 vdt=32 vmax=7730 vacc=1807 vrej=0 seq=0 elapsed=0 oled=3C
[   5000] STATUS mode=3 fault=none p60=-384 dp60=0 pwm=0 ball=-122.78 vball=6.62 bref=-50.00 pid=-59.5 integ=-0.0 vision=1 current=1 vframe=2097 vs=1 vage=79 vpage=79 vdt=32 vmax=7730 vacc=1807 vrej=0 seq=0 elapsed=0 oled=3C
[   5016] STATUS mode=3 fault=none p60=-384 dp60=0 pwm=0 ball=-122.78 vball=6.62 bref=-50.00 pid=-59.5 integ=-0.0 vision=1 current=1 vframe=2097 vs=1 vage=99 vpage=99 vdt=32 vmax=7730 vacc=1807 vrej=0 seq=0 elapsed=0 oled=3C
[   5047] STATUS mode=3 fault=none p60=-384 dp60=-1 pwm=-123 ball=-122.43 vball=5.79 bref=-50.00 pid=-60.9 integ=-0.0 vision=1 current=1 vframe=2098 vs=1 vage=13 vpage=13 vdt=106 vmax=7730 vacc=1808 vrej=0 seq=0 elapsed=0 oled=3C
[   5063] STATUS mode=3 fault=none p60=-386 dp60=-1 pwm=0 ball=-120.66 vball=20.14 bref=-50.00 pid=-30.4 integ=-0.0 vision=1 current=1 vframe=2099 vs=1 vage=5 vpage=5 vdt=28 vmax=7730 vacc=1809 vrej=0 seq=0 elapsed=0 oled=3C
[   5077] STATUS mode=3 fault=none p60=-388 dp60=-1 pwm=-116 ball=-120.66 vball=20.14 bref=-50.00 pid=-30.4 integ=-0.0 vision=1 current=1 vframe=2099 vs=1 vage=25 vpage=25 vdt=28 vmax=7730 vacc=1809 vrej=0 seq=0 elapsed=0 oled=3C
[   5093] STATUS mode=3 fault=none p60=-393 dp60=-1 pwm=0 ball=-118.76 vball=29.50 bref=-50.00 pid=-9.8 integ=-0.0 vision=1 current=1 vframe=2100 vs=1 vage=12 vpage=12 vdt=33 vmax=7730 vacc=1810 vrej=0 seq=0 elapsed=0 oled=3C
[   5125] STATUS mode=3 fault=none p60=-395 dp60=0 pwm=0 ball=-118.76 vball=29.50 bref=-50.00 pid=-9.8 integ=-0.0 vision=1 current=1 vframe=2100 vs=1 vage=32 vpage=32 vdt=33 vmax=7730 vacc=1810 vrej=0 seq=0 elapsed=0 oled=3C
[   5141] STATUS mode=3 fault=none p60=-399 dp60=-1 pwm=0 ball=-118.76 vball=29.50 bref=-50.00 pid=-9.8 integ=-0.0 vision=1 current=1 vframe=2100 vs=1 vage=52 vpage=52 vdt=33 vmax=7730 vacc=1810 vrej=0 seq=0 elapsed=0 oled=3C
[   5157] STATUS mode=3 fault=none p60=-403 dp60=0 pwm=0 ball=-118.76 vball=29.50 bref=-50.00 pid=-9.8 integ=-0.0 vision=1 current=1 vframe=2100 vs=1 vage=72 vpage=72 vdt=33 vmax=7730 vacc=1810 vrej=0 seq=0 elapsed=0 oled=3C
[   5172] STATUS mode=3 fault=none p60=-407 dp60=-1 pwm=0 ball=-118.76 vball=29.50 bref=-50.00 pid=-9.8 integ=-0.0 vision=1 current=1 vframe=2100 vs=1 vage=92 vpage=92 vdt=33 vmax=7730 vacc=1810 vrej=0 seq=0 elapsed=0 oled=3C
[   5202] STATUS mode=3 fault=none p60=-409 dp60=0 pwm=0 ball=-116.74 vball=26.85 bref=-50.00 pid=-13.0 integ=-0.0 vision=1 current=1 vframe=2101 vs=1 vage=5 vpage=5 vdt=107 vmax=7730 vacc=1811 vrej=0 seq=0 elapsed=0 oled=3C
[   5218] STATUS mode=3 fault=none p60=-409 dp60=0 pwm=0 ball=-116.74 vball=26.85 bref=-50.00 pid=-13.0 integ=-0.0 vision=1 current=1 vframe=2101 vs=1 vage=25 vpage=25 vdt=107 vmax=7730 vacc=1811 vrej=0 seq=0 elapsed=0 oled=3C
[   5234] STATUS mode=3 fault=none p60=-408 dp60=0 pwm=0 ball=-112.22 vball=63.60 bref=-50.00 pid=65.0 integ=-0.0 vision=1 current=1 vframe=2102 vs=1 vage=19 vpage=19 vdt=26 vmax=7730 vacc=1812 vrej=0 seq=0 elapsed=0 oled=3C
[   5266] STATUS mode=3 fault=none p60=-408 dp60=0 pwm=125 ball=-109.88 vball=65.42 bref=-50.00 pid=71.0 integ=-0.0 vision=1 current=1 vframe=2103 vs=1 vage=6 vpage=6 vdt=33 vmax=7730 vacc=1813 vrej=0 seq=0 elapsed=0 oled=3C
[   5282] STATUS mode=3 fault=none p60=-406 dp60=1 pwm=0 ball=-109.88 vball=65.42 bref=-50.00 pid=71.0 integ=-0.0 vision=1 current=1 vframe=2103 vs=1 vage=26 vpage=26 vdt=33 vmax=7730 vacc=1813 vrej=0 seq=0 elapsed=0 oled=3C
[   5297] STATUS mode=3 fault=none p60=-404 dp60=0 pwm=0 ball=-109.88 vball=65.42 bref=-50.00 pid=71.0 integ=-0.0 vision=1 current=1 vframe=2103 vs=1 vage=46 vpage=46 vdt=33 vmax=7730 vacc=1813 vrej=0 seq=0 elapsed=0 oled=3C
[   5313] STATUS mode=3 fault=none p60=-405 dp60=0 pwm=0 ball=-109.88 vball=65.42 bref=-50.00 pid=71.0 integ=-0.0 vision=1 current=1 vframe=2103 vs=1 vage=66 vpage=66 vdt=33 vmax=7730 vacc=1813 vrej=0 seq=0 elapsed=0 oled=3C
[   5343] STATUS mode=3 fault=none p60=-407 dp60=0 pwm=0 ball=-109.88 vball=65.42 bref=-50.00 pid=71.0 integ=-0.0 vision=1 current=1 vframe=2103 vs=1 vage=86 vpage=86 vdt=33 vmax=7730 vacc=1813 vrej=0 seq=0 elapsed=0 oled=3C
[   5359] STATUS mode=3 fault=none p60=-408 dp60=0 pwm=0 ball=-109.88 vball=65.42 bref=-50.00 pid=71.0 integ=-0.0 vision=1 current=1 vframe=2103 vs=1 vage=106 vpage=106 vdt=33 vmax=7730 vacc=1813 vrej=0 seq=0 elapsed=0 oled=3C
[   5375] STATUS mode=3 fault=none p60=-407 dp60=0 pwm=122 ball=-106.73 vball=56.50 bref=-50.00 pid=56.3 integ=-0.0 vision=1 current=1 vframe=2104 vs=1 vage=20 vpage=20 vdt=106 vmax=7730 vacc=1814 vrej=0 seq=0 elapsed=0 oled=3C
[   5407] STATUS mode=3 fault=none p60=-404 dp60=0 pwm=0 ball=-99.85 vball=106.08 bref=-50.00 pid=140.0 integ=-0.0 vision=1 current=1 vframe=2105 vs=1 vage=13 vpage=13 vdt=27 vmax=7730 vacc=1815 vrej=0 seq=0 elapsed=0 oled=3C
[   5422] STATUS mode=3 fault=none p60=-404 dp60=0 pwm=140 ball=-99.85 vball=106.08 bref=-50.00 pid=140.0 integ=-0.0 vision=1 current=1 vframe=2105 vs=1 vage=33 vpage=33 vdt=27 vmax=7730 vacc=1815 vrej=0 seq=0 elapsed=0 oled=3C
[   5438] STATUS mode=3 fault=none p60=-401 dp60=1 pwm=0 ball=-96.54 vball=104.63 bref=-50.00 pid=140.0 integ=-0.0 vision=1 current=1 vframe=2106 vs=1 vage=20 vpage=20 vdt=33 vmax=7730 vacc=1816 vrej=0 seq=0 elapsed=0 oled=3C
[   5452] STATUS mode=3 fault=none p60=-396 dp60=1 pwm=140 ball=-96.54 vball=104.63 bref=-50.00 pid=140.0 integ=-0.0 vision=1 current=1 vframe=2106 vs=1 vage=40 vpage=40 vdt=33 vmax=7730 vacc=1816 vrej=0 seq=0 elapsed=0 oled=3C
[   5484] STATUS mode=3 fault=none p60=-389 dp60=2 pwm=0 ball=-96.54 vball=104.63 bref=-50.00 pid=140.0 integ=-0.0 vision=1 current=1 vframe=2106 vs=1 vage=60 vpage=60 vdt=33 vmax=7730 vacc=1816 vrej=0 seq=0 elapsed=0 oled=3C
[   5500] STATUS mode=3 fault=none p60=-383 dp60=1 pwm=0 ball=-96.54 vball=104.63 bref=-50.00 pid=140.0 integ=-0.0 vision=1 current=1 vframe=2106 vs=1 vage=80 vpage=80 vdt=33 vmax=7730 vacc=1816 vrej=0 seq=0 elapsed=0 oled=3C
[   5516] STATUS mode=3 fault=none p60=-379 dp60=1 pwm=139 ball=-92.30 vball=89.52 bref=-50.00 pid=136.7 integ=-0.0 vision=1 current=1 vframe=2107 vs=1 vage=4 vpage=4 vdt=96 vmax=7730 vacc=1817 vrej=0 seq=0 elapsed=0 oled=3C
[   5532] STATUS mode=3 fault=none p60=-376 dp60=1 pwm=139 ball=-85.50 vball=144.41 bref=-50.00 pid=136.7 integ=-0.0 vision=1 current=1 vframe=2108 vs=1 vage=2 vpage=2 vdt=22 vmax=7730 vacc=1818 vrej=0 seq=0 elapsed=0 oled=3C
[   5563] STATUS mode=3 fault=none p60=-369 dp60=2 pwm=140 ball=-85.50 vball=144.41 bref=-50.00 pid=140.0 integ=-0.0 vision=1 current=1 vframe=2108 vs=1 vage=22 vpage=22 vdt=22 vmax=7730 vacc=1818 vrej=0 seq=0 elapsed=0 oled=3C
[   5577] STATUS mode=3 fault=none p60=-361 dp60=3 pwm=140 ball=-81.26 vball=141.43 bref=-50.00 pid=140.0 integ=-0.0 vision=1 current=1 vframe=2109 vs=1 vage=10 vpage=10 vdt=32 vmax=7730 vacc=1819 vrej=0 seq=0 elapsed=0 oled=3C
[   5593] STATUS mode=3 fault=none p60=-351 dp60=3 pwm=140 ball=-81.26 vball=141.43 bref=-50.00 pid=140.0 integ=-0.0 vision=1 current=1 vframe=2109 vs=1 vage=30 vpage=30 vdt=32 vmax=7730 vacc=1819 vrej=0 seq=0 elapsed=0 oled=3C
[   5625] STATUS mode=3 fault=none p60=-340 dp60=3 pwm=0 ball=-81.26 vball=141.43 bref=-50.00 pid=140.0 integ=-0.0 vision=1 current=1 vframe=2109 vs=1 vage=50 vpage=50 vdt=32 vmax=7730 vacc=1819 vrej=0 seq=0 elapsed=0 oled=3C
[   5641] STATUS mode=3 fault=none p60=-330 dp60=3 pwm=0 ball=-81.26 vball=141.43 bref=-50.00 pid=140.0 integ=-0.0 vision=1 current=1 vframe=2109 vs=1 vage=70 vpage=70 vdt=32 vmax=7730 vacc=1819 vrej=0 seq=0 elapsed=0 oled=3C
[   5657] STATUS mode=3 fault=none p60=-324 dp60=1 pwm=0 ball=-81.26 vball=141.43 bref=-50.00 pid=140.0 integ=-0.0 vision=1 current=1 vframe=2109 vs=1 vage=90 vpage=90 vdt=32 vmax=7730 vacc=1819 vrej=0 seq=0 elapsed=0 oled=3C
[   5672] STATUS mode=3 fault=none p60=-319 dp60=1 pwm=140 ball=-76.10 vball=119.24 bref=-50.00 pid=140.0 integ=-0.0 vision=1 current=1 vframe=2110 vs=1 vage=12 vpage=12 vdt=98 vmax=7730 vacc=1820 vrej=0 seq=0 elapsed=0 oled=3C
[   5702] STATUS mode=3 fault=none p60=-313 dp60=2 pwm=140 ball=-69.27 vball=179.30 bref=-50.00 pid=140.0 integ=-0.0 vision=1 current=1 vframe=2111 vs=1 vage=13 vpage=13 vdt=19 vmax=7730 vacc=1821 vrej=0 seq=0 elapsed=0 oled=3C
[   5718] STATUS mode=3 fault=none p60=-305 dp60=2 pwm=140 ball=-69.27 vball=179.30 bref=-50.00 pid=140.0 integ=-0.0 vision=1 current=1 vframe=2111 vs=1 vage=33 vpage=33 vdt=19 vmax=7730 vacc=1821 vrej=0 seq=0 elapsed=0 oled=3C
[   5734] STATUS mode=3 fault=none p60=-294 dp60=3 pwm=0 ball=-64.86 vball=166.90 bref=-50.00 pid=140.0 integ=-0.0 vision=1 current=1 vframe=2112 vs=1 vage=19 vpage=19 vdt=34 vmax=7730 vacc=1822 vrej=0 seq=0 elapsed=0 oled=3C
[   5766] STATUS mode=3 fault=none p60=-284 dp60=3 pwm=140 ball=-64.86 vball=166.90 bref=-50.00 pid=140.0 integ=-0.0 vision=1 current=1 vframe=2112 vs=1 vage=39 vpage=39 vdt=34 vmax=7730 vacc=1822 vrej=0 seq=0 elapsed=0 oled=3C
[   5782] STATUS mode=3 fault=none p60=-273 dp60=3 pwm=0 ball=-64.86 vball=166.90 bref=-50.00 pid=140.0 integ=-0.0 vision=1 current=1 vframe=2112 vs=1 vage=59 vpage=59 vdt=34 vmax=7730 vacc=1822 vrej=0 seq=0 elapsed=0 oled=3C
[   5797] STATUS mode=3 fault=none p60=-265 dp60=2 pwm=0 ball=-64.86 vball=166.90 bref=-50.00 pid=140.0 integ=-0.0 vision=1 current=1 vframe=2112 vs=1 vage=79 vpage=79 vdt=34 vmax=7730 vacc=1822 vrej=0 seq=0 elapsed=0 oled=3C
[   5813] STATUS mode=3 fault=none p60=-259 dp60=2 pwm=0 ball=-64.86 vball=166.90 bref=-50.00 pid=140.0 integ=-0.0 vision=1 current=1 vframe=2112 vs=1 vage=99 vpage=99 vdt=34 vmax=7730 vacc=1822 vrej=0 seq=0 elapsed=0 oled=3C
[   5843] STATUS mode=3 fault=none p60=-256 dp60=1 pwm=140 ball=-58.83 vball=139.81 bref=-50.00 pid=140.0 integ=-0.0 vision=1 current=1 vframe=2113 vs=1 vage=16 vpage=16 vdt=103 vmax=7730 vacc=1823 vrej=0 seq=0 elapsed=0 oled=3C
[   5859] STATUS mode=3 fault=none p60=-250 dp60=2 pwm=0 ball=-49.42 vball=183.27 bref=-50.00 pid=140.0 integ=-0.0 vision=1 current=1 vframe=2114 vs=1 vage=6 vpage=6 vdt=30 vmax=7730 vacc=1824 vrej=0 seq=0 elapsed=0 oled=3C
[   5875] STATUS mode=3 fault=none p60=-242 dp60=2 pwm=140 ball=-49.42 vball=183.27 bref=-50.00 pid=140.0 integ=-0.0 vision=1 current=1 vframe=2114 vs=1 vage=26 vpage=26 vdt=30 vmax=7730 vacc=1824 vrej=0 seq=0 elapsed=0 oled=3C
[   5907] STATUS mode=3 fault=none p60=-234 dp60=2 pwm=140 ball=-45.35 vball=168.29 bref=-50.00 pid=140.0 integ=-0.0 vision=1 current=1 vframe=2115 vs=1 vage=13 vpage=13 vdt=33 vmax=7730 vacc=1825 vrej=0 seq=0 elapsed=0 oled=3C
[   5922] STATUS mode=3 fault=none p60=-225 dp60=2 pwm=140 ball=-45.35 vball=168.29 bref=-50.00 pid=140.0 integ=-0.0 vision=1 current=1 vframe=2115 vs=1 vage=33 vpage=33 vdt=33 vmax=7730 vacc=1825 vrej=0 seq=0 elapsed=0 oled=3C
[   5938] STATUS mode=3 fault=none p60=-215 dp60=2 pwm=0 ball=-45.35 vball=168.29 bref=-50.00 pid=140.0 integ=-0.0 vision=1 current=1 vframe=2115 vs=1 vage=53 vpage=53 vdt=33 vmax=7730 vacc=1825 vrej=0 seq=0 elapsed=0 oled=3C
[   5952] STATUS mode=3 fault=none p60=-208 dp60=1 pwm=0 ball=-45.35 vball=168.29 bref=-50.00 pid=140.0 integ=-0.0 vision=1 current=1 vframe=2115 vs=1 vage=73 vpage=73 vdt=33 vmax=7730 vacc=1825 vrej=0 seq=0 elapsed=0 oled=3C
[   5984] STATUS mode=3 fault=none p60=-204 dp60=0 pwm=0 ball=-45.35 vball=168.29 bref=-50.00 pid=140.0 integ=-0.0 vision=1 current=1 vframe=2115 vs=1 vage=93 vpage=93 vdt=33 vmax=7730 vacc=1825 vrej=0 seq=0 elapsed=0 oled=3C
[   6000] STATUS mode=3 fault=none p60=-202 dp60=0 pwm=0 ball=-45.35 vball=168.29 bref=-50.00 pid=140.0 integ=-0.0 vision=1 current=0 vframe=2116 vs=0 vage=113 vpage=5 vdt=33 vmax=7730 vacc=1825 vrej=0 seq=0 elapsed=0 oled=3C
[   6016] STATUS mode=3 fault=none p60=-200 dp60=0 pwm=0 ball=-45.35 vball=168.29 bref=-50.00 pid=140.0 integ=-0.0 vision=1 current=0 vframe=2116 vs=0 vage=133 vpage=25 vdt=33 vmax=7730 vacc=1825 vrej=0 seq=0 elapsed=0 oled=3C
[   6047] STATUS mode=3 fault=none p60=-199 dp60=0 pwm=0 ball=-45.35 vball=168.29 bref=-50.00 pid=140.0 integ=-0.0 vision=1 current=0 vframe=2117 vs=0 vage=153 vpage=7 vdt=33 vmax=7730 vacc=1825 vrej=0 seq=0 elapsed=0 oled=3C
[   6063] STATUS mode=3 fault=none p60=-199 dp60=0 pwm=0 ball=-45.35 vball=168.29 bref=-50.00 pid=140.0 integ=-0.0 vision=1 current=0 vframe=2117 vs=0 vage=173 vpage=27 vdt=33 vmax=7730 vacc=1825 vrej=0 seq=0 elapsed=0 oled=3C
[   6077] STATUS mode=3 fault=none p60=-198 dp60=1 pwm=140 ball=-34.30 vball=142.09 bref=-50.00 pid=140.0 integ=-0.0 vision=1 current=1 vframe=2118 vs=1 vage=19 vpage=19 vdt=174 vmax=7730 vacc=1826 vrej=0 seq=0 elapsed=0 oled=3C
[   6093] STATUS mode=3 fault=none p60=-194 dp60=1 pwm=0 ball=-34.30 vball=142.09 bref=-50.00 pid=140.0 integ=-0.0 vision=1 current=1 vframe=2118 vs=1 vage=39 vpage=39 vdt=174 vmax=7730 vacc=1826 vrej=0 seq=0 elapsed=0 oled=3C
[   6125] STATUS mode=3 fault=none p60=-189 dp60=1 pwm=0 ball=-34.30 vball=142.09 bref=-50.00 pid=140.0 integ=-0.0 vision=1 current=1 vframe=2118 vs=1 vage=59 vpage=59 vdt=174 vmax=7730 vacc=1826 vrej=0 seq=0 elapsed=0 oled=3C
[   6141] STATUS mode=3 fault=none p60=-188 dp60=0 pwm=0 ball=-34.30 vball=142.09 bref=-50.00 pid=140.0 integ=-0.0 vision=1 current=1 vframe=2118 vs=1 vage=79 vpage=79 vdt=174 vmax=7730 vacc=1826 vrej=0 seq=0 elapsed=0 oled=3C
[   6157] STATUS mode=3 fault=none p60=-190 dp60=-1 pwm=140 ball=-21.54 vball=140.15 bref=-50.00 pid=140.0 integ=-0.0 vision=1 current=1 vframe=2119 vs=1 vage=4 vpage=4 vdt=95 vmax=7730 vacc=1827 vrej=0 seq=0 elapsed=0 oled=3C
[   6172] STATUS mode=3 fault=none p60=-189 dp60=1 pwm=140 ball=-21.54 vball=140.15 bref=-50.00 pid=140.0 integ=-0.0 vision=1 current=1 vframe=2119 vs=1 vage=24 vpage=24 vdt=95 vmax=7730 vacc=1827 vrej=0 seq=0 elapsed=0 oled=3C
[   6202] STATUS mode=3 fault=none p60=-187 dp60=0 pwm=0 ball=-14.81 vball=144.24 bref=-50.00 pid=140.0 integ=-0.0 vision=1 current=1 vframe=2120 vs=1 vage=1 vpage=1 vdt=43 vmax=7730 vacc=1828 vrej=0 seq=0 elapsed=0 oled=3C
[   6218] STATUS mode=3 fault=none p60=-185 dp60=1 pwm=140 ball=-13.33 vball=149.29 bref=-50.00 pid=140.0 integ=-0.0 vision=1 current=1 vframe=2121 vs=1 vage=12 vpage=12 vdt=9 vmax=7730 vacc=1829 vrej=0 seq=0 elapsed=0 oled=3C
[   6234] STATUS mode=3 fault=none p60=-179 dp60=1 pwm=140 ball=-13.33 vball=149.29 bref=-50.00 pid=140.0 integ=-0.0 vision=1 current=1 vframe=2121 vs=1 vage=32 vpage=32 vdt=9 vmax=7730 vacc=1829 vrej=0 seq=0 elapsed=0 oled=3C
[   6266] STATUS mode=3 fault=none p60=-173 dp60=1 pwm=140 ball=-13.33 vball=149.29 bref=-50.00 pid=140.0 integ=-0.0 vision=1 current=1 vframe=2121 vs=1 vage=52 vpage=52 vdt=9 vmax=7730 vacc=1829 vrej=0 seq=0 elapsed=0 oled=3C
[   6282] STATUS mode=3 fault=none p60=-165 dp60=2 pwm=0 ball=-13.33 vball=149.29 bref=-50.00 pid=140.0 integ=-0.0 vision=1 current=1 vframe=2121 vs=1 vage=72 vpage=72 vdt=9 vmax=7730 vacc=1829 vrej=0 seq=0 elapsed=0 oled=3C
[   6297] STATUS mode=3 fault=none p60=-160 dp60=1 pwm=0 ball=-13.33 vball=149.29 bref=-50.00 pid=140.0 integ=-0.0 vision=1 current=1 vframe=2121 vs=1 vage=92 vpage=92 vdt=9 vmax=7730 vacc=1829 vrej=0 seq=0 elapsed=0 oled=3C
[   6313] STATUS mode=3 fault=none p60=-157 dp60=0 pwm=0 ball=-13.33 vball=149.29 bref=-50.00 pid=140.0 integ=-0.0 vision=1 current=1 vframe=2121 vs=1 vage=112 vpage=112 vdt=9 vmax=7730 vacc=1829 vrej=0 seq=0 elapsed=0 oled=3C
[   6343] STATUS mode=3 fault=none p60=-155 dp60=0 pwm=140 ball=-11.55 vball=115.44 bref=-50.00 pid=140.0 integ=-0.0 vision=1 current=1 vframe=2122 vs=1 vage=4 vpage=4 vdt=128 vmax=7730 vacc=1830 vrej=0 seq=0 elapsed=0 oled=3C
[   6359] STATUS mode=3 fault=none p60=-153 dp60=1 pwm=140 ball=-6.81 vball=145.83 bref=-50.00 pid=140.0 integ=-0.0 vision=1 current=1 vframe=2123 vs=1 vage=4 vpage=4 vdt=20 vmax=7730 vacc=1831 vrej=0 seq=0 elapsed=0 oled=3C
[   6375] STATUS mode=3 fault=none p60=-148 dp60=1 pwm=140 ball=-8.54 vball=86.61 bref=-50.00 pid=140.0 integ=-0.0 vision=1 current=1 vframe=2124 vs=1 vage=5 vpage=5 vdt=19 vmax=7730 vacc=1832 vrej=0 seq=0 elapsed=0 oled=3C
[   6407] STATUS mode=3 fault=none p60=-140 dp60=2 pwm=140 ball=-8.54 vball=86.61 bref=-50.00 pid=140.0 integ=-0.0 vision=1 current=1 vframe=2124 vs=1 vage=25 vpage=25 vdt=19 vmax=7730 vacc=1832 vrej=0 seq=0 elapsed=0 oled=3C
[   6422] STATUS mode=3 fault=none p60=-132 dp60=2 pwm=140 ball=-7.97 vball=68.35 bref=-50.00 pid=140.0 integ=-0.0 vision=1 current=1 vframe=2125 vs=1 vage=3 vpage=3 vdt=42 vmax=7730 vacc=1833 vrej=0 seq=0 elapsed=0 oled=3C
[   6438] STATUS mode=3 fault=none p60=-123 dp60=2 pwm=0 ball=-7.97 vball=68.35 bref=-50.00 pid=140.0 integ=-0.0 vision=1 current=1 vframe=2125 vs=1 vage=23 vpage=23 vdt=42 vmax=7730 vacc=1833 vrej=0 seq=0 elapsed=0 oled=3C
[   6452] STATUS mode=3 fault=none p60=-114 dp60=2 pwm=140 ball=-7.97 vball=68.35 bref=-50.00 pid=140.0 integ=-0.0 vision=1 current=1 vframe=2125 vs=1 vage=43 vpage=43 vdt=42 vmax=7730 vacc=1833 vrej=0 seq=0 elapsed=0 oled=3C
[   6484] STATUS mode=3 fault=none p60=-103 dp60=3 pwm=0 ball=-7.97 vball=68.35 bref=-50.00 pid=140.0 integ=-0.0 vision=1 current=1 vframe=2125 vs=1 vage=63 vpage=63 vdt=42 vmax=7730 vacc=1833 vrej=0 seq=0 elapsed=0 oled=3C
[   6500] STATUS mode=3 fault=none p60=-94 dp60=2 pwm=0 ball=-7.97 vball=68.35 bref=-50.00 pid=140.0 integ=-0.0 vision=1 current=1 vframe=2125 vs=1 vage=83 vpage=83 vdt=42 vmax=7730 vacc=1833 vrej=0 seq=0 elapsed=0 oled=3C
[   6516] STATUS mode=3 fault=none p60=-89 dp60=1 pwm=0 ball=-7.97 vball=68.35 bref=-50.00 pid=140.0 integ=-0.0 vision=1 current=0 vframe=2127 vs=0 vage=103 vpage=5 vdt=42 vmax=7730 vacc=1833 vrej=0 seq=0 elapsed=0 oled=3C
[   6532] STATUS mode=3 fault=none p60=-86 dp60=0 pwm=0 ball=-7.97 vball=68.35 bref=-50.00 pid=140.0 integ=-0.0 vision=1 current=0 vframe=2127 vs=0 vage=123 vpage=25 vdt=42 vmax=7730 vacc=1833 vrej=0 seq=0 elapsed=0 oled=3C
[   6563] STATUS mode=3 fault=none p60=-85 dp60=0 pwm=140 ball=1.95 vball=69.50 bref=-50.00 pid=140.0 integ=-0.0 vision=1 current=1 vframe=2128 vs=1 vage=7 vpage=7 vdt=136 vmax=7730 vacc=1834 vrej=0 seq=0 elapsed=0 oled=3C
[   6577] STATUS mode=3 fault=none p60=-84 dp60=1 pwm=140 ball=1.95 vball=69.50 bref=-50.00 pid=140.0 integ=-0.0 vision=1 current=1 vframe=2128 vs=1 vage=27 vpage=27 vdt=136 vmax=7730 vacc=1834 vrej=0 seq=0 elapsed=0 oled=3C
[   6593] STATUS mode=3 fault=none p60=-82 dp60=1 pwm=0 ball=1.95 vball=69.50 bref=-50.00 pid=140.0 integ=-0.0 vision=1 current=1 vframe=2128 vs=1 vage=47 vpage=47 vdt=136 vmax=7730 vacc=1834 vrej=0 seq=0 elapsed=0 oled=3C
[   6625] STATUS mode=3 fault=none p60=-81 dp60=0 pwm=0 ball=1.95 vball=69.50 bref=-50.00 pid=140.0 integ=-0.0 vision=1 current=1 vframe=2128 vs=1 vage=67 vpage=67 vdt=136 vmax=7730 vacc=1834 vrej=0 seq=0 elapsed=0 oled=3C
[   6641] STATUS mode=3 fault=none p60=-80 dp60=0 pwm=0 ball=1.95 vball=69.50 bref=-50.00 pid=140.0 integ=-0.0 vision=1 current=1 vframe=2128 vs=1 vage=87 vpage=87 vdt=136 vmax=7730 vacc=1834 vrej=0 seq=0 elapsed=0 oled=3C
[   6657] STATUS mode=3 fault=none p60=-78 dp60=1 pwm=0 ball=1.95 vball=69.50 bref=-50.00 pid=140.0 integ=-0.0 vision=1 current=1 vframe=2128 vs=1 vage=107 vpage=107 vdt=136 vmax=7730 vacc=1834 vrej=0 seq=0 elapsed=0 oled=3C
[   6672] STATUS mode=3 fault=none p60=-78 dp60=0 pwm=0 ball=1.95 vball=69.50 bref=-50.00 pid=140.0 integ=-0.0 vision=1 current=0 vframe=2130 vs=0 vage=127 vpage=10 vdt=136 vmax=7730 vacc=1834 vrej=0 seq=0 elapsed=0 oled=3C
[   6702] STATUS mode=3 fault=none p60=-78 dp60=0 pwm=0 ball=1.95 vball=69.50 bref=-50.00 pid=140.0 integ=-0.0 vision=1 current=0 vframe=2130 vs=0 vage=147 vpage=30 vdt=136 vmax=7730 vacc=1834 vrej=0 seq=0 elapsed=0 oled=3C
[   6718] STATUS mode=3 fault=none p60=-78 dp60=0 pwm=0 ball=1.95 vball=69.50 bref=-50.00 pid=140.0 integ=-0.0 vision=1 current=0 vframe=2131 vs=0 vage=167 vpage=18 vdt=136 vmax=7730 vacc=1834 vrej=0 seq=0 elapsed=0 oled=3C
[   6734] STATUS mode=3 fault=none p60=-78 dp60=0 pwm=0 ball=1.95 vball=69.50 bref=-50.00 pid=140.0 integ=-0.0 vision=1 current=0 vframe=2132 vs=0 vage=187 vpage=5 vdt=136 vmax=7730 vacc=1834 vrej=0 seq=0 elapsed=0 oled=3C
[   6766] STATUS mode=3 fault=none p60=-78 dp60=0 pwm=0 ball=1.95 vball=69.50 bref=-50.00 pid=140.0 integ=-0.0 vision=1 current=0 vframe=2132 vs=0 vage=207 vpage=25 vdt=136 vmax=7730 vacc=1834 vrej=0 seq=0 elapsed=0 oled=3C
[   6782] STATUS mode=3 fault=none p60=-78 dp60=0 pwm=0 ball=1.95 vball=69.50 bref=-50.00 pid=140.0 integ=-0.0 vision=1 current=0 vframe=2132 vs=0 vage=227 vpage=45 vdt=136 vmax=7730 vacc=1834 vrej=0 seq=0 elapsed=0 oled=3C
[   6797] STATUS mode=3 fault=none p60=-78 dp60=0 pwm=0 ball=1.95 vball=69.50 bref=-50.00 pid=140.0 integ=-0.0 vision=1 current=0 vframe=2132 vs=0 vage=247 vpage=65 vdt=136 vmax=7730 vacc=1834 vrej=0 seq=0 elapsed=0 oled=3C
[   6813] STATUS mode=3 fault=none p60=-78 dp60=0 pwm=0 ball=1.95 vball=69.50 bref=-50.00 pid=140.0 integ=-0.0 vision=1 current=0 vframe=2132 vs=0 vage=267 vpage=85 vdt=136 vmax=7730 vacc=1834 vrej=0 seq=0 elapsed=0 oled=3C
[   6843] STATUS mode=3 fault=none p60=-78 dp60=0 pwm=0 ball=1.95 vball=69.50 bref=-50.00 pid=140.0 integ=-0.0 vision=1 current=0 vframe=2133 vs=0 vage=287 vpage=5 vdt=136 vmax=7730 vacc=1834 vrej=0 seq=0 elapsed=0 oled=3C
[   6859] STATUS mode=3 fault=none p60=-78 dp60=0 pwm=0 ball=1.95 vball=69.50 bref=-50.00 pid=140.0 integ=-0.0 vision=1 current=0 vframe=2133 vs=0 vage=307 vpage=25 vdt=136 vmax=7730 vacc=1834 vrej=0 seq=0 elapsed=0 oled=3C
[   6875] STATUS mode=3 fault=none p60=-78 dp60=0 pwm=0 ball=1.95 vball=69.50 bref=-50.00 pid=140.0 integ=-0.0 vision=1 current=0 vframe=2134 vs=0 vage=327 vpage=10 vdt=136 vmax=7730 vacc=1834 vrej=0 seq=0 elapsed=0 oled=3C
[   6907] STATUS mode=3 fault=none p60=-78 dp60=0 pwm=0 ball=1.95 vball=69.50 bref=-50.00 pid=140.0 integ=-0.0 vision=1 current=0 vframe=2134 vs=0 vage=347 vpage=30 vdt=136 vmax=7730 vacc=1834 vrej=0 seq=0 elapsed=0 oled=3C
[   6922] STATUS mode=3 fault=none p60=-78 dp60=0 pwm=121 ball=2.47 vball=0.00 bref=-50.00 pid=52.5 integ=-0.0 vision=1 current=1 vframe=2135 vs=1 vage=17 vpage=17 vdt=350 vmax=7730 vacc=1835 vrej=0 seq=0 elapsed=0 oled=3C
[   6938] STATUS mode=3 fault=none p60=-75 dp60=1 pwm=0 ball=2.47 vball=0.00 bref=-50.00 pid=52.5 integ=-0.0 vision=1 current=1 vframe=2135 vs=1 vage=37 vpage=37 vdt=350 vmax=7730 vacc=1835 vrej=0 seq=0 elapsed=0 oled=3C
[   6952] STATUS mode=3 fault=none p60=-75 dp60=0 pwm=0 ball=2.47 vball=0.00 bref=-50.00 pid=52.5 integ=-0.0 vision=1 current=1 vframe=2135 vs=1 vage=57 vpage=57 vdt=350 vmax=7730 vacc=1835 vrej=0 seq=0 elapsed=0 oled=3C
[   6984] STATUS mode=3 fault=none p60=-77 dp60=0 pwm=0 ball=2.47 vball=0.00 bref=-50.00 pid=52.5 integ=-0.0 vision=1 current=1 vframe=2135 vs=1 vage=77 vpage=77 vdt=350 vmax=7730 vacc=1835 vrej=0 seq=0 elapsed=0 oled=3C
[   7000] STATUS mode=3 fault=none p60=-78 dp60=0 pwm=0 ball=2.47 vball=0.00 bref=-50.00 pid=52.5 integ=-0.0 vision=1 current=1 vframe=2135 vs=1 vage=97 vpage=97 vdt=350 vmax=7730 vacc=1835 vrej=0 seq=0 elapsed=0 oled=3C
[   7016] STATUS mode=3 fault=none p60=-78 dp60=0 pwm=0 ball=2.47 vball=0.00 bref=-50.00 pid=52.5 integ=-0.0 vision=1 current=0 vframe=2136 vs=0 vage=117 vpage=3 vdt=350 vmax=7730 vacc=1835 vrej=0 seq=0 elapsed=0 oled=3C
[   7032] STATUS mode=3 fault=none p60=-78 dp60=0 pwm=-121 ball=-20.07 vball=-42.37 bref=-50.00 pid=-54.8 integ=-0.0 vision=1 current=1 vframe=2137 vs=1 vage=4 vpage=4 vdt=133 vmax=7730 vacc=1836 vrej=0 seq=0 elapsed=0 oled=3C
[   7063] STATUS mode=3 fault=none p60=-79 dp60=0 pwm=0 ball=-20.07 vball=-42.37 bref=-50.00 pid=-54.8 integ=-0.0 vision=1 current=1 vframe=2137 vs=1 vage=24 vpage=24 vdt=133 vmax=7730 vacc=1836 vrej=0 seq=0 elapsed=0 oled=3C
[   7077] STATUS mode=3 fault=none p60=-81 dp60=0 pwm=0 ball=-26.58 vball=-78.28 bref=-50.00 pid=-133.1 integ=-0.0 vision=1 current=1 vframe=2138 vs=1 vage=9 vpage=9 vdt=35 vmax=7730 vacc=1837 vrej=0 seq=0 elapsed=0 oled=3C
[   7093] STATUS mode=3 fault=none p60=-81 dp60=-1 pwm=-138 ball=-26.58 vball=-78.28 bref=-50.00 pid=-133.1 integ=-0.0 vision=1 current=1 vframe=2138 vs=1 vage=29 vpage=29 vdt=35 vmax=7730 vacc=1837 vrej=0 seq=0 elapsed=0 oled=3C
[   7125] STATUS mode=3 fault=none p60=-84 dp60=-1 pwm=0 ball=-26.58 vball=-78.28 bref=-50.00 pid=-133.1 integ=-0.0 vision=1 current=1 vframe=2138 vs=1 vage=49 vpage=49 vdt=35 vmax=7730 vacc=1837 vrej=0 seq=0 elapsed=0 oled=3C
[   7141] STATUS mode=3 fault=none p60=-88 dp60=-1 pwm=0 ball=-26.58 vball=-78.28 bref=-50.00 pid=-133.1 integ=-0.0 vision=1 current=1 vframe=2138 vs=1 vage=69 vpage=69 vdt=35 vmax=7730 vacc=1837 vrej=0 seq=0 elapsed=0 oled=3C
[   7157] STATUS mode=3 fault=none p60=-90 dp60=0 pwm=0 ball=-26.58 vball=-78.28 bref=-50.00 pid=-133.1 integ=-0.0 vision=1 current=1 vframe=2138 vs=1 vage=89 vpage=89 vdt=35 vmax=7730 vacc=1837 vrej=0 seq=0 elapsed=0 oled=3C
[   7172] STATUS mode=3 fault=none p60=-90 dp60=0 pwm=0 ball=-26.58 vball=-78.28 bref=-50.00 pid=-133.1 integ=-0.0 vision=1 current=0 vframe=2139 vs=0 vage=109 vpage=4 vdt=35 vmax=7730 vacc=1837 vrej=0 seq=0 elapsed=0 oled=3C
[   7202] STATUS mode=3 fault=none p60=-88 dp60=1 pwm=0 ball=-26.58 vball=-78.28 bref=-50.00 pid=-133.1 integ=-0.0 vision=1 current=0 vframe=2139 vs=0 vage=129 vpage=24 vdt=35 vmax=7730 vacc=1837 vrej=0 seq=0 elapsed=0 oled=3C
[   7218] STATUS mode=3 fault=none p60=-88 dp60=0 pwm=-134 ball=-31.28 vball=-67.48 bref=-50.00 pid=-116.2 integ=-0.0 vision=1 current=1 vframe=2140 vs=1 vage=15 vpage=15 vdt=134 vmax=7730 vacc=1838 vrej=0 seq=0 elapsed=0 oled=3C
[   7234] STATUS mode=3 fault=none p60=-91 dp60=-1 pwm=0 ball=-31.28 vball=-67.48 bref=-50.00 pid=-116.2 integ=-0.0 vision=1 current=1 vframe=2140 vs=1 vage=35 vpage=35 vdt=134 vmax=7730 vacc=1838 vrej=0 seq=0 elapsed=0 oled=3C
[   7266] STATUS mode=3 fault=none p60=-97 dp60=-2 pwm=-140 ball=-48.27 vball=-151.74 bref=-50.00 pid=-140.0 integ=-0.0 vision=1 current=1 vframe=2141 vs=1 vage=13 vpage=13 vdt=42 vmax=7730 vacc=1839 vrej=0 seq=0 elapsed=0 oled=3C
[   7282] STATUS mode=3 fault=none p60=-106 dp60=-3 pwm=0 ball=-48.27 vball=-151.74 bref=-50.00 pid=-140.0 integ=-0.0 vision=1 current=1 vframe=2141 vs=1 vage=33 vpage=33 vdt=42 vmax=7730 vacc=1839 vrej=0 seq=0 elapsed=0 oled=3C
[   7297] STATUS mode=3 fault=none p60=-115 dp60=-2 pwm=0 ball=-48.27 vball=-151.74 bref=-50.00 pid=-140.0 integ=-0.0 vision=1 current=1 vframe=2141 vs=1 vage=53 vpage=53 vdt=42 vmax=7730 vacc=1839 vrej=0 seq=0 elapsed=0 oled=3C
[   7313] STATUS mode=3 fault=none p60=-121 dp60=-2 pwm=0 ball=-48.27 vball=-151.74 bref=-50.00 pid=-140.0 integ=-0.0 vision=1 current=1 vframe=2141 vs=1 vage=73 vpage=73 vdt=42 vmax=7730 vacc=1839 vrej=0 seq=0 elapsed=0 oled=3C
[   7343] STATUS mode=3 fault=none p60=-125 dp60=0 pwm=0 ball=-48.27 vball=-151.74 bref=-50.00 pid=-140.0 integ=-0.0 vision=1 current=1 vframe=2141 vs=1 vage=93 vpage=93 vdt=42 vmax=7730 vacc=1839 vrej=0 seq=0 elapsed=0 oled=3C
[   7359] STATUS mode=3 fault=none p60=-128 dp60=-1 pwm=0 ball=-48.27 vball=-151.74 bref=-50.00 pid=-140.0 integ=-0.0 vision=1 current=1 vframe=2141 vs=1 vage=113 vpage=113 vdt=42 vmax=7730 vacc=1839 vrej=0 seq=0 elapsed=0 oled=3C
[   7375] STATUS mode=3 fault=none p60=-131 dp60=-1 pwm=0 ball=-48.27 vball=-151.74 bref=-50.00 pid=-140.0 integ=-0.0 vision=1 current=1 vframe=2141 vs=1 vage=133 vpage=133 vdt=42 vmax=7730 vacc=1839 vrej=0 seq=0 elapsed=0 oled=3C
[   7407] STATUS mode=3 fault=none p60=-131 dp60=0 pwm=0 ball=-48.27 vball=-151.74 bref=-50.00 pid=-140.0 integ=-0.0 vision=1 current=1 vframe=2141 vs=1 vage=153 vpage=153 vdt=42 vmax=7730 vacc=1839 vrej=0 seq=0 elapsed=0 oled=3C
[   7422] STATUS mode=3 fault=none p60=-130 dp60=1 pwm=0 ball=-48.27 vball=-151.74 bref=-50.00 pid=-140.0 integ=-0.0 vision=1 current=1 vframe=2141 vs=1 vage=173 vpage=173 vdt=42 vmax=7730 vacc=1839 vrej=0 seq=0 elapsed=0 oled=3C
[   7438] STATUS mode=3 fault=none p60=-130 dp60=0 pwm=-140 ball=-55.50 vball=-177.54 bref=-50.00 pid=-140.0 integ=-0.0 vision=1 current=1 vframe=2143 vs=1 vage=6 vpage=6 vdt=11 vmax=7730 vacc=1841 vrej=0 seq=0 elapsed=0 oled=3C
[   7452] STATUS mode=3 fault=none p60=-134 dp60=-1 pwm=0 ball=-81.76 vball=-445.77 bref=-50.00 pid=-140.0 integ=-0.0 vision=1 current=1 vframe=2144 vs=1 vage=5 vpage=5 vdt=21 vmax=7730 vacc=1842 vrej=0 seq=0 elapsed=0 oled=3C
[   7484] STATUS mode=3 fault=none p60=-140 dp60=-1 pwm=-140 ball=-81.76 vball=-445.77 bref=-50.00 pid=-140.0 integ=-0.0 vision=1 current=1 vframe=2144 vs=1 vage=25 vpage=25 vdt=21 vmax=7730 vacc=1842 vrej=0 seq=0 elapsed=0 oled=3C
[   7500] STATUS mode=3 fault=none p60=-151 dp60=-3 pwm=-140 ball=-89.28 vball=-391.30 bref=-50.00 pid=-140.0 integ=-0.0 vision=1 current=1 vframe=2145 vs=1 vage=12 vpage=12 vdt=33 vmax=7730 vacc=1843 vrej=0 seq=0 elapsed=0 oled=3C
[   7516] STATUS mode=3 fault=none p60=-163 dp60=-3 pwm=-140 ball=-89.28 vball=-391.30 bref=-50.00 pid=-140.0 integ=-0.0 vision=1 current=1 vframe=2145 vs=1 vage=32 vpage=32 vdt=33 vmax=7730 vacc=1843 vrej=0 seq=0 elapsed=0 oled=3C
[   7547] STATUS mode=3 fault=none p60=-176 dp60=-3 pwm=0 ball=-89.28 vball=-391.30 bref=-50.00 pid=-140.0 integ=-0.0 vision=1 current=1 vframe=2145 vs=1 vage=52 vpage=52 vdt=33 vmax=7730 vacc=1843 vrej=0 seq=0 elapsed=0 oled=3C
[   7563] STATUS mode=3 fault=none p60=-187 dp60=-3 pwm=0 ball=-89.28 vball=-391.30 bref=-50.00 pid=-140.0 integ=-0.0 vision=1 current=1 vframe=2145 vs=1 vage=72 vpage=72 vdt=33 vmax=7730 vacc=1843 vrej=0 seq=0 elapsed=0 oled=3C
[   7577] STATUS mode=3 fault=none p60=-194 dp60=-2 pwm=0 ball=-89.28 vball=-391.30 bref=-50.00 pid=-140.0 integ=-0.0 vision=1 current=1 vframe=2145 vs=1 vage=92 vpage=92 vdt=33 vmax=7730 vacc=1843 vrej=0 seq=0 elapsed=0 oled=3C
[   7593] STATUS mode=3 fault=none p60=-199 dp60=-2 pwm=-140 ball=-98.08 vball=-315.26 bref=-50.00 pid=-140.0 integ=-0.0 vision=1 current=1 vframe=2146 vs=1 vage=11 vpage=11 vdt=101 vmax=7730 vacc=1844 vrej=0 seq=0 elapsed=0 oled=3C
[   7625] STATUS mode=3 fault=none p60=-206 dp60=-2 pwm=-140 ball=-98.08 vball=-315.26 bref=-50.00 pid=-140.0 integ=-0.0 vision=1 current=1 vframe=2146 vs=1 vage=31 vpage=31 vdt=101 vmax=7730 vacc=1844 vrej=0 seq=0 elapsed=0 oled=3C
[   7641] STATUS mode=3 fault=none p60=-216 dp60=-3 pwm=-140 ball=-111.71 vball=-346.36 bref=-50.00 pid=-140.0 integ=-0.0 vision=1 current=1 vframe=2147 vs=1 vage=20 vpage=20 vdt=31 vmax=7730 vacc=1845 vrej=0 seq=0 elapsed=0 oled=3C
[   7657] STATUS mode=3 fault=none p60=-228 dp60=-3 pwm=0 ball=-117.93 vball=-305.51 bref=-50.00 pid=-140.0 integ=-0.0 vision=1 current=1 vframe=2148 vs=1 vage=6 vpage=6 vdt=34 vmax=7730 vacc=1846 vrej=0 seq=0 elapsed=0 oled=3C
[   7672] STATUS mode=3 fault=none p60=-241 dp60=-3 pwm=-140 ball=-117.93 vball=-305.51 bref=-50.00 pid=-140.0 integ=-0.0 vision=1 current=1 vframe=2148 vs=1 vage=26 vpage=26 vdt=34 vmax=7730 vacc=1846 vrej=0 seq=0 elapsed=0 oled=3C
[   7702] STATUS mode=3 fault=none p60=-256 dp60=-4 pwm=0 ball=-117.93 vball=-305.51 bref=-50.00 pid=-140.0 integ=-0.0 vision=1 current=1 vframe=2148 vs=1 vage=46 vpage=46 vdt=34 vmax=7730 vacc=1846 vrej=0 seq=0 elapsed=0 oled=3C
[   7718] STATUS mode=3 fault=none p60=-268 dp60=-3 pwm=0 ball=-117.93 vball=-305.51 bref=-50.00 pid=-140.0 integ=-0.0 vision=1 current=1 vframe=2148 vs=1 vage=66 vpage=66 vdt=34 vmax=7730 vacc=1846 vrej=0 seq=0 elapsed=0 oled=3C
[   7734] STATUS mode=3 fault=none p60=-276 dp60=-2 pwm=0 ball=-117.93 vball=-305.
[   7734] >>> stop
[   7734] 51 bref=-50.00 pid=-140.0 integ=-0.0 vision=1 current=1 vframe=2148 vs=1 vage=86 vpage=86 vdt=34 vmax=7730 vacc=1846 vrej=0 seq=0 elapsed=0 oled=3C
[   7734] OK stopped
[   7766] STATUS mode=1 fault=none p60=-282 dp60=-1 pwm=0 ball=-117.93 vball=-305.51 bref=-50.00 pid=-140.0 integ=-0.0 vision=1 current=1 vframe=2148 vs=1 vage=106 vpage=106 vdt=34 vmax=7730 vacc=1846 vrej=0 seq=0 elapsed=0 oled=3C
[   7782] STATUS mode=1 fault=none p60=-287 dp60=-1 pwm=0 ball=-126.22 vball=-248.14 bref=-50.00 pid=-140.0 integ=-0.0 vision=1 current=1 vframe=2149 vs=1 vage=17 vpage=17 vdt=109 vmax=7730 vacc=1847 vrej=0 seq=0 elapsed=0 oled=3C
[   7797] STATUS mode=1 fault=none p60=-290 dp60=0 pwm=0 ball=-123.27 vball=-156.61 bref=-50.00 pid=-140.0 integ=-0.0 vision=1 current=1 vframe=2150 vs=1 vage=12 vpage=12 vdt=25 vmax=7730 vacc=1848 vrej=0 seq=0 elapsed=0 oled=3C
[   7813] STATUS mode=1 fault=none p60=-292 dp60=-1 pwm=0 ball=-123.27 vball=-156.61 bref=-50.00 pid=-140.0 integ=-0.0 vision=1 current=1 vframe=2150 vs=1 vage=32 vpage=32 vdt=25 vmax=7730 vacc=1848 vrej=0 seq=0 elapsed=0 oled=3C
[   7843] STATUS mode=1 fault=none p60=-294 dp60=0 pwm=0 ball=-122.61 vball=-112.46 bref=-50.00 pid=-140.0 integ=-0.0 vision=1 current=1 vframe=2151 vs=1 vage=19 vpage=19 vdt=33 vmax=7730 vacc=1849 vrej=0 seq=0 elapsed=0 oled=3C
[   7859] STATUS mode=1 fault=none p60=-296 dp60=0 pwm=0 ball=-122.61 vball=-112.46 bref=-50.00 pid=-140.0 integ=-0.0 vision=1 current=1 vframe=2151 vs=1 vage=39 vpage=39 vdt=33 vmax=7730 vacc=1849 vrej=0 seq=0 elapsed=0 oled=3C
[   7875] STATUS mode=1 fault=none p60=-296 dp60=0 pwm=0 ball=-122.61 vball=-112.46 bref=-50.00 pid=-140.0 integ=-0.0 vision=1 current=1 vframe=2151 vs=1 vage=59 vpage=59 vdt=33 vmax=7730 vacc=1849 vrej=0 seq=0 elapsed=0 oled=3C
[   7907] STATUS mode=1 fault=none p60=-296 dp60=0 pwm=0 ball=-122.61 vball=-112.46 bref=-50.00 pid=-140.0 integ=-0.0 vision=1 current=1 vframe=2151 vs=1 vage=79 vpage=79 vdt=33 vmax=7730 vacc=1849 vrej=0 seq=0 elapsed=0 oled=3C
[   7922] STATUS mode=1 fault=none p60=-296 dp60=0 pwm=0 ball=-122.61 vball=-112.46 bref=-50.00 pid=-140.0 integ=-0.0 vision=1 current=1 vframe=2151 vs=1 vage=99 vpage=99 vdt=33 vmax=7730 vacc=1849 vrej=0 seq=0 elapsed=0 oled=3C
[   7938] STATUS mode=1 fault=none p60=-296 dp60=0 pwm=0 ball=-124.33 vball=-88.32 bref=-50.00 pid=-140.0 integ=-0.0 vision=1 current=1 vframe=2152 vs=1 vage=11 vpage=11 vdt=108 vmax=7730 vacc=1850 vrej=0 seq=0 elapsed=0 oled=3C
[   7952] STATUS mode=1 fault=none p60=-296 dp60=0 pwm=0 ball=-116.58 vball=14.49 bref=-50.00 pid=-140.0 integ=-0.0 vision=1 current=1 vframe=2153 vs=1 vage=7 vpage=7 vdt=24 vmax=7730 vacc=1851 vrej=0 seq=0 elapsed=0 oled=3C
[   7984] STATUS mode=1 fault=none p60=-296 dp60=0 pwm=0 ball=-116.58 vball=14.49 bref=-50.00 pid=-140.0 integ=-0.0 vision=1 current=1 vframe=2153 vs=1 vage=27 vpage=27 vdt=24 vmax=7730 vacc=1851 vrej=0 seq=0 elapsed=0 oled=3C
[   8000] STATUS mode=1 fault=none p60=-296 dp60=0 pwm=0 ball=-114.36 vball=27.19 bref=-50.00 pid=-140.0 integ=-0.0 vision=1 current=1 vframe=2154 vs=1 vage=13 vpage=13 vdt=34 vmax=7730 vacc=1852 vrej=0 seq=0 elapsed=0 oled=3C
[   8016] STATUS mode=1 fault=none p60=-296 dp60=0 pwm=0 ball=-114.36 vball=27.19 bref=-50.00 pid=-140.0 integ=-0.0 vision=1 current=1 vframe=2154 vs=1 vage=33 vpage=33 vdt=34 vmax=7730 vacc=1852 vrej=0 seq=0 elapsed=0 oled=3C
[   8047] STATUS mode=1 fault=none p60=-296 dp60=0 pwm=0 ball=-114.36 vball=27.19 bref=-50.00 pid=-140.0 integ=-0.0 vision=1 current=1 vframe=2154 vs=1 vage=53 vpage=53 vdt=34 vmax=7730 vacc=1852 vrej=0 seq=0 elapsed=0 oled=3C
[   8063] STATUS mode=1 fault=none p60=-296 dp60=0 pwm=0 ball=-114.36 vball=27.19 bref=-50.00 pid=-140.0 integ=-0.0 vision=1 current=1 vframe=2154 vs=1 vage=73 vpage=73 vdt=34 vmax=7730 vacc=1852 vrej=0 seq=0 elapsed=0 oled=3C
[   8077] STATUS mode=1 fault=none p60=-296 dp60=0 pwm=0 ball=-114.36 vball=27.19 bref=-50.00 pid=-140.0 integ=-0.0 vision=1 current=1 vframe=2154 vs=1 vage=93 vpage=93 vdt=34 vmax=7730 vacc=1852 vrej=0 seq=0 elapsed=0 oled=3C
[   8093] STATUS mode=1 fault=none p60=-296 dp60=0 pwm=0 ball=-113.86 vball=21.58 bref=-50.00 pid=-140.0 integ=-0.0 vision=1 current=1 vframe=2155 vs=1 vage=8 vpage=8 vdt=105 vmax=7730 vacc=1853 vrej=0 seq=0 elapsed=0 oled=3C
[   8125] STATUS mode=1 fault=none p60=-296 dp60=0 pwm=0 ball=-113.86 vball=21.58 bref=-50.00 pid=-140.0 integ=-0.0 vision=1 current=1 vframe=2155 vs=1 vage=28 vpage=28 vdt=105 vmax=7730 vacc=1853 vrej=0 seq=0 elapsed=0 oled=3C
[   8141] STATUS mode=1 fault=none p60=-296 dp60=0 pwm=0 ball=-106.90 vball=78.33 bref=-50.00 pid=-140.0 integ=-0.0 vision=1 current=1 vframe=2156 vs=1 vage=20 vpage=20 vdt=28 vmax=7730 vacc=1854 vrej=0 seq=0 elapsed=0 oled=3C
[   8157] STATUS mode=1 fault=none p60=-296 dp60=0 pwm=0 ball=-104.56 vball=0.00 bref=-50.00 pid=-140.0 integ=-0.0 vision=1 current=1 vframe=2166 vs=1 vage=7 vpage=7 vdt=33 vmax=7730 vacc=1864 vrej=0 seq=0 elapsed=0 oled=3C
[   8172] STATUS mode=1 fault=none p60=-296 dp60=0 pwm=0 ball=-104.56 vball=0.00 bref=-50.00 pid=-140.0 integ=-0.0 vision=1 current=1 vframe=2166 vs=1 vage=27 vpage=27 vdt=33 vmax=7730 vacc=1864 vrej=0 seq=0 elapsed=0 oled=3C
[   8202] STATUS mode=1 fault=none p60=-296 dp60=0 pwm=0 ball=-104.56 vball=0.00 bref=-50.00 pid=-140.0 integ=-0.0 vision=1 current=1 vframe=2166 vs=1 vage=47 vpage=47 vdt=33 vmax=7730 vacc=1864 vrej=0 seq=0 elapsed=0 oled=3C
[   8218] STATUS mode=1 fault=none p60=-296 dp60=0 pwm=0 ball=-104.56 vball=0.00 bref=-50.00 pid=-140.0 integ=-0.0 vision=1 current=1 vframe=2166 vs=1 vage=67 vpage=67 vdt=33 vmax=7730 vacc=1864 vrej=0 seq=0 elapsed=0 oled=3C
[   8234] STATUS mode=1 fault=none p60=-296 dp60=0 pwm=0 ball=-104.56 vball=0.00 bref=-50.00 pid=-140.0 integ=-0.0 vision=1 current=1 vframe=2166 vs=1 vage=87 vpage=87 vdt=33 vmax=7730 vacc=1864 vrej=0 seq=0 elapsed=0 oled=3C
[   8266] STATUS mode=1 fault=none p60=-296 dp60=0 pwm=0 ball=-104.56 vball=0.00 bref=-50.00 pid=-140.0 integ=-0.0 vision=1 current=1 vframe=2166 vs=1 vage=107 vpage=107 vdt=33 vmax=7730 vacc=1864 vrej=0 seq=0 elapsed=0 oled=3C
[   8282] STATUS mode=1 fault=none p60=-296 dp60=0 pwm=0 ball=-103.04 vball=3.52 bref=-50.00 pid=-140.0 integ=-0.0 vision=1 current=1 vframe=2167 vs=1 vage=19 vpage=19 vdt=108 vmax=7730 vacc=1865 vrej=0 seq=0 elapsed=0 oled=3C
[   8297] STATUS mode=1 fault=none p60=-296 dp60=0 pwm=0 ball=-96.35 vball=66.97 bref=-50.00 pid=-140.0 integ=-0.0 vision=1 current=1 vframe=2168 vs=1 vage=13 vpage=13 vdt=26 vmax=7730 vacc=1866 vrej=0 seq=0 elapsed=0 oled=3C
[   8313] STATUS mode=1 fault=none p60=-296 dp60=0 pwm=0 ball=-96.35 vball=66.97 bref=-50.00 pid=-140.0 integ=-0.0 vision=1 current=1 vframe=2168 vs=1 vage=33 vpage=33 vdt=26 vmax=7730 vacc=1866 vrej=0 seq=0 elapsed=0 oled=3C
[   8343] STATUS mode=1 fault=none p60=-296 dp60=0 pwm=0 ball=-93.63 vball=70.83 bref=-50.00 pid=-140.0 integ=-0.0 vision=1 current=1 vframe=2169 vs=1 vage=20 vpage=20 vdt=33 vmax=7730 va
[   8343] >>> status
[   8343] cc=1867 vrej=0 seq=0 elapsed=0 oled=3C
[   8359] STATUS mode=1 fault=none p60=-296 dp60=0 pwm=0 ball=-93.63 vball=70.83 bref=-50.00 pid=-140.0 integ=-0.0 vision=1 current=1 vframe=2169 vs=1 vage=36 vpage=36 vdt=33 vmax=7730 vacc=1867 vrej=0 seq=0 elapsed=0 oled=3C
[   8375] STATUS mode=1 fault=none p60=-296 dp60=0 pwm=0 ball=-93.63 vball=70.83 bref=-50.00 pid=-140.0 integ=-0.0 vision=1 current=1 vframe=2169 vs=1 vage=40 vpage=40 vdt=33 vmax=7730 vacc=1867 vrej=0 seq=0 elapsed=0 oled=3C
[   8391] STATUS mode=1 fault=none p60=-296 dp60=0 pwm=0 ball=-93.63 vball=70.83 bref=-50.00 pid=-140.0 integ=-0.0 vision=1 current=1 vframe=2169 vs=1 vage=60 vpage=60 vdt=33 vmax=7730 vacc=1867 vrej=0 seq=0 elapsed=0 oled=3C
[   8422] STATUS mode=1 fault=none p60=-296 dp60=0 pwm=0 ball=-93.63 vball=70.83 bref=-50.00 pid=-140.0 integ=-0.0 vision=1 current=1 vframe=2169 vs=1 vage=80 vpage=80 vdt=33 vmax=7730 vacc=1867 vrej=0 seq=0 elapsed=0 oled=3C
[   8438] STATUS mode=1 fault=none p60=-296 dp60=0 pwm=0 ball=-93.63 vball=70.83 bref=-50.00 pid=-140.0 integ=-0.0 vision=1 current=1 vframe=2169 vs=1 vage=100 vpage=100 vdt=33 vmax=7730 vacc=1867 vrej=0 seq=0 elapsed=0 oled=3C
[   8452] STATUS mode=1 fault=none p60=-296 dp60=0 pwm=0 ball=-90.99 vball=59.66 bref=-50.00 pid=-140.0 integ=-0.0 vision=1 current=1 vframe=2170 vs=1 vage=19 vpage=19 vdt=101 vmax=7730 vacc=1868 vrej=0 seq=0 elapsed=0 oled=3C
[   8468] STATUS mode=1 fault=none p60=-296 dp60=0 pwm=0 ball=-84.62 vball=91.58 bref=-50.00 pid=-140.0 integ=-0.0 vision=1 current=1 vframe=2171 vs=1 vage=5 vpage=5 vdt=34 vmax=7730 vacc=1869 vrej=0 seq=0 elapsed=0 oled=3C
[   8484] STATUS mode=1 fault=none p60=-296 dp60=0 pwm=0 ball=-84.62 vball=91.58 bref=-50.00 pid=-140.0 integ=-0.0 vision=1 current=1 vframe=2171 vs=1 vage=25 vpage=25 vdt=34 vmax=7730 vacc=1869 vrej=0 seq=0 elapsed=0 oled=3C
[   8516] STATUS mode=1 fault=none p60=-296 dp60=0 pwm=0 ball=-81.94 vball=88.99 bref=-50.00 pid=-140.0 integ=-0.0 vision=1 current=1 vframe=2172 vs=1 vage=12 vpage=12 vdt=33 vmax=7730 vacc=1870 vrej=0 seq=0 elapsed=0 oled=3C
[   8532] STATUS mode=1 fault=none p60=-296 dp60=0 pwm=0 ball=-81.94 vball=88.99 bref=-50.00 pid=-140.0 integ=-0.0 vision=1 current=1 vframe=2172 vs=1 vage=32 vpage=32 vdt=33 vmax=7730 vacc=1870 vrej=0 seq=0 elapsed=0 oled=3C
[   8547] STATUS mode=1 fault=none p60=-296 dp60=0 pwm=0 ball=-81.94 vball=88.99 bref=-50.00 pid=-140.0 integ=-0.0 vision=1 current=1 vframe=2172 vs=1 vage=52 vpage=52 vdt=33 vmax=7730 vacc=1870 vrej=0 seq=0 elapsed=0 oled=3C
[   8563] STATUS mode=1 fault=none p60=-296 dp60=0 pwm=0 ball=-81.94 vball=88.99 bref=-50.00 pid=-140.0 integ=-0.0 vision=1 current=1 vframe=2172 vs=1 vage=72 vpage=72 vdt=33 vmax=7730 vacc=1870 vrej=0 seq=0 elapsed=0 oled=3C
[   8577] STATUS mode=1 fault=none p60=-296 dp60=0 pwm=0 ball=-81.94 vball=88.99 bref=-50.00 pid=-140.0 integ=-0.0 vision=1 current=1 vframe=2172 vs=1 vage=92 vpage=92 vdt=33 vmax=7730 vacc=1870 vrej=0 seq=0 elapsed=0 oled=3C
[   8609] STATUS mode=1 fault=none p60=-296 dp60=0 pwm=0 ball=-81.94 vball=88.99 bref=-50.00 pid=-140.0 integ=-0.0 vision=1 current=1 vframe=2172 vs=1 vage=112 vpage=112 vdt=33 vmax=7730 vacc=1870 vrej=0 seq=0 elapsed=0 oled=3C
[   8625] STATUS mode=1 fault=none p60=-296 dp60=0 pwm=0 ball=-78.76 vball=73.84 bref=-50.00 pid=-140.0 integ=-0.0 vision=1 current=1 vframe=2173 vs=1 vage=20 vpage=20 vdt=112 vmax=7730 vacc=1871 vrej=0 seq=0 elapsed=0 oled=3C
[   8641] STATUS mode=1 fault=none p60=-296 dp60=0 pwm=0 ball=-74.22 vball=93.21 bref=-50.00 pid=-140.0 integ=-0.0 vision=1 current=1 vframe=2174 vs=1 vage=10 vpage=10 vdt=30 vmax=7730 vacc=1872 vrej=0 seq=0 elapsed=0 oled=3C
[   8657] STATUS mode=1 fault=none p60=-296 dp60=0 pwm=0 ball=-74.22 vball=93.21 bref=-50.00 pid=-140.0 integ=-0.0 vision=1 current=1 vframe=2174 vs=1 vage=30 vpage=30 vdt=30 vmax=7730 vacc=1872 vrej=0 seq=0 elapsed=0 oled=3C
[   8688] STATUS mode=1 fault=none p60=-296 dp60=0 pwm=0 ball=-74.22 vball=93.21 bref=-50.00 pid=-140.0 integ=-0.0 vision=1 current=0 vframe=2175 vs=0 vage=50 vpage=17 vdt=30 vmax=7730 vacc=1872 vrej=0 seq=0 elapsed=0 oled=3C
[   8702] STATUS mode=1 fault=none p60=-296 dp60=0 pwm=0 ball=-74.22 vball=93.21 bref=-50.00 pid=-140.0 integ=-0.0 vision=1 current=0 vframe=2175 vs=0 vage=70 vpage=37 vdt=30 vmax=7730 vacc=1872 vrej=0 seq=0 elapsed=0 oled=3C
[   8718] STATUS mode=1 fault=none p60=-296 dp60=0 pwm=0 ball=-74.22 vball=93.21 bref=-50.00 pid=-140.0 integ=-0.0 vision=1 current=0 vframe=2175 vs=0 vage=90 vpage=57 vdt=30 vmax=7730 vacc=1872 vrej=0 seq=0 elapsed=0 oled=3C
[   8734] STATUS mode=1 fault=none p60=-296 dp60=0 pwm=0 ball=-74.22 vball=93.21 bref=-50.00 pid=-140.0 integ=-0.0 vision=1 current=0 vframe=2175 vs=0 vage=110 vpage=77 vdt=30 vmax=7730 vacc=1872 vrej=0 seq=0 elapsed=0 oled=3C
[   8766] STATUS mode=1 fault=none p60=-296 dp60=0 pwm=0 ball=-74.22 vball=93.21 bref=-50.00 pid=-140.0 integ=-0.0 vision=1 current=0 vframe=2175 vs=0 vage=130 vpage=97 vdt=30 vmax=7730 vacc=1872 vrej=0 seq=0 elapsed=0 oled=3C
[   8782] STATUS mode=1 fault=none p60=-296 dp60=0 pwm=0 ball=-66.31 vball=145.56 bref=-50.00 pid=-140.0 integ=-0.0 vision=1 current=1 vframe=2177 vs=1 vage=2 vpage=2 vdt=9 vmax=7730 vacc=1874 vrej=0 seq=0 elapsed=0 oled=3C
[   8797] STATUS mode=1 fault=none p60=-296 dp60=0 pwm=0 ball=-66.31 vball=145.56 bref=-50.00 pid=-140.0 integ=-0.0 vision=1 current=1 vframe=2177 vs=1 vage=22 vpage=22 vdt=9 vmax=7730 vacc=1874 vrej=0 seq=0 elapsed=0 oled=3C
[   8813] STATUS mode=1 fault=none p60=-296 dp60=0 pwm=0 ball=-58.52 vball=187.07 bref=-50.00 pid=-140.0 integ=-0.0 vision=1 current=1 vframe=2178 vs=1 vage=17 vpage=17 vdt=25 vmax=7730 vacc=1875 vrej=0 seq=0 elapsed=0 oled=3C
[   8843] STATUS mode=1 fault=none p60=-296 dp60=0 pwm=0 ball=-58.52 vball=187.07 bref=-50.00 pid=-140.0 integ=-0.0 vision=1 current=1 vframe=2178 vs=1 vage=37 vpage=37 vdt=25 vmax=7730 vacc=1875 vrej=0 seq=0 elapsed=0 oled=3C
[   8859] STATUS mode=1 fault=none p60=-296 dp60=0 pwm=0 ball=-55.40 vball=156.22 bref=-50.00 pid=-140.0 integ=-0.0 vision=1 current=1 vframe=2179 vs=1 vage=8 vpage=8 vdt=49 vmax=7730 vacc=1876 vrej=0 seq=0 elapsed=0 oled=3C
[   8875] STATUS mode=1 fault=none p60=-296 dp60=0 pwm=0 ball=-55.40 vball=156.22 bref=-50.00 pid=-140.0 integ=-0.0 vision=1 current=1 vframe=2179 vs=1 vage=28 vpage=28 vdt=49 vmax=7730 vacc=1876 vrej=0 seq=0 elapsed=0 oled=3C
[   8907] STATUS mode=1 fault=none p60=-296 dp60=0 pwm=0 ball=-55.40 vball=156.22 bref=-50.00 pid=-140.0 integ=-0.0 vision=1 current=1 vframe=2179 vs=1 vage=48 vpage=48 vdt=49 vmax=7730 vacc=1876 vrej=0 seq=0 elapsed=0 oled=3C
[   8922] STATUS mode=1 fault=none p60=-296 dp60=0 pwm=0 ball=-55.40 vball=156.22 bref=-50.00 pid=-140.0 integ=-0.0 vision=1 current=1 vframe=2179 vs=1 vage=68 vpage=68 vdt=49 vmax=7730 vacc=1876 vrej=0 seq=0 elapsed=0 oled=3C
[   8938] STATUS mode=1 fault=none p60=-296 dp60=0 pwm=0 ball=-55.40 vball=156.22 bref=-50.00 pid=-140.0 integ=-0.0 vision=1 current=1 vframe=2179 vs=1 vage=88 vpage=88 vdt=49 vmax=7730 vacc=1876 vrej=0 seq=0 elapsed=0 oled=3C
[   8952] STATUS mode=1 fault=none p60=-296 dp60=0 pwm=0 ball=-55
[   8952] >>> stream off
[   8952] .40 vball=156.22 bref=-50.00 pid=-140.0 integ=-0.0 vision=1 current=0 vframe=2180 vs=0 vage=108 vpage=10 vdt=49 vmax=7730 vacc=1876 vrej=0 seq=0 elapsed=0 oled=3C
[   8968] OK stream off
