[      0] >>> bench on
[     15] OK stepper visual-only bench active; command pose preserved
[    187] >>> clear
[    187] OK fault cleared
[    375] >>> diag reset
[    375] OK actuator diagnostics reset
[    562] >>> gain ball 1.2 2.0 2.0 -1
[    562] OK ball gains kp=1.200 ki=2.000 kd=2.000 sign=-1
[    750] >>> gain accel 0.0
[    750] OK ball acceleration gain ka=0.000
[    937] >>> limit rate 400
[    937] OK ball rate limit=400 steps/s
[   1125] >>> stream on 20
[   1125] OK stream on 20 ms
[   1172] STATUS mode=1 fault=none enc=-55 denc=0 sreq=0 sapplied=0 crate=0 uimp=0 upos=0 uneg=0 ball=49.26 vball=0.05 aball=0.0 bref=0.00 pid=0.0 pref=-58.7 ppos=-58.7 apid=0.0 integ=0.0 vision=1 current=1 vframe=23963 vs=1 vage=19 vpage=19 vdt=32 vmax=266 vacc=23932 vrej=0 seq=0 elapsed=0 oled=3C
[   1187] STATUS mode=1 fault=none enc=-55 denc=0 sreq=0 sapplied=0 crate=0 uimp=0 upos=0 uneg=0 ball=49.28 vball=0.16 aball=0.0 bref=0.00 pid=0.0 pref=-58.7 ppos=-58.7 apid=0.0 integ=0.0 vision=1 current=1 vframe=23964 vs=1 vage=6 vpage=6 vdt=33 vmax=266 vacc=23933 vrej=0 seq=0 elapsed=0 oled=3C
[   1217] STATUS mode=1 fault=none enc=-55 denc=0 sreq=0 sapplied=0 crate=0 uimp=0 upos=0 uneg=0 ball=49.28 vball=0.16 aball=0.0 bref=0.00 pid=0.0 pref=-58.7 ppos=-58.7 apid=0.0 integ=0.0 vision=1 current=1 vframe=23964 vs=1 vage=26 vpage=26 vdt=33 vmax=266 vacc=23933 vrej=0 seq=0 elapsed=0 oled=3C
[   1233] STATUS mode=1 fault=none enc=-55 denc=0 sreq=0 sapplied=0 crate=0 uimp=0 upos=0 uneg=0 ball=49.29 vball=0.22 aball=0.0 bref=0.00 pid=0.0 pref=-58.7 ppos=-58.7 apid=0.0 integ=0.0 vision=1 current=1 vframe=23965 vs=1 vage=13 vpage=13 vdt=33 vmax=266 vacc=23934 vrej=0 seq=0 elapsed=0 oled=3C
[   1265] STATUS mode=1 fault=none enc=-55 denc=0 sreq=0 sapplied=0 crate=0 uimp=0 upos=0 uneg=0 ball=49.29 vball=0.18 aball=0.0 bref=0.00 pid=0.0 pref=-58.7 ppos=-58.7 apid=0.0 integ=0.0 vision=1 current=1 vframe=23966 vs=1 vage=19 vpage=19 vdt=34 vmax=266 vacc=23935 vrej=0 seq=0 elapsed=0 oled=3C
[   1297] STATUS mode=1 fault=none enc=-55 denc=0 sreq=0 sapplied=0 crate=0 uimp=0 upos=0 uneg=0 ball=49.25 vball=-0.21 aball=0.0 bref=0.00 pid=0.0 pref=-58.7 ppos=-58.7 apid=0.0 integ=0.0 vision=1 current=1 vframe=23967 vs=1 vage=5 vpage=5 vdt=34 vmax=266 vacc=23936 vrej=0 seq=0 elapsed=0 oled=3C
[   1297] >>> ball 0.0
[   1312] STATUS mode=1 fault=none enc=-55 denc=0 sreq=0 sapplied=0 crate=0 uimp=0 upos=0 uneg=0 ball=49.25 vball=-0.21 aball=0.0 bref=0.00 pid=0.0 pref=-58.7 ppos=-58.7 apid=0.0 integ=0.0 vision=1 current=1 vframe=23967 vs=1 vage=25 vpage=25 vdt=34 vmax=266 vacc=23936 vrej=0 seq=0 elapsed=0 oled=3C
[   1342] STATUS mode=3 fault=none enc=-53 denc=1 sreq=200 sapplied=200 crate=200 uimp=0 upos=0 uneg=0 ball=49.28 vball=0.07 aball=0.0 bref=0.00 pid=400.0 pref=0.5 ppos=-58.7 apid=0.0 integ=-0.0 vision=1 current=1 vframe=23968 vs=1 vage=12 vpage=12 vdt=33 vmax=266 vacc=23937 vrej=0 seq=0 elapsed=0 oled=3C
[   1375] STATUS mode=3 fault=none enc=-36 denc=2 sreq=400 sapplied=400 crate=400 uimp=14500 upos=40 uneg=0 ball=49.29 vball=0.12 aball=0.0 bref=0.00 pid=400.0 pref=0.6 ppos=-44.2 apid=0.0 integ=-0.0 vision=1 current=1 vframe=23969 vs=1 vage=19 vpage=19 vdt=33 vmax=266 vacc=23938 vrej=0 seq=0 elapsed=0 oled=3C
[   1390] STATUS mode=3 fault=none enc=-25 denc=3 sreq=373 sapplied=373 crate=373 uimp=22445 upos=60 uneg=0 ball=49.31 vball=0.28 aball=0.0 bref=0.00 pid=372.9 pref=1.0 ppos=-36.3 apid=0.0 integ=-0.0 vision=1 current=1 vframe=23970 vs=1 vage=6 vpage=6 vdt=33 vmax=266 vacc=23939 vrej=0 seq=0 elapsed=0 oled=3C
[   1422] STATUS mode=3 fault=none enc=-17 denc=1 sreq=304 sapplied=304 crate=304 uimp=29365 upos=80 uneg=0 ball=49.31 vball=0.28 aball=0.0 bref=0.00 pid=303.7 pref=1.0 ppos=-29.4 apid=0.0 integ=-0.0 vision=1 current=1 vframe=23970 vs=1 vage=26 vpage=26 vdt=33 vmax=266 vacc=23939 vrej=0 seq=0 elapsed=0 oled=3C
[   1453] STATUS mode=3 fault=none enc=-4 denc=1 sreq=200 sapplied=200 crate=200 uimp=39545 upos=120 uneg=0 ball=49.31 vball=0.20 aball=0.6 bref=0.00 pid=200.3 pref=0.8 ppos=-19.2 apid=0.0 integ=-0.0 vision=1 current=1 vframe=23971 vs=1 vage=33 vpage=33 vdt=33 vmax=266 vacc=23940 vrej=0 seq=0 elapsed=0 oled=3C
[   1467] STATUS mode=3 fault=none enc=1 denc=1 sreq=164 sapplied=164 crate=164 uimp=43275 upos=140 uneg=0 ball=49.32 vball=0.25 aball=0.6 bref=0.00 pid=164.1 pref=0.9 ppos=-15.5 apid=0.0 integ=-0.0 vision=1 current=1 vframe=23972 vs=1 vage=20 vpage=20 vdt=33 vmax=266 vacc=23941 vrej=0 seq=0 elapsed=0 oled=3C
[   1500] STATUS mode=3 fault=none enc=4 denc=0 sreq=133 sapplied=133 crate=133 uimp=46320 upos=160 uneg=0 ball=49.32 vball=0.20 aball=0.6 bref=0.00 pid=132.6 pref=0.8 ppos=-12.4 apid=0.0 integ=-0.0 vision=1 current=1 vframe=23973 vs=1 vage=6 vpage=6 vdt=34 vmax=266 vacc=23942 vrej=0 seq=0 elapsed=0 oled=3C
[   1531] STATUS mode=3 fault=none enc=12 denc=2 sreq=121 sapplied=121 crate=121 uimp=50960 upos=200 uneg=0 ball=49.33 vball=0.19 aball=0.3 bref=0.00 pid=120.7 pref=4.3 ppos=-7.8 apid=0.0 integ=3.5 vision=11 current=1 vframe=23973 vs=1 vage=26 vpage=26 vdt=34 vmax=266 vacc=23942 vrej=0 seq=0 elapsed=0 oled=3C
[   1547] STATUS mode=3 fault=none enc=14 denc=0 sreq=98 sapplied=98 crate=98 uimp=53200 upos=220 uneg=0 ball=49.33 vball=0.19 aball=0.3 bref=0.00 pid=98.3 pref=4.3 ppos=-5.5 apid=0.0 integ=3.5 vision=1 current=1 vframe=23974 vs=1 vage=31 vpage=31 vdt=35 vmax=266 vacc=23943 vrej=0 seq=0 elapsed=0 oled=3C
[   1578] STATUS mode=3 fault=none enc=16 denc=-1 sreq=110 sapplied=110 crate=110 uimp=55345 upos=240 uneg=0 ball=49.33 vball=0.14 aball=0.3 bref=0.00 pid=110.4 pref=7.6 ppos=-3.4 apid=0.0 integ=6.9 vision=1 current=1 vframe=23975 vs=1 vage=16 vpage=16 vdt=35 vmax=266 vacc=23944 vrej=0 seq=0 elapsed=0 oled=3C
[   1608] STATUS mode=3 fault=none enc=19 denc=0 sreq=121 sapplied=121 crate=121 uimp=57395 upos=260 uneg=0 ball=49.33 vball=0.09 aball=0.3 bref=0.00 pid=121.4 pref=10.8 ppos=-1.3 apid=0.0 integ=10.2 vision=1 current=1 vframe=23976 vs=1 vage=3 vpage=3 vdt=33 vmax=266 vacc=23945 vrej=0 seq=0 elapsed=0 oled=3C
[   1625] STATUS mode=3 fault=none enc=26 denc=2 sreq=111 sapplied=111 crate=111 uimp=61640 upos=300 uneg=0 ball=49.33 vball=0.06 aball=-0.4 bref=0.00 pid=110.9 pref=14.0 ppos=2.9 apid=-0.0 integ=13.4 vision=1 current=1 vframe=23977 vs=1 vage=10 vpage=10 vdt=33 vmax=266 vacc=23946 vrej=0 seq=0 elapsed=0 oled=3C
[   1656] STATUS mode=3 fault=none enc=28 denc=2 sreq=90 sapplied=90 crate=90 uimp=63695 upos=320 uneg=0 ball=49.33 vball=0.06 aball=-0.4 bref=0.00 pid=90.4 pref=14.0 ppos=5.0 apid=-0.0 integ=13.4 vision=1 current=1 vframe=23977 vs=1 vage=30 vpage=30 vdt=33 vmax=266 vacc=23946 vrej=0 seq=0 elapsed=0 oled=3C
[   1687] STATUS mode=3 fault=none enc=31 denc=2 sreq=123 sapplied=123 crate=123 uimp=65910 upos=340 uneg=0 ball=49.43 vball=0.98 aball=-0.4 bref=0.00 pid=123.4 pref=19.5 ppos=7.2 apid=-0.0 integ=17.0 vision=1 current=1 vframe=23978 vs=1 vage=14 vpage=14 vdt=36 vmax=266 vacc=23947 vrej=0 seq=0 elapsed=0 oled=3C
[   1703] STATUS mode=3 fault=none enc=37 denc=1 sreq=125 sapplied=125 crate=125 uimp=71050 upos=380 uneg=0 ball=49.58 vball=2.07 aball=-0.4 bref=0.00 pid=125.4 pref=24.8 ppos=12.3 apid=-0.0 integ=20.0 vision=1 current=1 vframe=23979 vs=1 vage=24 vpage=24 vdt=30 vmax=266 vacc=23948 vrej=0 seq=0 elapsed=0 oled=3C
[   1733] STATUS mode=3 fault=none enc=40 denc=0 sreq=130 sapplied=130 crate=130 uimp=73520 upos=400 uneg=0 ball=49.63 vball=1.86 aball=7.9 bref=0.00 pid=129.8 pref=27.8 ppos=14.8 apid=0.0 integ=23.2 vision=1 current=1 vframe=23980 vs=1 vage=11 vpage=11 vdt=33 vmax=266 vacc=23949 vrej=0 seq=0 elapsed=0 oled=3C
[   1765] STATUS mode=3 fault=none enc=44 denc=2 sreq=106 sapplied=106 crate=106 uimp=75925 upos=420 uneg=0 ball=49.63 vball=1.86 aball=7.9 bref=0.00 pid=105.8 pref=27.8 ppos=17.2 apid=0.0 integ=23.2 vision=1 current=1 vframe=23980 vs=1 vage=31 vpage=31 vdt=33 vmax=266 vacc=23949 vrej=0 seq=0 elapsed=0 oled=3C
[   1781] STATUS mode=3 fault=none enc=49 denc=0 sreq=112 sapplied=112 crate=112 uimp=80190 upos=460 uneg=0 ball=49.63 vball=0.93 aball=7.9 bref=0.00 pid=112.0 pref=32.7 ppos=21.5 apid=0.0 integ=30.0 vision=1 current=1 vframe=23982 vs=1 vage=3 vpage=3 vdt=35 vmax=266 vacc=23951 vrej=0 seq=0 elapsed=0 oled=3C
[   1812] STATUS mode=3 fault=none enc=51 denc=-1 sreq=91 sapplied=91 crate=91 uimp=82265 upos=480 uneg=0 ball=49.63 vball=0.93 aball=7.9 bref=0.00 pid=91.3 pref=32.7 ppos=23.5 apid=0.0 integ=30.0 vision=1 current=1 vframe=23982 vs=1 vage=23 vpage=23 vdt=35 vmax=266 vacc=23951 vrej=0 seq=0 elapsed=0 oled=3C
[   1842] STATUS mode=3 fault=none enc=54 denc=1 sreq=98 sapplied=98 crate=98 uimp=84080 upos=500 uneg=0 ball=49.63 vball=0.60 aball=-1.3 bref=0.00 pid=98.3 pref=35.2 ppos=25.3 apid=-0.0 integ=33.2 vision=1 current=1 vframe=23983 vs=1 vage=11 vpage=11 vdt=32 vmax=266 vacc=23952 vrej=0 seq=0 elapsed=0 oled=3C
[   1858] STATUS mode=3 fault=none enc=58 denc=0 sreq=92 sapplied=92 crate=92 uimp=87675 upos=540 uneg=0 ball=49.61 vball=0.32 aball=-1.3 bref=0.00 pid=92.2 pref=38.2 ppos=28.9 apid=-0.0 integ=36.7 vision=1 current=1 vframe=23984 vs=1 vage=15 vpage=15 vdt=36 vmax=266 vacc=23953 vrej=0 seq=0 elapsed=0 oled=3C
[   1890] STATUS mode=3 fault=none enc=60 denc=0 sreq=102 sapplied=102 crate=102 uimp=89385 upos=560 uneg=0 ball=49.61 vball=0.17 aball=-1.3 bref=0.00 pid=101.9 pref=40.8 ppos=30.6 apid=-0.0 integ=39.7 vision=1 current=1 vframe=23985 vs=1 vage=5 vpage=5 vdt=30 vmax=266 vacc=23954 vrej=0 seq=0 elapsed=0 oled=3C
[   1922] STATUS mode=3 fault=none enc=63 denc=1 sreq=83 sapplied=83 crate=83 uimp=91275 upos=580 uneg=0 ball=49.61 vball=0.17 aball=-1.3 bref=0.00 pid=83.0 pref=40.8 ppos=32.5 apid=-0.0 integ=39.7 vision=1 current=1 vframe=23985 vs=1 vage=25 vpage=25 vdt=30 vmax=266 vacc=23954 vrej=0 seq=0 elapsed=0 oled=3C
[   1937] STATUS mode=3 fault=none enc=66 denc=2 sreq=96 sapplied=96 crate=96 uimp=93120 upos=600 uneg=0 ball=49.60 vball=0.09 aball=-3.0 bref=0.00 pid=95.6 pref=43.9 ppos=34.4 apid=-0.0 integ=43.0 vision=1 current=1 vframe=23986 vs=1 vage=12 vpage=12 vdt=33 vmax=266 vacc=23955 vrej=0 seq=0 elapsed=0 oled=3C
[   1967] STATUS mode=3 fault=none enc=69 denc=0 sreq=91 sapplied=91 crate=91 uimp=96795 upos=640 uneg=0 ball=49.60 vball=0.05 aball=-3.0 bref=0.00 pid=90.7 pref=47.1 ppos=38.1 apid=-0.0 integ=46.2 vision=1 current=1 vframe=23987 vs=1 vage=19 vpage=19 vdt=33 vmax=266 vacc=23956 vrej=0 seq=0 elapsed=0 oled=3C
[   2000] STATUS mode=3 fault=none enc=71 denc=-1 sreq=74 sapplied=74 crate=74 uimp=98480 upos=660 uneg=0 ball=49.44 vball=-1.54 aball=-3.0 bref=0.00 pid=73.8 pref=47.1 ppos=39.7 apid=-0.0 integ=49.6 vision=1 current=1 vframe=23988 vs=1 vage=5 vpage=5 vdt=34 vmax=266 vacc=23957 vrej=0 seq=0 elapsed=0 oled=3C
[   2015] STATUS mode=3 fault=none enc=73 denc=0 sreq=60 sapplied=60 crate=60 uimp=99850 upos=680 uneg=0 ball=49.44 vball=-1.54 aball=-3.0 bref=0.00 pid=60.1 pref=47.1 ppos=41.1 apid=-0.0 integ=49.6 vision=1 current=1 vframe=23988 vs=1 vage=25 vpage=25 vdt=34 vmax=266 vacc=23957 vrej=0 seq=0 elapsed=0 oled=3C
[   2047] STATUS mode=3 fault=none enc=76 denc=1 sreq=48 sapplied=48 crate=48 uimp=102160 upos=720 uneg=0 ball=49.27 vball=-2.52 aball=-13.4 bref=0.00 pid=47.9 pref=48.2 ppos=43.4 apid=-0.0 integ=52.9 vision=1 current=1 vframe=23989 vs=1 vage=32 vpage=32 vdt=33 vmax=266 vacc=23958 vrej=0 seq=0 elapsed=0 oled=3C
[   2078] STATUS mode=3 fault=none enc=78 denc=0 sreq=77 sapplied=77 crate=77 uimp=103685 upos=740 uneg=0 ball=49.25 vball=-1.95 aball=-13.4 bref=0.00 pid=77.3 pref=52.7 ppos=44.9 apid=-0.0 integ=56.2 vision=1 current=1 vframe=23990 vs=1 vage=18 vpage=18 vdt=34 vmax=266 vacc=23959 vrej=0 seq=0 elapsed=0 oled=3C
[   2108] STATUS mode=3 fault=none enc=81 denc=1 sreq=112 sapplied=112 crate=112 uimp=105115 upos=760 uneg=0 ball=49.28 vball=-1.16 aball=-13.4 bref=0.00 pid=111.7 pref=57.5 ppos=46.4 apid=-0.0 integ=59.5 vision=1 current=1 vframe=23991 vs=1 vage=5 vpage=5 vdt=33 vmax=266 vacc=23960 vrej=0 seq=0 elapsed=0 oled=3C
[   2125] STATUS mode=3 fault=none enc=87 denc=2 sreq=112 sapplied=112 crate=112 uimp=109285 upos=800 uneg=0 ball=49.29 vball=-0.70 aball=0.8 bref=0.00 pid=111.8 pref=61.7 ppos=50.5 apid=0.0 integ=62.7 vision=1 current=1 vframe=23992 vs=1 vage=12 vpage=12 vdt=33 vmax=266 vacc=23961 vrej=0 seq=0 elapsed=0 oled=3C
[   2156] STATUS mode=3 fault=none enc=90 denc=2 sreq=91 sapplied=91 crate=91 uimp=111360 upos=820 uneg=0 ball=49.29 vball=-0.70 aball=0.8 bref=0.00 pid=91.1 pref=61.7 ppos=52.6 apid=0.0 integ=62.7 vision=1 current=1 vframe=23992 vs=1 vage=32 vpage=32 vdt=33 vmax=266 vacc=23961 vrej=0 seq=0 elapsed=0 oled=3C
[   2187] STATUS mode=3 fault=none enc=92 denc=1 sreq=107 sapplied=107 crate=107 uimp=113600 upos=840 uneg=0 ball=49.30 vball=-0.41 aball=0.8 bref=0.00 pid=107.1 pref=65.6 ppos=54.9 apid=0.0 integ=66.0 vision=1 current=1 vframe=23993 vs=1 vage=19 vpage=19 vdt=33 vmax=266 vacc=23962 vrej=0 seq=0 elapsed=0 oled=3C
[   2203] STATUS mode=3 fault=none enc=99 denc=2 sreq=131 sapplied=131 crate=131 uimp=118560 upos=880 uneg=0 ball=49.48 vball=1.45 aball=0.8 bref=0.00 pid=130.5 pref=72.9 ppos=59.8 apid=0.0 integ=69.3 vision=1 current=1 vframe=23994 vs=1 vage=25 vpage=25 vdt=34 vmax=266 vacc=23963 vrej=0 seq=0 elapsed=0 oled=3C
[   2233] STATUS mode=3 fault=none enc=103 denc=2 sreq=152 sapplied=152 crate=152 uimp=121480 upos=900 uneg=0 ball=49.63 vball=2.28 aball=13.9 bref=0.00 pid=152.5 pref=78.0 ppos=62.7 apid=0.0 integ=72.6 vision=1 current=1 vframe=23995 vs=1 vage=12 vpage=12 vdt=33 vmax=266 vacc=23964 vrej=0 seq=0 elapsed=0 oled=3C
[   2265] STATUS mode=3 fault=none enc=106 denc=1 sreq=124 sapplied=124 crate=124 uimp=124310 upos=920 uneg=0 ball=49.63 vball=2.28 aball=13.9 bref=0.00 pid=124.2 pref=78.0 ppos=65.6 apid=0.0 integ=72.6 vision=1 current=1 vframe=23995 vs=1 vage=32 vpage=32 vdt=33 vmax=266 vacc=23964 vrej=0 seq=0 elapsed=0 oled=3C
[   2281] STATUS mode=3 fault=none enc=113 denc=2 sreq=112 sapplied=112 crate=112 uimp=129370 upos=960 uneg=0 ball=49.60 vball=0.91 aball=13.9 bref=0.00 pid=112.3 pref=81.9 ppos=70.6 apid=0.0 integ=79.3 vision=1 current=1 vframe=23997 vs=1 vage=5 vpage=5 vdt=34 vmax=266 vacc=23966 vrej=0 seq=0 elapsed=0 oled=3C
[   2312] STATUS mode=3 fault=none enc=116 denc=2 sreq=92 sapplied=92 crate=92 uimp=131450 upos=980 uneg=0 ball=49.60 vball=0.91 aball=13.9 bref=0.00 pid=91.5 pref=81.9 ppos=72.7 apid=0.0 integ=79.3 vision=1 current=1 vframe=23997 vs=1 vage=25 vpage=25 vdt=34 vmax=266 vacc=23966 vrej=0 seq=0 elapsed=0 oled=3C
[   2342] STATUS mode=3 fault=none enc=117 denc=1 sreq=94 sapplied=94 crate=94 uimp=133365 upos=1000 uneg=0 ball=49.55 vball=0.41 aball=-0.8 bref=0.00 pid=94.5 pref=84.1 ppos=74.6 apid=-0.0 integ=82.5 vision=1 current=1 vframe=23998 vs=1 vage=12 vpage=12 vdt=33 vmax=266 vacc=23967 vrej=0 seq=0 elapsed=0 oled=3C
[   2375] STATUS mode=3 fault=none enc=121 denc=1 sreq=62 sapplied=62 crate=62 uimp=136530 upos=1040 uneg=0 ball=49.39 vball=-1.17 aball=-0.8 bref=0.00 pid=61.9 pref=84.0 ppos=77.8 apid=-0.0 integ=85.8 vision=1 current=1 vframe=23999 vs=1 vage=19 vpage=19 vdt=33 vmax=266 vacc=23968 vrej=0 seq=0 elapsed=0 oled=3C
[   2390] STATUS mode=3 fault=none enc=123 denc=2 sreq=74 sapplied=74 crate=74 uimp=137680 upos=1060 uneg=0 ball=49.30 vball=-1.61 aball=-0.8 bref=0.00 pid=74.1 pref=86.3 ppos=78.9 apid=-0.0 integ=89.1 vision=1 current=1 vframe=24000 vs=1 vage=5 vpage=5 vdt=34 vmax=266 vacc=23969 vrej=0 seq=0 elapsed=0 oled=3C
[   2422] STATUS mode=3 fault=none enc=124 denc=0 sreq=60 sapplied=60 crate=60 uimp=139055 upos=1080 uneg=0 ball=49.30 vball=-1.61 aball=-0.8 bref=0.00 pid=60.3 pref=86.3 ppos=80.3 apid=-0.0 integ=89.1 vision=1 current=1 vframe=24000 vs=1 vage=25 vpage=25 vdt=34 vmax=266 vacc=23969 vrej=0 seq=0 elapsed=0 oled=3C
[   2453] STATUS mode=3 fault=none enc=127 denc=0 sreq=70 sapplied=70 crate=70 uimp=141955 upos=1120 uneg=0 ball=49.27 vball=-1.34 aball=-8.2 bref=0.00 pid=69.9 pref=90.2 ppos=83.2 apid=-0.0 integ=92.5 vision=1 current=1 vframe=24001 vs=1 vage=31 vpage=31 vdt=34 vmax=266 vacc=23970 vrej=0 seq=0 elapsed=0 oled=3C
[   2467] STATUS mode=3 fault=none enc=131 denc=1 sreq=99 sapplied=99 crate=99 uimp=143955 upos=1140 uneg=0 ball=49.32 vball=-0.53 aball=-8.2 bref=0.00 pid=99.2 pref=95.1 ppos=85.2 apid=-0.0 integ=95.8 vision=1 current=1 vframe=24002 vs=1 vage=18 vpage=18 vdt=33 vmax=266 vacc=23971 vrej=0 seq=0 elapsed=0 oled=3C
[   2500] STATUS mode=3 fault=none enc=134 denc=2 sreq=168 sapplied=168 crate=168 uimp=145795 upos=1160 uneg=0 ball=49.59 vball=2.07 aball=-8.2 bref=0.00 pid=167.8 pref=103.8 ppos=87.1 apid=-0.0 integ=98.9 vision=1 current=1 vframe=24003 vs=1 vage=6 vpage=6 vdt=32 vmax=266 vacc=23972 vrej=0 seq=0 elapsed=0 oled=3C
[   2531] STATUS mode=3 fault=none enc=141 denc=1 sreq=145 sapplied=145 crate=145 uimp=151810 upos=1200 uneg=0 ball=49.67 vball=2.21 aball=11.6 bref=0.00 pid=145.2 pref=107.6 ppos=90.2 apid=-0.0 integ=98.9 vision=1 current=1 vframe=24003 vs=1 vage=26 vpage=26 vdt=32 vmax=266 vacc=23972 vrej=0 seq=0 elapsed=0 oled=3C
[   2547] STATUS mode=3 fault=none enc=143 denc=-1 sreq=118 sapplied=118 crate=118 uimp=154500 upos=1220 uneg=0 ball=49.67 vball=2.21 aball=11.6 bref=0.00 pid=118.3 pref=107.6 ppos=95.8 apid=0.0 integ=102.3 vision=1 current=1 vframe=24004 vs=1 vage=32 vpage=32 vdt=34 vmax=266 vacc=23973 vrej=0 seq=0 elapsed=0 oled=3C
[   2578] STATUS mode=3 fault=none enc=148 denc=2 sreq=116 sapplied=116 crate=116 uimp=157030 upos=1240 uneg=0 ball=49.69 vball=1.73 aball=11.6 bref=0.00 pid=116.4 pref=109.9 ppos=98.3 apid=0.0 integ=105.6 vision=1 current=1 vframe=24005 vs=1 vage=19 vpage=19 vdt=33 vmax=266 vacc=23974 vrej=0 seq=0 elapsed=0 oled=3C
[   2608] STATUS mode=3 fault=none enc=152 denc=0 sreq=96 sapplied=96 crate=96 uimp=161375 upos=1280 uneg=0 ball=49.69 vball=1.25 aball=11.6 bref=0.00 pid=96.1 pref=112.3 ppos=102.6 apid=0.0 integ=108.9 vision=1 current=1 vframe=24006 vs=1 vage=26 vpage=26 vdt=33 vmax=266 vacc=23975 vrej=0 seq=0 elapsed=0 oled=3C
[   2640] STATUS mode=3 fault=none enc=155 denc=0 sreq=101 sapplied=101 crate=101 uimp=163400 upos=1300 uneg=0 ball=49.69 vball=0.87 aball=0.3 bref=0.00 pid=101.1 pref=114.8 ppos=104.7 apid=0.0 integ=112.1 vision=1 current=1 vframe=24007 vs=1 vage=13 vpage=13 vdt=33 vmax=266 vacc=23976 vrej=0 seq=0 elapsed=0 oled=3C
[   2656] STATUS mode=3 fault=none enc=157 denc=0 sreq=82 sapplied=82 crate=82 uimp=165275 upos=1320 uneg=0 ball=49.69 vball=0.87 aball=0.3 bref=0.00 pid=82.3 pref=114.8 ppos=106.5 apid=0.0 integ=112.1 vision=1 current=1 vframe=24007 vs=1 vage=33 vpage=33 vdt=33 vmax=266 vacc=23976 vrej=0 seq=0 elapsed=0 oled=3C
[   2687] STATUS mode=3 fault=none enc=163 denc=2 sreq=99 sapplied=99 crate=99 uimp=168940 upos=1360 uneg=0 ball=49.67 vball=0.23 aball=0.3 bref=0.00 pid=99.2 pref=120.1 ppos=110.2 apid=0.0 integ=118.8 vision=1 current=1 vframe=24009 vs=1 vage=6 vpage=6 vdt=34 vmax=266 vacc=23978 vrej=0 seq=0 elapsed=0 oled=3C
[   2717] STATUS mode=3 fault=none enc=165 denc=2 sreq=81 sapplied=81 crate=81 uimp=170780 upos=1380 uneg=0 ball=49.67 vball=0.23 aball=0.3 bref=0.00 pid=80.8 pref=120.1 ppos=112.0 apid=0.0 integ=118.8 vision=1 current=1 vframe=24009 vs=1 vage=26 vpage=26 vdt=34 vmax=266 vacc=23978 vrej=0 seq=0 elapsed=0 oled=3C
[   2733] STATUS mode=3 fault=none enc=168 denc=1 sreq=131 sapplied=131 crate=131 uimp=172985 upos=1400 uneg=0 ball=49.89 vball=2.05 aball=5.5 bref=0.00 pid=130.7 pref=127.3 ppos=114.2 apid=0.0 integ=122.1 vision=1 current=1 vframe=24010 vs=1 vage=13 vpage=13 vdt=33 vmax=266 vacc=23979 vrej=0 seq=0 elapsed=0 oled=3C
[   2765] STATUS mode=3 fault=none enc=173 denc=-1 sreq=116 sapplied=116 crate=116 uimp=177865 upos=1440 uneg=0 ball=49.96 vball=2.04 aball=5.5 bref=0.00 pid=115.5 pref=130.7 ppos=119.1 apid=0.0 integ=125.4 vision=1 current=1 vframe=24011 vs=1 vage=20 vpage=20 vdt=33 vmax=66 vacc=23979 vrej=0 seq=0 elapsed=0 oled=3C
[   2797] STATUS mode=3 fault=none enc=177 denc=1 sreq=116 sapplied=116 crate=116 uimp=180130 upos=1460 uneg=0 ball=49.97 vball=1.56 aball=5.5 bref=0.00 pid=116.4 pref=133.0 ppos=121.4 apid=0.0 integ=128.7 vision=1 current=1 vframe=24012 vs=1 vage=7 vpage=7 vdt=33 vmax=266 vacc=23981 vrej=0 seq=0 elapsed=0 oled=3C
[   2812] STATUS mode=3 fault=none enc=180 denc=2 sreq=95 sapplied=95 crate=95 uimp=182290 upos=1480 uneg=0 ball=49.97 vball=1.56 aball=5.5 bref=0.00 pid=94.8 pref=133.0 ppos=123.6 apid=0.0 integ=128.7 vision=1 current=1 vframe=24012 vs=1 vage=27 vpage=27 vdt=33 vmax=266 vacc=23981 vrej=0 seq=0 elapsed=0 oled=3C
[   2842] STATUS mode=3 fault=none enc=185 denc=1 sreq=84 sapplied=84 crate=84 uimp=186235 upos=1520 uneg=0 ball=49.99 vball=1.27 aball=-0.5 bref=0.00 pid=83.8 pref=135.9 ppos=127.5 apid=-0.0 integ=132.1 vision=1 current=1 vframe=24013 vs=1 vage=33 vpage=age=13 vdt=34 vmax=266 vacc=23982 vrej=0 seq=0 elapsed=0 oled=3C
[   2875] STATUS mode=3 fault=none enc=188 denc=2 sreq=90 sapplied=90 crate=90 uimp=188155 upos=1540 uneg=0 ball=49.99 vball=0.90 aball=-0.5 bref=0.00 pid=90.2 pref=138.4 ppos=129.4 apid=-0.0 integ=135.4 vision=1 current=1 vframe=24014 vs=1 vage=20 vpage=20 vdt=33 vmax=266 vacc=23983 vrej=0 seq=0 elapsed=0 oled=3C
[   2906] STATUS mode=3 fault=none enc=189 denc=0 sreq=102 sapplied=102 crate=102 uimp=189825 upos=1560 uneg=0 ball=49.99 vball=0.59 aball=-0.5 bref=0.00 pid=102.3 pref=141.3 ppos=131.1 apid=-0.0 integ=138.9 vision=1 current=1 vframe=24022 vs=1 vage=5 vpage=5 vdt=35 vmax=266 vacc=23991 vrej=0 seq=0 elapsed=0 oled=3C
[   2922] STATUS mode=3 fault=none enc=193 denc=0 sreq=62 sapplied=62 crate=62 uimp=193230 upos=1600 uneg=0 ball=49.80 vball=-1.32 aball=-11.7 bref=0.00 pid=61.6 pref=140.7 ppos=134.5 apid=-0.0 integ=142.3 vision=1 current=1 vframe=24023 vs=1 vage=11 vpage=11 vdt=34 vmax=266 vacc=23992 vrej=0 seq=0 elapsed=0 oled=3C
[   2953] STATUS mode=3 fault=none enc=195 denc=1 sreq=50 sapplied=50 crate=50 uimp=194380 upos=1620 uneg=0 ball=49.80 vball=-1.32 aball=-11.7 bref=0.00 pid=50.1 pref=140.7 ppos=135.6 apid=-0.0 integ=142.3 vision=1 current=1 vframe=24023 vs=1 vage=31 vpage=31 vdt=34 vmax=266 vacc=23992 vrej=0 seq=0 elapsed=0 oled=3C
[   2983] STATUS mode=3 fault=none enc=196 denc=1 sreq=53 sapplied=53 crate=53 uimp=195515 upos=1640 uneg=0 ball=49.66 vball=-2.16 aball=-11.7 bref=0.00 pid=53.0 pref=142.1 ppos=136.8 apid=-0.0 integ=145.5 vision=1 current=1 vframe=24024 vs=1 vage=18 vpage=18 vdt=33 vmax=266 vacc=23993 vrej=0 seq=0 elapsed=0 oled=3C
[   3015] STATUS mode=3 fault=none enc=199 denc=0 sreq=67 sapplied=67 crate=67 uimp=198015 upos=1680 uneg=0 ball=49.62 vball=-1.85 aball=-11.7 bref=0.00 pid=66.5 pref=145.9 ppos=139.3 apid=-0.0 integ=148.8 vision=1 current=1 vframe=24025 vs=1 vage=25 vpage=25 vdt=33 vmax=266 vacc=23994 vrej=0 seq=0 elapsed=0 oled=3C
[   3031] STATUS mode=3 fault=none enc=202 denc=2 sreq=200 sapplied=200 crate=200 uimp=199765 upos=1700 uneg=0 ball=50.21 vball=3.65 aball=15.9 bref=0.00 pid=200.2 pref=161.0 ppos=141.0 apid=0.0 integ=152.2 vision=1 current=1 vframe=24026 vs=1 vage=11 vpage=11 vdt=34 vmax=266 vacc=23995 vrej=0 seq=0 elapsed=0 oled=3C
[   3062] STATUS mode=3 fault=none enc=205 denc=1 sreq=163 sapplied=163 crate=163 uimp=203480 upos=1720 uneg=0 ball=50.21 vball=3.65 aball=15.9 bref=0.00 pid=163.1 pref=161.0 ppos=144.7 apid=0.0 integ=152.2 vision=1 current=1 vframe=24026 vs=1 vage=31 vpage=31 vdt=34 vmax=266 vacc=23995 vrej=0 seq=0 elapsed=0 oled=3C
[   3092] STATUS mode=3 fault=none enc=212 denc=0 sreq=101 sapplied=101 crate=101 uimp=209390 upos=1760 uneg=0 ball=50.44 vball=3.36 aball=15.9 bref=0.00 pid=101.0 pref=160.7 ppos=150.7 apid=0.0 integ=152.2 vision=1 current=1 vframe=24028 vs=1 vage=5 vpage=5 vdt=33 vmax=266 vacc=23997 vrej=0 seq=0 elapsed=0 oled=3C
[   3108] STATUS mode=3 fault=none enc=215 denc=1 sreq=82 sapplied=82 crate=82 uimp=211265 upos=1780 uneg=0 ball=50.44 vball=3.36 aball=15.9 bref=0.00 pid=82.2 pref=160.7 ppos=152.5 apid=0.0 integ=152.2 vision=1 current=1 vframe=24028 vs=1 vage=25 vpage=25 vdt=33 vmax=266 vacc=23997 vrej=0 seq=0 elapsed=0 oled=3C
[   3140] STATUS mode=3 fault=none enc=216 denc=-1 sreq=48 sapplied=48 crate=48 uimp=212690 upos=1800 uneg=0 ball=50.44 vball=2.38 aball=3.0 bref=0.00 pid=48.4 pref=158.8 ppos=154.0 apid=0.0 integ=152.2 vision=1 current=1 vframe=24029 vs=1 vage=11 vpage=11 vdt=34 vmax=266 vacc=23998 vrej=0 seq=0 elapsed=0 oled=3C
[   3172] STATUS mode=3 fault=none enc=219 denc=-1 sreq=0 sapplied=0 crate=19 uimp=213880 upos=1830 uneg=0 ball=50.43 vball=1.53 aball=3.0 bref=0.00 pid=19.3 pref=157.1 ppos=155.1 apid=0.0 integ=152.2 vision=1 current=1 vframe=24030 vs=1 vage=16 vpage=16 vdt=35 vmax=266 vacc=23999 vrej=0 seq=0 elapsed=0 oled=3C
[   3187] STATUS mode=3 fault=none enc=219 denc=0 sreq=0 sapplied=0 crate=0 uimp=213880 upos=1830 uneg=0 ball=50.40 vball=0.82 aball=3.0 bref=0.00 pid=0.0 pref=155.6 ppos=155.1 apid=0.0 integ=152.2 vision=1 current=1 vframe=24031 vs=1 vage=3 vpage=3 vdt=33 vmax=266 vacc=24000 vrej=0 seq=0 elapsed=0 oled=3C
[   3217] STATUS mode=3 fault=none enc=219 denc=0 sreq=0 sapplied=0 crate=0 uimp=213880 upos=1830 uneg=0 ball=50.40 vball=0.82 aball=3.0 bref=0.00 pid=0.0 pref=155.6 ppos=155.1 apid=0.0 integ=152.2 vision=1 current=1 vframe=24031 vs=1 vage=23 vpage=23 vdt=33 vmax=266 vacc=24000 vrej=0 seq=0 elapsed=0 oled=3C
[   3250] STATUS mode=3 fault=none enc=219 denc=0 sreq=0 sapplied=0 crate=0 uimp=213880 upos=1830 uneg=0 ball=50.37 vball=0.36 aball=-7.3 bref=0.00 pid=0.0 pref=154.7 ppos=155.1 apid=-0.0 integ=152.2 vision=1 current=1 vframe=24032 vs=1 vage=30 vpage=30 vdt=33 vmax=266 vacc=24001 vrej=0 seq=0 elapsed=0 oled=3C
[   3265] STATUS mode=3 fault=none enc=219 denc=0 sreq=0 sapplied=0 crate=0 uimp=213880 upos=1830 uneg=0 ball=50.40 vball=0.46 aball=-7.3 bref=0.00 pid=0.0 pref=154.9 ppos=155.1 apid=-0.0 integ=152.2 vision=1 current=1 vframe=24033 vs=1 vage=18 vpage=18 vdt=32 vmax=266 vacc=24002 vrej=0 seq=0 elapsed=0 oled=3C
[   3297] STATUS mode=3 fault=none enc=219 denc=0 sreq=62 sapplied=62 crate=62 uimp=213880 upos=1830 uneg=0 ball=50.56 vball=1.94 aball=-7.3 bref=0.00 pid=62.5 pref=161.4 ppos=155.1 apid=-0.0 integ=155.6 vision=1 current=1 vframe=24034 vs=1 vage=5 vpage=5 vdt=33 vmax=266 vacc=24003 vrej=0 seq=0 elapsed=0 oled=3C
[   3328] STATUS mode=3 fault=none enc=220 denc=0 sreq=51 sapplied=51 crate=51 uimp=215035 upos=1850 uneg=0 ball=50.56 vball=1.94 aball=-7.3 bref=0.00 pid=50.9 pref=161.4 ppos=156.3 apid=-0.0 integ=155.6 vision=1 current=1 vframe=24034 vs=1 vage=25 vpage=25 vdt=33 vmax=266 vacc=24003 vrej=0 seq=0 elapsed=0 oled=3C
[   3358] STATUS mode=3 fault=none enc=223 denc=0 sreq=72 sapplied=72 crate=72 uimp=217855 upos=1890 uneg=0 ball=50.70 vball=2.58 aball=6.1 bref=0.00 pid=71.7 pref=166.3 ppos=159.1 apid=0.0 integ=159.0 vision=1 current=1 vframe=24035 vs=1 vage=31 vpage=31 vdt=34 vmax=266 vacc=24004 vrej=0 seq=0 elapsed=0 oled=3C
[   3375] STATUS mode=3 fault=none enc=226 denc=1 sreq=72 sapplied=72 crate=72 uimp=219415 upos=1910 uneg=0 ball=50.69 vball=1.72 aball=6.1 bref=0.00 pid=72.2 pref=167.9 ppos=160.7 apid=0.0 integ=162.4 vision=1 current=1 vframe=24036 vs=1 vage=18 vpage=18 vdt=33 vmax=266 vacc=24005 vrej=0 seq=0 elapsed=0 oled=3C
[   3406] STATUS mode=3 fault=none enc=227 denc=0 sreq=83 sapplied=83 crate=83 uimp=220755 upos=1930 uneg=0 ball=50.69 vball=1.21 aball=6.1 bref=0.00 pid=83.1 pref=170.3 ppos=162.0 apid=0.0 integ=165.8 vision=1 current=1 vframe=24037 vs=1 vage=4 vpage=4 vdt=34 vmax=266 vacc=24006 vrej=0 seq=0 elapsed=0 oled=3C
[   3437] STATUS mode=3 fault=none enc=231 denc=0 sreq=80 sapplied=80 crate=80 uimp=223680 upos=1970 uneg=0 ball=50.69 vball=0.85 aball=-4.5 bref=0.00 pid=80.1 pref=172.9 ppos=164.9 apid=-0.0 integ=169.2 vision=1 current=1 vframe=24038 vs=1 vage=11 vpage=11 vdt=33 vmax=266 vacc=24007 vrej=0 seq=0 elapsed=0 oled=3C
[   3453] STATUS mode=3 fault=none enc=233 denc=2 sreq=65 sapplied=65 crate=65 uimp=225165 upos=1990 uneg=0 ball=50.69 vball=0.85 aball=-4.5 bref=0.00 pid=65.2 pref=172.9 ppos=166.4 apid=-0.0 integ=169.2 vision=1 current=1 vframe=24038 vs=1 vage=31 vpage=31 vdt=33 vmax=266 vacc=24007 vrej=0 seq=0 elapsed=0 oled=3C
[   3483] STATUS mode=3 fault=none enc=234 denc=0 sreq=76 sapplied=76 crate=76 uimp=226760 upos=2010 uneg=0 ball=50.68 vball=0.49 aball=-4.5 bref=0.00 pid=76.4 pref=175.7 ppos=168.0 apid=-0.0 integ=172.6 vision=1 current=1 vframe=24039 vs=1 vage=17 vpage=17 vdt=34 vmax=266 vacc=24008 vrej=0 seq=0 elapsed=0 oled=3C
[   3515] STATUS mode=3 fault=none enc=236 denc=-1 sreq=-77 sapplied=-77 crate=-77 uimp=226905 upos=2030 uneg=15 ball=49.87 vball=-6.60 aball=-4.5 bref=0.00 pid=-76.6 pref=160.5 ppos=168.2 apid=-0.0 integ=172.6 vision=1 current=1 vframe=24040 vs=1 vage=24 vpage=24 vdt=33 vmax=266 vacc=24009 vrej=0 seq=0 elapsed=0 oled=3C
[   3547] STATUS mode=3 fault=none enc=234 denc=-1 sreq=0 sapplied=0 crate=-16 uimp=225810 upos=2030 uneg=30 ball=49.89 vball=-4.12 aball=-24.8 bref=0.00 pid=-15.8 pref=165.5 ppos=167.1 apid=-0.0 integ=172.6 vision=1 current=1 vframe=24041 vs=1 vage=11 vpage=11 vdt=33 vmax=266 vacc=24010 vrej=0 seq=0 elapsed=0 oled=3C
[   3562] STATUS mode=3 fault=none enc=234 denc=0 sreq=0 sapplied=0 crate=-16 uimp=225810 upos=2030 uneg=30 ball=49.89 vball=-4.12 aball=-24.8 bref=0.00 pid=-15.8 pref=165.5 ppos=167.1 apid=-0.0 integ=172.6 vision=1 current=1 vframe=24041 vs=1 vage=31 vpage=31 vdt=33 vmax=266 vacc=24010 vrej=0 seq=0 elapsed=0 oled=3C
[   3592] STATUS mode=3 fault=none enc=234 denc=0 sreq=32 sapplied=32 crate=32 uimp=226980 upos=2060 uneg=30 ball=50.16 vball=-0.22 aball=-24.8 bref=0.00 pid=32.1 pref=171.5 ppos=168.2 apid=-0.0 integ=172.6 vision=1 current=1 vframe=24043 vs=1 vage=1 vpage=1 vdt=36 vmax=266 vacc=24012 vrej=0 seq=0 elapsed=0 oled=3C
[   3625] STATUS mode=3 fault=none enc=236 denc=1 sreq=45 sapplied=45 crate=45 uimp=227885 upos=2080 uneg=30 ball=50.16 vball=-0.22 aball=-24.8 bref=0.00 pid=44.7 pref=173.6 ppos=169.1 apid=-0.0 integ=172.6 vision=1 current=1 vframe=24043 vs=1 vage=21 vpage=21 vdt=36 vmax=266 vacc=24012 vrej=0 seq=0 elapsed=0 oled=3C
[   3640] STATUS mode=3 fault=none enc=237 denc=0 sreq=0 sapplied=0 crate=19 uimp=228735 upos=2105 uneg=30 ball=50.08 vball=-1.01 aball=-0.1 bref=0.00 pid=19.5 pref=171.9 ppos=170.0 apid=-0.0 integ=172.6 vision=1 current=1 vframe=24044 vs=1 vage=28 vpage=28 vdt=33 vmax=266 vacc=24013 vrej=0 seq=0 elapsed=0 oled=3C
[   3672] STATUS mode=3 fault=none enc=237 denc=0 sreq=0 sapplied=0 crate=0 uimp=228735 upos=2105 uneg=30 ball=49.99 vball=-1.47 aball=-0.1 bref=0.00 pid=0.0 pref=170.9 ppos=170.0 apid=-0.0 integ=172.6 vision=1 current=1 vframe=24045 vs=1 vage=15 vpage=15 vdt=33 vmax=266 vacc=24014 vrej=0 seq=0 elapsed=0 oled=3C
[   3703] STATUS mode=3 fault=none enc=237 denc=0 sreq=0 sapplied=0 crate=13 uimp=228735 upos=2105 uneg=30 ball=49.97 vball=-1.25 aball=-0.1 bref=0.00 pid=13.3 pref=171.3 ppos=170.0 apid=-0.0 integ=172.6 vision=1 current=1 vframe=24046 vs=1 vage=2 vpage=2 vdt=33 vmax=266 vacc=24015 vrej=0 seq=0 elapsed=0 oled=3C
[   3733] STATUS mode=3 fault=none enc=237 denc=0 sreq=107 sapplied=107 crate=107 uimp=229300 upos=2110 uneg=30=49.97 vball=-1.25 aball=-0.1 bref=0.00 pid=13.3 pref=171.3 ppos=170.0 apid=-0.0 integ=172.6 vision=1 current=1 vframe=24046 vs=1 vage=22 vpage=22 vdt=33 vmax=266 vacc=24015 vrej=0 seq=0 elapsed=0 oled=3C
[   3750] STATUS mode=3 fault=none enc=241 denc=3 sreq=87 sapplied=87 crate=87 uimp=231290 upos=2130 uneg=30 ball=50.46 vball=3.42 aball=19.9 bref=0.00 pid=87.1 pref=181.3 ppos=172.6 apid=0.0 integ=172.6 vision=1 current=1 vframe=24047 vs=1 vage=28 vpage=28 vdt=34 vmax=266 vacc=24016 vrej=0 seq=0 elapsed=0 oled=3C
[   3781] STATUS mode=3 fault=none enc=244 denc=2 sreq=109 sapplied=109 crate=109 uimp=233320 upos=2150 uneg=30 ball=50.62 vball=3.77 aball=19.9 bref=0.00 pid=109.1 pref=185.5 ppos=174.6 apid=0.0 integ=175.9 vision=1 current=1 vframe=24048 vs=1 vage=15 vpage=15 vdt=33 vmax=266 vacc=24017 vrej=0 seq=0 elapsed=0 oled=3C
[   3812] STATUS mode=3 fault=none enc=249 denc=2 sreq=87 sapplied=87 crate=87 uimp=237325 upos=2190 uneg=30 ball=50.66 vball=2.97 aball=19.9 bref=0.00 pid=87.0 pref=187.3 ppos=178.6 apid=0.0 integ=179.3 vision=1 current=1 vframe=ame=24049 vs=1 vage=2 vpage=2 vdt=33 vmax=266 vacc=24018 vrej=0 seq=0 elapsed=0 oled=3C
[   3828] STATUS mode=3 fault=none enc=251 denc=1 sreq=86 sapplied=86 crate=86 uimp=239015 upos=2210 uneg=30 ball=50.66 vball=2.07 aball=4.8 bref=0.00 pid=85.5 pref=188.8 ppos=180.3 apid=0.0 integ=182.6 vision=1 current=1 vframe=24050 vs=1 vage=9 vpage=9 vdt=33 vmax=266 vacc=24019 vrej=0 seq=0 elapsed=0 oled=3C
[   3858] STATUS mode=3 fault=none enc=253 denc=1 sreq=70 sapplied=70 crate=70 uimp=240600 upos=2230 uneg=30 ball=50.66 vball=2.07 aball=4.8 bref=0.00 pid=69.7 pref=188.8 ppos=181.9 apid=0.0 integ=182.6 vision=1 current=1 vframe=24050 vs=1 vage=29 vpage=29 vdt=33 vmax=266 vacc=24019 vrej=0 seq=0 elapsed=0 oled=3C
[   3890] STATUS mode=3 fault=none enc=258 denc=0 sreq=99 sapplied=99 crate=99 uimp=244845 upos=2270 uneg=30 ball=50.90 vball=3.78 aball=4.8 bref=0.00 pid=id=121.4 pref=196.0 ppos=183.9 apid=0.0 integ=186.1 vision=1 current=1 vframe=24051 vs=1 vage=15 vpage=15 vdt=34 vmax=266 vacc=24020 vrej=0 seq=0 elapsed=0 oled=3C
[   3906] STATUS mode=3 fault=none enc=261 denc=1 sreq=97 sapplied=97 crate=97 uimp=246765 upos=2290 uneg=30 ball=51.13 vball=4.51 aball=16.4 bref=0.00 pid=97.1 pref=197.7 ppos=188.0 apid=0.0 integ=186.1 vision=1 current=1 vframe=24052 vs=1 vage=9 vpage=9 vdt=46 vmax=266 vacc=24021 vrej=0 seq=0 elapsed=0 oled=3C
[   3937] STATUS mode=3 fault=none enc=263 denc=0 sreq=73 sapplied=73 crate=73 uimp=248455 upos=2310 uneg=30 ball=51.17 vball=4.11 aball=16.4 bref=0.00 pid=72.6 pref=197.0 ppos=189.7 apid=0.0 integ=186.1 vision=1 current=1 vframe=24053 vs=1 vage=18 vpage=18 vdt=11 vmax=266 vacc=24022 vrej=0 seq=0 elapsed=0 oled=3C
[   3967] STATUS mode=3 fault=none enc=265 denc=0 sreq=32 sapplied=32 crate=32 uimp=250310 upos=2350 uneg=30 ball=51.18 vball=3.00 aball=16.4 bref=0.00 pid=32.0 pref=194.8 ppos=190.8 apid=0.0 integ=186.1 vision=1 current=1 vframe=24054 vs=1 vage=12 vpage=12 vdt=26 vmax=266 vacc=24023 vrej=0 seq=0 elapsed=0 oled=3C
[   4000] STATUS mode=3 fault=none enc=265 denc=0 sreq=0 sapplied=0 crate=13 uimp=250470 upos=2355 uneg=30 ball=51.18 vball=2.11 aball=16.4 bref=0.00 pid=12.6 pref=193.0 ppos=191.7 apid=0.0 integ=186.1 vision=1 current=1 vframe=24055 vs=1 vage=19 vpage=19 vdt=33 vmax=266 vacc=24024 vrej=0 seq=0 elapsed=0 oled=3C
[   4015] STATUS mode=3 fault=none enc=265 denc=0 sreq=0 sapplied=0 crate=0 uimp=250470 upos=2355 uneg=30 ball=51.17 vball=1.40 aball=-4.5 bref=0.00 pid=0.0 pref=191.6 ppos=191.7 apid=-0.0 integ=186.1 vision=1 current=1 vframe=24056 vs=1 vage=5 vpage=5 vdt=34 vmax=266 vacc=24025 vrej=0 seq=0 elapsed=0 oled=3C
[   4047] STATUS mode=3 fault=none enc=265 denc=0 sreq=0 sapplied=0 crate=0 uimp=250470 upos=2355 uneg=30 ball=51.17 vball=1.40 aball=-4.5 bref=0.00 pid=0.0 pref=191.6 ppos=191.7 apid=-0.0 integ=186.1 vision=1 current=1 vframe=24056 vs=1 vage=25 vpage=25 vdt=34 vmax=266 vacc=24025 vrej=0 seq=0 elapsed=0 oled=3C
[   4078] STATUS mode=3 fault=none enc=265 denc=0 sreq=0 sapplied=0 crate=-12 uimp=250470 upos=2355 uneg=30 ball=50.46 vball=-6.34 aball=-4.5 bref=0.00 pid=-12.0 pref=190.5 ppos=191.7 apid=-0.0 integ=186.1 vision=1 current=1 vframe=24058 vs=1 vage=1 vpage=1 vdt=33 vmax=266 vacc=24027 vrej=0 seq=0 elapsed=0 oled=3C
[   4092] STATUS mode=3 fault=none enc=264 denc=-1 sreq=-149 sapplied=-149 crate=-149 uimp=248860 upos=2355 uneg=40 ball=50.46 vball=-6.34 aball=-4.5 bref=0.00 pid=-148.9 pref=175.2 ppos=190.1 apid=-0.0 integ=186.1 vision=1 current=1 vframe=24058 vs=1 vage=21 vpage=21 vdt=33 vmax=266 vacc=24027 vrej=0 seq=0 elapsed=0 oled=3C
[   4125] STATUS mode=3 fault=none enc=258 denc=-2 sreq=-99 sapplied=-99 crate=-99 uimp=243850 upos=2355 uneg=80 ball=50.46 vball=-6.34 aball=-4.5 bref=0.00 pid=-98.8 pref=175.2 ppos=185.1 apid=-0.0 integ=teg=186.1 vision=1 current=0 vframe=24059 vs=0 vage=41 vpage=7 vdt=33 vmax=266 vacc=24027 vrej=0 seq=0 elapsed=0 oled=3C
[   4156] STATUS mode=3 fault=none enc=255 denc=-2 sreq=-126 sapplied=-126 crate=-126 uimp=241520 upos=2355 uneg=100 ball=49.68 vball=-8.41 aball=-35.6 bref=0.00 pid=-126.3 pref=170.2 ppos=182.8 apid=-0.0 integ=186.1 vision=1 current=1 vframe=24060 vs=1 vage=12 vpage=12 vdt=69 vmax=266 vacc=24028 vrej=0 seq=0 elapsed=0 oled=3C
[   4187] STATUS mode=3 fault=none enc=253 denc=0 sreq=-103 sapplied=-103 crate=-103 uimp=239180 upos=2355 uneg=120 ball=49.68 vball=-8.41 aball=-35.6 bref=0.00 pid=-102.9 pref=170.2 ppos=180.4 apid=-0.0 integ=186.1 vision=1 current=1 vframe=24060 vs=1 vage=32 vpage=32 vdt=69 vmax=266 vacc=24028 vrej=0 seq=0 elapsed=0 oled=3C
[   4203] STATUS mode=3 fault=none enc=260 denc=2 sreq=307 sapplied=307 crate=307 uimp=245370 upos=2380 uneg=125 ball=52.33 vball=13.58 aball=-35.6 bref=0.00 pid=306.8 pref=217.3 ppos=186.6 apid=-0.0 integ=-0.0 vision=1 current=1 vframe=24062 vs=1 vage=6 vpage=6 vdt=33 vmax=266 vacc=24030 vrej=0 seq=0 elapsed=0 oled=3C
[   4233] STATUS mode=3 fault=none enc=266 denc=2 sreq=250 sapplied=250 crate=250 uimp=251060 upos=2400 uneg=125 ball=52.33 vball=13.58 aball=-35.6 bref=0.00 pid=249.9 pref=217.3 ppos=192.3 apid=-0.0 integ=-0.0 vision=1 current=1 vframe=24062 vs=1 vage=26 vpage=26 vdt=33 vmax=266 vacc=24030 vrej=0 seq=0 elapsed=0 oled=3C
[   4265] STATUS mode=3 fault=none enc=272 denc=1 sreq=156 sapplied=156 crate=156 uimp=255445 upos=2420 uneg=125 ball=52.49 vball=10.99 aball=66.8 bref=0.00 pid=156.2 pref=212.3 ppos=196.7 apid=0.0 integ=-0.0 vision=1 current=1 vframe=24063 vs=1 vage=11 vpage=11 vdt=35 vmax=266 vacc=24031 vrej=0 seq=0 elapsed=0 oled=3C
[   4297] STATUS mode=3 fault=none enc=276 denc=-1 sreq=-53 sapplied=-53 crate=-53 uimp=258830 upos=2450 uneg=130 ball=51.91 vball=2.57 aball=66.8 bref=0.00 pid=-53.0 pref=194.8 ppos=200.1 apid=0.0 integ=-0.0 vision=1 current=1 vframe=24064 vs=1 vage=18 vpage=18 vdt=33 vmax=266 vacc=24032 vrej=0 seq=0 elapsed=0 oled=3C
[   4312] STATUS mode=3 fault=none enc=275 denc=-2 sreq=-145 sapplied=-145 crate=-145 uimp=257850 upos=2450 uneg=150 ball=51.33 vball=-3.47 aball=66.8 bref=0.00 pid=-171.0 pref=182.0 ppos=199.1 apid=0.0 integ=-0.0 vision=1 current=1 vframe=24065 vs=1 vage=5 vpage=5 vdt=33 vmax=266 vacc=24033 vrej=0 seq=0 elapsed=0 oled=3C
[   4342] STATUS mode=3 fault=none enc=273 denc=-1 sreq=-140 sapplied=-140 crate=-140 uimp=254785 upos=2450 uneg=170 ball=51.33 vball=-3.47 aball=66.8 bref=0.00 pid=-140.3 pref=182.0 ppos=196.0 apid=0.0 integ=-0.0 vision=1 current=1 vframe=24065 vs=1 vage=25 vpage=25 vdt=33 vmax=266 vacc=24033 vrej=0 seq=0 elapsed=0 oled=3C
[   4375] STATUS mode=3 fault=none enc=267 denc=0 sreq=-103 sapplied=-103 crate=-103 uimp=249150 upos=2450 uneg=210 ball=50.96 vball=-4.22 aball=-36.8 bref=0.00 pid=-103.4 pref=180.1 ppos=190.4 apid=-0.0 integ=-0.0 vision=1 current=1 vframe=24067 vs=1 vage=2 vpage=2 vdt=31 vmax=266 vacc=24035 vrej=0 seq=0 elapsed=0 oled=3C
[   4406] STATUS mode=3 fault=none enc=265 denc=1 sreq=-84 sapplied=-84 crate=-84 uimp=247235 upos=2450 uneg=230 ball=50.96 vball=-4.22 aball=-36.8 bref=0.00 pid=-84.3 pref=180.1 ppos=188.5 apid=-0.0 integ=-0.0 vision=1 current=1 vframe=24067 vs=1 vage=22 vpage=22 vdt=31 vmax=266 vacc=24035 vrej=0 seq=0 elapsed=0 oled=3C
[   4422] STATUS mode=3 fault=none enc=262 denc=0 sreq=-37 sapplied=-37 crate=-37 uimp=244835 upos=2450 uneg=270 ball=50.95 vball=-3.05 aball=-36.8 bref=0.00 pid=-37.0 pref=182.4 ppos=186.1 apid=-0.0 integ=-0.0 vision=1 current=1 vframe=24068 vs=1 vage=26 vpage=26 vdt=36 vmax=266 vacc=24036 vrej=0 seq=0 elapsed=0 oled=3C
[   4453] STATUS mode=3 fault=none enc=260 denc=-1 sreq=-111 sapplied=-111 crate=-111 uimp=243275 upos=2450 uneg=290 ball=50.41 vball=-7.23 aball=-30.1 bref=0.00 pid=-111.5 pref=173.4 ppos=184.5 apid=-0.0 integ=-0.0 vision=1 current=1 vframe=24069 vs=1 vage=13 vpage=13 vdt=33 vmax=266 vacc=24037 vrej=0 seq=0 elapsed=0 oled=3C
[   4483] STATUS mode=3 fault=none enc=257 denc=-1 sreq=-91 sapplied=-91 crate=-91 uimp=241205 upos=2450 uneg=310 ball=50.41 vball=-7.23 aball=-30.1 bref=0.00 pid=-90.8 pref=173.4 ppos=182.5 apid=-0.0 integ=-0.0 vision=1 current=1 vframe=24069 vs=1 vage=33 vpage=33 vdt=33 vmax=266 vacc=24037 vrej=0 seq=0 elapsed=0 oled=3C
[   4515] STATUS mode=3 fault=none enc=251 denc=-1 sreq=-81 sapplied=-81 crate=-81 uimp=236200 upos=2450 uneg=350 ball=49.64 vball=-8.80 aball=-30.1 bref=0.00 pid=-81.4 pref=169.3 ppos=177.5 apid=-0.0 integ=-0.0 vision=1 current=1 vframe=24071 vs=1 vage=5 vpage=5 vdt=34 vmax=266 vacc=24039 vrej=0 seq=0 elapsed=0 oled=3C
[   4531] STATUS mode=3 fault=none enc=249 denc=0 sreq=-66 sapplied=-66 crate=-66 uimp=234695 upos=2450 uneg=370 ball=49.64 vball=-8.80 aball=-30.1 bref=0.00 pid=-66.3 pref=169.3 ppos=176.0 apid=-0.0 integ=-0.0 vision=1 current=1 vframe=24071 vs=1 vage=25 vpage=25 vdt=34 vmax=266 vacc=24039 vrej=0 seq=0 elapsed=0 oled=3C
[   4562] STATUS mode=3 fault=none enc=248 denc=0 sreq=0 sapplied=0 crate=-13 uimp=234050 upos=2450 uneg=380 ball=49.62 vball=-6.42 aball=-13.0 bref=0.00 pid=-12.5 pref=174.1 ppos=175.3 apid=-0.0 integ=-0.0 vision=1 current=1 vframe=24072 vs=1 vage=12 vpage=12 vdt=33 vmax=266 vacc=24040 vrej=0 seq=0 elapsed=0 oled=3C
[   4592] STATUS mode=3 fault=none enc=248 denc=0 sreq=29 sapplied=29 crate=29 uimp=234360 upos=2460 uneg=380 ball=49.65 vball=-4.23 aball=-13.0 bref=0.00 pid=28.6 pref=178.5 ppos=175.6 apid=-0.0 integ=-0.0 vision=1 current=1 vframe=24073 vs=1 vage=19 vpage=19 vdt=33 vmax=266 vacc=24041 vrej=0 seq=0 elapsed=0 oled=3C
[   4625] STATUS mode=3 fault=none enc=249 denc=1 sreq=50 sapplied=50 crate=50 uimp=235030 upos=2480 uneg=380 ball=49.66 vball=-2.84 aball=-13.0 bref=0.00 pid=49.8 pref=181.3 ppos=176.3 apid=-0.0 integ=-0.0 vision=1 current=1 vframe=24074 vs=1 vage=7 vpage=7 vdt=32 vmax=266 vacc=24042 vrej=0 seq=0 elapsed=0 oled=3C
[   4640] STATUS mode=3 fault=none enc=250 denc=1 sreq=41 sapplied=41 crate=41 uimp=235955 upos=2500 uneg=380 ball=49.66 vball=-2.84 aball=-13.0 bref=0.00 pid=40.5 pref=181.3 ppos=177.2 apid=-0.0 integ=-0.0 vision=1 current=1 vframe=24074 vs=1 vage=27 vpage=27 vdt=32 vmax=266 vacc=24042 vrej=0 seq=0 elapsed=0 oled=3C
[   4672] STATUS mode=3 fault=none enc=251 denc=0 sreq=43 sapplied=43 crate=43 uimp=237885 upos=2540 uneg=380 ball=49.82 vball=-0.12 aball=14.3 bref=0.00 pid=42.6 pref=183.4 ppos=179.1 apid=0.0 integ=-0.0 vision=1 current=1 vframe=24076 vs=1 vage=1 vpage=1 vdt=34 vmax=266 vacc=24044 vrej=0 seq=0 elapsed=0 oled=3C
[   4703] STATUS mode=3 fault=none enc=254 denc=0 sreq=65 sapplied=65 crate=65 uimp=239175 upos=2560 uneg=380 ball=49.82 vball=-0.12 aball=14.3 bref=0.00 pid=64.6 pref=186.9 ppos=180.4 apid=0.0 integ=-0.0 vision=1 current=1 vframe=24076 vs=1 vage=21 vpage=21 vdt=34 vmax=266 vacc=24044 vrej=0 seq=0 elapsed=0 oled=3C
[   4717] STATUS mode=3 fault=none enc=255 denc=0 sreq=62 sapplied=62 crate=62 uimp=240420 upos=2580 uneg=380 ball=49.87 vball=0.32 aball=14.3 bref=0.00 pid=61.6 pref=187.8 ppos=181.7 apid=0.0 integ=-0.0 vision=1 current=1 vframe=24077 vs=1 vage=8 vpage=8 vdt=33 vmax=266 vacc=24045 vrej=0 seq=0 elapsed=0 oled=3C
[   4750] STATUS mode=3 fault=none enc=258 denc=1 sreq=42 sapplied=42 crate=42 uimp=242505 upos=2620 uneg=380 ball=49.88 vball=0.36 aball=17.6 bref=0.00 pid=41.7 pref=187.9 ppos=183.8 apid=0.0 integ=-0.0 vision=1 current=1 vframe=24078 vs=1 vage=15 vpage=15 vdt=33 vmax=266 vacc=24046 vrej=0 seq=0 elapsed=0 oled=3C
[   4781] STATUS mode=3 fault=none enc=259 denc=2 sreq=34 sapplied=34 crate=34 uimp=243285 upos=2640 uneg=380 ball=49.89 vball=0.28 aball=17.6 bref=0.00 pid=33.9 pref=187.9 ppos=184.5 apid=0.0 integ=-0.0 vision=1 current=1 vframe=24079 vs=1 vage=1 vpage=1 vdt=34 vmax=266 vacc=24047 vrej=0 seq=0 elapsed=0 oled=3C
[   4812] STATUS mode=3 fault=none enc=259 denc=0 sreq=26 sapplied=26 crate=26 uimp=243895 upos=2660 uneg=380 ball=49.89 vball=0.28 aball=17.6 bref=0.00 pid=26.3 pref=187.8 ppos=185.2 apid=0.0 integ=-0.0 vision=1 current=1 vframe=24079 vs=1 vage=21 vpage=21 vdt=34 vmax=266 vacc=24047 vrej=0 seq=0 elapsed=0 oled=3C
[   4828] STATUS mode=3 fault=none enc=260 denc=0 sreq=0 sapplied=0 crate=19 uimp=244475 upos=2685 uneg=380 ball=49.89 vball=0.20 aball=17.6 bref=0.00 pid=18.9 pref=187.6 ppos=185.7 apid=0.0 integ=-0.0 vision=1 current=1 vframe=24080 vs=1 vage=28 vpage=28 vdt=33 vmax=266 vacc=24048 vrej=0 seq=0 elapsed=0 oled=3C
[   4858] STATUS mode=3 fault=none enc=260 denc=0 sreq=46 sapplied=46 crate=46 uimp=244975 upos=2695 uneg=380 ball=49.88 vball=0.13 aball=8.6 bref=0.00 pid=46.3 pref=190.9 ppos=186.2 apid=0.0 integ=3.4 vision=1 current=1 vframe=24088 vs=1 vage=14 vpage=14 vdt=34 vmax=266 vacc=24056 vrej=0 seq=0 elapsed=0 oled=3C
[   4890] STATUS mode=3 fault=none enc=261 denc=1 sreq=38 sapplied=38 crate=38 uimp=245835 upos=2715 uneg=380 ball=49.88 vball=0.08 aball=8.6 bref=0.00 pid=37.7 pref=190.9 ppos=187.1 apid=0.0 integ=3.4 vision=1 current=1 vframe=24089 vs=1 vage=1 vpage=1 vdt=33 vmax=266 vacc=24057 vrej=0 seq=0 elapsed=0 oled=3C
[   4906] STATUS mode=3 fault=none enc=265 denc=1 sreq=79 sapplied=79 crate=79 uimp=248230 upos=2755 uneg=380 ball=49.88 vball=0.05 aball=8.6 bref=0.00 pid=79.0 pref=197.4 ppos=189.5 apid=0.0 integ=10.1 vision=1 current=1 vframe=24090 vs=1 vage=7 vpage=7 vdt=34 vmax=266 vacc=24058 vrej=0 seq=0 elapsed=0 oled=3C
[   4937] STATUS mode=3 fault=none enc=267 denc=1 sreq=64 sapplied=64 crate=64 uimp=249695 upos=2775 uneg=380 ball=49.88 vball=0.05 aball=8.6 bref=0.00 pid=64.3 pref=197.4 ppos=191.0 apid=0.0 integ=10.1 vision=1 current=1 vframe=24090 vs=1 vage=27 vpage=27 vdt=34 vmax=266 vacc=24058 vrej=0 seq=0 elapsed=0 oled=3C
[   4967] STATUS mode=3 fault=none enc=268 denc=-1 sreq=82 sapplied=82 crate=82 uimp=251205 upos=2795 uneg=380 ball=49.88 vball=0.03 aball=4.3 bref=0.00 pid=81.7 pref=200.6 ppos=192.5 apid=0.0 integ=13.4 vision=1 current=1 vframe=24091 vs=1 vage=14 vpage=14 vdt=33 vmax=266 vacc=24059 vrej=0 seq=0 elapsed=0 oled=3C
[   4983] STATUS mode=3 fault=none enc=272 denc=1 sreq=105 sapplied=105 crate=105 uimp=254805 upos=2835 uneg=380 ball=50.02 vball=1.26 aball=4.3 bref=0.00 pid=105.0 pref=206.6 ppos=196.1 apid=0.0 integ=16.7 vision=1 current=1 vframe=24092 vs=1 vage=21 vpage=21 vdt=33 vmax=266 vacc=24060 vrej=0 seq=0 elapsed=0 oled=3C
[   5015] STATUS mode=3 fault=none enc=275 denc=1 sreq=119 sapplied=119 crate=119 uimp=256930 upos=2855 uneg=380 ball=50.07 vball=1.27 aball=4.3 bref=0.00 pid=118.6 pref=210.1 ppos=198.2 apid=0.0 integ=20.1 vision=1 current=1 vframe=24093 vs=1 vage=7 vpage=7 vdt=34 vmax=266 vacc=24061 vrej=0 seq=0 elapsed=0 oled=3C
[   5047] STATUS mode=3 fault=none enc=278 denc=1 sreq=97 sapplied=97 crate=97 uimp=259135 upos=2875 uneg=380 ball=50.07 vball=1.27 aball=4.3 bref=0.00 pid=96.6 pref=210.1 ppos=200.4 apid=0.0 integ=20.1 vision=1 current=1 vframe=24093 vs=1 vage=27 vpage=27 vdt=34 vmax=266 vacc=24061 vrej=0 seq=0 elapsed=0 oled=3C
[   5078] STATUS mode=3 fault=none enc=282 denc=-1 sreq=84 sapplied=84 crate=84 uimp=263105 upos=2915 uneg=380 ball=50.06 vball=0.58 aball=6.6 bref=0.00 pid=84.1 pref=212.8 ppos=204.4 apid=0.0 integ=23.4 vision=1 current=1 vframe=24095 vs=1 vage=1 vpage=1 vdt=33 vmax=266 vacc=24063 vrej=0 seq=0 elapsed=0 oled=3C
[   5092] STATUS mode=3 fault=none enc=285 denc=-1 sreq=90 sapplied=90 crate=90 uimp=265025 upos=2935 uneg=380 ball=50.06 vball=0.58 aball=6.6 bref=0.00 pid=89.9 pref=215.3 ppos=206.3 apid=0.0 integ=26.7 vision=1 current=1 vframe=24095 vs=1 vage=21 vpage=21 vdt=33 vmax=266 vacc=24063 vrej=0 seq=0 elapsed=0 oled=3C
[   5125] STATUS mode=3 fault=none enc=288 denc=1 sreq=100 sapplied=100 crate=100 uimp=266830 upos=2955 uneg=380 ball=50.06 vball=0.34 aball=6.6 bref=0.00 pid=100.0 pref=218.1 ppos=208.1 apid=0.0 integ=30.0 vision=1 current=1 vframe=24096 vs=1 vage=8 vpage=8 vdt=33 vmax=266 vacc=24064 vrej=0 seq=0 elapsed=0 oled=3C
[   5156] STATUS mode=3 fault=none enc=292 denc=0 sreq=93 sapplied=93 crate=93 uimp=270480 upos=2995 uneg=380 ball=50.04 vball=0.11 aball=-0.2 bref=0.00 pid=92.7 pref=221.0 ppos=211.7 apid=-0.0 integ=33.4 vision=1 current=1 vframe=24097 vs=1 vage=14 vpage=14 vdt=34 vmax=266 vacc=24065 vrej=0 seq=0 elapsed=0 oled=3C
[   5172] STATUS mode=3 fault=none enc=294 denc=0 sreq=76 sapplied=76 crate=76 uimp=272200 upos=3015 uneg=380 ball=50.04 vball=0.03 aball=-0.2 bref=0.00 pid=75.5 pref=221.0 ppos=213.5 apid=-0.0 integ=33.4 vision=1 current=1 vframe=24098 vs=1 vage=1 vpage=1 vdt=33 vmax=266 vacc=24066 vrej=0 seq=0 elapsed=0 oled=3C
[   5203] STATUS mode=3 fault=none enc=298 denc=3 sreq=88 sapplied=88 crate=88 uimp=274050 upos=3035 uneg=380 ball=50.04 vball=0.03 aball=-0.2 bref=0.00 pid=88.5 pref=224.2 ppos=215.3 apid=-0.0 integ=36.7 vision=1 current=1 vframe=24098 vs=1 vage=21 vpage=21 vdt=33 vmax=266 vacc=24066 vrej=0 seq=0 elapsed=0 oled=3C
[   5233] STATUS mode=3 fault=none enc=301 denc=0 sreq=84 sapplied=84 crate=84 uimp=277760 upos=3075 uneg=380 ball=50.03 vball=-0.00 aball=-0.2 bref=0.00 pid=83.7 pref=227.4 ppos=219.0 apid=-0.0 integ=40.0 vision=1 current=1 vframe=24099 vs=1 vage=28 vpage=28 vdt=33 vmax=266 vacc=24067 vrej=0 seq=0 elapsed=0 oled=3C
[   5265] STATUS mode=3 fault=none enc=303 denc=-1 sreq=95 sapplied=95 crate=95 uimp=279600 upos=3095 uneg=380 ball=50.01 vball=-0.20 aball=-1.5 bref=0.00 pid=95.0 pref=230.4 ppos=220.9 apid=-0.0 integ=43.4 vision=1 current=1 vframe=24100 vs=1 vage=14 vpage=14 vdt=34 vmax=266 vacc=24068 vrej=0 seq=0 elapsed=0 oled=3C
[   5281] STATUS mode=3 fault=none enc=306 denc=1 sreq=77 sapplied=77 crate=77 uimp=281360 upos=3115 uneg=380 ball=49.99 vball=-0.36 aball=-1.5 bref=0.00 pid=77.4 pref=230.4 ppos=222.6 apid=-0.0 integ=43.4 vision=1 current=1 vframe=24101 vs=1 vage=1 vpage=1 vdt=33 vmax=266 vacc=24069 vrej=0 seq=0 elapsed=0 oled=3C
[   5312] STATUS mode=3 fault=none enc=310 denc=1 sreq=88 sapplied=88 crate=88 uimp=284940 upos=3155 uneg=380 ball=49.90 vball=-1.14 aball=-1.5 bref=0.00 pid=88.4 pref=235.0 ppos=226.2 apid=-0.0 integ=50.1 vision=1 current=1 vframe=24102 vs=1 vage=7 vpage=7 vdt=34 vmax=266 vacc=24070 vrej=0 seq=0 elapsed=0 oled=3C
[   5342] STATUS mode=3 fault=none enc=311 denc=-1 sreq=72 sapplied=72 crate=72 uimp=286580 upos=3175 uneg=380 ball=49.90 vball=-1.14 aball=-1.5 bref=0.00 pid=72.0 pref=235.0 ppos=227.8 apid=-0.0 integ=50.1 vision=1 current=1 vframe=24102 vs=1 vage=27 vpage=27 vdt=34 vmax=266 vacc=24070 vrej=0 seq=0 elapsed=0 oled=3C
[   5358] STATUS mode=3 fault=none enc=314 denc=1 sreq=75 sapplied=75 crate=75 uimp=288085 upos=3195 uneg=380 ball=49.78 vball=-1.83 aball=-8.2 bref=0.00 pid=74.6 pref=236.8 ppos=229.3 apid=-0.0 integ=53.4 vision=1 current=1 vframe=24103 vs=1 vage=14 vpage=14 vdt=33 vmax=266 vacc=24071 vrej=0 seq=0 elapsed=0 oled=3C
[   5390] STATUS mode=3 fault=none enc=318 denc=2 sreq=84 sapplied=84 crate=84 uimp=291180 upos=3235 uneg=380 ball=49.76 vball=-1.42 aball=-8.2 bref=0.00 pid=84.4 pref=240.9 ppos=232.4 apid=-0.0 integ=56.7 vision=1 current=1 vframe=24104 vs=1 vage=21 vpage=21 vdt=33 vmax=266 vacc=24072 vrej=0 seq=0 elapsed=0 oled=3C
[   5422] STATUS mode=3 fault=none enc=320 denc=1 sreq=111 sapplied=111 crate=111 uimp=292965 upos=3255 uneg=380 ball=49.77 vball=-0.90 aball=-8.2 bref=0.00 pid=111.0 pref=245.3 ppos=234.2 apid=-0.0 integ=60.0 vision=1 current=1 vframe=24105 vs=1 vage=7 vpage=7 vdt=34 vmax=266 vacc=24073 vrej=0 seq=0 elapsed=0 oled=3C
[   5453] STATUS mode=3 fault=none enc=323 denc=2 sreq=90 sapplied=90 crate=90 uimp=295020 upos=3275 uneg=380 ball=49.77 vball=-0.90 aball=-8.2 bref=0.00 pid=90.4 pref=245.3 ppos=236.3 apid=-0.0 integ=60.0 vision=1 current=1 vframe=24105 vs=1 vage=27 vpage=27 vdt=34 vmax=266 vacc=24073 vrej=0 seq=0 elapsed=0 oled=3C
[   5467] STATUS mode=3 fault=none enc=328 denc=1 sreq=90 sapplied=90 crate=90 uimp=299140 upos=3315 uneg=380 ball=49.81 vball=-0.13 aball=1.2 bref=0.00 pid=90.0 pref=249.4 ppos=240.4 apid=0.0 integ=63.4 vision=1 current=1 vframe=24107 vs=1 vage=1 vpage=1 vdt=32 vmax=266 vacc=24075 vrej=0 seq=0 elapsed=0 oled=3C
[   5500] STATUS mode=3 fault=none enc=331 denc=1 sreq=108 sapplied=108 crate=108 uimp=301390 upos=3335 uneg=380 ball=49.81 vball=-0.13 aball=1.2 bref=0.00 pid=108.3 pref=253.5 ppos=242.7 apid=0.0 integ=66.6 vision=1 current=1 vframe=24107 vs=1 vage=21 vpage=21 vdt=32 vmax=266 vacc=24075 vrej=0 seq=0 elapsed=0 oled=3C
[   5531] STATUS mode=3 fault=none enc=333 denc=0 sreq=149 sapplied=149 crate=149 uimp=303720 upos=3355 uneg=380 ball=49.97 vball=1.33 aball=1.2 bref=0.00 pid=149.1 pref=259.9 ppos=245.0 apid=0.0 integ=69.9 vision=1 current=1 vframe=24108 vs=1 vage=8 vpage=8 vdt=33 vmax=266 vacc=24076 vrej=0 seq=0 elapsed=0 oled=3C
[   5547] STATUS mode=3 fault=none enc=341 denc=1 sreq=130 sapplied=130 crate=130 uimp=309075 upos=3395 uneg=380 ball=50.03 vball=1.38 aball=9.5 bref=0.00 pid=130.3 pref=263.4 ppos=250.3 apid=0.0 integ=73.2 vision=1 current=1 vframe=24109 vs=1 vage=15 vpage=15 vdt=33 vmax=266 vacc=24077 vrej=0 seq=0 elapsed=0 oled=3C
[   5578] STATUS mode=3 fault=none enc=344 denc=1 sreq=133 sapplied=133 crate=133 uimp=311495 upos=3415 uneg=380 ball=50.04 vball=1.07 aball=9.5 bref=0.00 pid=133.1 pref=266.1 ppos=252.8 apid=0.0 integ=76.5 vision=1 current=1 vframe=24110 vs=1 vage=2 vpage=2 vdt=33 vmax=266 vacc=24078 vrej=0 seq=0 elapsed=0 oled=3C
[   5608] STATUS mode=3 fault=none enc=347 denc=0 sreq=108 sapplied=108 crate=108 uimp=313960 upos=3435 uneg=380 ball=50.04 vball=1.07 aball=9.5 bref=0.00 pid=108.4 pref=266.1 ppos=255.2 apid=0.0 integ=76.5 vision=1 current=1 vframe=24110 vs=1 vage=22 vpage=22 vdt=33 vmax=266 vacc=24078 vrej=0 seq=0 elapsed=0 oled=3C
[   5640] STATUS mode=3 fault=none enc=352 denc=1 sreq=96 sapplied=96 crate=96 uimp=318155 upos=3475 uneg=380 ball=50.04 vball=0.74 aball=9.5 bref=0.00 pid=95.9 pref=269.0 ppos=259.4 apid=0.0 integ=80.1 vision=1 current=1 vframe=24111 vs=1 vage=26 vpage=26 vdt=36 vmax=266 vacc=24079 vrej=0 seq=0 elapsed=0 oled=3C
[   5656] STATUS mode=3 fault=none enc=354 denc=1 sreq=78 sapplied=78 crate=78 uimp=319930 upos=3495 uneg=380 ball=49.89 vball=-0.83 aball=-4.5 bref=0.00 pid=77.9 pref=269.0 ppos=261.2 apid=-0.0 integ=83.4 vision=1 current=1 vframe=24112 vs=1 vage=13 vpage=13 vdt=33 vmax=266 vacc=24080 vrej=0 seq=0 elapsed=0 oled=3C
[   5687] STATUS mode=3 fault=none enc=357 denc=0 sreq=57 sapplied=57 crate=57 uimp=322670 upos=3535 uneg=380 ball=49.74 vball=-1.97 aball=-4.5 bref=0.00 pid=56.7 pref=269.6 ppos=263.9 apid=-0.0 integ=86.5 vision=1 current=1 vframe=24113 vs=1 vage=2 vpage=2 vdt=31 vmax=266 vacc=24081 vrej=0 seq=0 elapsed=0 oled=3C
[   5717] STATUS mode=3 fault=none enc=358 denc=0 sreq=83 sapplied=83 crate=83 uimp=323915 upos=3555 uneg=380 ball=49.70 vball=-1.65 aball=-4.5 bref=0.00 pid=83.0 pref=273.5 ppos=265.2 apid=-0.0 integ=89.8 vision=1 current=1 vframe=24114 vs=1 vage=9 vpage=9 vdt=33 vmax=266 vacc=24082 vrej=0 seq=0 elapsed=0 oled=3C
[   5733] STATUS mode=3 fault=none enc=360 denc=0 sreq=68 sapplied=68 crate=68 uimp=325455 upos=3575 uneg=380 ball=49.70 vball=-1.65 aball=-4.5 bref=0.00 pid=67.6 pref=273.5 ppos=266.7 apid=-0.0 integ=89.8 vision=1 current=1 vframe=24114 vs=1 vage=29 vpage=29 vdt=33 vmax=266 vacc=24082 vrej=0 seq=0 elapsed=0 oled=3C
[   5765] STATUS mode=3 fault=none enc=365 denc=0 sreq=152 sapplied=152 crate=152 uimp=329285 upos=3615 uneg=380 ball=49.94 vball=1.00 aball=-0.8 bref=0.00 pid=152.0 pref=285.7 ppos=270.5 apid=-0.0 integ=96.5 vision=1 current=1 vframe=24116 vs=1 vage=2 vpage=2 vdt=33 vmax=266 vacc=24084 vrej=0 seq=0 elapsed=0 oled=3C
[   5797] STATUS mode=3 fault=none enc=369 denc=1 sreq=124 sapplied=124 crate=124 uimp=332100 upos=3635 uneg=380 ball=49.94 vball=1.00 aball=-0.8 bref=0.00 pid=123.8 pref=285.7 ppos=273.4 apid=-0.0 integ=96.5 vision=1 current=1 vframe=24116 vs=1 vage=22 vpage=22 vdt=33 vmax=266 vacc=24084 vrej=0 seq=0 elapsed=0 oled=3C
[   5828] STATUS mode=3 fault=none enc=372 denc=0 sreq=257 sapplied=257 crate=257 uimp=334930 upos=3655 uneg=380 ball=50.73 vball=8.59 aball=-0.8 bref=0.00 pid=256.8 pref=301.9 ppos=276.2 apid=-0.0 integ=96.5 vision=1 current=1 vframe=24117 vs=1 vage=8 vpage=8 vdt=34 vmax=266 vacc=24085 vrej=0 seq=0 elapsed=0 oled=3C
[   5842] STATUS mode=3 fault=none enc=385 denc=2 sreq=241 sapplied=241 crate=241 uimp=344340 upos=3695 uneg=380 ball=51.44 vball=12.07 aball=56.0 bref=0.00 pid=240.8 pref=309.7 ppos=285.6 apid=0.0 integ=-0.0 vision=1 current=1 vframe=24118 vs=1 vage=15 vpage=15 vdt=33 vmax=266 vacc=24086 vrej=0 seq=0 elapsed=0 oled=3C
[   5875] STATUS mode=3 fault=none enc=390 denc=1 sreq=106 sapplied=106 crate=106 uimp=348805 upos=3715 uneg=380 ball=51.35 vball=7.51 aball=56.0 bref=0.00 pid=103.9 pref=300.5 ppos=290.1 apid=0.0 integ=-0.0 vision=1 current=1 vframe=24119 vs=1 vage=2 vpage=2 vdt=33 vmax=266 vacc=24087 vrej=0 seq=0 elapsed=0 oled=3C
[   5906] STATUS mode=3 fault=none enc=393 denc=1 sreq=84 sapplied=84 crate=84 uimp=350745 upos=3735 uneg=380 ball=51.35 vball=7.51 aball=56.0 bref=0.00 pid=84.5 pref=300.5 ppos=292.0 apid=0.0 integ=-0.0 vision=1 current=1 vframe=24119 vs=1 vage=22 vpage=22 vdt=33 vmax=266 vacc=24087 vrej=0 seq=0 elapsed=0 oled=3C
[   5922] STATUS mode=3 fault=none enc=393 denc=0 sreq=-84 sapplied=-84 crate=-84 uimp=350030 upos=3750 uneg=400 ball=50.64 vball=-0.86 aball=56.0 bref=0.00 pid=-84.3 pref=282.9 ppos=291.3 apid=0.0 integ=-0.0 vision=1 current=1 vframe=24120 vs=1 vage=28 vpage=28 vdt=34 vmax=266 vacc=24088 vrej=0 seq=0 elapsed=0 oled=3C
[   5953] STATUS mode=3 fault=none enc=390 denc=-2 sreq=-70 sapplied=-70 crate=-70 uimp=348450 upos=3750 uneg=420 ball=50.58 vball=-0.92 aball=-27.1 bref=0.00 pid=-70.4 pref=282.7 ppos=289.7 apid=-0.0 integ=-0.0 vision=1 current=1 vframe=24121 vs=1 vage=14 vpage=14 vdt=34 vmax=266 vacc=24089 vrej=0 seq=0 elapsed=0 oled=3C
[   5983] STATUS mode=3 fault=none enc=389 denc=-1 sreq=-33 sapplied=-33 crate=-33 uimp=347145 upos=3750 uneg=440 ball=50.68 vball=0.24 aball=-27.1 bref=0.00 pid=-33.0 pref=285.1 ppos=288.4 apid=-0.0 integ=-0.0 vision=1 current=1 vframe=24122 vs=1 vage=2 vpage=2 vdt=32 vmax=266 vacc=24090 vrej=0 seq=0 elapsed=0 oled=3C
[   6015] STATUS mode=3 fault=none enc=388 denc=-1 sreq=-22 sapplied=-22 crate=-22 uimp=346035 upos=3750 uneg=480 ball=50.68 vball=0.24 aball=-27.1 bref=0.00 pid=-21.9 pref=285.1 ppos=287.3 apid=-0.0 integ=-0.0 vision=1 current=0 vframe=24123 vs=0 vage=42 vpage=9 vdt=32 vmax=266 vacc=24090 vrej=0 seq=0 elapsed=0 oled=3C
[   6031] STATUS mode=3 fault=none enc=387 denc=-1 sreq=0 sapplied=0 crate=-19 uimp=345720 upos=3750 uneg=495 ball=50.68 vball=0.24 aball=-27.1 bref=0.00 pid=-18.7 pref=285.1 ppos=287.0 apid=-0.0 integ=-0.0 vision=1 current=0 vframe=24123 vs=0 vage=62 vpage=29 vdt=32 vmax=266 vacc=24090 vrej=0 seq=0 elapsed=0 oled=3C
[   6062] STATUS mode=3 fault=none enc=387 denc=0 sreq=0 sapplied=0 crate=-19 uimp=345720 upos=3750 uneg=495 ball=50.68 vball=0.24 aball=-27.1 bref=0.00 pid=-18.7 pref=285.1 ppos=287.0 apid=-0.0 integ=-0.0 vision=1 current=0 vframe=24124 vs=0 vage=82 vpage=17 vdt=32 vmax=266 vacc=24090 vrej=0 seq=0 elapsed=0 oled=3C
[   6092] STATUS mode=3 fault=none enc=381 denc=-2 sreq=-299 sapplied=-299 crate=-299 uimp=340865 upos=3750 uneg=515 ball=48.95 vball=-15.14 aball=-63.4 bref=0.00 pid=-298.5 pref=252.3 ppos=282.1 apid=-0.0 integ=-0.0 vision=1 current=1 vframe=24125 vs=1 vage=22 vpage=22 vdt=100 vmax=266 vacc=24091 vrej=0 seq=0 elapsed=0 oled=3C
[   6125] STATUS mode=3 fault=none enc=374 denc=-2 sreq=-243 sapplied=-243 crate=-243 uimp=335325 upos=3750 uneg=535 ball=48.95 vball=-15.14 aball=-63.4 bref=0.00 pid=-243.1 pref=252.3 ppos=276.6 apid=-0.0 integ=-0.0 vision=1 current=0 vframe=24126 vs=0 vage=42 vpage=12 vdt=100 vmax=266 vacc=24091 vrej=0 seq=0 elapsed=0 oled=3C
[   6140] STATUS mode=3 fault=none enc=362 denc=-2 sreq=-322 sapplied=-322 crate=-322 uimp=325755 upos=3750 uneg=575 ball=46.59 vball=-22.46 aball=-63.4 bref=0.00 pid=-322.1 pref=252.3 ppos=272.1 apid=-0.0 integ=-0.0 vision=1 current=0 vframe=24126 vs=0 vage=62 vpage=32 vdt=100 vmax=266 vacc=24091 vrej=0 seq=0 elapsed=0 oled=3C
[   6172] STATUS mode=3 fault=none enc=354 denc=-2 sreq=-376 sapplied=-376 crate=-376 uimp=319780 upos=3750 uneg=595 ball=41.97 vball=-57.14 aball=-223.9 bref=0.00 pid=-400.0 pref=159.9 ppos=261.0 apid=-0.0 integ=-0.0 vision=1 current=1 vframe=24128 vs=1 vage=2 vpage=2 vdt=33 vmax=266 vacc=24093 vrej=0 seq=0 elapsed=0 oled=3C
[   6203] STATUS mode=3 fault=none enc=345 denc=-2 sreq=-400 sapplied=-400 crate=-400 uimp=311900 upos=3750 uneg=615 ball=41.97 vball=-57.14 aball=-223.9 bref=0.00 pid=-400.0 pref=159.9 ppos=253.2 apid=-0.0 integ=-0.0 vision=1 current=1 vframe=24128 vs=1 vage=22 vpage=22 vdt=33 vmax=266 vacc=24093 vrej=0 seq=0 elapsed=0 oled=3C
[   6233] STATUS mode=3 fault=none enc=324 denc=-2 sreq=-400 sapplied=-400 crate=-400 uimp=295900 upos=3750 uneg=655 ball=41.97 vball=-57.14 aball=-223.9 bref=0.00 pid=-400.0 pref=159.9 ppos=237.2 apid=-0.0 integ=-0.0 vision=1 current=0 vframe=24129 vs=0 vage=62 vpage=28 vdt=33 vmax=266 vacc=24093 vrej=0 seq=0 elapsed=0 oled=3C
[   6265] STATUS mode=3 fault=none enc=314 denc=-2 sreq=-400 sapplied=-400 crate=-400 uimp=287900 upos=3750 uneg=675 ball=35.81 vball=-73.63 aball=-223.9 bref=0.00 pid=-400.0 pref=119.5 ppos=229.2 apid=-0.0 integ=-0.0 vision=1 current=1 vframe=24130 vs=1 vage=17 vpage=17 vdt=65 vmax=266 vacc=24094 vrej=0 seq=0 elapsed=0 oled=3C
[   6281] STATUS mode=3 fault=none enc=304 denc=-2 sreq=-400 sapplied=-400 crate=-400 uimp=279900 upos=3750 uneg=695 ball=30.26 vball=-99.80 aball=-315.1 bref=0.00 pid=-400.0 pref=60.5 ppos=221.2 apid=-0.0 integ=-0.0 vision=1 current=1 vframe=24131 vs=1 vage=2 vpage=2 vdt=35 vmax=266 vacc=24095 vrej=0 seq=0 elapsed=0 oled=3C
[   6312] STATUS mode=3 fault=none enc=283 denc=-2 sreq=-400 sapplied=-400 crate=-400 uimp=263900 upos=3750 uneg=735 ball=24.92 vball=-118.30 aball=-315.1 bref=0.00 pid=-400.0 pref=17.1 ppos=205.2 apid=-0.0 integ=-0.0 vision=1 current=1 vframe=24132 vs=1 vage=8 vpage=8 vdt=34 vmax=266 vacc=24096 vrej=0 seq=0 elapsed=0 oled=3C
[   6342] STATUS mode=3 fault=none enc=273 denc=-3 sreq=-400 sapplied=-400 crate=-400 uimp=255900 upos=3750 uneg=755 ball=24.92 vball=-118.30 aball=-315.1 bref=0.00 pid=-400.0 pref=17.1 ppos=197.2 apid=-0.0 integ=-0.0 vision=1 current=1 vframe=24132 vs=1 vage=28 vpage=28 vdt=34 vmax=266 vacc=24096 vrej=0 seq=0 elapsed=0 oled=3C
[   6375] STATUS mode=3 fault=none enc=253 denc=-3 sreq=-400 sapplied=-400 crate=-400 uimp=239900 upos=3750 uneg=795 ball=14.67 vball=-136.31 aball=-315.1 bref=0.00 pid=-400.0 pref=-0.0 ppos=181.2 apid=-0.0 integ=-0.0 vision=1 current=1 vframe=24134 vs=1 vage=1 vpage=1 vdt=34 vmax=266 vacc=24098 vrej=0 seq=0 elapsed=0 oled=3C
[   6406] STATUS mode=3 fault=none enc=242 denc=-2 sreq=-400 sapplied=-400 crate=-400 uimp=231900 upos=3750 uneg=815 ball=14.67 vball=-136.31 aball=-336.0 bref=0.00 pid=-400.0 pref=-31.2 ppos=173.2 apid=-0.0 integ=-0.0 vision=1 current=1 vframe=24134 vs=1 vage=21 vpage=21 vdt=34 vmax=266 vacc=24098 vrej=0 seq=0 elapsed=0 oled=3C
[   6422] STATUS mode=3 fault=none enc=232 denc=-2 sreq=-400 sapplied=-400 crate=-400 uimp=223900 upos=3750 uneg=835 ball=9.13 vball=-145.45 aball=-336.0 bref=0.00 pid=-400.0 pref=-56.1 ppos=165.2 apid=-0.0 integ=-0.0 vision=1 current=1 vframe=24135 vs=1 vage=7 vpage=7 vdt=34 vmax=266 vacc=24099 vrej=0 seq=0 elapsed=0 oled=3C
[   6453] STATUS mode=3 fault=none enc=212 denc=-2 sreq=-400 sapplied=-400 crate=-400 uimp=207900 upos=3750 uneg=875 ball=3.25 vball=-155.39 aball=-336.0 bref=0.00 pid=-400.0 pref=-76.2 ppos=149.2 apid=-0.0 integ=-0.0 vision=1 current=1 vframe=24136 vs=1 vage=15 vpage=15 vdt=32 vmax=266 vacc=24100 vrej=0 seq=0 elapsed=0 oled=3C
[   6483] STATUS mode=3 fault=none enc=201 denc=-3 sreq=-400 sapplied=-400 crate=-400 uimp=199900 upos=3750 uneg=895 ball=3.25 vball=-155.39 aball=-336.0 bref=0.00 pid=-400.0 pref=-76.2 ppos=141.2 apid=-0.0 integ=-0.0 vision=1 current=1 vframe=24136 vs=1 vage=35 vpage=35 vdt=32 vmax=266 vacc=24100 vrej=0 seq=0 elapsed=0 oled=3C
[   6515] STATUS mode=3 fault=none enc=181 denc=-3 sreq=-400 sapplied=-400 crate=-400 uimp=183900 upos=3750 uneg=935 ball=-9.20 vball=-170.89 aball=-304.9 bref=0.00 pid=-400.0 pref=-76.2 ppos=125.2 apid=-0.0 integ=-0.0 vision=1 current=1 vframe=24138 vs=1 vage=8 vpage=8 vdt=31 vmax=266 vacc=24102 vrej=0 seq=0 elapsed=0 oled=3C
[   6515] >>> stop
[   6531] STATUS mode=3 fault=none enc=171 denc=-3 sreq=-400 sapplied=-400 crate=-400 uimp=175900 upos=3750 uneg=955 ball=-9.20 vball=-170.89 aball=-304.9 bref=0.00 pid=-400.0 pref=-76.2 ppos=117.2 apid=-0.0 integ=-0.0 vision=1 current=1 vframe=24138 vs=1 vage=28 vpage=28 vdt=31 vmax=266 vacc=24102 vrej=0 seq=0 elapsed=0 oled=3C
[   6562] STATUS mode=1 fault=none enc=162 denc=-1 sreq=0 sapplied=0 crate=0 uimp=171900 upos=3750 uneg=965 ball=-16.06 vball=-182.20 aball=0.0 bref=0.00 pid=0.0 pref=113.2 ppos=113.2 apid=0.0 integ=0.0 vision=1 current=1 vframe=24139 vs=1 vage=14 vpage=14 vdt=34 vmax=266 vacc=24103 vrej=0 seq=0 elapsed=0 oled=3C
[   6592] STATUS mode=1 fault=none enc=163 denc=0 sreq=0 sapplied=0 crate=0 uimp=171900 upos=3750 uneg=965 ball=-22.78 vball=-186.78 aball=0.0 bref=0.00 pid=0.0 pref=113.2 ppos=113.2 apid=0.0 integ=0.0 vision=1 current=1 vframe=24140 vs=1 vage=21 vpage=21 vdt=33 vmax=266 vacc=24104 vrej=0 seq=0 elapsed=0 oled=3C
[   6608] STATUS mode=1 fault=none enc=163 denc=0 sreq=0 sapplied=0 crate=0 uimp=171900 upos=3750 uneg=965 ball=-29.62 vball=-193.03 aball=0.0 bref=0.00 pid=0.0 pref=113.2 ppos=113.2 apid=0.0 integ=0.0 vision=1 current=1 vframe=24141 vs=1 vage=7 vpage=7 vdt=34 vmax=266 vacc=24105 vrej=0 seq=0 elapsed=0 oled=3C
[   6640] STATUS mode=1 fault=none enc=163 denc=0 sreq=0 sapplied=0 crate=0 uimp=171900 upos=3750 uneg=965 ball=-29.62 vball=-193.03 aball=0.0 bref=0.00 pid=0.0 pref=113.2 ppos=113.2 apid=0.0 integ=0.0 vision=1 current=1 vframe=24141 vs=1 vage=27 vpage=27 vdt=34 vmax=266 vacc=24105 vrej=0 seq=0 elapsed=0 oled=3C
[   6672] STATUS mode=1 fault=none enc=163 denc=0 sreq=0 sapplied=0 crate=0 uimp=171900 upos=3750 uneg=965 ball=-43.24 vball=-198.97 aball=0.0 bref=0.00 pid=0.0 pref=113.2 ppos=113.2 apid=0.0 integ=0.0 vision=1 current=1 vframe=24143 vs=1 vage=1 vpage=1 vdt=34 vmax=266 vacc=24107 vrej=0 seq=0 elapsed=0 oled=3C
[   6703] STATUS mode=1 fault=none enc=163 denc=0 sreq=0 sapplied=0 crate=0 uimp=171900 upos=3750 uneg=965 ball=-43.24 vball=-198.97 aball=0.0 bref=0.00 pid=0.0 pref=113.2 ppos=113.2 apid=0.0 integ=0.0 vision=1 current=1 vframe=24143 vs=1 vage=21 vpage=21 vdt=34 vmax=266 vacc=24107 vrej=0 seq=0 elapsed=0 oled=3C
[   6717] STATUS mode=1 fault=none enc=163 denc=0 sreq=0 sapplied=0 crate=0 uimp=171900 upos=3750 uneg=965 ball=-50.36 vball=-203.98 aball=0.0 bref=0.00 pid=0.0 pref=113.2 ppos=113.2 apid=0.0 integ=0.0 vision=1 current=1 vframe=24144 vs=1 vage=8 vpage=8 vdt=33 vmax=266 vacc=24108 vrej=0 seq=0 elapsed=0 oled=3C
[   6750] STATUS mode=1 fault=none enc=163 denc=0 sreq=0 sapplied=0 crate=0 uimp=171900 upos=3750 uneg=965 ball=-57.37 vball=-206.80 aball=0.0 bref=0.00 pid=0.0 pref=113.2 ppos=113.2 apid=0.0 integ=0.0 vision=1 current=1 vframe=24145 vs=1 vage=13 vpage=13 vdt=35 vmax=266 vacc=24109 vrej=0 seq=0 elapsed=0 oled=3C
[   6781] STATUS mode=1 fault=none enc=163 denc=0 sreq=0 sapplied=0 crate=0 uimp=171900 upos=3750 uneg=965 ball=-57.37 vball=-206.80 aball=0.0 bref=0.00 pid=0.0 pref=113.2 ppos=113.2 apid=0.0 integ=0.0 vision=1 current=1 vframe=24145 vs=1 vage=33 vpage=33 vdt=35 vmax=266 vacc=24109 vrej=0 seq=0 elapsed=0 oled=3C
[   6797] STATUS mode=1 fault=none enc=163 denc=0 sreq=0 sapplied=0 crate=0 uimp=171900 upos=3750 uneg=965 ball=-65.02 vball=-203.85 aball=0.0 bref=0.00 pid=0.0 pref=113.2 ppos=113.2 apid=0.0 integ=0.0 vision=1 current=1 vframe=24146 vs=1 vage=15 vpage=15 vdt=38 vmax=266 vacc=24110 vrej=0 seq=0 elapsed=0 oled=3C
[   6828] STATUS mode=1 fault=none enc=163 denc=0 sreq=0 sapplied=0 crate=0 uimp=171900 upos=3750 uneg=965 ball=-69.33 vball=-193.46 aball=0.0 bref=0.00 pid=0.0 pref=113.2 ppos=113.2 apid=0.0 integ=0.0 vision=1 current=1 vframe=24147 vs=1 vage=11 vpage=11 vdt=44 vmax=266 vacc=24111 vrej=0 seq=0 elapsed=0 oled=3C
[   6858] STATUS mode=1 fault=none enc=163 denc=0 sreq=0 sapplied=0 crate=0 uimp=171900 upos=3750 uneg=965 ball=-72.71 vball=-185.06 aball=0.0 bref=0.00 pid=0.0 pref=113.2 ppos=113.2 apid=0.0 integ=0.0 vision=1 current=1 vframe=24148 vs=1 vage=5 vpage=5 vdt=26 vmax=266 vacc=24112 vrej=0 seq=0 elapsed=0 oled=3C
[   6875] STATUS mode=1 fault=none enc=163 denc=0 sreq=0 sapplied=0 crate=0 uimp=171900 upos=3750 uneg=965 ball=-77.75 vball=-185.35 aball=0.0 bref=0.00 pid=0.0 pref=113.2 ppos=113.2 apid=0.0 integ=0.0 vision=1 current=1 vframe=24149 vs=1 vage=10 vpage=10 vdt=15 vmax=266 vacc=24113 vrej=0 seq=0 elapsed=0 oled=3C
[   6875] >>> stream off
[   6906] STATUS mode=1 fault=none enc=163 denc=0 sreq=0 sapplied=0 crate=0 uimp=171900 upos=3750 uneg=965 ball=-85.79 vball=-213.22 aball=0.0 bref=0.00 pid=0.0 pref=113.2 ppos=113.2 apid=0.0 integ=0.0 vision=1 current=1 vframe=24150 vs=1 vage=22 vpage=22 vdt=28 vmax=266 vacc=24114 vrej=0 seq=0 elapsed=0 oled=3C
[   6906] OK stream off
[   7078] STOP_REASON speed_limit
