[      0] >>> bench on
[      0] OK visual-only bench active; use zero before motor tests
[    625] >>> stream on 20
[    625] OK stream on 20 ms
[    670] STATUS mode=1 fault=none p60=-96 dp60=0 pwm=0 cpwm=0 uimp=0 upos=0 uneg=0 ball=23.46 vball=-3.26 aball=0.0 bref=0.00 pid=0.0 apid=0.0 integ=0.0 vision=1 current=1 vframe=19868 vs=1 vage=43 vpage=43 vdt=33 vmax=6728 vacc=19452 vrej=0 seq=0 elapsed=0 oled=3C
[    686] STATUS mode=1 fault=none p60=-96 dp60=0 pwm=0 cpwm=0 uimp=0 upos=0 uneg=0 ball=23.46 vball=-3.26 aball=0.0 bref=0.00 pid=0.0 apid=0.0 integ=0.0 vision=1 current=1 vframe=19868 vs=1 vage=63 vpage=63 vdt=33 vmax=6728 vacc=19452 vrej=0 seq=0 elapsed=0 oled=3C
[    717] STATUS mode=1 fault=none p60=-96 dp60=0 pwm=0 cpwm=0 uimp=0 upos=0 uneg=0 ball=23.46 vball=-3.26 aball=0.0 bref=0.00 pid=0.0 apid=0.0 integ=0.0 vision=1 current=1 vframe=19868 vs=1 vage=83 vpage=83 vdt=33 vmax=6728 vacc=19452 vrej=0 seq=0 elapsed=0 oled=3C
[    733] STATUS mode=1 fault=none p60=-96 dp60=0 pwm=0 cpwm=0 uimp=0 upos=0 uneg=0 ball=23.43 vball=-1.74 aball=0.0 bref=0.00 pid=0.0 apid=0.0 integ=0.0 vision=1 current=1 vframe=19876 vs=1 vage=8 vpage=8 vdt=95 vmax=6728 vacc=19460 vrej=0 seq=0 elapsed=0 oled=3C
[    765] STATUS mode=1 fault=none p60=-96 dp60=0 pwm=0 cpwm=0 uimp=0 upos=0 uneg=0 ball=23.71 vball=5.72 aball=0.0 bref=0.00 pid=0.0 apid=0.0 integ=0.0 vision=1 current=1 vframe=19877 vs=1 vage=6 vpage=6 vdt=22 vmax=6728 vacc=19461 vrej=0 seq=0 elapsed=0 oled=3C
[    781] STATUS mode=1 fault=none p60=-96 dp60=0 pwm=0 cpwm=0 uimp=0 upos=0 uneg=0 ball=23.71 vball=5.72 aball=0.0 bref=0.00 pid=0.0 apid=0.0 integ=0.0 vision=1 current=1 vframe=19877 vs=1 vage=26 vpage=26 vdt=22 vmax=6728 vacc=19461 vrej=0 seq=0 elapsed=0 oled=3C
[    811] STATUS mode=1 fault=none p60=-96 dp60=0 pwm=0 cpwm=0 uimp=0 upos=0 uneg=0 ball=23.70 vball=2.65 aball=0.0 bref=0.00 pid=0.0 apid=0.0 integ=0.0 vision=1 current=1 vframe=19878 vs=1 vage=13 vpage=13 vdt=33 vmax=6728 vacc=19462 vrej=0 seq=0 elapsed=0 oled=3C
[    827] STATUS mode=1 fault=none p60=-96 dp60=0 pwm=0 cpwm=0 uimp=0 upos=0 uneg=0 ball=23.70 vball=2.65 aball=0.0 bref=0.00 pid=0.0 apid=0.0 integ=0.0 vision=1 current=1 vframe=19878 vs=1 vage=33 vpage=33 vdt=33 vmax=6728 vacc=19462 vrej=0 seq=0 elapsed=0 oled=3C
[    842] STATUS mode=1 fault=none p60=-96 dp60=0 pwm=0 cpwm=0 uimp=0 upos=0 uneg=0 ball=23.70 vball=2.65 aball=0.0 bref=0.00 pid=0.0 apid=0.0 integ=0.0 vision=1 current=1 vframe=19878 vs=1 vage=53 vpage=53 vdt=33 vmax=6728 vacc=19462 vrej=0 seq=0 elapsed=0 oled=3C
[    875] STATUS mode=1 fault=none p60=-96 dp60=0 pwm=0 cpwm=0 uimp=0 upos=0 uneg=0 ball=23.70 vball=2.65 aball=0.0 bref=0.00 pid=0.0 apid=0.0 integ=0.0 vision=1 current=1 vframe=19878 vs=1 vage=93 vpage=93 vdt=33 vmax=6728 vacc=19462 vrej=0 seq=0 elapsed=0 oled=3C
[    890] STATUS mode=1 fault=none p60=-96 dp60=0 pwm=0 cpwm=0 uimp=0 upos=0 uneg=0 ball=23.75 vball=1.31 aball=0.0 bref=0.00 pid=0.0 apid=0.0 integ=0.0 vision=1 current=1 vframe=19879 vs=1 vage=18 vpage=18 vdt=95 vmax=6728 vacc=19463 vrej=0 seq=0 elapsed=0 oled=3C
[    920] STATUS mode=1 fault=none p60=-96 dp60=0 pwm=0 cpwm=0 uimp=0 upos=0 uneg=0 ball=23.74 vball=0.42 aball=0.0 bref=0.00 pid=0.0 apid=0.0 integ=0.0 vision=1 current=1 vframe=19880 vs=1 vage=16 vpage=16 vdt=22 vmax=6728 vacc=19464 vrej=0 seq=0 elapsed=0 oled=3C
[    936] STATUS mode=1 fault=none p60=-96 dp60=0 pwm=0 cpwm=0 uimp=0 upos=0 uneg=0 ball=23.74 vball=0.19 aball=0.0 bref=0.00 pid=0.0 apid=0.0 integ=0.0 vision=1 current=1 vframe=19881 vs=1 vage=3 vpage=3 vdt=33 vmax=6728 vacc=19465 vrej=0 seq=0 elapsed=0 oled=3C
[    967] STATUS mode=1 fault=none p60=-96 dp60=0 pwm=0 cpwm=0 uimp=0 upos=0 uneg=0 ball=23.74 vball=0.19 aball=0.0 bref=0.00 pid=0.0 apid=0.0 integ=0.0 vision=1 current=1 vframe=19881 vs=1 vage=23 vpage=23 vdt=33 vmax=6728 vacc=19465 vrej=0 seq=0 elapsed=0 oled=3C
[    983] STATUS mode=1 fault=none p60=-96 dp60=0 pwm=0 cpwm=0 uimp=0 upos=0 uneg=0 ball=23.74 vball=0.19 aball=0.0 bref=0.00 pid=0.0 apid=0.0 integ=0.0 vision=1 current=1 vframe=19881 vs=1 vage=43 vpage=43 vdt=33 vmax=6728 vacc=19465 vrej=0 seq=0 elapsed=0 oled=3C
[   1000] STATUS mode=1 fault=none p60=-96 dp60=0 pwm=0 cpwm=0 uimp=0 upos=0 uneg=0 ball=23.74 vball=0.19 aball=0.0 bref=0.00 pid=0.0 apid=0.0 integ=0.0 vision=1 current=1 vframe=19881 vs=1 vage=63 vpage=63 vdt=33 vmax=6728 vacc=19465 vrej=0 seq=0 elapsed=0 oled=3C
[   1031] STATUS mode=1 fault=none p60=-96 dp60=0 pwm=0 cpwm=0 uimp=0 upos=0 uneg=0 ball=23.74 vball=0.19 aball=0.0 bref=0.00 pid=0.0 apid=0.0 integ=0.0 vision=1 current=1 vframe=19881 vs=1 vage=83 vpage=83 vdt=33 vmax=6728 vacc=19465 vrej=0 seq=0 elapsed=0 oled=3C
[   1045] STATUS mode=1 fault=none p60=-96 dp60=0 pwm=0 cpwm=0 uimp=0 upos=0 uneg=0 ball=23.67 vball=-0.13 aball=0.0 bref=0.00 pid=0.0 apid=0.0 integ=0.0 vision=1 current=1 vframe=19882 vs=1 vage=4 vpage=4 vdt=99 vmax=6728 vacc=19466 vrej=0 seq=0 elapsed=0 oled=3C
[   1077] STATUS mode=1 fault=none p60=-96 dp60=0 pwm=0 cpwm=0 uimp=0 upos=0 uneg=0 ball=23.64 vball=-1.28 aball=0.0 bref=0.00 pid=0.0 apid=0.0 integ=0.0 vision=1 current=1 vframe=19883 vs=1 vage=26 vpage=26 vdt=18 vmax=6728 vacc=19467 vrej=0 seq=0 elapsed=0 oled=3C
[   1092] STATUS mode=1 fault=none p60=-96 dp60=0 pwm=0 cpwm=0 uimp=0 upos=0 uneg=0 ball=23.56 vball=-1.73 aball=0.0 bref=0.00 pid=0.0 apid=0.0 integ=0.0 vision=1 current=1 vframe=19884 vs=1 vage=13 vpage=13 vdt=33 vmax=6728 vacc=19468 vrej=0 seq=0 elapsed=0 oled=3C
[   1125] STATUS mode=1 fault=none p60=-96 dp60=0 pwm=0 cpwm=0 uimp=0 upos=0 uneg=0 ball=23.56 vball=-1.73 aball=0.0 bref=0.00 pid=0.0 apid=0.0 integ=0.0 vision=1 current=1 vframe=19884 vs=1 vage=33 vpage=33 vdt=33 vmax=6728 vacc=19468 vrej=0 seq=0 elapsed=0 oled=3C
[   1140] STATUS mode=1 fault=none p60=-96 dp60=0 pwm=0 cpwm=0 uimp=0 upos=0 uneg=0 ball=23.56 vball=-1.73 aball=0.0 bref=0.00 pid=0.0 apid=0.0 integ=0.0 vision=1 current=1 vframe=19884 vs=1 vage=53 vpage=53 vdt=33 vmax=6728 vacc=19468 vrej=0 seq=0 elapsed=0 oled=3C
[   1156] STATUS mode=1 fault=none p60=-96 dp60=0 pwm=0 cpwm=0 uimp=0 upos=0 uneg=0 ball=23.56 vball=-1.73 aball=0.0 bref=0.00 pid=0.0 apid=0.0 integ=0.0 vision=1 current=1 vframe=19884 vs=1 vage=73 vpage=73 vdt=33 vmax=6728 vacc=19468 vrej=0 seq=0 elapsed=0 oled=3C
[   1186] STATUS mode=1 fault=none p60=-96 dp60=0 pwm=0 cpwm=0 uimp=0 upos=0 uneg=0 ball=23.56 vball=-1.73 aball=0.0 bref=0.00 pid=0.0 apid=0.0 integ=0.0 vision=1 current=1 vframe=19884 vs=1 vage=93 vpage=93 vdt=33 vmax=6728 vacc=19468 vrej=0 seq=0 elapsed=0 oled=3C
[   1202] STATUS mode=1 fault=none p60=-96 dp60=0 pwm=0 cpwm=0 uimp=0 upos=0 uneg=0 ball=23.47 vball=-1.64 aball=0.0 bref=0.00 pid=0.0 apid=0.0 integ=0.0 vision=1 current=1 vframe=19885 vs=1 vage=14 vpage=14 vdt=99 vmax=6728 vacc=19469 vrej=0 seq=0 elapsed=0 oled=3C
[   1233] STATUS mode=1 fault=none p60=-96 dp60=0 pwm=0 cpwm=0 uimp=0 upos=0 uneg=0 ball=23.50 vball=-0.39 aball=0.0 bref=0.00 pid=0.0 apid=0.0 integ=0.0 vision=1 current=1 vframe=19886 vs=1 vage=1 vpage=1 vdt=33 vmax=6728 vac
[   1233] >>> status
[   1233] c=19470 vrej=0 seq=0 elapsed=0 oled=3C
[   1250] STATUS mode=1 fault=none p60=-96 dp60=0 pwm=0 cpwm=0 uimp=0 upos=0 uneg=0 ball=23.50 vball=-0.23 aball=0.0 bref=0.00 pid=0.0 apid=0.0 integ=0.0 vision=1 current=1 vframe=19887 vs=1 vage=7 vpage=7 vdt=34 vmax=6728 vacc=19471 vrej=0 seq=0 elapsed=0 oled=3C
[   1281] STATUS mode=1 fault=none p60=-96 dp60=0 pwm=0 cpwm=0 uimp=0 upos=0 uneg=0 ball=23.50 vball=-0.23 aball=0.0 bref=0.00 pid=0.0 apid=0.0 integ=0.0 vision=1 current=1 vframe=19887 vs=1 vage=27 vpage=27 vdt=34 vmax=6728 vacc=19471 vrej=0 seq=0 elapsed=0 oled=3C
[   1295] STATUS mode=1 fault=none p60=-96 dp60=0 pwm=0 cpwm=0 uimp=0 upos=0 uneg=0 ball=23.50 vball=-0.23 aball=0.0 bref=0.00 pid=0.0 apid=0.0 integ=0.0 vision=1 current=1 vframe=19887 vs=1 vage=47 vpage=47 vdt=34 vmax=6728 vacc=19471 vrej=0 seq=0 elapsed=0 oled=3C
[   1311] STATUS mode=1 fault=none p60=-96 dp60=0 pwm=0 cpwm=0 uimp=0 upos=0 uneg=0 ball=23.50 vball=-0.23 aball=0.0 bref=0.00 pid=0.0 apid=0.0 integ=0.0 vision=1 current=1 vframe=19887 vs=1 vage=67 vpage=67 vdt=34 vmax=6728 vacc=19471 vrej=0 seq=0 elapsed=0 oled=3C
[   1342] STATUS mode=1 fault=none p60=-96 dp60=0 pwm=0 cpwm=0 uimp=0 upos=0 uneg=0 ball=23.50 vball=-0.23 aball=0.0 bref=0.00 pid=0.0 apid=0.0 integ=0.0 vision=1 current=1 vframe=19887 vs=1 vage=87 vpage=87 vdt=34 vmax=6728 vacc=19471 vrej=0 seq=0 elapsed=0 oled=3C
[   1358] STATUS mode=1 fault=none p60=-96 dp60=0 pwm=0 cpwm=0 uimp=0 upos=0 uneg=0 ball=23.50 vball=-0.23 aball=0.0 bref=0.00 pid=0.0 apid=0.0 integ=0.0 vision=1 current=1 vframe=19887 vs=1 vage=107 vpage=107 vdt=34 vmax=6728 vacc=19471 vrej=0 seq=0 elapsed=0 oled=3C
[   1390] STATUS mode=1 fault=none p60=-96 dp60=0 pwm=0 cpwm=0 uimp=0 upos=0 uneg=0 ball=23.50 vball=-0.23 aball=0.0 bref=0.00 pid=0.0 apid=0.0 integ=0.0 vision=1 current=1 vframe=19887 vs=1 vage=127 vpage=127 vdt=34 vmax=6728 vacc=19471 vrej=0 seq=0 elapsed=0 oled=3C
[   1406] STATUS mode=1 fault=none p60=-96 dp60=0 pwm=0 cpwm=0 uimp=0 upos=0 uneg=0 ball=23.49 vball=-0.13 aball=0.0 bref=0.00 pid=0.0 apid=0.0 integ=0.0 vision=1 current=1 vframe=19888 vs=1 vage=19 vpage=19 vdt=128 vmax=6728 vacc=19472 vrej=0 seq=0 elapsed=0 oled=3C
[   1436] STATUS mode=1 fault=none p60=-96 dp60=0 pwm=0 cpwm=0 uimp=0 upos=0 uneg=0 ball=23.48 vball=-0.21 aball=0.0 bref=0.00 pid=0.0 apid=0.0 integ=0.0 vision=1 current=1 vframe=19890 vs=1 vage=4 vpage=4 vdt=34 vmax=6728 vacc=19474 vrej=0 seq=0 elapsed=0 oled=3C
[   1452] STATUS mode=1 fault=none p60=-96 dp60=0 pwm=0 cpwm=0 uimp=0 upos=0 uneg=0 ball=23.48 vball=-0.21 aball=0.0 bref=0.00 pid=0.0 apid=0.0 integ=0.0 vision=1 current=1 vframe=19890 vs=1 vage=24 vpage=24 vdt=34 vmax=6728 vacc=19474 vrej=0 seq=0 elapsed=0 oled=3C
[   1483] STATUS mode=1 fault=none p60=-96 dp60=0 pwm=0 cpwm=0 uimp=0 upos=0 uneg=0 ball=23.48 vball=-0.21 aball=0.0 bref=0.00 pid=0.0 apid=0.0 integ=0.0 vision=1 current=1 vframe=19890 vs=1 vage=44 vpage=44 vdt=34 vmax=6728 vacc=19474 vrej=0 seq=0 elapsed=0 oled=3C
[   1500] STATUS mode=1 fault=none p60=-96 dp60=0 pwm=0 cpwm=0 uimp=0 upos=0 uneg=0 ball=23.48 vball=-0.21 aball=0.0 bref=0.00 pid=0.0 apid=0.0 integ=0.0 vision=1 current=1 vframe=19890 vs=1 vage=64 vpage=64 vdt=34 vmax=6728 vacc=19474 vrej=0 seq=0 elapsed=0 oled=3C
[   1515] STATUS mode=1 fault=none p60=-96 dp60=0 pwm=0 cpwm=0 uimp=0 upos=0 uneg=0 ball=23.48 vball=-0.21 aball=0.0 bref=0.00 pid=0.0 apid=0.0 integ=0.0 vision=1 current=1 vframe=19890 vs=1 vage=84 vpage=84 vdt=34 vmax=6728 vacc=19474 vrej=0 seq=0 elapsed=0 oled=3C
[   1545] STATUS mode=1 fault=none p60=-96 dp60=0 pwm=0 cpwm=0 uimp=0 upos=0 uneg=0 ball=23.52 vball=-0.04 aball=0.0 bref=0.00 pid=0.0 apid=0.0 integ=0.0 vision=1 current=1 vframe=19891 vs=1 vage=11 vpage=11 vdt=93 vmax=6728 vacc=19475 vrej=0 seq=0 elapsed=0 oled=3C
[   1561] STATUS mode=1 fault=none p60=-96 dp60=0 pwm=0 cpwm=0 uimp=0 upos=0 uneg=0 ball=23.54 vball=0.53 aball=0.0 bref=0.00 pid=0.0 apid=0.0 integ=0.0 vision=1 current=1 vframe=19892 vs=1 vage=8 vpage=8 vdt=23 vmax=6728 vacc=19476 vrej=0 seq=0 elapsed=0 oled=3C
[   1592] STATUS mode=1 fault=none p60=-96 dp60=0 pwm=0 cpwm=0 uimp=0 upos=0 uneg=0 ball=23.54 vball=0.53 aball=0.0 bref=0.00 pid=0.0 apid=0.0 integ=0.0 vision=1 current=1 vframe=19892 vs=1 vage=28 vpage=28 vdt=23 vmax=6728 vacc=19476 vrej=0 seq=0 elapsed=0 oled=3C
[   1608] STATUS mode=1 fault=none p60=-96 dp60=0 pwm=0 cpwm=0 uimp=0 upos=0 uneg=0 ball=23.54 vball=0.30 aball=0.0 bref=0.00 pid=0.0 apid=0.0 integ=0.0 vision=1 current=1 vframe=19893 vs=1 vage=13 vpage=13 vdt=35 vmax=6728 vacc=19477 vrej=0 seq=0 elapsed=0 oled=3C
[   1640] STATUS mode=1 fault=none p60=-96 dp60=0 pwm=0 cpwm=0 uimp=0 upos=0 uneg=0 ball=23.54 vball=0.30 aball=0.0 bref=0.00 pid=0.0 apid=0.0 integ=0.0 vision=1 current=1 vframe=19893 vs=1 vage=53 vpage=53 vdt=35 vmax=6728 vacc=19477 vrej=0 seq=0 elapsed=0 oled=3C
[   1656] STATUS mode=1 fault=none p60=-96 dp60=0 pwm=0 cpwm=0 uimp=0 upos=0 uneg=0 ball=23.54 vball=0.30 aball=0.0 bref=0.00 pid=0.0 apid=0.0 integ=0.0 vision=1 current=1 vframe=19893 vs=1 vage=73 vpage=73 vdt=35 vmax=6728 vacc=19477 vrej=0 seq=0 elapsed=0 oled=3C
[   1670] STATUS mode=1 fault=none p60=-96 dp60=0 pwm=0 cpwm=0 uimp=0 upos=0 uneg=0 ball=23.54 vball=0.30 aball=0.0 bref=0.00 pid=0.0 apid=0.0 integ=0.0 vision=1 current=1 vframe=19893 vs=1 vage=93 vpage=93 vdt=35 vmax=6728 vacc=19477 vrej=0 seq=0 elapsed=0 oled=3C
[   1702] STATUS mode=1 fault=none p60=-96 dp60=0 pwm=0 cpwm=0 uimp=0 upos=0 uneg=0 ball=23.62 vball=0.79 aball=0.0 bref=0.00 pid=0.0 apid=0.0 integ=0.0 vision=1 current=1 vframe=19894 vs=1 vage=11 vpage=11 vdt=102 vmax=6728 vacc=19478 vrej=0 seq=0 elapsed=0 oled=3C
[   1717] STATUS mode=1 fault=none p60=-96 dp60=0 pwm=0 cpwm=0 uimp=0 upos=0 uneg=0 ball=23.65 vball=0.79 aball=0.0 bref=0.00 pid=0.0 apid=0.0 integ=0.0 vision=1 current=1 vframe=19895 vs=1 vage=1 vpage=1 vdt=30 vmax=6728 vacc=19479 vrej=0 seq=0 elapsed=0 oled=3C
[   1750] STATUS mode=1 fault=none p60=-96 dp60=0 pwm=0 cpwm=0 uimp=0 upos=0 uneg=0 ball=23.65 vball=0.79 aball=0.0 bref=0.00 pid=0.0 apid=0.0 integ=0.0 vision=1 current=1 vframe=19895 vs=1 vage=21 vpage=21 vdt=30 vmax=6728 vacc=19479 vrej=0 seq=0 elapsed=0 oled=3C
[   1765] STATUS mode=1 fault=none p60=-96 dp60=0 pwm=0 cpwm=0 uimp=0 upos=0 uneg=0 ball=23.64 vball=0.34 aball=0.0 bref=0.00 pid=0.0 apid=0.0 integ=0.0 vision=1 current=1 vframe=19896 vs=1 vage=6 vpage=6 vdt=35 vmax=6728 vacc=19480 vrej=0 seq=0 elapsed=0 oled=3C
[   1795] STATUS mode=1 fault=none p60=-96 dp60=0 pwm=0 cpwm=0 uimp=0 upos=0 uneg=0 ball=23.64 vball=0.34 aball=0.0 bref=0.00 pid=0.0 apid=0.0 integ=0.0 vision=1 current=1 vframe=19896 vs=1 vage=26 vpage=26 vdt=35 vmax=6728 vacc=19480 vrej=0 seq=0 elapsed=0 oled=3C
[   1811] STATUS mode=1 fault=none p60=-96 dp60=0 pwm=0 cpwm=0 uimp=0 upos=0 uneg=0 ball=23.64 vball=0.34 aball=0.0 bref=0.00 pid=0.0 apid=0.0 integ=0.0 vision=1 current=1 vframe=19896 vs=1 vage=46 vpage=46 vdt=35 vmax=6728 vacc=19480 vrej=0 seq=0 elapsed=0 oled=3C
[   1827] STATUS mode=1 fault=none p60=-96 dp60=0 pwm=0 cpwm=0 uimp=0 upos=0 uneg=0 ball=23.64 vball=0.34 aball=0.0 bref=0.00 pid=0.0 apid=0.0 integ=0.0 vision=1 current=1 vframe=19896 vs=1 vage=86 vpage=86 vdt=35 vmax=6728 vacc=19480 vrej=0 seq=0 elapsed=0 oled=3C
[   1842] STATUS mode=1 fault=non
[   1842] >>> pulse 140 140
[   1858] e p60=-96 dp60=0 pwm=0 cpwm=0 uimp=0 upos=0 uneg=0 ball=23.64 vball=0.15 aball=0.0 bref=0.00 pid=0.0 apid=0.0 integ=0.0 vision=1 current=1 vframe=19897 vs=1 vage=6 vpage=6 vdt=100 vmax=6728 vacc=19481 vrej=0 seq=0 elapsed=0 oled=3C
[   1875] STATUS mode=2 fault=none p60=-95 dp60=1 pwm=140 cpwm=0 uimp=2100 upos=15 uneg=0 ball=23.64 vball=0.12 aball=0.0 bref=0.00 pid=0.0 apid=0.0 integ=0.0 vision=1 current=1 vframe=19898 vs=1 vage=5 vpage=5 vdt=21 vmax=6728 vacc=19482 vrej=0 seq=0 elapsed=0 oled=3C
[   1906] STATUS mode=2 fault=none p60=-91 dp60=1 pwm=140 cpwm=0 uimp=4900 upos=35 uneg=0 ball=23.64 vball=0.12 aball=0.0 bref=0.00 pid=0.0 apid=0.0 integ=0.0 vision=1 current=1 vframe=19898 vs=1 vage=25 vpage=25 vdt=21 vmax=6728 vacc=19482 vrej=0 seq=0 elapsed=0 oled=3C
[   1920] STATUS mode=2 fault=none p60=-83 dp60=2 pwm=140 cpwm=0 uimp=7700 upos=55 uneg=0 ball=23.77 vball=2.13 aball=0.0 bref=0.00 pid=0.0 apid=0.0 integ=0.0 vision=1 current=1 vframe=19899 vs=1 vage=16 vpage=16 vdt=29 vmax=6728 vacc=19483 vrej=0 seq=0 elapsed=0 oled=3C
[   1952] STATUS mode=2 fault=none p60=-74 dp60=3 pwm=140 cpwm=0 uimp=10500 upos=75 uneg=0 ball=23.77 vball=2.13 aball=0.0 bref=0.00 pid=0.0 apid=0.0 integ=0.0 vision=1 current=1 vframe=19899 vs=1 vage=36 vpage=36 vdt=29 vmax=6728 vacc=19483 vrej=0 seq=0 elapsed=0 oled=3C
[   1967] STATUS mode=2 fault=none p60=-64 dp60=2 pwm=140 cpwm=0 uimp=13300 upos=95 uneg=0 ball=23.77 vball=2.13 aball=0.0 bref=0.00 pid=0.0 apid=0.0 integ=0.0 vision=1 current=1 vframe=19899 vs=1 vage=56 vpage=56 vdt=29 vmax=6728 vacc=19483 vrej=0 seq=0 elapsed=0 oled=3C
[   2000] STATUS mode=2 fault=none p60=-41 dp60=3 pwm=140 cpwm=0 uimp=18900 upos=135 uneg=0 ball=23.77 vball=2.13 aball=0.0 bref=0.00 pid=0.0 apid=0.0 integ=0.0 vision=1 current=1 vframe=19899 vs=1 vage=96 vpage=96 vdt=29 vmax=6728 vacc=19483 vrej=0 seq=0 elapsed=0 oled=3C
[   2015] STATUS mode=1 fault=none p60=-28 dp60=3 pwm=0 cpwm=0 uimp=19600 upos=140 uneg=0 ball=23.76 vball=0.94 aball=0.0 bref=0.00 pid=0.0 apid=0.0 integ=0.0 vision=1 current=1 vframe=19900 vs=1 vage=17 vpage=17 vdt=99 vmax=6728 vacc=19484 vrej=0 seq=0 elapsed=0 oled=3C
[   2045] STATUS mode=1 fault=none p60=-17 dp60=3 pwm=0 cpwm=0 uimp=19600 upos=140 uneg=0 ball=23.73 vball=0.09 aball=0.0 bref=0.00 pid=0.0 apid=0.0 integ=0.0 vision=1 current=1 vframe=19901 vs=1 vage=4 vpage=4 vdt=33 vmax=6728 vacc=19485 vrej=0 seq=0 elapsed=0 oled=3C
[   2061] STATUS mode=1 fault=none p60=-8 dp60=2 pwm=0 cpwm=0 uimp=19600 upos=140 uneg=0 ball=23.73 vball=0.09 aball=0.0 bref=0.00 pid=0.0 apid=0.0 integ=0.0 vision=1 current=1 vframe=19901 vs=1 vage=24 vpage=24 vdt=33 vmax=6728 vacc=19485 vrej=0 seq=0 elapsed=0 oled=3C
[   2077] STATUS mode=1 fault=none p60=-2 dp60=1 pwm=0 cpwm=0 uimp=19600 upos=140 uneg=0 ball=23.61 vball=-1.66 aball=0.0 bref=0.00 pid=0.0 apid=0.0 integ=0.0 vision=1 current=1 vframe=19902 vs=1 vage=10 vpage=10 vdt=34 vmax=6728 vacc=19486 vrej=0 seq=0 elapsed=0 oled=3C
[   2108] STATUS mode=1 fault=none p60=3 dp60=1 pwm=0 cpwm=0 uimp=19600 upos=140 uneg=0 ball=23.61 vball=-1.66 aball=0.0 bref=0.00 pid=0.0 apid=0.0 integ=0.0 vision=1 current=1 vframe=19902 vs=1 vage=30 vpage=30 vdt=34 vmax=6728 vacc=19486 vrej=0 seq=0 elapsed=0 oled=3C
[   2125] STATUS mode=1 fault=none p60=5 dp60=0 pwm=0 cpwm=0 uimp=19600 upos=140 uneg=0 ball=23.61 vball=-1.66 aball=0.0 bref=0.00 pid=0.0 apid=0.0 integ=0.0 vision=1 current=1 vframe=19902 vs=1 vage=50 vpage=50 vdt=34 vmax=6728 vacc=19486 vrej=0 seq=0 elapsed=0 oled=3C
[   2156] STATUS mode=1 fault=none p60=8 dp60=0 pwm=0 cpwm=0 uimp=19600 upos=140 uneg=0 ball=23.61 vball=-1.66 aball=0.0 bref=0.00 pid=0.0 apid=0.0 integ=0.0 vision=1 current=1 vframe=19902 vs=1 vage=90 vpage=90 vdt=34 vmax=6728 vacc=19486 vrej=0 seq=0 elapsed=0 oled=3C
[   2170] STATUS mode=1 fault=none p60=9 dp60=0 pwm=0 cpwm=0 uimp=19600 upos=140 uneg=0 ball=23.57 vball=-1.06 aball=0.0 bref=0.00 pid=0.0 apid=0.0 integ=0.0 vision=1 current=1 vframe=19903 vs=1 vage=10 vpage=10 vdt=100 vmax=6728 vacc=19487 vrej=0 seq=0 elapsed=0 oled=3C
[   2202] STATUS mode=1 fault=none p60=9 dp60=0 pwm=0 cpwm=0 uimp=19600 upos=140 uneg=0 ball=23.57 vball=-0.84 aball=0.0 bref=0.00 pid=0.0 apid=0.0 integ=0.0 vision=1 current=1 vframe=19904 vs=1 vage=11 vpage=11 vdt=19 vmax=6728 vacc=19488 vrej=0 seq=0 elapsed=0 oled=3C
[   2217] STATUS mode=1 fault=none p60=9 dp60=0 pwm=0 cpwm=0 uimp=19600 upos=140 uneg=0 ball=23.57 vball=-0.84 aball=0.0 bref=0.00 pid=0.0 apid=0.0 integ=0.0 vision=1 current=1 vframe=19904 vs=1 vage=31 vpage=31 vdt=19 vmax=6728 vacc=19488 vrej=0 seq=0 elapsed=0 oled=3C
[   2250] STATUS mode=1 fault=none p60=9 dp60=0 pwm=0 cpwm=0 uimp=19600 upos=140 uneg=0 ball=23.42 vball=-2.79 aball=0.0 bref=0.00 pid=0.0 apid=0.0 integ=0.0 vision=1 current=1 vframe=19905 vs=1 vage=18 vpage=18 vdt=33 vmax=6728 vacc=19489 vrej=0 seq=0 elapsed=0 oled=3C
[   2265] STATUS mode=1 fault=none p60=9 dp60=0 pwm=0 cpwm=0 uimp=19600 upos=140 uneg=0 ball=23.42 vball=-2.79 aball=0.0 bref=0.00 pid=0.0 apid=0.0 integ=0.0 vision=1 current=1 vframe=19905 vs=1 vage=38 vpage=38 vdt=33 vmax=6728 vacc=19489 vrej=0 seq=0 elapsed=0 oled=3C
[   2295] STATUS mode=1 fault=none p60=9 dp60=0 pwm=0 cpwm=0 uimp=19600 upos=140 uneg=0 ball=23.42 vball=-2.79 aball=0.0 bref=0.00 pid=0.0 apid=0.0 integ=0.0 vision=1 current=1 vframe=19905 vs=1 vage=58 vpage=58 vdt=33 vmax=6728 vacc=19489 vrej=0 seq=0 elapsed=0 oled=3C
[   2311] STATUS mode=1 fault=none p60=9 dp60=0 pwm=0 cpwm=0 uimp=19600 upos=140 uneg=0 ball=23.42 vball=-2.79 aball=0.0 bref=0.00 pid=0.0 apid=0.0 integ=0.0 vision=1 current=1 vframe=19905 vs=1 vage=78 vpage=78 vdt=33 vmax=6728 vacc=19489 vrej=0 seq=0 elapsed=0 oled=3C
[   2327] STATUS mode=1 fault=none p60=9 dp60=0 pwm=0 cpwm=0 uimp=19600 upos=140 uneg=0 ball=22.89 vball=-5.55 aball=0.0 bref=0.00 pid=0.0 apid=0.0 integ=0.0 vision=1 current=1 vframe=19906 vs=1 vage=21 vpage=21 vdt=97 vmax=6728 vacc=19490 vrej=0 seq=0 elapsed=0 oled=3C
[   2358] STATUS mode=1 fault=none p60=9 dp60=0 pwm=0 cpwm=0 uimp=19600 upos=140 uneg=0 ball=20.68 vball=-34.44 aball=0.0 bref=0.00 pid=0.0 apid=0.0 integ=0.0 vision=1 current=1 vframe=19907 vs=1 vage=7 vpage=7 vdt=34 vmax=6728 vacc=19491 vrej=0 seq=0 elapsed=0 oled=3C
[   2375] STATUS mode=1 fault=none p60=9 dp60=0 pwm=0 cpwm=0 uimp=19600 upos=140 uneg=0 ball=20.68 vball=-34.44 aball=0.0 bref=0.00 pid=0.0 apid=0.0 integ=0.0 vision=1 current=1 vframe=19907 vs=1 vage=27 vpage=27 vdt=34 vmax=6728 vacc=19491 vrej=0 seq=0 elapsed=0 oled=3C
[   2406] STATUS mode=1 fault=none p60=9 dp60=0 pwm=0 cpwm=0 uimp=19600 upos=140 uneg=0 ball=19.52 vball=-34.65 aball=0.0 bref=0.00 pid=0.0 apid=0.0 integ=0.0 vision=1 current=1 vframe=19908 vs=1 vage=14 vpage=14 vdt=33 vmax=6728 vacc=19492 vrej=0 seq=0 elapsed=0 oled=3C
[   2420] STATUS mode=1 fault=none p60=9 dp60=0 pwm=0 cpwm=0 uimp=19600 upos=140 uneg=0 ball=19.52 vball=-34.65 aball=0.0 bref=0.00 pid=0.0 apid=0.0 integ=0.0 vision=1 current=1 vframe=19908 vs=1 vage=34 vpage=34 vdt=33 vmax=6728 vacc=19492 vrej=0 seq=0 elapsed=0 oled=3C
[   2452] STATUS mode=1 fault=none p60=9 dp60=0 pwm=0 cpwm=0 uimp=19600 upos=140 uneg=0 ball=19.52 vball=-34.65 aball=0.0 bref=0.00 pid=0.0 apid=0.0 integ=0.0 vision=1 current=1 vframe=19908 vs=1 vage=54 vpage=54 vdt=33 vmax=6728 va
[   2452] cc=19492 vrej=0 seq=0 elapsed=0 oled=3C
[   2467] STATUS mode=1 fault=none p60=9 dp60=0 pwm=0 cpwm=0 uimp=19600 upos=140 uneg=0 ball=19.52 vball=-34.65 aball=0.0 bref=0.00 pid=0.0 apid=0.0 integ=0.0 vision=1 current=1 vframe=19908 vs=1 vage=74 vpage=74 vdt=33 vmax=6728 vacc=19492 vrej=0 seq=0 elapsed=0 oled=3C
[   2500] STATUS mode=1 fault=none p60=9 dp60=0 pwm=0 cpwm=0 uimp=19600 upos=140 uneg=0 ball=17.29 vball=-32.37 aball=0.0 bref=0.00 pid=0.0 apid=0.0 integ=0.0 vision=1 current=1 vframe=19909 vs=1 vage=20 vpage=20 vdt=94 vmax=6728 vacc=19493 vrej=0 seq=0 elapsed=0 oled=3C
[   2515] STATUS mode=1 fault=none p60=9 dp60=0 pwm=0 cpwm=0 uimp=19600 upos=140 uneg=0 ball=14.97 vball=-68.05 aball=0.0 bref=0.00 pid=0.0 apid=0.0 integ=0.0 vision=1 current=1 vframe=19910 vs=1 vage=18 vpage=18 vdt=22 vmax=6728 vacc=19494 vrej=0 seq=0 elapsed=0 oled=3C
[   2545] STATUS mode=1 fault=none p60=9 dp60=0 pwm=0 cpwm=0 uimp=19600 upos=140 uneg=0 ball=13.17 vball=-59.93 aball=0.0 bref=0.00 pid=0.0 apid=0.0 integ=0.0 vision=1 current=1 vframe=19911 vs=1 vage=5 vpage=5 vdt=33 vmax=6728 vacc=19495 vrej=0 seq=0 elapsed=0 oled=3C
[   2561] STATUS mode=1 fault=none p60=9 dp60=0 pwm=0 cpwm=0 uimp=19600 upos=140 uneg=0 ball=13.17 vball=-59.93 aball=0.0 bref=0.00 pid=0.0 apid=0.0 integ=0.0 vision=1 current=1 vframe=19911 vs=1 vage=25 vpage=25 vdt=33 vmax=6728 vacc=19495 vrej=0 seq=0 elapsed=0 oled=3C
[   2592] STATUS mode=1 fault=none p60=9 dp60=0 pwm=0 cpwm=0 uimp=19600 upos=140 uneg=0 ball=13.17 vball=-59.93 aball=0.0 bref=0.00 pid=0.0 apid=0.0 integ=0.0 vision=1 current=1 vframe=19911 vs=1 vage=45 vpage=45 vdt=33 vmax=6728 vacc=19495 vrej=0 seq=0 elapsed=0 oled=3C
[   2608] STATUS mode=1 fault=none p60=9 dp60=0 pwm=0 cpwm=0 uimp=19600 upos=140 uneg=0 ball=13.17 vball=-59.93 aball=0.0 bref=0.00 pid=0.0 apid=0.0 integ=0.0 vision=1 current=1 vframe=1991
[   2608] >>> pulse 0 500
[   2608] 1 vs=1 vage=65 vpage=65 vdt=33 vmax=6728 vacc=19495 vrej=0 seq=0 elapsed=0 oled=3C
[   2608] OK pulse pwm=0 ms=500
[   2640] STATUS mode=2 fault=none p60=9 dp60=0 pwm=0 cpwm=0 uimp=19600 upos=140 uneg=0 ball=13.17 vball=-59.93 aball=0.0 bref=0.00 pid=0.0 apid=0.0 integ=0.0 vision=1 current=1 vframe=19911 vs=1 vage=105 vpage=105 vdt=33 vmax=6728 vacc=19495 vrej=0 seq=0 elapsed=0 oled=3C
[   2656] STATUS mode=2 fault=none p60=9 dp60=0 pwm=0 cpwm=0 uimp=19600 upos=140 uneg=0 ball=6.73 vball=-112.33 aball=0.0 bref=0.00 pid=0.0 apid=0.0 integ=0.0 vision=1 current=1 vframe=19913 vs=1 vage=3 vpage=3 vdt=15 vmax=6728 vacc=19497 vrej=0 seq=0 elapsed=0 oled=3C
[   2686] STATUS mode=2 fault=none p60=9 dp60=0 pwm=0 cpwm=0 uimp=19600 upos=140 uneg=0 ball=6.73 vball=-112.33 aball=0.0 bref=0.00 pid=0.0 apid=0.0 integ=0.0 vision=1 current=1 vframe=19913 vs=1 vage=23 vpage=23 vdt=15 vmax=6728 vacc=19497 vrej=0 seq=0 elapsed=0 oled=3C
[   2702] STATUS mode=2 fault=none p60=9 dp60=0 pwm=0 cpwm=0 uimp=19600 upos=140 uneg=0 ball=4.65 vball=-91.60 aball=0.0 bref=0.00 pid=0.0 apid=0.0 integ=0.0 vision=1 current=1 vframe=19914 vs=1 vage=15 vpage=15 vdt=28 vmax=6728 vacc=19498 vrej=0 seq=0 elapsed=0 oled=3C
[   2717] STATUS mode=2 fault=none p60=9 dp60=0 pwm=0 cpwm=0 uimp=19600 upos=140 uneg=0 ball=4.65 vball=-91.60 aball=0.0 bref=0.00 pid=0.0 apid=0.0 integ=0.0 vision=1 current=1 vframe=19914 vs=1 vage=35 vpage=35 vdt=28 vmax=6728 vacc=19498 vrej=0 seq=0 elapsed=0 oled=3C
[   2750] STATUS mode=2 fault=none p60=9 dp60=0 pwm=0 cpwm=0 uimp=19600 upos=140 uneg=0 ball=4.65 vball=-91.60 aball=0.0 bref=0.00 pid=0.0 apid=0.0 integ=0.0 vision=1 current=1 vframe=19914 vs=1 vage=55 vpage=55 vdt=28 vmax=6728 vacc=19498 vrej=0 seq=0 elapsed=0 oled=3C
[   2765] STATUS mode=2 fault=none p60=9 dp60=0 pwm=0 cpwm=0 uimp=19600 upos=140 uneg=0 ball=4.65 vball=-91.60 aball=0.0 bref=0.00 pid=0.0 apid=0.0 integ=0.0 vision=1 current=1 vframe=19914 vs=1 vage=75 vpage=75 vdt=28 vmax=6728 vacc=19498 vrej=0 seq=0 elapsed=0 oled=3C
[   2795] STATUS mode=2 fault=none p60=9 dp60=0 pwm=0 cpwm=0 uimp=19600 upos=140 uneg=0 ball=0.24 vball=-75.70 aball=0.0 bref=0.00 pid=0.0 apid=0.0 integ=0.0 vision=1 current=1 vframe=19915 vs=1 vage=17 vpage=17 vdt=98 vmax=6728 vacc=19499 vrej=0 seq=0 elapsed=0 oled=3C
[   2811] STATUS mode=2 fault=none p60=9 dp60=0 pwm=0 cpwm=0 uimp=19600 upos=140 uneg=0 ball=-5.29 vball=-133.27 aball=0.0 bref=0.00 pid=0.0 apid=0.0 integ=0.0 vision=1 current=1 vframe=19916 vs=1 vage=2 vpage=2 vdt=35 vmax=6728 vacc=19500 vrej=0 seq=0 elapsed=0 oled=3C
[   2842] STATUS mode=2 fault=none p60=9 dp60=0 pwm=0 cpwm=0 uimp=19600 upos=140 uneg=0 ball=-5.29 vball=-133.27 aball=0.0 bref=0.00 pid=0.0 apid=0.0 integ=0.0 vision=1 current=1 vframe=19916 vs=1 vage=22 vpage=22 vdt=35 vmax=6728 vacc=19500 vrej=0 seq=0 elapsed=0 oled=3C
[   2858] STATUS mode=2 fault=none p60=9 dp60=0 pwm=0 cpwm=0 uimp=19600 upos=140 uneg=0 ball=-5.29 vball=-133.27 aball=0.0 bref=0.00 pid=0.0 apid=0.0 integ=0.0 vision=1 current=1 vframe=19916 vs=1 vage=42 vpage=42 vdt=35 vmax=6728 vacc=19500 vrej=0 seq=0 elapsed=0 oled=3C
[   2890] STATUS mode=2 fault=none p60=9 dp60=0 pwm=0 cpwm=0 uimp=19600 upos=140 uneg=0 ball=-5.29 vball=-133.27 aball=0.0 bref=0.00 pid=0.0 apid=0.0 integ=0.0 vision=1 current=1 vframe=19916 vs=1 vage=62 vpage=62 vdt=35 vmax=6728 vacc=19500 vrej=0 seq=0 elapsed=0 oled=3C
[   2906] STATUS mode=2 fault=none p60=9 dp60=0 pwm=0 cpwm=0 uimp=19600 upos=140 uneg=0 ball=-5.29 vball=-133.27 aball=0.0 bref=0.00 pid=0.0 apid=0.0 integ=0.0 vision=1 current=1 vframe=19916 vs=1 vage=82 vpage=82 vdt=35 vmax=6728 vacc=19500 vrej=0 seq=0 elapsed=0 oled=3C
[   2936] STATUS mode=2 fault=none p60=9 dp60=0 pwm=0 cpwm=0 uimp=19600 upos=140 uneg=0 ball=-5.29 vball=-133.27 aball=0.0 bref=0.00 pid=0.0 apid=0.0 integ=0.0 vision=1 current=1 vframe=19916 vs=1 vage=102 vpage=102 vdt=35 vmax=6728 vacc=19500 vrej=0 seq=0 elapsed=0 oled=3C
[   2952] STATUS mode=2 fault=none p60=9 dp60=0 pwm=0 cpwm=0 uimp=19600 upos=140 uneg=0 ball=-10.90 vball=-89.19 aball=0.0 bref=0.00 pid=0.0 apid=0.0 integ=0.0 vision=1 current=1 vframe=19918 vs=1 vage=27 vpage=27 vdt=6 vmax=6728 vacc=19502 vrej=0 seq=0 elapsed=0 oled=3C
[   2967] STATUS mode=2 fault=none p60=9 dp60=0 pwm=0 cpwm=0 uimp=19600 upos=140 uneg=0 ball=-17.51 vball=-163.05 aball=0.0 bref=0.00 pid=0.0 apid=0.0 integ=0.0 vision=1 current=1 vframe=19919 vs=1 vage=11 vpage=11 vdt=36 vmax=6728 vacc=19503 vrej=0 seq=0 elapsed=0 oled=3C
[   3000] STATUS mode=2 fault=none p60=9 dp60=0 pwm=0 cpwm=0 uimp=19600 upos=140 uneg=0 ball=-17.51 vball=-163.05 aball=0.0 bref=0.00 pid=0.0 apid=0.0 integ=0.0 vision=1 current=1 vframe=19919 vs=1 vage=31 vpage=31 vdt=36 vmax=6728 vacc=19503 vrej=0 seq=0 elapsed=0 oled=3C
[   3015] STATUS mode=2 fault=none p60=9 dp60=0 pwm=0 cpwm=0 uimp=19600 upos=140 uneg=0 ball=-17.51 vball=-163.05 aball=0.0 bref=0.00 pid=0.0 apid=0.0 integ=0.0 vision=1 current=1 vframe=19919 vs=1 vage=51 vpage=51 vdt=36 vmax=6728 vacc=19503 vrej=0 seq=0 elapsed=0 oled=3C
[   3045] STATUS mode=2 fault=none p60=9 dp60=0 pwm=0 cpwm=0 uimp=19600 upos=140 uneg=0 ball=-17.51 vball=-163.05 aball=0.0 bref=0.00 pid=0.0 apid=0.0 integ=0.0 vision=1 current=1 vframe=19919 vs=1 vage=71 vpage=71 vdt=36 vmax=6728 vacc=19503 vrej=0 seq=0 elapsed=0 oled=3C
[   3061] STATUS mode=2 fault=none p60=9 dp60=0 pwm=0 cpwm=0 uimp=19600 upos=140 uneg=0 ball=-17.51 vball=-163.05 aball=0.0 bref=0.00 pid=0.0 apid=0.0 integ=0.0 vision=1 current=1 vframe=19919 vs=1 vage=91 vpage=91 vdt=36 vmax=6728 vacc=19503 vrej=0 seq=0 elapsed=0 oled=3C
[   3092] STATUS mode=2 fault=none p60=9 dp60=0 pwm=0 cpwm=0 uimp=19600 upos=140 uneg=0 ball=-20.55 vball=-128.98 aball=0.0 bref=0.00 pid=0.0 apid=0.0 integ=0.0 vision=1 current=1 vframe=19920 vs=1 vage=6 vpage=6 vdt=105 vmax=6728 vacc=19504 vrej=0 seq=0 elapsed=0 oled=3C
[   3108] STATUS mode=2 fault=none p60=9 dp60=0 pwm=0 cpwm=0 uimp=19600 upos=140 uneg=0 ball=-29.63 vball=-184.99 aball=0.0 bref=0.00 pid=0.0 apid=0.0 integ=0.0 vision=1 current=1 vframe=19922 vs=1 vage=17 vpage=17 vdt=22 vmax=6728 vacc=19506 vrej=0 seq=0 elapsed=0 oled=3C
[   3140] STATUS mode=1 fault=none p60=9 dp60=0 pwm=0 cpwm=0 uimp=19600 upos=140 uneg=0 ball=-33.39 vball=-148.63 aball=0.0 bref=0.00 pid=0.0 apid=0.0 integ=0.0 vision=1 current=1 vframe=19923 vs=1 vage=4 vpage=4 vdt=33 vmax=6728 vacc=19507 vrej=0 seq=0 elapsed=0 oled=3C
[   3156] STATUS mode=1 fault=none p60=9 dp60=0 pwm=0 cpwm=0 uimp=19600 upos=140 uneg=0 ball=-33.39 vball=-148.63 aball=0.0 bref=0.00 pid=0.0 apid=0.0 integ=0.0 vision=1 current=1 vframe=19923 vs=1 vage=24 vpage=24 vdt=33 vmax=6728 vacc=19507 vrej=0 seq=0 elapsed=0 oled=3C
[   3186] STATUS mode=1 fault=none p60=9 dp60=0 pwm=0 cpwm=0 uimp=19600 upos=140 uneg=0 ball=-33.39 vball=-148.63 aball=0.0 bref=0.00 pid=0.0 apid=0.0 integ=0.0 vision=1 current=1 vframe=19923 vs=1 vage=44 vpage=44 vdt=33 vmax=6728 vacc=19507 vrej=0 seq=0 elapsed=0 oled=3C
[   3202] STATUS mode=1 fault=none p60=9 dp60=0 pwm=0 cpwm=0 uimp=19600 upos=140 uneg=0 ball=-33.39 vball=-148.63 aball=0.0 bref=0.00 pid=0.0 apid=0.0 integ=0.0 vision=1 current=1 vframe=19923 vs=1 vage=64 vpage=64 vdt=33 vmax=6728 vacc=19507 vrej=0 seq=0 elapsed=0 oled=3C
[   3217] STATUS mode=1 fault=none p60=9 dp60=0 pwm=0 cpwm=0 uimp
[   3233] =19600 upos=140 uneg=0 ball=-33.39 vball=-148.63 aball=0.0 bref=0.00 pid=0.0 apid=0.0 integ=0.0 vision=1 current=1 vframe=19923 vs=1 vage=84 vpage=84 vdt=33 vmax=6728 vacc=19507 vrej=0 seq=0 elapsed=0 oled=3C
[   3250] STATUS mode=1 fault=none p60=9 dp60=0 pwm=0 cpwm=0 uimp=19600 upos=140 uneg=0 ball=-39.02 vball=-111.04 aball=0.0 bref=0.00 pid=0.0 apid=0.0 integ=0.0 vision=1 current=1 vframe=19924 vs=1 vage=7 vpage=7 vdt=97 vmax=6728 vacc=19508 vrej=0 seq=0 elapsed=0 oled=3C
[   3281] STATUS mode=1 fault=none p60=9 dp60=0 pwm=0 cpwm=0 uimp=19600 upos=140 uneg=0 ball=-46.61 vball=-179.18 aball=0.0 bref=0.00 pid=0.0 apid=0.0 integ=0.0 vision=1 current=1 vframe=19925 vs=1 vage=10 vpage=10 vdt=37 vmax=6728 vacc=19509 vrej=0 seq=0 elapsed=0 oled=3C
[   3295] STATUS mode=1 fault=none p60=9 dp60=0 pwm=0 cpwm=0 uimp=19600 upos=140 uneg=0 ball=-46.61 vball=-179.18 aball=0.0 bref=0.00 pid=0.0 apid=0.0 integ=0.0 vision=1 current=1 vframe=19925 vs=1 vage=30 vpage=30 vdt=37 vmax=6728 vacc=19509 vrej=0 seq=0 elapsed=0 oled=3C
[   3327] STATUS mode=1 fault=none p60=9 dp60=0 pwm=0 cpwm=0 uimp=19600 upos=140 uneg=0 ball=-46.61 vball=-179.18 aball=0.0 bref=0.00 pid=0.0 apid=0.0 integ=0.0 vision=1 current=1 vframe=19925 vs=1 vage=50 vpage=50 vdt=37 vmax=6728 vacc=19509 vrej=0 seq=0 elapsed=0 oled=3C
[   3342] STATUS mode=1 fault=none p60=9 dp60=0 pwm=0 cpwm=0 uimp=19600 upos=140 uneg=0 ball=-46.61 vball=-179.18 aball=0.0 bref=0.00 pid=0.0 apid=0.0 integ=0.0 vision=1 current=1 vframe=19925 vs=1 vage=70 vpage=70 vdt=37 vmax=6728 vacc=19509 vrej=0 seq=0 elapsed=0 oled=3C
[   3375] STATUS mode=1 fault=none p60=9 dp60=0 pwm=0 cpwm=0 uimp=19600 upos=140 uneg=0 ball=-46.61 vball=-179.18 aball=0.0 bref=0.00 pid=0.0 apid=0.0 integ=0.0 vision=1 current=1 vframe=19925 vs=1 vage=90 vpage=90 vdt=37 vmax=6728 vacc=19509 vrej=0 seq=0 elapsed=0 oled=3C
[   3390] STATUS mode=1 fault=none p60=9 dp60=0 pwm=0 cpwm=0 uimp=19600 upos=140 uneg=0 ball=-49.74 vball=-138.81 aball=0.0 bref=0.00 pid=0.0 apid=0.0 integ=0.0 vision=1 current=1 vframe=19926 vs=1 vage=2 vpage=2 vdt=108 vmax=6728 vacc=19510 vrej=0 seq=0 elapsed=0 oled=3C
[   3406] STATUS mode=1 fault=none p60=9 dp60=0 pwm=0 cpwm=0 uimp=19600 upos=140 uneg=0 ball=-54.00 vball=-114.35 aball=0.0 bref=0.00 pid=0.0 apid=0.0 integ=0.0 vision=1 current=1 vframe=19927 vs=1 vage=34 vpage=34 vdt=8 vmax=6728 vacc=19511 vrej=0 seq=0 elapsed=0 oled=3C
[   3436] STATUS mode=1 fault=none p60=9 dp60=0 pwm=0 cpwm=0 uimp=19600 upos=140 uneg=0 ball=-61.66 vball=-166.53 aball=0.0 bref=0.00 pid=0.0 apid=0.0 integ=0.0 vision=1 current=1 vframe=19928 vs=1 vage=20 vpage=20 vdt=34 vmax=6728 vacc=19512 vrej=0 seq=0 elapsed=0 oled=3C
[   3452] STATUS mode=1 fault=none p60=9 dp60=0 pwm=0 cpwm=0 uimp=19600 upos=140 uneg=0 ball=-65.45 vball=-141.80 aball=0.0 bref=0.00 pid=0.0 apid=0.0 integ=0.0 vision=1 current=1 vframe=19929 vs=1 vage=7 vpage=7 vdt=33 vmax=6728 vacc=19513 vrej=0 seq=0 elapsed=0 oled=3C
[   3483] STATUS mode=1 fault=none p60=9 dp60=0 pwm=0 cpwm=0 uimp=19600 upos=140 uneg=0 ball=-65.45 vball=-141.80 aball=0.0 bref=0.00 pid=0.0 apid=0.0 integ=0.0 vision=1 current=1 vframe=19929 vs=1 vage=27 vpage=27 vdt=33 vmax=6728 vacc=19513 vrej=0 seq=0 elapsed=0 oled=3C
[   3500] STATUS mode=1 fault=none p60=9 dp60=0 pwm=0 cpwm=0 uimp=19600 upos=140 uneg=0 ball=-65.45 vball=-141.80 aball=0.0 bref=0.00 pid=0.0 apid=0.0 integ=0.0 vision=1 current=1 vframe=19929 vs=1 vage=47 vpage=47 vdt=33 vmax=6728 vacc=19513 vrej=0 seq=0 elapsed=0 oled=3C
[   3531] STATUS mode=1 fault=none p60=9 dp60=0 pwm=0 cpwm=0 uimp=19600 upos=140 uneg=0 ball=-65.45 vball=-141.80 aball=0.0 bref=0.00 pid=0.0 apid=0.0 integ=0.0 vision=1 current=1 vframe=19929 vs=1 vage=67 vpage=67 vdt=33 vmax=6728 vacc=19513 vrej=0 seq=0 elapsed=0 oled=3C
[   3545] STATUS mode=1 fault=none p60=9 dp60=0 pwm=0 cpwm=0 uimp=19600 upos=140 uneg=0 ball=-65.45 vball=-141.80 aball=0.0 bref=0.00 pid=0.0 apid=0.0 integ=0.0 vision=1 current=1 vframe=19929 vs=1 vage=87 vpage=87 vdt=33 vmax=6728 vacc=19513 vrej=0 seq=0 elapsed=0 oled=3C
[   3577] STATUS mode=1 fault=none p60=9 dp60=0 pwm=0 cpwm=0 uimp=19600 upos=140 uneg=0 ball=-70.95 vball=-105.07 aball=0.0 bref=0.00 pid=0.0 apid=0.0 integ=0.0 vision=1 current=1 vframe=19930 vs=1 vage=28 vpage=28 vdt=99 vmax=6728 vacc=19514 vrej=0 seq=0 elapsed=0 oled=3C
[   3592] STATUS mode=1 fault=none p60=9 dp60=0 pwm=0 cpwm=0 uimp=19600 upos=140 uneg=0 ball=-79.42 vball=-196.33 aball=0.0 bref=0.00 pid=0.0 apid=0.0 integ=0.0 vision=1 current=1 vframe=19931 vs=1 vage=14 vpage=14 vdt=34 vmax=6728 vacc=19515 vrej=0 seq=0 elapsed=0 oled=3C
[   3625] STATUS mode=1 fault=none p60=9 dp60=0 pwm=0 cpwm=0 uimp=19600 upos=140 uneg=0 ball=-79.42 vball=-196.33 aball=0.0 bref=0.00 pid=0.0 apid=0.0 integ=0.0 vision=1 current=1 vframe=19931 vs=1 vage=34 vpage=34 vdt=34 vmax=6728 vacc=19515 vrej=0 seq=0 elapsed=0 oled=3C
[   3640] STATUS mode=1 fault=none p60=9 dp60=0 pwm=0 cpwm=0 uimp=19600 upos=140 uneg=0 ball=-79.42 vball=-196.33 aball=0.0 bref=0.00 pid=0.0 apid=0.0 integ=0.0 vision=1 current=1 vframe=19931 vs=1 vage=54 vpage=54 vdt=34 vmax=6728 vacc=19515 vrej=0 seq=0 elapsed=0 oled=3C
[   3670] STATUS mode=1 fault=none p60=9 dp60=0 pwm=0 cpwm=0 uimp=19600 upos=140 uneg=0 ball=-79.42 vball=-196.33 aball=0.0 bref=0.00 pid=0.0 apid=0.0 integ=0.0 vision=1 current=1 vframe=19931 vs=1 vage=74 vpage=74 vdt=34 vmax=6728 vacc=19515 vrej=0 seq=0 elapsed=0 oled=3C
[   3686] STATUS mode=1 fault=none p60=9 dp60=0 pwm=0 cpwm=0 uimp=19600 upos=140 uneg=0 ball=-79.42 vball=-196.33 aball=0.0 bref=0.00 pid=0.0 apid=0.0 integ=0.0 vision=1 current=1 vframe=19931 vs=1 vage=94 vpage=94 vdt=34 vmax=6728 vacc=19515 vrej=0 seq=0 elapsed=0 oled=3C
[   3717] STATUS mode=1 fault=none p60=9 dp60=0 pwm=0 cpwm=0 uimp=19600 upos=140 uneg=0 ball=-86.87 vball=-121.37 aball=0.0 bref=0.00 pid=0.0 apid=0.0 integ=0.0 vision=1 current=1 vframe=19933 vs=1 vage=2 vpage=2 vdt=6 vmax=6728 vacc=19517 vrej=0 seq=0 elapsed=0 oled=3C
[   3733] STATUS mode=1 fault=none p60=9 dp60=0 pwm=0 cpwm=0 uimp=19600 upos=140 uneg=0 ball=-92.61 vball=-208.14 aball=0.0 bref=0.00 pid=0.0 apid=0.0 integ=0.0 vision=1 current=1 vframe=19934 vs=1 vage=21 vpage=21 vdt=21 vmax=6728 vacc=19518 vrej=0 seq=0 elapsed=0 oled=3C
[   3765] STATUS mode=1 fault=none p60=9 dp60=0 pwm=0 cpwm=0 uimp=19600 upos=140 uneg=0 ball=-96.60 vball=-164.80 aball=0.0 bref=0.00 pid=0.0 apid=0.0 integ=0.0 vision=1 current=1 vframe=19935 vs=1 vage=8 vpage=8 vdt=33 vmax=6728 vacc=19519 vrej=0 seq=0 elapsed=0 oled=3C
[   3781] STATUS mode=1 fault=none p60=9 dp60=0 pwm=0 cpwm=0 uimp=19600 upos=140 uneg=0 ball=-96.60 vball=-164.80 aball=0.0 bref=0.00 pid=0.0 apid=0.0 integ=0.0 vision=1 current=1 vframe=19935 vs=1 vage=28 vpage=28 vdt=33 vmax=6728 vacc=19519 vrej=0 seq=0 elapsed=0 oled=3C
[   3795] STATUS mode=1 fault=none p60=9 dp60=0 pwm=0 cpwm=0 uimp=19600 upos=140 uneg=0 ball=-96.60 vball=-164.80 aball=0.0 bref=0.00 pid=0.0 apid=0.0 integ=0.0 vision=1 current=1 vframe=19935 vs=1 vage=48 vpage=48 vdt=33 vmax=6728 vacc=19519 vrej=0 seq=0 elapsed=0 oled=3C
[   3827] STATUS mode=1 fault=none p60=9 dp60=0 pwm=0 cpwm=0 uimp=19600 upos=140 uneg=0 ball=-96.60 vball=-164.80 aball=0.0 bref=0.00 pid=0.0 apid=0.0 integ=0.0 vision=1 current=1 vframe=19935 vs=1 vage=68 vpage=68 vdt=33 vmax=6728 vacc=19519 vrej=0 seq=0 elapsed=0 oled=3C
[   3842] STATUS mode=1 fault=none p60=9 dp60=0 pwm=0 cpwm=0 uimp=19600 upos=140 uneg=0 ball=-96.60 vball=-164.80 aball=0.0 bref=0.00 pid=0.0 apid=0.0 integ=0.0 vision=1 current=1 vframe=19935 vs=1 vage=88 vpage=88 vdt=33 vmax=6728 vacc=19519 vrej=0 seq=0 elapsed=0 oled=3C
[   3875] STATUS mode=1 fault=none p60=9 dp60=0 pwm=0 cpwm=0 uimp=19600 upos=140 uneg=0 ball=-102.13 vball=-119.24 aball=0.0 bref=0.00 pid=0.0 apid=0.0 integ=0.0 vision=1 current=1 vframe=19936 vs=1 vage=12 vpage=12 vdt=96 vmax=6728 vacc=19520 vrej=0 seq=0 elapsed=0 oled=3C
[   3890] STATUS mode=1 fault=none p60=9 dp60=0 pwm=0 cpwm=0 uimp=19600 upos=140 uneg=0 ball=-107.28 vball=-187.43 aball=0.0 bref=0.00 pid=0.0 apid=0.0 integ=0.0 vision=1 current=1 vframe=19937 vs=1 vage=31 vpage=31 vdt=21 vmax=6728 vacc=19521 vrej=0 seq=0 elapsed=0 oled=3C
[   3920] STATUS mode=1 fault=none p60=9 dp60=0 pwm=0 cpwm=0 uimp=19600 upos=140 uneg=0 ball=-111.52 vball=-158.95 aball=0.0 bref=0.00 pid=0.0 apid=0.0 integ=0.0 vision=1 current=1 vframe=19938 vs=1 vage=18 vpage=18 vdt=33 vmax=6728 vacc=19522 vrej=0 seq=0 elapsed=0 oled=3C
[   3936] STATUS mode=1 fault=none p60=9 dp60=0 pwm=0 cpwm=0 uimp=19600 upos=140 uneg=0 ball=-111.52 vball=-158.95 aball=0.0 bref=0.00 pid=0.0 apid=0.0 integ=0.0 vision=1 current=1 vframe=19938 vs=1 vage=38 vpage=38 vdt=33 vmax=6728 vacc=19522 vrej=0 seq=0 elapsed=0 oled=3C
[   3967] STATUS mode=1 fault=none p60=9 dp60=0 pwm=0 cpwm=0 uimp=19600 upos=140 uneg=0 ball=-111.52 vball=-158.95 aball=0.0 bref=0.00 pid=0.0 apid=0.0 integ=0.0 vision=1 current=1 vframe=19938 vs=1 vage=58 vpage=58 vdt=33 vmax=6728 vacc=19522 vrej=0 seq=0 elapsed=0 oled=3C
[   3983] STATUS mode=1 fault=none p60=9 dp60=0 pwm=0 cpwm=0 uimp=19600 upos=140 uneg=0 ball=-111.52 vball=-158.95 aball=0.0 bref=0.00 pid=0.0 apid=0.0 integ=0.0 vision=1 current=1 vframe=19938 vs=1 vage=78 vpage=78 vdt=33 vmax=6728 vacc=19522 vrej=0 seq=0 elapsed=0 oled=3C
[   4015] STATUS mode=1 fault=none p60=9 dp60=0 pwm=0 cpwm=0 uimp=19600 upos=140 uneg=0 ball=-111.52 vball=-158.95 aball=0.0 bref=0.00 pid=0.0 apid=0.0 integ=0.0 vision=1 current=1 vframe=19938 vs=1 vage=98 vpage=98 vdt=33 vmax=6728 vacc=19522 vrej=0 seq=0 elapsed=0 oled=3C
[   4031] STATUS mode=1 fault=none p60=9 dp60=0 pwm=0 cpwm=0 uimp=19600 upos=140 uneg=0 ball=-123.56 vball=-161.60 aball=0.0 bref=0.00 pid=0.0 apid=0.0 integ=0.0 vision=1 current=1 vframe=19940 vs=1 vage=5 vpage=5 vdt=34 vmax=6728 vacc=19524 vrej=0 seq=0 elapsed=0 oled=3C
[   4061] STATUS mode=1 fault=none p60=9 dp60=0 pwm=0 cpwm=0 uimp=19600 upos=140 uneg=0 ball=-123.56 vball=-161.60 aball=0.0 bref=0.00 pid=0.0 apid=0.0 integ=0.0 vision=1 current=1 vframe=19940 vs=1 vage=25 vpage=25 vdt=34 vmax=6728 vacc=19524 vrej=0 seq=0 elapsed=0 oled=3C
[   4077] STATUS mode=1 fault=none p60=9 dp60=0 pwm=0 cpwm=0 uimp=19600 upos=140 uneg=0 ball=-123.56 vball=-161.60 aball=0.0 bref=0.00 pid=0.0 apid=0.0 integ=0.0 vision=1 current=1 vframe=19940 vs=1 vage=45 vpage=45 vdt=34 vmax=6728 vacc=19524 vrej=0 seq=0 elapsed=0 oled=3C
[   4108] STATUS mode=1 fault=none p60=9 dp60=0 pwm=0 cpwm=0 uimp=19600 upos=140 uneg=0 ball=-123.56 vball=-161.60 aball=0.0 bref=0.00 pid=0.0 apid=0.0 integ=0.0 vision=1 current=1 vframe=19940 vs=1 vage=65 vpage=65 vdt=34 vmax=6728 vacc=19524 vrej=0 seq=0 elapsed=0 oled=3C
[   4125] STATUS mode=1 fault=none p60=9 dp60=0 pwm=0 cpwm=0 uimp=19600 upos=140 uneg=0 ball=-123.56 vball=-161.60 aball=0.0 bref=0.00 pid=0.0 apid=0.0 inte
[   4125] >>> status
[   4125] g=0.0 vision=1 current=1 vframe=19940 vs=1 vage=85 vpage=85 vdt=34 vmax=6728 vacc=19524 vrej=0 seq=0 elapsed=0 oled=3C
[   4156] STATUS mode=1 fault=none p60=9 dp60=0 pwm=0 cpwm=0 uimp=19600 upos=140 uneg=0 ball=-125.80 vball=-112.67 aball=0.0 bref=0.00 pid=0.0 apid=0.0 integ=0.0 vision=1 current=1 vframe=19941 vs=1 vage=6 vpage=6 vdt=106 vmax=6728 vacc=19525 vrej=0 seq=0 elapsed=0 oled=3C
[   4170] STATUS mode=1 fault=none p60=9 dp60=0 pwm=0 cpwm=0 uimp=19600 upos=140 uneg=0 ball=-125.23 vball=20.88 aball=00.0 bref=0.00 pid=0.0 apid=0.0 integ=0.0 vision=1 current=1 vframe=19942 vs=1 vage=12 vpage=12 vdt=7 vmax=6728 vacc=19526 vrej=0 seq=0 elapsed=0 oled=3C
[   4202] STATUS mode=1 fault=none p60=9 dp60=0 pwm=0 cpwm=0 uimp=19600 upos=140 uneg=0 ball=-125.23 vball=20.88 aball=0.0 bref=0.00 pid=0.0 apid=0.0 integ=0.0 vision=1 current=1 vframe=19943 vs=1 vage=32 vpage=32 vdt=20 vmax=6728 vacc=19527 vrej=0 seq=0 elapsed=0 oled=3C
[   4217] STATUS mode=1 fault=none p60=9 dp60=0 pwm=0 cpwm=0 uimp=19600 upos=140 uneg=0 ball=-124.90 vball=15.38 aball=0.0 bref=0.00 pid=0.0 apid=0.0 integ=0.0 vision=1 current=1 vframe=19944 vs=1 vage=19 vpage=19 vdt=33 vmax=6728 vacc=19528 vrej=0 seq=0 elapsed=0 oled=3C
[   4250] STATUS mode=1 fault=none p60=9 dp60=0 pwm=0 cpwm=0 uimp=19600 upos=140 uneg=0 ball=-124.90 vball=15.38 aball=0.0 bref=0.00 pid=0.0 apid=0.0 integ=0.0 vision=1 current=1 vframe=19944 vs=1 vage=39 vpage=39 vdt=33 vmax=6728 vacc=19528 vrej=0 seq=0 elapsed=0 oled=3C
[   4265] STATUS mode=1 fault=none p60=9 dp60=0 pwm=0 cpwm=0 uimp=19600 upos=140 uneg=0 ball=-124.90 vball=15.38 aball=0.0 bref=0.00 pid=0.0 apid=0.0 integ=0.0 vision=1 current=1 vframe=19944 vs=1 vage=59 vpage=59 vdt=33 vmax=6728 vacc=19528 vrej=0 seq=0 elapsed=0 oled=3C
[   4281] STATUS mode=1 fault=none p60=9 dp60=0 pwm=0 cpwm=0 uimp=19600 upos=140 uneg=0 ball=-124.90 vball=15.38 aball=0.0 bref=0.00 pid=0.0 apid=0.0 integ=0.0 vision=1 current=1 vframe=19944 vs=1 vage=79 vpage=79 vdt=33 vmax=6728 vacc=19528 vrej=0 seq=0 elapsed=0 oled=3C
[   4311] STATUS mode=1 fault=none p60=9 dp60=0 pwm=0 cpwm=0 uimp=19600 upos=140 uneg=0 ball=-124.90 vball=15.38 aball=0.0 bref=0.00 pid=0.0 apid=0.0 integ=0.0 vision=1 current=1 vframe=19944 vs=1 vage=99 vpage=99 vdt=33 vmax=6728 vacc=19528 vrej=0 seq=0 elapsed=0 oled=3C
[   4327] STATUS mode=1 fault=none p60=9 dp60=0 pwm=0 cpwm=0 uimp=19600 upos=140 uneg=0 ball=-125.00 vball=-1.55 aball=0.0 bref=0.00 pid=0.0 apid=0.0 integ=0.0 vision=1 current=1 vframe=19946 vs=1 vage=3 vpage=3 vdt=36 vmax=6728 vacc=19530 vrej=0 seq=0 elapsed=0 oled=3C
[   4358] STATUS mode=1 fault=none p60=9 dp60=0 pwm=0 cpwm=0 uimp=19600 upos=140 uneg=0 ball=-125.00 vball=-1.55 aball=0.0 bref=0.00 pid=0.0 apid=0.0 integ=0.0 vision=1 current=1 vframe=19946 vs=1 vage=23 vpage=23 vdt=36 vmax=6728 vacc=19530 vrej=0 seq=0 elapsed=0 oled=3C
[   4375] STATUS mode=1 fault=none p60=9 dp60=0 pwm=0 cpwm=0 uimp=19600 upos=140 uneg=0 ball=-125.00 vball=-1.55 aball=0.0 bref=0.00 pid=0.0 apid=0.0 integ=0.0 vision=1 current=1 vframe=19946 vs=1 vage=43 vpage=43 vdt=36 vmax=6728 vacc=19530 vrej=0 seq=0 elapsed=0 oled=3C
[   4406] STATUS mode=1 fault=none p60=9 dp60=0 pwm=0 cpwm=0 uimp=19600 upos=140 uneg=0 ball=-125.00 vball=-1.55 aball=0.0 bref=0.00 pid=0.0 apid=0.0 integ=0.0 vision=1 current=1 vframe=19946 vs=1 vage=63 vpage=63 vdt=36 vmax=6728 vacc=19530 vrej=0 seq=0 elapsed=0 oled=3C
[   4420] STATUS mode=1 fault=none p60=9 dp60=0 pwm=0 cpwm=0 uimp=19600 upos=140 uneg=0 ball=-125.00 vball=-1.55 aball=0.0 bref=0.00 pid=0.0 apid=0.0 integ=0.0 vision=1 current=1 vframe=19946 vs=1 vage=83 vpage=83 vdt=36 vmax=6728 vacc=19530 vrej=0 seq=0 elapsed=0 oled=3C
[   4452] STATUS mode=1 fault=none p60=9 dp60=0 pwm=0 cpwm=0 uimp=19600 upos=140 uneg=0 ball=-125.00 vball=-1.55 aball=0.0 bref=0.00 pid=0.0 apid=0.0 integ=0.0 vision=1 current=1 vframe=19946 vs=1 vage=103 vpage=103 vdt=36 vmax=6728 vacc=19530 vrej=0 seq=0 elapsed=0 oled=3C
[   4467] STATUS mode=1 fault=none p60=9 dp60=0 pwm=0 cpwm=0 uimp=19600 upos=140 uneg=0 ball=-125.02 vball=-0.72 aball=0.0 bref=0.00 pid=0.0 apid=0.0 integ=0.0 vision=1 current=1 vframe=19948 vs=1 vage=8 vpage=8 vdt=10 vmax=6728 vacc=19532 vrej=0 seq=0 elapsed=0 oled=3C
[   4500] STATUS mode=1 fault=none p60=9 dp60=0 pwm=0 cpwm=0 uimp=19600 upos=140 uneg=0 ball=-125.00 vball=0.08 aball=0.0 bref=0.00 pid=0.0 apid=0.0 integ=0.0 vision=1 current=1 vframe=19949 vs=1 vage=29 vpage=29 vdt=19 vmax=6728 vacc=19533 vrej=0 seq=0 elapsed=0 oled=3C
[   4515] STATUS mode=1 fault=none p60=9 dp60=0 pwm=0 cpwm=0 uimp=19600 upos=140 uneg=0 ball=-125.00 vball=0.08 aball=0.0 bref=0.00 pid=0.0 apid=0.0 integ=0.0 vision=1 current=1 vframe=19950 vs=1 vage=18 vpage=18 vdt=31 vmax=6728 vacc=19534 vrej=0 seq=0 elapsed=0 oled=3C
[   4545] STATUS mode=1 fault=none p60=9 dp60=0 pwm=0 cpwm=0 uimp=19600 upos=140 uneg=0 ball=-125.00 vball=0.08 aball=0.0 bref=0.00 pid=0.0 apid=0.0 integ=0.0 vision=1 current=1 vframe=19950 vs=1 vage=38 vpage=38 vdt=31 vmax=6728 vacc=19534 vrej=0 seq=0 elapsed=0 oled=3C
[   4561] STATUS mode=1 fault=none p60=9 dp60=0 pwm=0 cpwm=0 uimp=19600 upos=140 uneg=0 ball=-125.00 vball=0.08 aball=0.0 bref=0.00 pid=0.0 apid=0.0 integ=0.0 vision=1 current=1 vframe=19950 vs=1 vage=58 vpage=58 vdt=31 vmax=6728 vacc=19534 vrej=0 seq=0 elapsed=0 oled=3C
[   4577] STATUS mode=1 fault=none p60=9 dp60=0 pwm=0 cpwm=0 uimp=19600 upos=140 uneg=0 ball=-125.00 vball=0.08 aball=0.0 bref=0.00 pid=0.0 apid=0.0 integ=0.0 vision=1 current=1 vframe=19950 vs=1 vage=78 vpage=78 vdt=31 vmax=6728 vacc=19534 vrej=0 seq=0 elapsed=0 oled=3C
[   4608] STATUS mode=1 fault=none p60=9 dp60=0 pwm=0 cpwm=0 uimp=19600 upos=140 uneg=0 ball=-115.47 vball=81.60 aball=0.0 bref=0.00 pid=0.0 apid=0.0 integ=0.0 vision=1 current=1 vframe=19951 vs=1 vage=2 vpage=2 vdt=96 vmax=6728 vacc=19535 vrej=0 seq=0 elapsed=0 oled=3C
[   4625] STATUS mode=1 fault=none p60=9 dp60=0 pwm=0 cpwm=0 uimp=19600 upos=140 uneg=0 ball=-114.80 vball=57.06 aball=0.0 bref=0.00 pid=0.0 apid=0.0 integ=0.0 vision=1 current=1 vframe=19952 vs=1 vage=1 vpage=1 vdt=21 vmax=6728 vacc=19536 vrej=0 seq=0 elapsed=0 oled=3C
[   4656] STATUS mode=1 fault=none p60=9 dp60=0 pwm=0 cpwm=0 uimp=19600 upos=140 uneg=0 ball=-114.59 vball=32.57 aball=0.0 bref=0.00 pid=0.0 apid=0.0 integ=0.0 vision=1 current=1 vframe=19953 vs=1 vage=8 vpage=8 vdt=33 vmax=6728 vacc=19537 vrej=0 seq=0 elapsed=0 oled=3C
[   4670] STATUS mode=1 fault=none p60=9 dp60=0 pwm=0 cpwm=0 uimp=19600 upos=140 uneg=0 ball=-114.59 vball=32.57 aball=0.0 bref=0.00 pid=0.0 apid=0.0 integ=0.0 vision=1 current=1 vframe=19953 vs=1 vage=28 vpage=28 vdt=33 vmax=6728 vacc=19537 vrej=0 seq=0 elapsed=0 oled=3C
[   4702] STATUS mode=1 fault=none p60=9 dp60=0 pwm=0 cpwm=0 uimp=19600 upos=140 uneg=0 ball=-114.59 vball=32.57 aball=0.0 bref=0.00 pid=0.0 apid=0.0 integ=0.0 vision=1 current=1 vframe=19953 vs=1 vage=48 vpage=48 vdt=33 vmax=6728 vacc=19537 vrej=0 seq=0 elapsed=0 oled=3C
[   4717] STATUS mode=1 fault=none p60=9 dp60=0 pwm=0 cpwm=0 uimp=19600 upos=140 uneg=0 ball=-114.59 vball=32.57 aball=0.0 bref=0.00 pid=0.0 apid=0.0 integ=0.0 vision=1 current=1 vframe=19953 vs=1 vage=68 vpage=68 vdt=33 vmax=6728 vacc=19537 vrej=0 seq=0 elapsed=0 oled=3C
[   4733] STATUS mode=1 fault=none p60=9 dp60=0 pwm=0 cpwm
[   4733] >>> stop
[   4750] =0 uimp=19600 upos=140 uneg=0 ball=-114.59 vball=32.57 aball=0.0 bref=0.00 pid=0.0 apid=0.0 integ=0.0 vision=1 current=1 vframe=19953 vs=1 vage=88 vpage=88 vdt=33 vmax=6728 vacc=19537 vrej=0 seq=0 elapsed=0 oled=3C
[   4765] STATUS mode=1 fault=none p60=9 dp60=0 pwm=0 cpwm=0 uimp=19600 upos=140 uneg=0 ball=-113.46 vball=23.71 aball=0.0 bref=0.00 pid=0.0 apid=0.0 integ=0.0 vision=1 current=1 vframe=19954 vs=1 vage=12 vpage=12 vdt=96 vmax=6728 vacc=19538 vrej=0 seq=0 elapsed=0 oled=3C
[   4795] STATUS mode=1 fault=none p60=9 dp60=0 pwm=0 cpwm=0 uimp=19600 upos=140 uneg=0 ball=-113.23 vball=16.72 aball=0.0 bref=0.00 pid=0.0 apid=0.0 integ=0.0 vision=1 current=1 vframe=19955 vs=1 vage=11 vpage=11 vdt=21 vmax=6728 vacc=19539 vrej=0 seq=0 elapsed=0 oled=3C
[   4811] STATUS mode=1 fault=none p60=9 dp60=0 pwm=0 cpwm=0 uimp=19600 upos=140 uneg=0 ball=-112.66 vball=16.71 aball=0.0 bref=0.00 pid=0.0 apid=0.0 integ=0.0 vision=1 current=1 vframe=19956 vs=1 vage=18 vpage=18 vdt=33 vmax=6728 vacc=19540 vrej=0 seq=0 elapsed=0 oled=3C
[   4842] STATUS mode=1 fault=none p60=9 dp60=0 pwm=0 cpwm=0 uimp=19600 upos=140 uneg=0 ball=-112.66 vball=16.71 aball=0.0 bref=0.00 pid=0.0 apid=0.0 integ=0.0 vision=1 current=1 vframe=19956 vs=1 vage=38 vpage=38 vdt=33 vmax=6728 vacc=19540 vrej=0 seq=0 elapsed=0 oled=3C
[   4858] STATUS mode=1 fault=none p60=9 dp60=0 pwm=0 cpwm=0 uimp=19600 upos=140 uneg=0 ball=-112.66 vball=16.71 aball=0.0 bref=0.00 pid=0.0 apid=0.0 integ=0.0 vision=1 current=1 vframe=19956 vs=1 vage=58 vpage=58 vdt=33 vmax=6728 vacc=19540 vrej=0 seq=0 elapsed=0 oled=3C
[   4890] STATUS mode=1 fault=none p60=9 dp60=0 pwm=0 cpwm=0 uimp=19600 upos=140 uneg=0 ball=-112.66 vball=16.71 aball=0.0 bref=0.00 pid=0.0 apid=0.0 integ=0.0 vision=1 current=1 vframe=19956 vs=1 vage=78 vpage=78 vdt=33 vmax=6728 vacc=19540 vrej=0 seq=0 elapsed=0 oled=3C
[   4906] STATUS mode=1 fault=none p60=9 dp60=0 pwm=0 cpwm=0 uimp=19600 upos=140 uneg=0 ball=-111.88 vball=13.98 aball=0.0 bref=0.00 pid=0.0 apid=0.0 integ=0.0 vision=1 current=1 vframe=19957 vs=1 vage=2 vpage=2 vdt=96 vmax=6728 vacc=19541 vrej=0 seq=0 elapsed=0 oled=3C
[   4920] STATUS mode=1 fault=none p60=9 dp60=0 pwm=0 cpwm=0 uimp=19600 upos=140 uneg=0 ball=-111.57 vball=14.47 aball=0.0 bref=0.00 pid=0.0 apid=0.0 integ=0.0 vision=1 current=1 vframe=19958 vs=1 vage=1 vpage=1 vdt=21 vmax=6728 vacc=19542 vrej=0 seq=0 elapsed=0 oled=3C
[   4952] STATUS mode=1 fault=none p60=9 dp60=0 pwm=0 cpwm=0 uimp=19600 upos=140 uneg=0 ball=-111.57 vball=14.47 aball=0.0 bref=0.00 pid=0.0 apid=0.0 integ=0.0 vision=1 current=1 vframe=19958 vs=1 vage=21 vpage=21 vdt=21 vmax=6728 vacc=19542 vrej=0 seq=0 elapsed=0 oled=3C
[   4967] STATUS mode=1 fault=none p60=9 dp60=0 pwm=0 cpwm=0 uimp=19600 upos=140 uneg=0 ball=-110.91 vball=16.54 aball=0.0 bref=0.00 pid=0.0 apid=0.0 integ=0.0 vision=1 current=1 vframe=19959 vs=1 vage=28 vpage=28 vdt=33 vmax=6728 vacc=19543 vrej=0 seq=0 elapsed=0 oled=3C
[   5000] STATUS mode=1 fault=none p60=9 dp60=0 pwm=0 cpwm=0 uimp=19600 upos=140 uneg=0 ball=-110.91 vball=16.54 aball=0.0 bref=0.00 pid=0.0 apid=0.0 integ=0.0 vision=1 current=1 vframe=19959 vs=1 vage=48 vpage=48 vdt=33 vmax=6728 vacc=19543 vrej=0 seq=0 elapsed=0 oled=3C
[   5015] STATUS mode=1 fault=none p60=9 dp60=0 pwm=0 cpwm=0 uimp=19600 upos=140 uneg=0 ball=-110.91 vball=16.54 aball=0.0 bref=0.00 pid=0.0 apid=0.0 integ=0.0 vision=1 current=1 vframe=19959 vs=1 vage=68 vpage=68 vdt=33 vmax=6728 vacc=19543 vrej=0 seq=0 elapsed=0 oled=3C
[   5045] STATUS mode=1 fault=none p60=9 dp60=0 pwm=0 cpwm=0 uimp=19600 upos=140 uneg=0 ball=-110.91 vball=16.54 aball=0.0 bref=0.00 pid=0.0 apid=0.0 integ=0.0 vision=1 current=1 vframe=19959 vs=1 vage=88 vpage=88 vdt=33 vmax=6728 vacc=19543 vrej=0 seq=0 elapsed=0 oled=3C
[   5061] STATUS mode=1 fault=none p60=9 dp60=0 pwm=0 cpwm=0 uimp=19600 upos=140 uneg=0 ball=-110.84 vball=8.25 aball=0.0 bref=0.00 pid=0.0 apid=0.0 integ=0.0 vision=1 current=1 vframe=19960 vs=1 vage=13 vpage=13 vdt=95 vmax=6728 vacc=19544 vrej=0 seq=0 elapsed=0 oled=3C
[   5092] STATUS mode=1 fault=none p60=9 dp60=0 pwm=0 cpwm=0 uimp=19600 upos=140 uneg=0 ball=-109.88 vball=28.85 aball=0.0 bref=0.00 pid=0.0 apid=0.0 integ=0.0 vision=1 current=1 vframe=19961 vs=1 vage=11 vpage=11 vdt=22 vmax=6728 vacc=19545 vrej=0 seq=0 elapsed=0 oled=3C
[   5108] STATUS mode=1 fault=none p60=9 dp60=0 pwm=0 cpwm=0 uimp=19600 upos=140 uneg=0 ball=-109.88 vball=28.85 aball=0.0 bref=0.00 pid=0.0 apid=0.0 integ=0.0 vision=1 current=1 vframe=19961 vs=1 vage=31 vpage=31 vdt=22 vmax=6728 vacc=19545 vrej=0 seq=0 elapsed=0 oled=3C
[   5140] STATUS mode=1 fault=none p60=9 dp60=0 pwm=0 cpwm=0 uimp=19600 upos=140 uneg=0 ball=-109.69 vball=17.62 aball=0.0 bref=0.00 pid=0.0 apid=0.0 integ=0.0 vision=1 current=1 vframe=19962 vs=1 vage=38 vpage=38 vdt=33 vmax=6728 vacc=19546 vrej=0 seq=0 elapsed=0 oled=3C
[   5156] STATUS mode=1 fault=none p60=9 dp60=0 pwm=0 cpwm=0 uimp=19600 upos=140 uneg=0 ball=-109.69 vball=17.62 aball=0.0 bref=0.00 pid=0.0 apid=0.0 integ=0.0 vision=1 current=1 vframe=19962 vs=1 vage=58 vpage=58 vdt=33 vmax=6728 vacc=19546 vrej=0 seq=0 elapsed=0 oled=3C
[   5186] STATUS mode=1 fault=none p60=9 dp60=0 pwm=0 cpwm=0 uimp=19600 upos=140 uneg=0 ball=-109.69 vball=17.62 aball=0.0 bref=0.00 pid=0.0 apid=0.0 integ=0.0 vision=1 current=1 vframe=19962 vs=1 vage=78 vpage=78 vdt=33 vmax=6728 vacc=19546 vrej=0 seq=0 elapsed=0 oled=3C
[   5202] STATUS mode=1 fault=none p60=9 dp60=0 pwm=0 cpwm=0 uimp=19600 upos=140 uneg=0 ball=-109.51 vball=9.61 aball=0.0 bref=0.00 pid=0.0 apid=0.0 integ=0.0 vision=1 current=1 vframe=19963 vs=1 vage=1 vpage=1 vdt=97 vmax=6728 vacc=19547 vrej=0 seq=0 elapsed=0 oled=3C
[   5217] STATUS mode=1 fault=none p60=9 dp60=0 pwm=0 cpwm=0 uimp=19600 upos=140 uneg=0 ball=-109.51 vball=9.61 aball=0.0 bref=0.00 pid=0.0 apid=0.0 integ=0.0 vision=1 current=1 vframe=19963 vs=1 vage=21 vpage=21 vdt=97 vmax=6728 vacc=19547 vrej=0 seq=0 elapsed=0 oled=3C
[   5250] STATUS mode=1 fault=none p60=9 dp60=0 pwm=0 cpwm=0 uimp=19600 upos=140 uneg=0 ball=-109.75 vball=-1.42 aball=0.0 bref=0.00 pid=0.0 apid=0.0 integ=0.0 vision=1 current=1 vframe=19964 vs=1 vage=5 vpage=5 vdt=36 vmax=6728 vacc=19548 vrej=0 seq=0 elapsed=0 oled=3C
[   5265] STATUS mode=1 fault=none p60=9 dp60=0 pwm=0 cpwm=0 uimp=19600 upos=140 uneg=0 ball=-109.75 vball=-1.42 aball=0.0 bref=0.00 pid=0.0 apid=0.0 integ=0.0 vision=1 current=1 vframe=19964 vs=1 vage=25 vpage=25 vdt=36 vmax=6728 vacc=19548 vrej=0 seq=0 elapsed=0 oled=3C
[   5295] STATUS mode=1 fault=none p60=9 dp60=0 pwm=0 cpwm=0 uimp=19600 upos=140 uneg=0 ball=-109.75 vball=-1.42 aball=0.0 bref=0.00 pid=0.0 apid=0.0 integ=0.0 vision=1 current=1 vframe=19964 vs=1 vage=65 vpage=65 vdt=36 vmax=6728 vacc=19548 vrej=0 seq=0 elapsed=0 oled=3C
[   5311] STATUS mode=1 fault=none p60=9 dp60=0 pwm=0 cpwm=0 uimp=19600 upos=140 uneg=0 ball=-109.75 vball=-1.42 aball=0.0 bref=0.00 pid=0.0 apid=0.0 integ=0.0 vision=1 current=1 vframe=19964 vs=1 vage=85 vpage=85 vdt=36 vmax=6728 vacc=19548 vrej=0 seq=0 elapsed=0 oled=3C
[   5342] STATUS mode=1 fault=none p60=9 dp60=0 pwm=0 cpwm=0 uimp=19600 upos=140 uneg=0 ball=-109.75 vball=-1.42 aball=0.0 bref=0.00 pid=0.0 apid=0.0 integ=0.0 vision=1 current=1 vframe=19964 vs=1 vage=105 vpage=105 vdt=36 vma
[   5342] >>> stream off
[   5342] x=6728 vacc=19548 vrej=0 seq=0 elapsed=0 oled=3C
[   5342] OK stream off
