[      0] >>> bench on
[      0] OK stepper visual-only bench active; command pose preserved
[    608] >>> clear
[    625] OK fault cleared
[   1250] >>> diag off
[   1250] ERR unknown command; use help
[   1858] >>> gain ball 1.2 2.0 2.0 -1
[   1875] OK ball gains kp=1.200 ki=2.000 kd=2.000 sign=-1
[   2483] >>> gain accel 0
[   2500] OK ball acceleration gain ka=0.000
[   3108] >>> limit rate 400
[   3125] OK ball rate limit=400 steps/s
[   3733] >>> stream 50
[   3750] ERR unknown command; use help
[   4358] >>> ball 0
[   4375] OK visual step-rate ball target=0.00 mm
[  15031] >>> status
[  15045] STATUS mode=3 fault=none enc=-38 denc=0 sreq=0 sapplied=0 crate=-19 uimp=-30110 upos=4565 uneg=5175 ball=-5.25 vball=0.39 aball=-2.8 bref=0.00 pid=-18.6 pref=-32.0 ppos=-30.1 apid=-0.0 integ=-5.3 vision=1 current=1 vframe=708 vs=1 vage=13 vpage=13 vdt=33 vmax=67 vacc=706 vrej=0 seq=0 elapsed=0 oled=3C
[  15670] >>> stop
[  15670] OK stopped
