[     16] >>> bench on
[     16] OK visual-only bench active; use zero before motor tests
[    641] >>> stop
[    641] OK stopped
[   1250] >>> gain ball 1.0 0.0 0.45 -1
[   1266] OK ball gains kp=1.000 ki=0.000 kd=0.450 sign=-1
[   1875] >>> limit pwm 140
[   1875] OK beam PWM limit=140
[   2500] >>> stream on 20
[   2500] OK stream on 20 ms
[   2547] STATUS mode=1 fault=none p60=693 dp60=0 pwm=0 ball=-124.79 vball=0.40 bref=0.00 pid=0.0 integ=0.0 vision=1 current=1 vframe=7643 vs=1 vage=28 vpage=28 vdt=32 vmax=132131 vacc=3356 vrej=0 seq=0 elapsed=0 oled=3C
[   2563] STATUS mode=1 fault=none p60=693 dp60=0 pwm=0 ball=-124.79 vball=0.40 bref=0.00 pid=0.0 integ=0.0 vision=1 current=1 vframe=7643 vs=1 vage=48 vpage=48 vdt=32 vmax=132131 vacc=3356 vrej=0 seq=0 elapsed=0 oled=3C
[   2577] STATUS mode=1 fault=none p60=693 dp60=0 pwm=0 ball=-124.79 vball=0.40 bref=0.00 pid=0.0 integ=0.0 vision=1 current=1 vframe=7643 vs=1 vage=68 vpage=68 vdt=32 vmax=132131 vacc=3356 vrej=0 seq=0 elapsed=0 oled=3C
[   2609] STATUS mode=1 fault=none p60=693 dp60=0 pwm=0 ball=-124.79 vball=0.40 bref=0.00 pid=0.0 integ=0.0 vision=1 current=1 vframe=7643 vs=1 vage=88 vpage=88 vdt=32 vmax=132131 vacc=3356 vrej=0 seq=0 elapsed=0 oled=3C
[   2625] STATUS mode=1 fault=none p60=693 dp60=0 pwm=0 ball=-124.80 vball=0.27 bref=0.00 pid=0.0 integ=0.0 vision=1 current=1 vframe=7644 vs=1 vage=12 vpage=12 vdt=96 vmax=132131 vacc=3357 vrej=0 seq=0 elapsed=0 oled=3C
[   2641] STATUS mode=1 fault=none p60=693 dp60=0 pwm=0 ball=-124.81 vball=0.08 bref=0.00 pid=0.0 integ=0.0 vision=1 current=1 vframe=7645 vs=1 vage=11 vpage=11 vdt=21 vmax=132131 vacc=3358 vrej=0 seq=0 elapsed=0 oled=3C
[   2657] STATUS mode=1 fault=none p60=693 dp60=0 pwm=0 ball=-124.81 vball=0.08 bref=0.00 pid=0.0 integ=0.0 vision=1 current=1 vframe=7645 vs=1 vage=31 vpage=31 vdt=21 vmax=132131 vacc=3358 vrej=0 seq=0 elapsed=0 oled=3C
[   2688] STATUS mode=1 fault=none p60=693 dp60=0 pwm=0 ball=-124.81 vball=0.06 bref=0.00 pid=0.0 integ=0.0 vision=1 current=1 vframe=7646 vs=1 vage=17 vpage=17 vdt=34 vmax=132131 vacc=3359 vrej=0 seq=0 elapsed=0 oled=3C
[   2702] STATUS mode=1 fault=none p60=693 dp60=0 pwm=0 ball=-124.81 vball=0.06 bref=0.00 pid=0.0 integ=0.0 vision=1 current=1 vframe=7646 vs=1 vage=37 vpage=37 vdt=34 vmax=132131 vacc=3359 vrej=0 seq=0 elapsed=0 oled=3C
[   2718] STATUS mode=1 fault=none p60=693 dp60=0 pwm=0 ball=-124.81 vball=0.06 bref=0.00 pid=0.0 integ=0.0 vision=1 current=1 vframe=7646 vs=1 vage=57 vpage=57 vdt=34 vmax=132131 vacc=3359 vrej=0 seq=0 elapsed=0 oled=3C
[   2734] STATUS mode=1 fault=none p60=693 dp60=0 pwm=0 ball=-124.81 vball=0.06 bref=0.00 pid=0.0 integ=0.0 vision=1 current=1 vframe=7646 vs=1 vage=77 vpage=77 vdt=34 vmax=132131 vacc=3359 vrej=0 seq=0 elapsed=0 oled=3C
[   2766] STATUS mode=1 fault=none p60=693 dp60=0 pwm=0 ball=-124.80 vball=0.07 bref=0.00 pid=0.0 integ=0.0 vision=1 current=1 vframe=7647 vs=1 vage=3 vpage=3 vdt=94 vmax=132131 vacc=3360 vrej=0 seq=0 elapsed=0 oled=3C
[   2782] STATUS mode=1 fault=none p60=693 dp60=0 pwm=0 ball=-124.79 vball=0.17 bref=0.00 pid=0.0 integ=0.0 vision=1 current=1 vframe=7648 vs=1 vage=1 vpage=1 vdt=22 vmax=132131 vacc=3361 vrej=0 seq=0 elapsed=0 oled=3C
[   2797] STATUS mode=1 fault=none p60=693 dp60=0 pwm=0 ball=-124.79 vball=0.17 bref=0.00 pid=0.0 integ=0.0 vision=1 current=1 vframe=7648 vs=1 vage=21 vpage=21 vdt=22 vmax=132131 vacc=3361 vrej=0 seq=0 elapsed=0 oled=3C
[   2827] STATUS mode=1 fault=none p60=693 dp60=0 pwm=0 ball=-124.79 vball=0.13 bref=0.00 pid=0.0 integ=0.0 vision=1 current=1 vframe=7649 vs=1 vage=7 vpage=7 vdt=34 vmax=132131 vacc=3362 vrej=0 seq=0 elapsed=0 oled=3C
[   2843] STATUS mode=1 fault=none p60=693 dp60=0 pwm=0 ball=-124.79 vball=0.13 bref=0.00 pid=0.0 integ=0.0 vision=1 current=1 vframe=7649 vs=1 vage=27 vpage=27 vdt=34 vmax=132131 vacc=3362 vrej=0 seq=0 elapsed=0 oled=3C
[   2859] STATUS mode=1 fault=none p60=693 dp60=0 pwm=0 ball=-124.79 vball=0.13 bref=0.00 pid=0.0 integ=0.0 vision=1 current=1 vframe=7649 vs=1 vage=47 vpage=47 vdt=34 vmax=132131 vacc=3362 vrej=0 seq=0 elapsed=0 oled=3C
[   2875] STATUS mode=1 fault=none p60=693 dp60=0 pwm=0 ball=-124.79 vball=0.13 bref=0.00 pid=0.0 integ=0.0 vision=1 current=1 vframe=7649 vs=1 vage=67 vpage=67 vdt=34 vmax=132131 vacc=3362 vrej=0 seq=0 elapsed=0 oled=3C
[   2907] STATUS mode=1 fault=none p60=693 dp60=0 pwm=0 ball=-124.79 vball=0.13 bref=0.00 pid=0.0 integ=0.0 vision=1 current=1 vframe=7649 vs=1 vage=87 vpage=87 vdt=34 vmax=132131 vacc=3362 vrej=0 seq=0 elapsed=0 oled=3C
[   2922] STATUS mode=1 fault=none p60=693 dp60=0 pwm=0 ball=-124.79 vball=0.13 bref=0.00 pid=0.0 integ=0.0 vision=1 current=1 vframe=7649 vs=1 vage=107 vpage=107 vdt=34 vmax=132131 vacc=3362 vrej=0 seq=0 elapsed=0 oled=3C
[   2938] STATUS mode=1 fault=none p60=693 dp60=0 pwm=0 ball=-124.80 vball=0.07 bref=0.00 pid=0.0 integ=0.0 vision=1 current=1 vframe=7650 vs=1 vage=20 vpage=20 vdt=107 vmax=132131 vacc=3363 vrej=0 seq=0 elapsed=0 oled=3C
[   2968] STATUS mode=1 fault=none p60=693 dp60=0 pwm=0 ball=-124.79 vball=0.15 bref=0.00 pid=0.0 integ=0.0 vision=1 current=1 vframe=7651 vs=1 vage=14 vpage=14 vdt=26 vmax=132131 vacc=3364 vrej=0 seq=0 elapsed=0 oled=3C
[   2984] STATUS mode=1 fault=none p60=693 dp60=0 pwm=0 ball=-124.79 vball=0.15 bref=0.00 pid=0.0 integ=0.0 vision=1 current=1 vframe=7651 vs=1 vage=34 vpage=34 vdt=26 vmax=132131 vacc=3364 vrej=0 seq=0 elapsed=0 oled=3C
[   3000] STATUS mode=1 fault=none p60=693 dp60=0 pwm=0 ball=-124.80 vball=0.04 bref=0.00 pid=0.0 integ=0.0 vision=1 current=1 vframe=7652 vs=1 vage=20 vpage=20 vdt=34 vmax=132131 vacc=3365 vrej=0 seq=0 elapsed=0 oled=3C
[   3016] STATUS mode=1 fault=none p60=693 dp60=0 pwm=0 ball=-124.80 vball=0.04 bref=0.00 pid=0.0 integ=0.0 vision=1 current=1 vframe=7652 vs=1 vage=40 vpage=40 vdt=34 vmax=132131 vacc=3365 vrej=0 seq=0 elapsed=0 oled=3C
[   3047] STATUS mode=1 fault=none p60=693 dp60=0 pwm=0 ball=-124.80 vball=0.04 bref=0.00 pid=0.0 integ=0.0 vision=1 current=1 vframe=7652 vs=1 vage=60 vpage=60 vdt=34 vmax=132131 vacc=3365 vrej=0 seq=0 elapsed=0 oled=3C
[   3063] STATUS mode=1 fault=none p60=693 dp60=0 pwm=0 ball=-124.80 vball=0.04 bref=0.00 pid=0.0 integ=0.0 vision=1 current=1 vframe=7652 vs=1 vage=80 vpage=80 vdt=34 vmax=132131 vacc=3365 vrej=0 seq=0 elapsed=0 oled=3C
[   3077] STATUS mode=1 fault=none p60=693 dp60=0 pwm=0 ball=-124.80 vball=0.04 bref=0.00 pid=0.0 integ=0.0 vision=1 current=1 vframe=7652 vs=1 vage=100 vpage=100 vdt=34 vmax=132131 vacc=3365 vrej=0 seq=0 elapsed=0 oled=3C
[   3109] STATUS mode=1 fault=none p60=693 dp60=0 pwm=0 ball=-124.80 vball=0.03 bref=0.00 pid=0.0 integ=0.0 vision=1 current=1 vframe=7653 vs=1 vage=14 vpage=14 vdt=106 vmax=132131 vacc=3366 vrej=0 seq=0 elapsed=0 ol
[   3109] >>> ball -50
[   3109] ed=3C
[   3109] OK visual PWM ball target=-50.00 mm
[   3125] STATUS mode=3 fault=none p60=693 dp60=0 pwm=-135 ball=-124.81 vball=-0.07 bref=-50.00 pid=-74.8 integ=-0.0 vision=1 current=1 vframe=7654 vs=1 vage=7 vpage=7 vdt=27 vmax=132131 vacc=3367 vrej=0 seq=0 elapsed=0 oled=3C
[   3141] STATUS mode=3 fault=none p60=692 dp60=0 pwm=-135 ball=-124.81 vball=-0.07 bref=-50.00 pid=-74.8 integ=-0.0 vision=1 current=1 vframe=7654 vs=1 vage=27 vpage=27 vdt=27 vmax=132131 vacc=3367 vrej=0 seq=0 elapsed=0 oled=3C
[   3157] STATUS mode=3 fault=none p60=690 dp60=-1 pwm=-135 ball=-124.84 vball=-0.28 bref=-50.00 pid=-75.0 integ=-0.0 vision=1 current=1 vframe=7655 vs=1 vage=14 vpage=14 vdt=33 vmax=132131 vacc=3368 vrej=0 seq=0 elapsed=0 oled=3C
[   3188] STATUS mode=3 fault=none p60=686 dp60=-1 pwm=0 ball=-124.84 vball=-0.28 bref=-50.00 pid=-75.0 integ=-0.0 vision=1 current=1 vframe=7655 vs=1 vage=34 vpage=34 vdt=33 vmax=132131 vacc=3368 vrej=0 seq=0 elapsed=0 oled=3C
[   3202] STATUS mode=3 fault=none p60=682 dp60=-1 pwm=-135 ball=-124.84 vball=-0.28 bref=-50.00 pid=-75.0 integ=-0.0 vision=1 current=1 vframe=7655 vs=1 vage=54 vpage=54 vdt=33 vmax=132131 vacc=3368 vrej=0 seq=0 elapsed=0 oled=3C
[   3218] STATUS mode=3 fault=none p60=679 dp60=-1 pwm=-135 ball=-124.84 vball=-0.28 bref=-50.00 pid=-75.0 integ=-0.0 vision=1 current=1 vframe=7655 vs=1 vage=74 vpage=74 vdt=33 vmax=132131 vacc=3368 vrej=0 seq=0 elapsed=0 oled=3C
[   3250] STATUS mode=3 fault=none p60=672 dp60=-2 pwm=-135 ball=-124.84 vball=-0.28 bref=-50.00 pid=-75.0 integ=-0.0 vision=1 current=1 vframe=7655 vs=1 vage=94 vpage=94 vdt=33 vmax=132131 vacc=3368 vrej=0 seq=0 elapsed=0 oled=3C
[   3266] STATUS mode=3 fault=none p60=663 dp60=-2 pwm=0 ball=-124.85 vball=-0.24 bref=-50.00 pid=-75.0 integ=-0.0 vision=1 current=1 vframe=7656 vs=1 vage=17 vpage=17 vdt=97 vmax=132131 vacc=3369 vrej=0 seq=0 elapsed=0 oled=3C
[   3282] STATUS mode=3 fault=none p60=656 dp60=-2 pwm=-135 ball=-124.85 vball=-0.24 bref=-50.00 pid=-75.0 integ=-0.0 vision=1 current=1 vframe=7656 vs=1 vage=37 vpage=37 vdt=97 vmax=132131 vacc=3369 vrej=0 seq=0 elapsed=0 oled=3C
[   3297] STATUS mode=3 fault=none p60=649 dp60=-3 pwm=-135 ball=-124.82 vball=0.03 bref=-50.00 pid=-74.8 integ=-0.0 vision=1 current=1 vframe=7657 vs=1 vage=20 vpage=20 vdt=37 vmax=132131 vacc=3370 vrej=0 seq=0 elapsed=0 oled=3C
[   3327] STATUS mode=3 fault=none p60=639 dp60=-3 pwm=-135 ball=-124.82 vball=0.03 bref=-50.00 pid=-74.8 integ=-0.0 vision=1 current=1 vframe=7657 vs=1 vage=40 vpage=40 vdt=37 vmax=132131 vacc=3370 vrej=0 seq=0 elapsed=0 oled=3C
[   3343] STATUS mode=3 fault=none p60=629 dp60=-2 pwm=0 ball=-124.82 vball=0.03 bref=-50.00 pid=-74.8 integ=-0.0 vision=1 current=1 vframe=7657 vs=1 vage=60 vpage=60 vdt=37 vmax=132131 vacc=3370 vrej=0 seq=0 elapsed=0 oled=3C
[   3359] STATUS mode=3 fault=none p60=620 dp60=-2 pwm=-135 ball=-124.82 vball=0.03 bref=-50.00 pid=-74.8 integ=-0.0 vision=1 current=1 vframe=7657 vs=1 vage=80 vpage=80 vdt=37 vmax=132131 vacc=3370 vrej=0 seq=0 elapsed=0 oled=3C
[   3391] STATUS mode=3 fault=none p60=612 dp60=-3 pwm=-135 ball=-124.82 vball=0.03 bref=-50.00 pid=-74.8 integ=-0.0 vision=1 current=1 vframe=7657 vs=1 vage=100 vpage=100 vdt=37 vmax=132131 vacc=3370 vrej=0 seq=0 elapsed=0 oled=3C
[   3407] STATUS mode=3 fault=none p60=600 dp60=-3 pwm=-135 ball=-124.81 vball=0.03 bref=-50.00 pid=-74.8 integ=-0.0 vision=1 current=1 vframe=7659 vs=1 vage=5 vpage=5 vdt=7 vmax=132131 vacc=3372 vrej=0 seq=0 elapsed=0 oled=3C
[   3422] STATUS mode=3 fault=none p60=588 dp60=-3 pwm=0 ball=-124.81 vball=0.03 bref=-50.00 pid=-74.8 integ=-0.0 vision=1 current=1 vframe=7659 vs=1 vage=25 vpage=25 vdt=7 vmax=132131 vacc=3372 vrej=0 seq=0 elapsed=0 oled=3C
[   3438] STATUS mode=3 fault=none p60=580 dp60=-1 pwm=-135 ball=-124.81 vball=0.02 bref=-50.00 pid=-74.8 integ=-0.0 vision=1 current=1 vframe=7660 vs=1 vage=11 vpage=11 vdt=34 vmax=132131 vacc=3373 vrej=0 seq=0 elapsed=0 oled=3C
[   3468] STATUS mode=3 fault=none p60=571 dp60=-2 pwm=-135 ball=-124.81 vball=0.02 bref=-50.00 pid=-74.8 integ=-0.0 vision=1 current=1 vframe=7660 vs=1 vage=31 vpage=31 vdt=34 vmax=132131 vacc=3373 vrej=0 seq=0 elapsed=0 oled=3C
[   3484] STATUS mode=3 fault=none p60=559 dp60=-4 pwm=-135 ball=-124.81 vball=0.02 bref=-50.00 pid=-74.8 integ=-0.0 vision=1 current=1 vframe=7660 vs=1 vage=51 vpage=51 vdt=34 vmax=132131 vacc=3373 vrej=0 seq=0 elapsed=0 oled=3C
[   3500] STATUS mode=3 fault=none p60=548 dp60=-2 pwm=0 ball=-124.81 vball=0.02 bref=-50.00 pid=-74.8 integ=-0.0 vision=1 current=1 vframe=7660 vs=1 vage=71 vpage=71 vdt=34 vmax=132131 vacc=3373 vrej=0 seq=0 elapsed=0 oled=3C
[   3516] STATUS mode=3 fault=none p60=539 dp60=-2 pwm=0 ball=-124.81 vball=0.02 bref=-50.00 pid=-74.8 integ=-0.0 vision=1 current=1 vframe=7660 vs=1 vage=91 vpage=91 vdt=34 vmax=132131 vacc=3373 vrej=0 seq=0 elapsed=0 oled=3C
[   3547] STATUS mode=3 fault=none p60=533 dp60=-1 pwm=-135 ball=-124.80 vball=0.04 bref=-50.00 pid=-74.8 integ=-0.0 vision=1 current=1 vframe=7661 vs=1 vage=1 vpage=1 vdt=110 vmax=132131 vacc=3374 vrej=0 seq=0 elapsed=0 oled=3C
[   3563] STATUS mode=3 fault=none p60=527 dp60=-2 pwm=-135 ball=-124.79 vball=0.39 bref=-50.00 pid=-74.6 integ=-0.0 vision=1 current=1 vframe=7662 vs=1 vage=14 vpage=14 vdt=7 vmax=132131 vacc=3375 vrej=0 seq=0 elapsed=0 oled=3C
[   3577] STATUS mode=3 fault=none p60=517 dp60=-3 pwm=-135 ball=-124.79 vball=0.29 bref=-50.00 pid=-74.7 integ=-0.0 vision=1 current=1 vframe=7663 vs=1 vage=1 vpage=1 vdt=33 vmax=132131 vacc=3376 vrej=0 seq=0 elapsed=0 oled=3C
[   3609] STATUS mode=3 fault=none p60=507 dp60=-2 pwm=0 ball=-124.79 vball=0.29 bref=-50.00 pid=-74.7 integ=-0.0 vision=1 current=1 vframe=7663 vs=1 vage=21 vpage=21 vdt=33 vmax=132131 vacc=3376 vrej=0 seq=0 elapsed=0 oled=3C
[   3625] STATUS mode=3 fault=none p60=499 dp60=-2 pwm=-135 ball=-124.77 vball=0.37 bref=-50.00 pid=-74.6 integ=-0.0 vision=1 current=1 vframe=7664 vs=1 vage=7 vpage=7 vdt=34 vmax=132131 vacc=3377 vrej=0 seq=0 elapsed=0 oled=3C
[   3641] STATUS mode=3 fault=none p60=491 dp60=-3 pwm=-135 ball=-124.77 vball=0.37 bref=-50.00 pid=-74.6 integ=-0.0 vision=1 current=1 vframe=7664 vs=1 vage=27 vpage=27 vdt=34 vmax=132131 vacc=3377 vrej=0 seq=0 elapsed=0 oled=3C
[   3657] STATUS mode=3 fault=none p60=481 dp60=-2 pwm=0 ball=-124.77 vball=0.37 bref=-50.00 pid=-74.6 integ=-0.0 vision=1 current=1 vframe=7664 vs=1 vage=47 vpage=47 vdt=34 vmax=132131 vacc=3377 vrej=0 seq=0 elapsed=0 oled=3C
[   3688] STATUS mode=3 fault=none p60=470 dp60=-3 pwm=0 ball=-124.77 vball=0.37 bref=-50.00 pid=-74.6 integ=-0.0 vision=1 current=1 vframe=7664 vs=1 vage=67 vpage=67 vdt=34 vmax=132131 vacc=3377 vrej=0 seq=0 elapsed=0 oled=3C
[   3702] STATUS mode=3 fault=none p60=463 dp60=-1 pwm=0 ball=-124.77 vball=0.37 bref=-50.00 pid=-74.6 integ=-0.0 vision=1 current=1 vframe=7664 vs=1 vage=87 vpage=87 vdt=34 vmax=132131 vacc=3377 vrej=0 seq=0 elapsed=0 oled=3C
[   3718] STATUS mode=3 fault=none p60=457 dp60=-2 pwm=-135 ball=-124.56 vball=0.82 bref=-50.00 pid
[   3718] =-74.2 integ=-0.0 vision=1 current=1 vframe=7665 vs=1 vage=11 vpage=11 vdt=96 vmax=132131 vacc=3378 vrej=0 seq=0 elapsed=0 oled=3C
[   3750] STATUS mode=3 fault=none p60=448 dp60=-3 pwm=-135 ball=-124.56 vball=0.82 bref=-50.00 pid=-74.2 integ=-0.0 vision=1 current=1 vframe=7665 vs=1 vage=31 vpage=31 vdt=96 vmax=132131 vacc=3378 vrej=0 seq=0 elapsed=0 oled=3C
[   3766] STATUS mode=3 fault=none p60=437 dp60=-3 pwm=0 ball=-123.87 vball=5.16 bref=-50.00 pid=-71.6 integ=-0.0 vision=1 current=1 vframe=7666 vs=1 vage=13 vpage=13 vdt=38 vmax=132131 vacc=3379 vrej=0 seq=0 elapsed=0 oled=3C
[   3782] STATUS mode=3 fault=none p60=429 dp60=-2 pwm=0 ball=-123.87 vball=5.16 bref=-50.00 pid=-71.6 integ=-0.0 vision=1 current=1 vframe=7666 vs=1 vage=33 vpage=33 vdt=38 vmax=132131 vacc=3379 vrej=0 seq=0 elapsed=0 oled=3C
[   3797] STATUS mode=3 fault=none p60=422 dp60=-2 pwm=-135 ball=-123.87 vball=5.16 bref=-50.00 pid=-71.6 integ=-0.0 vision=1 current=1 vframe=7666 vs=1 vage=53 vpage=53 vdt=38 vmax=132131 vacc=3379 vrej=0 seq=0 elapsed=0 oled=3C
[   3827] STATUS mode=3 fault=none p60=412 dp60=-3 pwm=-135 ball=-123.87 vball=5.16 bref=-50.00 pid=-71.6 integ=-0.0 vision=1 current=1 vframe=7666 vs=1 vage=73 vpage=73 vdt=38 vmax=132131 vacc=3379 vrej=0 seq=0 elapsed=0 oled=3C
[   3843] STATUS mode=3 fault=none p60=401 dp60=-3 pwm=0 ball=-123.87 vball=5.16 bref=-50.00 pid=-71.6 integ=-0.0 vision=1 current=1 vframe=7666 vs=1 vage=93 vpage=93 vdt=38 vmax=132131 vacc=3379 vrej=0 seq=0 elapsed=0 oled=3C
[   3859] STATUS mode=3 fault=none p60=393 dp60=-2 pwm=-135 ball=-123.46 vball=4.82 bref=-50.00 pid=-71.3 integ=-0.0 vision=1 current=1 vframe=7667 vs=1 vage=5 vpage=5 vdt=108 vmax=132131 vacc=3380 vrej=0 seq=0 elapsed=0 oled=3C
[   3875] STATUS mode=3 fault=none p60=385 dp60=-3 pwm=-135 ball=-123.04 vball=15.28 bref=-50.00 pid=-66.2 integ=-0.0 vision=1 current=1 vframe=7668 vs=1 vage=16 vpage=16 vdt=9 vmax=132131 vacc=3381 vrej=0 seq=0 elapsed=0 oled=3C
[   3907] STATUS mode=3 fault=none p60=374 dp60=-3 pwm=0 ball=-121.14 vball=26.30 bref=-50.00 pid=-59.3 integ=-0.0 vision=1 current=1 vframe=7669 vs=1 vage=4 vpage=4 vdt=32 vmax=132131 vacc=3382 vrej=0 seq=0 elapsed=0 oled=3C
[   3922] STATUS mode=3 fault=none p60=364 dp60=-3 pwm=0 ball=-121.14 vball=26.30 bref=-50.00 pid=-59.3 integ=-0.0 vision=1 current=1 vframe=7669 vs=1 vage=24 vpage=24 vdt=32 vmax=132131 vacc=3382 vrej=0 seq=0 elapsed=0 oled=3C
[   3938] STATUS mode=3 fault=none p60=357 dp60=-2 pwm=-133 ball=-119.59 vball=31.47 bref=-50.00 pid=-55.4 integ=-0.0 vision=1 current=1 vframe=7670 vs=1 vage=11 vpage=11 vdt=33 vmax=132131 vacc=3383 vrej=0 seq=0 elapsed=0 oled=3C
[   3968] STATUS mode=3 fault=none p60=349 dp60=-2 pwm=-133 ball=-119.59 vball=31.47 bref=-50.00 pid=-55.4 integ=-0.0 vision=1 current=1 vframe=7670 vs=1 vage=31 vpage=31 vdt=33 vmax=132131 vacc=3383 vrej=0 seq=0 elapsed=0 oled=3C
[   3984] STATUS mode=3 fault=none p60=339 dp60=-2 pwm=0 ball=-119.59 vball=31.47 bref=-50.00 pid=-55.4 integ=-0.0 vision=1 current=1 vframe=7670 vs=1 vage=51 vpage=51 vdt=33 vmax=132131 vacc=3383 vrej=0 seq=0 elapsed=0 oled=3C
[   4000] STATUS mode=3 fault=none p60=328 dp60=-3 pwm=0 ball=-119.59 vball=31.47 bref=-50.00 pid=-55.4 integ=-0.0 vision=1 current=1 vframe=7670 vs=1 vage=71 vpage=71 vdt=33 vmax=132131 vacc=3383 vrej=0 seq=0 elapsed=0 oled=3C
[   4016] STATUS mode=3 fault=none p60=321 dp60=-2 pwm=0 ball=-119.59 vball=31.47 bref=-50.00 pid=-55.4 integ=-0.0 vision=1 current=1 vframe=7670 vs=1 vage=91 vpage=91 vdt=33 vmax=132131 vacc=3383 vrej=0 seq=0 elapsed=0 oled=3C
[   4047] STATUS mode=3 fault=none p60=316 dp60=-1 pwm=-133 ball=-116.88 vball=30.52 bref=-50.00 pid=-53.1 integ=-0.0 vision=1 current=1 vframe=7671 vs=1 vage=13 vpage=13 vdt=98 vmax=132131 vacc=3384 vrej=0 seq=0 elapsed=0 oled=3C
[   4063] STATUS mode=3 fault=none p60=309 dp60=-2 pwm=-133 ball=-116.88 vball=30.52 bref=-50.00 pid=-53.1 integ=-0.0 vision=1 current=1 vframe=7671 vs=1 vage=33 vpage=33 vdt=98 vmax=132131 vacc=3384 vrej=0 seq=0 elapsed=0 oled=3C
[   4077] STATUS mode=3 fault=none p60=299 dp60=-3 pwm=0 ball=-110.24 vball=69.00 bref=-50.00 pid=-29.2 integ=-0.0 vision=1 current=1 vframe=7672 vs=1 vage=17 vpage=17 vdt=36 vmax=132131 vacc=3385 vrej=0 seq=0 elapsed=0 oled=3C
[   4109] STATUS mode=3 fault=none p60=290 dp60=-2 pwm=0 ball=-110.24 vball=69.00 bref=-50.00 pid=-29.2 integ=-0.0 vision=1 current=1 vframe=7672 vs=1 vage=37 vpage=37 vdt=36 vmax=132131 vacc=3385 vrej=0 seq=0 elapsed=0 oled=3C
[   4125] STATUS mode=3 fault=none p60=284 dp60=-1 pwm=0 ball=-110.24 vball=69.00 bref=-50.00 pid=-29.2 integ=-0.0 vision=1 current=1 vframe=7672 vs=1 vage=57 vpage=57 vdt=36 vmax=132131 vacc=3385 vrej=0 seq=0 elapsed=0 oled=3C
[   4141] STATUS mode=3 fault=none p60=281 dp60=-1 pwm=-132 ball=-110.24 vball=69.00 bref=-50.00 pid=-29.2 integ=-0.0 vision=1 current=1 vframe=7672 vs=1 vage=77 vpage=77 vdt=36 vmax=132131 vacc=3385 vrej=0 seq=0 elapsed=0 oled=3C
[   4157] STATUS mode=3 fault=none p60=273 dp60=-2 pwm=-132 ball=-110.24 vball=69.00 bref=-50.00 pid=-29.2 integ=-0.0 vision=1 current=1 vframe=7672 vs=1 vage=97 vpage=97 vdt=36 vmax=132131 vacc=3385 vrej=0 seq=0 elapsed=0 oled=3C
[   4188] STATUS mode=3 fault=none p60=264 dp60=-2 pwm=0 ball=-107.30 vball=58.20 bref=-50.00 pid=-31.1 integ=-0.0 vision=1 current=1 vframe=7673 vs=1 vage=3 vpage=3 vdt=114 vmax=132131 vacc=3386 vrej=0 seq=0 elapsed=0 oled=3C
[   4202] STATUS mode=3 fault=none p60=258 dp60=-1 pwm=0 ball=-105.07 vball=123.29 bref=-50.00 pid=0.4 integ=-0.0 vision=1 current=1 vframe=7674 vs=1 vage=16 vpage=16 vdt=7 vmax=132131 vacc=3387 vrej=0 seq=0 elapsed=0 oled=3C
[   4218] STATUS mode=3 fault=none p60=254 dp60=-1 pwm=0 ball=-95.49 vball=172.30 bref=-50.00 pid=32.0 integ=-0.0 vision=1 current=1 vframe=7675 vs=1 vage=6 vpage=6 vdt=30 vmax=132131 vacc=3388 vrej=0 seq=0 elapsed=0 oled=3C
[   4250] STATUS mode=3 fault=none p60=251 dp60=-1 pwm=0 ball=-95.49 vball=172.30 bref=-50.00 pid=32.0 integ=-0.0 vision=1 current=1 vframe=7675 vs=1 vage=26 vpage=26 vdt=30 vmax=132131 vacc=3388 vrej=0 seq=0 elapsed=0 oled=3C
[   4266] STATUS mode=3 fault=none p60=250 dp60=0 pwm=0 ball=-90.59 vball=167.51 bref=-50.00 pid=34.8 integ=-0.0 vision=1 current=1 vframe=7676 vs=1 vage=14 vpage=14 vdt=32 vmax=132131 vacc=3389 vrej=0 seq=0 elapsed=0 oled=3C
[   4282] STATUS mode=3 fault=none p60=250 dp60=0 pwm=132 ball=-90.59 vball=167.51 bref=-50.00 pid=34.8 integ=-0.0 vision=1 current=1 vframe=7676 vs=1 vage=34 vpage=34 vdt=32 vmax=132131 vacc=3389 vrej=0 seq=0 elapsed=0 oled=3C
[   4297] STATUS mode=3 fault=none p60=254 dp60=1 pwm=132 ball=-90.59 vball=167.51 bref=-50.00 pid=34.8 integ=-0.0 vision=1 current=1 vframe=7676 vs=1 vage=54 vpage=54 vdt=32 vmax=132131 vacc=3389 vrej=0 seq=0 elapsed=0 oled=3C
[   4327] STATUS mode=3 fault=none p60=260 dp60=2 pwm=0 ball=-90.59 vball=167.51 bref=-50.00 pid=34.8 integ=-0.0 vision=1 current=1 vframe=7676 vs=1 vage=74 vpage=74 vdt=32 vmax=132131 vacc=3389 vrej=0 seq=0 elapsed=0 oled=3C
[   4343] STATUS mode=3 fault=none p60=264 dp60=0 pwm=0 ball=-90.59 vball=167.51 bref=-50.00 pid=34.8 integ=-0.0 vision=1 current=1 vframe=7676 vs=1 vage=94 vpage=94 vdt=32 vmax=132131 vacc=3389 vrej=0 seq=0 elapsed=0 oled=3C
[   4359] STATUS mode=3 fault=none p60=267 dp60=1 pwm=0 ball=-84.65 vball=139.77 bref=-50.00 pid=28.2 integ=-0.0 vision=1 current=1 vframe=7677 vs=1 vage=9 vpage=9 vdt=105 vmax=132131 vacc=3390 vrej=0 seq=0 elapsed=0 oled=3C
[   4375] STATUS mode=3 fault=none p60=269 dp60=1 pwm=0 ball=-71.63 vball=221.08 bref=-50.00 pid=77.9 integ=-0.0 vision=1 current=1 vframe=7678 vs=1 vage=1 vpage=1 vdt=28 vmax=132131 vacc=3391 vrej=0 seq=0 elapsed=0 oled=3C
[   4407] STATUS mode=3 fault=none p60=269 dp60=0 pwm=0 ball=-71.63 vball=221.08 bref=-50.00 pid=77.9 integ=-0.0 vision=1 current=1 vframe=7678 vs=1 vage=21 vpage=21 vdt=28 vmax=132131 vacc=3391 vrej=0 seq=0 elapsed=0 oled=3C
[   4422] STATUS mode=3 fault=none p60=270 dp60=1 pwm=135 ball=-65.30 vball=212.35 bref=-50.00 pid=80.3 integ=-0.0 vision=1 current=1 vframe=7679 vs=1 vage=7 vpage=7 vdt=34 vmax=132131 vacc=3392 vrej=0 seq=0 elapsed=0 oled=3C
[   4438] STATUS mode=3 fault=none p60=273 dp60=1 pwm=135 ball=-65.30 vball=212.35 bref=-50.00 pid=80.3 integ=-0.0 vision=1 current=1 vframe=7679 vs=1 vage=27 vpage=27 vdt=34 vmax=132131 vacc=3392 vrej=0 seq=0 elapsed=0 oled=3C
[   4468] STATUS mode=3 fault=none p60=280 dp60=2 pwm=0 ball=-65.30 vball=212.35 bref=-50.00 pid=80.3 integ=-0.0 vision=1 current=1 vframe=7679 vs=1 vage=47 vpage=47 vdt=34 vmax=132131 vacc=3392 vrej=0 seq=0 elapsed=0 oled=3C
[   4484] STATUS mode=3 fault=none p60=284 dp60=1 pwm=135 ball=-65.30 vball=212.35 bref=-50.00 pid=80.3 integ=-0.0 vision=1 current=1 vframe=7679 vs=1 vage=67 vpage=67 vdt=34 vmax=132131 vacc=3392 vrej=0 seq=0 elapsed=0 oled=3C
[   4500] STATUS mode=3 fault=none p60=290 dp60=2 pwm=135 ball=-65.30 vball=212.35 bref=-50.00 pid=80.3 integ=-0.0 vision=1 current=1 vframe=7679 vs=1 vage=87 vpage=87 vdt=34 vmax=132131 vacc=3392 vrej=0 seq=0 elapsed=0 oled=3C
[   4516] STATUS mode=3 fault=none p60=299 dp60=3 pwm=135 ball=-57.20 vball=179.72 bref=-50.00 pid=73.7 integ=-0.0 vision=1 current=1 vframe=7680 vs=1 vage=8 vpage=8 vdt=99 vmax=132131 vacc=3393 vrej=0 seq=0 elapsed=0 oled=3C
[   4547] STATUS mode=3 fault=none p60=307 dp60=2 pwm=0 ball=-57.20 vball=179.72 bref=-50.00 pid=73.7 integ=-0.0 vision=1 current=1 vframe=7680 vs=1 vage=28 vpage=28 vdt=99 vmax=132131 vacc=3393 vrej=0 seq=0 elapsed=0 oled=3C
[   4563] STATUS mode=3 fault=none p60=314 dp60=2 pwm=138 ball=-41.49 vball=250.30 bref=-50.00 pid=121.1 integ=-0.0 vision=1 current=1 vframe=7681 vs=1 vage=14 vpage=14 vdt=34 vmax=132131 vacc=3394 vrej=0 seq=0 elapsed=0 oled=3C
[   4577] STATUS mode=3 fault=none p60=321 dp60=2 pwm=138 ball=-41.49 vball=250.30 bref=-50.00 pid=121.1 integ=-0.0 vision=1 current=1 vframe=7681 vs=1 vage=34 vpage=34 vdt=34 vmax=132131 vacc=3394 vrej=0 seq=0 elapsed=0 oled=3C
[   4609] STATUS mode=3 fault=none p60=331 dp60=3 pwm=138 ball=-33.96 vball=231.51 bref=-50.00 pid=120.2 integ=-0.0 vision=1 current=1 vframe=7682 vs=1 vage=11 vpage=11 vdt=43 vmax=132131 vacc=3395 vrej=0 seq=0 elapsed=0 oled=3C
[   4625] STATUS mode=3 fault=none p60=340 dp60=2 pwm=138 ball=-33.96 vball=231.51 bref=-50.00 pid=120.2 integ=-0.0 vision=1 current=1 vframe=7682 vs=1 vage=31 vpage=31 vdt=43 vmax=132131 vacc=3395 vrej=0 seq=0 elapsed=0 oled=3C
[   4641] STATUS mode=3 fault=none p60=351 dp60=3 pwm=138 ball=-33.96 vball=231.51 bref=-50.00 pid=120.2 integ=-0.0 vision=1 current=1 vframe=7682 vs=1 vage=51 vpage=51 vdt=43 vmax=132131 vacc=3395 vrej=0 seq=0 elapsed=0 oled=3C
[   4657] STATUS mode=3 fault=none p60=363 dp60=3 pwm=138 ball=-33.96 vball=231.51 bref=-50.00 pid=120.2 integ=-0.0 vision=1 current=1 vframe=7682 vs=1 vage=71 vpage=71 vdt=43 vmax=132131 vacc=3395 vrej=0 seq=0 elapsed=0 oled=3C
[   4688] STATUS mode=3 fault=none p60=373 dp60=2 pwm=138 ball=-24.05 vball=202.44 bref=-50.00 pid=117.0 integ=-0.0 vision=1 current=1 vframe=7683 vs=1 vage=5 vpage=5 vdt=86 vmax=132131 vacc=3396 vrej=0 seq=0 elapsed=0 oled=3C
[   4702] STATUS mode=3 fault=none p60=384 dp60=3 pwm=138 ball=-24.05 vball=202.44 bref=-50.00 pid=117.0 integ=-0.0 vision=1 current=1 vframe=7683 vs=1 vage=25 vpage=25 vdt=86 vmax=132131 vacc=3396 vrej=0 seq=0 elapsed=0 oled=3C
[   4718] STATUS mode=3 fault=none p60=395 dp60=3 pwm=138 ball=-24.05 vball=202.44 bref=-50.00 pid=117.0 integ=-0.0 vision=1 current=0 vframe=7684 vs=0 vage=45 vpage=5 vdt=86 vmax=132131 vacc=3396 vrej=0 seq=0 elapsed=0 oled=3C
[   4750] STATUS mode=3 fault=none p60=408 dp60=3 pwm=140 ball=-8.42 vball=219.20 bref=-50.00 pid=140.0 integ=-0.0 vision=1 current=1 vframe=7685 vs=1 vage=7 vpage=7 vdt=58 vmax=132131 vacc=3397 vrej=0 seq=0 elapsed=0 oled=3C
[   4766] STATUS mode=3 fault=none p60=420 dp60=3 pwm=140 ball=-8.42 vball=219.20 bref=-50.00 pid=140.0 integ=-0.0 vision=1 current=1 vframe=7685 vs=1 vage=27 vpage=27 vdt=58 vmax=132131 vacc=3397 vrej=0 seq=0 elapsed=0 oled=3C
[   4782] STATUS mode=3 fault=none p60=433 dp60=4 pwm=140 ball=-8.42 vball=219.20 bref=-50.00 pid=140.0 integ=-0.0 vision=1 current=1 vframe=7685 vs=1 vage=47 vpage=47 vdt=58 vmax=132131 vacc=3397 vrej=0 seq=0 elapsed=0 oled=3C
[   4797] STATUS mode=3 fault=none p60=446 dp60=3 pwm=0 ball=-8.42 vball=219.20 bref=-50.00 pid=140.0 integ=-0.0 vision=1 current=1 vframe=7685 vs=1 vage=67 vpage=67 vdt=58 vmax=132131 vacc=3397 vrej=0 seq=0 elapsed=0 oled=3C
[   4827] STATUS mode=3 fault=none p60=457 dp60=2 pwm=0 ball=-8.42 vball=219.20 bref=-50.00 pid=140.0 integ=-0.0 vision=1 current=1 vframe=7685 vs=1 vage=87 vpage=87 vdt=58 vmax=132131 vacc=3397 vrej=0 seq=0 elapsed=0 oled=3C
[   4843] STATUS mode=3 fault=none p60=464 dp60=1 pwm=138 ball=-5.48 vball=171.90 bref=-50.00 pid=121.9 integ=-0.0 vision=1 current=1 vframe=7686 vs=1 vage=9 vpage=9 vdt=98 vmax=132131 vacc=3398 vrej=0 seq=0 elapsed=0 oled=3C
[   4859] STATUS mode=3 fault=none p60=473 dp60=2 pwm=138 ball=-5.48 vball=171.90 bref=-50.00 pid=121.9 integ=-0.0 vision=1 current=0 vframe=7687 vs=0 vage=29 vpage=12 vdt=98 vmax=132131 vacc=3398 vrej=0 seq=0 elapsed=0 oled=3C
[   4875] STATUS mode=3 fault=none p60=483 dp60=3 pwm=138 ball=8.64 vball=242.80 bref=-50.00 pid=140.0 integ=-0.0 vision=1 current=1 vframe=7688 vs=1 vage=18 vpage=18 vdt=31 vmax=132131 vacc=3399 vrej=0 seq=0 elapsed=0 oled=3C
[   4907] STATUS mode=3 fault=none p60=494 dp60=3 pwm=140 ball=8.64 vball=242.80 bref=-50.00 pid=140.0 integ=-0.0 vision=1 current=1 vframe=7688 vs=1 vage=38 vpage=38 vdt=31 vmax=132131 vacc=3399 vrej=0 seq=0 elapsed=0 oled=3C
[   4922] STATUS mode=3 fault=none p60=504 dp60=3 pwm=140 ball=8.64 vball=242.80 bref=-50.00 pid=140.0 integ=-0.0 vision=1 current=0 vframe=7689 vs=0 vage=58 vpage=5 vdt=31 vmax=132131 vacc=3399 vrej=0 seq=0 elapsed=0 oled=3C
[   4938] STATUS mode=3 fault=none p60=516 dp60=3 pwm=140 ball=8.64 vball=242.80 bref=-50.00 pid=140.0 integ=-0.0 vision=1 current=0 vframe=7689 vs=0 vage=78 vpage=25 vdt=31 vmax=132131 vacc=3399 vrej=0 seq=0 elapsed=0 oled=3C
[   4968] STATUS mode=3 fault=none p60=528 dp60=3 pwm=0 ball=8.64 vball=242.80 bref=-50.00 pid=140.0 integ=-0.0 vision=1 current=0 vframe=7689 vs=0 vage=98 vpage=45 vdt=31 vmax=132131 vacc=3399 vrej=0 seq=0 elapsed=0 oled=3C
[   4984] STATUS mode=3 fault=none p60=538 dp60=2 pwm=0 ball=8.64 vball=242.80 bref=-50.00 pid=140.0 integ=-0.0 vision=1 current=0 vframe=7689 vs=0 vage=118 vpage=65 vdt=31 vmax=132131 vacc=3399 vrej=0 seq=0 elapsed=0 oled=3C
[   5000] STATUS mode=3 fault=none p60=545 dp60=2 pwm=140 ball=36.27 vball=232.89 bref=-50.00 pid=140.0 integ=-0.0 vision=1 current=1 vframe=7690 vs=1 vage=2 vpage=2 vdt=136 vmax=132131 vacc=3400 vrej=0 seq=0 elapsed=0 oled=3C
[   5016] STATUS mode=3 fault=none p60=551 dp60=2 pwm=140 ball=46.73 vball=610.50 bref=-50.00 pid=140.0 integ=-0.0 vision=1 current=1 vframe=7691 vs=1 vage=16 vpage=16 vdt=6 vmax=132131 vacc=3401 vrej=0 seq=0 elapsed=0 oled=3C
[   5047] STATUS mode=3 fault=none p60=561 dp60=2 pwm=140 ball=65.52 vball=645.77 bref=-50.00 pid=140.0 integ=-0.0 vision=1 current=1 vframe=7692 vs=1 vage=11 vpage=11 vdt=25 vmax=132131 vacc=3402 vrej=0 seq=0 elapsed=0 oled=3C
[   5063] STATUS mode=3 fault=none p60=572 dp60=3 pwm=140 ball=65.52 vball=645.77 bref=-50.00 pid=140.0 integ=-0.0 vision=1 current=1 vframe=7692 vs=1 vage=31 vpage=31 vdt=25 vmax=132131 vacc=3402 vrej=0 seq=0 elapsed=0 oled=3C
[   5077] STATUS mode=3 fault=none p60=583 dp60=3 pwm=140 ball=74.12 vball=547.57 bref=-50.00 pid=140.0 integ=-0.0 vision=1 current=1 vframe=7693 vs=1 vage=17 vpage=17 vdt=34 vmax=132131 vacc=3403 vrej=0 seq=0 elapsed=0 oled=3C
[   5109] STATUS mode=3 fault=none p60=595 dp60=3 pwm=140 ball=74.12 vball=547.57 bref=-50.00 pid=140.0 integ=-0.0 vision=1 current=1 vframe=7693 vs=1 vage=37 vpage=37 vdt=34 vmax=132131 vacc=3403 vrej=0 seq=0 elapsed=0 oled=3C
[   5125] STATUS mode=3 fault=none p60=608 dp60=3 pwm=140 ball=74.12 vball=547.57 bref=-50.00 pid=140.0 integ=-0.0 vision=1 current=1 vframe=7693 vs=1 vage=57 vpage=57 vdt=34 vmax=132131 vacc=3403 vrej=0 seq=0 elapsed=0 oled=3C
[   5141] STATUS mode=3 fault=none p60=621 dp60=3 pwm=140 ball=74.12 vball=547.57 bref=-50.00 pid=140.0 integ=-0.0 vision=1 current=1 vframe=7693 vs=1 vage=77 vpage=77 vdt=34 vmax=132131 vacc=3403 vrej=0 seq=0 elapsed=0 oled=3C
[   5157] STATUS mode=3 fault=none p60=634 dp60=3 pwm=140 ball=86.00 vball=441.94 bref=-50.00 pid=140.0 integ=-0.0 vision=1 current=1 vframe=7694 vs=1 vage=2 vpage=2 vdt=95 vmax=132131 vacc=3404 vrej=0 seq=0 elapsed=0 oled=3C
[   5188] STATUS mode=3 fault=none p60=647 dp60=3 pwm=140 ball=96.81 vball=460.14 bref=-50.00 pid=140.0 integ=-0.0 vision=1 current=1 vframe=7695 vs=1 vage=1 vpage=1 vdt=21 vmax=132131 vacc=3405 vrej=0 seq=0 elapsed=0 oled=3C
[   5202] STATUS mode=3 fault=none p60=660 dp60=3 pwm=140 ball=96.81 vball=460.14 bref=-50.00 pid=140.0 integ=-0.0 vision=1 current=1 vframe=7695 vs=1 vage=21 vpage=21 vdt=21 vmax=132131 vacc=3405 vrej=0 seq=0 elapsed=0 oled=3C
[   5218] STATUS mode=3 fault=none p60=674 dp60=3 pwm=140 ball=104.00 vball=397.98 bref=-50.00 pid=140.0 integ=-0.0 vision=1 current=1 vframe=7696 vs=1 vage=7 vpage=7 vdt=34 vmax=132131 vacc=3406 vrej=0 seq=0 elapsed=0 oled=3C
[   5250] STATUS mode=3 fault=none p60=687 dp60=3 pwm=140 ball=104.00 vball=397.98 bref=-50.00 pid=140.0 integ=-0.0 vision=1 current=1 vframe=7696 vs=1 vage=27 vpage=27 vdt=34 vmax=132131 vacc=3406 vrej=0 seq=0 elapsed=0 oled=3C
[   5266] STATUS mode=3 fault=none p60=700 dp60=3 pwm=140 ball=104.00 vball=397.98 bref=-50.00 pid=140.0 integ=-0.0 vision=1 current=1 vframe=7696 vs=1 vage=47 vpage=47 vdt=34 vmax=132131 vacc=3406 vrej=0 seq=0 elapsed=0 oled=3C
[   5282] STATUS mode=3 fault=none p60=714 dp60=4 pwm=140 ball=104.00 vball=397.98 bref=-50.00 pid=140.0 integ=-0.0 vision=1 current=1 vframe=7696 vs=1 vage=67 vpage=67 vdt=34 vmax=132131 vacc=3406 vrej=0 seq=0 elapsed=0 oled=3C
[   5297] STATUS mode=3 fault=none p60=728 dp60=3 pwm=0 ball=104.00 vball=397.98 bref=-50.00 pid=140.0 integ=-0.0 vision=1 current=1 vframe=7696 vs=1 vage=87 vpage=87 vdt=34 vmax=132131 vacc=3406 vrej=0 seq=0 elapsed=0 oled=3C
[   5327] STATUS mode=3 fault=none p60=740 dp60=3 pwm=140 ball=115.59 vball=328.98 bref=-50.00 pid=140.0 integ=-0.0 vision=1 current=1 vframe=7697 vs=1 vage=12 vpage=12 vdt=95 vmax=132131 vacc=3407 vrej=0 seq=0 elapsed=0 oled=3C
[   5343] STATUS mode=3 fault=none p60=752 dp60=3 pwm=140 ball=122.25 vball=326.02 bref=-50.00 pid=140.0 integ=-0.0 vision=1 current=1 vframe=7698 vs=1 vage=11 vpage=11 vdt=21 vmax=132131 vacc=3408 vrej=0 seq=0 elapsed=0 oled=3C
[   5359] STATUS mode=3 fault=none p60=765 dp60=4 pwm=140 ball=122.25 vball=326.02 bref=-50.00 pid=140.0 integ=-0.0 vision=1 current=1 vframe=7698 vs=1 vage=31 vpage=31 vdt=21 vmax=132131 vacc=3408 vrej=0 seq=0 elapsed=0 oled=3C
[   5375] STATUS mode=3 fault=none p60=778 dp60=3 pwm=140 ball=122.25 vball=326.02 bref=-50.00 pid=140.0 integ=-0.0 vision=1 current=0 vframe=7699 vs=0 vage=51 vpage=17 vdt=21 vmax=132131 vacc=3408 vrej=0 seq=0 elapsed=0 oled=3C
[   5407] STATUS mode=3 fault=none p60=791 dp60=3 pwm=140 ball=122.25 vball=326.02 bref=-50.00 pid=140.0 integ=-0.0 vision=1 current=0 vframe=7699 vs=0 vage=71 vpage=37 vdt=21 vmax=132131 vacc=3408 vrej=0 seq=0 elapsed=0 oled=3C
[   5422] STATUS mode=3 fault=none p60=804 dp60=3 pwm=140 ball=122.25 vball=326.02 bref=-50.00 pid=140.0 integ=-0.0 vision=1 current=0 vframe=7699 vs=0 vage=91 vpage=57 vdt=21 vmax=132131 vacc=3408 vrej=0 seq=0 elapsed=0 oled=3C
[   5438] STATUS mode=3 fault=none p60=817 dp60=3 pwm=0 ball=122.25 vball=326.02 bref=-50.00 pid=140.0 integ=-0.0 vision=1 current=0 vframe=7699 vs=0 vage=111 vpage=77 vdt=21 vmax=132131 vacc=3408 vrej=0 seq=0 elapsed=0 oled=3C
[   5468] STATUS mode=3 fault=none p60=826 dp60=2 pwm=0 ball=122.25 vball=326.02 bref=-50.00 pid=140.0 integ=-0.0 vision=1 current=0 vframe=7699 vs=0 vage=131 vpage=97 vdt=21 vmax=132131 vacc=3408 vrej=0 seq=0 elapsed=0 oled=3C
[   5484] STATUS mode=3 fault=none p60=832 dp60=1 pwm=0 ball=122.25 vball=326.02 bref=-50.00 pid=140.0 integ=-0.0 vision=1 current=0 vframe=7700 vs=0 vage=151 vpage=12 vdt=21 vmax=132131 vacc=3408 vrej=0 seq=0 elapsed=0 oled=3C
[   5500] STATUS mode=3 fault=none p60=835 dp60=0 pwm=0 ball=122.25 vball=326.02 bref=-50.00 pid=140.0 integ=-0.0 vision=1 current=0 vframe=7701 vs=0 vage=171 vpage=7 vdt=21 vmax=132131 vacc=3408 vrej=0 seq=0 elapsed=0 oled=3C
[   5516] STATUS mode=3 fault=none p60=835 dp60=0 pwm=0 ball=122.25 vball=326.02 bref=-50.00 pid=140.0 integ=-0.0 vision=1 current=0 vframe=7701 vs=0 vage=191 vpage=27 vdt=21 vmax=132131 vacc=3408 vrej=0 seq=0 elapsed=0 oled=3C
[   5547] STATUS mode=3 fault=none p60=833 dp60=0 pwm=0 ball=122.25 vball=326.02 bref=-50.00 pid=140.0 integ=-0.0 vision=1 current=0 vframe=7702 vs=0 vage=211 vpage=2 vdt=21 vmax=132131 vacc=3408 vrej=0 seq=0 elapsed=0 oled=3C
[   5563] STATUS mode=3 fault=none p60=832 dp60=0 pwm=0 ball=122.25 vball=326.02 bref=-50.00 pid=140.0 integ=-0.0 vision=1 current=0 vframe=7702 vs=0 vage=231 vpage=22 vdt=21 vmax=132131 vacc=3408 vrej=0 seq=0 elapsed=0 oled=3C
[   5577] STATUS mode=3 fault=none p60=832 dp60=0 pwm=0 ball=122.25 vball=326.02 bref=-50.00 pid=140.0 integ=-0.0 vision=1 current=0 vframe=7702 vs=0 vage=251 vpage=42 vdt=21 vmax=132131 vacc=3408 vrej=0 seq=0 elapsed=0 oled=3C
[   5609] STATUS mode=3 fault=none p60=832 dp60=0 pwm=0 ball=122.25 vball=326.02 bref=-50.00 pid=140.0 integ=-0.0 vision=1 current=0 vframe=7702 vs=0 vage=271 vpage=62 vdt=21 vmax=132131 vacc=3408 vrej=0 seq=0 elapsed=0 oled=3C
[   5625] STATUS mode=3 fault=none p60=832 dp60=0 pwm=0 ball=122.25 vball=326.02 bref=-50.00 pid=140.0 integ=-0.0 vision=1 current=0 vframe=7702 vs=0 vage=291 vpage=82 vdt=21 vmax=132131 vacc=3408 vrej=0 seq=0 elapsed=0 oled=3C
[   5641] STATUS mode=3 fault=none p60=832 dp60=0 pwm=0 ball=122.25 vball=326.02 bref=-50.00 pid=140.0 integ=-0.0 vision=1 current=0 vframe=7703 vs=0 vage=311 vpage=16 vdt=21 vmax=132131 vacc=3408 vrej=0 seq=0 elapsed=0 oled=3C
[   5657] STATUS mode=3 fault=none p60=832 dp60=0 pwm=0 ball=122.25 vball=326.02 bref=-50.00 pid=140.0 integ=-0.0 vision=1 current=0 vframe=7704 vs=0 vage=331 vpage=17 vdt=21 vmax=132131 vacc=3408 vrej=0 seq=0 elapsed=0 oled=3C
[   5688] STATUS mode=3 fault=none p60=832 dp60=0 pwm=0 ball=122.25 vball=326.02 bref=-50.00 pid=140.0 integ=-0.0 vision=1 current=0 vframe=7705 vs=0 vage=351 vpage=4 vdt=21 vmax=132131 vacc=3408 vrej=0 seq=0 elapsed=0 oled=3C
[   5702] STATUS mode=3 fault=none p60=832 dp60=0 pwm=0 ball=122.25 vball=326.02 bref=-50.00 pid=140.0 integ=-0.0 vision=1 current=0 vframe=7705 vs=0 vage=371 vpage=24 vdt=21 vmax=132131 vacc=3408 vrej=0 seq=0 elapsed=0 oled=3C
[   5718] STATUS mode=3 fault=none p60=832 dp60=0 pwm=0 ball=122.25 vball=326.02 bref=-50.00 pid=140.0 integ=-0.0 vision=1 current=0 vframe=7705 vs=0 vage=391 vpage=44 vdt=21 vmax=132131 vacc=3408 vrej=0 seq=0 elapsed=0 oled=3C
[   5734] STATUS mode=3 fault=none p60=832 dp60=0 pwm=0 ball=122.25 vball=326.02 bref=-50.00 pid=140.0 integ=-0.0 vision=1 current=0 vframe=7705 vs=0 vage=411 vpage=64 vdt=21 vmax=132131 vacc=3408 vrej=0 seq=0 elapsed=0 oled=3C
[   5766] STATUS mode=3 fault=none p60=832 dp60=0 pwm=0 ball=122.25 vball=326.02 bref=-50.00 pid=140.0 integ=-0.0 vision=1 current=0 vframe=7705 vs=0 vage=431 vpage=84 vdt=21 vmax=132131 vacc=3408 vrej=0 seq=0 elapsed=0 oled=3C
[   5782] STATUS mode=3 fault=none p60=832 dp60=0 pwm=0 ball=122.25 vball=326.02 bref=-50.00 pid=140.0 integ=-0.0 vision=1 current=0 vframe=7705 vs=0 vage=451 vpage=104 vdt=21 vmax=132131 vacc=3408 vrej=0 seq=0 elapsed=0 oled=3C
[   5797] STATUS mode=3 fault=none p60=832 dp60=0 pwm=0 ball=122.25 vball=326.02 bref=-50.00 pid=140.0 integ=-0.0 vision=1 current=0 vframe=7707 vs=0 vage=471 vpage=3 vdt=21 vmax=132131 vacc=3408 vrej=0 seq=0 elapsed=0 oled=3C
[   5827] STATUS mode=3 fault=none p60=832 dp60=0 pwm=0 ball=122.25 vball=326.02 bref=-50.00 pid=140.0 integ=-0.0 vision=1 current=0 vframe=7707 vs=0 vage=491 vpage=23 vdt=21 vmax=132131 vacc=3408 vrej=0 seq=0 elapsed=0 oled=3C
[   5843] STATUS mode=3 fault=none p60=832 dp60=0 pwm=0 ball=122.25 vball=326.02 bref=-50.00 pid=140.0 integ=-0.0 vision=1 current=0 vframe=7708 vs=0 vage=511 vpage=14 vdt=21 vmax=132131 vacc=3408 vrej=0 seq=0 elapsed=0 oled=3C
[   5859] STATUS mode=3 fault=none p60=832 dp60=0 pwm=0 ball=122.25 vball=326.02 bref=-50.00 pid=140.0 integ=-0.0 vision=1 current=0 vframe=7708 vs=0 vage=531 vpage=34 vdt=21 vmax=132131 vacc=3408 vrej=0 seq=0 elapsed=0 oled=3C
[   5875] STATUS mode=3 fault=none p60=832 dp60=0 pwm=0 ball=122.25 vball=326.02 bref=-50.00 pid=140.0 integ=-0.0 vision=1 current=0 vframe=7708 vs=0 vage=551 vpage=54 vdt=21 vmax=132131 vacc=3408 vrej=0 seq=0 elapsed=0 oled=3C
[   5907] STATUS mode=3 fault=none p60=832 dp60=0 pwm=0 ball=122.25 vball=326.02 bref=-50.00 pid=140.0 integ=-0.0 vision=1 current=0 vframe=7708 vs=0 vage=571 vpage=74 vdt=21 vmax=132131 vacc=3408 vrej=0 seq=0 elapsed=0 oled=3C
[   5922] STATUS mode=3 fault=none p60=832 dp60=0 pwm=0 ball=122.25 vball=326.02 bref=-50.00 pid=140.0 integ=-0.0 vision=1 current=0 vframe=7708 vs=0 vage=591 vpage=94 vdt=21 vmax=132131 vacc=3408 vrej=0 seq=0 elapsed=0 oled=3C
[   5938] STATUS mode=3 fault=none p60=832 dp60=0 pwm=0 ball=122.25 vball=326.02 bref=-50.00 pid=140.0 integ=-0.0 vision=1 current=0 vframe=7708 vs=0 vage=611 vpage=114 vdt=21 vmax=132131 vacc=3408 vrej=0 seq=0 elapsed=0 oled=3C
[   5968] STATUS mode=3 fault=none p60=832 dp60=0 pwm=0 ball=122.25 vball=326.02 bref=-50.00 pid=140.0 integ=-0.0 vision=1 current=0 vframe=7709 vs=0 vage=631 vpage=19 vdt=21 vmax=132131 vacc=3408 vrej=0 seq=0 elapsed=0 oled=3C
[   5984] STATUS mode=3 fault=none p60=832 dp60=0 pwm=0 ball=122.25 vball=326.02 bref=-50.00 pid=140.0 integ=-0.0 vision=1 current=0 vframe=7710 vs=0 vage=651 vpage=4 vdt=21 vmax=132131 vacc=3408 vrej=0 seq=0 elapsed=0 oled=3C
[   6000] STATUS mode=3 fault=none p60=832 dp60=0 pwm=0 ball=122.25 vball=326.02 bref=-50.00 pid=140.0 integ=-0.0 vision=1 current=0 vframe=7710 vs=0 vage=671 vpage=24 vdt=21 vmax=132131 vacc=3408 vrej=0 seq=0 elapsed=0 oled=3C
[   6016] STATUS mode=3 fault=none p60=832 dp60=0 pwm=0 ball=122.25 vball=326.02 bref=-50.00 pid=140.0 integ=-0.0 vision=1 current=0 vframe=7710 vs=0 vage=691 vpage=44 vdt=21 vmax=132131 vacc=3408 vrej=0 seq=0 elapsed=0 oled=3C
[   6047] STATUS mode=3 fault=none p60=832 dp60=0 pwm=0 ball=122.25 vball=326.02 bref=-50.00 pid=140.0 integ=-0.0 vision=1 current=0 vframe=7710 vs=0 vage=711 vpage=64 vdt=21 vmax=132131 vacc=3408 vrej=0 seq=0 elapsed=0 oled=3C
[   6063] STATUS mode=3 fault=none p60=832 dp60=0 pwm=0 ball=122.25 vball=326.02 bref=-50.00 pid=140.0 integ=-0.0 vision=1 current=0 vframe=7710 vs=0 vage=731 vpage=84 vdt=21 vmax=132131 vacc=3408 vrej=0 seq=0 elapsed=0 oled=3C
[   6077] STATUS mode=3 fault=none p60=832 dp60=0 pwm=0 ball=122.25 vball=326.02 bref=-50.00 pid=140.0 integ=-0.0 vision=1 current=0 vframe=7710 vs=0 vage=751 vpage=104 vdt=21 vmax=132131 vacc=3408 vrej=0 seq=0 elapsed=0 oled=3C
[   6109] STATUS mode=3 fault=none p60=832 dp60=0 pwm=0 ball=122.25 vball=326.02 bref=-50.00 pid=140.0 integ=-0.0 vision=1 current=0 vframe=7712 vs=0 vage=771 vpage=11 vdt=21 vmax=132131 vacc=3408 vrej=0 seq=0 elapsed=0 oled=3C
[   6125] STATUS mode=3 fault=none p60=832 dp60=0 pwm=0 ball=122.25 vball=326.02 bref=-50.00 pid=140.0 integ=-0.0 vision=1 current=0 vframe=7713 vs=0 vage=791 vpage=10 vdt=21 vmax=132131 vacc=3408 vrej=0 seq=0 elapsed=0 oled=3C
[   6141] STATUS mode=3 fault=none p60=832 dp60=0 pwm=0 ball=122.25 vball=326.02 bref=-50.00 pid=140.0 integ=-0.0 vision=1 current=0 vframe=7713 vs=0 vage=811 vpage=30 vdt=21 vmax=132131 vacc=3408 vrej=0 seq=0 elapsed=0 oled=3C
[   6157] STATUS mode=3 fault=none p60=832 dp60=0 pwm=0 ball=122.25 vball=326.02 bref=-50.00 pid=140.0 integ=-0.0 vision=1 current=0 vframe=7714 vs=0 vage=831 vpage=17 vdt=21 vmax=132131 vacc=3408 vrej=0 seq=0 elapsed=0 oled=3C
[   6188] STATUS mode=3 fault=none p60=832 dp60=0 pwm=0 ball=122.25 vball=326.02 bref=-50.00 pid=140.0 integ=-0.0 vision=1 current=0 vframe=7714 vs=0 vage=851 vpage=37 vdt=21 vmax=132131 vacc=3408 vrej=0 seq=0 elapsed=0 oled=3C
[   6202] STATUS mode=3 fault=none p60=832 dp60=0 pwm=0 ball=122.25 vball=326.02 bref=-50.00 pid=140.0 integ=-0.0 vision=1 current=0 vframe=7714 vs=0 vage=871 vpage=57 vdt=21 vmax=132131 vacc=3408 vrej=0 seq=0 elapsed=0 oled=3C
[   6218] STATUS mode=3 fault=none p60=832 dp60=0 pwm=0 ball=122.25 vball=326.02 bref=-50.00 pid=140.0 integ=-0.0 vision=1 current=0 vframe=7714 vs=0 vage=891 vpage=77 vdt=21 vmax=132131 vacc=3408 vrej=0 seq=0 elapsed=0 oled=3C
[   6234] STATUS mode=3 fault=none p60=832 dp60=0 pwm=0 ball=122.25 vball=326.02 bref=-50.00 pid=140.0 integ=-0.0 vision=1 current=0 vframe=7714 vs=0 vage=911 vpage=97 vdt=21 vmax=132131 vacc=3408 vrej=0 seq=0 elapsed=0 oled=3C
[   6266] STATUS mode=3 fault=none p60=832 dp60=0 pwm=0 ball=122.25 vball=326.02 bref=-50.00 pid=140.0 integ=-0.0 vision=1 current=0 vframe=7715 vs=0 vage=931 vpage=19 vdt=21 vmax=132131 vacc=3408 vrej=0 seq=0 elapsed=0 oled=3C
[   6282] STATUS mode=3 fault=none p60=832 dp60=0 pwm=0 ball=122.25 vball=326.02 bref=-50.00 pid=140.0 integ=-0.0 vision=1 current=0 vframe=7716 vs=0 vage=951 vpage=3 vdt=21 vmax=132131 vacc=3408 vrej=0 seq=0 elapsed=0 oled=3C
[   6297] STATUS mode=3 fault=none p60=832 dp60=0 pwm=0 ball=122.25 vball=326.02 bref=-50.00 pid=140.0 integ=-0.0 vision=1 current=0 vframe=7716 vs=0 vage=971 vpage=23 vdt=21 vmax=132131 vacc=3408 vrej=0 seq=0 elapsed=0 oled=3C
[   6327] STATUS mode=3 fault=none p60=832 dp60=0 pwm=0 ball=122.25 vball=326.02 bref=-50.00 pid=140.0 integ=-0.0 vision=1 current=0 vframe=7716 vs=0 vage=991 vpage=43 vdt=21 vmax=132131 vacc=3408 vrej=0 seq=0 elapsed=0 oled=3C
[   6343] STATUS mode=3 fault=none p60=832 dp60=0 pwm=0 ball=122.25 vball=326.02 bref=-50.00 pid=140.0 integ=-0.0 vision=1 current=0 vframe=7716 vs=0 vage=1011 vpage=63 vdt=21 vmax=132131 vacc=3408 vrej=0 seq=0 elapsed=0 oled=3C
[   6359] STATUS mode=3 fault=none p60=832 dp60=0 pwm=0 ball=122.25 vball=326.02 bref=-50.00 pid=140.0 integ=-0.0 vision=1 current=0 vframe=7716 vs=0 vage=1031 vpage=83 vdt=21 vmax=132131 vacc=3408 vrej=0 seq=0 elapsed=0 oled=3C
[   6375] STATUS mode=3 fault=none p60=832 dp60=0 pwm=0 ball=122.25 vball=326.02 bref=-50.00 pid=140.0 integ=-0.0 vision=1 current=0 vframe=7716 vs=0 vage=1051 vpage=103 vdt=21 vmax=132131 vacc=3408 vrej=0 seq=0 elapsed=0 oled=3C
[   6407] STATUS mode=3 fault=none p60=832 dp60=0 pwm=0 ball=122.25 vball=326.02 bref=-50.00 pid=140.0 integ=-0.0 vision=1 current=0 vframe=7718 vs=0 vage=1071 vpage=9 vdt=21 vmax=132131 vacc=3408 vrej=0 seq=0 elapsed=0 oled=3C
[   6422] STATUS mode=3 fault=none p60=832 dp60=0 pwm=0 ball=122.25 vball=326.02 bref=-50.00 pid=140.0 integ=-0.0 vision=1 current=0 vframe=7718 vs=0 vage=1091 vpage=29 vdt=21 vmax=132131 vacc=3408 vrej=0 seq=0 elapsed=0 oled=3C
[   6438] STATUS mode=3 fault=none p60=832 dp60=0 pwm=0 ball=122.25 vball=326.02 bref=-50.00 pid=140.0 integ=-0.0 vision=1 current=0 vframe=7719 vs=0 vage=1111 vpage=13 vdt=21 vmax=132131 vacc=3408 vrej=0 seq=0 elapsed=0 oled=3C
[   6468] STATUS mode=3 fault=none p60=832 dp60=0 pwm=0 ball=122.25 vball=326.02 bref=-50.00 pid=140.0 integ=-0.0 vision=1 current=0 vframe=7719 vs=0 vage=1131 vpage=33 vdt=21 vmax=132131 vacc=3408 vrej=0 seq=0 elapsed=0 oled=3C
[   6484] STATUS mode=3 fault=none p60=832 dp60=0 pwm=0 ball=122.25 vball=326.02 bref=-50.00 pid=140.0 integ=-0.0 vision=1 current=0 vframe=7719 vs=0 vage=1151 vpage=53 vdt=21 vmax=132131 vacc=3408 vrej=0 seq=0 elapsed=0 oled=3C
[   6500] STATUS mode=3 fault=none p60=832 dp60=0 pwm=0 ball=122.25 vball=326.02 bref=-50.00 pid=140.0 integ=-0.0 vision=1 current=0 vframe=7719 vs=0 vage=1171 vpage=73 vdt=21 vmax=132131 vacc=3408 vrej=0 seq=0 elapsed=0 oled=3C
[   6516] STATUS mode=3 fault=none p60=832 dp60=0 pwm=0 ball=122.25 vball=326.02 bref=-50.00 pid=140.0 integ=-0.0 vision=1 current=0 vframe=7719 vs=0 vage=1191 vpage=93 vdt=21 vmax=132131 vacc=3408 vrej=0 seq=0 elapsed=0 oled=3C
[   6547] STATUS mode=3 fault=none p60=832 dp60=0 pwm=0 ball=122.25 vball=326.02 bref=-50.00 pid=140.0 integ=-0.0 vision=1 current=0 vframe=7720 vs=0 vage=1211 vpage=5 vdt=21 vmax=132131 vacc=3408 vrej=0 seq=0 elapsed=0 oled=3C
[   6563] STATUS mode=3 fault=none p60=832 dp60=0 pwm=0 ball=122.25 vball=326.02 bref=-50.00 pid=140.0 integ=-0.0 vision=1 current=0 vframe=7721 vs=0 vage=1231 vpage=16 vdt=21 vmax=132131 vacc=3408 vrej=0 seq=0 elapsed=0 oled=3C
[   6577] STATUS mode=3 fault=none p60=832 dp60=0 pwm=0 ball=122.25 vball=326.02 bref=-50.00 pid=140.0 integ=-0.0 vision=1 current=0 vframe=7722 vs=0 vage=1251 vpage=19 vdt=21 vmax=132131 vacc=3408 vrej=0 seq=0 elapsed=0 oled=3C
[   6609] STATUS mode=3 fault=none p60=832 dp60=0 pwm=0 ball=122.25 vball=326.02 bref=-50.00 pid=140.0 integ=-0.0 vision=1 current=0 vframe=7723 vs=0 vage=1271 vpage=7 vdt=21 vmax=132131 vacc=3408 vrej=0 seq=0 elapsed=0 oled=3C
[   6625] STATUS mode=3 fault=none p60=832 dp60=0 pwm=0 ball=122.25 vball=326.02 bref=-50.00 pid=140.0 integ=-0.0 vision=1 current=0 vframe=7723 vs=0 vage=1291 vpage=27 vdt=21 vmax=132131 vacc=3408 vrej=0 seq=0 elapsed=0 oled=3C
[   6641] STATUS mode=3 fault=none p60=832 dp60=0 pwm=0 ball=122.25 vball=326.02 bref=-50.00 pid=140.0 integ=-0.0 vision=1 current=0 vframe=7723 vs=0 vage=1311 vpage=47 vdt=21 vmax=132131 vacc=3408 vrej=0 seq=0 elapsed=0 oled=3C
[   6657] STATUS mode=3 fault=none p60=832 dp60=0 pwm=0 ball=122.25 vball=326.02 bref=-50.00 pid=140.0 integ=-0.0 vision=1 current=0 vframe=7723 vs=0 vage=1331 vpage=67 vdt=21 vmax=132131 vacc=3408 vrej=0 seq=0 elapsed=0 oled=3C
[   6688] STATUS mode=3 fault=none p60=832 dp60=0 pwm=0 ball=122.25 vball=326.02 bref=-50.00 pid=140.0 integ=-0.0 vision=1 current=0 vframe=7723 vs=0 vage=1351 vpage=87 vdt=21 vmax=132131 vacc=3408 vrej=0 seq=0 elapsed=0 oled=3C
[   6702] STATUS mode=3 fault=none p60=832 dp60=0 pwm=0 ball=122.25 vball=326.02 bref=-50.00 pid=140.0 integ=-0.0 vision=1 current=0 vframe=7724 vs=0 vage=1371 vpage=10 vdt=21 vmax=132131 vacc=3408 vrej=0 seq=0 elapsed=0 oled=3C
[   6718] STATUS mode=3 fault=none p60=832 dp60=0 pwm=0 ball=122.25 vball=326.02 bref=-50.00 pid=140.0 integ=-0.0 vision=1 current=0 vframe=7725 vs=0 vage=1391 vpage=9 vdt=21 vmax=132131 vacc=3408 vrej=0 seq=0 elapsed=0 oled=3C
[   6750] STATUS mode=3 fault=none p60=832 dp60=0 pwm=0 ball=122.25 vball=326.02 bref=-50.00 pid=140.0 integ=-0.0 vision=1 current=0 vframe=7725 vs=0 vage=1411 vpage=29 vdt=21 vmax=132131 vacc=3408 vrej=0 seq=0 elapsed=0 oled=3C
[   6766] STATUS mode=3 fault=none p60=832 dp60=0 pwm=0 ball=122.25 vball=326.02 bref=-50.00 pid=140.0 integ=-0.0 vision=1 current=0 vframe=7726 vs=0 vage=1431 vpage=15 vdt=21 vmax=132131 vacc=3408 vrej=0 seq=0 elapsed=0 oled=3C
[   6782] STATUS mode=3 fault=none p60=832 dp60=0 pwm=0 ball=122.25 vball=326.02 bref=-50.00 pid=140.0 integ=-0.0 vision=1 current=0 vframe=7726 vs=0 vage=1451 vpage=35 vdt=21 vmax=132131 vacc=3408 vrej=0 seq=0 elapsed=0 oled=3C
[   6797] STATUS mode=3 fault=none p60=832 dp60=0 pwm=0 ball=122.25 vball=326.02 bref=-50.00 pid=140.0 integ=-0.0 vision=1 current=0 vframe=7726 vs=0 vage=1471 vpage=55 vdt=21 vmax=132131 vacc=3408 vrej=0 seq=0 elapsed=0 oled=3C
[   6827] STATUS mode=3 fault=none p60=832 dp60=0 pwm=0 ball=122.25 vball=326.02 bref=-50.00 pid=140.0 integ=-0.0 vision=1 current=0 vframe=7726 vs=0 vage=1491 vpage=75 vdt=21 vmax=132131 vacc=3408 vrej=0 seq=0 elapsed=0 oled=3C
[   6843] STATUS mode=3 fault=none p60=832 dp60=0 pwm=0 ball=122.25 vball=326.02 bref=-50.00 pid=140.0 integ=-0.0 vision=1 current=0 vframe=7726 vs=0 vage=1511 vpage=95 vdt=21 vmax=132131 vacc=3408 vrej=0 seq=0 elapsed=0 oled=3C
[   6859] STATUS mode=3 fault=none p60=832 dp60=0 pwm=0 ball=122.25 vball=326.02 bref=-50.00 pid=140.0 integ=-0.0 vision=1 current=0 vframe=7727 vs=0 vage=1531 vpage=11 vdt=21 vmax=132131 vacc=3408 vrej=0 seq=0 elapsed=0 oled=3C
[   6875] STATUS mode=3 fault=none p60=832 dp60=0 pwm=0 ball=122.25 vball=326.02 bref=-50.00 pid=140.0 integ=-0.0 vision=1 current=0 vframe=7727 vs=0 vage=1551 vpage=31 vdt=21 vmax=132131 vacc=3408 vrej=0 seq=0 elapsed=0 oled=3C
[   6907] STATUS mode=3 fault=none p60=832 dp60=0 pwm=0 ball=122.25 vball=326.02 bref=-50.00 pid=140.0 integ=-0.0 vision=1 current=0 vframe=7728 vs=0 vage=1571 vpage=7 vdt=21 vmax=132131 vacc=3408 vrej=0 seq=0 elapsed=0 oled=3C
[   6922] STATUS mode=3 fault=none p60=832 dp60=0 pwm=0 ball=122.25 vball=326.02 bref=-50.00 pid=140.0 integ=-0.0 vision=1 current=0 vframe=7729 vs=0 vage=1591 vpage=12 vdt=21 vmax=132131 vacc=3408 vrej=0 seq=0 elapsed=0 oled=3C
[   6938] STATUS mode=3 fault=none p60=832 dp60=0 pwm=0 ball=122.25 vball=326.02 bref=-50.00 pid=140.0 integ=-0.0 vision=1 current=0 vframe=7729 vs=0 vage=1611 vpage=32 vdt=21 vmax=132131 vacc=3408 vrej=0 seq=0 elapsed=0 oled=3C
[   6968] STATUS mode=3 fault=none p60=832 dp60=0 pwm=0 ball=122.25 vball=326.02 bref=-50.00 pid=140.0 integ=-0.0 vision=1 current=0 vframe=7729 vs=0 vage=1631 vpage=52 vdt=21 vmax=132131 vacc=3408 vrej=0 seq=0 elapsed=0 oled=3C
[   6984] STATUS mode=3 fault=none p60=832 dp60=0 pwm=0 ball=122.25 vball=326.02 bref=-50.00 pid=140.0 integ=-0.0 vision=1 current=0 vframe=7729 vs=0 vage=1651 vpage=72 vdt=21 vmax=132131 vacc=3408 vrej=0 seq=0 elapsed=0 oled=3C
[   7000] STATUS mode=3 fault=none p60=832 dp60=0 pwm=0 ball=122.25 vball=326.02 bref=-50.00 pid=140.0 integ=-0.0 vision=1 current=0 vframe=7729 vs=0 vage=1671 vpage=92 vdt=21 vmax=132131 vacc=3408 vrej=0 seq=0 elapsed=0 oled=3C
[   7016] STATUS mode=3 fault=none p60=832 dp60=0 pwm=0 ball=122.25 vball=326.02 bref=-50.00 pid=140.0 integ=-0.0 vision=1 current=0 vframe=7729 vs=0 vage=1691 vpage=112 vdt=21 vmax=132131 vacc=3408 vrej=0 seq=0 elapsed=0 oled=3C
[   7047] STATUS mode=3 fault=none p60=832 dp60=0 pwm=0 ball=122.25 vball=326.02 bref=-50.00 pid=140.0 integ=-0.0 vision=1 current=0 vframe=7730 vs=0 vage=1711 vpage=6 vdt=21 vmax=132131 vacc=3408 vrej=0 seq=0 elapsed=0 oled=3C
[   7063] STATUS mode=3 fault=none p60=832 dp60=0 pwm=0 ball=122.25 vball=326.02 bref=-50.00 pid=140.0 integ=-0.0 vision=1 current=0 vframe=7731 vs=0 vage=1731 vpage=20 vdt=21 vmax=132131 vacc=3408 vrej=0 seq=0 elapsed=0 oled=3C
[   7077] STATUS mode=3 fault=none p60=832 dp60=0 pwm=0 ball=122.25 vball=326.02 bref=-50.00 pid=140.0 integ=-0.0 vision=1 current=0 vframe=7732 vs=0 vage=1751 vpage=20 vdt=21 vmax=132131 vacc=3408 vrej=0 seq=0 elapsed=0 oled=3C
[   7109] STATUS mode=3 fault=none p60=832 dp60=0 pwm=0 ball=122.25 vball=326.02 bref=-50.00 pid=140.0 integ=-0.0 vision=1 current=0 vframe=7733 vs=0 vage=1771 vpage=7 vdt=21 vmax=132131 vacc=3408 vrej=0 seq=0 elapsed=0 oled=3C
[   7125] STATUS mode=3 fault=none p60=832 dp60=0 pwm=0 ball=122.25 vball=326.02 bref=-50.00 pid=140.0 integ=-0.0 vision=1 current=0 vframe=7733 vs=0 vage=1791 vpage=27 vdt=21 vmax=132131 vacc=3408 vrej=0 seq=0 elapsed=0 oled=3C
[   7141] STATUS mode=3 fault=none p60=832 dp60=0 pwm=0 ball=122.25 vball=326.02 bref=-50.00 pid=140.0 integ=-0.0 vision=1 current=0 vframe=7733 vs=0 vage=1811 vpage=47 vdt=21 vmax=132131 vacc=3408 vrej=0 seq=0 elapsed=0 oled=3C
[   7157] STATUS mode=3 fault=none p60=832 dp60=0 pwm=0 ball=122.25 vball=326.02 bref=-50.00 pid=140.0 integ=-0.0 vision=1 current=0 vframe=7733 vs=0 vage=1831 vpage=67 vdt=21 vmax=132131 vacc=3408 vrej=0 seq=0 elapsed=0 oled=3C
[   7188] STATUS mode=3 fault=none p60=832 dp60=0 pwm=0 ball=122.25 vball=326.02 bref=-50.00 pid=140.0 integ=-0.0 vision=1 current=0 vframe=7733 vs=0 vage=1851 vpage=87 vdt=21 vmax=132131 vacc=3408 vrej=0 seq=0 elapsed=0 oled=3C
[   7202] STATUS mode=3 fault=none p60=832 dp60=0 pwm=0 ball=122.25 vball=326.02 bref=-50.00 pid=140.0 integ=-0.0 vision=1 current=0 vframe=7734 vs=0 vage=1871 vpage=10 vdt=21 vmax=132131 vacc=3408 vrej=0 seq=0 elapsed=0 oled=3C
[   7218] STATUS mode=3 fault=none p60=832 dp60=0 pwm=0 ball=122.25 vball=326.02 bref=-50.00 pid=140.0 integ=-0.0 vision=1 current=0 vframe=7735 vs=0 vage=1891 vpage=10 vdt=21 vmax=132131 vacc=3408 vrej=0 seq=0 elapsed=0 oled=3C
[   7250] STATUS mode=3 fault=none p60=832 dp60=0 pwm=0 ball=122.25 vball=326.02 bref=-50.00 pid=140.0 integ=-0.0 vision=1 current=0 vframe=7735 vs=0 vage=1911 vpage=30 vdt=21 vmax=132131 vacc=3408 vrej=0 seq=0 elapsed=0 oled=3C
[   7266] STATUS mode=3 fault=none p60=832 dp60=0 pwm=0 ball=122.25 vball=326.02 bref=-50.00 pid=140.0 integ=-0.0 vision=1 current=0 vframe=7736 vs=0 vage=1931 vpage=15 vdt=21 vmax=132131 vacc=3408 vrej=0 seq=0 elapsed=0 oled=3C
[   7282] STATUS mode=3 fault=none p60=832 dp60=0 pwm=0 ball=122.25 vball=326.02 bref=-50.00 pid=140.0 integ=-0.0 vision=1 current=0 vframe=7736 vs=0 vage=1951 vpage=35 vdt=21 vmax=132131 vacc=3408 vrej=0 seq=0 elapsed=0 oled=3C
[   7297] STATUS mode=3 fault=none p60=832 dp60=0 pwm=0 ball=122.25 vball=326.02 bref=-50.00 pid=140.0 integ=-0.0 vision=1 current=0 vframe=7736 vs=0 vage=1971 vpage=55 vdt=21 vmax=132131 vacc=3408 vrej=0 seq=0 elapsed=0 oled=3C
[   7327] STATUS mode=3 fault=none p60=832 dp60=0 pwm=0 ball=122.25 vball=326.02 bref=-50.00 pid=140.0 integ=-0.0 vision=1 current=0 vframe=7736 vs=0 vage=1991 vpage=75 vdt=21 vmax=132131 vacc=3408 vrej=0 seq=0 elapsed=0 oled=3C
[   7343] STATUS mode=3 fault=none p60=832 dp60=0 pwm=140 ball=121.71 vball=0.00 bref=-50.00 pid=140.0 integ=-0.0 vision=1 current=1 vframe=7737 vs=1 vage=5 vpage=5 vdt=2006 vmax=132131 vacc=3409 vrej=0 seq=0 elapsed=0 oled=3C
[   7359] STATUS mode=3 fault=none p60=834 dp60=1 pwm=140 ball=121.71 vball=0.00 bref=-50.00 pid=140.0 integ=-0.0 vision=1 current=1 vframe=7737 vs=1 vage=25 vpage=25 vdt=2006 vmax=132131 vacc=3409 vrej=0 seq=0 elapsed=0 oled=3C
[   7375] STATUS mode=3 fault=none p60=839 dp60=1 pwm=140 ball=121.71 vball=0.00 bref=-50.00 pid=140.0 integ=-0.0 vision=1 current=0 vframe=7738 vs=0 vage=45 vpage=19 vdt=26 vmax=132131 vacc=3409 vrej=1 seq=0 elapsed=0 oled=3C
[   7407] STATUS mode=3 fault=none p60=848 dp60=3 pwm=0 ball=121.71 vball=0.00 bref=-50.00 pid=140.0 integ=-0.0 vision=1 current=0 vframe=7739 vs=0 vage=65 vpage=5 vdt=60 vmax=132131 vacc=3409 vrej=2 seq=0 elapsed=0 oled=3C
[   7422] STATUS mode=3 fault=none p60=854 dp60=1 pwm=0 ball=121.71 vball=0.00 bref=-50.00 pid=140.0 integ=-0.0 vision=1 current=0 vframe=7739 vs=0 vage=85 vpage=25 vdt=60 vmax=132131 vacc=3409 vrej=2 seq=0 elapsed=0 oled=3C
[   7438] STATUS mode=3 fault=none p60=859 dp60=1 pwm=0 ball=121.71 vball=0.00 bref=-50.00 pid=140.0 integ=-0.0 vision=1 current=0 vframe=7739 vs=0 vage=105 vpage=45 vdt=60 vmax=132131 vacc=3409 vrej=2 seq=0 elapsed=0 oled=3C
[   7468] STATUS mode=3 fault=none p60=860 dp60=0 pwm=0 ball=121.71 vball=0.00 bref=-50.00 pid=140.0 integ=-0.0 vision=1 current=0 vframe=7739 vs=0 vage=125 vpage=65 vdt=60 vmax=132131 vacc=3409 vrej=2 seq=0 elapsed=0 oled=3C
[   7484] STATUS mode=3 fault=none p60=859 dp60=-1 pwm=0 ball=121.71 vball=0.00 bref=-50.00 pid=140.0 integ=-0.0 vision=1 current=0 vframe=7739 vs=0 vage=145 vpage=85 vdt=60 vmax=132131 vacc=3409 vrej=2 seq=0 elapsed=0 oled=3C
[   7500] STATUS mode=3 fault=none p60=858 dp60=0 pwm=0 ball=121.71 vball=0.00 bref=-50.00 pid=140.0 integ=-0.0 vision=1 current=0 vframe=7739 vs=0 vage=165 vpage=105 vdt=60 vmax=132131 vacc=3409 vrej=2 seq=0 elapsed=0 oled=3C
[   7516] STATUS mode=3 fault=none p60=858 dp60=0 pwm=0 ball=121.71 vball=0.00 bref=-50.00 pid=140.0 integ=-0.0 vision=1 current=0 vframe=7741 vs=0 vage=185 vpage=7 vdt=60 vmax=132131 vacc=3409 vrej=2 seq=0 elapsed=0 oled=3C
[   7547] STATUS mode=3 fault=none p60=858 dp60=0 pwm=0 ball=121.71 vball=0.00 bref=-50.00 pid=140.0 integ=-0.0 vision=1 current=0 vframe=7741 vs=0 vage=205 vpage=27 vdt=60 vmax=132131 vacc=3409 vrej=2 seq=0 elapsed=0 oled=3C
[   7563] STATUS mode=3 fault=none p60=858 dp60=0 pwm=0 ball=121.71 vball=0.00 bref=-50.00 pid=140.0 integ=-0.0 vision=1 current=0 vframe=7742 vs=0 vage=225 vpage=19 vdt=60 vmax=132131 vacc=3409 vrej=2 seq=0 elapsed=0 oled=3C
[   7577] STATUS mode=3 fault=none p60=858 dp60=0 pwm=0 ball=121.71 vball=0.00 bref=-50.00 pid=140.0 integ=-0.0 vision=1 current=0 vframe=7742 vs=0 vage=245 vpage=39 vdt=60 vmax=132131 vacc=3409 vrej=2 seq=0 elapsed=0 oled=3C
[   7609] STATUS mode=3 fault=none p60=858 dp60=0 pwm=0 ball=121.71 vball=0.00 bref=-50.00 pid=140.0 integ=-0.0 vision=1 current=0 vframe=7742 vs=0 vage=265 vpage=59 vdt=60 vmax=132131 vacc=3409 vrej=2 seq=0 elapsed=0 oled=3C
[   7625] STATUS mode=3 fault=none p60=858 dp60=0 pwm=0 ball=121.71 vball=0.00 bref=-50.00 pid=140.0 integ=-0.0 vision=1 current=0 vframe=7742 vs=0 vage=285 vpage=79 vdt=60 vmax=132131 vacc=3409 vrej=2 seq=0 elapsed=0 oled=3C
[   7641] STATUS mode=3 fault=none p60=858 dp60=0 pwm=0 ball=121.71 vball=0.00 bref=-50.00 pid=140.0 integ=-0.0 vision=1 current=0 vframe=7742 vs=0 vage=305 vpage=99 vdt=60 vmax=132131 vacc=3409 vrej=2 seq=0 elapsed=0 oled=3C
[   7657] STATUS mode=3 fault=none p60=858 dp60=0 pwm=0 ball=121.71 vball=0.00 bref=-50.00 pid=140.0 integ=-0.0 vision=1 current=0 vframe=7744 vs=0 vage=325 vpage=8 vdt=60 vmax=132131 vacc=3409 vrej=2 seq=0 elapsed=0 oled=3C
[   7688] STATUS mode=3 fault=none p60=858 dp60=0 pwm=0 ball=121.71 vball=0.00 bref=-50.00 pid=140.0 integ=-0.0 vision=1 current=0 vframe=7745 vs=0 vage=345 vpage=5 vdt=60 vmax=132131 vacc=3409 vrej=2 seq=0 elapsed=0 oled=3C
[   7702] STATUS mode=3 fault=none p60=858 dp60=0 pwm=0 ball=121.71 vball=0.00 bref=-50.00 pid=140.0 integ=-0.0 vision=1 current=0 vframe=7745 vs=0 vage=365 vpage=25 vdt=60 vmax=132131 vacc=3409 vrej=2 seq=0 elapsed=0 oled=3C
[   7718] STATUS mode=3 fault=none p60=858 dp60=0 pwm=0 ball=121.71 vball=0.00 bref=-50.00 pid=140.0 int
[   7718] >>> stop
[   7718] eg=-0.0 vision=1 current=0 vframe=7746 vs=0 vage=385 vpage=12 vdt=60 vmax=132131 vacc=3409 vrej=2 seq=0 elapsed=0 oled=3C
[   7718] OK stopped
[   7734] STATUS mode=1 fault=none p60=858 dp60=0 pwm=0 ball=121.71 vball=0.00 bref=-50.00 pid=140.0 integ=-0.0 vision=1 current=0 vframe=7746 vs=0 vage=405 vpage=32 vdt=60 vmax=132131 vacc=3409 vrej=2 seq=0 elapsed=0 oled=3C
[   7766] STATUS mode=1 fault=none p60=858 dp60=0 pwm=0 ball=121.71 vball=0.00 bref=-50.00 pid=140.0 integ=-0.0 vision=1 current=0 vframe=7746 vs=0 vage=425 vpage=52 vdt=60 vmax=132131 vacc=3409 vrej=2 seq=0 elapsed=0 oled=3C
[   7782] STATUS mode=1 fault=none p60=858 dp60=0 pwm=0 ball=121.71 vball=0.00 bref=-50.00 pid=140.0 integ=-0.0 vision=1 current=0 vframe=7746 vs=0 vage=445 vpage=72 vdt=60 vmax=132131 vacc=3409 vrej=2 seq=0 elapsed=0 oled=3C
[   7797] STATUS mode=1 fault=none p60=858 dp60=0 pwm=0 ball=121.71 vball=0.00 bref=-50.00 pid=140.0 integ=-0.0 vision=1 current=0 vframe=7746 vs=0 vage=465 vpage=92 vdt=60 vmax=132131 vacc=3409 vrej=2 seq=0 elapsed=0 oled=3C
[   7827] STATUS mode=1 fault=none p60=858 dp60=0 pwm=0 ball=121.71 vball=0.00 bref=-50.00 pid=140.0 integ=-0.0 vision=1 current=0 vframe=7747 vs=0 vage=485 vpage=19 vdt=60 vmax=132131 vacc=3409 vrej=2 seq=0 elapsed=0 oled=3C
[   7843] STATUS mode=1 fault=none p60=858 dp60=0 pwm=0 ball=121.71 vball=0.00 bref=-50.00 pid=140.0 integ=-0.0 vision=1 current=0 vframe=7748 vs=0 vage=505 vpage=15 vdt=60 vmax=132131 vacc=3409 vrej=2 seq=0 elapsed=0 oled=3C
[   7859] STATUS mode=1 fault=none p60=858 dp60=0 pwm=0 ball=121.71 vball=0.00 bref=-50.00 pid=140.0 integ=-0.0 vision=1 current=0 vframe=7749 vs=0 vage=525 vpage=2 vdt=60 vmax=132131 vacc=3409 vrej=2 seq=0 elapsed=0 oled=3C
[   7875] STATUS mode=1 fault=none p60=858 dp60=0 pwm=0 ball=121.71 vball=0.00 bref=-50.00 pid=140.0 integ=-0.0 vision=1 current=0 vframe=7749 vs=0 vage=545 vpage=22 vdt=60 vmax=132131 vacc=3409 vrej=2 seq=0 elapsed=0 oled=3C
[   7907] STATUS mode=1 fault=none p60=858 dp60=0 pwm=0 ball=121.71 vball=0.00 bref=-50.00 pid=140.0 integ=-0.0 vision=1 current=0 vframe=7749 vs=0 vage=565 vpage=42 vdt=60 vmax=132131 vacc=3409 vrej=2 seq=0 elapsed=0 oled=3C
[   7922] STATUS mode=1 fault=none p60=858 dp60=0 pwm=0 ball=121.71 vball=0.00 bref=-50.00 pid=140.0 integ=-0.0 vision=1 current=0 vframe=7749 vs=0 vage=585 vpage=62 vdt=60 vmax=132131 vacc=3409 vrej=2 seq=0 elapsed=0 oled=3C
[   7938] STATUS mode=1 fault=none p60=858 dp60=0 pwm=0 ball=121.71 vball=0.00 bref=-50.00 pid=140.0 integ=-0.0 vision=1 current=0 vframe=7749 vs=0 vage=605 vpage=82 vdt=60 vmax=132131 vacc=3409 vrej=2 seq=0 elapsed=0 oled=3C
[   7968] STATUS mode=1 fault=none p60=858 dp60=0 pwm=0 ball=121.71 vball=0.00 bref=-50.00 pid=140.0 integ=-0.0 vision=1 current=0 vframe=7750 vs=0 vage=625 vpage=7 vdt=60 vmax=132131 vacc=3409 vrej=2 seq=0 elapsed=0 oled=3C
[   7984] STATUS mode=1 fault=none p60=858 dp60=0 pwm=0 ball=121.71 vball=0.00 bref=-50.00 pid=140.0 integ=-0.0 vision=1 current=0 vframe=7751 vs=0 vage=645 vpage=6 vdt=60 vmax=132131 vacc=3409 vrej=2 seq=0 elapsed=0 oled=3C
[   8000] STATUS mode=1 fault=none p60=858 dp60=0 pwm=0 ball=121.71 vball=0.00 bref=-50.00 pid=140.0 integ=-0.0 vision=1 current=0 vframe=7751 vs=0 vage=665 vpage=26 vdt=60 vmax=132131 vacc=3409 vrej=2 seq=0 elapsed=0 oled=3C
[   8016] STATUS mode=1 fault=none p60=858 dp60=0 pwm=0 ball=121.71 vball=0.00 bref=-50.00 pid=140.0 integ=-0.0 vision=1 current=0 vframe=7752 vs=0 vage=685 vpage=12 vdt=60 vmax=132131 vacc=3409 vrej=2 seq=0 elapsed=0 oled=3C
[   8047] STATUS mode=1 fault=none p60=858 dp60=0 pwm=0 ball=121.71 vball=0.00 bref=-50.00 pid=140.0 integ=-0.0 vision=1 current=0 vframe=7752 vs=0 vage=705 vpage=32 vdt=60 vmax=132131 vacc=3409 vrej=2 seq=0 elapsed=0 oled=3C
[   8063] STATUS mode=1 fault=none p60=858 dp60=0 pwm=0 ball=121.71 vball=0.00 bref=-50.00 pid=140.0 integ=-0.0 vision=1 current=0 vframe=7752 vs=0 vage=725 vpage=52 vdt=60 vmax=132131 vacc=3409 vrej=2 seq=0 elapsed=0 oled=3C
[   8077] STATUS mode=1 fault=none p60=858 dp60=0 pwm=0 ball=121.71 vball=0.00 bref=-50.00 pid=140.0 integ=-0.0 vision=1 current=0 vframe=7752 vs=0 vage=745 vpage=72 vdt=60 vmax=132131 vacc=3409 vrej=2 seq=0 elapsed=0 oled=3C
[   8109] STATUS mode=1 fault=none p60=858 dp60=0 pwm=0 ball=121.71 vball=0.00 bref=-50.00 pid=140.0 integ=-0.0 vision=1 current=0 vframe=7752 vs=0 vage=765 vpage=92 vdt=60 vmax=132131 vacc=3409 vrej=2 seq=0 elapsed=0 oled=3C
[   8125] STATUS mode=1 fault=none p60=858 dp60=0 pwm=0 ball=121.71 vball=0.00 bref=-50.00 pid=140.0 integ=-0.0 vision=1 current=0 vframe=7753 vs=0 vage=785 vpage=18 vdt=60 vmax=132131 vacc=3409 vrej=2 seq=0 elapsed=0 oled=3C
[   8141] STATUS mode=1 fault=none p60=858 dp60=0 pwm=0 ball=121.71 vball=0.00 bref=-50.00 pid=140.0 integ=-0.0 vision=1 current=0 vframe=7769 vs=0 vage=805 vpage=15 vdt=60 vmax=132131 vacc=3409 vrej=2 seq=0 elapsed=0 oled=3C
[   8157] STATUS mode=1 fault=none p60=858 dp60=0 pwm=0 ball=121.71 vball=0.00 bref=-50.00 pid=140.0 integ=-0.0 vision=1 current=0 vframe=7770 vs=0 vage=825 vpage=2 vdt=60 vmax=132131 vacc=3409 vrej=2 seq=0 elapsed=0 oled=3C
[   8188] STATUS mode=1 fault=none p60=858 dp60=0 pwm=0 ball=121.71 vball=0.00 bref=-50.00 pid=140.0 integ=-0.0 vision=1 current=0 vframe=7770 vs=0 vage=845 vpage=22 vdt=60 vmax=132131 vacc=3409 vrej=2 seq=0 elapsed=0 oled=3C
[   8202] STATUS mode=1 fault=none p60=858 dp60=0 pwm=0 ball=121.71 vball=0.00 bref=-50.00 pid=140.0 integ=-0.0 vision=1 current=0 vframe=7770 vs=0 vage=865 vpage=42 vdt=60 vmax=132131 vacc=3409 vrej=2 seq=0 elapsed=0 oled=3C
[   8218] STATUS mode=1 fault=none p60=858 dp60=0 pwm=0 ball=121.71 vball=0.00 bref=-50.00 pid=140.0 integ=-0.0 vision=1 current=0 vframe=7770 vs=0 vage=885 vpage=62 vdt=60 vmax=132131 vacc=3409 vrej=2 seq=0 elapsed=0 oled=3C
[   8250] STATUS mode=1 fault=none p60=858 dp60=0 pwm=0 ball=121.71 vball=0.00 bref=-50.00 pid=140.0 integ=-0.0 vision=1 current=0 vframe=7770 vs=0 vage=905 vpage=82 vdt=60 vmax=132131 vacc=3409 vrej=2 seq=0 elapsed=0 oled=3C
[   8266] STATUS mode=1 fault=none p60=858 dp60=0 pwm=0 ball=121.71 vball=0.00 bref=-50.00 pid=140.0 integ=-0.0 vision=1 current=0 vframe=7771 vs=0 vage=925 vpage=8 vdt=60 vmax=132131 vacc=3409 vrej=2 seq=0 elapsed=0 oled=3C
[   8282] STATUS mode=1 fault=none p60=858 dp60=0 pwm=0 ball=121.71 vball=0.00 bref=-50.00 pid=140.0 integ=-0.0 vision=1 current=0 vframe=7772 vs=0 vage=945 vpage=6 vdt=60 vmax=132131 vacc=3409 vrej=2 seq=0 elapsed=0 oled=3C
[   8297] STATUS mode=1 fault=none p60=858 dp60=0 pwm=0 ball=121.71 vball=0.00 bref=-50.00 pid=140.0 integ=-0.0 vision=1 current=0 vframe=7772 vs=0 vage=965 vpage=26 vdt=60 vmax=132131 vacc=3409 vrej=2 seq=0 elapsed=0 oled=3C
[   8327] STATUS mode=1 fault=none p60=858 dp60=0 pwm=0 ball=121.71 vball=0.00 bref=-50.00 pid=140.0 integ=-0.0 vision=1 current=0 vframe=7773 vs=0 vage=985 vpage=12 vdt=60 vmax=132131 vacc=3409 vrej=2 seq=
[   8327] >>> status
[   8327] 0 elapsed=0 oled=3C
[   8343] STATUS mode=1 fault=none p60=858 dp60=0 pwm=0 ball=121.71 vball=0.00 bref=-50.00 pid=140.0 integ=-0.0 vision=1 current=0 vframe=7773 vs=0 vage=1003 vpage=30 vdt=60 vmax=132131 vacc=3409 vrej=2 seq=0 elapsed=0 oled=3C
[   8359] STATUS mode=1 fault=none p60=858 dp60=0 pwm=0 ball=121.71 vball=0.00 bref=-50.00 pid=140.0 integ=-0.0 vision=1 current=0 vframe=7773 vs=0 vage=1005 vpage=32 vdt=60 vmax=132131 vacc=3409 vrej=2 seq=0 elapsed=0 oled=3C
[   8375] STATUS mode=1 fault=none p60=858 dp60=0 pwm=0 ball=121.71 vball=0.00 bref=-50.00 pid=140.0 integ=-0.0 vision=1 current=0 vframe=7773 vs=0 vage=1025 vpage=52 vdt=60 vmax=132131 vacc=3409 vrej=2 seq=0 elapsed=0 oled=3C
[   8391] STATUS mode=1 fault=none p60=858 dp60=0 pwm=0 ball=121.71 vball=0.00 bref=-50.00 pid=140.0 integ=-0.0 vision=1 current=0 vframe=7773 vs=0 vage=1045 vpage=72 vdt=60 vmax=132131 vacc=3409 vrej=2 seq=0 elapsed=0 oled=3C
[   8422] STATUS mode=1 fault=none p60=858 dp60=0 pwm=0 ball=121.71 vball=0.00 bref=-50.00 pid=140.0 integ=-0.0 vision=1 current=0 vframe=7774 vs=0 vage=1065 vpage=4 vdt=60 vmax=132131 vacc=3409 vrej=2 seq=0 elapsed=0 oled=3C
[   8438] STATUS mode=1 fault=none p60=858 dp60=0 pwm=0 ball=121.71 vball=0.00 bref=-50.00 pid=140.0 integ=-0.0 vision=1 current=0 vframe=7774 vs=0 vage=1085 vpage=24 vdt=60 vmax=132131 vacc=3409 vrej=2 seq=0 elapsed=0 oled=3C
[   8452] STATUS mode=1 fault=none p60=858 dp60=0 pwm=0 ball=121.71 vball=0.00 bref=-50.00 pid=140.0 integ=-0.0 vision=1 current=0 vframe=7775 vs=0 vage=1105 vpage=16 vdt=60 vmax=132131 vacc=3409 vrej=2 seq=0 elapsed=0 oled=3C
[   8468] STATUS mode=1 fault=none p60=858 dp60=0 pwm=0 ball=121.71 vball=0.00 bref=-50.00 pid=140.0 integ=-0.0 vision=1 current=0 vframe=7776 vs=0 vage=1125 vpage=2 vdt=60 vmax=132131 vacc=3409 vrej=2 seq=0 elapsed=0 oled=3C
[   8484] STATUS mode=1 fault=none p60=858 dp60=0 pwm=0 ball=121.71 vball=0.00 bref=-50.00 pid=140.0 integ=-0.0 vision=1 current=0 vframe=7776 vs=0 vage=1145 vpage=22 vdt=60 vmax=132131 vacc=3409 vrej=2 seq=0 elapsed=0 oled=3C
[   8516] STATUS mode=1 fault=none p60=858 dp60=0 pwm=0 ball=121.71 vball=0.00 bref=-50.00 pid=140.0 integ=-0.0 vision=1 current=0 vframe=7776 vs=0 vage=1165 vpage=42 vdt=60 vmax=132131 vacc=3409 vrej=2 seq=0 elapsed=0 oled=3C
[   8532] STATUS mode=1 fault=none p60=858 dp60=0 pwm=0 ball=121.71 vball=0.00 bref=-50.00 pid=140.0 integ=-0.0 vision=1 current=0 vframe=7776 vs=0 vage=1185 vpage=62 vdt=60 vmax=132131 vacc=3409 vrej=2 seq=0 elapsed=0 oled=3C
[   8547] STATUS mode=1 fault=none p60=858 dp60=0 pwm=0 ball=121.71 vball=0.00 bref=-50.00 pid=140.0 integ=-0.0 vision=1 current=0 vframe=7776 vs=0 vage=1205 vpage=82 vdt=60 vmax=132131 vacc=3409 vrej=2 seq=0 elapsed=0 oled=3C
[   8563] STATUS mode=1 fault=none p60=858 dp60=0 pwm=0 ball=121.71 vball=0.00 bref=-50.00 pid=140.0 integ=-0.0 vision=1 current=0 vframe=7777 vs=0 vage=1225 vpage=9 vdt=60 vmax=132131 vacc=3409 vrej=2 seq=0 elapsed=0 oled=3C
[   8593] STATUS mode=1 fault=none p60=858 dp60=0 pwm=0 ball=121.71 vball=0.00 bref=-50.00 pid=140.0 integ=-0.0 vision=1 current=0 vframe=7778 vs=0 vage=1245 vpage=3 vdt=60 vmax=132131 vacc=3409 vrej=2 seq=0 elapsed=0 oled=3C
[   8609] STATUS mode=1 fault=none p60=858 dp60=0 pwm=0 ball=121.71 vball=0.00 bref=-50.00 pid=140.0 integ=-0.0 vision=1 current=0 vframe=7778 vs=0 vage=1265 vpage=23 vdt=60 vmax=132131 vacc=3409 vrej=2 seq=0 elapsed=0 oled=3C
[   8625] STATUS mode=1 fault=none p60=858 dp60=0 pwm=0 ball=121.71 vball=0.00 bref=-50.00 pid=140.0 integ=-0.0 vision=1 current=0 vframe=7779 vs=0 vage=1285 vpage=12 vdt=60 vmax=132131 vacc=3409 vrej=2 seq=0 elapsed=0 oled=3C
[   8641] STATUS mode=1 fault=none p60=858 dp60=0 pwm=0 ball=121.71 vball=0.00 bref=-50.00 pid=140.0 integ=-0.0 vision=1 current=0 vframe=7779 vs=0 vage=1305 vpage=32 vdt=60 vmax=132131 vacc=3409 vrej=2 seq=0 elapsed=0 oled=3C
[   8657] STATUS mode=1 fault=none p60=858 dp60=0 pwm=0 ball=121.71 vball=0.00 bref=-50.00 pid=140.0 integ=-0.0 vision=1 current=0 vframe=7779 vs=0 vage=1325 vpage=52 vdt=60 vmax=132131 vacc=3409 vrej=2 seq=0 elapsed=0 oled=3C
[   8688] STATUS mode=1 fault=none p60=858 dp60=0 pwm=0 ball=121.71 vball=0.00 bref=-50.00 pid=140.0 integ=-0.0 vision=1 current=0 vframe=7779 vs=0 vage=1345 vpage=72 vdt=60 vmax=132131 vacc=3409 vrej=2 seq=0 elapsed=0 oled=3C
[   8702] STATUS mode=1 fault=none p60=858 dp60=0 pwm=0 ball=121.71 vball=0.00 bref=-50.00 pid=140.0 integ=-0.0 vision=1 current=0 vframe=7780 vs=0 vage=1365 vpage=4 vdt=60 vmax=132131 vacc=3409 vrej=2 seq=0 elapsed=0 oled=3C
[   8718] STATUS mode=1 fault=none p60=858 dp60=0 pwm=0 ball=121.71 vball=0.00 bref=-50.00 pid=140.0 integ=-0.0 vision=1 current=0 vframe=7780 vs=0 vage=1385 vpage=24 vdt=60 vmax=132131 vacc=3409 vrej=2 seq=0 elapsed=0 oled=3C
[   8750] STATUS mode=1 fault=none p60=858 dp60=0 pwm=0 ball=121.71 vball=0.00 bref=-50.00 pid=140.0 integ=-0.0 vision=1 current=0 vframe=7781 vs=0 vage=1405 vpage=16 vdt=60 vmax=132131 vacc=3409 vrej=2 seq=0 elapsed=0 oled=3C
[   8766] STATUS mode=1 fault=none p60=858 dp60=0 pwm=0 ball=121.71 vball=0.00 bref=-50.00 pid=140.0 integ=-0.0 vision=1 current=0 vframe=7782 vs=0 vage=1425 vpage=2 vdt=60 vmax=132131 vacc=3409 vrej=2 seq=0 elapsed=0 oled=3C
[   8782] STATUS mode=1 fault=none p60=858 dp60=0 pwm=0 ball=121.71 vball=0.00 bref=-50.00 pid=140.0 integ=-0.0 vision=1 current=0 vframe=7782 vs=0 vage=1445 vpage=22 vdt=60 vmax=132131 vacc=3409 vrej=2 seq=0 elapsed=0 oled=3C
[   8797] STATUS mode=1 fault=none p60=858 dp60=0 pwm=0 ball=121.71 vball=0.00 bref=-50.00 pid=140.0 integ=-0.0 vision=1 current=0 vframe=7782 vs=0 vage=1465 vpage=42 vdt=60 vmax=132131 vacc=3409 vrej=2 seq=0 elapsed=0 oled=3C
[   8827] STATUS mode=1 fault=none p60=858 dp60=0 pwm=0 ball=121.71 vball=0.00 bref=-50.00 pid=140.0 integ=-0.0 vision=1 current=0 vframe=7782 vs=0 vage=1485 vpage=62 vdt=60 vmax=132131 vacc=3409 vrej=2 seq=0 elapsed=0 oled=3C
[   8843] STATUS mode=1 fault=none p60=858 dp60=0 pwm=0 ball=121.71 vball=0.00 bref=-50.00 pid=140.0 integ=-0.0 vision=1 current=0 vframe=7782 vs=0 vage=1505 vpage=82 vdt=60 vmax=132131 vacc=3409 vrej=2 seq=0 elapsed=0 oled=3C
[   8859] STATUS mode=1 fault=none p60=858 dp60=0 pwm=0 ball=121.71 vball=0.00 bref=-50.00 pid=140.0 integ=-0.0 vision=1 current=0 vframe=7783 vs=0 vage=1525 vpage=15 vdt=60 vmax=132131 vacc=3409 vrej=2 seq=0 elapsed=0 oled=3C
[   8875] STATUS mode=1 fault=none p60=858 dp60=0 pwm=0 ball=121.71 vball=0.00 bref=-50.00 pid=140.0 integ=-0.0 vision=1 current=0 vframe=7784 vs=0 vage=1545 vpage=5 vdt=60 vmax=132131 vacc=3409 vrej=2 seq=0 elapsed=0 oled=3C
[   8907] STATUS mode=1 fault=none p60=858 dp60=0 pwm=0 ball=121.71 vball=0.00 bref=-50.00 pid=140.0 integ=-0.0 vision=1 current=0 vframe=7784 vs=0 vage=1565 vpage=25 vdt=60 vmax=132131 vacc=3409 vrej=2 seq=0 elapsed=0 oled=3C
[   8922] STATUS mode=1 fault=none p60=858 dp60=0 pwm=0 ball=121.71 vball=0.00 bref=-50.00 pid=140.0 integ=-0.0 vision=1 current=0 vframe=7801 vs=0 vage=1585 vpage=12 vdt=60 vmax=132131 vacc=3409 vrej=2 seq=0 elapsed=0 oled=3C
[   8938] STATUS mode=1 fault=none p60=858 dp60=0 pwm=0 ball=121.71 vball=0.00 bref=-50.00 
[   8938] >>> stream off
[   8938] pid=140.0 integ=-0.0 vision=1 current=0 vframe=7801 vs=0 vage=1605 vpage=32 vdt=60 vmax=132131 vacc=3409 vrej=2 seq=0 elapsed=0 oled=3C
[   8938] OK stream off
