[      0] >>> bench on
[     16] OK visual-only bench active; use zero before motor tests
[    641] >>> stop
[    641] OK stopped
[   1266] >>> gain ball 1.5 0.0 7.5 -1
[   1266] OK ball gains kp=1.500 ki=0.000 kd=7.500 sign=-1
[   1891] >>> gain accel 1.0
[   1891] OK ball acceleration gain ka=1.000
[   2500] >>> limit pwm 140
[   2516] OK beam PWM limit=140
[   3125] >>> stream on 20
[   3141] OK stream on 20 ms
[   3172] STATUS mode=1 fault=none p60=-18 dp60=0 pwm=0 ball=119.15 vball=0.11 aball=0.0 bref=0.00 pid=0.0 apid=0.0 integ=0.0 vision=1 current=1 vframe=3046 vs=1 vage=65 vpage=65 vdt=32 vmax=187 vacc=3040 vrej=0 seq=0 elapsed=0 oled=3C
[   3188] STATUS mode=1 fault=none p60=-18 dp60=0 pwm=0 ball=119.15 vball=0.11 aball=0.0 bref=0.00 pid=0.0 apid=0.0 integ=0.0 vision=1 current=1 vframe=3046 vs=1 vage=85 vpage=85 vdt=32 vmax=187 vacc=3040 vrej=0 seq=0 elapsed=0 oled=3C
[   3218] STATUS mode=1 fault=none p60=-18 dp60=0 pwm=0 ball=119.14 vball=0.06 aball=0.0 bref=0.00 pid=0.0 apid=0.0 integ=0.0 vision=1 current=1 vframe=3047 vs=1 vage=6 vpage=6 vdt=99 vmax=187 vacc=3041 vrej=0 seq=0 elapsed=0 oled=3C
[   3234] STATUS mode=1 fault=none p60=-18 dp60=0 pwm=0 ball=119.14 vball=0.06 aball=0.0 bref=0.00 pid=0.0 apid=0.0 integ=0.0 vision=1 current=1 vframe=3047 vs=1 vage=26 vpage=26 vdt=99 vmax=187 vacc=3041 vrej=0 seq=0 elapsed=0 oled=3C
[   3250] STATUS mode=1 fault=none p60=-18 dp60=0 pwm=0 ball=119.13 vball=-0.02 aball=0.0 bref=0.00 pid=0.0 apid=0.0 integ=0.0 vision=1 current=1 vframe=3048 vs=1 vage=9 vpage=9 vdt=37 vmax=187 vacc=3042 vrej=0 seq=0 elapsed=0 oled=3C
[   3282] STATUS mode=1 fault=none p60=-18 dp60=0 pwm=0 ball=119.13 vball=-0.02 aball=0.0 bref=0.00 pid=0.0 apid=0.0 integ=0.0 vision=1 current=1 vframe=3048 vs=1 vage=29 vpage=29 vdt=37 vmax=187 vacc=3042 vrej=0 seq=0 elapsed=0 oled=3C
[   3297] STATUS mode=1 fault=none p60=-18 dp60=0 pwm=0 ball=119.13 vball=-0.02 aball=0.0 bref=0.00 pid=0.0 apid=0.0 integ=0.0 vision=1 current=1 vframe=3049 vs=1 vage=15 vpage=15 vdt=34 vmax=187 vacc=3043 vrej=0 seq=0 elapsed=0 oled=3C
[   3313] STATUS mode=1 fault=none p60=-18 dp60=0 pwm=0 ball=119.13 vball=-0.02 aball=0.0 bref=0.00 pid=0.0 apid=0.0 integ=0.0 vision=1 current=1 vframe=3049 vs=1 vage=35 vpage=35 vdt=34 vmax=187 vacc=3043 vrej=0 seq=0 elapsed=0 oled=3C
[   3327] STATUS mode=1 fault=none p60=-18 dp60=0 pwm=0 ball=119.13 vball=-0.02 aball=0.0 bref=0.00 pid=0.0 apid=0.0 integ=0.0 vision=1 current=1 vframe=3049 vs=1 vage=55 vpage=55 vdt=34 vmax=187 vacc=3043 vrej=0 seq=0 elapsed=0 oled=3C
[   3359] STATUS mode=1 fault=none p60=-18 dp60=0 pwm=0 ball=119.13 vball=-0.02 aball=0.0 bref=0.00 pid=0.0 apid=0.0 integ=0.0 vision=1 current=1 vframe=3049 vs=1 vage=75 vpage=75 vdt=34 vmax=187 vacc=3043 vrej=0 seq=0 elapsed=0 oled=3C
[   3375] STATUS mode=1 fault=none p60=-18 dp60=0 pwm=0 ball=119.13 vball=-0.02 aball=0.0 bref=0.00 pid=0.0 apid=0.0 integ=0.0 vision=1 current=1 vframe=3049 vs=1 vage=95 vpage=95 vdt=34 vmax=187 vacc=3043 vrej=0 seq=0 elapsed=0 oled=3C
[   3391] STATUS mode=1 fault=none p60=-18 dp60=0 pwm=0 ball=119.13 vball=-0.02 aball=0.0 bref=0.00 pid=0.0 apid=0.0 integ=0.0 vision=1 current=1 vframe=3049 vs=1 vage=115 vpage=115 vdt=34 vmax=187 vacc=3043 vrej=0 seq=0 elapsed=0 oled=3C
[   3422] STATUS mode=1 fault=none p60=-18 dp60=0 pwm=0 ball=119.13 vball=-0.02 aball=0.0 bref=0.00 pid=0.0 apid=0.0 integ=0.0 vision=1 current=1 vframe=3049 vs=1 vage=135 vpage=135 vdt=34 vmax=187 vacc=3043 vrej=0 seq=0 elapsed=0 oled=3C
[   3438] STATUS mode=1 fault=none p60=-18 dp60=0 pwm=0 ball=119.09 vball=-0.41 aball=0.0 bref=0.00 pid=0.0 apid=0.0 integ=0.0 vision=1 current=1 vframe=3051 vs=1 vage=8 vpage=8 vdt=7 vmax=187 vacc=3045 vrej=0 seq=0 elapsed=0 oled=3C
[   3452] STATUS mode=1 fault=none p60=-18 dp60=0 pwm=0 ball=119.09 vball=-0.41 aball=0.0 bref=0.00 pid=0.0 apid=0.0 integ=0.0 vision=1 current=1 vframe=3051 vs=1 vage=28 vpage=28 vdt=7 vmax=187 vacc=3045 vrej=0 seq=0 elapsed=0 oled=3C
[   3468] STATUS mode=1 fault=none p60=-18 dp60=0 pwm=0 ball=119.14 vball=0.07 aball=0.0 bref=0.00 pid=0.0 apid=0.0 integ=0.0 vision=1 current=1 vframe=3052 vs=1 vage=15 vpage=15 vdt=33 vmax=187 vacc=3046 vrej=0 seq=0 elapsed=0 oled=3C
[   3500] STATUS mode=1 fault=none p60=-18 dp60=0 pwm=0 ball=119.15 vball=0.13 aball=0.0 bref=0.00 pid=0.0 apid=0.0 integ=0.0 vision=1 current=1 vframe=3053 vs=1 vage=2 vpage=2 vdt=33 vmax=187 vacc=3047 vrej=0 seq=0 elapsed=0 oled=3C
[   3516] STATUS mode=1 fault=none p60=-18 dp60=0 pwm=0 ball=119.15 vball=0.13 aball=0.0 bref=0.00 pid=0.0 apid=0.0 integ=0.0 vision=1 current=1 vframe=3053 vs=1 vage=22 vpage=22 vdt=33 vmax=187 vacc=3047 vrej=0 seq=0 elapsed=0 oled=3C
[   3532] STATUS mode=1 fault=none p60=-18 dp60=0 pwm=0 ball=119.15 vball=0.13 aball=0.0 bref=0.00 pid=0.0 apid=0.0 integ=0.0 vision=1 current=1 vframe=3053 vs=1 vage=42 vpage=42 vdt=33 vmax=187 vacc=3047 vrej=0 seq=0 elapsed=0 oled=3C
[   3547] STATUS mode=1 fault=none p60=-18 dp60=0 pwm=0 ball=119.15 vball=0.13 aball=0.0 bref=0.00 pid=0.0 apid=0.0 integ=0.0 vision=1 current=1 vframe=3053 vs=1 vage=62 vpage=62 vdt=33 vmax=187 vacc=3047 vrej=0 seq=0 elapsed=0 oled=3C
[   3577] STATUS mode=1 fault=none p60=-18 dp60=0 pwm=0 ball=119.15 vball=0.13 aball=0.0 bref=0.00 pid=0.0 apid=0.0 integ=0.0 vision=1 current=1 vframe=3053 vs=1 vage=82 vpage=82 vdt=33 vmax=187 vacc=3047 vrej=0 seq=0 elapsed=0 oled=3C
[   3593] STATUS mode=1 fault=none p60=-18 dp60=0 pwm=0 ball=119.15 vball=0.10 aball=0.0 bref=0.00 pid=0.0 apid=0.0 integ=0.0 vision=1 current=1 vframe=3054 vs=1 vage=2 vpage=2 vdt=100 vmax=187 vacc=3048 vrej=0 seq=0 elapsed=0 oled=3C
[   3609] STATUS mode=1 fault=none p60=-18 dp60=0 pwm=0 ball=119.15 vball=0.10 aball=0.0 bref=0.00 pid=0.0 apid=0.0 integ=0.0 vision=1 current=1 vframe=3054 vs=1 vage=22 vpage=22 vdt=100 vmax=187 vacc=3048 vrej=0 seq=0 elapsed=0 oled=3C
[   3641] STATUS mode=1 fault=none p60=-18 dp60=0 pwm=0 ball=119.15 vball=0.07 aball=0.0 bref=0.00 pid=0.0 apid=0.0 integ=0.0 vision=1 current=1 vframe=3055 vs=1 vage=9 vpage=9 vdt=33 vmax=187 vacc=3049 vrej=0 seq=0 elapsed=0 oled=3C
[   3657] STATUS mode=1 fault=none p60=-18 dp60=0 pwm=0 ball=119.15 vball=0.07 aball=0.0 bref=0.00 pid=0.0 apid=0.0 integ=0.0 vision=1 current=1 vframe=3055 vs=1 vage=29 vpage=29 vdt=33 vmax=187 vacc=3049 vrej=0 seq=0 elapsed=0 oled=3C
[   3672] STATUS mode=1 fault=none p60=-18 dp60=0 pwm=0 ball=119.15 vball=0.06 aball=0.0 bref=0.00 pid=0.0 apid=0.0 integ=0.0 vision=1 current=1 vframe=3056 vs=1 vage=13 vpage=13 vdt=36 vmax=187 vacc=3050 vrej=0 seq=0 elapsed=0 oled=3C
[   3688] STATUS mode=1 fault=none p60=-18 dp60=0 pwm=0 ball=119.15 vball=0.06 aball=0.0 bref=0.00 pid=0.0 apid=0.0 integ=0.0 vision=1 current=1 vframe=3056 vs=1 vage=33 vpage=33 vdt=36 vmax=187 vacc=3050 vrej=0 seq=0 elapsed=0 oled=3C
[   3718] STATUS mode=1 fault=none p60=-18 dp60=0 pwm=0 ball=119.15 vball=0.06 aball=0.0 bref=0.00 pid=0.0 apid=0.0 integ=0.0 vision=1 current=1 vframe=3056 vs=1 vage=53 vpage=53 vdt=36 vmax=187 vacc=3050 vrej=0 seq=0 elapsed=0 oled=3C
[   3734] STATUS mode=1 fault=none p60=-18 dp60=0 pwm=0 ball=119.15 vball=0.06 aball=0.0 bref=0.00 pid=0.0 apid=0.0 integ=0.0 vision=1 current=1 vframe=305
[   3734] >>> ball 50
[   3734] 6 vs=1 vage=73 vpage=73 vdt=36 vmax=187 vacc=3050 vrej=0 seq=0 elapsed=0 oled=3C
[   3734] OK visual PWM ball target=50.00 mm
[   3750] STATUS mode=3 fault=none p60=-18 dp60=0 pwm=132 ball=119.15 vball=0.06 aball=0.0 bref=50.00 pid=104.1 apid=0.0 integ=-0.0 vision=1 current=1 vframe=3056 vs=1 vage=93 vpage=93 vdt=36 vmax=187 vacc=3050 vrej=0 seq=0 elapsed=0 oled=3C
[   3782] STATUS mode=3 fault=none p60=-16 dp60=1 pwm=132 ball=119.15 vball=0.04 aball=-0.0 bref=50.00 pid=104.0 apid=-0.0 integ=-0.0 vision=1 current=1 vframe=3057 vs=1 vage=16 vpage=16 vdt=97 vmax=187 vacc=3051 vrej=0 seq=0 elapsed=0 oled=3C
[   3797] STATUS mode=3 fault=none p60=-12 dp60=1 pwm=132 ball=119.15 vball=0.04 aball=-0.0 bref=50.00 pid=104.0 apid=-0.0 integ=-0.0 vision=1 current=1 vframe=3057 vs=1 vage=36 vpage=36 vdt=97 vmax=187 vacc=3051 vrej=0 seq=0 elapsed=0 oled=3C
[   3813] STATUS mode=3 fault=none p60=-7 dp60=2 pwm=0 ball=119.15 vball=0.03 aball=-0.1 bref=50.00 pid=103.8 apid=-0.1 integ=-0.0 vision=1 current=1 vframe=3058 vs=1 vage=20 vpage=20 vdt=36 vmax=187 vacc=3052 vrej=0 seq=0 elapsed=0 oled=3C
[   3843] STATUS mode=3 fault=none p60=-2 dp60=1 pwm=132 ball=119.15 vball=0.03 aball=-0.1 bref=50.00 pid=103.8 apid=-0.1 integ=-0.0 vision=1 current=1 vframe=3058 vs=1 vage=40 vpage=40 vdt=36 vmax=187 vacc=3052 vrej=0 seq=0 elapsed=0 oled=3C
[   3859] STATUS mode=3 fault=none p60=5 dp60=2 pwm=0 ball=119.15 vball=0.03 aball=-0.1 bref=50.00 pid=103.8 apid=-0.1 integ=-0.0 vision=1 current=1 vframe=3058 vs=1 vage=60 vpage=60 vdt=36 vmax=187 vacc=3052 vrej=0 seq=0 elapsed=0 oled=3C
[   3875] STATUS mode=3 fault=none p60=10 dp60=1 pwm=0 ball=119.15 vball=0.03 aball=-0.1 bref=50.00 pid=103.8 apid=-0.1 integ=-0.0 vision=1 current=1 vframe=3058 vs=1 vage=80 vpage=80 vdt=36 vmax=187 vacc=3052 vrej=0 seq=0 elapsed=0 oled=3C
[   3891] STATUS mode=3 fault=none p60=13 dp60=0 pwm=0 ball=119.15 vball=0.03 aball=-0.1 bref=50.00 pid=103.8 apid=-0.1 integ=-0.0 vision=1 current=1 vframe=3058 vs=1 vage=100 vpage=100 vdt=36 vmax=187 vacc=3052 vrej=0 seq=0 elapsed=0 oled=3C
[   3922] STATUS mode=3 fault=none p60=14 dp60=1 pwm=132 ball=119.14 vball=-0.00 aball=-0.1 bref=50.00 pid=103.6 apid=-0.1 integ=-0.0 vision=1 current=1 vframe=3060 vs=1 vage=9 vpage=9 vdt=6 vmax=187 vacc=3054 vrej=0 seq=0 elapsed=0 oled=3C
[   3938] STATUS mode=3 fault=none p60=20 dp60=2 pwm=0 ball=119.14 vball=-0.00 aball=-0.1 bref=50.00 pid=103.6 apid=-0.1 integ=-0.0 vision=1 current=1 vframe=3060 vs=1 vage=29 vpage=29 vdt=6 vmax=187 vacc=3054 vrej=0 seq=0 elapsed=0 oled=3C
[   3952] STATUS mode=3 fault=none p60=26 dp60=2 pwm=132 ball=119.29 vball=1.04 aball=8.6 bref=50.00 pid=120.3 apid=8.6 integ=-0.0 vision=1 current=1 vframe=3061 vs=1 vage=13 vpage=13 vdt=36 vmax=187 vacc=3055 vrej=0 seq=0 elapsed=0 oled=3C
[   3984] STATUS mode=3 fault=none p60=34 dp60=2 pwm=135 ball=119.29 vball=1.04 aball=8.6 bref=50.00 pid=120.3 apid=8.6 integ=-0.0 vision=1 current=1 vframe=3061 vs=1 vage=33 vpage=33 vdt=36 vmax=187 vacc=3055 vrej=0 seq=0 elapsed=0 oled=3C
[   4000] STATUS mode=3 fault=none p60=42 dp60=2 pwm=135 ball=119.29 vball=1.04 aball=8.6 bref=50.00 pid=120.3 apid=8.6 integ=-0.0 vision=1 current=1 vframe=3061 vs=1 vage=53 vpage=53 vdt=36 vmax=187 vacc=3055 vrej=0 seq=0 elapsed=0 oled=3C
[   4016] STATUS mode=3 fault=none p60=51 dp60=2 pwm=0 ball=119.29 vball=1.04 aball=8.6 bref=50.00 pid=120.3 apid=8.6 integ=-0.0 vision=1 current=1 vframe=3061 vs=1 vage=73 vpage=73 vdt=36 vmax=187 vacc=3055 vrej=0 seq=0 elapsed=0 oled=3C
[   4032] STATUS mode=3 fault=none p60=58 dp60=1 pwm=0 ball=119.29 vball=1.04 aball=8.6 bref=50.00 pid=120.3 apid=8.6 integ=-0.0 vision=1 current=1 vframe=3061 vs=1 vage=93 vpage=93 vdt=36 vmax=187 vacc=3055 vrej=0 seq=0 elapsed=0 oled=3C
[   4063] STATUS mode=3 fault=none p60=62 dp60=1 pwm=134 ball=119.33 vball=0.87 aball=5.6 bref=50.00 pid=116.1 apid=5.6 integ=-0.0 vision=1 current=1 vframe=3062 vs=1 vage=5 vpage=5 vdt=108 vmax=187 vacc=3056 vrej=0 seq=0 elapsed=0 oled=3C
[   4077] STATUS mode=3 fault=none p60=66 dp60=1 pwm=134 ball=119.34 vball=1.01 aball=9.8 bref=50.00 pid=121.4 apid=9.8 integ=-0.0 vision=1 current=1 vframe=3063 vs=1 vage=18 vpage=18 vdt=7 vmax=187 vacc=3057 vrej=0 seq=0 elapsed=0 oled=3C
[   4093] STATUS mode=3 fault=none p60=74 dp60=2 pwm=136 ball=119.69 vball=3.19 aball=9.8 bref=50.00 pid=121.4 apid=9.8 integ=-0.0 vision=1 current=1 vframe=3064 vs=1 vage=2 vpage=2 vdt=36 vmax=187 vacc=3058 vrej=0 seq=0 elapsed=0 oled=3C
[   4125] STATUS mode=3 fault=none p60=83 dp60=3 pwm=136 ball=119.69 vball=3.19 aball=25.0 bref=50.00 pid=140.0 apid=25.0 integ=-0.0 vision=1 current=1 vframe=3064 vs=1 vage=22 vpage=22 vdt=36 vmax=187 vacc=3058 vrej=0 seq=0 elapsed=0 oled=3C
[   4141] STATUS mode=3 fault=none p60=92 dp60=2 pwm=140 ball=119.69 vball=3.19 aball=25.0 bref=50.00 pid=140.0 apid=25.0 integ=-0.0 vision=1 current=1 vframe=3064 vs=1 vage=42 vpage=42 vdt=36 vmax=187 vacc=3058 vrej=0 seq=0 elapsed=0 oled=3C
[   4157] STATUS mode=3 fault=none p60=103 dp60=3 pwm=0 ball=119.69 vball=3.19 aball=25.0 bref=50.00 pid=140.0 apid=25.0 integ=-0.0 vision=1 current=1 vframe=3064 vs=1 vage=62 vpage=62 vdt=36 vmax=187 vacc=3058 vrej=0 seq=0 elapsed=0 oled=3C
[   4188] STATUS mode=3 fault=none p60=112 dp60=2 pwm=0 ball=119.69 vball=3.19 aball=25.0 bref=50.00 pid=140.0 apid=25.0 integ=-0.0 vision=1 current=1 vframe=3064 vs=1 vage=82 vpage=82 vdt=36 vmax=187 vacc=3058 vrej=0 seq=0 elapsed=0 oled=3C
[   4202] STATUS mode=3 fault=none p60=118 dp60=1 pwm=0 ball=119.69 vball=3.19 aball=25.0 bref=50.00 pid=140.0 apid=25.0 integ=-0.0 vision=1 current=1 vframe=3064 vs=1 vage=102 vpage=102 vdt=36 vmax=187 vacc=3058 vrej=0 seq=0 elapsed=0 oled=3C
[   4218] STATUS mode=3 fault=none p60=123 dp60=1 pwm=139 ball=119.76 vball=3.28 aball=45.7 bref=50.00 pid=140.0 apid=45.7 integ=-0.0 vision=1 current=1 vframe=3066 vs=1 vage=9 vpage=9 vdt=7 vmax=187 vacc=3060 vrej=0 seq=0 elapsed=0 oled=3C
[   4234] STATUS mode=3 fault=none p60=130 dp60=2 pwm=0 ball=119.75 vball=2.33 aball=17.8 bref=50.00 pid=139.9 apid=17.8 integ=-0.0 vision=1 current=1 vframe=3067 vs=1 vage=9 vpage=9 vdt=20 vmax=187 vacc=3061 vrej=0 seq=0 elapsed=0 oled=3C
[   4266] STATUS mode=3 fault=none p60=139 dp60=3 pwm=139 ball=119.75 vball=2.33 aball=17.8 bref=50.00 pid=139.9 apid=17.8 integ=-0.0 vision=1 current=1 vframe=3067 vs=1 vage=29 vpage=29 vdt=20 vmax=187 vacc=3061 vrej=0 seq=0 elapsed=0 oled=3C
[   4282] STATUS mode=3 fault=none p60=148 dp60=2 pwm=138 ball=119.81 vball=2.20 aball=11.3 bref=50.00 pid=132.5 apid=11.3 integ=-0.0 vision=1 current=1 vframe=3068 vs=1 vage=16 vpage=16 vdt=33 vmax=187 vacc=3062 vrej=0 seq=0 elapsed=0 oled=3C
[   4297] STATUS mode=3 fault=none p60=159 dp60=3 pwm=138 ball=119.81 vball=2.20 aball=11.3 bref=50.00 pid=132.5 apid=11.3 integ=-0.0 vision=1 current=1 vframe=3068 vs=1 vage=36 vpage=36 vdt=33 vmax=187 vacc=3062 vrej=0 seq=0 elapsed=0 oled=3C
[   4327] STATUS mode=3 fault=none p60=169 dp60=2 pwm=0 ball=119.81 vball=2.20 aball=11.3 bref=50.00 pid=132.5 apid=11.3 integ=-0.0 vision=1 current=1 vframe=3068 vs=1 vage=56 vpage=56 vdt=33 vmax=187 vacc=3062 vrej=0 seq=0 elapsed=0 oled=3C
[   4343] STATUS mode=3 fault=none p60=177 dp60=1 pwm=0 ball=119.81 vball=2.20 aball=11.3 bref=50.00 pid=132.5 apid=11.3 integ=-0.0 vision=1 current=1 vframe=3068 vs=1
[   4343]  vage=76 vpage=76 vdt=33 vmax=187 vacc=3062 vrej=0 seq=0 elapsed=0 oled=3C
[   4359] STATUS mode=3 fault=none p60=183 dp60=2 pwm=0 ball=119.81 vball=2.20 aball=11.3 bref=50.00 pid=132.5 apid=11.3 integ=-0.0 vision=1 current=1 vframe=3068 vs=1 vage=96 vpage=96 vdt=33 vmax=187 vacc=3062 vrej=0 seq=0 elapsed=0 oled=3C
[   4391] STATUS mode=3 fault=none p60=186 dp60=1 pwm=136 ball=119.90 vball=1.87 aball=6.9 bref=50.00 pid=125.8 apid=6.9 integ=-0.0 vision=1 current=1 vframe=3069 vs=1 vage=13 vpage=13 vdt=103 vmax=187 vacc=3063 vrej=0 seq=0 elapsed=0 oled=3C
[   4407] STATUS mode=3 fault=none p60=190 dp60=2 pwm=136 ball=120.50 vball=6.24 aball=6.9 bref=50.00 pid=125.8 apid=6.9 integ=-0.0 vision=1 current=1 vframe=3070 vs=1 vage=2 vpage=2 vdt=31 vmax=187 vacc=3064 vrej=0 seq=0 elapsed=0 oled=3C
[   4422] STATUS mode=3 fault=none p60=195 dp60=2 pwm=140 ball=120.50 vball=6.24 aball=47.2 bref=50.00 pid=140.0 apid=47.2 integ=-0.0 vision=1 current=1 vframe=3070 vs=1 vage=22 vpage=22 vdt=31 vmax=187 vacc=3064 vrej=0 seq=0 elapsed=0 oled=3C
[   4438] STATUS mode=3 fault=none p60=202 dp60=2 pwm=0 ball=120.56 vball=5.14 aball=23.0 bref=50.00 pid=140.0 apid=23.0 integ=-0.0 vision=1 current=1 vframe=3071 vs=1 vage=9 vpage=9 vdt=33 vmax=187 vacc=3065 vrej=0 seq=0 elapsed=0 oled=3C
[   4468] STATUS mode=3 fault=none p60=210 dp60=3 pwm=140 ball=120.56 vball=5.14 aball=23.0 bref=50.00 pid=140.0 apid=23.0 integ=-0.0 vision=1 current=1 vframe=3071 vs=1 vage=29 vpage=29 vdt=33 vmax=187 vacc=3065 vrej=0 seq=0 elapsed=0 oled=3C
[   4484] STATUS mode=3 fault=none p60=220 dp60=3 pwm=0 ball=120.56 vball=5.14 aball=23.0 bref=50.00 pid=140.0 apid=23.0 integ=-0.0 vision=1 current=1 vframe=3071 vs=1 vage=49 vpage=49 vdt=33 vmax=187 vacc=3065 vrej=0 seq=0 elapsed=0 oled=3C
[   4500] STATUS mode=3 fault=none p60=228 dp60=2 pwm=0 ball=120.56 vball=5.14 aball=23.0 bref=50.00 pid=140.0 apid=23.0 integ=-0.0 vision=1 current=1 vframe=3071 vs=1 vage=69 vpage=69 vdt=33 vmax=187 vacc=3065 vrej=0 seq=0 elapsed=0 oled=3C
[   4532] STATUS mode=3 fault=none p60=233 dp60=1 pwm=0 ball=120.56 vball=5.14 aball=23.0 bref=50.00 pid=140.0 apid=23.0 integ=-0.0 vision=1 current=1 vframe=3071 vs=1 vage=89 vpage=89 vdt=33 vmax=187 vacc=3065 vrej=0 seq=0 elapsed=0 oled=3C
[   4547] STATUS mode=3 fault=none p60=237 dp60=1 pwm=140 ball=120.35 vball=3.30 aball=10.3 bref=50.00 pid=140.0 apid=10.3 integ=-0.0 vision=1 current=1 vframe=3072 vs=1 vage=14 vpage=14 vdt=95 vmax=187 vacc=3066 vrej=0 seq=0 elapsed=0 oled=3C
[   4563] STATUS mode=3 fault=none p60=243 dp60=2 pwm=0 ball=120.44 vball=3.50 aball=9.9 bref=50.00 pid=140.0 apid=9.9 integ=-0.0 vision=1 current=1 vframe=3073 vs=1 vage=12 vpage=12 vdt=22 vmax=187 vacc=3067 vrej=0 seq=0 elapsed=0 oled=3C
[   4593] STATUS mode=3 fault=none p60=250 dp60=2 pwm=140 ball=120.44 vball=3.50 aball=9.9 bref=50.00 pid=140.0 apid=9.9 integ=-0.0 vision=1 current=1 vframe=3073 vs=1 vage=32 vpage=32 vdt=22 vmax=187 vacc=3067 vrej=0 seq=0 elapsed=0 oled=3C
[   4609] STATUS mode=3 fault=none p60=259 dp60=2 pwm=136 ball=120.45 vball=2.70 aball=-0.3 bref=50.00 pid=125.6 apid=-0.3 integ=-0.0 vision=1 current=1 vframe=3074 vs=1 vage=19 vpage=19 vdt=33 vmax=187 vacc=3068 vrej=0 seq=0 elapsed=0 oled=3C
[   4625] STATUS mode=3 fault=none p60=268 dp60=2 pwm=136 ball=120.45 vball=2.70 aball=-0.3 bref=50.00 pid=125.6 apid=-0.3 integ=-0.0 vision=1 current=1 vframe=3074 vs=1 vage=39 vpage=39 vdt=33 vmax=187 vacc=3068 vrej=0 seq=0 elapsed=0 oled=3C
[   4641] STATUS mode=3 fault=none p60=278 dp60=2 pwm=0 ball=120.45 vball=2.70 aball=-0.3 bref=50.00 pid=125.6 apid=-0.3 integ=-0.0 vision=1 current=1 vframe=3074 vs=1 vage=59 vpage=59 vdt=33 vmax=187 vacc=3068 vrej=0 seq=0 elapsed=0 oled=3C
[   4672] STATUS mode=3 fault=none p60=286 dp60=2 pwm=0 ball=120.45 vball=2.70 aball=-0.3 bref=50.00 pid=125.6 apid=-0.3 integ=-0.0 vision=1 current=1 vframe=3074 vs=1 vage=79 vpage=79 vdt=33 vmax=187 vacc=3068 vrej=0 seq=0 elapsed=0 oled=3C
[   4688] STATUS mode=3 fault=none p60=290 dp60=0 pwm=0 ball=120.45 vball=2.70 aball=-0.3 bref=50.00 pid=125.6 apid=-0.3 integ=-0.0 vision=1 current=1 vframe=3074 vs=1 vage=99 vpage=99 vdt=33 vmax=187 vacc=3068 vrej=0 seq=0 elapsed=0 oled=3C
[   4702] STATUS mode=3 fault=none p60=292 dp60=1 pwm=134 ball=119.71 vball=-7.69 aball=-3.2 bref=50.00 pid=115.0 apid=-3.2 integ=-0.0 vision=1 current=1 vframe=3076 vs=1 vage=1 vpage=1 vdt=17 vmax=187 vacc=3070 vrej=0 seq=0 elapsed=0 oled=3C
[   4734] STATUS mode=3 fault=none p60=295 dp60=1 pwm=-135 ball=119.71 vball=-7.69 aball=-168.1 bref=50.00 pid=-121.2 apid=-168.1 integ=-0.0 vision=1 current=1 vframe=3076 vs=1 vage=21 vpage=21 vdt=17 vmax=187 vacc=3070 vrej=0 seq=0 elapsed=0 oled=3C
[   4750] STATUS mode=3 fault=none p60=292 dp60=-1 pwm=0 ball=119.45 vball=-7.74 aball=-118.1 bref=50.00 pid=-71.9 apid=-118.1 integ=-0.0 vision=1 current=1 vframe=3077 vs=1 vage=8 vpage=8 vdt=33 vmax=187 vacc=3071 vrej=0 seq=0 elapsed=0 oled=3C
[   4766] STATUS mode=3 fault=none p60=286 dp60=-2 pwm=-125 ball=119.45 vball=-7.74 aball=-118.1 bref=50.00 pid=-71.9 apid=-118.1 integ=-0.0 vision=1 current=1 vframe=3077 vs=1 vage=28 vpage=28 vdt=33 vmax=187 vacc=3071 vrej=0 seq=0 elapsed=0 oled=3C
[   4797] STATUS mode=3 fault=none p60=278 dp60=-2 pwm=0 ball=119.45 vball=-7.74 aball=-118.1 bref=50.00 pid=-71.9 apid=-118.1 integ=-0.0 vision=1 current=1 vframe=3077 vs=1 vage=48 vpage=48 vdt=33 vmax=187 vacc=3071 vrej=0 seq=0 elapsed=0 oled=3C
[   4813] STATUS mode=3 fault=none p60=273 dp60=-1 pwm=0 ball=119.45 vball=-7.74 aball=-118.1 bref=50.00 pid=-71.9 apid=-118.1 integ=-0.0 vision=1 current=1 vframe=3077 vs=1 vage=68 vpage=68 vdt=33 vmax=187 vacc=3071 vrej=0 seq=0 elapsed=0 oled=3C
[   4827] STATUS mode=3 fault=none p60=270 dp60=-1 pwm=0 ball=119.45 vball=-7.74 aball=-118.1 bref=50.00 pid=-71.9 apid=-118.1 integ=-0.0 vision=1 current=1 vframe=3077 vs=1 vage=88 vpage=88 vdt=33 vmax=187 vacc=3071 vrej=0 seq=0 elapsed=0 oled=3C
[   4859] STATUS mode=3 fault=none p60=268 dp60=0 pwm=-121 ball=118.12 vball=-9.20 aball=-87.1 bref=50.00 pid=-53.9 apid=-87.1 integ=-0.0 vision=1 current=1 vframe=3078 vs=1 vage=10 vpage=10 vdt=98 vmax=187 vacc=3072 vrej=0 seq=0 elapsed=0 oled=3C
[   4875] STATUS mode=3 fault=none p60=266 dp60=0 pwm=0 ball=113.73 vball=-64.66 aball=-511.0 bref=50.00 pid=-140.0 apid=-511.0 integ=-0.0 vision=1 current=1 vframe=3079 vs=1 vage=11 vpage=11 vdt=19 vmax=187 vacc=3073 vrej=0 seq=0 elapsed=0 oled=3C
[   4891] STATUS mode=3 fault=none p60=260 dp60=-2 pwm=0 ball=111.79 vball=-63.65 aball=-348.2 bref=50.00 pid=-140.0 apid=-348.2 integ=-0.0 vision=1 current=1 vframe=3080 vs=1 vage=19 vpage=19 vdt=32 vmax=187 vacc=3074 vrej=0 seq=0 elapsed=0 oled=3C
[   4922] STATUS mode=3 fault=none p60=254 dp60=-2 pwm=0 ball=111.79 vball=-63.65 aball=-348.2 bref=50.00 pid=-140.0 apid=-348.2 integ=-0.0 vision=1 current=1 vframe=3080 vs=1 vage=39 vpage=39 vdt=32 vmax=187 vacc=3074 vrej=0 seq=0 elapsed=0 oled=3C
[   4938] STATUS mode=3 fault=none p60=250 dp60=-1 pwm=0 ball=111.79 vball=-63.65 aball=-348.2 bref=50.00 pid=-140.0 apid=-348.2 integ=-0.0 vision=1 current=1 vframe=3080 vs=1 vage=59 vpage=59 vdt=32 vmax=187 vacc=3074 vrej=0 seq=0 elapsed=0 oled=3C
[   4952] STATUS mode=3 fault=none p60=249 dp60=0 pwm=0 ball=111.79 vball=-63.65 aball=-348.2 bref=50.00 pid=-140.0 apid=-348.2 integ=-0.0 vision=1 current=1 vframe=3080 vs=1 vage=79 vpage=79 vdt=32 vmax=187 vacc=3074 vrej=0 seq=0 elapsed=0 oled=3C
[   4984] STATUS mode=3 fault=none p60=249 dp60=0 pwm=0 ball=111.79 vball=-63.65 aball=-348.2 bref=50.00 pid=-140.0 apid=-348.2 integ=-0.0 vision=1 current=1 vframe=3080 vs=1 vage=99 vpage=99 vdt=32 vmax=187 vacc=3074 vrej=0 seq=0 elapsed=0 oled=3C
[   5000] STATUS mode=3 fault=none p60=250 dp60=0 pwm=0 ball=109.43 vball=-53.70 aball=-213.6 bref=50.00 pid=-140.0 apid=-213.6 integ=-0.0 vision=1 current=1 vframe=3081 vs=1 vage=20 vpage=20 vdt=99 vmax=187 vacc=3075 vrej=0 seq=0 elapsed=0 oled=3C
[   5016] STATUS mode=3 fault=none p60=248 dp60=-1 pwm=0 ball=104.69 vball=-99.52 aball=-599.5 bref=50.00 pid=-140.0 apid=-599.5 integ=-0.0 vision=1 current=1 vframe=3082 vs=1 vage=20 vpage=20 vdt=20 vmax=187 vacc=3076 vrej=0 seq=0 elapsed=0 oled=3C
[   5047] STATUS mode=3 fault=none p60=245 dp60=-1 pwm=-140 ball=101.91 vball=-95.70 aball=-384.9 bref=50.00 pid=-140.0 apid=-384.9 integ=-0.0 vision=1 current=1 vframe=3083 vs=1 vage=7 vpage=7 vdt=33 vmax=187 vacc=3077 vrej=0 seq=0 elapsed=0 oled=3C
[   5063] STATUS mode=3 fault=none p60=239 dp60=-2 pwm=0 ball=101.91 vball=-95.70 aball=-384.9 bref=50.00 pid=-140.0 apid=-384.9 integ=-0.0 vision=1 current=1 vframe=3083 vs=1 vage=27 vpage=27 vdt=33 vmax=187 vacc=3077 vrej=0 seq=0 elapsed=0 oled=3C
[   5077] STATUS mode=3 fault=none p60=234 dp60=-1 pwm=0 ball=101.91 vball=-95.70 aball=-384.9 bref=50.00 pid=-140.0 apid=-384.9 integ=-0.0 vision=1 current=1 vframe=3083 vs=1 vage=47 vpage=47 vdt=33 vmax=187 vacc=3077 vrej=0 seq=0 elapsed=0 oled=3C
[   5109] STATUS mode=3 fault=none p60=231 dp60=0 pwm=0 ball=101.91 vball=-95.70 aball=-384.9 bref=50.00 pid=-140.0 apid=-384.9 integ=-0.0 vision=1 current=1 vframe=3083 vs=1 vage=67 vpage=67 vdt=33 vmax=187 vacc=3077 vrej=0 seq=0 elapsed=0 oled=3C
[   5125] STATUS mode=3 fault=none p60=231 dp60=0 pwm=0 ball=101.91 vball=-95.70 aball=-384.9 bref=50.00 pid=-140.0 apid=-384.9 integ=-0.0 vision=1 current=1 vframe=3083 vs=1 vage=87 vpage=87 vdt=33 vmax=187 vacc=3077 vrej=0 seq=0 elapsed=0 oled=3C
[   5141] STATUS mode=3 fault=none p60=231 dp60=0 pwm=-140 ball=98.42 vball=-80.50 aball=-223.8 bref=50.00 pid=-140.0 apid=-223.8 integ=-0.0 vision=1 current=1 vframe=3084 vs=1 vage=7 vpage=7 vdt=100 vmax=187 vacc=3078 vrej=0 seq=0 elapsed=0 oled=3C
[   5172] STATUS mode=3 fault=none p60=228 dp60=-1 pwm=0 ball=98.42 vball=-80.50 aball=-223.8 bref=50.00 pid=-140.0 apid=-223.8 integ=-0.0 vision=1 current=1 vframe=3084 vs=1 vage=27 vpage=27 vdt=100 vmax=187 vacc=3078 vrej=0 seq=0 elapsed=0 oled=3C
[   5188] STATUS mode=3 fault=none p60=224 dp60=-1 pwm=-140 ball=90.76 vball=-116.70 aball=-476.1 bref=50.00 pid=-140.0 apid=-476.1 integ=-0.0 vision=1 current=1 vframe=3085 vs=1 vage=13 vpage=13 vdt=34 vmax=187 vacc=3079 vrej=0 seq=0 elapsed=0 oled=3C
[   5202] STATUS mode=3 fault=none p60=219 dp60=-2 pwm=0 ball=90.76 vball=-116.70 aball=-476.1 bref=50.00 pid=-140.0 apid=-476.1 integ=-0.0 vision=1 current=1 vframe=3085 vs=1 vage=33 vpage=33 vdt=34 vmax=187 vacc=3079 vrej=0 seq=0 elapsed=0 oled=3C
[   5234] STATUS mode=3 fault=none p60=215 dp60=-1 pwm=0 ball=90.76 vball=-116.70 aball=-476.1 bref=50.00 pid=-140.0 apid=-476.1 integ=-0.0 vision=1 current=1 vframe=3085 vs=1 vage=53 vpage=53 vdt=34 vmax=187 vacc=3079 vrej=0 seq=0 elapsed=0 oled=3C
[   5250] STATUS mode=3 fault=none p60=214 dp60=0 pwm=0 ball=90.76 vball=-116.70 aball=-476.1 bref=50.00 pid=-140.0 apid=-476.1 integ=-0.0 vision=1 current=1 vframe=3085 vs=1 vage=73 vpage=73 vdt=34 vmax=187 vacc=3079 vrej=0 seq=0 elapsed=0 oled=3C
[   5266] STATUS mode=3 fault=none p60=215 dp60=0 pwm=0 ball=90.76 vball=-116.70 aball=-476.1 bref=50.00 pid=-140.0 apid=-476.1 integ=-0.0 vision=1 current=1 vframe=3085 vs=1 vage=93 vpage=93 vdt=34 vmax=187 vacc=3079 vrej=0 seq=0 elapsed=0 oled=3C
[   5297] STATUS mode=3 fault=none p60=216 dp60=1 pwm=-140 ball=87.99 vball=-94.12 aball=-268.7 bref=50.00 pid=-140.0 apid=-268.7 integ=-0.0 vision=1 current=1 vframe=3086 vs=1 vage=8 vpage=8 vdt=105 vmax=187 vacc=3080 vrej=0 seq=0 elapsed=0 oled=3C
[   5313] STATUS mode=3 fault=none p60=215 dp60=-1 pwm=-140 ball=85.32 vball=-137.34 aball=-638.1 bref=50.00 pid=-140.0 apid=-638.1 integ=-0.0 vision=1 current=1 vframe=3087 vs=1 vage=18 vpage=18 vdt=10 vmax=187 vacc=3081 vrej=0 seq=0 elapsed=0 oled=3C
[   5327] STATUS mode=3 fault=none p60=211 dp60=-1 pwm=0 ball=76.98 vball=-162.58 aball=-663.0 bref=50.00 pid=140.0 apid=-638.1 integ=-0.0 vision=1 current=1 vframe=3088 vs=1 vage=3 vpage=3 vdt=35 vmax=187 vacc=3082 vrej=0 seq=0 elapsed=0 oled=3C
[   5359] STATUS mode=3 fault=none p60=206 dp60=-1 pwm=0 ball=76.98 vball=-162.58 aball=-663.0 bref=50.00 pid=-140.0 apid=-663.0 integ=-0.0 vision=1 current=1 vframe=3088 vs=1 vage=43 vpage=43 vdt=35 vmax=187 vacc=3082 vrej=0 seq=0 elapsed=0 oled=3C
[   5375] STATUS mode=3 fault=none p60=203 dp60=-1 pwm=0 ball=76.98 vball=-162.58 aball=-663.0 bref=50.00 pid=-140.0 apid=-663.0 integ=-0.0 vision=1 current=1 vframe=3088 vs=1 vage=63 vpage=63 vdt=35 vmax=187 vacc=3082 vrej=0 seq=0 elapsed=0 oled=3C
[   5391] STATUS mode=3 fault=none p60=200 dp60=-1 pwm=0 ball=76.98 vball=-162.58 aball=-663.0 bref=50.00 pid=-140.0 apid=-663.0 integ=-0.0 vision=1 current=1 vframe=3088 vs=1 vage=83 vpage=83 vdt=35 vmax=187 vacc=3082 vrej=0 seq=0 elapsed=0 oled=3C
[   5422] STATUS mode=3 fault=none p60=199 dp60=0 pwm=0 ball=76.98 vball=-162.58 aball=-663.0 bref=50.00 pid=-140.0 apid=-663.0 integ=-0.0 vision=1 current=1 vframe=3088 vs=1 vage=103 vpage=103 vdt=35 vmax=187 vacc=3082 vrej=0 seq=0 elapsed=0 oled=3C
[   5438] STATUS mode=3 fault=none p60=199 dp60=0 pwm=-140 ball=70.74 vball=-178.49 aball=-371.6 bref=50.00 pid=-140.0 apid=-371.6 integ=-0.0 vision=1 current=1 vframe=3090 vs=1 vage=3 vpage=3 vdt=10 vmax=187 vacc=3084 vrej=0 seq=0 elapsed=0 oled=3C
[   5452] STATUS mode=3 fault=none p60=198 dp60=-1 pwm=-140 ball=70.74 vball=-178.49 aball=-710.1 bref=50.00 pid=-140.0 apid=-710.1 integ=-0.0 vision=1 current=1 vframe=3090 vs=1 vage=23 vpage=23 vdt=10 vmax=187 vacc=3084 vrej=0 seq=0 elapsed=0 oled=3C
[   5484] STATUS mode=3 fault=none p60=196 dp60=0 pwm=-140 ball=62.76 vball=-200.37 aball=-715.8 bref=50.00 pid=-140.0 apid=-715.8 integ=-0.0 vision=1 current=1 vframe=3091 vs=1 vage=13 vpage=13 vdt=30 vmax=187 vacc=3085 vrej=0 seq=0 elapsed=0 oled=3C
[   5500] STATUS mode=3 fault=none p60=190 dp60=-2 pwm=0 ball=62.76 vball=-200.37 aball=-715.8 bref=50.00 pid=-140.0 apid=-715.8 integ=-0.0 vision=1 current=1 vframe=3091 vs=1 vage=33 vpage=33 vdt=30 vmax=187 vacc=3085 vrej=0 seq=0 elapsed=0 oled=3C
[   5516] STATUS mode=3 fault=none p60=184 dp60=-2 pwm=0 ball=58.89 vball=-179.60 aball=-312.2 bref=50.00 pid=-140.0 apid=-312.2 integ=-0.0 vision=1 current=1 vframe=3092 vs=1 vage=20 vpage=20 vdt=33 vmax=187 vacc=3086 vrej=0 seq=0 elapsed=0 oled=3C
[   5547] STATUS mode=3 fault=none p60=177 dp60=-1 pwm=0 ball=58.89 vball=-179.60 aball=-312.2 bref=50.00 pid=-140.0 apid=-312.2 integ=-0.0 vision=1 current=1 vframe=3092 vs=1 vage=40 vpage=40 vdt=33 vmax=187 vacc=3086 vrej=0 seq=0 elapsed=0 oled=3C
[   5563] STATUS mode=3 fault=none p60=172 dp60=-1 pwm=0 ball=58.89 vball=-179.60 aball=-312.2 bref=50.00 pid=-140.0 apid=-312.2 integ=-0.0 vision=1 current=1 vframe=3092 vs=1 vage=60 vpage=60 vdt=33 vmax=187 vacc=3086 vrej=0 seq=0 elapsed=0 oled=3C
[   5577] STATUS mode=3 fault=none p60=170 dp60=0 pwm=0 ball=58.89 vball=-179.60 aball=-312.2 bref=50.00 pid=-140.0 apid=-312.2 integ=-0.0 vision=1 current=1 vframe=3092 vs=1 vage=80 vpage=80 vdt=33 vmax=187 vacc=3086 vrej=0 seq=0 elapsed=0 oled=3C
[   5609] STATUS mode=3 fault=none p60=170 dp60=0 pwm=0 ball=58.89 vball=-179.60 aball=-312.2 bref=50.00 pid=-140.0 apid=-312.2 integ=-0.0 vision=1 current=1 vframe=3092 vs=1 vage=100 vpage=100 vdt=33 vmax=187 vacc=3086 vrej=0 seq=0 elapsed=0 oled=3C
[   5625] STATUS mode=3 fault=none p60=169 dp60=-1 pwm=-140 ball=53.70 vball=-147.17 aball=-125.0 bref=50.00 pid=-140.0 apid=-125.0 integ=-0.0 vision=1 current=1 vframe=3093 vs=1 vage=16 vpage=16 vdt=104 vmax=187 vacc=3087 vrej=0 seq=0 elapsed=0 oled=3C
[   5657] STATUS mode=3 fault=none p60=164 dp60=-1 pwm=-140 ball=46.39 vball=-173.40 aball=-358.8 bref=50.00 pid=-140.0 apid=-358.8 integ=-0.0 vision=1 current=1 vframe=3094 vs=1 vage=7 vpage=7 vdt=29 vmax=187 vacc=3088 vrej=0 seq=0 elapsed=0 oled=3C
[   5672] STATUS mode=3 fault=none p60=159 dp60=-2 pwm=0 ball=46.39 vball=-173.40 aball=-358.8 bref=50.00 pid=-140.0 apid=-358.8 integ=-0.0 vision=1 current=1 vframe=3094 vs=1 vage=27 vpage=27 vdt=29 vmax=187 vacc=3088 vrej=0 seq=0 elapsed=0 oled=3C
[   5688] STATUS mode=3 fault=none p60=153 dp60=-2 pwm=-140 ball=43.85 vball=-149.29 aball=-32.0 bref=50.00 pid=-140.0 apid=-32.0 integ=-0.0 vision=1 current=1 vframe=3095 vs=1 vage=14 vpage=14 vdt=33 vmax=187 vacc=3089 vrej=0 seq=0 elapsed=0 oled=3C
[   5718] STATUS mode=3 fault=none p60=146 dp60=-2 pwm=0 ball=43.85 vball=-149.29 aball=-32.0 bref=50.00 pid=-140.0 apid=-32.0 integ=-0.0 vision=1 current=1 vframe=3095 vs=1 vage=34 vpage=34 vdt=33 vmax=187 vacc=3089 vrej=0 seq=0 elapsed=0 oled=3C
[   5734] STATUS mode=3 fault=none p60=141 dp60=-2 pwm=0 ball=43.85 vball=-149.29 aball=-32.0 bref=50.00 pid=-140.0 apid=-32.0 integ=-0.0 vision=1 current=1 vframe=3095 vs=1 vage=54 vpage=54 vdt=33 vmax=187 vacc=3089 vrej=0 seq=0 elapsed=0 oled=3C
[   5750] STATUS mode=3 fault=none p60=138 dp60=-1 pwm=0 ball=43.85 vball=-149.29 aball=-32.0 bref=50.00 pid=-140.0 apid=-32.0 integ=-0.0 vision=1 current=1 vframe=3095 vs=1 vage=74 vpage=74 vdt=33 vmax=187 vacc=3089 vrej=0 seq=0 elapsed=0 oled=3C
[   5782] STATUS mode=3 fault=none p60=137 dp60=0 pwm=0 ball=43.85 vball=-149.29 aball=-32.0 bref=50.00 pid=-140.0 apid=-32.0 integ=-0.0 vision=1 current=1 vframe=3095 vs=1 vage=94 vpage=94 vdt=33 vmax=187 vacc=3089 vrej=0 seq=0 elapsed=0 oled=3C
[   5797] STATUS mode=3 fault=none p60=136 dp60=0 pwm=0 ball=37.32 vball=-128.46 aball=40.7 bref=50.00 pid=-140.0 apid=40.7 integ=-0.0 vision=1 current=1 vframe=3096 vs=1 vage=35 vpage=35 vdt=99 vmax=187 vacc=3090 vrej=0 seq=0 elapsed=0 oled=3C
[   5813] STATUS mode=3 fault=none p60=136 dp60=0 pwm=0 ball=30.74 vball=-143.34 aball=-99.1 bref=50.00 pid=-140.0 apid=-99.1 integ=-0.0 vision=1 current=1 vframe=3097 vs=1 vage=20 vpage=20 vdt=35 vmax=187 vacc=3091 vrej=0 seq=0 elapsed=0 oled=3C
[   5827] STATUS mode=3 fault=none p60=134 dp60=0 pwm=0 ball=30.74 vball=-143.34 aball=-99.1 bref=50.00 pid=-140.0 apid=-99.1 integ=-0.0 vision=1 current=1 vframe=3097 vs=1 vage=40 vpage=40 vdt=35 vmax=187 vacc=3091 vrej=0 seq=0 elapsed=0 oled=3C
[   5859] STATUS mode=3 fault=none p60=131 dp60=0 pwm=0 ball=30.74 vball=-143.34 aball=-99.1 bref=50.00 pid=-140.0 apid=-99.1 integ=-0.0 vision=1 current=1 vframe=3097 vs=1 vage=60 vpage=60 vdt=35 vmax=187 vacc=3091 vrej=0 seq=0 elapsed=0 oled=3C
[   5875] STATUS mode=3 fault=none p60=130 dp60=0 pwm=0 ball=30.74 vball=-143.34 aball=-99.1 bref=50.00 pid=-140.0 apid=-99.1 integ=-0.0 vision=1 current=1 vframe=3097 vs=1 vage=80 vpage=80 vdt=35 vmax=187 vacc=3091 vrej=0 seq=0 elapsed=0 oled=3C
[   5891] STATUS mode=3 fault=none p60=130 dp60=0 pwm=0 ball=30.74 vball=-143.34 aball=-99.1 bref=50.00 pid=-140.0 apid=-99.1 integ=-0.0 vision=1 current=1 vframe=3097 vs=1 vage=100 vpage=100 vdt=35 vmax=187 vacc=3091 vrej=0 seq=0 elapsed=0 oled=3C
[   5922] STATUS mode=3 fault=none p60=130 dp60=0 pwm=0 ball=30.74 vball=-143.34 aball=-99.1 bref=50.00 pid=-140.0 apid=-99.1 integ=-0.0 vision=1 current=0 vframe=3099 vs=0 vage=120 vpage=9 vdt=35 vmax=187 vacc=3091 vrej=0 seq=0 elapsed=0 oled=3C
[   5938] STATUS mode=3 fault=none p60=130 dp60=0 pwm=-140 ball=24.81 vball=-118.65 aball=-13.7 bref=50.00 pid=-140.0 apid=-13.7 integ=-0.0 vision=1 current=1 vframe=3100 vs=1 vage=7 vpage=7 vdt=133 vmax=187 vacc=3092 vrej=0 seq=0 elapsed=0 oled=3C
[   5952] STATUS mode=3 fault=none p60=128 dp60=-1 pwm=0 ball=24.81 vball=-118.65 aball=-13.7 bref=50.00 pid=-140.0 apid=-13.7 integ=-0.0 vision=1 current=1 vframe=3100 vs=1 vage=27 vpage=27 vdt=133 vmax=187 vacc=3092 vrej=0 seq=0 elapsed=0 oled=3C
[   5984] STATUS mode=3 fault=none p60=128 dp60=0 pwm=0 ball=24.81 vball=-118.65 aball=-13.7 bref=50.00 pid=-140.0 apid=-13.7 integ=-0.0 vision=1 current=0 vframe=3101 vs=0 vage=47 vpage=15 vdt=133 vmax=187 vacc=3092 vrej=0 seq=0 elapsed=0 oled=3C
[   6000] STATUS mode=3 fault=none p60=128 dp60=0 pwm=0 ball=24.81 vball=-118.65 aball=-13.7 bref=50.00 pid=-140.0 apid=-13.7 integ=-0.0 vision=1 current=0 vframe=3101 vs=0 vage=67 vpage=35 vdt=133 vmax=187 vacc=3092 vrej=0 seq=0 elapsed=0 oled=3C
[   6016] STATUS mode=3 fault=none p60=129 dp60=0 pwm=0 ball=24.81 vball=-118.65 aball=-13.7 bref=50.00 pid=-140.0 apid=-13.7 integ=-0.0 vision=1 current=0 vframe=3101 vs=0 vage=87 vpage=55 vdt=133 vmax=187 vacc=3092 vrej=0 seq=0 elapsed=0 oled=3C
[   6047] STATUS mode=3 fault=none p60=130 dp60=0 pwm=0 ball=24.81 vball=-118.65 aball=-13.7 bref=50.00 pid=-140.0 apid=-13.7 integ=-0.0 vision=1 current=0 vframe=3101 vs=0 vage=107 vpage=75 vdt=133 vmax=187 vacc=3092 vrej=0 seq=0 elapsed=0 oled=3C
[   6063] STATUS mode=3 fault=none p60=131 dp60=0 pwm=0 ball=24.81 vball=-118.65 aball=-13.7 bref=50.00 pid=-140.0 apid=-13.7 integ=-0.0 vision=1 current=0 vframe=3101 vs=0 vage=127 vpage=95 vdt=133 vmax=187 vacc=3092 vrej=0 seq=0 elapsed=0 oled=3C
[   6077] STATUS mode=3 fault=none p60=129 dp60=-1 pwm=0 ball=16.46 vball=-105.43 aball=21.7 bref=50.00 pid=-140.0 apid=21.7 integ=-0.0 vision=1 current=1 vframe=3102 vs=1 vage=20 vpage=20 vdt=127 vmax=187 vacc=3093 vrej=0 seq=0 elapsed=0 oled=3C
[   6109] STATUS mode=3 fault=none p60=127 dp60=0 pwm=0 ball=16.46 vball=-105.43 aball=21.7 bref=50.00 pid=-140.0 apid=21.7 integ=-0.0 vision=1 current=0 vframe=3103 vs=0 vage=40 vpage=18 vdt=127 vmax=187 vacc=3093 vrej=0 seq=0 elapsed=0 oled=3C
[   6125] STATUS mode=3 fault=none p60=127 dp60=0 pwm=0 ball=16.46 vball=-105.43 aball=21.7 bref=50.00 pid=-140.0 apid=21.7 integ=-0.0 vision=1 current=0 vframe=3104 vs=0 vage=60 vpage=5 vdt=127 vmax=187 vacc=3093 vrej=0 seq=0 elapsed=0 oled=3C
[   6141] STATUS mode=3 fault=none p60=128 dp60=1 pwm=0 ball=16.46 vball=-105.43 aball=21.7 bref=50.00 pid=-140.0 apid=21.7 integ=-0.0 vision=1 current=0 vframe=3104 vs=0 vage=80 vpage=25 vdt=127 vmax=187 vacc=3093 vrej=0 seq=0 elapsed=0 oled=3C
[   6172] STATUS mode=3 fault=none p60=128 dp60=0 pwm=0 ball=16.46 vball=-105.43 aball=21.7 bref=50.00 pid=-140.0 apid=21.7 integ=-0.0 vision=1 current=0 vframe=3104 vs=0 vage=100 vpage=45 vdt=127 vmax=187 vacc=3093 vrej=0 seq=0 elapsed=0 oled=3C
[   6188] STATUS mode=3 fault=none p60=130 dp60=1 pwm=0 ball=16.46 vball=-105.43 aball=21.7 bref=50.00 pid=-140.0 apid=21.7 integ=-0.0 vision=1 current=0 vframe=3104 vs=0 vage=120 vpage=65 vdt=127 vmax=187 vacc=3093 vrej=0 seq=0 elapsed=0 oled=3C
[   6202] STATUS mode=3 fault=none p60=130 dp60=0 pwm=0 ball=16.46 vball=-105.43 aball=21.7 bref=50.00 pid=-140.0 apid=21.7 integ=-0.0 vision=1 current=0 vframe=3104 vs=0 vage=140 vpage=85 vdt=127 vmax=187 vacc=3093 vrej=0 seq=0 elapsed=0 oled=3C
[   6234] STATUS mode=3 fault=none p60=130 dp60=0 pwm=0 ball=16.46 vball=-105.43 aball=21.7 bref=50.00 pid=-140.0 apid=21.7 integ=-0.0 vision=1 current=0 vframe=3104 vs=0 vage=160 vpage=105 vdt=127 vmax=187 vacc=3093 vrej=0 seq=0 elapsed=0 oled=3C
[   6250] STATUS mode=3 fault=none p60=130 dp60=0 pwm=0 ball=16.46 vball=-105.43 aball=21.7 bref=50.00 pid=-140.0 apid=21.7 integ=-0.0 vision=1 current=0 vframe=3105 vs=0 vage=180 vpage=12 vdt=127 vmax=187 vacc=3093 vrej=0 seq=0 elapsed=0 oled=3C
[   6266] STATUS mode=3 fault=none p60=130 dp60=0 pwm=-140 ball=0.73 vball=-99.77 aball=0.0 bref=50.00 pid=-140.0 apid=0.0 integ=-0.0 vision=1 current=1 vframe=3106 vs=1 vage=10 vpage=10 vdt=190 vmax=190 vacc=3094 vrej=0 seq=0 elapsed=0 oled=3C
[   6297] STATUS mode=3 fault=none p60=128 dp60=-1 pwm=0 ball=0.73 vball=-99.77 aball=0.0 bref=50.00 pid=-140.0 apid=0.0 integ=-0.0 vision=1 current=1 vframe=3106 vs=1 vage=30 vpage=30 vdt=190 vmax=190 vacc=3094 vrej=0 seq=0 elapsed=0 oled=3C
[   6313] STATUS mode=3 fault=none p60=127 dp60=0 pwm=-140 ball=-2.55 vball=-98.94 aball=7.3 bref=50.00 pid=-140.0 apid=7.3 integ=-0.0 vision=1 current=1 vframe=3107 vs=1 vage=16 vpage=16 vdt=34 vmax=190 vacc=3095 vrej=0 seq=0 elapsed=0 oled=3C
[   6327] STATUS mode=3 fault=none p60=123 dp60=-1 pwm=0 ball=-2.55 vball=-98.94 aball=7.3 bref=50.00 pid=-140.0 apid=7.3 integ=-0.0 vision=1 current=1 vframe=3107 vs=1 vage=36 vpage=36 vdt=34 vmax=190 vacc=3095 vrej=0 seq=0 elapsed=0 oled=3C
[   6343] STATUS mode=3 fault=none p60=120 dp60=0 pwm=0 ball=-2.55 vball=-98.94 aball=7.3 bref=50.00 pid=-140.0 apid=7.3 integ=-0.0 vision=1 current=1 vframe=3107 vs=1 vage=56 vpage=56 vdt=34 vmax=190 vacc=3095 vrej=0 seq=0 elapsed=0 oled=3C
[   6375] STATUS mode=3 fault=none p60=120 dp60=0 pwm=0 ball=-2.55 vball=-98.94 aball=7.3 bref=50.00 pid=-140.0 apid=7.3 integ=-0.0 vision=1 current=1 vframe=3107 vs=1 vage=76 vpage=76 vdt=34 vmax=190 vacc=3095 vrej=0 seq=0 elapsed=0 oled=3C
[   6391] STATUS mode=3 fault=none p60=121 dp60=0 pwm=0 ball=-2.55 vball=-98.94 aball=7.3 bref=50.00 pid=-140.0 apid=7.3 integ=-0.0 vision=1 current=1 vframe=3107 vs=1 vage=96 vpage=96 vdt=34 vmax=190 vacc=3095 vrej=0 seq=0 elapsed=0 oled=3C
[   6407] STATUS mode=3 fault=none p60=121 dp60=0 pwm=-140 ball=-6.49 vball=-83.96 aball=49.6 bref=50.00 pid=-140.0 apid=49.6 integ=-0.0 vision=1 current=1 vframe=3108 vs=1 vage=15 vpage=15 vdt=101 vmax=190 vacc=3096 vrej=0 seq=0 elapsed=0 oled=3C
[   6438] STATUS mode=3 fault=none p60=120 dp60=0 pwm=0 ball=-6.49 vball=-83.96 aball=49.6 bref=50.00 pid=-140.0 apid=49.6 integ=-0.0 vision=1 current=0 vframe=3109 vs=0 vage=35 vpage=4 vdt=101 vmax=190 vacc=3096 vrej=0 seq=0 elapsed=0 oled=3C
[   6452] STATUS mode=3 fault=none p60=121 dp60=0 pwm=-140 ball=-8.37 vball=-70.09 aball=97.8 bref=50.00 pid=-140.0 apid=97.8 integ=-0.0 vision=1 current=1 vframe=3110 vs=1 vage=vpage=24 vdt=101 vmax=190 vacc=3096 vrej=0 seq=0 elapsed=0 oled=3C
[   6468] STATUS mode=3 fault=none p60=120 dp60=0 pwm=0 ball=-8.37 vball=-70.09 aball=97.8 bref=50.00 pid=-140.0 apid=97.8 integ=-0.0 vision=1 current=1 vframe=3110 vs=1 vage=29 vpage=29 vdt=66 vmax=190 vacc=3097 vrej=0 seq=0 elapsed=0 oled=3C
[   6500] STATUS mode=3 fault=none p60=120 dp60=0 pwm=0 ball=-8.37 vball=-70.09 aball=97.8 bref=50.00 pid=-140.0 apid=97.8 integ=-0.0 vision=1 current=1 vframe=3110 vs=1 vage=49 vpage=49 vdt=66 vmax=190 vacc=3097 vrej=0 seq=0 elapsed=0 oled=3C
[   6516] STATUS mode=3 fault=none p60=121 dp60=0 pwm=0 ball=-8.37 vball=-70.09 aball=97.8 bref=50.00 pid=-140.0 apid=97.8 integ=-0.0 vision=1 current=1 vframe=3110 vs=1 vage=69 vpage=69 vdt=66 vmax=190 vacc=3097 vrej=0 seq=0 elapsed=0 oled=3C
[   6532] STATUS mode=3 fault=none p60=121 dp60=0 pwm=0 ball=-8.37 vball=-70.09 aball=97.8 bref=50.00 pid=-140.0 apid=97.8 integ=-0.0 vision=1 current=1 vframe=3110 vs=1 vage=89 vpage=89 vdt=66 vmax=190 vacc=3097 vrej=0 seq=0 elapsed=0 oled=3C
[   6563] STATUS mode=3 fault=none p60=121 dp60=0 pwm=-140 ball=-10.87 vball=-58.95 aball=102.5 bref=50.00 pid=-140.0 apid=102.5 integ=-0.0 vision=1 current=1 vframe=3111 vs=1 vage=11 vpage=11 vdt=98 vmax=190 vacc=3098 vrej=0 seq=0 elapsed=0 oled=3C
[   6577] STATUS mode=3 fault=none p60=119 dp60=-1 pwm=0 ball=-10.87 vball=-58.95 aball=102.5 bref=50.00 pid=-140.0 apid=102.5 integ=-0.0 vision=1 current=1 vframe=3111 vs=1 vage=31 vpage=31 vdt=98 vmax=190 vacc=3098 vrej=0 seq=0 elapsed=0 oled=3C
[   6593] STATUS mode=3 fault=none p60=118 dp60=0 pwm=-140 ball=-10.51 vball=-41.64 aball=220.1 bref=50.00 pid=-140.0 apid=220.1 integ=-0.0 vision=1 current=1 vframe=3112 vs=1 vage=16 vpage=16 vdt=35 vmax=190 vacc=3099 vrej=0 seq=0 elapsed=0 oled=3C
[   6625] STATUS mode=3 fault=none p60=113 dp60=-2 pwm=0 ball=-10.51 vball=-41.64 aball=220.1 bref=50.00 pid=-140.0 apid=220.1 integ=-0.0 vision=1 current=1 vframe=3112 vs=1 vage=36 vpage=36 vdt=35 vmax=190 vacc=3099 vrej=0 seq=0 elapsed=0 oled=3C
[   6641] STATUS mode=3 fault=none p60=111 dp60=0 pwm=0 ball=-10.51 vball=-41.64 aball=220.1 bref=50.00 pid=-140.0 apid=220.1 integ=-0.0 vision=1 current=1 vframe=3112 vs=1 vage=56 vpage=56 vdt=35 vmax=190 vacc=3099 vrej=0 seq=0 elapsed=0 oled=3C
[   6657] STATUS mode=3 fault=none p60=111 dp60=0 pwm=0 ball=-10.51 vball=-41.64 aball=220.1 bref=50.00 pid=-140.0 apid=220.1 integ=-0.0 vision=1 current=1 vframe=3112 vs=1 vage=76 vpage=76 vdt=35 vmax=190 vacc=3099 vrej=0 seq=0 elapsed=0 oled=3C
[   6688] STATUS mode=3 fault=none p60=112 dp60=0 pwm=0 ball=-10.51 vball=-41.64 aball=220.1 bref=50.00 pid=-140.0 apid=220.1 integ=-0.0 vision=1 current=1 vframe=3112 vs=1 vage=96 vpage=96 vdt=35 vmax=190 vacc=3099 vrej=0 seq=0 elapsed=0 oled=3C
[   6702] STATUS mode=3 fault=none p60=113 dp60=0 pwm=-140 ball=-12.14 vball=-67.92 aball=183.9 bref=50.00 pid=-140.0 apid=183.9 integ=-0.0 vision=1 current=1 vframe=3114 vs=1 vage=3 vpage=3 vdt=9 vmax=190 vacc=3101 vrej=0 seq=0 elapsed=0 oled=3C
[   6718] STATUS mode=3 fault=none p60=112 dp60=0 pwm=-140 ball=-12.14 vball=-67.92 aball=-321.3 bref=50.00 pid=-140.0 apid=-321.3 integ=-0.0 vision=1 current=1 vframe=3114 vs=1 vage=23 vpage=23 vdt=9 vmax=190 vacc=3101 vrej=0 seq=0 elapsed=0 oled=3C
[   6750] STATUS mode=3 fault=none p60=110 dp60=0 pwm=-132 ball=-10.37 vball=-31.70 aball=225.1 bref=50.00 pid=-103.2 apid=225.1 integ=-0.0 vision=1 current=1 vframe=3115 vs=1 vage=20 vpage=20 vdt=23 vmax=190 vacc=3102 vrej=0 seq=0 elapsed=0 oled=3C
[   6766] STATUS mode=3 fault=none p60=106 dp60=-1 pwm=-116 ball=-10.35 vball=-23.61 aball=238.5 bref=50.00 pid=-29.1 apid=238.5 integ=-0.0 vision=1 current=1 vframe=3116 vs=1 vage=10 vpage=10 vdt=30 vmax=190 vacc=3103 vrej=0 seq=0 elapsed=0 oled=3C
[   6782] STATUS mode=3 fault=none p60=100 dp60=-1 pwm=0 ball=-10.35 vball=-23.61 aball=238.5 bref=50.00 pid=-29.1 apid=238.5 integ=-0.0 vision=1 current=1 vframe=3116 vs=1 vage=30 vpage=30 vdt=30 vmax=190 vacc=3103 vrej=0 seq=0 elapsed=0 oled=3C
[   6813] STATUS mode=3 fault=none p60=96 dp60=-1 pwm=0 ball=-10.35 vball=-23.61 aball=238.5 bref=50.00 pid=-29.1 apid=238.5 integ=-0.0 vision=1 current=1 vframe=3116 vs=1 vage=50 vpage=50 vdt=30 vmax=190 vacc=3103 vrej=0 seq=0 elapsed=0 oled=3C
[   6827] STATUS mode=3 fault=none p60=94 dp60=0 pwm=0 ball=-10.35 vball=-23.61 aball=238.5 bref=50.00 pid=-29.1 apid=238.5 integ=-0.0 vision=1 current=1 vframe=3116 vs=1 vage=70 vpage=70 vdt=30 vmax=190 vacc=3103 vrej=0 seq=0 elapsed=0 oled=3C
[   6843] STATUS mode=3 fault=none p60=95 dp60=0 pwm=0 ball=-10.35 vball=-23.61 aball=238.5 bref=50.00 pid=-29.1 apid=238.5 integ=-0.0 vision=1 current=1 vframe=3116 vs=1 vage=90 vpage=90 vdt=30 vmax=190 vacc=3103 vrej=0 seq=0 elapsed=0 oled=3C
[   6859] STATUS mode=3 fault=none p60=96 dp60=0 pwm=-127 ball=-11.82 vball=-21.53 aball=173.4 bref=50.00 pid=-80.8 apid=173.4 integ=-0.0 vision=1 current=1 vframe=3117 vs=1 vage=14 vpage=14 vdt=96 vmax=190 vacc=3104 vrej=0 seq=0 elapsed=0 oled=3C
[   6891] STATUS mode=3 fault=none p60=95 dp60=0 pwm=140 ball=-8.78 vball=20.04 aball=571.4 bref=50.00 pid=140.0 apid=571.4 integ=-0.0 vision=1 current=1 vframe=3118 vs=1 vage=13 vpage=13 vdt=21 vmax=190 vacc=3105 vrej=0 seq=0 elapsed=0 oled=3C
[   6907] STATUS mode=3 fault=none p60=97 dp60=0 pwm=0 ball=-8.78 vball=20.04 aball=571.4 bref=50.00 pid=140.0 apid=571.4 integ=-0.0 vision=1 current=1 vframe=3118 vs=1 vage=33 vpage=33 vdt=21 vmax=190 vacc=3105 vrej=0 seq=0 elapsed=0 oled=3C
[   6922] STATUS mode=3 fault=none p60=100 dp60=1 pwm=0 ball=-7.91 vball=21.62 aball=414.4 bref=50.00 pid=140.0 apid=414.4 integ=-0.0 vision=1 current=1 vframe=3119 vs=1 vage=20 vpage=20 vdt=33 vmax=190 vacc=3106 vrej=0 seq=0 elapsed=0 oled=3C
[   6952] STATUS mode=3 fault=none p60=102 dp60=0 pwm=0 ball=-7.91 vball=21.62 aball=414.4 bref=50.00 pid=140.0 apid=414.4 integ=-0.0 vision=1 current=1 vframe=3119 vs=1 vage=40 vpage=40 vdt=33 vmax=190 vacc=3106 vrej=0 seq=0 elapsed=0 oled=3C
[   6968] STATUS mode=3 fault=none p60=104 dp60=0 pwm=0 ball=-7.91 vball=21.62 aball=414.4 bref=50.00 pid=140.0 apid=414.4 integ=-0.0 vision=1 current=1 vframe=3119 vs=1 vage=60 vpage=60 vdt=33 vmax=190 vacc=3106 vrej=0 seq=0 elapsed=0 oled=3C
[   6984] STATUS mode=3 fault=none p60=105 dp60=0 pwm=0 ball=-7.91 vball=21.62 aball=414.4 bref=50.00 pid=140.0 apid=414.4 integ=-0.0 vision=1 current=1 vframe=3119 vs=1 vage=80 vpage=80 vdt=33 vmax=190 vacc=3106 vrej=0 seq=0 elapsed=0 oled=3C
[   7016] STATUS mode=3 fault=none p60=105 dp60=0 pwm=0 ball=-7.91 vball=21.62 aball=414.4 bref=50.00 pid=140.0 apid=414.4 integ=-0.0 vision=1 current=0 vframe=3120 vs=0 vage=100 vpage=4 vdt=33 vmax=190 vacc=3106 vrej=0 seq=0 elapsed=0 oled=3C
[   7032] STATUS mode=3 fault=none p60=105 dp60=0 pwm=0 ball=-7.91 vball=21.62 aball=414.4 bref=50.00 pid=140.0 apid=414.4 integ=-0.0 vision=1 current=0 vframe=3120 vs=0 vage=120 vpage=24 vdt=33 vmax=190 vacc=3106 vrej=0 seq=0 elapsed=0 oled=3C
[   7047] STATUS mode=3 fault=none p60=105 dp60=0 pwm=140 ball=-5.94 vball=19.92 aball=286.2 bref=50.00 pid=140.0 apid=286.2 integ=-0.0 vision=1 current=1 vframe=3121 vs=1 vage=7 vpage=7 vdt=133 vmax=190 vacc=3107 vrej=0 seq=0 elapsed=0 oled=3C
[   7077] STATUS mode=3 fault=none p60=106 dp60=0 pwm=0 ball=-5.94 vball=19.92 aball=286.2 bref=50.00 pid=140.0 apid=286.2 integ=-0.0 vision=1 current=1 vframe=3121 vs=1 vage=27 vpage=27 vdt=133 vmax=190 vacc=3107 vrej=0 seq=0 elapsed=0 oled=3C
[   7093] STATUS mode=3 fault=none p60=107 dp60=0 pwm=0 ball=-5.94 vball=19.92 aball=286.2 bref=50.00 pid=140.0 apid=286.2 integ=-0.0 vision=1 current=1 vframe=3121 vs=1 vage=47 vpage=47 vdt=133 vmax=190 vacc=3107 vrej=0 seq=0 elapsed=0 oled=3C
[   7109] STATUS mode=3 fault=none p60=105 dp60=-1 pwm=0 ball=-5.94 vball=19.92 aball=286.2 bref=50.00 pid=140.0 apid=286.2 integ=-0.0 vision=1 current=1 vframe=3121 vs=1 vage=67 vpage=67 vdt=133 vmax=190 vacc=3107 vrej=0 seq=0 elapsed=0 oled=3C
[   7125] STATUS mode=3 fault=none p60=105 dp60=0 pwm=0 ball=-5.94 vball=19.92 aball=286.2 bref=50.00 pid=140.0 apid=286.2 integ=-0.0 vision=1 current=1 vframe=3121 vs=1 vage=87 vpage=87 vdt=133 vmax=190 vacc=3107 vrej=0 seq=0 elapsed=0 oled=3C
[   7157] STATUS mode=3 fault=none p60=104 dp60=0 pwm=0 ball=-5.94 vball=19.92 aball=286.2 bref=50.00 pid=140.0 apid=286.2 integ=-0.0 vision=1 current=0 vframe=3123 vs=0 vage=107 vpage=4 vdt=133 vmax=190 vacc=3107 vrej=0 seq=0 elapsed=0 oled=3C
[   7172] STATUS mode=3 fault=none p60=105 dp60=1 pwm=140 ball=-1.11 vball=24.02 aball=209.6 bref=50.00 pid=140.0 apid=209.6 integ=-0.0 vision=1 current=1 vframe=3124 vs=1 vage=14 vpage=14 vdt=133 vmax=190 vacc=3108 vrej=0 seq=0 elapsed=0 oled=3C
[   7188] STATUS mode=3 fault=none p60=107 dp60=0 pwm=0 ball=-1.11 vball=24.02 aball=209.6 bref=50.00 pid=140.0 apid=209.6 integ=-0.0 vision=1 current=1 vframe=3124 vs=1 vage=34 vpage=34 vdt=133 vmax=190 vacc=3108 vrej=0 seq=0 elapsed=0 oled=3C
[   7218] STATUS mode=3 fault=none p60=108 dp60=1 pwm=0 ball=0.76 vball=31.37 aball=209.7 bref=50.00 pid=140.0 apid=209.7 integ=-0.0 vision=1 current=1 vframe=3125 vs=1 vage=19 vpage=19 vdt=35 vmax=190 vacc=3109 vrej=0 seq=0 elapsed=0 oled=3C
[   7234] STATUS mode=3 fault=none p60=109 dp60=0 pwm=0 ball=0.76 vball=31.37 aball=209.7 bref=50.00 pid=140.0 apid=209.7 integ=-0.0 vision=1 current=1 vframe=3125 vs=1 vage=39 vpage=39 vdt=35 vmax=190 vacc=3109 vrej=0 seq=0 elapsed=0 oled=3C
[   7250] STATUS mode=3 fault=none p60=109 dp60=0 pwm=0 ball=0.76 vball=31.37 aball=209.7 bref=50.00 pid=140.0 apid=209.7 integ=-0.0 vision=1 current=1 vframe=3125 vs=1 vage=59 vpage=59 vdt=35 vmax=190 vacc=3109 vrej=0 seq=0 elapsed=0 oled=3C
[   7282] STATUS mode=3 fault=none p60=109 dp60=0 pwm=0 ball=0.76 vball=31.37 aball=209.7 bref=50.00 pid=140.0 apid=209.7 integ=-0.0 vision=1 current=1 vframe=3125 vs=1 vage=79 vpage=79 vdt=35 vmax=190 vacc=3109 vrej=0 seq=0 elapsed=0 oled=3C
[   7297] STATUS mode=3 fault=none p60=109 dp60=0 pwm=140 ball=2.93 vball=29.36 aball=140.3 bref=50.00 pid=140.0 apid=140.3 integ=-0.0 vision=1 current=1 vframe=3126 vs=1 vage=6 vpage=6 vdt=93 vmax=190 vacc=3110 vrej=0 seq=0 elapsed=0 oled=3C
[   7313] STATUS mode=3 fault=none p60=111 dp60=1 pwm=0 ball=2.93 vball=29.36 aball=140.3 bref=50.00 pid=140.0 apid=140.3 integ=-0.0 vision=1 current=0 vframe=3127 vs=0 vage=26 vpage=3 vdt=93 vmax=190 vacc=3110 vrej=0 seq=0 elapsed=0 oled=3C
[   7343] STATUS mode=3 fault=none p60=115 dp60=1 pwm=0 ball=2.93 vball=29.36 aball=140.3 bref=50.00 pid=140.0 apid=140.3 integ=-0.0 vision=1 current=0 vframe=3127 vs=0 vage=46 vpage=23 vdt=93 vmax=190 vacc=3110 vrej=0 seq=0 elapsed=0 oled=3C
[   7359] STATUS mode=3 fault=none p60=115 dp60=0 pwm=0 ball=2.93 vball=29.36 aball=140.3 bref=50.00 pid=140.0 apid=140.3 integ=-0.0 vision=1 current=0 vframe=3128 vs=0 vage=66 vpage=10 vdt=93 vmax=190 vacc=3110 vrej=0 seq=0 elapsed=0 oled=3C
[   7375] STATUS mode=3 fault=none p60=114 dp60=0 pwm=0 ball=2.93 vball=29.36 aball=140.3 bref=50.00 pid=140.0 apid=140.3 integ=-0.0 vision=1 current=0 vframe=3128 vs=0 vage=86 vpage=30 vdt=93 vmax=190 vacc=3110 vrej=0 seq=0 elapsed=0 oled=3C
[   7391] STATUS mode=3 fault=none p60=113 dp60=0 pwm=0 ball=2.93 vball=29.36 aball=140.3 bref=50.00 pid=140.0 apid=140.3 integ=-0.0 vision=1 current=0 vframe=3128 vs=0 vage=106 vpage=50 vdt=93 vmax=190 vacc=3110 vrej=0 seq=0 elapsed=0 oled=3C
[   7422] STATUS mode=3 fault=none p60=113 dp60=0 pwm=0 ball=2.93 vball=29.36 aball=140.3 bref=50.00 pid=140.0 apid=140.3 integ=-0.0 vision=1 current=0 vframe=3128 vs=0 vage=126 vpage=70 vdt=93 vmax=190 vacc=3110 vrej=0 seq=0 elapsed=0 oled=3C
[   7438] STATUS mode=3 fault=none p60=113 dp60=0 pwm=0 ball=2.93 vball=29.36 aball=140.3 bref=50.00 pid=140.0 apid=140.3 integ=-0.0 vision=1 current=0 vframe=3128 vs=0 vage=146 vpage=90 vdt=93 vmax=190 vacc=3110 vrej=0 seq=0 elapsed=0 oled=3C
[   7452] STATUS mode=3 fault=none p60=113 dp60=0 pwm=140 ball=6.76 vball=28.16 aball=0.0 bref=50.00 pid=140.0 apid=0.0 integ=-0.0 vision=1 current=1 vframe=3129 vs=1 vage=10 vpage=10 vdt=156 vmax=190 vacc=3111 vrej=0 seq=0 elapsed=0 oled=3C
[   7484] STATUS mode=3 fault=none p60=115 dp60=0 pwm=0 ball=6.76 vball=28.16 aball=0.0 bref=50.00 pid=140.0 apid=0.0 integ=-0.0 vision=1 current=0 vframe=3130 vs=0 vage=30 vpage=10 vdt=156 vmax=190 vacc=3111 vrej=0 seq=0 elapsed=0 oled=3C
[   7500] STATUS mode=3 fault=none p60=115 dp60=0 pwm=0 ball=6.76 vball=28.16 aball=0.0 bref=50.00 pid=140.0 apid=0.0 integ=-0.0 vision=1 current=0 vframe=3131 vs=0 vage=50 vpage=1 vdt=156 vmax=190 vacc=3111 vrej=0 seq=0 elapsed=0 oled=3C
[   7516] STATUS mode=3 fault=none p60=114 dp60=0 pwm=0 ball=6.76 vball=28.16 aball=0.0 bref=50.00 pid=140.0 apid=0.0 integ=-0.0 vision=1 current=0 vframe=3131 vs=0 vage=70 vpage=21 vdt=156 vmax=190 vacc=3111 vrej=0 seq=0 elapsed=0 oled=3C
[   7532] STATUS mode=3 fault=none p60=113 dp60=0 pwm=0 ball=6.76 vball=28.16 aball=0.0 bref=50.00 pid=140.0 apid=0.0 integ=-0.0 vision=1 current=0 vframe=3131 vs=0 vage=90 vpage=41 vdt=156 vmax=190 vacc=3111 vrej=0 seq=0 elapsed=0 oled=3C
[   7563] STATUS mode=3 fault=none p60=113 dp60=0 pwm=0 ball=6.76 vball=28.16 aball=0.0 bref=50.00 pid=140.0 apid=0.0 integ=-0.0 vision=1 current=0 vframe=3131 vs=0 vage=110 vpage=61 vdt=156 vmax=190 vacc=3111 vrej=0 seq=0 elapsed=0 oled=3C
[   7577] STATUS mode=3 fault=none p60=113 dp60=0 pwm=0 ball=6.76 vball=28.16 aball=0.0 bref=50.00 pid=140.0 apid=0.0 integ=-0.0 vision=1 current=0 vframe=3131 vs=0 vage=130 vpage=81 vdt=156 vmax=190 vacc=3111 vrej=0 seq=0 elapsed=0 oled=3C
[   7593] STATUS mode=3 fault=none p60=113 dp60=0 pwm=0 ball=15.32 vball=35.48 aball=0.0 bref=50.00 pid=140.0 apid=0.0 integ=-0.0 vision=1 current=1 vframe=3132 vs=1 vage=1 vpage=1 vdt=149 vmax=190 vacc=3112 vrej=0 seq=0 elapsed=0 oled=3C
[   7625] STATUS mode=3 fault=none p60=114 dp60=1 pwm=0 ball=15.32 vball=35.48 aball=14.7 bref=50.00 pid=140.0 apid=14.7 integ=-0.0 vision=1 current=0 vframe=3133 vs=0 vage=21 vpage=3 vdt=149 vmax=190 vacc=3112 vrej=0 seq=0 elapsed=0 oled=3C
[   7641] STATUS mode=3 fault=none p60=116 dp60=0 pwm=0 ball=15.32 vball=35.48 aball=14.7 bref=50.00 pid=140.0 apid=14.7 integ=-0.0 vision=1 current=0 vframe=3133 vs=0 vage=41 vpage=23 vdt=149 vmax=190 vacc=3112 vrej=0 seq=0 elapsed=0 oled=3C
[   7657] STATUS mode=3 fault=none p60=115 dp60=0 pwm=0 ball=15.32 vball=35.48 aball=14.7 bref=50.00 pid=140.0 apid=14.7 integ=-0.0 vision=1 current=0 vframe=3134 vs=0 vage=61 vpage=11 vdt=149 vmax=190 vacc=3112 vrej=0 seq=0 elapsed=0 oled=3C
[   7688] STATUS mode=3 fault=none p60=113 dp60=0 pwm=0 ball=15.32 vball=35.48 aball=14.7 bref=50.00 pid=140.0 apid=14.7 integ=-0.0 vision=1 current=0 vframe=3134 vs=0 vage=81 vpage=31 vdt=149 vmax=190 vacc=3112 vrej=0 seq=0 elapsed=0 oled=3C
[   7702] STATUS mode=3 fault=none p60=113 dp60=0 pwm=0 ball=15.32 vball=35.48 aball=14.7 bref=50.00 pid=140.0 apid=14.7 integ=-0.0 vision=1 current=0 vframe=3134 vs=0 vage=101 vpage=51 vdt=149 vmax=190 vacc=3112 vrej=0 seq=0 elapsed=0 oled=3C
[   7718] STATUS mode=3 fault=none p60=113 dp60=0 pwm=0 ball=15.32 vball=35.48 aball=14.7 bref=50.00 pid=140.0 apid=14.7 integ=-0.0 vision=1 current=0 vframe=3134 vs=0 vage=121 vpage=71 vdt=149 vmax=190 vacc=3112 vrej=0 seq=0 elapsed=0 oled=3C
[   7734] STATUS mode=3 fault=none p60=113 dp60=0 pwm=0 ball=15.32 vball=35.48 aball=14.7 bref=50.00 pid=140.0 apid=14.7 integ=-0.0 vision=1 current=0 vframe=3134 vs=0 vage=141 vpage=91 vdt=149 vmax=190 vacc=3112 vrej=0 seq=0 elapsed=0 oled=3C
[   7766] STATUS mode=3 fault=none p60=113 dp60=0 pwm=140 ball=30.66 vball=51.68 aball=0.0 bref=50.00 pid=140.0 apid=0.0 integ=-0.0 vision=1 current=1 vframe=3135 vs=1 vage=8 vpage=8 vdt=153 vmax=190 vacc=3113 vrej=0 seq=0 elapsed=0 oled=3C
[   7782] STATUS mode=3 fault=none p60=115 dp60=1 pwm=0 ball=30.66 vball=51.68 aball=0.0 bref=50.00 pid=140.0 apid=0.0 integ=-0.0 vision=1 current=1 vframe=3135 vs=1 vage=28 vpage=28 vdt=153 vmax=190 vacc=3113 vrej=0 seq=0 elapsed=0 oled=3C
[   7797] STATUS mode=3 fault=none p60=116 dp60=0 pwm=140 ball=36.88 vball=87.35 aball=334.4 bref=50.00 pid=140.0 apid=334.4 integ=-0.0 vision=1 current=1 vframe=3136 vs=1 vage=16 vpage=16 vdt=32 vmax=190 vacc=3114 vrej=0 seq=0 elapsed=0 oled=3C
[   7827] STATUS mode=3 fault=none p60=116 dp60=0 pwm=0 ball=39.78 vball=87.48 aball=334.4 bref=50.00 pid=140.0 apid=334.4 integ=-0.0 vision=1 current=1 vframe=3137 vs=1 vage=3 vpage=3 vdt=33 vmax=190 vacc=3115 vrej=0 seq=0 elapsed=0 oled=3C
[   7843] STATUS mode=3 fault=none p60=116 dp60=0 pwm=0 ball=39.78 vball=87.48 aball=235.3 bref=50.00 pid=140.0 apid=235.3 integ=-0.0 vision=1 current=1 vframe=3137 vs=1 vage=23 vpage=23 vdt=33 vmax=190 vacc=3115 vrej=0 seq=0 elapsed=0 oled=3C
[   7859] STATUS mode=3 fault=none p60=117 dp60=0 pwm=0 ball=39.78 vball=87.48 aball=235.3 bref=50.00 pid=140.0 apid=235.3 integ=-0.0 vision=1 current=1 vframe=3137 vs=1 vage=43 vpage=43 vdt=33 vmax=190 vacc=3115 vrej=0 seq=0 elapsed=0 oled=3C
[   7891] STATUS mode=3 fault=none p60=116 dp60=-1 pwm=0 ball=39.78 vball=87.48 aball=235.3 bref=50.00 pid=140.0 apid=235.3 integ=-0.0 vision=1 current=1 vframe=3137 vs=1 vage=63 vpage=63 vdt=33 vmax=190 vacc=3115 vrej=0 seq=0 elapsed=0 oled=3C
[   7907] STATUS mode=3 fault=none p60=114 dp60=-1 pwm=0 ball=39.78 vball=87.48 aball=235.3 bref=50.00 pid=140.0 apid=235.3 integ=-0.0 vision=1 current=1 vframe=3137 vs=1 vage=83 vpage=83 vdt=33 vmax=190 vacc=3115 vrej=0 seq=0 elapsed=0 oled=3C
[   7922] STATUS mode=3 fault=none p60=113 dp60=0 pwm=0 ball=43.68 vball=75.27 aball=235.3 bref=50.00 pid=140.0 apid=235.3 integ=-0.0 vision=1 current=1 vframe=3138 vs=1 vage=2 vpage=2 vdt=101 vmax=190 vacc=3116 vrej=0 seq=0 elapsed=0 oled=3C
[   7938] STATUS mode=3 fault=none p60=114 dp60=1 pwm=0 ball=43.68 vball=75.27 aball=128.4 bref=50.00 pid=140.0 apid=128.4 integ=-0.0 vision=1 current=1 vframe=3138 vs=1 vage=22 vpage=22 vdt=101 vmax=190 vacc=3116 vrej=0 seq=0 elapsed=0 oled=3C
[   7968] STATUS mode=3 fault=none p60=116 dp60=0 pwm=140 ball=49.45 vball=100.16 aball=316.2 bref=50.00 pid=140.0 apid=316.2 integ=-0.0 vision=1 current=1 vframe=3139 vs=1 vage=9 vpage=9 vdt=33 vmax=190 vacc=3117 vrej=0 seq=0 elapsed=0 oled=3C
[   7984] STATUS mode=3 fault=none p60=118 dp60=1 pwm=0 ball=49.45 vball=100.16 aball=316.2 bref=50.00 pid=140.0 apid=316.2 integ=-0.0 vision=1 current=1 vframe=3139 vs=1 vage=29 vpage=29 vdt=33 vmax=190 vacc=3117 vrej=0 seq=0 elapsed=0 oled=3C
[   8000] STATUS mode=3 fault=none p60=119 dp60=1 pwm=140 ball=52.58 vball=98.14 aball=203.5 bref=50.00 pid=140.0 apid=203.5 integ=-0.0 vision=1 current=1 vframe=3140 vs=1 vage=15 vpage=15 vdt=34 vmax=190 vacc=3118 vrej=0 seq=0 elapsed=0 oled=3C
[   8032] STATUS mode=3 fault=none p60=125 dp60=1 pwm=0 ball=52.58 vball=98.14 aball=203.5 bref=50.00 pid=140.0 apid=203.5 integ=-0.0 vision=1 current=1 vframe=3140 vs=1 vage=35 vpage=35 vdt=34 vmax=190 vacc=3118 vrej=0 seq=0 elapsed=0 oled=3C
[   8047] STATUS mode=3 fault=none p60=127 dp60=0 pwm=0 ball=52.58 vball=98.14 aball=203.5 bref=50.00 pid=140.0 apid=203.5 integ=-0.0 vision=1 current=1 vframe=3140 vs=1 vage=55 vpage=55 vdt=34 vmax=190 vacc=3118 vrej=0 seq=0 elapsed=0 oled=3C
[   8063] STATUS mode=3 fault=none p60=128 dp60=0 pwm=0 ball=52.58 vball=98.14 aball=203.5 bref=50.00 pid=140.0 apid=203.5 integ=-0.0 vision=1 current=1 vframe=3140 vs=1 vage=75 vpage=75 vdt=34 vmax=190 vacc=3118 vrej=0 seq=0 elapsed=0 oled=3C
[   8093] STATUS mode=3 fault=none p60=129 dp60=0 pwm=0 ball=52.58 vball=98.14 aball=203.5 bref=50.00 pid=140.0 apid=203.5 integ=-0.0 vision=1 current=1 vframe=3140 vs=1 vage=95 vpage=95 vdt=34 vmax=190 vacc=3118 vrej=0 seq=0 elapsed=0 oled=3C
[   8109] STATUS mode=3 fault=none p60=131 dp60=1 pwm=140 ball=56.31 vball=82.83 aball=97.0 bref=50.00 pid=140.0 apid=97.0 integ=-0.0 vision=1 current=1 vframe=3141 vs=1 vage=14 vpage=14 vdt=101 vmax=190 vacc=3119 vrej=0 seq=0 elapsed=0 oled=3C
[   8125] STATUS mode=3 fault=none p60=134 dp60=0 pwm=0 ball=62.51 vball=110.56 aball=97.0 bref=50.00 pid=140.0 apid=97.0 integ=-0.0 vision=1 current=1 vframe=3142 vs=1 vage=2 vpage=2 vdt=32 vmax=190 vacc=3120 vrej=0 seq=0 elapsed=0 oled=3C
[   8157] STATUS mode=3 fault=none p60=135 dp60=0 pwm=0 ball=62.51 vball=110.56 aball=327.9 bref=50.00 pid=140.0 apid=327.9 integ=-0.0 vision=1 current=1 vframe=3142 vs=1 vage=22 vpage=22 vdt=32 vmax=190 vacc=3120 vrej=0 seq=0 elapsed=0 oled=3C
[   8172] STATUS mode=3 fault=none p60=138 dp60=1 pwm=140 ball=65.41 vball=104.25 aball=173.8 bref=50.00 pid=140.0 apid=173.8 integ=-0.0 vision=1 current=1 vframe=3143 vs=1 vage=8 vpage=8 vdt=34 vmax=190 vacc=3121 vrej=0 seq=0 elapsed=0 oled=3C
[   8188] STATUS mode=3 fault=none p60=142 dp60=2 pwm=0 ball=65.41 vball=104.25 aball=173.8 bref=50.00 pid=140.0 apid=173.8 integ=-0.0 vision=1 current=1 vframe=3143 vs=1 vage=28 vpage=28 vdt=34 vmax=190 vacc=3121 vrej=0 seq=0 elapsed=0 oled=3C
[   8218] STATUS mode=3 fault=none p60=144 dp60=0 pwm=0 ball=65.41 vball=104.25 aball=173.8 bref=50.00 pid=140.0 apid=173.8 integ=-0.0 vision=1 current=1 vframe=3143 vs=1 vage=48 vpage=48 vdt=34 vmax=190 vacc=3121 vrej=0 seq=0 elapsed=0 oled=3C
[   8234] STATUS mode=3 fault=none p60=144 dp60=0 pwm=0 ball=65.41 vball=104.25 aball=173.8 bref=50.00 pid=140.0 apid=173.8 integ=-0.0 vision=1 current=1 vframe=3143 vs=1 vage=68 vpage=68 vdt=34 vmax=190 vacc=3121 vrej=0 seq=0 elapsed=0 oled=3C
[   8250] STATUS mode=3 fault=none p60=144 dp60=0 pwm=0 ball=65.41 vball=104.25 aball=173.8 bref=50.00 pid=140.0 apid=173.8 integ=-0.0 vision=1 current=1 vframe=3143 vs=1 vage=88 vpage=88 vdt=34 vmax=190 vacc=3121 vrej=0 seq=0 elapsed=0 oled=3C
[   8266] STATUS mode=3 fault=none p60=144 dp60=0 pwm=140 ball=69.68 vball=88.55 aball=75.9 bref=50.00 pid=140.0 apid=75.9 integ=-0.0 vision=1 current=1 vframe=3144 vs=1 vage=5 vpage=5 vdt=103 vmax=190 vacc=3122 vrej=0 seq=0 elapsed=0 oled=3C
[   8297] STATUS mode=3 fault=none p60=152 dp60=2 pwm=140 ball=.68 vball=88.55 aball=75.9 bref=50.00 pid=140.0 apid=75.9 integ=-0.0 vision=1 current=1 vframe=3144 vs=1 vage=25 vpage=25 vdt=103 vmax=190 vacc=3122 vrej=0 seq=0 elapsed=0 oled=3C
[   8313] STATUS mode=3 fault=none p60=156 dp60=1 pwm=0 ball=77.80 vball=105.97 aball=332.5 bref=50.00 pid=140.0 apid=332.5 integ=-0.0 vision=1 current=1 vframe=3146 vs=1 vage=3 vpage=3 vdt=34 vmax=190 vacc=3124 vrej=0 seq=seq=0 elapsed=0 oled=3C
[   8327] STATUS mode=3 fault=none p60=161 dp60=1 pwm=0 ball=77.80 vball=105.97 aball=156.4 bref=50.00 pid=140.0 apid=156.4 integ=-0.0 vision=1 current=1 vframe=3146 vs=1 vage=23 vpage=23 vdt=34 vmax=190 vacc=3124 vrej=0 seq=0 elapsed=0 oled=3C
[   8359] STATUS mode=3 fault=none p60=166 dp60=1 pwm=0 ball=77.80 vball=105.97 aball=156.4 bref=50.00 pid=140.0 apid=156.4 integ=-0.0 vision=1 current=1 vframe=3146 vs=1 vage=43 vpage=43 vdt=34 vmax=190 vacc=3124 vrej=0 seq=0 elapsed=0 oled=3C
[   8375] STATUS mode=3 fault=none p60=169 dp60=0 pwm=0 ball=77.80 vball=105.97 aball=156.4 bref=50.00 pid=140.0 apid=156.4 integ=-0.0 vision=1 current=1 vframe=3146 vs=1 vage=63 vpage=63 vdt=34 vmax=190 vacc=3124 vrej=0 seq=0 elapsed=0 oled=3C
[   8391] STATUS mode=3 fault=none p60=168 dp60=0 pwm=0 ball=77.80 vball=105.97 aball=156.4 bref=50.00 pid=140.0 apid=156.4 integ=-0.0 vision=1 current=1 vframe=3146 vs=1 vage=83 vpage=83 vdt=34 vmax=190 vacc=3124 vrej=0 seq=0 elapsed=0 oled=3C
[   8422] STATUS mode=3 fault=none p60=166 dp60=-1 pwm=0 ball=77.80 vball=105.97 aball=156.4 bref=50.00 pid=140.0 apid=156.4 integ=-0.0 vision=1 current=1 vframe=3146 vs=1 vage=103 vpage=103 vdt=34 vmax=190 vacc=3124 vrej=0 seq=0 elapsed=0 oled=3C
[   8438] STATUS mode=3 fault=none p60=166 dp60=1 pwm=0 ball=81.58 vball=88.65 aball=59.0 bref=50.00 pid=140.0 apid=59.0 integ=-0.0 vision=1 current=1 vframe=3147 vs=1 vage=20 vpage=20 vdt=103 vmax=190 vacc=3125 vrej=0 seq=0 elapsed=0 oled=3C
[   8452] STATUS mode=3 fault=none p60=167 dp60=0 pwm=140 ball=86.26 vball=104.23 aball=192.1 bref=50.00 pid=140.0 apid=192.1 integ=-0.0 vision=1 current=1 vframe=3148 vs=1 vage=9 vpage=9 vdt=31 vmax=190 vacc=3126 vrej=0 seq=0 elapsed=0 oled=3C
[   8484] STATUS mode=3 fault=none p60=168 dp60=0 pwm=0 ball=86.26 vball=104.23 aball=192.1 bref=50.00 pid=140.0 apid=192.1 integ=-0.0 vision=1 current=1 vframe=3148 vs=1 vage=29 vpage=29 vdt=31 vmax=190 vacc=3126 vrej=0 seq=0 elapsed=0 oled=3C
[   8500] STATUS mode=3 fault=none p60=168 dp60=0 pwm=140 ball=88.05 vball=92.16 aball=21.3 bref=50.00 pid=140.0 apid=21.3 integ=-0.0 vision=1 current=1 vframe=3149 vs=1 vage=17 vpage=17 vdt=32 vmax=190 vacc=3127 vrej=0 seq=0 elapsed=0 oled=3C
[   8516] STATUS mode=3 fault=none p60=169 dp60=0 pwm=0 ball=88.05 vball=92.16 aball=21.3 bref=50.00 pid=140.0 apid=21.3 integ=-0.0 vision=1 current=1 vframe=3149 vs=1 vage=37 vpage=37 vdt=32 vmax=190 vacc=3127 vrej=0 seq=0 elapsed=0 oled=3C
[   8532] STATUS mode=3 fault=none p60=169 dp60=0 pwm=0 ball=88.05 vball=92.16 aball=21.3 bref=50.00 pid=140.0 apid=21.3 integ=-0.0 vision=1 current=1 vframe=3149 vs=1 vage=57 vpage=57 vdt=32 vmax=190 vacc=3127 vrej=0 seq=0 elapsed=0 oled=3C
[   8563] STATUS mode=3 fault=none p60=169 dp60=0 pwm=0 ball=88.05 vball=92.16 aball=21.3 bref=50.00 pid=140.0 apid=21.3 integ=-0.0 vision=1 current=1 vframe=3149 vs=1 vage=77 vpage=77 vdt=32 vmax=190 vacc=3127 vrej=0 seq=0 elapsed=0 oled=3C
[   8577] STATUS mode=3 fault=none p60=169 dp60=0 pwm=0 ball=88.05 vball=92.16 aball=21.3 bref=50.00 pid=140.0 apid=21.3 integ=-0.0 vision=1 current=1 vframe=3149 vs=1 vage=97 vpage=97 vdt=32 vmax=190 vacc=3127 vrej=0 seq=0 elapsed=0 oled=3C
[   8593] STATUS mode=3 fault=none p60=170 dp60=1 pwm=140 ball=91.41 vball=77.35 aball=-28.6 bref=50.00 pid=140.0 apid=-28.6 integ=-0.0 vision=1 current=1 vframe=3150 vs=1 vage=15 vpage=15 vdt=102 vmax=190 vacc=3128 vrej=0 seq=0 elapsed=0 oled=3C
[   8625] STATUS mode=3 fault=none p60=175 dp60=1 pwm=0 ball=94.76 vball=83.39 aball=-28.6 bref=50.00 pid=140.0 apid=-28.6 integ=-0.0 vision=1 current=1 vframe=3151 vs=1 vage=2 vpage=2 vdt=33 vmax=190 vacc=3129 vrej=0 seq=0 elapsed=0 oled=3C
[   8641] STATUS mode=3 fault=none p60=179 dp60=1 pwm=0 ball=94.76 vball=83.39 aball=34.9 bref=50.00 pid=140.0 apid=34.9 integ=-0.0 vision=1 current=1 vframe=3151 vs=1 vage=22 vpage=22 vdt=33 vmax=190 vacc=3129 vrej=0 seq=0 elapsed=0 oled=3C
[   8657] STATUS mode=3 fault=none p60=185 dp60=2 pwm=140 ball=96.35 vball=74.59 aball=-55.6 bref=50.00 pid=140.0 apid=-55.6 integ=-0.0 vision=1 current=1 vframe=3152 vs=1 vage=9 vpage=9 vdt=33 vmax=190 vacc=3130 vrej=0 seq=0 elapsed=0 oled=3C
[   8688] STATUS mode=3 fault=none p60=191 dp60=2 pwm=0 ball=96.35 vball=74.59 aball=-55.6 bref=50.00 pid=140.0 apid=-55.6 integ=-0.0 vision=1 current=1 vframe=3152 vs=1 vage=29 vpage=29 vdt=33 vmax=190 vacc=3130 vrej=0 seq=0 elapsed=0 oled=3C
[   8702] STATUS mode=3 fault=none p60=195 dp60=0 pwm=0 ball=96.35 vball=74.59 aball=-55.6 bref=50.00 pid=140.0 apid=-55.6 integ=-0.0 vision=1 current=1 vframe=3152 vs=1 vage=49 vpage=49 vdt=33 vmax=190 vacc=3130 vrej=0 seq=0 elapsed=0 oled=3C
[   8718] STATUS mode=3 fault=none p60=196 dp60=0 pwm=0 ball=96.35 vball=74.59 aball=-55.6 bref=50.00 pid=140.0 apid=-55.6 integ=-0.0 vision=1 current=1 vframe=3152 vs=1 vage=69 vpage=69 vdt=33 vmax=190 vacc=3130 vrej=0 seq=0 elapsed=0 oled=3C
[   8734] STATUS mode=3 fault=none p60=196 dp60=0 pwm=0 ball=96.35 vball=74.59 aball=-55.6 bref=50.00 pid=140.0 apid=-55.6 integ=-0.0 vision=1 current=1 vframe=3152 vs=1 vage=89 vpage=89 vdt=33 vmax=190 vacc=3130 vrej=0 seq=0 elapsed=0 oled=3C
[   8766] STATUS mode=3 fault=none p60=196 dp60=0 pwm=140 ball=98.95 vball=62.86 aball=-76.4 bref=50.00 pid=140.0 apid=-76.4 integ=-0.0 vision=1 current=1 vframe=3153 vs=1 vage=15 vpage=15 vdt=94 vmax=190 vacc=3131 vrej=0 seq=0 elapsed=0 oled=3C
[   8782] STATUS mode=3 fault=none p60=201 dp60=1 pwm=140 ball=100.67 vball=65.84 aball=-14.6 bref=50.00 pid=140.0 apid=-14.6 integ=-0.0 vision=1 current=1 vframe=3154 vs=1 vage=12 vpage=12 vdt=23 vmax=190 vacc=3132 vrej=0 seq=0 elapsed=0 oled=3C
[   8797] STATUS mode=3 fault=none p60=207 dp60=1 pwm=0 ball=100.67 vball=65.84 aball=-14.6 bref=50.00 pid=140.0 apid=-14.6 integ=-0.0 vision=1 current=1 vframe=3154 vs=1 vage=32 vpage=32 vdt=23 vmax=190 vacc=3132 vrej=0 seq=0 elapsed=0 oled=3C
[   8827] STATUS mode=3 fault=none p60=212 dp60=1 pwm=140 ball=101.33 vball=54.23 aball=-112.6 bref=50.00 pid=140.0 apid=-112.6 integ=-0.0 vision=1 current=1 vframe=3155 vs=1 vage=18 vpage=18 vdt=34 vmax=190 vacc=3133 vrej=0 seq=0 elapsed=0 oled=3C
[   8843] STATUS mode=3 fault=none p60=219 dp60=2 pwm=0 ball=101.33 vball=54.23 aball=-112.6 bref=50.00 pid=140.0 apid=-112.6 integ=-0.0 vision=1 current=1 vframe=3155 vs=1 vage=38 vpage=38 vdt=34 vmax=190 vacc=3133 vrej=0 seq=0 elapsed=0 oled=3C
[   8859] STATUS mode=3 fault=none p60=222 dp60=1 pwm=0 ball=101.33 vball=54.23 aball=-112.6 bref=50.00 pid=140.0 apid=-112.6 integ=-0.0 vision=1 current=1 vframe=3155 vs=1 vage=58 vpage=58 vdt=34 vmax=190 vacc=3133 vrej=0 seq=0 elapsed=0 oled=3C
[   8891] STATUS mode=3 fault=none p60=224 dp60=0 pwm=0 ball=101.33 vball=54.23 aball=-112.6 bref=50.00 pid=140.0 apid=-112.6 integ=-0.0 vision=1 current=1 vframe=3155 vs=1 vage=78 vpage=78 vdt=34 vmax=190 vacc=3133 vrej=0 seq=0 elapsed=0 oled=3C
[   8907] STATUS mode=3 fault=none p60=226 dp60=0 pwm=0 ball=101.33 vball=54.23 aball=-112.6 bref=50.00 pid=140.0 apid=-112.6 integ=-0.0 vision=1 current=1 vframe=3155 vs=1 vage=98 vpage=98 vdt=34 vmax=190 vacc=3133 vrej=0 seq=0 elapsed=0 oled=3C
[   8922] STATUS mode=3 fault=none p60=226 dp60=0 pwm=0 ball=104.06 vball=46.51 aball=-112.6 bref=50.00 pid=140.0 apid=-112.6 integ=-0.0 vision=1 current=1 vframe=3156 vs=1 vage=1 vpage=1 vdt=117 vmax=190 vacc=3134 vrej=0 seq=0 elapsed=0 oled=3C
[   8952] STATUS mode=3 fault=none p60=227 dp60=0 pwm=0 ball=104.06 vball=46.51 aball=-98.6 bref=50.00 pid=140.0 apid=-98.6 integ=-0.0 vision=1 current=1 vframe=3156 vs=1 vage=21 vpage=21 vdt=117 vmax=190 vacc=3134 vrej=0 seq=0 elapsed=0 oled=3C
[   8968] STATUS mode=3 fault=none p60=229 dp60=0 pwm=135 ball=103.71 vball=32.15 aball=-203.7 bref=50.00 pid=118.0 apid=-203.7 integ=-0.0 vision=1 current=1 vframe=3157 vs=1 vage=9 vpage=9 vdt=32 vmax=190 vacc=3135 vrej=0 seq=0 elapsed=0 oled=3C
[   8984] STATUS mode=3 fault=none p60=231 dp60=0 pwm=0 ball=103.71 vball=32.15 aball=-203.7 bref=50.00 pid=118.0 apid=-203.7 integ=-0.0 vision=1 current=1 vframe=3157 vs=1 vage=29 vpage=29 vdt=32 vmax=190 vacc=3135 vrej=0 seq=0 elapsed=0 oled=3C
[   9016] STATUS mode=3 fault=none p60=234 dp60=1 pwm=120 ball=103.74 vball=24.34 aball=-213.6 bref=50.00 pid=49.6 apid=-213.6 integ=-0.0 vision=1 current=1 vframe=3158 vs=1 vage=16 vpage=16 vdt=33 vmax=190 vacc=3136 vrej=0 seq=0 elapsed=0 oled=3C
[   9032] STATUS mode=3 fault=none p60=238 dp60=1 pwm=0 ball=103.74 vball=24.34 aball=-213.6 bref=50.00 pid=49.6 apid=-213.6 integ=-0.0 vision=1 current=1 vframe=3158 vs=1 vage=36 vpage=36 vdt=33 vmax=190 vacc=3136 vrej=0 seq=0 elapsed=0 oled=3C
[   9047] STATUS mode=3 fault=none p60=239 dp60=0 pwm=0 ball=103.74 vball=24.34 aball=-213.6 bref=50.00 pid=49.6 apid=-213.6 integ=-0.0 vision=1 current=1 vframe=3158 vs=1 vage=56 vpage=56 vdt=33 vmax=190 vacc=3136 vrej=0 seq=0 elapsed=0 oled=3C
[   9077] STATUS mode=3 fault=none p60=238 dp60=0 pwm=0 ball=103.74 vball=24.34 aball=-213.6 bref=50.00 pid=49.6 apid=-213.6 integ=-0.0 vision=1 current=1 vframe=3158 vs=1 vage=76 vpage=76 vdt=33 vmax=190 vacc=3136 vrej=0 seq=0 elapsed=0 oled=3C
[   9093] STATUS mode=3 fault=none p60=235 dp60=-1 pwm=0 ball=103.74 vball=24.34 aball=-213.6 bref=50.00 pid=49.6 apid=-213.6 integ=-0.0 vision=1 current=1 vframe=3158 vs=1 vage=96 vpage=96 vdt=33 vmax=190 vacc=3136 vrej=0 seq=0 elapsed=0 oled=3C
[   9109] STATUS mode=3 fault=none p60=236 dp60=1 pwm=0 ball=102.37 vball=-7.99 aball=-159.5 bref=50.00 pid=78.4 apid=-159.5 integ=-0.0 vision=1 current=1 vframe=3160 vs=1 vage=2 vpage=2 vdt=26 vmax=190 vacc=3138 vrej=0 seq=0 elapsed=0 oled=3C
[   9141] STATUS mode=3 fault=none p60=235 dp60=-1 pwm=-140 ball=102.37 vball=-7.99 aball=-443.3 bref=50.00 pid=-140.0 apid=-443.3 integ=-0.0 vision=1 current=1 vframe=3160 vs=1 vage=22 vpage=22 vdt=26 vmax=190 vacc=3138 vrej=0 seq=0 elapsed=0 oled=3C
[   9157] STATUS mode=3 fault=none p60=229 dp60=-2 pwm=-140 ball=101.28 vball=-14.25 aball=-367.2 bref=50.00 pid=-140.0 apid=-367.2 integ=-0.0 vision=1 current=1 vframe=3161 vs=1 vage=9 vpage=9 vdt=33 vmax=190 vacc=3139 vrej=0 seq=0 elapsed=0 oled=3C
[   9172] STATUS mode=3 fault=none p60=221 dp60=-2 pwm=0 ball=101.28 vball=-14.25 aball=-367.2 bref=50.00 pid=-140.0 apid=-367.2 integ=-0.0 vision=1 current=1 vframe=3161 vs=1 vage=29 vpage=29 vdt=33 vmax=190 vacc=3139 vrej=0 seq=0 elapsed=0 oled=3C
[   9202] STATUS mode=3 fault=none p60=213 dp60=-2 pwm=0 ball=101.28 vball=-14.25 aball=-367.2 bref=50.00 pid=-140.0 apid=-367.2 integ=-0.0 vision=1 current=1 vframe=3161 vs=1 vage=49 vpage=49 vdt=33 vmax=190 vacc=3139 vrej=0 seq=0 elapsed=0 oled=3C
[   9218] STATUS mode=3 fault=none p60=209 dp60=-1 pwm=0 ball=101.28 vball=-14.25 aball=-367.2 bref=50.00 pid=-140.0 apid=-367.2 integ=-0.0 vision=1 current=1 vframe=3161 vs=1 vage=69 vpage=69 vdt=33 vmax=190 vacc=3139 vrej=0 seq=0 elapsed=0 oled=3C
[   9234] STATUS mode=3 fault=none p60=205 dp60=-1 pwm=0 ball=101.28 vball=-14.25 aball=-367.2 bref=50.00 pid=-140.0 apid=-367.2 integ=-0.0 vision=1 current=1 vframe=3161 vs=1 vage=89 vpage=89 vdt=33 vmax=190 vacc=3139 vrej=0 seq=0 elapsed=0 oled=3C
[   9266] STATUS mode=3 fault=none p60=205 dp60=0 pwm=0 ball=101.28 vball=-14.25 aball=-367.2 bref=50.00 pid=-140.0 apid=-367.2 integ=-0.0 vision=1 current=1 vframe=3161 vs=1 vage=109 vpage=109 vdt=33 vmax=190 vacc=3139 vrej=0 seq=0 elapsed=0 oled=3C
[   9282] STATUS mode=3 fault=none p60=205 dp60=0 pwm=-140 ball=100.96 vball=-11.41 aball=-249.4 bref=50.00 pid=-140.0 apid=-249.4 integ=-0.0 vision=1 current=1 vframe=3162 vs=1 vage=18 vpage=18 vdt=111 vmax=190 vacc=3140 vrej=0 seq=0 elapsed=0 oled=3C
[   9297] STATUS mode=3 fault=none p60=201 dp60=-1 pwm=-140 ball=97.04 vball=-43.56 aball=-519.0 bref=50.00 pid=-140.0 apid=-519.0 integ=-0.0 vision=1 current=1 vframe=3163 vs=1 vage=10 vpage=10 vdt=28 vmax=190 vacc=3141 vrej=0 seq=0 elapsed=0 oled=3C
[   9327] STATUS mode=3 fault=none p60=195 dp60=-1 pwm=0 ball=97.04 vball=-43.56 aball=-519.0 bref=50.00 pid=-140.0 apid=-519.0 integ=-0.0 vision=1 current=1 vframe=3163 vs=1 vage=30 vpage=30 vdt=28 vmax=190 vacc=3141 vrej=0 seq=0 elapsed=0 oled=3C
[   9343] STATUS mode=3 fault=none p60=190 dp60=-2 pwm=-140 ball=95.26 vball=-45.03 aball=-375.6 bref=50.00 pid=-140.0 apid=-375.6 integ=-0.0 vision=1 current
[   9343] >>> stop
[   9343] =1 vframe=3164 vs=1 vage=14 vpage=14 vdt=36 vmax=190 vacc=3142 vrej=0 seq=0 elapsed=0 oled=3C
[   9343] OK stopped
[   9375] STATUS mode=1 fault=none p60=178 dp60=-1 pwm=0 ball=95.26 vball=-45.03 aball=-375.6 bref=50.00 pid=-140.0 apid=-375.6 integ=-0.0 vision=1 current=1 vframe=3164 vs=1 vage=54 vpage=54 vdt=36 vmax=190 vacc=3142 vrej=0 seq=0 elapsed=0 oled=3C
[   9391] STATUS mode=1 fault=none p60=175 dp60=-1 pwm=0 ball=95.26 vball=-45.03 aball=-375.6 bref=50.00 pid=-140.0 apid=-375.6 integ=-0.0 vision=1 current=1 vframe=3164 vs=1 vage=74 vpage=74 vdt=36 vmax=190 vacc=3142 vrej=0 seq=0 elapsed=0 oled=3C
[   9422] STATUS mode=1 fault=none p60=172 dp60=0 pwm=0 ball=95.26 vball=-45.03 aball=-375.6 bref=50.00 pid=-140.0 apid=-375.6 integ=-0.0 vision=1 current=1 vframe=3164 vs=1 vage=94 vpage=94 vdt=36 vmax=190 vacc=3142 vrej=0 seq=0 elapsed=0 oled=3C
[   9438] STATUS mode=1 fault=none p60=172 dp60=0 pwm=0 ball=94.03 vball=-37.01 aball=-375.6 bref=50.00 pid=-140.0 apid=-375.6 integ=-0.0 vision=1 current=1 vframe=3165 vs=1 vage=19 vpage=19 vdt=95 vmax=190 vacc=3143 vrej=0 seq=0 elapsed=0 oled=3C
[   9452] STATUS mode=1 fault=none p60=173 dp60=0 pwm=0 ball=89.72 vball=-62.51 aball=-375.6 bref=50.00 pid=-140.0 apid=-375.6 integ=-0.0 vision=1 current=1 vframe=3166 vs=1 vage=8 vpage=8 vdt=31 vmax=190 vacc=3144 vrej=0 seq=0 elapsed=0 oled=3C
[   9484] STATUS mode=1 fault=none p60=174 dp60=0 pwm=0 ball=89.72 vball=-62.51 aball=-375.6 bref=50.00 pid=-140.0 apid=-375.6 integ=-0.0 vision=1 current=1 vframe=3166 vs=1 vage=28 vpage=28 vdt=31 vmax=190 vacc=3144 vrej=0 seq=0 elapsed=0 oled=3C
[   9500] STATUS mode=1 fault=none p60=174 dp60=0 pwm=0 ball=87.76 vball=-61.73 aball=-375.6 bref=50.00 pid=-140.0 apid=-375.6 integ=-0.0 vision=1 current=1 vframe=3167 vs=1 vage=15 vpage=15 vdt=33 vmax=190 vacc=3145 vrej=0 seq=0 elapsed=0 oled=3C
[   9516] STATUS mode=1 fault=none p60=174 dp60=0 pwm=0 ball=87.76 vball=-61.73 aball=-375.6 bref=50.00 pid=-140.0 apid=-375.6 integ=-0.0 vision=1 current=1 vframe=3167 vs=1 vage=35 vpage=35 vdt=33 vmax=190 vacc=3145 vrej=0 seq=0 elapsed=0 oled=3C
[   9532] STATUS mode=1 fault=none p60=174 dp60=0 pwm=0 ball=87.76 vball=-61.73 aball=-375.6 bref=50.00 pid=-140.0 apid=-375.6 integ=-0.0 vision=1 current=1 vframe=3167 vs=1 vage=55 vpage=55 vdt=33 vmax=190 vacc=3145 vrej=0 seq=0 elapsed=0 oled=3C
[   9563] STATUS mode=1 fault=none p60=174 dp60=0 pwm=0 ball=87.76 vball=-61.73 aball=-375.6 bref=50.00 pid=-140.0 apid=-375.6 integ=-0.0 vision=1 current=1 vframe=3167 vs=1 vage=75 vpage=75 vdt=33 vmax=190 vacc=3145 vrej=0 seq=0 elapsed=0 oled=3C
[   9577] STATUS mode=1 fault=none p60=174 dp60=0 pwm=0 ball=87.76 vball=-61.73 aball=-375.6 bref=50.00 pid=-140.0 apid=-375.6 integ=-0.0 vision=1 current=1 vframe=3167 vs=1 vage=95 vpage=95 vdt=33 vmax=190 vacc=3145 vrej=0 seq=0 elapsed=0 oled=3C
[   9593] STATUS mode=1 fault=none p60=174 dp60=0 pwm=0 ball=86.38 vball=-49.50 aball=-375.6 bref=50.00 pid=-140.0 apid=-375.6 integ=-0.0 vision=1 current=1 vframe=3168 vs=1 vage=7 vpage=7 vdt=108 vmax=190 vacc=3146 vrej=0 seq=0 elapsed=0 oled=3C
[   9625] STATUS mode=1 fault=none p60=174 dp60=0 pwm=0 ball=81.91 vball=-83.68 aball=-375.6 bref=50.00 pid=-140.0 apid=-375.6 integ=-0.0 vision=1 current=1 vframe=3169 vs=1 vage=3 vpage=3 vdt=24 vmax=190 vacc=3147 vrej=0 seq=0 elapsed=0 oled=3C
[   9641] STATUS mode=1 fault=none p60=174 dp60=0 pwm=0 ball=81.91 vball=-83.68 aball=-375.6 bref=50.00 pid=-140.0 apid=-375.6 integ=-0.0 vision=1 current=1 vframe=3169 vs=1 vage=23 vpage=23 vdt=24 vmax=190 vacc=3147 vrej=0 seq=0 elapsed=0 oled=3C
[   9657] STATUS mode=1 fault=none p60=174 dp60=0 pwm=0 ball=80.23 vball=-75.12 aball=-375.6 bref=50.00 pid=-140.0 apid=-375.6 integ=-0.0 vision=1 current=1 vframe=3170 vs=1 vage=9 vpage=9 vdt=34 vmax=190 vacc=3148 vrej=0 seq=0 elapsed=0 oled=3C
[   9688] STATUS mode=1 fault=none p60=174 dp60=0 pwm=0 ball=80.23 vball=-75.12 aball=-375.6 bref=50.00 pid=-140.0 apid=-375.6 integ=-0.0 vision=1 current=1 vframe=3170 vs=1 vage=29 vpage=29 vdt=34 vmax=190 vacc=3148 vrej=0 seq=0 elapsed=0 oled=3C
[   9702] STATUS mode=1 fault=none p60=174 dp60=0 pwm=0 ball=80.23 vball=-75.12 aball=-375.6 bref=50.00 pid=-140.0 apid=-375.6 integ=-0.0 vision=1 current=1 vframe=3170 vs=1 vage=49 vpage=49 vdt=34 vmax=190 vacc=3148 vrej=0 seq=0 elapsed=0 oled=3C
[   9718] STATUS mode=1 fault=none p60=174 dp60=0 pwm=0 ball=80.23 vball=-75.12 aball=-375.6 bref=50.00 pid=-140.0 apid=-375.6 integ=-0.0 vision=1 current=1 vframe=3170 vs=1 vage=69 vpage=69 vdt=34 vmax=190 vacc=3148 vrej=0 seq=0 elapsed=0 oled=3C
[   9750] STATUS mode=1 fault=none p60=174 dp60=0 pwm=0 ball=80.23 vball=-75.12 aball=-375.6 bref=50.00 pid=-140.0 apid=-375.6 integ=-0.0 vision=1 current=1 vframe=3170 vs=1 vage=89 vpage=89 vdt=34 vmax=190 vacc=3148 vrej=0 seq=0 elapsed=0 oled=3C
[   9766] STATUS mode=1 fault=none p60=174 dp60=0 pwm=0 ball=78.14 vball=-61.31 aball=-375.6 bref=50.00 pid=-140.0 apid=-375.6 integ=-0.0 vision=1 current=1 vframe=3171 vs=1 vage=4 vpage=4 vdt=105 vmax=190 vacc=3149 vrej=0 seq=0 elapsed=0 oled=3C
[   9782] STATUS mode=1 fault=none p60=174 dp60=0 pwm=0 ball=78.14 vball=-61.31 aball=-375.6 bref=50.00 pid=-140.0 apid=-375.6 integ=-0.0 vision=1 current=1 vframe=3171 vs=1 vage=24 vpage=24 vdt=105 vmax=190 vacc=3149 vrej=0 seq=0 elapsed=0 oled=3C
[   9813] STATUS mode=1 fault=none p60=174 dp60=0 pwm=0 ball=74.14 vball=-81.70 aball=-375.6 bref=50.00 pid=-140.0 apid=-375.6 integ=-0.0 vision=1 current=1 vframe=3172 vs=1 vage=16 vpage=16 vdt=28 vmax=190 vacc=3150 vrej=0 seq=0 elapsed=0 oled=3C
[   9827] STATUS mode=1 fault=none p60=174 dp60=0 pwm=0 ball=72.58 vball=-72.74 aball=-375.6 bref=50.00 pid=-140.0 apid=-375.6 integ=-0.0 vision=1 current=1 vframe=3173 vs=1 vage=2 vpage=2 vdt=34 vmax=190 vacc=3151 vrej=0 seq=0 elapsed=0 oled=3C
[   9843] STATUS mode=1 fault=none p60=174 dp60=0 pwm=0 ball=72.58 vball=-72.74 aball=-375.6 bref=50.00 pid=-140.0 apid=-375.6 integ=-0.0 vision=1 current=1 vframe=3173 vs=1 vage=22 vpage=22 vdt=34 vmax=190 vacc=3151 vrej=0 seq=0 elapsed=0 oled=3C
[   9875] STATUS mode=1 fault=none p60=174 dp60=0 pwm=0 ball=72.58 vball=-72.74 aball=-375.6 bref=50.00 pid=-140.0 apid=-375.6 integ=-0.0 vision=1 current=1 vframe=3173 vs=1 vage=42 vpage=42 vdt=34 vmax=190 vacc=3151 vrej=0 seq=0 elapsed=0 oled=3C
[   9891] STATUS mode=1 fault=none p60=174 dp60=0 pwm=0 ball=72.58 vball=-72.74 aball=-375.6 bref=50.00 pid=-140.0 apid=-375.6 integ=-0.0 vision=1 current=1 vframe=3173 vs=1 vage=62 vpage=62 vdt=34 vmax=190 vacc=3151 vrej=0 seq=0 elapsed=0 oled=3C
[   9907] STATUS mode=1 fault=none p60=174 dp60=0 pwm=0 ball=72.58 vball=-72.74 aball=-375.6 bref=50.00 pid=-140.0 apid=-375.6 integ=-0.0 vision=1 current=1 vframe=3173 vs=1 vage=82 vpage=82 vdt=34 vmax=190 vacc=3151 vrej=0 seq=0 elapsed=0 oled=3C
[   9938] STATUS mode=1 fault=none p60=174 dp60=0 pwm=0 ball=70.24 vball=-60.18 aball=-375.6 bref=50.00 pid=-140.0 apid=-375.6 integ=-0.0 vision=1 current=1 vframe=3173 vs=1 vage=102 vpage=102 vdt=34 vmax=190 vacc=3151 vrej=0 seq=0 elapsed=0 oled=3C
[   9952] STATUS mode=1 fault=none p60=174 dp60=0 pwm=0 ball=66.75 vball=-74.22 aball=-375.6 bref=50.00 pid=-140.0 apid=-375.6 integ=-0.0 vision=1 current=1 
[   9952] >>> status
[   9952] vframe=3175 vs=1 vage=8 vpage=8 vdt=30 vmax=190 vacc=3153 vrej=0 seq=0 elapsed=0 oled=3C
[   9968] STATUS mode=1 fault=none p60=174 dp60=0 pwm=0 ball=66.75 vball=-74.22 aball=-375.6 bref=50.00 pid=-140.0 apid=-375.6 integ=-0.0 vision=1 current=1 vframe=3175 vs=1 vage=28 vpage=28 vdt=30 vmax=190 vacc=3153 vrej=0 seq=0 elapsed=0 oled=3C
[  10000] STATUS mode=1 fault=none p60=174 dp60=0 pwm=0 ball=64.92 vball=-69.53 aball=-375.6 bref=50.00 pid=-140.0 apid=-375.6 integ=-0.0 vision=1 current=1 vframe=3176 vs=1 vage=15 vpage=15 vdt=33 vmax=190 vacc=3154 vrej=0 seq=0 elapsed=0 oled=3C
[  10016] STATUS mode=1 fault=none p60=174 dp60=0 pwm=0 ball=64.92 vball=-69.53 aball=-375.6 bref=50.00 pid=-140.0 apid=-375.6 integ=-0.0 vision=1 current=1 vframe=3176 vs=1 vage=35 vpage=35 vdt=33 vmax=190 vacc=3154 vrej=0 seq=0 elapsed=0 oled=3C
[  10032] STATUS mode=1 fault=none p60=174 dp60=0 pwm=0 ball=64.92 vball=-69.53 aball=-375.6 bref=50.00 pid=-140.0 apid=-375.6 integ=-0.0 vision=1 current=1 vframe=3176 vs=1 vage=55 vpage=55 vdt=33 vmax=190 vacc=3154 vrej=0 seq=0 elapsed=0 oled=3C
[  10063] STATUS mode=1 fault=none p60=174 dp60=0 pwm=0 ball=64.92 vball=-69.53 aball=-375.6 bref=50.00 pid=-140.0 apid=-375.6 integ=-0.0 vision=1 current=1 vframe=3176 vs=1 vage=75 vpage=75 vdt=33 vmax=190 vacc=3154 vrej=0 seq=0 elapsed=0 oled=3C
[  10077] STATUS mode=1 fault=none p60=174 dp60=0 pwm=0 ball=64.92 vball=-69.53 aball=-375.6 bref=50.00 pid=-140.0 apid=-375.6 integ=-0.0 vision=1 current=1 vframe=3176 vs=1 vage=95 vpage=95 vdt=33 vmax=190 vacc=3154 vrej=0 seq=0 elapsed=0 oled=3C
[  10093] STATUS mode=1 fault=none p60=174 dp60=0 pwm=0 ball=62.59 vball=-57.97 aball=-375.6 bref=50.00 pid=-140.0 apid=-375.6 integ=-0.0 vision=1 current=1 vframe=3177 vs=1 vage=15 vpage=15 vdt=100 vmax=190 vacc=3155 vrej=0 seq=0 elapsed=0 oled=3C
[  10125] STATUS mode=1 fault=none p60=174 dp60=0 pwm=0 ball=58.92 vball=-71.28 aball=-375.6 bref=50.00 pid=-140.0 apid=-375.6 integ=-0.0 vision=1 current=1 vframe=3178 vs=1 vage=2 vpage=2 vdt=33 vmax=190 vacc=3156 vrej=0 seq=0 elapsed=0 oled=3C
[  10141] STATUS mode=1 fault=none p60=174 dp60=0 pwm=0 ball=58.92 vball=-71.28 aball=-375.6 bref=50.00 pid=-140.0 apid=-375.6 integ=-0.0 vision=1 current=1 vframe=3178 vs=1 vage=22 vpage=22 vdt=33 vmax=190 vacc=3156 vrej=0 seq=0 elapsed=0 oled=3C
[  10157] STATUS mode=1 fault=none p60=174 dp60=0 pwm=0 ball=57.49 vball=-63.68 aball=-375.6 bref=50.00 pid=-140.0 apid=-375.6 integ=-0.0 vision=1 current=1 vframe=3179 vs=1 vage=7 vpage=7 vdt=35 vmax=190 vacc=3157 vrej=0 seq=0 elapsed=0 oled=3C
[  10188] STATUS mode=1 fault=none p60=174 dp60=0 pwm=0 ball=57.49 vball=-63.68 aball=-375.6 bref=50.00 pid=-140.0 apid=-375.6 integ=-0.0 vision=1 current=1 vframe=3179 vs=1 vage=27 vpage=27 vdt=35 vmax=190 vacc=3157 vrej=0 seq=0 elapsed=0 oled=3C
[  10202] STATUS mode=1 fault=none p60=174 dp60=0 pwm=0 ball=57.49 vball=-63.68 aball=-375.6 bref=50.00 pid=-140.0 apid=-375.6 integ=-0.0 vision=1 current=1 vframe=3179 vs=1 vage=47 vpage=47 vdt=35 vmax=190 vacc=3157 vrej=0 seq=0 elapsed=0 oled=3C
[  10218] STATUS mode=1 fault=none p60=174 dp60=0 pwm=0 ball=57.49 vball=-63.68 aball=-375.6 bref=50.00 pid=-140.0 apid=-375.6 integ=-0.0 vision=1 current=1 vframe=3179 vs=1 vage=67 vpage=67 vdt=35 vmax=190 vacc=3157 vrej=0 seq=0 elapsed=0 oled=3C
[  10250] STATUS mode=1 fault=none p60=174 dp60=0 pwm=0 ball=57.49 vball=-63.68 aball=-375.6 bref=50.00 pid=-140.0 apid=-375.6 integ=-0.0 vision=1 current=1 vframe=3179 vs=1 vage=87 vpage=87 vdt=35 vmax=190 vacc=3157 vrej=0 seq=0 elapsed=0 oled=3C
[  10266] STATUS mode=1 fault=none p60=174 dp60=0 pwm=0 ball=57.49 vball=-63.68 aball=-375.6 bref=50.00 pid=-140.0 apid=-375.6 integ=-0.0 vision=1 current=1 vframe=3179 vs=1 vage=107 vpage=107 vdt=35 vmax=190 vacc=3157 vrej=0 seq=0 elapsed=0 oled=3C
[  10282] STATUS mode=1 fault=none p60=174 dp60=0 pwm=0 ball=54.35 vball=-54.89 aball=-375.6 bref=50.00 pid=-140.0 apid=-375.6 integ=-0.0 vision=1 current=1 vframe=3180 vs=1 vage=17 vpage=17 vdt=110 vmax=190 vacc=3158 vrej=0 seq=0 elapsed=0 oled=3C
[  10313] STATUS mode=1 fault=none p60=174 dp60=0 pwm=0 ball=51.40 vball=-74.69 aball=-375.6 bref=50.00 pid=-140.0 apid=-375.6 integ=-0.0 vision=1 current=1 vframe=3181 vs=1 vage=15 vpage=15 vdt=22 vmax=190 vacc=3159 vrej=0 seq=0 elapsed=0 oled=3C
[  10327] STATUS mode=1 fault=none p60=174 dp60=0 pwm=0 ball=49.57 vball=-69.88 aball=-375.6 bref=50.00 pid=-140.0 apid=-375.6 integ=-0.0 vision=1 current=1 vframe=3182 vs=1 vage=2 vpage=2 vdt=33 vmax=190 vacc=3160 vrej=0 seq=0 elapsed=0 oled=3C
[  10343] STATUS mode=1 fault=none p60=174 dp60=0 pwm=0 ball=49.57 vball=-69.88 aball=-375.6 bref=50.00 pid=-140.0 apid=-375.6 integ=-0.0 vision=1 current=1 vframe=3182 vs=1 vage=22 vpage=22 vdt=33 vmax=190 vacc=3160 vrej=0 seq=0 elapsed=0 oled=3C
[  10375] STATUS mode=1 fault=none p60=174 dp60=0 pwm=0 ball=49.57 vball=-69.88 aball=-375.6 bref=50.00 pid=-140.0 apid=-375.6 integ=-0.0 vision=1 current=1 vframe=3182 vs=1 vage=42 vpage=42 vdt=33 vmax=190 vacc=3160 vrej=0 seq=0 elapsed=0 oled=3C
[  10391] STATUS mode=1 fault=none p60=174 dp60=0 pwm=0 ball=49.57 vball=-69.88 aball=-375.6 bref=50.00 pid=-140.0 apid=-375.6 integ=-0.0 vision=1 current=1 vframe=3182 vs=1 vage=62 vpage=62 vdt=33 vmax=190 vacc=3160 vrej=0 seq=0 elapsed=0 oled=3C
[  10407] STATUS mode=1 fault=none p60=174 dp60=0 pwm=0 ball=49.57 vball=-69.88 aball=-375.6 bref=50.00 pid=-140.0 apid=-375.6 integ=-0.0 vision=1 current=1 vframe=3182 vs=1 vage=82 vpage=82 vdt=33 vmax=190 vacc=3160 vrej=0 seq=0 elapsed=0 oled=3C
[  10438] STATUS mode=1 fault=none p60=174 dp60=0 pwm=0 ball=49.57 vball=-69.88 aball=-375.6 bref=50.00 pid=-140.0 apid=-375.6 integ=-0.0 vision=1 current=1 vframe=3182 vs=1 vage=102 vpage=102 vdt=33 vmax=190 vacc=3160 vrej=0 seq=0 elapsed=0 oled=3C
[  10452] STATUS mode=1 fault=none p60=174 dp60=0 pwm=0 ball=46.79 vball=-59.16 aball=-375.6 bref=50.00 pid=-140.0 apid=-375.6 integ=-0.0 vision=1 current=1 vframe=3183 vs=1 vage=19 vpage=19 vdt=103 vmax=190 vacc=3161 vrej=0 seq=0 elapsed=0 oled=3C
[  10468] STATUS mode=1 fault=none p60=174 dp60=0 pwm=0 ball=44.06 vball=-67.12 aball=-375.6 bref=50.00 pid=-140.0 apid=-375.6 integ=-0.0 vision=1 current=1 vframe=3184 vs=1 vage=9 vpage=9 vdt=30 vmax=190 vacc=3162 vrej=0 seq=0 elapsed=0 oled=3C
[  10500] STATUS mode=1 fault=none p60=174 dp60=0 pwm=0 ball=42.58 vball=-61.55 aball=-375.6 bref=50.00 pid=-140.0 apid=-375.6 integ=-0.0 vision=1 current=1 vframe=3185 vs=1 vage=16 vpage=16 vdt=33 vmax=190 vacc=3163 vrej=0 seq=0 elapsed=0 oled=3C
[  10516] STATUS mode=1 fault=none p60=174 dp60=0 pwm=0 ball=42.58 vball=-61.55 aball=-375.6 bref=50.00 pid=-140.0 apid=-375.6 integ=-0.0 vision=1 current=1 vframe=3185 vs=1 vage=36 vpage=36 vdt=33 vmax=190 vacc=3163 vrej=0 seq=0 elapsed=0 oled=3C
[  10532] STATUS mode=1 fault=none p60=174 dp60=0 pwm=0 ball=42.58 vball=-61.55 aball=-375.6 bref=50.00 pid=-140.0 apid=-375.6 integ=-0.0 vision=1 current=1 vframe=3185 vs=1 vage=56 vpage=56 vdt=33 vmax=190 vacc=3163 vrej=0 seq=0 elapsed=0 oled=3C
[  10563] STATUS mode=1 fault=none p60=174 dp60=0 pwm=0 ball=42.58 vball=-61.55 aball=-375.6 bref=50.00 pid=-140.0 apid=-375.6 integ=-0.0 vision=1 current=1 vframe=3185 vs=1 vage=76 vpage=76 vdt=33 vmax=190 vacc=3163 vrej=0 seq=0 elapsed=0 oled=3C
[  10563] >>> stream off
[  10563] 
[  10577] STATUS mode=1 fault=none p60=174 dp60=0 pwm=0 ball=42.58 vball=-61.55 aball=-375.6 bref=50.00 pid=-140.0 apid=-375.6 integ=-0.0 vision=1 current=1 vframe=3185 vs=1 vage=96 vpage=96 vdt=33 vmax=190 vacc=3163 vrej=0 seq=0 elapsed=0 oled=3C
[  10577] OK stream off
