[      0] >>> bench on
[     16] OK stepper visual-only bench active; command pose preserved
[    188] >>> clear
[    202] OK fault cleared
[    375] >>> diag reset
[    391] OK actuator diagnostics reset
[    563] >>> gain ball 3.0 0.0 5.0 -1
[    577] OK ball gains kp=3.000 ki=0.000 kd=5.000 sign=-1
[    750] >>> gain accel 0.0
[    766] OK ball acceleration gain ka=0.000
[    938] >>> limit rate 250
[    952] OK ball rate limit=250 steps/s
[   1125] >>> stream on 20
[   1141] OK stream on 20 ms
[   1172] STATUS mode=1 fault=none enc=-40 denc=0 sreq=0 sapplied=0 crate=0 uimp=0 upos=0 uneg=0 ball=45.93 vball=-1.89 aball=0.0 bref=0.00 pid=0.0 pref=-25.6 ppos=-25.6 apid=0.0 integ=0.0 vision=1 current=1 vframe=26671 vs=1 vage=32 vpage=32 vdt=35 vmax=266 vacc=26624 vrej=0 seq=0 elapsed=0 oled=3C
[   1202] STATUS mode=1 fault=none enc=-40 denc=0 sreq=0 sapplied=0 crate=0 uimp=0 upos=0 uneg=0 ball=46.03 vball=-0.25 aball=0.0 bref=0.00 pid=0.0 pref=-25.6 ppos=-25.6 apid=0.0 integ=0.0 vision=1 current=1 vframe=26672 vs=1 vage=19 vpage=19 vdt=33 vmax=266 vacc=26625 vrej=0 seq=0 elapsed=0 oled=3C
[   1234] STATUS mode=1 fault=none enc=-40 denc=0 sreq=0 sapplied=0 crate=0 uimp=0 upos=0 uneg=0 ball=46.16 vball=0.97 aball=0.0 bref=0.00 pid=0.0 pref=-25.6 ppos=-25.6 apid=0.0 integ=0.0 vision=1 current=1 vframe=26673 vs=1 vage=5 vpage=5 vdt=34 vmax=266 vacc=26626 vrej=0 seq=0 elapsed=0 oled=3C
[   1250] STATUS mode=1 fault=none enc=-40 denc=0 sreq=0 sapplied=0 crate=0 uimp=0 upos=0 uneg=0 ball=46.16 vball=0.97 aball=0.0 bref=0.00 pid=0.0 pref=-25.6 ppos=-25.6 apid=0.0 integ=0.0 vision=1 current=1 vframe=26673 vs=1 vage=25 vpage=25 vdt=34 vmax=266 vacc=26626 vrej=0 seq=0 elapsed=0 oled=3C
[   1282] STATUS mode=1 fault=none enc=-40 denc=0 sreq=0 sapplied=0 crate=0 uimp=0 upos=0 uneg=0 ball=46.24 vball=1.34 aball=0.0 bref=0.00 pid=0.0 pref=-25.6 ppos=-25.6 apid=0.0 integ=0.0 vision=1 current=1 vframe=26674 vs=1 vage=35 vpage=35 vdt=30 vmax=266 vacc=26627 vrej=0 seq=0 elapsed=0 oled=3C
[   1297] STATUS mode=1 fault=none enc=-40 denc=0 sreq=0 sapplied=0 crate=0 uimp=0 upos=0 uneg=0 ball=46.27 vball=1.19 aball=0.0 bref=0.00 pid=0.0 pref=-25.6 ppos=-25.6 apid=0.0 integ=0.0 vision=1 current=1 vframe=26675 vs=1 vage=19 vpage=19 vdt=36 vmax=266 vacc=26628 vrej=0 seq=0 elapsed=0 oled=3C
[   1297] >>> ball 0.0
[   1327] STATUS mode=1 fault=none enc=-40 denc=0 sreq=0 sapplied=0 crate=0 uimp=0 upos=0 uneg=0 ball=46.27 vball=0.88 aball=0.0 bref=0.00 pid=0.0 pref=-25.6 ppos=-25.6 apid=0.0 integ=0.0 vision=1 current=1 vframe=26676 vs=1 vage=6 vpage=6 vdt=33 vmax=266 vacc=26629 vrej=0 seq=0 elapsed=0 oled=3C
[   1359] STATUS mode=3 fault=none enc=-23 denc=17 sreq=100 sapplied=100 crate=100 uimp=0 upos=0 uneg=0 ball=46.27 vball=0.88 aball=0.0 bref=0.00 pid=250.0 pref=117.6 ppos=-25.6 apid=0.0 integ=-0.0 vision=1 current=1 vframe=26676 vs=1 vage=26 vpage=26 vdt=33 vmax=266 vacc=26629 vrej=0 seq=0 elapsed=0 oled=3C
[   1375] STATUS mode=3 fault=none enc=-7 denc=2 sreq=250 sapplied=250 crate=250 uimp=9000 upos=40 uneg=0 ball=46.26 vball=0.38 aball=0.0 bref=0.00 pid=250.0 pref=116.2 ppos=-16.6 apid=0.0 integ=-0.0 vision=1 current=1 vframe=26678 vs=1 vage=2 vpage=2 vdt=33 vmax=266 vacc=26631 vrej=0 seq=0 elapsed=0 oled=3C
[   1407] STATUS mode=3 fault=none enc=-1 denc=2 sreq=250 sapplied=250 crate=250 uimp=14000 upos=60 uneg=0 ball=46.26 vball=0.38 aball=0.0 bref=0.00 pid=250.0 pref=115.1 ppos=-11.6 apid=0.0 integ=-0.0 vision=1 current=1 vframe=26678 vs=1 vage=22 vpage=22 vdt=33 vmax=266 vacc=26631 vrej=0 seq=0 elapsed=0 oled=3C
[   1438] STATUS mode=3 fault=none enc=6 denc=2 sreq=250 sapplied=250 crate=250 uimp=19000 upos=80 uneg=0 ball=46.26 vball=0.21 aball=-3.1 bref=0.00 pid=250.0 pref=114.3 ppos=-6.6 apid=-0.0 integ=-0.0 vision=1 current=1 vframe=26679 vs=1 vage=8 vpage=8 vdt=34 vmax=266 vacc=26632 vrej=0 seq=0 elapsed=0 oled=3C
[   1452] STATUS mode=3 fault=none enc=19 denc=2 sreq=250 sapplied=250 crate=250 uimp=29000 upos=120 uneg=0 ball=46.25 vball=0.12 aball=-3.1 bref=0.00 pid=250.0 pref=113.8 ppos=3.4 apid=-0.0 integ=-0.0 vision=1 current=1 vframe=26680 vs=1 vage=13 vpage=13 vdt=35 vmax=266 vacc=26633 vrej=0 seq=0 elapsed=0 oled=3C
[   1484] STATUS mode=3 fault=none enc=25 denc=1 sreq=250 sapplied=250 crate=250 uimp=34000 upos=140 uneg=0 ball=46.25 vball=0.12 aball=-3.1 bref=0.00 pid=250.0 pref=113.8 ppos=8.4 apid=-0.0 integ=-0.0 vision=1 current=1 vframe=26680 vs=1 vage=33 vpage=33 vdt=35 vmax=266 vacc=26633 vrej=0 seq=0 elapsed=0 oled=3C
[   1516] STATUS mode=3 fault=none enc=32 denc=2 sreq=250 sapplied=250 crate=250 uimp=39000 upos=160 uneg=0 ball=46.19 vball=-0.51 aball=-3.1 bref=0.00 pid=250.0 pref=110.5 ppos=13.4 apid=-0.0 integ=-0.0 vision=1 current=1 vframe=26681 vs=1 vage=20 vpage=20 vdt=33 vmax=266 vacc=26634 vrej=0 seq=0 elapsed=0 oled=3C
[   1547] STATUS mode=3 fault=none enc=45 denc=2 sreq=250 sapplied=250 crate=250 uimp=49000 upos=200 uneg=0 ball=46.04 vball=-1.67 aball=-10.0 bref=0.00 pid=250.0 pref=104.2 ppos=23.4 apid=-0.0 integ=-0.0 vision=1 current=1 vframe=26682 vs=1 vage=26 vpage=26 vdt=34 vmax=266 vacc=26635 vrej=0 seq=0 elapsed=0 oled=3C
[   1563] STATUS mode=3 fault=none enc=52 denc=2 sreq=250 sapplied=250 crate=250 uimp=54000 upos=220 uneg=0 ball=45.95 vball=-1.95 aball=-10.0 bref=0.00 pid=250.0 pref=102.5 ppos=28.4 apid=-0.0 integ=-0.0 vision=1 current=1 vframe=26683 vs=1 vage=13 vpage=13 vdt=33 vmax=266 vacc=26636 vrej=0 seq=0 elapsed=0 oled=3C
[   1593] STATUS mode=3 fault=none enc=58 denc=2 sreq=250 sapplied=250 crate=250 uimp=59000 upos=240 uneg=0 ball=45.95 vball=-1.95 aball=-10.0 bref=0.00 pid=250.0 pref=102.5 ppos=33.4 apid=-0.0 integ=-0.0 vision=1 current=1 vframe=26683 vs=1 vage=33 vpage=33 vdt=33 vmax=266 vacc=26636 vrej=0 seq=0 elapsed=0 oled=3C
[   1625] STATUS mode=3 fault=none enc=70 denc=1 sreq=250 sapplied=250 crate=250 uimp=69000 upos=280 uneg=0 ball=45.19 vball=-7.25 aball=-30.6 bref=0.00 pid=250.0 pref=73.8 ppos=43.4 apid=-0.0 integ=-0.0 vision=1 current=1 vframe=26685 vs=1 vage=6 vpage=6 vdt=33 vmax=266 vacc=26638 vrej=0 seq=0 elapsed=0 oled=3C
[   1641] STATUS mode=3 fault=none enc=77 denc=2 sreq=250 sapplied=250 crate=250 uimp=74000 upos=300 uneg=0 ball=45.19 vball=-7.25 aball=-30.6 bref=0.00 pid=250.0 pref=73.8 ppos=48.4 apid=-0.0 integ=-0.0 vision=1 current=1 vframe=26685 vs=1 vage=26 vpage=26 vdt=33 vmax=266 vacc=26638 vrej=0 seq=0 elapsed=0 oled=3C
[   1672] STATUS mode=3 fault=none enc=83 denc=2 sreq=29 sapplied=29 crate=29 uimp=78245 upos=320 uneg=0 ball=44.57 vball=-10.72 aball=-30.6 bref=0.00 pid=18.6 pref=54.5 ppos=52.7 apid=-0.0 integ=-0.0 vision=1 current=1 vframe=26686 vs=1 vage=12 vpage=12 vdt=34 vmax=266 vacc=26639 vrej=0 seq=0 elapsed=0 oled=3C
[   1702] STATUS mode=3 fault=none enc=84 denc=0 sreq=-50 sapplied=-50 crate=-50 uimp=77855 upos=325 uneg=10 ball=44.08 vball=-11.87 aball=-30.6 bref=0.00 pid=-49.7 pref=47.3 ppos=52.3 apid=-0.0 integ=-0.0 vision=1 current=1 vframe=26687 vs=1 vage=21 vpage=21 vdt=31 vmax=266 vacc=26640 vrej=0 seq=0 elapsed=0 oled=3C
[   1734] STATUS mode=3 fault=none enc=83 denc=0 sreq=-143 sapplied=-143 crate=-143 uimp=76930 upos=325 uneg=30 ball=43.10 vball=-17.31 aball=-63.0 bref=0.00 pid=-250.0 pref=17.2 ppos=51.4 apid=-0.0 integ=-0.0 vision=1 current=1 vframe=26688 vs=1 vage=8 vpage=8 vdt=33 vmax=266 vacc=26641 vrej=0 seq=0 elapsed=0 oled=3C
[   1750] STATUS mode=3 fault=none enc=80 denc=-2 sreq=-250 sapplied=-250 crate=-250 uimp=72500 upos=325 uneg=50 ball=43.10 vball=-17.31 aball=-63.0 bref=0.00 pid=-250.0 pref=17.2 ppos=46.9 apid=-0.0 integ=-0.0 vision=1 current=1 vframe=26688 vs=1 vage=28 vpage=28 vdt=33 vmax=266 vacc=26641 vrej=0 seq=0 elapsed=0 oled=3C
[   1782] STATUS mode=3 fault=none enc=68 denc=-1 sreq=-202 sapplied=-202 crate=-202 uimp=62910 upos=325 uneg=90 ball=41.60 vball=-20.45 aball=-63.0 bref=0.00 pid=-201.6 pref=17.2 ppos=37.3 apid=-0.0 integ=-0.0 vision=1 current=1 vframe=26690 vs=1 vage=1 vpage=1 vdt=67 vmax=266 vacc=26642 vrej=0 seq=0 elapsed=0 oled=3C
[   1813] STATUS mode=3 fault=none enc=62 denc=-2 sreq=-250 sapplied=-250 crate=-250 uimp=58150 upos=325 uneg=110 ball=41.60 vball=-20.45 aball=-63.0 bref=0.00 pid=-250.0 pref=-3.0 ppos=32.6 apid=-0.0 integ=-0.0 vision=1 current=1 vframe=26690 vs=1 vage=21 vpage=21 vdt=67 vmax=266 vacc=26642 vrej=0 seq=0 elapsed=0 oled=3C
[   1827] STATUS mode=3 fault=none enc=55 denc=-2 sreq=-250 sapplied=-250 crate=-250 uimp=53150 upos=325 uneg=130 ball=40.18 vball=-27.11 aball=-78.8 bref=0.00 pid=-250.0 pref=-40.6 ppos=27.6 apid=-0.0 integ=-0.0 vision=1 current=1 vframe=26691 vs=1 vage=8 vpage=8 vdt=33 vmax=266 vacc=26643 vrej=0 seq=0 elapsed=0 oled=3C
[   1859] STATUS mode=3 fault=none enc=42 denc=-2 sreq=-250 sapplied=-250 crate=-250 uimp=43150 upos=325 uneg=170 ball=38.80 vball=-30.25 aball=-78.8 bref=0.00 pid=-250.0 pref=-60.4 ppos=17.6 apid=-0.0 integ=-0.0 vision=1 current=1 vframe=26692 vs=1 vage=13 vpage=13 vdt=35 vmax=266 vacc=26644 vrej=0 seq=0 elapsed=0 oled=3C
[   1891] STATUS mode=3 fault=none enc=36 denc=-1 sreq=-250 sapplied=-250 crate=-250 uimp=38150 upos=325 uneg=190 ball=37.76 vball=-31.52 aball=-78.8 bref=0.00 pid=-250.0 pref=-60.4 ppos=12.6 apid=-0.0 integ=-0.0 vision=1 current=1 vframe=26693 vs=1 vage=1 vpage=1 vdt=32 vmax=266 vacc=26645 vrej=0 seq=0 elapsed=0 oled=3C
[   1922] STATUS mode=3 fault=none enc=30 denc=-1 sreq=-250 sapplied=-250 crate=-250 uimp=33150 upos=325 uneg=210 ball=37.76 vball=-31.52 aball=-78.8 bref=0.00 pid=-250.0 pref=-69.9 ppos=7.6 apid=-0.0 integ=-0.0 vision=1 current=1 vframe=26693 vs=1 vage=21 vpage=21 vdt=32 vmax=266 vacc=26645 vrej=0 seq=0 elapsed=0 oled=3C
[   1952] STATUS mode=3 fault=none enc=17 denc=-1 sreq=-250 sapplied=-250 crate=-250 uimp=23150 upos=325 uneg=250 ball=35.94 vball=-38.24 aball=-92.9 bref=0.00 pid=-250.0 pref=-108.9 ppos=-2.4 apid=-0.0 integ=-0.0 vision=1 current=1 vframe=26694 vs=1 vage=27 vpage=27 vdt=34 vmax=266 vacc=26646 vrej=0 seq=0 elapsed=0 oled=3C
[   1968] STATUS mode=3 fault=none enc=11 denc=-1 sreq=-250 sapplied=-250 crate=-250 uimp=18150 upos=325 uneg=270 ball=34.66 vball=-38.30 aball=-92.9 bref=0.00 pid=-250.0 pref=-113.1 ppos=-7.4 apid=-0.0 integ=-0.0 vision=1 current=1 vframe=26695 vs=1 vage=13 vpage=13 vdt=34 vmax=266 vacc=26647 vrej=0 seq=0 elapsed=0 oled=3C
[   2000] STATUS mode=3 fault=none enc=-3 denc=-1 sreq=-250 sapplied=-250 crate=-250 uimp=8150 upos=325 uneg=310 ball=32.82 vball=-44.08 aball=-92.9 bref=0.00 pid=-250.0 pref=-147.5 ppos=-17.4 apid=-0.0 integ=-0.0 vision=1 current=1 vframe=26696 vs=1 vage=19 vpage=19 vdt=34 vmax=266 vacc=26648 vrej=0 seq=0 elapsed=0 oled=3C
[   2032] STATUS mode=3 fault=none enc=-10 denc=-1 sreq=-250 sapplied=-250 crate=-250 uimp=3150 upos=325 uneg=330 ball=31.28 vball=-44.17 aball=-92.9 bref=0.00 pid=-250.0 pref=-147.5 ppos=-22.4 apid=-0.0 integ=-0.0 vision=1 current=1 vframe=26697 vs=1 vage=4 vpage=4 vdt=35 vmax=266 vacc=26649 vrej=0 seq=0 elapsed=0 oled=3C
[   2063] STATUS mode=3 fault=none enc=-16 denc=-2 sreq=-250 sapplied=-250 crate=-250 uimp=-1850 upos=325 uneg=350 ball=31.28 vball=-44.17 aball=-77.0 bref=0.00 pid=-250.0 pref=-152.6 ppos=-27.4 apid=-0.0 integ=-0.0 vision=1 current=1 vframe=26697 vs=1 vage=24 vpage=24 vdt=35 vmax=266 vacc=26649 vrej=0 seq=0 elapsed=0 oled=3C
[   2077] STATUS mode=3 fault=none enc=-28 denc=-1 sreq=-250 sapplied=-250 crate=-250 uimp=-11850 upos=325 uneg=390 ball=29.94 vball=-43.60 aball=-77.0 bref=0.00 pid=-250.0 pref=-153.7 ppos=-37.4 apid=-0.0 integ=-0.0 vision=1 current=1 vframe=26698 vs=1 vage=32 vpage=32 vdt=32 vmax=266 vacc=26650 vrej=0 seq=0 elapsed=0 oled=3C
[   2109] STATUS mode=3 fault=none enc=-35 denc=-1 sreq=-250 sapplied=-250 crate=-250 uimp=-16850 upos=325 uneg=410 ball=27.29 vball=-54.11 aball=-77.0 bref=0.00 pid=-250.0 pref=-214.2 ppos=-42.4 apid=-0.0 integ=-0.0 vision=1 current=1 vframe=26699 vs=1 vage=19 vpage=19 vdt=33 vmax=266 vacc=26651 vrej=0 seq=0 elapsed=0 oled=3C
[   2141] STATUS mode=3 fault=none enc=-42 denc=-2 sreq=-250 sapplied=-250 crate=-250 uimp=-21850 upos=325 uneg=430 ball=25.81 vball=-51.18 aball=-74.2 bref=0.00 pid=-250.0 pref=-204.0 ppos=-47.4 apid=-0.0 integ=-0.0 vision=1 current=1 vframe=26700 vs=1 vage=5 vpage=5 vdt=34 vmax=266 vacc=26652 vrej=0 seq=0 elapsed=0 oled=3C
[   2172] STATUS mode=3 fault=none enc=-54 denc=-1 sreq=-250 sapplied=-250 crate=-250 uimp=-31850 upos=325 uneg=470 ball=24.71 vball=-45.59 aball=-74.2 bref=0.00 pid=-250.0 pref=-179.4 ppos=-57.4 apid=-0.0 integ=-0.0 vision=1 current=1 vframe=26701 vs=1 vage=12 vpage=12 vdt=33 vmax=266 vacc=26653 vrej=0 seq=0 elapsed=0 oled=3C
[   2202] STATUS mode=3 fault=none enc=-60 denc=-1 sreq=-250 sapplied=-250 crate=-250 uimp=-36850 upos=325 uneg=490 ball=24.71 vball=-45.59 aball=-74.2 bref=0.00 pid=-250.0 pref=-179.4 ppos=-62.4 apid=-0.0 integ=-0.0 vision=1 current=1 vframe=26701 vs=1 vage=32 vpage=32 vdt=33 vmax=266 vacc=26653 vrej=0 seq=0 elapsed=0 oled=3C
[   2218] STATUS mode=3 fault=none enc=-73 denc=-1 sreq=-250 sapplied=-250 crate=-250 uimp=-46850 upos=325 uneg=530 ball=21.64 vball=-45.41 aball=-14.6 bref=0.00 pid=-250.0 pref=-187.7 ppos=-72.4 apid=-0.0 integ=-0.0 vision=1 current=1 vframe=26703 vs=1 vage=6 vpage=6 vdt=33 vmax=266 vacc=26655 vrej=0 seq=0 elapsed=0 oled=3C
[   2250] STATUS mode=3 fault=none enc=-80 denc=-2 sreq=-250 sapplied=-250 crate=-250 uimp=-51850 upos=325 uneg=550 ball=21.64 vball=-45.41 aball=-14.6 bref=0.00 pid=-250.0 pref=-187.7 ppos=-77.4 apid=-0.0 integ=-0.0 vision=1 current=1 vframe=26703 vs=1 vage=26 vpage=26 vdt=33 vmax=266 vacc=26655 vrej=0 seq=0 elapsed=0 oled=3C
[   2282] STATUS mode=3 fault=none enc=-87 denc=-1 sreq=-250 sapplied=-250 crate=-250 uimp=-56850 upos=325 uneg=570 ball=19.98 vball=-46.57 aball=-14.6 bref=0.00 pid=-250.0 pref=-198.5 ppos=-82.4 apid=-0.0 integ=-0.0 vision=1 current=1 vframe=26704 vs=1 vage=12 vpage=12 vdt=34 vmax=266 vacc=26656 vrej=0 seq=0 elapsed=0 oled=3C
[   2313] STATUS mode=3 fault=none enc=-99 denc=-1 sreq=-250 sapplied=-250 crate=-250 uimp=-66850 upos=325 uneg=610 ball=18.55 vball=-45.71 aball=-14.6 bref=0.00 pid=-250.0 pref=-198.5 ppos=-92.4 apid=-0.0 integ=-0.0 vision=1 current=1 vframe=26705 vs=1 vage=19 vpage=19 vdt=33 vmax=266 vacc=26657 vrej=0 seq=0 elapsed=0 oled=3C
[   2327] STATUS mode=3 fault=none enc=-105 denc=-1 sreq=-250 sapplied=-250 crate=-250 uimp=-71850 upos=325 uneg=630 ball=17.10 vball=-44.93 aball=-5.8 bref=0.00 pid=-250.0 pref=-198.9 ppos=-97.4 apid=-0.0 integ=-0.0 vision=1 current=1 vframe=26706 vs=1 vage=8 vpage=8 vdt=31 vmax=266 vacc=26658 vrej=0 seq=0 elapsed=0 oled=3C
[   2359] STATUS mode=3 fault=none enc=-119 denc=-2 sreq=-250 sapplied=-250 crate=-250 uimp=-81850 upos=325 uneg=670 ball=15.83 vball=-42.93 aball=-5.8 bref=0.00 pid=-250.0 pref=-192.7 ppos=-107.4 apid=-0.0 integ=-0.0 vision=1 current=1 vframe=26707 vs=1 vage=14 vpage=14 vdt=34 vmax=266 vacc=26659 vrej=0 seq=0 elapsed=0 oled=3C
[   2391] STATUS mode=3 fault=none enc=-125 denc=-2 sreq=-250 sapplied=-250 crate=-250 uimp=-86850 upos=325 uneg=690 ball=14.70 vball=-40.14 aball=-5.8 bref=0.00 pid=-250.0 pref=-192.7 ppos=-112.4 apid=-0.0 integ=-0.0 vision=1 current=1 vframe=26708 vs=1 vage=1 vpage=1 vdt=33 vmax=266 vacc=26660 vrej=0 seq=0 elapsed=0 oled=3C
[   2422] STATUS mode=3 fault=none enc=-131 denc=-1 sreq=-250 sapplied=-250 crate=-250 uimp=-91850 upos=325 uneg=710 ball=14.70 vball=-40.14 aball=-5.8 bref=0.00 pid=-250.0 pref=-182.2 ppos=-117.4 apid=-0.0 integ=-0.0 vision=1 current=1 vframe=26708 vs=1 vage=21 vpage=21 vdt=33 vmax=266 vacc=26660 vrej=0 seq=0 elapsed=0 oled=3C
[   2438] STATUS mode=3 fault=none enc=-143 denc=-1 sreq=-250 sapplied=-250 crate=-250 uimp=-101850 upos=325 uneg=750 ball=13.43 vball=-39.47 aball=21.4 bref=0.00 pid=-250.0 pref=-182.6 ppos=-127.4 apid=0.0 integ=-0.0 vision=1 current=1 vframe=26709 vs=1 vage=28 vpage=28 vdt=33 vmax=266 vacc=26661 vrej=0 seq=0 elapsed=0 oled=3C
[   2468] STATUS mode=3 fault=none enc=-149 denc=-1 sreq=-250 sapplied=-250 crate=-250 uimp=-106850 upos=325 uneg=770 ball=12.25 vball=-38.24 aball=21.4 bref=0.00 pid=-250.0 pref=-180.0 ppos=-132.4 apid=0.0 integ=-0.0 vision=1 current=1 vframe=26710 vs=1 vage=14 vpage=14 vdt=34 vmax=266 vacc=26662 vrej=0 seq=0 elapsed=0 oled=3C
[   2500] STATUS mode=3 fault=none enc=-161 denc=-1 sreq=-177 sapplied=-177 crate=-177 uimp=-116040 upos=325 uneg=810 ball=11.47 vball=-33.62 aball=21.4 bref=0.00 pid=-176.5 pref=-159.3 ppos=-141.6 apid=0.0 integ=-0.0 vision=1 current=1 vframe=26711 vs=1 vage=20 vpage=20 vdt=34 vmax=266 vacc=26663 vrej=0 seq=0 elapsed=0 oled=3C
[   2532] STATUS mode=3 fault=none enc=-166 denc=-1 sreq=-51 sapplied=-51 crate=-51 uimp=-119315 upos=325 uneg=830 ball=10.66 vball=-31.26 aball=48.7 bref=0.00 pid=-50.1 pref=-149.9 ppos=-144.9 apid=0.0 integ=-0.0 vision=1 current=1 vframe=26712 vs=1 vage=8 vpage=8 vdt=32 vmax=266 vacc=26664 vrej=0 seq=0 elapsed=0 oled=3C
[   2563] STATUS mode=3 fault=none enc=-166 denc=0 sreq=-41 sapplied=-41 crate=-41 uimp=-120250 upos=325 uneg=850 ball=10.66 vball=-31.26 aball=48.7 bref=0.00 pid=-40.7 pref=-149.9 ppos=-145.8 apid=0.0 integ=-0.0 vision=1 current=1 vframe=26712 vs=1 vage=28 vpage=28 vdt=32 vmax=266 vacc=26664 vrej=0 seq=0 elapsed=0 oled=3C
[   2577] STATUS mode=3 fault=none enc=-169 denc=-1 sreq=-48 sapplied=-48 crate=-48 uimp=-122395 upos=325 uneg=890 ball=8.89 vball=-28.47 aball=48.7 bref=0.00 pid=-48.4 pref=-152.8 ppos=-148.0 apid=0.0 integ=-0.0 vision=1 current=1 vframe=26714 vs=1 vage=1 vpage=1 vdt=34 vmax=266 vacc=26666 vrej=0 seq=0 elapsed=0 oled=3C
[   2609] STATUS mode=3 fault=none enc=-170 denc=0 sreq=63 sapplied=63 crate=63 uimp=-121955 upos=335 uneg=895 ball=8.89 vball=-28.47 aball=48.7 bref=0.00 pid=62.8 pref=-141.2 ppos=-147.5 apid=0.0 integ=-0.0 vision=1 current=1 vframe=26714 vs=1 vage=21 vpage=21 vdt=34 vmax=266 vacc=26666 vrej=0 seq=0 elapsed=0 oled=3C
[   2641] STATUS mode=3 fault=none enc=-168 denc=1 sreq=154 sapplied=154 crate=154 uimp=-120785 upos=355 uneg=895 ball=8.67 vball=-21.98 aball=68.5 bref=0.00 pid=250.0 pref=-109.5 ppos=-146.3 apid=0.0 integ=-0.0 vision=1 current=1 vframe=26715 vs=1 vage=8 vpage=8 vdt=33 vmax=266 vacc=26667 vrej=0 seq=0 elapsed=0 oled=3C
[   2672] STATUS mode=3 fault=none enc=-158 denc=2 sreq=250 sapplied=250 crate=250 uimp=-111265 upos=395 uneg=895 ball=8.22 vball=-19.38 aball=68.5 bref=0.00 pid=250.0 pref=-97.8 ppos=-136.8 apid=0.0 integ=-0.0 vision=1 current=1 vframe=26716 vs=1 vage=13 vpage=13 vdt=35 vmax=266 vacc=26668 vrej=0 seq=0 elapsed=0 oled=3C
[   2688] STATUS mode=3 fault=none enc=-152 denc=1 sreq=250 sapplied=250 crate=250 uimp=-106265 upos=415 uneg=895 ball=8.22 vball=-19.38 aball=68.5 bref=0.00 pid=250.0 pref=-97.8 ppos=-131.8 apid=0.0 integ=-0.0 vision=1 current=1 vframe=26716 vs=1 vage=33 vpage=33 vdt=35 vmax=266 vacc=26668 vrej=0 seq=0 elapsed=0 oled=3C
[   2718] STATUS mode=3 fault=none enc=-146 denc=1 sreq=250 sapplied=250 crate=250 uimp=-101265 upos=435 uneg=895 ball=8.04 vball=-15.25 aball=68.5 bref=0.00 pid=250.0 pref=-77.7 ppos=-126.8 apid=0.0 integ=-0.0 vision=1 current=1 vframe=26717 vs=1 vage=19 vpage=19 vdt=34 vmax=266 vacc=26669 vrej=0 seq=0 elapsed=0 oled=3C
[   2750] STATUS mode=3 fault=none enc=-133 denc=2 sreq=250 sapplied=250 crate=250 uimp=-91265 upos=475 uneg=895 ball=8.03 vball=-10.79 aball=87.1 bref=0.00 pid=250.0 pref=-55.4 ppos=-116.8 apid=0.0 integ=-0.0 vision=1 current=1 vframe=26718 vs=1 vage=26 vpage=26 vdt=33 vmax=266 vacc=26670 vrej=0 seq=0 elapsed=0 oled=3C
[   2766] STATUS mode=3 fault=none enc=-127 denc=2 sreq=250 sapplied=250 crate=250 uimp=-86265 upos=495 uneg=895 ball=8.07 vball=-7.26 aball=87.1 bref=0.00 pid=250.0 pref=-37.7 ppos=-111.8 apid=0.0 integ=-0.0 vision=1 current=1 vframe=26719 vs=1 vage=13 vpage=13 vdt=33 vmax=266 vacc=26671 vrej=0 seq=0 elapsed=0 oled=3C
[   2797] STATUS mode=3 fault=none enc=-114 denc=2 sreq=250 sapplied=250 crate=250 uimp=-76265 upos=535 uneg=895 ball=8.31 vball=-2.93 aball=87.1 bref=0.00 pid=250.0 pref=-15.3 ppos=-101.8 apid=0.0 integ=-0.0 vision=1 current=1 vframe=26720 vs=1 vage=22 vpage=22 vdt=31 vmax=266 vacc=26672 vrej=0 seq=0 elapsed=0 oled=3C
[   2827] STATUS mode=3 fault=none enc=-108 denc=1 sreq=250 sapplied=250 crate=250 uimp=-71265 upos=555 uneg=895 ball=8.75 vball=2.09 aball=106.4 bref=0.00 pid=250.0 pref=11.1 ppos=-96.8 apid=0.0 integ=-0.0 vision=1 current=1 vframe=26721 vs=1 vage=7 vpage=7 vdt=35 vmax=266 vacc=26673 vrej=0 seq=0 elapsed=0 oled=3C
[   2859] STATUS mode=3 fault=none enc=-101 denc=2 sreq=250 sapplied=250 crate=250 uimp=-66265 upos=575 uneg=895 ball=8.75 vball=2.09 aball=106.4 bref=0.00 pid=250.0 pref=11.1 ppos=-91.8 apid=0.0 integ=-0.0 vision=1 current=1 vframe=26721 vs=1 vage=27 vpage=27 vdt=35 vmax=266 vacc=26673 vrej=0 seq=0 elapsed=0 oled=3C
[   2875] STATUS mode=3 fault=none enc=-89 denc=2 sreq=250 sapplied=250 crate=250 uimp=-56265 upos=615 uneg=895 ball=9.26 vball=5.97 aball=106.4 bref=0.00 pid=250.0 pref=32.1 ppos=-81.8 apid=0.0 integ=-0.0 vision=1 current=1 vframe=26722 vs=1 vage=34 vpage=34 vdt=33 vmax=266 vacc=26674 vrej=0 seq=0 elapsed=0 oled=3C
[   2907] STATUS mode=3 fault=none enc=-82 denc=2 sreq=250 sapplied=250 crate=250 uimp=-51265 upos=635 uneg=895 ball=9.82 vball=9.11 aball=106.4 bref=0.00 pid=250.0 pref=49.4 ppos=-76.8 apid=0.0 integ=-0.0 vision=1 current=1 vframe=26723 vs=1 vage=18 vpage=18 vdt=36 vmax=266 vacc=26675 vrej=0 seq=0 elapsed=0 oled=3C
[   2938] STATUS mode=3 fault=none enc=-76 denc=2 sreq=250 sapplied=250 crate=250 uimp=-46265 upos=655 uneg=895 ball=10.42 vball=11.98 aball=103.0 bref=0.00 pid=250.0 pref=65.6 ppos=-71.8 apid=0.0 integ=-0.0 vision=1 current=1 vframe=26724 vs=1 vage=7 vpage=7 vdt=31 vmax=266 vacc=26676 vrej=0 seq=0 elapsed=0 oled=3C
[   2968] STATUS mode=3 fault=none enc=-63 denc=1 sreq=250 sapplied=250 crate=250 uimp=-36265 upos=695 uneg=895 ball=11.20 vball=15.45 aball=103.0 bref=0.00 pid=250.0 pref=65.6 ppos=-61.8 apid=0.0 integ=-0.0 vision=1 current=1 vframe=26725 vs=1 vage=4 vpage=4 vdt=43 vmax=266 vacc=26677 vrej=0 seq=0 elapsed=0 oled=3C
[   2984] STATUS mode=3 fault=none enc=-57 denc=1 sreq=250 sapplied=250 crate=250 uimp=-31265 upos=715 uneg=895 ball=11.20 vball=15.45 aball=103.0 bref=0.00 pid=250.0 pref=85.3 ppos=-56.8 apid=0.0 integ=-0.0 vision=1 current=1 vframe=26725 vs=1 vage=24 vpage=24 vdt=43 vmax=266 vacc=26677 vrej=0 seq=0 elapsed=0 oled=3C
[   3016] STATUS mode=3 fault=none enc=-50 denc=2 sreq=250 sapplied=250 crate=250 uimp=-26265 upos=735 uneg=895 ball=11.94 vball=17.47 aball=103.0 bref=0.00 pid=250.0 pref=97.6 ppos=-51.8 apid=0.0 integ=-0.0 vision=1 current=1 vframe=26726 vs=1 vage=9 vpage=9 vdt=35 vmax=266 vacc=26678 vrej=0 seq=0 elapsed=0 oled=3C
[   3047] STATUS mode=3 fault=none enc=-38 denc=1 sreq=250 sapplied=250 crate=250 uimp=-16265 upos=775 uneg=895 ball=12.46 vball=16.22 aball=77.8 bref=0.00 pid=250.0 pref=92.9 ppos=-41.8 apid=0.0 integ=-0.0 vision=1 current=1 vframe=26728 vs=1 vage=10 vpage=10 vdt=19 vmax=266 vacc=26680 vrej=0 seq=0 elapsed=0 oled=3C
[   3063] STATUS mode=3 fault=none enc=-31 denc=1 sreq=250 sapplied=250 crate=250 uimp=-11265 upos=795 uneg=895 ball=12.46 vball=16.22 aball=77.8 bref=0.00 pid=250.0 pref=92.9 ppos=-36.8 apid=0.0 integ=-0.0 vision=1 current=1 vframe=26728 vs=1 vage=30 vpage=30 vdt=19 vmax=266 vacc=26680 vrej=0 seq=0 elapsed=0 oled=3C
[   3093] STATUS mode=3 fault=none enc=-25 denc=1 sreq=250 sapplied=250 crate=250 uimp=-6265 upos=815 uneg=895 ball=12.84 vball=14.26 aball=77.8 bref=0.00 pid=250.0 pref=84.3 ppos=-31.8 apid=0.0 integ=-0.0 vision=1 current=1 vframe=26729 vs=1 vage=9 vpage=9 vdt=41 vmax=266 vacc=26681 vrej=0 seq=0 elapsed=0 oled=3C
[   3125] STATUS mode=3 fault=none enc=-12 denc=2 sreq=250 sapplied=250 crate=250 uimp=3735 upos=855 uneg=895 ball=13.01 vball=13.26 aball=77.8 bref=0.00 pid=250.0 pref=79.8 ppos=-21.8 apid=0.0 integ=-0.0 vision=1 current=1 vframe=26737 vs=1 vage=32 vpage=32 vdt=17 vmax=266 vacc=26689 vrej=0 seq=0 elapsed=0 oled=3C
[   3157] STATUS mode=3 fault=none enc=-6 denc=1 sreq=250 sapplied=250 crate=250 uimp=8735 upos=875 uneg=895 ball=13.49 vball=13.69 aball=31.2 bref=0.00 pid=250.0 pref=83.4 ppos=-16.8 apid=0.0 integ=-0.0 vision=1 current=1 vframe=26738 vs=1 vage=17 vpage=17 vdt=35 vmax=266 vacc=26690 vrej=0 seq=0 elapsed=0 oled=3C
[   3172] STATUS mode=3 fault=none enc=1 denc=2 sreq=250 sapplied=250 crate=250 uimp=13735 upos=895 uneg=895 ball=13.89 vball=14.39 aball=31.2 bref=0.00 pid=250.0 pref=88.1 ppos=-11.8 apid=0.0 integ=-0.0 vision=1 current=1 vframe=26739 vs=1 vage=18 vpage=18 vdt=19 vmax=266 vacc=26691 vrej=0 seq=0 elapsed=0 oled=3C
[   3202] STATUS mode=3 fault=none enc=15 denc=2 sreq=250 sapplied=250 crate=250 uimp=23735 upos=935 uneg=895 ball=14.85 vball=14.91 aball=31.2 bref=0.00 pid=250.0 pref=90.5 ppos=-1.8 apid=0.0 integ=-0.0 vision=1 current=1 vframe=26741 vs=1 vage=4 vpage=4 vdt=33 vmax=266 vacc=26693 vrej=0 seq=0 elapsed=0 oled=3C
[   3234] STATUS mode=3 fault=none enc=21 denc=2 sreq=250 sapplied=250 crate=250 uimp=28735 upos=955 uneg=895 ball=14.85 vball=14.91 aball=31.2 bref=0.00 pid=250.0 pref=93.5 ppos=3.2 apid=0.0 integ=-0.0 vision=1 current=1 vframe=26741 vs=1 vage=24 vpage=24 vdt=33 vmax=266 vacc=26693 vrej=0 seq=0 elapsed=0 oled=3C
[   3250] STATUS mode=3 fault=none enc=27 denc=2 sreq=250 sapplied=250 crate=250 uimp=33735 upos=975 uneg=895 ball=15.18 vball=13.58 aball=16.7 bref=0.00 pid=250.0 pref=87.9 ppos=8.2 apid=0.0 integ=-0.0 vision=1 current=1 vframe=26742 vs=1 vage=10 vpage=10 vdt=34 vmax=266 vacc=26694 vrej=0 seq=0 elapsed=0 oled=3C
[   3282] STATUS mode=3 fault=none enc=40 denc=2 sreq=250 sapplied=250 crate=250 uimp=43735 upos=1015 uneg=895 ball=15.35 vball=10.93 aball=16.7 bref=0.00 pid=250.0 pref=75.1 ppos=18.2 apid=0.0 integ=-0.0 vision=1 current=1 vframe=26743 vs=1 vage=16 vpage=16 vdt=34 vmax=266 vacc=26695 vrej=0 seq=0 elapsed=0 oled=3C
[   3313] STATUS mode=3 fault=none enc=46 denc=1 sreq=250 sapplied=250 crate=250 uimp=48735 upos=1035 uneg=895 ball=15.35 vball=7.64 aball=16.7 bref=0.00 pid=250.0 pref=75.1 ppos=23.2 apid=0.0 integ=-0.0 vision=1 current=1 vframe=26744 vs=1 vage=3 vpage=3 vdt=33 vmax=266 vacc=26696 vrej=0 seq=0 elapsed=0 oled=3C
[   3327] STATUS mode=3 fault=none enc=54 denc=3 sreq=250 sapplied=250 crate=250 uimp=53735 upos=1055 uneg=895 ball=15.35 vball=7.64 aball=16.7 bref=0.00 pid=250.0 pref=58.7 ppos=28.2 apid=0.0 integ=-0.0 vision=1 current=1 vframe=26744 vs=1 vage=23 vpage=23 vdt=33 vmax=266 vacc=26696 vrej=0 seq=0 elapsed=0 oled=3C
[   3359] STATUS mode=3 fault=none enc=62 denc=1 sreq=108 sapplied=108 crate=108 uimp=60685 upos=1095 uneg=895 ball=15.32 vball=5.10 aball=-29.0 bref=0.00 pid=107.7 pref=45.9 ppos=35.1 apid=-0.0 integ=-0.0 vision=1 current=1 vframe=26745 vs=1 vage=30 vpage=30 vdt=33 vmax=266 vacc=26697 vrej=0 seq=0 elapsed=0 oled=3C
[   3391] STATUS mode=3 fault=none enc=63 denc=0 sreq=0 sapplied=0 crate=13 uimp=61735 upos=1105 uneg=895 ball=15.30 vball=3.43 aball=-29.0 bref=0.00 pid=13.1 pref=37.5 ppos=36.2 apid=-0.0 integ=-0.0 vision=1 current=1 vframe=26746 vs=1 vage=16 vpage=16 vdt=34 vmax=266 vacc=26698 vrej=0 seq=0 elapsed=0 oled=3C
[   3422] STATUS mode=3 fault=none enc=63 denc=0 sreq=0 sapplied=0 crate=13 uimp=61735 upos=1105 uneg=895 ball=15.32 vball=2.56 aball=-29.0 bref=0.00 pid=13.1 pref=37.5 ppos=36.2 apid=-0.0 integ=-0.0 vision=1 current=1 vframe=26747 vs=1 vage=2 vpage=2 vdt=34 vmax=266 vacc=26699 vrej=0 seq=0 elapsed=0 oled=3C
[   3438] STATUS mode=3 fault=none enc=62 denc=-1 sreq=-38 sapplied=-38 crate=-38 uimp=60860 upos=1105 uneg=925 ball=15.36 vball=2.20 aball=-29.0 bref=0.00 pid=-37.8 pref=31.5 ppos=35.3 apid=-0.0 integ=-0.0 vision=1 current=1 vframe=26748 vs=1 vage=10 vpage=10 vdt=32 vmax=266 vacc=26700 vrej=0 seq=0 elapsed=0 oled=3C
[   3468] STATUS mode=3 fault=none enc=62 denc=0 sreq=-31 sapplied=-31 crate=-31 uimp=60160 upos=1105 uneg=945 ball=15.36 vball=2.20 aball=-29.0 bref=0.00 pid=-30.8 pref=31.5 ppos=34.6 apid=-0.0 integ=-0.0 vision=1 current=1 vframe=26748 vs=1 vage=30 vpage=30 vdt=32 vmax=266 vacc=26700 vrej=0 seq=0 elapsed=0 oled=3C
[   3500] STATUS mode=3 fault=none enc=61 denc=0 sreq=-250 sapplied=-250 crate=-250 uimp=58070 upos=1105 uneg=965 ball=14.92 vball=-2.33 aball=-29.0 bref=0.00 pid=-249.6 pref=7.5 ppos=32.5 apid=-0.0 integ=-0.0 vision=1 current=1 vframe=26749 vs=1 vage=16 vpage=16 vdt=34 vmax=266 vacc=26701 vrej=0 seq=0 elapsed=0 oled=3C
[   3516] STATUS mode=3 fault=none enc=49 denc=-2 sreq=-250 sapplied=-250 crate=-250 uimp=48440 upos=1105 uneg=1005 ball=14.50 vball=-5.31 aball=-29.0 bref=0.00 pid=-250.0 pref=-8.6 ppos=22.9 apid=-0.0 integ=-0.0 vision=1 current=1 vframe=26750 vs=1 vage=25 vpage=25 vdt=31 vmax=266 vacc=26702 vrej=0 seq=0 elapsed=0 oled=3C
[   3547] STATUS mode=3 fault=none enc=43 denc=-1 sreq=-250 sapplied=-250 crate=-250 uimp=43440 upos=1105 uneg=1025 ball=13.45 vball=-12.34 aball=-79.5 bref=0.00 pid=-250.0 pref=-46.9 ppos=17.9 apid=-0.0 integ=-0.0 vision=1 current=1 vframe=26751 vs=1 vage=7 vpage=7 vdt=38 vmax=266 vacc=26703 vrej=0 seq=0 elapsed=0 oled=3C
[   3577] STATUS mode=3 fault=none enc=36 denc=-1 sreq=-250 sapplied=-250 crate=-250 uimp=38440 upos=1105 uneg=1045 ball=13.45 vball=-12.34 aball=-79.5 bref=0.00 pid=-250.0 pref=-46.9 ppos=12.9 apid=-0.0 integ=-0.0 vision=1 current=1 vframe=26751 vs=1 vage=27 vpage=27 vdt=38 vmax=266 vacc=26703 vrej=0 seq=0 elapsed=0 oled=3C
[   3609] STATUS mode=3 fault=none enc=24 denc=-1 sreq=-250 sapplied=-250 crate=-250 uimp=28440 upos=1105 uneg=1085 ball=12.02 vball=-17.18 aball=-79.5 bref=0.00 pid=-250.0 pref=-62.5 ppos=2.9 apid=-0.0 integ=-0.0 vision=1 current=1 vframe=26753 vs=1 vage=4 vpage=4 vdt=34 vmax=266 vacc=26705 vrej=0 seq=0 elapsed=0 oled=3C
[   3641] STATUS mode=3 fault=none enc=17 denc=-2 sreq=-250 sapplied=-250 crate=-250 uimp=23440 upos=1105 uneg=1105 ball=12.02 vball=-17.18 aball=-79.5 bref=0.00 pid=-250.0 pref=-75.4 ppos=-2.1 apid=-0.0 integ=-0.0 vision=1 current=1 vframe=26753 vs=1 vage=24 vpage=24 vdt=34 vmax=266 vacc=26705 vrej=0 seq=0 elapsed=0 oled=3C
[   3657] STATUS mode=3 fault=none enc=4 denc=-1 sreq=-250 sapplied=-250 crate=-250 uimp=13440 upos=1105 uneg=1145 ball=11.61 vball=-15.65 aball=-59.2 bref=0.00 pid=-250.0 pref=-69.0 ppos=-12.1 apid=-0.0 integ=-0.0 vision=1 current=1 vframe=26754 vs=1 vage=31 vpage=31 vdt=33 vmax=266 vacc=26706 vrej=0 seq=0 elapsed=0 oled=3C
[   3688] STATUS mode=3 fault=none enc=-3 denc=-2 sreq=-250 sapplied=-250 crate=-250 uimp=8440 upos=1105 uneg=1165 ball=11.37 vball=-13.32 aball=-59.2 bref=0.00 pid=-250.0 pref=-58.1 ppos=-17.1 apid=-0.0 integ=-0.0 vision=1 current=1 vframe=26755 vs=1 vage=17 vpage=17 vdt=34 vmax=266 vacc=26707 vrej=0 seq=0 elapsed=0 oled=3C
[   3718] STATUS mode=3 fault=none enc=-10 denc=-2 sreq=-250 sapplied=-250 crate=-250 uimp=3440 upos=1105 uneg=1185 ball=10.16 vball=-20.72 aball=-59.2 bref=0.00 pid=-250.0 pref=-58.1 ppos=-22.1 apid=-0.0 integ=-0.0 vision=1 current=1 vframe=26756 vs=1 vage=3 vpage=3 vdt=34 vmax=266 vacc=26708 vrej=0 seq=0 elapsed=0 oled=3C
[   3750] STATUS mode=3 fault=none enc=-22 denc=-2 sreq=-250 sapplied=-250 crate=-250 uimp=-6560 upos=1105 uneg=1225 ball=9.18 vball=-22.94 aball=-64.4 bref=0.00 pid=-250.0 pref=-112.7 ppos=-32.1 apid=-0.0 integ=-0.0 vision=1 current=1 vframe=26757 vs=1 vage=8 vpage=8 vdt=35 vmax=266 vacc=26709 vrej=0 seq=0 elapsed=0 oled=3C
[   3766] STATUS mode=3 fault=none enc=-29 denc=-2 sreq=-250 sapplied=-250 crate=-250 uimp=-11560 upos=1105 uneg=1245 ball=9.18 vball=-22.94 aball=-64.4 bref=0.00 pid=-250.0 pref=-112.7 ppos=-37.1 apid=-0.0 integ=-0.0 vision=1 current=1 vframe=26757 vs=1 vage=28 vpage=28 vdt=35 vmax=266 vacc=26709 vrej=0 seq=0 elapsed=0 oled=3C
[   3797] STATUS mode=3 fault=none enc=-35 denc=-2 sreq=-250 sapplied=-250 crate=-250 uimp=-16560 upos=1105 uneg=1265 ball=8.40 vball=-23.40 aball=-64.4 bref=0.00 pid=-250.0 pref=-117.4 ppos=-42.1 apid=-0.0 integ=-0.0 vision=1 current=1 vframe=26758 vs=1 vage=17 vpage=17 vdt=31 vmax=266 vacc=26710 vrej=0 seq=0 elapsed=0 oled=3C
[   3827] STATUS mode=3 fault=none enc=-48 denc=-2 sreq=-250 sapplied=-250 crate=-250 uimp=-26560 upos=1105 uneg=1305 ball=7.22 vball=-26.50 aball=-64.4 bref=0.00 pid=-250.0 pref=-136.4 ppos=-52.1 apid=-0.0 integ=-0.0 vision=1 current=1 vframe=26759 vs=1 vage=23 vpage=23 vdt=34 vmax=266 vacc=26711 vrej=0 seq=0 elapsed=0 oled=3C
[   3859] STATUS mode=3 fault=none enc=-54 denc=-1 sreq=-250 sapplied=-250 crate=-250 uimp=-31560 upos=1105 uneg=1325 ball=6.57 vball=-24.40 aball=-42.1 bref=0.00 pid=-250.0 pref=-127.9 ppos=-57.1 apid=-0.0 integ=-0.0 vision=1 current=1 vframe=26760 vs=1 vage=9 vpage=9 vdt=34 vmax=266 vacc=26712 vrej=0 seq=0 elapsed=0 oled=3C
[   3891] STATUS mode=3 fault=none enc=-67 denc=-2 sreq=-250 sapplied=-250 crate=-250 uimp=-41560 upos=1105 uneg=1365 ball=5.98 vball=-22.52 aball=-42.1 bref=0.00 pid=-250.0 pref=-120.2 ppos=-67.1 apid=-0.0 integ=-0.0 vision=1 current=1 vframe=26761 vs=1 vage=16 vpage=16 vdt=33 vmax=266 vacc=26713 vrej=0 seq=0 elapsed=0 oled=3C
[   3907] STATUS mode=3 fault=none enc=-73 denc=-2 sreq=-250 sapplied=-250 crate=-250 uimp=-46560 upos=1105 uneg=1385 ball=5.21 vball=-22.62 aball=-42.1 bref=0.00 pid=-250.0 pref=-120.2 ppos=-72.1 apid=-0.0 integ=-0.0 vision=1 current=1 vframe=26762 vs=1 vage=3 vpage=3 vdt=33 vmax=266 vacc=26714 vrej=0 seq=0 elapsed=0 oled=3C
[   3938] STATUS mode=3 fault=none enc=-80 denc=-2 sreq=-250 sapplied=-250 crate=-250 uimp=-51560 upos=1105 uneg=1405 ball=5.21 vball=-22.62 aball=-42.1 bref=0.00 pid=-250.0 pref=-123.0 ppos=-77.1 apid=-0.0 integ=-0.0 vision=1 current=1 vframe=26762 vs=1 vage=23 vpage=23 vdt=33 vmax=266 vacc=26714 vrej=0 seq=0 elapsed=0 oled=3C
[   3968] STATUS mode=3 fault=none enc=-92 denc=-1 sreq=-192 sapplied=-192 crate=-192 uimp=-60945 upos=1105 uneg=1445 ball=4.87 vball=-18.96 aball=1.1 bref=0.00 pid=-192.5 pref=-105.8 ppos=-86.5 apid=0.0 integ=-0.0 vision=1 current=1 vframe=26763 vs=1 vage=28 vpage=28 vdt=35 vmax=266 vacc=26715 vrej=0 seq=0 elapsed=0 oled=3C
[   4000] STATUS mode=3 fault=none enc=-97 denc=-1 sreq=-174 sapplied=-174 crate=-174 uimp=-64700 upos=1105 uneg=1465 ball=4.23 vball=-18.96 aball=1.1 bref=0.00 pid=-174.1 pref=-107.7 ppos=-90.3 apid=0.0 integ=-0.0 vision=1 current=1 vframe=26764 vs=1 vage=17 vpage=17 vdt=31 vmax=266 vacc=26716 vrej=0 seq=0 elapsed=0 oled=3C
[   4016] STATUS mode=3 fault=none enc=-101 denc=0 sreq=-32 sapplied=-32 crate=-32 uimp=-69195 upos=1105 uneg=1505 ball=3.84 vball=-16.79 aball=1.1 bref=0.00 pid=-32.4 pref=-98.0 ppos=-94.8 apid=0.0 integ=-0.0 vision=1 current=1 vframe=26765 vs=1 vage=24 vpage=24 vdt=33 vmax=266 vacc=26717 vrej=0 seq=0 elapsed=0 oled=3C
[   4047] STATUS mode=3 fault=none enc=-103 denc=-2 sreq=164 sapplied=164 crate=164 uimp=-69655 upos=1105 uneg=1520 ball=3.71 vball=-12.88 aball=28.5 bref=0.00 pid=163.8 pref=-78.8 ppos=-95.2 apid=0.0 integ=-0.0 vision=1 current=1 vframe=26766 vs=1 vage=10 vpage=10 vdt=34 vmax=266 vacc=26718 vrej=0 seq=0 elapsed=0 oled=3C
[   4077] STATUS mode=3 fault=none enc=-100 denc=1 sreq=133 sapplied=133 crate=133 uimp=-66615 upos=1125 uneg=1520 ball=3.71 vball=-12.88 aball=28.5 bref=0.00 pid=133.5 pref=-78.8 ppos=-92.2 apid=0.0 integ=-0.0 vision=1 current=1 vframe=26766 vs=1 vage=30 vpage=30 vdt=34 vmax=266 vacc=26718 vrej=0 seq=0 elapsed=0 oled=3C
[   4109] STATUS mode=3 fault=none enc=-88 denc=2 sreq=137 sapplied=137 crate=137 uimp=-57350 upos=1165 uneg=1520 ball=3.74 vball=-6.15 aball=28.5 bref=0.00 pid=0.0 pref=-82.9 ppos=-82.9 apid=0.0 integ=0.0 vision=1 current=1 vframe=26768 vs=1 vage=7 vpage=7 vdt=32 vmax=266 vacc=26720 vrej=0 seq=0 elapsed=0 oled=3C
[   4125] STATUS mode=3 fault=none enc=-86 denc=-1 sreq=0 sapplied=0 crate=0 uimp=-56480 upos=1175 uneg=1520 ball=3.74 vball=-6.15 aball=28.5 bref=0.00 pid=0.0 pref=-82.9 ppos=-82.0 apid=0.0 integ=0.0 vision=1 current=1 vframe=26768 vs=1 vage=27 vpage=27 vdt=32 vmax=266 vacc=26720 vrej=0 seq=0 elapsed=0 oled=3C
[   4157] STATUS mode=3 fault=none enc=-86 denc=0 sreq=0 sapplied=0 crate=0 uimp=-56480 upos=1175 uneg=1520 ball=3.69 vball=-4.75 aball=53.8 bref=0.00 pid=0.0 pref=-82.0 ppos=-82.0 apid=0.0 integ=0.0 vision=1 current=1 vframe=26769 vs=1 vage=14 vpage=14 vdt=33 vmax=266 vacc=26721 vrej=0 seq=0 elapsed=0 oled=3C
[   4188] STATUS mode=3 fault=none enc=-86 denc=0 sreq=0 sapplied=0 crate=0 uimp=-56480 upos=1175 uneg=1520 ball=3.69 vball=-3.31 aball=53.8 bref=0.00 pid=0.0 pref=-82.0 ppos=-82.0 apid=0.0 integ=0.0 vision=1 current=1 vframe=26770 vs=1 vage=20 vpage=20 vdt=34 vmax=266 vacc=26722 vrej=0 seq=0 elapsed=0 oled=3C
[   4202] STATUS mode=3 fault=none enc=-86 denc=0 sreq=0 sapplied=0 crate=0 uimp=-56480 upos=1175 uneg=1520 ball=3.71 vball=-2.15 aball=53.8 bref=0.00 pid=0.0 pref=-82.0 ppos=-82.0 apid=0.0 integ=0.0 vision=1 current=1 vframe=26771 vs=1 vage=6 vpage=6 vdt=34 vmax=266 vacc=26723 vrej=0 seq=0 elapsed=0 oled=3C
[   4234] STATUS mode=3 fault=none enc=-86 denc=0 sreq=0 sapplied=0 crate=0 uimp=-56480 upos=1175 uneg=1520 ball=3.71 vball=-2.15 aball=53.8 bref=0.00 pid=0.0 pref=-82.0 ppos=-82.0 apid=0.0 integ=0.0 vision=1 current=1 vframe=26771 vs=1 vage=26 vpage=26 vdt=34 vmax=266 vacc=26723 vrej=0 seq=0 elapsed=0 oled=3C
[   4266] STATUS mode=3 fault=none enc=-86 denc=0 sreq=0 sapplied=0 crate=0 uimp=-56480 upos=1175 uneg=1520 ball=3.77 vball=-1.02 aball=46.2 bref=0.00 pid=0.0 pref=-82.0 ppos=-82.0 apid=0.0 integ=0.0 vision=1 current=1 vframe=26772 vs=1 vage=33 vpage=33 vdt=33 vmax=266 vacc=26724 vrej=0 seq=0 elapsed=0 oled=3C
[   4282] STATUS mode=3 fault=none enc=-86 denc=0 sreq=0 sapplied=0 crate=0 uimp=-56480 upos=1175 uneg=1520 ball=4.00 vball=1.37 aball=46.2 bref=0.00 pid=0.0 pref=-82.0 ppos=-82.0 apid=0.0 integ=0.0 vision=1 current=1 vframe=26773 vs=1 vage=20 vpage=20 vdt=33 vmax=266 vacc=26725 vrej=0 seq=0 elapsed=0 oled=3C
[   4313] STATUS mode=3 fault=none enc=-86 denc=0 sreq=0 sapplied=0 crate=0 uimp=-56480 upos=1175 uneg=1520 ball=4.21 vball=2.84 aball=46.2 bref=0.00 pid=0.0 pref=-82.0 ppos=-82.0 apid=0.0 integ=0.0 vision=1 current=1 vframe=26774 vs=1 vage=6 vpage=6 vdt=34 vmax=266 vacc=26726 vrej=0 seq=0 elapsed=0 oled=3C
[   4343] STATUS mode=3 fault=none enc=-86 denc=0 sreq=0 sapplied=0 crate=0 uimp=-56480 upos=1175 uneg=1520 ball=4.21 vball=2.84 aball=46.2 bref=0.00 pid=0.0 pref=-82.0 ppos=-82.0 apid=0.0 integ=0.0 vision=1 current=1 vframe=26774 vs=1 vage=26 vpage=26 vdt=34 vmax=266 vacc=26726 vrej=0 seq=0 elapsed=0 oled=3C
[   4359] STATUS mode=3 fault=none enc=-86 denc=0 sreq=0 sapplied=0 crate=0 uimp=-56480 upos=1175 uneg=1520 ball=4.49 vball=4.39 aball=49.8 bref=0.00 pid=0.0 pref=-82.0 ppos=-82.0 apid=0.0 integ=0.0 vision=1 current=1 vframe=26775 vs=1 vage=33 vpage=33 vdt=33 vmax=266 vacc=26727 vrej=0 seq=0 elapsed=0 oled=3C
[   4359] >>> stop
[   4391] STATUS mode=3 fault=none enc=-83 denc=3 sreq=250 sapplied=250 crate=250 uimp=-53730 upos=1190 uneg=1520 ball=5.61 vball=13.04 aball=49.8 bref=0.00 pid=250.0 pref=-0.0 ppos=-79.3 apid=0.0 integ=-0.0 vision=1 current=1 vframe=26776 vs=1 vage=20 vpage=20 vdt=33 vmax=266 vacc=26728 vrej=0 seq=0 elapsed=0 oled=3C
[   4422] STATUS mode=1 fault=none enc=-78 denc=1 sreq=0 sapplied=0 crate=0 uimp=-49980 upos=1205 uneg=1520 ball=6.16 vball=14.04 aball=0.0 bref=0.00 pid=0.0 pref=-75.5 ppos=-75.5 apid=0.0 integ=0.0 vision=1 current=1 vframe=26777 vs=1 vage=6 vpage=6 vdt=34 vmax=266 vacc=26729 vrej=0 seq=0 elapsed=0 oled=3C
[   4438] STATUS mode=1 fault=none enc=-83 denc=0 sreq=0 sapplied=0 crate=0 uimp=-49980 upos=1205 uneg=1520 ball=6.46 vball=12.57 aball=0.0 bref=0.00 pid=0.0 pref=-75.5 ppos=-75.5 apid=0.0 integ=0.0 vision=1 current=1 vframe=26778 vs=1 vage=13 vpage=13 vdt=33 vmax=266 vacc=26730 vrej=0 seq=0 elapsed=0 oled=3C
[   4468] STATUS mode=1 fault=none enc=-83 denc=0 sreq=0 sapplied=0 crate=0 uimp=-49980 upos=1205 uneg=1520 ball=6.46 vball=12.57 aball=0.0 bref=0.00 pid=0.0 pref=-75.5 ppos=-75.5 apid=0.0 integ=0.0 vision=1 current=1 vframe=26778 vs=1 vage=33 vpage=33 vdt=33 vmax=266 vacc=26730 vrej=0 seq=0 elapsed=0 oled=3C
[   4500] STATUS mode=1 fault=none enc=-83 denc=0 sreq=0 sapplied=0 crate=0 uimp=-49980 upos=1205 uneg=1520 ball=6.84 vball=12.18 aball=0.0 bref=0.00 pid=0.0 pref=-75.5 ppos=-75.5 apid=0.0 integ=0.0 vision=1 current=1 vframe=26779 vs=1 vage=20 vpage=20 vdt=33 vmax=266 vacc=26731 vrej=0 seq=0 elapsed=0 oled=3C
[   4516] STATUS mode=1 fault=none enc=-83 denc=0 sreq=0 sapplied=0 crate=0 uimp=-49980 upos=1205 uneg=1520 ball=7.26 vball=12.67 aball=0.0 bref=0.00 pid=0.0 pref=-75.5 ppos=-75.5 apid=0.0 integ=0.0 vision=1 current=1 vframe=26780 vs=1 vage=25 vpage=25 vdt=35 vmax=266 vacc=26732 vrej=0 seq=0 elapsed=0 oled=3C
[   4547] STATUS mode=1 fault=none enc=-83 denc=0 sreq=0 sapplied=0 crate=0 uimp=-49980 upos=1205 uneg=1520 ball=7.75 vball=13.27 aball=0.0 bref=0.00 pid=0.0 pref=-75.5 ppos=-75.5 apid=0.0 integ=0.0 vision=1 current=1 vframe=26781 vs=1 vage=12 vpage=12 vdt=33 vmax=266 vacc=26733 vrej=0 seq=0 elapsed=0 oled=3C
[   4577] STATUS mode=1 fault=none enc=-83 denc=0 sreq=0 sapplied=0 crate=0 uimp=-49980 upos=1205 uneg=1520 ball=7.75 vball=13.27 aball=0.0 bref=0.00 pid=0.0 pref=-75.5 ppos=-75.5 apid=0.0 integ=0.0 vision=1 current=1 vframe=26781 vs=1 vage=32 vpage=32 vdt=33 vmax=266 vacc=26733 vrej=0 seq=0 elapsed=0 oled=3C
[   4609] STATUS mode=1 fault=none enc=-83 denc=0 sreq=0 sapplied=0 crate=0 uimp=-49980 upos=1205 uneg=1520 ball=9.13 vball=17.61 aball=0.0 bref=0.00 pid=0.0 pref=-75.5 ppos=-75.5 apid=0.0 integ=0.0 vision=1 current=1 vframe=26783 vs=1 vage=6 vpage=6 vdt=33 vmax=266 vacc=26735 vrej=0 seq=0 elapsed=0 oled=3C
[   4625] STATUS mode=1 fault=none enc=-83 denc=0 sreq=0 sapplied=0 crate=0 uimp=-49980 upos=1205 uneg=1520 ball=9.13 vball=17.61 aball=0.0 bref=0.00 pid=0.0 pref=-75.5 ppos=-75.5 apid=0.0 integ=0.0 vision=1 current=1 vframe=26783 vs=1 vage=26 vpage=26 vdt=33 vmax=266 vacc=26735 vrej=0 seq=0 elapsed=0 oled=3C
[   4657] STATUS mode=1 fault=none enc=-83 denc=0 sreq=0 sapplied=0 crate=0 uimp=-49980 upos=1205 uneg=1520 ball=10.24 vball=22.37 aball=0.0 bref=0.00 pid=0.0 pref=-75.5 ppos=-75.5 apid=0.0 integ=0.0 vision=1 current=1 vframe=26784 vs=1 vage=11 vpage=11 vdt=35 vmax=266 vacc=26736 vrej=0 seq=0 elapsed=0 oled=3C
[   4688] STATUS mode=1 fault=none enc=-83 denc=0 sreq=0 sapplied=0 crate=0 uimp=-49980 upos=1205 uneg=1520 ball=11.08 vball=23.25 aball=0.0 bref=0.00 pid=0.0 pref=-75.5 ppos=-75.5 apid=0.0 integ=0.0 vision=1 current=1 vframe=26785 vs=1 vage=20 vpage=20 vdt=31 vmax=266 vacc=26737 vrej=0 seq=0 elapsed=0 oled=3C
[   4702] STATUS mode=1 fault=none enc=-83 denc=0 sreq=0 sapplied=0 crate=0 uimp=-49980 upos=1205 uneg=1520 ball=12.03 vball=25.34 aball=0.0 bref=0.00 pid=0.0 pref=-75.5 ppos=-75.5 apid=0.0 integ=0.0 vision=1 current=1 vframe=26786 vs=1 vage=6 vpage=6 vdt=34 vmax=266 vacc=26738 vrej=0 seq=0 elapsed=0 oled=3C
[   4734] STATUS mode=1 fault=none enc=-83 denc=0 sreq=0 sapplied=0 crate=0 uimp=-49980 upos=1205 uneg=1520 ball=12.03 vball=25.34 aball=0.0 bref=0.00 pid=0.0 pref=-75.5 ppos=-75.5 apid=0.0 integ=0.0 vision=1 current=1 vframe=26786 vs=1 vage=26 vpage=26 vdt=34 vmax=266 vacc=26738 vrej=0 seq=0 elapsed=0 oled=3C
[   4734] >>> stream off
[   4766] STATUS mode=1 fault=none enc=-83 denc=0 sreq=0 sapplied=0 crate=0 uimp=-49980 upos=1205 uneg=1520 ball=12.65 vball=23.11 aball=0.0 bref=0.00 pid=0.0 pref=-75.5 ppos=-75.5 apid=0.0 integ=0.0 vision=1 current=1 vframe=26787 vs=1 vage=12 vpage=12 vdt=34 vmax=266 vacc=26739 vrej=0 seq=0 elapsed=0 oled=3C
[   4766] OK stream off
[   4938] STOP_REASON stable
