[      0] >>> bench on
[      0] OK stepper visual-only bench active; command pose preserved
[    187] >>> clear
[    187] OK fault cleared
[    375] >>> diag reset
[    375] OK actuator diagnostics reset
[    562] >>> gain ball 1.2 0.0 5.0 -1
[    562] OK ball gains kp=1.200 ki=0.000 kd=5.000 sign=-1
[    750] >>> gain accel 0.0
[    750] OK ball acceleration gain ka=0.000
[    937] >>> limit rate 250
[    937] OK ball rate limit=250 steps/s
[   1125] >>> stream on 20
[   1125] OK stream on 20 ms
[   1172] STATUS mode=1 fault=none enc=163 denc=0 sreq=0 sapplied=0 crate=0 uimp=0 upos=0 uneg=0 ball=-134.22 vball=-0.00 aball=0.0 bref=0.00 pid=0.0 pref=113.2 ppos=113.2 apid=0.0 integ=0.0 vision=1 current=1 vframe=25613 vs=1 vage=14 vpage=14 vdt=33 vmax=266 vacc=25568 vrej=0 seq=0 elapsed=0 oled=3C
[   1187] STATUS mode=1 fault=none enc=163 denc=0 sreq=0 sapplied=0 crate=0 uimp=0 upos=0 uneg=0 ball=-134.22 vball=-0.00 aball=0.0 bref=0.00 pid=0.0 pref=113.2 ppos=113.2 apid=0.0 integ=0.0 vision=1 current=1 vframe=25613 vs=1 vage=34 vpage=34 vdt=33 vmax=266 vacc=25568 vrej=0 seq=0 elapsed=0 oled=3C
[   1217] STATUS mode=1 fault=none enc=163 denc=0 sreq=0 sapplied=0 crate=0 uimp=0 upos=0 uneg=0 ball=-134.22 vball=-0.00 aball=0.0 bref=0.00 pid=0.0 pref=113.2 ppos=113.2 apid=0.0 integ=0.0 vision=1 current=1 vframe=25614 vs=1 vage=20 vpage=20 vdt=34 vmax=266 vacc=25569 vrej=0 seq=0 elapsed=0 oled=3C
[   1250] STATUS mode=1 fault=none enc=163 denc=0 sreq=0 sapplied=0 crate=0 uimp=0 upos=0 uneg=0 ball=-134.22 vball=-0.00 aball=0.0 bref=0.00 pid=0.0 pref=113.2 ppos=113.2 apid=0.0 integ=0.0 vision=1 current=1 vframe=25615 vs=1 vage=7 vpage=7 vdt=33 vmax=266 vacc=25570 vrej=0 seq=0 elapsed=0 oled=3C
[   1265] STATUS mode=1 fault=none enc=163 denc=0 sreq=0 sapplied=0 crate=0 uimp=0 upos=0 uneg=0 ball=-134.22 vball=-0.00 aball=0.0 bref=0.00 pid=0.0 pref=113.2 ppos=113.2 apid=0.0 integ=0.0 vision=1 current=1 vframe=25616 vs=1 vage=13 vpage=13 vdt=34 vmax=266 vacc=25571 vrej=0 seq=0 elapsed=0 oled=3C
[   1297] STATUS mode=1 fault=none enc=163 denc=0 sreq=0 sapplied=0 crate=0 uimp=0 upos=0 uneg=0 ball=-134.22 vball=-0.00 aball=0.0 bref=0.00 pid=0.0 pref=113.2 ppos=113.2 apid=0.0 integ=0.0 vision=1 current=1 vframe=25616 vs=1 vage=33 vpage=33 vdt=34 vmax=266 vacc=25571 vrej=0 seq=0 elapsed=0 oled=3C
[   1297] >>> ball 0.0
[   1328] STATUS mode=1 fault=none enc=163 denc=0 sreq=0 sapplied=0 crate=0 uimp=0 upos=0 uneg=0 ball=-134.22 vball=-0.00 aball=0.0 bref=0.00 pid=0.0 pref=113.2 ppos=113.2 apid=0.0 integ=0.0 vision=1 current=1 vframe=25617 vs=1 vage=20 vpage=20 vdt=33 vmax=266 vacc=25572 vrej=0 seq=0 elapsed=0 oled=3C
[   1342] STATUS mode=3 fault=none enc=163 denc=0 sreq=-100 sapplied=-100 crate=-100 uimp=0 upos=0 uneg=0 ball=-134.22 vball=-0.00 aball=0.0 bref=0.00 pid=-100.0 pref=-1086.8 ppos=113.2 apid=0.0 integ=0.0 vision=1 current=1 vframe=25618 vs=1 vage=7 vpage=7 vdt=33 vmax=266 vacc=25573 vrej=0 seq=0 elapsed=0 oled=3C
[   1375] STATUS mode=3 fault=none enc=159 denc=0 sreq=-100 sapplied=-100 crate=-100 uimp=-4000 upos=0 uneg=40 ball=-134.22 vball=-0.00 aball=0.0 bref=0.00 pid=-100.0 pref=-1086.8 ppos=109.2 apid=0.0 integ=0.0 vision=1 current=1 vframe=25619 vs=1 vage=14 vpage=14 vdt=33 vmax=266 vacc=25574 vrej=0 seq=0 elapsed=0 oled=3C
[   1406] STATUS mode=3 fault=none enc=157 denc=1 sreq=-100 sapplied=-100 crate=-100 uimp=-6000 upos=0 uneg=60 ball=-134.22 vball=-0.00 aball=0.0 bref=0.00 pid=-100.0 pref=-1086.8 ppos=107.2 apid=0.0 integ=0.0 vision=1 current=1 vframe=25619 vs=1 vage=34 vpage=34 vdt=33 vmax=266 vacc=25574 vrej=0 seq=0 elapsed=0 oled=3C
[   1422] STATUS mode=3 fault=none enc=154 denc=0 sreq=-100 sapplied=-100 crate=-100 uimp=-8000 upos=0 uneg=80 ball=-134.22 vball=-0.00 aball=0.0 bref=0.00 pid=-100.0 pref=-1086.8 ppos=105.2 apid=0.0 integ=0.0 vision=1 current=1 vframe=25620 vs=1 vage=20 vpage=20 vdt=34 vmax=266 vacc=25575 vrej=0 seq=0 elapsed=0 oled=3C
[   1453] STATUS mode=3 fault=none enc=149 denc=1 sreq=-100 sapplied=-100 crate=-100 uimp=-12000 upos=0 uneg=120 ball=-134.22 vball=-0.00 aball=0.0 bref=0.00 pid=-100.0 pref=-1086.8 ppos=101.2 apid=0.0 integ=0.0 vision=1 current=1 vframe=25621 vs=1 vage=27 vpage=27 vdt=33 vmax=266 vacc=25576 vrej=0 seq=0 elapsed=0 oled=3C
[   1483] STATUS mode=3 fault=none enc=147 denc=1 sreq=-100 sapplied=-100 crate=-100 uimp=-14000 upos=0 uneg=140 ball=-134.22 vball=-0.00 aball=0.0 bref=0.00 pid=-100.0 pref=-1086.8 ppos=99.2 apid=0.0 integ=0.0 vision=1 current=1 vframe=25622 vs=1 vage=13 vpage=13 vdt=34 vmax=266 vacc=25577 vrej=0 seq=0 elapsed=0 oled=3C
[   1515] STATUS mode=3 fault=none enc=142 denc=1 sreq=-100 sapplied=-100 crate=-100 uimp=-18000 upos=0 uneg=180 ball=-134.22 vball=-0.00 aball=0.0 bref=0.00 pid=-100.0 pref=-1086.8 ppos=95.2 apid=0.0 integ=0.0 vision=1 current=1 vframe=25623 vs=1 vage=20 vpage=20 vdt=33 vmax=266 vacc=25578 vrej=0 seq=0 elapsed=0 oled=3C
[   1547] STATUS mode=3 fault=none enc=139 denc=1 sreq=-100 sapplied=-100 crate=-100 uimp=-20000 upos=0 uneg=200 ball=-134.22 vball=-0.00 aball=0.0 bref=0.00 pid=-100.0 pref=-1086.8 ppos=93.2 apid=0.0 integ=0.0 vision=1 current=0 vframe=25624 vs=0 vage=40 vpage=8 vdt=33 vmax=266 vacc=25578 vrej=0 seq=0 elapsed=0 oled=3C
[   1562] STATUS mode=3 fault=none enc=136 denc=0 sreq=-100 sapplied=-100 crate=-100 uimp=-22000 upos=0 uneg=220 ball=-134.22 vball=-0.00 aball=0.0 bref=0.00 pid=-100.0 pref=-1086.8 ppos=91.2 apid=0.0 integ=0.0 vision=1 current=0 vframe=25624 vs=0 vage=60 vpage=28 vdt=33 vmax=266 vacc=25578 vrej=0 seq=0 elapsed=0 oled=3C
[   1592] STATUS mode=3 fault=none enc=131 denc=0 sreq=-100 sapplied=-100 crate=-100 uimp=-26000 upos=0 uneg=260 ball=-134.22 vball=-0.00 aball=0.0 bref=0.00 pid=-100.0 pref=-1086.8 ppos=87.2 apid=0.0 integ=0.0 vision=1 current=1 vframe=25625 vs=1 vage=33 vpage=33 vdt=67 vmax=266 vacc=25579 vrej=0 seq=0 elapsed=0 oled=3C
[   1625] STATUS mode=3 fault=none enc=128 denc=0 sreq=-100 sapplied=-100 crate=-100 uimp=-28000 upos=0 uneg=280 ball=-130.96 vball=27.57 aball=0.0 bref=0.00 pid=-100.0 pref=-1086.8 ppos=85.2 apid=0.0 integ=0.0 vision=1 current=1 vframe=25626 vs=1 vage=20 vpage=20 vdt=33 vmax=266 vacc=25580 vrej=0 seq=0 elapsed=0 oled=3C
[   1640] STATUS mode=3 fault=none enc=126 denc=0 sreq=0 sapplied=0 crate=0 uimp=-30000 upos=0 uneg=300 ball=-129.94 vball=28.42 aball=0.0 bref=0.00 pid=0.0 pref=83.2 ppos=83.2 apid=0.0 integ=-0.0 vision=1 current=1 vframe=25627 vs=1 vage=6 vpage=6 vdt=34 vmax=266 vacc=25581 vrej=0 seq=0 elapsed=0 oled=3C
[   1672] STATUS mode=3 fault=none enc=125 denc=0 sreq=-100 sapplied=-100 crate=-100 uimp=-30500 upos=0 uneg=305 ball=-129.72 vball=21.86 aball=98.4 bref=0.00 pid=-100.0 pref=-1103.0 ppos=82.7 apid=0.0 integ=0.0 vision=1 current=1 vframe=25628 vs=1 vage=13 vpage=13 vdt=33 vmax=266 vacc=25582 vrej=0 seq=0 elapsed=0 oled=3C
[   1703] STATUS mode=3 fault=none enc=122 denc=-1 sreq=-100 sapplied=-100 crate=-100 uimp=-32500 upos=0 uneg=325 ball=-129.72 vball=21.86 aball=98.4 bref=0.00 pid=-100.0 pref=-1103.0 ppos=80.7 apid=0.0 integ=0.0 vision=1 current=1 vframe=25628 vs=1 vage=33 vpage=33 vdt=33 vmax=266 vacc=25582 vrej=0 seq=0 elapsed=0 oled=3C
[   1733] STATUS mode=3 fault=none enc=120 denc=-1 sreq=0 sapplied=0 crate=0 uimp=-33000 upos=0 uneg=330 ball=-129.77 vball=14.97 aball=98.4 bref=0.00 pid=0.0 pref=80.2 ppos=80.2 apid=0.0 integ=-0.0 vision=1 current=1 vframe=25629 vs=1 vage=20 vpage=20 vdt=33 vmax=266 vacc=25583 vrej=0 seq=0 elapsed=0 oled=3C
[   1750] STATUS mode=3 fault=none enc=119 denc=0 sreq=-100 sapplied=-100 crate=-100 uimp=-35000 upos=0 uneg=350 ball=-129.87 vball=9.69 aball=98.4 bref=0.00 pid=-100.0 pref=-1039.0 ppos=78.2 apid=0.0 integ=0.0 vision=1 current=1 vframe=25630 vs=1 vage=26 vpage=26 vdt=34 vmax=266 vacc=25584 vrej=0 seq=0 elapsed=0 oled=3C
[   1781] STATUS mode=3 fault=none enc=117 denc=1 sreq=-100 sapplied=-100 crate=-100 uimp=-37000 upos=0 uneg=370 ball=-129.95 vball=6.09 aball=-16.9 bref=0.00 pid=-100.0 pref=-1039.0 ppos=76.2 apid=-0.0 integ=0.0 vision=1 current=1 vframe=25631 vs=1 vage=13 vpage=13 vdt=33 vmax=266 vacc=25585 vrej=0 seq=0 elapsed=0 oled=3C
[   1812] STATUS mode=3 fault=none enc=114 denc=0 sreq=-100 sapplied=-100 crate=-100 uimp=-39000 upos=0 uneg=390 ball=-129.95 vball=6.09 aball=-16.9 bref=0.00 pid=-100.0 pref=-1039.0 ppos=74.2 apid=-0.0 integ=0.0 vision=1 current=1 vframe=25631 vs=1 vage=33 vpage=33 vdt=33 vmax=266 vacc=25585 vrej=0 seq=0 elapsed=0 oled=3C
[   1842] STATUS mode=3 fault=none enc=109 denc=0 sreq=-100 sapplied=-100 crate=-100 uimp=-43000 upos=0 uneg=430 ball=-130.02 vball=2.60 aball=-16.9 bref=0.00 pid=-100.0 pref=-1039.0 ppos=70.2 apid=-0.0 integ=0.0 vision=1 current=1 vframe=25633 vs=1 vage=8 vpage=8 vdt=31 vmax=266 vacc=25587 vrej=0 seq=0 elapsed=0 oled=3C
[   1858] STATUS mode=3 fault=none enc=107 denc=0 sreq=-100 sapplied=-100 crate=-100 uimp=-45000 upos=0 uneg=450 ball=-130.02 vball=2.60 aball=-16.9 bref=0.00 pid=-100.0 pref=-1039.0 ppos=68.2 apid=-0.0 integ=0.0 vision=1 current=1 vframe=25633 vs=1 vage=28 vpage=28 vdt=31 vmax=266 vacc=25587 vrej=0 seq=0 elapsed=0 oled=3C
[   1890] STATUS mode=3 fault=none enc=102 denc=1 sreq=-100 sapplied=-100 crate=-100 uimp=-49000 upos=0 uneg=490 ball=-130.03 vball=1.21 aball=-28.6 bref=0.00 pid=-100.0 pref=-1039.0 ppos=64.2 apid=-0.0 integ=0.0 vision=1 current=1 vframe=25635 vs=1 vage=1 vpage=1 vdt=32 vmax=266 vacc=25589 vrej=0 seq=0 elapsed=0 oled=3C
[   1922] STATUS mode=3 fault=none enc=99 denc=1 sreq=-100 sapplied=-100 crate=-100 uimp=-51000 upos=0 uneg=510 ball=-130.03 vball=1.21 aball=-28.6 bref=0.00 pid=-100.0 pref=-1039.0 ppos=62.2 apid=-0.0 integ=0.0 vision=1 current=1 vframe=25635 vs=1 vage=21 vpage=21 vdt=32 vmax=266 vacc=25589 vrej=0 seq=0 elapsed=0 oled=3C
[   1953] STATUS mode=3 fault=none enc=97 denc=1 sreq=-100 sapplied=-100 crate=-100 uimp=-53000 upos=0 uneg=530 ball=-130.02 vball=0.99 aball=-28.6 bref=0.00 pid=-100.0 pref=-1039.0 ppos=60.2 apid=-0.0 integ=0.0 vision=1 current=1 vframe=25636 vs=1 vage=7 vpage=7 vdt=34 vmax=266 vacc=25590 vrej=0 seq=0 elapsed=0 oled=3C
[   1967] STATUS mode=3 fault=none enc=91 denc=0 sreq=-100 sapplied=-100 crate=-100 uimp=-57000 upos=0 uneg=570 ball=-130.01 vball=0.80 aball=-20.2 bref=0.00 pid=-100.0 pref=-1039.0 ppos=56.2 apid=-0.0 integ=0.0 vision=1 current=1 vframe=25637 vs=1 vage=14 vpage=14 vdt=33 vmax=266 vacc=25591 vrej=0 seq=0 elapsed=0 oled=3C
[   2000] STATUS mode=3 fault=none enc=89 denc=1 sreq=-100 sapplied=-100 crate=-100 uimp=-59000 upos=0 uneg=590 ball=-130.01 vball=0.80 aball=-20.2 bref=0.00 pid=-100.0 pref=-1039.0 ppos=54.2 apid=-0.0 integ=0.0 vision=1 current=1 vframe=25637 vs=1 vage=34 vpage=34 vdt=33 vmax=266 vacc=25591 vrej=0 seq=0 elapsed=0 oled=3C
[   2031] STATUS mode=3 fault=none enc=86 denc=0 sreq=-100 sapplied=-100 crate=-100 uimp=-61000 upos=0 uneg=610 ball=-130.03 vball=0.39 aball=-20.2 bref=0.00 pid=-100.0 pref=-1039.0 ppos=52.2 apid=-0.0 integ=0.0 vision=1 current=1 vframe=25638 vs=1 vage=19 vpage=19 vdt=35 vmax=266 vacc=25592 vrej=0 seq=0 elapsed=0 oled=3C
[   2062] STATUS mode=3 fault=none enc=81 denc=1 sreq=-100 sapplied=-100 crate=-100 uimp=-65000 upos=0 uneg=650 ball=-130.10 vball=-0.42 aball=-20.2 bref=0.00 pid=-100.0 pref=-1039.0 ppos=48.2 apid=-0.0 integ=0.0 vision=1 current=1 vframe=25639 vs=1 vage=27 vpage=27 vdt=32 vmax=266 vacc=25593 vrej=0 seq=0 elapsed=0 oled=3C
[   2078] STATUS mode=3 fault=none enc=78 denc=1 sreq=-100 sapplied=-100 crate=-100 uimp=-67000 upos=0 uneg=670 ball=-130.16 vball=-0.81 aball=-18.4 bref=0.00 pid=-100.0 pref=-1039.0 ppos=46.2 apid=-0.0 integ=0.0 vision=1 current=1 vframe=25640 vs=1 vage=14 vpage=14 vdt=33 vmax=266 vacc=25594 vrej=0 seq=0 elapsed=0 oled=3C
[   2108] STATUS mode=3 fault=none enc=73 denc=1 sreq=-100 sapplied=-100 crate=-100 uimp=-71000 upos=0 uneg=710 ball=-130.17 vball=-0.61 aball=-18.4 bref=0.00 pid=-100.0 pref=-1039.0 ppos=42.2 apid=-0.0 integ=0.0 vision=1 current=1 vframe=25641 vs=1 vage=20 vpage=20 vdt=34 vmax=266 vacc=25595 vrej=0 seq=0 elapsed=0 oled=3C
[   2140] STATUS mode=3 fault=none enc=70 denc=1 sreq=-100 sapplied=-100 crate=-100 uimp=-73000 upos=0 uneg=730 ball=-130.16 vball=-0.37 aball=-18.4 bref=0.00 pid=-100.0 pref=-1039.0 ppos=40.2 apid=-0.0 integ=0.0 vision=1 current=1 vframe=25642 vs=1 vage=7 vpage=7 vdt=33 vmax=266 vacc=25596 vrej=0 seq=0 elapsed=0 oled=3C
[   2172] STATUS mode=3 fault=none enc=67 denc=0 sreq=-100 sapplied=-100 crate=-100 uimp=-75000 upos=0 uneg=750 ball=-130.16 vball=-0.37 aball=-18.4 bref=0.00 pid=-100.0 pref=-1039.0 ppos=38.2 apid=-0.0 integ=0.0 vision=1 current=1 vframe=25642 vs=1 vage=27 vpage=27 vdt=33 vmax=266 vacc=25596 vrej=0 seq=0 elapsed=0 oled=3C
[   2187] STATUS mode=3 fault=none enc=63 denc=1 sreq=-100 sapplied=-100 crate=-100 uimp=-79000 upos=0 uneg=790 ball=-130.15 vball=-0.15 aball=-7.1 bref=0.00 pid=-100.0 pref=-1039.0 ppos=34.2 apid=-0.0 integ=0.0 vision=1 current=1 vframe=25643 vs=1 vage=34 vpage=34 vdt=33 vmax=266 vacc=25597 vrej=0 seq=0 elapsed=0 oled=3C
[   2217] STATUS mode=3 fault=none enc=60 denc=0 sreq=-100 sapplied=-100 crate=-100 uimp=-81000 upos=0 uneg=810 ball=-130.12 vball=0.12 aball=-7.1 bref=0.00 pid=-100.0 pref=-1039.0 ppos=32.2 apid=-0.0 integ=0.0 vision=1 current=1 vframe=25644 vs=1 vage=19 vpage=19 vdt=35 vmax=266 vacc=25598 vrej=0 seq=0 elapsed=0 oled=3C
[   2250] STATUS mode=3 fault=none enc=58 denc=1 sreq=-100 sapplied=-100 crate=-100 uimp=-83000 upos=0 uneg=830 ball=-130.11 vball=0.16 aball=-7.1 bref=0.00 pid=-100.0 pref=-1039.0 ppos=30.2 apid=-0.0 integ=0.0 vision=1 current=1 vframe=25645 vs=1 vage=8 vpage=8 vdt=31 vmax=266 vacc=25599 vrej=0 seq=0 elapsed=0 oled=3C
[   2281] STATUS mode=3 fault=none enc=52 denc=0 sreq=-100 sapplied=-100 crate=-100 uimp=-87000 upos=0 uneg=870 ball=-130.11 vball=0.13 aball=-2.7 bref=0.00 pid=-100.0 pref=-1039.0 ppos=26.2 apid=-0.0 integ=0.0 vision=1 current=1 vframe=25646 vs=1 vage=14 vpage=14 vdt=34 vmax=266 vacc=25600 vrej=0 seq=0 elapsed=0 oled=3C
[   2297] STATUS mode=3 fault=none enc=50 denc=1 sreq=-100 sapplied=-100 crate=-100 uimp=-89000 upos=0 uneg=890 ball=-130.11 vball=0.10 aball=-2.7 bref=0.00 pid=-100.0 pref=-1039.0 ppos=24.2 apid=-0.0 integ=0.0 vision=1 current=1 vframe=25647 vs=1 vage=1 vpage=1 vdt=33 vmax=266 vacc=25601 vrej=0 seq=0 elapsed=0 oled=3C
[   2328] STATUS mode=3 fault=none enc=47 denc=0 sreq=-100 sapplied=-100 crate=-100 uimp=-91000 upos=0 uneg=910 ball=-130.11 vball=0.10 aball=-2.7 bref=0.00 pid=-100.0 pref=-1039.0 ppos=22.2 apid=-0.0 integ=0.0 vision=1 current=1 vframe=25647 vs=1 vage=21 vpage=21 vdt=33 vmax=266 vacc=25601 vrej=0 seq=0 elapsed=0 oled=3C
[   2358] STATUS mode=3 fault=none enc=42 denc=1 sreq=-100 sapplied=-100 crate=-100 uimp=-95000 upos=0 uneg=950 ball=-130.11 vball=0.06 aball=-2.7 bref=0.00 pid=-100.0 pref=-1039.0 ppos=18.2 apid=-0.0 integ=0.0 vision=1 current=1 vframe=25648 vs=1 vage=27 vpage=27 vdt=34 vmax=266 vacc=25602 vrej=0 seq=0 elapsed=0 oled=3C
[   2390] STATUS mode=3 fault=none enc=40 denc=1 sreq=-100 sapplied=-100 crate=-100 uimp=-97000 upos=0 uneg=970 ball=-130.11 vball=0.04 aball=-1.9 bref=0.00 pid=-100.0 pref=-1039.0 ppos=16.2 apid=-0.0 integ=0.0 vision=1 current=1 vframe=25649 vs=1 vage=15 vpage=15 vdt=32 vmax=266 vacc=25603 vrej=0 seq=0 elapsed=0 oled=3C
[   2406] STATUS mode=3 fault=none enc=34 denc=1 sreq=-100 sapplied=-100 crate=-100 uimp=-101000 upos=0 uneg=1010 ball=-130.11 vball=0.03 aball=-1.9 bref=0.00 pid=-100.0 pref=-1039.0 ppos=12.2 apid=-0.0 integ=0.0 vision=1 current=1 vframe=25650 vs=1 vage=21 vpage=21 vdt=34 vmax=266 vacc=25604 vrej=0 seq=0 elapsed=0 oled=3C
[   2437] STATUS mode=3 fault=none enc=32 denc=1 sreq=-100 sapplied=-100 crate=-100 uimp=-103000 upos=0 uneg=1030 ball=-130.11 vball=0.02 aball=-1.9 bref=0.00 pid=-100.0 pref=-1039.0 ppos=10.2 apid=-0.0 integ=0.0 vision=1 current=1 vframe=25651 vs=1 vage=5 vpage=5 vdt=36 vmax=266 vacc=25605 vrej=0 seq=0 elapsed=0 oled=3C
[   2467] STATUS mode=3 fault=none enc=29 denc=1 sreq=-100 sapplied=-100 crate=-100 uimp=-105000 upos=0 uneg=1050 ball=-130.11 vball=0.02 aball=-1.9 bref=0.00 pid=-100.0 pref=-1039.0 ppos=8.2 apid=-0.0 integ=0.0 vision=1 current=1 vframe=25651 vs=1 vage=25 vpage=25 vdt=36 vmax=266 vacc=25605 vrej=0 seq=0 elapsed=0 oled=3C
[   2500] STATUS mode=3 fault=none enc=24 denc=0 sreq=-100 sapplied=-100 crate=-100 uimp=-109000 upos=0 uneg=1090 ball=-130.11 vball=0.01 aball=-1.2 bref=0.00 pid=-100.0 pref=-1039.0 ppos=4.2 apid=-0.0 integ=0.0 vision=1 current=1 vframe=25652 vs=1 vage=34 vpage=34 vdt=31 vmax=266 vacc=25606 vrej=0 seq=0 elapsed=0 oled=3C
[   2515] STATUS mode=3 fault=none enc=22 denc=1 sreq=-100 sapplied=-100 crate=-100 uimp=-111000 upos=0 uneg=1110 ball=-130.11 vball=0.01 aball=-1.2 bref=0.00 pid=-100.0 pref=-1039.0 ppos=2.2 apid=-0.0 integ=0.0 vision=1 current=1 vframe=25653 vs=1 vage=19 vpage=19 vdt=35 vmax=266 vacc=25607 vrej=0 seq=0 elapsed=0 oled=3C
[   2547] STATUS mode=3 fault=none enc=19 denc=1 sreq=-100 sapplied=-100 crate=-100 uimp=-113000 upos=0 uneg=1130 ball=-130.11 vball=0.00 aball=-1.2 bref=0.00 pid=-100.0 pref=-1039.0 ppos=0.2 apid=-0.0 integ=0.0 vision=1 current=1 vframe=25654 vs=1 vage=8 vpage=8 vdt=31 vmax=266 vacc=25608 vrej=0 seq=0 elapsed=0 oled=3C
[   2578] STATUS mode=3 fault=none enc=14 denc=1 sreq=-100 sapplied=-100 crate=-100 uimp=-117000 upos=0 uneg=1170 ball=-130.09 vball=0.23 aball=0.3 bref=0.00 pid=-100.0 pref=-1039.0 ppos=-3.8 apid=0.0 integ=0.0 vision=1 current=1 vframe=25655 vs=1 vage=14 vpage=14 vdt=34 vmax=266 vacc=25609 vrej=0 seq=0 elapsed=0 oled=3C
[   2608] STATUS mode=3 fault=none enc=11 denc=0 sreq=-100 sapplied=-100 crate=-100 uimp=-119000 upos=0 uneg=1190 ball=-130.09 vball=0.23 aball=0.3 bref=0.00 pid=-100.0 pref=-1039.0 ppos=-5.8 apid=0.0 integ=0.0 vision=1 current=1 vframe=25655 vs=1 vage=34 vpage=34 vdt=34 vmax=266 vacc=25609 vrej=0 seq=0 elapsed=0 oled=3C
[   2625] STATUS mode=3 fault=none enc=9 denc=1 sreq=-100 sapplied=-100 crate=-100 uimp=-121000 upos=0 uneg=1210 ball=-130.08 vball=0.23 aball=0.3 bref=0.00 pid=-100.0 pref=-1039.0 ppos=-7.8 apid=0.0 integ=0.0 vision=1 current=1 vframe=25656 vs=1 vage=20 vpage=20 vdt=34 vmax=266 vacc=25610 vrej=0 seq=0 elapsed=0 oled=3C
[   2656] STATUS mode=3 fault=none enc=3 denc=0 sreq=-100 sapplied=-100 crate=-100 uimp=-125000 upos=0 uneg=1250 ball=-130.08 vball=0.18 aball=0.3 bref=0.00 pid=-100.0 pref=-1039.0 ppos=-11.8 apid=0.0 integ=0.0 vision=1 current=1 vframe=25657 vs=1 vage=27 vpage=27 vdt=33 vmax=266 vacc=25611 vrej=0 seq=0 elapsed=0 oled=3C
[   2687] STATUS mode=3 fault=none enc=1 denc=1 sreq=-100 sapplied=-100 crate=-100 uimp=-127000 upos=0 uneg=1270 ball=-130.08 vball=0.07 aball=-0.5 bref=0.00 pid=-100.0 pref=-1039.0 ppos=-13.8 apid=-0.0 integ=0.0 vision=1 current=1 vframe=25658 vs=1 vage=13 vpage=13 vdt=34 vmax=266 vacc=25612 vrej=0 seq=0 elapsed=0 oled=3C
[   2717] STATUS mode=3 fault=none enc=-4 denc=2 sreq=-100 sapplied=-100 crate=-100 uimp=-131000 upos=0 uneg=1310 ball=-130.09 vball=0.00 aball=-0.5 bref=0.00 pid=-100.0 pref=-1039.0 ppos=-17.8 apid=-0.0 integ=0.0 vision=1 current=1 vframe=25659 vs=1 vage=20 vpage=20 vdt=33 vmax=266 vacc=25613 vrej=0 seq=0 elapsed=0 oled=3C
[   2733] STATUS mode=3 fault=none enc=-7 denc=1 sreq=-100 sapplied=-100 crate=-100 uimp=-133000 upos=0 uneg=1330 ball=-129.81 vball=2.34 aball=-0.5 bref=0.00 pid=-100.0 pref=-1039.0 ppos=-19.8 apid=-0.0 integ=0.0 vision=1 current=1 vframe=25660 vs=1 vage=7 vpage=7 vdt=33 vmax=266 vacc=25614 vrej=0 seq=0 elapsed=0 oled=3C
[   2765] STATUS mode=3 fault=none enc=-10 denc=0 sreq=-100 sapplied=-100 crate=-100 uimp=-135000 upos=0 uneg=1350 ball=-129.81 vball=2.34 aball=-0.5 bref=0.00 pid=-100.0 pref=-1039.0 ppos=-21.8 apid=-0.0 integ=0.0 vision=1 current=1 vframe=25660 vs=1 vage=27 vpage=27 vdt=33 vmax=266 vacc=25614 vrej=0 seq=0 elapsed=0 oled=3C
[   2797] STATUS mode=3 fault=none enc=-15 denc=0 sreq=-100 sapplied=-100 crate=-100 uimp=-139000 upos=0 uneg=1390 ball=-129.70 vball=1.95 aball=10.7 bref=0.00 pid=-100.0 pref=-1039.0 ppos=-25.8 apid=0.0 integ=0.0 vision=1 current=1 vframe=25662 vs=1 vage=1 vpage=1 vdt=32 vmax=266 vacc=25616 vrej=0 seq=0 elapsed=0 oled=3C
[   2828] STATUS mode=3 fault=none enc=-18 denc=0 sreq=-100 sapplied=-100 crate=-100 uimp=-141000 upos=0 uneg=1410 ball=-129.70 vball=1.95 aball=10.7 bref=0.00 pid=-100.0 pref=-1039.0 ppos=-27.8 apid=0.0 integ=0.0 vision=1 current=1 vframe=25662 vs=1 vage=21 vpage=21 vdt=32 vmax=266 vacc=25616 vrej=0 seq=0 elapsed=0 oled=3C
[   2842] STATUS mode=3 fault=none enc=-20 denc=0 sreq=-100 sapplied=-100 crate=-100 uimp=-143000 upos=0 uneg=1430 ball=-129.70 vball=1.36 aball=10.7 bref=0.00 pid=-100.0 pref=-1039.0 ppos=-29.8 apid=0.0 integ=0.0 vision=1 current=1 vframe=25663 vs=1 vage=7 vpage=7 vdt=34 vmax=266 vacc=25617 vrej=0 seq=0 elapsed=0 oled=3C
[   2875] STATUS mode=3 fault=none enc=-25 denc=1 sreq=-100 sapplied=-100 crate=-100 uimp=-147000 upos=0 uneg=1470 ball=-129.70 vball=0.89 aball=-1.4 bref=0.00 pid=-100.0 pref=-1039.0 ppos=-33.8 apid=-0.0 integ=0.0 vision=1 current=1 vframe=25664 vs=1 vage=13 vpage=13 vdt=34 vmax=266 vacc=25618 vrej=0 seq=0 elapsed=0 oled=3C
[   2906] STATUS mode=3 fault=none enc=-28 denc=0 sreq=-100 sapplied=-100 crate=-100 uimp=-149000 upos=0 uneg=1490 ball=-129.70 vball=0.89 aball=-1.4 bref=0.00 pid=-100.0 pref=-1039.0 ppos=-35.8 apid=-0.0 integ=0.0 vision=1 current=1 vframe=25664 vs=1 vage=33 vpage=33 vdt=34 vmax=266 vacc=25618 vrej=0 seq=0 elapsed=0 oled=3C
[   2937] STATUS mode=3 fault=none enc=-33 denc=0 sreq=-100 sapplied=-100 crate=-100 uimp=-153000 upos=0 uneg=1530 ball=-129.74 vball=0.19 aball=-1.4 bref=0.00 pid=-100.0 pref=-1039.0 ppos=-39.8 apid=-0.0 integ=0.0 vision=1 current=1 vframe=25666 vs=1 vage=7 vpage=7 vdt=33 vmax=266 vacc=25620 vrej=0 seq=0 elapsed=0 oled=3C
[   2953] STATUS mode=3 fault=none enc=-36 denc=-1 sreq=-100 sapplied=-100 crate=-100 uimp=-155000 upos=0 uneg=1550 ball=-129.74 vball=0.19 aball=-1.4 bref=0.00 pid=-100.0 pref=-1039.0 ppos=-41.8 apid=-0.0 integ=0.0 vision=1 current=1 vframe=25666 vs=1 vage=27 vpage=27 vdt=33 vmax=266 vacc=25620 vrej=0 seq=0 elapsed=0 oled=3C
[   2983] STATUS mode=3 fault=none enc=-38 denc=0 sreq=-100 sapplied=-100 crate=-100 uimp=-157000 upos=0 uneg=1570 ball=-129.75 vball=0.09 aball=-4.4 bref=0.00 pid=-100.0 pref=-1039.0 ppos=-43.8 apid=-0.0 integ=0.0 vision=1 current=1 vframe=25667 vs=1 vage=13 vpage=13 vdt=34 vmax=266 vacc=25621 vrej=0 seq=0 elapsed=0 oled=3C
[   3015] STATUS mode=3 fault=none enc=-43 denc=0 sreq=-100 sapplied=-100 crate=-100 uimp=-161000 upos=0 uneg=1610 ball=-129.73 vball=0.21 aball=-4.4 bref=0.00 pid=-100.0 pref=-1039.0 ppos=-47.8 apid=-0.0 integ=0.0 vision=1 current=1 vframe=25668 vs=1 vage=19 vpage=19 vdt=34 vmax=266 vacc=25622 vrej=0 seq=0 elapsed=0 oled=3C
[   3047] STATUS mode=3 fault=none enc=-46 denc=0 sreq=-100 sapplied=-100 crate=-100 uimp=-163000 upos=0 uneg=1630 ball=-129.74 vball=0.03 aball=-4.4 bref=0.00 pid=-100.0 pref=-1039.0 ppos=-49.8 apid=-0.0 integ=0.0 vision=1 current=1 vframe=25669 vs=1 vage=6 vpage=6 vdt=33 vmax=266 vacc=25623 vrej=0 seq=0 elapsed=0 oled=3C
[   3062] STATUS mode=3 fault=none enc=-48 denc=1 sreq=-100 sapplied=-100 crate=-100 uimp=-165000 upos=0 uneg=1650 ball=-129.74 vball=0.03 aball=-4.4 bref=0.00 pid=-100.0 pref=-1039.0 ppos=-51.8 apid=-0.0 integ=0.0 vision=1 current=1 vframe=25669 vs=1 vage=26 vpage=26 vdt=33 vmax=266 vacc=25623 vrej=0 seq=0 elapsed=0 oled=3C
[   3092] STATUS mode=3 fault=none enc=-54 denc=0 sreq=-100 sapplied=-100 crate=-100 uimp=-169000 upos=0 uneg=1690 ball=-129.76 vball=-0.11 aball=-3.3 bref=0.00 pid=-100.0 pref=-1039.0 ppos=-55.8 apid=-0.0 integ=0.0 vision=1 current=1 vframe=25670 vs=1 vage=33 vpage=33 vdt=33 vmax=266 vacc=25624 vrej=0 seq=0 elapsed=0 oled=3C
[   3125] STATUS mode=3 fault=none enc=-56 denc=0 sreq=-100 sapplied=-100 crate=-100 uimp=-171000 upos=0 uneg=1710 ball=-129.77 vball=-0.21 aball=-3.3 bref=0.00 pid=-100.0 pref=-1039.0 ppos=-57.8 apid=-0.0 integ=0.0 vision=1 current=1 vframe=25671 vs=1 vage=20 vpage=20 vdt=33 vmax=266 vacc=25625 vrej=0 seq=0 elapsed=0 oled=3C
[   3156] STATUS mode=3 fault=none enc=-60 denc=1 sreq=-100 sapplied=-100 crate=-100 uimp=-175000 upos=0 uneg=1750 ball=-129.78 vball=-0.19 aball=-3.3 bref=0.00 pid=-100.0 pref=-1039.0 ppos=-61.8 apid=-0.0 integ=0.0 vision=1 current=1 vframe=25672 vs=1 vage=27 vpage=27 vdt=33 vmax=266 vacc=25626 vrej=0 seq=0 elapsed=0 oled=3C
[   3187] STATUS mode=3 fault=none enc=-63 denc=0 sreq=-100 sapplied=-100 crate=-100 uimp=-177000 upos=0 uneg=1770 ball=-129.78 vball=-0.14 aball=-2.0 bref=0.00 pid=-100.0 pref=-1039.0 ppos=-63.8 apid=-0.0 integ=0.0 vision=1 current=1 vframe=25673 vs=1 vage=14 vpage=14 vdt=33 vmax=266 vacc=25627 vrej=0 seq=0 elapsed=0 oled=3C
[   3203] STATUS mode=3 fault=none enc=-66 denc=0 sreq=-100 sapplied=-100 crate=-100 uimp=-179000 upos=0 uneg=1790 ball=-129.78 vball=-0.10 aball=-2.0 bref=0.00 pid=-100.0 pref=-1039.0 ppos=-65.8 apid=-0.0 integ=0.0 vision=1 current=1 vframe=25674 vs=1 vage=1 vpage=1 vdt=33 vmax=266 vacc=25628 vrej=0 seq=0 elapsed=0 oled=3C
[   3233] STATUS mode=3 fault=none enc=-71 denc=0 sreq=-100 sapplied=-100 crate=-100 uimp=-183000 upos=0 uneg=1830 ball=-129.78 vball=-0.06 aball=-2.0 bref=0.00 pid=-100.0 pref=-1039.0 ppos=-69.8 apid=-0.0 integ=0.0 vision=1 current=1 vframe=25675 vs=1 vage=7 vpage=7 vdt=34 vmax=266 vacc=25629 vrej=0 seq=0 elapsed=0 oled=3C
[   3265] STATUS mode=3 fault=none enc=-74 denc=0 sreq=-100 sapplied=-100 crate=-100 uimp=-185000 upos=0 uneg=1850 ball=-129.78 vball=-0.06 aball=-2.0 bref=0.00 pid=-100.0 pref=-1039.0 ppos=-71.8 apid=-0.0 integ=0.0 vision=1 current=1 vframe=25675 vs=1 vage=27 vpage=27 vdt=34 vmax=266 vacc=25629 vrej=0 seq=0 elapsed=0 oled=3C
[   3297] STATUS mode=3 fault=none enc=-76 denc=0 sreq=-100 sapplied=-100 crate=-100 uimp=-187000 upos=0 uneg=1870 ball=-129.65 vball=1.06 aball=4.3 bref=0.00 pid=-100.0 pref=-1039.0 ppos=-73.8 apid=0.0 integ=0.0 vision=1 current=1 vframe=25676 vs=1 vage=14 vpage=14 vdt=33 vmax=266 vacc=25630 vrej=0 seq=0 elapsed=0 oled=3C
[   3312] STATUS mode=3 fault=none enc=-81 denc=1 sreq=-100 sapplied=-100 crate=-100 uimp=-191000 upos=0 uneg=1910 ball=-129.17 vball=5.05 aball=4.3 bref=0.00 pid=-100.0 pref=-1039.0 ppos=-77.8 apid=0.0 integ=0.0 vision=1 current=1 vframe=25677 vs=1 vage=21 vpage=21 vdt=33 vmax=266 vacc=25631 vrej=0 seq=0 elapsed=0 oled=3C
[   3342] STATUS mode=3 fault=none enc=-84 denc=0 sreq=-100 sapplied=-100 crate=-100 uimp=-193000 upos=0 uneg=1930 ball=-128.88 vball=6.10 aball=4.3 bref=0.00 pid=-100.0 pref=-1039.0 ppos=-79.8 apid=0.0 integ=0.0 vision=1 current=1 vframe=25678 vs=1 vage=8 vpage=8 vdt=33 vmax=266 vacc=25632 vrej=0 seq=0 elapsed=0 oled=3C
[   3375] STATUS mode=3 fault=none enc=-89 denc=1 sreq=-100 sapplied=-100 crate=-100 uimp=-197000 upos=0 uneg=1970 ball=-128.54 vball=7.23 aball=30.1 bref=0.00 pid=-100.0 pref=-1039.0 ppos=-83.8 apid=0.0 integ=0.0 vision=1 current=1 vframe=25679 vs=1 vage=14 vpage=14 vdt=34 vmax=266 vacc=25633 vrej=0 seq=0 elapsed=0 oled=3C
[   3406] STATUS mode=3 fault=none enc=-92 denc=0 sreq=-100 sapplied=-100 crate=-100 uimp=-199000 upos=0 uneg=1990 ball=-128.08 vball=9.33 aball=30.1 bref=0.00 pid=-100.0 pref=-1039.0 ppos=-85.8 apid=0.0 integ=0.0 vision=1 current=1 vframe=25680 vs=1 vage=1 vpage=1 vdt=33 vmax=266 vacc=25634 vrej=0 seq=0 elapsed=0 oled=3C
[   3422] STATUS mode=3 fault=none enc=-95 denc=0 sreq=-100 sapplied=-100 crate=-100 uimp=-201000 upos=0 uneg=2010 ball=-128.08 vball=9.33 aball=30.1 bref=0.00 pid=-100.0 pref=-1039.0 ppos=-87.8 apid=0.0 integ=0.0 vision=1 current=1 vframe=25680 vs=1 vage=21 vpage=21 vdt=33 vmax=266 vacc=25634 vrej=0 seq=0 elapsed=0 oled=3C
[   3453] STATUS mode=3 fault=none enc=-99 denc=0 sreq=-100 sapplied=-100 crate=-100 uimp=-205000 upos=0 uneg=2050 ball=-127.57 vball=11.23 aball=30.1 bref=0.00 pid=-100.0 pref=-1039.0 ppos=-91.8 apid=0.0 integ=0.0 vision=1 current=1 vframe=25681 vs=1 vage=28 vpage=28 vdt=33 vmax=266 vacc=25635 vrej=0 seq=0 elapsed=0 oled=3C
[   3483] STATUS mode=3 fault=none enc=-101 denc=1 sreq=-100 sapplied=-100 crate=-100 uimp=-207000 upos=0 uneg=2070 ball=-127.57 vball=11.23 aball=30.1 bref=0.00 pid=-100.0 pref=-1039.0 ppos=-93.8 apid=0.0 integ=0.0 vision=1 current=0 vframe=25682 vs=0 vage=48 vpage=14 vdt=33 vmax=266 vacc=25635 vrej=0 seq=0 elapsed=0 oled=3C
[   3515] STATUS mode=3 fault=none enc=-104 denc=0 sreq=-100 sapplied=-100 crate=-100 uimp=-209000 upos=0 uneg=2090 ball=-127.57 vball=11.23 aball=30.1 bref=0.00 pid=-100.0 pref=-1039.0 ppos=-95.8 apid=0.0 integ=0.0 vision=1 current=0 vframe=25682 vs=0 vage=68 vpage=34 vdt=33 vmax=266 vacc=25635 vrej=0 seq=0 elapsed=0 oled=3C
[   3531] STATUS mode=3 fault=none enc=-109 denc=0 sreq=-100 sapplied=-100 crate=-100 uimp=-213000 upos=0 uneg=2130 ball=-123.50 vball=40.59 aball=29.1 bref=0.00 pid=-100.0 pref=-1039.0 ppos=-99.8 apid=0.0 integ=0.0 vision=1 current=1 vframe=25684 vs=1 vage=6 vpage=6 vdt=32 vmax=266 vacc=25637 vrej=0 seq=0 elapsed=0 oled=3C
[   3562] STATUS mode=3 fault=none enc=-112 denc=0 sreq=-100 sapplied=-100 crate=-100 uimp=-215000 upos=0 uneg=2150 ball=-123.50 vball=40.59 aball=29.1 bref=0.00 pid=-100.0 pref=-1039.0 ppos=-101.8 apid=0.0 integ=0.0 vision=1 current=1 vframe=25684 vs=1 vage=26 vpage=26 vdt=32 vmax=266 vacc=25637 vrej=0 seq=0 elapsed=0 oled=3C
[   3592] STATUS mode=3 fault=none enc=-116 denc=0 sreq=0 sapplied=0 crate=0 uimp=-216500 upos=0 uneg=2165 ball=-120.17 vball=57.13 aball=29.1 bref=0.00 pid=0.0 pref=-103.3 ppos=-103.3 apid=0.0 integ=-0.0 vision=1 current=1 vframe=25685 vs=1 vage=32 vpage=32 vdt=34 vmax=266 vacc=25638 vrej=0 seq=0 elapsed=0 oled=3C
[   3625] STATUS mode=3 fault=none enc=-116 denc=0 sreq=250 sapplied=250 crate=250 uimp=-215500 upos=5 uneg=2165 ball=-117.69 vball=62.53 aball=250.2 bref=0.00 pid=250.0 pref=-73.4 ppos=-102.3 apid=0.0 integ=-0.0 vision=1 current=1 vframe=25686 vs=1 vage=19 vpage=19 vdt=33 vmax=266 vacc=25639 vrej=0 seq=0 elapsed=0 oled=3C
[   3640] STATUS mode=3 fault=none enc=-109 denc=1 sreq=250 sapplied=250 crate=250 uimp=-210500 upos=25 uneg=2165 ball=-115.63 vball=62.82 aball=250.2 bref=0.00 pid=250.0 pref=-69.4 ppos=-97.3 apid=0.0 integ=-0.0 vision=1 current=1 vframe=25687 vs=1 vage=5 vpage=5 vdt=34 vmax=266 vacc=25640 vrej=0 seq=0 elapsed=0 oled=3C
[   3672] STATUS mode=3 fault=none enc=-98 denc=2 sreq=250 sapplied=250 crate=250 uimp=-201025 upos=65 uneg=2165 ball=-113.37 vball=63.85 aball=250.2 bref=0.00 pid=250.0 pref=-61.6 ppos=-87.9 apid=0.0 integ=-0.0 vision=1 current=1 vframe=25688 vs=1 vage=12 vpage=12 vdt=33 vmax=266 vacc=25641 vrej=0 seq=0 elapsed=0 oled=3C
[   3703] STATUS mode=3 fault=none enc=-92 denc=1 sreq=215 sapplied=215 crate=215 uimp=-196205 upos=85 uneg=2165 ball=-113.37 vball=63.85 aball=250.2 bref=0.00 pid=214.7 pref=-61.6 ppos=-83.0 apid=0.0 integ=-0.0 vision=1 current=1 vframe=25688 vs=1 vage=32 vpage=32 vdt=33 vmax=266 vacc=25641 vrej=0 seq=0 elapsed=0 oled=3C
[   3733] STATUS mode=3 fault=none enc=-85 denc=3 sreq=250 sapplied=250 crate=250 uimp=-191610 upos=105 uneg=2165 ball=-110.77 vball=68.07 aball=162.5 bref=0.00 pid=250.0 pref=-37.4 ppos=-78.4 apid=0.0 integ=-0.0 vision=1 current=1 vframe=25689 vs=1 vage=19 vpage=19 vdt=33 vmax=266 vacc=25642 vrej=0 seq=0 elapsed=0 oled=3C
[   3750] STATUS mode=3 fault=none enc=-72 denc=2 sreq=250 sapplied=250 crate=250 uimp=-181610 upos=145 uneg=2165 ball=-108.27 vball=70.44 aball=162.5 bref=0.00 pid=250.0 pref=-22.5 ppos=-68.4 apid=0.0 integ=-0.0 vision=1 current=1 vframe=25690 vs=1 vage=25 vpage=25 vdt=34 vmax=266 vacc=25643 vrej=0 seq=0 elapsed=0 oled=3C
[   3781] STATUS mode=3 fault=none enc=-66 denc=1 sreq=250 sapplied=250 crate=250 uimp=-176610 upos=165 uneg=2165 ball=-105.69 vball=71.96 aball=162.5 bref=0.00 pid=250.0 pref=-11.8 ppos=-63.4 apid=0.0 integ=-0.0 vision=1 current=1 vframe=25691 vs=1 vage=12 vpage=12 vdt=33 vmax=266 vacc=25644 vrej=0 seq=0 elapsed=0 oled=3C
[   3812] STATUS mode=3 fault=none enc=-53 denc=2 sreq=250 sapplied=250 crate=250 uimp=-166610 upos=205 uneg=2165 ball=-102.69 vball=77.57 aball=132.1 bref=0.00 pid=250.0 pref=19.8 ppos=-53.4 apid=0.0 integ=-0.0 vision=1 current=1 vframe=25692 vs=1 vage=19 vpage=19 vdt=33 vmax=266 vacc=25645 vrej=0 seq=0 elapsed=0 oled=3C
[   3842] STATUS mode=3 fault=none enc=-47 denc=2 sreq=250 sapplied=250 crate=250 uimp=-161610 upos=225 uneg=2165 ball=-99.96 vball=79.03 aball=132.1 bref=0.00 pid=250.0 pref=30.4 ppos=-48.4 apid=0.0 integ=-0.0 vision=1 current=1 vframe=25693 vs=1 vage=6 vpage=6 vdt=33 vmax=266 vacc=25646 vrej=0 seq=0 elapsed=0 oled=3C
[   3858] STATUS mode=3 fault=none enc=-41 denc=1 sreq=250 sapplied=250 crate=250 uimp=-156610 upos=245 uneg=2165 ball=-99.96 vball=79.03 aball=132.1 bref=0.00 pid=250.0 pref=30.4 ppos=-43.4 apid=0.0 integ=-0.0 vision=1 current=1 vframe=25693 vs=1 vage=26 vpage=26 vdt=33 vmax=266 vacc=25646 vrej=0 seq=0 elapsed=0 oled=3C
[   3890] STATUS mode=3 fault=none enc=-27 denc=2 sreq=250 sapplied=250 crate=250 uimp=-146610 upos=285 uneg=2165 ball=-94.34 vball=81.79 aball=132.1 bref=0.00 pid=250.0 pref=35.3 ppos=-33.4 apid=0.0 integ=-0.0 vision=1 current=1 vframe=25695 vs=1 vage=1 vpage=1 vdt=34 vmax=266 vacc=25648 vrej=0 seq=0 elapsed=0 oled=3C
[   3922] STATUS mode=3 fault=none enc=-21 denc=2 sreq=250 sapplied=250 crate=250 uimp=-141610 upos=305 uneg=2165 ball=-94.34 vball=81.79 aball=92.1 bref=0.00 pid=250.0 pref=51.0 ppos=-28.4 apid=0.0 integ=-0.0 vision=1 current=1 vframe=25695 vs=1 vage=21 vpage=21 vdt=34 vmax=266 vacc=25648 vrej=0 seq=0 elapsed=0 oled=3C
[   3953] STATUS mode=3 fault=none enc=-15 denc=2 sreq=250 sapplied=250 crate=250 uimp=-136610 upos=325 uneg=2165 ball=-91.66 vball=81.84 aball=92.1 bref=0.00 pid=250.0 pref=54.4 ppos=-23.4 apid=0.0 integ=-0.0 vision=1 current=1 vframe=25696 vs=1 vage=8 vpage=8 vdt=33 vmax=266 vacc=25649 vrej=0 seq=0 elapsed=0 oled=3C
[   3967] STATUS mode=3 fault=none enc=-2 denc=1 sreq=250 sapplied=250 crate=250 uimp=-126610 upos=365 uneg=2165 ball=-88.78 vball=82.77 aball=92.1 bref=0.00 pid=250.0 pref=55.2 ppos=-13.4 apid=0.0 integ=-0.0 vision=1 current=1 vframe=25697 vs=1 vage=14 vpage=14 vdt=34 vmax=266 vacc=25650 vrej=0 seq=0 elapsed=0 oled=3C
[   4000] STATUS mode=3 fault=none enc=5 denc=2 sreq=250 sapplied=250 crate=250 uimp=-121610 upos=385 uneg=2165 ball=-85.61 vball=86.70 aball=92.1 bref=0.00 pid=250.0 pref=55.2 ppos=-8.4 apid=0.0 integ=-0.0 vision=1 current=1 vframe=25698 vs=1 vage=1 vpage=1 vdt=33 vmax=266 vacc=25651 vrej=0 seq=0 elapsed=0 oled=3C
[   4031] STATUS mode=3 fault=none enc=12 denc=2 sreq=250 sapplied=250 crate=250 uimp=-116610 upos=405 uneg=2165 ball=-85.61 vball=86.70 aball=72.7 bref=0.00 pid=250.0 pref=55.2 ppos=-3.4 apid=0.0 integ=-0.0 vision=1 current=1 vframe=25698 vs=1 vage=21 vpage=21 vdt=33 vmax=266 vacc=25651 vrej=0 seq=0 elapsed=0 oled=3C
[   4062] STATUS mode=3 fault=none enc=24 denc=1 sreq=250 sapplied=250 crate=250 uimp=-106610 upos=445 uneg=2165 ball=-82.53 vball=88.09 aball=72.7 bref=0.00 pid=250.0 pref=55.2 ppos=6.6 apid=0.0 integ=-0.0 vision=1 current=1 vframe=25699 vs=1 vage=27 vpage=27 vdt=34 vmax=266 vacc=25652 vrej=0 seq=0 elapsed=0 oled=3C
[   4078] STATUS mode=3 fault=none enc=31 denc=2 sreq=250 sapplied=250 crate=250 uimp=-101610 upos=465 uneg=2165 ball=-79.58 vball=88.46 aball=72.7 bref=0.00 pid=250.0 pref=55.2 ppos=11.6 apid=0.0 integ=-0.0 vision=1 current=1 vframe=25700 vs=1 vage=12 vpage=12 vdt=35 vmax=266 vacc=25653 vrej=0 seq=0 elapsed=0 oled=3C
[   4108] STATUS mode=3 fault=none enc=37 denc=1 sreq=250 sapplied=250 crate=250 uimp=-96610 upos=485 uneg=2165 ball=-79.58 vball=88.46 aball=72.7 bref=0.00 pid=250.0 pref=55.2 ppos=16.6 apid=0.0 integ=-0.0 vision=1 current=1 vframe=25700 vs=1 vage=32 vpage=32 vdt=35 vmax=266 vacc=25653 vrej=0 seq=0 elapsed=0 oled=3C
[   4140] STATUS mode=3 fault=none enc=50 denc=1 sreq=250 sapplied=250 crate=250 uimp=-86610 upos=525 uneg=2165 ball=-73.36 vball=90.88 aball=66.3 bref=0.00 pid=250.0 pref=55.2 ppos=26.6 apid=0.0 integ=-0.0 vision=1 current=1 vframe=25702 vs=1 vage=5 vpage=5 vdt=34 vmax=266 vacc=25655 vrej=0 seq=0 elapsed=0 oled=3C
[   4156] STATUS mode=3 fault=none enc=57 denc=2 sreq=237 sapplied=237 crate=237 uimp=-81615 upos=545 uneg=2165 ball=-73.36 vball=90.88 aball=66.3 bref=0.00 pid=236.7 pref=55.2 ppos=31.5 apid=0.0 integ=-0.0 vision=1 current=1 vframe=25702 vs=1 vage=25 vpage=25 vdt=34 vmax=266 vacc=25655 vrej=0 seq=0 elapsed=0 oled=3C
[   4187] STATUS mode=3 fault=none enc=62 denc=1 sreq=193 sapplied=193 crate=193 uimp=-77220 upos=565 uneg=2165 ball=-70.06 vball=92.85 aball=66.3 bref=0.00 pid=192.7 pref=55.2 ppos=35.9 apid=0.0 integ=-0.0 vision=1 current=1 vframe=25703 vs=1 vage=11 vpage=11 vdt=34 vmax=266 vacc=25656 vrej=0 seq=0 elapsed=0 oled=3C
[   4217] STATUS mode=3 fault=none enc=70 denc=1 sreq=128 sapplied=128 crate=128 uimp=-70730 upos=605 uneg=2165 ball=-66.66 vball=95.80 aball=50.4 bref=0.00 pid=127.8 pref=55.2 ppos=42.4 apid=0.0 integ=-0.0 vision=1 current=1 vframe=25704 vs=1 vage=18 vpage=18 vdt=33 vmax=266 vacc=25657 vrej=0 seq=0 elapsed=0 oled=3C
[   4250] STATUS mode=3 fault=none enc=73 denc=2 sreq=104 sapplied=104 crate=104 uimp=-68360 upos=625 uneg=2165 ball=-63.53 vball=95.60 aball=50.4 bref=0.00 pid=104.1 pref=55.2 ppos=44.8 apid=0.0 integ=-0.0 vision=1 current=1 vframe=25705 vs=1 vage=7 vpage=7 vdt=31 vmax=266 vacc=25658 vrej=0 seq=0 elapsed=0 oled=3C
[   4265] STATUS mode=3 fault=none enc=77 denc=0 sreq=69 sapplied=69 crate=69 uimp=-64850 upos=665 uneg=2165 ball=-60.39 vball=94.67 aball=50.4 bref=0.00 pid=69.0 pref=55.2 ppos=46.7 apid=0.0 integ=-0.0 vision=1 current=1 vframe=25705 vs=1 vage=27 vpage=27 vdt=31 vmax=266 vacc=25658 vrej=0 seq=0 elapsed=0 oled=3C
[   4297] STATUS mode=3 fault=none enc=80 denc=2 sreq=56 sapplied=56 crate=56 uimp=-63570 upos=685 uneg=2165 ball=-57.27 vball=94.62 aball=50.4 bref=0.00 pid=56.2 pref=55.2 ppos=49.6 apid=0.0 integ=-0.0 vision=1 current=1 vframe=25707 vs=1 vage=1 vpage=1 vdt=33 vmax=266 vacc=25660 vrej=0 seq=0 elapsed=0 oled=3C
[   4328] STATUS mode=3 fault=none enc=81 denc=2 sreq=46 sapplied=46 crate=46 uimp=-62530 upos=705 uneg=2165 ball=-57.27 vball=94.62 aball=22.3 bref=0.00 pid=45.8 pref=55.2 ppos=50.6 apid=0.0 integ=-0.0 vision=1 current=1 vframe=25707 vs=1 vage=21 vpage=21 vdt=33 vmax=266 vacc=25660 vrej=0 seq=0 elapsed=0 oled=3C
[   4342] STATUS mode=3 fault=none enc=81 denc=0 sreq=37 sapplied=37 crate=37 uimp=-61680 upos=725 uneg=2165 ball=-54.14 vball=95.06 aball=22.3 bref=0.00 pid=37.3 pref=55.2 ppos=51.5 apid=0.0 integ=-0.0 vision=1 current=1 vframe=25708 vs=1 vage=7 vpage=7 vdt=34 vmax=266 vacc=25661 vrej=0 seq=0 elapsed=0 oled=3C
[   4375] STATUS mode=3 fault=none enc=82 denc=0 sreq=25 sapplied=25 crate=25 uimp=-60430 upos=765 uneg=2165 ball=-51.40 vball=90.59 aball=22.3 bref=0.00 pid=24.8 pref=55.2 ppos=52.7 apid=0.0 integ=-0.0 vision=1 current=1 vframe=25709 vs=1 vage=13 vpage=13 vdt=34 vmax=266 vacc=25662 vrej=0 seq=0 elapsed=0 oled=3C
[   4406] STATUS mode=3 fault=none enc=84 denc=1 sreq=20 sapplied=20 crate=20 uimp=-59970 upos=785 uneg=2165 ball=-51.40 vball=90.59 aball=22.3 bref=0.00 pid=20.2 pref=55.2 ppos=53.2 apid=0.0 integ=-0.0 vision=1 current=1 vframe=25709 vs=1 vage=33 vpage=33 vdt=34 vmax=266 vacc=25662 vrej=0 seq=0 elapsed=0 oled=3C
[   4422] STATUS mode=3 fault=none enc=86 denc=1 sreq=0 sapplied=0 crate=19 uimp=-59870 upos=790 uneg=2165 ball=-48.60 vball=88.76 aball=-13.9 bref=0.00 pid=19.2 pref=55.2 ppos=53.3 apid=-0.0 integ=-0.0 vision=1 current=1 vframe=25710 vs=1 vage=20 vpage=20 vdt=33 vmax=266 vacc=25663 vrej=0 seq=0 elapsed=0 oled=3C
[   4453] STATUS mode=3 fault=none enc=85 denc=0 sreq=0 sapplied=0 crate=19 uimp=-59870 upos=790 uneg=2165 ball=-45.75 vball=88.22 aball=-13.9 bref=0.00 pid=19.2 pref=55.2 ppos=53.3 apid=-0.0 integ=-0.0 vision=1 current=1 vframe=25711 vs=1 vage=27 vpage=27 vdt=33 vmax=266 vacc=25664 vrej=0 seq=0 elapsed=0 oled=3C
[   4483] STATUS mode=3 fault=none enc=85 denc=0 sreq=0 sapplied=0 crate=19 uimp=-59870 upos=790 uneg=2165 ball=-43.11 vball=85.16 aball=-13.9 bref=0.00 pid=19.2 pref=55.2 ppos=53.3 apid=-0.0 integ=-0.0 vision=1 current=1 vframe=25712 vs=1 vage=12 vpage=12 vdt=35 vmax=266 vacc=25665 vrej=0 seq=0 elapsed=0 oled=3C
[   4515] STATUS mode=3 fault=none enc=85 denc=0 sreq=0 sapplied=0 crate=19 uimp=-59870 upos=790 uneg=2165 ball=-43.11 vball=85.16 aball=-13.9 bref=0.00 pid=19.2 pref=55.2 ppos=53.3 apid=-0.0 integ=-0.0 vision=1 current=1 vframe=25712 vs=1 vage=32 vpage=32 vdt=35 vmax=266 vacc=25665 vrej=0 seq=0 elapsed=0 oled=3C
[   4531] STATUS mode=3 fault=none enc=85 denc=0 sreq=0 sapplied=0 crate=19 uimp=-59870 upos=790 uneg=2165 ball=-38.22 vball=79.35 aball=-30.3 bref=0.00 pid=19.2 pref=55.2 ppos=53.3 apid=-0.0 integ=-0.0 vision=1 current=1 vframe=25720 vs=1 vage=7 vpage=7 vdt=32 vmax=266 vacc=25673 vrej=0 seq=0 elapsed=0 oled=3C
[   4562] STATUS mode=3 fault=none enc=85 denc=0 sreq=0 sapplied=0 crate=19 uimp=-59870 upos=790 uneg=2165 ball=-38.22 vball=79.35 aball=-30.3 bref=0.00 pid=19.2 pref=55.2 ppos=53.3 apid=-0.0 integ=-0.0 vision=1 current=1 vframe=25720 vs=1 vage=27 vpage=27 vdt=32 vmax=266 vacc=25673 vrej=0 seq=0 elapsed=0 oled=3C
[   4592] STATUS mode=3 fault=none enc=85 denc=0 sreq=0 sapplied=0 crate=19 uimp=-59870 upos=790 uneg=2165 ball=-35.94 vball=75.81 aball=-30.3 bref=0.00 pid=19.2 pref=55.2 ppos=53.3 apid=-0.0 integ=-0.0 vision=1 current=1 vframe=25721 vs=1 vage=14 vpage=14 vdt=33 vmax=266 vacc=25674 vrej=0 seq=0 elapsed=0 oled=3C
[   4608] STATUS mode=3 fault=none enc=85 denc=0 sreq=0 sapplied=0 crate=19 uimp=-59870 upos=790 uneg=2165 ball=-33.65 vball=73.64 aball=-62.7 bref=0.00 pid=19.2 pref=55.2 ppos=53.3 apid=-0.0 integ=-0.0 vision=1 current=1 vframe=25722 vs=1 vage=21 vpage=21 vdt=33 vmax=266 vacc=25675 vrej=0 seq=0 elapsed=0 oled=3C
[   4640] STATUS mode=3 fault=none enc=85 denc=0 sreq=0 sapplied=0 crate=19 uimp=-59870 upos=790 uneg=2165 ball=-31.47 vball=71.63 aball=-62.7 bref=0.00 pid=19.2 pref=55.2 ppos=53.3 apid=-0.0 integ=-0.0 vision=1 current=1 vframe=25723 vs=1 vage=8 vpage=8 vdt=33 vmax=266 vacc=25676 vrej=0 seq=0 elapsed=0 oled=3C
[   4672] STATUS mode=3 fault=none enc=85 denc=0 sreq=0 sapplied=0 crate=19 uimp=-59870 upos=790 uneg=2165 ball=-31.47 vball=71.63 aball=-62.7 bref=0.00 pid=19.2 pref=55.2 ppos=53.3 apid=-0.0 integ=-0.0 vision=1 current=1 vframe=25723 vs=1 vage=28 vpage=28 vdt=33 vmax=266 vacc=25676 vrej=0 seq=0 elapsed=0 oled=3C
[   4687] STATUS mode=3 fault=none enc=85 denc=0 sreq=0 sapplied=0 crate=19 uimp=-59870 upos=790 uneg=2165 ball=-27.74 vball=63.46 aball=-62.7 bref=0.00 pid=19.2 pref=55.2 ppos=53.3 apid=-0.0 integ=-0.0 vision=1 current=1 vframe=25725 vs=1 vage=1 vpage=1 vdt=33 vmax=266 vacc=25678 vrej=0 seq=0 elapsed=0 oled=3C
[   4717] STATUS mode=3 fault=none enc=84 denc=-1 sreq=-127 sapplied=-127 crate=-127 uimp=-61245 upos=790 uneg=2175 ball=-27.74 vball=63.46 aball=-80.3 bref=0.00 pid=-126.9 pref=39.2 ppos=51.9 apid=-0.0 integ=-0.0 vision=1 current=1 vframe=25725 vs=1 vage=21 vpage=21 vdt=33 vmax=266 vacc=25678 vrej=0 seq=0 elapsed=0 oled=3C
[   4750] STATUS mode=3 fault=none enc=81 denc=-2 sreq=-157 sapplied=-157 crate=-157 uimp=-63600 upos=790 uneg=2195 ball=-25.88 vball=61.95 aball=-80.3 bref=0.00 pid=-156.5 pref=33.9 ppos=49.6 apid=-0.0 integ=-0.0 vision=1 current=1 vframe=25726 vs=1 vage=8 vpage=8 vdt=33 vmax=266 vacc=25679 vrej=0 seq=0 elapsed=0 oled=3C
[   4781] STATUS mode=3 fault=none enc=73 denc=-1 sreq=-250 sapplied=-250 crate=-250 uimp=-70100 upos=790 uneg=2235 ball=-24.22 vball=58.17 aball=-80.3 bref=0.00 pid=-250.0 pref=17.0 ppos=43.1 apid=-0.0 integ=-0.0 vision=1 current=1 vframe=25727 vs=1 vage=15 vpage=15 vdt=33 vmax=266 vacc=25680 vrej=0 seq=0 elapsed=0 oled=3C
[   4797] STATUS mode=3 fault=none enc=67 denc=-2 sreq=-213 sapplied=-213 crate=-213 uimp=-74890 upos=790 uneg=2255 ball=-24.22 vball=58.17 aball=-80.3 bref=0.00 pid=-212.7 pref=17.0 ppos=38.3 apid=-0.0 integ=-0.0 vision=1 current=1 vframe=25727 vs=1 vage=35 vpage=35 vdt=33 vmax=266 vacc=25680 vrej=0 seq=0 elapsed=0 oled=3C
[   4828] STATUS mode=3 fault=none enc=54 denc=-2 sreq=-250 sapplied=-250 crate=-250 uimp=-84705 upos=790 uneg=2295 ball=-22.19 vball=47.25 aball=-98.9 bref=0.00 pid=-250.0 pref=-35.2 ppos=28.5 apid=-0.0 integ=-0.0 vision=1 current=1 vframe=25729 vs=1 vage=8 vpage=8 vdt=32 vmax=266 vacc=25682 vrej=0 seq=0 elapsed=0 oled=3C
[   4858] STATUS mode=3 fault=none enc=48 denc=-1 sreq=-250 sapplied=-250 crate=-250 uimp=-89705 upos=790 uneg=2315 ball=-22.19 vball=47.25 aball=-98.9 bref=0.00 pid=-250.0 pref=-35.2 ppos=23.5 apid=-0.0 integ=-0.0 vision=1 current=1 vframe=25729 vs=1 vage=28 vpage=28 vdt=32 vmax=266 vacc=25682 vrej=0 seq=0 elapsed=0 oled=3C
[   4890] STATUS mode=3 fault=none enc=41 denc=-1 sreq=-250 sapplied=-250 crate=-250 uimp=-94705 upos=790 uneg=2335 ball=-20.97 vball=45.26 aball=-98.9 bref=0.00 pid=-250.0 pref=-43.6 ppos=18.5 apid=-0.0 integ=-0.0 vision=1 current=1 vframe=25730 vs=1 vage=15 vpage=15 vdt=33 vmax=266 vacc=25683 vrej=0 seq=0 elapsed=0 oled=3C
[   4922] STATUS mode=3 fault=none enc=28 denc=-2 sreq=-250 sapplied=-250 crate=-250 uimp=-104705 upos=790 uneg=2375 ball=-19.20 vball=47.23 aball=-72.3 bref=0.00 pid=-250.0 pref=-31.7 ppos=8.5 apid=-0.0 integ=-0.0 vision=1 current=1 vframe=25731 vs=1 vage=21 vpage=21 vdt=34 vmax=266 vacc=25684 vrej=0 seq=0 elapsed=0 oled=3C
[   4937] STATUS mode=3 fault=none enc=22 denc=-2 sreq=-250 sapplied=-250 crate=-250 uimp=-109705 upos=790 uneg=2395 ball=-17.71 vball=46.75 aball=-72.3 bref=0.00 pid=-250.0 pref=-32.3 ppos=3.5 apid=-0.0 integ=-0.0 vision=1 current=1 vframe=25732 vs=1 vage=7 vpage=7 vdt=34 vmax=266 vacc=25685 vrej=0 seq=0 elapsed=0 oled=3C
[   4967] STATUS mode=3 fault=none enc=15 denc=-2 sreq=-250 sapplied=-250 crate=-250 uimp=-114705 upos=790 uneg=2415 ball=-17.71 vball=46.75 aball=-72.3 bref=0.00 pid=-250.0 pref=-32.3 ppos=-1.5 apid=-0.0 integ=-0.0 vision=1 current=1 vframe=25732 vs=1 vage=27 vpage=27 vdt=34 vmax=266 vacc=25685 vrej=0 seq=0 elapsed=0 oled=3C
[   5000] STATUS mode=3 fault=none enc=2 denc=-2 sreq=-250 sapplied=-250 crate=-250 uimp=-124705 upos=790 uneg=2455 ball=-16.78 vball=41.23 aball=-72.3 bref=0.00 pid=-250.0 pref=-58.8 ppos=-11.5 apid=-0.0 integ=-0.0 vision=1 current=1 vframe=25733 vs=1 vage=35 vpage=35 vdt=32 vmax=266 vacc=25686 vrej=0 seq=0 elapsed=0 oled=3C
[   5031] STATUS mode=3 fault=none enc=-5 denc=-2 sreq=-250 sapplied=-250 crate=-250 uimp=-129705 upos=790 uneg=2475 ball=-15.82 vball=37.15 aball=-84.7 bref=0.00 pid=-250.0 pref=-78.0 ppos=-16.5 apid=-0.0 integ=-0.0 vision=1 current=1 vframe=25734 vs=1 vage=20 vpage=20 vdt=35 vmax=266 vacc=25687 vrej=0 seq=0 elapsed=0 oled=3C
[   5047] STATUS mode=3 fault=none enc=-17 denc=-1 sreq=-250 sapplied=-250 crate=-250 uimp=-139705 upos=790 uneg=2515 ball=-14.80 vball=35.39 aball=-84.7 bref=0.00 pid=-250.0 pref=-85.6 ppos=-26.5 apid=-0.0 integ=-0.0 vision=1 current=1 vframe=25735 vs=1 vage=27 vpage=27 vdt=33 vmax=266 vacc=25688 vrej=0 seq=0 elapsed=0 oled=3C
[   5078] STATUS mode=3 fault=none enc=-24 denc=-2 sreq=-250 sapplied=-250 crate=-250 uimp=-144705 upos=790 uneg=2535 ball=-14.04 vball=31.83 aball=-84.7 bref=0.00 pid=-250.0 pref=-102.5 ppos=-31.5 apid=-0.0 integ=-0.0 vision=1 current=1 vframe=25736 vs=1 vage=14 vpage=14 vdt=33 vmax=266 vacc=25689 vrej=0 seq=0 elapsed=0 oled=3C
[   5108] STATUS mode=3 fault=none enc=-30 denc=-1 sreq=-250 sapplied=-250 crate=-250 uimp=-149705 upos=790 uneg=2555 ball=-13.53 vball=26.78 aball=-84.7 bref=0.00 pid=-250.0 pref=-102.5 ppos=-36.5 apid=-0.0 integ=-0.0 vision=1 current=1 vframe=25737 vs=1 vage=1 vpage=1 vdt=33 vmax=266 vacc=25690 vrej=0 seq=0 elapsed=0 oled=3C
[   5140] STATUS mode=3 fault=none enc=-43 denc=-1 sreq=-250 sapplied=-250 crate=-250 uimp=-159705 upos=790 uneg=2595 ball=-12.88 vball=24.74 aball=-93.7 bref=0.00 pid=-250.0 pref=-136.5 ppos=-46.5 apid=-0.0 integ=-0.0 vision=1 current=1 vframe=25738 vs=1 vage=8 vpage=8 vdt=33 vmax=266 vacc=25691 vrej=0 seq=0 elapsed=0 oled=3C
[   5172] STATUS mode=3 fault=none enc=-49 denc=-1 sreq=-250 sapplied=-250 crate=-250 uimp=-164705 upos=790 uneg=2615 ball=-12.88 vball=24.74 aball=-93.7 bref=0.00 pid=-250.0 pref=-136.5 ppos=-51.5 apid=-0.0 integ=-0.0 vision=1 current=1 vframe=25738 vs=1 vage=28 vpage=28 vdt=33 vmax=266 vacc=25691 vrej=0 seq=0 elapsed=0 oled=3C
[   5187] STATUS mode=3 fault=none enc=-62 denc=-2 sreq=-250 sapplied=-250 crate=-250 uimp=-174705 upos=790 uneg=2655 ball=-12.11 vball=24.45 aball=-93.7 bref=0.00 pid=-250.0 pref=-137.1 ppos=-61.5 apid=-0.0 integ=-0.0 vision=1 current=1 vframe=25739 vs=1 vage=34 vpage=34 vdt=34 vmax=266 vacc=25692 vrej=0 seq=0 elapsed=0 oled=3C
[   5217] STATUS mode=3 fault=none enc=-68 denc=-1 sreq=-250 sapplied=-250 crate=-250 uimp=-179705 upos=790 uneg=2675 ball=-11.47 vball=22.66 aball=-69.7 bref=0.00 pid=-250.0 pref=-145.2 ppos=-66.5 apid=-0.0 integ=-0.0 vision=1 current=1 vframe=25740 vs=1 vage=19 vpage=19 vdt=35 vmax=266 vacc=25693 vrej=0 seq=0 elapsed=0 oled=3C
[   5250] STATUS mode=3 fault=none enc=-75 denc=-2 sreq=-250 sapplied=-250 crate=-250 uimp=-184705 upos=790 uneg=2695 ball=-10.96 vball=20.62 aball=-69.7 bref=0.00 pid=-250.0 pref=-154.8 ppos=-71.5 apid=-0.0 integ=-0.0 vision=1 current=1 vframe=25741 vs=1 vage=6 vpage=6 vdt=33 vmax=266 vacc=25694 vrej=0 seq=0 elapsed=0 oled=3C
[   5281] STATUS mode=3 fault=none enc=-88 denc=-1 sreq=-250 sapplied=-250 crate=-250 uimp=-194705 upos=790 uneg=2735 ball=-10.17 vball=21.34 aball=-69.7 bref=0.00 pid=-250.0 pref=-150.3 ppos=-81.5 apid=-0.0 integ=-0.0 vision=1 current=1 vframe=25742 vs=1 vage=12 vpage=12 vdt=34 vmax=266 vacc=25695 vrej=0 seq=0 elapsed=0 oled=3C
[   5312] STATUS mode=3 fault=none enc=-94 denc=-1 sreq=-250 sapplied=-250 crate=-250 uimp=-199705 upos=790 uneg=2755 ball=-10.17 vball=21.34 aball=-69.7 bref=0.00 pid=-250.0 pref=-150.3 ppos=-86.5 apid=-0.0 integ=-0.0 vision=1 current=1 vframe=25742 vs=1 vage=32 vpage=32 vdt=34 vmax=266 vacc=25695 vrej=0 seq=0 elapsed=0 oled=3C
[   5328] STATUS mode=3 fault=none enc=-107 denc=-2 sreq=-250 sapplied=-250 crate=-250 uimp=-209705 upos=790 uneg=2795 ball=-9.25 vball=17.34 aball=-53.9 bref=0.00 pid=-250.0 pref=-169.2 ppos=-96.5 apid=-0.0 integ=-0.0 vision=1 current=1 vframe=25744 vs=1 vage=7 vpage=7 vdt=32 vmax=266 vacc=25697 vrej=0 seq=0 elapsed=0 oled=3C
[   5358] STATUS mode=3 fault=none enc=-113 denc=-1 sreq=-250 sapplied=-250 crate=-250 uimp=-214705 upos=790 uneg=2815 ball=-9.25 vball=17.34 aball=-53.9 bref=0.00 pid=-250.0 pref=-169.2 ppos=-101.5 apid=-0.0 integ=-0.0 vision=1 current=1 vframe=25744 vs=1 vage=27 vpage=27 vdt=32 vmax=266 vacc=25697 vrej=0 seq=0 elapsed=0 oled=3C
[   5390] STATUS mode=3 fault=none enc=-119 denc=-1 sreq=-250 sapplied=-250 crate=-250 uimp=-219705 upos=790 uneg=2835 ball=-8.61 vball=17.76 aball=-53.9 bref=0.00 pid=-250.0 pref=-166.3 ppos=-106.5 apid=-0.0 integ=-0.0 vision=1 current=1 vframe=25745 vs=1 vage=14 vpage=14 vdt=33 vmax=266 vacc=25698 vrej=0 seq=0 elapsed=0 oled=3C
[   5422] STATUS mode=3 fault=none enc=-132 denc=-1 sreq=-250 sapplied=-250 crate=-250 uimp=-229705 upos=790 uneg=2875 ball=-8.19 vball=16.18 aball=-43.5 bref=0.00 pid=-250.0 pref=-173.7 ppos=-116.5 apid=-0.0 integ=-0.0 vision=1 current=1 vframe=25746 vs=1 vage=21 vpage=21 vdt=33 vmax=266 vacc=25699 vrej=0 seq=0 elapsed=0 oled=3C
[   5437] STATUS mode=3 fault=none enc=-138 denc=-1 sreq=-250 sapplied=-250 crate=-250 uimp=-234705 upos=790 uneg=2895 ball=-7.89 vball=14.16 aball=-43.5 bref=0.00 pid=-250.0 pref=-183.5 ppos=-121.5 apid=-0.0 integ=-0.0 vision=1 current=1 vframe=25747 vs=1 vage=7 vpage=7 vdt=34 vmax=266 vacc=25700 vrej=0 seq=0 elapsed=0 oled=3C
[   5467] STATUS mode=3 fault=none enc=-150 denc=-1 sreq=-250 sapplied=-250 crate=-250 uimp=-244705 upos=790 uneg=2935 ball=-7.11 vball=16.91 aball=-43.5 bref=0.00 pid=-250.0 pref=-168.8 ppos=-131.5 apid=-0.0 integ=-0.0 vision=1 current=1 vframe=25748 vs=1 vage=13 vpage=13 vdt=34 vmax=266 vacc=25701 vrej=0 seq=0 elapsed=0 oled=3C
[   5500] STATUS mode=3 fault=none enc=-157 denc=-2 sreq=-250 sapplied=-250 crate=-250 uimp=-249705 upos=790 uneg=2955 ball=-5.78 vball=23.97 aball=-43.5 bref=0.00 pid=-250.0 pref=-168.8 ppos=-136.5 apid=-0.0 integ=-0.0 vision=1 current=1 vframe=25749 vs=1 vage=1 vpage=1 vdt=32 vmax=266 vacc=25702 vrej=0 seq=0 elapsed=0 oled=3C
[   5531] STATUS mode=3 fault=none enc=-160 denc=-1 sreq=69 sapplied=69 crate=69 uimp=-251955 upos=790 uneg=2970 ball=-5.78 vball=23.97 aball=11.1 bref=0.00 pid=69.2 pref=-131.9 ppos=-138.8 apid=0.0 integ=-0.0 vision=1 current=1 vframe=25749 vs=1 vage=21 vpage=21 vdt=32 vmax=266 vacc=25702 vrej=0 seq=0 elapsed=0 oled=3C
[   5562] STATUS mode=3 fault=none enc=-159 denc=0 sreq=50 sapplied=50 crate=50 uimp=-249540 upos=830 uneg=2970 ball=-4.99 vball=23.88 aball=11.1 bref=0.00 pid=50.1 pref=-131.4 ppos=-136.4 apid=0.0 integ=-0.0 vision=1 current=1 vframe=25750 vs=1 vage=27 vpage=27 vdt=34 vmax=266 vacc=25703 vrej=0 seq=0 elapsed=0 oled=3C
[   5578] STATUS mode=3 fault=none enc=-157 denc=1 sreq=66 sapplied=66 crate=66 uimp=-248475 upos=850 uneg=2970 ball=-4.14 vball=24.21 aball=11.1 bref=0.00 pid=66.1 pref=-128.7 ppos=-135.3 apid=0.0 integ=-0.0 vision=1 current=1 vframe=25751 vs=1 vage=12 vpage=12 vdt=35 vmax=266 vacc=25704 vrej=0 seq=0 elapsed=0 oled=3C
[   5608] STATUS mode=3 fault=none enc=-157 denc=-2 sreq=54 sapplied=54 crate=54 uimp=-247245 upos=870 uneg=2970 ball=-4.14 vball=24.21 aball=11.1 bref=0.00 pid=53.8 pref=-128.7 ppos=-134.1 apid=0.0 integ=-0.0 vision=1 current=1 vframe=25751 vs=1 vage=32 vpage=32 vdt=35 vmax=266 vacc=25704 vrej=0 seq=0 elapsed=0 oled=3C
[   5640] STATUS mode=3 fault=none enc=-150 denc=2 sreq=242 sapplied=242 crate=242 uimp=-242010 upos=910 uneg=2970 ball=-1.91 vball=29.32 aball=17.9 bref=0.00 pid=250.0 pref=-100.5 ppos=-128.8 apid=0.0 integ=-0.0 vision=1 current=1 vframe=25753 vs=1 vage=5 vpage=5 vdt=34 vmax=266 vacc=25706 vrej=0 seq=0 elapsed=0 oled=3C
[   5656] STATUS mode=3 fault=none enc=-144 denc=2 sreq=234 sapplied=234 crate=234 uimp=-237065 upos=930 uneg=2970 ball=-1.91 vball=29.32 aball=17.9 bref=0.00 pid=234.3 pref=-100.5 ppos=-123.9 apid=0.0 integ=-0.0 vision=1 current=1 vframe=25753 vs=1 vage=25 vpage=25 vdt=34 vmax=266 vacc=25706 vrej=0 seq=0 elapsed=0 oled=3C
[   5687] STATUS mode=3 fault=none enc=-132 denc=2 sreq=250 sapplied=250 crate=250 uimp=-227475 upos=970 uneg=2970 ball=-0.17 vball=36.18 aball=17.9 bref=0.00 pid=250.0 pref=-64.1 ppos=-119.3 apid=0.0 integ=-0.0 vision=1 current=1 vframe=25754 vs=1 vage=12 vpage=12 vdt=33 vmax=266 vacc=25707 vrej=0 seq=0 elapsed=0 oled=3C
[   5717] STATUS mode=3 fault=none enc=-127 denc=1 sreq=250 sapplied=250 crate=250 uimp=-222475 upos=990 uneg=2970 ball=1.68 vball=41.26 aball=75.7 bref=0.00 pid=250.0 pref=-36.5 ppos=-109.3 apid=0.0 integ=-0.0 vision=1 current=1 vframe=25755 vs=1 vage=19 vpage=19 vdt=33 vmax=266 vacc=25708 vrej=0 seq=0 elapsed=0 oled=3C
[   5750] STATUS mode=3 fault=none enc=-120 denc=1 sreq=250 sapplied=250 crate=250 uimp=-217475 upos=1010 uneg=2970 ball=2.95 vball=40.65 aball=75.7 bref=0.00 pid=250.0 pref=-38.0 ppos=-104.3 apid=0.0 integ=-0.0 vision=1 current=1 vframe=25756 vs=1 vage=6 vpage=6 vdt=33 vmax=266 vacc=25709 vrej=0 seq=0 elapsed=0 oled=3C
[   5765] STATUS mode=3 fault=none enc=-107 denc=1 sreq=250 sapplied=250 crate=250 uimp=-207475 upos=1050 uneg=2970 ball=4.53 vball=42.80 aball=75.7 bref=0.00 pid=250.0 pref=-25.3 ppos=-94.3 apid=0.0 integ=-0.0 vision=1 current=1 vframe=25757 vs=1 vage=12 vpage=12 vdt=34 vmax=266 vacc=25710 vrej=0 seq=0 elapsed=0 oled=3C
[   5797] STATUS mode=3 fault=none enc=-101 denc=1 sreq=250 sapplied=250 crate=250 uimp=-202475 upos=1070 uneg=2970 ball=4.53 vball=42.80 aball=75.7 bref=0.00 pid=250.0 pref=-25.3 ppos=-89.3 apid=0.0 integ=-0.0 vision=1 current=1 vframe=25757 vs=1 vage=32 vpage=32 vdt=34 vmax=266 vacc=25710 vrej=0 seq=0 elapsed=0 oled=3C
[   5828] STATUS mode=3 fault=none enc=-95 denc=1 sreq=250 sapplied=250 crate=250 uimp=-197475 upos=1090 uneg=2970 ball=6.33 vball=45.58 aball=61.2 bref=0.00 pid=250.0 pref=-9.3 ppos=-84.3 apid=0.0 integ=-0.0 vision=1 current=1 vframe=25758 vs=1 vage=20 vpage=20 vdt=32 vmax=266 vacc=25711 vrej=0 seq=0 elapsed=0 oled=3C
[   5858] STATUS mode=3 fault=none enc=-82 denc=1 sreq=250 sapplied=250 crate=250 uimp=-187475 upos=1130 uneg=2970 ball=8.34 vball=50.09 aball=61.2 bref=0.00 pid=250.0 pref=15.7 ppos=-74.3 apid=0.0 integ=-0.0 vision=1 current=1 vframe=25759 vs=1 vage=28 vpage=28 vdt=32 vmax=266 vacc=25712 vrej=0 seq=0 elapsed=0 oled=3C
[   5875] STATUS mode=3 fault=none enc=-75 denc=1 sreq=250 sapplied=250 crate=250 uimp=-182475 upos=1150 uneg=2970 ball=9.76 vball=48.00 aball=61.2 bref=0.00 pid=250.0 pref=6.9 ppos=-69.3 apid=0.0 integ=-0.0 vision=1 current=1 vframe=25760 vs=1 vage=12 vpage=12 vdt=36 vmax=266 vacc=25713 vrej=0 seq=0 elapsed=0 oled=3C
[   5906] STATUS mode=3 fault=none enc=-68 denc=2 sreq=250 sapplied=250 crate=250 uimp=-177475 upos=1170 uneg=2970 ball=12.12 vball=54.64 aball=61.2 bref=0.00 pid=250.0 pref=6.9 ppos=-64.3 apid=0.0 integ=-0.0 vision=1 current=1 vframe=25761 vs=1 vage=1 vpage=1 vdt=31 vmax=266 vacc=25714 vrej=0 seq=0 elapsed=0 oled=3C
[   5937] STATUS mode=3 fault=none enc=-56 denc=2 sreq=250 sapplied=250 crate=250 uimp=-167475 upos=1210 uneg=2970 ball=14.06 vball=55.90 aball=74.9 bref=0.00 pid=250.0 pref=51.6 ppos=-54.3 apid=0.0 integ=-0.0 vision=1 current=1 vframe=25762 vs=1 vage=8 vpage=8 vdt=33 vmax=266 vacc=25715 vrej=0 seq=0 elapsed=0 oled=3C
[   5967] STATUS mode=3 fault=none enc=-50 denc=1 sreq=250 sapplied=250 crate=250 uimp=-162475 upos=1230 uneg=2970 ball=14.06 vball=55.90 aball=74.9 bref=0.00 pid=250.0 pref=51.6 ppos=-49.3 apid=0.0 integ=-0.0 vision=1 current=1 vframe=25762 vs=1 vage=28 vpage=28 vdt=33 vmax=266 vacc=25715 vrej=0 seq=0 elapsed=0 oled=3C
[   5983] STATUS mode=3 fault=none enc=-44 denc=1 sreq=250 sapplied=250 crate=250 uimp=-157475 upos=1250 uneg=2970 ball=15.90 vball=56.53 aball=74.9 bref=0.00 pid=250.0 pref=55.2 ppos=-44.3 apid=0.0 integ=-0.0 vision=1 current=1 vframe=25763 vs=1 vage=15 vpage=15 vdt=33 vmax=266 vacc=25716 vrej=0 seq=0 elapsed=0 oled=3C
[   6015] STATUS mode=3 fault=none enc=-30 denc=2 sreq=250 sapplied=250 crate=250 uimp=-147475 upos=1290 uneg=2970 ball=17.67 vball=56.19 aball=48.2 bref=0.00 pid=250.0 pref=55.2 ppos=-34.3 apid=0.0 integ=-0.0 vision=1 current=1 vframe=25764 vs=1 vage=22 vpage=22 vdt=33 vmax=266 vacc=25717 vrej=0 seq=0 elapsed=0 oled=3C
[   6015] >>> stop
[   6047] STATUS mode=3 fault=none enc=-24 denc=1 sreq=250 sapplied=250 crate=250 uimp=-142475 upos=1310 uneg=2970 ball=19.38 vball=54.77 aball=48.2 bref=0.00 pid=250.0 pref=52.3 ppos=-29.3 apid=0.0 integ=-0.0 vision=1 current=1 vframe=25765 vs=1 vage=9 vpage=9 vdt=33 vmax=266 vacc=25718 vrej=0 seq=0 elapsed=0 oled=3C
[   6078] STATUS mode=1 fault=none enc=-40 denc=-4 sreq=0 sapplied=0 crate=0 uimp=-138725 upos=1325 uneg=2970 ball=20.89 vball=52.20 aball=0.0 bref=0.00 pid=0.0 pref=25.6 ppos=-25.6 apid=0.0 integ=0.0 vision=1 current=1 vframe=25765 vs=1 vage=29 vpage=29 vdt=33 vmax=266 vacc=25718 vrej=0 seq=0 elapsed=0 oled=3C
[   6092] STATUS mode=1 fault=none enc=-40 denc=0 sreq=0 sapplied=0 crate=0 uimp=-138725 upos=1325 uneg=2970 ball=22.90 vball=55.11 aball=0.0 bref=0.00 pid=0.0 pref=-25.6 ppos=-25.6 apid=0.0 integ=0.0 vision=1 current=1 vframe=25767 vs=1 vage=2 vpage=2 vdt=33 vmax=266 vacc=25720 vrej=0 seq=0 elapsed=0 oled=3C
[   6125] STATUS mode=1 fault=none enc=-40 denc=0 sreq=0 sapplied=0 crate=0 uimp=-138725 upos=1325 uneg=2970 ball=22.90 vball=55.11 aball=0.0 bref=0.00 pid=0.0 pref=-25.6 ppos=-25.6 apid=0.0 integ=0.0 vision=1 current=1 vframe=25767 vs=1 vage=22 vpage=22 vdt=33 vmax=266 vacc=25720 vrej=0 seq=0 elapsed=0 oled=3C
[   6140] STATUS mode=1 fault=none enc=-40 denc=0 sreq=0 sapplied=0 crate=0 uimp=-138725 upos=1325 uneg=2970 ball=24.46 vball=52.40 aball=0.0 bref=0.00 pid=0.0 pref=-25.6 ppos=-25.6 apid=0.0 integ=0.0 vision=1 current=1 vframe=25768 vs=1 vage=9 vpage=9 vdt=33 vmax=266 vacc=25721 vrej=0 seq=0 elapsed=0 oled=3C
[   6172] STATUS mode=1 fault=none enc=-40 denc=0 sreq=0 sapplied=0 crate=0 uimp=-138725 upos=1325 uneg=2970 ball=26.18 vball=52.41 aball=0.0 bref=0.00 pid=0.0 pref=-25.6 ppos=-25.6 apid=0.0 integ=0.0 vision=1 current=1 vframe=25769 vs=1 vage=15 vpage=15 vdt=34 vmax=266 vacc=25722 vrej=0 seq=0 elapsed=0 oled=3C
[   6203] STATUS mode=1 fault=none enc=-40 denc=0 sreq=0 sapplied=0 crate=0 uimp=-138725 upos=1325 uneg=2970 ball=27.50 vball=48.87 aball=0.0 bref=0.00 pid=0.0 pref=-25.6 ppos=-25.6 apid=0.0 integ=0.0 vision=1 current=1 vframe=25770 vs=1 vage=2 vpage=2 vdt=33 vmax=266 vacc=25723 vrej=0 seq=0 elapsed=0 oled=3C
[   6233] STATUS mode=1 fault=none enc=-40 denc=0 sreq=0 sapplied=0 crate=0 uimp=-138725 upos=1325 uneg=2970 ball=27.50 vball=48.87 aball=0.0 bref=0.00 pid=0.0 pref=-25.6 ppos=-25.6 apid=0.0 integ=0.0 vision=1 current=1 vframe=25770 vs=1 vage=22 vpage=22 vdt=33 vmax=266 vacc=25723 vrej=0 seq=0 elapsed=0 oled=3C
[   6250] STATUS mode=1 fault=none enc=-40 denc=0 sreq=0 sapplied=0 crate=0 uimp=-138725 upos=1325 uneg=2970 ball=29.05 vball=47.95 aball=0.0 bref=0.00 pid=0.0 pref=-25.6 ppos=-25.6 apid=0.0 integ=0.0 vision=1 current=1 vframe=25771 vs=1 vage=29 vpage=29 vdt=33 vmax=266 vacc=25724 vrej=0 seq=0 elapsed=0 oled=3C
[   6281] STATUS mode=1 fault=none enc=-40 denc=0 sreq=0 sapplied=0 crate=0 uimp=-138725 upos=1325 uneg=2970 ball=30.36 vball=45.35 aball=0.0 bref=0.00 pid=0.0 pref=-25.6 ppos=-25.6 apid=0.0 integ=0.0 vision=1 current=1 vframe=25772 vs=1 vage=16 vpage=16 vdt=33 vmax=266 vacc=25725 vrej=0 seq=0 elapsed=0 oled=3C
[   6312] STATUS mode=1 fault=none enc=-40 denc=0 sreq=0 sapplied=0 crate=0 uimp=-138725 upos=1325 uneg=2970 ball=30.36 vball=45.35 aball=0.0 bref=0.00 pid=0.0 pref=-25.6 ppos=-25.6 apid=0.0 integ=0.0 vision=1 current=1 vframe=25772 vs=1 vage=36 vpage=36 vdt=33 vmax=266 vacc=25725 vrej=0 seq=0 elapsed=0 oled=3C
[   6328] STATUS mode=1 fault=none enc=-40 denc=0 sreq=0 sapplied=0 crate=0 uimp=-138725 upos=1325 uneg=2970 ball=32.51 vball=37.35 aball=0.0 bref=0.00 pid=0.0 pref=-25.6 ppos=-25.6 apid=0.0 integ=0.0 vision=1 current=1 vframe=25774 vs=1 vage=9 vpage=9 vdt=31 vmax=266 vacc=25727 vrej=0 seq=0 elapsed=0 oled=3C
[   6358] STATUS mode=1 fault=none enc=-40 denc=0 sreq=0 sapplied=0 crate=0 uimp=-138725 upos=1325 uneg=2970 ball=32.51 vball=37.35 aball=0.0 bref=0.00 pid=0.0 pref=-25.6 ppos=-25.6 apid=0.0 integ=0.0 vision=1 current=1 vframe=25774 vs=1 vage=29 vpage=29 vdt=31 vmax=266 vacc=25727 vrej=0 seq=0 elapsed=0 oled=3C
[   6390] STATUS mode=1 fault=none enc=-40 denc=0 sreq=0 sapplied=0 crate=0 uimp=-138725 upos=1325 uneg=2970 ball=34.28 vball=42.02 aball=0.0 bref=0.00 pid=0.0 pref=-25.6 ppos=-25.6 apid=0.0 integ=0.0 vision=1 current=1 vframe=25775 vs=1 vage=16 vpage=16 vdt=33 vmax=266 vacc=25728 vrej=0 seq=0 elapsed=0 oled=3C
[   6390] >>> stream off
[   6406] STATUS mode=1 fault=none enc=-40 denc=0 sreq=0 sapplied=0 crate=0 uimp=-138725 upos=1325 uneg=2970 ball=35.77 vball=42.78 aball=0.0 bref=0.00 pid=0.0 pref=-25.6 ppos=-25.6 apid=0.0 integ=0.0 vision=1 current=1 vframe=25776 vs=1 vage=22 vpage=22 vdt=34 vmax=266 vacc=25729 vrej=0 seq=0 elapsed=0 oled=3C
[   6406] OK stream off
[   6592] STOP_REASON displacement_limit
