[      0] >>> bench on
[      0] OK stepper visual-only bench active; command pose preserved
[    186] >>> clear
[    186] OK fault cleared
[    375] >>> diag reset
[    390] OK actuator diagnostics reset
[    561] >>> gain ball 1.2 2.0 5.0 -1
[    577] OK ball gains kp=1.200 ki=2.000 kd=5.000 sign=-1
[    750] >>> gain accel 0.0
[    750] OK ball acceleration gain ka=0.000
[    936] >>> limit rate 400
[    936] OK ball rate limit=400 steps/s
[   1125] >>> stream on 20
[   1125] OK stream on 20 ms
[   1170] STATUS mode=1 fault=none enc=-104 denc=0 sreq=0 sapplied=0 crate=0 uimp=0 upos=0 uneg=0 ball=17.37 vball=-0.02 aball=0.0 bref=0.00 pid=0.0 pref=-83.9 ppos=-83.9 apid=0.0 integ=0.0 vision=1 current=1 vframe=4753 vs=1 vage=16 vpage=16 vdt=34 vmax=67 vacc=4749 vrej=0 seq=0 elapsed=0 oled=3C
[   1202] STATUS mode=1 fault=none enc=-104 denc=0 sreq=0 sapplied=0 crate=0 uimp=0 upos=0 uneg=0 ball=17.37 vball=-0.01 aball=0.0 bref=0.00 pid=0.0 pref=-83.9 ppos=-83.9 apid=0.0 integ=0.0 vision=1 current=1 vframe=4754 vs=1 vage=3 vpage=3 vdt=33 vmax=67 vacc=4750 vrej=0 seq=0 elapsed=0 oled=3C
[   1217] STATUS mode=1 fault=none enc=-104 denc=0 sreq=0 sapplied=0 crate=0 uimp=0 upos=0 uneg=0 ball=17.37 vball=-0.01 aball=0.0 bref=0.00 pid=0.0 pref=-83.9 ppos=-83.9 apid=0.0 integ=0.0 vision=1 current=1 vframe=4754 vs=1 vage=23 vpage=23 vdt=33 vmax=67 vacc=4750 vrej=0 seq=0 elapsed=0 oled=3C
[   1250] STATUS mode=1 fault=none enc=-104 denc=0 sreq=0 sapplied=0 crate=0 uimp=0 upos=0 uneg=0 ball=17.37 vball=-0.01 aball=0.0 bref=0.00 pid=0.0 pref=-83.9 ppos=-83.9 apid=0.0 integ=0.0 vision=1 current=1 vframe=4755 vs=1 vage=10 vpage=10 vdt=33 vmax=67 vacc=4751 vrej=0 seq=0 elapsed=0 oled=3C
[   1265] STATUS mode=1 fault=none enc=-104 denc=0 sreq=0 sapplied=0 crate=0 uimp=0 upos=0 uneg=0 ball=17.37 vball=-0.00 aball=0.0 bref=0.00 pid=0.0 pref=-83.9 ppos=-83.9 apid=0.0 integ=0.0 vision=1 current=1 vframe=4756 vs=1 vage=7 vpage=7 vdt=43 vmax=67 vacc=4752 vrej=0 seq=0 elapsed=0 oled=3C
[   1295] STATUS mode=1 fault=none enc=-104 denc=0 sreq=0 sapplied=0 crate=0 uimp=0 upos=0 uneg=0 ball=17.37 vball=-0.00 aball=0.0 bref=0.00 pid=0.0 pref=-83.9 ppos=-83.9 apid=0.0 integ=0.0 vision=1 current=1 vframe=4757 vs=1 vage=3 vpage=3 vdt=24 vmax=67 vacc=4753 vrej=0 seq=0 elapsed=0 oled=3C
[   1295] >>> ball 0.0
[   1327] STATUS mode=1 fault=none enc=-104 denc=0 sreq=0 sapplied=0 crate=0 uimp=0 upos=0 uneg=0 ball=17.37 vball=-0.00 aball=0.0 bref=0.00 pid=0.0 pref=-83.9 ppos=-83.9 apid=0.0 integ=0.0 vision=1 current=1 vframe=4757 vs=1 vage=23 vpage=23 vdt=24 vmax=67 vacc=4753 vrej=0 seq=0 elapsed=0 oled=3C
[   1342] STATUS mode=3 fault=none enc=-100 denc=4 sreq=200 sapplied=200 crate=200 uimp=500 upos=5 uneg=0 ball=17.37 vball=-0.00 aball=0.0 bref=0.00 pid=203.4 pref=-63.1 ppos=-83.4 apid=0.0 integ=-0.0 vision=1 current=1 vframe=4758 vs=1 vage=10 vpage=10 vdt=33 vmax=67 vacc=4754 vrej=0 seq=0 elapsed=0 oled=3C
[   1375] STATUS mode=3 fault=none enc=-92 denc=2 sreq=135 sapplied=135 crate=135 uimp=7340 upos=45 uneg=0 ball=17.37 vball=-0.00 aball=0.0 bref=0.00 pid=135.0 pref=-63.1 ppos=-76.6 apid=0.0 integ=-0.0 vision=1 current=1 vframe=4759 vs=1 vage=16 vpage=16 vdt=34 vmax=67 vacc=4755 vrej=0 seq=0 elapsed=0 oled=3C
[   1406] STATUS mode=3 fault=none enc=-91 denc=-1 sreq=110 sapplied=110 crate=110 uimp=9845 upos=65 uneg=0 ball=17.37 vball=-0.00 aball=0.0 bref=0.00 pid=110.0 pref=-63.1 ppos=-74.1 apid=0.0 integ=-0.0 vision=1 current=1 vframe=4760 vs=1 vage=3 vpage=3 vdt=33 vmax=67 vacc=4756 vrej=0 seq=0 elapsed=0 oled=3C
[   1420] STATUS mode=3 fault=none enc=-89 denc=-2 sreq=90 sapplied=90 crate=90 uimp=11880 upos=85 uneg=0 ball=17.37 vball=-0.00 aball=0.0 bref=0.00 pid=89.6 pref=-63.1 ppos=-72.0 apid=0.0 integ=-0.0 vision=1 current=1 vframe=4760 vs=1 vage=23 vpage=23 vdt=33 vmax=67 vacc=4756 vrej=0 seq=0 elapsed=0 oled=3C
[   1452] STATUS mode=3 fault=none enc=-84 denc=1 sreq=59 sapplied=59 crate=59 uimp=14900 upos=125 uneg=0 ball=17.37 vball=-0.00 aball=0.0 bref=0.00 pid=59.4 pref=-63.1 ppos=-69.0 apid=0.0 integ=-0.0 vision=1 current=1 vframe=4761 vs=1 vage=30 vpage=30 vdt=33 vmax=67 vacc=4757 vrej=0 seq=0 elapsed=0 oled=3C
[   1483] STATUS mode=3 fault=none enc=-83 denc=0 sreq=48 sapplied=48 crate=48 uimp=16000 upos=145 uneg=0 ball=17.37 vball=-0.00 aball=0.0 bref=0.00 pid=48.4 pref=-63.1 ppos=-67.9 apid=0.0 integ=-0.0 vision=1 current=1 vframe=4762 vs=1 vage=17 vpage=17 vdt=33 vmax=67 vacc=4758 vrej=0 seq=0 elapsed=0 oled=3C
[   1500] STATUS mode=3 fault=none enc=-82 denc=0 sreq=66 sapplied=66 crate=66 uimp=16900 upos=165 uneg=0 ball=17.42 vball=0.52 aball=0.0 bref=0.00 pid=66.0 pref=-60.4 ppos=-67.0 apid=0.0 integ=-0.0 vision=1 current=1 vframe=4763 vs=1 vage=3 vpage=3 vdt=34 vmax=67 vacc=4759 vrej=0 seq=0 elapsed=0 oled=3C
[   1531] STATUS mode=3 fault=none enc=-80 denc=0 sreq=54 sapplied=54 crate=54 uimp=18130 upos=185 uneg=0 ball=17.42 vball=0.52 aball=0.0 bref=0.00 pid=53.7 pref=-60.4 ppos=-65.8 apid=0.0 integ=-0.0 vision=1 current=1 vframe=4763 vs=1 vage=23 vpage=23 vdt=34 vmax=67 vacc=4759 vrej=0 seq=0 elapsed=0 oled=3C
[   1561] STATUS mode=3 fault=none enc=-79 denc=0 sreq=26 sapplied=26 crate=26 uimp=19640 upos=225 uneg=0 ball=17.38 vball=0.04 aball=0.2 bref=0.00 pid=25.6 pref=-61.7 ppos=-64.3 apid=0.0 integ=1.1 vision=1 current=1 vframe=4764 vs=1 vage=30 vpage=30 vdt=33 vmax=67 vacc=4760 vrej=0 seq=0 elapsed=0 oled=3C
[   1577] STATUS mode=3 fault=none enc=-80 denc=-1 sreq=60 sapplied=60 crate=60 uimp=20535 upos=245 uneg=0 ball=17.46 vball=0.64 aball=0.2 bref=0.00 pid=59.5 pref=-57.4 ppos=-63.4 apid=0.0 integ=2.3 vision=1 current=1 vframe=4765 vs=1 vage=16 vpage=16 vdt=34 vmax=67 vacc=4761 vrej=0 seq=0 elapsed=0 oled=3C
[   1608] STATUS mode=3 fault=none enc=-79 denc=1 sreq=60 sapplied=60 crate=60 uimp=21645 upos=265 uneg=0 ball=17.48 vball=0.64 aball=0.2 bref=0.00 pid=59.8 pref=-56.3 ppos=-62.3 apid=0.0 integ=3.5 vision=1 current=1 vframe=4766 vs=1 vage=4 vpage=4 vdt=32 vmax=67 vacc=4762 vrej=0 seq=0 elapsed=0 oled=3C
[   1640] STATUS mode=3 fault=none enc=-76 denc=1 sreq=45 sapplied=45 crate=45 uimp=23685 upos=305 uneg=0 ball=17.48 vball=0.49 aball=2.1 bref=0.00 pid=44.5 pref=-55.8 ppos=-60.2 apid=0.0 integ=4.7 vision=1 current=1 vframe=4767 vs=1 vage=8 vpage=8 vdt=36 vmax=67 vacc=4763 vrej=0 seq=0 elapsed=0 oled=3C
[   1656] STATUS mode=3 fault=none enc=-76 denc=-1 sreq=36 sapplied=36 crate=36 uimp=24510 upos=325 uneg=0 ball=17.48 vball=0.49 aball=2.1 bref=0.00 pid=36.3 pref=-55.8 ppos=-59.4 apid=0.0 integ=4.7 vision=1 current=1 vframe=4767 vs=1 vage=28 vpage=28 vdt=36 vmax=67 vacc=4763 vrej=0 seq=0 elapsed=0 oled=3C
[   1686] STATUS mode=3 fault=none enc=-75 denc=1 sreq=31 sapplied=31 crate=31 uimp=25190 upos=345 uneg=0 ball=17.48 vball=0.29 aball=2.1 bref=0.00 pid=30.7 pref=-55.6 ppos=-58.7 apid=0.0 integ=5.8 vision=1 current=1 vframe=4768 vs=1 vage=16 vpage=16 vdt=32 vmax=67 vacc=4764 vrej=0 seq=0 elapsed=0 oled=3C
[   1717] STATUS mode=3 fault=none enc=-73 denc=1 sreq=29 sapplied=29 crate=29 uimp=25760 upos=365 uneg=0 ball=17.47 vball=0.15 aball=2.1 bref=0.00 pid=29.4 pref=-55.2 ppos=-58.1 apid=0.0 integ=7.0 vision=1 current=1 vframe=4769 vs=1 vage=3 vpage=3 vdt=33 vmax=67 vacc=4765 vrej=0 seq=0 elapsed=0 oled=3C
[   1733] STATUS mode=3 fault=none enc=-73 denc=0 sreq=27 sapplied=27 crate=27 uimp=26790 upos=405 uneg=0 ball=17.47 vball=0.07 aball=-0.8 bref=0.00 pid=26.6 pref=-54.4 ppos=-57.1 apid=-0.0 integ=8.1 vision=1 current=1 vframe=4770 vs=1 vage=10 vpage=10 vdt=33 vmax=67 vacc=4766 vrej=0 seq=0 elapsed=0 oled=3C
[   1765] STATUS mode=3 fault=none enc=-72 denc=1 sreq=22 sapplied=22 crate=22 uimp=27285 upos=425 uneg=0 ball=17.47 vball=0.07 aball=-0.8 bref=0.00 pid=21.7 pref=-54.4 ppos=-56.6 apid=-0.0 integ=8.1 vision=1 current=1 vframe=4770 vs=1 vage=30 vpage=30 vdt=33 vmax=67 vacc=4766 vrej=0 seq=0 elapsed=0 oled=3C
[   1795] STATUS mode=3 fault=none enc=-72 denc=0 sreq=161 sapplied=161 crate=161 uimp=28950 upos=445 uneg=0 ball=17.79 vball=2.87 aball=-0.8 bref=0.00 pid=160.6 pref=-38.9 ppos=-54.9 apid=-0.0 integ=9.3 vision=1 current=1 vframe=4771 vs=1 vage=17 vpage=17 vdt=33 vmax=67 vacc=4767 vrej=0 seq=0 elapsed=0 oled=3C
[   1811] STATUS mode=3 fault=none enc=-65 denc=0 sreq=119 sapplied=119 crate=119 uimp=34570 upos=485 uneg=0 ball=17.90 vball=2.89 aball=-0.8 bref=0.00 pid=119.2 pref=-37.4 ppos=-49.3 apid=-0.0 integ=10.6 vision=1 current=1 vframe=4772 vs=1 vage=22 vpage=22 vdt=35 vmax=67 vacc=4768 vrej=0 seq=0 elapsed=0 oled=3C
[   1842] STATUS mode=3 fault=none enc=-62 denc=2 sreq=77 sapplied=77 crate=77 uimp=36675 upos=505 uneg=0 ball=17.92 vball=2.23 aball=9.4 bref=0.00 pid=76.5 pref=-39.6 ppos=-47.2 apid=0.0 integ=11.7 vision=1 current=1 vframe=4773 vs=1 vage=11 vpage=11 vdt=31 vmax=67 vacc=4769 vrej=0 seq=0 elapsed=0 oled=3C
[   1875] STATUS mode=3 fault=none enc=-60 denc=1 sreq=62 sapplied=62 crate=62 uimp=38100 upos=525 uneg=0 ball=17.92 vball=2.23 aball=9.4 bref=0.00 pid=62.3 pref=-39.6 ppos=-45.8 apid=0.0 integ=11.7 vision=1 current=1 vframe=4773 vs=1 vage=31 vpage=31 vdt=31 vmax=67 vacc=4769 vrej=0 seq=0 elapsed=0 oled=3C
[   1890] STATUS mode=3 fault=none enc=-59 denc=1 sreq=25 sapplied=25 crate=25 uimp=39605 upos=565 uneg=0 ball=17.91 vball=1.01 aball=9.4 bref=0.00 pid=25.0 pref=-41.8 ppos=-44.3 apid=0.0 integ=13.0 vision=1 current=1 vframe=4775 vs=1 vage=2 vpage=2 vdt=33 vmax=67 vacc=4771 vrej=0 seq=0 elapsed=0 oled=3C
[   1920] STATUS mode=3 fault=none enc=-58 denc=0 sreq=0 sapplied=0 crate=0 uimp=39730 upos=570 uneg=0 ball=17.91 vball=1.01 aball=9.4 bref=0.00 pid=0.0 pref=-43.2 ppos=-44.2 apid=0.0 integ=14.1 vision=1 current=1 vframe=4775 vs=1 vage=22 vpage=22 vdt=33 vmax=67 vacc=4771 vrej=0 seq=0 elapsed=0 oled=3C
[   1952] STATUS mode=3 fault=none enc=-58 denc=0 sreq=0 sapplied=0 crate=-10 uimp=39730 upos=570 uneg=0 ball=17.87 vball=0.39 aball=-3.0 bref=0.00 pid=-10.1 pref=-45.2 ppos=-44.2 apid=-0.0 integ=15.3 vision=1 current=1 vframe=4776 vs=1 vage=9 vpage=9 vdt=33 vmax=67 vacc=4772 vrej=0 seq=0 elapsed=0 oled=3C
[   1967] STATUS mode=3 fault=none enc=-58 denc=0 sreq=0 sapplied=0 crate=-10 uimp=39730 upos=570 uneg=0 ball=17.87 vball=0.39 aball=-3.0 bref=0.00 pid=-10.1 pref=-45.2 ppos=-44.2 apid=-0.0 integ=15.3 vision=1 current=1 vframe=4776 vs=1 vage=29 vpage=29 vdt=33 vmax=67 vacc=4772 vrej=0 seq=0 elapsed=0 oled=3C
[   2000] STATUS mode=3 fault=none enc=-58 denc=0 sreq=-23 sapplied=-23 crate=-23 uimp=39060 upos=570 uneg=25 ball=17.79 vball=-0.33 aball=-3.0 bref=0.00 pid=-22.9 pref=-47.1 ppos=-44.8 apid=-0.0 integ=16.5 vision=1 current=1 vframe=4778 vs=1 vage=2 vpage=2 vdt=34 vmax=67 vacc=4774 vrej=0 seq=0 elapsed=0 oled=3C
[   2031] STATUS mode=3 fault=none enc=-59 denc=0 sreq=0 sapplied=0 crate=-15 uimp=38945 upos=570 uneg=30 ball=17.79 vball=-0.33 aball=-3.0 bref=0.00 pid=-15.4 pref=-46.5 ppos=-45.0 apid=-0.0 integ=17.7 vision=1 current=1 vframe=4778 vs=1 vage=22 vpage=22 vdt=34 vmax=67 vacc=4774 vrej=0 seq=0 elapsed=0 oled=3C
[   2045] STATUS mode=3 fault=none enc=-59 denc=0 sreq=0 sapplied=0 crate=0 uimp=38945 upos=570 uneg=30 ball=17.79 vball=-0.28 aball=-4.6 bref=0.00 pid=0.0 pref=-45.0 ppos=-45.0 apid=-0.0 integ=18.9 vision=1 current=1 vframe=4779 vs=1 vage=8 vpage=8 vdt=34 vmax=67 vacc=4775 vrej=0 seq=0 elapsed=0 oled=3C
[   2077] STATUS mode=3 fault=none enc=-59 denc=0 sreq=0 sapplied=0 crate=15 uimp=38945 upos=570 uneg=30 ball=17.79 vball=-0.20 aball=-4.6 bref=0.00 pid=15.0 pref=-43.5 ppos=-45.0 apid=-0.0 integ=20.1 vision=1 current=1 vframe=4780 vs=1 vage=15 vpage=15 vdt=33 vmax=67 vacc=4776 vrej=0 seq=0 elapsed=0 oled=3C
[   2108] STATUS mode=3 fault=none enc=-59 denc=0 sreq=0 sapplied=0 crate=15 uimp=38945 upos=570 uneg=30 ball=17.75 vball=-0.44 aball=-4.6 bref=0.00 pid=15.0 pref=-43.5 ppos=-45.0 apid=-0.0 integ=20.1 vision=1 current=1 vframe=4781 vs=1 vage=2 vpage=2 vdt=33 vmax=67 vacc=4777 vrej=0 seq=0 elapsed=0 oled=3C
[   2125] STATUS mode=3 fault=none enc=-59 denc=0 sreq=0 sapplied=0 crate=14 uimp=38945 upos=570 uneg=30 ball=17.75 vball=-0.44 aball=-4.6 bref=0.00 pid=14.2 pref=-43.5 ppos=-45.0 apid=-0.0 integ=21.3 vision=1 current=1 vframe=4781 vs=1 vage=22 vpage=22 vdt=33 vmax=67 vacc=4777 vrej=0 seq=0 elapsed=0 oled=3C
[   2156] STATUS mode=3 fault=none enc=-59 denc=0 sreq=25 sapplied=25 crate=25 uimp=39505 upos=590 uneg=30 ball=17.75 vball=-0.35 aball=-2.9 bref=0.00 pid=24.8 pref=-41.9 ppos=-44.4 apid=-0.0 integ=22.4 vision=1 current=1 vframe=4782 vs=1 vage=29 vpage=29 vdt=33 vmax=67 vacc=4778 vrej=0 seq=0 elapsed=0 oled=3C
[   2186] STATUS mode=3 fault=none enc=-59 denc=-1 sreq=48 sapplied=48 crate=48 uimp=40265 upos=610 uneg=30 ball=17.77 vball=0.02 aball=-2.9 bref=0.00 pid=47.7 pref=-38.9 ppos=-43.6 apid=-0.0 integ=23.6 vision=1 current=1 vframe=4783 vs=1 vage=16 vpage=16 vdt=33 vmax=67 vacc=4779 vrej=0 seq=0 elapsed=0 oled=3C
[   2202] STATUS mode=3 fault=none enc=-56 denc=1 sreq=39 sapplied=39 crate=39 uimp=41150 upos=630 uneg=30 ball=17.80 vball=0.21 aball=-2.9 bref=0.00 pid=38.8 pref=-38.9 ppos=-42.7 apid=-0.0 integ=23.6 vision=1 current=1 vframe=4784 vs=1 vage=2 vpage=2 vdt=34 vmax=67 vacc=4780 vrej=0 seq=0 elapsed=0 oled=3C
[   2233] STATUS mode=3 fault=none enc=-55 denc=0 sreq=64 sapplied=64 crate=64 uimp=43240 upos=670 uneg=30 ball=17.83 vball=0.44 aball=2.0 bref=0.00 pid=63.5 pref=-34.3 ppos=-40.7 apid=0.0 integ=26.0 vision=1 current=1 vframe=4785 vs=1 vage=9 vpage=9 vdt=33 vmax=67 vacc=4781 vrej=0 seq=0 elapsed=0 oled=3C
[   2265] STATUS mode=3 fault=none enc=-53 denc=-1 sreq=52 sapplied=52 crate=52 uimp=44415 upos=690 uneg=30 ball=17.83 vball=0.44 aball=2.0 bref=0.00 pid=51.8 pref=-34.3 ppos=-39.5 apid=0.0 integ=26.0 vision=1 current=1 vframe=4785 vs=1 vage=29 vpage=29 vdt=33 vmax=67 vacc=4781 vrej=0 seq=0 elapsed=0 oled=3C
[   2281] STATUS mode=3 fault=none enc=-52 denc=0 sreq=37 sapplied=37 crate=37 uimp=45320 upos=710 uneg=30 ball=17.80 vball=0.09 aball=2.0 bref=0.00 pid=37.0 pref=-34.9 ppos=-38.6 apid=0.0 integ=27.2 vision=1 current=1 vframe=4786 vs=1 vage=15 vpage=15 vdt=34 vmax=67 vacc=4782 vrej=0 seq=0 elapsed=0 oled=3C
[   2311] STATUS mode=3 fault=none enc=-51 denc=1 sreq=30 sapplied=30 crate=30 uimp=46005 upos=730 uneg=30 ball=17.79 vball=-0.02 aball=2.0 bref=0.00 pid=30.1 pref=-34.9 ppos=-37.9 apid=0.0 integ=27.2 vision=1 current=1 vframe=4787 vs=1 vage=2 vpage=2 vdt=33 vmax=67 vacc=4783 vrej=0 seq=0 elapsed=0 oled=3C
[   2342] STATUS mode=3 fault=none enc=-49 denc=1 sreq=34 sapplied=34 crate=34 uimp=47255 upos=770 uneg=30 ball=17.79 vball=-0.05 aball=-1.1 bref=0.00 pid=34.0 pref=-33.2 ppos=-36.6 apid=-0.0 integ=29.6 vision=1 current=1 vframe=4788 vs=1 vage=9 vpage=9 vdt=33 vmax=67 vacc=4784 vrej=0 seq=0 elapsed=0 oled=3C
[   2358] STATUS mode=3 fault=none enc=-49 denc=0 sreq=28 sapplied=28 crate=28 uimp=47885 upos=790 uneg=30 ball=17.79 vball=-0.05 aball=-1.1 bref=0.00 pid=27.7 pref=-33.2 ppos=-36.0 apid=-0.0 integ=29.6 vision=1 current=1 vframe=4788 vs=1 vage=29 vpage=29 vdt=33 vmax=67 vacc=4784 vrej=0 seq=0 elapsed=0 oled=3C
[   2390] STATUS mode=3 fault=none enc=-48 denc=-1 sreq=26 sapplied=26 crate=26 uimp=48440 upos=810 uneg=30 ball=17.77 vball=-0.20 aball=-1.1 bref=0.00 pid=26.5 pref=-32.8 ppos=-35.5 apid=-0.0 integ=30.8 vision=1 current=1 vframe=4789 vs=1 vage=15 vpage=15 vdt=34 vmax=67 vacc=4785 vrej=0 seq=0 elapsed=0 oled=3C
[   2420] STATUS mode=3 fault=none enc=-46 denc=1 sreq=24 sapplied=24 crate=24 uimp=49450 upos=850 uneg=30 ball=17.76 vball=-0.27 aball=-1.1 bref=0.00 pid=24.5 pref=-32.0 ppos=-34.4 apid=-0.0 integ=31.9 vision=1 current=1 vframe=4790 vs=1 vage=22 vpage=22 vdt=33 vmax=67 vacc=4786 vrej=0 seq=0 elapsed=0 oled=3C
[   2436] STATUS mode=3 fault=none enc=-45 denc=1 sreq=40 sapplied=40 crate=40 uimp=50005 upos=870 uneg=30 ball=17.77 vball=-0.10 aball=-0.8 bref=0.00 pid=39.6 pref=-29.9 ppos=-33.9 apid=-0.0 integ=33.1 vision=1 current=1 vframe=4791 vs=1 vage=8 vpage=8 vdt=34 vmax=67 vacc=4787 vrej=0 seq=0 elapsed=0 oled=3C
[   2467] STATUS mode=3 fault=none enc=-45 denc=0 sreq=32 sapplied=32 crate=32 uimp=50745 upos=890 uneg=30 ball=17.77 vball=-0.10 aball=-0.8 bref=0.00 pid=32.2 pref=-29.9 ppos=-33.2 apid=-0.0 integ=33.1 vision=1 current=1 vframe=4791 vs=1 vage=28 vpage=28 vdt=34 vmax=67 vacc=4787 vrej=0 seq=0 elapsed=0 oled=3C
[   2500] STATUS mode=3 fault=none enc=-42 denc=1 sreq=35 sapplied=35 crate=35 uimp=52300 upos=930 uneg=30 ball=17.78 vball=0.05 aball=-0.8 bref=0.00 pid=34.7 pref=-28.1 ppos=-31.6 apid=-0.0 integ=34.3 vision=1 current=1 vframe=4793 vs=1 vage=1 vpage=1 vdt=35 vmax=67 vacc=4789 vrej=0 seq=0 elapsed=0 oled=3C
[   2515] STATUS mode=3 fault=none enc=-41 denc=1 sreq=40 sapplied=40 crate=40 uimp=53135 upos=950 uneg=30 ball=17.78 vball=0.05 aball=-0.8 bref=0.00 pid=39.8 pref=-26.8 ppos=-30.8 apid=-0.0 integ=35.5 vision=1 current=1 vframe=4793 vs=1 vage=21 vpage=21 vdt=35 vmax=67 vacc=4789 vrej=0 seq=0 elapsed=0 oled=3C
[   2545] STATUS mode=3 fault=none enc=-40 denc=1 sreq=44 sapplied=44 crate=44 uimp=53935 upos=970 uneg=30 ball=17.78 vball=0.05 aball=0.2 bref=0.00 pid=43.5 pref=-25.6 ppos=-30.0 apid=0.0 integ=36.7 vision=1 current=1 vframe=4794 vs=1 vage=8 vpage=8 vdt=33 vmax=67 vacc=4790 vrej=0 seq=0 elapsed=0 oled=3C
[   2577] STATUS mode=3 fault=none enc=-39 denc=0 sreq=38 sapplied=38 crate=38 uimp=55495 upos=1010 uneg=30 ball=17.78 vball=0.03 aball=0.2 bref=0.00 pid=38.3 pref=-24.6 ppos=-28.4 apid=0.0 integ=37.8 vision=1 current=1 vframe=4795 vs=1 vage=16 vpage=16 vdt=32 vmax=67 vacc=4791 vrej=0 seq=0 elapsed=0 oled=3C
[   2592] STATUS mode=3 fault=none enc=-39 denc=-1 sreq=31 sapplied=31 crate=31 uimp=56205 upos=1030 uneg=30 ball=17.77 vball=-0.11 aball=0.2 bref=0.00 pid=31.2 pref=-24.6 ppos=-27.7 apid=0.0 integ=37.8 vision=1 current=1 vframe=4796 vs=1 vage=2 vpage=2 vdt=34 vmax=67 vacc=4792 vrej=0 seq=0 elapsed=0 oled=3C
[   2625] STATUS mode=3 fault=none enc=-37 denc=1 sreq=30 sapplied=30 crate=30 uimp=56855 upos=1050 uneg=30 ball=17.77 vball=-0.11 aball=0.2 bref=0.00 pid=29.7 pref=-24.1 ppos=-27.0 apid=0.0 integ=39.0 vision=1 current=1 vframe=4796 vs=1 vage=22 vpage=22 vdt=34 vmax=67 vacc=4792 vrej=0 seq=0 elapsed=0 oled=3C
[   2656] STATUS mode=3 fault=none enc=-36 denc=2 sreq=32 sapplied=32 crate=32 uimp=57450 upos=1070 uneg=30 ball=17.76 vball=-0.18 aball=-0.9 bref=0.00 pid=31.8 pref=-23.3 ppos=-26.4 apid=-0.0 integ=40.2 vision=1 current=1 vframe=4797 vs=1 vage=9 vpage=9 vdt=33 vmax=67 vacc=4793 vrej=0 seq=0 elapsed=0 oled=3C
[   2686] STATUS mode=3 fault=none enc=-36 denc=-1 sreq=33 sapplied=33 crate=33 uimp=58650 upos=1110 uneg=30 ball=17.75 vball=-0.16 aball=-0.9 bref=0.00 pid=32.8 pref=-22.0 ppos=-25.2 apid=-0.0 integ=41.4 vision=1 current=1 vframe=4798 vs=1 vage=15 vpage=15 vdt=34 vmax=67 vacc=4794 vrej=0 seq=0 elapsed=0 oled=3C
[   2702] STATUS mode=3 fault=none enc=-35 denc=0 sreq=27 sapplied=27 crate=27 uimp=59260 upos=1130 uneg=30 ball=17.75 vball=-0.12 aball=-0.9 bref=0.00 pid=26.7 pref=-22.0 ppos=-24.6 apid=-0.0 integ=41.4 vision=1 current=1 vframe=4799 vs=1 vage=2 vpage=2 vdt=33 vmax=67 vacc=4795 vrej=0 seq=0 elapsed=0 oled=3C
[   2733] STATUS mode=3 fault=none enc=-34 denc=0 sreq=33 sapplied=33 crate=33 uimp=59950 upos=1150 uneg=30 ball=17.75 vball=-0.12 aball=-0.9 bref=0.00 pid=33.5 pref=-20.6 ppos=-23.9 apid=-0.0 integ=42.6 vision=1 current=1 vframe=4799 vs=1 vage=22 vpage=22 vdt=33 vmax=67 vacc=4795 vrej=0 seq=0 elapsed=0 oled=3C
[   2765] STATUS mode=3 fault=none enc=-33 denc=0 sreq=0 sapplied=0 crate=19 uimp=60425 upos=1165 uneg=30 ball=17.70 vball=-0.53 aball=-2.1 bref=0.00 pid=19.3 pref=-21.5 ppos=-23.5 apid=-0.0 integ=43.8 vision=1 current=1 vframe=4800 vs=1 vage=29 vpage=29 vdt=33 vmax=67 vacc=4796 vrej=0 seq=0 elapsed=0 oled=3C
[   2781] STATUS mode=3 fault=none enc=-33 denc=0 sreq=30 sapplied=30 crate=30 uimp=60745 upos=1175 uneg=30 ball=17.69 vball=-0.50 aball=-2.1 bref=0.00 pid=29.5 pref=-20.2 ppos=-23.2 apid=-0.0 integ=45.0 vision=1 current=1 vframe=4801 vs=1 vage=15 vpage=15 vdt=34 vmax=67 vacc=4797 vrej=0 seq=0 elapsed=0 oled=3C
[   2811] STATUS mode=3 fault=none enc=-33 denc=-1 sreq=24 sapplied=24 crate=24 uimp=61295 upos=1195 uneg=30 ball=17.68 vball=-0.38 aball=-2.1 bref=0.00 pid=24.0 pref=-20.2 ppos=-22.6 apid=-0.0 integ=45.0 vision=1 current=1 vframe=4802 vs=1 vage=2 vpage=2 vdt=33 vmax=67 vacc=4798 vrej=0 seq=0 elapsed=0 oled=3C
[   2842] STATUS mode=3 fault=none enc=-30 denc=1 sreq=37 sapplied=37 crate=37 uimp=62675 upos=1235 uneg=30 ball=17.67 vball=-0.43 aball=-0.7 bref=0.00 pid=36.8 pref=-17.5 ppos=-21.2 apid=-0.0 integ=47.3 vision=1 current=1 vframe=4803 vs=1 vage=9 vpage=9 vdt=33 vmax=67 vacc=4799 vrej=0 seq=0 elapsed=0 oled=3C
[   2858] STATUS mode=3 fault=none enc=-30 denc=0 sreq=30 sapplied=30 crate=30 uimp=63360 upos=1255 uneg=30 ball=17.67 vball=-0.43 aball=-0.7 bref=0.00 pid=30.0 pref=-17.5 ppos=-20.5 apid=-0.0 integ=47.3 vision=1 current=1 vframe=4803 vs=1 vage=29 vpage=29 vdt=33 vmax=67 vacc=4799 vrej=0 seq=0 elapsed=0 oled=3C
[   2890] STATUS mode=3 fault=none enc=-29 denc=0 sreq=35 sapplied=35 crate=35 uimp=64030 upos=1275 uneg=30 ball=17.65 vball=-0.43 aball=-0.7 bref=0.00 pid=35.0 pref=-16.4 ppos=-19.9 apid=-0.0 integ=48.5 vision=1 current=1 vframe=4804 vs=1 vage=15 vpage=15 vdt=34 vmax=67 vacc=4800 vrej=0 seq=0 elapsed=0 oled=3C
[   2920] STATUS mode=3 fault=none enc=-27 denc=0 sreq=50 sapplied=50 crate=50 uimp=65820 upos=1315 uneg=30 ball=17.69 vball=-0.00 aball=-0.7 bref=0.00 pid=50.1 pref=-13.1 ppos=-18.1 apid=-0.0 integ=49.6 vision=1 current=1 vframe=4805 vs=1 vage=24 vpage=24 vdt=31 vmax=67 vacc=4801 vrej=0 seq=0 elapsed=0 oled=3C
[   2936] STATUS mode=3 fault=none enc=-24 denc=2 sreq=65 sapplied=65 crate=65 uimp=66880 upos=1335 uneg=30 ball=17.72 vball=0.27 aball=2.8 bref=0.00 pid=65.4 pref=-10.5 ppos=-17.0 apid=0.0 integ=50.8 vision=1 current=1 vframe=4806 vs=1 vage=10 vpage=10 vdt=34 vmax=67 vacc=4802 vrej=0 seq=0 elapsed=0 oled=3C
[   2967] STATUS mode=3 fault=none enc=-24 denc=-1 sreq=53 sapplied=53 crate=53 uimp=68090 upos=1355 uneg=30 ball=17.72 vball=0.27 aball=2.8 bref=0.00 pid=53.3 pref=-10.5 ppos=-15.8 apid=0.0 integ=50.8 vision=1 current=1 vframe=4806 vs=1 vage=30 vpage=30 vdt=34 vmax=67 vacc=4802 vrej=0 seq=0 elapsed=0 oled=3C
[   3000] STATUS mode=3 fault=none enc=-22 denc=0 sreq=30 sapplied=30 crate=30 uimp=69800 upos=1395 uneg=30 ball=17.66 vball=-0.31 aball=2.8 bref=0.00 pid=30.2 pref=-11.1 ppos=-14.1 apid=0.0 integ=53.2 vision=1 current=1 vframe=4808 vs=1 vage=3 vpage=3 vdt=33 vmax=67 vacc=4804 vrej=0 seq=0 elapsed=0 oled=3C
[   3015] STATUS mode=3 fault=none enc=-21 denc=0 sreq=25 sapplied=25 crate=25 uimp=70360 upos=1415 uneg=30 ball=17.66 vball=-0.31 aball=2.8 bref=0.00 pid=24.6 pref=-11.1 ppos=-13.5 apid=0.0 integ=53.2 vision=1 current=1 vframe=4808 vs=1 vage=23 vpage=23 vdt=33 vmax=67 vacc=4804 vrej=0 seq=0 elapsed=0 oled=3C
[   3045] STATUS mode=3 fault=none enc=-21 denc=0 sreq=28 sapplied=28 crate=28 uimp=70855 upos=1435 uneg=30 ball=17.65 vball=-0.37 aball=-1.4 bref=0.00 pid=27.8 pref=-10.3 ppos=-13.0 apid=-0.0 integ=54.3 vision=1 current=1 vframe=4809 vs=1 vage=11 vpage=11 vdt=32 vmax=67 vacc=4805 vrej=0 seq=0 elapsed=0 oled=3C
[   3077] STATUS mode=3 fault=none enc=-18 denc=0 sreq=-71 sapplied=-71 crate=-71 uimp=70725 upos=1460 uneg=40 ball=17.39 vball=-2.53 aball=-1.4 bref=0.00 pid=-70.6 pref=-20.2 ppos=-13.2 apid=-0.0 integ=55.5 vision=1 current=1 vframe=4810 vs=1 vage=18 vpage=18 vdt=33 vmax=67 vacc=4806 vrej=0 seq=0 elapsed=0 oled=3C
[   3108] STATUS mode=3 fault=none enc=-19 denc=0 sreq=40 sapplied=0 crate=40 uimp=69415 upos=1460 uneg=60 ball=17.48 vball=-0.84 aball=-1.4 bref=0.00 pid=40.0 pref=-10.5 ppos=-14.5 apid=-0.0 integ=56.6 vision=1 current=1 vframe=4811 vs=1 vage=4 vpage=4 vdt=34 vmax=67 vacc=4807 vrej=0 seq=0 elapsed=0 oled=3C
[   3125] STATUS mode=3 fault=none enc=-20 denc=1 sreq=34 sapplied=34 crate=34 uimp=69985 upos=1475 uneg=60 ball=17.48 vball=-0.84 aball=-1.4 bref=0.00 pid=34.3 pref=-10.5 ppos=-13.9 apid=-0.0 integ=56.6 vision=1 current=1 vframe=4811 vs=1 vage=24 vpage=24 vdt=34 vmax=67 vacc=4807 vrej=0 seq=0 elapsed=0 oled=3C
[   3156] STATUS mode=3 fault=none enc=-19 denc=1 sreq=66 sapplied=66 crate=66 uimp=70825 upos=1495 uneg=60 ball=17.50 vball=-0.27 aball=-0.3 bref=0.00 pid=66.2 pref=-6.5 ppos=-13.1 apid=-0.0 integ=57.8 vision=1 current=1 vframe=4812 vs=1 vage=11 vpage=11 vdt=33 vmax=67 vacc=4808 vrej=0 seq=0 elapsed=0 oled=3C
[   3186] STATUS mode=3 fault=none enc=-15 denc=2 sreq=100 sapplied=100 crate=100 uimp=73990 upos=1535 uneg=60 ball=17.61 vball=0.78 aball=-0.3 bref=0.00 pid=100.0 pref=0.1 ppos=-9.9 apid=-0.0 integ=59.0 vision=1 current=1 vframe=4813 vs=1 vage=18 vpage=18 vdt=33 vmax=67 vacc=4809 vrej=0 seq=0 elapsed=0 oled=3C
[   3202] STATUS mode=3 fault=none enc=-12 denc=2 sreq=104 sapplied=104 crate=104 uimp=75845 upos=1555 uneg=60 ball=17.66 vball=0.98 aball=-0.3 bref=0.00 pid=103.7 pref=2.3 ppos=-8.1 apid=-0.0 integ=60.1 vision=1 current=1 vframe=4814 vs=1 vage=5 vpage=5 vdt=33 vmax=67 vacc=4810 vrej=0 seq=0 elapsed=0 oled=3C
[   3233] STATUS mode=3 fault=none enc=-11 denc=1 sreq=84 sapplied=84 crate=84 uimp=77770 upos=1575 uneg=60 ball=17.66 vball=0.98 aball=-0.3 bref=0.00 pid=84.4 pref=2.3 ppos=-6.1 apid=-0.0 integ=60.1 vision=1 current=1 vframe=4814 vs=1 vage=25 vpage=25 vdt=33 vmax=67 vacc=4810 vrej=0 seq=0 elapsed=0 oled=3C
[   3265] STATUS mode=3 fault=none enc=-6 denc=1 sreq=70 sapplied=70 crate=70 uimp=81025 upos=1615 uneg=60 ball=17.71 vball=1.09 aball=6.0 bref=0.00 pid=70.0 pref=4.1 ppos=-2.9 apid=0.0 integ=61.3 vision=1 current=1 vframe=4815 vs=1 vage=31 vpage=31 vdt=34 vmax=67 vacc=4811 vrej=0 seq=0 elapsed=0 oled=3C
[   3281] STATUS mode=3 fault=none enc=-5 denc=0 sreq=71 sapplied=71 crate=71 uimp=82560 upos=1635 uneg=60 ball=17.75 vball=1.17 aball=6.0 bref=0.00 pid=70.9 pref=5.8 ppos=-1.3 apid=0.0 integ=62.5 vision=1 current=1 vframe=4816 vs=1 vage=18 vpage=18 vdt=33 vmax=67 vacc=4812 vrej=0 seq=0 elapsed=0 oled=3C
[   3311] STATUS mode=3 fault=none enc=-2 denc=2 sreq=67 sapplied=67 crate=67 uimp=83875 upos=1655 uneg=60 ball=17.79 vball=1.11 aball=6.0 bref=0.00 pid=67.3 pref=6.7 ppos=-0.0 apid=0.0 integ=63.7 vision=1 current=1 vframe=4817 vs=1 vage=4 vpage=4 vdt=34 vmax=67 vacc=4813 vrej=0 seq=0 elapsed=0 oled=3C
[   3327] STATUS mode=3 fault=none enc=-1 denc=0 sreq=43 sapplied=43 crate=43 uimp=86130 upos=1695 uneg=60 ball=17.79 vball=0.84 aball=2.1 bref=0.00 pid=43.0 pref=6.5 ppos=2.2 apid=0.0 integ=64.9 vision=1 current=1 vframe=4818 vs=1 vage=11 vpage=11 vdt=33 vmax=67 vacc=4814 vrej=0 seq=0 elapsed=0 oled=3C
[   3358] STATUS mode=3 fault=none enc=0 denc=0 sreq=35 sapplied=35 crate=35 uimp=86930 upos=1715 uneg=60 ball=17.79 vball=0.84 aball=2.1 bref=0.00 pid=35.0 pref=6.5 ppos=3.0 apid=0.0 integ=64.9 vision=1 current=1 vframe=4818 vs=1 vage=31 vpage=31 vdt=33 vmax=67 vacc=4814 vrej=0 seq=0 elapsed=0 oled=3C
[   3390] STATUS mode=3 fault=none enc=1 denc=0 sreq=27 sapplied=27 crate=27 uimp=87550 upos=1735 uneg=60 ball=17.79 vball=0.57 aball=2.1 bref=0.00 pid=27.0 pref=6.4 ppos=3.7 apid=0.0 integ=66.1 vision=1 current=1 vframe=4819 vs=1 vage=18 vpage=18 vdt=33 vmax=67 vacc=4815 vrej=0 seq=0 elapsed=0 oled=3C
[   3406] STATUS mode=3 fault=none enc=1 denc=0 sreq=0 sapplied=0 crate=16 uimp=88050 upos=1755 uneg=60 ball=17.77 vball=0.22 aball=2.1 bref=0.00 pid=16.4 pref=5.8 ppos=4.2 apid=0.0 integ=67.3 vision=1 current=1 vframe=4820 vs=1 vage=4 vpage=4 vdt=34 vmax=67 vacc=4816 vrej=0 seq=0 elapsed=0 oled=3C
[   3436] STATUS mode=3 fault=none enc=2 denc=0 sreq=0 sapplied=0 crate=17 uimp=88050 upos=1755 uneg=60 ball=17.75 vball=0.00 aball=-2.6 bref=0.00 pid=16.9 pref=5.8 ppos=4.2 apid=-0.0 integ=68.4 vision=1 current=1 vframe=4821 vs=1 vage=11 vpage=11 vdt=33 vmax=67 vacc=4817 vrej=0 seq=0 elapsed=0 oled=3C
[   3467] STATUS mode=3 fault=none enc=2 denc=0 sreq=0 sapplied=0 crate=17 uimp=88050 upos=1755 uneg=60 ball=17.75 vball=0.00 aball=-2.6 bref=0.00 pid=16.9 pref=5.8 ppos=4.2 apid=-0.0 integ=68.4 vision=1 current=1 vframe=4821 vs=1 vage=31 vpage=31 vdt=33 vmax=67 vacc=4817 vrej=0 seq=0 elapsed=0 oled=3C
[   3483] STATUS mode=3 fault=none enc=2 denc=0 sreq=24 sapplied=24 crate=24 uimp=88305 upos=1765 uneg=60 ball=17.75 vball=-0.05 aball=-2.6 bref=0.00 pid=23.9 pref=6.8 ppos=4.4 apid=-0.0 integ=69.6 vision=1 current=1 vframe=4822 vs=1 vage=17 vpage=17 vdt=34 vmax=67 vacc=4818 vrej=0 seq=0 elapsed=0 oled=3C
[   3515] STATUS mode=3 fault=none enc=3 denc=0 sreq=25 sapplied=25 crate=25 uimp=89330 upos=1805 uneg=60 ball=17.75 vball=-0.05 aball=-2.6 bref=0.00 pid=25.3 pref=8.0 ppos=5.4 apid=-0.0 integ=70.8 vision=1 current=1 vframe=4823 vs=1 vage=24 vpage=24 vdt=33 vmax=67 vacc=4819 vrej=0 seq=0 elapsed=0 oled=3C
[   3545] STATUS mode=3 fault=none enc=5 denc=2 sreq=32 sapplied=32 crate=32 uimp=89860 upos=1825 uneg=60 ball=17.74 vball=-0.04 aball=-1.6 bref=0.00 pid=32.1 pref=9.2 ppos=6.0 apid=-0.0 integ=72.0 vision=1 current=1 vframe=4824 vs=1 vage=11 vpage=11 vdt=33 vmax=67 vacc=4820 vrej=0 seq=0 elapsed=0 oled=3C
[   3561] STATUS mode=3 fault=none enc=5 denc=0 sreq=26 sapplied=26 crate=26 uimp=90460 upos=1845 uneg=60 ball=17.74 vball=-0.04 aball=-1.6 bref=0.00 pid=26.1 pref=9.2 ppos=6.6 apid=-0.0 integ=72.0 vision=1 current=1 vframe=4824 vs=1 vage=31 vpage=31 vdt=33 vmax=67 vacc=4820 vrej=0 seq=0 elapsed=0 oled=3C
[   3592] STATUS mode=3 fault=none enc=4 denc=-1 sreq=-300 sapplied=-300 crate=-300 uimp=88350 upos=1850 uneg=70 ball=16.97 vball=-6.79 aball=-1.6 bref=0.00 pid=-299.5 pref=-25.5 ppos=4.5 apid=-0.0 integ=72.0 vision=1 current=1 vframe=4825 vs=1 vage=18 vpage=18 vdt=33 vmax=67 vacc=4821 vrej=0 seq=0 elapsed=0 oled=3C
[   3625] STATUS mode=3 fault=none enc=-8 denc=-1 sreq=-228 sapplied=-228 crate=-228 uimp=77600 upos=1850 uneg=110 ball=16.66 vball=-7.43 aball=-1.6 bref=0.00 pid=-227.7 pref=-29.1 ppos=-6.3 apid=-0.0 integ=72.0 vision=1 current=1 vframe=4826 vs=1 vage=24 vpage=24 vdt=34 vmax=67 vacc=4822 vrej=0 seq=0 elapsed=0 oled=3C
[   3656] STATUS mode=3 fault=none enc=-15 denc=-2 sreq=-263 sapplied=-263 crate=-263 uimp=72965 upos=1850 uneg=130 ball=16.24 vball=-8.96 aball=-41.4 bref=0.00 pid=-262.9 pref=-37.2 ppos=-10.9 apid=-0.0 integ=72.0 vision=1 current=1 vframe=4827 vs=1 vage=12 vpage=12 vdt=32 vmax=67 vacc=4823 vrej=0 seq=0 elapsed=0 oled=3C
[   3670] STATUS mode=3 fault=none enc=-24 denc=1 sreq=-110 sapplied=-110 crate=-110 uimp=65190 upos=1850 uneg=170 ball=16.11 vball=-7.42 aball=-41.4 bref=0.00 pid=-109.7 pref==-37.2 ppos=-15.8 apid=-0.0 integ=72.0 vision=1 current=1 vframe=4827 vs=1 vage=32 vpage=32 vdt=32 vmax=67 vacc=4823 vrej=0 seq=0 elapsed=0 oled=3C
[   3702] STATUS mode=3 fault=none enc=-27 denc=0 sreq=0 sapplied=0 crate=6 uimp=63155 upos=1850 uneg=190 ball=16.10 vball=-5.32 aball=-41.4 bref=0.00 pid=15.5 pref=-19.2 ppos=-20.7 apid=-0.0 integ=72.0 vision=1 current=1 vframe=4829 vs=1 vage=3 vpage=3 vdt=35 vmax=67 vacc=4825 vrej=0 seq=0 elapsed=0 oled=3C
[   3733] STATUS mode=3 fault=none enc=-28 denc=0 sreq=0 sapplied=0 crate=16 uimp=63155 upos=1850 uneg=190 ball=16.10 vball=-5.32 aball=-41.4 bref=0.00 pid=15.5 pref=-19.2 ppos=-20.7 apid=-0.0 integ=72.0 vision=1 current=1 vframe=4829 vs=1 vage=23 vpage=23 vdt=35 vmax=67 vacc=4825 vrej=0 seq=0 elapsed=0 oled=3C
[   3750] STATUS mode=3 fault=none enc=-32 denc=-1 sreq=-182 sapplied=-182 crate=-182 uimp=58790 upos=1850 uneg=215 ball=15.39 vball=-9.97 aball=-7.2 bref=0.00 pid=-221.3 pref=-43.3 ppos=-21.2 apid=-0.0 integ=72.0 vision=1 current=1 vframe=4830 vs=1 vage=10 vpage=10 vdt=33 vmax=67 vacc=4826 vrej=0 seq=0 elapsed=0 oled=3C
[   3781] STATUS mode=3 fault=none enc=-38 denc=-2 sreq=-277 sapplied=-277 crate=-277 uimp=54195 upos=1850 uneg=235 ball=14.75 vball=-12.63 aball=-27.2 bref=0.00 pid=-276.6 pref=-57.4 ppos=-29.7 apid=-0.0 integ=-0.0 vision=1 current=1 vframe=4831 vs=1 vage=16 vpage=16 vdt=34 vmax=67 vacc=4827 vrej=0 seq=0 elapsed=0 oled=3C
[   3811] STATUS mode=3 fault=none enc=-45 denc=-2 sreq=-171 sapplied=-171 crate=-171 uimp=49060 upos=1850 uneg=255 ball=14.46 vball=-11.48 aball=-27.2 bref=0.00 pid=-171.2 pref=-52.0 ppos=-34.8 apid=-0.0 integ=-0.0 vision=1 current=1 vframe=4832 vs=1 vage=4 vpage=4 vdt=32 vmax=67 vacc=4828 vrej=0 seq=0 elapsed=0 oled=3C
[   3842] STATUS mode=3 fault=none enc=-52 denc=-1 sreq=-131 sapplied=-131 crate=-131 uimp=43205 upos=1850 uneg=295 ball=14.07 vball=-11.76 aball=-23.0 bref=0.00 pid=-131.4 pref=-53.8 ppos=-40.7 apid=-0.0 integ=-0.0 vision=1 current=1 vframe=4833 vs=1 vage=9 vpage=9 vdt=35 vmax=67 vacc=4829 vrej=0 seq=0 elapsed=0 oled=3C
[   3858] STATUS mode=3 fault=none enc=-55 denc=-1 sreq=-107 sapplied=-107 crate=-107 uimp=40765 upos=1850 uneg=315 ball=14.07 vball=-11.76 aball=-23.0 bref=0.00 pid=-107.0 pref=-53.8 ppos=-43.1 apid=-0.0 integ=-0.0 vision=1 current=1 vframe=4833 vs=1 vage=29 vpage=29 vdt=35 vmax=67 vacc=4829 vrej=0 seq=0 elapsed=0 oled=3C
[   3890] STATUS mode=3 fault=none enc=-58 denc=1 sreq=-115 sapplied=-115 crate=-115 uimp=38480 upos=1850 uneg=335 ball=13.62 vball=-12.26 aball=-23.0 bref=0.00 pid=-114.5 pref=-56.9 ppos=-45.4 apid=-0.0 integ=-0.0 vision=1 current=1 vframe=4834 vs=1 vage=16 vpage=16 vdt=33 vmax=67 vacc=4830 vrej=0 seq=0 elapsed=0 oled=3C
[   3920] STATUS mode=3 fault=none enc=-65 denc=-3 sreq=-253 sapplied=-253 crate=-253 uimp=32195 upos=1850 uneg=375 ball=12.75 vball=-16.08 aball=-23.0 bref=0.00 pid=-253.1 pref=-77.0 ppos=-51.7 apid=-0.0 integ=-0.0 vision=1 current=1 vframe=4835 vs=1 vage=22 vpage=22 vdt=34 vmax=67 vacc=4831 vrej=0 seq=0 elapsed=0 oled=3C
[   3952] STATUS mode=3 fault=none enc=-69 denc=0 sreq=-150 sapplied=-150 crate=-150 uimp=27800 upos=1850 uneg=395 ball=12.35 vball=-14.81 aball=-26.4 bref=0.00 pid=-150.4 pref=-71.1 ppos=-56.1 apid=-0.0 integ=-0.0 vision=1 current=1 vframe=4836 vs=1 vage=9 vpage=9 vdt=33 vmax=67 vacc=4832 vrej=0 seq=0 elapsed=0 oled=3C
[   3967] STATUS mode=3 fault=none enc=-74 denc=-2 sreq=-123 sapplied=-123 crate=-123 uimp=25010 upos=1850 uneg=415 ball=12.35 vball=-14.81 aball=-26.4 bref=0.00 pid=-122.5 pref=-71.1 ppos=-58.9 apid=-0.0 integ=-0.0 vision=1 current=1 vframe=4836 vs=1 vage=29 vpage=29 vdt=33 vmax=67 vacc=4832 vrej=0 seq=0 elapsed=0 oled=3C
[   4000] STATUS mode=3 fault=none enc=-76 denc=0 sreq=0 sapplied=0 crate=0 uimp=23815 upos=1850 uneg=425 ball=11.53 vball=-13.79 aball=-26.4 bref=0.00 pid=0.0 pref=-60.6 ppos=-60.1 apid=-0.0 integ=-0.0 vision=1 current=1 vframe=4838 vs=1 vage=2 vpage=2 vdt=33 vmax=67 vacc=4834 vrej=0 seq=0 elapsed=0 oled=3C
[   4031] STATUS mode=3 fault=none enc=-76 denc=0 sreq=-60 sapplied=-60 crate=-60 uimp=22825 upos=1850 uneg=440 ball=11.53 vball=-13.79 aball=-26.4 bref=0.00 pid=-59.5 pref=-67.0 ppos=-61.1 apid=-0.0 integ=-0.0 vision=1 current=1 vframe=4838 vs=1 vage=22 vpage=22 vdt=33 vmax=67 vacc=4834 vrej=0 seq=0 elapsed=0 oled=3C
[   4061] STATUS mode=3 fault=none enc=-79 denc=-2 sreq=-163 sapplied=-163 crate=-163 uimp=21200 upos=1850 uneg=460 ball=10.81 vball=-16.01 aball=-19.9 bref=0.00 pid=-162.9 pref=-79.0 ppos=-62.7 apid=-0.0 integ=-0.0 vision=1 current=1 vframe=4839 vs=1 vage=9 vpage=9 vdt=33 vmax=67 vacc=4835 vrej=0 seq=0 elapsed=0 oled=3C
[   4077] STATUS mode=3 fault=none enc=-86 denc=-2 sreq=-265 sapplied=-265 crate=-265 uimp=14355 upos=1850 uneg=500 ball=9.90 vball=-19.21 aball=-19.9 bref=0.00 pid=-265.4 pref=-96.1 ppos=-69.5 apid=-0.0 integ=-0.0 vision=1 current=1 vframe=4840 vs=1 vage=16 vpage=16 vdt=33 vmax=67 vacc=4836 vrej=0 seq=0 elapsed=0 oled=3C
[   4108] STATUS mode=3 fault=none enc=-92 denc=-2 sreq=-216 sapplied=-216 crate=-216 uimp=9430 upos=1850 uneg=520 ball=9.12 vball=-20.26 aball=-19.9 bref=0.00 pid=-216.1 pref=-96.1 ppos=-74.5 apid=-0.0 integ=-0.0 vision=1 current=1 vframe=4841 vs=1 vage=2 vpage=2 vdt=34 vmax=67 vacc=4837 vrej=0 seq=0 elapsed=0 oled=3C
[   4140] STATUS mode=3 fault=none enc=-102 denc=1 sreq=-143 sapplied=-143 crate=-143 uimp=515 upos=1850 uneg=560 ball=8.57 vball=-19.21 aball=-25.3 bref=0.00 pid=-143.0 pref=-97.7 ppos=-83.4 apid=-0.0 integ=-0.0 vision=1 current=1 vframe=4842 vs=1 vage=9 vpage=9 vdt=33 vmax=67 vacc=4838 vrej=0 seq=0 elapsed=0 oled=3C
[   4170] STATUS mode=3 fault=none enc=-107 denc=-2 sreq=-116 sapplied=-116 crate=-116 uimp=-2140 upos=1850 uneg=580 ball=8.57 vball=-19.21 aball=-25.3 bref=0.00 pid=-116.4 pref=-97.7 ppos=-86.0 apid=-0.0 integ=-0.0 vision=1 current=1 vframe=4842 vs=1 vage=29 vpage=29 vdt=33 vmax=67 vacc=4838 vrej=0 seq=0 elapsed=0 oled=3C
[   4186] STATUS mode=3 fault=none enc=-110 denc=-1 sreq=-121 sapplied=-121 crate=-121 uimp=-4585 upos=1850 uneg=600 ball=7.89 vball=-19.63 aball=-25.3 bref=0.00 pid=-121.1 pref=-100.6 ppos=-88.5 apid=-0.0 integ=-0.0 vision=1 current=1 vframe=4843 vs=1 vage=16 vpage=16 vdt=33 vmax=67 vacc=4839 vrej=0 seq=0 elapsed=0 oled=3C
[   4217] STATUS mode=3 fault=none enc=-113 denc=0 sreq=39 sapplied=39 crate=39 uimp=-6410 upos=1860 uneg=620 ball=7.55 vball=-16.72 aball=-25.3 bref=0.00 pid=38.6 pref=-86.4 ppos=-90.3 apid=-0.0 integ=-0.0 vision=1 current=1 vframe=4844 vs=1 vage=23 vpage=23 vdt=33 vmax=67 vacc=4840 vrej=0 seq=0 elapsed=0 oled=3C
[   4250] STATUS mode=3 fault=none enc=-111 denc=2 sreq=86 sapplied=86 crate=86 uimp=-5405 upos=1880 uneg=620 ball=7.13 vball=-15.47 aball=2.9 bref=0.00 pid=86.0 pref=-80.7 ppos=-89.3 apid=0.0 integ=-0.0 vision=1 current=1 vframe=4845 vs=1 vage=9 vpage=9 vdt=34 vmax=67 vacc=4841 vrej=0 seq=0 elapsed=0 oled=3C
[   4265] STATUS mode=3 fault=none enc=-110 denc=1 sreq=70 sapplied=70 crate=70 uimp=-3805 upos=1900 uneg=620 ball=7.13 vball=-15.47 aball=2.9 bref=0.00 pid=70.0 pref=-80.7 ppos=-87.7 apid=0.0 integ=-0.0 vision=1 current=1 vframe=4845 vs=1 vage=29 vpage=29 vdt=34 vmax=67 vacc=4841 vrej=0 seq=0 elapsed=0 oled=3C
[   4295] STATUS mode=3 fault=none enc=-104 denc=0 sreq=39 sapplied=39 crate=39 uimp=2155 upos=1940 uneg=620 ball=6.06 vball=-16.35 aball=2.9 bref=0.00 pid=-46.5 pref=-86.4 ppos=-81.7 apid=0.0 integ=-0.0 vision=1 current=1 vframe=4847 vs=1 vage=4 vpage=4 vdt=33 vmax=67 vacc=4843 vrej=0 seq=0 elapsed=0 oled=3C
[   4327] STATUS mode=3 fault=none enc=-101 denc=1 sreq=-44 sapplied=-44 crate=-44 uimp=1880 upos=1945 uneg=630 ball=6.06 vball=-16.35 aball=2.9 bref=0.00 pid=-43.7 pref=-86.4 ppos=-82.0 apid=0.0 integ=-0.0 vision=1 current=1 vframe=4847 vs=1 vage=24 vpage=24 vdt=33 vmax=67 vacc=4843 vrej=0 seq=0 elapsed=0 oled=3C
[   4342] STATUS mode=3 fault=none enc=-103 denc=-2 sreq=-46 sapplied=-46 crate=-46 uimp=1010 upos=1945 uneg=650 ball=5.50 vball=-16.44 aball=-2.9 bref=0.00 pid=-46.2 pref=-87.5 ppos=-82.9 apid=-0.0 integ=-0.0 vision=1 current=1 vframe=4848 vs=1 vage=11 vpage=11 vdt=33 vmax=67 vacc=4844 vrej=0 seq=0 elapsed=0 oled=3C
[   4375] STATUS mode=3 fault=none enc=-102 denc=2 sreq=142 sapplied=142 crate=142 uimp=1490 upos=1955 uneg=675 ball=5.38 vball=-12.55 aball=-2.9 bref=0.00 pid=142.0 pref=-68.2 ppos=-82.4 apid=-0.0 integ=-0.0 vision=1 current=1 vframe=4849 vs=1 vage=18 vpage=18 vdt=33 vmax=67 vacc=4845 vrej=0 seq=0 elapsed=0 oled=3C
[   4406] STATUS mode=3 fault=none enc=-101 denc=-1 sreq=222 sapplied=222 crate=222 uimp=4125 upos=1975 uneg=675 ball=5.56 vball=-7.22 aball=-2.9 bref=0.00 pid=384.3 pref=-41.3 ppos=-79.8 apid=-0.0 integ=-0.0 vision=1 current=1 vframe=4850 vs=1 vage=4 vpage=4 vdt=34 vmax=67 vacc=4846 vrej=0 seq=0 elapsed=0 oled=3C
[   4436] STATUS mode=3 fault=none enc=-92 denc=1 sreq=322 sapplied=322 crate=322 uimp=10325 upos=1995 uneg=675 ball=5.56 vball=-7.22 aball=-2.9 bref=0.00 pid=322.3 pref=-41.3 ppos=-73.6 apid=-0.0 integ=-0.0 vision=1 current=1 vframe=4850 vs=1 vage=24 vpage=24 vdt=34 vmax=67 vacc=4846 vrej=0 seq=0 elapsed=0 oled=3C
[   4452] STATUS mode=3 fault=none enc=-73 denc=3 sreq=382 sapplied=382 crate=382 uimp=24875 upos=2035 uneg=675 ball=5.77 vball=-3.17 aball=58.1 bref=0.00 pid=381.8 pref=-20.8 ppos=-59.0 apid=0.0 integ=-0.0 vision=1 current=1 vframe=4851 vs=1 vage=31 vpage=31 vdt=33 vmax=67 vacc=4847 vrej=0 seq=0 elapsed=0 oled=3C
[   4483] STATUS mode=3 fault=none enc=-63 denc=3 sreq=400 sapplied=400 crate=400 uimp=32600 upos=2055 uneg=675 ball=5.89 vball=-1.21 aball=58.1 bref=0.00 pid=400.0 pref=-10.9 ppos=-51.3 apid=0.0 integ=-0.0 vision=1 current=1 vframe=4852 vs=1 vage=17 vpage=17 vdt=34 vmax=67 vacc=4848 vrej=0 seq=0 elapsed=0 oled=3C
[   4515] STATUS mode=3 fault=none enc=-53 denc=3 sreq=381 sapplied=381 crate=381 uimp=40080 upos=2075 uneg=675 ball=5.97 vball=-0.20 aball=58.1 bref=0.00 pid=380.7 pref=-5.7 ppos=-43.8 apid=0.0 integ=-0.0 vision=1 current=1 vframe=4853 vs=1 vage=4 vpage=4 vdt=33 vmax=67 vacc=4849 vrej=0 seq=0 elapsed=0 oled=3C
[   4531] STATUS mode=3 fault=none enc=-37 denc=2 sreq=254 sapplied=254 crate=254 uimp=52905 upos=2115 uneg=675 ball=5.96 vball=-0.17 aball=45.5 bref=0.00 pid=253.8 pref=-5.6 ppos=-31.0 apid=0.0 integ=-0.0 vision=1 current=1 vframe=4854 vs=1 vage=11 vpage=11 vdt=33 vmax=67 vacc=4850 vrej=0 seq=0 elapsed=0 oled=3C
[   4561] STATUS mode=3 fault=none enc=-31 denc=2 sreq=207 sapplied=207 crate=207 uimp=57615 upos=2135 uneg=675 ball=5.96 vball=-0.17 aball=45.5 bref=0.00 pid=206.7 pref=-5.6 ppos=-26.3 apid=0.0 integ=-0.0 vision=1 current=1 vframe=4854 vs=1 vage=31 vpage=31 vdt=33 vmax=67 vacc=4850 vrej=0 seq=0 elapsed=0 oled=3C
[   4592] STATUS mode=3 fault=none enc=-27 denc=0 sreq=171 sapplied=171 crate=171 uimp=61485 upos=2155 uneg=675 ball=5.96 vball=-0.12 aball=45.5 bref=0.00 pid=170.5 pref=-5.4 ppos=-22.4 apid=0.0 integ=-0.0 vision=1 current=1 vframe=4855 vs=1 vage=18 vpage=18 vdt=33 vmax=67 vacc=4851 vrej=0 seq=0 elapsed=0 oled=3C
[   4608] STATUS mode=3 fault=none enc=-19 denc=1 sreq=115 sapplied=115 crate=115 uimp=67255 upos=2195 uneg=675 ball=5.96 vball=-0.08 aball=45.5 bref=0.00 pid=114.8 pref=-5.2 ppos=-16.6 apid=0.0 integ=-0.0 vision=1 current=1 vframe=4856 vs=1 vage=22 vpage=22 vdt=36 vmax=67 vacc=4852 vrej=0 seq=0 elapsed=0 oled=3C
[   4640] STATUS mode=3 fault=none enc=-18 denc=-1 sreq=68 sapplied=68 crate=68 uimp=69255 upos=2215 uneg=675 ball=5.90 vball=-0.67 aball=22.8 bref=0.00 pid=68.5 pref=-7.8 ppos=-14.6 apid=0.0 integ=0.4 vision=1 current=1 vframe=4857 vs=1 vage=9 vpage=9 vdt=33 vmax=67 vacc=4853 vrej=0 seq=0 elapsed=0 oled=3C
[   4670] STATUS mode=3 fault=none enc=-15 denc=1 sreq=56 sapplied=56 crate=56 uimp=70525 upos=2235 uneg=675 ball=5.90 vball=-0.67 aball=22.8 bref=0.00 pid=55.8 pref=-7.8 ppos=-13.4 apid=0.0 integ=0.4 vision=1 current=1 vframe=4857 vs=1 vage=29 vpage=29 vdt=33 vmax=67 vacc=4853 vrej=0 seq=0 elapsed=0 oled=3C
[   4702] STATUS mode=3 fault=none enc=-15 denc=0 sreq=29 sapplied=29 crate=29 uimp=71070 upos=2245 uneg=675 ball=5.77 vball=-1.22 aball=22.8 bref=0.00 pid=28.8 pref=-9.9 ppos=-12.8 apid=0.0 integ=1.1 vision=1 current=1 vframe=4859 vs=1 vage=4 vpage=4 vdt=32 vmax=67 vacc=4855 vrej=0 seq=0 elapsed=0 oled=3C
[   4717] STATUS mode=3 fault=none enc=-14 denc=1 sreq=23 sapplied=23 crate=23 uimp=71605 upos=2265 uneg=675 ball=5.77 vball=-1.22 aball=22.8 bref=0.00 pid=23.5 pref=-9.9 ppos=-12.3 apid=0.0 integ=1.1 vision=1 current=1 vframe=4859 vs=1 vage=24 vpage=24 vdt=32 vmax=67 vacc=4855 vrej=0 seq=0 elapsed=0 oled=3C
[   4750] STATUS mode=3 fault=none enc=-13 denc=2 sreq=30 sapplied=30 crate=30 uimp=72090 upos=2285 uneg=675 ball=5.74 vball=-1.06 aball=10.7 bref=0.00 pid=29.9 pref=-8.8 ppos=-11.8 apid=0.0 integ=1.5 vision=1 current=1 vframe=4860 vs=1 vage=12 vpage=12 vdt=32 vmax=67 vacc=4856 vrej=0 seq=0 elapsed=0 oled=3C
[   4781] STATUS mode=3 fault=none enc=-13 denc=0 sreq=24 sapplied=24 crate=24 uimp=72645 upos=2305 uneg=675 ball=5.74 vball=-1.06 aball=10.7 bref=0.00 pid=24.4 pref=-8.8 ppos=-11.3 apid=0.0 integ=1.5 vision=1 current=1 vframe=4860 vs=1 vage=32 vpage=32 vdt=32 vmax=67 vacc=4856 vrej=0 seq=0 elapsed=0 oled=3C
[   4795] STATUS mode=3 fault=none enc=-10 denc=1 sreq=73 sapplied=73 crate=73 uimp=74495 upos=2345 uneg=675 ball=5.82 vball=0.11 aball=10.7 bref=0.00 pid=73.0 pref=-2.1 ppos=-9.4 apid=0.0 integ=2.3 vision=1 current=1 vframe=4862 vs=1 vage=6 vpage=6 vdt=32 vmax=67 vacc=4858 vrej=0 seq=0 elapsed=0 oled=3C
[   4827] STATUS mode=3 fault=none enc=-7 denc=2 sreq=59 sapplied=59 crate=59 uimp=75850 upos=2365 uneg=675 ball=5.82 vball=0.11 aball=10.7 bref=0.00 pid=59.4 pref=-2.1 ppos=-8.0 apid=0.0 integ=2.3 vision=1 current=1 vframe=4862 vs=1 vage=26 vpage=26 vdt=32 vmax=67 vacc=4858 vrej=0 seq=0 elapsed=0 oled=3C
[   4842] STATUS mode=3 fault=none enc=-7 denc=-1 sreq=57 sapplied=57 crate=57 uimp=77040 upos=2385 uneg=675 ball=5.84 vball=0.22 aball=11.7 bref=0.00 pid=57.1 pref=-1.1 ppos=-6.9 apid=0.0 integ=2.7 vision=1 current=1 vframe=4863 vs=1 vage=13 vpage=13 vdt=33 vmax=67 vacc=4859 vrej=0 seq=0 elapsed=0 oled=3C
[   4875] STATUS mode=3 fault=none enc=-4 denc=1 sreq=38 sapplied=38 crate=38 uimp=78965 upos=2425 uneg=675 ball=5.84 vball=0.14 aball=11.7 bref=0.00 pid=37.8 pref=-1.1 ppos=-4.9 apid=0.0 integ=3.1 vision=1 current=1 vframe=4864 vs=1 vage=19 vpage=19 vdt=34 vmax=67 vacc=4860 vrej=0 seq=0 elapsed=0 oled=3C
[   4906] STATUS mode=3 fault=none enc=-4 denc=0 sreq=31 sapplied=31 crate=31 uimp=79665 upos=2445 uneg=675 ball=5.83 vball=0.06 aball=11.7 bref=0.00 pid=30.6 pref=-1.2 ppos=-4.2 apid=0.0 integ=3.4 vision=1 current=1 vframe=4865 vs=1 vage=6 vpage=6 vdt=33 vmax=67 vacc=4861 vrej=0 seq=0 elapsed=0 oled=3C
[   4920] STATUS mode=3 fault=none enc=-3 denc=0 sreq=25 sapplied=25 crate=25 uimp=80235 upos=2465 uneg=675 ball=5.83 vball=0.06 aball=11.7 bref=0.00 pid=24.9 pref=-1.2 ppos=-3.7 apid=0.0 integ=3.4 vision=1 current=1 vframe=4865 vs=1 vage=26 vpage=26 vdt=33 vmax=67 vacc=4861 vrej=0 seq=0 elapsed=0 oled=3C
[   4952] STATUS mode=3 fault=none enc=-2 denc=1 sreq=20 sapplied=20 crate=20 uimp=81165 upos=2505 uneg=675 ball=5.84 vball=0.06 aball=5.7 bref=0.00 pid=19.7 pref=-0.8 ppos=-3.2 apid=0.0 integ=3.8 vision=1 current=1 vframe=4866 vs=1 vage=12 vpage=12 vdt=34 vmax=67 vacc=4862 vrej=0 seq=0 elapsed=0 oled=3C
[   4983] STATUS mode=3 fault=none enc=-2 denc=0 sreq=39 sapplied=39 crate=39 uimp=81685 upos=2520 uneg=675 ball=5.88 vball=0.46 aball=5.7 bref=0.00 pid=39.1 pref=1.7 ppos=-2.2 apid=0.0 integ=4.2 vision=1 current=1 vframe=4867 vs=1 vage=17 vpage=17 vdt=35 vmax=67 vacc=4863 vrej=0 seq=0 elapsed=0 oled=3C
[   5000] STATUS mode=3 fault=none enc=-2 denc=-1 sreq=134 sapplied=134 crate=134 uimp=82410 upos=2540 uneg=675 ball=6.12 vball=2.41 aball=5.7 bref=0.00 pid=136.1 pref=12.1 ppos=-1.5 apid=0.0 integ=4.6 vision=1 current=1 vframe=4875 vs=1 vage=5 vpage=5 vdt=32 vmax=67 vacc=4871 vrej=0 seq=0 elapsed=0 oled=3C
[   5031] STATUS mode=3 fault=none enc=2 denc=2 sreq=111 sapplied=111 crate=111 uimp=84925 upos=2560 uneg=675 ball=6.12 vball=2.41 aball=5.7 bref=0.00 pid=111.0 pref=12.1 ppos=1.0 apid=0.0 integ=4.6 vision=1 current=1 vframe=4875 vs=1 vage=25 vpage=25 vdt=32 vmax=67 vacc=4871 vrej=0 seq=0 elapsed=0 oled=3C
[   5061] STATUS mode=3 fault=none enc=6 denc=1 sreq=82 sapplied=82 crate=82 uimp=88905 upos=2600 uneg=675 ball=6.22 vball=2.52 aball=14.2 bref=0.00 pid=82.0 pref=13.2 ppos=5.0 apid=0.0 integ=5.1 vision=1 current=1 vframe=4876 vs=1 vage=32 vpage=32 vdt=33 vmax=67 vacc=4872 vrej=0 seq=0 elapsed=0 oled=3C
[   5077] STATUS mode=3 fault=none enc=6 denc=0 sreq=46 sapplied=46 crate=46 uimp=90085 upos=2620 uneg=675 ball=6.24 vball=1.95 aball=14.2 bref=0.00 pid=46.1 pref=10.8 ppos=6.2 apid=0.0 integ=5.5 vision=1 current=1 vframe=4877 vs=1 vage=18 vpage=18 vdt=34 vmax=67 vacc=4873 vrej=0 seq=0 elapsed=0 oled=3C
[   5108] STATUS mode=3 fault=none enc=7 denc=0 sreq=0 sapplied=0 crate=12 uimp=90945 upos=2640 uneg=675 ball=6.23 vball=1.35 aball=14.2 bref=0.00 pid=11.5 pref=8.2 ppos=7.0 apid=0.0 integ=5.9 vision=1 current=1 vframe=4878 vs=1 vage=5 vpage=5 vdt=33 vmax=67 vacc=4874 vrej=0 seq=0 elapsed=0 oled=3C
[   5140] STATUS mode=3 fault=none enc=8 denc=0 sreq=0 sapplied=0 crate=10 uimp=90945 upos=2640 uneg=675 ball=6.26 vball=1.24 aball=2.0 bref=0.00 pid=10.4 pref=8.1 ppos=7.0 apid=0.0 integ=6.3 vision=1 current=1 vframe=4879 vs=1 vage=13 vpage=13 vdt=32 vmax=67 vacc=4875 vrej=0 seq=0 elapsed=0 oled=3CC
[   5156] STATUS mode=3 fault=none enc=8 denc=0 sreq=0 sapplied=0 crate=10 uimp=90945 upos=2640 uneg=675 ball=6.26 vball=1.24 aball=2.0 bref=0.00 pid=10.4 pref=8.1 ppos=7.0 apid=0.0 integ=6.3 vision=1 current=1 vframe=4879 vs=1 vage=33 vpage=33 vdt=32 vmax=67 vacc=4875 vrej=0 seq=0 elapsed=0 oled=3C
[   5186] STATUS mode=3 fault=none enc=8 denc=0 sreq=0 sapplied=0 crate=0 uimp=90945 upos=2640 uneg=675 ball=6.29 vball=1.11 aball=2.0 bref=0.00 pid=0.0 pref=7.9 ppos=7.0 apid=0.0 integ=6.7 vision=1 current=1 vframe=4880 vs=1 vage=19 vpage=19 vdt=34 vmax=67 vacc=4876 vrej=0 seq=0 elapsed=0 oled=3C
[   5202] STATUS mode=3 fault=none enc=8 denc=0 sreq=0 sapplied=0 crate=0 uimp=90945 upos=2640 uneg=675 ball=6.31 vball=0.95 aball=2.0 bref=0.00 pid=0.0 pref=7.5 ppos=7.0 apid=0.0 integ=7.1 vision=1 current=1 vframe=4881 vs=1 vage=6 vpage=6 vdt=33 vmax=67 vacc=4877 vrej=0 seq=0 elapsed=0 oled=3C
[   5233] STATUS mode=3 fault=none enc=8 denc=0 sreq=0 sapplied=0 crate=16 uimp=90945 upos=2640 uneg=675 ball=6.35 vball=1.07 aball=0.3 bref=0.00 pid=15.7 pref=8.6 ppos=7.0 apid=0.0 integ=7.6 vision=1 current=1 vframe=4882 vs=1 vage=12 vpage=12 vdt=34 vmax=67 vacc=4878 vrej=0 seq=0 elapsed=0 oled=3C
[   5265] STATUS mode=3 fault=none enc=8 denc=0 sreq=0 sapplied=0 crate=16 uimp=90945 upos=2640 uneg=675 ball=6.35 vball=1.07 aball=0.3 bref=0.00 pid=15.7 pref=8.6 ppos=7.0 apid=0.0 integ=7.6 vision=1 current=1 vframe=4882 vs=1 vage=32 vpage=32 vdt=34 vmax=67 vacc=4878 vrej=0 seq=0 elapsed=0 oled=3C
[   5281] STATUS mode=3 fault=none enc=8 denc=0 sreq=0 sapplied=0 crate=12 uimp=90945 upos=2640 uneg=675 ball=6.37 vball=0.91 aball=0.3 bref=0.00 pid=12.2 pref=8.3 ppos=7.0 apid=0.0 integ=8.0 vision=1 current=1 vframe=4891 vs=1 vage=19 vpage=19 vdt=33 vmax=67 vacc=4887 vrej=0 seq=0 elapsed=0 oled=3C
[   5281] >>> stop
[   5311] STATUS mode=3 fault=none enc=8 denc=0 sreq=0 sapplied=0 crate=15 uimp=90945 upos=2640 uneg=675 ball=6.40 vball=0.87 aball=0.3 bref=0.00 pid=14.8 pref=8.5 ppos=7.0 apid=0.0 integ=8.4 vision=1 current=1 vframe=4892 vs=1 vage=6 vpage=6 vdt=33 vmax=67 vacc=4888 vrej=0 seq=0 elapsed=0 oled=3C
[   5342] STATUS mode=1 fault=none enc=-10 denc=-4 sreq=0 sapplied=0 crate=0 uimp=90945 upos=2640 uneg=675 ball=6.40 vball=0.66 aball=0.0 bref=0.00 pid=0.0 pref=7.0 ppos=7.0 apid=0.0 integ=0.0 vision=1 current=1 vframe=4893 vs=1 vage=12 vpage=12 vdt=34 vmax=67 vacc=4889 vrej=0 seq=0 elapsed=0 oled=3C
[   5358] STATUS mode=1 fault=none enc=-20 denc=1 sreq=0 sapplied=0 crate=0 uimp=90945 upos=2640 uneg=675 ball=6.40 vball=0.66 aball=0.0 bref=0.00 pid=0.0 pref=7.0 ppos=7.0 apid=0.0 integ=0.0 vision=1 current=1 vframe=4893 vs=1 vage=32 vpage=32 vdt=34 vmax=67 vacc=4889 vrej=0 seq=0 elapsed=0 oled=3C
[   5390] STATUS mode=1 fault=none enc=-20 denc=0 sreq=0 sapplied=0 crate=0 uimp=90945 upos=2640 uneg=675 ball=6.41 vball=0.53 aball=0.0 bref=0.00 pid=0.0 pref=7.0 ppos=7.0 apid=0.0 integ=0.0 vision=1 current=1 vframe=4894 vs=1 vage=19 vpage=19 vdt=33 vmax=67 vacc=4890 vrej=0 seq=0 elapsed=0 oled=3C
[   5406] STATUS mode=1 fault=none enc=-20 denc=0 sreq=0 sapplied=0 crate=0 uimp=90945 upos=2640 uneg=675 ball=6.41 vball=0.38 aball=0.0 bref=0.00 pid=0.0 pref=7.0 ppos=7.0 apid=0.0 integ=0.0 vision=1 current=1 vframe=4895 vs=1 vage=6 vpage=6 vdt=33 vmax=67 vacc=4891 vrej=0 seq=0 elapsed=0 oled=3C
[   5436] STATUS mode=1 fault=none enc=-20 denc=0 sreq=0 sapplied=0 crate=0 uimp=90945 upos=2640 uneg=675 ball=6.39 vball=0.06 aball=0.0 bref=0.00 pid=0.0 pref=7.0 ppos=7.0 apid=0.0 integ=0.0 vision=1 current=1 vframe=4896 vs=1 vage=12 vpage=12 vdt=34 vmax=67 vacc=4892 vrej=0 seq=0 elapsed=0 oled=3C
[   5467] STATUS mode=1 fault=none enc=-20 denc=0 sreq=0 sapplied=0 crate=0 uimp=90945 upos=2640 uneg=675 ball=6.39 vball=0.06 aball=0.0 bref=0.00 pid=0.0 pref=7.0 ppos=7.0 apid=0.0 integ=0.0 vision=1 current=1 vframe=4896 vs=1 vage=32 vpage=32 vdt=34 vmax=67 vacc=4892 vrej=0 seq=0 elapsed=0 oled=3C
[   5483] STATUS mode=1 fault=none enc=-20 denc=0 sreq=0 sapplied=0 crate=0 uimp=90945 upos=2640 uneg=675 ball=6.38 vball=-0.04 aball=0.0 bref=0.00 pid=0.0 pref=7.0 ppos=7.0 apid=0.0 integ=0.0 vision=1 current=1 vframe=4897 vs=1 vage=17 vpage=17 vdt=35 vmax=67 vacc=4893 vrej=0 seq=0 elapsed=0 oled=3C
[   5515] STATUS mode=1 fault=none enc=-20 denc=0 sreq=0 sapplied=0 crate=0 uimp=90945 upos=2640 uneg=675 ball=6.38 vball=-0.05 aball=0.0 bref=0.00 pid=0.0 pref=7.0 ppos=7.0 apid=0.0 integ=0.0 vision=1 current=1 vframe=4898 vs=1 vage=6 vpage=6 vdt=31 vmax=67 vacc=4894 vrej=0 seq=0 elapsed=0 oled=3C
[   5545] STATUS mode=1 fault=none enc=-20 denc=0 sreq=0 sapplied=0 crate=0 uimp=90945 upos=2640 uneg=675 ball=6.37 vball=-0.05 aball=0.0 bref=0.00 pid=0.0 pref=7.0 ppos=7.0 apid=0.0 integ=0.0 vision=1 current=1 vframe=4899 vs=1 vage=10 vpage=10 vdt=36 vmax=67 vacc=4895 vrej=0 seq=0 elapsed=0 oled=3C
[   5561] STATUS mode=1 fault=none enc=-20 denc=0 sreq=0 sapplied=0 crate=0 uimp=90945 upos=2640 uneg=675 ball=6.37 vball=-0.05 aball=0.0 bref=0.00 pid=0.0 pref=7.0 ppos=7.0 apid=0.0 integ=0.0 vision=1 current=1 vframe=4899 vs=1 vage=30 vpage=30 vdt=36 vmax=67 vacc=4895 vrej=0 seq=0 elapsed=0 oled=3C
[   5592] STATUS mode=1 fault=none enc=-20 denc=0 sreq=0 sapplied=0 crate=0 uimp=90945 upos=2640 uneg=675 ball=6.37 vball=-0.03 aball=0.0 bref=0.00 pid=0.0 pref=7.0 ppos=7.0 apid=0.0 integ=0.0 vision=1 current=1 vframe=4900 vs=1 vage=17 vpage=17 vdt=33 vmax=67 vacc=4896 vrej=0 seq=0 elapsed=0 oled=3C
[   5608] STATUS mode=1 fault=none enc=-20 denc=0 sreq=0 sapplied=0 crate=0 uimp=90945 upos=2640 uneg=675 ball=6.37 vball=-0.02 aball=0.0 bref=0.00 pid=0.0 pref=7.0 ppos=7.0 apid=0.0 integ=0.0 vision=1 current=1 vframe=4901 vs=1 vage=24 vpage=24 vdt=33 vmax=67 vacc=4897 vrej=0 seq=0 elapsed=0 oled=3C
[   5640] STATUS mode=1 fault=none enc=-20 denc=0 sreq=0 sapplied=0 crate=0 uimp=90945 upos=2640 uneg=675 ball=6.37 vball=-0.07 aball=0.0 bref=0.00 pid=0.0 pref=7.0 ppos=7.0 apid=0.0 integ=0.0 vision=1 current=1 vframe=4902 vs=1 vage=12 vpage=12 vdt=32 vmax=67 vacc=4898 vrej=0 seq=0 elapsed=0 oled=3C
[   5640] >>> stream off
[   5670] STATUS mode=1 fault=none enc=-20 denc=0 sreq=0 sapplied=0 crate=0 uimp=90945 upos=2640 uneg=675 ball=6.37 vball=-0.07 aball=0.0 bref=0.00 pid=0.0 pref=7.0 ppos=7.0 apid=0.0 integ=0.0 vision=1 current=1 vframe=4902 vs=1 vage=32 vpage=32 vdt=32 vmax=67 vacc=4898 vrej=0 seq=0 elapsed=0 oled=3C
[   5670] OK stream off
[   5858] STOP_REASON stable
