[      0] >>> bench on
[      7] OK stepper visual-only bench active; command pose preserved
[    121] >>> stream on 50
[    124] OK stream on 50 ms
[    198] STATUS mode=1 fault=none enc=147 denc=0 sreq=0 sapplied=0 crate=0 uimp=0 upos=0 uneg=0 ball=-45.24 vball=-0.03 aball=0.0 bref=-50.00 pid=0.0 pref=187.9 ppos=187.9 apid=0.0 integ=0.0 vision=1 current=1 vframe=3156 vs=1 vage=15 vpage=15 vdt=35 vmax=67 vacc=3155 vrej=0 seq=3 elapsed=3299 oled=3C
[    242] STATUS mode=1 fault=none enc=147 denc=0 sreq=0 sapplied=0 crate=0 uimp=0 upos=0 uneg=0 ball=-45.25 vball=-0.07 aball=0.0 bref=-50.00 pid=0.0 pref=187.9 ppos=187.9 apid=0.0 integ=0.0 vision=1 current=1 vframe=3157 vs=
[    248] 1 vage=33 vpage=33 vdt=32 vmax=67 vacc=3156 vrej=0 seq=3 elapsed=3299 oled=3C
[    298] STATUS mode=1 fault=none enc=147 denc=0 sreq=0 sapplied=0 crate=0 uimp=0 upos=0 uneg=0 ball=-45.25 vball=-0.05 aball=0.0 bref=-50.00 pid=0.0 pref=187.9 ppos=187.9 apid=0.0 integ=0.0 vision=1 current=1 vframe=3159 vs=1 vage=16 vpage=16 vdt=34 vmax=67 vacc=3158 vrej=0 seq=3 elapsed=3299 oled=3C
[    348] STATUS mode=1 fault=none enc=147 denc=0 sreq=0 sapplied=0 crate=0 uimp=0 upos=0 uneg=0 ball=-45.25 vball=-0.03 aball=0.0 bref=-50.00 pid=0.0 pref=187.9 ppos=187.9 apid=0.0 integ=0.0 vision=1 current=1 vframe=3160 vs=1 vage=33 vpage=33 vdt=33 vmax=67 vacc=3159 vrej=0 seq=3 elapsed=3299 oled=3C
[    398] STATUS mode=1 fault=none enc=147 denc=0 sreq=0 sapplied=0 crate=0 uimp=0 upos=0 uneg=0 ball=-45.25 vball=-0.01 aball=0.0 bref=-50.00 pid=0.0 pref=187.9 ppos=187.9 apid=0.0 integ=0.0 vision=1 current=1 vframe=3162 vs=1 vage=16 vpage=16 vdt=33 vmax=67 vacc=3161 vrej=0 seq=3 elapsed=3299 oled=3C
[    448] STATUS mode=1 fault=none enc=147 denc=0 sreq=0 sapplied=0 crate=0 uimp=0 upos=0 uneg=0 ball=-45.25 vball=-0.01 aball=0.0 bref=-50.00 pid=0.0 pref=187.9 ppos=187.9 apid=0.0 integ=0.0 vision=1 current=1 vframe=3163 vs=1 vage=33 vpage=33 vdt=33 vmax=67 vacc=3162 vrej=0 seq=3 elapsed=3299 oled=3C
[    498] STATUS mode=1 fault=none enc=147 denc=0 sreq=0 sapplied=0 crate=0 uimp=0 upos=0 uneg=0 ball=-45.25 vball=-0.00 aball=0.0 bref=-50.00 pid=0.0 pref=187.9 ppos=187.9 apid=0.0 integ=0.0 vision=1 current=1 vframe=3165 vs=1 vage=16 vpage=16 vdt=34 vmax=67 vacc=3164 vrej=0 seq=3 elapsed=3299 oled=3C
[    549] STATUS mode=1 fault=none enc=147 denc=0 sreq=0 sapplied=0 crate=0 uimp=0 upos=0 uneg=0 ball=-45.25 vball=-0.00 aball=0.0 bref=-50.00 pid=0.0 pref=187.9 ppos=187.9 apid=0.0 integ=0.0 vision=1 current=1 vframe=3166 vs=1 vage=34 vpage=34 vdt=32 vmax=67 vacc=3165 vrej=0 seq=3 elapsed=3299 oled=3C
[    599] STATUS mode=1 fault=none enc=147 denc=0 sreq=0 sapplied=0 crate=0 uimp=0 upos=0 uneg=0 ball=-45.26 vball=-0.05 aball=0.0 bref=-50.00 pid=0.0 pref=187.9 ppos=187.9 apid=0.0 integ=0.0 vision=1 current=1 vframe=3168 vs=1 vage=16 vpage=16 vdt=34 vmax=67 vacc=3167 vrej=0 seq=3 elapsed=3299 oled=3C
[    649] STATUS mode=1 fault=none enc=147 denc=0 sreq=0 sapplied=0 crate=0 uimp=0 upos=0 uneg=0 ball=-45.25 vball=0.04 aball=0.0 bref=-50.00 pid=0.0 pref=187.9 ppos=187.9 apid=0.0 integ=0.0 vision=1 current=1 vframe=3169 vs=1 vage=34 vpage=34 vdt=32 vmax=67 vacc=3168 vrej=0 seq=3 elapsed=3299 oled=3C
[    699] STATUS mode=1 fault=none enc=147 denc=0 sreq=0 sapplied=0 crate=0 uimp=0 upos=0 uneg=0 ball=-45.21 vball=0.32 aball=0.0 bref=-50.00 pid=0.0 pref=187.9 ppos=187.9 apid=0.0 integ=0.0 vision=1 current=1 vframe=3171 vs=1 vage=16 vpage=16 vdt=34 vmax=67 vacc=3170 vrej=0 seq=3 elapsed=3299 oled=3C
[    749] STATUS mode=1 fault=none enc=147 denc=0 sreq=0 sapplied=0 crate=0 uimp=0 upos=0 uneg=0 ball=-45.20 vball=0.24 aball=0.0 bref=-50.00 pid=0.0 pref=187.9 ppos=187.9 apid=0.0 integ=0.0 vision=1 current=1 vframe=3172 vs=1 vage=31 vpage=31 vdt=35 vmax=67 vacc=3171 vrej=0 seq=3 elapsed=3299 oled=3C
[    799] STATUS mode=1 fault=none enc=147 denc=0 sreq=0 sapplied=0 crate=0 uimp=0 upos=0 uneg=0 ball=-45.21 vball=0.11 aball=0.0 bref=-50.00 pid=0.0 pref=187.9 ppos=187.9 apid=0.0 integ=0.0 vision=1 current=1 vframe=3174 vs=1 vage=16 vpage=16 vdt=33 vmax=67 vacc=3173 vrej=0 seq=3 elapsed=3299 oled=3C
[    849] STATUS mode=1 fault=none enc=147 denc=0 sreq=0 sapplied=0 crate=0 uimp=0 upos=0 uneg=0 ball=-45.21 vball=0.07 aball=0.0 bref=-50.00 pid=0.0 pref=187.9 ppos=187.9 apid=0.0 integ=0.0 vision=1 current=1 vframe=3175 vs=1 vage=32 vpage=32 vdt=34 vmax=67 vacc=3174 vrej=0 seq=3 elapsed=3299 oled=3C
[    899] STATUS mode=1 fault=none enc=147 denc=0 sreq=0 sapplied=0 crate=0 uimp=0 upos=0 uneg=0 ball=-45.21 vball=0.03 aball=0.0 bref=-50.00 pid=0.0 pref=187.9 ppos=187.9 apid=0.0 integ=0.0 vision=1 current=1 vframe=3177 vs=1 vage=17 vpage=17 vdt=33 vmax=67 vacc=3176 vrej=0 seq=3 elapsed=3299 oled=3C
[    949] STATUS mode=1 fault=none enc=147 denc=0 sreq=0 sapplied=0 crate=0 uimp=0 upos=0 uneg=0 ball=-45.21 vball=0.02 aball=0.0 bref=-50.00 pid=0.0 pref=187.9 ppos=187.9 apid=0.0 integ=0.0 vision=1 current=1 vframe=3178 vs=1 vage=33 vpage=33 vdt=34 vmax=67 vacc=3177 vrej=0 seq=3 elapsed=3299 oled=3C
[    999] STATUS mode=1 fault=none enc=147 denc=0 sreq=0 sapplied=0 crate=0 uimp=0 upos=0 uneg=0 ball=-45.21 vball=0.01 aball=0.0 bref=-50.00 pid=0.0 pref=187.9 ppos=187.9 apid=0.0 integ=0.0 vision=1 current=1 vframe=3180 vs=1 vage=16 vpage=16 vdt=34 vmax=67 vacc=3179 vrej=0 seq=3 elapsed=3299 oled=3C
[   1049] STATUS mode=1 fault=none enc=147 denc=0 sreq=0 sapplied=0 crate=0 uimp=0 upos=0 uneg=0 ball=-45.21 vball=0.00 aball=0.0 bref=-50.00 pid=0.0 pref=187.9 ppos=187.9 apid=0.0 integ=0.0 vision=1 current=1 vframe=3181 vs=1 vage=33 vpage=33 vdt=33 vmax=67 vacc=3180 vrej=0 seq=3 elapsed=3299 oled=3C
[   1099] STATUS mode=1 fault=none enc=147 denc=0 sreq=0 sapplied=0 crate=0 uimp=0 upos=0 uneg=0 ball=-45.21 vball=0.00 aball=0.0 bref=-50.00 pid=0.0 pref=187.9 ppos=187.9 apid=0.0 integ=0.0 vision=1 current=1 vframe=3183 vs=1 vage=17 vpage=17 vdt=33 vmax=67 vacc=3182 vrej=0 seq=3 elapsed=3299 oled=3C
[   1149] STATUS mode=1 fault=none enc=147 denc=0 sreq=0 sapplied=0 crate=0 uimp=0 upos=0 uneg=0 ball=-45.21 vball=0.00 aball=0.0 bref=-50.00 pid=0.0 pref=187.9 ppos=187.9 apid=0.0 integ=0.0 vision=1 current=1 vframe=3185 vs=1 vage=1 vpage=1 vdt=32 vmax=67 vacc=3184 vrej=0 seq=3 elapsed=3299 oled=3C
[   1199] STATUS mode=1 fault=none enc=147 denc=0 sreq=0 sapplied=0 crate=0 uimp=0 upos=0 uneg=0 ball=-45.21 vball=0.00 aball=0.0 bref=-50.00 pid=0.0 pref=187.9 ppos=187.9 apid=0.0 integ=0.0 vision=1 current=1 vframe=3186 vs=1 vage=18 vpage=18 vdt=33 vmax=67 vacc=3185 vrej=0 seq=3 elapsed=3299 oled=3C
[   1249] STATUS mode=1 fault=none enc=147 denc=0 sreq=0 sapplied=0 crate=0 uimp=0 upos=0 uneg=0 ball=-45.23 vball=-0.20 aball=0.0 bref=-50.00 pid=0.0 pref=187.9 ppos=187.9 apid=0.0 integ=0.0 vision=1 current=1 vframe=3188 vs=1 vage=1 vpage=1 vdt=34 vmax=67 vacc=3187 vrej=0 seq=3 elapsed=3299 oled=3C
[   1299] STATUS mode=1 fault=none enc=147 denc=0 sreq=0 sapplied=0 crate=0 uimp=0 upos=0 uneg=0 ball=-45.25 vball=-0.29 aball=0.0 bref=-50.00 pid=0.0 pref=187.9 ppos=187.9 apid=0.0 integ=0.0 vision=1 current=1 vframe=3189 vs=1 vage=18 vpage=18 vdt=33 vmax=67 vacc=3188 vrej=0 seq=3 elapsed=3299 oled=3C
[   1349] STATUS mode=1 fault=none enc=147 denc=0 sreq=0 sapplied=0 crate=0 uimp=0 upos=0 uneg=0 ball=-45.28 vball=-0.38 aball=0.0 bref=-50.00 pid=0.0 pref=187.9 ppos=187.9 apid=0.0 integ=0.0 vision=1 current=1 vframe=3191 vs=1 vage=1 vpage=1 vdt=33 vmax=67 vacc=3190 vrej=0 seq=3 elapsed=3299 oled=3C
[   1399] STATUS mode=1 fault=none enc=147 denc=0 sreq=0 sapplied=0 crate=0 uimp=0 upos=0 uneg=0 ball=-45.28 vball=-0.28 aball=0.0 bref=-50.00 pid=0.0 pref=187.9 ppos=187.9 apid=0.0 integ=0.0 vision=1 current=1 vframe=3192 vs=1 vage=17 vpage=17 vdt=34 vmax=67 vacc=3191 vrej=0 seq=3 elapsed=3299 oled=3C
[   1449] STATUS mode=1 fault=none enc=147 denc=0 sreq=0 sapplied=0 crate=0 uimp=0 upos=0 uneg=0 ball=-45.24 vball=0.17 aball=0.0 bref=-50.00 pid=0.0 pref=187.9 ppos=187.9 apid=0.0 integ=0.0 vision=1 current=1 vframe=3194 vs=1 vage=1 vpage=1 vdt=33 vmax=67 vacc=3193 vrej=0 seq=3 elapsed=3299 oled=3C
[   1499] STATUS mode=1 fault=none enc=147 denc=0 sreq=0 sapplied=0 crate=0 uimp=0 upos=0 uneg=0 ball=-45.24 vball=0.18 aball=0.0 bref=-50.00 pid=0.0 pref=187.9 ppos=187.9 apid=0.0 integ=0.0 vision=1 current=1 vframe=3195 vs=1 vage=17 vpage=17 vdt=34 vmax=67 vacc=3194 vrej=0 seq=3 elapsed=3299 oled=3C
[   1549] STATUS mode=1 fault=none enc=147 denc=0 sreq=0 sapplied=0 crate=0 uimp=0 upos=0 uneg=0 ball=-45.24 vball=0.10 aball=0.0 bref=-50.00 pid=0.0 pref=187.9 ppos=187.9 apid=0.0 integ=0.0 vision=1 current=1 vframe=3197 vs=1 vage=1 vpage=1 vdt=33 vmax=67 vacc=3196 vrej=0 seq=3 elapsed=3299 oled=3C
[   1599] STATUS mode=1 fault=none enc=147 denc=0 sreq=0 sapplied=0 crate=0 uimp=0 upos=0 uneg=0 ball=-45.24 vball=0.07 aball=0.0 bref=-50.00 pid=0.0 pref=187.9 ppos=187.9 apid=0.0 integ=0.0 vision=1 current=1 vframe=3198 vs=1 vage=18 vpage=18 vdt=33 vmax=67 vacc=3197 vrej=0 seq=3 elapsed=3299 oled=3C
[   1649] STATUS mode=1 fault=none enc=147 denc=0 sreq=0 sapplied=0 crate=0 uimp=0 upos=0 uneg=0 ball=-45.24 vball=0.04 aball=0.0 bref=-50.00 pid=0.0 pref=187.9 ppos=187.9 apid=0.0 integ=0.0 vision=1 current=1 vframe=3199 vs=1 vage=34 vpage=34 vdt=34 vmax=67 vacc=3198 vrej=0 seq=3 elapsed=3299 oled=3C
[   1699] STATUS mode=1 fault=none enc=147 denc=0 sreq=0 sapplied=0 crate=0 uimp=0 upos=0 uneg=0 ball=-45.27 vball=-0.27 aball=0.0 bref=-50.00 pid=0.0 pref=187.9 ppos=187.9 apid=0.0 integ=0.0 vision=1 current=1 vframe=3201 vs=1 vage=17 vpage=17 vdt=33 vmax=67 vacc=3200 vrej=0 seq=3 elapsed=3299 oled=3C
[   1749] STATUS mode=1 fault=none enc=147 denc=0 sreq=0 sapplied=0 crate=0 uimp=0 upos=0 uneg=0 ball=-45.30 vball=-0.37 aball=0.0 bref=-50.00 pid=0.0 pref=187.9 ppos=187.9 apid=0.0 integ=0.0 vision=1 current=1 vframe=3203 vs=1 vage=0 vpage=0 vdt=34 vmax=67 vacc=3202 vrej=0 seq=3 elapsed=3299 oled=3C
[   1799] STATUS mode=1 fault=none enc=147 denc=0 sreq=0 sapplied=0 crate=0 uimp=0 upos=0 uneg=0 ball=-45.30 vball=-0.27 aball=0.0 bref=-50.00 pid=0.0 pref=187.9 ppos=187.9 apid=0.0 integ=0.0 vision=1 current=1 vframe=3204 vs=1 vage=17 vpage=17 vdt=33 vmax=67 vacc=3203 vrej=0 seq=3 elapsed=3299 oled=3C
[   1849] STATUS mode=1 fault=none enc=147 denc=0 sreq=0 sapplied=0 crate=0 uimp=0 upos=0 uneg=0 ball=-45.24 vball=0.32 aball=0.0 bref=-50.00 pid=0.0 pref=187.9 ppos=187.9 apid=0.0 integ=0.0 vision=1 current=1 vframe=3206 vs=1 vage=1 vpage=1 vdt=32 vmax=67 vacc=3205 vrej=0 seq=3 elapsed=3299 oled=3C
[   1899] STATUS mode=1 fault=none enc=147 denc=0 sreq=0 sapplied=0 crate=0 uimp=0 upos=0 uneg=0 ball=-45.24 vball=0.30 aball=0.0 bref=-50.00 pid=0.0 pref=187.9 ppos=187.9 apid=0.0 integ=0.0 vision=1 current=1 vframe=3207 vs=1 vage=17 vpage=17 vdt=34 vmax=67 vacc=3206 vrej=0 seq=3 elapsed=3299 oled=3C
[   1949] STATUS mode=1 fault=none enc=147 denc=0 sreq=0 sapplied=0 crate=0 uimp=0 upos=0 uneg=0 ball=-45.23 vball=0.15 aball=0.0 bref=-50.00 pid=0.0 pref=187.9 ppos=187.9 apid=0.0 integ=0.0 vision=1 current=1 vframe=3209 vs=1 vage=1 vpage=1 vdt=33 vmax=67 vacc=3208 vrej=0 seq=3 elapsed=3299 oled=3C
[   1999] STATUS mode=1 fault=none enc=147 denc=0 sreq=0 sapplied=0 crate=0 uimp=0 upos=0 uneg=0 ball=-45.24 vball=0.10 aball=0.0 bref=-50.00 pid=0.0 pref=187.9 ppos=187.9 apid=0.0 integ=0.0 vision=1 current=1 vframe=3210 vs=1 vage=17 vpage=17 vdt=34 vmax=67 vacc=3209 vrej=0 seq=3 elapsed=3299 oled=3C
[   2049] STATUS mode=1 fault=none enc=147 denc=0 sreq=0 sapplied=0 crate=0 uimp=0 upos=0 uneg=0 ball=-45.24 vball=0.04 aball=0.0 bref=-50.00 pid=0.0 pref=187.9 ppos=187.9 apid=0.0 integ=0.0 vision=1 current=1 vframe=3212 vs=1 vage=1 vpage=1 vdt=33 vmax=67 vacc=3211 vrej=0 seq=3 elapsed=3299 oled=3C
[   2099] STATUS mode=1 fault=none enc=147 denc=0 sreq=0 sapplied=0 crate=0 uimp=0 upos=0 uneg=0 ball=-45.24 vball=0.02 aball=0.0 bref=-50.00 pid=0.0 pref=187.9 ppos=187.9 apid=0.0 integ=0.0 vision=1 current=1 vframe=3213 vs=1 vage=18 vpage=18 vdt=33 vmax=67 vacc=3212 vrej=0 seq=3 elapsed=3299 oled=3C
[   2149] STATUS mode=1 fault=none enc=147 denc=0 sreq=0 sapplied=0 crate=0 uimp=0 upos=0 uneg=0 ball=-45.24 vball=0.01 aball=0.0 bref=-50.00 pid=0.0 pref=187.9 ppos=187.9 apid=0.0 integ=0.0 vision=1 current=1 vframe=3215 vs=1 vage=1 vpage=1 vdt=33 vmax=67 vacc=3214 vrej=0 seq=3 elapsed=3299 oled=3C
[   2199] STATUS mode=1 fault=none enc=147 denc=0 sreq=0 sapplied=0 crate=0 uimp=0 upos=0 uneg=0 ball=-45.24 vball=0.01 aball=0.0 bref=-50.00 pid=0.0 pref=187.9 ppos=187.9 apid=0.0 integ=0.0 vision=1 current=1 vframe=3216 vs=1 vage=18 vpage=18 vdt=33 vmax=67 vacc=3215 vrej=0 seq=3 elapsed=3299 oled=3C
[   2250] STATUS mode=1 fault=none enc=147 denc=0 sreq=0 sapplied=0 crate=0 uimp=0 upos=0 uneg=0 ball=-45.28 vball=-0.41 aball=0.0 bref=-50.00 pid=0.0 pref=187.9 ppos=187.9 apid=0.0 integ=0.0 vision=1 current=1 vframe=3217 vs=1 vage=34 vpage=34 vdt=34 vmax=67 vacc=3216 vrej=0 seq=3 elapsed=3299 oled=3C
[   2300] STATUS mode=1 fault=none enc=147 denc=0 sreq=0 sapplied=0 crate=0 uimp=0 upos=0 uneg=0 ball=-45.31 vball=-0.37 aball=0.0 bref=-50.00 pid=0.0 pref=187.9 ppos=187.9 apid=0.0 integ=0.0 vision=1 current=1 vframe=3219 vs=1 vage=18 vpage=18 vdt=32 vmax=67 vacc=3218 vrej=0 seq=3 elapsed=3299 oled=3C
[   2349] STATUS mode=1 fault=none enc=147 denc=0 sreq=0 sapplied=0 crate=0 uimp=0 upos=0 uneg=0 ball=-45.31 vball=-0.22 aball=0.0 bref=-50.00 pid=0.0 pref=187.9 ppos=187.9 apid=0.0 integ=0.0 vision=1 current=1 vframe=3221 vs=1 vage=1 vpage=1 vdt=33 vmax=67 vacc=3220 vrej=0 seq=3 elapsed=3299 oled=3C
[   2400] STATUS mode=1 fault=none enc=147 denc=0 sreq=0 sapplied=0 crate=0 uimp=0 upos=0 uneg=0 ball=-45.31 vball=-0.15 aball=0.0 bref=-50.00 pid=0.0 pref=187.9 ppos=187.9 apid=0.0 integ=0.0 vision=1 current=1 vframe=3222 vs=1 vage=17 vpage=17 vdt=34 vmax=67 vacc=3221 vrej=0 seq=3 elapsed=3299 oled=3C
[   2450] STATUS mode=1 fault=none enc=147 denc=0 sreq=0 sapplied=0 crate=0 uimp=0 upos=0 uneg=0 ball=-45.31 vball=-0.06 aball=0.0 bref=-50.00 pid=0.0 pref=187.9 ppos=187.9 apid=0.0 integ=0.0 vision=1 current=1 vframe=3224 vs=1 vage=1 vpage=1 vdt=33 vmax=67 vacc=3223 vrej=0 seq=3 elapsed=3299 oled=3C
[   2500] STATUS mode=1 fault=none enc=147 denc=0 sreq=0 sapplied=0 crate=0 uimp=0 upos=0 uneg=0 ball=-45.31 vball=-0.04 aball=0.0 bref=-50.00 pid=0.0 pref=187.9 ppos=187.9 apid=0.0 integ=0.0 vision=1 current=1 vframe=3225 vs=1 vage=18 vpage=18 vdt=33 vmax=67 vacc=3224 vrej=0 seq=3 elapsed=3299 oled=3C
[   2550] STATUS mode=1 fault=none enc=147 denc=0 sreq=0 sapplied=0 crate=0 uimp=0 upos=0 uneg=0 ball=-45.35 vball=-0.28 aball=0.0 bref=-50.00 pid=0.0 pref=187.9 ppos=187.9 apid=0.0 integ=0.0 vision=1 current=1 vframe=3227 vs=1 vage=2 vpage=2 vdt=32 vmax=67 vacc=3226 vrej=0 seq=3 elapsed=3299 oled=3C
[   2600] STATUS mode=1 fault=none enc=147 denc=0 sreq=0 sapplied=0 crate=0 uimp=0 upos=0 uneg=0 ball=-45.33 vball=-0.02 aball=0.0 bref=-50.00 pid=0.0 pref=187.9 ppos=187.9 apid=0.0 integ=0.0 vision=1 current=1 vframe=3228 vs=1 vage=19 vpage=19 vdt=33 vmax=67 vacc=3227 vrej=0 seq=3 elapsed=3299 oled=3C
[   2650] STATUS mode=1 fault=none enc=147 denc=0 sreq=0 sapplied=0 crate=0 uimp=0 upos=0 uneg=0 ball=-45.31 vball=0.15 aball=0.0 bref=-50.00 pid=0.0 pref=187.9 ppos=187.9 apid=0.0 integ=0.0 vision=1 current=1 vframe=3230 vs=1 vage=3 vpage=3 vdt=33 vmax=67 vacc=3229 vrej=0 seq=3 elapsed=3299 oled=3C
[   2700] STATUS mode=1 fault=none enc=147 denc=0 sreq=0 sapplied=0 crate=0 uimp=0 upos=0 uneg=0 ball=-45.31 vball=0.11 aball=0.0 bref=-50.00 pid=0.0 pref=187.9 ppos=187.9 apid=0.0 integ=0.0 vision=1 current=1 vframe=3231 vs=1 vage=19 vpage=19 vdt=34 vmax=67 vacc=3230 vrej=0 seq=3 elapsed=3299 oled=3C
[   2750] STATUS mode=1 fault=none enc=147 denc=0 sreq=0 sapplied=0 crate=0 uimp=0 upos=0 uneg=0 ball=-45.31 vball=0.05 aball=0.0 bref=-50.00 pid=0.0 pref=187.9 ppos=187.9 apid=0.0 integ=0.0 vision=1 current=1 vframe=3233 vs=1 vage=3 vpage=3 vdt=33 vmax=67 vacc=3232 vrej=0 seq=3 elapsed=3299 oled=3C
[   2800] STATUS mode=1 fault=none enc=147 denc=0 sreq=0 sapplied=0 crate=0 uimp=0 upos=0 uneg=0 ball=-45.31 vball=0.03 aball=0.0 bref=-50.00 pid=0.0 pref=187.9 ppos=187.9 apid=0.0 integ=0.0 vision=1 current=1 vframe=3234 vs=1 vage=18 vpage=18 vdt=35 vmax=67 vacc=3233 vrej=0 seq=3 elapsed=3299 oled=3C
[   2850] STATUS mode=1 fault=none enc=147 denc=0 sreq=0 sapplied=0 crate=0 uimp=0 upos=0 uneg=0 ball=-45.30 vball=0.09 aball=0.0 bref=-50.00 pid=0.0 pref=187.9 ppos=187.9 apid=0.0 integ=0.0 vision=1 current=1 vframe=3236 vs=1 vage=2 vpage=2 vdt=33 vmax=67 vacc=3235 vrej=0 seq=3 elapsed=3299 oled=3C
[   2900] STATUS mode=1 fault=none enc=147 denc=0 sreq=0 sapplied=0 crate=0 uimp=0 upos=0 uneg=0 ball=-45.30 vball=0.06 aball=0.0 bref=-50.00 pid=0.0 pref=187.9 ppos=187.9 apid=0.0 integ=0.0 vision=1 current=1 vframe=3237 vs=1 vage=19 vpage=19 vdt=33 vmax=67 vacc=3236 vrej=0 seq=3 elapsed=3299 oled=3C
[   2950] STATUS mode=1 fault=none enc=147 denc=0 sreq=0 sapplied=0 crate=0 uimp=0 upos=0 uneg=0 ball=-45.31 vball=-0.03 aball=0.0 bref=-50.00 pid=0.0 pref=187.9 ppos=187.9 apid=0.0 integ=0.0 vision=1 current=1 vframe=3239 vs=1 vage=2 vpage=2 vdt=34 vmax=67 vacc=3238 vrej=0 seq=3 elapsed=3299 oled=3C
[   3000] STATUS mode=1 fault=none enc=147 denc=0 sreq=0 sapplied=0 crate=0 uimp=0 upos=0 uneg=0 ball=-45.31 vball=-0.03 aball=0.0 bref=-50.00 pid=0.0 pref=187.9 ppos=187.9 apid=0.0 integ=0.0 vision=1 current=1 vframe=3240 vs=1 vage=18 vpage=18 vdt=34 vmax=67 vacc=3239 vrej=0 seq=3 elapsed=3299 oled=3C
[   3050] STATUS mode=1 fault=none enc=147 denc=0 sreq=0 sapplied=0 crate=0 uimp=0 upos=0 uneg=0 ball=-45.31 vball=-0.01 aball=0.0 bref=-50.00 pid=0.0 pref=187.9 ppos=187.9 apid=0.0 integ=0.0 vision=1 current=1 vframe=3242 vs=1 vage=2 vpage=2 vdt=33 vmax=67 vacc=3241 vrej=0 seq=3 elapsed=3299 oled=3C
[   3100] STATUS mode=1 fault=none enc=147 denc=0 sreq=0 sapplied=0 crate=0 uimp=0 upos=0 uneg=0 ball=-45.31 vball=-0.01 aball=0.0 bref=-50.00 pid=0.0 pref=187.9 ppos=187.9 apid=0.0 integ=0.0 vision=1 current=1 vframe=3243 vs=1 vage=19 vpage=19 vdt=33 vmax=67 vacc=3242 vrej=0 seq=3 elapsed=3299 oled=3C
[   3150] STATUS mode=1 fault=none enc=147 denc=0 sreq=0 sapplied=0 crate=0 uimp=0 upos=0 uneg=0 ball=-45.31 vball=-0.00 aball=0.0 bref=-50.00 pid=0.0 pref=187.9 ppos=187.9 apid=0.0 integ=0.0 vision=1 current=1 vframe=3245 vs=1 vage=2 vpage=2 vdt=33 vmax=67 vacc=3244 vrej=0 seq=3 elapsed=3299 oled=3C
[   3200] STATUS mode=1 fault=none enc=147 denc=0 sreq=0 sapplied=0 crate=0 uimp=0 upos=0 uneg=0 ball=-45.35 vball=-0.39 aball=0.0 bref=-50.00 pid=0.0 pref=187.9 ppos=187.9 apid=0.0 integ=0.0 vision=1 current=1 vframe=3246 vs=1 vage=19 vpage=19 vdt=33 vmax=67 vacc=3245 vrej=0 seq=3 elapsed=3299 oled=3C
[   3250] STATUS mode=1 fault=none enc=147 denc=0 sreq=0 sapplied=0 crate=0 uimp=0 upos=0 uneg=0 ball=-45.40 vball=-0.59 aball=0.0 bref=-50.00 pid=0.0 pref=187.9 ppos=187.9 apid=0.0 integ=0.0 vision=1 current=1 vframe=3248 vs=1 vage=2 vpage=2 vdt=33 vmax=67 vacc=3247 vrej=0 seq=3 elapsed=3299 oled=3C
[   3300] STATUS mode=1 fault=none enc=147 denc=0 sreq=0 sapplied=0 crate=0 uimp=0 upos=0 uneg=0 ball=-45.41 vball=-0.50 aball=0.0 bref=-50.00 pid=0.0 pref=187.9 ppos=187.9 apid=0.0 integ=0.0 vision=1 current=1 vframe=3249 vs=1 vage=19 vpage=19 vdt=33 vmax=67 vacc=3248 vrej=0 seq=3 elapsed=3299 oled=3C
[   3350] STATUS mode=1 fault=none enc=147 denc=0 sreq=0 sapplied=0 crate=0 uimp=0 upos=0 uneg=0 ball=-45.35 vball=0.17 aball=0.0 bref=-50.00 pid=0.0 pref=187.9 ppos=187.9 apid=0.0 integ=0.0 vision=1 current=1 vframe=3251 vs=1 vage=2 vpage=2 vdt=34 vmax=67 vacc=3250 vrej=0 seq=3 elapsed=3299 oled=3C
[   3400] STATUS mode=1 fault=none enc=147 denc=0 sreq=0 sapplied=0 crate=0 uimp=0 upos=0 uneg=0 ball=-45.33 vball=0.32 aball=0.0 bref=-50.00 pid=0.0 pref=187.9 ppos=187.9 apid=0.0 integ=0.0 vision=1 current=1 vframe=3252 vs=1 vage=19 vpage=19 vdt=33 vmax=67 vacc=3251 vrej=0 seq=3 elapsed=3299 oled=3C
[   3450] STATUS mode=1 fault=none enc=147 denc=0 sreq=0 sapplied=0 crate=0 uimp=0 upos=0 uneg=0 ball=-45.34 vball=0.05 aball=0.0 bref=-50.00 pid=0.0 pref=187.9 ppos=187.9 apid=0.0 integ=0.0 vision=1 current=1 vframe=3254 vs=1 vage=2 vpage=2 vdt=33 vmax=67 vacc=3253 vrej=0 seq=3 elapsed=3299 oled=3C
[   3500] STATUS mode=1 fault=none enc=147 denc=0 sreq=0 sapplied=0 crate=0 uimp=0 upos=0 uneg=0 ball=-45.36 vball=-0.13 aball=0.0 bref=-50.00 pid=0.0 pref=187.9 ppos=187.9 apid=0.0 integ=0.0 vision=1 current=1 vframe=3255 vs=1 vage=19 vpage=19 vdt=33 vmax=67 vacc=3254 vrej=0 seq=3 elapsed=3299 oled=3C
[   3550] STATUS mode=1 fault=none enc=147 denc=0 sreq=0 sapplied=0 crate=0 uimp=0 upos=0 uneg=0 ball=-45.35 vball=-0.00 aball=0.0 bref=-50.00 pid=0.0 pref=187.9 ppos=187.9 apid=0.0 integ=0.0 vision=1 current=1 vframe=3257 vs=1 vage=2 vpage=2 vdt=34 vmax=67 vacc=3256 vrej=0 seq=3 elapsed=3299 oled=3C
[   3600] STATUS mode=1 fault=none enc=147 denc=0 sreq=0 sapplied=0 crate=0 uimp=0 upos=0 uneg=0 ball=-45.36 vball=-0.15 aball=0.0 bref=-50.00 pid=0.0 pref=187.9 ppos=187.9 apid=0.0 integ=0.0 vision=1 current=1 vframe=3258 vs=1 vage=19 vpage=19 vdt=33 vmax=67 vacc=3257 vrej=0 seq=3 elapsed=3299 oled=3C
[   3650] STATUS mode=1 fault=none enc=147 denc=0 sreq=0 sapplied=0 crate=0 uimp=0 upos=0 uneg=0 ball=-45.38 vball=-0.20 aball=0.0 bref=-50.00 pid=0.0 pref=187.9 ppos=187.9 apid=0.0 integ=0.0 vision=1 current=1 vframe=3260 vs=1 vage=2 vpage=2 vdt=33 vmax=67 vacc=3259 vrej=0 seq=3 elapsed=3299 oled=3C
[   3700] STATUS mode=1 fault=none enc=147 denc=0 sreq=0 sapplied=0 crate=0 uimp=0 upos=0 uneg=0 ball=-45.38 vball=-0.14 aball=0.0 bref=-50.00 pid=0.0 pref=187.9 ppos=187.9 apid=0.0 integ=0.0 vision=1 current=1 vframe=3261 vs=1 vage=19 vpage=19 vdt=33 vmax=67 vacc=3260 vrej=0 seq=3 elapsed=3299 oled=3C
[   3750] STATUS mode=1 fault=none enc=147 denc=0 sreq=0 sapplied=0 crate=0 uimp=0 upos=0 uneg=0 ball=-45.37 vball=0.01 aball=0.0 bref=-50.00 pid=0.0 pref=187.9 ppos=187.9 apid=0.0 integ=0.0 vision=1 current=1 vframe=3263 vs=1 vage=2 vpage=2 vdt=33 vmax=67 vacc=3262 vrej=0 seq=3 elapsed=3299 oled=3C
[   3800] STATUS mode=1 fault=none enc=147 denc=0 sreq=0 sapplied=0 crate=0 uimp=0 upos=0 uneg=0 ball=-45.36 vball=0.10 aball=0.0 bref=-50.00 pid=0.0 pref=187.9 ppos=187.9 apid=0.0 integ=0.0 vision=1 current=1 vframe=3264 vs=1 vage=19 vpage=19 vdt=33 vmax=67 vacc=3263 vrej=0 seq=3 elapsed=3299 oled=3C
[   3850] STATUS mode=1 fault=none enc=147 denc=0 sreq=0 sapplied=0 crate=0 uimp=0 upos=0 uneg=0 ball=-45.36 vball=0.02 aball=0.0 bref=-50.00 pid=0.0 pref=187.9 ppos=187.9 apid=0.0 integ=0.0 vision=1 current=1 vframe=3266 vs=1 vage=2 vpage=2 vdt=34 vmax=67 vacc=3265 vrej=0 seq=3 elapsed=3299 oled=3C
[   3901] STATUS mode=1 fault=none enc=147 denc=0 sreq=0 sapplied=0 crate=0 uimp=0 upos=0 uneg=0 ball=-45.36 vball=-0.00 aball=0.0 bref=-50.00 pid=0.0 pref=187.9 ppos=187.9 apid=0.0 integ=0.0 vision=1 current=1 vframe=3267 vs=1 vage=19 vpage=19 vdt=33 vmax=67 vacc=3266 vrej=0 seq=3 elapsed=3299 oled=3C
[   3950] STATUS mode=1 fault=none enc=147 denc=0 sreq=0 sapplied=0 crate=0 uimp=0 upos=0 uneg=0 ball=-45.36 vball=0.03 aball=0.0 bref=-50.00 pid=0.0 pref=187.9 ppos=187.9 apid=0.0 integ=0.0 vision=1 current=1 vframe=3269 vs=1 vage=3 vpage=3 vdt=33 vmax=67 vacc=3268 vrej=0 seq=3 elapsed=3299 oled=3C
[   4001] STATUS mode=1 fault=none enc=147 denc=0 sreq=0 sapplied=0 crate=0 uimp=0 upos=0 uneg=0 ball=-45.36 vball=0.05 aball=0.0 bref=-50.00 pid=0.0 pref=187.9 ppos=187.9 apid=0.0 integ=0.0 vision=1 current=1 vframe=3270 vs=1 vage=17 vpage=17 vdt=36 vmax=67 vacc=3269 vrej=0 seq=3 elapsed=3299 oled=3C
[   4051] STATUS mode=1 fault=none enc=147 denc=0 sreq=0 sapplied=0 crate=0 uimp=0 upos=0 uneg=0 ball=-45.36 vball=-0.02 aball=0.0 bref=-50.00 pid=0.0 pref=187.9 ppos=187.9 apid=0.0 integ=0.0 vision=1 current=1 vframe=3272 vs=1 vage=2 vpage=2 vdt=32 vmax=67 vacc=3271 vrej=0 seq=3 elapsed=3299 oled=3C
[   4101] STATUS mode=1 fault=none enc=147 denc=0 sreq=0 sapplied=0 crate=0 uimp=0 upos=0 uneg=0 ball=-45.36 vball=-0.03 aball=0.0 bref=-50.00 pid=0.0 pref=187.9 ppos=187.9 apid=0.0 integ=0.0 vision=1 current=1 vframe=3273 vs=1 vage=20 vpage=20 vdt=32 vmax=67 vacc=3272 vrej=0 seq=3 elapsed=3299 oled=3C
[   4151] STATUS mode=1 fault=none enc=147 denc=0 sreq=0 sapplied=0 crate=0 uimp=0 upos=0 uneg=0 ball=-45.37 vball=-0.07 aball=0.0 bref=-50.00 pid=0.0 pref=187.9 ppos=187.9 apid=0.0 integ=0.0 vision=1 current=1 vframe=3275 vs=1 vage=3 vpage=3 vdt=33 vmax=67 vacc=3274 vrej=0 seq=3 elapsed=3299 oled=3C
[   4201] STATUS mode=1 fault=none enc=147 denc=0 sreq=0 sapplied=0 crate=0 uimp=0 upos=0 uneg=0 ball=-45.37 vball=-0.06 aball=0.0 bref=-50.00 pid=0.0 pref=187.9 ppos=187.9 apid=0.0 integ=0.0 vision=1 current=1 vframe=3276 vs=1 vage=20 vpage=20 vdt=33 vmax=67 vacc=3275 vrej=0 seq=3 elapsed=3299 oled=3C
[   4251] STATUS mode=1 fault=none enc=147 denc=0 sreq=0 sapplied=0 crate=0 uimp=0 upos=0 uneg=0 ball=-45.32 vball=0.37 aball=0.0 bref=-50.00 pid=0.0 pref=187.9 ppos=187.9 apid=0.0 integ=0.0 vision=1 current=1 vframe=3278 vs=1 vage=3 vpage=3 vdt=33 vmax=67 vacc=3277 vrej=0 seq=3 elapsed=3299 oled=3C
[   4301] STATUS mode=1 fault=none enc=147 denc=0 sreq=0 sapplied=0 crate=0 uimp=0 upos=0 uneg=0 ball=-45.31 vball=0.36 aball=0.0 bref=-50.00 pid=0.0 pref=187.9 ppos=187.9 apid=0.0 integ=0.0 vision=1 current=1 vframe=3279 vs=1 vage=19 vpage=19 vdt=34 vmax=67 vacc=3278 vrej=0 seq=3 elapsed=3299 oled=3C
[   4351] STATUS mode=1 fault=none enc=147 denc=0 sreq=0 sapplied=0 crate=0 uimp=0 upos=0 uneg=0 ball=-45.29 vball=0.30 aball=0.0 bref=-50.00 pid=0.0 pref=187.9 ppos=187.9 apid=0.0 integ=0.0 vision=1 current=1 vframe=3281 vs=1 vage=3 vpage=3 vdt=33 vmax=67 vacc=3280 vrej=0 seq=3 elapsed=3299 oled=3C
[   4401] STATUS mode=1 fault=none enc=147 denc=0 sreq=0 sapplied=0 crate=0 uimp=0 upos=0 uneg=0 ball=-45.29 vball=0.21 aball=0.0 bref=-50.00 pid=0.0 pref=187.9 ppos=187.9 apid=0.0 integ=0.0 vision=1 current=1 vframe=3282 vs=1 vage=19 vpage=19 vdt=34 vmax=67 vacc=3281 vrej=0 seq=3 elapsed=3299 oled=3C
[   4451] STATUS mode=1 fault=none enc=147 denc=0 sreq=0 sapplied=0 crate=0 uimp=0 upos=0 uneg=0 ball=-45.31 vball=-0.10 aball=0.0 bref=-50.00 pid=0.0 pref=187.9 ppos=187.9 apid=0.0 integ=0.0 vision=1 current=1 vframe=3284 vs=1 vage=1 vpage=1 vdt=36 vmax=67 vacc=3283 vrej=0 seq=3 elapsed=3299 oled=3C
[   4501] STATUS mode=1 fault=none enc=147 denc=0 sreq=0 sapplied=0 crate=0 uimp=0 upos=0 uneg=0 ball=-45.33 vball=-0.22 aball=0.0 bref=-50.00 pid=0.0 pref=187.9 ppos=187.9 apid=0.0 integ=0.0 vision=1 current=1 vframe=3285 vs=1 vage=19 vpage=19 vdt=32 vmax=67 vacc=3284 vrej=0 seq=3 elapsed=3299 oled=3C
[   4551] STATUS mode=1 fault=none enc=147 denc=0 sreq=0 sapplied=0 crate=0 uimp=0 upos=0 uneg=0 ball=-45.34 vball=-0.15 aball=0.0 bref=-50.00 pid=0.0 pref=187.9 ppos=187.9 apid=0.0 integ=0.0 vision=1 current=1 vframe=3287 vs=1 vage=2 vpage=2 vdt=34 vmax=67 vacc=3286 vrej=0 seq=3 elapsed=3299 oled=3C
[   4601] STATUS mode=1 fault=none enc=147 denc=0 sreq=0 sapplied=0 crate=0 uimp=0 upos=0 uneg=0 ball=-45.32 vball=0.07 aball=0.0 bref=-50.00 pid=0.0 pref=187.9 ppos=187.9 apid=0.0 integ=0.0 vision=1 current=1 vframe=3288 vs=1 vage=19 vpage=19 vdt=33 vmax=67 vacc=3287 vrej=0 seq=3 elapsed=3299 oled=3C
[   4651] STATUS mode=1 fault=none enc=147 denc=0 sreq=0 sapplied=0 crate=0 uimp=0 upos=0 uneg=0 ball=-45.30 vball=0.18 aball=0.0 bref=-50.00 pid=0.0 pref=187.9 ppos=187.9 apid=0.0 integ=0.0 vision=1 current=1 vframe=3290 vs=1 vage=3 vpage=3 vdt=33 vmax=67 vacc=3289 vrej=0 seq=3 elapsed=3299 oled=3C
[   4701] STATUS mode=1 fault=none enc=147 denc=0 sreq=0 sapplied=0 crate=0 uimp=0 upos=0 uneg=0 ball=-45.31 vball=-0.04 aball=0.0 bref=-50.00 pid=0.0 pref=187.9 ppos=187.9 apid=0.0 integ=0.0 vision=1 current=1 vframe=3291 vs=1 vage=20 vpage=20 vdt=33 vmax=67 vacc=3290 vrej=0 seq=3 elapsed=3299 oled=3C
[   4751] STATUS mode=1 fault=none enc=147 denc=0 sreq=0 sapplied=0 crate=0 uimp=0 upos=0 uneg=0 ball=-45.32 vball=-0.07 aball=0.0 bref=-50.00 pid=0.0 pref=187.9 ppos=187.9 apid=0.0 integ=0.0 vision=1 current=1 vframe=3293 vs=1 vage=3 vpage=3 vdt=33 vmax=67 vacc=3292 vrej=0 seq=3 elapsed=3299 oled=3C
[   4801] STATUS mode=1 fault=none enc=147 denc=0 sreq=0 sapplied=0 crate=0 uimp=0 upos=0 uneg=0 ball=-45.32 vball=-0.05 aball=0.0 bref=-50.00 pid=0.0 pref=187.9 ppos=187.9 apid=0.0 integ=0.0 vision=1 current=1 vframe=3294 vs=1 vage=19 vpage=19 vdt=34 vmax=67 vacc=3293 vrej=0 seq=3 elapsed=3299 oled=3C
[   4851] STATUS mode=1 fault=none enc=147 denc=0 sreq=0 sapplied=0 crate=0 uimp=0 upos=0 uneg=0 ball=-45.30 vball=0.15 aball=0.0 bref=-50.00 pid=0.0 pref=187.9 ppos=187.9 apid=0.0 integ=0.0 vision=1 current=1 vframe=3296 vs=1 vage=3 vpage=3 vdt=33 vmax=67 vacc=3295 vrej=0 seq=3 elapsed=3299 oled=3C
[   4901] STATUS mode=1 fault=none enc=147 denc=0 sreq=0 sapplied=0 crate=0 uimp=0 upos=0 uneg=0 ball=-45.31 vball=-0.07 aball=0.0 bref=-50.00 pid=0.0 pref=187.9 ppos=187.9 apid=0.0 integ=0.0 vision=1 current=1 vframe=3297 vs=1 vage=19 vpage=19 vdt=34 vmax=67 vacc=3296 vrej=0 seq=3 elapsed=3299 oled=3C
[   4951] STATUS mode=1 fault=none enc=147 denc=0 sreq=0 sapplied=0 crate=0 uimp=0 upos=0 uneg=0 ball=-45.33 vball=-0.18 aball=0.0 bref=-50.00 pid=0.0 pref=187.9 ppos=187.9 apid=0.0 integ=0.0 vision=1 current=1 vframe=3299 vs=1 vage=3 vpage=3 vdt=34 vmax=67 vacc=3298 vrej=0 seq=3 elapsed=3299 oled=3C
[   5001] STATUS mode=1 fault=none enc=147 denc=0 sreq=0 sapplied=0 crate=0 uimp=0 upos=0 uneg=0 ball=-45.33 vball=-0.09 aball=0.0 bref=-50.00 pid=0.0 pref=187.9 ppos=187.9 apid=0.0 integ=0.0 vision=1 current=1 vframe=3300 vs=1 vage=20 vpage=20 vdt=33 vmax=67 vacc=3299 vrej=0 seq=3 elapsed=3299 oled=3C
[   5051] STATUS mode=1 fault=none enc=147 denc=0 sreq=0 sapplied=0 crate=0 uimp=0 upos=0 uneg=0 ball=-45.32 vball=0.08 aball=0.0 bref=-50.00 pid=0.0 pref=187.9 ppos=187.9 apid=0.0 integ=0.0 vision=1 current=1 vframe=3302 vs=1 vage=3 vpage=3 vdt=33 vmax=67 vacc=3301 vrej=0 seq=3 elapsed=3299 oled=3C
[   5101] STATUS mode=1 fault=none enc=147 denc=0 sreq=0 sapplied=0 crate=0 uimp=0 upos=0 uneg=0 ball=-45.31 vball=0.07 aball=0.0 bref=-50.00 pid=0.0 pref=187.9 ppos=187.9 apid=0.0 integ=0.0 vision=1 current=1 vframe=3303 vs=1 vage=19 vpage=19 vdt=34 vmax=67 vacc=3302 vrej=0 seq=3 elapsed=3299 oled=3C
[   5151] STATUS mode=1 fault=none enc=147 denc=0 sreq=0 sapplied=0 crate=0 uimp=0 upos=0 uneg=0 ball=-45.31 vball=0.04 aball=0.0 bref=-50.00 pid=0.0 pref=187.9 ppos=187.9 apid=0.0 integ=0.0 vision=1 current=1 vframe=3305 vs=1 vage=2 vpage=2 vdt=34 vmax=67 vacc=3304 vrej=0 seq=3 elapsed=3299 oled=3C
[   5201] STATUS mode=1 fault=none enc=147 denc=0 sreq=0 sapplied=0 crate=0 uimp=0 upos=0 uneg=0 ball=-45.33 vball=-0.16 aball=0.0 bref=-50.00 pid=0.0 pref=187.9 ppos=187.9 apid=0.0 integ=0.0 vision=1 current=1 vframe=3306 vs=1 vage=19 vpage=19 vdt=33 vmax=67 vacc=3305 vrej=0 seq=3 elapsed=3299 oled=3C
[   5242] STATUS mode=1 fault=none enc=147 denc=0 sreq=0 sapplied=0 crate=0 uimp=0 upos=0 uneg=0 ball=-45.35 vball=-0.16 aball=0.0 bref=-50.00 pid=0.0 pref=187.9 ppos=187.9 apid=0.0 integ=0.0 v
[   5242] >>> stream off
[   5251] ision=1 current=1 vframe=3308 vs=1 vage=3 vpage=3 vdt=34 vmax=67 vacc=3307 vrej=0 seq=3 elapsed=3299 oled=3C
[   5253] OK stream off
[   5370] >>> status
[   5397] STATUS mode=1 fault=none enc=147 denc=0 sreq=0 sapplied=0 crate=0 uimp=0 upos=0 uneg=0 ball=-45.36 vball=-0.12 aball=0.0 bref=-50.00 pid=0.0 pref=187.9 ppos=187.9 apid=0.0 integ=0.0 vision=1 current=1 vframe=3312 vs=1 vage=16 vpage=16 vdt=33 vmax=67 vacc=3311 vrej=0 seq=3 elapsed=3299 oled=3C
