[      1] >>> bench on
[      7] OK stepper visual-only bench active; command pose preserved
[    122] >>> clear
[    124] OK fault cleared
[    246] >>> diag reset
[    250] OK actuator diagnostics reset
[    371] >>> gain ball 1.2 2.0 4.0 -1
[    378] OK ball gains kp=1.200 ki=2.000 kd=4.000 sign=-1
[    498] >>> gain accel 0
[    502] OK ball acceleration gain ka=0.000
[    624] >>> limit rate 400
[    628] OK ball rate limit=400 steps/s
[    747] >>> stream on 20
[    750] OK stream on 20 ms
[    794] STATUS mode=1 fault=none enc=699 denc=0 sreq=0 sapplied=0 crate=0 uimp=0 upos=0 uneg=0 ball=6.25 vball=0.59 aball=0.0 bref=0.00 pid=0.0 pref=556.4 ppos=556.4 apid=0.0 integ=0.0 vision=1 current=1 vframe=5105 vs=1 vage=13 vpage=13 vdt=33 vmax=201 vacc=5079 vrej=0 seq=0 elapsed=0 oled=3C
[    819] STATUS mode=1 fault=none enc=699 denc=0 sreq=0 sapplied=0 crate=0 uimp=0 upos=0 uneg=0 ball=6.25 vball=0.59 aball=0.0 bref=0.00 pid=0.0 pref=556.4 ppos=556.4 apid=0.0 integ=0.0 vision=1 current=1 vframe=5105 vs=1 vage=33 vpage=33 vdt=33 vmax=201 vacc=5079 vrej=0 seq=0 elapsed=0 oled=3C
[    844] STATUS mode=1 fault=none enc=699 denc=0 sreq=0 sapplied=0 crate=0 uimp=0 upos=0 uneg=0 ball=6.25 vball=0.48 aball=0.0 bref=0.00 pid=0.0 pref=556.4 ppos=556.4 apid=0.0 integ=0.0 vision=1 current=1 vframe=5106 vs=1 vage=19 vpage=19 vdt=34 vmax=201 vacc=5080 vrej=0 seq=0 elapsed=0 oled=3C
[    869] STATUS mode=1 fault=none enc=699 denc=0 sreq=0 sapplied=0 crate=0 uimp=0 upos=0 uneg=0 ball=6.25 vball=0.33 aball=0.0 bref=0.00 pid=0.0 pref=556.4 ppos=556.4 apid=0.0 integ=0.0 vision=1 current=1 vframe=5107 vs=1 vage=5 vpage=5 vdt=34 vmax=201 vacc=5081 vrej=0 seq=0 elapsed=0 oled=3C
[    869] >>> ball 0
[    894] STATUS mode=1 fault=none enc=699 denc=0 sreq=0 sapplied=0 crate=0 uimp=0 upos=0 uneg=0 ball=6.25 vball=0.22 aball=0.0 bref=0.00 pid=0.0 pref=556.4 ppos=556.4 apid=0.0 integ=0.0 vision=1 current=1 vframe=5107 vs=1 vage=25 vpage=25 vdt=34 vmax=201 vacc=5081 vrej=0 seq=0 elapsed=0 oled=3C
[    920] STATUS mode=3 fault=none enc=712 denc=3 sreq=72 sapplied=72 crate=72 uimp=1200 upos=15 uneg=0 ball=6.25 vball=0.22 aball=0.0 bref=0.00 pid=71.8 pref=564.8 ppos=557.6 apid=0.0 integ=-0.0 vision=1 current=1 vframe=5108 vs=1 vage=32 vpage=32 vdt=33 vmax=201 vacc=5082 vrej=0 seq=0 elapsed=0 oled=3C
[    946] STATUS mode=3 fault=none enc=712 denc=2 sreq=56 sapplied=56 crate=56 uimp=2490 upos=35 uneg=0 ball=6.25 vball=0.14 aball=0.0 bref=0.00 pid=55.7 pref=564.4 ppos=558.9 apid=0.0 integ=-0.0 vision=1 current=1 vframe=5109 vs=1 vage=19 vpage=19 vdt=33 vmax=201 vacc=5083 vrej=0 seq=0 elapsed=0 oled=3C
[    971] STATUS mode=3 fault=none enc=713 denc=1 sreq=43 sapplied=43 crate=43 uimp=3525 upos=55 uneg=0 ball=6.25 vball=0.09 aball=0.0 bref=0.00 pid=43.3 pref=564.2 ppos=559.9 apid=0.0 integ=-0.0 vision=1 current=1 vframe=5110 vs=1 vage=4 vpage=4 vdt=35 vmax=201 vacc=5084 vrej=0 seq=0 elapsed=0 oled=3C
[    997] STATUS mode=3 fault=none enc=714 denc=0 sreq=27 sapplied=27 crate=27 uimp=4965 upos=95 uneg=0 ball=6.25 vball=0.05 aball=-0.8 bref=0.00 pid=27.3 pref=564.1 ppos=561.4 apid=-0.0 integ=-0.0 vision=1 current=1 vframe=5111 vs=1 vage=14 vpage=14 vdt=30 vmax=201 vacc=5085 vrej=0 seq=0 elapsed=0 oled=3C
[   1023] STATUS mode=3 fault=none enc=714 denc=0 sreq=22 sapplied=22 crate=22 uimp=5470 upos=115 uneg=0 ball=6.25 vball=0.05 aball=-0.8 bref=0.00 pid=22.3 pref=564.1 ppos=561.9 apid=-0.0 integ=-0.0 vision=1 current=1 vframe=5111 vs=1 vage=34 vpage=34 vdt=30 vmax=201 vacc=5085 vrej=0 seq=0 elapsed=0 oled=3C
[   1049] STATUS mode=3 fault=none enc=715 denc=0 sreq=0 sapplied=0 crate=0 uimp=5580 upos=120 uneg=0 ball=6.19 vball=-0.56 aball=-0.8 bref=0.00 pid=0.0 pref=561.6 ppos=562.0 apid=-0.0 integ=-0.0 vision=1 current=1 vframe=5112 vs=1 vage=19 vpage=19 vdt=35 vmax=201 vacc=5086 vrej=0 seq=0 elapsed=0 oled=3C
[   1075] STATUS mode=3 fault=none enc=716 denc=1 sreq=-42 sapplied=-42 crate=-42 uimp=4890 upos=120 uneg=15 ball=6.05 vball=-1.63 aball=-0.8 bref=0.00 pid=-41.5 pref=557.1 ppos=.0 apid=-0.0 integ=-0.0 vision=1 current=1 vframe=5113 vs=1 vage=5 vpage=5 vdt=34 vmax=201 vacc=5087 vrej=0 seq=0 elapsed=0 oled=3C
[   1075] >>> stream off
[   1102] STATUS mode=3 fault=none enc=715 denc=0 sreq=-30 sapplied=-30 crate=-30 uimp=4140 upos=120 uneg=35 ball=6.00 vball=-1.52 aball=-7.4 bref=0.00 pid=-30.2 pref=557.5 ppos=560.5 apid=-0.0 integ=-0.0 vision=1 current=1 vframe=5114 vs=1 vage=13 vpage=13 vdt=32 vmax=201 vacc=5088 vrej=0 seq=0 elapsed=0 oled=3C
[   1103] OK stream off
[   1198] >>> gain ball 1.2 2.0 2.0 -1
[   1205] OK ball gains kp=1.200 ki=2.000 kd=2.000 sign=-1
[   1324] >>> ball sequence
[   1330] OK visual step-rate sequence 0 -> +50 -> -50 started
[   1448] >>> stream on 20
[   1451] OK stream on 20 ms
[   1497] STATUS mode=4 fault=none enc=613 denc=-2 sreq=-400 sapplied=-400 crate=-400 uimp=-75410 upos=120 uneg=405 ball=-3.44 vball=-31.17 aball=-35.9 bref=50.00 pid=-400.0 pref=323.5 ppos=481.0 apid=-0.0 integ=-0.0 vision=1 current=1 vframe=5126 vs=1 vage=11 vpage=11 vdt=35 vmax=201 vacc=5100 vrej=0 seq=1 elapsed=144 oled=3C
[   1525] STATUS mode=4 fault=none enc=602 denc=-3 sreq=-400 sapplied=-400 crate=-400 uimp=-83410 upos=120 uneg=425 ball=-3.44 vball=-31.17 aball=-35.9 bref=50.00 pid=-400.0 pref=323.5 ppos=473.0 apid=-0.0 integ=-0.0 vision=1 current=1 vframe=5126 vs=1 vage=31 vpage=31 vdt=35 vmax=201 vacc=5100 vrej=0 seq=1 elapsed=164 oled=3C
[   1553] STATUS mode=4 fault=none enc=592 denc=-2 sreq=-400 sapplied=-400 crate=-400 uimp=-91410 upos=120 uneg=445 ball=-4.51 vball=-31.58 aball=-35.9 bref=50.00 pid=-400.0 pref=321.4 ppos=465.0 apid=-0.0 integ=-0.0 vision=1 current=1 vframe=5127 vs=1 vage=18 vpage=18 vdt=33 vmax=201 vacc=5101 vrej=0 seq=1 elapsed=184 oled=3C
[   1553] PHASE sequence
[   1581] STATUS mode=4 fault=none enc=572 denc=-1 sreq=-400 sapplied=-400 crate=-400 uimp=-107410 upos=120 uneg=485 ball=-5.01 vball=-26.77 aball=-6.4 bref=50.00 pid=-400.0 pref=330.4 ppos=449.0 apid=-0.0 integ=-0.0 vision=1 current=1 vframe=5128 vs=1 vage=23 vpage=23 vdt=35 vmax=201 vacc=5102 vrej=0 seq=1 elapsed=224 oled=3C
[   1608] STATUS mode=4 fault=none enc=561 denc=-2 sreq=-400 sapplied=-400 crate=-400 uimp=-115410 upos=120 uneg=505 ball=-6.09 vball=-28.00 aball=-6.4 bref=50.00 pid=-400.0 pref=326.7 ppos=441.0 apid=-0.0 integ=-0.0 vision=1 current=1 vframe=5129 vs=1 vage=12 vpage=12 vdt=31 vmax=201 vacc=5103 vrej=0 seq=1 elapsed=244 oled=3C
[   1636] STATUS mode=4 fault=none enc=552 denc=-1 sreq=-400 sapplied=-400 crate=-400 uimp=-123410 upos=120 uneg=525 ball=-6.09 vball=-28.00 aball=-6.4 bref=50.00 pid=-400.0 pref=326.7 ppos=433.0 apid=-0.0 integ=-0.0 vision=1 current=1 vframe=5129 vs=1 vage=32 vpage=32 vdt=31 vmax=201 vacc=5103 vrej=0 seq=1 elapsed=264 oled=3C
[   1664] STATUS mode=4 fault=none enc=531 denc=-2 sreq=-400 sapplied=-400 crate=-400 uimp=-139410 upos=120 uneg=565 ball=-8.53 vball=-32.12 aball=-28.3 bref=50.00 pid=-400.0 pref=315.5 ppos=417.0 apid=-0.0 integ=-0.0 vision=1 current=1 vframe=5131 vs=1 vage=6 vpage=6 vdt=34 vmax=201 vacc=5105 vrej=0 seq=1 elapsed=304 oled=3C
[   1692] STATUS mode=4 fault=none enc=520 denc=-3 sreq=-400 sapplied=-400 crate=-400 uimp=-147410 upos=120 uneg=585 ball=-8.53 vball=-32.12 aball=-28.3 bref=50.00 pid=-400.0 pref=315.5 ppos=409.0 apid=-0.0 integ=-0.0 vision=1 current=1 vframe=5131 vs=1 vage=26 vpage=26 vdt=34 vmax=201 vacc=5105 vrej=0 seq=1 elapsed=324 oled=3C
[   1720] STATUS mode=4 fault=none enc=500 denc=-3 sreq=-400 sapplied=-400 crate=-400 uimp=-163410 upos=120 uneg=625 ball=-9.47 vball=-30.65 aball=-28.3 bref=50.00 pid=-400.0 pref=317.3 ppos=393.0 apid=-0.0 integ=-0.0 vision=1 current=1 vframe=5132 vs=1 vage=33 vpage=33 vdt=33 vmax=201 vacc=5106 vrej=0 seq=1 elapsed=364 oled=3C
[   1748] STATUS mode=4 fault=none enc=490 denc=-2 sreq=-400 sapplied=-400 crate=-400 uimp=-171410 upos=120 uneg=645 ball=-9.47 vball=-30.65 aball=-28.3 bref=50.00 pid=-400.0 pref=317.3 ppos=385.0 apid=-0.0 integ=-0.0 vision=1 current=0 vframe=5133 vs=0 vage=53 vpage=18 vdt=33 vmax=201 vacc=5106 vrej=0 seq=1 elapsed=384 oled=3C
[   1775] STATUS mode=4 fault=none enc=480 denc=-2 sreq=-400 sapplied=-400 crate=-400 uimp=-179410 upos=120 uneg=665 ball=-9.47 vball=-30.65 aball=-28.3 bref=50.00 pid=-400.0 pref=317.3 ppos=377.0 apid=-0.0 integ=-0.0 vision=1 current=0 vframe=5134 vs=0 vage=73 vpage=5 vdt=33 vmax=201 vacc=5106 vrej=0 seq=1 elapsed=404 oled=3C
[   1803] STATUS mode=4 fault=none enc=461 denc=-1 sreq=-306 sapplied=-306 crate=-306 uimp=-195020 upos=120 uneg=705 ball=-10.96 vball=-23.01 aball=15.0 bref=50.00 pid=-305.6 pref=330.8 ppos=361.4 apid=0.0 integ=-0.0 vision=1 current=1 vframe=5135 vs=1 vage=12 vpage=12 vdt=101 vmax=201 vacc=5107 vrej=0 seq=1 elapsed=444 oled=3C
[   1831] STATUS mode=4 fault=none enc=454 denc=-1 sreq=-249 sapplied=-249 crate=-249 uimp=-200690 upos=120 uneg=725 ball=-10.96 vball=-23.01 aball=15.0 bref=50.00 pid=-248.9 pref=330.8 ppos=355.7 apid=0.0 integ=-0.0 vision=1 current=1 vframe=5135 vs=1 vage=32 vpage=32 vdt=101 vmax=201 vacc=5107 vrej=0 seq=1 elapsed=464 oled=3C
[   1858] STATUS mode=4 fault=none enc=444 denc=-1 sreq=-84 sapplied=-84 crate=-84 uimp=-208260 upos=120 uneg=765 ball=-11.87 vball=-17.98 aball=15.0 bref=50.00 pid=-83.5 pref=339.8 ppos=348.1 apid=0.0 integ=-0.0 vision=1 current=1 vframe=5137 vs=1 vage=8 vpage=8 vdt=31 vmax=201 vacc=5109 vrej=0 seq=1 elapsed=504 oled=3C
[   1886] STATUS mode=4 fault=none enc=443 denc=0 sreq=-68 sapplied=-68 crate=-68 uimp=-209810 upos=120 uneg=785 ball=-11.87 vball=-17.98 aball=15.0 bref=50.00 pid=-68.0 pref=339.8 ppos=346.6 apid=0.0 integ=-0.0 vision=1 current=1 vframe=5137 vs=1 vage=28 vpage=28 vdt=31 vmax=201 vacc=5109 vrej=0 seq=1 elapsed=524 oled=3C
[   1913] STATUS mode=4 fault=none enc=441 denc=1 sreq=32 sapplied=32 crate=32 uimp=-210310 upos=125 uneg=795 ball=-11.93 vball=-13.21 aball=53.7 bref=50.00 pid=31.6 pref=349.2 ppos=346.1 apid=0.0 integ=-0.0 vision=1 current=1 vframe=5138 vs=1 vage=15 vpage=15 vdt=33 vmax=201 vacc=5110 vrej=0 seq=1 elapsed=544 oled=3C
[   1940] STATUS mode=4 fault=none enc=442 denc=1 sreq=99 sapplied=99 crate=99 uimp=-207950 upos=165 uneg=795 ball=-11.87 vball=-8.72 aball=53.7 bref=50.00 pid=98.6 pref=358.3 ppos=348.4 apid=0.0 integ=-0.0 vision=1 current=1 vframe=5139 vs=1 vage=21 vpage=21 vdt=34 vmax=201 vacc=5111 vrej=0 seq=1 elapsed=584 oled=3C
[   1967] STATUS mode=4 fault=none enc=444 denc=1 sreq=148 sapplied=148 crate=148 uimp=-206120 upos=185 uneg=795 ball=-11.78 vball=-5.39 aball=53.7 bref=50.00 pid=147.9 pref=365.1 ppos=350.3 apid=0.0 integ=-0.0 vision=1 current=1 vframe=5140 vs=1 vage=8 vpage=8 vdt=33 vmax=201 vacc=5112 vrej=0 seq=1 elapsed=604 oled=3C
[   1994] STATUS mode=4 fault=none enc=448 denc=1 sreq=120 sapplied=120 crate=120 uimp=-203375 upos=205 uneg=795 ball=-11.78 vball=-5.39 aball=53.7 bref=50.00 pid=120.5 pref=365.1 ppos=353.0 apid=0.0 integ=-0.0 vision=1 current=1 vframe=5140 vs=1 vage=28 vpage=28 vdt=33 vmax=201 vacc=5112 vrej=0 seq=1 elapsed=624 oled=3C
[   2021] STATUS mode=4 fault=none enc=455 denc=1 sreq=122 sapplied=122 crate=122 uimp=-197810 upos=245 uneg=795 ball=-10.86 vball=5.14 aball=77.7 bref=50.00 pid=121.9 pref=370.8 ppos=358.6 apid=0.0 integ=-0.0 vision=1 current=1 vframe=5142 vs=1 vage=2 vpage=2 vdt=34 vmax=201 vacc=5114 vrej=0 seq=1 elapsed=664 oled=3C
[   2048] STATUS mode=4 fault=none enc=461 denc=1 sreq=243 sapplied=243 crate=243 uimp=-193465 upos=265 uneg=795 ball=-10.86 vball=5.14 aball=77.7 bref=50.00 pid=243.0 pref=387.2 ppos=362.9 apid=0.0 integ=-0.0 vision=1 current=1 vframe=5142 vs=1 vage=22 vpage=22 vdt=34 vmax=201 vacc=5114 vrej=0 seq=1 elapsed=684 oled=3C
[   2075] STATUS mode=4 fault=none enc=467 denc=2 sreq=302 sapplied=302 crate=302 uimp=-188410 upos=285 uneg=795 ball=-10.11 vball=10.17 aball=77.7 bref=50.00 pid=302.1 pref=398.2 ppos=368.0 apid=0.0 integ=-0.0 vision=1 current=1 vframe=5143 vs=1 vage=9 vpage=9 vdt=33 vmax=201 vacc=5115 vrej=0 seq=1 elapsed=704 oled=3C
[   2103] STATUS mode=4 fault=none enc=481 denc=2 sreq=322 sapplied=322 crate=322 uimp=-177040 upos=325 uneg=795 ball=-9.09 vball=16.26 aball=126.8 bref=50.00 pid=322.4 pref=411.6 ppos=379.3 apid=0.0 integ=-0.0 vision=1 current=1 vframe=5144 vs=1 vage=15 vpage=15 vdt=34 vmax=201 vacc=5116 vrej=0 seq=1 elapsed=744 oled=3C
[   2130] STATUS mode=4 fault=none enc=488 denc=1 sreq=263 sapplied=263 crate=263 uimp=-171065 upos=345 uneg=795 ball=-8.22 vball=19.17 aball=126.8 bref=50.00 pid=262.7 pref=411.6 ppos=385.3 apid=0.0 integ=-0.0 vision=1 current=1 vframe=5145 vs=1 vage=3 vpage=3 vdt=32 vmax=201 vacc=5117 vrej=0 seq=1 elapsed=764 oled=3C
[   2157] STATUS mode=4 fault=none enc=502 denc=1 sreq=223 sapplied=223 crate=223 uimp=-160150 upos=385 uneg=795 ball=-7.64 vball=18.86 aball=126.8 bref=50.00 pid=222.9 pref=418.5 ppos=396.2 apid=0.0 integ=-0.0 vision=1 current=1 vframe=5146 vs=1 vage=9 vpage=9 vdt=34 vmax=201 vacc=5118 vrej=0 seq=1 elapsed=804 oled=3C
[   2184] STATUS mode=4 fault=none enc=508 denc=2 sreq=182 sapplied=182 crate=182 uimp=-156015 upos=405 uneg=795 ball=-7.64 vball=18.86 aball=126.8 bref=50.00 pid=181.6 pref=418.5 ppos=400.4 apid=0.0 integ=-0.0 vision=1 current=1 vframe=5146 vs=1 vage=29 vpage=29 vdt=34 vmax=201 vacc=5118 vrej=0 seq=1 elapsed=824 oled=3C
[   2212] STATUS mode=4 fault=none enc=513 denc=2 sreq=239 sapplied=239 crate=239 uimp=-151665 upos=425 uneg=795 ball=-6.49 vball=23.21 aball=100.7 bref=50.00 pid=238.9 pref=428.6 ppos=404.7 apid=0.0 integ=-0.0 vision=1 current=1 vframe=5147 vs=1 vage=14 vpage=14 vdt=35 vmax=201 vacc=5119 vrej=0 seq=1 elapsed=844 oled=3C
[   2239] STATUS mode=4 fault=none enc=525 denc=2 sreq=225 sapplied=225 crate=225 uimp=-142505 upos=465 uneg=795 ball=-5.30 vball=26.40 aball=100.7 bref=50.00 pid=225.3 pref=436.4 ppos=413.9 apid=0.0 integ=-0.0 vision=1 current=1 vframe=5148 vs=1 vage=20 vpage=20 vdt=34 vmax=201 vacc=5120 vrej=0 seq=1 elapsed=884 oled=3C
[   2266] STATUS mode=4 fault=none enc=530 denc=1 sreq=264 sapplied=264 crate=264 uimp=-138330 upos=485 uneg=795 ball=-4.12 vball=29.70 aball=100.7 bref=50.00 pid=263.8 pref=444.4 ppos=418.1 apid=0.0 integ=-0.0 vision=1 current=1 vframe=5149 vs=1 vage=8 vpage=8 vdt=32 vmax=201 vacc=5121 vrej=0 seq=1 elapsed=904 oled=3C
[   2293] STATUS mode=4 fault=none enc=537 denc=1 sreq=215 sapplied=215 crate=215 uimp=-133435 upos=505 uneg=795 ball=-4.12 vball=29.70 aball=100.7 bref=50.00 pid=214.8 pref=444.4 ppos=423.0 apid=0.0 integ=-0.0 vision=1 current=1 vframe=5149 vs=1 vage=28 vpage=28 vdt=32 vmax=201 vacc=5121 vrej=0 seq=1 elapsed=924 oled=3C
[   2320] STATUS mode=4 fault=none enc=550 denc=1 sreq=222 sapplied=222 crate=222 uimp=-123335 upos=545 uneg=795 ball=-1.29 vball=35.79 aball=105.5 bref=50.00 pid=222.4 pref=455.3 ppos=433.1 apid=0.0 integ=-0.0 vision=1 current=1 vframe=5158 vs=1 vage=1 vpage=1 vdt=34 vmax=201 vacc=5130 vrej=0 seq=1 elapsed=964 oled=3C
[   2348] STATUS mode=4 fault=none enc=556 denc=1 sreq=222 sapplied=222 crate=222 uimp=-118540 upos=565 uneg=795 ball=-1.29 vball=35.79 aball=105.5 bref=50.00 pid=221.6 pref=460.0 ppos=437.8 apid=0.0 integ=-0.0 vision=1 current=1 vframe=5158 vs=1 vage=21 vpage=21 vdt=34 vmax=201 vacc=5130 vrej=0 seq=1 elapsed=984 oled=3C
[   2375] STATUS mode=4 fault=none enc=561 denc=1 sreq=282 sapplied=282 crate=282 uimp=-114425 upos=585 uneg=795 ball=0.42 vball=39.84 aball=105.5 bref=50.00 pid=282.0 pref=470.2 ppos=442.0 apid=0.0 integ=-0.0 vision=1 current=1 vframe=5159 vs=1 vage=6 vpage=6 vdt=35 vmax=201 vacc=5131 vrej=0 seq=1 elapsed=1004 oled=3C
[   2402] STATUS mode=4 fault=none enc=574 denc=1 sreq=293 sapplied=293 crate=293 uimp=-103825 upos=625 uneg=795 ball=2.24 vball=44.60 aball=104.7 bref=50.00 pid=293.0 pref=481.9 ppos=452.6 apid=0.0 integ=-0.0 vision=1 current=1 vframe=5160 vs=1 vage=15 vpage=15 vdt=31 vmax=201 vacc=5132 vrej=0 seq=1 elapsed=1044 oled=3C
[   2429] STATUS mode=4 fault=none enc=582 denc=3 sreq=239 sapplied=239 crate=239 uimp=-98395 upos=645 uneg=795 ball=3.24 vball=42.30 aball=104.7 bref=50.00 pid=238.7 pref=481.9 ppos=458.0 apid=0.0 integ=-0.0 vision=1 current=1 vframe=5161 vs=1 vage=2 vpage=2 vdt=33 vmax=201 vacc=5133 vrej=0 seq=1 elapsed=1064 oled=3C
[   2456] STATUS mode=4 fault=none enc=587 denc=1 sreq=165 sapplied=165 crate=165 uimp=-94450 upos=665 uneg=795 ball=3.24 vball=42.30 aball=104.7 bref=50.00 pid=165.3 pref=478.5 ppos=461.9 apid=0.0 integ=-0.0 vision=1 current=1 vframe=5161 vs=1 vage=22 vpage=22 vdt=33 vmax=201 vacc=5133 vrej=0 seq=1 elapsed=1084 oled=3C
[   2483] STATUS mode=4 fault=none enc=596 denc=2 sreq=176 sapplied=176 crate=176 uimp=-87380 upos=705 uneg=795 ball=4.92 vball=45.36 aball=104.7 bref=50.00 pid=175.9 pref=486.6 ppos=469.0 apid=0.0 integ=-0.0 vision=1 current=1 vframe=5162 vs=1 vage=28 vpage=28 vdt=34 vmax=201 vacc=5134 vrej=0 seq=1 elapsed=1124 oled=3C
[   2511] STATUS mode=4 fault=none enc=600 denc=1 sreq=294 sapplied=294 crate=294 uimp=-83575 upos=725 uneg=795 ball=7.18 vball=51.81 aball=89.4 bref=50.00 pid=294.0 pref=502.2 ppos=472.8 apid=0.0 integ=-0.0 vision=1 current=1 vframe=5163 vs=1 vage=13 vpage=13 vdt=35 vmax=201 vacc=5135 vrej=0 seq=1 elapsed=1144 oled=3C
[   2538] STATUS mode=4 fault=none enc=614 denc=1 sreq=235 sapplied=235 crate=235 uimp=-73020 upos=765 uneg=795 ball=9.13 vball=52.96 aball=89.4 bref=50.00 pid=234.9 pref=506.9 ppos=483.4 apid=0.0 integ=-0.0 vision=1 current=1 vframe=5164 vs=1 vage=19 vpage=19 vdt=34 vmax=201 vacc=5136 vrej=0 seq=1 elapsed=1184 oled=3C
[   2565] STATUS mode=4 fault=none enc=620 denc=1 sreq=101 sapplied=101 crate=101 uimp=-68665 upos=785 uneg=795 ball=10.08 vball=46.33 aball=89.4 bref=50.00 pid=70.1 pref=494.7 ppos=487.7 apid=0.0 integ=-0.0 vision=1 current=1 vframe=5165 vs=1 vage=6 vpage=6 vdt=33 vmax=201 vacc=5137 vrej=0 seq=1 elapsed=1204 oled=3C
[   2591] STATUS mode=4 fault=none enc=622 denc=1 sreq=56 sapplied=56 crate=56 uimp=-67230 upos=805 uneg=795 ball=10.08 vball=46.33 aball=89.4 bref=50.00 pid=55.8 pref=494.7 ppos=489.2 apid=0.0 integ=-0.0 vision=1 current=1 vframe=5165 vs=1 vage=26 vpage=26 vdt=33 vmax=201 vacc=5137 vrej=0 seq=1 elapsed=1224 oled=3C
[   2618] STATUS mode=4 fault=none enc=624 denc=0 sreq=42 sapplied=42 crate=42 uimp=-65215 upos=845 uneg=795 ball=11.64 vball=45.71 aball=21.7 bref=50.00 pid=41.9 pref=495.4 ppos=491.2 apid=0.0 integ=-0.0 vision=1 current=1 vframe=5166 vs=1 vage=33 vpage=33 vdt=33 vmax=201 vacc=5138 vrej=0 seq=1 elapsed=1264 oled=3C
[   2645] STATUS mode=4 fault=none enc=626 denc=1 sreq=50 sapplied=50 crate=50 uimp=-64175 upos=865 uneg=795 ball=13.17 vball=45.71 aball=21.7 bref=50.00 pid=49.9 pref=497.2 ppos=492.2 apid=0.0 integ=-0.0 vision=1 current=1 vframe=5167 vs=1 vage=20 vpage=20 vdt=33 vmax=201 vacc=5139 vrej=0 seq=1 elapsed=1284 oled=3C
[   2672] STATUS mode=4 fault=none enc=626 denc=0 sreq=86 sapplied=86 crate=86 uimp=-63250 upos=885 uneg=795 ball=14.86 vball=46.94 aball=21.7 bref=50.00 pid=85.5 pref=501.7 ppos=493.1 apid=0.0 integ=-0.0 vision=1 current=1 vframe=5168 vs=1 vage=6 vpage=6 vdt=34 vmax=201 vacc=5140 vrej=0 seq=1 elapsed=1304 oled=3C
[   2699] STATUS mode=4 fault=none enc=631 denc=1 sreq=104 sapplied=104 crate=104 uimp=-60125 upos=925 uneg=795 ball=16.60 vball=48.36 aball=23.7 bref=50.00 pid=103.5 pref=506.6 ppos=496.3 apid=0.0 integ=-0.0 vision=1 current=1 vframe=5169 vs=1 vage=12 vpage=12 vdt=34 vmax=201 vacc=5141 vrej=0 seq=1 elapsed=1344 oled=3C
[   2726] STATUS mode=4 fault=none enc=634 denc=1 sreq=84 sapplied=84 crate=84 uimp=-58205 upos=945 uneg=795 ball=16.60 vball=48.36 aball=23.7 bref=50.00 pid=84.3 pref=506.6 ppos=498.2 apid=0.0 integ=-0.0 vision=1 current=1 vframe=5169 vs=1 vage=32 vpage=32 vdt=34 vmax=201 vacc=5141 vrej=0 seq=1 elapsed=1364 oled=3C
[   2753] STATUS mode=4 fault=none enc=634 denc=0 sreq=43 sapplied=43 crate=43 uimp=-57060 upos=965 uneg=795 ball=17.93 vball=46.09 aball=23.7 bref=50.00 pid=43.5 pref=503.7 ppos=499.3 apid=0.0 integ=-0.0 vision=1 current=1 vframe=5170 vs=1 vage=20 vpage=20 vdt=32 vmax=201 vacc=5142 vrej=0 seq=1 elapsed=1384 oled=3C
[   2780] STATUS mode=4 fault=none enc=635 denc=-1 sreq=-83 sapplied=-83 crate=-83 uimp=-57645 upos=985 uneg=810 ball=18.68 vball=39.00 aball=23.7 bref=50.00 pid=-83.5 pref=490.4 ppos=498.7 apid=0.0 integ=-0.0 vision=1 current=1 vframe=5171 vs=1 vage=26 vpage=26 vdt=34 vmax=201 vacc=5143 vrej=0 seq=1 elapsed=1424 oled=3C
[   2807] STATUS mode=4 fault=none enc=634 denc=0 sreq=32 sapplied=32 crate=32 uimp=-58830 upos=985 uneg=825 ball=20.46 vball=43.11 aball=-10.8 bref=50.00 pid=31.9 pref=500.7 ppos=497.6 apid=-0.0 integ=-0.0 vision=1 current=1 vframe=5172 vs=1 vage=13 vpage=13 vdt=33 vmax=201 vacc=5144 vrej=0 seq=1 elapsed=1444 oled=3C
[   2834] STATUS mode=4 fault=none enc=634 denc=0 sreq=26 sapplied=26 crate=26 uimp=-58240 upos=1005 uneg=825 ball=20.46 vball=43.11 aball=-10.8 bref=50.00 pid=26.0 pref=500.7 ppos=498.1 apid=-0.0 integ=-0.0 vision=1 current=1 vframe=5172 vs=1 vage=33 vpage=33 vdt=33 vmax=201 vacc=5144 vrej=0 seq=1 elapsed=1464 oled=3C
[   2861] STATUS mode=4 fault=none enc=635 denc=0 sreq=0 sapplied=0 crate=0 uimp=-58110 upos=1010 uneg=825 ball=23.01 vball=40.48 aball=-10.8 bref=50.00 pid=0.0 pref=498.5 ppos=498.3 apid=-0.0 integ=-0.0 vision=1 current=1 vframe=5174 vs=1 vage=5 vpage=5 vdt=35 vmax=201 vacc=5146 vrej=0 seq=1 elapsed=1504 oled=3C
[   2887] STATUS mode=4 fault=none enc=635 denc=0 sreq=0 sapplied=0 crate=0 uimp=-58110 upos=1010 uneg=825 ball=23.01 vball=40.48 aball=-10.8 bref=50.00 pid=0.0 pref=498.5 ppos=498.3 apid=-0.0 integ=-0.0 vision=1 current=1 vframe=5174 vs=1 vage=25 vpage=25 vdt=35 vmax=201 vacc=5146 vrej=0 seq=1 elapsed=1524 oled=3C
[   2915] STATUS mode=4 fault=none enc=635 denc=0 sreq=-56 sapplied=-56 crate=-56 uimp=-58110 upos=1010 uneg=825 ball=23.92 vball=36.98 aball=-33.5 bref=50.00 pid=-56.4 pref=492.6 ppos=498.3 apid=-0.0 integ=-0.0 vision=1 current=1 vframe=5175 vs=1 vage=13 vpage=13 vdt=32 vmax=201 vacc=5147 vrej=0 seq=1 elapsed=1544 oled=3C
[   2943] STATUS mode=4 fault=none enc=633 denc=-1 sreq=-116 sapplied=-116 crate=-116 uimp=-61325 upos=1010 uneg=865 ball=24.60 vball=31.96 aball=-33.5 bref=50.00 pid=-116.5 pref=483.4 ppos=495.1 apid=-0.0 integ=-0.0 vision=1 current=1 vframe=5176 vs=1 vage=20 vpage=20 vdt=33 vmax=201 vacc=5148 vrej=0 seq=1 elapsed=1584 oled=3C
[   2971] STATUS mode=4 fault=none enc=631 denc=-1 sreq=-179 sapplied=-179 crate=-179 uimp=-63485 upos=1010 uneg=885 ball=25.12 vball=27.45 aball=-33.5 bref=50.00 pid=-178.8 pref=475.0 ppos=492.9 apid=-0.0 integ=-0.0 vision=1 current=1 vframe=5177 vs=1 vage=6 vpage=6 vdt=34 vmax=201 vacc=5149 vrej=0 seq=1 elapsed=1604 oled=3C
[   2998] STATUS mode=4 fault=none enc=624 denc=0 sreq=-47 sapplied=-47 crate=-47 uimp=-69120 upos=1010 uneg=925 ball=26.29 vball=30.53 aball=-47.5 bref=50.00 pid=-46.8 pref=482.6 ppos=487.3 apid=-0.0 integ=-0.0 vision=1 current=1 vframe=5178 vs=1 vage=13 vpage=13 vdt=33 vmax=201 vacc=5150 vrej=0 seq=1 elapsed=1644 oled=3C
[   3025] STATUS mode=4 fault=none enc=623 denc=0 sreq=-38 sapplied=-38 crate=-38 uimp=-69985 upos=1010 uneg=945 ball=26.29 vball=30.53 aball=-47.5 bref=50.00 pid=-38.2 pref=482.6 ppos=486.4 apid=-0.0 integ=-0.0 vision=1 current=1 vframe=5178 vs=1 vage=33 vpage=33 vdt=33 vmax=201 vacc=5150 vrej=0 seq=1 elapsed=1664 oled=3C
[   3053] STATUS mode=4 fault=none enc=620 denc=-2 sreq=-69 sapplied=-69 crate=-69 uimp=-71330 upos=1010 uneg=965 ball=27.04 vball=27.86 aball=-47.5 bref=50.00 pid=-69.1 pref=478.1 ppos=485.1 apid=-0.0 integ=-0.0 vision=1 current=1 vframe=5179 vs=1 vage=19 vpage=19 vdt=34 vmax=201 vacc=5151 vrej=0 seq=1 elapsed=1684 oled=3C
[   3081] STATUS mode=4 fault=none enc=616 denc=-1 sreq=-138 sapplied=-138 crate=-138 uimp=-75690 upos=1010 uneg=1005 ball=27.32 vball=22.09 aball=-47.5 bref=50.00 pid=-137.6 pref=466.9 ppos=480.7 apid=-0.0 integ=-0.0 vision=1 current=1 vframe=5180 vs=1 vage=26 vpage=26 vdt=33 vmax=201 vacc=5152 vrej=0 seq=1 elapsed=1724 oled=3C
[   3109] STATUS mode=4 fault=none enc=611 denc=-2 sreq=-228 sapplied=-228 crate=-228 uimp=-78775 upos=1010 uneg=1025 ball=27.37 vball=15.99 aball=-91.5 bref=50.00 pid=-228.1 pref=454.8 ppos=477.6 apid=-0.0 integ=-0.0 vision=1 current=1 vframe=5181 vs=1 vage=13 vpage=13 vdt=33 vmax=201 vacc=5153 vrej=0 seq=1 elapsed=1744 oled=3C
[   3137] STATUS mode=4 fault=none enc=606 denc=0 sreq=-186 sapplied=-186 crate=-186 uimp=-83010 upos=1010 uneg=1045 ball=27.37 vball=15.99 aball=-91.5 bref=50.00 pid=-185.8 pref=454.8 ppos=473.4 apid=-0.0 integ=-0.0 vision=1 current=1 vframe=5181 vs=1 vage=33 vpage=33 vdt=33 vmax=201 vacc=5153 vrej=0 seq=1 elapsed=1764 oled=3C
[   3165] STATUS mode=4 fault=none enc=595 denc=-2 sreq=-205 sapplied=-205 crate=-205 uimp=-91300 upos=1010 uneg=1085 ball=27.72 vball=10.67 aball=-91.5 bref=50.00 pid=-205.1 pref=444.6 ppos=465.1 apid=-0.0 integ=-0.0 vision=1 current=1 vframe=5183 vs=1 vage=7 vpage=7 vdt=33 vmax=201 vacc=5155 vrej=0 seq=1 elapsed=1804 oled=3C
[   3193] STATUS mode=4 fault=none enc=590 denc=-2 sreq=-167 sapplied=-167 crate=-167 uimp=-95105 upos=1010 uneg=1105 ball=27.72 vball=10.67 aball=-91.5 bref=50.00 pid=-167.0 pref=444.6 ppos=461.3 apid=-0.0 integ=-0.0 vision=1 current=1 vframe=5183 vs=1 vage=27 vpage=27 vdt=33 vmax=201 vacc=5155 vrej=0 seq=1 elapsed=1824 oled=3C
[   3220] STATUS mode=4 fault=none enc=581 denc=-2 sreq=-151 sapplied=-151 crate=-151 uimp=-102170 upos=1010 uneg=1145 ball=28.22 vball=9.65 aball=-87.0 bref=50.00 pid=-150.7 pref=439.1 ppos=454.2 apid=-0.0 integ=-0.0 vision=1 current=1 vframe=5185 vs=1 vage=1 vpage=1 vdt=33 vmax=201 vacc=5157 vrej=0 seq=1 elapsed=1864 oled=3C
[   3248] STATUS mode=4 fault=none enc=578 denc=-2 sreq=-89 sapplied=-89 crate=-89 uimp=-104395 upos=1010 uneg=1165 ball=28.22 vball=9.65 aball=-87.0 bref=50.00 pid=-88.5 pref=443.1 ppos=452.0 apid=-0.0 integ=-0.0 vision=1 current=1 vframe=5185 vs=1 vage=21 vpage=21 vdt=33 vmax=201 vacc=5157 vrej=0 seq=1 elapsed=1884 oled=3C
[   3275] STATUS mode=4 fault=none enc=577 denc=0 sreq=-32 sapplied=-32 crate=-32 uimp=-106040 upos=1010 uneg=1185 ball=28.72 vball=11.35 aball=-87.0 bref=50.00 pid=-32.1 pref=447.1 ppos=450.3 apid=-0.0 integ=-0.0 vision=1 current=1 vframe=5186 vs=1 vage=5 vpage=5 vdt=36 vmax=201 vacc=5158 vrej=0 seq=1 elapsed=1904 oled=3C
[   3303] STATUS mode=4 fault=none enc=576 denc=0 sreq=0 sapplied=0 crate=-19 uimp=-107110 upos=1010 uneg=1225 ball=29.10 vball=11.22 aball=-33.5 bref=50.00 pid=-19.4 pref=447.3 ppos=449.3 apid=-0.0 integ=-0.0 vision=1 current=1 vframe=5187 vs=1 vage=11 vpage=11 vdt=34 vmax=201 vacc=5159 vrej=0 seq=1 elapsed=1944 oled=3C
[   3330] STATUS mode=4 fault=none enc=576 denc=0 sreq=0 sapplied=0 crate=-19 uimp=-107110 upos=1010 uneg=1225 ball=29.18 vball=8.60 aball=-33.5 bref=50.00 pid=-19.4 pref=447.3 ppos=449.3 apid=-0.0 integ=-0.0 vision=1 current=1 vframe=5188 vs=1 vage=1 vpage=1 vdt=30 vmax=201 vacc=5160 vrej=0 seq=1 elapsed=1964 oled=3C
[   3357] STATUS mode=4 fault=none enc=576 denc=0 sreq=-61 sapplied=-61 crate=-61 uimp=-108120 upos=1010 uneg=1240 ball=29.18 vball=8.60 aball=-33.5 bref=50.00 pid=-60.7 pref=442.2 ppos=448.3 apid=-0.0 integ=-0.0 vision=1 current=1 vframe=5188 vs=1 vage=21 vpage=21 vdt=30 vmax=201 vacc=5160 vrej=0 seq=1 elapsed=1984 oled=3C
[   3385] STATUS mode=4 fault=none enc=572 denc=0 sreq=-126 sapplied=-126 crate=-126 uimp=-112110 upos=1010 uneg=1280 ball=28.89 vball=3.50 aball=-33.5 bref=50.00 pid=-126.3 pref=431.6 ppos=444.3 apid=-0.0 integ=-0.0 vision=1 current=1 vframe=5189 vs=1 vage=24 vpage=24 vdt=37 vmax=201 vacc=5161 vrej=0 seq=1 elapsed=2024 oled=3C
[   3413] STATUS mode=4 fault=none enc=569 denc=0 sreq=-103 sapplied=-103 crate=-103 uimp=-114450 upos=1010 uneg=1300 ball=28.89 vball=3.50 aball=-33.5 bref=50.00 pid=-102.9 pref=431.6 ppos=441.9 apid=-0.0 integ=-0.0 vision=1 current=0 vframe=5190 vs=0 vage=44 vpage=16 vdt=37 vmax=201 vacc=5161 vrej=0 seq=1 elapsed=2044 oled=3C
[   3441] STATUS mode=4 fault=none enc=563 denc=-1 sreq=-116 sapplied=-116 crate=-116 uimp=-118710 upos=1010 uneg=1340 ball=28.71 vball=0.82 aball=-54.4 bref=50.00 pid=-116.1 pref=426.1 ppos=437.7 apid=-0.0 integ=-0.0 vision=1 current=1 vframe=5191 vs=1 vage=21 vpage=21 vdt=63 vmax=201 vacc=5162 vrej=0 seq=1 elapsed=2084 oled=3C
[   3468] STATUS mode=4 fault=none enc=560 denc=-1 sreq=0 sapplied=0 crate=0 uimp=-120865 upos=1010 uneg=1360 ball=29.40 vball=6.56 aball=-54.4 bref=50.00 pid=28.5 pref=438.4 ppos=435.5 apid=-0.0 integ=-0.0 vision=1 current=1 vframe=5192 vs=1 vage=8 vpage=8 vdt=33 vmax=201 vacc=5163 vrej=0 seq=1 elapsed=2104 oled=3C
[   3495] STATUS mode=4 fault=none enc=560 denc=0 sreq=26 sapplied=26 crate=26 uimp=-120585 upos=1020 uneg=1360 ball=29.40 vball=6.56 aball=-54.4 bref=50.00 pid=25.7 pref=438.4 ppos=435.8 apid=-0.0 integ=-0.0 vision=1 current=1 vframe=5192 vs=1 vage=28 vpage=28 vdt=33 vmax=201 vacc=5163 vrej=0 seq=1 elapsed=2124 oled=3C
[   3522] STATUS mode=4 fault=none enc=560 denc=0 sreq=0 sapplied=0 crate=19 uimp=-119650 upos=1060 uneg=1360 ball=29.66 vball=4.93 aball=-54.4 bref=50.00 pid=19.0 pref=438.6 ppos=436.7 apid=-0.0 integ=-0.0 vision=1 current=1 vframe=5194 vs=1 vage=1 vpage=1 vdt=33 vmax=201 vacc=5165 vrej=0 seq=1 elapsed=2164 oled=3C
[   3549] STATUS mode=4 fault=none enc=561 denc=0 sreq=0 sapplied=0 crate=-13 uimp=-119650 upos=1060 uneg=1360 ball=29.66 vball=4.93 aball=-11.4 bref=50.00 pid=-13.1 pref=435.4 ppos=436.7 apid=-0.0 integ=-0.0 vision=1 current=1 vframe=5194 vs=1 vage=21 vpage=21 vdt=33 vmax=201 vacc=5165 vrej=0 seq=1 elapsed=2184 oled=3C
[   3576] STATUS mode=4 fault=none enc=561 denc=0 sreq=-31 sapplied=0 crate=-31 uimp=-119650 upos=1060 uneg=1360 ball=29.72 vball=4.00 aball=-11.4 bref=50.00 pid=-31.0 pref=433.6 ppos=436.7 apid=-0.0 integ=-0.0 vision=1 current=1 vframe=5195 vs=1 vage=7 vpage=7 vdt=34 vmax=201 vacc=5166 vrej=0 seq=1 elapsed=2204 oled=3C
[   3604] STATUS mode=4 fault=none enc=560 denc=0 sreq=-37 sapplied=-37 crate=-37 uimp=-120750 upos=1060 uneg=1395 ball=29.75 vball=3.13 aball=-11.4 bref=50.00 pid=-37.0 pref=431.9 ppos=435.6 apid=-0.0 integ=-0.0 vision=1 current=1 vframe=5196 vs=1 vage=14 vpage=14 vdt=33 vmax=201 vacc=5167 vrej=0 seq=1 elapsed=2244 oled=3C
[   3631] STATUS mode=4 fault=none enc=560 denc=0 sreq=-30 sapplied=-30 crate=-30 uimp=-121435 upos=1060 uneg=1415 ball=29.76 vball=2.24 aball=-11.4 bref=50.00 pid=-30.2 pref=431.9 ppos=435.0 apid=-0.0 integ=-0.0 vision=1 current=1 vframe=5197 vs=1 vage=1 vpage=1 vdt=33 vmax=201 vacc=5168 vrej=0 seq=1 elapsed=2264 oled=3C
[   3659] STATUS mode=4 fault=none enc=558 denc=1 sreq=-47 sapplied=-47 crate=-47 uimp=-122985 upos=1060 uneg=1455 ball=29.75 vball=1.49 aball=-18.4 bref=50.00 pid=-47.5 pref=428.7 ppos=433.4 apid=-0.0 integ=-0.0 vision=1 current=1 vframe=5198 vs=1 vage=7 vpage=7 vdt=34 vmax=201 vacc=5169 vrej=0 seq=1 elapsed=2304 oled=3C
[   3686] STATUS mode=4 fault=none enc=556 denc=0 sreq=-39 sapplied=-39 crate=-39 uimp=-123865 upos=1060 uneg=1475 ball=29.75 vball=1.49 aball=-18.4 bref=50.00 pid=-38.7 pref=428.7 ppos=432.5 apid=-0.0 integ=-0.0 vision=1 current=1 vframe=5198 vs=1 vage=27 vpage=27 vdt=34 vmax=201 vacc=5169 vrej=0 seq=1 elapsed=2324 oled=3C
[   3714] STATUS mode=4 fault=none enc=555 denc=-1 sreq=-40 sapplied=-40 crate=-40 uimp=-124675 upos=1060 uneg=1495 ball=29.74 vball=1.02 aball=-18.4 bref=50.00 pid=-40.1 pref=427.7 ppos=431.7 apid=-0.0 integ=-0.0 vision=1 current=1 vframe=5199 vs=1 vage=14 vpage=14 vdt=33 vmax=201 vacc=5170 vrej=0 seq=1 elapsed=2344 oled=3C
[   3741] STATUS mode=4 fault=none enc=554 denc=0 sreq=-33 sapplied=-33 crate=-33 uimp=-126125 upos=1060 uneg=1535 ball=29.74 vball=0.66 aball=-17.2 bref=50.00 pid=-32.8 pref=427.0 ppos=430.3 apid=-0.0 integ=-0.0 vision=1 current=1 vframe=5200 vs=1 vage=20 vpage=20 vdt=34 vmax=201 vacc=5171 vrej=0 seq=1 elapsed=2384 oled=3C
[   3769] STATUS mode=4 fault=none enc=554 denc=0 sreq=-91 sapplied=-91 crate=-91 uimp=-126735 upos=1060 uneg=1555 ball=29.73 vball=0.42 aball=-17.2 bref=50.00 pid=-91.2 pref=420.5 ppos=429.7 apid=-0.0 integ=-6.0 vision=1 current=1 vframe=5201 vs=1 vage=7 vpage=7 vdt=33 vmax=201 vacc=5172 vrej=0 seq=1 elapsed=2404 oled=3C
[   3796] STATUS mode=4 fault=none enc=552 denc=0 sreq=-74 sapplied=-74 crate=-74 uimp=-128425 upos=1060 uneg=1575 ball=29.73 vball=0.42 aball=-17.2 bref=50.00 pid=-74.3 pref=420.5 ppos=428.0 apid=-0.0 integ=-6.0 vision=1 current=1 vframe=5201 vs=1 vage=27 vpage=27 vdt=33 vmax=201 vacc=5172 vrej=0 seq=1 elapsed=2424 oled=3C
[   3824] STATUS mode=4 fault=none enc=546 denc=-1 sreq=-95 sapplied=-95 crate=-95 uimp=-132585 upos=1060 uneg=1615 ball=29.73 vball=0.26 aball=-17.2 bref=50.00 pid=-95.4 pref=414.3 ppos=423.8 apid=-0.0 integ=-11.9 vision=1 current=1 vframe=5202 vs=1 vage=34 vpage=34 vdt=33 vmax=201 vacc=5173 vrej=0 seq=1 elapsed=2464 oled=3C
[   3852] STATUS mode=4 fault=none enc=544 denc=0 sreq=-86 sapplied=-86 crate=-86 uimp=-134485 upos=1060 uneg=1635 ball=30.01 vball=2.69 aball=-0.3 bref=50.00 pid=-85.7 pref=413.3 ppos=421.9 apid=-0.0 integ=-18.0 vision=1 current=1 vframe=5203 vs=1 vage=20 vpage=20 vdt=34 vmax=201 vacc=5174 vrej=0 seq=1 elapsed=2484 oled=3C
[   3880] STATUS mode=4 fault=none enc=539 denc=-1 sreq=-102 sapplied=-102 crate=-102 uimp=-138400 upos=1060 uneg=1675 ball=30.13 vball=2.89 aball=-0.3 bref=50.00 pid=-102.2 pref=407.8 ppos=418.0 apid=-0.0 integ=-24.1 vision=1 current=1 vframe=5204 vs=1 vage=26 vpage=26 vdt=34 vmax=201 vacc=5175 vrej=0 seq=1 elapsed=2524 oled=3C
[   3907] STATUS mode=4 fault=none enc=536 denc=0 sreq=-145 sapplied=-145 crate=-145 uimp=-140955 upos=1060 uneg=1695 ball=30.16 vball=2.35 aball=-0.3 bref=50.00 pid=-144.6 pref=401.0 ppos=415.4 apid=-0.0 integ=-29.9 vision=1 current=1 vframe=5205 vs=1 vage=14 vpage=14 vdt=32 vmax=201 vacc=5176 vrej=0 seq=1 elapsed=2544 oled=3C
[   3935] STATUS mode=4 fault=none enc=532 denc=-1 sreq=-118 sapplied=-118 crate=-118 uimp=-143635 upos=1060 uneg=1715 ball=30.16 vball=2.35 aball=-0.3 bref=50.00 pid=-117.8 pref=401.0 ppos=412.8 apid=-0.0 integ=-29.9 vision=1 current=1 vframe=5205 vs=1 vage=34 vpage=34 vdt=32 vmax=201 vacc=5176 vrej=0 seq=1 elapsed=2564 oled=3C
[   3963] STATUS mode=4 fault=none enc=521 denc=-2 sreq=-263 sapplied=-263 crate=-263 uimp=-151245 upos=1060 uneg=1755 ball=29.70 vball=-2.39 aball=-14.9 bref=50.00 pid=-262.9 pref=378.9 ppos=405.1 apid=-0.0 integ=-42.0 vision=1 current=1 vframe=5207 vs=1 vage=7 vpage=7 vdt=33 vmax=201 vacc=5178 vrej=0 seq=1 elapsed=2604 oled=3C
[   3992] STATUS mode=4 fault=none enc=515 denc=-2 sreq=-214 sapplied=-214 crate=-214 uimp=-156120 upos=1060 uneg=1775 ball=29.70 vball=-2.39 aball=-14.9 bref=50.00 pid=-214.1 pref=378.9 ppos=400.3 apid=-0.0 integ=-42.0 vision=1 current=1 vframe=5207 vs=1 vage=27 vpage=27 vdt=33 vmax=201 vacc=5178 vrej=0 seq=1 elapsed=2624 oled=3C
[   4020] STATUS mode=4 fault=none enc=505 denc=-1 sreq=-187 sapplied=-187 crate=-187 uimp=-164935 upos=1060 uneg=1815 ball=29.62 vball=-2.40 aball=-14.9 bref=50.00 pid=-186.8 pref=372.8 ppos=391.5 apid=-0.0 integ=-47.9 vision=1 current=1 vframe=5208 vs=1 vage=34 vpage=34 vdt=33 vmax=201 vacc=5179 vrej=0 seq=1 elapsed=2664 oled=3C
[   4048] STATUS mode=4 fault=none enc=499 denc=-1 sreq=-196 sapplied=-196 crate=-196 uimp=-169125 upos=1060 uneg=1835 ball=29.60 vball=-1.86 aball=-13.9 bref=50.00 pid=-195.8 pref=367.7 ppos=387.3 apid=-0.0 integ=-54.1 vision=1 current=1 vframe=5209 vs=1 vage=20 vpage=20 vdt=34 vmax=201 vacc=5180 vrej=0 seq=1 elapsed=2684 oled=3C
[   4076] STATUS mode=4 fault=none enc=495 denc=-1 sreq=-207 sapplied=-207 crate=-207 uimp=-172760 upos=1060 uneg=1855 ball=29.60 vball=-1.27 aball=-13.9 bref=50.00 pid=-207.3 pref=362.9 ppos=383.6 apid=-0.0 integ=-60.1 vision=1 current=1 vframe=5210 vs=1 vage=7 vpage=7 vdt=33 vmax=201 vacc=5181 vrej=0 seq=1 elapsed=2704 oled=3C
[   4104] STATUS mode=4 fault=none enc=486 denc=-1 sreq=-187 sapplied=-187 crate=-187 uimp=-179995 upos=1060 uneg=1895 ball=29.61 vball=-0.83 aball=-13.9 bref=50.00 pid=-187.5 pref=357.6 ppos=376.4 apid=-0.0 integ=-66.2 vision=1 current=1 vframe=5211 vs=1 vage=13 vpage=13 vdt=34 vmax=201 vacc=5182 vrej=0 seq=1 elapsed=2744 oled=3C
[   4132] STATUS mode=4 fault=none enc=482 denc=0 sreq=-153 sapplied=-153 crate=-153 uimp=-183470 upos=1060 uneg=1915 ball=29.61 vball=-0.83 aball=-13.9 bref=50.00 pid=-152.7 pref=357.6 ppos=372.9 apid=-0.0 integ=-66.2 vision=1 current=1 vframe=5211 vs=1 vage=33 vpage=33 vdt=34 vmax=201 vacc=5182 vrej=0 seq=1 elapsed=2764 oled=3C
[   4160] STATUS mode=4 fault=none enc=473 denc=-1 sreq=-195 sapplied=-195 crate=-195 uimp=-190230 upos=1060 uneg=1955 ball=29.61 vball=-0.47 aball=-1.7 bref=50.00 pid=-195.4 pref=346.6 ppos=366.2 apid=-0.0 integ=-78.0 vision=1 current=1 vframe=5213 vs=1 vage=8 vpage=8 vdt=32 vmax=201 vacc=5184 vrej=0 seq=1 elapsed=2804 oled=3C
[   4188] STATUS mode=4 fault=none enc=469 denc=-1 sreq=-159 sapplied=-159 crate=-159 uimp=-193855 upos=1060 uneg=1975 ball=29.61 vball=-0.47 aball=-1.7 bref=50.00 pid=-159.2 pref=346.6 ppos=362.5 apid=-0.0 integ=-78.0 vision=1 current=1 vframe=5213 vs=1 vage=28 vpage=28 vdt=32 vmax=201 vacc=5184 vrej=0 seq=1 elapsed=2824 oled=3C
[   4216] STATUS mode=4 fault=none enc=464 denc=-1 sreq=-185 sapplied=-185 crate=-185 uimp=-197410 upos=1060 uneg=1995 ball=29.58 vball=-0.56 aball=-1.7 bref=50.00 pid=-185.5 pref=340.4 ppos=359.0 apid=-0.0 integ=-83.9 vision=1 current=1 vframe=5214 vs=1 vage=15 vpage=15 vdt=33 vmax=201 vacc=5185 vrej=0 seq=1 elapsed=2844 oled=3C
[   4244] STATUS mode=4 fault=none enc=455 denc=-2 sreq=-169 sapplied=-169 crate=-169 uimp=-204420 upos=1060 uneg=2035 ball=29.58 vball=-0.37 aball=-0.2 bref=50.00 pid=-169.4 pref=335.0 ppos=352.0 apid=-0.0 integ=-89.7 vision=1 current=1 vframe=5215 vs=1 vage=23 vpage=23 vdt=32 vmax=201 vacc=5186 vrej=0 seq=1 elapsed=2884 oled=3C
[   4272] STATUS mode=4 fault=none enc=451 denc=-1 sreq=-194 sapplied=-194 crate=-194 uimp=-207855 upos=1060 uneg=2055 ball=29.58 vball=-0.24 aball=-0.2 bref=50.00 pid=-194.0 pref=329.1 ppos=348.5 apid=-0.0 integ=-95.9 vision=1 current=1 vframe=5216 vs=1 vage=9 vpage=9 vdt=34 vmax=201 vacc=5187 vrej=0 seq=1 elapsed=2904 oled=3C
[   4300] STATUS mode=4 fault=none enc=442 denc=-1 sreq=-181 sapplied=-181 crate=-181 uimp=-214940 upos=1060 uneg=2095 ball=29.59 vball=-0.15 aball=-0.2 bref=50.00 pid=-180.9 pref=323.4 ppos=341.4 apid=-0.0 integ=-101.8 vision=1 current=1 vframe=5217 vs=1 vage=16 vpage=16 vdt=33 vmax=201 vacc=5188 vrej=0 seq=1 elapsed=2944 oled=3C
[   4328] STATUS mode=4 fault=none enc=438 denc=0 sreq=-147 sapplied=-147 crate=-147 uimp=-218295 upos=1060 uneg=2115 ball=29.57 vball=-0.21 aball=-0.2 bref=50.00 pid=-147.3 pref=323.4 ppos=338.1 apid=-0.0 integ=-101.8 vision=1 current=1 vframe=5218 vs=1 vage=3 vpage=3 vdt=33 vmax=201 vacc=5189 vrej=0 seq=1 elapsed=2964 oled=3C
[   4356] STATUS mode=4 fault=none enc=433 denc=-1 sreq=-172 sapplied=-172 crate=-172 uimp=-221900 upos=1060 uneg=2135 ball=29.57 vball=-0.21 aball=0.6 bref=50.00 pid=-172.4 pref=317.2 ppos=334.5 apid=0.0 integ=-107.8 vision=1 current=1 vframe=5218 vs=1 vage=23 vpage=23 vdt=33 vmax=201 vacc=5189 vrej=0 seq=1 elapsed=2984 oled=3C
[   4384] STATUS mode=4 fault=none enc=425 denc=-1 sreq=-159 sapplied=-159 crate=-159 uimp=-229000 upos=1060 uneg=2175 ball=29.57 vball=-0.20 aball=0.6 bref=50.00 pid=-159.1 pref=311.5 ppos=327.4 apid=0.0 integ=-113.6 vision=1 current=1 vframe=5219 vs=1 vage=31 vpage=31 vdt=32 vmax=201 vacc=5190 vrej=0 seq=1 elapsed=3024 oled=3C
[   4412] STATUS mode=4 fault=none enc=420 denc=-1 sreq=-184 sapplied=-184 crate=-184 uimp=-232540 upos=1060 uneg=2195 ball=29.57 vball=-0.15 aball=0.6 bref=50.00 pid=-184.2 pref=305.4 ppos=323.8 apid=0.0 integ=-119.7 vision=1 current=1 vframe=5220 vs=1 vage=17 vpage=17 vdt=34 vmax=201 vacc=5191 vrej=0 seq=1 elapsed=3044 oled=3C
[   4440] STATUS mode=4 fault=none enc=411 denc=-1 sreq=-174 sapplied=-174 crate=-174 uimp=-239600 upos=1060 uneg=2235 ball=29.57 vball=-0.10 aball=0.8 bref=50.00 pid=-174.1 pref=299.4 ppos=316.8 apid=0.0 integ=-125.9 vision=1 current=1 vframe=5221 vs=1 vage=23 vpage=23 vdt=34 vmax=201 vacc=5192 vrej=0 seq=1 elapsed=3084 oled=3C
[   4468] STATUS mode=4 fault=none enc=407 denc=-1 sreq=-198 sapplied=-198 crate=-198 uimp=-243120 upos=1060 uneg=2255 ball=29.57 vball=-0.07 aball=0.8 bref=50.00 pid=-197.9 pref=293.5 ppos=313.3 apid=0.0 integ=-131.8 vision=1 current=1 vframe=5222 vs=1 vage=10 vpage=10 vdt=33 vmax=201 vacc=5193 vrej=0 seq=1 elapsed=3104 oled=3C
[   4496] STATUS mode=4 fault=none enc=402 denc=-2 sreq=-161 sapplied=-161 crate=-161 uimp=-246795 upos=1060 uneg=2275 ball=29.57 vball=-0.07 aball=0.8 bref=50.00 pid=-161.2 pref=293.5 ppos=309.6 apid=0.0 integ=-131.8 vision=1 current=1 vframe=5222 vs=1 vage=30 vpage=30 vdt=33 vmax=201 vacc=5193 vrej=0 seq=1 elapsed=3124 oled=3C
[   4524] STATUS mode=4 fault=none enc=394 denc=-1 sreq=-150 sapplied=-150 crate=-150 uimp=-253785 upos=1060 uneg=2315 ball=29.57 vball=-0.04 aball=0.8 bref=50.00 pid=-150.4 pref=287.6 ppos=302.6 apid=0.0 integ=-137.8 vision=1 current=1 vframe=5224 vs=1 vage=3 vpage=3 vdt=34 vmax=201 vacc=5195 vrej=0 seq=1 elapsed=3164 oled=3C
[   4552] STATUS mode=4 fault=none enc=390 denc=-1 sreq=-175 sapplied=-175 crate=-175 uimp=-257445 upos=1060 uneg=2335 ball=29.57 vball=-0.04 aball=0.7 bref=50.00 pid=-175.3 pref=281.4 ppos=298.9 apid=0.0 integ=-144.0 vision=1 current=1 vframe=5224 vs=1 vage=23 vpage=23 vdt=34 vmax=201 vacc=5195 vrej=0 seq=1 elapsed=3184 oled=3C
[   4580] STATUS mode=4 fault=none enc=380 denc=-2 sreq=-160 sapplied=-160 crate=-160 uimp=-264610 upos=1060 uneg=2375 ball=29.59 vball=0.13 aball=0.7 bref=50.00 pid=-159.7 pref=275.8 ppos=291.8 apid=0.0 integ=-149.9 vision=1 current=1 vframe=5225 vs=1 vage=30 vpage=30 vdt=33 vmax=201 vacc=5196 vrej=0 seq=1 elapsed=3224 oled=3C
[   4607] STATUS mode=4 fault=none enc=377 denc=-1 sreq=-174 sapplied=-174 crate=-174 uimp=-268050 upos=1060 uneg=2395 ball=29.65 vball=0.64 aball=0.7 bref=50.00 pid=-174.0 pref=270.9 ppos=288.3 apid=0.0 integ=-155.9 vision=1 current=1 vframe=5226 vs=1 vage=17 vpage=17 vdt=33 vmax=201 vacc=5197 vrej=0 seq=1 elapsed=3244 oled=3C
[   4635] STATUS mode=4 fault=none enc=372 denc=-1 sreq=-211 sapplied=-211 crate=-211 uimp=-271275 upos=1060 uneg=2415 ball=29.62 vball=0.19 aball=1.4 bref=50.00 pid=-210.7 pref=264.0 ppos=285.1 apid=0.0 integ=-161.9 vision=1 current=1 vframe=5227 vs=1 vage=4 vpage=4 vdt=33 vmax=201 vacc=5198 vrej=0 seq=1 elapsed=3264 oled=3C
[   4663] STATUS mode=4 fault=none enc=362 denc=-1 sreq=-206 sapplied=-206 crate=-206 uimp=-278720 upos=1060 uneg=2455 ball=29.59 vball=-0.19 aball=1.4 bref=50.00 pid=-205.7 pref=257.1 ppos=277.7 apid=0.0 integ=-168.0 vision=1 current=1 vframe=5228 vs=1 vage=10 vpage=10 vdt=34 vmax=201 vacc=5199 vrej=0 seq=1 elapsed=3304 oled=3C
[   4691] STATUS mode=4 fault=none enc=358 denc=-1 sreq=-168 sapplied=-168 crate=-168 uimp=-282535 upos=1060 uneg=2475 ball=29.59 vball=-0.19 aball=1.4 bref=50.00 pid=-167.6 pref=257.1 ppos=273.9 apid=0.0 integ=-168.0 vision=1 current=1 vframe=5228 vs=1 vage=30 vpage=30 vdt=34 vmax=201 vacc=5199 vrej=0 seq=1 elapsed=3324 oled=3C
[   4719] STATUS mode=4 fault=none enc=349 denc=-2 sreq=-212 sapplied=-212 crate=-212 uimp=-289815 upos=1060 uneg=2515 ball=29.59 vball=-0.10 aball=-0.5 bref=50.00 pid=-212.3 pref=245.3 ppos=266.6 apid=-0.0 integ=-179.9 vision=1 current=1 vframe=5230 vs=1 vage=4 vpage=4 vdt=31 vmax=201 vacc=5201 vrej=0 seq=1 elapsed=3364 oled=3C
[   4747] STATUS mode=4 fault=none enc=344 denc=-1 sreq=-173 sapplied=-173 crate=-173 uimp=-293755 upos=1060 uneg=2535 ball=29.59 vball=-0.10 aball=-0.5 bref=50.00 pid=-172.9 pref=245.3 ppos=262.6 apid=-0.0 integ=-179.9 vision=1 current=1 vframe=5230 vs=1 vage=24 vpage=24 vdt=31 vmax=201 vacc=5201 vrej=0 seq=1 elapsed=3384 oled=3C
[   4775] STATUS mode=4 fault=none enc=340 denc=-2 sreq=-188 sapplied=-188 crate=-188 uimp=-297205 upos=1060 uneg=2555 ball=29.64 vball=0.39 aball=-0.5 bref=50.00 pid=-187.6 pref=240.4 ppos=259.2 apid=-0.0 integ=-185.9 vision=1 current=1 vframe=5231 vs=1 vage=11 vpage=11 vdt=33 vmax=201 vacc=5202 vrej=0 seq=1 elapsed=3404 oled=3C
[   4803] STATUS mode=4 fault=none enc=334 denc=0 sreq=-35 sapplied=-35 crate=-35 uimp=-302585 upos=1060 uneg=2595 ball=30.18 vball=5.02 aball=-0.5 bref=50.00 pid=-34.8 pref=250.3 ppos=253.8 apid=-0.0 integ=-185.9 vision=1 current=1 vframe=5232 vs=1 vage=17 vpage=17 vdt=34 vmax=201 vacc=5203 vrej=0 seq=1 elapsed=3444 oled=3C
[   4831] STATUS mode=4 fault=none enc=333 denc=-1 sreq=-26 sapplied=-26 crate=-26 uimp=-303230 upos=1060 uneg=2615 ball=30.36 vball=5.02 aball=22.8 bref=50.00 pid=-26.2 pref=250.5 ppos=253.2 apid=0.0 integ=-185.9 vision=1 current=1 vframe=5233 vs=1 vage=4 vpage=4 vdt=33 vmax=201 vacc=5204 vrej=0 seq=1 elapsed=3464 oled=3C
[   4858] STATUS mode=4 fault=none enc=333 denc=0 sreq=-21 sapplied=-21 crate=-21 uimp=-303715 upos=1060 uneg=2635 ball=30.36 vball=5.02 aball=22.8 bref=50.00 pid=-21.3 pref=250.5 ppos=252.7 apid=0.0 integ=-185.9 vision=1 current=1 vframe=5233 vs=1 vage=24 vpage=24 vdt=33 vmax=201 vacc=5204 vrej=0 seq=1 elapsed=3484 oled=3C
[   4886] STATUS mode=4 fault=none enc=329 denc=0 sreq=-95 sapplied=-95 crate=-95 uimp=-306675 upos=1060 uneg=2670 ball=29.99 vball=0.09 aball=22.8 bref=50.00 pid=-94.7 pref=240.2 ppos=249.7 apid=0.0 integ=-185.9 vision=1 current=1 vframe=5234 vs=1 vage=31 vpage=31 vdt=33 vmax=201 vacc=5205 vrej=0 seq=1 elapsed=3524 oled=3C
[   4914] STATUS mode=4 fault=none enc=325 denc=-2 sreq=-130 sapplied=-130 crate=-130 uimp=-309010 upos=1060 uneg=2690 ball=29.67 vball=-2.67 aball=22.8 bref=50.00 pid=-130.4 pref=234.3 ppos=247.4 apid=0.0 integ=-185.9 vision=1 current=1 vframe=5235 vs=1 vage=15 vpage=15 vdt=36 vmax=201 vacc=5206 vrej=0 seq=1 elapsed=3544 oled=3C
[   4941] STATUS mode=4 fault=none enc=320 denc=-1 sreq=-88 sapplied=-88 crate=-88 uimp=-313430 upos=1060 uneg=2730 ball=29.57 vball=-2.71 aball=-21.9 bref=50.00 pid=-88.2 pref=234.1 ppos=243.0 apid=-0.0 integ=-185.9 vision=1 current=1 vframe=5236 vs=1 vage=23 vpage=23 vdt=32 vmax=201 vacc=5207 vrej=0 seq=1 elapsed=3584 oled=3C
[   4969] STATUS mode=4 fault=none enc=318 denc=-1 sreq=-74 sapplied=-74 crate=-74 uimp=-315080 upos=1060 uneg=2750 ball=29.48 vball=-2.75 aball=-21.9 bref=50.00 pid=-73.6 pref=233.9 ppos=241.3 apid=-0.0 integ=-185.9 vision=1 current=1 vframe=5237 vs=1 vage=10 vpage=10 vdt=33 vmax=201 vacc=5208 vrej=0 seq=1 elapsed=3604 oled=3C
[   4997] STATUS mode=4 fault=none enc=316 denc=-1 sreq=-60 sapplied=-60 crate=-60 uimp=-316445 upos=1060 uneg=2770 ball=29.48 vball=-2.75 aball=-21.9 bref=50.00 pid=-60.0 pref=233.9 ppos=239.9 apid=-0.0 integ=-185.9 vision=1 current=1 vframe=5237 vs=1 vage=30 vpage=30 vdt=33 vmax=201 vacc=5208 vrej=0 seq=1 elapsed=3624 oled=3C
[   5025] STATUS mode=4 fault=none enc=315 denc=0 sreq=-36 sapplied=-36 crate=-36 uimp=-318325 upos=1060 uneg=2810 ball=29.41 vball=-1.82 aball=-21.9 bref=50.00 pid=-35.9 pref=234.5 ppos=238.1 apid=-0.0 integ=-185.9 vision=1 current=1 vframe=5239 vs=1 vage=2 vpage=2 vdt=36 vmax=201 vacc=5210 vrej=0 seq=1 elapsed=3664 oled=3C
[   5052] STATUS mode=4 fault=none enc=314 denc=0 sreq=0 sapplied=0 crate=-19 uimp=-318720 upos=1060 uneg=2825 ball=29.41 vball=-1.82 aball=-8.1 bref=50.00 pid=-19.5 pref=235.7 ppos=237.7 apid=-0.0 integ=-185.9 vision=1 current=1 vframe=5239 vs=1 vage=22 vpage=22 vdt=36 vmax=201 vacc=5210 vrej=0 seq=1 elapsed=3684 oled=3C
[   5080] STATUS mode=4 fault=none enc=313 denc=0 sreq=-50 sapplied=-50 crate=-50 uimp=-320195 upos=1060 uneg=2850 ball=29.42 vball=-1.20 aball=-8.1 bref=50.00 pid=-50.2 pref=231.2 ppos=236.2 apid=-0.0 integ=-191.7 vision=1 current=1 vframe=5240 vs=1 vage=30 vpage=30 vdt=32 vmax=201 vacc=5211 vrej=0 seq=1 elapsed=3724 oled=3C
[   5108] STATUS mode=4 fault=none enc=312 denc=0 sreq=-87 sapplied=-87 crate=-87 uimp=-321630 upos=1060 uneg=2870 ball=29.43 vball=-0.79 aball=-8.1 bref=50.00 pid=-87.3 pref=226.0 ppos=234.8 apid=-0.0 integ=-197.7 vision=1 current=1 vframe=5241 vs=1 vage=17 vpage=17 vdt=33 vmax=201 vacc=5212 vrej=0 seq=1 elapsed=3744 oled=3C
[   5135] STATUS mode=4 fault=none enc=310 denc=-1 sreq=-71 sapplied=-71 crate=-71 uimp=-323250 upos=1060 uneg=2890 ball=29.43 vball=-0.51 aball=-8.1 bref=50.00 pid=-71.1 pref=226.0 ppos=233.1 apid=-0.0 integ=-197.7 vision=1 current=1 vframe=5242 vs=1 vage=3 vpage=3 vdt=34 vmax=201 vacc=5213 vrej=0 seq=1 elapsed=3764 oled=3C
[   5163] STATUS mode=4 fault=none enc=305 denc=0 sreq=-139 sapplied=-139 crate=-139 uimp=-327610 upos=1060 uneg=2930 ball=29.44 vball=-0.32 aball=1.5 bref=50.00 pid=-139.3 pref=214.8 ppos=228.8 apid=0.0 integ=-209.8 vision=1 current=1 vframe=5243 vs=1 vage=10 vpage=10 vdt=33 vmax=201 vacc=5214 vrej=0 seq=1 elapsed=3804 oled=3C
[   5191] STATUS mode=4 fault=none enc=301 denc=-1 sreq=-113 sapplied=-113 crate=-113 uimp=-330190 upos=1060 uneg=2950 ball=29.44 vball=-0.32 aball=1.5 bref=50.00 pid=-113.5 pref=214.8 ppos=226.2 apid=0.0 integ=-209.8 vision=1 current=1 vframe=5243 vs=1 vage=30 vpage=30 vdt=33 vmax=201 vacc=5214 vrej=0 seq=1 elapsed=3824 oled=3C
[   5219] STATUS mode=4 fault=none enc=294 denc=-1 sreq=-119 sapplied=-119 crate=-119 uimp=-335570 upos=1060 uneg=2990 ball=29.44 vball=-0.19 aball=1.5 bref=50.00 pid=-118.7 pref=208.9 ppos=220.8 apid=0.0 integ=-216.0 vision=1 current=1 vframe=5244 vs=1 vage=36 vpage=36 vdt=34 vmax=201 vacc=5215 vrej=0 seq=1 elapsed=3864 oled=3C
[   5247] STATUS mode=4 fault=none enc=291 denc=-1 sreq=-185 sapplied=-185 crate=-185 uimp=-338730 upos=1060 uneg=3010 ball=29.28 vball=-1.44 aball=-3.1 bref=50.00 pid=-184.8 pref=199.2 ppos=217.7 apid=-0.0 integ=-223.1 vision=1 current=1 vframe=5245 vs=1 vage=17 vpage=17 vdt=39 vmax=201 vacc=5216 vrej=0 seq=1 elapsed=3884 oled=3C
[   5275] STATUS mode=4 fault=none enc=285 denc=-2 sreq=-150 sapplied=-150 crate=-150 uimp=-342160 upos=1060 uneg=3030 ball=29.28 vball=-1.44 aball=-3.1 bref=50.00 pid=-150.5 pref=199.2 ppos=214.2 apid=-0.0 integ=-223.1 vision=1 current=1 vframe=5245 vs=1 vage=37 vpage=37 vdt=39 vmax=201 vacc=5216 vrej=0 seq=1 elapsed=3904 oled=3C
[   5304] STATUS mode=4 fault=none enc=276 denc=-1 sreq=-194 sapplied=-194 crate=-194 uimp=-349900 upos=1060 uneg=3070 ball=29.06 vball=-3.18 aball=-3.1 bref=50.00 pid=-194.2 pref=187.1 ppos=206.5 apid=-0.0 integ=-231.4 vision=1 current=1 vframe=5246 vs=1 vage=31 vpage=31 vdt=46 vmax=201 vacc=5217 vrej=0 seq=1 elapsed=3944 oled=3C
[   5332] STATUS mode=4 fault=none enc=271 denc=-1 sreq=-214 sapplied=-214 crate=-214 uimp=-354110 upos=1060 uneg=3090 ball=28.99 vball=-3.07 aball=-10.8 bref=50.00 pid=-214.4 pref=180.8 ppos=202.3 apid=-0.0 integ=-237.8 vision=1 current=1 vframe=5247 vs=1 vage=16 vpage=16 vdt=35 vmax=201 vacc=5218 vrej=0 seq=1 elapsed=3964 oled=3C
[   5360] STATUS mode=4 fault=none enc=261 denc=-1 sreq=-181 sapplied=-181 crate=-181 uimp=-362285 upos=1060 uneg=3130 ball=28.95 vball=-1.98 aball=-10.8 bref=50.00 pid=-180.5 pref=176.0 ppos=194.1 apid=-0.0 integ=-244.7 vision=1 current=1 vframe=5249 vs=1 vage=18 vpage=18 vdt=19 vmax=201 vacc=5220 vrej=0 seq=1 elapsed=4004 oled=3C
[   5388] STATUS mode=4 fault=none enc=256 denc=-2 sreq=-187 sapplied=-187 crate=-187 uimp=-365845 upos=1060 uneg=3150 ball=28.90 vball=-1.78 aball=-10.8 bref=50.00 pid=-187.1 pref=171.8 ppos=190.5 apid=-0.0 integ=-249.3 vision=1 current=1 vframe=5250 vs=1 vage=13 vpage=13 vdt=25 vmax=201 vacc=5221 vrej=0 seq=1 elapsed=4024 oled=3C
[   5417] STATUS mode=4 fault=none enc=251 denc=-1 sreq=-152 sapplied=-152 crate=-152 uimp=-369315 upos=1060 uneg=3170 ball=28.90 vball=-1.78 aball=-10.8 bref=50.00 pid=-152.4 pref=171.8 ppos=187.1 apid=-0.0 integ=-249.3 vision=1 current=1 vframe=5250 vs=1 vage=33 vpage=33 vdt=25 vmax=201 vacc=5221 vrej=0 seq=1 elapsed=4044 oled=3C
[   5444] STATUS mode=4 fault=none enc=243 denc=0 sreq=-55 sapplied=-55 crate=-55 uimp=-376100 upos=1060 uneg=3210 ball=29.70 vball=6.87 aball=0.8 bref=50.00 pid=32.4 pref=183.5 ppos=180.3 apid=0.0 integ=-255.8 vision=1 current=1 vframe=5252 vs=1 vage=5 vpage=5 vdt=32 vmax=201 vacc=5223 vrej=0 seq=1 elapsed=4084 oled=3C
[   5471] STATUS mode=4 fault=none enc=241 denc=0 sreq=32 sapplied=32 crate=32 uimp=-376035 upos=1070 uneg=3215 ball=29.70 vball=6.87 aball=0.8 bref=50.00 pid=31.8 pref=183.5 ppos=180.4 apid=0.0 integ=-255.8 vision=1 current=1 vframe=5252 vs=1 vage=25 vpage=25 vdt=32 vmax=201 vacc=5223 vrej=0 seq=1 elapsed=4104 oled=3C
[   5498] STATUS mode=4 fault=none enc=243 denc=0 sreq=58 sapplied=58 crate=58 uimp=-373890 upos=1090 uneg=3215 ball=30.18 vball=8.95 aball=0.8 bref=50.00 pid=70.8 pref=188.3 ppos=181.2 apid=0.0 integ=-255.8 vision=1 current=1 vframe=5253 vs=1 vage=13 vpage=13 vdt=32 vmax=201 vacc=5224 vrej=0 seq=1 elapsed=4124 oled=3C
[   5525] STATUS mode=4 fault=none enc=246 denc=2 sreq=249 sapplied=249 crate=249 uimp=-370210 upos=1130 uneg=3215 ball=31.67 vball=19.44 aball=98.0 bref=50.00 pid=248.6 pref=211.0 ppos=186.2 apid=0.0 integ=-0.0 vision=1 current=1 vframe=5254 vs=1 vage=20 vpage=20 vdt=33 vmax=201 vacc=5225 vrej=0 seq=1 elapsed=4164 oled=3C
[   5553] STATUS mode=4 fault=none enc=251 denc=2 sreq=313 sapplied=313 crate=313 uimp=-365600 upos=1150 uneg=3215 ball=33.33 vball=28.68 aball=98.0 bref=50.00 pid=407.2 pref=231.5 ppos=190.8 apid=0.0 integ=-0.0 vision=1 current=1 vframe=5255 vs=1 vage=6 vpage=6 vdt=34 vmax=201 vacc=5226 vrej=0 seq=1 elapsed=4184 oled=3C
[   5580] STATUS mode=4 fault=none enc=269 denc=3 sreq=314 sapplied=314 crate=314 uimp=-352010 upos=1190 uneg=3215 ball=34.47 vball=30.12 aball=98.0 bref=50.00 pid=313.8 pref=235.8 ppos=204.4 apid=0.0 integ=-0.0 vision=1 current=1 vframe=5256 vs=1 vage=13 vpage=13 vdt=33 vmax=201 vacc=5227 vrej=0 seq=1 elapsed=4224 oled=3C
[   5608] STATUS mode=4 fault=none enc=276 denc=2 sreq=256 sapplied=256 crate=256 uimp=-346190 upos=1210 uneg=3215 ball=34.47 vball=30.12 aball=98.0 bref=50.00 pid=255.6 pref=235.8 ppos=210.2 apid=0.0 integ=-0.0 vision=1 current=1 vframe=5256 vs=1 vage=33 vpage=33 vdt=33 vmax=201 vacc=5227 vrej=0 seq=1 elapsed=4244 oled=3C
[   5635] STATUS mode=4 fault=none enc=283 denc=2 sreq=372 sapplied=372 crate=372 uimp=-340020 upos=1230 uneg=3215 ball=36.34 vball=37.92 aball=133.9 bref=50.00 pid=372.3 pref=253.6 ppos=216.4 apid=0.0 integ=-0.0 vision=1 current=1 vframe=5257 vs=1 vage=16 vpage=16 vdt=37 vmax=201 vacc=5228 vrej=0 seq=1 elapsed=4264 oled=3C
[   5663] STATUS mode=4 fault=none enc=300 denc=2 sreq=251 sapplied=251 crate=251 uimp=-327400 upos=1270 uneg=3215 ball=37.50 vball=37.48 aball=133.9 bref=50.00 pid=251.2 pref=254.1 ppos=229.0 apid=0.0 integ=-0.0 vision=1 current=1 vframe=5258 vs=1 vage=27 vpage=27 vdt=29 vmax=201 vacc=5229 vrej=0 seq=1 elapsed=4304 oled=3C
[   5690] STATUS mode=4 fault=none enc=304 denc=0 sreq=200 sapplied=200 crate=200 uimp=-323315 upos=1290 uneg=3215 ball=40.15 vball=50.93 aball=0.0 bref=-50.00 pid=400.0 pref=572.2 ppos=233.1 apid=0.0 integ=-0.0 vision=1 current=1 vframe=5259 vs=1 vage=13 vpage=13 vdt=34 vmax=201 vacc=5230 vrej=0 seq=2 elapsed=4324 oled=3C
[   5718] STATUS mode=4 fault=none enc=313 denc=2 sreq=400 sapplied=400 crate=400 uimp=-316815 upos=1310 uneg=3215 ball=40.15 vball=50.93 aball=0.0 bref=-50.00 pid=400.0 pref=572.2 ppos=239.6 apid=0.0 integ=-0.0 vision=1 current=1 vframe=5259 vs=1 vage=33 vpage=33 vdt=34 vmax=201 vacc=5230 vrej=0 seq=2 elapsed=4344 oled=3C
[   5745] STATUS mode=4 fault=none enc=333 denc=2 sreq=400 sapplied=400 crate=400 uimp=-300815 upos=1350 uneg=3215 ball=47.35 vball=80.42 aball=0.0 bref=-50.00 pid=400.0 pref=578.1 ppos=255.6 apid=0.0 integ=-0.0 vision=1 current=1 vframe=5261 vs=1 vage=8 vpage=8 vdt=32 vmax=201 vacc=5232 vrej=0 seq=2 elapsed=4384 oled=3C
[   5772] STATUS mode=4 fault=none enc=343 denc=2 sreq=400 sapplied=400 crate=400 uimp=-292815 upos=1370 uneg=3215 ball=47.35 vball=80.42 aball=0.0 bref=-50.00 pid=400.0 pref=578.1 ppos=263.6 apid=0.0 integ=-0.0 vision=1 current=1 vframe=5261 vs=1 vage=28 vpage=28 vdt=32 vmax=201 vacc=5232 vrej=0 seq=2 elapsed=4404 oled=3C
[   5800] STATUS mode=4 fault=none enc=363 denc=3 sreq=400 sapplied=400 crate=400 uimp=-276815 upos=1410 uneg=3215 ball=54.26 vball=92.71 aball=147.1 bref=-50.00 pid=400.0 pref=578.1 ppos=279.6 apid=0.0 integ=-0.0 vision=1 current=1 vframe=5263 vs=1 vage=1 vpage=1 vdt=33 vmax=201 vacc=5234 vrej=0 seq=2 elapsed=4444 oled=3C
[   5828] STATUS mode=4 fault=none enc=373 denc=2 sreq=400 sapplied=400 crate=400 uimp=-268815 upos=1430 uneg=3215 ball=54.26 vball=92.71 aball=147.1 bref=-50.00 pid=400.0 pref=578.1 ppos=287.6 apid=0.0 integ=-0.0 vision=1 current=1 vframe=5263 vs=1 vage=21 vpage=21 vdt=33 vmax=201 vacc=5234 vrej=0 seq=2 elapsed=4464 oled=3C
[   5855] STATUS mode=4 fault=none enc=384 denc=3 sreq=400 sapplied=400 crate=400 uimp=-260815 upos=1450 uneg=3215 ball=57.93 vball=98.15 aball=147.1 bref=-50.00 pid=400.0 pref=578.1 ppos=295.6 apid=0.0 integ=-0.0 vision=1 current=1 vframe=5264 vs=1 vage=5 vpage=5 vdt=36 vmax=201 vacc=5235 vrej=0 seq=2 elapsed=4484 oled=3C
[   5883] STATUS mode=4 fault=none enc=403 denc=2 sreq=400 sapplied=400 crate=400 uimp=-244815 upos=1490 uneg=3215 ball=61.83 vball=103.79 aball=171.3 bref=-50.00 pid=400.0 pref=578.1 ppos=311.6 apid=0.0 integ=-0.0 vision=1 current=1 vframe=5265 vs=1 vage=12 vpage=12 vdt=33 vmax=201 vacc=5236 vrej=0 seq=2 elapsed=4524 oled=3C
[   5910] STATUS mode=4 fault=none enc=413 denc=2 sreq=400 sapplied=400 crate=400 uimp=-236815 upos=1510 uneg=3215 ball=61.83 vball=103.79 aball=171.3 bref=-50.00 pid=400.0 pref=578.1 ppos=319.6 apid=0.0 integ=-0.0 vision=1 current=1 vframe=5265 vs=1 vage=32 vpage=32 vdt=33 vmax=201 vacc=5236 vrej=0 seq=2 elapsed=4544 oled=3C
[   5938] STATUS mode=4 fault=none enc=423 denc=2 sreq=400 sapplied=400 crate=400 uimp=-228815 upos=1530 uneg=3215 ball=65.76 vball=106.72 aball=171.3 bref=-50.00 pid=400.0 pref=578.1 ppos=327.6 apid=0.0 integ=-0.0 vision=1 current=1 vframe=5266 vs=1 vage=19 vpage=19 vdt=33 vmax=201 vacc=5237 vrej=0 seq=2 elapsed=4564 oled=3C
[   5966] STATUS mode=4 fault=none enc=442 denc=2 sreq=400 sapplied=400 crate=400 uimp=-212815 upos=1570 uneg=3215 ball=70.05 vball=113.30 aball=171.3 bref=-50.00 pid=400.0 pref=578.1 ppos=343.6 apid=0.0 integ=-0.0 vision=1 current=1 vframe=5267 vs=1 vage=26 vpage=26 vdt=33 vmax=201 vacc=5238 vrej=0 seq=2 elapsed=4604 oled=3C
[   5994] STATUS mode=4 fault=none enc=453 denc=2 sreq=400 sapplied=400 crate=400 uimp=-204815 upos=1590 uneg=3215 ball=74.35 vball=118.43 aball=160.8 bref=-50.00 pid=400.0 pref=578.1 ppos=351.6 apid=0.0 integ=-0.0 vision=1 current=1 vframe=5268 vs=1 vage=13 vpage=13 vdt=33 vmax=201 vacc=5239 vrej=0 seq=2 elapsed=4624 oled=3C
[   6021] STATUS mode=4 fault=none enc=472 denc=1 sreq=400 sapplied=400 crate=400 uimp=-188815 upos=1630 uneg=3215 ball=78.56 vball=120.19 aball=160.8 bref=-50.00 pid=400.0 pref=578.1 ppos=367.6 apid=0.0 integ=-0.0 vision=1 current=1 vframe=5269 vs=1 vage=19 vpage=19 vdt=34 vmax=201 vacc=5240 vrej=0 seq=2 elapsed=4664 oled=3C
[   6049] STATUS mode=4 fault=none enc=483 denc=3 sreq=400 sapplied=400 crate=400 uimp=-180815 upos=1650 uneg=3215 ball=82.66 vball=121.38 aball=160.8 bref=-50.00 pid=400.0 pref=578.1 ppos=375.6 apid=0.0 integ=-0.0 vision=1 current=1 vframe=5270 vs=1 vage=8 vpage=8 vdt=31 vmax=201 vacc=5241 vrej=0 seq=2 elapsed=4684 oled=3C
[   6077] STATUS mode=4 fault=none enc=493 denc=2 sreq=400 sapplied=400 crate=400 uimp=-172815 upos=1670 uneg=3215 ball=82.66 vball=121.38 aball=160.8 bref=-50.00 pid=400.0 pref=578.1 ppos=383.6 apid=0.0 integ=-0.0 vision=1 current=1 vframe=5270 vs=1 vage=28 vpage=28 vdt=31 vmax=201 vacc=5241 vrej=0 seq=2 elapsed=4704 oled=3C
[   6104] STATUS mode=4 fault=none enc=513 denc=3 sreq=400 sapplied=400 crate=400 uimp=-156815 upos=1710 uneg=3215 ball=91.54 vball=126.78 aball=117.5 bref=-50.00 pid=400.0 pref=578.1 ppos=399.6 apid=0.0 integ=-0.0 vision=1 current=1 vframe=5272 vs=1 vage=1 vpage=1 vdt=34 vmax=201 vacc=5243 vrej=0 seq=2 elapsed=4744 oled=3C
[   6132] STATUS mode=4 fault=none enc=523 denc=2 sreq=400 sapplied=400 crate=400 uimp=-148815 upos=1730 uneg=3215 ball=91.54 vball=126.78 aball=117.5 bref=-50.00 pid=400.0 pref=578.1 ppos=407.6 apid=0.0 integ=-0.0 vision=1 current=1 vframe=5272 vs=1 vage=21 vpage=21 vdt=34 vmax=201 vacc=5243 vrej=0 seq=2 elapsed=4764 oled=3C
[   6160] STATUS mode=4 fault=none enc=544 denc=2 sreq=400 sapplied=400 crate=400 uimp=-132815 upos=1770 uneg=3215 ball=96.18 vball=130.88 aball=117.5 bref=-50.00 pid=400.0 pref=578.1 ppos=423.6 apid=0.0 integ=-0.0 vision=1 current=1 vframe=5273 vs=1 vage=28 vpage=28 vdt=33 vmax=201 vacc=5244 vrej=0 seq=2 elapsed=4804 oled=3C
[   6187] STATUS mode=4 fault=none enc=554 denc=2 sreq=400 sapplied=400 crate=400 uimp=-124815 upos=1790 uneg=3215 ball=100.55 vball=131.43 aball=94.6 bref=-50.00 pid=400.0 pref=578.1 ppos=431.6 apid=0.0 integ=-0.0 vision=1 current=1 vframe=5274 vs=1 vage=15 vpage=15 vdt=33 vmax=201 vacc=5245 vrej=0 seq=2 elapsed=4824 oled=3C
[   6215] STATUS mode=4 fault=none enc=564 denc=3 sreq=400 sapplied=400 crate=400 uimp=-116815 upos=1810 uneg=3215 ball=104.61 vball=127.80 aball=94.6 bref=-50.00 pid=400.0 pref=578.1 ppos=439.6 apid=0.0 integ=-0.0 vision=1 current=1 vframe=5275 vs=1 vage=1 vpage=1 vdt=34 vmax=201 vacc=5246 vrej=0 seq=2 elapsed=4844 oled=3C
[   6242] STATUS mode=4 fault=none enc=586 denc=3 sreq=400 sapplied=400 crate=400 uimp=-100815 upos=1850 uneg=3215 ball=109.01 vball=129.52 aball=94.6 bref=-50.00 pid=400.0 pref=578.1 ppos=455.6 apid=0.0 integ=-0.0 vision=1 current=1 vframe=5276 vs=1 vage=8 vpage=8 vdt=33 vmax=201 vacc=5247 vrej=0 seq=2 elapsed=4884 oled=3C
[   6270] STATUS mode=4 fault=none enc=595 denc=2 sreq=400 sapplied=400 crate=400 uimp=-92815 upos=1870 uneg=3215 ball=109.01 vball=129.52 aball=94.6 bref=-50.00 pid=400.0 pref=578.1 ppos=463.6 apid=0.0 integ=-0.0 vision=1 current=1 vframe=5276 vs=1 vage=28 vpage=28 vdt=33 vmax=201 vacc=5247 vrej=0 seq=2 elapsed=4904 oled=3C
[   6298] STATUS mode=4 fault=none enc=605 denc=2 sreq=400 sapplied=400 crate=400 uimp=-84815 upos=1890 uneg=3215 ball=113.09 vball=127.62 aball=34.9 bref=-50.00 pid=400.0 pref=578.1 ppos=471.6 apid=0.0 integ=-0.0 vision=1 current=1 vframe=5277 vs=1 vage=15 vpage=15 vdt=33 vmax=201 vacc=5248 vrej=0 seq=2 elapsed=4924 oled=3C
[   6325] STATUS mode=4 fault=none enc=626 denc=1 sreq=400 sapplied=400 crate=400 uimp=-68815 upos=1930 uneg=3215 ball=117.51 vball=128.14 aball=34.9 bref=-50.00 pid=400.0 pref=578.1 ppos=487.6 apid=0.0 integ=-0.0 vision=1 current=1 vframe=5278 vs=1 vage=21 vpage=21 vdt=34 vmax=201 vacc=5249 vrej=0 seq=2 elapsed=4964 oled=3C
[   6353] STATUS mode=4 fault=none enc=637 denc=2 sreq=400 sapplied=400 crate=400 uimp=-60815 upos=1950 uneg=3215 ball=121.94 vball=130.12 aball=34.9 bref=-50.00 pid=400.0 pref=578.1 ppos=495.6 apid=0.0 integ=-0.0 vision=1 current=1 vframe=5279 vs=1 vage=6 vpage=6 vdt=35 vmax=201 vacc=5250 vrej=0 seq=2 elapsed=4984 oled=3C
[   6381] STATUS mode=5 fault=sequence_timeout enc=640 denc=-1 sreq=0 sapplied=0 crate=0 uimp=-52815 upos=1970 uneg=3215 ball=123.68 vball=106.61 aball=0.0 bref=-50.00 pid=0.0 pref=503.6 ppos=503.6 apid=0.0 integ=0.0 vision=1 current=1 vframe=5280 vs=1 vage=13 vpage=13 vdt=33 vmax=201 vacc=5251 vrej=0 seq=2 elapsed=5001 oled=3C
[   6408] STATUS mode=5 fault=sequence_timeout enc=640 denc=0 sreq=0 sapplied=0 crate=0 uimp=-52815 upos=1970 uneg=3215 ball=123.68 vball=106.61 aball=0.0 bref=-50.00 pid=0.0 pref=503.6 ppos=503.6 apid=0.0 integ=0.0 vision=1 current=1 vframe=5280 vs=1 vage=33 vpage=33 vdt=33 vmax=201 vacc=5251 vrej=0 seq=2 elapsed=5001 oled=3C
[   6436] STATUS mode=5 fault=sequence_timeout enc=640 denc=0 sreq=0 sapplied=0 crate=0 uimp=-52815 upos=1970 uneg=3215 ball=124.69 vball=94.29 aball=0.0 bref=-50.00 pid=0.0 pref=503.6 ppos=503.6 apid=0.0 integ=0.0 vision=1 current=1 vframe=5281 vs=1 vage=19 vpage=19 vdt=34 vmax=201 vacc=5252 vrej=0 seq=2 elapsed=5001 oled=3C
[   6464] STATUS mode=5 fault=sequence_timeout enc=640 denc=0 sreq=0 sapplied=0 crate=0 uimp=-52815 upos=1970 uneg=3215 ball=121.73 vball=39.45 aball=0.0 bref=-50.00 pid=0.0 pref=503.6 ppos=503.6 apid=0.0 integ=0.0 vision=1 current=1 vframe=5282 vs=1 vage=26 vpage=26 vdt=33 vmax=201 vacc=5253 vrej=0 seq=2 elapsed=5001 oled=3C
[   6492] STATUS mode=5 fault=sequence_timeout enc=640 denc=0 sreq=0 sapplied=0 crate=0 uimp=-52815 upos=1970 uneg=3215 ball=118.58 vball=-0.50 aball=0.0 bref=-50.00 pid=0.0 pref=503.6 ppos=503.6 apid=0.0 integ=0.0 vision=1 current=1 vframe=5283 vs=1 vage=12 vpage=12 vdt=34 vmax=201 vacc=5254 vrej=0 seq=2 elapsed=5001 oled=3C
[   6519] STATUS mode=5 fault=sequence_timeout enc=640 denc=0 sreq=0 sapplied=0 crate=0 uimp=-52815 upos=1970 uneg=3215 ball=115.96 vball=-22.84aball=0.0 bref=-50.00 pid=0.0 pref=503.6 ppos=503.6 apid=0.0 integ=0.0 vision=1 current=1 vframe=5283 vs=1 vage=32 vpage=32 vdt=34 vmax=201 vacc=5254 vrej=0 seq=2 elapsed=5001 oled=3C
[   6547] STATUS mode=5 fault=sequence_timeout enc=640 denc=0 sreq=0 sapplied=0 crate=0 uimp=-52815 upos=1970 uneg=3215 ball=113.51 vball=-37.96 aball=0.0 bref=-50.00 pid=0.0 pref=503.6 ppos=503.6 apid=0.0 integ=0.0 vision=1 current=1 vframe=5285 vs=1 vage=6 vpage=6 vdt=33 vmax=201 vacc=5256 vrej=0 seq=2 elapsed=5001 oled=3C
[   6575] STATUS mode=5 fault=sequence_timeout enc=640 denc=0 sreq=0 sapplied=0 crate=0 uimp=-52815 upos=1970 uneg=3215 ball=113.51 vball=-37.96 aball=0.0 bref=-50.00 pid=0.0 pref=503.6 ppos=503.6 apid=0.0 integ=0.0 vision=1 current=1 vframe=5285 vs=1 vage=26 vpage=26 vdt=33 vmax=201 vacc=5256 vrej=0 seq=2 elapsed=5001 oled=3C
[   6603] STATUS mode=5 fault=sequence_timeout enc=640 denc=0 sreq=0 sapplied=0 crate=0 uimp=-52815 upos=1970 uneg=3215 ball=110.66 vball=-51.68 aball=0.0 bref=-50.00 pid=0.0 pref=503.6 ppos=503.6 apid=0.0 integ=0.0 vision=1 current=1 vframe=5286 vs=1 vage=32 vpage=32 vdt=34 vmax=201 vacc=5257 vrej=0 seq=2 elapsed=5001 oled=3C
[   6630] STATUS mode=5 fault=sequence_timeout enc=640 denc=0 sreq=0 sapplied=0 crate=0 uimp=-52815 upos=1970 uneg=3215 ball=108.11 vball=-59.32 aball=0.0 bref=-50.00 pid=0.0 pref=503.6 ppos=503.6 apid=0.0 integ=0.0 vision=1 current=1 vframe=5287 vs=1 vage=19 vpage=19 vdt=33 vmax=201 vacc=5258 vrej=0 seq=2 elapsed=5001 oled=3C
[   6658] STATUS mode=5 fault=sequence_timeout enc=640 denc=0 sreq=0 sapplied=0 crate=0 uimp=-52815 upos=1970 uneg=3215 ball=105.68 vball=-63.60 aball=0.0 bref=-50.00 pid=0.0 pref=503.6 ppos=503.6 apid=0.0 integ=0.0 vision=1 current=1 vframe=5288 vs=1 vage=5 vpage=5 vdt=34 vmax=201 vacc=5259 vrej=0 seq=2 elapsed=5001 oled=3C
[   6686] STATUS mode=5 fault=sequence_timeout enc=640 denc=0 sreq=0 sapplied=0 crate=0 uimp=-52815 upos=1970 uneg=3215 ball=102.97 vball=-68.98 aball=0.0 bref=-50.00 pid=0.0 pref=503.6 ppos=503.6 apid=0.0 integ=0.0 vision=1 current=1 vframe=5289 vs=1 vage=12 vpage=12 vdt=33 vmax=201 vacc=5260 vrej=0 seq=2 elapsed=5001 oled=3C
[   6714] STATUS mode=5 fault=sequence_timeout enc=640 denc=0 sreq=0 sapplied=0 crate=0 uimp=-52815 upos=1970 uneg=3215 ball=102.97 vball=-68.98 aball=0.0 bref=-50.00 pid=0.0 pref=503.6 ppos=503.6 apid=0.0 integ=0.0 vision=1 current=1 vframe=5289 vs=1 vage=32 vpage=32 vdt=33 vmax=201 vacc=5260 vrej=0 seq=2 elapsed=5001 oled=3C
[   6741] STATUS mode=5 fault=sequence_timeout enc=640 denc=0 sreq=0 sapplied=0 crate=0 uimp=-52815 upos=1970 uneg=3215 ball=97.99 vball=-71.29 aball=0.0 bref=-50.00 pid=0.0 pref=503.6 ppos=503.6 apid=0.0 integ=0.0 vision=1 current=1 vframe=5291 vs=1 vage=6 vpage=6 vdt=33 vmax=201 vacc=5262 vrej=0 seq=2 elapsed=5001 oled=3C
[   6769] STATUS mode=5 fault=sequence_timeout enc=640 denc=0 sreq=0 sapplied=0 crate=0 uimp=-52815 upos=1970 uneg=3215 ball=97.99 vball=-71.29 aball=0.0 bref=-50.00 pid=0.0 pref=503.6 ppos=503.6 apid=0.0 integ=0.0 vision=1 current=1 vframe=5291 vs=1 vage=26 vpage=26 vdt=33 vmax=201 vacc=5262 vrej=0 seq=2 elapsed=5001 oled=3C
[   6797] STATUS mode=5 fault=sequence_timeout enc=640 denc=0 sreq=0 sapplied=0 crate=0 uimp=-52815 upos=1970 uneg=3215 ball=95.05 vball=-77.21 aball=0.0 bref=-50.00 pid=0.0 pref=503.6 ppos=503.6 apid=0.0 integ=0.0 vision=1 current=1 vframe=5292 vs=1 vage=12 vpage=12 vdt=34 vmax=201 vacc=5263 vrej=0 seq=2 elapsed=5001 oled=3C
[   6824] STATUS mode=5 fault=sequence_timeout enc=640 denc=0 sreq=0 sapplied=0 crate=0 uimp=-52815 upos=1970 uneg=3215 ball=91.82 vball=-82.42 aball=0.0 bref=-50.00 pid=0.0 pref=503.6 ppos=503.6 apid=0.0 integ=0.0 vision=1 current=1 vframe=5293 vs=1 vage=19 vpage=19 vdt=33 vmax=201 vacc=5264 vrej=0 seq=2 elapsed=5001 oled=3C
[   6852] STATUS mode=5 fault=sequence_timeout enc=640 denc=0 sreq=0 sapplied=0 crate=0 uimp=-52815 upos=1970 uneg=3215 ball=88.61 vball=-86.84 aball=0.0 bref=-50.00 pid=0.0 pref=503.6 ppos=503.6 apid=0.0 integ=0.0 vision=1 current=1 vframe=5294 vs=1 vage=6 vpage=6 vdt=33 vmax=201 vacc=5265 vrej=0 seq=2 elapsed=5001 oled=3C
[   6880] STATUS mode=5 fault=sequence_timeout enc=640 denc=0 sreq=0 sapplied=0 crate=0 uimp=-52815 upos=1970 uneg=3215 ball=85.53 vball=-88.77 aball=0.0 bref=-50.00 pid=0.0 pref=503.6 ppos=503.6 apid=0.0 integ=0.0 vision=1 current=1 vframe=5294 vs=1 vage=26 vpage=26 vdt=33 vmax=201 vacc=5265 vrej=0 seq=2 elapsed=5001 oled=3C
[   6907] STATUS mode=5 fault=sequence_timeout enc=640 denc=0 sreq=0 sapplied=0 crate=0 uimp=-52815 upos=1970 uneg=3215 ball=85.53 vball=-88.77 aball=0.0 bref=-50.00 pid=0.0 pref=503.6 ppos=503.6 apid=0.0 integ=0.0 vision=1 current=1 vframe=5295 vs=1 vage=32 vpage=32 vdt=34 vmax=201 vacc=5266 vrej=0 seq=2 elapsed=5001 oled=3C
[   6935] STATUS mode=5 fault=sequence_timeout enc=640 denc=0 sreq=0 sapplied=0 crate=0 uimp=-52815 upos=1970 uneg=3215 ball=85.53 vball=-88.77 aball=0.0 bref=-50.00 pid=0.0 pref=503.6 ppos=503.6 apid=0.0 integ=0.0 vision=1 current=0 vframe=5296 vs=0 vage=52 vpage=18 vdt=34 vmax=201 vacc=5266 vrej=0 seq=2 elapsed=5001 oled=3C
[   6963] STATUS mode=5 fault=sequence_timeout enc=640 denc=0 sreq=0 sapplied=0 crate=0 uimp=-52815 upos=1970 uneg=3215 ball=80.34 vball=-85.10 aball=0.0 bref=-50.00 pid=0.0 pref=503.6 ppos=503.6 apid=0.0 integ=0.0 vision=1 current=1 vframe=5297 vs=1 vage=25 vpage=25 vdt=67 vmax=201 vacc=5267 vrej=0 seq=2 elapsed=5001 oled=3C
[   6990] STATUS mode=5 fault=sequence_timeout enc=640 denc=0 sreq=0 sapplied=0 crate=0 uimp=-52815 upos=1970 uneg=3215 ball=76.02 vball=-98.32 aball=0.0 bref=-50.00 pid=0.0 pref=503.6 ppos=503.6 apid=0.0 integ=0.0 vision=1 current=1 vframe=5298 vs=1 vage=11 vpage=11 vdt=34 vmax=201 vacc=5268 vrej=0 seq=2 elapsed=5001 oled=3C
[   7018] STATUS mode=5 fault=sequence_timeout enc=640 denc=0 sreq=0 sapplied=0 crate=0 uimp=-52815 upos=1970 uneg=3215 ball=76.02 vball=-98.32 aball=0.0 bref=-50.00 pid=0.0 pref=503.6 ppos=503.6 apid=0.0 integ=0.0 vision=1 current=1 vframe=5298 vs=1 vage=31 vpage=31 vdt=34 vmax=201 vacc=5268 vrej=0 seq=2 elapsed=5001 oled=3C
[   7046] STATUS mode=5 fault=sequence_timeout enc=640 denc=0 sreq=0 sapplied=0 crate=0 uimp=-52815 upos=1970 uneg=3215 ball=71.10 vball=-85.86 aball=0.0 bref=-50.00 pid=0.0 pref=503.6 ppos=503.6 apid=0.0 integ=0.0 vision=1 current=1 vframe=5300 vs=1 vage=6 vpage=6 vdt=65 vmax=201 vacc=5269 vrej=0 seq=2 elapsed=5001 oled=3C
[   7073] STATUS mode=5 fault=sequence_timeout enc=640 denc=0 sreq=0 sapplied=0 crate=0 uimp=-52815 upos=1970 uneg=3215 ball=71.10 vball=-85.86 aball=0.0 bref=-50.00 pid=0.0 pref=503.6 ppos=503.6 apid=0.0 integ=0.0 vision=1 current=1 vframe=5300 vs=1 vage=26 vpage=26 vdt=65 vmax=201 vacc=5269 vrej=0 seq=2 elapsed=5001 oled=3C
[   7101] STATUS mode=5 fault=sequence_timeout enc=640 denc=0 sreq=0 sapplied=0 crate=0 uimp=-52815 upos=1970 uneg=3215 ball=66.11 vball=-104.71 aball=0.0 bref=-50.00 pid=0.0 pref=503.6 ppos=503.6 apid=0.0 integ=0.0 vision=1 current=1 vframe=5301 vs=1 vage=32 vpage=32 vdt=34 vmax=201 vacc=5270 vrej=0 seq=2 elapsed=5001 oled=3C
[   7129] STATUS mode=5 fault=sequence_timeout enc=640 denc=0 sreq=0 sapplied=0 crate=0 uimp=-52815 upos=1970 uneg=3215 ball=61.92 vball=-110.34 aball=0.0 bref=-50.00 pid=0.0 pref=503.6 ppos=503.6 apid=0.0 integ=0.0 vision=1 current=1 vframe=5302 vs=1 vage=19 vpage=19 vdt=33 vmax=201 vacc=5271 vrej=0 seq=2 elapsed=5001 oled=3C
[   7157] STATUS mode=5 fault=sequence_timeout enc=640 denc=0 sreq=0 sapplied=0 crate=0 uimp=-52815 upos=1970 uneg=3215 ball=58.43 vball=-108.80 aball=0.0 bref=-50.00 pid=0.0 pref=503.6 ppos=503.6 apid=0.0 integ=0.0 vision=1 current=1 vframe=5303 vs=1 vage=6 vpage=6 vdt=33 vmax=201 vacc=5272 vrej=0 seq=2 elapsed=5001 oled=3C
[   7185] STATUS mode=5 fault=sequence_timeout enc=640 denc=0 sreq=0 sapplied=0 crate=0 uimp=-52815 upos=1970 uneg=3215 ball=54.42 vball=-112.03 aball=0.0 bref=-50.00 pid=0.0 pref=503.6 ppos=503.6 apid=0.0 integ=0.0 vision=1 current=1 vframe=5304 vs=1 vage=12 vpage=12 vdt=34 vmax=201 vacc=5273 vrej=0 seq=2 elapsed=5001 oled=3C
[   7212] STATUS mode=5 fault=sequence_timeout enc=640 denc=0 sreq=0 sapplied=0 crate=0 uimp=-52815 upos=1970 uneg=3215 ball=54.42 vball=-112.03 aball=0.0 bref=-50.00 pid=0.0 pref=503.6 ppos=503.6 apid=0.0 integ=0.0 vision=1 current=1 vframe=5304 vs=1 vage=32 vpage=32 vdt=34 vmax=201 vacc=5273 vrej=0 seq=2 elapsed=5001 oled=3C
[   7240] STATUS mode=5 fault=sequence_timeout enc=640 denc=0 sreq=0 sapplied=0 crate=0 uimp=-52815 upos=1970 uneg=3215 ball=46.84 vball=-109.58 aball=0.0 bref=-50.00 pid=0.0 pref=503.6 ppos=503.6 apid=0.0 integ=0.0 vision=1 current=1 vframe=5306 vs=1 vage=3 vpage=3 vdt=36 vmax=201 vacc=5275 vrej=0 seq=q=2 elapsed=5001 oled=3C
[   7268] STATUS mode=5 fault=sequence_timeout enc=640 denc=0 sreq=0 sapplied=0 crate=0 uimp=-52815 upos=1970 uneg=3215 ball=46.84 vball=-109.58 aball=0.0 bref=-50.00 pid=0.0 pref=503.6 ppos=503.6 apid=0.0 integ=0.0 vision=1 current=1 vframe=5306 vs=1 vage=23 vpage=23 vdt=36 vmax=201 vacc=5275 vrej=0 seq=2 elapsed=5001 oled=3C
[   7296] STATUS mode=5 fault=sequence_timeout enc=640 denc=0 sreq=0 sapplied=0 crate=0 uimp=-52815 upos=1970 uneg=3215 ball=42.97 vball=-112.74 aball=0.0 bref=-50.00 pid=0.0 pref=503.6 ppos=503.6 apid=0.0 integ=0.0 vision=1 current=1 vframe=5307 vs=1 vage=13 vpage=13 vdt=30 vmax=201 vacc=5276 vrej=0 seq=2 elapsed=5001 oled=3C
[   7324] STATUS mode=5 fault=sequence_timeout enc=640 denc=0 sreq=0 sapplied=0 crate=0 uimp=-52815 upos=1970 uneg=3215 ball=39.29 vball=-111.26 aball=0.0 bref=-50.00 pid=0.0 pref=503.6 ppos=503.6 apid=0.0 integ=0.0 vision=1 current=1 vframe=5308 vs=1 vage=17 vpage=17 vdt=36 vmax=201 vacc=5277 vrej=0 seq=2 elapsed=5001 oled=3C
[   7351] STATUS mode=5 fault=sequence_timeout enc=640 denc=0 sreq=0 sapplied=0 crate=0 uimp=-52815 upos=1970 uneg=3215 ball=35.43 vball=-113.02 aball=0.0 bref=-50.00 pid=0.0 pref=503.6 ppos=503.6 apid=0.0 integ=0.0 vision=1 current=1 vframe=5309 vs=1 vage=7 vpage=7 vdt=30 vmax=201 vacc=5278 vrej=0 seq=2 elapsed=5001 oled=3C
[   7379] STATUS mode=5 fault=sequence_timeout enc=640 denc=0 sreq=0 sapplied=0 crate=0 uimp=-52815 upos=1970 uneg=3215 ball=35.43 vball=-113.02 aball=0.0 bref=-50.00 pid=0.0 pref=503.6 ppos=503.6 apid=0.0 integ=0.0 vision=1 current=1 vframe=5309 vs=1 vage=27 vpage=27 vdt=30 vmax=201 vacc=5278 vrej=0 seq=2 elapsed=5001 oled=3C
[   7407] STATUS mode=5 fault=sequence_timeout enc=640 denc=0 sreq=0 sapplied=0 crate=0 uimp=-52815 upos=1970 uneg=3215 ball=31.48 vball=-114.87 aball=0.0 bref=-50.00 pid=0.0 pref=503.6 ppos=503.6 apid=0.0 integ=0.0 vision=1 current=1 vframe=5310 vs=1 vage=31 vpage=31 vdt=36 vmax=201 vacc=5279 vrej=0 seq=2 elapsed=5001 oled=3C
[   7435] STATUS mode=5 fault=sequence_timeout enc=640 denc=0 sreq=0 sapplied=0 crate=0 uimp=-52815 upos=1970 uneg=3215 ball=26.97 vball=-119.02 aball=0.0 bref=-50.00 pid=0.0 pref=503.6 ppos=503.6 apid=0.0 integ=0.0 vision=1 current=1 vframe=5311 vs=1 vage=19 vpage=19 vdt=32 vmax=201 vacc=5280 vrej=0 seq=2 elapsed=5001 oled=3C
[   7462] STATUS mode=5 fault=sequence_timeout enc=640 denc=0 sreq=0 sapplied=0 crate=0 uimp=-52815 upos=1970 uneg=3215 ball=23.15 vball=-119.09 aball=0.0 bref=-50.00 pid=0.0 pref=503.6 ppos=503.6 apid=0.0 integ=0.0 vision=1 current=1 vframe=5312 vs=1 vage=26 vpage=26 vdt=33 vmax=201 vacc=5281 vrej=0 seq=2 elapsed=5001 oled=3C
[   7490] STATUS mode=5 fault=sequence_timeout enc=640 denc=0 sreq=0 sapplied=0 crate=0 uimp=-52815 upos=1970 uneg=3215 ball=19.66 vball=-115.15 aball=0.0 bref=-50.00 pid=0.0 pref=503.6 ppos=503.6 apid=0.0 integ=0.0 vision=1 current=1 vframe=5313 vs=1 vage=14 vpage=14 vdt=32 vmax=201 vacc=5282 vrej=0 seq=2 elapsed=5001 oled=3C
[   7518] STATUS mode=5 fault=sequence_timeout enc=640 denc=0 sreq=0 sapplied=0 crate=0 uimp=-52815 upos=1970 uneg=3215 ball=19.66 vball=-115.15 aball=0.0 bref=-50.00 pid=0.0 pref=503.6 ppos=503.6 apid=0.0 integ=0.0 vision=1 current=1 vframe=5313 vs=1 vage=34 vpage=34 vdt=32 vmax=201 vacc=5282 vrej=0 seq=2 elapsed=5001 oled=3C
[   7546] STATUS mode=5 fault=sequence_timeout enc=640 denc=0 sreq=0 sapplied=0 crate=0 uimp=-52815 upos=1970 uneg=3215 ball=11.42 vball=-119.05 aball=0.0 bref=-50.00 pid=0.0 pref=503.6 ppos=503.6 apid=0.0 integ=0.0 vision=1 current=1 vframe=5315 vs=1 vage=7 vpage=7 vdt=33 vmax=201 vacc=5284 vrej=0 seq=2 elapsed=5001 oled=3C
[   7573] STATUS mode=5 fault=sequence_timeout enc=640 denc=0 sreq=0 sapplied=0 crate=0 uimp=-52815 upos=1970 uneg=3215 ball=11.42 vball=-119.05 aball=0.0 bref=-50.00 pid=0.0 pref=503.6 ppos=503.6 apid=0.0 integ=0.0 vision=1 current=1 vframe=5315 vs=1 vage=27 vpage=27 vdt=33 vmax=201 vacc=5284 vrej=0 seq=2 elapsed=5001 oled=3C
[   7601] STATUS mode=5 fault=sequence_timeout enc=640 denc=0 sreq=0 sapplied=0 crate=0 uimp=-52815 upos=1970 uneg=3215 ball=3.74 vball=-116.52 aball=0.0 bref=-50.00 pid=0.0 pref=503.6 ppos=503.6 apid=0.0 integ=0.0 vision=1 current=1 vframe=5317 vs=1 vage=1 vpage=1 vdt=32 vmax=201 vacc=5286 vrej=0 seq=2 elapsed=5001 oled=3C
[   7629] STATUS mode=5 fault=sequence_timeout enc=640 denc=0 sreq=0 sapplied=0 crate=0 uimp=-52815 upos=1970 uneg=3215 ball=3.74 vball=-116.52 aball=0.0 bref=-50.00 pid=0.0 pref=503.6 ppos=503.6 apid=0.0 integ=0.0 vision=1 current=1 vframe=5317 vs=1 vage=21 vpage=21 vdt=32 vmax=201 vacc=5286 vrej=0 seq=2 elapsed=5001 oled=3C
[   7656] STATUS mode=5 fault=sequence_timeout enc=640 denc=0 sreq=0 sapplied=0 crate=0 uimp=-52815 upos=1970 uneg=3215 ball=-0.35 vball=-118.78 aball=0.0 bref=-50.00 pid=0.0 pref=503.6 ppos=503.6 apid=0.0 integ=0.0 vision=1 current=1 vframe=5318 vs=1 vage=7 vpage=7 vdt=34 vmax=201 vacc=5287 vrej=0 seq=2 elapsed=5001 oled=3C
[   7684] STATUS mode=5 fault=sequence_timeout enc=640 denc=0 sreq=0 sapplied=0 crate=0 uimp=-52815 upos=1970 uneg=3215 ball=-4.31 vball=-119.13 aball=0.0 bref=-50.00 pid=0.0 pref=503.6 ppos=503.6 apid=0.0 integ=0.0 vision=1 current=1 vframe=5319 vs=1 vage=13 vpage=13 vdt=34 vmax=201 vacc=5288 vrej=0 seq=2 elapsed=5001 oled=3C
[   7712] STATUS mode=5 fault=sequence_timeout enc=640 denc=0 sreq=0 sapplied=0 crate=0 uimp=-52815 upos=1970 uneg=3215 ball=-4.31 vball=-119.13 aball=0.0 bref=-50.00 pid=0.0 pref=503.6 ppos=503.6 apid=0.0 integ=0.0 vision=1 current=1 vframe=5319 vs=1 vage=33 vpage=33 vdt=34 vmax=201 vacc=5288 vrej=0 seq=2 elapsed=5001 oled=3C
[   7740] STATUS mode=5 fault=sequence_timeout enc=640 denc=0 sreq=0 sapplied=0 crate=0 uimp=-52815 upos=1970 uneg=3215 ball=-8.21 vball=-117.82 aball=0.0 bref=-50.00 pid=0.0 pref=503.6 ppos=503.6 apid=0.0 integ=0.0 vision=1 current=1 vframe=5320 vs=1 vage=20 vpage=20 vdt=33 vmax=201 vacc=5289 vrej=0 seq=2 elapsed=5001 oled=3C
[   7768] STATUS mode=5 fault=sequence_timeout enc=640 denc=0 sreq=0 sapplied=0 crate=0 uimp=-52815 upos=1970 uneg=3215 ball=-11.66 vball=-113.84 aball=0.0 bref=-50.00 pid=0.0 pref=503.6 ppos=503.6 apid=0.0 integ=0.0 vision=1 current=1 vframe=5321 vs=1 vage=25 vpage=25 vdt=35 vmax=201 vacc=5290 vrej=0 seq=2 elapsed=5001 oled=3C
[   7795] STATUS mode=5 fault=sequence_timeout enc=640 denc=0 sreq=0 sapplied=0 crate=0 uimp=-52815 upos=1970 uneg=3215 ball=-15.44 vball=-113.87 aball=0.0 bref=-50.00 pid=0.0 pref=503.6 ppos=503.6 apid=0.0 integ=0.0 vision=1 current=1 vframe=5322 vs=1 vage=13 vpage=13 vdt=32 vmax=201 vacc=5291 vrej=0 seq=2 elapsed=5001 oled=3C
[   7823] STATUS mode=5 fault=sequence_timeout enc=640 denc=0 sreq=0 sapplied=0 crate=0 uimp=-52815 upos=1970 uneg=3215 ball=-19.74 vball=-117.70 aball=0.0 bref=-50.00 pid=0.0 pref=503.6 ppos=503.6 apid=0.0 integ=0.0 vision=1 current=1 vframe=5323 vs=1 vage=20 vpage=20 vdt=33 vmax=201 vacc=5292 vrej=0 seq=2 elapsed=5001 oled=3C
[   7851] STATUS mode=5 fault=sequence_timeout enc=640 denc=0 sreq=0 sapplied=0 crate=0 uimp=-52815 upos=1970 uneg=3215 ball=-23.23 vball=-114.36 aball=0.0 bref=-50.00 pid=0.0 pref=503.6 ppos=503.6 apid=0.0 integ=0.0 vision=1 current=1 vframe=5324 vs=1 vage=7 vpage=7 vdt=33 vmax=201 vacc=5293 vrej=0 seq=2 elapsed=5001 oled=3C
[   7879] STATUS mode=5 fault=sequence_timeout enc=640 denc=0 sreq=0 sapplied=0 crate=0 uimp=-52815 upos=1970 uneg=3215 ball=-23.23 vball=-114.36 aball=0.0 bref=-50.00 pid=0.0 pref=503.6 ppos=503.6 apid=0.0 integ=0.0 vision=1 current=1 vframe=5324 vs=1 vage=27 vpage=27 vdt=33 vmax=201 vacc=5293 vrej=0 seq=2 elapsed=5001 oled=3C
[   7907] STATUS mode=5 fault=sequence_timeout enc=640 denc=0 sreq=0 sapplied=0 crate=0 uimp=-52815 upos=1970 uneg=3215 ball=-27.20 vball=-116.16 aball=0.0 bref=-50.00 pid=0.0 pref=503.6 ppos=503.6 apid=0.0 integ=0.0 vision=1 current=1 vframe=5325 vs=1 vage=33 vpage=33 vdt=34 vmax=201 vacc=5294 vrej=0 seq=2 elapsed=5001 oled=3C
[   7935] STATUS mode=5 fault=sequence_timeout enc=640 denc=0 sreq=0 sapplied=0 crate=0 uimp=-52815 upos=1970 uneg=3215 ball=-30.95 vball=-114.22 aball=0.0 bref=-50.00 pid=0.0 pref=503.6 ppos=503.6 apid=0.0 integ=0.0 vision=1 current=1 vframe=5326 vs=1 vage=20 vpage=20 vdt=33 vmax=201 vacc=5295 vrej=0 seq=2 elapsed=5001 oled=3C
[   7963] STATUS mode=5 fault=sequence_timeout enc=640 denc=0 sreq=0 sapplied=0 crate=0 uimp=-52815 upos=1970 uneg=3215 ball=-34.61 vball=-113.22 aball=0.0 bref=-50.00 pid=0.0 pref=503.6 ppos=503.6 apid=0.0 integ=0.0 vision=1 current=1 vframe=5327 vs=1 vage=26 vpage=26 vdt=34 vmax=201 vacc=5296 vrej=0 seq=2 elapsed=5001 oled=3C
[   7991] STATUS mode=5 fault=sequence_timeout enc=640 denc=0 sreq=0 sapplied=0 crate=0 uimp=-52815 upos=1970 uneg=3215 ball=-38.22 vball=-111.09 aball=0.0 bref=-50.00 pid=0.0 pref=503.6 ppos=503.6 apid=0.0 integ=0.0 vision=1 current=1 vframe=5328 vs=1 vage=13 vpage=13 vdt=33 vmax=201 vacc=5297 vrej=0 seq=2 elapsed=5001 oled=3C
[   8018] STATUS mode=5 fault=sequence_timeout enc=640 denc=0 sreq=0 sapplied=0 crate=0 uimp=-52815 upos=1970 uneg=3215 ball=-38.22 vball=-111.09 aball=0.0 bref=-50.00 pid=0.0 pref=503.6 ppos=503.6 apid=0.0 integ=0.0 vision=1 current=1 vframe=5328 vs=1 vage=33 vpage=33 vdt=33 vmax=201 vacc=5297 vrej=0 seq=2 elapsed=5001 oled=3C
[   8046] STATUS mode=5 fault=sequence_timeout enc=640 denc=0 sreq=0 sapplied=0 crate=0 uimp=-52815 upos=1970 uneg=3215 ball=-45.08 vball=-107.83 aball=0.0 bref=-50.00 pid=0.0 pref=503.6 ppos=503.6 apid=0.0 integ=0.0 vision=1 current=1 vframe=5330 vs=1 vage=6 vpage=6 vdt=33 vmax=201 vacc=5299 vrej=0 seq=2 elapsed=5001 oled=3C
[   8074] STATUS mode=5 fault=sequence_timeout enc=640 denc=0 sreq=0 sapplied=0 crate=0 uimp=-52815 upos=1970 uneg=3215 ball=-45.08 vball=-107.83 aball=0.0 bref=-50.00 pid=0.0 pref=503.6 ppos=503.6 apid=0.0 integ=0.0 vision=1 current=1 vframe=5330 vs=1 vage=26 vpage=26 vdt=33 vmax=201 vacc=5299 vrej=0 seq=2 elapsed=5001 oled=3C
[   8102] STATUS mode=5 fault=sequence_timeout enc=640 denc=0 sreq=0 sapplied=0 crate=0 uimp=-52815 upos=1970 uneg=3215 ball=-48.51 vball=-106.37 aball=0.0 bref=-50.00 pid=0.0 pref=503.6 ppos=503.6 apid=0.0 integ=0.0 vision=1 current=1 vframe=5331 vs=1 vage=33 vpage=33 vdt=33 vmax=201 vacc=5300 vrej=0 seq=2 elapsed=5001 oled=3C
[   8130] STATUS mode=5 fault=sequence_timeout enc=640 denc=0 sreq=0 sapplied=0 crate=0 uimp=-52815 upos=1970 uneg=3215 ball=-51.79 vball=-104.61 aball=0.0 bref=-50.00 pid=0.0 pref=503.6 ppos=503.6 apid=0.0 integ=0.0 vision=1 current=1 vframe=5332 vs=1 vage=19 vpage=19 vdt=34 vmax=201 vacc=5301 vrej=0 seq=2 elapsed=5001 oled=3C
[   8157] STATUS mode=5 fault=sequence_timeout enc=640 denc=0 sreq=0 sapplied=0 crate=0 uimp=-52815 upos=1970 uneg=3215 ball=-54.43 vball=-96.41 aball=0.0 bref=-50.00 pid=0.0 pref=503.6 ppos=503.6 apid=0.0 integ=0.0 vision=1 current=1 vframe=5333 vs=1 vage=6 vpage=6 vdt=33 vmax=201 vacc=5302 vrej=0 seq=2 elapsed=5001 oled=3C
[   8185] STATUS mode=5 fault=sequence_timeout enc=640 denc=0 sreq=0 sapplied=0 crate=0 uimp=-52815 upos=1970 uneg=3215 ball=-57.64 vball=-96.72 aball=0.0 bref=-50.00 pid=0.0 pref=503.6 ppos=503.6 apid=0.0 integ=0.0 vision=1 current=1 vframe=5334 vs=1 vage=13 vpage=13 vdt=33 vmax=201 vacc=5303 vrej=0 seq=2 elapsed=5001 oled=3C
[   8213] STATUS mode=5 fault=sequence_timeout enc=640 denc=0 sreq=0 sapplied=0 crate=0 uimp=-52815 upos=1970 uneg=3215 ball=-57.64 vball=-96.72 aball=0.0 bref=-50.00 pid=0.0 pref=503.6 ppos=503.6 apid=0.0 integ=0.0 vision=1 current=1 vframe=5334 vs=1 vage=33 vpage=33 vdt=33 vmax=201 vacc=5303 vrej=0 seq=2 elapsed=5001 oled=3C
[   8241] STATUS mode=5 fault=sequence_timeout enc=640 denc=0 sreq=0 sapplied=0 crate=0 uimp=-52815 upos=1970 uneg=3215 ball=-63.60 vball=-91.96 aball=0.0 bref=-50.00 pid=0.0 pref=503.6 ppos=503.6 apid=0.0 integ=0.0 vision=1 current=1 vframe=5336 vs=1 vage=6 vpage=6 vdt=33 vmax=201 vacc=5305 vrej=0 seq=2 elapsed=5001 oled=3C
[   8268] STATUS mode=5 fault=sequence_timeout enc=640 denc=0 sreq=0 sapplied=0 crate=0 uimp=-52815 upos=1970 uneg=3215 ball=-63.60 vball=-91.96 aball=0.0 bref=-50.00 pid=0.0 pref=503.6 ppos=503.6 apid=0.0 integ=0.0 vision=1 current=1 vframe=5336 vs=1 vage=26 vpage=26 vdt=33 vmax=201 vacc=5305 vrej=0 seq=2 elapsed=5001 oled=3C
[   8296] STATUS mode=5 fault=sequence_timeout enc=640 denc=0 sreq=0 sapplied=0 crate=0 uimp=-52815 upos=1970 uneg=3215 ball=-66.44 vball=-90.31 aball=0.0 bref=-50.00 pid=0.0 pref=503.6 ppos=503.6 apid=0.0 integ=0.0 vision=1 current=1 vframe=5337 vs=1 vage=13 vpage=13 vdt=33 vmax=201 vacc=5306 vrej=0 seq=2 elapsed=5001 oled=3C
[   8324] STATUS mode=5 fault=sequence_timeout enc=640 denc=0 sreq=0 sapplied=0 crate=0 uimp=-52815 upos=1970 uneg=3215 ball=-69.07 vball=-86.33 aball=0.0 bref=-50.00 pid=0.0 pref=503.6 ppos=503.6 apid=0.0 integ=0.0 vision=1 current=1 vframe=5338 vs=1 vage=19 vpage=19 vdt=34 vmax=201 vacc=5307 vrej=0 seq=2 elapsed=5001 oled=3C
[   8352] STATUS mode=5 fault=sequence_timeout enc=640 denc=0 sreq=0 sapplied=0 crate=0 uimp=-52815 upos=1970 uneg=3215 ball=-71.35 vball=-81.20 aball=0.0 bref=-50.00 pid=0.0 pref=503.6 ppos=503.6 apid=0.0 integ=0.0 vision=1 current=1 vframe=5339 vs=1 vage=6 vpage=6 vdt=33 vmax=201 vacc=5308 vrej=0 seq=2 elapsed=5001 oled=3C
[   8379] STATUS mode=5 fault=sequence_timeout enc=640 denc=0 sreq=0 sapplied=0 crate=0 uimp=-52815 upos=1970 uneg=3215 ball=-71.35 vball=-81.20 aball=0.0 bref=-50.00 pid=0.0 pref=503.6 ppos=503.6 apid=0.0 integ=0.0 vision=1 current=1 vframe=5339 vs=1 vage=26 vpage=26 vdt=33 vmax=201 vacc=5308 vrej=0 seq=2 elapsed=5001 oled=3C
[   8407] STATUS mode=5 fault=sequence_timeout enc=640 denc=0 sreq=0 sapplied=0 crate=0 uimp=-52815 upos=1970 uneg=3215 ball=-73.50 vball=-76.41 aball=0.0 bref=-50.00 pid=0.0 pref=503.6 ppos=503.6 apid=0.0 integ=0.0 vision=1 current=1 vframe=5340 vs=1 vage=34 vpage=34 vdt=32 vmax=201 vacc=5309 vrej=0 seq=2 elapsed=5001 oled=3C
[   8435] STATUS mode=5 fault=sequence_timeout enc=640 denc=0 sreq=0 sapplied=0 crate=0 uimp=-52815 upos=1970 uneg=3215 ball=-75.41 vball=-70.53 aball=0.0 bref=-50.00 pid=0.0 pref=503.6 ppos=503.6 apid=0.0 integ=0.0 vision=1 current=1 vframe=5341 vs=1 vage=20 vpage=20 vdt=34 vmax=201 vacc=5310 vrej=0 seq=2 elapsed=5001 oled=3C
[   8463] STATUS mode=5 fault=sequence_timeout enc=640 denc=0 sreq=0 sapplied=0 crate=0 uimp=-52815 upos=1970 uneg=3215 ball=-77.41 vball=-67.58 aball=0.0 bref=-50.00 pid=0.0 pref=503.6 ppos=503.6 apid=0.0 integ=0.0 vision=1 current=1 vframe=5342 vs=1 vage=26 vpage=26 vdt=34 vmax=201 vacc=5311 vrej=0 seq=2 elapsed=5001 oled=3C
[   8491] STATUS mode=5 fault=sequence_timeout enc=640 denc=0 sreq=0 sapplied=0 crate=0 uimp=-52815 upos=1970 uneg=3215 ball=-79.41 vball=-65.46 aball=0.0 bref=-50.00 pid=0.0 pref=503.6 ppos=503.6 apid=0.0 integ=0.0 vision=1 current=1 vframe=5343 vs=1 vage=13 vpage=13 vdt=33 vmax=201 vacc=5312 vrej=0 seq=2 elapsed=5001 oled=3C
[   8519] STATUS mode=5 fault=sequence_timeout enc=640 denc=0 sreq=0 sapplied=0 crate=0 uimp=-52815 upos=1970 uneg=3215 ball=-79.41 vball=-65.46 aball=0.0 bref=-50.00 pid=0.0 pref=503.6 ppos=503.6 apid=0.0 integ=0.0 vision=1 current=1 vframe=5343 vs=1 vage=33 vpage=33 vdt=33 vmax=201 vacc=5312 vrej=0 seq=2 elapsed=5001 oled=3C
[   8546] STATUS mode=5 fault=sequence_timeout enc=640 denc=0 sreq=0 sapplied=0 crate=0 uimp=-52815 upos=1970 uneg=3215 ball=-82.93 vball=-58.25 aball=0.0 bref=-50.00 pid=0.0 pref=503.6 ppos=503.6 apid=0.0 integ=0.0 vision=1 current=1 vframe=5345 vs=1 vage=6 vpage=6 vdt=34 vmax=201 vacc=5314 vrej=0 seq=2 elapsed=5001 oled=3C
[   8574] STATUS mode=5 fault=sequence_timeout enc=640 denc=0 sreq=0 sapplied=0 crate=0 uimp=-52815 upos=1970 uneg=3215 ball=-82.93 vball=-58.25 aball=0.0 bref=-50.00 pid=0.0 pref=503.6 ppos=503.6 apid=0.0 integ=0.0 vision=1 current=1 vframe=5345 vs=1 vage=26 vpage=26 vdt=34 vmax=201 vacc=5314 vrej=0 seq=2 elapsed=5001 oled=3C
[   8602] STATUS mode=5 fault=sequence_timeout enc=640 denc=0 sreq=0 sapplied=0 crate=0 uimp=-52815 upos=1970 uneg=3215 ball=-84.49 vball=-55.48 aball=0.0 bref=-50.00 pid=0.0 pref=503.6 ppos=503.6 apid=0.0 integ=0.0 vision=1 current=1 vframe=5346 vs=1 vage=33 vpage=33 vdt=33 vmax=201 vacc=5315 vrej=0 seq=2 elapsed=5001 oled=3C
[   8630] STATUS mode=5 fault=sequence_timeout enc=640 denc=0 sreq=0 sapplied=0 crate=0 uimp=-52815 upos=1970 uneg=3215 ball=-85.85 vball=-51.42 aball=0.0 bref=-50.00 pid=0.0 pref=503.6 ppos=503.6 apid=0.0 integ=0.0 vision=1 current=1 vframe=5347 vs=1 vage=20 vpage=20 vdt=33 vmax=201 vacc=5316 vrej=0 seq=2 elapsed=5001 oled=3C
[   8657] STATUS mode=5 fault=sequence_timeout enc=640 denc=0 sreq=0 sapplied=0 crate=0 uimp=-52815 upos=1970 uneg=3215 ball=-87.21 vball=-48.00 aball=0.0 bref=-50.00 pid=0.0 pref=503.6 ppos=503.6 apid=0.0 integ=0.0 vision=1 current=1 vframe=5348 vs=1 vage=7 vpage=7 vdt=33 vmax=201 vacc=5317 vrej=0 seq=2 elapsed=5001 oled=3C
[   8685] STATUS mode=5 fault=sequence_timeout enc=640 denc=0 sreq=0 sapplied=0 crate=0 uimp=-52815 upos=1970 uneg=3215 ball=-88.44 vball=-44.82 aball=0.0 bref=-50.00 pid=0.0 pref=503.6 ppos=503.6 apid=0.0 integ=0.0 vision=1 current=1 vframe=5349 vs=1 vage=14 vpage=14 vdt=33 vmax=201 vacc=5318 vrej=0 seq=2 elapsed=5001 oled=3C
[   8712] STATUS mode=5 fault=sequence_timeout enc=640 denc=0 sreq=0 sapplied=0 crate=0 uimp=-52815 upos=1970 uneg=3215 ball=-89.66 vball=-42.65 aball=0.0 bref=-50.00 pid=0.0 pref=503.6 ppos=503.6 apid=0.0 integ=0.0 vision=1 current=1 vframe=5350 vs=1 vage=1 vpage=1 vdt=33 vmax=201 vacc=5319 vrej=0 seq=2 elapsed=5001 oled=3C
[   8740] STATUS mode=5 fault=sequence_timeout enc=640 denc=0 sreq=0 sapplied=0 crate=0 uimp=-52815 upos=1970 uneg=3215 ball=-89.66 vball=-42.65 aball=0.0 bref=-50.00 pid=0.0 pref=503.6 ppos=503.6 apid=0.0 integ=0.0 vision=1 current=1 vframe=5350 vs=1 vage=21 vpage=21 vdt=33 vmax=201 vacc=5319 vrej=0 seq=2 elapsed=5001 oled=3C
[   8768] STATUS mode=5 fault=sequence_timeout enc=640 denc=0 sreq=0 sapplied=0 crate=0 uimp=-52815 upos=1970 uneg=3215 ball=-90.80 vball=-40.00 aball=0.0 bref=-50.00 pid=0.0 pref=503.6 ppos=503.6 apid=0.0 integ=0.0 vision=1 current=1 vframe=5351 vs=1 vage=28 vpage=28 vdt=33 vmax=201 vacc=5320 vrej=0 seq=2 elapsed=5001 oled=3C
[   8796] STATUS mode=5 fault=sequence_timeout enc=640 denc=0 sreq=0 sapplied=0 crate=0 uimp=-52815 upos=1970 uneg=3215 ball=-91.65 vball=-35.73 aball=0.0 bref=-50.00 pid=0.0 pref=503.6 ppos=503.6 apid=0.0 integ=0.0 vision=1 current=1 vframe=5352 vs=1 vage=14 vpage=14 vdt=34 vmax=201 vacc=5321 vrej=0 seq=2 elapsed=5001 oled=3C
[   8824] STATUS mode=5 fault=sequence_timeout enc=640 denc=0 sreq=0 sapplied=0 crate=0 uimp=-52815 upos=1970 uneg=3215 ball=-92.44 vball=-32.29 aball=0.0 bref=-50.00 pid=0.0 pref=503.6 ppos=503.6 apid=0.0 integ=0.0 vision=1 current=1 vframe=5353 vs=1 vage=21 vpage=21 vdt=33 vmax=201 vacc=5322 vrej=0 seq=2 elapsed=5001 oled=3C
[   8851] STATUS mode=5 fault=sequence_timeout enc=640 denc=0 sreq=0 sapplied=0 crate=0 uimp=-52815 upos=1970 uneg=3215 ball=-93.12 vball=-28.53 aball=0.0 bref=-50.00 pid=0.0 pref=503.6 ppos=503.6 apid=0.0 integ=0.0 vision=1 current=1 vframe=5354 vs=1 vage=8 vpage=8 vdt=33 vmax=201 vacc=5323 vrej=0 seq=2 elapsed=5001 oled=3C
[   8879] STATUS mode=5 fault=sequence_timeout enc=640 denc=0 sreq=0 sapplied=0 crate=0 uimp=-52815 upos=1970 uneg=3215 ball=-93.12 vball=-28.53 aball=0.0 bref=-50.00 pid=0.0 pref=503.6 ppos=503.6 apid=0.0 integ=0.0 vision=1 current=1 vframe=5354 vs=1 vage=28 vpage=28 vdt=33 vmax=201 vacc=5323 vrej=0 seq=2 elapsed=5001 oled=3C
[   8907] STATUS mode=5 fault=sequence_timeout enc=640 denc=0 sreq=0 sapplied=0 crate=0 uimp=-52815 upos=1970 uneg=3215 ball=-93.89 vball=-20.08 aball=0.0 bref=-50.00 pid=0.0 pref=503.6 ppos=503.6 apid=0.0 integ=0.0 vision=1 current=1 vframe=5356 vs=1 vage=1 vpage=1 vdt=33 vmax=201 vacc=5325 vrej=0 seq=2 elapsed=5001 oled=3C
[   8935] STATUS mode=5 fault=sequence_timeout enc=640 denc=0 sreq=0 sapplied=0 crate=0 uimp=-52815 upos=1970 uneg=3215 ball=-93.89 vball=-20.08 aball=0.0 bref=-50.00 pid=0.0 pref=503.6 ppos=503.6 apid=0.0 integ=0.0 vision=1 current=1 vframe=5356 vs=1 vage=21 vpage=21 vdt=33 vmax=201 vacc=5325 vrej=0 seq=2 elapsed=5001 oled=3C
[   8962] STATUS mode=5 fault=sequence_timeout enc=640 denc=0 sreq=0 sapplied=0 crate=0 uimp=-52815 upos=1970 uneg=3215 ball=-94.29 vball=-17.60 aball=0.0 bref=-50.00 pid=0.0 pref=503.6 ppos=503.6 apid=0.0 integ=0.0 vision=1 current=1 vframe=5357 vs=1 vage=28 vpage=28 vdt=33 vmax=201 vacc=5326 vrej=0 seq=2 elapsed=5001 oled=3C
[   8990] STATUS mode=5 fault=sequence_timeout enc=640 denc=0 sreq=0 sapplied=0 crate=0 uimp=-52815 upos=1970 uneg=3215 ball=-94.57 vball=-14.91 aball=0.0 bref=-50.00 pid=0.0 pref=503.6 ppos=503.6 apid=0.0 integ=0.0 vision=1 current=1 vframe=5358 vs=1 vage=14 vpage=14 vdt=34 vmax=201 vacc=5327 vrej=0 seq=2 elapsed=5001 oled=3C
[   9018] STATUS mode=5 fault=sequence_timeout enc=640 denc=0 sreq=0 sapplied=0 crate=0 uimp=-52815 upos=1970 uneg=3215 ball=-94.57 vball=-14.91 aball=0.0 bref=-50.00 pid=0.0 pref=503.6 ppos=503.6 apid=0.0 integ=0.0 vision=1 current=1 vframe=5358 vs=1 vage=34 vpage=34 vdt=34 vmax=201 vacc=5327 vrej=0 seq=2 elapsed=5001 oled=3C
[   9046] STATUS mode=5 fault=sequence_timeout enc=640 denc=0 sreq=0 sapplied=0 crate=0 uimp=-52815 upos=1970 uneg=3215 ball=-94.82 vball=-9.11 aball=0.0 bref=-50.00 pid=0.0 pref=503.6 ppos=503.6 apid=0.0 integ=0.0 vision=1 current=1 vframe=5360 vs=1 vage=6 vpage=6 vdt=34 vmax=201 vacc=5329 vrej=0 seq=2 elapsed=5001 oled=3C
[   9073] STATUS mode=5 fault=sequence_timeout enc=640 denc=0 sreq=0 sapplied=0 crate=0 uimp=-52815 upos=1970 uneg=3215 ball=-94.82 vball=-9.11 aball=0.0 bref=-50.00 pid=0.0 pref=503.6 ppos=503.6 apid=0.0 integ=0.0 vision=1 current=1 vframe=5360 vs=1 vage=26 vpage=26 vdt=34 vmax=201 vacc=5329 vrej=0 seq=2 elapsed=5001 oled=3C
[   9101] STATUS mode=5 fault=sequence_timeout enc=640 denc=0 sreq=0 sapplied=0 crate=0 uimp=-52815 upos=1970 uneg=3215 ball=-94.61 vball=-4.63 aball=0.0 bref=-50.00 pid=0.0 pref=503.6 ppos=503.6 apid=0.0 integ=0.0 vision=1 current=1 vframe=5361 vs=1 vage=33 vpage=33 vdt=33 vmax=201 vacc=5330 vrej=0 seq=2 elapsed=5001 oled=3C
[   9101] >>> stop
[   9129] STATUS mode=5 fault=sequence_timeout enc=640 denc=0 sreq=0 sapplied=0 crate=0 uimp=-52815 upos=1970 uneg=3215 ball=-94.38 vball=-1.23 aball=0.0 bref=-50.00 pid=0.0 pref=503.6 ppos=503.6 apid=0.0 integ=0.0 vision=1 current=1 vframe=5362 vs=1 vage=20 vpage=20 vdt=33 vmax=201 vacc=5331 vrej=0 seq=2 elapsed=5001 oled=3C
[   9155] STATUS mode=1 fault=none enc=640 denc=0 sreq=0 sapplied=0 crate=0 uimp=-52815 upos=1970 uneg=3215 ball=-94.28 vball=0.03 aball=0.0 bref=-50.00 pid=0.0 pref=503.6 ppos=503.6 apid=0.0 integ=0.0 vision=1 current=1 vframe=5363 vs=1 vage=7 vpage=7 vdt=33 vmax=201 vacc=5332 vrej=0 seq=2 elapsed=5001 oled=3C
[   9182] STATUS mode=1 fault=none enc=640 denc=0 sreq=0 sapplied=0 crate=0 uimp=-52815 upos=1970 uneg=3215 ball=-94.24 vball=0.36 aball=0.0 bref=-50.00 pid=0.0 pref=503.6 ppos=503.6 apid=0.0 integ=0.0 vision=1 current=1 vframe=5364 vs=1 vage=14 vpage=14 vdt=33 vmax=201 vacc=5333 vrej=0 seq=2 elapsed=5001 oled=3C
[   9208] STATUS mode=1 fault=none enc=640 denc=0 sreq=0 sapplied=0 crate=0 uimp=-52815 upos=1970 uneg=3215 ball=-94.23 vball=0.36 aball=0.0 bref=-50.00 pid=0.0 pref=503.6 ppos=503.6 apid=0.0 integ=0.0 vision=1 current=1 vframe=5365 vs=1 vage=1 vpage=1 vdt=33 vmax=201 vacc=5334 vrej=0 seq=2 elapsed=5001 oled=3C
[   9235] STATUS mode=1 fault=none enc=640 denc=0 sreq=0 sapplied=0 crate=0 uimp=-52815 upos=1970 uneg=3215 ball=-94.23 vball=0.36 aball=0.0 bref=-50.00 pid=0.0 pref=503.6 ppos=503.6 apid=0.0 integ=0.0 vision=1 current=1 vframe=5365 vs=1 vage=21 vpage=21 vdt=33 vmax=201 vacc=5334 vrej=0 seq=2 elapsed=5001 oled=3C
[   9261] STATUS mode=1 fault=none enc=640 denc=0 sreq=0 sapplied=0 crate=0 uimp=-52815 upos=1970 uneg=3215 ball=-94.28 vball=-0.17 aball=0.0 bref=-50.00 pid=0.0 pref=503.6 ppos=503.6 apid=0.0 integ=0.0 vision=1 current=1 vframe=5366 vs=1 vage=28 vpage=28 vdt=33 vmax=201 vacc=5335 vrej=0 seq=2 elapsed=5001 oled=3C
[   9288] STATUS mode=1 fault=none enc=640 denc=0 sreq=0 sapplied=0 crate=0 uimp=-52815 upos=1970 uneg=3215 ball=-94.30 vball=-0.27 aball=0.0 bref=-50.00 pid=0.0 pref=503.6 ppos=503.6 apid=0.0 integ=0.0 vision=1 current=1 vframe=5367 vs=1 vage=14 vpage=14 vdt=34 vmax=201 vacc=5336 vrej=0 seq=2 elapsed=5001 oled=3C
[   9315] STATUS mode=1 fault=none enc=640 denc=0 sreq=0 sapplied=0 crate=0 uimp=-52815 upos=1970 uneg=3215 ball=-94.29 vball=-0.11 aball=0.0 bref=-50.00 pid=0.0 pref=503.6 ppos=503.6 apid=0.0 integ=0.0 vision=1 current=1 vframe=5368 vs=1 vage=0 vpage=0 vdt=34 vmax=201 vacc=5337 vrej=0 seq=2 elapsed=5001 oled=3C
[   9341] STATUS mode=1 fault=none enc=640 denc=0 sreq=0 sapplied=0 crate=0 uimp=-52815 upos=1970 uneg=3215 ball=-94.28 vball=0.01 aball=0.0 bref=-50.00 pid=0.0 pref=503.6 ppos=503.6 apid=0.0 integ=0.0 vision=1 current=1 vframe=5369 vs=1 vage=7 vpage=7 vdt=33 vmax=201 vacc=5338 vrej=0 seq=2 elapsed=5001 oled=3C
[   9368] STATUS mode=1 fault=none enc=640 denc=0 sreq=0 sapplied=0 crate=0 uimp=-52815 upos=1970 uneg=3215 ball=-94.28 vball=0.01 aball=0.0 bref=-50.00 pid=0.0 pref=503.6 ppos=503.6 apid=0.0 integ=0.0 vision=1 current=1 vframe=5369 vs=1 vage=27 vpage=27 vdt=33 vmax=201 vacc=5338 vrej=0 seq=2 elapsed=5001 oled=3C
[   9368] >>> stream off
[   9394] STATUS mode=1 fault=none enc=640 denc=0 sreq=0 sapplied=0 crate=0 uimp=-52815 upos=1970 uneg=3215 ball=-94.32 vball=-0.37 aball=0.0 bref=-50.00 pid=0.0 pref=503.6 ppos=503.6 apid=0.0 integ=0.0 vision=1 current=1 vframe=5370 vs=1 vage=14 vpage=14 vdt=33 vmax=201 vacc=5339 vrej=0 seq=2 elapsed=5001 oled=3C
[   9396] OK stream off
[   9542] RESULT sequence_timeout seq=2 elapsed=5001
