[      0] >>> bench on
[      7] OK stepper visual-only bench active; command pose preserved
[    119] >>> stop
[    121] OK stopped
[    243] >>> stream on 20
[    246] OK stream on 20 ms
[    290] STATUS mode=1 fault=none enc=-546 denc=0 sreq=0 sapplied=0 crate=0 uimp=0 upos=0 uneg=0 ball=113.69 vball=0.25 aball=0.0 bref=0.00 pid=0.0 pref=-365.6 ppos=-365.6 apid=0.0 integ=0.0 vision=1 current=1 vframe=4288 vs=1 vage=19 vpage=19 vdt=33 vmax=603 vacc=4267 vrej=0 seq=0 elapsed=0 oled=3C
[    315] STATUS mode=1 fault=none enc=-546 denc=0 sreq=0 sapplied=0 crate=0 uimp=0 upos=0 uneg=0 ball=113.69 vball=0.20 aball=0.0 bref=0.00 pid=0.0 pref=-365.6 ppos=-365.6 apid=0.0 integ=0.0 vision=1 current=1 vframe=4289 vs=1 vage=5 vpage=5 vdt=34 vmax=603 vacc=4268 vrej=0 seq=0 elapsed=0 oled=3C
[    340] STATUS mode=1 fault=none enc=-546 denc=0 sreq=0 sapplied=0 crate=0 uimp=0 upos=0 uneg=0 ball=113.69 vball=0.20 aball=0.0 bref=0.00 pid=0.0 pref=-365.6 ppos=-365.6 apid=0.0 integ=0.0 vision=1 current=1 vframe=4289 vs=1 vage=25 vpage=25 vdt=34 vmax=603 vacc=4268 vrej=0 seq=0 elapsed=0 oled=3C
[    343] STATUS mode=1 fault=none enc=-546
[    366]  denc=0 sreq=0 sapplied=0 crate=0 uimp=0 upos=0 uneg=0 ball=113.69 vball=0.14 aball=0.0 bref=0.00 pid=0.0 pref=-365.6 ppos=-365.6 apid=0.0 integ=0.0 vision=1 current=1 vframe=4290 vs=1 vage=11 vpage=11 vdt=34 vmax=603 vacc=4269 vrej=0 seq=0 elapsed=0 oled=3C
[    391] STATUS mode=1 fault=none enc=-546 denc=0 sreq=0 sapplied=0 crate=0 uimp=0 upos=0 uneg=0 ball=113.69 vball=0.09 aball=0.0 bref=0.00 pid=0.0 pref=-365.6 ppos=-365.6 apid=0.0 integ=0.0 vision=1 current=1 vframe=4291 vs=1 vage=19 vpage=19 vdt=32 vmax=603 vacc=4270 vrej=0 seq=0 elapsed=0 oled=3C
[    417] STATUS mode=1 fault=none enc=-546 denc=0 sreq=0 sapplied=0 crate=0 uimp=0 upos=0 uneg=0 ball=113.69 vball=0.06 aball=0.0 bref=0.00 pid=0.0 pref=-365.6 ppos=-365.6 apid=0.0 integ=0.0 vision=1 current=1 vframe=4292 vs=1 vage=5 vpage=5 vdt=34 vmax=603 vacc=4271 vrej=0 seq=0 elapsed=0 oled=3C
[    442] STATUS mode=1 fault=none enc=-546 denc=0 sreq=0 sapplied=0 crate=0 uimp=0 upos=0 uneg=0 ball=113.69 vball=0.06 aball=0.0 bref=0.00 pid=0.0 pref=-365.6 ppos=-365.6 apid=0.0 integ=0.0 vision=1 current=1 vframe=4292 vs=1 vage=25 vpage=25 vdt=34 vmax=603 vacc=4271 vrej=0 seq=0 elapsed=0 oled=3C
[    468] STATUS mode=1 fault=none enc=-546 denc=0 sreq=0 sapplied=0 crate=0 uimp=0 upos=0 uneg=0 ball=113.68 vball=0.03 aball=0.0 bref=0.00 pid=0.0 pref=-365.6 ppos=-365.6 apid=0.0 integ=0.0 vision=1 current=1 vframe=4293 vs=1 vage=12 vpage=12 vdt=33 vmax=603 vacc=4272 vrej=0 seq=0 elapsed=0 oled=3C
[    493] STATUS mode=1 fault=none enc=-546 denc=0 sreq=0 sapplied=0 crate=0 uimp=0 upos=0 uneg=0 ball=113.69 vball=0.10 aball=0.0 bref=0.00 pid=0.0 pref=-365.6 ppos=-365.6 apid=0.0 integ=0.0 vision=1 current=1 vframe=4294 vs=1 vage=17 vpage=17 vdt=35 vmax=603 vacc=4273 vrej=0 seq=0 elapsed=0 oled=3C
[    518] STATUS mode=1 fault=none enc=-546 denc=0 sreq=0 sapplied=0 crate=0 uimp=0 upos=0 uneg=0 ball=113.69 vball=0.07 aball=0.0 bref=0.00 pid=0.0 pref=-365.6 ppos=-365.6 apid=0.0 integ=0.0 vision=1 current=1 vframe=4295 vs=1 vage=4 vpage=4 vdt=33 vmax=603 vacc=4274 vrej=0 seq=0 elapsed=0 oled=3C
[    544] STATUS mode=1 fault=none enc=-546 denc=0 sreq=0 sapplied=0 crate=0 uimp=0 upos=0 uneg=0 ball=113.69 vball=0.07 aball=0.0 bref=0.00 pid=0.0 pref=-365.6 ppos=-365.6 apid=0.0 integ=0.0 vision=1 current=1 vframe=4295 vs=1 vage=24 vpage=24 vdt=33 vmax=603 vacc=4274 vrej=0 seq=0 elapsed=0 oled=3C
[    569] STATUS mode=1 fault=none enc=-546 denc=0 sreq=0 sapplied=0 crate=0 uimp=0 upos=0 uneg=0 ball=113.69 vball=-0.01 aball=0.0 bref=0.00 pid=0.0 pref=-365.6 ppos=-365.6 apid=0.0 integ=0.0 vision=1 current=1 vframe=4296 vs=1 vage=11 vpage=11 vdt=33 vmax=603 vacc=4275 vrej=0 seq=0 elapsed=0 oled=3C
[    595] STATUS mode=1 fault=none enc=-546 denc=0 sreq=0 sapplied=0 crate=0 uimp=0 upos=0 uneg=0 ball=113.69 vball=0.06 aball=0.0 bref=0.00 pid=0.0 pref=-365.6 ppos=-365.6 apid=0.0 integ=0.0 vision=1 current=1 vframe=4297 vs=1 vage=18 vpage=18 vdt=33 vmax=603 vacc=4276 vrej=0 seq=0 elapsed=0 oled=3C
[    620] STATUS mode=1 fault=none enc=-546 denc=0 sreq=0 sapplied=0 crate=0 uimp=0 upos=0 uneg=0 ball=113.70 vball=0.06 aball=0.0 bref=0.00 pid=0.0 pref=-365.6 ppos=-365.6 apid=0.0 integ=0.0 vision=1 current=1 vframe=4298 vs=1 vage=5 vpage=5 vdt=33 vmax=603 vacc=4277 vrej=0 seq=0 elapsed=0 oled=3C
[    645] STATUS mode=1 fault=none enc=-546 denc=0 sreq=0 sapplied=0 crate=0 uimp=0 upos=0 uneg=0 ball=113.70 vball=0.06 aball=0.0 bref=0.00 pid=0.0 pref=-365.6 ppos=-365.6 apid=0.0 integ=0.0 vision=1 current=1 vframe=4298 vs=1 vage=25 vpage=25 vdt=33 vmax=603 vacc=4277 vrej=0 seq=0 elapsed=0 oled=3C
[    671] STATUS mode=1 fault=none enc=-546 denc=0 sreq=0 sapplied=0 crate=0 uimp=0 upos=0 uneg=0 ball=113.67 vball=-0.22 aball=0.0 bref=0.00 pid=0.0 pref=-365.6 ppos=-365.6 apid=0.0 integ=0.0 vision=1 current=1 vframe=4299 vs=1 vage=32 vpage=32 vdt=33 vmax=603 vacc=4278 vrej=0 seq=0 elapsed=0 oled=3C
[    696] STATUS mode=1 fault=none enc=-546 denc=0 sreq=0 sapplied=0 crate=0 uimp=0 upos=0 uneg=0 ball=113.65 vball=-0.36 aball=0.0 bref=0.00 pid=0.0 pref=-365.6 ppos=-365.6 apid=0.0 integ=0.0 vision=1 current=1 vframe=4300 vs=1 vage=19 vpage=19 vdt=33 vmax=603 vacc=4279 vrej=0 seq=0 elapsed=0 oled=3C
[    722] STATUS mode=1 fault=none enc=-546 denc=0 sreq=0 sapplied=0 crate=0 uimp=0 upos=0 uneg=0 ball=113.64 vball=-0.31 aball=0.0 bref=0.00 pid=0.0 pref=-365.6 ppos=-365.6 apid=0.0 integ=0.0 vision=1 current=1 vframe=4301 vs=1 vage=5 vpage=5 vdt=34 vmax=603 vacc=4280 vrej=0 seq=0 elapsed=0 oled=3C
[    747] STATUS mode=1 fault=none enc=-546 denc=0 sreq=0 sapplied=0 crate=0 uimp=0 upos=0 uneg=0 ball=113.64 vball=-0.31 aball=0.0 bref=0.00 pid=0.0 pref=-365.6 ppos=-365.6 apid=0.0 integ=0.0 vision=1 current=1 vframe=4301 vs=1 vage=25 vpage=25 vdt=34 vmax=603 vacc=4280 vrej=0 seq=0 elapsed=0 oled=3C
[    773] STATUS mode=1 fault=none enc=-546 denc=0 sreq=0 sapplied=0 crate=0 uimp=0 upos=0 uneg=0 ball=113.64 vball=-0.23 aball=0.0 bref=0.00 pid=0.0 pref=-365.6 ppos=-365.6 apid=0.0 integ=0.0 vision=1 current=1 vframe=4302 vs=1 vage=31 vpage=31 vdt=34 vmax=603 vacc=4281 vrej=0 seq=0 elapsed=0 oled=3C
[    798] STATUS mode=1 fault=none enc=-546 denc=0 sreq=0 sapplied=0 crate=0 uimp=0 upos=0 uneg=0 ball=113.64 vball=-0.15 aball=0.0 bref=0.00 pid=0.0 pref=-365.6 ppos=-365.6 apid=0.0 integ=0.0 vision=1 current=1 vframe=4303 vs=1 vage=18 vpage=18 vdt=33 vmax=603 vacc=4282 vrej=0 seq=0 elapsed=0 oled=3C
[    824] STATUS mode=1 fault=none enc=-546 denc=0 sreq=0 sapplied=0 crate=0 uimp=0 upos=0 uneg=0 ball=113.64 vball=-0.10 aball=0.0 bref=0.00 pid=0.0 pref=-365.6 ppos=-365.6 apid=0.0 integ=0.0 vision=1 current=1 vframe=4304 vs=1 vage=5 vpage=5 vdt=33 vmax=603 vacc=4283 vrej=0 seq=0 elapsed=0 oled=3C
[    843] STATUS mode=1 fault=none enc=-546 denc=0 sreq=0 sapplied=0 crate=0 uimp=0 upos=0 uneg=0 ball=113.64 vball=-0.10 aball=0.0 bref=0.00 pid=0.0 pref=-365.6 ppos=-365.6 apid=0.0 integ=0.0 vision=1 current=1 vframe=4304 vs=1 vage=2
[    844] >>> stream off
[    849] 5 vpage=25 vdt=33 vmax=603 vacc=4283 vrej=0 seq=0 elapsed=0 oled=3C
[    851] OK stream off
