[      0] >>> bench on
[     16] OK stepper visual-only bench active; command pose preserved
[    125] >>> clear
[    125] OK fault cleared
[    250] >>> diag reset
[    250] OK actuator diagnostics reset
[    375] >>> gain ball 3.0 0.5 5.0 -1
[    391] OK ball gains kp=3.000 ki=0.500 kd=5.000 sign=-1
[    500] >>> gain accel 0
[    500] OK ball acceleration gain ka=0.000
[    625] >>> limit rate 800
[    641] OK ball rate limit=800 steps/s
[    750] >>> stream on 20
[    750] OK stream on 20 ms
[    796] STATUS mode=1 fault=none enc=361 denc=0 sreq=0 sapplied=0 crate=0 uimp=0 upos=0 uneg=0 ball=12.23 vball=0.23 aball=0.0 bref=0.00 pid=0.0 pref=296.0 ppos=296.0 apid=0.0 integ=0.0 vision=1 current=1 vframe=4968 vs=1 vage=22 vpage=22 vdt=34 vmax=568 vacc=4938 vrej=0 seq=0 elapsed=0 oled=3C
[    827] STATUS mode=1 fault=none enc=361 denc=0 sreq=0 sapplied=0 crate=0 uimp=0 upos=0 uneg=0 ball=12.22 vball=0.04 aball=0.0 bref=0.00 pid=0.0 pref=296.0 ppos=296.0 apid=0.0 integ=0.0 vision=1 current=1 vframe=4969 vs=1 vage=9 vpage=9 vdt=33 vmax=568 vacc=4939 vrej=0 seq=0 elapsed=0 oled=3C
[    843] STATUS mode=1 fault=none enc=361 denc=0 sreq=0 sapplied=0 crate=0 uimp=0 upos=0 uneg=0 ball=12.22 vball=0.04 aball=0.0 bref=0.00 pid=0.0 pref=296.0 ppos=296.0 apid=0.0 integ=0.0 vision=1 current=1 vframe=4969 vs=1 vage=29 vpage=29 vdt=33 vmax=568 vacc=4939 vrej=0 seq=0 elapsed=0 oled=3C
[    875] STATUS mode=1 fault=none enc=361 denc=0 sreq=0 sapplied=0 crate=0 uimp=0 upos=0 uneg=0 ball=12.21 vball=-0.07 aball=0.0 bref=0.00 pid=0.0 pref=296.0 ppos=296.0 apid=0.0 integ=0.0 vision=1 current=1 vframe=4970 vs=1 vage=16 vpage=16 vdt=33 vmax=568 vacc=4940 vrej=0 seq=0 elapsed=0 oled=3C
[    875] >>> ball 0
[    905] STATUS mode=1 fault=none enc=361 denc=0 sreq=0 sapplied=0 crate=0 uimp=0 upos=0 uneg=0 ball=12.36 vball=1.48 aball=0.0 bref=0.00 pid=0.0 pref=296.0 ppos=296.0 apid=0.0 integ=0.0 vision=1 current=1 vframe=4971 vs=1 vage=22 vpage=22 vdt=34 vmax=568 vacc=4941 vrej=0 seq=0 elapsed=0 oled=3C
[    921] STATUS mode=3 fault=none enc=374 denc=5 sreq=400 sapplied=400 crate=400 uimp=3000 upos=15 uneg=0 ball=12.50 vball=2.25 aball=0.0 bref=0.00 pid=457.5 pref=344.7 ppos=299.0 apid=0.0 integ=-0.0 vision=1 current=1 vframe=4972 vs=1 vage=9 vpage=9 vdt=33 vmax=568 vacc=4942 vrej=0 seq=0 elapsed=0 oled=3C
[    952] STATUS mode=3 fault=none enc=384 denc=3 sreq=375 sapplied=375 crate=375 uimp=11245 upos=35 uneg=0 ball=12.50 vball=2.25 aball=0.0 bref=0.00 pid=375.1 pref=344.7 ppos=307.2 apid=0.0 integ=-0.0 vision=1 current=1 vframe=4972 vs=1 vage=29 vpage=29 vdt=33 vmax=568 vacc=4942 vrej=0 seq=0 elapsed=0 oled=3C
[    984] STATUS mode=3 fault=none enc=392 denc=2 sreq=292 sapplied=292 crate=292 uimp=18050 upos=55 uneg=0 ball=12.54 vball=1.92 aball=0.0 bref=0.00 pid=291.7 pref=343.2 ppos=314.0 apid=0.0 integ=-0.0 vision=1 current=1 vframe=4973 vs=1 vage=16 vpage=16 vdt=33 vmax=568 vacc=4943 vrej=0 seq=0 elapsed=0 oled=3C
[   1000] STATUS mode=3 fault=none enc=401 denc=-1 sreq=68 sapplied=68 crate=68 uimp=26075 upos=95 uneg=0 ball=12.29 vball=-0.80 aball=-10.1 bref=0.00 pid=68.0 pref=328.9 ppos=322.1 apid=-0.0 integ=-0.0 vision=1 current=1 vframe=4974 vs=1 vage=20 vpage=20 vdt=36 vmax=568 vacc=4944 vrej=0 seq=0 elapsed=0 oled=3C
[   1030] STATUS mode=3 fault=none enc=403 denc=0 sreq=25 sapplied=25 crate=25 uimp=27335 upos=115 uneg=0 ball=12.19 vball=-1.35 aball=-10.1 bref=0.00 pid=24.9 pref=325.8 ppos=323.3 apid=-0.0 integ=-0.0 vision=1 current=1 vframe=4975 vs=1 vage=8 vpage=8 vdt=32 vmax=568 vacc=4945 vrej=0 seq=0 elapsed=0 oled=3C
[   1062] STATUS mode=3 fault=none enc=402 denc=0 sreq=20 sapplied=20 crate=20 uimp=27795 upos=135 uneg=0 ball=12.19 vball=-1.35 aball=-10.1 bref=0.00 pid=20.3 pref=325.8 ppos=323.8 apid=-0.0 integ=-0.0 vision=1 current=1 vframe=4975 vs=1 vage=28 vpage=28 vdt=32 vmax=568 vacc=4945 vrej=0 seq=0 elapsed=0 oled=3C
[   1077] STATUS mode=3 fault=none enc=403 denc=0 sreq=0 sapplied=0 crate=17 uimp=27895 upos=140 uneg=0 ball=12.04 vball=-2.26 aball=-10.1 bref=0.00 pid=17.1 pref=325.6 ppos=323.9 apid=-0.0 integ=-0.0 vision=1 current=1 vframe=4977 vs=1 vage=3 vpage=3 vdt=34 vmax=568 vacc=4947 vrej=0 seq=0 elapsed=0 oled=3C
[   1109] STATUS mode=3 fault=none enc=403 denc=0 sreq=-28 sapplied=-28 crate=-28 uimp=27595 upos=140 uneg=10 ball=12.04 vball=-2.26 aball=-12.3 bref=0.00 pid=-27.7 pref=320.8 ppos=323.6 apid=-0.0 integ=-0.0 vision=1 current=1 vframe=4977 vs=1 vage=23 vpage=23 vdt=34 vmax=568 vacc=4947 vrej=0 seq=0 elapsed=0 oled=3C
[   1141] STATUS mode=3 fault=none enc=402 denc=-2 sreq=-93 sapplied=-93 crate=-93 uimp=26715 upos=140 uneg=30 ball=11.80 vball=-3.63 aball=-12.3 bref=0.00 pid=-92.6 pref=313.4 ppos=322.7 apid=-0.0 integ=0.2 vision=1 current=1 vframe=4978 vs=1 vage=9 vpage=9 vdt=34 vmax=568 vacc=4948 vrej=0 seq=0 elapsed=0 oled=3C
[   1171] STATUS mode=3 fault=none enc=400 denc=0 sreq=-94 sapplied=-94 crate=-94 uimp=23245 upos=140 uneg=70 ball=11.61 vball=-4.23 aball=-12.3 bref=0.00 pid=-93.6 pref=309.9 ppos=319.2 apid=-0.0 integ=0.2 vision=1 current=1 vframe=4979 vs=1 vage=16 vpage=16 vdt=33 vmax=568 vacc=4949 vrej=0 seq=0 elapsed=0 oled=3C
[   1187] STATUS mode=3 fault=none enc=398 denc=0 sreq=-76 sapplied=-76 crate=-76 uimp=21510 upos=140 uneg=90 ball=11.02 vball=-7.79 aball=-12.3 bref=0.00 pid=-76.3 pref=309.9 ppos=317.5 apid=-0.0 integ=0.2 vision=1 current=1 vframe=4980 vs=1 vage=1 vpage=1 vdt=35 vmax=568 vacc=4950 vrej=0 seq=0 elapsed=0 oled=3C
[   1187] >>> gain ball 1.2 2.0 2.0 -1
[   1218] STATUS mode=3 fault=none enc=396 denc=-1 sreq=-234 sapplied=-234 crate=-234 uimp=17725 upos=140 uneg=110 ball=11.02 vball=-7.79 aball=-31.2 bref=0.00 pid=-234.1 pref=290.3 ppos=313.7 apid=-0.0 integ=0.2 vision=1 current=1 vframe=4980 vs=1 vage=21 vpage=21 vdt=35 vmax=568 vacc=4950 vrej=0 seq=0 elapsed=0 oled=3C
[   1250] STATUS mode=3 fault=none enc=389 denc=0 sreq=0 sapplied=0 crate=0 uimp=12880 upos=140 uneg=135 ball=10.81 vball=-7.31 aball=0.0 bref=0.00 pid=0.0 pref=309.4 ppos=308.9 apid=0.0 integ=0.0 vision=1 current=1 vframe=4981 vs=1 vage=28 vpage=28 vdt=33 vmax=568 vacc=4951 vrej=0 seq=0 elapsed=0 oled=3C
[   1266] STATUS mode=3 fault=none enc=389 denc=0 sreq=51 sapplied=51 crate=51 uimp=13150 upos=145 uneg=135 ball=10.72 vball=-6.04 aball=0.0 bref=0.00 pid=51.4 pref=314.3 ppos=309.1 apid=0.0 integ=-0.0 vision=1 current=1 vframe=4982 vs=1 vage=16 vpage=16 vdt=32 vmax=568 vacc=4952 vrej=0 seq=0 elapsed=0 oled=3C
[   1296] STATUS mode=3 fault=none enc=390 denc=1 sreq=42 sapplied=42 crate=42 uimp=14100 upos=165 uneg=135 ball=9.96 vball=-11.02 aball=0.0 bref=0.00 pid=41.9 pref=314.3 ppos=310.1 apid=0.0 integ=-0.0 vision=1 current=1 vframe=4983 vs=1 vage=2 vpage=2 vdt=34 vmax=568 vacc=4953 vrej=0 seq=0 elapsed=0 oled=3C
[   1296] >>> limit rate 400
[   1327] STATUS mode=3 fault=none enc=389 denc=0 sreq=-118 sapplied=-118 crate=-118 uimp=12135 upos=170 uneg=165 ball=9.23 vball=-14.11 aball=0.0 bref=0.00 pid=-117.7 pref=296.4 ppos=308.1 apid=0.0 integ=-0.0 vision=1 current=1 vframe=4984 vs=1 vage=9 vpage=9 vdt=33 vmax=568 vacc=4954 vrej=0 seq=0 elapsed=0 oled=3C
[   1343] STATUS mode=3 fault=none enc=386 denc=-1 sreq=-96 sapplied=-96 crate=-96 uimp=9950 upos=170 uneg=185 ball=9.23 vball=-14.11 aball=0.0 bref=0.00 pid=-95.9 pref=296.4 ppos=305.9 apid=0.0 integ=-0.0 vision=1 current=1 vframe=4984 vs=1 vage=29 vpage=29 vdt=33 vmax=568 vacc=4954 vrej=0 seq=0 elapsed=0 oled=3C
[   1375] STATUS mode=3 fault=none enc=384 denc=-1 sreq=-67 sapplied=-67 crate=-67 uimp=8285 upos=170 uneg=205 ball=8.85 vball=-13.29 aball=-32.6 bref=0.00 pid=-67.4 pref=297.5 ppos=304.3 apid=-0.0 integ=-0.0 vision=1 current=1 vframe=4985 vs=1 vage=16 vpage=16 vdt=33 vmax=568 vacc=4955 vrej=0 seq=0 elapsed=0 oled=3C
[   1405] STATUS mode=3 fault=none enc=382 denc=0 sreq=-60 sapplied=-60 crate=-60 uimp=5765 upos=170 uneg=245 ball=8.37 vball=-13.87 aball=-32.6 bref=0.00 pid=-59.6 pref=295.8 ppos=301.8 apid=-0.0 integ=-0.0 vision=1 current=1 vframe=4986 vs=1 vage=22 vpage=22 vdt=34 vmax=568 vacc=4956 vrej=0 seq=0 elapsed=0 oled=3C
[   1405] >>> ball sequence
[   1405] PHASE sequence
[   1437] STATUS mode=3 fault=none enc=379 denc=-1 sreq=-124 sapplied=-124 crate=-124 uimp=4255 upos=170 uneg=265 ball=7.55 vball=-17.36 aball=-32.6 bref=0.00 pid=-124.1 pref=287.8 ppos=300.2 apid=-0.0 integ=-0.0 vision=1 current=1 vframe=4987 vs=1 vage=9 vpage=9 vdt=33 vmax=568 vacc=4957 vrej=0 seq=0 elapsed=0 oled=3C
[   1452] STATUS mode=4 fault=none enc=378 denc=0 sreq=0 sapplied=0 crate=0 uimp=3045 upos=170 uneg=275 ball=7.55 vball=-17.36 aball=0.0 bref=50.00 pid=0.0 pref=299.0 ppos=299.0 apid=0.0 integ=0.0 vision=1 current=1 vframe=4987 vs=1 vage=29 vpage=29 vdt=33 vmax=568 vacc=4957 vrej=0 seq=1 elapsed=10 oled=3C
[   1484] STATUS mode=4 fault=none enc=368 denc=-2 sreq=-400 sapplied=-400 crate=-400 uimp=-5955 upos=170 uneg=305 ball=5.93 vball=-21.46 aball=0.0 bref=50.00 pid=-400.0 pref=127.2 ppos=290.0 apid=0.0 integ=-0.0 vision=1 current=1 vframe=4989 vs=1 vage=2 vpage=2 vdt=33 vmax=568 vacc=4959 vrej=0 seq=1 elapsed=50 oled=3C
[   1516] STATUS mode=4 fault=none enc=357 denc=-2 sreq=-400 sapplied=-400 crate=-400 uimp=-13955 upos=170 uneg=325 ball=5.93 vball=-21.46 aball=0.0 bref=50.00 pid=-400.0 pref=119.2 ppos=282.0 apid=0.0 integ=-0.0 vision=1 current=1 vframe=4989 vs=1 vage=22 vpage=22 vdt=33 vmax=568 vacc=4959 vrej=0 seq=1 elapsed=70 oled=3C
[   1546] STATUS mode=4 fault=none enc=346 denc=-2 sreq=-400 sapplied=-400 crate=-400 uimp=-21955 upos=170 uneg=345 ball=5.32 vball=-20.43 aball=0.0 bref=50.00 pid=-400.0 pref=120.6 ppos=274.0 apid=0.0 integ=-0.0 vision=1 current=1 vframe=4990 vs=1 vage=9 vpage=9 vdt=33 vmax=568 vacc=4960 vrej=0 seq=1 elapsed=90 oled=3C
[   1562] STATUS mode=4 fault=none enc=326 denc=-2 sreq=-400 sapplied=-400 crate=-400 uimp=-37955 upos=170 uneg=385 ball=4.99 vball=-17.34 aball=3.2 bref=50.00 pid=-400.0 pref=126.3 ppos=258.0 apid=0.0 integ=-0.0 vision=1 current=1 vframe=4991 vs=1 vage=15 vpage=15 vdt=34 vmax=568 vacc=4961 vrej=0 seq=1 elapsed=130 oled=3C
[   1593] STATUS mode=4 fault=none enc=316 denc=-2 sreq=-400 sapplied=-400 crate=-400 uimp=-45955 upos=170 uneg=405 ball=4.64 vball=-15.21 aball=3.2 bref=50.00 pid=-400.0 pref=126.3 ppos=250.0 apid=0.0 integ=-0.0 vision=1 current=1 vframe=4992 vs=1 vage=1 vpage=1 vdt=34 vmax=568 vacc=4962 vrej=0 seq=1 elapsed=150 oled=3C
[   1625] STATUS mode=4 fault=none enc=305 denc=-2 sreq=-400 sapplied=-400 crate=-400 uimp=-53955 upos=170 uneg=425 ball=4.64 vball=-15.21 aball=3.2 bref=50.00 pid=-400.0 pref=130.2 ppos=242.0 apid=0.0 integ=-0.0 vision=1 current=1 vframe=4992 vs=1 vage=21 vpage=21 vdt=34 vmax=568 vacc=4962 vrej=0 seq=1 elapsed=170 oled=3C
[   1655] STATUS mode=4 fault=none enc=285 denc=-2 sreq=-400 sapplied=-400 crate=-400 uimp=-69955 upos=170 uneg=465 ball=4.07 vball=-16.18 aball=3.2 bref=50.00 pid=-400.0 pref=127.6 ppos=226.0 apid=0.0 integ=-0.0 vision=1 current=1 vframe=4993 vs=1 vage=29 vpage=29 vdt=32 vmax=568 vacc=4963 vrej=0 seq=1 elapsed=210 oled=3C
[   1671] STATUS mode=4 fault=none enc=275 denc=-2 sreq=-400 sapplied=-400 crate=-400 uimp=-77955 upos=170 uneg=485 ball=3.61 vball=-15.36 aball=10.7 bref=50.00 pid=-400.0 pref=128.6 ppos=218.0 apid=0.0 integ=-0.0 vision=1 current=1 vframe=4994 vs=1 vage=15 vpage=15 vdt=34 vmax=568 vacc=4964 vrej=0 seq=1 elapsed=230 oled=3C
[   1702] STATUS mode=4 fault=none enc=254 denc=-2 sreq=-400 sapplied=-400 crate=-400 uimp=-93955 upos=170 uneg=525 ball=3.53 vball=-11.47 aball=10.7 bref=50.00 pid=-400.0 pref=136.3 ppos=202.0 apid=0.0 integ=-0.0 vision=1 current=1 vframe=4995 vs=1 vage=23 vpage=23 vdt=32 vmax=568 vacc=4965 vrej=0 seq=1 elapsed=270 oled=3C
[   1734] STATUS mode=4 fault=none enc=244 denc=-2 sreq=-400 sapplied=-400 crate=-400 uimp=-101955 upos=170 uneg=545 ball=3.24 vball=-10.95 aball=10.7 bref=50.00 pid=-400.0 pref=137.0 ppos=194.0 apid=0.0 integ=-0.0 vision=1 current=1 vframe=4996 vs=1 vage=9 vpage=9 vdt=34 vmax=568 vacc=4966 vrej=0 seq=1 elapsed=290 oled=3C
[   1766] STATUS mode=4 fault=none enc=234 denc=-2 sreq=-400 sapplied=-400 crate=-400 uimp=-109955 upos=170 uneg=565 ball=3.24 vball=-10.95 aball=10.7 bref=50.00 pid=-400.0 pref=137.0 ppos=186.0 apid=0.0 integ=-0.0 vision=1 current=1 vframe=4996 vs=1 vage=29 vpage=29 vdt=34 vmax=568 vacc=4966 vrej=0 seq=1 elapsed=310 oled=3C
[   1780] STATUS mode=4 fault=none enc=214 denc=-3 sreq=-317 sapplied=-317 crate=-317 uimp=-125175 upos=170 uneg=605 ball=2.92 vball=-7.62 aball=31.3 bref=50.00 pid=-317.2 pref=139.1 ppos=170.8 apid=0.0 integ=-0.0 vision=1 current=1 vframe=4998 vs=1 vage=2 vpage=2 vdt=34 vmax=568 vacc=4968 vrej=0 seq=1 elapsed=350 oled=3C
[   1812] STATUS mode=4 fault=none enc=208 denc=-2 sreq=-222 sapplied=-222 crate=-222 uimp=-130455 upos=170 uneg=625 ball=2.92 vball=-7.62 aball=31.3 bref=50.00 pid=-222.4 pref=143.3 ppos=165.5 apid=0.0 integ=-0.0 vision=1 current=1 vframe=4998 vs=1 vage=22 vpage=22 vdt=34 vmax=568 vacc=4968 vrej=0 seq=1 elapsed=370 oled=3C
[   1843] STATUS mode=4 fault=none enc=203 denc=-1 sreq=-142 sapplied=-142 crate=-142 uimp=-134370 upos=170 uneg=645 ball=2.90 vball=-5.53 aball=31.3 bref=50.00 pid=-141.6 pref=147.5 ppos=161.6 apid=0.0 integ=-0.0 vision=1 current=1 vframe=4999 vs=1 vage=11 vpage=11 vdt=31 vmax=568 vacc=4969 vrej=0 seq=1 elapsed=390 oled=3C
[   1875] STATUS mode=4 fault=none enc=199 denc=1 sreq=-76 sapplied=-76 crate=-76 uimp=-138945 upos=170 uneg=685 ball=2.84 vball=-4.48 aball=41.2 bref=50.00 pid=-75.6 pref=149.5 ppos=157.0 apid=0.0 integ=-0.0 vision=1 current=1 vframe=5000 vs=1 vage=17 vpage=17 vdt=34 vmax=568 vacc=4970 vrej=0 seq=1 elapsed=430 oled=3C
[   1891] STATUS mode=4 fault=none enc=196 denc=-1 sreq=-38 sapplied=-38 crate=-38 uimp=-140350 upos=170 uneg=705 ball=2.82 vball=-3.28 aball=41.2 bref=50.00 pid=-37.8 pref=151.9 ppos=155.6 apid=0.0 integ=-0.0 vision=1 current=1 vframe=5001 vs=1 vage=5 vpage=5 vdt=32 vmax=568 vacc=4971 vrej=0 seq=1 elapsed=450 oled=3C
[   1921] STATUS mode=4 fault=none enc=195 denc=0 sreq=77 sapplied=77 crate=77 uimp=-141490 upos=170 uneg=740 ball=3.22 vball=1.65 aball=41.2 bref=ref=50.00 pid=-30.8 pref=151.9 ppos=154.9 apid=0.0 integ=-0.0 vision=1 current=1 vframe=5001 vs=1 vage=25 vpage=25 vdt=32 vmax=568 vacc=4971 vrej=0 seq=1 elapsed=470 oled=3C
[   1952] STATUS mode=4 fault=none enc=195 denc=0 sreq=63 sapplied=63 crate=63 uimp=-140065 upos=190 uneg=740 ball=3.22 vball=1.65 aball=41.2 bref=50.00 pid=62.7 pref=162.2 ppos=155.9 apid=0.0 integ=-0.0 vision=1 current=1 vframe=5002 vs=1 vage=31 vpage=31 vdt=34 vmax=568 vacc=4972 vrej=0 seq=1 elapsed=510 oled=3C
[   1968] STATUS mode=4 fault=none enc=198 denc=0 sreq=128 sapplied=128 crate=128 uimp=-138075 upos=210 uneg=740 ball=3.73 vball=5.58 aball=67.5 bref=50.00 pid=127.6 pref=170.7 ppos=157.9 apid=0.0 integ=-0.0 vision=1 current=1 vframe=5003 vs=1 vage=16 vpage=16 vdt=35 vmax=568 vacc=4973 vrej=0 seq=1 elapsed=530 oled=3C
[   2000] STATUS mode=4 fault=none enc=205 denc=1 sreq=152 sapplied=152 crate=152 uimp=-132655 upos=250 uneg=740 ball=4.31 vball=9.18 aball=67.5 bref=50.00 pid=152.3 pref=178.6 ppos=163.3 apid=0.0 integ=-0.0 vision=1 current=1 vframe=5004 vs=1 vage=23 vpage=23 vdt=33 vmax=568 vacc=4974 vrej=0 seq=1 elapsed=570 oled=3C
[   2030] STATUS mode=4 fault=none enc=209 denc=2 sreq=235 sapplied=235 crate=235 uimp=-129300 upos=270 uneg=740 ball=5.22 vball=14.43 aball=67.5 bref=50.00 pid=234.7 pref=190.2 ppos=166.7 apid=0.0 integ=-0.0 vision=1 current=1 vframe=5005 vs=1 vage=10 vpage=10 vdt=33 vmax=568 vacc=4975 vrej=0 seq=1 elapsed=590 oled=3C
[   2062] STATUS mode=4 fault=none enc=214 denc=1 sreq=191 sapplied=191 crate=191 uimp=-124945 upos=290 uneg=740 ball=5.22 vball=14.43 aball=67.5 bref=50.00 pid=191.1 pref=190.2 ppos=171.0 apid=0.0 integ=-0.0 vision=1 current=1 vframe=5005 vs=1 vage=30 vpage=30 vdt=33 vmax=568 vacc=4975 vrej=0 seq=1 elapsed=610 oled=3C
[   2077] STATUS mode=4 fault=none enc=223 denc=1 sreq=153 sapplied=153 crate=153 uimp=-117575 upos=330 uneg=740 ball=6.71 vball=18.82 aball=83.6 bref=50.00 pid=152.8 pref=193.7 ppos=178.4 apid=0.0 integ=-0.0 vision=1 current=1 vframe=5007 vs=1 vage=3 vpage=3 vdt=34 vmax=568 vacc=4977 vrej=0 seq=1 elapsed=650 oled=3C
[   2109] STATUS mode=4 fault=none enc=227 denc=0 sreq=185 sapplied=185 crate=185 uimp=-113740 upos=350 uneg=740 ball=6.71 vball=18.82 aball=83.6 bref=50.00 pid=184.8 pref=200.7 ppos=182.2 apid=0.0 integ=-0.0 vision=1 current=1 vframe=5007 vs=1 vage=23 vpage=23 vdt=34 vmax=568 vacc=4977 vrej=0 seq=1 elapsed=670 oled=3C
[   2141] STATUS mode=4 fault=none enc=233 denc=2 sreq=230 sapplied=230 crate=230 uimp=-109885 upos=370 uneg=740 ball=7.73 vball=22.42 aball=83.6 bref=50.00 pid=230.5 pref=209.2 ppos=186.1 apid=0.0 integ=-0.0 vision=1 current=1 vframe=5008 vs=1 vage=10 vpage=10 vdt=33 vmax=568 vacc=4978 vrej=0 seq=1 elapsed=690 oled=3C
[   2171] STATUS mode=4 fault=none enc=244 denc=1 sreq=220 sapplied=220 crate=220 uimp=-101405 upos=410 uneg=740 ball=8.82 vball=25.48 aball=89.5 bref=50.00 pid=219.9 pref=216.6 ppos=194.6 apid=0.0 integ=-0.0 vision=1 current=1 vframe=5009 vs=1 vage=17 vpage=17 vdt=33 vmax=568 vacc=4979 vrej=0 seq=1 elapsed=730 oled=3C
[   2187] STATUS mode=4 fault=none enc=248 denc=1 sreq=217 sapplied=217 crate=217 uimp=-97325 upos=430 uneg=740 ball=9.79 vball=26.77 aball=89.5 bref=50.00 pid=216.6 pref=220.3 ppos=198.7 apid=0.0 integ=-0.0 vision=1 current=1 vframe=5010 vs=1 vage=4 vpage=4 vdt=33 vmax=568 vacc=4980 vrej=0 seq=1 elapsed=750 oled=3C
[   2218] STATUS mode=4 fault=none enc=254 denc=2 sreq=176 sapplied=176 crate=176 uimp=-93305 upos=450 uneg=740 ball=9.79 vball=26.77 aball=89.5 bref=50.00 pid=176.4 pref=220.3 ppos=202.7 apid=0.0 integ=-0.0 vision=1 current=1 vframe=5010 vs=1 vage=24 vpage=24 vdt=33 vmax=568 vacc=4980 vrej=0 seq=1 elapsed=770 oled=3C
[   2250] STATUS mode=4 fault=none enc=263 denc=0 sreq=172 sapplied=172 crate=172 uimp=-85770 upos=490 uneg=740 ball=11.00 vball=29.57 aball=89.5 bref=50.00 pid=171.5 pref=227.4 ppos=210.2 apid=0.0 integ=-0.0 vision=1 current=1 vframe=5011 vs=1 vage=30 vpage=30 vdt=34 vmax=568 vacc=4981 vrej=0 seq=1 elapsed=810 oled=3C
[   2280] STATUS mode=4 fault=none enc=268 denc=2 sreq=194 sapplied=194 crate=194 uimp=-82000 upos=510 uneg=740 ball=12.26 vball=31.82 aball=77.8 bref=50.00 pid=194.0 pref=233.4 ppos=214.0 apid=0.0 integ=-0.0 vision=1 current=1 vframe=5012 vs=1 vage=17 vpage=17 vdt=33 vmax=568 vacc=4982 vrej=0 seq=1 elapsed=830 oled=3C
[   2296] STATUS mode=4 fault=none enc=273 denc=1 sreq=227 sapplied=227 crate=227 uimp=-78405 upos=530 uneg=740 ball=13.57 vball=34.47 aball=77.8 bref=50.00 pid=226.7 pref=240.3 ppos=217.6 apid=0.0 integ=-0.0 vision=1 current=1 vframe=5013 vs=1 vage=4 vpage=4 vdt=33 vmax=568 vacc=4983 vrej=0 seq=1 elapsed=850 oled=3C
[   2327] STATUS mode=4 fault=none enc=284 denc=2 sreq=181 sapplied=181 crate=181 uimp=-70610 upos=570 uneg=740 ball=14.80 vball=35.36 aball=77.8 bref=50.00 pid=181.3 pref=243.5 ppos=225.4 apid=0.0 integ=-0.0 vision=1 current=1 vframe=5014 vs=1 vage=9 vpage=9 vdt=35 vmax=568 vacc=4984 vrej=0 seq=1 elapsed=890 oled=3C
[   2359] STATUS mode=4 fault=none enc=287 denc=1 sreq=148 sapplied=148 crate=148 uimp=-67250 upos=590 uneg=740 ball=14.80 vball=35.36 aball=77.8 bref=50.00 pid=147.7 pref=243.5 ppos=228.7 apid=0.0 integ=-0.0 vision=1 current=1 vframe=5014 vs=1 vage=29 vpage=29 vdt=35 vmax=568 vacc=4984 vrej=0 seq=1 elapsed=910 oled=3C
[   2375] STATUS mode=4 fault=none enc=291 denc=1 sreq=143 sapplied=143 crate=143 uimp=-64260 upos=610 uneg=740 ball=16.06 vball=35.87 aball=61.0 bref=50.00 pid=143.2 pref=246.0 ppos=231.7 apid=0.0 integ=-0.0 vision=1 current=1 vframe=5015 vs=1 vage=17 vpage=17 vdt=32 vmax=568 vacc=4985 vrej=0 seq=1 elapsed=930 oled=3C
[   2405] STATUS mode=4 fault=none enc=299 denc=2 sreq=136 sapplied=136 crate=136 uimp=-58505 upos=650 uneg=740 ball=17.43 vball=37.56 aball=61.0 bref=50.00 pid=135.9 pref=251.1 ppos=237.5 apid=0.0 integ=-0.0 vision=1 current=1 vframe=5016 vs=1 vage=24 vpage=24 vdt=33 vmax=568 vacc=4986 vrej=0 seq=1 elapsed=970 oled=3C
[   2437] STATUS mode=4 fault=none enc=301 denc=0 sreq=65 sapplied=65 crate=65 uimp=-56220 upos=670 uneg=740 ball=18.34 vball=34.63 aball=61.0 bref=50.00 pid=65.3 pref=246.3 ppos=239.8 apid=0.0 integ=-0.0 vision=1 current=1 vframe=5017 vs=1 vage=10 vpage=10 vdt=34 vmax=568 vacc=4987 vrej=0 seq=1 elapsed=990 oled=3C
[   2468] STATUS mode=4 fault=none enc=303 denc=0 sreq=52 sapplied=52 crate=52 uimp=-53925 upos=710 uneg=740 ball=19.50 vball=34.42 aball=27.0 bref=50.00 pid=52.1 pref=246.3 ppos=241.0 apid=0.0 integ=-0.0 vision=1 current=1 vframe=5017 vs=1 vage=30 vpage=30 vdt=34 vmax=568 vacc=4987 vrej=0 seq=1 elapsed=1010 oled=3C
[   2484] STATUS mode=4 fault=none enc=304 denc=-1 sreq=73 sapplied=73 crate=73 uimp=-52960 upos=730 uneg=740 ball=20.71 vball=35.22 aball=27.0 bref=50.00 pid=73.0 pref=250.3 ppos=243.0 apid=0.0 integ=-0.0 vision=1 current=1 vframe=5019 vs=1 vage=4 vpage=4 vdt=33 vmax=568 vacc=4989 vrej=0 seq=1 elapsed=1050 oled=3C
[   2516] STATUS mode=4 fault=none enc=307 denc=1 sreq=59 sapplied=59 crate=59 uimp=-51605 upos=750 uneg=740 ball=20.71 vball=35.22 aball=27.0 bref=50.00 pid=59.4 pref=250.3 ppos=244.4 apid=0.0 integ=-0.0 vision=1 current=1 vframe=5019 vs=1 vage=24 vpage=24 vdt=33 vmax=568 vacc=4989 vrej=0 seq=1 elapsed=1070 oled=3C
[   2546] STATUS mode=4 fault=none enc=309 denc=-1 sreq=53 sapplied=53 crate=53 uimp=-49205 upos=790 uneg=740 ball=21.93 vball=35.37 aball=27.0 bref=50.00 pid=53.1 pref=252.1 ppos=246.8 apid=0.0 integ=-0.0 vision=1 current=1 vframe=5020 vs=1 vage=31 vpage=31 vdt=33 vmax=568 vacc=4990 vrej=0 seq=1 elapsed=1110 oled=3C
[   2562] STATUS mode=4 fault=none enc=312 denc=1 sreq=91 sapplied=91 crate=91 uimp=-47425 upos=810 uneg=740 ball=23.37 vball=37.31 aball=28.1 bref=50.00 pid=91.3 pref=257.7 ppos=248.6 apid=0.0 integ=-0.0 vision=1 current=1 vframe=5021 vs=1 vage=19 vpage=19 vdt=32 vmax=568 vacc=4991 vrej=0 seq=1 elapsed=1130 oled=3C
[   2593] STATUS mode=4 fault=none enc=314 denc=1 sreq=38 sapplied=38 crate=38 uimp=-45735 upos=830 uneg=740 ball=24.13 vball=35.02 aball=28.1 bref=50.00 pid=37.8 pref=254.0 ppos=250.3 apid=0.0 integ=-0.0 vision=1 current=1 vframe=5022 vs=1 vage=5 vpage=5 vdt=34 vmax=568 vacc=4992 vrej=0 seq=1 elapsed=1150 oled=3C
[   2625] STATUS mode=4 fault=none enc=316 denc=1 sreq=-32 sapplied=-32 crate=-32 uimp=-44595 upos=865 uneg=740 ball=24.87 vball=31.64 aball=28.1 bref=50.00 pid=-32.4 pref=248.2 ppos=251.4 apid=0.0 integ=-0.0 vision=1 current=1 vframe=5023 vs=1 vage=11 vpage=11 vdt=34 vmax=568 vacc=4993 vrej=0 seq=1 elapsed=1190 oled=3C
[   2655] STATUS mode=4 fault=none enc=316 denc=0 sreq=-26 sapplied=-26 crate=-26 uimp=-45195 upos=865 uneg=760 ball=24.87 vball=31.64 aball=28.1 bref=50.00 pid=-26.4 pref=248.2 ppos=250.8 apid=0.0 integ=-0.0 vision=1 current=1 vframe=5023 vs=1 vage=31 vpage=31 vdt=34 vmax=568 vacc=4993 vrej=0 seq=1 elapsed=1210 oled=3C
[   2671] STATUS mode=4 fault=none enc=315 denc=0 sreq=33 sapplied=33 crate=33 uimp=-44965 upos=875 uneg=765 ball=26.18 vball=33.95 aball=0.4 bref=50.00 pid=33.3 pref=254.4 ppos=251.0 apid=0.0 integ=-0.0 vision=1 current=1 vframe=5024 vs=1 vage=19 vpage=19 vdt=32 vmax=568 vacc=4994 vrej=0 seq=1 elapsed=1230 oled=3C
[   2702] STATUS mode=4 fault=none enc=316 denc=0 sreq=0 sapplied=0 crate=16 uimp=-44345 upos=895 uneg=765 ball=27.17 vball=32.80 aball=0.4 bref=50.00 pid=15.9 pref=253.2 ppos=251.6 apid=0.0 integ=-0.0 vision=1 current=1 vframe=5025 vs=1 vage=26 vpage=26 vdt=33 vmax=568 vacc=4995 vrej=0 seq=1 elapsed=1270 oled=3C
[   2734] STATUS mode=4 fault=none enc=316 denc=0 sreq=-28 sapplied=-28 crate=-28 uimp=-44345 upos=895 uneg=765 ball=27.95 vball=30.12 aball=0.4 bref=50.00 pid=-28.3 pref=248.8 ppos=251.6 apid=0.0 integ=-0.0 vision=1 current=1 vframe=5026 vs=1 vage=12 vpage=12 vdt=34 vmax=568 vacc=4996 vrej=0 seq=1 elapsed=1290 oled=3C
[   2766] STATUS mode=4 fault=none enc=316 denc=0 sreq=-23 sapplied=-23 crate=-23 uimp=-44870 upos=895 uneg=785 ball=27.95 vball=30.12 aball=0.4 bref=50.00 pid=-23.1 pref=248.8 ppos=251.1 apid=0.0 integ=-0.0 vision=1 current=1 vframe=5026 vs=1 vage=32 vpage=32 vdt=34 vmax=568 vacc=4996 vrej=0 seq=1 elapsed=1310 oled=3C
[   2780] STATUS mode=4 fault=none enc=315 denc=0 sreq=-48 sapplied=-48 crate=-48 uimp=-47055 upos=895 uneg=825 ball=28.64 vball=27.37 aball=-29.4 bref=50.00 pid=-47.9 pref=244.1 ppos=248.9 apid=-0.0 integ=-0.0 vision=1 current=0 vframe=5028 vs=0 vage=39 vpage=5 vdt=33 vmax=568 vacc=4997 vrej=0 seq=1 elapsed=1350 oled=3C
[   2812] STATUS mode=4 fault=none enc=314 denc=0 sreq=-39 sapplied=-39 crate=-39 uimp=-47945 upos=895 uneg=845 ball=28.64 vball=27.37 aball=-29.4 bref=50.00 pid=-39.0 pref=244.1 ppos=248.0 apid=-0.0 integ=-0.0 vision=1 current=0 vframe=5028 vs=0 vage=59 vpage=25 vdt=33 vmax=568 vacc=4997 vrej=0 seq=1 elapsed=1370 oled=3C
[   2843] STATUS mode=4 fault=none enc=313 denc=1 sreq=-79 sapplied=-79 crate=-79 uimp=-48920 upos=895 uneg=865 ball=29.94 vball=24.08 aball=-29.4 bref=50.00 pid=-79.5 pref=239.1 ppos=247.1 apid=-0.0 integ=-0.0 vision=1 current=1 vframe=5029 vs=1 vage=12 vpage=12 vdt=67 vmax=568 vacc=4998 vrej=0 seq=1 elapsed=1390 oled=3C
[   2875] STATUS mode=4 fault=none enc=308 denc=-3 sreq=-92 sapplied=-92 crate=-92 uimp=-52250 upos=895 uneg=905 ball=30.46 vball=21.49 aball=-42.6 bref=50.00 pid=-91.7 pref=234.6 ppos=243.7 apid=-0.0 integ=-0.0 vision=1 current=1 vframe=5030 vs=1 vage=19 vpage=19 vdt=33 vmax=568 vacc=4999 vrej=0 seq=1 elapsed=1430 oled=3C
[   2891] STATUS mode=4 fault=none enc=307 denc=-1 sreq=-172 sapplied=-172 crate=-172 uimp=-53955 upos=895 uneg=925 ball=30.62 vball=16.54 aball=-42.6 bref=50.00 pid=-171.8 pref=224.9 ppos=242.0 apid=-0.0 integ=-0.0 vision=1 current=1 vframe=5031 vs=1 vage=5 vpage=5 vdt=34 vmax=568 vacc=5000 vrej=0 seq=1 elapsed=1450 oled=3C
[   2921] STATUS mode=4 fault=none enc=299 denc=-3 sreq=-114 sapplied=-114 crate=-114 uimp=-59735 upos=895 uneg=945 ball=30.62 vball=16.54 aball=-42.6 bref=50.00 pid=-139.9 pref=224.9 ppos=238.8 apid=-0.0 integ=-0.0 vision=1 current=1 vframe=5031 vs=1 vage=25 vpage=25 vdt=34 vmax=568 vacc=5000 vrej=0 seq=1 elapsed=1470 oled=3C
[   2952] STATUS mode=4 fault=none enc=297 denc=-1 sreq=-93 sapplied=-93 crate=-93 uimp=-61855 upos=895 uneg=985 ball=31.10 vball=16.23 aball=-42.6 bref=50.00 pid=-93.2 pref=224.8 ppos=234.1 apid=-0.0 integ=-0.0 vision=1 current=1 vframe=5032 vs=1 vage=32 vpage=32 vdt=33 vmax=568 vacc=5001 vrej=0 seq=1 elapsed=1510 oled=3C
[   2984] STATUS mode=4 fault=none enc=296 denc=1 sreq=-100 sapplied=-100 crate=-100 uimp=-63840 upos=895 uneg=1005 ball=31.47 vball=14.69 aball=-53.7 bref=50.00 pid=-99.7 pref=222.2 ppos=232.1 apid=-0.0 integ=-0.0 vision=1 current=1 vframe=5033 vs=1 vage=18 vpage=18 vdt=34 vmax=568 vacc=5002 vrej=0 seq=1 elapsed=1530 oled=3C
[   3000] STATUS mode=4 fault=none enc=290 denc=0 sreq=-99 sapplied=-99 crate=-99 uimp=-67940 upos=895 uneg=1045 ball=31.71 vball=12.54 aball=-53.7 bref=50.00 pid=-98.8 pref=218.2 ppos=228.0 apid=-0.0 integ=-0.0 vision=1 current=1 vframe=5034 vs=1 vage=25 vpage=25 vdt=33 vmax=568 vacc=5003 vrej=0 seq=1 elapsed=1570 oled=3C
[   3030] STATUS mode=4 fault=none enc=288 denc=0 sreq=-90 sapplied=-90 crate=-90 uimp=-69825 upos=895 uneg=1065 ball=32.02 vball=11.85 aball=-53.7 bref=50.00 pid=-90.1 pref=217.2 ppos=226.2 apid=-0.0 integ=-0.0 vision=1 current=1 vframe=5035 vs=1 vage=12 vpage=12 vdt=33 vmax=568 vacc=5004 vrej=0 seq=1 elapsed=1590 oled=3C
[   3062] STATUS mode=4 fault=none enc=285 denc=-1 sreq=-73 sapplied=-73 crate=-73 uimp=-71495 upos=895 uneg=1085 ball=32.02 vball=11.85 aball=-53.7 bref=50.00 pid=-73.4 pref=217.2 ppos=224.5 apid=-0.0 integ=-0.0 vision=1 current=1 vframe=5035 vs=1 vage=32 vpage=32 vdt=33 vmax=568 vacc=5004 vrej=0 seq=1 elapsed=1610 oled=3C
[   3093] STATUS mode=4 fault=none enc=284 denc=0 sreq=-75 sapplied=-75 crate=-75 uimp=-73245 upos=895 uneg=1125 ball=32.71 vball=10.46 aball=-38.5 bref=50.00 pid=-75.4 pref=215.2 ppos=222.7 apid=-0.0 integ=-0.0 vision=1 current=1 vframe=5037 vs=1 vage=5 vpage=5 vdt=34 vmax=568 vacc=5006 vrej=0 seq=1 elapsed=1650 oled=3C
[   3109] STATUS mode=4 fault=none enc=281 denc=-1 sreq=-61 sapplied=-61 crate=-61 uimp=-74645 upos=895 uneg=1145 ball=32.71 vball=10.46 aball=-38.5 bref=50.00 pid=-61.4 pref=215.2 ppos=221.3 apid=-0.0 integ=-0.0 vision=1 current=1 vframe=5037 vs=1 vage=25 vpage=25 vdt=34 vmax=568 vacc=5006 vrej=0 seq=1 elapsed=1670 oled=3C
[   3141] STATUS mode=4 fault=none enc=277 denc=-2 sreq=-105 sapplied=-105 crate=-105 uimp=-78595 upos=895 uneg=1185 ball=32.60 vball=6.36 aball=-38.5 bref=50.00 pid=-129.2 pref=206.9 ppos=219.8 apid=-0.0 integ=-0.0 vision=1 current=1 vframe=5038 vs=1 vage=12 vpage=12 vdt=33 vmax=568 vacc=5007 vrej=0 seq=1 elapsed=1690 oled=3C
[   3171] STATUS mode=4 fault=none enc=274 denc=-1 sreq=-135 sapplied=-135 crate=-135 uimp=-81370 upos=895 uneg=1205 ball=32.49 vball=3.53 aball=-62.6 bref=50.00 pid=-135.4 pref=201.1 ppos=214.6 apid=-0.0 integ=-0.0 vision=1 current=1 vframe=5039 vs=1 vage=19 vpage=19 vdt=33 vmax=568 vacc=5008 vrej=0 seq=1 elapsed=1730 oled=3C
[   3202] STATUS mode=4 fault=none enc=270 denc=-2 sreq=-87 sapplied=-87 crate=-87 uimp=-83880 upos=895 uneg=1225 ball=32.72 vball=4.54 aball=-62.6 bref=50.00 pid=-87.3 pref=203.4 ppos=212.1 apid=-0.0 integ=-0.0 vision=1 current=1 vframe=5040 vs=1 vage=5 vpage=5 vdt=34 vmax=568 vacc=5009 vrej=0 seq=1 elapsed=1750 oled=3C
[   3218] STATUS mode=4 fault=none enc=266 denc=-1 sreq=0 sapplied=0 crate=19 uimp=-86515 upos=895 uneg=1260 ball=33.28 vball=8.18 aball=-62.6 bref=50.00 pid=18.6 pref=211.3 ppos=209.5 apid=-0.0 integ=-0.0 vision=1 current=1 vframe=5041 vs=1 vage=11 vpage=11 vdt=34 vmax=568 vacc=5010 vrej=0 seq=1 elapsed=1790 oled=3C
[   3250] STATUS mode=4 fault=none enc=266 denc=0 sreq=0 sapplied=0 crate=19 uimp=-86515 upos=895 uneg=1260 ball=33.28 vball=8.18 aball=-62.6 bref=50.00 pid=18.6 pref=211.3 ppos=209.5 apid=-0.0 integ=-0.0 vision=1 current=1 vframe=5041 vs=1 vage=31 vpage=31 vdt=34 vmax=568 vacc=5010 vrej=0 seq=1 elapsed=1810 oled=3C
[   3280] STATUS mode=4 fault=none enc=266 denc=0 sreq=60 sapplied=60 crate=60 uimp=-86200 upos=900 uneg=1260 ball=33.78 vball=10.10 aball=-6.3 bref=50.00 pid=59.8 pref=215.8 ppos=209.8 apid=-0.0 integ=-0.0 vision=1 current=1 vframe=5042 vs=1 vage=14 vpage=14 vdt=37 vmax=568 vacc=5011 vrej=0 seq=1 elapsed=1830 oled=3C
[   3312] STATUS mode=4 fault=none enc=269 denc=0 sreq=56 sapplied=56 crate=56 uimp=-83915 upos=940 uneg=1260 ball=34.21 vball=10.78 aball=-6.3 bref=50.00 pid=55.7 pref=217.6 ppos=212.1 apid=-0.0 integ=-0.0 vision=1 current=1 vframe=5043 vs=1 vage=22 vpage=22 vdt=32 vmax=568 vacc=5012 vrej=0 seq=1 elapsed=1870 oled=3C
[   3327] STATUS mode=4 fault=none enc=270 denc=0 sreq=-38 sapplied=-38 crate=-38 uimp=-83120 upos=955 uneg=1260 ball=34.09 vball=6.57 aball=-6.3 bref=50.00 pid=-37.9 pref=209.1 ppos=212.9 apid=-0.0 integ=-0.0 vision=1 current=1 vframe=5044 vs=1 vage=10 vpage=10 vdt=32 vmax=568 vacc=5013 vrej=0 seq=1 elapsed=1890 oled=3C
[   3359] STATUS mode=4 fault=none enc=270 denc=0 sreq=-31 sapplied=-31 crate=-31 uimp=-83820 upos=955 uneg=1280 ball=34.09 vball=6.57 aball=-6.3 bref=50.00 pid=-30.9 pref=209.1 ppos=212.2 apid=-0.0 integ=-0.0 vision=1 current=1 vframe=5044 vs=1 vage=30 vpage=30 vdt=32 vmax=568 vacc=5013 vrej=0 seq=1 elapsed=1910 oled=3C
[   3391] STATUS mode=4 fault=none enc=267 denc=0 sreq=-79 sapplied=-79 crate=-79 uimp=-86190 upos=955 uneg=1320 ball=34.05 vball=2.99 aball=-30.5 bref=50.00 pid=-79.3 pref=201.9 ppos=209.8 apid=-0.0 integ=-0.0 vision=1 current=1 vframe=5046 vs=1 vage=6 vpage=6 vdt=33 vmax=568 vacc=5015 vrej=0 seq=1 elapsed=1950 oled=3C
[   3421] STATUS mode=4 fault=none enc=265 denc=-1 sreq=-65 sapplied=-65 crate=-65 uimp=-87660 upos=955 uneg=1340 ball=34.05 vball=2.99 aball=-30.5 bref=50.00 pid=-64.6 pref=201.9 ppos=208.3 apid=-0.0 integ=-0.0 vision=1 current=1 vframe=5046 vs=1 vage=26 vpage=26 vdt=33 vmax=568 vacc=5015 vrej=0 seq=1 elapsed=1970 oled=3C
[   3437] STATUS mode=4 fault=none enc=264 denc=1 sreq=-48 sapplied=-48 crate=-48 uimp=-88835 upos=955 uneg=1360 ball=34.16 vball=3.14 aball=-30.5 bref=50.00 pid=-48.5 pref=202.3 ppos=207.2 apid=-0.0 integ=-0.0 vision=1 current=1 vframe=5047 vs=1 vage=13 vpage=13 vdt=33 vmax=568 vacc=5016 vrej=0 seq=1 elapsed=1990 oled=3C
[   3468] STATUS mode=4 fault=none enc=261 denc=0 sreq=0 sapplied=0 crate=0 uimp=-89930 upos=955 uneg=1385 ball=34.44 vball=4.62 aball=-15.7 bref=50.00 pid=0.0 pref=205.6 ppos=206.1 apid=-0.0 integ=-0.0 vision=1 current=1 vframe=5048 vs=1 vage=19 vpage=19 vdt=34 vmax=568 vacc=5017 vrej=0 seq=1 elapsed=2030 oled=3C
[   3500] STATUS mode=4 fault=none enc=261 denc=0 sreq=71 sapplied=0 crate=71 uimp=-89930 upos=955 uneg=1385 ball=34.99 vball=8.07 aball=-15.7 bref=50.00 pid=71.0 pref=213.2 ppos=206.1 apid=-0.0 integ=-0.0 vision=1 current=1 vframe=5049 vs=1 vage=6 vpage=6 vdt=33 vmax=568 vacc=5018 vrej=0 seq=1 elapsed=2050 oled=3C
[   3530] STATUS mode=4 fault=none enc=264 denc=1 sreq=59 sapplied=59 crate=59 uimp=-87740 upos=990 uneg=1385 ball=35.29 vball=8.36 aball=-15.7 bref=50.00 pid=58.5 pref=214.1 ppos=208.2 apid=-0.0 integ=-0.0 vision=1 current=1 vframe=5050 vs=1 vage=13 vpage=13 vdt=33 vmax=568 vacc=5019 vrej=0 seq=1 elapsed=2090 oled=3C
[   3546] STATUS mode=4 fault=none enc=264 denc=1 sreq=48 sapplied=48 crate=48 uimp=-86650 upos=1010 uneg=1385 ball=35.29 vball=8.36 aball=-15.7 bref=50.00 pid=47.6 pref=214.1 ppos=209.3 apid=-0.0 integ=-0.0 vision=1 current=1 vframe=5050 vs=1 vage=33 vpage=33 vdt=33 vmax=568 vacc=5019 vrej=0 seq=1 elapsed=2110 oled=3C
[   3577] STATUS mode=4 fault=none enc=265 denc=0 sreq=38 sapplied=38 crate=38 uimp=-85780 upos=1030 uneg=1385 ball=35.55 vball=8.14 aball=7.2 bref=50.00 pid=37.7 pref=214.0 ppos=210.2 apid=0.0 integ=-0.0 vision=1 current=1 vframe=5051 vs=1 vage=19 vpage=19 vdt=34 vmax=568 vacc=5020 vrej=0 seq=1 elapsed=2130 oled=3C
[   3609] STATUS mode=4 fault=none enc=267 denc=0 sreq=0 sapplied=0 crate=0 uimp=-85080 upos=1050 uneg=1385 ball=35.66 vball=6.67 aball=7.2 bref=50.00 pid=0.0 pref=211.2 ppos=210.9 apid=0.0 integ=-0.0 vision=1 current=1 vframe=5052 vs=1 vage=24 vpage=24 vdt=35 vmax=568 vacc=5021 vrej=0 seq=1 elapsed=2170 oled=3C
[   3625] STATUS mode=4 fault=none enc=267 denc=0 sreq=38 sapplied=38 crate=38 uimp=-84880 upos=1055 uneg=1385 ball=36.06 vball=8.30 aball=7.2 bref=50.00 pid=38.0 pref=214.9 ppos=211.1 apid=0.0 integ=-0.0 vision=1 current=1 vframe=5053 vs=1 vage=13 vpage=13 vdt=31 vmax=568 vacc=5022 vrej=0 seq=1 elapsed=2190 oled=3C
[   3655] STATUS mode=4 fault=none enc=267 denc=0 sreq=31 sapplied=31 crate=31 uimp=-84175 upos=1075 uneg=1385 ball=36.06 vball=8.30 aball=7.2 bref=50.00 pid=30.9 pref=214.9 ppos=211.8 apid=0.0 integ=-0.0 vision=1 current=1 vframe=5053 vs=1 vage=33 vpage=33 vdt=31 vmax=568 vacc=5022 vrej=0 seq=1 elapsed=2210 oled=3C
[   3687] STATUS mode=4 fault=none enc=270 denc=0 sreq=112 sapplied=112 crate=112 uimp=-81895 upos=1115 uneg=1385 ball=37.19 vball=12.84 aball=12.6 bref=50.00 pid=112.5 pref=225.3 ppos=214.1 apid=0.0 integ=-0.0 vision=1 current=1 vframe=5055 vs=1 vage=4 vpage=4 vdt=35 vmax=568 vacc=5024 vrej=0 seq=1 elapsed=2250 oled=3C
[   3718] STATUS mode=4 fault=none enc=272 denc=-1 sreq=92 sapplied=92 crate=92 uimp=-79810 upos=1135 uneg=1385 ball=37.19 vball=12.84 aball=12.6 bref=50.00 pid=91.6 pref=225.3 ppos=216.2 apid=0.0 integ=-0.0 vision=1 current=1 vframe=5055 vs=1 vage=24 vpage=24 vdt=35 vmax=568 vacc=5024 vrej=0 seq=1 elapsed=2270 oled=3C
[   3734] STATUS mode=4 fault=none enc=275 denc=0 sreq=58 sapplied=58 crate=58 uimp=-78195 upos=1155 uneg=1385 ball=37.50 vball=11.79 aball=12.6 bref=50.00 pid=58.2 pref=223.6 ppos=217.8 apid=0.0 integ=-0.0 vision=1 current=1 vframe=5056 vs=1 vage=13 vpage=13 vdt=31 vmax=568 vacc=5025 vrej=0 seq=1 elapsed=2290 oled=3C
[   3766] STATUS mode=4 fault=none enc=278 denc=1 sreq=0 sapplied=0 crate=0 uimp=-76880 upos=1180 uneg=1385 ball=37.66 vball=9.75 aball=5.5 bref=50.00 pid=0.0 pref=219.7 ppos=219.1 apid=0.0 integ=-0.0 vision=1 current=1 vframe=5057 vs=1 vage=20 vpage=20 vdt=33 vmax=568 vacc=5026 vrej=0 seq=1 elapsed=2330 oled=3C
[   3796] STATUS mode=4 fault=none enc=277 denc=-1 sreq=0 sapplied=0 crate=0 uimp=-76880 upos=1180 uneg=1385 ball=37.95 vball=9.35 aball=5.5 bref=50.00 pid=0.0 pref=219.3 ppos=219.1 apid=0.0 integ=-0.0 vision=1 current=1 vframe=5058 vs=1 vage=7 vpage=7 vdt=33 vmax=568 vacc=5027 vrej=0 seq=1 elapsed=2350 oled=3C
[   3812] STATUS mode=4 fault=none enc=278 denc=0 sreq=0 sapplied=0 crate=0 uimp=-76880 upos=1180 uneg=1385 ball=37.95 vball=9.35 aball=5.5 bref=50.00 pid=0.0 pref=219.3 ppos=219.1 apid=0.0 integ=-0.0 vision=1 current=1 vframe=5058 vs=1 vage=27 vpage=27 vdt=33 vmax=568 vacc=5027 vrej=0 seq=1 elapsed=2370 oled=3C
[   3843] STATUS mode=4 fault=none enc=278 denc=0 sreq=29 sapplied=29 crate=29 uimp=-76040 upos=1205 uneg=1385 ball=38.41 vball=10.85 aball=5.5 bref=50.00 pid=28.8 pref=222.8 ppos=219.9 apid=0.0 integ=-0.0 vision=1 current=1 vframe=5059 vs=1 vage=33 vpage=33 vdt=34 vmax=568 vacc=5028 vrej=0 seq=1 elapsed=2410 oled=3C
[   3875] STATUS mode=4 fault=none enc=279 denc=1 sreq=64 sapplied=64 crate=64 uimp=-74830 upos=1225 uneg=1385 ball=38.98 vball=12.87 aball=17.1 bref=50.00 pid=63.9 pref=227.6 ppos=221.2 apid=0.0 integ=-0.0 vision=1 current=1 vframe=5060 vs=1 vage=20 vpage=20 vdt=33 vmax=568 vacc=5029 vrej=0 seq=1 elapsed=2430 oled=3C
[   3905] STATUS mode=4 fault=none enc=281 denc=1 sreq=75 sapplied=75 crate=75 uimp=-73640 upos=1245 uneg=1385 ball=39.53 vball=13.70 aball=17.1 bref=50.00 pid=75.2 pref=229.9 ppos=222.3 apid=0.0 integ=-0.0 vision=1 current=1 vframe=5061 vs=1 vage=6 vpage=6 vdt=34 vmax=568 vacc=5030 vrej=0 seq=1 elapsed=2450 oled=3C
[   3921] STATUS mode=4 fault=none enc=284 denc=-1 sreq=33 sapplied=33 crate=33 uimp=-71200 upos=1285 uneg=1385 ball=39.86 vball=12.61 aball=17.1 bref=50.00 pid=33.0 pref=228.1 ppos=224.8 apid=0.0 integ=-0.0 vision=1 current=1 vframe=5062 vs=1 vage=13 vpage=13 vdt=33 vmax=568 vacc=5031 vrej=0 seq=1 elapsed=2490 oled=3C
[   3952] STATUS mode=4 fault=none enc=284 denc=0 sreq=27 sapplied=27 crate=27 uimp=-70590 upos=1305 uneg=1385 ball=39.86 vball=12.61 aball=17.1 bref=50.00 pid=26.9 pref=228.1 ppos=225.4 apid=0.0 integ=-0.0 vision=1 current=1 vframe=5062 vs=1 vage=33 vpage=33 vdt=33 vmax=568 vacc=5031 vrej=0 seq=1 elapsed=2510 oled=3C
[   3984] STATUS mode=4 fault=none enc=288 denc=3 sreq=400 sapplied=400 crate=400 uimp=-67455 upos=1325 uneg=1385 ball=40.26 vball=12.56 aball=0.0 bref=-50.00 pid=400.0 pref=516.5 ppos=228.5 apid=0.0 integ=-0.0 vision=1 current=1 vframe=5063 vs=1 vage=19 vpage=19 vdt=34 vmax=568 vacc=5032 vrej=0 seq=2 elapsed=2530 oled=3C
[   4016] STATUS mode=4 fault=none enc=308 denc=2 sreq=400 sapplied=400 crate=400 uimp=-51455 upos=1365 uneg=1385 ball=40.56 vball=11.45 aball=0.0 bref=-50.00 pid=400.0 pref=514.6 ppos=244.5 apid=0.0 integ=-0.0 vision=1 current=1 vframe=5064 vs=1 vage=25 vpage=25 vdt=34 vmax=568 vacc=5033 vrej=0 seq=2 elapsed=2570 oled=3C
[   4030] STATUS mode=4 fault=none enc=318 denc=2 sreq=400 sapplied=400 crate=400 uimp=-43455 upos=1385 uneg=1385 ball=40.69 vball=9.26 aball=0.0 bref=-50.00 pid=400.0 pref=510.4 ppos=252.5 apid=0.0 integ=-0.0 vision=1 current=1 vframe=5065 vs=1 vage=10 vpage=10 vdt=35 vmax=568 vacc=5034 vrej=0 seq=2 elapsed=2590 oled=3C
[   4062] STATUS mode=4 fault=none enc=329 denc=2 sreq=400 sapplied=400 crate=400 uimp=-35455 upos=1405 uneg=1385 ball=40.69 vball=9.26 aball=0.0 bref=-50.00 pid=400.0 pref=510.4 ppos=260.5 apid=0.0 integ=-0.0 vision=1 current=1 vframe=5065 vs=1 vage=30 vpage=30 vdt=35 vmax=568 vacc=5034 vrej=0 seq=2 elapsed=2610 oled=3C
[   4093] STATUS mode=4 fault=none enc=350 denc=4 sreq=400 sapplied=400 crate=400 uimp=-19455 upos=1445 uneg=1385 ball=41.10 vball=8.21 aball=-26.3 bref=-50.00 pid=400.0 pref=508.8 ppos=276.5 apid=-0.0 integ=-0.0 vision=1 current=1 vframe=5067 vs=1 vage=6 vpage=6 vdt=33 vmax=568 vacc=5036 vrej=0 seq=2 elapsed=2650 oled=3C
[   4125] STATUS mode=4 fault=none enc=360 denc=2 sreq=400 sapplied=400 crate=400 uimp=-11455 upos=1465 uneg=1385 ball=41.10 vball=8.21 aball=-26.3 bref=-50.00 pid=400.0 pref=508.8 ppos=284.5 apid=-0.0 integ=-0.0 vision=1 current=1 vframe=5067 vs=1 vage=26 vpage=26 vdt=33 vmax=568 vacc=5036 vrej=0 seq=2 elapsed=2670 oled=3C
[   4141] STATUS mode=4 fault=none enc=380 denc=2 sreq=400 sapplied=400 crate=400 uimp=4545 upos=1505 uneg=1385 ball=41.49 vball=9.30 aball=-26.3 bref=-50.00 pid=400.0 pref=511.4 ppos=300.5 apid=-0.0 integ=-0.0 vision=1 current=1 vframe=5075 vs=1 vage=32 vpage=32 vdt=34 vmax=568 vacc=5044 vrej=0 seq=2 elapsed=2710 oled=3C
[   4171] STATUS mode=4 fault=none enc=391 denc=3 sreq=400 sapplied=400 crate=400 uimp=12545 upos=1525 uneg=1385 ball=42.17 vball=12.46 aball=11.4 bref=-50.00 pid=400.0 pref=518.6 ppos=308.5 apid=0.0 integ=-0.0 vision=1 current=1 vframe=5076 vs=1 vage=19 vpage=19 vdt=33 vmax=568 vacc=5045 vrej=0 seq=2 elapsed=2730 oled=3C
[   4202] STATUS mode=4 fault=none enc=401 denc=2 sreq=400 sapplied=400 crate=400 uimp=20545 upos=1545 uneg=1385 ball=42.36 vball=10.37 aball=11.4 bref=-50.00 pid=400.0 pref=514.6 ppos=316.5 apid=0.0 integ=-0.0 vision=1 current=1 vframe=5077 vs=1 vage=5 vpage=5 vdt=34 vmax=568 vacc=5046 vrej=0 seq=2 elapsed=2750 oled=3C
[   4218] STATUS mode=4 fault=none enc=422 denc=2 sreq=400 sapplied=400 crate=400 uimp=36545 upos=1585 uneg=1385 ball=42.37 vball=7.33 aball=11.4 bref=-50.00 pid=400.0 pref=508.5 ppos=332.5 apid=0.0 integ=-0.0 vision=1 current=1 vframe=5078 vs=1 vage=12 vpage=12 vdt=33 vmax=568 vacc=5047 vrej=0 seq=2 elapsed=2790 oled=3C
[   4250] STATUS mode=4 fault=none enc=432 denc=3 sreq=400 sapplied=400 crate=400 uimp=44545 upos=1605 uneg=1385 ball=42.37 vball=7.33 aball=11.4 bref=-50.00 pid=400.0 pref=508.5 ppos=340.5 apid=0.0 integ=-0.0 vision=1 current=1 vframe=5078 vs=1 vage=32 vpage=32 vdt=33 vmax=568 vacc=5047 vrej=0 seq=2 elapsed=2810 oled=3C
[   4280] STATUS mode=4 fault=none enc=443 denc=3 sreq=400 sapplied=400 crate=400 uimp=52545 upos=1625 uneg=1385 ball=42.39 vball=5.39 aball=-25.6 bref=-50.00 pid=400.0 pref=504.7 ppos=348.5 apid=-0.0 integ=-0.0 vision=1 current=1 vframe=5079 vs=1 vage=19 vpage=19 vdt=33 vmax=568 vacc=5048 vrej=0 seq=2 elapsed=2830 oled=3C
[   4312] STATUS mode=4 fault=none enc=463 denc=2 sreq=400 sapplied=400 crate=400 uimp=68545 upos=1665 uneg=1385 ball=42.60 vball=5.54 aball=-25.6 bref=-50.00 pid=400.0 pref=505.2 ppos=364.5 apid=-0.0 integ=-0.0 vision=1 current=1 vframe=5080 vs=1 vage=26 vpage=26 vdt=33 vmax=568 vacc=5049 vrej=0 seq=2 elapsed=2870 oled=3C
[   4343] STATUS mode=4 fault=none enc=474 denc=3 sreq=400 sapplied=400 crate=400 uimp=76545 upos=1685 uneg=1385 ball=42.64 vball=4.26 aball=-25.6 bref=-50.00 pid=400.0 pref=502.7 ppos=372.5 apid=-0.0 integ=-0.0 vision=1 current=1 vframe=5081 vs=1 vage=12 vpage=12 vdt=34 vmax=568 vacc=5050 vrej=0 seq=2 elapsed=2890 oled=3C
[   4359] STATUS mode=4 fault=none enc=494 denc=2 sreq=400 sapplied=400 crate=400 uimp=92545 upos=1725 uneg=1385 ball=42.37 vball=0.70 aball=-34.7 bref=-50.00 pid=400.0 pref=495.3 ppos=380.5 apid=-0.0 integ=-0.0 vision=1 current=1 vframe=5081 vs=1 vage=32 vpage=32 vdt=34 vmax=568 vacc=5050 vrej=0 seq=2 elapsed=2910 oled=3C
[   4391] STATUS mode=4 fault=none enc=504 denc=2 sreq=400 sapplied=400 crate=400 uimp=100545 upos=1745 uneg=1385 ball=41.50 vball=-7.55 aball=-34.7 bref=-50.00 pid=400.0 pref=477.7 ppos=396.5 apid=-0.0 integ=-0.0 vision=1 current=1 vframe=5083 vs=1 vage=4 vpage=4 vdt=33 vmax=568 vacc=5052 vrej=0 seq=2 elapsed=2950 oled=3C
[   4421] STATUS mode=4 fault=none enc=514 denc=2 sreq=400 sapplied=400 crate=400 uimp=108545 upos=1765 uneg=1385 ball=41.50 vball=-7.55 aball=-34.7 bref=-50.00 pid=400.0 pref=477.7 ppos=404.5 apid=-0.0 integ=-0.0 vision=1 current=1 vframe=5083 vs=1 vage=24 vpage=24 vdt=33 vmax=568 vacc=5052 vrej=0 seq=2 elapsed=2970 oled=3C
[   4452] STATUS mode=4 fault=none enc=536 denc=3 sreq=400 sapplied=400 crate=400 uimp=124545 upos=1805 uneg=1385 ball=40.50 vball=-14.25 aball=-34.7 bref=-50.00 pid=400.0 pref=463.1 ppos=420.5 apid=-0.0 integ=-0.0 vision=1 current=1 vframe=5084 vs=1 vage=31 vpage=31 vdt=33 vmax=568 vacc=5053 vrej=0 seq=2 elapsed=3010 oled=3C
[   4468] STATUS mode=4 fault=none enc=544 denc=1 sreq=301 sapplied=301 crate=301 uimp=131800 upos=1825 uneg=1385 ball=39.78 vball=-16.42 aball=-96.2 bref=-50.00 pid=301.4 pref=457.9 ppos=427.8 apid=-0.0 integ=-0.0 vision=1 current=1 vframe=5085 vs=1 vage=17 vpage=17 vdt=34 vmax=568 vacc=5054 vrej=0 seq=2 elapsed=3030 oled=3C
[   4500] STATUS mode=4 fault=none enc=551 denc=1 sreq=215 sapplied=215 crate=215 uimp=137385 upos=1845 uneg=1385 ball=39.00 vball=-17.47 aball=-96.2 bref=-50.00 pid=215.2 pref=454.9 ppos=433.4 apid=-0.0 integ=-0.0 vision=1 current=1 vframe=5086 vs=1 vage=6 vpage=6 vdt=31 vmax=568 vacc=5055 vrej=0 seq=2 elapsed=3050 oled=3C
[   4530] STATUS mode=4 fault=none enc=559 denc=-1 sreq=21 sapplied=21 crate=21 uimp=144165 upos=1885 uneg=1385 ball=37.82 vball=-23.07 aball=-96.2 bref=-50.00 pid=21.2 pref=442.3 ppos=440.2 apid=-0.0 integ=-0.0 vision=1 current=1 vframe=5087 vs=1 vage=12 vpage=12 vdt=34 vmax=568 vacc=5056 vrej=0 seq=2 elapsed=3090 oled=3C
[   4562] STATUS mode=4 fault=none enc=560 denc=-1 sreq=0 sapplied=0 crate=19 uimp=144370 upos=1895 uneg=1385 ball=37.82 vball=-23.07 aball=-96.2 bref=-50.00 pid=19.2 pref=442.3 ppos=440.4 apid=-0.0 integ=-0.0 vision=1 current=1 vframe=5087 vs=1 vage=32 vpage=32 vdt=34 vmax=568 vacc=5056 vrej=0 seq=2 elapsed=3110 oled=3C
[   4577] STATUS mode=4 fault=none enc=556 denc=-1 sreq=-237 sapplied=-237 crate=-237 uimp=139690 upos=1895 uneg=1415 ball=34.48 vball=-36.81 aball=-123.8 bref=-50.00 pid=-248.9 pref=410.8 ppos=435.7 apid=-0.0 integ=-0.0 vision=1 current=1 vframe=5089 vs=1 vage=6 vpage=6 vdt=33 vmax=568 vacc=5058 vrej=0 seq=2 elapsed=3150 oled=d=3C
[   4609] STATUS mode=4 fault=none enc=550 denc=-2 sreq=-203 sapplied=-203 crate=-203 uimp=135125 upos=1895 uneg=1435 ball=34.48 vball=-36.81 aball=-123.8 bref=-50.00 pid=-203.2 pref=410.8 ppos=431.1 apid=-0.0 integ=-0.0 vision=1 current=1 vframe=5089 vs=1 vage=26 vpage=26 vdt=33 vmax=568 vacc=5058 vrej=0 seq=2 elapsed=3170 oled=3C
[   4641] STATUS mode=4 fault=none enc=545 denc=-2 sreq=-383 sapplied=-383 crate=-383 uimp=130815 upos=1895 uneg=1455 ball=32.06 vball=-47.42 aball=-123.8 bref=-50.00 pid=-400.0 pref=386.7 ppos=426.8 apid=-0.0 integ=-0.0 vision=1 current=1 vframe=5090 vs=1 vage=13 vpage=13 vdt=33 vmax=568 vacc=5059 vrej=0 seq=2 elapsed=3190 oled=3C
[   4671] STATUS mode=4 fault=none enc=527 denc=-2 sreq=-313 sapplied=-313 crate=-313 uimp=116595 upos=1895 uneg=1495 ball=30.27 vball=-49.06 aball=-145.5 bref=-50.00 pid=-313.5 pref=381.2 ppos=412.6 apid=-0.0 integ=-0.0 vision=1 current=1 vframe=5091 vs=1 vage=19 vpage=19 vdt=34 vmax=568 vacc=5060 vrej=0 seq=2 elapsed=3230 oled=3C
[   4702] STATUS mode=4 fault=none enc=519 denc=-1 sreq=-369 sapplied=-369 crate=-369 uimp=110780 upos=1895 uneg=1515 ball=27.91 vball=-55.26 aball=-145.5 bref=-50.00 pid=-400.0 pref=366.0 ppos=406.8 apid=-0.0 integ=-0.0 vision=1 current=1 vframe=5092 vs=1 vage=6 vpage=6 vdt=33 vmax=568 vacc=5061 vrej=0 seq=2 elapsed=3250 oled=3C
[   4718] STATUS mode=4 fault=none enc=501 denc=-2 sreq=-400 sapplied=-400 crate=-400 uimp=96625 upos=1895 uneg=1555 ball=25.07 vball=-64.44 aball=-145.5 bref=-50.00 pid=-400.0 pref=344.2 ppos=392.6 apid=-0.0 integ=-0.0 vision=1 current=1 vframe=5093 vs=1 vage=11 vpage=11 vdt=35 vmax=568 vacc=5062 vrej=0 seq=2 elapsed=3290 oled=3C
[   4750] STATUS mode=4 fault=none enc=490 denc=-3 sreq=-400 sapplied=-400 crate=-400 uimp=88625 upos=1895 uneg=1575 ball=25.07 vball=-64.44 aball=-145.5 bref=-50.00 pid=-400.0 pref=344.2 ppos=384.6 apid=-0.0 integ=-0.0 vision=1 current=1 vframe=5093 vs=1 vage=31 vpage=31 vdt=35 vmax=568 vacc=5062 vrej=0 seq=2 elapsed=3310 oled=3C
[   4780] STATUS mode=4 fault=none enc=480 denc=-2 sreq=-383 sapplied=-383 crate=-383 uimp=80705 upos=1895 uneg=1595 ball=22.73 vball=-65.96 aball=-154.6 bref=-50.00 pid=-383.0 pref=338.4 ppos=376.7 apid=-0.0 integ=-0.0 vision=1 current=1 vframe=5094 vs=1 vage=17 vpage=17 vdt=34 vmax=568 vacc=5063 vrej=0 seq=2 elapsed=3330 oled=3C
[   4812] STATUS mode=4 fault=none enc=461 denc=-2 sreq=-400 sapplied=-400 crate=-400 uimp=65600 upos=1895 uneg=1635 ball=19.31 vball=-76.38 aball=-154.6 bref=-50.00 pid=-400.0 pref=313.4 ppos=361.6 apid=-0.0 integ=-0.0 vision=1 current=1 vframe=5095 vs=1 vage=27 vpage=27 vdt=30 vmax=568 vacc=5064 vrej=0 seq=2 elapsed=3370 oled=3C
[   4843] STATUS mode=4 fault=none enc=450 denc=-3 sreq=-400 sapplied=-400 crate=-400 uimp=57600 upos=1895 uneg=1655 ball=16.10 vball=-82.70 aball=-154.6 bref=-50.00 pid=-400.0 pref=297.0 ppos=353.6 apid=-0.0 integ=-0.0 vision=1 current=1 vframe=5096 vs=1 vage=14 vpage=14 vdt=33 vmax=568 vacc=5065 vrej=0 seq=2 elapsed=3390 oled=3C
[   4859] STATUS mode=4 fault=none enc=429 denc=-2 sreq=-400 sapplied=-400 crate=-400 uimp=41600 upos=1895 uneg=1695 ball=12.98 vball=-86.26 aball=-179.2 bref=-50.00 pid=-400.0 pref=286.1 ppos=337.6 apid=-0.0 integ=-0.0 vision=1 current=1 vframe=5097 vs=1 vage=20 vpage=20 vdt=34 vmax=568 vacc=5066 vrej=0 seq=2 elapsed=3430 oled=3C
[   4891] STATUS mode=4 fault=none enc=419 denc=-2 sreq=-400 sapplied=-400 crate=-400 uimp=33600 upos=1895 uneg=1715 ball=9.28 vball=-93.02 aball=-179.2 bref=-50.00 pid=-400.0 pref=268.1 ppos=329.6 apid=-0.0 integ=-0.0 vision=1 current=1 vframe=5098 vs=1 vage=7 vpage=7 vdt=33 vmax=568 vacc=5067 vrej=0 seq=2 elapsed=3450 oled=3C
[   4921] STATUS mode=4 fault=none enc=409 denc=-2 sreq=-400 sapplied=-400 crate=-400 uimp=25600 upos=1895 uneg=1735 ball=9.28 vball=-93.02 aball=-179.2 bref=-50.00 pid=-400.0 pref=268.1 ppos=321.6 apid=-0.0 integ=-0.0 vision=1 current=1 vframe=5098 vs=1 vage=27 vpage=27 vdt=33 vmax=568 vacc=5067 vrej=0 seq=2 elapsed=3470 oled=3C
[   4952] STATUS mode=4 fault=none enc=387 denc=-3 sreq=-400 sapplied=-400 crate=-400 uimp=9600 upos=1895 uneg=1775 ball=5.85 vball=-96.43 aball=-179.2 bref=-50.00 pid=-400.0 pref=257.2 ppos=305.6 apid=-0.0 integ=-0.0 vision=1 current=1 vframe=5099 vs=1 vage=33 vpage=33 vdt=34 vmax=568 vacc=5068 vrej=0 seq=2 elapsed=3510 oled=3C
[   4984] STATUS mode=4 fault=none enc=378 denc=-2 sreq=-400 sapplied=-400 crate=-400 uimp=1600 upos=1895 uneg=1795 ball=2.33 vball=-99.34 aball=-157.4 bref=-50.00 pid=-400.0 pref=247.2 ppos=297.6 apid=-0.0 integ=-0.0 vision=1 current=1 vframe=5100 vs=1 vage=20 vpage=20 vdt=33 vmax=568 vacc=5069 vrej=0 seq=2 elapsed=3530 oled=3C
[   5000] STATUS mode=4 fault=none enc=356 denc=-3 sreq=-400 sapplied=-400 crate=-400 uimp=-14400 upos=1895 uneg=1835 ball=-1.62 vball=-104.38 aball=-157.4 bref=-50.00 pid=-400.0 pref=232.3 ppos=281.6 apid=-0.0 integ=-0.0 vision=1 current=1 vframe=5101 vs=1 vage=26 vpage=26 vdt=34 vmax=568 vacc=5070 vrej=0 seq=2 elapsed=3570 oled=3C
[   5030] STATUS mode=4 fault=none enc=346 denc=-2 sreq=-400 sapplied=-400 crate=-400 uimp=-22400 upos=1895 uneg=1855 ball=-5.52 vball=-108.23 aball=-157.4 bref=-50.00 pid=-400.0 pref=220.0 ppos=273.6 apid=-0.0 integ=-0.0 vision=1 current=1 vframe=5102 vs=1 vage=13 vpage=13 vdt=33 vmax=568 vacc=5071 vrej=0 seq=2 elapsed=3590 oled=3C
[   5062] STATUS mode=4 fault=none enc=336 denc=-3 sreq=-400 sapplied=-400 crate=-400 uimp=-30400 upos=1895 uneg=1875 ball=-5.52 vball=-108.23 aball=-157.4 bref=-50.00 pid=-400.0 pref=220.0 ppos=265.6 apid=-0.0 integ=-0.0 vision=1 current=1 vframe=5102 vs=1 vage=33 vpage=33 vdt=33 vmax=568 vacc=5071 vrej=0 seq=2 elapsed=3610 oled=3C
[   5093] STATUS mode=4 fault=none enc=316 denc=-3 sreq=-400 sapplied=-400 crate=-400 uimp=-45610 upos=1895 uneg=1915 ball=-13.13 vball=-111.22 aball=-120.0 bref=-50.00 pid=-400.0 pref=120.8 ppos=250.4 apid=-0.0 integ=-0.0 vision=1 current=1 vframe=5104 vs=1 vage=6 vpage=6 vdt=34 vmax=568 vacc=5073 vrej=0 seq=2 elapsed=3650 oled=3C
[   5125] STATUS mode=4 fault=none enc=306 denc=-2 sreq=-400 sapplied=-400 crate=-400 uimp=-53610 upos=1895 uneg=1935 ball=-13.13 vball=-111.22 aball=-120.0 bref=-50.00 pid=-400.0 pref=120.8 ppos=242.4 apid=-0.0 integ=-0.0 vision=1 current=1 vframe=5104 vs=1 vage=26 vpage=26 vdt=34 vmax=568 vacc=5073 vrej=0 seq=2 elapsed=3670 oled=3C
[   5155] STATUS mode=4 fault=none enc=286 denc=-3 sreq=-400 sapplied=-400 crate=-400 uimp=-69610 upos=1895 uneg=1975 ball=-16.65 vball=-109.88 aball=-120.0 bref=-50.00 pid=-400.0 pref=119.3 ppos=226.4 apid=-0.0 integ=-0.0 vision=1 current=1 vframe=5105 vs=1 vage=33 vpage=33 vdt=33 vmax=568 vacc=5074 vrej=0 seq=2 elapsed=3710 oled=3C
[   5171] STATUS mode=4 fault=none enc=276 denc=-2 sreq=-400 sapplied=-400 crate=-400 uimp=-77610 upos=1895 uneg=1995 ball=-20.15 vball=-108.86 aball=-75.4 bref=-50.00 pid=-400.0 pref=117.1 ppos=218.4 apid=-0.0 integ=-0.0 vision=1 current=1 vframe=5106 vs=1 vage=20 vpage=20 vdt=33 vmax=568 vacc=5075 vrej=0 seq=2 elapsed=3730 oled=3C
[   5202] STATUS mode=4 fault=none enc=255 denc=-2 sreq=-400 sapplied=-400 crate=-400 uimp=-93610 upos=1895 uneg=2035 ball=-23.88 vball=-109.27 aball=-75.4 bref=-50.00 pid=-400.0 pref=111.8 ppos=210.4 apid=-0.0 integ=-0.0 vision=1 current=1 vframe=5107 vs=1 vage=4 vpage=4 vdt=36 vmax=568 vacc=5076 vrej=0 seq=2 elapsed=3750 oled=3C
[   5234] STATUS mode=4 fault=none enc=245 denc=-3 sreq=-400 sapplied=-400 crate=-400 uimp=-101610 upos=1895 uneg=2055 ball=-27.36 vball=-108.15 aball=-75.4 bref=-50.00 pid=-400.0 pref=109.9 ppos=194.4 apid=-0.0 integ=-0.0 vision=1 current=1 vframe=5108 vs=1 vage=11 vpage=11 vdt=33 vmax=568 vacc=5077 vrej=0 seq=2 elapsed=3790 oled=3C
[   5266] STATUS mode=4 fault=none enc=235 denc=-3 sreq=-400 sapplied=-400 crate=-400 uimp=-109610 upos=1895 uneg=2075 ball=-27.36 vball=-108.15 aball=-75.4 bref=-50.00 pid=-400.0 pref=109.9 ppos=186.4 apid=-0.0 integ=-0.0 vision=1 current=1 vframe=5108 vs=1 vage=31 vpage=31 vdt=33 vmax=568 vacc=5077 vrej=0 seq=2 elapsed=3810 oled=3C
[   5296] STATUS mode=4 fault=none enc=215 denc=-2 sreq=-400 sapplied=-400 crate=-400 uimp=-125610 upos=1895 uneg=2115 ball=-33.92 vball=-103.73 aball=-31.5 bref=-50.00 pid=-400.0 pref=110.9 ppos=170.4 apid=-0.0 integ=-0.0 vision=1 current=1 vframe=5110 vs=1 vage=4 vpage=4 vdt=33 vmax=568 vacc=5079 vrej=0 seq=2 elapsed=3850 oled=3C
[   5312] STATUS mode=4 fault=none enc=205 denc=-3 sreq=-400 sapplied=-400 crate=-400 uimp=-133610 upos=1895 uneg=2135 ball=-33.92 vball=-103.73 aball=-31.5 bref=-50.00 pid=-400.0 pref=110.9 ppos=162.4 apid=-0.0 integ=-0.0 vision=1 current=1 vframe=5110 vs=1 vage=24 vpage=24 vdt=33 vmax=568 vacc=5079 vrej=0 seq=2 elapsed=3870 oled=3C
[   5343] STATUS mode=4 fault=none enc=187 denc=-2 sreq=-274 sapplied=-274 crate=-274 uimp=-147620 upos=1895 uneg=2175 ball=-36.66 vball=-97.04 aball=-31.5 bref=-50.00 pid=-274.1 pref=121.0 ppos=148.4 apid=-0.0 integ=-0.0 vision=1 current=1 vframe=5111 vs=1 vage=32 vpage=32 vdt=32 vmax=568 vacc=5080 vrej=0 seq=2 elapsed=3910 oled=3C
[   5375] STATUS mode=4 fault=none enc=181 denc=-1 sreq=-216 sapplied=-216 crate=-216 uimp=-152590 upos=1895 uneg=2195 ball=-39.63 vball=-94.85 aball=36.5 bref=-50.00 pid=-216.2 pref=121.8 ppos=143.4 apid=0.0 integ=-0.0 vision=1 current=1 vframe=5112 vs=1 vage=19 vpage=19 vdt=33 vmax=568 vacc=5081 vrej=0 seq=2 elapsed=3930 oled=3C
[   5405] STATUS mode=4 fault=none enc=176 denc=-1 sreq=-128 sapplied=-128 crate=-128 uimp=-156595 upos=1895 uneg=2215 ball=-42.40 vball=-90.76 aball=36.5 bref=-50.00 pid=-127.6 pref=126.6 ppos=139.4 apid=0.0 integ=-0.0 vision=1 current=1 vframe=5113 vs=1 vage=7 vpage=7 vdt=32 vmax=568 vacc=5082 vrej=0 seq=2 elapsed=3950 oled=3C
[   5437] STATUS mode=4 fault=none enc=172 denc=0 sreq=-46 sapplied=-46 crate=-46 uimp=-160685 upos=1895 uneg=2255 ball=-44.99 vball=-87.16 aball=36.5 bref=-50.00 pid=-45.8 pref=130.7 ppos=135.3 apid=0.0 integ=-0.0 vision=1 current=1 vframe=5114 vs=1 vage=13 vpage=13 vdt=34 vmax=568 vacc=5083 vrej=0 seq=2 elapsed=3990 oled=3C
[   5452] STATUS mode=4 fault=none enc=171 denc=-1 sreq=-37 sapplied=-37 crate=-37 uimp=-161530 upos=1895 uneg=2275 ball=-44.99 vball=-87.16 aball=36.5 bref=-50.00 pid=-37.3 pref=130.7 ppos=134.5 apid=0.0 integ=-0.0 vision=1 current=1 vframe=5114 vs=1 vage=33 vpage=33 vdt=34 vmax=568 vacc=5083 vrej=0 seq=2 elapsed=4010 oled=3C
[   5484] STATUS mode=4 fault=none enc=172 denc=1 sreq=181 sapplied=181 crate=181 uimp=-159650 upos=1920 uneg=2285 ball=-48.76 vball=-71.73 aball=89.3 bref=-50.00 pid=207.2 pref=157.1 ppos=136.3 apid=0.0 integ=-0.0 vision=1 current=1 vframe=5116 vs=1 vage=6 vpage=6 vdt=32 vmax=568 vacc=5085 vrej=0 seq=2 elapsed=4050 oled=3C
[   5516] STATUS mode=4 fault=none enc=175 denc=1 sreq=170 sapplied=170 crate=170 uimp=-155920 upos=1940 uneg=2285 ball=-48.76 vball=-71.73 aball=89.3 bref=-50.00 pid=169.9 pref=157.1 ppos=140.1 apid=0.0 integ=-0.0 vision=1 current=1 vframe=5116 vs=1 vage=26 vpage=26 vdt=32 vmax=568 vacc=5085 vrej=0 seq=2 elapsed=4070 oled=3C
[   5546] STATUS mode=4 fault=none enc=180 denc=2 sreq=243 sapplied=243 crate=243 uimp=-152235 upos=1960 uneg=2285 ball=-50.45 vball=-65.22 aball=89.3 bref=-50.00 pid=243.0 pref=168.1 ppos=143.8 apid=0.0 integ=-0.0 vision=1 current=1 vframe=5117 vs=1 vage=13 vpage=13 vdt=33 vmax=568 vacc=5086 vrej=0 seq=2 elapsed=4090 oled=3C
[   5562] STATUS mode=4 fault=none enc=191 denc=1 sreq=283 sapplied=283 crate=283 uimp=-142870 upos=2000 uneg=2285 ball=-51.76 vball=-57.77 aball=145.1 bref=-50.00 pid=282.6 pref=181.4 ppos=153.1 apid=0.0 integ=-0.0 vision=1 current=1 vframe=5118 vs=1 vage=17 vpage=17 vdt=36 vmax=568 vacc=5087 vrej=0 seq=2 elapsed=4130 oled=3C
[   5593] STATUS mode=4 fault=none enc=198 denc=1 sreq=342 sapplied=342 crate=342 uimp=-137630 upos=2020 uneg=2285 ball=-52.79 vball=-49.87 aball=145.1 bref=-50.00 pid=375.9 pref=195.9 ppos=158.4 apid=0.0 integ=-0.0 vision=1 current=1 vframe=5119 vs=1 vage=4 vpage=4 vdt=33 vmax=568 vacc=5088 vrej=0 seq=2 elapsed=4150 oled=3C
[   5625] STATUS mode=4 fault=none enc=215 denc=2 sreq=400 sapplied=400 crate=400 uimp=-124520 upos=2060 uneg=2285 ball=-53.40 vball=-40.39 aball=145.1 bref=-50.00 pid=307.6 pref=195.9 ppos=165.2 apid=0.0 integ=-0.0 vision=1 current=1 vframe=5119 vs=1 vage=24 vpage=24 vdt=33 vmax=568 vacc=5088 vrej=0 seq=2 elapsed=4170 oled=3C
[   5655] STATUS mode=4 fault=none enc=224 denc=2 sreq=349 sapplied=349 crate=349 uimp=-116745 upos=2080 uneg=2285 ball=-53.40 vball=-40.39 aball=145.1 bref=-50.00 pid=349.3 pref=214.2 ppos=179.2 apid=0.0 integ=-0.0 vision=1 current=1 vframe=5120 vs=1 vage=31 vpage=31 vdt=33 vmax=568 vacc=5089 vrej=0 seq=2 elapsed=4210 oled=3C
[   5687] STATUS mode=4 fault=none enc=234 denc=2 sreq=400 sapplied=400 crate=400 uimp=-109340 upos=2100 uneg=2285 ball=-53.64 vball=-30.60 aball=203.3 bref=-50.00 pid=400.0 pref=233.5 ppos=186.6 apid=0.0 integ=-0.0 vision=1 current=1 vframe=5121 vs=1 vage=18 vpage=18 vdt=33 vmax=568 vacc=5090 vrej=0 seq=2 elapsed=4230 oled=3C
[   5702] STATUS mode=4 fault=none enc=255 denc=3 sreq=400 sapplied=400 crate=400 uimp=-93340 upos=2140 uneg=2285 ball=-53.67 vball=-21.84 aball=203.3 bref=-50.00 pid=400.0 pref=251.0 ppos=202.6 apid=0.0 integ=-0.0 vision=1 current=1 vframe=5122 vs=1 vage=24 vpage=24 vdt=34 vmax=568 vacc=5091 vrej=0 seq=2 elapsed=4270 oled=3C
[   5734] STATUS mode=4 fault=none enc=264 denc=1 sreq=400 sapplied=400 crate=400 uimp=-85340 upos=2160 uneg=2285 ball=-53.61 vball=-14.81 aball=203.3 bref=-50.00 pid=400.0 pref=265.1 ppos=210.6 apid=0.0 integ=-0.0 vision=1 current=1 vframe=5123 vs=1 vage=10 vpage=10 vdt=34 vmax=568 vacc=5092 vrej=0 seq=2 elapsed=4290 oled=3C
[   5766] STATUS mode=4 fault=none enc=275 denc=3 sreq=400 sapplied=400 crate=400 uimp=-77340 upos=2180 uneg=2285 ball=-53.61 vball=-14.81 aball=203.3 bref=-50.00 pid=400.0 pref=265.1 ppos=218.6 apid=0.0 integ=-0.0 vision=1 current=1 vframe=5123 vs=1 vage=30 vpage=30 vdt=34 vmax=568 vacc=5092 vrej=0 seq=2 elapsed=4310 oled=3C
[   5796] STATUS mode=4 fault=none enc=296 denc=3 sreq=400 sapplied=400 crate=400 uimp=-61340 upos=2220 uneg=2285 ball=-53.68 vball=-8.08 aball=204.3 bref=-50.00 pid=400.0 pref=278.5 ppos=234.6 apid=0.0 integ=-0.0 vision=1 current=1 vframe=5125 vs=1 vage=4 vpage=4 vdt=34 vmax=568 vacc=5094 vrej=0 seq=2 elapsed=4350 oled=3C
[   5812] STATUS mode=4 fault=none enc=305 denc=2 sreq=359 sapplied=359 crate=359 uimp=-53460 upos=2240 uneg=2285 ball=-53.68 vball=-8.08 aball=204.3 bref=-50.00 pid=359.3 pref=278.5 ppos=242.5 apid=0.0 integ=-0.0 vision=1 current=1 vframe=5125 vs=1 vage=24 vpage=24 vdt=34 vmax=568 vacc=5094 vrej=0 seq=2 elapsed=4370 oled=3C
[   5843] STATUS mode=4 fault=none enc=314 denc=-1 sreq=0 sapplied=0 crate=-19 uimp=-46480 upos=2270 uneg=2285 ball=-53.72 vball=-6.12 aball=204.3 bref=-50.00 pid=-18.6 pref=247.6 ppos=249.5 apid=0.0 integ=0.0 vision=1 current=1 vframe=5126 vs=1 vage=31 vpage=31 vdt=33 vmax=568 vacc=5095 vrej=0 seq=2 elapsed=4410 oled=3C
[   5875] STATUS mode=4 fault=none enc=315 denc=1 sreq=0 sapplied=0 crate=0 uimp=-46480 upos=2270 uneg=2285 ball=-53.72 vball=-4.28 aball=138.3 bref=-50.00 pid=0.0 pref=249.5 ppos=249.5 apid=0.0 integ=0.0 vision=1 current=1 vframe=5127 vs=1 vage=18 vpage=18 vdt=33 vmax=568 vacc=5096 vrej=0 seq=2 elapsed=4430 oled=3C
[   5905] STATUS mode=4 fault=none enc=315 denc=0 sreq=0 sapplied=0 crate=0 uimp=-46480 upos=2270 uneg=2285 ball=-53.64 vball=-2.34 aball=138.3 bref=-50.00 pid=0.0 pref=249.5 ppos=249.5 apid=0.0 integ=0.0 vision=1 current=1 vframe=5128 vs=1 vage=4 vpage=4 vdt=34 vmax=568 vacc=5097 vrej=0 seq=2 elapsed=4450 oled=3C
[   5921] STATUS mode=4 fault=none enc=315 denc=0 sreq=0 sapplied=0 crate=0 uimp=-46480 upos=2270 uneg=2285 ball=-53.60 vball=-1.33 aball=138.3 bref=-50.00 pid=0.0 pref=249.5 ppos=249.5 apid=0.0 integ=0.0 vision=1 current=1 vframe=5129 vs=1 vage=11 vpage=11 vdt=33 vmax=568 vacc=5098 vrej=0 seq=2 elapsed=4490 oled=3C
[   5937] OK ball sequence complete elapsed=4512 ms; holding -50 mm
[   5968] STATUS mode=3 fault=none enc=315 denc=0 sreq=0 sapplied=0 crate=0 uimp=-46480 upos=2270 uneg=2285 ball=-53.62 vball=-1.08 aball=90.5 bref=-50.00 pid=0.0 pref=249.5 ppos=249.5 apid=0.0 integ=0.0 vision=1 current=1 vframe=5130 vs=1 vage=18 vpage=18 vdt=33 vmax=568 vacc=5099 vrej=0 seq=3 elapsed=4512 oled=3C
[   5968] >>> stream off
[   5984] STATUS mode=3 fault=none enc=315 denc=0 sreq=0 sapplied=0 crate=0 uimp=-46480 upos=2270 uneg=2285 ball=-53.65 vball=-1.08 aball=90.5 bref=-50.00 pid=0.0 pref=249.5 ppos=249.5 apid=0.0 integ=0.0 vision=1 current=1 vframe=5131 vs=1 vage=4 vpage=4 vdt=34 vmax=568 vacc=5100 vrej=0 seq=3 elapsed=4512 oled=3C
[   5984] OK stream off
[   6141] RESULT sequence_complete elapsed=4512
