[      0] >>> bench on
[     16] OK stepper visual-only bench active; command pose preserved
[    125] >>> clear
[    125] OK fault cleared
[    250] >>> diag reset
[    250] OK actuator diagnostics reset
[    375] >>> gain ball 3.0 0.5 5.0 -1
[    375] OK ball gains kp=3.000 ki=0.500 kd=5.000 sign=-1
[    500] >>> gain accel 0
[    500] OK ball acceleration gain ka=0.000
[    625] >>> limit rate 250
[    625] OK ball rate limit=250 steps/s
[    750] >>> stream on 20
[    750] OK stream on 20 ms
[    796] STATUS mode=1 fault=none enc=-319 denc=0 sreq=0 sapplied=0 crate=0 uimp=0 upos=0 uneg=0 ball=-100.86 vball=0.03 aball=0.0 bref=0.00 pid=0.0 pref=-283.5 ppos=-283.5 apid=0.0 integ=0.0 vision=1 current=1 vframe=35088 vs=1 vage=1 vpage=1 vdt=33 vmax=266 vacc=35019 vrej=0 seq=0 elapsed=0 oled=3C
[    812] STATUS mode=1 fault=none enc=-319 denc=0 sreq=0 sapplied=0 crate=0 uimp=0 upos=0 uneg=0 ball=-100.86 vball=0.03 aball=0.0 bref=0.00 pid=0.0 pref=-283.5 ppos=-283.5 apid=0.0 integ=0.0 vision=1 current=1 vframe=35088 vs=1 vage=21 vpage=21 vdt=33 vmax=266 vacc=35019 vrej=0 seq=0 elapsed=0 oled=3C
[    843] STATUS mode=1 fault=none enc=-319 denc=0 sreq=0 sapplied=0 crate=0 uimp=0 upos=0 uneg=0 ball=-100.86 vball=0.02 aball=0.0 bref=0.00 pid=0.0 pref=-283.5 ppos=-283.5 apid=0.0 integ=0.0 vision=1 current=1 vframe=35089 vs=1 vage=8 vpage=8 vdt=33 vmax=266 vacc=35020 vrej=0 seq=0 elapsed=0 oled=3C
[    875] STATUS mode=1 fault=none enc=-319 denc=0 sreq=0 sapplied=0 crate=0 uimp=0 upos=0 uneg=0 ball=-100.86 vball=0.02 aball=0.0 bref=0.00 pid=0.0 pref=-283.5 ppos=-283.5 apid=0.0 integ=0.0 vision=1 current=1 vframe=35089 vs=1 vage=28 vpage=28 vdt=33 vmax=266 vacc=35020 vrej=0 seq=0 elapsed=0 oled=3C
[    875] >>> ball 0
[    891] STATUS mode=1 fault=none enc=-319 denc=0 sreq=0 sapplied=0 crate=0 uimp=0 upos=0 uneg=0 ball=-100.86 vball=0.01 aball=0.0 bref=0.00 pid=0.0 pref=-283.5 ppos=-283.5 apid=0.0 integ=0.0 vision=1 current=1 vframe=35091 vs=1 vage=1 vpage=1 vdt=34 vmax=266 vacc=35022 vrej=0 seq=0 elapsed=0 oled=3C
[    921] STATUS mode=3 fault=none enc=-322 denc=-3 sreq=-250 sapplied=-250 crate=-250 uimp=-2750 upos=0 uneg=15 ball=-100.86 vball=0.01 aball=0.0 bref=0.00 pid=-250.0 pref=-583.5 ppos=-286.3 apid=0.0 integ=-0.0 vision=1 current=1 vframe=35091 vs=1 vage=21 vpage=21 vdt=34 vmax=266 vacc=35022 vrej=0 seq=0 elapsed=0 oled=3C
[    952] STATUS mode=3 fault=none enc=-328 denc=-1 sreq=-250 sapplied=-250 crate=-250 uimp=-7750 upos=0 uneg=35 ball=-100.86 vball=0.00 aball=0.0 bref=0.00 pid=-250.0 pref=-583.5 ppos=-291.3 apid=0.0 integ=-0.0 vision=1 current=1 vframe=35092 vs=1 vage=8 vpage=8 vdt=33 vmax=266 vacc=35023 vrej=0 seq=0 elapsed=0 oled=3C
[    984] STATUS mode=3 fault=none enc=-340 denc=-1 sreq=-250 sapplied=-250 crate=-250 uimp=-17750 upos=0 uneg=75 ball=-100.86 vball=0.00 aball=0.0 bref=0.00 pid=-250.0 pref=-583.5 ppos=-301.3 apid=0.0 integ=-0.0 vision=1 current=1 vframe=35093 vs=1 vage=14 vpage=14 vdt=34 vmax=266 vacc=35024 vrej=0 seq=0 elapsed=0 oled=3C
[   1000] STATUS mode=3 fault=none enc=-347 denc=-2 sreq=-250 sapplied=-250 crate=-250 uimp=-22750 upos=0 uneg=95 ball=-100.86 vball=0.00 aball=-0.0 bref=0.00 pid=-250.0 pref=-583.5 ppos=-306.3 apid=-0.0 integ=-0.0 vision=1 current=1 vframe=35094 vs=1 vage=1 vpage=1 vdt=33 vmax=266 vacc=35025 vrej=0 seq=0 elapsed=0 oled=3C
[   1030] STATUS mode=3 fault=none enc=-353 denc=-2 sreq=-250 sapplied=-250 crate=-250 uimp=-27750 upos=0 uneg=115 ball=-100.86 vball=0.00 aball=-0.0 bref=0.00 pid=-250.0 pref=-583.5 ppos=-311.3 apid=-0.0 integ=-0.0 vision=1 current=1 vframe=35094 vs=1 vage=21 vpage=21 vdt=33 vmax=266 vacc=35025 vrej=0 seq=0 elapsed=0 oled=3C
[   1062] STATUS mode=3 fault=none enc=-366 denc=-1 sreq=-250 sapplied=-250 crate=-250 uimp=-37750 upos=0 uneg=155 ball=-100.86 vball=0.00 aball=-0.0 bref=0.00 pid=-250.0 pref=-583.5 ppos=-321.3 apid=-0.0 integ=-0.0 vision=1 current=1 vframe=35095 vs=1 vage=27 vpage=27 vdt=34 vmax=266 vacc=35026 vrej=0 seq=0 elapsed=0 oled=3C
[   1093] STATUS mode=3 fault=none enc=-372 denc=-1 sreq=-250 sapplied=-250 crate=-250 uimp=-42750 upos=0 uneg=175 ball=-100.86 vball=0.00 aball=-0.0 bref=0.00 pid=-250.0 pref=-583.5 ppos=-326.3 apid=-0.0 integ=-0.0 vision=1 current=1 vframe=35096 vs=1 vage=14 vpage=14 vdt=33 vmax=266 vacc=35027 vrej=0 seq=0 elapsed=0 oled=3C
[   1109] STATUS mode=3 fault=none enc=-385 denc=-2 sreq=-250 sapplied=-250 crate=-250 uimp=-52750 upos=0 uneg=215 ball=-100.86 vball=0.00 aball=-0.0 bref=0.00 pid=-250.0 pref=-585.2 ppos=-336.3 apid=-0.0 integ=-1.7 vision=1 current=1 vframe=35097 vs=1 vage=21 vpage=21 vdt=33 vmax=266 vacc=35028 vrej=0 seq=0 elapsed=0 oled=3C
[   1141] STATUS mode=3 fault=none enc=-391 denc=-1 sreq=-250 sapplied=-250 crate=-250 uimp=-57750 upos=0 uneg=235 ball=-100.86 vball=0.00 aball=-0.0 bref=0.00 pid=-250.0 pref=-586.9 ppos=-341.3 apid=-0.0 integ=-3.4 vision=1 current=1 vframe=35104 vs=1 vage=7 vpage=7 vdt=34 vmax=266 vacc=35035 vrej=0 seq=0 elapsed=0 oled=3C
[   1171] STATUS mode=3 fault=none enc=-398 denc=-1 sreq=-250 sapplied=-250 crate=-250 uimp=-62750 upos=0 uneg=255 ball=-100.86 vball=0.00 aball=-0.0 bref=0.00 pid=-250.0 pref=-586.9 ppos=-346.3 apid=-0.0 integ=-3.4 vision=1 current=1 vframe=35104 vs=1 vage=27 vpage=27 vdt=34 vmax=266 vacc=35035 vrej=0 seq=0 elapsed=0 oled=3C
[   1202] STATUS mode=3 fault=none enc=-412 denc=-2 sreq=-250 sapplied=-250 crate=-250 uimp=-72750 upos=0 uneg=295 ball=-100.86 vball=0.00 aball=-0.0 bref=0.00 pid=-250.0 pref=-590.2 ppos=-356.3 apid=-0.0 integ=-6.7 vision=1 current=1 vframe=35106 vs=1 vage=1 vpage=1 vdt=33 vmax=266 vacc=35037 vrej=0 seq=0 elapsed=0 oled=3C
[   1218] STATUS mode=3 fault=none enc=-418 denc=-1 sreq=-250 sapplied=-250 crate=-250 uimp=-77750 upos=0 uneg=315 ball=-100.86 vball=0.00 aball=-0.0 bref=0.00 pid=-250.0 pref=-590.2 ppos=-361.3 apid=-0.0 integ=-6.7 vision=1 current=1 vframe=35106 vs=1 vage=21 vpage=21 vdt=33 vmax=266 vacc=35037 vrej=0 seq=0 elapsed=0 oled=3C
[   1250] STATUS mode=3 fault=none enc=-424 denc=-1 sreq=-250 sapplied=-250 crate=-250 uimp=-82750 upos=0 uneg=335 ball=-100.86 vball=0.00 aball=-0.0 bref=0.00 pid=-250.0 pref=-591.9 ppos=-366.3 apid=-0.0 integ=-8.4 vision=1 current=1 vframe=35107 vs=1 vage=8 vpage=8 vdt=33 vmax=266 vacc=35038 vrej=0 seq=0 elapsed=0 oled=3C
[   1280] STATUS mode=3 fault=none enc=-437 denc=-1 sreq=-250 sapplied=-250 crate=-250 uimp=-92750 upos=0 uneg=375 ball=-101.15 vball=-2.32 aball=-0.0 bref=0.00 pid=-250.0 pref=-593.7 ppos=-376.3 apid=-0.0 integ=-10.1 vision=1 current=1 vframe=35108 vs=1 vage=13 vpage=13 vdt=35 vmax=266 vacc=35039 vrej=0 seq=0 elapsed=0 oled=3C
[   1312] STATUS mode=3 fault=none enc=-444 denc=-2 sreq=-250 sapplied=-250 crate=-250 uimp=-97750 upos=0 uneg=395 ball=-101.15 vball=-2.32 aball=-0.0 bref=0.00 pid=-250.0 pref=-593.7 ppos=-381.3 apid=-0.0 integ=-10.1 vision=1 current=1 vframe=35108 vs=1 vage=33 vpage=33 vdt=35 vmax=266 vacc=35039 vrej=0 seq=0 elapsed=0 oled=3C
[   1343] STATUS mode=3 fault=none enc=-457 denc=-2 sreq=-250 sapplied=-250 crate=-250 uimp=-107750 upos=0 uneg=435 ball=-100.97 vball=0.64 aball=-9.6 bref=0.00 pid=-250.0 pref=-596.6 ppos=-391.3 apid=-0.0 integ=-13.4 vision=1 current=1 vframe=35110 vs=1 vage=8 vpage=8 vdt=32 vmax=266 vacc=35041 vrej=0 seq=0 elapsed=0 oled=3C
[   1359] STATUS mode=3 fault=none enc=-463 denc=-1 sreq=-250 sapplied=-250 crate=-250 uimp=-112750 upos=0 uneg=455 ball=-100.97 vball=0.64 aball=-9.6 bref=0.00 pid=-250.0 pref=-596.6 ppos=-396.3 apid=-0.0 integ=-13.4 vision=1 current=1 vframe=35110 vs=1 vage=28 vpage=28 vdt=32 vmax=266 vacc=35041 vrej=0 seq=0 elapsed=0 oled=3C
[   1391] STATUS mode=3 fault=none enc=-469 denc=-1 sreq=-250 sapplied=-250 crate=-250 uimp=-117750 upos=0 uneg=475 ball=-100.83 vball=1.72 aball=-9.6 bref=0.00 pid=-250.0 pref=-592.5 ppos=-401.3 apid=-0.0 integ=-15.1 vision=1 current=1 vframe=35111 vs=1 vage=15 vpage=15 vdt=33 vmax=266 vacc=35042 vrej=0 seq=0 elapsed=0 oled=3C
[   1421] STATUS mode=3 fault=none enc=-483 denc=-2 sreq=-250 sapplied=-250 crate=-250 uimp=-127750 upos=0 uneg=515 ball=-99.86 vball=10.13 aball=50.0 bref=0.00 pid=-250.0 pref=-547.5 ppos=-411.3 apid=0.0 integ=-0.0 vision=1 current=1 vframe=35112 vs=1 vage=20 vpage=20 vdt=35 vmax=266 vacc=35043 vrej=0 seq=0 elapsed=0 oled=3C
[   1452] STATUS mode=3 fault=none enc=-489 denc=-2 sreq=-250 sapplied=-250 crate=-250 uimp=-132750 upos=0 uneg=535 ball=-98.43 vball=20.31 aball=50.0 bref=0.00 pid=-250.0 pref=-492.3 ppos=-416.3 apid=0.0 integ=-0.0 vision=1 current=1 vframe=35113 vs=1 vage=8 vpage=8 vdt=32 vmax=266 vacc=35044 vrej=0 seq=0 elapsed=0 oled=3C
[   1468] STATUS mode=3 fault=none enc=-500 denc=-1 sreq=-79 sapplied=-79 crate=-79 uimp=-141415 upos=0 uneg=575 ball=-96.55 vball=31.09 aball=50.0 bref=0.00 pid=-78.8 pref=-432.8 ppos=-424.9 apid=0.0 integ=-0.0 vision=1 current=1 vframe=35114 vs=1 vage=14 vpage=14 vdt=34 vmax=266 vacc=35045 vrej=0 seq=0 elapsed=0 oled=3C
[   1500] STATUS mode=3 fault=none enc=-502 denc=-1 sreq=-64 sapplied=-64 crate=-64 uimp=-142880 upos=0 uneg=595 ball=-96.55 vball=31.09 aball=50.0 bref=0.00 pid=-64.1 pref=-432.8 ppos=-426.4 apid=0.0 integ=-0.0 vision=1 current=1 vframe=35114 vs=1 vage=34 vpage=34 vdt=34 vmax=266 vacc=35045 vrej=0 seq=0 elapsed=0 oled=3C
[   1530] STATUS mode=3 fault=none enc=-501 denc=2 sreq=250 sapplied=250 crate=250 uimp=-141340 upos=10 uneg=600 ball=-94.35 vball=41.13 aball=167.0 bref=0.00 pid=250.0 pref=-376.0 ppos=-424.9 apid=0.0 integ=-0.0 vision=1 current=1 vframe=35115 vs=1 vage=20 vpage=20 vdt=34 vmax=266 vacc=35046 vrej=0 seq=0 elapsed=0 oled=3C
[   1562] STATUS mode=3 fault=none enc=-488 denc=2 sreq=250 sapplied=250 crate=250 uimp=-131340 upos=50 uneg=600 ball=-91.43 vball=55.14 aball=167.0 bref=0.00 pid=250.0 pref=-297.2 ppos=-414.9 apid=0.0 integ=-0.0 vision=1 current=1 vframe=35116 vs=1 vage=28 vpage=28 vdt=32 vmax=266 vacc=35047 vrej=0 seq=0 elapsed=0 oled=3C
[   1577] STATUS mode=3 fault=none enc=-482 denc=2 sreq=250 sapplied=250 crate=250 uimp=-126340 upos=70 uneg=600 ball=-88.18 vball=67.17 aball=167.0 bref=0.00 pid=250.0 pref=-227.3 ppos=-409.9 apid=0.0 integ=-0.0 vision=1 current=1 vframe=35117 vs=1 vage=12 vpage=12 vdt=36 vmax=266 vacc=35048 vrej=0 seq=0 elapsed=0 oled=3C
[   1609] STATUS mode=3 fault=none enc=-475 denc=1 sreq=250 sapplied=250 crate=250 uimp=-121340 upos=90 uneg=600 ball=-88.18 vball=67.17 aball=167.0 bref=0.00 pid=250.0 pref=-227.3 ppos=-404.9 apid=0.0 integ=-0.0 vision=1 current=1 vframe=35117 vs=1 vage=32 vpage=32 vdt=36 vmax=266 vacc=35048 vrej=0 seq=0 elapsed=0 oled=3C
[   1641] STATUS mode=3 fault=none enc=-462 denc=1 sreq=250 sapplied=250 crate=250 uimp=-111340 upos=130 uneg=600 ball=-80.07 vball=95.48 aball=277.0 bref=0.00 pid=250.0 pref=-61.4 ppos=-394.9 apid=0.0 integ=-0.0 vision=1 current=1 vframe=35119 vs=1 vage=6 vpage=6 vdt=32 vmax=266 vacc=35050 vrej=0 seq=0 elapsed=0 oled=3C
[   1671] STATUS mode=3 fault=none enc=-456 denc=1 sreq=250 sapplied=250 crate=250 uimp=-106340 upos=150 uneg=600 ball=-80.07 vball=95.48 aball=277.0 bref=0.00 pid=250.0 pref=-61.4 ppos=-389.9 apid=0.0 integ=-0.0 vision=1 current=1 vframe=35119 vs=1 vage=26 vpage=26 vdt=32 vmax=266 vacc=35050 vrej=0 seq=0 elapsed=0 oled=3C
[   1687] STATUS mode=3 fault=none enc=-442 denc=2 sreq=250 sapplied=250 crate=250 uimp=-96340 upos=190 uneg=600 ball=-75.14 vball=111.44 aball=277.0 bref=0.00 pid=250.0 pref==1.4 ppos=-384.9 apid=0.0 integ=-0.0 vision=1 current=1 vframe=35120 vs=1 vage=13 vpage=13 vdt=33 vmax=266 vacc=35051 vrej=0 seq=0 elapsed=0 oled=3C
[   1718] STATUS mode=3 fault=none enc=-436 denc=2 sreq=250 sapplied=250 crate=250 uimp=-91340 upos=210 uneg=600 ball=-69.66 vball=124.83 aball=340.1 bref=0.00 pid=250.0 pref=1.4 ppos=-374.9 apid=0.0 integ=-0.0 vision=1 current=1 vframe=35121 vs=1 vage=18 vpage=18 vdt=35 vmax=266 vacc=35052 vrej=0 seq=0 elapsed=0 oled=3C
[   1750] STATUS mode=3 fault=none enc=-429 denc=2 sreq=250 sapplied=250 crate=250 uimp=-86340 upos=230 uneg=600 ball=-64.05 vball=139.68 aball=340.1 bref=0.00 pid=250.0 pref=1.4 ppos=-369.9 apid=0.0 integ=-0.0 vision=1 current=1 vframe=35122 vs=1 vage=5 vpage=5 vdt=33 vmax=266 vacc=35053 vrej=0 seq=0 elapsed=0 oled=3C
[   1780] STATUS mode=3 fault=none enc=-417 denc=1 sreq=250 sapplied=250 crate=250 uimp=-76340 upos=270 uneg=600 ball=-57.86 vball=153.70 aball=340.1 bref=0.00 pid=250.0 pref=1.4 ppos=-359.9 apid=0.0 integ=-0.0 vision=1 current=1 vframe=35123 vs=1 vage=13 vpage=13 vdt=32 vmax=266 vacc=35054 vrej=0 seq=0 elapsed=0 oled=3C
[   1796] STATUS mode=3 fault=none enc=-410 denc=2 sreq=250 sapplied=250 crate=250 uimp=-71340 upos=290 uneg=600 ball=-57.86 vball=153.70 aball=340.1 bref=0.00 pid=250.0 pref=1.4 ppos=-354.9 apid=0.0 integ=-0.0 vision=1 current=1 vframe=35123 vs=1 vage=33 vpage=33 vdt=32 vmax=266 vacc=35054 vrej=0 seq=0 elapsed=0 oled=3C
[   1827] STATUS mode=3 fault=none enc=-404 denc=1 sreq=250 sapplied=250 crate=250 uimp=-66340 upos=310 uneg=600 ball=-51.43 vball=166.10 aball=374.7 bref=0.00 pid=250.0 pref=1.4 ppos=-349.9 apid=0.0 integ=-0.0 vision=1 current=1 vframe=35124 vs=1 vage=19 vpage=19 vdt=34 vmax=266 vacc=35055 vrej=0 seq=0 elapsed=0 oled=3C
[   1859] STATUS mode=3 fault=none enc=-390 denc=1 sreq=250 sapplied=250 crate=250 uimp=-56340 upos=350 uneg=600 ball=-44.52 vball=177.12 aball=374.7 bref=0.00 pid=250.0 pref=1.4 ppos=-339.9 apid=0.0 integ=-0.0 vision=1 current=1 vframe=35125 vs=1 vage=26 vpage=26 vdt=33 vmax=266 vacc=35056 vrej=0 seq=0 elapsed=0 oled=3C
[   1891] STATUS mode=3 fault=none enc=-384 denc=1 sreq=250 sapplied=250 crate=250 uimp=-51340 upos=370 uneg=600 ball=-37.42 vball=188.30 aball=374.7 bref=0.00 pid=250.0 pref=1.4 ppos=-334.9 apid=0.0 integ=-0.0 vision=1 current=1 vframe=35126 vs=1 vage=13 vpage=13 vdt=33 vmax=266 vacc=35057 vrej=0 seq=0 elapsed=0 oled=3C
[   1905] STATUS mode=3 fault=none enc=-378 denc=1 sreq=250 sapplied=250 crate=250 uimp=-46340 upos=390 uneg=600 ball=-37.42 vball=188.30 aball=374.7 bref=0.00 pid=250.0 pref=1.4 ppos=-329.9 apid=0.0 integ=-0.0 vision=1 current=1 vframe=35126 vs=1 vage=33 vpage=33 vdt=33 vmax=266 vacc=35057 vrej=0 seq=0 elapsed=0 oled=3C
[   1937] STATUS mode=3 fault=none enc=-365 denc=2 sreq=250 sapplied=250 crate=250 uimp=-36340 upos=430 uneg=600 ball=-22.14 vball=209.82 aball=341.0 bref=0.00 pid=250.0 pref=1.4 ppos=-319.9 apid=0.0 integ=-0.0 vision=1 current=1 vframe=35128 vs=1 vage=6 vpage=6 vdt=32 vmax=266 vacc=35059 vrej=0 seq=0 elapsed=0 oled=3C
[   1937] >>> stop
[   1968] STATUS mode=3 fault=none enc=-359 denc=1 sreq=250 sapplied=250 crate=250 uimp=-31340 upos=450 uneg=600 ball=-22.14 vball=209.82 aball=341.0 bref=0.00 pid=250.0 pref=1.4 ppos=-314.9 apid=0.0 integ=-0.0 vision=1 current=1 vframe=35128 vs=1 vage=26 vpage=26 vdt=32 vmax=266 vacc=35059 vrej=0 seq=0 elapsed=0 oled=3C
[   2000] STATUS mode=1 fault=none enc=-359 denc=-5 sreq=0 sapplied=0 crate=0 uimp=-28840 upos=460 uneg=600 ball=-14.22 vball=218.74 aball=0.0 bref=0.00 pid=0.0 pref=-312.4 ppos=-312.4 apid=0.0 integ=0.0 vision=1 current=1 vframe=35129 vs=1 vage=13 vpage=13 vdt=33 vmax=266 vacc=35060 vrej=0 seq=0 elapsed=0 oled=3C
[   2016] STATUS mode=1 fault=none enc=-361 denc=0 sreq=0 sapplied=0 crate=0 uimp=-28840 upos=460 uneg=600 ball=-6.05 vball=227.88 aball=0.0 bref=0.00 pid=0.0 pref=-312.4 ppos=-312.4 apid=0.0 integ=0.0 vision=1 current=1 vframe=35130 vs=1 vage=20 vpage=20 vdt=33 vmax=266 vacc=35061 vrej=0 seq=0 elapsed=0 oled=3C
[   2046] STATUS mode=1 fault=none enc=-361 denc=0 sreq=0 sapplied=0 crate=0 uimp=-28840 upos=460 uneg=600 ball=2.92 vball=234.06 aball=0.0 bref=0.00 pid=0.0 pref=-312.4 ppos=-312.4 apid=0.0 integ=0.0 vision=1 current=1 vframe=35131 vs=1 vage=4 vpage=4 vdt=36 vmax=266 vacc=35062 vrej=0 seq=0 elapsed=0 oled=3C
[   2077] STATUS mode=1 fault=none enc=-361 denc=0 sreq=0 sapplied=0 crate=0 uimp=-28840 upos=460 uneg=600 ball=2.92 vball=234.06 aball=0.0 bref=0.00 pid=0.0 pref=-312.4 ppos=-312.4 apid=0.0 integ=0.0 vision=1 current=1 vframe=35131 vs=1 vage=24 vpage=24 vdt=36 vmax=266 vacc=35062 vrej=0 seq=0 elapsed=0 oled=3C
[   2093] STATUS mode=1 fault=none enc=-361 denc=0 sreq=0 sapplied=0 crate=0 uimp=-28840 upos=460 uneg=600 ball=20.99 vball=256.94 aball=0.0 bref=0.00 pid=0.0 pref=-312.4 ppos=-312.4 apid=0.0 integ=0.0 vision=1 current=1 vframe=35133 vs=1 vage=1 vpage=1 vdt=35 vmax=266 vacc=35064 vrej=0 seq=0 elapsed=0 oled=3C
[   2125] STATUS mode=1 fault=none enc=-361 denc=0 sreq=0 sapplied=0 crate=0 uimp=-28840 upos=460 uneg=600 ball=20.99 vball=256.94 aball=0.0 bref=0.00 pid=0.0 pref=-312.4 ppos=-312.4 apid=0.0 integ=0.0 vision=1 current=1 vframe=35133 vs=1 vage=21 vpage=21 vdt=35 vmax=266 vacc=35064 vrej=0 seq=0 elapsed=0 oled=3C
[   2155] STATUS mode=1 fault=none enc=-361 denc=0 sreq=0 sapplied=0 crate=0 uimp=-28840 upos=460 uneg=600 ball=30.33 vball=262.12 aball=0.0 bref=0.00 pid=0.0 pref=-312.4 ppos=-312.4 apid=0.0 integ=0.0 vision=1 current=1 vframe=35134 vs=1 vage=5 vpage=5 vdt=36 vmax=266 vacc=35065 vrej=0 seq=0 elapsed=0 oled=3C
[   2171] STATUS mode=1 fault=none enc=-361 denc=0 sreq=0 sapplied=0 crate=0 uimp=-28840 upos=460 uneg=600 ball=40.39 vball=258.93 aball=0.0 bref=0.00 pid=0.0 pref=-312.4 ppos=-312.4 apid=0.0 integ=0.0 vision=1 current=1 vframe=35135 vs=1 vage=5 vpage=5 vdt=40 vmax=266 vacc=35066 vrej=0 seq=0 elapsed=0 oled=3C
[   2202] STATUS mode=1 fault=none enc=-361 denc=0 sreq=0 sapplied=0 crate=0 uimp=-28840 upos=460 uneg=600 ball=40.39 vball=258.93 aball=0.0 bref=0.00 pid=0.0 pref=-312.4 ppos=-312.4 apid=0.0 integ=0.0 vision=1 current=1 vframe=35135 vs=1 vage=25 vpage=25 vdt=40 vmax=266 vacc=35066 vrej=0 seq=0 elapsed=0 oled=3C
[   2202] >>> stream off
[   2234] STATUS mode=1 fault=none enc=-361 denc=0 sreq=0 sapplied=0 crate=0 uimp=-28840 upos=460 uneg=600 ball=46.33 vball=249.19 aball=0.0 bref=0.00 pid=0.0 pref=-312.4 ppos=-312.4 apid=0.0 integ=0.0 vision=1 current=1 vframe=35136 vs=1 vage=10 vpage=10 vdt=35 vmax=266 vacc=35067 vrej=0 seq=0 elapsed=0 oled=3C
[   2234] OK stream off
[   2375] RESULT motion_limit
