[      1] >>> bench on
[      7] OK stepper visual-only bench active; command pose preserved
[    127] >>> stream on 50
[    130] OK stream on 50 ms
[    203] STATUS mode=1 fault=none enc=83 denc=0 sreq=0 sapplied=0 crate=0 uimp=0 upos=0 uneg=0 ball=-55.62 vball=-0.01 aball=0.0 bref=-50.00 pid=0.0 pref=33.6 ppos=33.6 apid=0.0 integ=0.0 vision=1 current=1 vframe=1095 vs=1 vage=33 vpage=33 vdt=33 vmax=99 vacc=1083 vrej=0 seq=3 elapsed=4859 oled=3C
[    228] S
[    253] TATUS mode=1 fault=none enc=83 denc=0 sreq=0 sapplied=0 crate=0 uimp=0 upos=0 uneg=0 ball=-55.62 vball=-0.00 aball=0.0 bref=-50.00 pid=0.0 pref=33.6 ppos=33.6 apid=0.0 integ=0.0 vision=1 current=1 vframe=1097 vs=1 vage=16 vpage=16 vdt=34 vmax=99 vacc=1085 vrej=0 seq=3 elapsed=4859 oled=3C
[    304] STATUS mode=1 fault=none enc=83 denc=0 sreq=0 sapplied=0 crate=0 uimp=0 upos=0 uneg=0 ball=-55.62 vball=-0.00 aball=0.0 bref=-50.00 pid=0.0 pref=33.6 ppos=33.6 apid=0.0 integ=0.0 vision=1 current=1 vframe=1098 vs=1 vage=33 vpage=33 vdt=33 vmax=99 vacc=1086 vrej=0 seq=3 elapsed=4859 oled=3C
[    354] STATUS mode=1 fault=none enc=83 denc=0 sreq=0 sapplied=0 crate=0 uimp=0 upos=0 uneg=0 ball=-55.62 vball=-0.00 aball=0.0 bref=-50.00 pid=0.0 pref=33.6 ppos=33.6 apid=0.0 integ=0.0 vision=1 current=1 vframe=1100 vs=1 vage=16 vpage=16 vdt=33 vmax=99 vacc=1088 vrej=0 seq=3 elapsed=4859 oled=3C
[    404] STATUS mode=1 fault=none enc=83 denc=0 sreq=0 sapplied=0 crate=0 uimp=0 upos=0 uneg=0 ball=-55.62 vball=-0.00 aball=0.0 bref=-50.00 pid=0.0 pref=33.6 ppos=33.6 apid=0.0 integ=0.0 vision=1 current=1 vframe=1101 vs=1 vage=33 vpage=33 vdt=33 vmax=99 vacc=1089 vrej=0 seq=3 elapsed=4859 oled=3C
[    454] STATUS mode=1 fault=none enc=83 denc=0 sreq=0 sapplied=0 crate=0 uimp=0 upos=0 uneg=0 ball=-55.62 vball=-0.00 aball=0.0 bref=-50.00 pid=0.0 pref=33.6 ppos=33.6 apid=0.0 integ=0.0 vision=1 current=1 vframe=1103 vs=1 vage=16 vpage=16 vdt=34 vmax=99 vacc=1091 vrej=0 seq=3 elapsed=4859 oled=3C
[    504] STATUS mode=1 fault=none enc=83 denc=0 sreq=0 sapplied=0 crate=0 uimp=0 upos=0 uneg=0 ball=-55.62 vball=-0.00 aball=0.0 bref=-50.00 pid=0.0 pref=33.6 ppos=33.6 apid=0.0 integ=0.0 vision=1 current=1 vframe=1104 vs=1 vage=33 vpage=33 vdt=33 vmax=99 vacc=1092 vrej=0 seq=3 elapsed=4859 oled=3C
[    554] STATUS mode=1 fault=none enc=83 denc=0 sreq=0 sapplied=0 crate=0 uimp=0 upos=0 uneg=0 ball=-55.61 vball=0.06 aball=0.0 bref=-50.00 pid=0.0 pref=33.6 ppos=33.6 apid=0.0 integ=0.0 vision=1 current=1 vframe=1106 vs=1 vage=17 vpage=17 vdt=32 vmax=99 vacc=1094 vrej=0 seq=3 elapsed=4859 oled=3C
[    604] STATUS mode=1 fault=none enc=83 denc=0 sreq=0 sapplied=0 crate=0 uimp=0 upos=0 uneg=0 ball=-55.60 vball=0.10 aball=0.0 bref=-50.00 pid=0.0 pref=33.6 ppos=33.6 apid=0.0 integ=0.0 vision=1 current=1 vframe=1107 vs=1 vage=33 vpage=33 vdt=34 vmax=99 vacc=1095 vrej=0 seq=3 elapsed=4859 oled=3C
[    654] STATUS mode=1 fault=none enc=83 denc=0 sreq=0 sapplied=0 crate=0 uimp=0 upos=0 uneg=0 ball=-55.60 vball=0.06 aball=0.0 bref=-50.00 pid=0.0 pref=33.6 ppos=33.6 apid=0.0 integ=0.0 vision=1 current=1 vframe=1109 vs=1 vage=15 vpage=15 vdt=34 vmax=99 vacc=1097 vrej=0 seq=3 elapsed=4859 oled=3C
[    704] STATUS mode=1 fault=none enc=83 denc=0 sreq=0 sapplied=0 crate=0 uimp=0 upos=0 uneg=0 ball=-55.60 vball=0.04 aball=0.0 bref=-50.00 pid=0.0 pref=33.6 ppos=33.6 apid=0.0 integ=0.0 vision=1 current=1 vframe=1110 vs=1 vage=33 vpage=33 vdt=32 vmax=99 vacc=1098 vrej=0 seq=3 elapsed=4859 oled=3C
[    754] STATUS mode=1 fault=none enc=83 denc=0 sreq=0 sapplied=0 crate=0 uimp=0 upos=0 uneg=0 ball=-55.60 vball=0.02 aball=0.0 bref=-50.00 pid=0.0 pref=33.6 ppos=33.6 apid=0.0 integ=0.0 vision=1 current=1 vframe=1112 vs=1 vage=17 vpage=17 vdt=33 vmax=99 vacc=1100 vrej=0 seq=3 elapsed=4859 oled=3C
[    804] STATUS mode=1 fault=none enc=83 denc=0 sreq=0 sapplied=0 crate=0 uimp=0 upos=0 uneg=0 ball=-55.60 vball=0.01 aball=0.0 bref=-50.00 pid=0.0 pref=33.6 ppos=33.6 apid=0.0 integ=0.0 vision=1 current=1 vframe=1113 vs=1 vage=32 vpage=32 vdt=35 vmax=99 vacc=1101 vrej=0 seq=3 elapsed=4859 oled=3C
[    854] STATUS mode=1 fault=none enc=83 denc=0 sreq=0 sapplied=0 crate=0 uimp=0 upos=0 uneg=0 ball=-55.60 vball=0.00 aball=0.0 bref=-50.00 pid=0.0 pref=33.6 ppos=33.6 apid=0.0 integ=0.0 vision=1 current=1 vframe=1115 vs=1 vage=17 vpage=17 vdt=33 vmax=99 vacc=1103 vrej=0 seq=3 elapsed=4859 oled=3C
[    904] STATUS mode=1 fault=none enc=83 denc=0 sreq=0 sapplied=0 crate=0 uimp=0 upos=0 uneg=0 ball=-55.59 vball=0.13 aball=0.0 bref=-50.00 pid=0.0 pref=33.6 ppos=33.6 apid=0.0 integ=0.0 vision=1 current=1 vframe=1116 vs=1 vage=33 vpage=33 vdt=34 vmax=99 vacc=1104 vrej=0 seq=3 elapsed=4859 oled=3C
[    954] STATUS mode=1 fault=none enc=83 denc=0 sreq=0 sapplied=0 crate=0 uimp=0 upos=0 uneg=0 ball=-55.57 vball=0.16 aball=0.0 bref=-50.00 pid=0.0 pref=33.6 ppos=33.6 apid=0.0 integ=0.0 vision=1 current=1 vframe=1118 vs=1 vage=16 vpage=16 vdt=34 vmax=99 vacc=1106 vrej=0 seq=3 elapsed=4859 oled=3C
[   1004] STATUS mode=1 fault=none enc=83 denc=0 sreq=0 sapplied=0 crate=0 uimp=0 upos=0 uneg=0 ball=-55.57 vball=0.12 aball=0.0 bref=-50.00 pid=0.0 pref=33.6 ppos=33.6 apid=0.0 integ=0.0 vision=1 current=1 vframe=1119 vs=1 vage=33 vpage=33 vdt=33 vmax=99 vacc=1107 vrej=0 seq=3 elapsed=4859 oled=3C
[   1054] STATUS mode=1 fault=none enc=83 denc=0 sreq=0 sapplied=0 crate=0 uimp=0 upos=0 uneg=0 ball=-55.57 vball=0.05 aball=0.0 bref=-50.00 pid=0.0 pref=33.6 ppos=33.6 apid=0.0 integ=0.0 vision=1 current=1 vframe=1121 vs=1 vage=15 vpage=15 vdt=35 vmax=99 vacc=1109 vrej=0 seq=3 elapsed=4859 oled=3C
[   1104] STATUS mode=1 fault=none enc=83 denc=0 sreq=0 sapplied=0 crate=0 uimp=0 upos=0 uneg=0 ball=-55.58 vball=0.03 aball=0.0 bref=-50.00 pid=0.0 pref=33.6 ppos=33.6 apid=0.0 integ=0.0 vision=1 current=1 vframe=1122 vs=1 vage=33 vpage=33 vdt=32 vmax=99 vacc=1110 vrej=0 seq=3 elapsed=4859 oled=3C
[   1154] STATUS mode=1 fault=none enc=83 denc=0 sreq=0 sapplied=0 crate=0 uimp=0 upos=0 uneg=0 ball=-55.61 vball=-0.27 aball=0.0 bref=-50.00 pid=0.0 pref=33.6 ppos=33.6 apid=0.0 integ=0.0 vision=1 current=1 vframe=1124 vs=1 vage=15 vpage=15 vdt=35 vmax=99 vacc=1112 vrej=0 seq=3 elapsed=4859 oled=3C
[   1204] STATUS mode=1 fault=none enc=83 denc=0 sreq=0 sapplied=0 crate=0 uimp=0 upos=0 uneg=0 ball=-55.62 vball=-0.24 aball=0.0 bref=-50.00 pid=0.0 pref=33.6 ppos=33.6 apid=0.0 integ=0.0 vision=1 current=1 vframe=1125 vs=1 vage=32 vpage=32 vdt=33 vmax=99 vacc=1113 vrej=0 seq=3 elapsed=4859 oled=3C
[   1254] STATUS mode=1 fault=none enc=83 denc=0 sreq=0 sapplied=0 crate=0 uimp=0 upos=0 uneg=0 ball=-55.62 vball=-0.12 aball=0.0 bref=-50.00 pid=0.0 pref=33.6 ppos=33.6 apid=0.0 integ=0.0 vision=1 current=1 vframe=1127 vs=1 vage=17 vpage=17 vdt=33 vmax=99 vacc=1115 vrej=0 seq=3 elapsed=4859 oled=3C
[   1304] STATUS mode=1 fault=none enc=83 denc=0 sreq=0 sapplied=0 crate=0 uimp=0 upos=0 uneg=0 ball=-55.62 vball=-0.05 aball=0.0 bref=-50.00 pid=0.0 pref=33.6 ppos=33.6 apid=0.0 integ=0.0 vision=1 current=1 vframe=1129 vs=1 vage=1 vpage=1 vdt=33 vmax=99 vacc=1117 vrej=0 seq=3 elapsed=4859 oled=3C
[   1354] STATUS mode=1 fault=none enc=83 denc=0 sreq=0 sapplied=0 crate=0 uimp=0 upos=0 uneg=0 ball=-55.62 vball=-0.03 aball=0.0 bref=-50.00 pid=0.0 pref=33.6 ppos=33.6 apid=0.0 integ=0.0 vision=1 current=1 vframe=1130 vs=1 vage=17 vpage=17 vdt=34 vmax=99 vacc=1118 vrej=0 seq=3 elapsed=4859 oled=3C
[   1404] STATUS mode=1 fault=none enc=83 denc=0 sreq=0 sapplied=0 crate=0 uimp=0 upos=0 uneg=0 ball=-55.60 vball=0.12 aball=0.0 bref=-50.00 pid=0.0 pref=33.6 ppos=33.6 apid=0.0 integ=0.0 vision=1 current=1 vframe=1131 vs=1 vage=34 vpage=34 vdt=33 vmax=99 vacc=1119 vrej=0 seq=3 elapsed=4859 oled=3C
[   1454] STATUS mode=1 fault=none enc=83 denc=0 sreq=0 sapplied=0 crate=0 uimp=0 upos=0 uneg=0 ball=-55.59 vball=0.17 aball=0.0 bref=-50.00 pid=0.0 pref=33.6 ppos=33.6 apid=0.0 integ=0.0 vision=1 current=1 vframe=1133 vs=1 vage=17 vpage=17 vdt=32 vmax=99 vacc=1121 vrej=0 seq=3 elapsed=4859 oled=3C
[   1504] STATUS mode=1 fault=none enc=83 denc=0 sreq=0 sapplied=0 crate=0 uimp=0 upos=0 uneg=0 ball=-55.59 vball=0.12 aball=0.0 bref=-50.00 pid=0.0 pref=33.6 ppos=33.6 apid=0.0 integ=0.0 vision=1 current=1 vframe=1134 vs=1 vage=34 vpage=34 vdt=33 vmax=99 vacc=1122 vrej=0 seq=3 elapsed=4859 oled=3C
[   1554] STATUS mode=1 fault=none enc=83 denc=0 sreq=0 sapplied=0 crate=0 uimp=0 upos=0 uneg=0 ball=-55.59 vball=0.05 aball=0.0 bref=-50.00 pid=0.0 pref=33.6 ppos=33.6 apid=0.0 integ=0.0 vision=1 current=1 vframe=1136 vs=1 vage=17 vpage=17 vdt=33 vmax=99 vacc=1124 vrej=0 seq=3 elapsed=4859 oled=3C
[   1604] STATUS mode=1 fault=none enc=83 denc=0 sreq=0 sapplied=0 crate=0 uimp=0 upos=0 uneg=0 ball=-55.59 vball=0.02 aball=0.0 bref=-50.00 pid=0.0 pref=33.6 ppos=33.6 apid=0.0 integ=0.0 vision=1 current=1 vframe=1138 vs=1 vage=1 vpage=1 vdt=33 vmax=99 vacc=1126 vrej=0 seq=3 elapsed=4859 oled=3C
[   1654] STATUS mode=1 fault=none enc=83 denc=0 sreq=0 sapplied=0 crate=0 uimp=0 upos=0 uneg=0 ball=-55.59 vball=0.01 aball=0.0 bref=-50.00 pid=0.0 pref=33.6 ppos=33.6 apid=0.0 integ=0.0 vision=1 current=1 vframe=1139 vs=1 vage=16 vpage=16 vdt=35 vmax=99 vacc=1127 vrej=0 seq=3 elapsed=4859 oled=3C
[   1704] STATUS mode=1 fault=none enc=83 denc=0 sreq=0 sapplied=0 crate=0 uimp=0 upos=0 uneg=0 ball=-55.59 vball=0.00 aball=0.0 bref=-50.00 pid=0.0 pref=33.6 ppos=33.6 apid=0.0 integ=0.0 vision=1 current=1 vframe=1141 vs=1 vage=1 vpage=1 vdt=32 vmax=99 vacc=1129 vrej=0 seq=3 elapsed=4859 oled=3C
[   1754] STATUS mode=1 fault=none enc=83 denc=0 sreq=0 sapplied=0 crate=0 uimp=0 upos=0 uneg=0 ball=-55.59 vball=0.00 aball=0.0 bref=-50.00 pid=0.0 pref=33.6 ppos=33.6 apid=0.0 integ=0.0 vision=1 current=1 vframe=1142 vs=1 vage=17 vpage=17 vdt=34 vmax=99 vacc=1130 vrej=0 seq=3 elapsed=4859 oled=3C
[   1804] STATUS mode=1 fault=none enc=83 denc=0 sreq=0 sapplied=0 crate=0 uimp=0 upos=0 uneg=0 ball=-55.58 vball=0.08 aball=0.0 bref=-50.00 pid=0.0 pref=33.6 ppos=33.6 apid=0.0 integ=0.0 vision=1 current=1 vframe=1144 vs=1 vage=1 vpage=1 vdt=33 vmax=99 vacc=1132 vrej=0 seq=3 elapsed=4859 oled=3C
[   1855] STATUS mode=1 fault=none enc=83 denc=0 sreq=0 sapplied=0 crate=0 uimp=0 upos=0 uneg=0 ball=-55.58 vball=0.08 aball=0.0 bref=-50.00 pid=0.0 pref=33.6 ppos=33.6 apid=0.0 integ=0.0 vision=1 current=1 vframe=1145 vs=1 vage=17 vpage=17 vdt=34 vmax=99 vacc=1133 vrej=0 seq=3 elapsed=4859 oled=3C
[   1904] STATUS mode=1 fault=none enc=83 denc=0 sreq=0 sapplied=0 crate=0 uimp=0 upos=0 uneg=0 ball=-55.57 vball=0.08 aball=0.0 bref=-50.00 pid=0.0 pref=33.6 ppos=33.6 apid=0.0 integ=0.0 vision=1 current=1 vframe=1147 vs=1 vage=1 vpage=1 vdt=33 vmax=99 vacc=1135 vrej=0 seq=3 elapsed=4859 oled=3C
[   1955] STATUS mode=1 fault=none enc=83 denc=0 sreq=0 sapplied=0 crate=0 uimp=0 upos=0 uneg=0 ball=-55.56 vball=0.15 aball=0.0 bref=-50.00 pid=0.0 pref=33.6 ppos=33.6 apid=0.0 integ=0.0 vision=1 current=1 vframe=1148 vs=1 vage=17 vpage=17 vdt=34 vmax=99 vacc=1136 vrej=0 seq=3 elapsed=4859 oled=3C
[   2005] STATUS mode=1 fault=none enc=83 denc=0 sreq=0 sapplied=0 crate=0 uimp=0 upos=0 uneg=0 ball=-55.58 vball=-0.01 aball=0.0 bref=-50.00 pid=0.0 pref=33.6 ppos=33.6 apid=0.0 integ=0.0 vision=1 current=1 vframe=1149 vs=1 vage=34 vpage=34 vdt=33 vmax=99 vacc=1137 vrej=0 seq=3 elapsed=4859 oled=3C
[   2055] STATUS mode=1 fault=none enc=83 denc=0 sreq=0 sapplied=0 crate=0 uimp=0 upos=0 uneg=0 ball=-55.59 vball=-0.11 aball=0.0 bref=-50.00 pid=0.0 pref=33.6 ppos=33.6 apid=0.0 integ=0.0 vision=1 current=1 vframe=1151 vs=1 vage=17 vpage=17 vdt=33 vmax=99 vacc=1139 vrej=0 seq=3 elapsed=4859 oled=3C
[   2104] STATUS mode=1 fault=none enc=83 denc=0 sreq=0 sapplied=0 crate=0 uimp=0 upos=0 uneg=0 ball=-55.55 vball=0.21 aball=0.0 bref=-50.00 pid=0.0 pref=33.6 ppos=33.6 apid=0.0 integ=0.0 vision=1 current=1 vframe=1153 vs=1 vage=1 vpage=1 vdt=33 vmax=99 vacc=1141 vrej=0 seq=3 elapsed=4859 oled=3C
[   2155] STATUS mode=1 fault=none enc=83 denc=0 sreq=0 sapplied=0 crate=0 uimp=0 upos=0 uneg=0 ball=-55.56 vball=0.13 aball=0.0 bref=-50.00 pid=0.0 pref=33.6 ppos=33.6 apid=0.0 integ=0.0 vision=1 current=1 vframe=1154 vs=1 vage=16 vpage=16 vdt=35 vmax=99 vacc=1142 vrej=0 seq=3 elapsed=4859 oled=3C
[   2205] STATUS mode=1 fault=none enc=83 denc=0 sreq=0 sapplied=0 crate=0 uimp=0 upos=0 uneg=0 ball=-55.56 vball=0.05 aball=0.0 bref=-50.00 pid=0.0 pref=33.6 ppos=33.6 apid=0.0 integ=0.0 vision=1 current=1 vframe=1155 vs=1 vage=34 vpage=34 vdt=32 vmax=99 vacc=1143 vrej=0 seq=3 elapsed=4859 oled=3C
[   2255] STATUS mode=1 fault=none enc=83 denc=0 sreq=0 sapplied=0 crate=0 uimp=0 upos=0 uneg=0 ball=-55.59 vball=-0.16 aball=0.0 bref=-50.00 pid=0.0 pref=33.6 ppos=33.6 apid=0.0 integ=0.0 vision=1 current=1 vframe=1157 vs=1 vage=17 vpage=17 vdt=33 vmax=99 vacc=1145 vrej=0 seq=3 elapsed=4859 oled=3C
[   2305] STATUS mode=1 fault=none enc=83 denc=0 sreq=0 sapplied=0 crate=0 uimp=0 upos=0 uneg=0 ball=-55.59 vball=-0.09 aball=0.0 bref=-50.00 pid=0.0 pref=33.6 ppos=33.6 apid=0.0 integ=0.0 vision=1 current=1 vframe=1159 vs=1 vage=1 vpage=1 vdt=33 vmax=99 vacc=1147 vrej=0 seq=3 elapsed=4859 oled=3C
[   2355] STATUS mode=1 fault=none enc=83 denc=0 sreq=0 sapplied=0 crate=0 uimp=0 upos=0 uneg=0 ball=-55.59 vball=-0.06 aball=0.0 bref=-50.00 pid=0.0 pref=33.6 ppos=33.6 apid=0.0 integ=0.0 vision=1 current=1 vframe=1160 vs=1 vage=14 vpage=14 vdt=37 vmax=99 vacc=1148 vrej=0 seq=3 elapsed=4859 oled=3C
[   2405] STATUS mode=1 fault=none enc=83 denc=0 sreq=0 sapplied=0 crate=0 uimp=0 upos=0 uneg=0 ball=-55.60 vball=-0.14 aball=0.0 bref=-50.00 pid=0.0 pref=33.6 ppos=33.6 apid=0.0 integ=0.0 vision=1 current=1 vframe=1161 vs=1 vage=29 vpage=29 vdt=35 vmax=99 vacc=1149 vrej=0 seq=3 elapsed=4859 oled=3C
[   2455] STATUS mode=1 fault=none enc=83 denc=0 sreq=0 sapplied=0 crate=0 uimp=0 upos=0 uneg=0 ball=-55.60 vball=-0.11 aball=0.0 bref=-50.00 pid=0.0 pref=33.6 ppos=33.6 apid=0.0 integ=0.0 vision=1 current=1 vframe=1163 vs=1 vage=3 vpage=3 vdt=28 vmax=99 vacc=1151 vrej=0 seq=3 elapsed=4859 oled=3C
[   2505] STATUS mode=1 fault=none enc=83 denc=0 sreq=0 sapplied=0 crate=0 uimp=0 upos=0 uneg=0 ball=-55.61 vball=-0.10 aball=0.0 bref=-50.00 pid=0.0 pref=33.6 ppos=33.6 apid=0.0 integ=0.0 vision=1 current=1 vframe=1164 vs=1 vage=40 vpage=40 vdt=13 vmax=99 vacc=1152 vrej=0 seq=3 elapsed=4859 oled=3C
[   2555] STATUS mode=1 fault=none enc=83 denc=0 sreq=0 sapplied=0 crate=0 uimp=0 upos=0 uneg=0 ball=-55.60 vball=-0.02 aball=0.0 bref=-50.00 pid=0.0 pref=33.6 ppos=33.6 apid=0.0 integ=0.0 vision=1 current=1 vframe=1173 vs=1 vage=1 vpage=1 vdt=33 vmax=99 vacc=1161 vrej=0 seq=3 elapsed=4859 oled=3C
[   2605] STATUS mode=1 fault=none enc=83 denc=0 sreq=0 sapplied=0 crate=0 uimp=0 upos=0 uneg=0 ball=-55.60 vball=-0.01 aball=0.0 bref=-50.00 pid=0.0 pref=33.6 ppos=33.6 apid=0.0 integ=0.0 vision=1 current=1 vframe=1174 vs=1 vage=18 vpage=18 vdt=33 vmax=99 vacc=1162 vrej=0 seq=3 elapsed=4859 oled=3C
[   2655] STATUS mode=1 fault=none enc=83 denc=0 sreq=0 sapplied=0 crate=0 uimp=0 upos=0 uneg=0 ball=-55.60 vball=-0.00 aball=0.0 bref=-50.00 pid=0.0 pref=33.6 ppos=33.6 apid=0.0 integ=0.0 vision=1 current=1 vframe=1176 vs=1 vage=2 vpage=2 vdt=33 vmax=99 vacc=1164 vrej=0 seq=3 elapsed=4859 oled=3C
[   2705] STATUS mode=1 fault=none enc=83 denc=0 sreq=0 sapplied=0 crate=0 uimp=0 upos=0 uneg=0 ball=-55.60 vball=-0.00 aball=0.0 bref=-50.00 pid=0.0 pref=33.6 ppos=33.6 apid=0.0 integ=0.0 vision=1 current=1 vframe=1177 vs=1 vage=19 vpage=19 vdt=33 vmax=99 vacc=1165 vrej=0 seq=3 elapsed=4859 oled=3C
[   2755] STATUS mode=1 fault=none enc=83 denc=0 sreq=0 sapplied=0 crate=0 uimp=0 upos=0 uneg=0 ball=-55.60 vball=-0.00 aball=0.0 bref=-50.00 pid=0.0 pref=33.6 ppos=33.6 apid=0.0 integ=0.0 vision=1 current=1 vframe=1179 vs=1 vage=2 vpage=2 vdt=33 vmax=99 vacc=1167 vrej=0 seq=3 elapsed=4859 oled=3C
[   2805] STATUS mode=1 fault=none enc=83 denc=0 sreq=0 sapplied=0 crate=0 uimp=0 upos=0 uneg=0 ball=-55.60 vball=-0.00 aball=0.0 bref=-50.00 pid=0.0 pref=33.6 ppos=33.6 apid=0.0 integ=0.0 vision=1 current=1 vframe=1180 vs=1 vage=18 vpage=18 vdt=34 vmax=99 vacc=1168 vrej=0 seq=3 elapsed=4859 oled=3C
[   2855] STATUS mode=1 fault=none enc=83 denc=0 sreq=0 sapplied=0 crate=0 uimp=0 upos=0 uneg=0 ball=-55.58 vball=0.19 aball=0.0 bref=-50.00 pid=0.0 pref=33.6 ppos=33.6 apid=0.0 integ=0.0 vision=1 current=1 vframe=1182 vs=1 vage=2 vpage=2 vdt=33 vmax=99 vacc=1170 vrej=0 seq=3 elapsed=4859 oled=3C
[   2905] STATUS mode=1 fault=none enc=83 denc=0 sreq=0 sapplied=0 crate=0 uimp=0 upos=0 uneg=0 ball=-55.58 vball=0.08 aball=0.0 bref=-50.00 pid=0.0 pref=33.6 ppos=33.6 apid=0.0 integ=0.0 vision=1 current=1 vframe=1183 vs=1 vage=19 vpage=19 vdt=33 vmax=99 vacc=1171 vrej=0 seq=3 elapsed=4859 oled=3C
[   2955] STATUS mode=1 fault=none enc=83 denc=0 sreq=0 sapplied=0 crate=0 uimp=0 upos=0 uneg=0 ball=-55.59 vball=0.02 aball=0.0 bref=-50.00 pid=0.0 pref=33.6 ppos=33.6 apid=0.0 integ=0.0 vision=1 current=1 vframe=1185 vs=1 vage=2 vpage=2 vdt=33 vmax=99 vacc=1173 vrej=0 seq=3 elapsed=4859 oled=3C
[   3005] STATUS mode=1 fault=none enc=83 denc=0 sreq=0 sapplied=0 crate=0 uimp=0 upos=0 uneg=0 ball=-55.59 vball=0.01 aball=0.0 bref=-50.00 pid=0.0 pref=33.6 ppos=33.6 apid=0.0 integ=0.0 vision=1 current=1 vframe=1186 vs=1 vage=19 vpage=19 vdt=33 vmax=99 vacc=1174 vrej=0 seq=3 elapsed=4859 oled=3C
[   3055] STATUS mode=1 fault=none enc=83 denc=0 sreq=0 sapplied=0 crate=0 uimp=0 upos=0 uneg=0 ball=-55.59 vball=0.00 aball=0.0 bref=-50.00 pid=0.0 pref=33.6 ppos=33.6 apid=0.0 integ=0.0 vision=1 current=1 vframe=1188 vs=1 vage=2 vpage=2 vdt=33 vmax=99 vacc=1176 vrej=0 seq=3 elapsed=4859 oled=3C
[   3105] STATUS mode=1 fault=none enc=83 denc=0 sreq=0 sapplied=0 crate=0 uimp=0 upos=0 uneg=0 ball=-55.59 vball=0.00 aball=0.0 bref=-50.00 pid=0.0 pref=33.6 ppos=33.6 apid=0.0 integ=0.0 vision=1 current=1 vframe=1189 vs=1 vage=18 vpage=18 vdt=34 vmax=99 vacc=1177 vrej=0 seq=3 elapsed=4859 oled=3C
[   3155] STATUS mode=1 fault=none enc=83 denc=0 sreq=0 sapplied=0 crate=0 uimp=0 upos=0 uneg=0 ball=-55.58 vball=0.08 aball=0.0 bref=-50.00 pid=0.0 pref=33.6 ppos=33.6 apid=0.0 integ=0.0 vision=1 current=1 vframe=1191 vs=1 vage=2 vpage=2 vdt=33 vmax=99 vacc=1179 vrej=0 seq=3 elapsed=4859 oled=3C
[   3205] STATUS mode=1 fault=none enc=83 denc=0 sreq=0 sapplied=0 crate=0 uimp=0 upos=0 uneg=0 ball=-55.58 vball=0.07 aball=0.0 bref=-50.00 pid=0.0 pref=33.6 ppos=33.6 apid=0.0 integ=0.0 vision=1 current=1 vframe=1192 vs=1 vage=19 vpage=19 vdt=33 vmax=99 vacc=1180 vrej=0 seq=3 elapsed=4859 oled=3C
[   3255] STATUS mode=1 fault=none enc=83 denc=0 sreq=0 sapplied=0 crate=0 uimp=0 upos=0 uneg=0 ball=-55.60 vball=-0.15 aball=0.0 bref=-50.00 pid=0.0 pref=33.6 ppos=33.6 apid=0.0 integ=0.0 vision=1 current=1 vframe=1194 vs=1 vage=2 vpage=2 vdt=34 vmax=99 vacc=1182 vrej=0 seq=3 elapsed=4859 oled=3C
[   3305] STATUS mode=1 fault=none enc=83 denc=0 sreq=0 sapplied=0 crate=0 uimp=0 upos=0 uneg=0 ball=-55.60 vball=-0.12 aball=0.0 bref=-50.00 pid=0.0 pref=33.6 ppos=33.6 apid=0.0 integ=0.0 vision=1 current=1 vframe=1195 vs=1 vage=18 vpage=18 vdt=34 vmax=99 vacc=1183 vrej=0 seq=3 elapsed=4859 oled=3C
[   3355] STATUS mode=1 fault=none enc=83 denc=0 sreq=0 sapplied=0 crate=0 uimp=0 upos=0 uneg=0 ball=-55.61 vball=-0.12 aball=0.0 bref=-50.00 pid=0.0 pref=33.6 ppos=33.6 apid=0.0 integ=0.0 vision=1 current=1 vframe=1197 vs=1 vage=2 vpage=2 vdt=33 vmax=99 vacc=1185 vrej=0 seq=3 elapsed=4859 oled=3C
[   3405] STATUS mode=1 fault=none enc=83 denc=0 sreq=0 sapplied=0 crate=0 uimp=0 upos=0 uneg=0 ball=-55.62 vball=-0.14 aball=0.0 bref=-50.00 pid=0.0 pref=33.6 ppos=33.6 apid=0.0 integ=0.0 vision=1 current=1 vframe=1198 vs=1 vage=18 vpage=18 vdt=34 vmax=99 vacc=1186 vrej=0 seq=3 elapsed=4859 oled=3C
[   3455] STATUS mode=1 fault=none enc=83 denc=0 sreq=0 sapplied=0 crate=0 uimp=0 upos=0 uneg=0 ball=-55.62 vball=-0.08 aball=0.0 bref=-50.00 pid=0.0 pref=33.6 ppos=33.6 apid=0.0 integ=0.0 vision=1 current=1 vframe=1200 vs=1 vage=2 vpage=2 vdt=33 vmax=99 vacc=1188 vrej=0 seq=3 elapsed=4859 oled=3C
[   3505] STATUS mode=1 fault=none enc=83 denc=0 sreq=0 sapplied=0 crate=0 uimp=0 upos=0 uneg=0 ball=-55.62 vball=-0.05 aball=0.0 bref=-50.00 pid=0.0 pref=33.6 ppos=33.6 apid=0.0 integ=0.0 vision=1 current=1 vframe=1201 vs=1 vage=18 vpage=18 vdt=34 vmax=99 vacc=1189 vrej=0 seq=3 elapsed=4859 oled=3C
[   3555] STATUS mode=1 fault=none enc=83 denc=0 sreq=0 sapplied=0 crate=0 uimp=0 upos=0 uneg=0 ball=-55.62 vball=-0.02 aball=0.0 bref=-50.00 pid=0.0 pref=33.6 ppos=33.6 apid=0.0 integ=0.0 vision=1 current=1 vframe=1203 vs=1 vage=2 vpage=2 vdt=33 vmax=99 vacc=1191 vrej=0 seq=3 elapsed=4859 oled=3C
[   3606] STATUS mode=1 fault=none enc=83 denc=0 sreq=0 sapplied=0 crate=0 uimp=0 upos=0 uneg=0 ball=-55.62 vball=-0.01 aball=0.0 bref=-50.00 pid=0.0 pref=33.6 ppos=33.6 apid=0.0 integ=0.0 vision=1 current=1 vframe=1204 vs=1 vage=18 vpage=18 vdt=34 vmax=99 vacc=1192 vrej=0 seq=3 elapsed=4859 oled=3C
[   3655] STATUS mode=1 fault=none enc=83 denc=0 sreq=0 sapplied=0 crate=0 uimp=0 upos=0 uneg=0 ball=-55.61 vball=0.09 aball=0.0 bref=-50.00 pid=0.0 pref=33.6 ppos=33.6 apid=0.0 integ=0.0 vision=1 current=1 vframe=1206 vs=1 vage=2 vpage=2 vdt=33 vmax=99 vacc=1194 vrej=0 seq=3 elapsed=4859 oled=3C
[   3705] STATUS mode=1 fault=none enc=83 denc=0 sreq=0 sapplied=0 crate=0 uimp=0 upos=0 uneg=0 ball=-55.60 vball=0.13 aball=0.0 bref=-50.00 pid=0.0 pref=33.6 ppos=33.6 apid=0.0 integ=0.0 vision=1 current=1 vframe=1207 vs=1 vage=19 vpage=19 vdt=33 vmax=99 vacc=1195 vrej=0 seq=3 elapsed=4859 oled=3C
[   3755] STATUS mode=1 fault=none enc=83 denc=0 sreq=0 sapplied=0 crate=0 uimp=0 upos=0 uneg=0 ball=-55.60 vball=0.08 aball=0.0 bref=-50.00 pid=0.0 pref=33.6 ppos=33.6 apid=0.0 integ=0.0 vision=1 current=1 vframe=1209 vs=1 vage=2 vpage=2 vdt=33 vmax=99 vacc=1197 vrej=0 seq=3 elapsed=4859 oled=3C
[   3806] STATUS mode=1 fault=none enc=83 denc=0 sreq=0 sapplied=0 crate=0 uimp=0 upos=0 uneg=0 ball=-55.60 vball=0.06 aball=0.0 bref=-50.00 pid=0.0 pref=33.6 ppos=33.6 apid=0.0 integ=0.0 vision=1 current=1 vframe=1210 vs=1 vage=18 vpage=18 vdt=34 vmax=99 vacc=1198 vrej=0 seq=3 elapsed=4859 oled=3C
[   3855] STATUS mode=1 fault=none enc=83 denc=0 sreq=0 sapplied=0 crate=0 uimp=0 upos=0 uneg=0 ball=-55.61 vball=-0.11 aball=0.0 bref=-50.00 pid=0.0 pref=33.6 ppos=33.6 apid=0.0 integ=0.0 vision=1 current=1 vframe=1212 vs=1 vage=2 vpage=2 vdt=33 vmax=99 vacc=1200 vrej=0 seq=3 elapsed=4859 oled=3C
[   3906] STATUS mode=1 fault=none enc=83 denc=0 sreq=0 sapplied=0 crate=0 uimp=0 upos=0 uneg=0 ball=-55.62 vball=-0.12 aball=0.0 bref=-50.00 pid=0.0 pref=33.6 ppos=33.6 apid=0.0 integ=0.0 vision=1 current=1 vframe=1213 vs=1 vage=19 vpage=19 vdt=33 vmax=99 vacc=1201 vrej=0 seq=3 elapsed=4859 oled=3C
[   3956] STATUS mode=1 fault=none enc=83 denc=0 sreq=0 sapplied=0 crate=0 uimp=0 upos=0 uneg=0 ball=-55.62 vball=-0.07 aball=0.0 bref=-50.00 pid=0.0 pref=33.6 ppos=33.6 apid=0.0 integ=0.0 vision=1 current=1 vframe=1215 vs=1 vage=2 vpage=2 vdt=33 vmax=99 vacc=1203 vrej=0 seq=3 elapsed=4859 oled=3C
[   4006] STATUS mode=1 fault=none enc=83 denc=0 sreq=0 sapplied=0 crate=0 uimp=0 upos=0 uneg=0 ball=-55.62 vball=-0.04 aball=0.0 bref=-50.00 pid=0.0 pref=33.6 ppos=33.6 apid=0.0 integ=0.0 vision=1 current=1 vframe=1216 vs=1 vage=19 vpage=19 vdt=33 vmax=99 vacc=1204 vrej=0 seq=3 elapsed=4859 oled=3C
[   4056] STATUS mode=1 fault=none enc=83 denc=0 sreq=0 sapplied=0 crate=0 uimp=0 upos=0 uneg=0 ball=-55.62 vball=-0.02 aball=0.0 bref=-50.00 pid=0.0 pref=33.6 ppos=33.6 apid=0.0 integ=0.0 vision=1 current=1 vframe=1218 vs=1 vage=2 vpage=2 vdt=34 vmax=99 vacc=1206 vrej=0 seq=3 elapsed=4859 oled=3C
[   4106] STATUS mode=1 fault=none enc=83 denc=0 sreq=0 sapplied=0 crate=0 uimp=0 upos=0 uneg=0 ball=-55.57 vball=0.39 aball=0.0 bref=-50.00 pid=0.0 pref=33.6 ppos=33.6 apid=0.0 integ=0.0 vision=1 current=1 vframe=1219 vs=1 vage=19 vpage=19 vdt=33 vmax=99 vacc=1207 vrej=0 seq=3 elapsed=4859 oled=3C
[   4156] STATUS mode=1 fault=none enc=83 denc=0 sreq=0 sapplied=0 crate=0 uimp=0 upos=0 uneg=0 ball=-55.55 vball=0.31 aball=0.0 bref=-50.00 pid=0.0 pref=33.6 ppos=33.6 apid=0.0 integ=0.0 vision=1 current=1 vframe=1221 vs=1 vage=3 vpage=3 vdt=32 vmax=99 vacc=1209 vrej=0 seq=3 elapsed=4859 oled=3C
[   4206] STATUS mode=1 fault=none enc=83 denc=0 sreq=0 sapplied=0 crate=0 uimp=0 upos=0 uneg=0 ball=-55.55 vball=0.21 aball=0.0 bref=-50.00 pid=0.0 pref=33.6 ppos=33.6 apid=0.0 integ=0.0 vision=1 current=1 vframe=1222 vs=1 vage=18 vpage=18 vdt=35 vmax=99 vacc=1210 vrej=0 seq=3 elapsed=4859 oled=3C
[   4256] STATUS mode=1 fault=none enc=83 denc=0 sreq=0 sapplied=0 crate=0 uimp=0 upos=0 uneg=0 ball=-55.61 vball=-0.34 aball=0.0 bref=-50.00 pid=0.0 pref=33.6 ppos=33.6 apid=0.0 integ=0.0 vision=1 current=1 vframe=1224 vs=1 vage=3 vpage=3 vdt=33 vmax=99 vacc=1212 vrej=0 seq=3 elapsed=4859 oled=3C
[   4306] STATUS mode=1 fault=none enc=83 denc=0 sreq=0 sapplied=0 crate=0 uimp=0 upos=0 uneg=0 ball=-55.62 vball=-0.31 aball=0.0 bref=-50.00 pid=0.0 pref=33.6 ppos=33.6 apid=0.0 integ=0.0 vision=1 current=1 vframe=1225 vs=1 vage=20 vpage=20 vdt=33 vmax=99 vacc=1213 vrej=0 seq=3 elapsed=4859 oled=3C
[   4356] STATUS mode=1 fault=none enc=83 denc=0 sreq=0 sapplied=0 crate=0 uimp=0 upos=0 uneg=0 ball=-55.62 vball=-0.15 aball=0.0 bref=-50.00 pid=0.0 pref=33.6 ppos=33.6 apid=0.0 integ=0.0 vision=1 current=1 vframe=1227 vs=1 vage=3 vpage=3 vdt=33 vmax=99 vacc=1215 vrej=0 seq=3 elapsed=4859 oled=3C
[   4406] STATUS mode=1 fault=none enc=83 denc=0 sreq=0 sapplied=0 crate=0 uimp=0 upos=0 uneg=0 ball=-55.62 vball=-0.10 aball=0.0 bref=-50.00 pid=0.0 pref=33.6 ppos=33.6 apid=0.0 integ=0.0 vision=1 current=1 vframe=1228 vs=1 vage=18 vpage=18 vdt=35 vmax=99 vacc=1216 vrej=0 seq=3 elapsed=4859 oled=3C
[   4456] STATUS mode=1 fault=none enc=83 denc=0 sreq=0 sapplied=0 crate=0 uimp=0 upos=0 uneg=0 ball=-55.62 vball=-0.04 aball=0.0 bref=-50.00 pid=0.0 pref=33.6 ppos=33.6 apid=0.0 integ=0.0 vision=1 current=1 vframe=1230 vs=1 vage=3 vpage=3 vdt=32 vmax=99 vacc=1218 vrej=0 seq=3 elapsed=4859 oled=3C
[   4506] STATUS mode=1 fault=none enc=83 denc=0 sreq=0 sapplied=0 crate=0 uimp=0 upos=0 uneg=0 ball=-55.62 vball=-0.02 aball=0.0 bref=-50.00 pid=0.0 pref=33.6 ppos=33.6 apid=0.0 integ=0.0 vision=1 current=1 vframe=1231 vs=1 vage=19 vpage=19 vdt=34 vmax=99 vacc=1219 vrej=0 seq=3 elapsed=4859 oled=3C
[   4556] STATUS mode=1 fault=none enc=83 denc=0 sreq=0 sapplied=0 crate=0 uimp=0 upos=0 uneg=0 ball=-55.62 vball=-0.01 aball=0.0 bref=-50.00 pid=0.0 pref=33.6 ppos=33.6 apid=0.0 integ=0.0 vision=1 current=1 vframe=1233 vs=1 vage=2 vpage=2 vdt=34 vmax=99 vacc=1221 vrej=0 seq=3 elapsed=4859 oled=3C
[   4606] STATUS mode=1 fault=none enc=83 denc=0 sreq=0 sapplied=0 crate=0 uimp=0 upos=0 uneg=0 ball=-55.62 vball=-0.01 aball=0.0 bref=-50.00 pid=0.0 pref=33.6 ppos=33.6 apid=0.0 integ=0.0 vision=1 current=1 vframe=1234 vs=1 vage=11 vpage=11 vdt=41 vmax=99 vacc=1222 vrej=0 seq=3 elapsed=4859 oled=3C
[   4656] STATUS mode=1 fault=none enc=83 denc=0 sreq=0 sapplied=0 crate=0 uimp=0 upos=0 uneg=0 ball=-55.62 vball=-0.00 aball=0.0 bref=-50.00 pid=0.0 pref=33.6 ppos=33.6 apid=0.0 integ=0.0 vision=1 current=1 vframe=1236 vs=1 vage=3 vpage=3 vdt=28 vmax=99 vacc=1224 vrej=0 seq=3 elapsed=4859 oled=3C
[   4706] STATUS mode=1 fault=none enc=83 denc=0 sreq=0 sapplied=0 crate=0 uimp=0 upos=0 uneg=0 ball=-55.62 vball=-0.00 aball=0.0 bref=-50.00 pid=0.0 pref=33.6 ppos=33.6 apid=0.0 integ=0.0 vision=1 current=1 vframe=1237 vs=1 vage=18 vpage=18 vdt=35 vmax=99 vacc=1225 vrej=0 seq=3 elapsed=4859 oled=3C
[   4756] STATUS mode=1 fault=none enc=83 denc=0 sreq=0 sapplied=0 crate=0 uimp=0 upos=0 uneg=0 ball=-55.93 vball=-2.09 aball=0.0 bref=-50.00 pid=0.0 pref=33.6 ppos=33.6 apid=0.0 integ=0.0 vision=1 current=1 vframe=1239 vs=1 vage=2 vpage=2 vdt=33 vmax=99 vacc=1227 vrej=0 seq=3 elapsed=4859 oled=3C
[   4806] STATUS mode=1 fault=none enc=83 denc=0 sreq=0 sapplied=0 crate=0 uimp=0 upos=0 uneg=0 ball=-55.95 vball=-1.61 aball=0.0 bref=-50.00 pid=0.0 pref=33.6 ppos=33.6 apid=0.0 integ=0.0 vision=1 current=1 vframe=1240 vs=1 vage=19 vpage=19 vdt=33 vmax=99 vacc=1228 vrej=0 seq=3 elapsed=4859 oled=3C
[   4856] STATUS mode=1 fault=none enc=83 denc=0 sreq=0 sapplied=0 crate=0 uimp=0 upos=0 uneg=0 ball=-55.94 vball=-0.73 aball=0.0 bref=-50.00 pid=0.0 pref=33.6 ppos=33.6 apid=0.0 integ=0.0 vision=1 current=1 vframe=1242 vs=1 vage=3 vpage=3 vdt=33 vmax=99 vacc=1230 vrej=0 seq=3 elapsed=4859 oled=3C
[   4906] STATUS mode=1 fault=none enc=83 denc=0 sreq=0 sapplied=0 crate=0 uimp=0 upos=0 uneg=0 ball=-55.93 vball=-0.46 aball=0.0 bref=-50.00 pid=0.0 pref=33.6 ppos=33.6 apid=0.0 integ=0.0 vision=1 current=1 vframe=1243 vs=1 vage=19 vpage=19 vdt=34 vmax=99 vacc=1231 vrej=0 seq=3 elapsed=4859 oled=3C
[   4956] STATUS mode=1 fault=none enc=83 denc=0 sreq=0 sapplied=0 crate=0 uimp=0 upos=0 uneg=0 ball=-55.93 vball=-0.18 aball=0.0 bref=-50.00 pid=0.0 pref=33.6 ppos=33.6 apid=0.0 integ=0.0 vision=1 current=1 vframe=1245 vs=1 vage=3 vpage=3 vdt=33 vmax=99 vacc=1233 vrej=0 seq=3 elapsed=4859 oled=3C
[   5006] STATUS mode=1 fault=none enc=83 denc=0 sreq=0 sapplied=0 crate=0 uimp=0 upos=0 uneg=0 ball=-55.68 vball=2.01 aball=0.0 bref=-50.00 pid=0.0 pref=33.6 ppos=33.6 apid=0.0 integ=0.0 vision=1 current=1 vframe=1246 vs=1 vage=19 vpage=19 vdt=34 vmax=99 vacc=1234 vrej=0 seq=3 elapsed=4859 oled=3C
[   5056] STATUS mode=1 fault=none enc=83 denc=0 sreq=0 sapplied=0 crate=0 uimp=0 upos=0 uneg=0 ball=-55.59 vball=1.60 aball=0.0 bref=-50.00 pid=0.0 pref=33.6 ppos=33.6 apid=0.0 integ=0.0 vision=1 current=1 vframe=1248 vs=1 vage=3 vpage=3 vdt=33 vmax=99 vacc=1236 vrej=0 seq=3 elapsed=4859 oled=3C
[   5106] STATUS mode=1 fault=none enc=83 denc=0 sreq=0 sapplied=0 crate=0 uimp=0 upos=0 uneg=0 ball=-55.59 vball=1.11 aball=0.0 bref=-50.00 pid=0.0 pref=33.6 ppos=33.6 apid=0.0 integ=0.0 vision=1 current=1 vframe=1249 vs=1 vage=19 vpage=19 vdt=34 vmax=99 vacc=1237 vrej=0 seq=3 elapsed=4859 oled=3C
[   5156] STATUS mode=1 fault=none enc=83 denc=0 sreq=0 sapplied=0 crate=0 uimp=0 upos=0 uneg=0 ball=-55.60 vball=0.47 aball=0.0 bref=-50.00 pid=0.0 pref=33.6 ppos=33.6 apid=0.0 integ=0.0 vision=1 current=1 vframe=1251 vs=1 vage=2 vpage=2 vdt=34 vmax=99 vacc=1239 vrej=0 seq=3 elapsed=4859 oled=3C
[   5206] STATUS mode=1 fault=none enc=83 denc=0 sreq=0 sapplied=0 crate=0 uimp=0 upos=0 uneg=0 ball=-55.61 vball=0.28 aball=0.0 bref=-50.00 pid=0.0 pref=33.6 ppos=33.6 apid=0.0 integ=0.0 vision=1 current=1 vframe=1252 vs=1 vage=18 vpage=18 vdt=34 vmax=99 vacc=1240 vrej=0 seq=3 elapsed=4859 oled=3C
[   5231] S
[   5231] >>> stream off
[   5256] TATUS mode=1 fault=none enc=83 denc=0 sreq=0 sapplied=0 crate=0 uimp=0 upos=0 uneg=0 ball=-55.61 vball=0.11 aball=0.0 bref=-50.00 pid=0.0 pref=33.6 ppos=33.6 apid=0.0 integ=0.0 vision=1 current=1 vframe=1254 vs=1 vage=2 vpage=2 vdt=34 vmax=99 vacc=1242 vrej=0 seq=3 elapsed=4859 oled=3C
[   5258] OK stream off
[   5373] >>> status
[   5400] STATUS mode=1 fault=none enc=83 denc=0 sreq=0 sapplied=0 crate=0 uimp=0 upos=0 uneg=0 ball=-55.62 vball=0.01 aball=0.0 bref=-50.00 pid=0.0 pref=33.6 ppos=33.6 apid=0.0 integ=0.0 vision=1 current=1 vframe=1258 vs=1 vage=11 vpage=11 vdt=34 vmax=99 vacc=1246 vrej=0 seq=3 elapsed=4859 oled=3C
