[      0] >>> bench on
[     16] OK stepper visual-only bench active; command pose preserved
[    202] >>> clear
[    202] OK fault cleared
[    391] >>> diag reset
[    391] OK actuator diagnostics reset
[    577] >>> gain ball 1.2 2.0 2.0 -1
[    577] OK ball gains kp=1.200 ki=2.000 kd=2.000 sign=-1
[    766] >>> gain accel 0
[    766] OK ball acceleration gain ka=0.000
[    952] >>> limit rate 400
[    952] OK ball rate limit=400 steps/s
[   1141] >>> stream on 20
[   1141] OK stream on 20 ms
[   1188] STATUS mode=1 fault=none enc=-234 denc=0 sreq=0 sapplied=0 crate=0 uimp=0 upos=0 uneg=0 ball=-8.04 vball=0.11 aball=0.0 bref=0.00 pid=0.0 pref=-188.8 ppos=-188.8 apid=0.0 integ=0.0 vision=1 current=1 vframe=7015 vs=1 vage=6 vpage=6 vdt=14 vmax=4229 vacc=6896 vrej=0 seq=0 elapsed=0 oled=3C
[   1202] STATUS mode=1 fault=none enc=-234 denc=0 sreq=0 sapplied=0 crate=0 uimp=0 upos=0 uneg=0 ball=-8.12 vball=-1.02 aball=0.0 bref=0.00 pid=0.0 pref=-188.8 ppos=-188.8 apid=0.0 integ=0.0 vision=1 current=1 vframe=7016 vs=1 vage=4 vpage=4 vdt=22 vmax=4229 vacc=6897 vrej=0 seq=0 elapsed=0 oled=3C
[   1234] STATUS mode=1 fault=none enc=-234 denc=0 sreq=0 sapplied=0 crate=0 uimp=0 upos=0 uneg=0 ball=-8.12 vball=-1.02 aball=0.0 bref=0.00 pid=0.0 pref=-188.8 ppos=-188.8 apid=0.0 integ=0.0 vision=1 current=1 vframe=7016 vs=1 vage=24 vpage=24 vdt=22 vmax=4229 vacc=6897 vrej=0 seq=0 elapsed=0 oled=3C
[   1266] STATUS mode=1 fault=none enc=-234 denc=0 sreq=0 sapplied=0 crate=0 uimp=0 upos=0 uneg=0 ball=-8.20 vball=-1.40 aball=0.0 bref=0.00 pid=0.0 pref=-188.8 ppos=-188.8 apid=0.0 integ=0.0 vision=1 current=1 vframe=7017 vs=1 vage=11 vpage=11 vdt=33 vmax=4229 vacc=6898 vrej=0 seq=0 elapsed=0 oled=3C
[   1282] STATUS mode=1 fault=none enc=-234 denc=0 sreq=0 sapplied=0 crate=0 uimp=0 upos=0 uneg=0 ball=-8.10 vball=-0.09 aball=0.0 bref=0.00 pid=0.0 pref=-188.8 ppos=-188.8 apid=0.0 integ=0.0 vision=1 current=1 vframe=7018 vs=1 vage=18 vpage=18 vdt=33 vmax=4229 vacc=6899 vrej=0 seq=0 elapsed=0 oled=3C
[   1297] STATUS mode=1 fault=none enc=-234 denc=0 sreq=0 sapplied
[   1297] >>> ball sequence
[   1313] =0 crate=0 uimp=0 upos=0 uneg=0 ball=-8.06 vball=0.24 aball=0.0 bref=0.00 pid=0.0 pref=-188.8 ppos=-188.8 apid=0.0 integ=0.0 vision=1 current=1 vframe=7019 vs=1 vage=5 vpage=5 vdt=33 vmax=4229 vacc=6900 vrej=0 seq=0 elapsed=0 oled=3C
[   1327] STATUS mode=4 fault=none enc=-234 denc=0 sreq=-100 sapplied=-100 crate=-100 uimp=0 upos=0 uneg=0 ball=-8.06 vball=0.24 aball=0.0 bref=50.00 pid=-400.0 pref=-258.0 ppos=-188.8 apid=0.0 integ=-0.0 vision=1 current=1 vframe=7019 vs=1 vage=25 vpage=25 vdt=33 vmax=4229 vacc=6900 vrej=0 seq=1 elapsed=7 oled=3C
[   1359] STATUS mode=4 fault=none enc=-238 denc=-2 sreq=-400 sapplied=-400 crate=-400 uimp=-5000 upos=0 uneg=20 ball=-8.05 vball=0.27 aball=0.0 bref=50.00 pid=-400.0 pref=-257.9 ppos=-193.8 apid=0.0 integ=-0.0 vision=1 current=1 vframe=7020 vs=1 vage=12 vpage=12 vdt=33 vmax=4229 vacc=6901 vrej=0 seq=1 elapsed=27 oled=3C
[   1391] STATUS mode=4 fault=none enc=-259 denc=-3 sreq=-400 sapplied=-400 crate=-400 uimp=-21000 upos=0 uneg=60 ball=-8.05 vball=0.21 aball=0.0 bref=50.00 pid=-400.0 pref=-258.0 ppos=-209.8 apid=0.0 integ=-0.0 vision=1 current=1 vframe=7021 vs=1 vage=18 vpage=18 vdt=34 vmax=4229 vacc=6902 vrej=0 seq=1 elapsed=67 oled=3C
[   1422] STATUS mode=4 fault=none enc=-269 denc=-2 sreq=-400 sapplied=-400 crate=-400 uimp=-29000 upos=0 uneg=80 ball=-8.05 vball=0.15 aball=-0.4 bref=50.00 pid=-400.0 pref=-258.2 ppos=-217.8 apid=-0.0 integ=-0.0 vision=1 current=1 vframe=7022 vs=1 vage=6 vpage=6 vdt=32 vmax=4229 vacc=6903 vrej=0 seq=1 elapsed=87 oled=3C
[   1452] STATUS mode=4 fault=none enc=-286 denc=-2 sreq=-269 sapplied=-269 crate=-269 uimp=-42575 upos=0 uneg=120 ball=-8.05 vball=0.10 aball=-0.4 bref=50.00 pid=-268.9 pref=-258.3 ppos=-231.4 apid=-0.0 integ=-0.0 vision=1 current=1 vframe=7023 vs=1 vage=12 vpage=12 vdt=34 vmax=4229 vacc=6904 vrej=0 seq=1 elapsed=127 o
[   1452] led=3C
[   1468] STATUS mode=4 fault=none enc=-291 denc=0 sreq=-219 sapplied=-219 crate=-219 uimp=-47565 upos=0 uneg=140 ball=-8.05 vball=0.10 aball=-0.4 bref=50.00 pid=-219.0 pref=-258.3 ppos=-236.4 apid=-0.0 integ=-0.0 vision=1 current=1 vframe=7023 vs=1 vage=32 vpage=32 vdt=34 vmax=4229 vacc=6904 vrej=0 seq=1 elapsed=147 oled=3C
[   1500] STATUS mode=4 fault=none enc=-297 denc=-1 sreq=-179 sapplied=-179 crate=-179 uimp=-51635 upos=0 uneg=160 ball=-8.05 vball=0.06 aball=-0.4 bref=50.00 pid=-179.0 pref=-258.3 ppos=-240.4 apid=-0.0 integ=-0.0 vision=1 current=1 vframe=7024 vs=1 vage=18 vpage=18 vdt=34 vmax=4229 vacc=6905 vrej=0 seq=1 elapsed=167 oled=3C
[   1532] STATUS mode=4 fault=none enc=-306 denc=-1 sreq=-150 sapplied=-150 crate=-150 uimp=-58380 upos=0 uneg=200 ball=-8.05 vball=0.04 aball=-0.7 bref=50.00 pid=-150.3 pref=-262.2 ppos=-247.2 apid=-0.0 integ=-3.8 vision=1 current=1 vframe=7025 vs=1 vage=25 vpage=25 vdt=33 vmax=4229 vacc=6906 vrej=0 seq=1 elapsed=207 oled=3C
[   1563] STATUS mode=4 fault=none enc=-310 denc=-1 sreq=-157 sapplied=-157 crate=-157 uimp=-61355 upos=0 uneg=220 ball=-8.04 vball=0.11 aball=-0.7 bref=50.00 pid=-157.3 pref=-265.9 ppos=-250.2 apid=-0.0 integ=-7.7 vision=1 current=1 vframe=7026 vs=1 vage=12 vpage=12 vdt=33 vmax=4229 vacc=6907 vrej=0 seq=1 elapsed=227 oled=3C
[   1577] STATUS mode=4 fault=none enc=-313 denc=-1 sreq=-128 sapplied=-128 crate=-128 uimp=-64270 upos=0 uneg=240 ball=-8.04 vball=0.11 aball=-0.7 bref=50.00 pid=-128.2 pref=-265.9 ppos=-253.1 apid=-0.0 integ=-7.7 vision=1 current=1 vframe=7026 vs=1 vage=32 vpage=32 vdt=33 vmax=4229 vacc=6907 vrej=0 seq=1 elapsed=247 oled=3C
[   1609] STATUS mode=4 fault=none enc=-319 denc=-1 sreq=-176 sapplied=-176 crate=-176 uimp=-69635 upos=0 uneg=280 ball=-8.17 vball=-1.01 aball=-5.1 bref=50.00 pid=-176.4 pref=-276.1 ppos=-258.4 apid=-0.0 integ=-15.4 vision=1 current=1 vframe=7028 vs=1 vage=5 vpage=5 vdt=33 vmax=4229 vacc=6909 vrej=0 seq=1 elapsed=287 oled=3C
[   1641] STATUS mode=4 fault=none enc=-323 denc=0 sreq=-144 sapplied=-144 crate=-144 uimp=-72905 upos=0 uneg=300 ball=-8.17 vball=-1.01 aball=-5.1 bref=50.00 pid=-143.7 pref=-276.1 ppos=-261.7 apid=-0.0 integ=-15.4 vision=1 current=1 vframe=7028 vs=1 vage=25 vpage=25 vdt=33 vmax=4229 vacc=6909 vrej=0 seq=1 elapsed=307 oled=3C
[   1672] STATUS mode=4 fault=none enc=-329 denc=-1 sreq=-88 sapplied=-88 crate=-88 uimp=-77485 upos=0 uneg=340 ball=-7.56 vball=4.55 aball=-5.1 bref=50.00 pid=-88.2 pref=-275.1 ppos=-266.3 apid=-0.0 integ=-19.0 vision=1 current=1 vframe=7030 vs=1 vage=1 vpage=1 vdt=33 vmax=4229 vacc=6911 vrej=0 seq=1 elapsed=347 oled=3C
[   1688] STATUS mode=4 fault=none enc=-330 denc=0 sreq=0 sapplied=0 crate=-11 uimp=-77925 upos=0 uneg=345 ball=-7.56 vball=4.55 aball=-5.1 bref=50.00 pid=-10.9 pref=-267.8 ppos=-266.7 apid=-0.0 integ=-19.0 vision=1 current=1 vframe=7030 vs=1 vage=21 vpage=21 vdt=33 vmax=4229 vacc=6911 vrej=0 seq=1 elapsed=367 oled=3C
[   1718] STATUS mode=4 fault=none enc=-330 denc=0 sreq=33 sapplied=0 crate=33 uimp=-77925 upos=0 uneg=345 ball=-7.18 vball=6.54 aball=31.9 bref=50.00 pid=33.5 pref=-263.4 ppos=-266.7 apid=0.0 integ=-19.0 vision=1 current=1 vframe=7031 vs=1 vage=7 vpage=7 vdt=34 vmax=4229 vacc=6912 vrej=0 seq=1 elapsed=387 oled=3C
[   1750] STATUS mode=4 fault=none enc=-330 denc=-1 sreq=52 sapplied=52 crate=52 uimp=-76605 upos=35 uneg=345 ball=-6.81 vball=7.92 aball=31.9 bref=50.00 pid=52.3 pref=-260.2 ppos=-265.4 apid=0.0 integ=-19.0 vision=1 current=1 vframe=7032 vs=1 vage=14 vpage=14 vdt=33 vmax=4229 vacc=6913 vrej=0 seq=1 elapsed=427 oled=3C
[   1782] STATUS mode=4 fault=none enc=-329 denc=-1 sreq=43 sapplied=43 crate=43 uimp=-75635 upos=55 uneg=345 ball=-6.81 vball=7.92 aball=31.9 bref=50.00 pid=42.6 pref=-260.2 ppos=-264.4 apid=0.0 integ=-19.0 vision=1 current=1 vframe=7032 vs=1 vage=34 vpage=34 vdt=33 vmax=4229 vacc=6913 vrej=0 seq=1 elapsed=447 oled=3C
[   1797] STATUS mode=4 fault=none enc=-327 denc=0 sreq=134 sapplied=134 crate=134 uimp=-73260 upos=75 uneg=345 ball=-5.99 vball=13.17 aball=31.9 bref=50.00 pid=133.7 pref=-248.7 ppos=-262.1 apid=0.0 integ=-0.0 vision=1 current=1 vframe=7033 vs=1 vage=20 vpage=20 vdt=34 vmax=4229 vacc=6914 vrej=0 seq=1 elapsed=467 oled=3C
[   1827] STATUS mode=4 fault=none enc=-320 denc=1 sreq=141 sapplied=141 crate=141 uimp=-67215 upos=115 uneg=345 ball=-5.21 vball=16.10 aball=61.4 bref=50.00 pid=141.2 pref=-241.9 ppos=-256.0 apid=0.0 integ=-0.0 vision=1 current=1 vframe=7034 vs=1 vage=29 vpage=29 vdt=31 vmax=4229 vacc=6915 vrej=0 seq=1 elapsed=507 oled=3C
[   1859] STATUS mode=4 fault=none enc=-316 denc=2 sreq=125 sapplied=125 crate=125 uimp=-64485 upos=135 uneg=345 ball=-4.66 vball=16.33 aball=61.4 bref=50.00 pid=125.1 pref=-240.8 ppos=-253.3 apid=0.0 integ=-0.0 vision=1 current=1 vframe=7035 vs=1 vage=17 vpage=17 vdt=32 vmax=4229 vacc=6916 vrej=0 seq=1 elapsed=527 oled=3C
[   1891] STATUS mode=4 fault=none enc=-308 denc=2 sreq=207 sapplied=207 crate=207 uimp=-58405 upos=175 uneg=345 ball=-3.43 vball=22.74 aball=61.4 bref=50.00 pid=207.3 pref=-226.5 ppos=-247.2 apid=0.0 integ=-0.0 vision=1 current=1 vframe=7036 vs=1 vage=23 vpage=23 vdt=34 vmax=4229 vacc=6917 vrej=0 seq=1 elapsed=567 oled=3C
[   1907] STATUS mode=4 fault=none enc=-303 denc=2 sreq=203 sapplied=203 crate=203 uimp=-54380 upos=195 uneg=345 ball=-2.51 vball=24.01 aball=69.7 bref=50.00 pid=203.5 pref=-222.8 ppos=-243.2 apid=0.0 integ=-0.0 vision=1 current=1 vframe=7037 vs=1 vage=10 vpage=10 vdt=33 vmax=4229 vacc=6918 vrej=0 seq=1 elapsed=587 oled=3C
[   1938] STATUS mode=4 fault=none enc=-299 denc=1 sreq=166 sapplied=166 crate=166 uimp=-50610 upos=215 uneg=345 ball=-2.51 vball=24.01 aball=69.7 bref=50.00 pid=165.8 pref=-222.8 ppos=-239.4 apid=0.0 integ=-0.0 vision=1 current=1 vframe=7037 vs=1 vage=30 vpage=30 vdt=33 vmax=4229 vacc=6918 vrej=0 seq=1 elapsed=607 oled=3C
[   1968] STATUS mode=4 fault=none enc=-289 denc=2 sreq=156 sapplied=156 crate=156 uimp=-43370 upos=255 uneg=345 ball=-0.09 vball=31.19 aball=69.7 bref=50.00 pid=156.0 pref=-216.6 ppos=-232.2 apid=0.0 integ=-0.0 vision=1 current=1 vframe=7039 vs=1 vage=3 vpage=3 vdt=31 vmax=4229 vacc=6920 vrej=0 seq=1 elapsed=647 oled=3C
[   2000] STATUS mode=4 fault=none enc=-283 denc=2 sreq=222 sapplied=222 crate=222 uimp=-38920 upos=275 uneg=345 ball=-0.09 vball=31.19 aball=69.7 bref=50.00 pid=221.5 pref=-205.6 ppos=-227.7 apid=0.0 integ=-0.0 vision=1 current=1 vframe=7039 vs=1 vage=23 vpage=23 vdt=31 vmax=4229 vacc=6920 vrej=0 seq=1 elapsed=667 oled=3C
[   2016] STATUS mode=4 fault=none enc=-278 denc=2 sreq=185 sapplied=185 crate=185 uimp=-34785 upos=295 uneg=345 ball=0.93 vball=30.83 aball=69.0 bref=50.00 pid=185.2 pref=-205.1 ppos=-223.6 apid=0.0 integ=-0.0 vision=1 current=1 vframe=7040 vs=1 vage=10 vpage=10 vdt=33 vmax=4229 vacc=6921 vrej=0 seq=1 elapsed=687 oled=3C
[   2047] STATUS mode=4 fault=none enc=-269 denc=2 sreq=221 sapplied=221 crate=221 uimp=-27505 upos=335 uneg=345 ball=2.47 vball=35.33 aball=69.0 bref=50.00 pid=220.9 pref=-194.2 ppos=-216.3 apid=0.0 integ=-0.0 vision=1 current=1 vframe=7041 vs=1 vage=17 vpage=17 vdt=33 vmax=4229 vacc=6922 vrej=0 seq=1 elapsed=727 oled=3C
[   2077] STATUS mode=4 fault=none enc=-264 denc=1 sreq=180 sapplied=180 crate=180 uimp=-23410 upos=355 uneg=345 ball=3.76 vball=36.33 aball=69.0 bref=50.00 pid=179.9 pref=-194.2 ppos=-212.2 apid=0.0 integ=-0.0 vision=1 current=1 vframe=7042 vs=1 vage=3 vpage=3 vdt=34 vmax=4229 vacc=6923 vrej=0 seq=1 elapsed=747 oled=3C
[   2109] STATUS mode=4 fault=none enc=-259 denc=0 sreq=177 sapplied=177 crate=177 uimp=-19570 upos=375 uneg=345 ball=3.76 vball=36.33 aball=69.0 bref=50.00 pid=177.0 pref=-190.7 ppos=-208.4 apid=0.0 integ=-0.0 vision=1 current=1 vframe=7042 vs=1 vage=23 vpage=23 vdt=34 vmax=4229 vacc=6923 vrej=0 seq=1 elapsed=767 oled=3C
[   2125] STATUS mode=4 fault=none enc=-253 denc=-1 sreq=89 sapplied=89 crate=89 uimp=-14450 upos=415 uneg=345 ball=4.73 vball=33.90 aball=51.7 bref=50.00 pid=88.8 pref=-194.4 ppos=-203.2 apid=0.0 integ=-0.0 vision=1 current=1 vframe=7043 vs=1 vage=29 vpage=29 vdt=34 vmax=4229 vacc=6924 vrej=0 seq=1 elapsed=807 oled=3C
[   2157] STATUS mode=4 fault=none enc=-251 denc=0 sreq=60 sapplied=60 crate=60 uimp=-12940 upos=435 uneg=345 ball=5.60 vball=32.67 aball=51.7 bref=50.00 pid=59.6 pref=-195.8 ppos=-201.7 apid=0.0 integ=-0.0 vision=1 current=1 vframe=7044 vs=1 vage=16 vpage=16 vdt=33 vmax=4229 vacc=6925 vrej=0 seq=1 elapsed=827 oled=3C
[   2188] STATUS mode=4 fault=none enc=-246 denc=1 sreq=174 sapplied=174 crate=174 uimp=-8970 upos=475 uneg=345 ball=7.40 vball=39.30 aball=51.7 bref=50.00 pid=174.1 pref=-180.4 ppos=-197.8 apid=0.0 integ=-0.0 vision=1 current=1 vframe=7045 vs=1 vage=23 vpage=23 vdt=33 vmax=4229 vacc=6926 vrej=0 seq=1 elapsed=867 oled=3C
[   2218] STATUS mode=4 fault=none enc=-241 denc=2 sreq=183 sapplied=183 crate=183 uimp=-5525 upos=495 uneg=345 ball=8.86 vball=40.59 aball=58.5 bref=50.00 pid=182.9 pref=-176.0 ppos=-194.3 apid=0.0 integ=-0.0 vision=1 current=1 vframe=7046 vs=1 vage=9 vpage=9 vdt=34 vmax=4229 vacc=6927 vrej=0 seq=1 elapsed=887 oled=3C
[   2234] STATUS mode=4 fault=none enc=-238 denc=1 sreq=149 sapplied=149 crate=149 uimp=-2130 upos=515 uneg=345 ball=8.86 vball=40.59 aball=58.5 bref=50.00 pid=149.0 pref=-176.0 ppos=-190.9 apid=0.0 integ=-0.0 vision=1 current=1 vframe=7046 vs=1 vage=29 vpage=29 vdt=34 vmax=4229 vacc=6927 vrej=0 seq=1 elapsed=907 oled=3C
[   2266] STATUS mode=4 fault=none enc=-229 denc=2 sreq=139 sapplied=139 crate=139 uimp=4335 upos=555 uneg=345 ball=11.86 vball=42.82 aball=58.5 bref=50.00 pid=139.1 pref=-170.6 ppos=-184.5 apid=0.0 integ=-0.0 vision=1 current=1 vframe=7048 vs=1 vage=1 vpage=1 vdt=35 vmax=4229 vacc=6929 vrej=0 seq=1 elapsed=947 oled=3C
[   2297] STATUS mode=4 fault=none enc=-226 denc=1 sreq=135 sapplied=135 crate=135 uimp=7285 upos=575 uneg=345 ball=11.86 vball=42.82 aball=58.5 bref=50.00 pid=135.4 pref=-168.0 ppos=-181.5 apid=0.0 integ=-0.0 vision=1 current=1 vframe=7048 vs=1 vage=21 vpage=21 vdt=35 vmax=4229 vacc=6929 vrej=0 seq=1 elapsed=967 oled=3C
[   2327] STATUS mode=4 fault=none enc=-223 denc=0 sreq=77 sapplied=77 crate=77 uimp=9795 upos=595 uneg=345 ball=13.02 vball=40.48 aball=31.7 bref=50.00 pid=77.5 pref=-171.3 ppos=-179.0 apid=0.0 integ=-0.0 vision=1 current=1 vframe=7049 vs=1 vage=7 vpage=7 vdt=34 vmax=4229 vacc=6930 vrej=0 seq=1 elapsed=987 oled=3C
[   2343] STATUS mode=4 fault=none enc=-219 denc=0 sreq=61 sapplied=61 crate=61 uimp=12500 upos=635 uneg=345 ball=14.38 vball=40.17 aball=31.7 bref=50.00 pid=60.5 pref=-170.2 ppos=-176.3 apid=0.0 integ=-0.0 vision=1 current=1 vframe=7050 vs=1 vage=14 vpage=14 vdt=33 vmax=4229 vacc=6931 vrej=0 seq=1 elapsed=1027 oled=3C
[   2375] STATUS mode=4 fault=none enc=-218 denc=1 sreq=49 sapplied=49 crate=49 uimp=13625 upos=655 uneg=345 ball=15.78 vball=40.89 aball=31.7 bref=50.00 pid=49.3 pref=-170.2 ppos=-175.2 apid=0.0 integ=-0.0 vision=1 current=1 vframe=7051 vs=1 vage=1 vpage=1 vdt=33 vmax=4229 vacc=6932 vrej=0 seq=1 elapsed=1047 oled=3C
[   2407] STATUS mode=4 fault=none enc=-217 denc=0 sreq=67 sapplied=67 crate=67 uimp=14980 upos=675 uneg=345 ball=15.78 vball=40.89 aball=31.7 bref=50.00 pid=66.9 pref=-167.1 ppos=-173.8 apid=0.0 integ=-0.0 vision=1 current=1 vframe=7051 vs=1 vage=21 vpage=21 vdt=33 vmax=4229 vacc=6932 vrej=0 seq=1 elapsed=1067 oled=3C
[   2422] STATUS mode=4 fault=none enc=-213 denc=1 sreq=47 sapplied=47 crate=47 uimp=17295 upos=715 uneg=345 ball=17.13 vball=40.25 aball=16.4 bref=50.00 pid=47.2 pref=-166.8 ppos=-171.5 apid=0.0 integ=-0.0 vision=1 current=1 vframe=7052 vs=1 vage=27 vpage=27 vdt=34 vmax=4229 vacc=6933 vrej=0 seq=1 elapsed=1107 oled=3C
[   2452] STATUS mode=4 fault=none enc=-212 denc=-1 sreq=127 sapplied=127 crate=127 uimp=19130 upos=735 uneg=345 ball=18.89 vball=44.11 aball=16.4 bref=50.00 pid=127.2 pref=-156.9 ppos=-169.7 apid=0.0 integ=-0.0 vision=1 current=1 vframe=7053 vs=1 vage=14 vpage=14 vdt=33 vmax=4229 vacc=6934 vrej=0 seq=1 elapsed=1127 oled=3C
[   2484] STATUS mode=4 fault=none enc=-209 denc=2 sreq=104 sapplied=104 crate=104 uimp=21490 upos=755 uneg=345 ball=20.00 vball=40.91 aball=16.4 bref=50.00 pid=103.6 pref=-156.9 ppos=-167.3 apid=0.0 integ=-0.0 vision=1 current=1 vframe=7054 vs=1 vage=1 vpage=1 vdt=33 vmax=4229 vacc=6935 vrej=0 seq=1 elapsed=1147 oled=3C
[   2516] STATUS mode=4 fault=none enc=-208 denc=-2 sreq=26 sapplied=26 crate=26 uimp=23450 upos=795 uneg=345 ball=21.27 vball=39.79 aball=6.9 bref=50.00 pid=26.1 pref=-162.7 ppos=-165.3 apid=0.0 integ=-0.0 vision=1 current=1 vframe=7055 vs=1 vage=8 vpage=8 vdt=33 vmax=4229 vacc=6936 vrej=0 seq=1 elapsed=1187 oled=3C
[   2532] STATUS mode=4 fault=none enc=-207 denc=-1 sreq=21 sapplied=21 crate=21 uimp=23935 upos=815 uneg=345 ball=21.27 vball=39.79 aball=6.9 bref=50.00 pid=21.3 pref=-162.7 ppos=-164.9 apid=0.0 integ=-0.0 vision=1 current=1 vframe=7055 vs=1 vage=28 vpage=28 vdt=33 vmax=4229 vacc=6936 vrej=0 seq=1 elapsed=1207 oled=3C
[   2563] STATUS mode=4 fault=none enc=-206 denc=0 sreq=0 sapplied=0 crate=-16 uimp=24140 upos=825 uneg=345 ball=22.33 vball=37.40 aball=6.9 bref=50.00 pid=-15.9 pref=-166.2 ppos=-164.7 apid=0.0 integ=-0.0 vision=1 current=1 vframe=7056 vs=1 vage=33 vpage=33 vdt=35 vmax=4229 vacc=6937 vrej=0 seq=1 elapsed=1247 oled=3C
[   2593] STATUS mode=4 fault=none enc=-206 denc=0 sreq=-110 sapplied=-110 crate=-110 uimp=22950 upos=825 uneg=355 ball=22.92 vball=31.75 aball=6.9 bref=50.00 pid=-109.9 pref=-176.8 ppos=-165.8 apid=0.0 integ=-0.0 vision=1 current=1 vframe=7057 vs=1 vage=19 vpage=19 vdt=34 vmax=4229 vacc=6938 vrej=0 seq=1 elapsed=1267 oled=3C
[   2625] STATUS mode=4 fault=none enc=-208 denc=-1 sreq=-111 sapplied=-111 crate=-111 uimp=20915 upos=825 uneg=375 ball=23.68 vball=30.24 aball=-38.3 bref=50.00 pid=-110.6 pref=-178.9 ppos=-167.9 apid=-0.0 integ=-0.0 vision=1 current=1 vframe=7058 vs=1 vage=6 vpage=6 vdt=33 vmax=4229 vacc=6939 vrej=0 seq=1 elapsed=1287 oled=3C
[   2641] STATUS mode=4 fault=none enc=-212 denc=1 sreq=-89 sapplied=-89 crate=-89 uimp=17105 upos=825 uneg=415 ball=24.52 vball=28.92 aball=-38.3 bref=50.00 pid=-88.8 pref=-180.6 ppos=-171.7 apid=-0.0 integ=-0.0 vision=1 current=1 vframe=7059 vs=1 vage=12 vpage=12 vdt=34 vmax=4229 vacc=6940 vrej=0 seq=1 elapsed=1327 oled=3C
[   2672] STATUS mode=4 fault=none enc=-215 denc=0 sreq=-72 sapplied=-72 crate=-72 uimp=15460 upos=825 uneg=435 ball=24.52 vball=28.92 aball=-38.3 bref=50.00 pid=-72.4 pref=-180.6 ppos=-173.3 apid=-0.0 integ=-0.0 vision=1 current=1 vframe=7059 vs=1 vage=32 vpage=32 vdt=34 vmax=4229 vacc=6940 vrej=0 seq=1 elapsed=1347 oled=3C
[   2702] STATUS mode=4 fault=none enc=-218 denc=-2 sreq=-87 sapplied=-87 crate=-87 uimp=13660 upos=825 uneg=455 ball=25.27 vball=26.86 aball=-38.3 bref=50.00 pid=-86.6 pref=-183.8 ppos=-175.1 apid=-0.0 integ=-0.0 vision=1 current=1 vframe=7060 vs=1 vage=19 vpage=19 vdt=33 vmax=4229 vacc=6941 vrej=0 seq=1 elapsed=1367 oled=3C
[   2734] STATUS mode=4 fault=none enc=-221 denc=1 sreq=-81 sapplied=-81 crate=-81 uimp=10200 upos=825 uneg=495 ball=25.98 vball=24.97 aball=-44.8 bref=50.00 pid=-81.3 pref=-186.7 ppos=-178.6 apid=-0.0 integ=-0.0 vision=1 current=1 vframe=7061 vs=1 vage=26 vpage=26 vdt=33 vmax=4229 vacc=6942 vrej=0 seq=1 elapsed=1407 oled=3C
[   2766] STATUS mode=4 fault=none enc=-225 denc=-2 sreq=-81 sapplied=-81 crate=-81 uimp=8620 upos=825 uneg=515 ball=26.68 vball=23.77 aball=-44.8 bref=50.00 pid=-81.1 pref=-188.3 ppos=-180.2 apid=-0.0 integ=-0.0 vision=1 current=1 vframe=7062 vs=1 vage=12 vpage=12 vdt=34 vmax=4229 vacc=6943 vrej=0 seq=1 elapsed=1427 oled=3C
[   2782] STATUS mode=4 fault=none enc=-228 denc=-1 sreq=-125 sapplied=-125 crate=-125 uimp=4710 upos=825 uneg=555 ball=26.98 vball=19.45 aball=-44.8 bref=50.00 pid=-124.8 pref=-196.6 ppos=-184.1 apid=-0.0 integ=-0.0 vision=1 current=1 vframe=7063 vs=1 vage=19 vpage=19 vdt=33 vmax=4229 vacc=6944 vrej=0 seq=1 elapsed=1467 oled=3C
[   2813] STATUS mode=4 fault=none enc=-231 denc=-2 sreq=-188 sapplied=-188 crate=-188 uimp=2390 upos=825 uneg=575 ball=27.13 vball=15.02 aball=-69.4 bref=50.00 pid=-188.4 pref=-205.2 ppos=-186.4 apid=-0.0 integ=-0.0 vision=1 current=1 vframe=7064 vs=1 vage=6 vpage=6 vdt=33 vmax=4229 vacc=6945 vrej=0 seq=1 elapsed=1487 oled=3C
[   2843] STATUS mode=4 fault=none enc=-235 denc=-1 sreq=-153 sapplied=-153 crate=-153 uimp=-1105 upos=825 uneg=595 ball=27.13 vball=15.02 aball=-69.4 bref=50.00 pid=-153.4 pref=-205.2 ppos=-189.9 apid=-0.0 integ=-0.0 vision=1 current=1 vframe=7064 vs=1 vage=26 vpage=26 vdt=33 vmax=4229 vacc=6945 vrej=0 seq=1 elapsed=1507 oled=3C
[   2875] STATUS mode=4 fault=none enc=-243 denc=-1 sreq=-167 sapplied=-167 crate=-167 uimp=-8175 upos=825 uneg=635 ball=27.16 vball=10.79 aball=-69.4 bref=50.00 pid=-167.0 pref=-213.7 ppos=-197.0 apid=-0.0 integ=-0.0 vision=1 current=1 vframe=7065 vs=1 vage=33 vpage=33 vdt=33 vmax=4229 vacc=6946 vrej=0 seq=1 elapsed=1547 oled=3C
[   2891] STATUS mode=4 fault=none enc=-248 denc=0 sreq=-198 sapplied=-198 crate=-198 uimp=-12295 upos=825 uneg=655 ball=27.11 vball=7.23 aball=-69.4 bref=50.00 pid=-197.6 pref=-220.8 ppos=-201.1 apid=-0.0 integ=-0.0 vision=1 current=1 vframe=7066 vs=1 vage=20 vpage=20 vdt=33 vmax=4229 vacc=6947 vrej=0 seq=1 elapsed=1567 oled=3C
[   2922] STATUS mode=4 fault=none enc=-258 denc=-2 sreq=-136 sapplied=-136 crate=-136 uimp=-19050 upos=825 uneg=695 ball=27.30 vball=6.83 aball=-75.0 bref=50.00 pid=-135.7 pref=-221.4 ppos=-207.8 apid=-0.0 integ=-0.0 vision=1 current=1 vframe=7067 vs=1 vage=26 vpage=26 vdt=34 vmax=4229 vacc=6948 vrej=0 seq=1 elapsed=1607 oled=3C
[   2952] STATUS mode=4 fault=none enc=-259 denc=1 sreq=-70 sapplied=-70 crate=-70 uimp=-21350 upos=825 uneg=715 ball=27.73 vball=8.73 aball=-75.0 bref=50.00 pid=-69.6 pref=-217.1 ppos=-210.1 apid=-0.0 integ=-0.0 vision=1 current=1 vframe=7068 vs=1 vage=12 vpage=12 vdt=34 vmax=4229 vacc=6949 vrej=0 seq=1 elapsed=1627 oled=3C
[   2984] STATUS mode=4 fault=none enc=-261 denc=1 sreq=-57 sapplied=-57 crate=-57 uimp=-22645 upos=825 uneg=735 ball=27.73 vball=8.73 aball=-75.0 bref=50.00 pid=-56.6 pref=-217.1 ppos=-211.4 apid=-0.0 integ=-0.0 vision=1 current=1 vframe=7068 vs=1 vage=32 vpage=32 vdt=34 vmax=4229 vacc=6949 vrej=0 seq=1 elapsed=1647 oled=3C
[   3016] STATUS mode=4 fault=none enc=-262 denc=0 sreq=0 sapplied=0 crate=18 uimp=-22930 upos=825 uneg=740 ball=28.75 vball=11.73 aball=-19.6 bref=50.00 pid=18.5 pref=-209.9 ppos=-211.7 apid=-0.0 integ=-0.0 vision=1 current=1 vframe=7070 vs=1 vage=4 vpage=4 vdt=35 vmax=4229 vacc=6951 vrej=0 seq=1 elapsed=1687 oled=3C
[   3032] STATUS mode=4 fault=none enc=-262 denc=0 sreq=0 sapplied=0 crate=18 uimp=-22930 upos=825 uneg=740 ball=28.75 vball=11.73 aball=-19.6 bref=50.00 pid=18.5 pref=-209.9 ppos=-211.7 apid=-0.0 integ=-0.0 vision=1 current=1 vframe=7070 vs=1 vage=24 vpage=24 vdt=35 vmax=4229 vacc=6951 vrej=0 seq=1 elapsed=1707 oled=3C
[   3063] STATUS mode=4 fault=none enc=-262 denc=0 sreq=-30 sapplied=-30 crate=-30 uimp=-23250 upos=825 uneg=750 ball=28.85 vball=9.09 aball=-19.6 bref=50.00 pid=-29.9 pref=-215.0 ppos=-212.0 apid=-0.0 integ=-0.0 vision=1 current=1 vframe=7071 vs=1 vage=15 vpage=15 vdt=29 vmax=4229 vacc=6952 vrej=0 seq=1 elapsed=1727 oled=3C
[   3093] STATUS mode=4 fault=none enc=-263 denc=0 sreq=-92 sapplied=-92 crate=-92 uimp=-25455 upos=825 uneg=790 ball=28.69 vball=4.98 aball=-19.6 bref=50.00 pid=-92.0 pref=-223.4 ppos=-214.3 apid=-0.0 integ=-0.0 vision=1 current=1 vframe=7072 vs=1 vage=20 vpage=20 vdt=35 vmax=4229 vacc=6953 vrej=0 seq=1 elapsed=1767 oled=3C
[   3125] STATUS mode=4 fault=none enc=-266 denc=-1 sreq=-142 sapplied=-142 crate=-142 uimp=-27160 upos=825 uneg=810 ball=28.49 vball=1.74 aball=-57.2 bref=50.00 pid=-142.1 pref=-230.2 ppos=-216.0 apid=-0.0 integ=-0.0 vision=1 current=1 vframe=7073 vs=1 vage=7 vpage=7 vdt=33 vmax=4229 vacc=6954 vrej=0 seq=1 elapsed=1787 oled=3C
[   3141] STATUS mode=4 fault=none enc=-271 denc=1 sreq=-114 sapplied=-114 crate=-114 uimp=-32045 upos=825 uneg=850 ball=28.44 vball=0.73 aball=-57.2 bref=50.00 pid=-114.1 pref=-232.2 ppos=-220.8 apid=-0.0 integ=-0.0 vision=1 current=1 vframe=7074 vs=1 vage=12 vpage=12 vdt=35 vmax=4229 vacc=6955 vrej=0 seq=1 elapsed=1827 oled=3C
[   3172] STATUS mode=4 fault=none enc=-274 denc=1 sreq=-93 sapplied=-93 crate=-93 uimp=-34160 upos=825 uneg=870 ball=28.44 vball=0.73 aball=-57.2 bref=50.00 pid=-92.9 pref=-232.2 ppos=-223.0 apid=-0.0 integ=-0.0 vision=1 current=1 vframe=7074 vs=1 vage=32 vpage=32 vdt=35 vmax=4229 vacc=6955 vrej=0 seq=1 elapsed=1847 oled=3C
[   3202] STATUS mode=4 fault=none enc=-277 denc=-2 sreq=-60 sapplied=-60 crate=-60 uimp=-35710 upos=825 uneg=890 ball=28.55 vball=1.54 aball=-57.2 bref=50.00 pid=-59.9 pref=-230.5 ppos=-224.5 apid=-0.0 integ=-0.0 vision=1 current=1 vframe=7075 vs=1 vage=17 vpage=17 vdt=35 vmax=4229 vacc=6956 vrej=0 seq=1 elapsed=1867 oled=3C
[   3234] STATUS mode=4 fault=none enc=-278 denc=0 sreq=58 sapplied=58 crate=58 uimp=-35855 upos=840 uneg=910 ball=29.17 vball=7.00 aball=-8.2 bref=50.00 pid=58.2 pref=-218.8 ppos=-224.7 apid=-0.0 integ=-0.0 vision=1 current=1 vframe=7076 vs=1 vage=25 vpage=25 vdt=32 vmax=4229 vacc=6957 vrej=0 seq=1 elapsed=1907 oled=3C
[   3250] STATUS mode=4 fault=none enc=-276 denc=0 sreq=86 sapplied=86 crate=86 uimp=-34575 upos=860 uneg=910 ball=29.62 vball=8.76 aball=-8.2 bref=50.00 pid=86.0 pref=-214.8 ppos=-223.4 apid=-0.0 integ=-0.0 vision=1 current=1 vframe=7077 vs=1 vage=12 vpage=12 vdt=33 vmax=4229 vacc=6958 vrej=0 seq=1 elapsed=1927 oled=3C
[   3282] STATUS mode=4 fault=none enc=-275 denc=0 sreq=70 sapplied=70 crate=70 uimp=-32975 upos=880 uneg=910 ball=29.62 vball=8.76 aball=-8.2 bref=50.00 pid=70.0 pref=-214.8 ppos=-221.8 apid=-0.0 integ=-0.0 vision=1 current=1 vframe=7077 vs=1 vage=32 vpage=32 vdt=33 vmax=4229 vacc=6958 vrej=0 seq=1 elapsed=1947 oled=3C
[   3313] STATUS mode=4 fault=none enc=-274 denc=0 sreq=-43 sapplied=0 crate=-43 uimp=-31685 upos=920 uneg=910 ball=29.59 vball=3.76 aball=-19.3 bref=50.00 pid=-43.3 pref=-224.8 ppos=-220.5 apid=-0.0 integ=-0.0 vision=1 current=1 vframe=7079 vs=1 vage=6 vpage=6 vdt=33 vmax=4229 vacc=6960 vrej=0 seq=1 elapsed=1987 oled=3C
[   3343] STATUS mode=4 fault=none enc=-272 denc=0 sreq=-37 sapplied=-37 crate=-37 uimp=-32300 upos=920 uneg=925 ball=29.59 vball=3.76 aball=-19.3 bref=50.00 pid=-37.1 pref=-224.8 ppos=-221.1 apid=-0.0 integ=-0.0 vision=1 current=1 vframe=7079 vs=1 vage=26 vpage=26 vdt=33 vmax=4229 vacc=6960 vrej=0 seq=1 elapsed=2007 oled=3C
[   3359] STATUS mode=4 fault=none enc=-276 denc=-2 sreq=-65 sapplied=-65 crate=-65 uimp=-35010 upos=920 uneg=965 ball=29.42 vball=0.90 aball=-19.3 bref=50.00 pid=-65.4 pref=-230.3 ppos=-223.8 apid=-0.0 integ=-0.0 vision=1 current=1 vframe=7081 vs=1 vage=1 vpage=1 vdt=34 vmax=4229 vacc=6962 vrej=0 seq=1 elapsed=2047 oled=3C
[   3391] STATUS mode=4 fault=none enc=-277 denc=0 sreq=-57 sapplied=-57 crate=-57 uimp=-36280 upos=920 uneg=985 ball=29.42 vball=0.90 aball=-19.3 bref=50.00 pid=-56.6 pref=-230.7 ppos=-225.1 apid=-0.0 integ=-0.0 vision=1 current=1 vframe=7081 vs=1 vage=21 vpage=21 vdt=34 vmax=4229 vacc=6962 vrej=0 seq=1 elapsed=2067 oled=3C
[   3422] STATUS mode=4 fault=none enc=-278 denc=0 sreq=-41 sapplied=-41 crate=-41 uimp=-37330 upos=920 uneg=1005 ball=29.47 vball=1.10 aball=-22.8 bref=50.00 pid=-41.5 pref=-230.3 ppos=-226.1 apid=-0.0 integ=-0.0 vision=1 current=1 vframe=7082 vs=1 vage=8 vpage=8 vdt=33 vmax=4229 vacc=6963 vrej=0 seq=1 elapsed=2087 oled=3C
[   3452] STATUS mode=4 fault=none enc=-279 denc=0 sreq=-28 sapplied=-28 crate=-28 uimp=-38730 upos=920 uneg=1045 ball=29.50 vball=1.04 aball=-22.8 bref=50.00 pid=-28.3 pref=-230.4 ppos=-227.5 apid=-0.0 integ=-0.0 vision=1 current=1 vframe=7083 vs=1 vage=15 vpage=15 vdt=33 vmax=4229 vacc=6964 vrej=0 seq=1 elapsed=2127 oled=3C
[   3484] STATUS mode=4 fault=none enc=-279 denc=0 sreq=-23 sapplied=-23 crate=-23 uimp=-39255 upos=920 uneg=1065 ball=29.53 vball=0.93 aball=-22.8 bref=50.00 pid=-23.1 pref=-230.4 ppos=-228.1 apid=-0.0 integ=-0.0 vision=1 current=1 vframe=7084 vs=1 vage=1 vpage=1 vdt=34 vmax=4229 vacc=6965 vrej=0 seq=1 elapsed=2147 oled=3C
[   3500] STATUS mode=4 fault=none enc=-280 denc=0 sreq=-20 sapplied=-20 crate=-20 uimp=-39710 upos=920 uneg=1085 ball=29.53 vball=0.93 aball=-22.8 bref=50.00 pid=-20.4 pref=-230.5 ppos=-228.5 apid=-0.0 integ=-0.0 vision=1 current=1 vframe=7084 vs=1 vage=21 vpage=21 vdt=34 vmax=4229 vacc=6965 vrej=0 seq=1 elapsed=2167 oled=3C
[   3532] STATUS mode=4 fault=none enc=-281 denc=0 sreq=0 sapplied=0 crate=-19 uimp=-39810 upos=920 uneg=1090 ball=29.56 vball=0.95 aball=-13.2 bref=50.00 pid=-18.6 pref=-230.5 ppos=-228.6 apid=-0.0 integ=-0.0 vision=1 current=1 vframe=7085 vs=1 vage=29 vpage=29 vdt=32 vmax=4229 vacc=6966 vrej=0 seq=1 elapsed=2207 oled=3C
[   3563] STATUS mode=4 fault=none enc=-281 denc=0 sreq=-22 sapplied=-22 crate=-22 uimp=-40045 upos=920 uneg=1100 ball=29.63 vball=1.29 aball=-13.2 bref=50.00 pid=-22.1 pref=-231.0 ppos=-228.8 apid=-0.0 integ=-1.3 vision=1 current=1 vframe=7086 vs=1 vage=16 vpage=16 vdt=33 vmax=4229 vacc=6967 vrej=0 seq=1 elapsed=2227 oled=3C
[   3593] STATUS mode=4 fault=none enc=-283 denc=0 sreq=-29 sapplied=-29 crate=-29 uimp=-40845 upos=920 uneg=1130 ball=29.66 vball=1.21 aball=-13.2 bref=50.00 pid=-29.1 pref=-232.6 ppos=-229.6 apid=-0.0 integ=-2.7 vision=1 current=1 vframe=7087 vs=1 vage=22 vpage=22 vdt=34 vmax=4229 vacc=6968 vrej=0 seq=1 elapsed=2267 oled=3C
[   3609] STATUS mode=4 fault=none enc=-284 denc=-1 sreq=-42 sapplied=-42 crate=-42 uimp=-41480 upos=920 uneg=1150 ball=29.67 vball=0.90 aball=-7.5 bref=50.00 pid=-42.3 pref=-234.5 ppos=-230.3 apid=-0.0 integ=-4.1 vision=1 current=1 vframe=7088 vs=1 vage=9 vpage=9 vdt=33 vmax=4229 vacc=6969 vrej=0 seq=1 elapsed=2287 oled=3C
[   3641] STATUS mode=4 fault=none enc=-284 denc=0 sreq=-34 sapplied=-34 crate=-34 uimp=-42260 upos=920 uneg=1170 ball=29.67 vball=0.90 aball=-7.5 bref=50.00 pid=-34.5 pref=-234.5 ppos=-231.1 apid=-0.0 integ=-4.1 vision=1 current=1 vframe=7088 vs=1 vage=29 vpage=29 vdt=33 vmax=4229 vacc=6969 vrej=0 seq=1 elapsed=2307 oled=3C
[   3672] STATUS mode=4 fault=none enc=-287 denc=0 sreq=-36 sapplied=-36 crate=-36 uimp=-43890 upos=920 uneg=1210 ball=29.67 vball=0.69 aball=-7.5 bref=50.00 pid=-35.8 pref=-236.3 ppos=-232.7 apid=-0.0 integ=-5.4 vision=1 current=1 vframe=7089 vs=1 vage=36 vpage=36 vdt=33 vmax=4229 vacc=6970 vrej=0 seq=1 elapsed=2347 oled=3C
[   3702] STATUS mode=4 fault=none enc=-287 denc=0 sreq=-20 sapplied=-20 crate=-20 uimp=-44405 upos=920 uneg=1230 ball=29.84 vball=1.85 aball=-7.5 bref=50.00 pid=-20.3 pref=-235.2 ppos=-233.2 apid=-0.0 integ=-6.9 vision=1 current=1 vframe=7090 vs=1 vage=19 vpage=19 vdt=37 vmax=4229 vacc=6971 vrej=0 seq=1 elapsed=2367 oled=3C
[   3718] STATUS mode=4 fault=none enc=-288 denc=0 sreq=0 sapplied=0 crate=-17 uimp=-44505 upos=920 uneg=1235 ball=29.97 vball=2.52 aball=3.1 bref=50.00 pid=-16.8 pref=-235.0 ppos=-233.3 apid==0.0 integ=-8.1 vision=1 current=1 vframe=7091 vs=1 vage=8 vpage=8 vdt=31 vmax=4229 vacc=6972 vrej=0 seq=1 elapsed=2387 oled=3C
[   3750] STATUS mode=4 fault=none enc=-288 denc=0 sreq=-34 sapplied=-34 crate=-34 uimp=-44875 upos=920 uneg=1245 ball=30.01 vball=2.11 aball=3.1 bref=50.00 pid=-34.4 pref=-237.1 ppos=-233.7 apid=0.0 integ=-9.5 vision=1 current=1 vframe=7092 vs=1 vage=14 vpage=14 vdt=34 vmax=4229 vacc=6973 vrej=0 seq=1 elapsed=2427 oled=3C
[   3782] STATUS mode=4 fault=none enc=-288 denc=0 sreq=-28 sapplied=-28 crate=-28 uimp=-45510 upos=920 uneg=1265 ball=30.04 vball=1.72 aball=3.1 bref=50.00 pid=-28.0 pref=-237.1 ppos=-234.3 apid=0.0 integ=-9.5 vision=1 current=1 vframe=7093 vs=1 vage=1 vpage=1 vdt=33 vmax=4229 vacc=6974 vrej=0 seq=1 elapsed=2447 oled=3C
[   3813] STATUS mode=4 fault=none enc=-290 denc=1 sreq=-55 sapplied=-55 crate=-55 uimp=-47195 upos=920 uneg=1305 ball=30.04 vball=1.21 aball=-4.3 bref=50.00 pid=-54.8 pref=-241.5 ppos=-236.0 apid=-0.0 integ=-12.1 vision=1 current=1 vframe=7094 vs=1 vage=9 vpage=9 vdt=32 vmax=4229 vacc=6975 vrej=0 seq=1 elapsed=2487 oled=3C
[   3827] STATUS mode=4 fault=none enc=-291 denc=0 sreq=-45 sapplied=-45 crate=-45 uimp=-48210 upos=920 uneg=1325 ball=30.04 vball=1.21 aball=-4.3 bref=50.00 pid=-44.6 pref=-241.5 ppos=-237.0 apid=-0.0 integ=-12.1 vision=1 current=1 vframe=7094 vs=1 vage=29 vpage=29 vdt=32 vmax=4229 vacc=6975 vrej=0 seq=1 elapsed=2507 oled=3C
[   3859] STATUS mode=4 fault=none enc=-293 denc=0 sreq=-56 sapplied=-56 crate=-56 uimp=-49250 upos=920 uneg=1345 ball=30.03 vball=0.79 aball=-4.3 bref=50.00 pid=-55.9 pref=-243.6 ppos=-238.0 apid=-0.0 integ=-13.4 vision=1 current=1 vframe=7095 vs=1 vage=16 vpage=16 vdt=33 vmax=4229 vacc=6976 vrej=0 seq=1 elapsed=2527 oled=3C
[   3891] STATUS mode=4 fault=none enc=-295 denc=1 sreq=-55 sapplied=-55 crate=-55 uimp=-51430 upos=920 uneg=1385 ball=30.02 vball=0.44 aball=-4.3 bref=50.00 pid=-54.8 pref=-245.7 ppos=-240.2 apid=-0.0 integ=-14.8 vision=1 current=1 vframe=7096 vs=1 vage=22 vpage=22 vdt=34 vmax=4229 vacc=6977 vrej=0 seq=1 elapsed=2567 oled=3C
[   3922] STATUS mode=4 fault=none enc=-297 denc=0 sreq=-61 sapplied=-61 crate=-61 uimp=-52535 upos=920 uneg=1405 ball=30.01 vball=0.22 aball=-6.8 bref=50.00 pid=-61.5 pref=-247.5 ppos=-241.3 apid=-0.0 integ=-16.1 vision=1 current=1 vframe=7097 vs=1 vage=9 vpage=9 vdt=33 vmax=4229 vacc=6978 vrej=0 seq=1 elapsed=2587 oled=3C
[   3952] STATUS mode=4 fault=none enc=-299 denc=-1 sreq=-50 sapplied=-50 crate=-50 uimp=-53675 upos=920 uneg=1425 ball=30.01 vball=0.22 aball=-6.8 bref=50.00 pid=-50.1 pref=-247.5 ppos=-242.5 apid=-0.0 integ=-16.1 vision=1 current=1 vframe=7097 vs=1 vage=29 vpage=29 vdt=33 vmax=4229 vacc=6978 vrej=0 seq=1 elapsed=2607 oled=3C
[   3968] STATUS mode=4 fault=none enc=-302 denc=-1 sreq=-45 sapplied=-45 crate=-45 uimp=-55780 upos=920 uneg=1465 ball=30.00 vball=0.06 aball=-6.8 bref=50.00 pid=-44.8 pref=-249.1 ppos=-244.6 apid=-0.0 integ=-17.5 vision=1 current=1 vframe=7099 vs=1 vage=2 vpage=2 vdt=33 vmax=4229 vacc=6980 vrej=0 seq=1 elapsed=2647 oled=3C
[   4000] STATUS mode=4 fault=none enc=-303 denc=1 sreq=-49 sapplied=-49 crate=-49 uimp=-56815 upos=920 uneg=1485 ball=30.00 vball=0.06 aball=-6.8 bref=50.00 pid=-48.8 pref=-250.5 ppos=-245.6 apid=-0.0 integ=-18.8 vision=1 current=1 vframe=7099 vs=1 vage=22 vpage=22 vdt=33 vmax=4229 vacc=6980 vrej=0 seq=1 elapsed=2667 oled=3C
[   4032] STATUS mode=4 fault=none enc=-306 denc=-1 sreq=-44 sapplied=-44 crate=-44 uimp=-58720 upos=920 uneg=1525 ball=30.00 vball=0.03 aball=-4.6 bref=50.00 pid=-44.0 pref=-251.9 ppos=-247.5 apid=-0.0 integ=-20.1 vision=1 current=1 vframe=7100 vs=1 vage=28 vpage=28 vdt=34 vmax=4229 vacc=6981 vrej=0 seq=1 elapsed=2707 oled=3C
[   4063] STATUS mode=4 fault=none enc=-307 denc=-1 sreq=-48 sapplied=-48 crate=-48 uimp=-59665 upos=920 uneg=1545 ball=30.00 vball=0.02 aball=-4.6 bref=50.00 pid=-47.5 pref=-253.2 ppos=-248.5 apid=-0.0 integ=-21.4 vision=1 current=1 vframe=7101 vs=1 vage=16 vpage=16 vdt=32 vmax=4229 vacc=6982 vrej=0 seq=1 elapsed=2727 oled=3C
[   4077] STATUS mode=4 fault=none enc=-307 denc=0 sreq=-39 sapplied=-39 crate=-39 uimp=-60550 upos=920 uneg=1565 ball=30.00 vball=0.01 aball=-4.6 bref=50.00 pid=-38.7 pref=-253.2 ppos=-249.3 apid=-0.0 integ=-21.4 vision=1 current=1 vframe=7102 vs=1 vage=2 vpage=2 vdt=34 vmax=4229 vacc=6983 vrej=0 seq=1 elapsed=2747 oled=3C
[   4109] STATUS mode=4 fault=none enc=-310 denc=0 sreq=-49 sapplied=-49 crate=-49 uimp=-62270 upos=920 uneg=1605 ball=30.00 vball=0.01 aball=-2.6 bref=50.00 pid=-48.9 pref=-256.0 ppos=-251.1 apid=-0.0 integ=-24.1 vision=1 current=1 vframe=7103 vs=1 vage=8 vpage=8 vdt=34 vmax=4229 vacc=6984 vrej=0 seq=1 elapsed=2787 oled=3C
[   4141] STATUS mode=4 fault=none enc=-311 denc=0 sreq=-40 sapplied=-40 crate=-40 uimp=-63175 upos=920 uneg=1625 ball=30.00 vball=0.01 aball=-2.6 bref=50.00 pid=-39.8 pref=-256.0 ppos=-252.0 apid=-0.0 integ=-24.1 vision=1 current=1 vframe=7103 vs=1 vage=28 vpage=28 vdt=34 vmax=4229 vacc=6984 vrej=0 seq=1 elapsed=2807 oled=3C
[   4172] STATUS mode=4 fault=none enc=-312 denc=0 sreq=-32 sapplied=-32 crate=-32 uimp=-64735 upos=920 uneg=1665 ball=30.02 vball=0.14 aball=-2.6 bref=50.00 pid=-32.2 pref=-256.8 ppos=-253.5 apid=-0.0 integ=-25.5 vision=1 current=1 vframe=7105 vs=1 vage=2 vpage=2 vdt=33 vmax=4229 vacc=6986 vrej=0 seq=1 elapsed=2847 oled=3C
[   4188] STATUS mode=4 fault=none enc=-313 denc=0 sreq=-40 sapplied=-40 crate=-40 uimp=-65555 upos=920 uneg=1685 ball=30.02 vball=0.14 aball=-2.6 bref=50.00 pid=-39.5 pref=-258.3 ppos=-254.4 apid=-0.0 integ=-26.8 vision=1 current=1 vframe=7105 vs=1 vage=22 vpage=22 vdt=33 vmax=4229 vacc=6986 vrej=0 seq=1 elapsed=2867 oled=3C
[   4218] STATUS mode=4 fault=none enc=-314 denc=1 sreq=-49 sapplied=-49 crate=-49 uimp=-66295 upos=920 uneg=1705 ball=30.01 vball=-0.04 aball=-1.7 bref=50.00 pid=-49.5 pref=-260.0 ppos=-255.1 apid=-0.0 integ=-28.1 vision=1 current=1 vframe=7106 vs=1 vage=8 vpage=8 vdt=34 vmax=4229 vacc=6987 vrej=0 seq=1 elapsed=2887 oled=3C
[   4250] STATUS mode=4 fault=none enc=-317 denc=0 sreq=-47 sapplied=-47 crate=-47 uimp=-68105 upos=920 uneg=1745 ball=29.99 vball=-0.15 aball=-1.7 bref=50.00 pid=-47.0 pref=-261.6 ppos=-256.9 apid=-0.0 integ=-29.5 vision=1 current=1 vframe=7107 vs=1 vage=15 vpage=15 vdt=33 vmax=4229 vacc=6988 vrej=0 seq=1 elapsed=2927 oled=3C
[   4282] STATUS mode=4 fault=none enc=-319 denc=-2 sreq=-38 sapplied=-38 crate=-38 uimp=-68975 upos=920 uneg=1765 ball=29.97 vball=-0.31 aball=-1.7 bref=50.00 pid=-38.3 pref=-261.6 ppos=-257.8 apid=-0.0 integ=-29.5 vision=1 current=1 vframe=7108 vs=1 vage=3 vpage=3 vdt=32 vmax=4229 vacc=6989 vrej=0 seq=1 elapsed=2947 oled=3C
[   4313] STATUS mode=4 fault=none enc=-320 denc=-1 sreq=-49 sapplied=-49 crate=-49 uimp=-69920 upos=920 uneg=1785 ball=29.97 vball=-0.31 aball=-1.7 bref=50.00 pid=-45.1 pref=-263.2 ppos=-258.7 apid=-0.0 integ=-30.7 vision=1 current=1 vframe=7108 vs=1 vage=23 vpage=23 vdt=32 vmax=4229 vacc=6989 vrej=0 seq=1 elapsed=2967 oled=3C
[   4327] STATUS mode=4 fault=none enc=-320 denc=0 sreq=-40 sapplied=-40 crate=-40 uimp=-71725 upos=920 uneg=1825 ball=29.96 vball=-0.28 aball=-2.0 bref=50.00 pid=-39.8 pref=-264.5 ppos=-260.5 apid=-0.0 integ=-32.1 vision=1 current=1 vframe=7109 vs=1 vage=30 vpage=30 vdt=33 vmax=4229 vacc=6990 vrej=0 seq=1 elapsed=3007 oled=3C
[   4359] STATUS mode=4 fault=none enc=-322 denc=0 sreq=-41 sapplied=-41 crate=-41 uimp=-72555 upos=920 uneg=1845 ball=29.97 vball=-0.09 aball=-2.0 bref=50.00 pid=-40.8 pref=-265.4 ppos=-261.4 apid=-0.0 integ=-33.4 vision=1 current=1 vframe=7110 vs=1 vage=17 vpage=17 vdt=33 vmax=4229 vacc=6991 vrej=0 seq=1 elapsed=3027 oled=3C
[   4391] STATUS mode=4 fault=none enc=-324 denc=0 sreq=-40 sapplied=-40 crate=-40 uimp=-74150 upos=920 uneg=1885 ball=29.96 vball=-0.17 aball=-2.0 bref=50.00 pid=-40.2 pref=-267.0 ppos=-262.9 apid=-0.0 integ=-34.7 vision=1 current=1 vframe=7111 vs=1 vage=23 vpage=23 vdt=34 vmax=4229 vacc=6992 vrej=0 seq=1 elapsed=3067 oled=3C
[   4422] STATUS mode=4 fault=none enc=-326 denc=-2 sreq=-88 sapplied=-88 crate=-88 uimp=-75180 upos=920 uneg=1905 ball=29.71 vball=-2.27 aball=-10.2 bref=50.00 pid=-87.9 pref=-272.8 ppos=-264.0 apid=-0.0 integ=-36.0 vision=1 current=1 vframe=7112 vs=1 vage=11 vpage=11 vdt=32 vmax=4229 vacc=6993 vrej=0 seq=1 elapsed=3087 oled=3C
[   4452] STATUS mode=4 fault=none enc=-327 denc=-1 sreq=-72 sapplied=-72 crate=-72 uimp=-76805 upos=920 uneg=1925 ball=29.71 vball=-2.27 aball=-10.2 bref=50.00 pid=-71.6 pref=-272.8 ppos=-265.6 apid=-0.0 integ=-36.0 vision=1 current=1 vframe=7112 vs=1 vage=31 vpage=31 vdt=32 vmax=4229 vacc=6993 vrej=0 seq=1 elapsed=3107 oled=3C
[   4468] STATUS mode=4 fault=none enc=-330 denc=1 sreq=-57 sapplied=-57 crate=-57 uimp=-79520 upos=920 uneg=1965 ball=29.65 vball=-1.51 aball=-10.2 bref=50.00 pid=-57.3 pref=-274.0 ppos=-268.3 apid=-0.0 integ=-38.8 vision=1 current=1 vframe=7114 vs=1 vage=4 vpage=4 vdt=33 vmax=4229 vacc=6995 vrej=0 seq=1 elapsed=3147 oled=3C
[   4500] STATUS mode=4 fault=none enc=-332 denc=0 sreq=-47 sapplied=-47 crate=-47 uimp=-80580 upos=920 uneg=1985 ball=29.65 vball=-1.51 aball=-10.2 bref=50.00 pid=-46.7 pref=-274.0 ppos=-269.4 apid=-0.0 integ=-38.8 vision=1 current=1 vframe=7114 vs=1 vage=24 vpage=24 vdt=33 vmax=4229 vacc=6995 vrej=0 seq=1 elapsed=3167 oled=3C
[   4532] STATUS mode=4 fault=none enc=-333 denc=0 sreq=-34 sapplied=-34 crate=-34 uimp=-82220 upos=920 uneg=2025 ball=29.66 vball=-1.01 aball=0.1 bref=50.00 pid=-33.6 pref=-274.4 ppos=-271.0 apid=0.0 integ=-40.1 vision=1 current=1 vframe=7115 vs=1 vage=31 vpage=31 vdt=33 vmax=4229 vacc=6996 vrej=0 seq=1 elapsed=3207 oled=3C
[   4563] STATUS mode=4 fault=none enc=-334 denc=1 sreq=-33 sapplied=-33 crate=-33 uimp=-82910 upos=920 uneg=2045 ball=29.66 vball=-0.65 aball=0.1 bref=50.00 pid=-32.9 pref=-275.0 ppos=-271.7 apid=0.0 integ=-41.5 vision=1 current=1 vframe=7116 vs=1 vage=18 vpage=18 vdt=33 vmax=4229 vacc=6997 vrej=0 seq=1 elapsed=3227 oled=3C
[   4577] STATUS mode=4 fault=none enc=-336 denc=-1 sreq=-35 sapplied=-35 crate=-35 uimp=-83520 upos=920 uneg=2065 ball=29.67 vball=-0.41 aball=0.1 bref=50.00 pid=-35.3 pref=-275.8 ppos=-272.3 apid=0.0 integ=-42.8 vision=1 current=1 vframe=7117 vs=1 vage=5 vpage=5 vdt=33 vmax=4229 vacc=6998 vrej=0 seq=1 elapsed=3247 oled=3C
[   4609] STATUS mode=4 fault=none enc=-337 denc=-1 sreq=-33 sapplied=-33 crate=-33 uimp=-84760 upos=920 uneg=2105 ball=29.67 vball=-0.25 aball=3.5 bref=50.00 pid=-33.1 pref=-276.9 ppos=-273.6 apid=0.0 integ=-44.1 vision=1 current=1 vframe=7118 vs=1 vage=12 vpage=12 vdt=33 vmax=4229 vacc=6999 vrej=0 seq=1 elapsed=3287 oled=3C
[   4641] STATUS mode=4 fault=none enc=-337 denc=0 sreq=-27 sapplied=-27 crate=-27 uimp=-85370 upos=920 uneg=2125 ball=29.67 vball=-0.25 aball=3.5 bref=50.00 pid=-27.0 pref=-276.9 ppos=-274.2 apid=0.0 integ=-44.1 vision=1 current=1 vframe=7118 vs=1 vage=32 vpage=32 vdt=33 vmax=4229 vacc=6999 vrej=0 seq=1 elapsed=3307 oled=3C
[   4672] STATUS mode=4 fault=none enc=-338 denc=0 sreq=-39 sapplied=-39 crate=-39 uimp=-86635 upos=920 uneg=2165 ball=29.67 vball=-0.13 aball=3.5 bref=50.00 pid=-39.2 pref=-279.4 ppos=-275.4 apid=0.0 integ=-46.9 vision=1 current=1 vframe=7120 vs=1 vage=5 vpage=5 vdt=33 vmax=4229 vacc=7001 vrej=0 seq=1 elapsed=3347 oled=3C
[   4688] STATUS mode=4 fault=none enc=-339 denc=0 sreq=-32 sapplied=-32 crate=-32 uimp=-87360 upos=920 uneg=2185 ball=29.67 vball=-0.13 aball=3.5 bref=50.00 pid=-32.0 pref=-279.4 ppos=-276.2 apid=0.0 integ=-46.9 vision=1 current=1 vframe=7120 vs=1 vage=25 vpage=25 vdt=33 vmax=4229 vacc=7001 vrej=0 seq=1 elapsed=3367 oled=3C
[   4718] STATUS mode=4 fault=none enc=-341 denc=-2 sreq=-36 sapplied=-36 crate=-36 uimp=-88005 upos=920 uneg=2205 ball=29.68 vball=0.01 aball=3.1 bref=50.00 pid=-36.0 pref=-280.4 ppos=-276.8 apid=0.0 integ=-48.2 vision=1 current=1 vframe=7121 vs=1 vage=12 vpage=12 vdt=33 vmax=4229 vacc=7002 vrej=0 seq=1 elapsed=3387 oled=3C
[   4750] STATUS mode=4 fault=none enc=-341 denc=1 sreq=-35 sapplied=-35 crate=-35 uimp=-89340 upos=920 uneg=2245 ball=29.69 vball=0.09 aball=3.1 bref=50.00 pid=-34.8 pref=-281.6 ppos=-278.1 apid=0.0 integ=-49.6 vision=1 current=1 vframe=7122 vs=1 vage=18 vpage=18 vdt=34 vmax=4229 vacc=7003 vrej=0 seq=1 elapsed=3427 oled=3C
[   4782] STATUS mode=4 fault=none enc=-342 denc=0 sreq=-42 sapplied=-42 crate=-42 uimp=-89985 upos=920 uneg=2265 ball=29.69 vball=0.09 aball=3.1 bref=50.00 pid=-41.7 pref=-283.0 ppos=-278.8 apid=0.0 integ=-50.9 vision=1 current=1 vframe=7123 vs=1 vage=5 vpage=5 vdt=33 vmax=4229 vacc=7004 vrej=0 seq=1 elapsed=3447 oled=3C
[   4797] STATUS mode=4 fault=none enc=-343 denc=0 sreq=-34 sapplied=-34 crate=-34 uimp=-90765 upos=920 uneg=2285 ball=29.69 vball=0.09 aball=3.1 bref=50.00 pid=-33.9 pref=-283.0 ppos=-279.6 apid=0.0 integ=-50.9 vision=1 current=1 vframe=7123 vs=1 vage=25 vpage=25 vdt=33 vmax=4229 vacc=7004 vrej=0 seq=1 elapsed=3467 oled=3C
[   4827] STATUS mode=4 fault=none enc=-345 denc=0 sreq=-33 sapplied=-33 crate=-33 uimp=-92225 upos=920 uneg=2325 ball=29.69 vball=0.07 aball=2.0 bref=50.00 pid=-33.1 pref=-284.3 ppos=-281.0 apid=0.0 integ=-52.3 vision=1 current=1 vframe=7124 vs=1 vage=32 vpage=32 vdt=33 vmax=4229 vacc=7005 vrej=0 seq=1 elapsed=3507 oled=3C
[   4859] STATUS mode=4 fault=none enc=-346 denc=0 sreq=-39 sapplied=-39 crate=-39 uimp=-93035 upos=920 uneg=2345 ball=29.69 vball=0.05 aball=2.0 bref=50.00 pid=-38.8 pref=-285.7 ppos=-281.8 apid=0.0 integ=-53.6 vision=1 current=1 vframe=7125 vs=1 vage=19 vpage=19 vdt=33 vmax=4229 vacc=7006 vrej=0 seq=1 elapsed=3527 oled=3C
[   4891] STATUS mode=4 fault=none enc=-349 denc=-1 sreq=-37 sapplied=-37 crate=-37 uimp=-94605 upos=920 uneg=2385 ball=29.69 vball=0.03 aball=2.0 bref=50.00 pid=-37.3 pref=-287.1 ppos=-283.4 apid=0.0 integ=-55.0 vision=1 current=1 vframe=7126 vs=1 vage=25 vpage=25 vdt=34 vmax=4229 vacc=7007 vrej=0 seq=1 elapsed=3567 oled=3C
[   4922] STATUS mode=4 fault=none enc=-351 denc=-2 sreq=-44 sapplied=-44 crate=-44 uimp=-95365 upos=920 uneg=2405 ball=29.69 vball=0.02 aball=0.9 bref=50.00 pid=-44.1 pref=-288.6 ppos=-284.2 apid=0.0 integ=-56.4 vision=1 current=1 vframe=7127 vs=1 vage=10 vpage=10 vdt=35 vmax=4229 vacc=7008 vrej=0 seq=1 elapsed=3587 oled=3C
[   4938] STATUS mode=4 fault=none enc=-350 denc=0 sreq=-36 sapplied=-36 crate=-36 uimp=-96185 upos=920 uneg=2425 ball=29.69 vball=0.02 aball=0.9 bref=50.00 pid=-35.9 pref=-288.6 ppos=-285.0 apid=0.0 integ=-56.4 vision=1 current=1 vframe=7127 vs=1 vage=30 vpage=30 vdt=35 vmax=4229 vacc=7008 vrej=0 seq=1 elapsed=3607 oled=3C
[   4968] STATUS mode=4 fault=none enc=-352 denc=1 sreq=-47 sapplied=-47 crate=-47 uimp=-97740 upos=920 uneg=2465 ball=29.69 vball=0.01 aball=0.9 bref=50.00 pid=-47.4 pref=-291.3 ppos=-286.5 apid=0.0 integ=-59.1 vision=1 current=1 vframe=7129 vs=1 vage=4 vpage=4 vdt=34 vmax=4229 vacc=7010 vrej=0 seq=1 elapsed=3647 oled=3C
[   5000] STATUS mode=4 fault=none enc=-354 denc=0 sreq=-39 sapplied=-39 crate=-39 uimp=-98620 upos=920 uneg=2485 ball=29.69 vball=0.01 aball=0.9 bref=50.00 pid=-38.6 pref=-291.3 ppos=-287.4 apid=0.0 integ=-59.1 vision=1 current=1 vframe=7129 vs=1 vage=24 vpage=24 vdt=34 vmax=4229 vacc=7010 vrej=0 seq=1 elapsed=3667 oled=3C
[   5032] STATUS mode=4 fault=none enc=-356 denc=-2 sreq=-44 sapplied=-44 crate=-44 uimp=-99405 upos=920 uneg=2505 ball=29.69 vball=0.00 aball=0.4 bref=50.00 pid=-43.9 pref=-292.6 ppos=-288.2 apid=0.0 integ=-60.4 vision=1 current=1 vframe=7130 vs=1 vage=12 vpage=12 vdt=32 vmax=4229 vacc=7011 vrej=0 seq=1 elapsed=3687 oled=3C
[   5047] STATUS mode=4 fault=none enc=-356 denc=1 sreq=-42 sapplied=-42 crate=-42 uimp=-101025 upos=920 uneg=2545 ball=29.69 vball=0.00 aball=0.4 bref=50.00 pid=-41.6 pref=-294.0 ppos=-289.8 apid=0.0 integ=-61.8 vision=1 current=1 vframe=7131 vs=1 vage=18 vpage=18 vdt=34 vmax=4229 vacc=7012 vrej=0 seq=1 elapsed=3727 oled=3C
[   5077] STATUS mode=4 fault=none enc=-358 denc=0 sreq=-49 sapplied=-49 crate=-49 uimp=-101800 upos=920 uneg=2565 ball=29.69 vball=-0.05 aball=0.4 bref=50.00 pid=-48.6 pref=-295.5 ppos=-290.6 apid=0.0 integ=-63.1 vision=1 current=1 vframe=7132 vs=1 vage=4 vpage=4 vdt=34 vmax=4229 vacc=7013 vrej=0 seq=1 elapsed=3747 oled=3C
[   5109] STATUS mode=4 fault=none enc=-360 denc=-1 sreq=-45 sapplied=-45 crate=-45 uimp=-103515 upos=920 uneg=2605 ball=29.69 vball=-0.05 aball=-0.0 bref=50.00 pid=-45.3 pref=-296.8 ppos=-292.3 apid=-0.0 integ=-64.5 vision=1 current=1 vframe=7133 vs=1 vage=10 vpage=10 vdt=34 vmax=4229 vacc=7014 vrej=0 seq=1 elapsed=3787 oled=3C
[   5141] STATUS mode=4 fault=none enc=-360 denc=0 sreq=-37 sapplied=-37 crate=-37 uimp=-104355 upos=920 uneg=2625 ball=29.69 vball=-0.05 aball=-0.0 bref=50.00 pid=-36.9 pref=-296.8 ppos=-293.2 apid=-0.0 integ=-64.5 vision=1 current=1 vframe=7133 vs=1 vage=30 vpage=30 vdt=34 vmax=4229 vacc=7014 vrej=0 seq=1 elapsed=3807 oled=3C
[   5157] STATUS mode=4 fault=none enc=-361 denc=0 sreq=-44 sapplied=-44 crate=-44 uimp=-105195 upos=920 uneg=2645 ball=29.67 vball=-0.18 aball=-0.0 bref=50.00 pid=-44.3 pref=-298.4 ppos=-294.0 apid=-0.0 integ=-65.8 vision=1 current=1 vframe=7134 vs=1 vage=18 vpage=18 vdt=32 vmax=4229 vacc=7015 vrej=0 seq=1 elapsed=3827 oled=3C
[   5188] STATUS mode=4 fault=none enc=-364 denc=-1 sreq=-40 sapplied=-40 crate=-40 uimp=-106930 upos=920 uneg=2685 ball=29.66 vball=-0.17 aball=-0.0 bref=50.00 pid=-40.3 pref=-299.8 ppos=-295.7 apid=-0.0 integ=-67.2 vision=1 current=1 vframe=7135 vs=1 vage=25 vpage=25 vdt=33 vmax=4229 vacc=7016 vrej=0 seq=1 elapsed=3867 oled=3C
[   5218] STATUS mode=4 fault=none enc=-365 denc=-1 sreq=-50 sapplied=-50 crate=-50 uimp=-107760 upos=920 uneg=2705 ball=29.64 vball=-0.35 aball=-1.4 bref=50.00 pid=-49.7 pref=-301.5 ppos=-296.6 apid=-0.0 integ=-68.6 vision=1 current=1 vframe=7136 vs=1 vage=11 vpage=11 vdt=34 vmax=4229 vacc=7017 vrej=0 seq=1 elapsed=3887 oled=3C
[   5250] STATUS mode=4 fault=none enc=-367 denc=-1 sreq=-48 sapplied=-48 crate=-48 uimp=-109590 upos=920 uneg=2745 ball=29.62 vball=-0.43 aball=-1.4 bref=50.00 pid=-47.5 pref=-303.1 ppos=-298.4 apid=-0.0 integ=-70.0 vision=1 current=1 vframe=7137 vs=1 vage=16 vpage=16 vdt=35 vmax=4229 vacc=7018 vrej=0 seq=1 elapsed=3927 oled=3C
[   5282] STATUS mode=4 fault=none enc=-367 denc=0 sreq=-50 sapplied=-50 crate=-50 uimp=-110475 upos=920 uneg=2765 ball=29.61 vball=-0.34 aball=-1.4 bref=50.00 pid=-49.6 pref=-304.2 ppos=-299.3 apid=-0.0 integ=-71.2 vision=1 current=1 vframe=7138 vs=1 vage=5 vpage=5 vdt=31 vmax=4229 vacc=7019 vrej=0 seq=1 elapsed=3947 oled=3C
[   5297] STATUS mode=4 fault=none enc=-368 denc=1 sreq=-40 sapplied=-40 crate=-40 uimp=-111400 upos=920 uneg=2785 ball=29.61 vball=-0.34 aball=-1.4 bref=50.00 pid=-40.4 pref=-304.2 ppos=-300.2 apid=-0.0 integ=-71.2 vision=1 current=1 vframe=7138 vs=1 vage=25 vpage=25 vdt=31 vmax=4229 vacc=7019 vrej=0 seq=1 elapsed=3967 oled=3C
[   5327] STATUS mode=4 fault=none enc=-371 denc=0 sreq=-35 sapplied=-35 crate=-35 uimp=-112985 upos=920 uneg=2825 ball=29.62 vball=-0.18 aball=0.0 bref=50.00 pid=-34.7 pref=-305.2 ppos=-301.8 apid=0.0 integ=-72.6 vision=1 current=1 vframe=7139 vs=1 vage=32 vpage=32 vdt=33 vmax=4229 vacc=7020 vrej=0 seq=1 elapsed=4007 oled=3C
[   5359] STATUS mode=4 fault=none enc=-372 denc=-1 sreq=-38 sapplied=-38 crate=-38 uimp=-113800 upos=920 uneg=2845 ball=29.62 vball=-0.10 aball=0.0 bref=50.00 pid=-38.4 pref=-306.4 ppos=-302.6 apid=0.0 integ=-73.9 vision=1 current=1 vframe=7140 vs=1 vage=19 vpage=19 vdt=33 vmax=4229 vacc=7021 vrej=0 seq=1 elapsed=4027 oled=3C
[   5391] STATUS mode=4 fault=none enc=-373 denc=0 sreq=-36 sapplied=-36 crate=-36 uimp=-115330 upos=920 uneg=2885 ball=29.62 vball=-0.05 aball==0.0 bref=50.00 pid=-44.1 pref=-307.7 ppos=-303.3 apid=0.0 integ=-75.3 vision=1 current=1 vframe=7141 vs=1 vage=5 vpage=5 vdt=34 vmax=4229 vacc=7022 vrej=0 seq=1 elapsed=4047 oled=3C
[   5407] STATUS mode=4 fault=none enc=-375 denc=0 sreq=-42 sapplied=-42 crate=-42 uimp=-116060 upos=920 uneg=2905 ball=29.62 vball=-0.03 aball=0.7 bref=50.00 pid=-42.1 pref=-309.1 ppos=-304.9 apid=0.0 integ=-76.7 vision=1 current=1 vframe=7142 vs=1 vage=11 vpage=11 vdt=34 vmax=4229 vacc=7023 vrej=0 seq=1 elapsed=4087 oled=3C
[   5438] STATUS mode=4 fault=none enc=-376 denc=-2 sreq=-34 sapplied=-34 crate=-34 uimp=-116840 upos=920 uneg=2925 ball=29.62 vball=-0.03 aball=0.7 bref=50.00 pid=-34.3 pref=-309.1 ppos=-305.6 apid=0.0 integ=-76.7 vision=1 current=1 vframe=7142 vs=1 vage=31 vpage=31 vdt=34 vmax=4229 vacc=7023 vrej=0 seq=1 elapsed=4107 oled=3C
[   5468] STATUS mode=4 fault=none enc=-377 denc=1 sreq=-47 sapplied=-47 crate=-47 uimp=-118345 upos=920 uneg=2965 ball=29.62 vball=-0.07 aball=0.7 bref=50.00 pid=-46.9 pref=-311.8 ppos=-307.1 apid=0.0 integ=-79.4 vision=1 current=1 vframe=7144 vs=1 vage=5 vpage=5 vdt=33 vmax=4229 vacc=7025 vrej=0 seq=1 elapsed=4147 oled=3C
[   5500] STATUS mode=4 fault=none enc=-379 denc=0 sreq=-38 sapplied=-38 crate=-38 uimp=-119215 upos=920 uneg=2985 ball=29.62 vball=-0.07 aball=0.7 bref=50.00 pid=-38.2 pref=-311.8 ppos=-308.0 apid=0.0 integ=-79.4 vision=1 current=1 vframe=7144 vs=1 vage=25 vpage=25 vdt=33 vmax=4229 vacc=7025 vrej=0 seq=1 elapsed=4167 oled=3C
[   5532] STATUS mode=4 fault=none enc=-379 denc=0 sreq=-44 sapplied=-44 crate=-44 uimp=-119990 upos=920 uneg=3005 ball=29.62 vball=-0.07 aball=0.2 bref=50.00 pid=-43.9 pref=-313.2 ppos=-308.8 apid=0.0 integ=-80.7 vision=1 current=1 vframe=7145 vs=1 vage=12 vpage=12 vdt=33 vmax=4229 vacc=7026 vrej=0 seq=1 elapsed=4187 oled=3C
[   5547] STATUS mode=4 fault=none enc=-381 denc=0 sreq=-41 sapplied=-41 crate=-41 uimp=-121605 upos=920 uneg=3045 ball=29.62 vball=-0.05 aball=0.2 bref=50.00 pid=-41.2 pref=-314.5 ppos=-310.4 apid=0.0 integ=-82.1 vision=1 current=1 vframe=7146 vs=1 vage=18 vpage=18 vdt=34 vmax=4229 vacc=7027 vrej=0 seq=1 elapsed=4227 oled=3C
[   5577] STATUS mode=4 fault=none enc=-382 denc=0 sreq=-47 sapplied=-47 crate=-47 uimp=-122365 upos=920 uneg=3065 ball=29.62 vball=-0.04 aball=0.2 bref=50.00 pid=-46.9 pref=-315.8 ppos=-311.2 apid=0.0 integ=-83.5 vision=1 current=1 vframe=7147 vs=1 vage=5 vpage=5 vdt=33 vmax=4229 vacc=7028 vrej=0 seq=1 elapsed=4247 oled=3C
[   5609] STATUS mode=4 fault=none enc=-385 denc=-1 sreq=-44 sapplied=-44 crate=-44 uimp=-124005 upos=920 uneg=3105 ball=29.62 vball=-0.02 aball=0.3 bref=50.00 pid=-43.5 pref=-317.2 ppos=-312.8 apid=0.0 integ=-84.8 vision=1 current=1 vframe=7148 vs=1 vage=12 vpage=12 vdt=33 vmax=4229 vacc=7029 vrej=0 seq=1 elapsed=4287 oled=3C
[   5641] STATUS mode=4 fault=none enc=-385 denc=0 sreq=-35 sapplied=-35 crate=-35 uimp=-124810 upos=920 uneg=3125 ball=29.62 vball=-0.02 aball=0.3 bref=50.00 pid=-35.5 pref=-317.2 ppos=-313.6 apid=0.0 integ=-84.8 vision=1 current=1 vframe=7148 vs=1 vage=32 vpage=32 vdt=33 vmax=4229 vacc=7029 vrej=0 seq=1 elapsed=4307 oled=3C
[   5657] STATUS mode=4 fault=none enc=-386 denc=0 sreq=-41 sapplied=-41 crate=-41 uimp=-125600 upos=920 uneg=3145 ball=29.62 vball=-0.01 aball=0.3 bref=50.00 pid=-41.2 pref=-318.5 ppos=-314.4 apid=0.0 integ=-86.2 vision=1 current=1 vframe=7149 vs=1 vage=18 vpage=18 vdt=34 vmax=4229 vacc=7030 vrej=0 seq=1 elapsed=4327 oled=3C
[   5688] STATUS mode=4 fault=none enc=-388 denc=1 sreq=-38 sapplied=-38 crate=-38 uimp=-127230 upos=920 uneg=3185 ball=29.62 vball=-0.01 aball=0.3 bref=50.00 pid=-38.4 pref=-319.9 ppos=-316.0 apid=0.0 integ=-87.6 vision=1 current=1 vframe=7150 vs=1 vage=25 vpage=25 vdt=33 vmax=4229 vacc=7031 vrej=0 seq=1 elapsed=4367 oled=3C
[   5718] STATUS mode=4 fault=none enc=-390 denc=-1 sreq=-44 sapplied=-44 crate=-44 uimp=-128005 upos=920 uneg=3205 ball=29.62 vball=-0.01 aball=0.2 bref=50.00 pid=-44.1 pref=-321.2 ppos=-316.8 apid=0.0 integ=-88.9 vision=1 current=1 vframe=7151 vs=1 vage=12 vpage=12 vdt=33 vmax=4229 vacc=7032 vrej=0 seq=1 elapsed=4387 oled=3C
[   5750] STATUS mode=4 fault=none enc=-390 denc=0 sreq=-36 sapplied=-36 crate=-36 uimp=-128825 upos=920 uneg=3225 ball=29.62 vball=-0.01 aball=0.2 bref=50.00 pid=-35.9 pref=-321.2 ppos=-317.6 apid=0.0 integ=-88.9 vision=1 current=1 vframe=7151 vs=1 vage=32 vpage=32 vdt=33 vmax=4229 vacc=7032 vrej=0 seq=1 elapsed=4407 oled=3C
[   5782] STATUS mode=4 fault=none enc=-392 denc=0 sreq=-47 sapplied=-47 crate=-47 uimp=-130440 upos=920 uneg=3265 ball=29.62 vball=-0.00 aball=0.2 bref=50.00 pid=-47.3 pref=-324.0 ppos=-319.2 apid=0.0 integ=-91.7 vision=1 current=1 vframe=7153 vs=1 vage=4 vpage=4 vdt=35 vmax=4229 vacc=7034 vrej=0 seq=1 elapsed=4447 oled=3C
[   5797] STATUS mode=4 fault=none enc=-393 denc=1 sreq=-38 sapplied=-38 crate=-38 uimp=-131320 upos=920 uneg=3285 ball=29.62 vball=-0.00 aball=0.2 bref=50.00 pid=-38.5 pref=-324.0 ppos=-320.1 apid=0.0 integ=-91.7 vision=1 current=1 vframe=7153 vs=1 vage=24 vpage=24 vdt=35 vmax=4229 vacc=7034 vrej=0 seq=1 elapsed=4467 oled=3C
[   5827] STATUS mode=4 fault=none enc=-395 denc=0 sreq=-36 sapplied=-36 crate=-36 uimp=-132920 upos=920 uneg=3325 ball=29.62 vball=-0.00 aball=0.2 bref=50.00 pid=-35.9 pref=-325.3 ppos=-321.7 apid=0.0 integ=-93.0 vision=1 current=1 vframe=7154 vs=1 vage=31 vpage=31 vdt=33 vmax=4229 vacc=7035 vrej=0 seq=1 elapsed=4507 oled=3C
[   5859] STATUS mode=4 fault=none enc=-396 denc=0 sreq=-41 sapplied=-41 crate=-41 uimp=-133720 upos=920 uneg=3345 ball=29.62 vball=-0.00 aball=0.2 bref=50.00 pid=-41.4 pref=-326.7 ppos=-322.5 apid=0.0 integ=-94.4 vision=1 current=1 vframe=7155 vs=1 vage=18 vpage=18 vdt=33 vmax=4229 vacc=7036 vrej=0 seq=1 elapsed=4527 oled=3C
[   5891] STATUS mode=4 fault=none enc=-397 denc=0 sreq=-45 sapplied=-45 crate=-45 uimp=-134485 upos=920 uneg=3365 ball=29.63 vball=0.12 aball=0.2 bref=50.00 pid=-44.6 pref=-327.7 ppos=-323.3 apid=0.0 integ=-95.7 vision=1 current=1 vframe=7156 vs=1 vage=5 vpage=5 vdt=33 vmax=4229 vacc=7037 vrej=0 seq=1 elapsed=4547 oled=3C
[   5907] STATUS mode=4 fault=none enc=-400 denc=-1 sreq=-45 sapplied=-45 crate=-45 uimp=-136065 upos=920 uneg=3405 ball=29.62 vball=0.02 aball=0.2 bref=50.00 pid=-44.8 pref=-329.3 ppos=-324.9 apid=0.0 integ=-97.1 vision=1 current=1 vframe=7157 vs=1 vage=11 vpage=11 vdt=34 vmax=4229 vacc=7038 vrej=0 seq=1 elapsed=4587 oled=3C
[   5938] STATUS mode=4 fault=none enc=-400 denc=-1 sreq=-37 sapplied=-37 crate=-37 uimp=-136895 upos=920 uneg=3425 ball=29.62 vball=0.02 aball=0.2 bref=50.00 pid=-36.5 pref=-329.3 ppos=-325.7 apid=0.0 integ=-97.1 vision=1 current=1 vframe=7157 vs=1 vage=31 vpage=31 vdt=34 vmax=4229 vacc=7038 vrej=0 seq=1 elapsed=4607 oled=3C
[   5968] STATUS mode=4 fault=none enc=-402 denc=-1 sreq=-49 sapplied=-49 crate=-49 uimp=-138525 upos=920 uneg=3465 ball=29.61 vball=-0.06 aball=0.2 bref=50.00 pid=-48.8 pref=-332.2 ppos=-327.3 apid=0.0 integ=-99.8 vision=1 current=1 vframe=7159 vs=1 vage=5 vpage=5 vdt=33 vmax=4229 vacc=7040 vrej=0 seq=1 elapsed=4647 oled=3C
[   6000] STATUS mode=4 fault=none enc=-403 denc=0 sreq=-40 sapplied=-40 crate=-40 uimp=-139430 upos=920 uneg=3485 ball=29.61 vball=-0.06 aball=0.2 bref=50.00 pid=-39.8 pref=-332.2 ppos=-328.2 apid=0.0 integ=-99.8 vision=1 current=1 vframe=7159 vs=1 vage=25 vpage=25 vdt=33 vmax=4229 vacc=7040 vrej=0 seq=1 elapsed=4667 oled=3C
[   6016] STATUS mode=4 fault=none enc=-404 denc=-1 sreq=-45 sapplied=-45 crate=-45 uimp=-140235 upos=920 uneg=3505 ball=29.61 vball=-0.05 aball=-0.2 bref=50.00 pid=-45.0 pref=-333.5 ppos=-329.0 apid=-0.0 integ=-101.1 vision=1 current=1 vframe=7160 vs=1 vage=12 vpage=12 vdt=33 vmax=4229 vacc=7041 vrej=0 seq=1 elapsed=4687 oled=3C
[   6047] STATUS mode=4 fault=none enc=-406 denc=0 sreq=-42 sapplied=-42 crate=-42 uimp=-141960 upos=920 uneg=3545 ball=29.61 vball=-0.09 aball=-0.2 bref=50.00 pid=-42.0 pref=-335.0 ppos=-330.8 apid=-0.0 integ=-102.5 vision=1 current=1 vframe=7161 vs=1 vage=19 vpage=19 vdt=33 vmax=4229 vacc=7042 vrej=0 seq=1 elapsed=4727 oled=3C
[   6077] STATUS mode=4 fault=none enc=-407 denc=-1 sreq=-34 sapplied=-34 crate=-34 uimp=-142740 upos=920 uneg=3565 ball=29.60 vball=-0.08 aball=-0.2 bref=50.00 pid=-34.2 pref=-335.0 ppos=-331.5 apid=-0.0 integ=-102.5 vision=1 current=1 vframe=7162 vs=1 vage=3 vpage=3 vdt=36 vmax=4229 vacc=7043 vrej=0 seq=1 elapsed=4747 oled=3C
[   6109] STATUS mode=4 fault=none enc=-410 denc=-2 sreq=-45 sapplied=-45 crate=-45 uimp=-144395 upos=920 uneg=3605 ball=29.60 vball=-0.06 aball=-0.2 bref=50.00 pid=-45.3 pref=-337.7 ppos=-333.2 apid=-0.0 integ=-105.3 vision=1 current=1 vframe=7163 vs=1 vage=10 vpage=10 vdt=33 vmax=4229 vacc=7044 vrej=0 seq=1 elapsed=4787 oled=3C
[   6141] STATUS mode=4 fault=none enc=-409 denc=0 sreq=-37 sapplied=-37 crate=-37 uimp=-145235 upos=920 uneg=3625 ball=29.60 vball=-0.06 aball=-0.2 bref=50.00 pid=-36.9 pref=-337.7 ppos=-334.0 apid=-0.0 integ=-105.3 vision=1 current=1 vframe=7163 vs=1 vage=30 vpage=30 vdt=33 vmax=4229 vacc=7044 vrej=0 seq=1 elapsed=4807 oled=3C
[   6157] STATUS mode=4 fault=none enc=-411 denc=0 sreq=-43 sapplied=-43 crate=-43 uimp=-146055 upos=920 uneg=3645 ball=29.60 vball=-0.08 aball=-0.2 bref=50.00 pid=-42.6 pref=-339.1 ppos=-334.9 apid=-0.0 integ=-106.6 vision=1 current=1 vframe=7164 vs=1 vage=17 vpage=17 vdt=33 vmax=4229 vacc=7045 vrej=0 seq=1 elapsed=4827 oled=3C
[   6188] STATUS mode=4 fault=none enc=-413 denc=1 sreq=-43 sapplied=-43 crate=-43 uimp=-147650 upos=920 uneg=3685 ball=29.60 vball=-0.08 aball=-0.2 bref=50.00 pid=-43.0 pref=-340.7 ppos=-336.4 apid=-0.0 integ=-108.3 vision=1 current=1 vframe=7165 vs=1 vage=17 vpage=17 vdt=40 vmax=4229 vacc=7046 vrej=0 seq=1 elapsed=4867 oled=3C
[   6218] STATUS mode=4 fault=none enc=-415 denc=-2 sreq=-44 sapplied=-44 crate=-44 uimp=-148500 upos=920 uneg=3705 ball=29.60 vball=-0.06 aball=-0.1 bref=50.00 pid=-44.3 pref=-341.7 ppos=-337.3 apid=-0.0 integ=-109.3 vision=1 current=1 vframe=7166 vs=1 vage=12 vpage=12 vdt=25 vmax=4229 vacc=7047 vrej=0 seq=1 elapsed=4887 oled=3C
[   6250] STATUS mode=4 fault=none enc=-416 denc=0 sreq=-42 sapplied=-42 crate=-42 uimp=-150130 upos=920 uneg=3745 ball=29.60 vball=-0.04 aball=-0.1 bref=50.00 pid=-36.1 pref=-341.7 ppos=-338.1 apid=-0.0 integ=-109.3 vision=1 current=1 vframe=7166 vs=1 vage=32 vpage=32 vdt=25 vmax=4229 vacc=7047 vrej=0 seq=1 elapsed=4907 oled=3C
[   6282] STATUS mode=4 fault=none enc=-417 denc=0 sreq=-42 sapplied=-42 crate=-42 uimp=-150910 upos=920 uneg=3765 ball=29.62 vball=0.20 aball=-0.1 bref=50.00 pid=-41.6 pref=-343.9 ppos=-339.7 apid=-0.0 integ=-112.0 vision=1 current=1 vframe=7168 vs=1 vage=6 vpage=6 vdt=30 vmax=4229 vacc=7049 vrej=0 seq=1 elapsed=4947 oled=3C
[   6297] STATUS mode=4 fault=none enc=-419 denc=-1 sreq=-34 sapplied=-34 crate=-34 uimp=-151690 upos=920 uneg=3785 ball=29.62 vball=0.20 aball=-0.1 bref=50.00 pid=-33.8 pref=-343.9 ppos=-340.5 apid=-0.0 integ=-112.0 vision=1 current=1 vframe=7168 vs=1 vage=26 vpage=26 vdt=30 vmax=4229 vacc=7049 vrej=0 seq=1 elapsed=4967 oled=3C
[   6327] STATUS mode=5 fault=sequence_timeout enc=-420 denc=0 sreq=0 sapplied=0 crate=0 uimp=-152955 upos=920 uneg=3820 ball=29.63 vball=0.21 aball=0.0 bref=50.00 pid=0.0 pref=-341.8 ppos=-341.8 apid=0.0 integ=0.0 vision=1 current=1 vframe=7169 vs=1 vage=33 vpage=33 vdt=33 vmax=4229 vacc=7050 vrej=0 seq=1 elapsed=5001 oled=3C
[   6359] STATUS mode=5 fault=sequence_timeout enc=-420 denc=0 sreq=0 sapplied=0 crate=0 uimp=-152955 upos=920 uneg=3820 ball=29.65 vball=0.31 aball=0.0 bref=50.00 pid=0.0 pref=-341.8 ppos=-341.8 apid=0.0 integ=0.0 vision=1 current=1 vframe=7170 vs=1 vage=19 vpage=19 vdt=34 vmax=4229 vacc=7051 vrej=0 seq=1 elapsed=5001 oled=3C
[   6391] STATUS mode=5 fault=sequence_timeout enc=-420 denc=0 sreq=0 sapplied=0 crate=0 uimp=-152955 upos=920 uneg=3820 ball=29.67 vball=0.37 aball=0.0 bref=50.00 pid=0.0 pref=-341.8 ppos=-341.8 apid=0.0 integ=0.0 vision=1 current=1 vframe=7171 vs=1 vage=6 vpage=6 vdt=33 vmax=4229 vacc=7052 vrej=0 seq=1 elapsed=5001 oled=3C
[   6407] STATUS mode=5 fault=sequence_timeout enc=-420 denc=0 sreq=0 sapplied=0 crate=0 uimp=-152955 upos=920 uneg=3820 ball=29.69 vball=0.49 aball=0.0 bref=50.00 pid=0.0 pref=-341.8 ppos=-341.8 apid=0.0 integ=0.0 vision=1 current=1 vframe=7172 vs=1 vage=13 vpage=13 vdt=33 vmax=4229 vacc=7053 vrej=0 seq=1 elapsed=5001 oled=3C
[   6438] STATUS mode=5 fault=sequence_timeout enc=-420 denc=0 sreq=0 sapplied=0 crate=0 uimp=-152955 upos=920 uneg=3820 ball=29.69 vball=0.49 aball=0.0 bref=50.00 pid=0.0 pref=-341.8 ppos=-341.8 apid=0.0 integ=0.0 vision=1 current=1 vframe=7172 vs=1 vage=33 vpage=33 vdt=33 vmax=4229 vacc=7053 vrej=0 seq=1 elapsed=5001 oled=3C
[   6468] STATUS mode=5 fault=sequence_timeout enc=-420 denc=0 sreq=0 sapplied=0 crate=0 uimp=-152955 upos=920 uneg=3820 ball=29.76 vball=0.81 aball=0.0 bref=50.00 pid=0.0 pref=-341.8 ppos=-341.8 apid=0.0 integ=0.0 vision=1 current=1 vframe=7174 vs=1 vage=6 vpage=6 vdt=33 vmax=4229 vacc=7055 vrej=0 seq=1 elapsed=5001 oled=3C
[   6500] STATUS mode=5 fault=sequence_timeout enc=-420 denc=0 sreq=0 sapplied=0 crate=0 uimp=-152955 upos=920 uneg=3820 ball=29.76 vball=0.81 aball=0.0 bref=50.00 pid=0.0 pref=-341.8 ppos=-341.8 apid=0.0 integ=0.0 vision=1 current=1 vframe=7174 vs=1 vage=26 vpage=26 vdt=33 vmax=4229 vacc=7055 vrej=0 seq=1 elapsed=5001 oled=3C
[   6532] STATUS mode=5 fault=sequence_timeout enc=-420 denc=0 sreq=0 sapplied=0 crate=0 uimp=-152955 upos=920 uneg=3820 ball=29.78 vball=0.76 aball=0.0 bref=50.00 pid=0.0 pref=-341.8 ppos=-341.8 apid=0.0 integ=0.0 vision=1 current=1 vframe=7175 vs=1 vage=12 vpage=12 vdt=34 vmax=4229 vacc=7056 vrej=0 seq=1 elapsed=5001 oled=3C
[   6547] STATUS mode=5 fault=sequence_timeout enc=-420 denc=0 sreq=0 sapplied=0 crate=0 uimp=-152955 upos=920 uneg=3820 ball=29.78 vball=0.56 aball=0.0 bref=50.00 pid=0.0 pref=-341.8 ppos=-341.8 apid=0.0 integ=0.0 vision=1 current=1 vframe=7176 vs=1 vage=19 vpage=19 vdt=33 vmax=4229 vacc=7057 vrej=0 seq=1 elapsed=5001 oled=3C
[   6577] STATUS mode=5 fault=sequence_timeout enc=-420 denc=0 sreq=0 sapplied=0 crate=0 uimp=-152955 upos=920 uneg=3820 ball=29.78 vball=0.39 aball=0.0 bref=50.00 pid=0.0 pref=-341.8 ppos=-341.8 apid=0.0 integ=0.0 vision=1 current=1 vframe=7177 vs=1 vage=5 vpage=5 vdt=34 vmax=4229 vacc=7058 vrej=0 seq=1 elapsed=5001 oled=3C
[   6609] STATUS mode=5 fault=sequence_timeout enc=-420 denc=0 sreq=0 sapplied=0 crate=0 uimp=-152955 upos=920 uneg=3820 ball=29.75 vball=-0.00 aball=0.0 bref=50.00 pid=0.0 pref=-341.8 ppos=-341.8 apid=0.0 integ=0.0 vision=1 current=1 vframe=7178 vs=1 vage=12 vpage=12 vdt=33 vmax=4229 vacc=7059 vrej=0 seq=1 elapsed=5001 oled=3C
[   6641] STATUS mode=5 fault=sequence_timeout enc=-420 denc=0 sreq=0 sapplied=0 crate=0 uimp=-152955 upos=920 uneg=3820 ball=29.75 vball=-0.00 aball=0.0 bref=50.00 pid=0.0 pref=-341.8 ppos=-341.8 apid=0.0 integ=0.0 vision=1 current=1 vframe=7178 vs=1 vage=32 vpage=32 vdt=33 vmax=4229 vacc=7059 vrej=0 seq=1 elapsed=5001 oled=3C
[   6672] STATUS mode=5 fault=sequence_timeout enc=-420 denc=0 sreq=0 sapplied=0 crate=0 uimp=-152955 upos=920 uneg=3820 ball=29.73 vball=-0.23 aball=0.0 bref=50.00 pid=0.0 pref=-341.8 ppos=-341.8 apid=0.0 integ=0.0 vision=1 current=1 vframe=7179 vs=1 vage=19 vpage=19 vdt=33 vmax=4229 vacc=7060 vrej=0 seq=1 elapsed=5001 oled=3C
[   6688] STATUS mode=5 fault=sequence_timeout enc=-420 denc=0 sreq=0 sapplied=0 crate=0 uimp=-152955 upos=920 uneg=3820 ball=29.74 vball=-0.04 aball=0.0 bref=50.00 pid=0.0 pref=-341.8 ppos=-341.8 apid=0.0 integ=0.0 vision=1 current=1 vframe=7180 vs=1 vage=25 vpage=25 vdt=34 vmax=4229 vacc=7061 vrej=0 seq=1 elapsed=5001 oled=3C
[   6718] STATUS mode=5 fault=sequence_timeout enc=-420 denc=0 sreq=0 sapplied=0 crate=0 uimp=-152955 upos=920 uneg=3820 ball=29.76 vball=0.11 aball=0.0 bref=50.00 pid=0.0 pref=-341.8 ppos=-341.8 apid=0.0 integ=0.0 vision=1 current=1 vframe=7181 vs=1 vage=12 vpage=12 vdt=33 vmax=4229 vacc=7062 vrej=0 seq=1 elapsed=5001 oled=3C
[   6750] STATUS mode=5 fault=sequence_timeout enc=-420 denc=0 sreq=0 sapplied=0 crate=0 uimp=-152955 upos=920 uneg=3820 ball=29.76 vball=0.13 aball=0.0 bref=50.00 pid=0.0 pref=-341.8 ppos=-341.8 apid=0.0 integ=0.0 vision=1 current=1 vframe=7182 vs=1 vage=18 vpage=18 vdt=34 vmax=4229 vacc=7063 vrej=0 seq=1 elapsed=5001 oled=3C
[   6782] STATUS mode=5 fault=sequence_timeout enc=-420 denc=0 sreq=0 sapplied=0 crate=0 uimp=-152955 upos=920 uneg=3820 ball=29.76 vball=0.10 aball=0.0 bref=50.00 pid=0.0 pref=-341.8 ppos=-341.8 apid=0.0 integ=0.0 vision=1 current=1 vframe=7183 vs=1 vage=5 vpage=5 vdt=33 vmax=4229 vacc=7064 vrej=0 seq=1 elapsed=5001 oled=3C
[   6797] STATUS mode=5 fault=sequence_timeout enc=-420 denc=0 sreq=0 sapplied=0 crate=0 uimp=-152955 upos=920 uneg=3820 ball=29.76 vball=0.10 aball=0.0 bref=50.00 pid=0.0 pref=-341.8 ppos=-341.8 apid=0.0 integ=0.0 vision=1 current=1 vframe=7183 vs=1 vage=25 vpage=25 vdt=33 vmax=4229 vacc=7064 vrej=0 seq=1 elapsed=5001 oled=3C
[   6827] STATUS mode=5 fault=sequence_timeout enc=-420 denc=0 sreq=0 sapplied=0 crate=0 uimp=-152955 upos=920 uneg=3820 ball=29.77 vball=0.13 aball=0.0 bref=50.00 pid=0.0 pref=-341.8 ppos=-341.8 apid=0.0 integ=0.0 vision=1 current=1 vframe=7184 vs=1 vage=32 vpage=32 vdt=33 vmax=4229 vacc=7065 vrej=0 seq=1 elapsed=5001 oled=3C
[   6859] STATUS mode=5 fault=sequence_timeout enc=-420 denc=0 sreq=0 sapplied=0 crate=0 uimp=-152955 upos=920 uneg=3820 ball=29.76 vball=0.05 aball=0.0 bref=50.00 pid=0.0 pref=-341.8 ppos=-341.8 apid=0.0 integ=0.0 vision=1 current=1 vframe=7185 vs=1 vage=19 vpage=19 vdt=33 vmax=4229 vacc=7066 vrej=0 seq=1 elapsed=5001 oled=3C
[   6891] STATUS mode=5 fault=sequence_timeout enc=-420 denc=0 sreq=0 sapplied=0 crate=0 uimp=-152955 upos=920 uneg=3820 ball=29.75 vball=-0.14 aball=0.0 bref=50.00 pid=0.0 pref=-341.8 ppos=-341.8 apid=0.0 integ=0.0 vision=1 current=1 vframe=7186 vs=1 vage=6 vpage=6 vdt=33 vmax=4229 vacc=7067 vrej=0 seq=1 elapsed=5001 oled=3C
[   6922] STATUS mode=5 fault=sequence_timeout enc=-420 denc=0 sreq=0 sapplied=0 crate=0 uimp=-152955 upos=920 uneg=3820 ball=29.72 vball=-0.29 aball=0.0 bref=50.00 pid=0.0 pref=-341.8 ppos=-341.8 apid=0.0 integ=0.0 vision=1 current=1 vframe=7187 vs=1 vage=11 vpage=11 vdt=35 vmax=4229 vacc=7068 vrej=0 seq=1 elapsed=5001 oled=3C
[   6938] STATUS mode=5 fault=sequence_timeout enc=-420 denc=0 sreq=0 sapplied=0 crate=0 uimp=-152955 upos=920 uneg=3820 ball=29.72 vball=-0.29 aball=0.0 bref=50.00 pid=0.0 pref=-341.8 ppos=-341.8 apid=0.0 integ=0.0 vision=1 current=1 vframe=7187 vs=1 vage=31 vpage=31 vdt=35 vmax=4229 vacc=7068 vrej=0 seq=1 elapsed=5001 oled=3C
[   6968] STATUS mode=5 fault=sequence_timeout enc=-420 denc=0 sreq=0 sapplied=0 crate=0 uimp=-152955 upos=920 uneg=3820 ball=29.71 vball=-0.26 aball=0.0 bref=50.00 pid=0.0 pref=-341.8 ppos=-341.8 apid=0.0 integ=0.0 vision=1 current=1 vframe=7189 vs=1 vage=5 vpage=5 vdt=34 vmax=4229 vacc=7070 vrej=0 seq=1 elapsed=5001 oled=3C
[   7000] STATUS mode=5 fault=sequence_timeout enc=-420 denc=0 sreq=0 sapplied=0 crate=0 uimp=-152955 upos=920 uneg=3820 ball=29.71 vball=-0.26 aball=0.0 bref=50.00 pid=0.0 pref=-341.8 ppos=-341.8 apid=0.0 integ=0.0 vision=1 current=1 vframe=7189 vs=1 vage=25 vpage=25 vdt=34 vmax=4229 vacc=7070 vrej=0 seq=1 elapsed=5001 oled=3C
[   7032] STATUS mode=5 fault=sequence_timeout enc=-420 denc=0 sreq=0 sapplied=0 crate=0 uimp=-152955 upos=920 uneg=3820 ball=29.70 vball=-0.23 aball=0.0 bref=50.00 pid=0.0 pref=-341.8 ppos=-341.8 apid=0.0 integ=0.0 vision=1 current=1 vframe=7190 vs=1 vage=12 vpage=12 vdt=33 vmax=4229 vacc=7071 vrej=0 seq=1 elapsed=5001 oled=3C
[   7047] STATUS mode=5 fault=sequence_timeout enc=-420 denc=0 sreq=0 sapplied=0 crate=0 uimp=-152955 upos=920 uneg=3820 ball=29.64 vball=-0.68 aball=0.0 bref=50.00 pid=0.0 pref=-341.8 ppos=-341.8 apid=0.0 integ=0.0 vision=1 current=1 vframe=7191 vs=1 vage=19 vpage=19 vdt=33 vmax=4229 vacc=7072 vrej=0 seq=1 elapsed=5001 oled=3C
[   7077] STATUS mode=5 fault=sequence_timeout enc=-420 denc=0 sreq=0 sapplied=0 crate=0 uimp=-152955 upos=920 uneg=3820 ball=29.63 vball=-0.63 aball=0.0 bref=50.00 pid=0.0 pref=-341.8 ppos=-341.8 apid=0.0 integ=0.0 vision=1 current=1 vframe=7192 vs=1 vage=5 vpage=5 vdt=34 vmax=4229 vacc=7073 vrej=0 seq=1 elapsed=5001 oled=3C
[   7109] STATUS mode=5 fault=sequence_timeout enc=-420 denc=0 sreq=0 sapplied=0 crate=0 uimp=-152955 upos=920 uneg=3820 ball=29.62 vball=-0.47 aball=0.0 bref=50.00 pid=0.0 pref=-341.8 ppos=-341.8 apid=0.0 integ=0.0 vision=1 current=1 vframe=7193 vs=1 vage=12 vpage=12 vdt=33 vmax=4229 vacc=7074 vrej=0 seq=1 elapsed=5001 oled=3C
[   7141] STATUS mode=5 fault=sequence_timeout enc=-420 denc=0 sreq=0 sapplied=0 crate=0 uimp=-152955 upos=920 uneg=3820 ball=29.62 vball=-0.47 aball=0.0 bref=50.00 pid=0.0 pref=-341.8 ppos=-341.8 apid=0.0 integ=0.0 vision=1 current=1 vframe=7193 vs=1 vage=32 vpage=32 vdt=33 vmax=4229 vacc=7074 vrej=0 seq=1 elapsed=5001 oled=3C
[   7172] STATUS mode=5 fault=sequence_timeout enc=-420 denc=0 sreq=0 sapplied=0 crate=0 uimp=-152955 upos=920 uneg=3820 ball=29.63 vball=-0.32 aball=0.0 bref=50.00 pid=0.0 pref=-341.8 ppos=-341.8 apid=0.0 integ=0.0 vision=1 current=1 vframe=7194 vs=1 vage=19 vpage=19 vdt=33 vmax=4229 vacc=7075 vrej=0 seq=1 elapsed=5001 oled=3C
[   7188] STATUS mode=5 fault=sequence_timeout enc=-420 denc=0 sreq=0 sapplied=0 crate=0 uimp=-152955 upos=920 uneg=3820 ball=29.63 vball=-0.21 aball=0.0 bref=50.00 pid=0.0 pref=-341.8 ppos=-341.8 apid=0.0 integ=0.0 vision=1 current=1 vframe=7195 vs=1 vage=25 vpage=25 vdt=34 vmax=4229 vacc=7076 vrej=0 seq=1 elapsed=5001 oled=3C
[   7218] STATUS mode=5 fault=sequence_timeout enc=-420 denc=0 sreq=0 sapplied=0 crate=0 uimp=-152955 upos=920 uneg=3820 ball=29.63 vball=-0.13 aball=0.0 bref=50.00 pid=0.0 pref=-341.8 ppos=-341.8 apid=0.0 integ=0.0 vision=1 current=1 vframe=7196 vs=1 vage=11 vpage=11 vdt=34 vmax=4229 vacc=7077 vrej=0 seq=1 elapsed=5001 oled=3C
[   7250] STATUS mode=5 fault=sequence_timeout enc=-420 denc=0 sreq=0 sapplied=0 crate=0 uimp=-152955 upos=920 uneg=3820 ball=29.63 vball=-0.08 aball=0.0 bref=50.00 pid=0.0 pref=-341.8 ppos=-341.8 apid=0.0 integ=0.0 vision=1 current=1 vframe=7197 vs=1 vage=18 vpage=18 vdt=33 vmax=4229 vacc=7078 vrej=0 seq=1 elapsed=5001 oled=3C
[   7282] STATUS mode=5 fault=sequence_timeout enc=-420 denc=0 sreq=0 sapplied=0 crate=0 uimp=-152955 upos=920 uneg=3820 ball=29.75 vball=1.03 aball=0.0 bref=50.00 pid=0.0 pref=-341.8 ppos=-341.8 apid=0.0 integ=0.0 vision=1 current=1 vframe=7198 vs=1 vage=5 vpage=5 vdt=33 vmax=4229 vacc=7079 vrej=0 seq=1 elapsed=5001 oled=3C
[   7297] STATUS mode=5 fault=sequence_timeout enc=-420 denc=0 sreq=0 sapplied=0 crate=0 uimp=-152955 upos=920 uneg=3820 ball=29.75 vball=1.03 aball=0.0 bref=50.00 pid=0.0 pref=-341.8 ppos=-341.8 apid=0.0 integ=0.0 vision=1 current=1 vframe=7198 vs=1 vage=25 vpage=25 vdt=33 vmax=4229 vacc=7079 vrej=0 seq=1 elapsed=5001 oled=3C
[   7327] STATUS mode=5 fault=sequence_timeout enc=-420 denc=0 sreq=0 sapplied=0 crate=0 uimp=-152955 upos=920 uneg=3820 ball=29.79 vball=1.07 aball=0.0 bref=50.00 pid=0.0 pref=-341.8 ppos=-341.8 apid=0.0 integ=0.0 vision=1 current=1 vframe=7199 vs=1 vage=33 vpage=33 vdt=32 vmax=4229 vacc=7080 vrej=0 seq=1 elapsed=5001 oled=3C
[   7359] STATUS mode=5 fault=sequence_timeout enc=-420 denc=0 sreq=0 sapplied=0 crate=0 uimp=-152955 upos=920 uneg=3820 ball=29.80 vball=0.83 aball=0.0 bref=50.00 pid=0.0 pref=-341.8 ppos=-341.8 apid=0.0 integ=0.0 vision=1 current=1 vframe=7200 vs=1 vage=20 vpage=20 vdt=33 vmax=4229 vacc=7081 vrej=0 seq=1 elapsed=5001 oled=3C
[   7391] STATUS mode=5 fault=sequence_timeout enc=-420 denc=0 sreq=0 sapplied=0 crate=0 uimp=-152955 upos=920 uneg=3820 ball=29.72 vball=-0.21 aball=0.0 bref=50.00 pid=0.0 pref=-341.8 ppos=-341.8 apid=0.0 integ=0.0 vision=1 current=1 vframe=7201 vs=1 vage=26 vpage=26 vdt=34 vmax=4229 vacc=72 vrej=0 seq=1 elapsed=5001 oled=3C
[   7422] STATUS mode=5 fault=sequence_timeout enc=-420 denc=0 sreq=0 sapplied=0 crate=0 uimp=-152955 upos=920 uneg=3820 ball=29.65 vball=-0.77 aball=0.0 bref=50.00 pid=0.0 pref=-341.8 ppos=-341.8 apid=0.0 integ=0.0 vision=1 current=1 vframe=7202 vs=1 vage=13 vpage=13 vdt=33 vmax=4229 vacc=7083 vrej=0 seq=1 elapsed=5001 oled=3C
[   7438] STATUS mode=5 fault=sequence_timeout enc=-420 denc=0 sreq=0 sapplied=0 crate=0 uimp=-152955 upos=920 uneg=3820 ball=29.65 vball=-0.77 aball=0.0 bref=50.00 pid=0.0 pref=-341.8 ppos=-341.8 apid=0.0 integ=0.0 vision=1 current=1 vframe=7202 vs=1 vage=33 vpage=33 vdt=33 vmax=4229 vacc=7083 vrej=0 seq=1 elapsed=5001 oled=3C
[   7468] STATUS mode=5 fault=sequence_timeout enc=-420 denc=0 sreq=0 sapplied=0 crate=0 uimp=-152955 upos=920 uneg=3820 ball=29.62 vball=-0.55 aball=0.0 bref=50.00 pid=0.0 pref=-341.8 ppos=-341.8 apid=0.0 integ=0.0 vision=1 current=1 vframe=7204 vs=1 vage=6 vpage=6 vdt=33 vmax=4229 vacc=7085 vrej=0 seq=1 elapsed=5001 oled=3C
[   7500] STATUS mode=5 fault=sequence_timeout enc=-420 denc=0 sreq=0 sapplied=0 crate=0 uimp=-152955 upos=920 uneg=3820 ball=29.62 vball=-0.55 aball=0.0 bref=50.00 pid=0.0 pref=-341.8 ppos=-341.8 apid=0.0 integ=0.0 vision=1 current=1 vframe=7204 vs=1 vage=26 vpage=26 vdt=33 vmax=4229 vacc=7085 vrej=0 seq=1 elapsed=5001 oled=3C
[   7532] STATUS mode=5 fault=sequence_timeout enc=-420 denc=0 sreq=0 sapplied=0 crate=0 uimp=-152955 upos=920 uneg=3820 ball=29.64 vball=-0.24 aball=0.0 bref=50.00 pid=0.0 pref=-341.8 ppos=-341.8 apid=0.0 integ=0.0 vision=1 current=1 vframe=7205 vs=1 vage=13 vpage=13 vdt=33 vmax=4229 vacc=7086 vrej=0 seq=1 elapsed=5001 oled=3C
[   7547] STATUS mode=5 fault=sequence_timeout enc=-420 denc=0 sreq=0 sapplied=0 crate=0 uimp=-152955 upos=920 uneg=3820 ball=29.67 vball=0.06 aball=0.0 bref=50.00 pid=0.0 pref=-341.8 ppos=-341.8 apid=0.0 integ=0.0 vision=1 current=1 vframe=7206 vs=1 vage=20 vpage=20 vdt=33 vmax=4229 vacc=7087 vrej=0 seq=1 elapsed=5001 oled=3C
[   7577] STATUS mode=5 fault=sequence_timeout enc=-420 denc=0 sreq=0 sapplied=0 crate=0 uimp=-152955 upos=920 uneg=3820 ball=29.70 vball=0.29 aball=0.0 bref=50.00 pid=0.0 pref=-341.8 ppos=-341.8 apid=0.0 integ=0.0 vision=1 current=1 vframe=7207 vs=1 vage=6 vpage=6 vdt=34 vmax=4229 vacc=7088 vrej=0 seq=1 elapsed=5001 oled=3C
[   7609] STATUS mode=5 fault=sequence_timeout enc=-420 denc=0 sreq=0 sapplied=0 crate=0 uimp=-152955 upos=920 uneg=3820 ball=29.71 vball=0.28 aball=0.0 bref=50.00 pid=0.0 pref=-341.8 ppos=-341.8 apid=0.0 integ=0.0 vision=1 current=1 vframe=7208 vs=1 vage=12 vpage=12 vdt=34 vmax=4229 vacc=7089 vrej=0 seq=1 elapsed=5001 oled=3C
[   7641] STATUS mode=5 fault=sequence_timeout enc=-420 denc=0 sreq=0 sapplied=0 crate=0 uimp=-152955 upos=920 uneg=3820 ball=29.71 vball=0.28 aball=0.0 bref=50.00 pid=0.0 pref=-341.8 ppos=-341.8 apid=0.0 integ=0.0 vision=1 current=1 vframe=7208 vs=1 vage=32 vpage=32 vdt=34 vmax=4229 vacc=7089 vrej=0 seq=1 elapsed=5001 oled=3C
[   7672] STATUS mode=5 fault=sequence_timeout enc=-420 denc=0 sreq=0 sapplied=0 crate=0 uimp=-152955 upos=920 uneg=3820 ball=29.71 vball=0.21 aball=0.0 bref=50.00 pid=0.0 pref=-341.8 ppos=-341.8 apid=0.0 integ=0.0 vision=1 current=1 vframe=7209 vs=1 vage=19 vpage=19 vdt=33 vmax=4229 vacc=7090 vrej=0 seq=1 elapsed=5001 oled=3C
[   7688] STATUS mode=5 fault=sequence_timeout enc=-420 denc=0 sreq=0 sapplied=0 crate=0 uimp=-152955 upos=920 uneg=3820 ball=29.71 vball=0.14 aball=0.0 bref=50.00 pid=0.0 pref=-341.8 ppos=-341.8 apid=0.0 integ=0.0 vision=1 current=1 vframe=7210 vs=1 vage=27 vpage=27 vdt=32 vmax=4229 vacc=7091 vrej=0 seq=1 elapsed=5001 oled=3C
[   7718] STATUS mode=5 fault=sequence_timeout enc=-420 denc=0 sreq=0 sapplied=0 crate=0 uimp=-152955 upos=920 uneg=3820 ball=29.64 vball=-0.44 aball=0.0 bref=50.00 pid=0.0 pref=-341.8 ppos=-341.8 apid=0.0 integ=0.0 vision=1 current=1 vframe=7211 vs=1 vage=13 vpage=13 vdt=34 vmax=4229 vacc=7092 vrej=0 seq=1 elapsed=5001 oled=3C
[   7750] STATUS mode=5 fault=sequence_timeout enc=-420 denc=0 sreq=0 sapplied=0 crate=0 uimp=-152955 upos=920 uneg=3820 ball=29.62 vball=-0.49 aball=0.0 bref=50.00 pid=0.0 pref=-341.8 ppos=-341.8 apid=0.0 integ=0.0 vision=1 current=1 vframe=7212 vs=1 vage=19 vpage=19 vdt=34 vmax=4229 vacc=7093 vrej=0 seq=1 elapsed=5001 oled=3C
[   7782] STATUS mode=5 fault=sequence_timeout enc=-420 denc=0 sreq=0 sapplied=0 crate=0 uimp=-152955 upos=920 uneg=3820 ball=29.62 vball=-0.39 aball=0.0 bref=50.00 pid=0.0 pref=-341.8 ppos=-341.8 apid=0.0 integ=0.0 vision=1 current=1 vframe=7213 vs=1 vage=6 vpage=6 vdt=33 vmax=4229 vacc=7094 vrej=0 seq=1 elapsed=5001 oled=3C
[   7813] STATUS mode=5 fault=sequence_timeout enc=-420 denc=0 sreq=0 sapplied=0 crate=0 uimp=-152955 upos=920 uneg=3820 ball=29.62 vball=-0.39 aball=0.0 bref=50.00 pid=0.0 pref=-341.8 ppos=-341.8 apid=0.0 integ=0.0 vision=1 current=1 vframe=7213 vs=1 vage=26 vpage=26 vdt=33 vmax=4229 vacc=7094 vrej=0 seq=1 elapsed=5001 oled=3C
[   7827] STATUS mode=5 fault=sequence_timeout enc=-420 denc=0 sreq=0 sapplied=0 crate=0 uimp=-152955 upos=920 uneg=3820 ball=29.62 vball=-0.27 aball=0.0 bref=50.00 pid=0.0 pref=-341.8 ppos=-341.8 apid=0.0 integ=0.0 vision=1 current=1 vframe=7214 vs=1 vage=33 vpage=33 vdt=33 vmax=4229 vacc=7095 vrej=0 seq=1 elapsed=5001 oled=3C
[   7859] STATUS mode=5 fault=sequence_timeout enc=-420 denc=0 sreq=0 sapplied=0 crate=0 uimp=-152955 upos=920 uneg=3820 ball=29.62 vball=-0.18 aball=0.0 bref=50.00 pid=0.0 pref=-341.8 ppos=-341.8 apid=0.0 integ=0.0 vision=1 current=1 vframe=7215 vs=1 vage=20 vpage=20 vdt=33 vmax=4229 vacc=7096 vrej=0 seq=1 elapsed=5001 oled=3C
[   7891] STATUS mode=5 fault=sequence_timeout enc=-420 denc=0 sreq=0 sapplied=0 crate=0 uimp=-152955 upos=920 uneg=3820 ball=29.62 vball=-0.11 aball=0.0 bref=50.00 pid=0.0 pref=-341.8 ppos=-341.8 apid=0.0 integ=0.0 vision=1 current=1 vframe=7216 vs=1 vage=26 vpage=26 vdt=34 vmax=4229 vacc=7097 vrej=0 seq=1 elapsed=5001 oled=3C
[   7922] STATUS mode=5 fault=sequence_timeout enc=-420 denc=0 sreq=0 sapplied=0 crate=0 uimp=-152955 upos=920 uneg=3820 ball=29.62 vball=-0.07 aball=0.0 bref=50.00 pid=0.0 pref=-341.8 ppos=-341.8 apid=0.0 integ=0.0 vision=1 current=1 vframe=7217 vs=1 vage=13 vpage=13 vdt=33 vmax=4229 vacc=7098 vrej=0 seq=1 elapsed=5001 oled=3C
[   7938] STATUS mode=5 fault=sequence_timeout enc=-420 denc=0 sreq=0 sapplied=0 crate=0 uimp=-152955 upos=920 uneg=3820 ball=29.62 vball=-0.07 aball=0.0 bref=50.00 pid=0.0 pref=-341.8 ppos=-341.8 apid=0.0 integ=0.0 vision=1 current=1 vframe=7217 vs=1 vage=33 vpage=33 vdt=33 vmax=4229 vacc=7098 vrej=0 seq=1 elapsed=5001 oled=3C
[   7968] STATUS mode=5 fault=sequence_timeout enc=-420 denc=0 sreq=0 sapplied=0 crate=0 uimp=-152955 upos=920 uneg=3820 ball=29.70 vball=0.55 aball=0.0 bref=50.00 pid=0.0 pref=-341.8 ppos=-341.8 apid=0.0 integ=0.0 vision=1 current=1 vframe=7219 vs=1 vage=7 vpage=7 vdt=31 vmax=4229 vacc=7100 vrej=0 seq=1 elapsed=5001 oled=3C
[   8000] STATUS mode=5 fault=sequence_timeout enc=-420 denc=0 sreq=0 sapplied=0 crate=0 uimp=-152955 upos=920 uneg=3820 ball=29.70 vball=0.55 aball=0.0 bref=50.00 pid=0.0 pref=-341.8 ppos=-341.8 apid=0.0 integ=0.0 vision=1 current=1 vframe=7219 vs=1 vage=27 vpage=27 vdt=31 vmax=4229 vacc=7100 vrej=0 seq=1 elapsed=5001 oled=3C
[   8032] STATUS mode=5 fault=sequence_timeout enc=-420 denc=0 sreq=0 sapplied=0 crate=0 uimp=-152955 upos=920 uneg=3820 ball=29.71 vball=0.47 aball=0.0 bref=50.00 pid=0.0 pref=-341.8 ppos=-341.8 apid=0.0 integ=0.0 vision=1 current=1 vframe=7220 vs=1 vage=12 vpage=12 vdt=35 vmax=4229 vacc=7101 vrej=0 seq=1 elapsed=5001 oled=3C
[   8063] STATUS mode=5 fault=sequence_timeout enc=-420 denc=0 sreq=0 sapplied=0 crate=0 uimp=-152955 upos=920 uneg=3820 ball=29.71 vball=0.34 aball=0.0 bref=50.00 pid=0.0 pref=-341.8 ppos=-341.8 apid=0.0 integ=0.0 vision=1 current=1 vframe=7221 vs=1 vage=20 vpage=20 vdt=32 vmax=4229 vacc=7102 vrej=0 seq=1 elapsed=5001 oled=3C
[   8077] STATUS mode=5 fault=sequence_timeout enc=-420 denc=0 sreq=0 sapplied=0 crate=0 uimp=-152955 upos=920 uneg=3820 ball=29.67 vball=-0.12 aball=0.0 bref=50.00 pid=0.0 pref=-341.8 ppos=-341.8 apid=0.0 integ=0.0 vision=1 current=1 vframe=7222 vs=1 vage=6 vpage=6 vdt=34 vmax=4229 vacc=7103 vrej=0 seq=1 elapsed=5001 oled=3C
[   8109] STATUS mode=5 fault=sequence_timeout enc=-420 denc=0 sreq=0 sapplied=0 crate=0 uimp=-152955 upos=920 uneg=3820 ball=29.65 vball=-0.21 aball=0.0 bref=50.00 pid=0.0 pref=-341.8 ppos=-341.8 apid=0.0 integ=0.0 vision=1 current=1 vframe=7223 vs=1 vage=13 vpage=13 vdt=33 vmax=4229 vacc=7104 vrej=0 seq=1 elapsed=5001 oled=3C
[   8141] STATUS mode=5 fault=sequence_timeout enc=-420 denc=0 sreq=0 sapplied=0 crate=0 uimp=-152955 upos=920 uneg=3820 ball=29.65 vball=-0.21 aball=0.0 bref=50.00 pid=0.0 pref=-341.8 ppos=-341.8 apid=0.0 integ=0.0 vision=1 current=1 vframe=7223 vs=1 vage=33 vpage=33 vdt=33 vmax=4229 vacc=7104 vrej=0 seq=1 elapsed=5001 oled=3C
[   8172] STATUS mode=5 fault=sequence_timeout enc=-420 denc=0 sreq=0 sapplied=0 crate=0 uimp=-152955 upos=920 uneg=3820 ball=29.65 vball=-0.18 aball=0.0 bref=50.00 pid=0.0 pref=-341.8 ppos=-341.8 apid=0.0 integ=0.0 vision=1 current=1 vframe=7224 vs=1 vage=19 vpage=19 vdt=34 vmax=4229 vacc=7105 vrej=0 seq=1 elapsed=5001 oled=3C
[   8188] STATUS mode=5 fault=sequence_timeout enc=-420 denc=0 sreq=0 sapplied=0 crate=0 uimp=-152955 upos=920 uneg=3820 ball=29.65 vball=-0.13 aball=0.0 bref=50.00 pid=0.0 pref=-341.8 ppos=-341.8 apid=0.0 integ=0.0 vision=1 current=1 vframe=7225 vs=1 vage=26 vpage=26 vdt=33 vmax=4229 vacc=7106 vrej=0 seq=1 elapsed=5001 oled=3C
[   8218] STATUS mode=5 fault=sequence_timeout enc=-420 denc=0 sreq=0 sapplied=0 crate=0 uimp=-152955 upos=920 uneg=3820 ball=29.65 vball=-0.09 aball=0.0 bref=50.00 pid=0.0 pref=-341.8 ppos=-341.8 apid=0.0 integ=0.0 vision=1 current=1 vframe=7226 vs=1 vage=13 vpage=13 vdt=33 vmax=4229 vacc=7107 vrej=0 seq=1 elapsed=5001 oled=3C
[   8250] STATUS mode=5 fault=sequence_timeout enc=-420 denc=0 sreq=0 sapplied=0 crate=0 uimp=-152955 upos=920 uneg=3820 ball=29.65 vball=-0.06 aball=0.0 bref=50.00 pid=0.0 pref=-341.8 ppos=-341.8 apid=0.0 integ=0.0 vision=1 current=1 vframe=7227 vs=1 vage=18 vpage=18 vdt=35 vmax=4229 vacc=7108 vrej=0 seq=1 elapsed=5001 oled=3C
[   8282] STATUS mode=5 fault=sequence_timeout enc=-420 denc=0 sreq=0 sapplied=0 crate=0 uimp=-152955 upos=920 uneg=3820 ball=29.65 vball=-0.04 aball=0.0 bref=50.00 pid=0.0 pref=-341.8 ppos=-341.8 apid=0.0 integ=0.0 vision=1 current=1 vframe=7228 vs=1 vage=6 vpage=6 vdt=32 vmax=4229 vacc=7109 vrej=0 seq=1 elapsed=5001 oled=3C
[   8313] STATUS mode=5 fault=sequence_timeout enc=-420 denc=0 sreq=0 sapplied=0 crate=0 uimp=-152955 upos=920 uneg=3820 ball=29.65 vball=-0.04 aball=0.0 bref=50.00 pid=0.0 pref=-341.8 ppos=-341.8 apid=0.0 integ=0.0 vision=1 current=1 vframe=7228 vs=1 vage=26 vpage=26 vdt=32 vmax=4229 vacc=7109 vrej=0 seq=1 elapsed=5001 oled=3C
[   8327] STATUS mode=5 fault=sequence_timeout enc=-420 denc=0 sreq=0 sapplied=0 crate=0 uimp=-152955 upos=920 uneg=3820 ball=29.65 vball=-0.02 aball=0.0 bref=50.00 pid=0.0 pref=-341.8 ppos=-341.8 apid=0.0 integ=0.0 vision=1 current=1 vframe=7229 vs=1 vage=33 vpage=33 vdt=33 vmax=4229 vacc=7110 vrej=0 seq=1 elapsed=5001 oled=3C
[   8359] STATUS mode=5 fault=sequence_timeout enc=-420 denc=0 sreq=0 sapplied=0 crate=0 uimp=-152955 upos=920 uneg=3820 ball=29.65 vball=-0.01 aball=0.0 bref=50.00 pid=0.0 pref=-341.8 ppos=-341.8 apid=0.0 integ=0.0 vision=1 current=1 vframe=7230 vs=1 vage=20 vpage=20 vdt=33 vmax=4229 vacc=7111 vrej=0 seq=1 elapsed=5001 oled=3C
[   8391] STATUS mode=5 fault=sequence_timeout enc=-420 denc=0 sreq=0 sapplied=0 crate=0 uimp=-152955 upos=920 uneg=3820 ball=29.66 vball=0.04 aball=0.0 bref=50.00 pid=0.0 pref=-341.8 ppos=-341.8 apid=0.0 integ=0.0 vision=1 current=1 vframe=7231 vs=1 vage=26 vpage=26 vdt=34 vmax=4229 vacc=7112 vrej=0 seq=1 elapsed=5001 oled=3C
[   8422] STATUS mode=5 fault=sequence_timeout enc=-420 denc=0 sreq=0 sapplied=0 crate=0 uimp=-152955 upos=920 uneg=3820 ball=29.66 vball=0.07 aball=0.0 bref=50.00 pid=0.0 pref=-341.8 ppos=-341.8 apid=0.0 integ=0.0 vision=1 current=1 vframe=7232 vs=1 vage=12 vpage=12 vdt=34 vmax=4229 vacc=7113 vrej=0 seq=1 elapsed=5001 oled=3C
[   8438] STATUS mode=5 fault=sequence_timeout enc=-420 denc=0 sreq=0 sapplied=0 crate=0 uimp=-152955 upos=920 uneg=3820 ball=29.66 vball=0.07 aball=0.0 bref=50.00 pid=0.0 pref=-341.8 ppos=-341.8 apid=0.0 integ=0.0 vision=1 current=1 vframe=7232 vs=1 vage=32 vpage=32 vdt=34 vmax=4229 vacc=7113 vrej=0 seq=1 elapsed=5001 oled=3C
[   8452] >>> status
[   8468] STATUS mode=5 fault=sequence_timeout enc=-420 denc=0 sreq=0 sapplied=0 crate=0 uimp=-152955 upos=920 uneg=3820 ball=29.66 vball=0.04 aball=0.0 bref=50.00 pid=0.0 pref=-341.8 ppos=-341.8 apid=0.0 integ=0.0 vision=1 current=1 vframe=7234 vs=1 vage=6 vpage=6 vdt=33 vmax=4229 vacc=7115 vrej=0 seq=1 elapsed=5001 oled=3C
[   8500] STATUS mode=5 fault=sequence_timeout enc=-420 denc=0 sreq=0 sapplied=0 crate=0 uimp=-152955 upos=920 uneg=3820 ball=29.66 vball=0.04 aball=0.0 bref=50.00 pid=0.0 pref=-341.8 ppos=-341.8 apid=0.0 integ=0.0 vision=1 current=1 vframe=7234 vs=1 vage=26 vpage=26 vdt=33 vmax=4229 vacc=7115 vrej=0 seq=1 elapsed=5001 oled=3C
[   8532] STATUS mode=5 fault=sequence_timeout enc=-420 denc=0 sreq=0 sapplied=0 crate=0 uimp=-152955 upos=920 uneg=3820 ball=29.65 vball=-0.04 aball=0.0 bref=50.00 pid=0.0 pref=-341.8 ppos=-341.8 apid=0.0 integ=0.0 vision=1 current=1 vframe=7235 vs=1 vage=33 vpage=33 vdt=33 vmax=4229 vacc=7116 vrej=0 seq=1 elapsed=5001 oled=3C
[   8563] STATUS mode=5 fault=sequence_timeout enc=-420 denc=0 sreq=0 sapplied=0 crate=0 uimp=-152955 upos=920 uneg=3820 ball=29.65 vball=-0.05 aball=0.0 bref=50.00 pid=0.0 pref=-341.8 ppos=-341.8 apid=0.0 integ=0.0 vision=1 current=1 vframe=7236 vs=1 vage=20 vpage=20 vdt=33 vmax=4229 vacc=7117 vrej=0 seq=1 elapsed=5001 oled=3C
[   8577] STATUS mode=5 fault=sequence_timeout enc=-420 denc=0 sreq=0 sapplied=0 crate=0 uimp=-152955 upos=920 uneg=3820 ball=29.65 vball=-0.04 aball=0.0 bref=50.00 pid=0.0 pref=-341.8 ppos=-341.8 apid=0.0 integ=0.0 vision=1 current=1 vframe=7237 vs=1 vage=6 vpage=6 vdt=34 vmax=4229 vacc=7118 vrej=0 seq=1 elapsed=5001 oled=3C
[   8609] STATUS mode=5 fault=sequence_timeout enc=-420 denc=0 sreq=0 sapplied=0 crate=0 uimp=-152955 upos=920 uneg=3820 ball=29.65 vball=-0.03 aball=0.0 bref=50.00 pid=0.0 pref=-341.8 ppos=-341.8 apid=0.0 inte
[   8609] >>> stop
[   8609] g=0.0 vision=1 current=1 vframe=7238 vs=1 vage=12 vpage=12 vdt=34 vmax=4229 vacc=7119 vrej=0 seq=1 elapsed=5001 oled=3C
[   8609] OK stopped
[   8641] STATUS mode=1 fault=none enc=-420 denc=0 sreq=0 sapplied=0 crate=0 uimp=-152955 upos=920 uneg=3820 ball=29.65 vball=-0.02 aball=0.0 bref=50.00 pid=0.0 pref=-341.8 ppos=-341.8 apid=0.0 integ=0.0 vision=1 current=1 vframe=7239 vs=1 vage=20 vpage=20 vdt=32 vmax=4229 vacc=7120 vrej=0 seq=1 elapsed=5001 oled=3C
[   8672] STATUS mode=1 fault=none enc=-420 denc=0 sreq=0 sapplied=0 crate=0 uimp=-152955 upos=920 uneg=3820 ball=29.65 vball=-0.01 aball=0.0 bref=50.00 pid=0.0 pref=-341.8 ppos=-341.8 apid=0.0 integ=0.0 vision=1 current=1 vframe=7240 vs=1 vage=6 vpage=6 vdt=34 vmax=4229 vacc=7121 vrej=0 seq=1 elapsed=5001 oled=3C
[   8702] STATUS mode=1 fault=none enc=-420 denc=0 sreq=0 sapplied=0 crate=0 uimp=-152955 upos=920 uneg=3820 ball=29.65 vball=-0.01 aball=0.0 bref=50.00 pid=0.0 pref=-341.8 ppos=-341.8 apid=0.0 integ=0.0 vision=1 current=1 vframe=7240 vs=1 vage=26 vpage=26 vdt=34 vmax=4229 vacc=7121 vrej=0 seq=1 elapsed=5001 oled=3C
[   8734] STATUS mode=1 fault=none enc=-420 denc=0 sreq=0 sapplied=0 crate=0 uimp=-152955 upos=920 uneg=3820 ball=29.65 vball=-0.01 aball=0.0 bref=50.00 pid=0.0 pref=-341.8 ppos=-341.8 apid=0.0 integ=0.0 vision=1 current=1 vframe=7241 vs=1 vage=33 vpage=33 vdt=33 vmax=4229 vacc=7122 vrej=0 seq=1 elapsed=5001 oled=3C
[   8750] STATUS mode=1 fault=none enc=-420 denc=0 sreq=0 sapplied=0 crate=0 uimp=-152955 upos=920 uneg=3820 ball=29.65 vball=-0.00 aball=0.0 bref=50.00 pid=0.0 pref=-341.8 ppos=-341.8 apid=0.0 integ=0.0 vision=1 current=1 vframe=7242 vs=1 vage=19 vpage=19 vdt=34 vmax=4229 vacc=7123 vrej=0 seq=1 elapsed=5001 oled=3C
[   8766] STATUS mode=1 fault=none enc=-420 denc=0 s
[   8766] >>> stream off
[   8782] req=0 sapplied=0 crate=0 uimp=-152955 upos=920 uneg=3820 ball=29.65 vball=-0.00 aball=0.0 bref=50.00 pid=0.0 pref=-341.8 ppos=-341.8 apid=0.0 integ=0.0 vision=1 current=1 vframe=7243 vs=1 vage=7 vpage=7 vdt=32 vmax=4229 vacc=7124 vrej=0 seq=1 elapsed=5001 oled=3C
[   8782] OK stream off
