[      0] >>> bench on
[      0] OK stepper visual-only bench active; command pose preserved
[    125] >>> clear
[    125] OK fault cleared
[    250] >>> diag reset
[    250] OK actuator diagnostics reset
[    375] >>> gain ball 3.0 0.5 5.0 -1
[    391] OK ball gains kp=3.000 ki=0.500 kd=5.000 sign=-1
[    500] >>> gain accel 0
[    500] OK ball acceleration gain ka=0.000
[    625] >>> limit rate 250
[    625] OK ball rate limit=250 steps/s
[    750] >>> stream on 20
[    750] OK stream on 20 ms
[    797] STATUS mode=1 fault=none enc=-90 denc=0 sreq=0 sapplied=0 crate=0 uimp=0 upos=0 uneg=0 ball=-43.58 vball=0.51 aball=0.0 bref=0.00 pid=0.0 pref=-65.2 ppos=-65.2 apid=0.0 integ=0.0 vision=1 current=1 vframe=2559 vs=1 vage=14 vpage=14 vdt=33 vmax=165 vacc=2552 vrej=0 seq=0 elapsed=0 oled=3C
[    829] STATUS mode=1 fault=none enc=-90 denc=0 sreq=0 sapplied=0 crate=0 uimp=0 upos=0 uneg=0 ball=-43.58 vball=0.51 aball=0.0 bref=0.00 pid=0.0 pref=-65.2 ppos=-65.2 apid=0.0 integ=0.0 vision=1 current=1 vframe=2559 vs=1 vage=34 vpage=34 vdt=33 vmax=165 vacc=2552 vrej=0 seq=0 elapsed=0 oled=3C
[    844] STATUS mode=1 fault=none enc=-90 denc=0 sreq=0 sapplied=0 crate=0 uimp=0 upos=0 uneg=0 ball=-43.60 vball=0.08 aball=0.0 bref=0.00 pid=0.0 pref=-65.2 ppos=-65.2 apid=0.0 integ=0.0 vision=1 current=1 vframe=2560 vs=1 vage=20 vpage=20 vdt=34 vmax=165 vacc=2553 vrej=0 seq=0 elapsed=0 oled=3C
[    875] STATUS mode=1 fault=none enc=-90 denc=0 sreq=0 sapplied=0 crate=0 uimp=0 upos=0 uneg=0 ball=-43.63 vball=-0.15 aball=0.0 bref=0.00 pid=0.0 pref=-65.2 ppos=-65.2 apid=0.0 integ=0.0 vision=1 current=1 vframe=2561 vs=1 vage=7 vpage=7 vdt=33 vmax=165 vacc=2554 vrej=0 seq=0 elapsed=0 oled=3C
[    875] >>> ball 0
[    891] STATUS mode=1 fault=none enc=-90 denc=0 sreq=0 sapplied=0 crate=0 uimp=0 upos=0 uneg=0 ball=-43.57 vball=0.41 aball=0.0 bref=0.00 pid=0.0 pref=-65.2 ppos=-65.2 apid=0.0 integ=0.0 vision=1 current=1 vframe=2562 vs=1 vage=14 vpage=14 vdt=33 vmax=165 vacc=2555 vrej=0 seq=0 elapsed=0 oled=3C
[    922] STATUS mode=3 fault=none enc=-91 denc=0 sreq=-250 sapplied=-250 crate=-250 uimp=-1500 upos=0 uneg=10 ball=-43.57 vball=0.41 aball=0.0 bref=0.00 pid=-250.0 pref=-193.8 ppos=-66.7 apid=0.0 integ=-0.0 vision=1 current=1 vframe=2562 vs=1 vage=34 vpage=34 vdt=33 vmax=165 vacc=2555 vrej=0 seq=0 elapsed=0 oled=3C
[    954] STATUS mode=3 fault=none enc=-98 denc=-1 sreq=-250 sapplied=-250 crate=-250 uimp=-6500 upos=0 uneg=30 ball=-43.55 vball=0.45 aball=0.0 bref=0.00 pid=-250.0 pref=-193.6 ppos=-71.7 apid=0.0 integ=-0.0 vision=1 current=1 vframe=2563 vs=1 vage=20 vpage=20 vdt=34 vmax=165 vacc=2556 vrej=0 seq=0 elapsed=0 oled=3C
[    985] STATUS mode=3 fault=none enc=-104 denc=-1 sreq=-250 sapplied=-250 crate=-250 uimp=-11500 upos=0 uneg=50 ball=-43.55 vball=0.35 aball=0.0 bref=0.00 pid=-250.0 pref=-194.1 ppos=-76.7 apid=0.0 integ=-0.0 vision=1 current=1 vframe=2564 vs=1 vage=7 vpage=7 vdt=33 vmax=165 vacc=2557 vrej=0 seq=0 elapsed=0 oled=3C
[   1000] STATUS mode=3 fault=none enc=-117 denc=-1 sreq=-250 sapplied=-250 crate=-250 uimp=-21500 upos=0 uneg=90 ball=-43.55 vball=0.25 aball=-0.7 bref=0.00 pid=-250.0 pref=-194.6 ppos=-86.7 apid=-0.0 integ=-0.0 vision=1 current=1 vframe=2565 vs=1 vage=12 vpage=12 vdt=35 vmax=165 vacc=2558 vrej=0 seq=0 elapsed=0 oled=3C
[   1032] STATUS mode=3 fault=none enc=-124 denc=-2 sreq=-250 sapplied=-250 crate=-250 uimp=-26500 upos=0 uneg=110 ball=-43.55 vball=0.25 aball=-0.7 bref=0.00 pid=-250.0 pref=-194.6 ppos=-91.7 apid=-0.0 integ=-0.0 vision=1 current=1 vframe=2565 vs=1 vage=32 vpage=32 vdt=35 vmax=165 vacc=2558 vrej=0 seq=0 elapsed=0 oled=3C
[   1063] STATUS mode=3 fault=none enc=-137 denc=-1 sreq=-250 sapplied=-250 crate=-250 uimp=-36500 upos=0 uneg=150 ball=-43.57 vball=-0.01 aball=-0.7 bref=0.00 pid=-250.0 pref=-195.9 ppos=-101.7 apid=-0.0 integ=-0.0 vision=1 current=1 vframe=2567 vs=1 vage=6 vpage=6 vdt=34 vmax=165 vacc=2560 vrej=0 seq=0 elapsed=0 oled=3C
[   1094] STATUS mode=3 fault=none enc=-144 denc=-2 sreq=-250 sapplied=-250 crate=-250 uimp=-41500 upos=0 uneg=170 ball=-43.57 vball=-0.01 aball=-0.7 bref=0.00 pid=-250.0 pref=-195.9 ppos=-106.7 apid=-0.0 integ=-0.0 vision=1 current=1 vframe=2567 vs=1 vage=26 vpage=26 vdt=34 vmax=165 vacc=2560 vrej=0 seq=0 elapsed=0 oled=3C
[   1110] STATUS mode=3 fault=none enc=-150 denc=-1 sreq=-250 sapplied=-250 crate=-250 uimp=-46500 upos=0 uneg=190 ball=-43.55 vball=0.17 aball=-0.8 bref=0.00 pid=-250.0 pref=-195.7 ppos=-111.7 apid=-0.0 integ=-0.7 vision=1 current=1 vframe=2568 vs=1 vage=13 vpage=13 vdt=33 vmax=165 vacc=2561 vrej=0 seq=0 elapsed=0 oled=3C
[   1141] STATUS mode=3 fault=none enc=-163 denc=-1 sreq=-250 sapplied=-250 crate=-250 uimp=-56500 upos=0 uneg=230 ball=-43.53 vball=0.25 aball=-0.8 bref=0.00 pid=-250.0 pref=-195.9 ppos=-121.7 apid=-0.0 integ=-1.4 vision=1 current=1 vframe=2569 vs=1 vage=20 vpage=20 vdt=33 vmax=165 vacc=2562 vrej=0 seq=0 elapsed=0 oled=3C
[   1172] STATUS mode=3 fault=none enc=-169 denc=-1 sreq=-250 sapplied=-250 crate=-250 uimp=-61500 upos=0 uneg=250 ball=-43.51 vball=0.39 aball=-0.8 bref=0.00 pid=-250.0 pref=-195.9 ppos=-126.7 apid=-0.0 integ=-2.2 vision=1 current=1 vframe=2570 vs=1 vage=6 vpage=6 vdt=34 vmax=165 vacc=2563 vrej=0 seq=0 elapsed=0 oled=3C
[   1204] STATUS mode=3 fault=none enc=-176 denc=-1 sreq=-250 sapplied=-250 crate=-250 uimp=-66500 upos=0 uneg=270 ball=-43.51 vball=0.39 aball=-0.8 bref=0.00 pid=-250.0 pref=-195.9 ppos=-131.7 apid=-0.0 integ=-2.2 vision=1 current=1 vframe=2570 vs=1 vage=26 vpage=26 vdt=34 vmax=165 vacc=2563 vrej=0 seq=0 elapsed=0 oled=3C
[   1219] STATUS mode=3 fault=none enc=-189 denc=-1 sreq=-250 sapplied=-250 crate=-250 uimp=-76500 upos=0 uneg=310 ball=-43.51 vball=0.25 aball=-0.1 bref=0.00 pid=-250.0 pref=-197.3 ppos=-141.7 apid=-0.0 integ=-2.9 vision=1 current=1 vframe=2571 vs=1 vage=33 vpage=33 vdt=33 vmax=165 vacc=2564 vrej=0 seq=0 elapsed=0 oled=3C
[   1250] STATUS mode=3 fault=none enc=-195 denc=-2 sreq=-250 sapplied=-250 crate=-250 uimp=-81500 upos=0 uneg=330 ball=-43.52 vball=0.11 aball=-0.1 bref=0.00 pid=-250.0 pref=-198.8 ppos=-146.7 apid=-0.0 integ=-3.7 vision=1 current=1 vframe=2572 vs=1 vage=18 vpage=18 vdt=35 vmax=165 vacc=2565 vrej=0 seq=0 elapsed=0 oled=3C
[   1282] STATUS mode=3 fault=none enc=-208 denc=-2 sreq=-250 sapplied=-250 crate=-250 uimp=-91500 upos=0 uneg=370 ball=-43.27 vball=2.19 aball=-0.1 bref=0.00 pid=-250.0 pref=-188.4 ppos=-156.7 apid=-0.0 integ=-4.3 vision=1 current=1 vframe=2573 vs=1 vage=26 vpage=26 vdt=32 vmax=165 vacc=2566 vrej=0 seq=0 elapsed=0 oled=3C
[   1313] STATUS mode=3 fault=none enc=-214 denc=-1 sreq=-250 sapplied=-250 crate=-250 uimp=-96500 upos=0 uneg=390 ball=-43.19 vball=2.25 aball=9.0 bref=0.00 pid=-250.0 pref=-188.6 ppos=-161.7 apid=0.0 integ=-5.1 vision=1 current=1 vframe=2574 vs=1 vage=13 vpage=13 vdt=33 vmax=165 vacc=2567 vrej=0 seq=0 elapsed=0 oled=3C
[   1329] STATUS mode=3 fault=none enc=-222 denc=-2 sreq=-220 sapplied=-220 crate=-220 uimp=-101380 upos=0 uneg=410 ball=-43.19 vball=2.25 aball=9.0 bref=0.00 pid=-220.0 pref=-188.6 ppos=-166.6 apid=0.0 integ=-5.1 vision=1 current=1 vframe=2574 vs=1 vage=33 vpage=33 vdt=33 vmax=165 vacc=2567 vrej=0 seq=0 elapsed=0 oled=3C
[   1360] STATUS mode=3 fault=none enc=-234 denc=-1 sreq=-250 sapplied=-250 crate=-250 uimp=-110980 upos=0 uneg=450 ball=-43.45 vball=-0.90 aball=9.0 bref=0.00 pid=-250.0 pref=-206.5 ppos=-176.2 apid=0.0 integ=-6.5 vision=1 current=1 vframe=2576 vs=1 vage=6 vpage=6 vdt=33 vmax=165 vacc=2569 vrej=0 seq=0 elapsed=0 oled=3C
[   1391] STATUS mode=3 fault=none enc=-240 denc=-1 sreq=-250 sapplied=-250 crate=-250 uimp=-115980 upos=0 uneg=470 ball=-43.45 vball=-0.90 aball=9.0 bref=0.00 pid=-250.0 pref=-206.5 ppos=-181.2 apid=0.0 integ=-6.5 vision=1 current=1 vframe=2576 vs=1 vage=26 vpage=26 vdt=33 vmax=165 vacc=2569 vrej=0 seq=0 elapsed=0 oled=3C
[   1422] STATUS mode=3 fault=none enc=-246 denc=-1 sreq=-215 sapplied=-215 crate=-215 uimp=-120715 upos=0 uneg=490 ball=-43.49 vball=-0.91 aball=-9.3 bref=0.00 pid=-215.4 pref=-207.4 ppos=-185.9 apid=-0.0 integ=-7.2 vision=1 current=1 vframe=2577 vs=1 vage=13 vpage=13 vdt=33 vmax=165 vacc=2570 vrej=0 seq=0 elapsed=0 oled=3C
[   1438] STATUS mode=3 fault=none enc=-255 denc=0 sreq=-137 sapplied=-137 crate=-137 uimp=-127870 upos=0 uneg=530 ball=-43.49 vball=-0.65 aball=-9.3 bref=0.00 pid=-137.3 pref=-206.8 ppos=-193.0 apid=-0.0 integ=-7.9 vision=1 current=1 vframe=2578 vs=1 vage=23 vpage=23 vdt=30 vmax=165 vacc=2571 vrej=0 seq=0 elapsed=0 oled=3C
[   1469] STATUS mode=3 fault=none enc=-259 denc=-2 sreq=-106 sapplied=-106 crate=-106 uimp=-130415 upos=0 uneg=550 ball=-43.48 vball=-0.38 aball=-9.3 bref=0.00 pid=-105.9 pref=-206.2 ppos=-195.6 apid=-0.0 integ=-8.7 vision=1 current=1 vframe=2579 vs=1 vage=7 vpage=7 vdt=36 vmax=165 vacc=2572 vrej=0 seq=0 elapsed=0 oled=3C
[   1500] STATUS mode=3 fault=none enc=-263 denc=0 sreq=-61 sapplied=-61 crate=-61 uimp=-133880 upos=0 uneg=590 ball=-43.45 vball=-0.05 aball=-1.2 bref=0.00 pid=-60.8 pref==-206.2 ppos=-197.6 apid=-0.0 integ=-8.7 vision=1 current=1 vframe=2579 vs=1 vage=27 vpage=27 vdt=36 vmax=165 vacc=2572 vrej=0 seq=0 elapsed=0 oled=3C
[   1532] STATUS mode=3 fault=none enc=-264 denc=0 sreq=-50 sapplied=-50 crate=-50 uimp=-135010 upos=0 uneg=610 ball=-43.44 vball=0.04 aball=-1.2 bref=0.00 pid=-49.5 pref=-205.1 ppos=-200.2 apid=-0.0 integ=-9.4 vision=1 current=1 vframe=2581 vs=1 vage=2 vpage=2 vdt=33 vmax=165 vacc=2574 vrej=0 seq=0 elapsed=0 oled=3C
[   1547] STATUS mode=3 fault=none enc=-266 denc=-1 sreq=-42 sapplied=-42 crate=-42 uimp=-135965 upos=0 uneg=630 ball=-43.44 vball=0.04 aball=-1.2 bref=0.00 pid=-42.3 pref=-205.4 ppos=-201.1 apid=-0.0 integ=-10.1 vision=1 current=1 vframe=2581 vs=1 vage=22 vpage=22 vdt=33 vmax=165 vacc=2574 vrej=0 seq=0 elapsed=0 oled=3C
[   1579] STATUS mode=3 fault=none enc=-267 denc=0 sreq=-20 sapplied=-20 crate=-20 uimp=-137210 upos=0 uneg=670 ball=-43.41 vball=0.37 aball=-1.2 bref=0.00 pid=-20.3 pref=-204.4 ppos=-202.4 apid=-0.0 integ=-10.9 vision=1 current=1 vframe=2582 vs=1 vage=26 vpage=26 vdt=36 vmax=165 vacc=2575 vrej=0 seq=0 elapsed=0 oled=3C
[   1610] STATUS mode=3 fault=none enc=-268 denc=0 sreq=-22 sapplied=-22 crate=-22 uimp=-137545 upos=0 uneg=685 ball=-43.39 vball=0.39 aball=1.3 bref=0.00 pid=-22.1 pref=-204.9 ppos=-202.7 apid=0.0 integ=-11.5 vision=1 current=1 vframe=2583 vs=1 vage=15 vpage=15 vdt=31 vmax=165 vacc=2576 vrej=0 seq=0 elapsed=0 oled=3C
[   1641] STATUS mode=3 fault=none enc=-270 denc=-2 sreq=0 sapplied=0 crate=-19 uimp=-137860 upos=0 uneg=700 ball=-43.39 vball=0.31 aball=1.3 bref=0.00 pid=-18.9 pref=-204.9 ppos=-203.0 apid=0.0 integ=-11.5 vision=1 current=1 vframe=2584 vs=1 vage=1 vpage=1 vdt=34 vmax=165 vacc=2577 vrej=0 seq=0 elapsed=0 oled=3C
[   1657] STATUS mode=3 fault=none enc=-269 denc=0 sreq=-33 sapplied=-33 crate=-33 uimp=-138770 upos=0 uneg=735 ball=-43.39 vball=0.22 aball=1.3 bref=0.00 pid=-32.9 pref=-207.2 ppos=-203.9 apid=0.0 integ=-13.0 vision=1 current=1 vframe=2585 vs=1 vage=8 vpage=8 vdt=33 vmax=165 vacc=2578 vrej=0 seq=0 elapsed=0 oled=3C
[   1688] STATUS mode=3 fault=none enc=-271 denc=0 sreq=-27 sapplied=-27 crate=-27 uimp=-139380 upos=0 uneg=755 ball=-43.39 vball=0.22 aball=1.3 bref=0.00 pid=-26.8 pref=-207.2 ppos=-204.6 apid=0.0 integ=-13.0 vision=1 current=1 vframe=2585 vs=1 vage=28 vpage=28 vdt=33 vmax=165 vacc=2578 vrej=0 seq=0 elapsed=0 oled=3C
[   1719] STATUS mode=3 fault=none enc=-271 denc=0 sreq=-24 sapplied=-24 crate=-24 uimp=-139895 upos=0 uneg=775 ball=-43.37 vball=0.31 aball=0.4 bref=0.00 pid=-23.7 pref=-207.4 ppos=-205.1 apid=0.0 integ=-13.7 vision=1 current=1 vframe=2586 vs=1 vage=15 vpage=15 vdt=33 vmax=165 vacc=2579 vrej=0 seq=0 elapsed=0 oled=3C
[   1735] STATUS mode=3 fault=none enc=-272 denc=0 sreq=0 sapplied=0 crate=-19 uimp=-140650 upos=0 uneg=810 ball=-43.35 vball=0.38 aball=0.4 bref=0.00 pid=-19.4 pref=-207.8 ppos=-205.8 apid=0.0 integ=-14.4 vision=1 current=1 vframe=2587 vs=1 vage=21 vpage=21 vdt=34 vmax=165 vacc=2580 vrej=0 seq=0 elapsed=0 oled=3C
[   1766] STATUS mode=3 fault=none enc=-272 denc=0 sreq=0 sapplied=0 crate=-12 uimp=-140650 upos=0 uneg=810 ball=-43.31 vball=0.65 aball=0.4 bref=0.00 pid=-11.8 pref=-207.0 ppos=-205.8 apid=0.0 integ=-15.2 vision=1 current=1 vframe=2588 vs=1 vage=8 vpage=8 vdt=33 vmax=165 vacc=2581 vrej=0 seq=0 elapsed=0 oled=3C
[   1797] STATUS mode=3 fault=none enc=-272 denc=0 sreq=0 sapplied=0 crate=-12 uimp=-140650 upos=0 uneg=810 ball=-43.31 vball=0.65 aball=0.4 bref=0.00 pid=-11.8 pref=-207.0 ppos=-205.8 apid=0.0 integ=-15.2 vision=1 current=1 vframe=2588 vs=1 vage=28 vpage=28 vdt=33 vmax=165 vacc=2581 vrej=0 seq=0 elapsed=0 oled=3C
[   1829] STATUS mode=3 fault=none enc=-272 denc=0 sreq=0 sapplied=0 crate=-15 uimp=-140650 upos=0 uneg=810 ball=-43.28 vball=0.71 aball=2.0 bref=0.00 pid=-15.1 pref=-207.3 ppos=-205.8 apid=0.0 integ=-15.9 vision=1 current=1 vframe=2589 vs=1 vage=35 vpage=35 vdt=33 vmax=165 vacc=2582 vrej=0 seq=0 elapsed=0 oled=3C
[   1844] STATUS mode=3 fault=none enc=-272 denc=0 sreq=46 sapplied=46 crate=46 uimp=-140155 upos=10 uneg=810 ball=-43.11 vball=2.08 aball=2.0 bref=0.00 pid=46.0 pref=-200.7 ppos=-205.3 apid=0.0 integ=-16.6 vision=1 current=1 vframe=2590 vs=1 vage=20 vpage=20 vdt=35 vmax=165 vacc=2583 vrej=0 seq=0 elapsed=0 oled=3C
[   1875] STATUS mode=3 fault=none enc=-271 denc=1 sreq=64 sapplied=64 crate=64 uimp=-139300 upos=30 uneg=810 ball=-42.97 vball=2.67 aball=2.0 bref=0.00 pid=64.1 pref=-198.1 ppos=-204.5 apid=0.0 integ=-17.3 vision=1 current=1 vframe=2591 vs=1 vage=7 vpage=7 vdt=33 vmax=165 vacc=2584 vrej=0 seq=0 elapsed=0 oled=3C
[   1907] STATUS mode=3 fault=none enc=-269 denc=0 sreq=0 sapplied=0 crate=17 uimp=-137365 upos=65 uneg=810 ball=-42.93 vball=2.23 aball=7.9 bref=0.00 pid=16.9 pref=-200.8 ppos=-202.5 apid=0.0 integ=-18.0 vision=1 current=1 vframe=2592 vs=1 vage=14 vpage=14 vdt=33 vmax=165 vacc=2585 vrej=0 seq=0 elapsed=0 oled=3C
[   1922] STATUS mode=3 fault=none enc=-269 denc=0 sreq=0 sapplied=0 crate=17 uimp=-137365 upos=65 uneg=810 ball=-42.93 vball=1.60 aball=7.9 bref=0.00 pid=16.9 pref=-200.8 ppos=-202.5 apid=0.0 integ=-18.0 vision=1 current=1 vframe=2593 vs=1 vage=2 vpage=2 vdt=32 vmax=165 vacc=2586 vrej=0 seq=0 elapsed=0 oled=3C
[   1954] STATUS mode=3 fault=none enc=-269 denc=0 sreq=0 sapplied=0 crate=-19 uimp=-137575 upos=65 uneg=820 ball=-42.93 vball=1.60 aball=7.9 bref=0.00 pid=-19.4 pref=-204.7 ppos=-202.7 apid=0.0 integ=-18.7 vision=1 current=1 vframe=2593 vs=1 vage=22 vpage=22 vdt=32 vmax=165 vacc=2586 vrej=0 seq=0 elapsed=0 oled=3C
[   1985] STATUS mode=3 fault=none enc=-271 denc=0 sreq=-150 sapplied=-150 crate=-150 uimp=-140665 upos=65 uneg=840 ball=-43.21 vball=-1.32 aball=7.9 bref=0.00 pid=-150.3 pref=-220.9 ppos=-205.8 apid=0.0 integ=-19.5 vision=1 current=1 vframe=2594 vs=1 vage=28 vpage=28 vdt=34 vmax=165 vacc=2587 vrej=0 seq=0 elapsed=0 oled=3C
[   2016] STATUS mode=3 fault=none enc=-274 denc=-1 sreq=-71 sapplied=-71 crate=-71 uimp=-142900 upos=65 uneg=860 ball=-43.13 vball=-0.09 aball=-6.2 bref=0.00 pid=-71.1 pref=-215.2 ppos=-208.1 apid=-0.0 integ=-20.2 vision=1 current=1 vframe=2595 vs=1 vage=15 vpage=15 vdt=33 vmax=165 vacc=2588 vrej=0 seq=0 elapsed=0 oled=3C
[   2032] STATUS mode=3 fault=none enc=-275 denc=0 sreq=-58 sapplied=-58 crate=-58 uimp=-144220 upos=65 uneg=880 ball=-43.00 vball=1.11 aball=-6.2 bref=0.00 pid=-57.9 pref=-215.2 ppos=-209.4 apid=-0.0 integ=-20.2 vision=1 current=1 vframe=2596 vs=1 vage=1 vpage=1 vdt=34 vmax=165 vacc=2589 vrej=0 seq=0 elapsed=0 oled=3C
[   2063] STATUS mode=3 fault=none enc=-276 denc=0 sreq=0 sapplied=0 crate=0 uimp=-144510 upos=65 uneg=885 ball=-42.95 vball=1.14 aball=-6.2 bref=0.00 pid=0.0 pref=-209.9 ppos=-209.7 apid=-0.0 integ=-21.6 vision=1 current=1 vframe=2597 vs=1 vage=8 vpage=8 vdt=33 vmax=165 vacc=2590 vrej=0 seq=0 elapsed=0 oled=3C
[   2094] STATUS mode=3 fault=none enc=-276 denc=0 sreq=0 sapplied=0 crate=0 uimp=-144510 upos=65 uneg=885 ball=-42.95 vball=1.14 aball=-6.2 bref=0.00 pid=0.0 pref=-209.9 ppos=-209.7 apid=-0.0 integ=-21.6 vision=1 current=1 vframe=2597 vs=1 vage=28 vpage=28 vdt=33 vmax=165 vacc=2590 vrej=0 seq=0 elapsed=0 oled=3C
[   2125] STATUS mode=3 fault=none enc=-276 denc=0 sreq=-110 sapplied=-110 crate=-110 uimp=-145010 upos=65 uneg=890 ball=-43.13 vball=-0.85 aball=-6.8 bref=0.00 pid=-109.8 pref=-221.2 ppos=-210.2 apid=-0.0 integ=-22.3 vision=1 current=1 vframe=2598 vs=1 vage=14 vpage=14 vdt=34 vmax=165 vacc=2591 vrej=0 seq=0 elapsed=0 oled=3C
[   2141] STATUS mode=3 fault=none enc=-282 denc=-1 sreq=-129 sapplied=-129 crate=-129 uimp=-149635 upos=65 uneg=930 ball=-43.29 vball=-1.92 aball=-6.8 bref=0.00 pid=-128.9 pref=-227.7 ppos=-214.8 apid=-0.0 integ=-23.1 vision=1 current=1 vframe=2599 vs=1 vage=21 vpage=21 vdt=33 vmax=165 vacc=2592 vrej=0 seq=0 elapsed=0 oled=3C
[   2172] STATUS mode=3 fault=none enc=-286 denc=-2 sreq=-105 sapplied=-105 crate=-105 uimp=-152025 upos=65 uneg=950 ball=-43.33 vball=-1.75 aball=-6.8 bref=0.00 pid=-105.1 pref=-227.7 ppos=-217.2 apid=-0.0 integ=-23.8 vision=1 current=1 vframe=2600 vs=1 vage=7 vpage=7 vdt=34 vmax=165 vacc=2593 vrej=0 seq=0 elapsed=0 oled=3C
[   2204] STATUS mode=3 fault=none enc=-289 denc=1 sreq=-50 sapplied=-50 crate=-50 uimp=-155460 upos=65 uneg=990 ball=-43.33 vball=-1.19 aball=-5.3 bref=0.00 pid=-49.9 pref=-225.6 ppos=-220.6 apid=-0.0 integ=-24.5 vision=1 current=1 vframe=2601 vs=1 vage=14 vpage=14 vdt=33 vmax=165 vacc=2594 vrej=0 seq=0 elapsed=0 oled=3C
[   2235] STATUS mode=3 fault=none enc=-291 denc=-1 sreq=-41 sapplied=-41 crate=-41 uimp=-156385 upos=65 uneg=1010 ball=-43.31 vball=-0.70 aball=-5.3 bref=0.00 pid=-40.7 pref=-225.6 ppos=-221.6 apid=-0.0 integ=-24.5 vision=1 current=1 vframe=2602 vs=1 vage=1 vpage=1 vdt=33 vmax=165 vacc=2595 vrej=0 seq=0 elapsed=0 oled=3C
[   2250] STATUS mode=3 fault=none enc=-293 denc=-2 sreq=0 sapplied=0 crate=-19 uimp=-156795 upos=65 uneg=1025 ball=-43.31 vball=-0.70 aball=-5.3 bref=0.00 pid=-18.6 pref=-223.8 ppos=-222.0 apid=-0.0 integ=-25.2 vision=1 current=1 vframe=2602 vs=1 vage=21 vpage=21 vdt=33 vmax=165 vacc=2595 vrej=0 seq=0 elapsed=0 oled=3C
[   2282] STATUS mode=3 fault=none enc=-292 denc=0 sreq=0 sapplied=0 crate=-12 uimp=-156795 upos=65 uneg=1025 ball=-43.30 vball=-0.42 aball=-5.3 bref=0.00 pid=-11.7 pref=-223.1 ppos=-222.0 apid=-0.0 integ=-26.0 vision=1 current=1 vframe=2603 vs=1 vage=27 vpage=27 vdt=34 vmax=165 vacc=2596 vrej=0 seq=0 elapsed=0 oled=3C
[   2313] STATUS mode=3 fault=none enc=-292 denc=0 sreq=0 sapplied=0 crate=-11 uimp=-156795 upos=65 uneg=1025 ball=-43.30 vball=-0.26 aball=1.2 bref=0.00 pid=-11.5 pref=-223.1 ppos=-222.0 apid=0.0 integ=-26.7 vision=1 current=1 vframe=2604 vs=1 vage=11 vpage=11 vdt=36 vmax=165 vacc=2597 vrej=0 seq=0 elapsed=0 oled=3C
[   2329] STATUS mode=3 fault=none enc=-292 denc=0 sreq=0 sapplied=0 crate=-11 uimp=-156795 upos=65 uneg=1025 ball=-43.30 vball=-0.26 aball=1.2 bref=0.00 pid=-11.5 pref=-223.1 ppos=-222.0 apid=0.0 integ=-26.7 vision=1 current=1 vframe=2604 vs=1 vage=31 vpage=31 vdt=36 vmax=165 vacc=2597 vrej=0 seq=0 elapsed=0 oled=3C
[   2360] STATUS mode=3 fault=none enc=-293 denc=0 sreq=-58 sapplied=-58 crate=-58 uimp=-158395 upos=65 uneg=1060 ball=-43.43 vball=-1.15 aball=1.2 bref=0.00 pid=-57.8 pref=-229.3 ppos=-223.6 apid=0.0 integ=-28.1 vision=1 current=1 vframe=2606 vs=1 vage=7 vpage=7 vdt=33 vmax=165 vacc=2599 vrej=0 seq=0 elapsed=0 oled=3C
[   2391] STATUS mode=3 fault=none enc=-295 denc=0 sreq=-47 sapplied=-47 crate=-47 uimp=-159470 upos=65 uneg=1080 ball=-43.43 vball=-1.15 aball=1.2 bref=0.00 pid=-47.0 pref=-229.3 ppos=-224.6 apid=0.0 integ=-28.1 vision=1 current=1 vframe=2606 vs=1 vage=27 vpage=27 vdt=33 vmax=165 vacc=2599 vrej=0 seq=0 elapsed=0 oled=3C
[   2422] STATUS mode=3 fault=none enc=-296 denc=0 sreq=-23 sapplied=-23 crate=-23 uimp=-160260 upos=65 uneg=1100 ball=-43.42 vball=-0.69 aball=-1.4 bref=0.00 pid=-23.0 pref=-227.7 ppos=-225.4 apid=-0.0 integ=-28.8 vision=1 current=1 vframe=2607 vs=1 vage=14 vpage=14 vdt=33 vmax=165 vacc=2600 vrej=0 seq=0 elapsed=0 oled=3C
[   2438] STATUS mode=3 fault=none enc=-296 denc=1 sreq=114 sapplied=114 crate=114 uimp=-159455 upos=75 uneg=1120 ball=-43.12 vball=2.18 aball=-1.4 bref=0.00 pid=114.2 pref=-213.2 ppos=-224.6 apid=-0.0 integ=-29.6 vision=1 current=1 vframe=2608 vs=1 vage=20 vpage=20 vdt=34 vmax=165 vacc=2601 vrej=0 seq=0 elapsed=0 oled=3C
[   2469] STATUS mode=3 fault=none enc=-294 denc=1 sreq=104 sapplied=104 crate=104 uimp=-157340 upos=95 uneg=1120 ball=-43.01 vball=2.48 aball=-1.4 bref=0.00 pid=104.4 pref=-212.1 ppos=-222.5 apid=-0.0 integ=-30.3 vision=1 current=1 vframe=2609 vs=1 vage=8 vpage=8 vdt=32 vmax=165 vacc=2602 vrej=0 seq=0 elapsed=0 oled=3C
[   2500] STATUS mode=3 fault=none enc=-290 denc=0 sreq=39 sapplied=39 crate=39 uimp=-153980 upos=135 uneg=1120 ball=-42.98 vball=1.98 aball=11.3 bref=0.00 pid=85.1 pref=-212.1 ppos=-220.6 apid=-0.0 integ=-30.3 vision=1 current=1 vframe=2609 vs=1 vage=28 vpage=28 vdt=32 vmax=165 vacc=2602 vrej=0 seq=0 elapsed=0 oled=3C
[   2532] STATUS mode=3 fault=none enc=-290 denc=0 sreq=32 sapplied=32 crate=32 uimp=-153250 upos=155 uneg=1120 ball=-42.98 vball=1.98 aball=11.3 bref=0.00 pid=32.1 pref=-215.2 ppos=-218.4 apid=0.0 integ=-31.0 vision=1 current=1 vframe=2610 vs=1 vage=34 vpage=34 vdt=34 vmax=165 vacc=2603 vrej=0 seq=0 elapsed=0 oled=3C
[   2547] STATUS mode=3 fault=none enc=-289 denc=0 sreq=0 sapplied=0 crate=0 uimp=-152935 upos=165 uneg=1120 ball=-42.99 vball=1.39 aball=11.3 bref=0.00 pid=0.0 pref=-219.0 ppos=-218.1 apid=0.0 integ=-31.8 vision=1 current=1 vframe=2611 vs=1 vage=17 vpage=17 vdt=37 vmax=165 vacc=2604 vrej=0 seq=0 elapsed=0 oled=3C
[   2579] STATUS mode=3 fault=none enc=-289 denc=0 sreq=-34 sapplied=-34 crate=-34 uimp=-153490 upos=165 uneg=1135 ball=-42.99 vball=0.91 aball=11.3 bref=0.00 pid=-33.7 pref=-222.0 ppos=-218.7 apid=0.0 integ=-32.4 vision=1 current=1 vframe=2612 vs=1 vage=27 vpage=27 vdt=30 vmax=165 vacc=2605 vrej=0 seq=0 elapsed=0 oled=3C
[   2610] STATUS mode=3 fault=none enc=-290 denc=-1 sreq=-40 sapplied=-40 crate=-40 uimp=-154180 upos=165 uneg=1155 ball=-42.98 vball=0.79 aball=0.8 bref=0.00 pid=-39.6 pref=-223.3 ppos=-219.4 apid=0.0 integ=-33.1 vision=1 current=1 vframe=2613 vs=1 vage=14 vpage=14 vdt=33 vmax=165 vacc=2606 vrej=0 seq=0 elapsed=0 oled=3C
[   2641] STATUS mode=3 fault=none enc=-290 denc=0 sreq=-32 sapplied=-32 crate=-32 uimp=-154920 upos=165 uneg=1175 ball=-42.98 vball=0.54 aball=0.8 bref=0.00 pid=-32.2 pref=-223.3 ppos=-220.1 apid=0.0 integ=-33.1 vision=1 current=1 vframe=2614 vs=1 vage=1 vpage=1 vdt=33 vmax=165 vacc=2607 vrej=0 seq=0 elapsed=0 oled=3C
[   2657] STATUS mode=3 fault=none enc=-292 denc=1 sreq=-58 sapplied=-58 crate=-58 uimp=-156595 upos=165 uneg=1215 ball=-42.99 vball=0.22 aball=0.8 bref=0.00 pid=-58.4 pref=-227.6 ppos=-221.8 apid=0.0 integ=-34.6 vision=1 current=1 vframe=2615 vs=1 vage=8 vpage=8 vdt=33 vmax=165 vacc=2608 vrej=0 seq=0 elapsed=0 oled=3C
[   2688] STATUS mode=3 fault=none enc=-294 denc=-1 sreq=-48 sapplied=-48 crate=-48 uimp=-157680 upos=165 uneg=1235 ball=-42.99 vball=0.22 aball=0.8 bref=0.00 pid=-47.6 pref=-227.6 ppos=-222.9 apid=0.0 integ=-34.6 vision=1 current=1 vframe=2615 vs=1 vage=28 vpage=28 vdt=33 vmax=165 vacc=2608 vrej=0 seq=0 elapsed=0 oled=3C
[   2719] STATUS mode=3 fault=none enc=-295 denc=1 sreq=-51 sapplied=-51 crate=-51 uimp=-158625 upos=165 uneg=1255 ball=-43.00 vball=0.12 aball=-2.6 bref=0.00 pid=-50.7 pref=-228.9 ppos=-223.8 apid=-0.0 integ=-35.3 vision=1 current=1 vframe=2616 vs=1 vage=14 vpage=14 vdt=34 vmax=165 vacc=2609 vrej=0 seq=0 elapsed=0 oled=3C
[   2750] STATUS mode=3 fault=none enc=-297 denc=0 sreq=-50 sapplied=-50 crate=-50 uimp=-160605 upos=165 uneg=1295 ball=-43.02 vball=-0.11 aball=-2.6 bref=0.00 pid=-50.1 pref=-230.8 ppos=-225.8 apid=-0.0 integ=-36.0 vision=1 current=1 vframe=2617 vs=1 vage=21 vpage=21 vdt=33 vmax=165 vacc=2610 vrej=0 seq=0 elapsed=0 oled=3C
[   2766] STATUS mode=3 fault=none enc=-298 denc=1 sreq=-41 sapplied=-41 crate=-41 uimp=-161535 upos=165 uneg=1315 ball=-43.01 vball=0.03 aball=-2.6 bref=0.00 pid=-40.6 pref=-230.8 ppos=-226.7 apid=-0.0 integ=-36.7 vision=1 current=1 vframe=2618 vs=1 vage=8 vpage=8 vdt=33 vmax=165 vacc=2611 vrej=0 seq=0 elapsed=0 oled=3C
[   2797] STATUS mode=3 fault=none enc=-299 denc=-1 sreq=-33 sapplied=-33 crate=-33 uimp=-162295 upos=165 uneg=1335 ball=-43.01 vball=0.03 aball=-2.6 bref=0.00 pid=-33.0 pref=-230.8 ppos=-227.5 apid=-0.0 integ=-36.7 vision=1 current=1 vframe=2618 vs=1 vage=28 vpage=28 vdt=33 vmax=165 vacc=2611 vrej=0 seq=0 elapsed=0 oled=3C
[   2829] STATUS mode=3 fault=none enc=-301 denc=0 sreq=-26 sapplied=-26 crate=-26 uimp=-163545 upos=165 uneg=1375 ball=-43.00 vball=0.05 aball=-1.7 bref=0.00 pid=-25.8 pref=-231.3 ppos=-228.7 apid=-0.0 integ=-37.4 vision=1 current=1 vframe=2620 vs=1 vage=2 vpage=2 vdt=33 vmax=165 vacc=2613 vrej=0 seq=0 elapsed=0 oled=3C
[   2860] STATUS mode=3 fault=none enc=-301 denc=1 sreq=-28 sapplied=-28 crate=-28 uimp=-164135 upos=165 uneg=1395 ball=-43.00 vball=0.05 aball=-1.7 bref=0.00 pid=-27.5 pref=-232.1 ppos=-229.3 apid=-0.0 integ=-38.1 vision=1 current=1 vframe=2620 vs=1 vage=22 vpage=22 vdt=33 vmax=165 vacc=2613 vrej=0 seq=0 elapsed=0 oled=3C
[   2875] STATUS mode=3 fault=none enc=-303 denc=0 sreq=-23 sapplied=-23 crate=-23 uimp=-165170 upos=165 uneg=1435 ball=-43.00 vball=0.08 aball=-1.7 bref=0.00 pid=-22.8 pref=-232.6 ppos=-230.3 apid=-0.0 integ=-38.8 vision=1 current=1 vframe=2621 vs=1 vage=29 vpage=29 vdt=33 vmax=165 vacc=2614 vrej=0 seq=0 elapsed=0 oled=3C
[   2907] STATUS mode=3 fault=none enc=-304 denc=0 sreq=-25 sapplied=-25 crate=-25 uimp=-165670 upos=165 uneg=1455 ball=-43.00 vball=0.07 aball=-0.9 bref=0.00 pid=-25.4 pref=-233.4 ppos=-230.8 apid=-0.0 integ=-39.6 vision=1 current=1 vframe=2622 vs=1 vage=16 vpage=16 vdt=33 vmax=165 vacc=2615 vrej=0 seq=0 elapsed=0 oled=3C
[   2938] STATUS mode=3 fault=none enc=-304 denc=0 sreq=-21 sapplied=-21 crate=-21 uimp=-166140 upos=165 uneg=1475 ball=-43.00 vball=0.05 aball=-0.9 bref=0.00 pid=-20.7 pref=-233.4 ppos=-231.3 apid=-0.0 integ=-39.6 vision=1 current=1 vframe=2623 vs=1 vage=2 vpage=2 vdt=34 vmax=165 vacc=2616 vrej=0 seq=0 elapsed=0 oled=3C
[   2969] STATUS mode=3 fault=none enc=-305 denc=1 sreq=-55 sapplied=-55 crate=-55 uimp=-167090 upos=165 uneg=1515 ball=-43.05 vball=-0.48 aball=-0.9 bref=0.00 pid=-54.6 pref=-237.7 ppos=-232.3 apid=-0.0 integ=-41.0 vision=1 current=1 vframe=2624 vs=1 vage=9 vpage=9 vdt=33 vmax=165 vacc=2617 vrej=0 seq=0 elapsed=0 oled=3C
[   2985] STATUS mode=3 fault=none enc=-307 denc=0 sreq=-44 sapplied=-44 crate=-44 uimp=-168105 upos=165 uneg=1535 ball=-43.05 vball=-0.48 aball=-0.9 bref=0.00 pid=-44.4 pref=-237.7 ppos=-233.3 apid=-0.0 integ=-41.0 vision=1 current=1 vframe=2624 vs=1 vage=29 vpage=29 vdt=33 vmax=165 vacc=2617 vrej=0 seq=0 elapsed=0 oled=3C
[   3016] STATUS mode=3 fault=none enc=-308 denc=0 sreq=-55 sapplied=-55 crate=-55 uimp=-169130 upos=165 uneg=1555 ball=-43.09 vball=-0.74 aball=-4.1 bref=0.00 pid=-55.5 pref=-239.8 ppos=-234.3 apid=-0.0 integ=-41.7 vision=1 current=1 vframe=2625 vs=1 vage=16 vpage=16 vdt=33 vmax=165 vacc=2618 vrej=0 seq=0 elapsed=0 oled=3C
[   3047] STATUS mode=3 fault=none enc=-311 denc=0 sreq=-39 sapplied=-39 crate=-39 uimp=-171030 upos=165 uneg=1595 ball=-43.11 vball=-0.63 aball=-4.1 bref=0.00 pid=-38.7 pref=-240.1 ppos=-236.2 apid=-0.0 integ=-42.4 vision=1 current=1 vframe=2626 vs=1 vage=23 vpage=23 vdt=33 vmax=165 vacc=2619 vrej=0 seq=0 elapsed=0 oled=3C
[   3079] STATUS mode=3 fault=none enc=-312 denc=0 sreq=-30 sapplied=-30 crate=-30 uimp=-171750 upos=165 uneg=1615 ball=-43.11 vball=-0.46 aball=-4.1 bref=0.00 pid=-30.3 pref=-240.0 ppos=-236.9 apid=-0.0 integ=-43.2 vision=1 current=1 vframe=2627 vs=1 vage=9 vpage=9 vdt=34 vmax=165 vacc=2620 vrej=0 seq=0 elapsed=0 oled=3C
[   3094] STATUS mode=3 fault=none enc=-314 denc=-2 sreq=-20 sapplied=-20 crate=-20 uimp=-172765 upos=165 uneg=1655 ball=-43.11 vball=-0.31 aball=-0.3 bref=0.00 pid=-19.8 pref=-239.9 ppos=-237.9 apid=-0.0 integ=-43.9 vision=1 current=1 vframe=2628 vs=1 vage=16 vpage=16 vdt=33 vmax=165 vacc=2621 vrej=0 seq=0 elapsed=0 oled=3C
[   3125] STATUS mode=3 fault=none enc=-313 denc=0 sreq=0 sapplied=0 crate=-19 uimp=-172865 upos=165 uneg=1660 ball=-43.10 vball=-0.20 aball=-0.3 bref=0.00 pid=-18.8 pref=-239.9 ppos=-238.0 apid=-0.0 integ=-43.9 vision=1 current=1 vframe=2629 vs=1 vage=2 vpage=2 vdt=34 vmax=165 vacc=2622 vrej=0 seq=0 elapsed=0 oled=3C
[   3157] STATUS mode=3 fault=none enc=-313 denc=0 sreq=0 sapplied=0 crate=-19 uimp=-172965 upos=165 uneg=1665 ball=-43.10 vball=-0.20 aball=-0.3 bref=0.00 pid=-19.3 pref=-240.1 ppos=-238.1 apid=-0.0 integ=-44.6 vision=1 current=1 vframe=2629 vs=1 vage=22 vpage=22 vdt=34 vmax=165 vacc=2622 vrej=0 seq=0 elapsed=0 oled=3C
[   3188] STATUS mode=3 fault=none enc=-313 denc=0 sreq=0 sapplied=0 crate=-19 uimp=-173395 upos=165 uneg=1685 ball=-43.10 vball=-0.13 aball=-0.3 bref=0.00 pid=-18.8 pref=-240.4 ppos=-238.6 apid=-0.0 integ=-45.3 vision=1 current=1 vframe=2630 vs=1 vage=28 vpage=28 vdt=34 vmax=165 vacc=2623 vrej=0 seq=0 elapsed=0 oled=3C
[   3204] STATUS mode=3 fault=none enc=-313 denc=0 sreq=-21 sapplied=-21 crate=-21 uimp=-173620 upos=165 uneg=1695 ball=-43.10 vball=-0.08 aball=0.9 bref=0.00 pid=-21.0 pref=-240.9 ppos=-238.8 apid=0.0 integ=-46.0 vision=1 current=1 vframe=2631 vs=1 vage=16 vpage=16 vdt=32 vmax=165 vacc=2624 vrej=0 seq=0 elapsed=0 oled=3C
[   3235] STATUS mode=3 fault=none enc=-313 denc=0 sreq=0 sapplied=0 crate=-19 uimp=-173825 upos=165 uneg=1705 ball=-43.01 vball=0.75 aball=0.9 bref=0.00 pid=-18.9 pref=-240.9 ppos=-239.0 apid=0.0 integ=-46.0 vision=1 current=1 vframe=2632 vs=1 vage=2 vpage=2 vdt=34 vmax=165 vacc=2625 vrej=0 seq=0 elapsed=0 oled=3C
[   3266] STATUS mode=3 fault=none enc=-313 denc=0 sreq=0 sapplied=0 crate=13 uimp=-173825 upos=165 uneg=1705 ball=-42.98 vball=0.78 aball=0.9 bref=0.00 pid=13.3 pref=-237.7 ppos=-239.0 apid=0.0 integ=-47.5 vision=1 current=1 vframe=2633 vs=1 vage=9 vpage=9 vdt=33 vmax=165 vacc=2626 vrej=0 seq=0 elapsed=0 oled=3C
[   3297] STATUS mode=3 fault=none enc=-313 denc=0 sreq=0 sapplied=0 crate=13 uimp=-173825 upos=165 uneg=1705 ball=-42.98 vball=0.78 aball=0.9 bref=0.00 pid=13.3 pref=-237.7 ppos=-239.0 apid=0.0 integ=-47.5 vision=1 current=1 vframe=2633 vs=1 vage=29 vpage=29 vdt=33 vmax=165 vacc=2626 vrej=0 seq=0 elapsed=0 oled=3C
[   3313] STATUS mode=3 fault=none enc=-313 denc=0 sreq=0 sapplied=0 crate=0 uimp=-173825 upos=165 uneg=1705 ball=-42.97 vball=0.62 aball=3.6 bref=0.00 pid=0.0 pref=-239.2 ppos=-239.0 apid=0.0 integ=-48.2 vision=1 current=1 vframe=2634 vs=1 vage=14 vpage=14 vdt=35 vmax=165 vacc=2627 vrej=0 seq=0 elapsed=0 oled=3C
[   3344] STATUS mode=3 fault=none enc=-313 denc=0 sreq=0 sapplied=0 crate=-19 uimp=-173825 upos=165 uneg=1705 ball=-42.97 vball=0.43 aball=3.6 bref=0.00 pid=-18.8 pref=-240.9 ppos=-239.0 apid=0.0 integ=-48.9 vision=1 current=1 vframe=2635 vs=1 vage=20 vpage=20 vdt=34 vmax=165 vacc=2628 vrej=0 seq=0 elapsed=0 oled=3C
[   3375] STATUS mode=3 fault=none enc=-313 denc=0 sreq=-84 sapplied=-84 crate=-84 uimp=-173825 upos=165 uneg=1705 ball=-43.07 vball=-0.68 aball=3.6 bref=0.00 pid=-83.9 pref=-247.4 ppos=-239.0 apid=0.0 integ=-49.6 vision=1 current=1 vframe=2636 vs=1 vage=9 vpage=9 vdt=31 vmax=165 vacc=2629 vrej=0 seq=0 elapsed=0 oled=3C
[   3407] STATUS mode=3 fault=none enc=-315 denc=-1 sreq=-68 sapplied=-68 crate=-68 uimp=-175385 upos=165 uneg=1725 ball=-43.07 vball=-0.68 aball=3.6 bref=0.00 pid=-68.3 pref=-247.4 ppos=-240.6 apid=0.0 integ=-49.6 vision=1 current=1 vframe=2636 vs=1 vage=29 vpage=29 vdt=31 vmax=165 vacc=2629 vrej=0 seq=0 elapsed=0 oled=3C
[   3422] STATUS mode=3 fault=none enc=-317 denc=0 sreq=-54 sapplied=-54 crate=-54 uimp=-178005 upos=165 uneg=1765 ball=-43.11 vball=-0.61 aball=-4.3 bref=0.00 pid=-54.4 pref=-248.6 ppos=-243.2 apid=-0.0 integ=-50.3 vision=1 current=1 vframe=2638 vs=1 vage=2 vpage=2 vdt=33 vmax=165 vacc=2631 vrej=0 seq=0 elapsed=0 oled=3C
[   3454] STATUS mode=3 fault=none enc=-318 denc=0 sreq=-44 sapplied=-44 crate=-44 uimp=-179015 upos=165 uneg=1785 ball=-43.11 vball=-0.61 aball=-4.3 bref=0.00 pid=-44.2 pref=-248.6 ppos=-244.2 apid=-0.0 integ=-51.1 vision=1 current=1 vframe=2638 vs=1 vage=22 vpage=22 vdt=33 vmax=165 vacc=2631 vrej=0 seq=0 elapsed=0 oled=3C
[   3485] STATUS mode=3 fault=none enc=-320 denc=-1 sreq=-28 sapplied=-28 crate=-28 uimp=-180480 upos=165 uneg=1825 ball=-43.11 vball=-0.43 aball=-4.3 bref=0.00 pid=-28.3 pref=-248.5 ppos=-245.7 apid=-0.0 integ=-51.8 vision=1 current=1 vframe=2639 vs=1 vage=26 vpage=26 vdt=36 vmax=165 vacc=2632 vrej=0 seq=0 elapsed=0 oled=3C
[   3500] STATUS mode=3 fault=none enc=-323 denc=-3 sreq=0 sapplied=0 crate=0 uimp=-180885 upos=165 uneg=1840 ball=-43.05 vball=0.28 aball=2.2 bref=0.00 pid=0.0 pref=-245.5 ppos=-246.1 apid=0.0 integ=-52.5 vision=1 current=1 vframe=2640 vs=1 vage=13 vpage=13 vdt=33 vmax=165 vacc=2633 vrej=0 seq=0 elapsed=0 oled=3C
[   3532] STATUS mode=3 fault=none enc=-322 denc=0 sreq=0 sapplied=0 crate=0 uimp=-180885 upos=165 uneg=1840 ball=-43.05 vball=0.28 aball=2.2 bref=0.00 pid=0.0 pref=-245.5 ppos=-246.1 apid=0.0 integ=-52.5 vision=1 current=1 vframe=2640 vs=1 vage=33 vpage=33 vdt=33 vmax=165 vacc=2633 vrej=0 seq=0 elapsed=0 oled=3C
[   3563] STATUS mode=3 fault=none enc=-322 denc=0 sreq=0 sapplied=0 crate=0 uimp=-180885 upos=165 uneg=1840 ball=-43.00 vball=0.45 aball=2.2 bref=0.00 pid=0.0 pref=-245.9 ppos=-246.1 apid=0.0 integ=-54.0 vision=1 current=1 vframe=2642 vs=1 vage=7 vpage=7 vdt=33 vmax=165 vacc=2635 vrej=0 seq=0 elapsed=0 oled=3C
[   3594] STATUS mode=3 fault=none enc=-322 denc=0 sreq=0 sapplied=0 crate=0 uimp=-180885 upos=165 uneg=1840 ball=-43.00 vball=0.45 aball=2.2 bref=0.00 pid=0.0 pref=-245.9 ppos=-246.1 apid=0.0 integ=-54.0 vision=1 current=1 vframe=2642 vs=1 vage=27 vpage=27 vdt=33 vmax=165 vacc=2635 vrej=0 seq=0 elapsed=0 oled=3C
[   3610] STATUS mode=3 fault=none enc=-322 denc=0 sreq=0 sapplied=0 crate=0 uimp=-180885 upos=165 uneg=1840 ball=-42.99 vball=0.39 aball=1.7 bref=0.00 pid=0.0 pref=-246.9 ppos=-246.1 apid=0.0 integ=-54.7 vision=1 current=1 vframe=2643 vs=1 vage=13 vpage=13 vdt=34 vmax=165 vacc=2636 vrej=0 seq=0 elapsed=0 oled=3C
[   3641] STATUS mode=3 fault=none enc=-322 denc=0 sreq=0 sapplied=0 crate=-19 uimp=-180985 upos=165 uneg=1845 ball=-42.99 vball=0.30 aball=1.7 bref=0.00 pid=-19.0 pref=-248.1 ppos=-246.2 apid=0.0 integ=-55.4 vision=1 current=1 vframe=2644 vs=1 vage=19 vpage=19 vdt=34 vmax=165 vacc=2637 vrej=0 seq=0 elapsed=0 oled=3C
[   3672] STATUS mode=3 fault=none enc=-322 denc=0 sreq=-31 sapplied=-31 crate=-31 uimp=-180985 upos=165 uneg=1845 ball=-42.99 vball=0.21 aball=1.7 bref=0.00 pid=-30.6 pref=-249.2 ppos=-246.2 apid=0.0 integ=-56.1 vision=1 current=1 vframe=2645 vs=1 vage=6 vpage=6 vdt=33 vmax=165 vacc=2638 vrej=0 seq=0 elapsed=0 oled=3C
[   3688] STATUS mode=3 fault=none enc=-322 denc=0 sreq=-25 sapplied=-25 crate=-25 uimp=-181555 upos=165 uneg=1865 ball=-42.99 vball=0.21 aball=1.7 bref=0.00 pid=-24.9 pref=-249.2 ppos=-246.7 apid=0.0 integ=-56.1 vision=1 current=1 vframe=2645 vs=1 vage=26 vpage=26 vdt=33 vmax=165 vacc=2638 vrej=0 seq=0 elapsed=0 oled=3C
[   3719] STATUS mode=3 fault=none enc=-323 denc=0 sreq=-25 sapplied=-25 crate=-25 uimp=-182630 upos=165 uneg=1905 ball=-42.99 vball=0.14 aball=-0.2 bref=0.00 pid=-24.6 pref=-250.3 ppos=-247.8 apid=-0.0 integ=-56.8 vision=1 current=1 vframe=2646 vs=1 vage=34 vpage=34 vdt=32 vmax=165 vacc=2639 vrej=0 seq=0 elapsed=0 oled=3C
[   3750] STATUS mode=3 fault=none enc=-323 denc=0 sreq=-21 sapplied=-21 crate=-21 uimp=-183100 upos=165 uneg=1925 ball=-42.97 vball=0.26 aball=-0.2 bref=0.00 pid=-20.6 pref=-250.3 ppos=-248.3 apid=-0.0 integ=-57.5 vision=1 current=1 vframe=2647 vs=1 vage=20 vpage=20 vdt=34 vmax=165 vacc=2640 vrej=0 seq=0 elapsed=0 oled=3C
[   3782] STATUS mode=3 fault=none enc=-324 denc=0 sreq=-20 sapplied=-20 crate=-20 uimp=-183305 upos=165 uneg=1935 ball=-42.95 vball=0.36 aball=-0.2 bref=0.00 pid=-20.0 pref=-250.5 ppos=-248.5 apid=-0.0 integ=-58.3 vision=1 current=1 vframe=2648 vs=1 vage=7 vpage=7 vdt=33 vmax=165 vacc=2641 vrej=0 seq=0 elapsed=0 oled=3C
[   3797] STATUS mode=3 fault=none enc=-324 denc=0 sreq=-27 sapplied=-27 crate=-27 uimp=-183545 upos=165 uneg=1945 ball=-42.95 vball=0.32 aball=0.7 bref=0.00 pid=-26.9 pref=-251.4 ppos=-248.7 apid=0.0 integ=-59.0 vision=1 current=1 vframe=2649 vs=1 vage=13 vpage=13 vdt=34 vmax=165 vacc=2642 vrej=0 seq=0 elapsed=0 oled=3C
[   3829] STATUS mode=3 fault=none enc=-324 denc=0 sreq=-22 sapplied=-22 crate=-22 uimp=-184045 upos=165 uneg=1965 ball=-42.95 vball=0.32 aball=0.7 bref=0.00 pid=-21.9 pref=-251.4 ppos=-249.2 apid=0.0 integ=-59.0 vision=1 current=1 vframe=2649 vs=1 vage=33 vpage=33 vdt=34 vmax=165 vacc=2642 vrej=0 seq=0 elapsed=0 oled=3C
[   3860] STATUS mode=3 fault=none enc=-325 denc=0 sreq=-28 sapplied=-28 crate=-28 uimp=-184615 upos=165 uneg=1985 ball=-42.95 vball=0.23 aball=0.7 bref=0.00 pid=-27.8 pref=-252.6 ppos=-249.8 apid=0.0 integ=-59.7 vision=1 current=1 vframe=2650 vs=1 vage=20 vpage=20 vdt=33 vmax=165 vacc=2643 vrej=0 seq=0 elapsed=0 oled=3C
[   3891] STATUS mode=3 fault=none enc=-327 denc=0 sreq=-29 sapplied=-29 crate=-29 uimp=-185795 upos=165 uneg=2025 ball=-42.95 vball=0.11 aball=0.7 bref=0.00 pid=-29.1 pref=-253.9 ppos=-251.0 apid=0.0 integ=-60.4 vision=1 current=1 vframe=2651 vs=1 vage=27 vpage=27 vdt=33 vmax=165 vacc=2644 vrej=0 seq=0 elapsed=0 oled=3C
[   3907] STATUS mode=3 fault=none enc=-329 denc=-2 sreq=-34 sapplied=-34 crate=-34 uimp=-186390 upos=165 uneg=2045 ball=-42.96 vball=0.05 aball=-0.8 bref=0.00 pid=-33.7 pref=-254.9 ppos=-251.6 apid=-0.0 integ=-61.1 vision=1 current=1 vframe=2652 vs=1 vage=13 vpage=13 vdt=34 vmax=165 vacc=2645 vrej=0 seq=0 elapsed=0 oled=3C
[   3938] STATUS mode=3 fault=none enc=-329 denc=1 sreq=-46 sapplied=-46 crate=-46 uimp=-187780 upos=165 uneg=2085 ball=-43.00 vball=-0.31 aball=-0.8 bref=0.00 pid=-46.3 pref=-257.6 ppos=-253.0 apid=-0.0 integ=-61.9 vision=1 current=1 vframe=2653 vs=1 vage=19 vpage=19 vdt=34 vmax=165 vacc=2646 vrej=0 seq=0 elapsed=0 oled=3C
[   3969] STATUS mode=3 fault=none enc=-331 denc=-1 sreq=0 sapplied=0 crate=-12 uimp=-188640 upos=165 uneg=2105 ball=-42.94 vball=0.30 aball=-0.8 bref=0.00 pid=-12.3 pref=-255.0 ppos=-253.8 apid=-0.0 integ=-62.6 vision=1 current=1 vframe=2654 vs=1 vage=7 vpage=7 vdt=32 vmax=165 vacc=2647 vrej=0 seq=0 elapsed=0 oled=3C
[   4000] STATUS mode=3 fault=none enc=-331 denc=0 sreq=0 sapplied=0 crate=-12 uimp=-188640 upos=165 uneg=2105 ball=-42.94 vball=0.30 aball=-0.8 bref=0.00 pid=-12.3 pref=-255.0 ppos=-253.8 apid=-0.0 integ=-62.6 vision=1 current=1 vframe=2654 vs=1 vage=27 vpage=27 vdt=32 vmax=165 vacc=2647 vrej=0 seq=0 elapsed=0 oled=3C
[   4016] STATUS mode=3 fault=none enc=-331 denc=0 sreq=0 sapplied=0 crate=-15 uimp=-188640 upos=165 uneg=2105 ball=-42.92 vball=0.39 aball=1.1 bref=0.00 pid=-14.5 pref=-255.3 ppos=-253.8 apid=0.0 integ=-63.3 vision=1 current=1 vframe=2655 vs=1 vage=33 vpage=33 vdt=34 vmax=165 vacc=2648 vrej=0 seq=0 elapsed=0 oled=3C
[   4047] STATUS mode=3 fault=none enc=-331 denc=0 sreq=-21 sapplied=-21 crate=-21 uimp=-188990 upos=165 uneg=2120 ball=-42.92 vball=0.33 aball=1.1 bref=0.00 pid=-21.1 pref=-256.3 ppos=-254.2 apid=0.0 integ=-64.0 vision=1 current=1 vframe=2656 vs=1 vage=20 vpage=20 vdt=33 vmax=165 vacc=2649 vrej=0 seq=0 elapsed=0 oled=3C
[   4079] STATUS mode=3 fault=none enc=-332 denc=0 sreq=-40 sapplied=-40 crate=-40 uimp=-189195 upos=165 uneg=2130 ball=-42.93 vball=0.06 aball=1.1 bref=0.00 pid=-39.9 pref=-258.4 ppos=-254.4 apid=0.0 integ=-64.7 vision=1 current=1 vframe=2657 vs=1 vage=7 vpage=7 vdt=33 vmax=165 vacc=2650 vrej=0 seq=0 elapsed=0 oled=3C
[   4110] STATUS mode=3 fault=none enc=-334 denc=-2 sreq=-45 sapplied=-45 crate=-45 uimp=-190635 upos=165 uneg=2170 ball=-42.96 vball=-0.16 aball=-1.9 bref=0.00 pid=-44.7 pref=-260.3 ppos=-255.8 apid=-0.0 integ=-65.4 vision=1 current=1 vframe=2658 vs=1 vage=13 vpage=13 vdt=34 vmax=165 vacc=2651 vrej=0 seq=0 elapsed=0 oled=3C
[   4125] STATUS mode=3 fault=none enc=-333 denc=0 sreq=-36 sapplied=-36 crate=-36 uimp=-191460 upos=165 uneg=2190 ball=-42.96 vball=-0.16 aball=-1.9 bref=0.00 pid=-36.5 pref=-260.3 ppos=-256.6 apid=-0.0 integ=-65.4 vision=1 current=1 vframe=2658 vs=1 vage=33 vpage=33 vdt=34 vmax=165 vacc=2651 vrej=0 seq=0 elapsed=0 oled=3C
[   4157] STATUS mode=3 fault=none enc=-335 denc=0 sreq=-36 sapplied=-36 crate=-36 uimp=-192240 upos=165 uneg=2210 ball=-42.96 vball=-0.17 aball=-1.9 bref=0.00 pid=-36.3 pref=-261.0 ppos=-257.4 apid=-0.0 integ=-66.1 vision=1 current=1 vframe=2659 vs=1 vage=20 vpage=20 vdt=33 vmax=165 vacc=2652 vrej=0 seq=0 elapsed=0 oled=3C
[   4188] STATUS mode=3 fault=none enc=-336 denc=0 sreq=-29 sapplied=-29 crate=-29 uimp=-193565 upos=165 uneg=2250 ball=-42.97 vball=-0.14 aball=-1.9 bref=0.00 pid=-28.9 pref=-261.6 ppos=-258.7 apid=-0.0 integ=-66.8 vision=1 current=1 vframe=2660 vs=1 vage=27 vpage=27 vdt=33 vmax=165 vacc=2653 vrej=0 seq=0 elapsed=0 oled=3C
[   4219] STATUS mode=3 fault=none enc=-337 denc=0 sreq=-23 sapplied=-23 crate=-23 uimp=-194095 upos=165 uneg=2270 ball=-42.95 vball=0.01 aball=-0.3 bref=0.00 pid=-22.6 pref=-261.5 ppos=-259.3 apid=-0.0 integ=-67.6 vision=1 current=1 vframe=2661 vs=1 vage=14 vpage=14 vdt=33 vmax=165 vacc=2654 vrej=0 seq=0 elapsed=0 oled=3C
[   4235] STATUS mode=3 fault=none enc=-338 denc=0 sreq=-21 sapplied=-21 crate=-21 uimp=-194765 upos=165 uneg=2300 ball=-42.95 vball=0.05 aball=-0.3 bref=0.00 pid=-21.2 pref=-262.1 ppos=-259.9 apid=-0.0 integ=-68.3 vision=1 current=1 vframe=2662 vs=1 vage=20 vpage=20 vdt=34 vmax=165 vacc=2655 vrej=0 seq=0 elapsed=0 oled=3C
[   4266] STATUS mode=3 fault=none enc=-339 denc=2 sreq=-30 sapplied=-30 crate=-30 uimp=-194970 upos=165 uneg=2310 ball=-42.96 vball=-0.03 aball=-0.3 bref=0.00 pid=-30.1 pref=-263.2 ppos=-260.1 apid=-0.0 integ=-69.0 vision=1 current=1 vframe=2663 vs=1 vage=9 vpage=9 vdt=31 vmax=165 vacc=2656 vrej=0 seq=0 elapsed=0 oled=3C
[   4297] STATUS mode=3 fault=none enc=-340 denc=0 sreq=-25 sapplied=-25 crate=-25 uimp=-195530 upos=165 uneg=2330 ball=-42.96 vball=-0.03 aball=-0.3 bref=0.00 pid=-24.5 pref=-263.2 ppos=-260.7 apid=-0.0 integ=-69.0 vision=1 current=1 vframe=2663 vs=1 vage=29 vpage=29 vdt=31 vmax=165 vacc=2656 vrej=0 seq=0 elapsed=0 oled=3C
[   4329] STATUS mode=3 fault=none enc=-343 denc=-2 sreq=-35 sapplied=-35 crate=-35 uimp=-197040 upos=165 uneg=2370 ball=-43.02 vball=-0.50 aball=-2.0 bref=0.00 pid=-35.5 pref=-265.8 ppos=-262.2 apid=-0.0 integ=-69.6 vision=1 current=1 vframe=2665 vs=1 vage=3 vpage=3 vdt=34 vmax=165 vacc=2658 vrej=0 seq=0 elapsed=0 oled=3C
[   4360] STATUS mode=3 fault=none enc=-343 denc=0 sreq=-40 sapplied=-40 crate=-40 uimp=-197890 upos=165 uneg=2390 ball=-43.02 vball=-0.50 aball=-2.0 bref=0.00 pid=-40.4 pref=-267.1 ppos=-263.1 apid=-0.0 integ=-70.4 vision=1 current=1 vframe=2665 vs=1 vage=23 vpage=23 vdt=34 vmax=165 vacc=2658 vrej=0 seq=0 elapsed=0 oled=3C
[   4375] STATUS mode=3 fault=none enc=-344 denc=0 sreq=-36 sapplied=-36 crate=-36 uimp=-198650 upos=165 uneg=2410 ball=-43.03 vball=-0.42 aball=-2.0 bref=0.00 pid=-36.2 pref=-267.4 ppos=-263.8 apid=-0.0 integ=-71.1 vision=1 current=1 vframe=2666 vs=1 vage=10 vpage=10 vdt=33 vmax=165 vacc=2659 vrej=0 seq=0 elapsed=0 oled=3C
[   4407] STATUS mode=3 fault=none enc=-346 denc=1 sreq=0 sapplied=0 crate=-11 uimp=-199605 upos=165 uneg=2440 ball=-43.00 vball=0.02 aball=0.7 bref=0.00 pid=-11.3 pref=-265.9 ppos=-264.8 apid=0.0 integ=-71.8 vision=1 current=1 vframe=2667 vs=1 vage=15 vpage=15 vdt=35 vmax=165 vacc=2660 vrej=0 seq=0 elapsed=0 oled=3C
[   4438] STATUS mode=3 fault=none enc=-346 denc=0 sreq=0 sapplied=0 crate=-11 uimp=-199605 upos=165 uneg=2440 ball=-42.90 vball=0.84 aball=0.7 bref=0.00 pid=-11.3 pref=-265.9 ppos=-264.8 apid=0.0 integ=-71.8 vision=1 current=1 vframe=2668 vs=1 vage=2 vpage=2 vdt=33 vmax=165 vacc=2661 vrej=0 seq=0 elapsed=0 oled=3C
[   4454] STATUS mode=3 fault=none enc=-347 denc=0 sreq=22 sapplied=22 crate=22 uimp=-198925 upos=195 uneg=2440 ball=-42.85 vball=1.02 aball=0.7 bref=0.00 pid=23.1 pref=-262.2 ppos=-264.5 apid=0.0 integ=-72.5 vision=1 current=1 vframe=2668 vs=1 vage=22 vpage=22 vdt=33 vmax=165 vacc=2661 vrej=0 seq=0 elapsed=0 oled=3C
[   4485] STATUS mode=3 fault=none enc=-345 denc=1 sreq=0 sapplied=0 crate=19 uimp=-198610 upos=210 uneg=2440 ball=-42.85 vball=1.02 aball=0.7 bref=0.00 pid=19.1 pref=-261.9 ppos=-263.8 apid=0.0 integ=-73.2 vision=1 current=1 vframe=2669 vs=1 vage=29 vpage=29 vdt=33 vmax=165 vacc=2662 vrej=0 seq=0 elapsed=0 oled=3C
[   4516] STATUS mode=3 fault=none enc=-345 denc=0 sreq=0 sapplied=0 crate=0 uimp=-198610 upos=210 uneg=2440 ball=-42.84 vball=0.83 aball=4.0 bref=0.00 pid=0.0 pref=-263.5 ppos=-263.8 apid=0.0 integ=-74.0 vision=1 current=1 vframe=2670 vs=1 vage=14 vpage=14 vdt=35 vmax=165 vacc=2663 vrej=0 seq=0 elapsed=0 oled=3C
[   4547] STATUS mode=3 fault=none enc=-345 denc=0 sreq=0 sapplied=0 crate=0 uimp=-198610 upos=210 uneg=2440 ball=-42.82 vball=0.79 aball=4.0 bref=0.00 pid=0.0 pref=-264.3 ppos=-263.8 apid=0.0 integ=-74.7 vision=1 current=1 vframe=2671 vs=1 vage=23 vpage=23 vdt=31 vmax=5 vacc=2664 vrej=0 seq=0 elapsed=0 oled=3C
[   4563] STATUS mode=3 fault=none enc=-345 denc=0 sreq=-21 sapplied=-21 crate=-21 uimp=-198610 upos=210 uneg=2440 ball=-42.81 vball=0.62 aball=4.0 bref=0.00 pid=-20.9 pref=-265.9 ppos=-263.8 apid=0.0 integ=-75.4 vision=1 current=1 vframe=2672 vs=1 vage=10 vpage=10 vdt=33 vmax=165 vacc=2665 vrej=0 seq=0 elapsed=0 oled=3C
[   4594] STATUS mode=3 fault=none enc=-345 denc=0 sreq=0 sapplied=0 crate=-19 uimp=-198815 upos=210 uneg=2450 ball=-42.81 vball=0.62 aball=4.0 bref=0.00 pid=-18.8 pref=-265.9 ppos=-264.0 apid=0.0 integ=-75.4 vision=1 current=1 vframe=2672 vs=1 vage=30 vpage=30 vdt=33 vmax=165 vacc=2665 vrej=0 seq=0 elapsed=0 oled=3C
[   4625] STATUS mode=3 fault=none enc=-346 denc=-1 sreq=-33 sapplied=-33 crate=-33 uimp=-199995 upos=210 uneg=2480 ball=-42.84 vball=0.11 aball=-0.4 bref=0.00 pid=-32.9 pref=-268.5 ppos=-265.2 apid=-0.0 integ=-76.1 vision=1 current=1 vframe=2674 vs=1 vage=2 vpage=2 vdt=34 vmax=165 vacc=2667 vrej=0 seq=0 elapsed=0 oled=3C
[   4657] STATUS mode=3 fault=none enc=-347 denc=-1 sreq=-40 sapplied=-40 crate=-40 uimp=-200820 upos=210 uneg=2500 ball=-42.84 vball=0.11 aball=-0.4 bref=0.00 pid=-39.7 pref=-270.0 ppos=-266.0 apid=-0.0 integ=-76.8 vision=1 current=1 vframe=2674 vs=1 vage=22 vpage=22 vdt=34 vmax=165 vacc=2667 vrej=0 seq=0 elapsed=0 oled=3C
[   4672] STATUS mode=3 fault=none enc=-348 denc=0 sreq=-42 sapplied=-42 crate=-42 uimp=-201610 upos=210 uneg=2520 ball=-42.84 vball=0.05 aball=-0.4 bref=0.00 pid=-41.7 pref=-270.9 ppos=-266.8 apid=-0.0 integ=-77.5 vision=1 current=1 vframe=2675 vs=1 vage=10 vpage=10 vdt=32 vmax=165 vacc=2668 vrej=0 seq=0 elapsed=0 oled=3C
[   4704] STATUS mode=3 fault=none enc=-350 denc=-1 sreq=-36 sapplied=-36 crate=-36 uimp=-203100 upos=210 uneg=2560 ball=-42.84 vball=0.02 aball=-1.3 bref=0.00 pid=-35.6 pref=-271.8 ppos=-268.3 apid=-0.0 integ=-78.2 vision=1 current=1 vframe=2676 vs=1 vage=16 vpage=16 vdt=34 vmax=165 vacc=2669 vrej=0 seq=0 elapsed=0 oled=3C
[   4735] STATUS mode=3 fault=none enc=-350 denc=0 sreq=-29 sapplied=-29 crate=-29 uimp=-203760 upos=210 uneg=2580 ball=-42.85 vball=0.01 aball=-1.3 bref=0.00 pid=-29.0 pref=-271.8 ppos=-268.9 apid=-0.0 integ=-78.2 vision=1 current=1 vframe=2677 vs=1 vage=1 vpage=1 vdt=35 vmax=165 vacc=2670 vrej=0 seq=0 elapsed=0 oled=3C
[   4766] STATUS mode=3 fault=none enc=-352 denc=-1 sreq=-31 sapplied=-31 crate=-31 uimp=-204415 upos=210 uneg=2600 ball=-42.85 vball=0.01 aball=-1.3 bref=0.00 pid=-30.7 pref=-272.7 ppos=-269.6 apid=-0.0 integ=-79.0 vision=1 current=1 vframe=2677 vs=1 vage=21 vpage=21 vdt=35 vmax=165 vacc=2670 vrej=0 seq=0 elapsed=0 oled=3C
[   4782] STATUS mode=3 fault=none enc=-353 denc=0 sreq=-33 sapplied=-33 crate=-33 uimp=-205830 upos=210 uneg=2640 ball=-42.86 vball=-0.18 aball=-1.3 bref=0.00 pid=-33.0 pref=-274.3 ppos=-271.0 apid=-0.0 integ=-79.7 vision=1 current=1 vframe=2678 vs=1 vage=30 vpage=30 vdt=31 vmax=165 vacc=2671 vrej=0 seq=0 elapsed=0 oled=3C
[   4813] STATUS mode=3 fault=none enc=-354 denc=0 sreq=-51 sapplied=-51 crate=-51 uimp=-206695 upos=210 uneg=2660 ball=-42.91 vball=-0.53 aball=-3.2 bref=0.00 pid=-50.7 pref=-276.9 ppos=-271.9 apid=-0.0 integ=-80.4 vision=1 current=1 vframe=2679 vs=1 vage=16 vpage=16 vdt=34 vmax=165 vacc=2672 vrej=0 seq=0 elapsed=0 oled=3C
[   4844] STATUS mode=3 fault=none enc=-357 denc=0 sreq=-44 sapplied=-44 crate=-44 uimp=-208570 upos=210 uneg=2700 ball=-42.93 vball=-0.61 aball=-3.2 bref=0.00 pid=-43.8 pref=-278.1 ppos=-273.7 apid=-0.0 integ=-81.1 vision=1 current=1 vframe=2680 vs=1 vage=22 vpage=22 vdt=34 vmax=165 vacc=2673 vrej=0 seq=0 elapsed=0 oled=3C
[   4875] STATUS mode=3 fault=none enc=-357 denc=0 sreq=-37 sapplied=-37 crate=-37 uimp=-209390 upos=210 uneg=2720 ball=-42.94 vball=-0.49 aball=-3.2 bref=0.00 pid=-37.2 pref=-278.3 ppos=-274.6 apid=-0.0 integ=-81.8 vision=1 current=1 vframe=2681 vs=1 vage=8 vpage=8 vdt=34 vmax=165 vacc=2674 vrej=0 seq=0 elapsed=0 oled=3C
[   4891] STATUS mode=3 fault=none enc=-357 denc=0 sreq=-30 sapplied=-30 crate=-30 uimp=-210080 upos=210 uneg=2740 ball=-42.94 vball=-0.49 aball=-3.2 bref=0.00 pid=-30.3 pref=-278.3 ppos=-275.3 apid=-0.0 integ=-81.8 vision=1 current=1 vframe=2681 vs=1 vage=28 vpage=28 vdt=34 vmax=165 vacc=2674 vrej=0 seq=0 elapsed=0 oled=3C
[   4922] STATUS mode=3 fault=none enc=-358 denc=0 sreq=-20 sapplied=-20 crate=-20 uimp=-211085 upos=210 uneg=2780 ball=-42.87 vball=0.35 aball=-0.9 bref=0.00 pid=-19.6 pref=-278.2 ppos=-276.3 apid=-0.0 integ=-82.5 vision=1 current=1 vframe=2683 vs=1 vage=2 vpage=2 vdt=34 vmax=165 vacc=2676 vrej=0 seq=0 elapsed=0 oled=3C
[   4954] STATUS mode=3 fault=none enc=-359 denc=0 sreq=0 sapplied=0 crate=11 uimp=-211185 upos=210 uneg=2785 ball=-42.87 vball=0.35 aball=-0.9 bref=0.00 pid=10.7 pref=-275.3 ppos=-276.4 apid=-0.0 integ=-83.3 vision=1 current=1 vframe=2683 vs=1 vage=22 vpage=22 vdt=34 vmax=165 vacc=2676 vrej=0 seq=0 elapsed=0 oled=3C
[   4985] STATUS mode=3 fault=none enc=-360 denc=0 sreq=-20 sapplied=-20 crate=-20 uimp=-211290 upos=210 uneg=2790 ball=-42.91 vball=-0.13 aball=-0.9 bref=0.00 pid=-20.3 pref=-278.5 ppos=-276.5 apid=-0.0 integ=-83.9 vision=1 current=1 vframe=2684 vs=1 vage=10 vpage=10 vdt=32 vmax=165 vacc=2677 vrej=0 seq=0 elapsed=0 oled=3C
[   5000] STATUS mode=3 fault=none enc=-360 denc=0 sreq=-29 sapplied=-29 crate=-29 uimp=-211700 upos=210 uneg=2805 ball=-42.93 vball=-0.22 aball=0.0 bref=0.00 pid=-28.6 pref=-279.7 ppos=-276.9 apid=0.0 integ=-84.7 vision=1 current=1 vframe=2685 vs=1 vage=16 vpage=16 vdt=34 vmax=165 vacc=2678 vrej=0 seq=0 elapsed=0 oled=3C
[   5032] STATUS mode=3 fault=none enc=-360 denc=0 sreq=-23 sapplied=-23 crate=-23 uimp=-212235 upos=210 uneg=2825 ball=-42.93 vball=-0.15 aball=0.0 bref=0.00 pid=-23.3 pref=-279.7 ppos=-277.4 apid=0.0 integ=-84.7 vision=1 current=1 vframe=2686 vs=1 vage=1 vpage=1 vdt=35 vmax=165 vacc=2679 vrej=0 seq=0 elapsed=0 oled=3C
[   5063] STATUS mode=3 fault=none enc=-361 denc=0 sreq=-22 sapplied=-22 crate=-22 uimp=-212725 upos=210 uneg=2845 ball=-42.93 vball=-0.15 aball=0.0 bref=0.00 pid=-22.4 pref=-280.1 ppos=-277.9 apid=0.0 integ=-85.4 vision=1 current=1 vframe=2686 vs=1 vage=21 vpage=21 vdt=35 vmax=165 vacc=2679 vrej=0 seq=0 elapsed=0 oled=3C
[   5094] STATUS mode=3 fault=none enc=-362 denc=0 sreq=0 sapplied=0 crate=-19 uimp=-213470 upos=210 uneg=2880 ball=-42.92 vball=-0.09 aball=0.0 bref=0.00 pid=-18.9 pref=-280.5 ppos=-278.6 apid=0.0 integ=-86.2 vision=1 current=1 vframe=2687 vs=1 vage=27 vpage=27 vdt=34 vmax=165 vacc=2680 vrej=0 seq=0 elapsed=0 oled=3C
[   5110] STATUS mode=3 fault=none enc=-362 denc=0 sreq=-23 sapplied=-23 crate=-23 uimp=-213590 upos=210 uneg=2885 ball=-42.92 vball=-0.05 aball=0.8 bref=0.00 pid=-23.0 pref=-281.1 ppos=-278.8 apid=0.0 integ=-86.9 vision=1 current=1 vframe=2688 vs=1 vage=13 vpage=13 vdt=34 vmax=165 vacc=2681 vrej=0 seq=0 elapsed=0 oled=3C
[   5141] STATUS mode=3 fault=none enc=-364 denc=0 sreq=0 sapplied=0 crate=-13 uimp=-214020 upos=210 uneg=2905 ball=-42.90 vball=0.18 aball=0.8 bref=0.00 pid=-13.5 pref=-280.5 ppos=-279.2 apid=0.0 integ=-87.6 vision=1 current=1 vframe=2689 vs=1 vage=21 vpage=21 vdt=32 vmax=165 vacc=2682 vrej=0 seq=0 elapsed=0 oled=3C
[   5172] STATUS mode=3 fault=none enc=-364 denc=0 sreq=0 sapplied=0 crate=0 uimp=-214020 upos=210 uneg=2905 ball=-42.87 vball=0.42 aball=0.8 bref=0.00 pid=0.0 pref=-280.0 ppos=-279.2 apid=0.0 integ=-88.3 vision=1 current=1 vframe=2690 vs=1 vage=8 vpage=8 vdt=33 vmax=165 vacc=2683 vrej=0 seq=0 elapsed=0 oled=3C
[   5188] STATUS mode=3 fault=none enc=-364 denc=0 sreq=0 sapplied=0 crate=0 uimp=-214020 upos=210 uneg=2905 ball=-42.87 vball=0.42 aball=0.8 bref=0.00 pid=0.0 pref=-280.0 ppos=-279.2 apid=0.0 integ=-88.3 vision=1 current=1 vframe=2690 vs=1 vage=28 vpage=28 vdt=33 vmax=165 vacc=2683 vrej=0 seq=0 elapsed=0 oled=3C
[   5219] STATUS mode=3 fault=none enc=-364 denc=0 sreq=0 sapplied=0 crate=-19 uimp=-214345 upos=210 uneg=2920 ball=-42.88 vball=0.07 aball=1.8 bref=0.00 pid=-19.5 pref=-281.5 ppos=-279.5 apid=0.0 integ=-89.0 vision=1 current=1 vframe=2692 vs=1 vage=1 vpage=1 vdt=34 vmax=165 vacc=2685 vrej=0 seq=0 elapsed=0 oled=3C
[   5250] STATUS mode=3 fault=none enc=-364 denc=0 sreq=-31 sapplied=-31 crate=-31 uimp=-214870 upos=210 uneg=2935 ball=-42.88 vball=0.07 aball=1.8 bref=0.00 pid=-31.3 pref=-283.2 ppos=-280.0 apid=0.0 integ=-89.7 vision=1 current=1 vframe=2692 vs=1 vage=21 vpage=21 vdt=34 vmax=165 vacc=2685 vrej=0 seq=0 elapsed=0 oled=3C
[   5282] STATUS mode=3 fault=none enc=-365 denc=-1 sreq=-31 sapplied=-31 crate=-31 uimp=-215480 upos=210 uneg=2955 ball=-42.88 vball=0.09 aball=1.8 bref=0.00 pid=-30.9 pref=-283.7 ppos=-280.7 apid=0.0 integ=-90.4 vision=1 current=1 vframe=2693 vs=1 vage=10 vpage=10 vdt=31 vmax=165 vacc=2686 vrej=0 seq=0 elapsed=0 oled=3C
[   5297] STATUS mode=3 fault=none enc=-366 denc=0 sreq=-28 sapplied=-28 crate=-28 uimp=-216595 upos=210 uneg=2995 ball=-42.88 vball=0.08 aball=0.2 bref=0.00 pid=-27.5 pref=-284.5 ppos=-281.8 apid=0.0 integ=-91.1 vision=1 current=1 vframe=2694 vs=1 vage=16 vpage=16 vdt=34 vmax=165 vacc=2687 vrej=0 seq=0 elapsed=0 oled=3C
[   5329] STATUS mode=3 fault=none enc=-366 denc=0 sreq=-22 sapplied=-22 crate=-22 uimp=-217110 upos=210 uneg=3015 ball=-42.88 vball=0.06 aball=0.2 bref=0.00 pid=-22.4 pref=-284.5 ppos=-282.3 apid=0.0 integ=-91.1 vision=1 current=1 vframe=2695 vs=1 vage=3 vpage=3 vdt=33 vmax=165 vacc=2688 vrej=0 seq=0 elapsed=0 oled=3C
[   5360] STATUS mode=3 fault=none enc=-368 denc=-1 sreq=-25 sapplied=-25 crate=-25 uimp=-217635 upos=210 uneg=3035 ball=-42.88 vball=0.06 aball=0.2 bref=0.00 pid=-25.2 pref=-285.3 ppos=-282.8 apid=0.0 integ=-91.8 vision=1 current=1 vframe=2695 vs=1 vage=23 vpage=23 vdt=33 vmax=165 vacc=2688 vrej=0 seq=0 elapsed=0 oled=3C
[   5391] STATUS mode=3 fault=none enc=-369 denc=0 sreq=-23 sapplied=-23 crate=-23 uimp=-218665 upos=210 uneg=3075 ball=-42.88 vball=0.04 aball=0.2 bref=0.00 pid=-23.0 pref=-286.1 ppos=-283.8 apid=0.0 integ=-92.5 vision=1 current=1 vframe=2696 vs=1 vage=30 vpage=30 vdt=33 vmax=165 vacc=2689 vrej=0 seq=0 elapsed=0 oled=3C
[   5407] STATUS mode=3 fault=none enc=-370 denc=0 sreq=-26 sapplied=-26 crate=-26 uimp=-219175 upos=210 uneg=3095 ball=-42.88 vball=0.02 aball=-0.2 bref=0.00 pid=-26.2 pref=-287.0 ppos=-284.3 apid=-0.0 integ=-93.3 vision=1 current=1 vframe=2697 vs=1 vage=16 vpage=16 vdt=34 vmax=165 vacc=2690 vrej=0 seq=0 elapsed=0 oled=3C
[   5438] STATUS mode=3 fault=none enc=-370 denc=0 sreq=-21 sapplied=-21 crate=-21 uimp=-219660 upos=210 uneg=3115 ball=-42.88 vball=0.01 aball=-0.2 bref=0.00 pid=-21.3 pref=-287.0 ppos=-284.8 apid=-0.0 integ=-93.3 vision=1 current=1 vframe=2698 vs=1 vage=2 vpage=2 vdt=34 vmax=165 vacc=2691 vrej=0 seq=0 elapsed=0 oled=3C
[   5469] STATUS mode=3 fault=none enc=-372 denc=-1 sreq=-28 sapplied=-28 crate=-28 uimp=-220615 upos=210 uneg=3155 ball=-42.88 vball=-0.01 aball=-0.2 bref=0.00 pid=-27.6 pref=-288.5 ppos=-285.8 apid=-0.0 integ=-94.7 vision=1 current=1 vframe=2699 vs=1 vage=9 vpage=9 vdt=33 vmax=165 vacc=2692 vrej=0 seq=0 elapsed=0 oled=3C
[   5500] STATUS mode=3 fault=none enc=-373 denc=0 sreq=-22 sapplied=-22 crate=-22 uimp=-221130 upos=210 uneg=3175 ball=-42.88 vball=-0.01 aball=-0.2 bref=0.00 pid=-22.5 pref=-288.5 ppos=-286.3 apid=-0.0 integ=-94.7 vision=1 current=1 vframe=2699 vs=1 vage=29 vpage=29 vdt=33 vmax=165 vacc=2692 vrej=0 seq=0 elapsed=0 oled=3C
[   5516] STATUS mode=3 fault=none enc=-374 denc=0 sreq=-20 sapplied=-20 crate=-20 uimp=-222090 upos=210 uneg=3215 ball=-42.88 vball=-0.02 aball=-0.3 bref=0.00 pid=-20.5 pref=-289.3 ppos=-287.3 apid=-0.0 integ=-95.4 vision=1 current=1 vframe=2701 vs=1 vage=3 vpage=3 vdt=33 vmax=165 vacc=2694 vrej=0 seq=0 elapsed=0 oled=3C
[   5547] STATUS mode=3 fault=none enc=-374 denc=0 sreq=-23 sapplied=-23 crate=-23 uimp=-222570 upos=210 uneg=3235 ball=-42.88 vball=-0.02 aball=-0.3 bref=0.00 pid=-22.7 pref=-290.0 ppos=-287.7 apid=-0.0 integ=-96.1 vision=1 current=1 vframe=2701 vs=1 vage=23 vpage=23 vdt=33 vmax=165 vacc=2694 vrej=0 seq=0 elapsed=0 oled=3C
[   5579] STATUS mode=3 fault=none enc=-375 denc=1 sreq=-25 sapplied=-25 crate=-25 uimp=-223025 upos=210 uneg=3255 ball=-42.88 vball=-0.01 aball=-0.3 bref=0.00 pid=-24.8 pref=-290.7 ppos=-288.2 apid=-0.0 integ=-96.8 vision=1 current=1 vframe=2702 vs=1 vage=10 vpage=10 vdt=33 vmax=165 vacc=2695 vrej=0 seq=0 elapsed=0 oled=3C
[   5610] STATUS mode=3 fault=none enc=-377 denc=0 sreq=-34 sapplied=-34 crate=-34 uimp=-223955 upos=210 uneg=3290 ball=-42.91 vball=-0.23 aball=-1.1 bref=0.00 pid=-34.4 pref=-292.6 ppos=-289.1 apid=-0.0 integ=-97.5 vision=1 current=1 vframe=2703 vs=1 vage=17 vpage=17 vdt=33 vmax=165 vacc=2696 vrej=0 seq=0 elapsed=0 oled=3C
[   5625] STATUS mode=3 fault=none enc=-377 denc=0 sreq=-28 sapplied=-28 crate=-28 uimp=-224595 upos=210 uneg=3310 ball=-42.96 vball=-0.73 aball=-1.1 bref=0.00 pid=-28.0 pref=-292.6 ppos=-289.8 apid=-0.0 integ=-97.5 vision=1 current=1 vframe=2704 vs=1 vage=3 vpage=3 vdt=34 vmax=165 vacc=2697 vrej=0 seq=0 elapsed=0 oled=3C
[   5657] STATUS mode=3 fault=none enc=-378 denc=0 sreq=-52 sapplied=-52 crate=-52 uimp=-225595 upos=210 uneg=3330 ball=-42.96 vball=-0.73 aball=-1.1 bref=0.00 pid=-51.8 pref=-295.9 ppos=-290.8 apid=-0.0 integ=-98.2 vision=1 current=1 vframe=2704 vs=1 vage=23 vpage=23 vdt=34 vmax=165 vacc=2697 vrej=0 seq=0 elapsed=0 oled=3C
[   5688] STATUS mode=3 fault=none enc=-381 denc=0 sreq=-47 sapplied=-47 crate=-47 uimp=-227695 upos=210 uneg=3370 ball=-43.01 vball=-0.88 aball=-1.1 bref=0.00 pid=-46.7 pref=-297.5 ppos=-292.9 apid=-0.0 integ=-98.9 vision=1 current=1 vframe=2705 vs=1 vage=31 vpage=31 vdt=32 vmax=165 vacc=2698 vrej=0 seq=0 elapsed=0 oled=3C
[   5719] STATUS mode=3 fault=none enc=-382 denc=0 sreq=-25 sapplied=-25 crate=-25 uimp=-228415 upos=210 uneg=3390 ball=-42.99 vball=-0.45 aball=-1.6 bref=0.00 pid=-24.7 pref=-296.1 ppos=-293.6 apid=-0.0 integ=-99.7 vision=1 current=1 vframe=2706 vs=1 vage=17 vpage=17 vdt=34 vmax=165 vacc=2699 vrej=0 seq=0 elapsed=0 oled=3C
[   5735] STATUS mode=3 fault=none enc=-383 denc=0 sreq=0 sapplied=0 crate=0 uimp=-228870 upos=210 uneg=3410 ball=-42.97 vball=-0.10 aball=-1.6 bref=0.00 pid=0.0 pref=-294.9 ppos=-294.0 apid=-0.0 integ=-100.4 vision=1 current=1 vframe=2707 vs=1 vage=25 vpage=25 vdt=32 vmax=165 vacc=2700 vrej=0 seq=0 elapsed=0 oled=3C
[   5766] STATUS mode=3 fault=none enc=-383 denc=0 sreq=-32 sapplied=-32 crate=-32 uimp=-229040 upos=210 uneg=3415 ball=-43.01 vball=-0.43 aball=-1.6 bref=0.00 pid=-32.0 pref=-297.4 ppos=-294.2 apid=-0.0 integ=-101.1 vision=1 current=1 vframe=2708 vs=1 vage=12 vpage=12 vdt=33 vmax=165 vacc=2701 vrej=0 seq=0 elapsed=0 oled=3C
[   5797] STATUS mode=3 fault=none enc=-383 denc=0 sreq=-26 sapplied=-26 crate=-26 uimp=-229630 upos=210 uneg=3435 ball=-43.01 vball=-0.43 aball=-1.6 bref=0.00 pid=-26.1 pref=-297.4 ppos=-294.8 apid=-0.0 integ=-101.1 vision=1 current=1 vframe=2708 vs=1 vage=32 vpage=32 vdt=33 vmax=165 vacc=2701 vrej=0 seq=0 elapsed=0 oled=3C
[   5829] STATUS mode=3 fault=none enc=-385 denc=0 sreq=-27 sapplied=-27 crate=-27 uimp=-230770 upos=210 uneg=3475 ball=-43.03 vball=-0.37 aball=-1.0 bref=0.00 pid=-26.5 pref=-298.6 ppos=-295.9 apid=-0.0 integ=-102.5 vision=1 current=1 vframe=2710 vs=1 vage=6 vpage=6 vdt=33 vmax=165 vacc=2703 vrej=0 seq=0 elapsed=0 oled=3C
[   5860] STATUS mode=3 fault=none enc=-386 denc=0 sreq=-22 sapplied=-22 crate=-22 uimp=-231265 upos=210 uneg=3495 ball=-43.03 vball=-0.37 aball=-1.0 bref=0.00 pid=-21.6 pref=-298.6 ppos=-296.4 apid=-0.0 integ=-102.5 vision=1 current=1 vframe=2710 vs=1 vage=26 vpage=26 vdt=33 vmax=165 vacc=2703 vrej=0 seq=0 elapsed=0 oled=3C
[   5875] STATUS mode=3 fault=none enc=-386 denc=0 sreq=-20 sapplied=-20 crate=-20 uimp=-231580 upos=210 uneg=3510 ball=-43.03 vball=-0.26 aball=-1.0 bref=0.00 pid=-20.0 pref=-298.8 ppos=-296.8 apid=-0.0 integ=-103.2 vision=1 current=1 vframe=2711 vs=1 vage=13 vpage=13 vdt=33 vmax=165 vacc=2704 vrej=0 seq=0 elapsed=0 oled=3C
[   5907] STATUS mode=3 fault=none enc=-386 denc=0 sreq=-20 sapplied=-20 crate=-20 uimp=-231895 upos=210 uneg=3525 ball=-43.03 vball=-0.17 aball=0.8 bref=0.00 pid=-19.7 pref=-299.0 ppos=-297.1 apid=0.0 integ=-103.9 vision=1 current=1 vframe=2712 vs=1 vage=19 vpage=19 vdt=34 vmax=165 vacc=2705 vrej=0 seq=0 elapsed=0 oled=3C
[   5938] STATUS mode=3 fault=none enc=-386 denc=0 sreq=0 sapplied=0 crate=-15 uimp=-231995 upos=210 uneg=3530 ball=-43.01 vball=0.03 aball=0.8 bref=0.00 pid=-15.4 pref=-298.7 ppos=-297.2 apid=0.0 integ=-104.7 vision=1 current=1 vframe=2713 vs=1 vage=5 vpage=5 vdt=34 vmax=165 vacc=2706 vrej=0 seq=0 elapsed=0 oled=3C
[   5954] STATUS mode=3 fault=none enc=-386 denc=0 sreq=0 sapplied=0 crate=-17 uimp=-231995 upos=210 uneg=3530 ball=-43.01 vball=0.03 aball=0.8 bref=0.00 pid=-15.4 pref=-298.7 ppos=-297.2 apid=0.0 integ=-104.7 vision=1 current=1 vframe=2713 vs=1 vage=25 vpage=25 vdt=34 vmax=165 vacc=2706 vrej=0 seq=0 elapsed=0 oled=3C
[   5985] STATUS mode=3 fault=none enc=-386 denc=0 sreq=0 sapplied=0 crate=-17 uimp=-231995 upos=210 uneg=3530 ball=-43.00 vball=0.13 aball=0.8 bref=0.00 pid=-17.0 pref=-298.9 ppos=-297.2 apid=0.0 integ=-105.3 vision=1 current=1 vframe=2714 vs=1 vage=33 vpage=33 vdt=32 vmax=165 vacc=2707 vrej=0 seq=0 elapsed=0 oled=3C
[   6016] STATUS mode=3 fault=none enc=-386 denc=0 sreq=-47 sapplied=-47 crate=-47 uimp=-232780 upos=210 uneg=3545 ball=-43.06 vball=-0.45 aball=-0.8 bref=0.00 pid=-47.1 pref=-302.7 ppos=-298.0 apid=-0.0 integ=-106.1 vision=1 current=1 vframe=2715 vs=1 vage=20 vpage=20 vdt=33 vmax=165 vacc=2708 vrej=0 seq=0 elapsed=0 oled=3C
[   6047] STATUS mode=3 fault=none enc=-389 denc=0 sreq=-39 sapplied=-39 crate=-39 uimp=-234545 upos=210 uneg=3585 ball=-43.08 vball=-0.49 aball=-0.8 bref=0.00 pid=-39.3 pref=-303.6 ppos=-299.7 apid=-0.0 integ=-106.8 vision=1 current=1 vframe=2716 vs=1 vage=26 vpage=26 vdt=34 vmax=165 vacc=2709 vrej=0 seq=0 elapsed=0 oled=3C
[   6079] STATUS mode=3 fault=none enc=-389 denc=0 sreq=-36 sapplied=-36 crate=-36 uimp=-235275 upos=210 uneg=3605 ball=-43.09 vball=-0.39 aball=-0.8 bref=0.00 pid=-35.5 pref=-304.0 ppos=-300.4 apid=-0.0 integ=-107.6 vision=1 current=1 vframe=2717 vs=1 vage=8 vpage=8 vdt=38 vmax=165 vacc=2710 vrej=0 seq=0 elapsed=0 oled=3C
[   6094] STATUS mode=3 fault=none enc=-390 denc=0 sreq=-29 sapplied=-29 crate=-29 uimp=-235935 upos=210 uneg=3625 ball=-43.09 vball=-0.39 aball=-0.8 bref=0.00 pid=-28.9 pref=-304.0 ppos=-301.1 apid=-0.0 integ=-107.6 vision=1 current=1 vframe=2717 vs=1 vage=28 vpage=28 vdt=38 vmax=165 vacc=2710 vrej=0 seq=0 elapsed=0 oled=3C
[   6125] STATUS mode=3 fault=none enc=-390 denc=1 sreq=47 sapplied=47 crate=47 uimp=-234845 upos=235 uneg=3635 ball=-42.90 vball=1.37 aball=7.3 bref=0.00 pid=46.8 pref=-295.3 ppos=-300.0 apid=0.0 integ=-108.3 vision=1 current=1 vframe=2718 vs=1 vage=35 vpage=35 vdt=33 vmax=165 vacc=2711 vrej=0 seq=0 elapsed=0 oled=3C
[   6157] STATUS mode=3 fault=none enc=-389 denc=1 sreq=83 sapplied=83 crate=83 uimp=-233745 upos=255 uneg=3635 ball=-42.67 vball=2.63 aball=7.3 bref=0.00 pid=82.8 pref=-290.6 ppos=-298.9 apid=0.0 integ=-109.2 vision=1 current=1 vframe=2720 vs=1 vage=3 vpage=3 vdt=10 vmax=165 vacc=2713 vrej=0 seq=0 elapsed=0 oled=3C
[   6172] STATUS mode=3 fault=none enc=-388 denc=0 sreq=78 sapplied=78 crate=78 uimp=-232040 upos=275 uneg=3635 ball=-42.67 vball=2.63 aball=7.3 bref=0.00 pid=77.5 pref=-289.5 ppos=-297.2 apid=0.0 integ=-109.4 vision=1 current=1 vframe=2720 vs=1 vage=23 vpage=23 vdt=10 vmax=165 vacc=2713 vrej=0 seq=0 elapsed=0 oled=3C
[   6204] STATUS mode=3 fault=none enc=-385 denc=0 sreq=36 sapplied=36 crate=36 uimp=-229870 upos=315 uneg=3635 ball=-42.59 vball=1.86 aball=9.3 bref=0.00 pid=36.3 pref=-291.4 ppos=-295.0 apid=0.0 integ=-110.1 vision=1 current=1 vframe=2722 vs=1 vage=2 vpage=2 vdt=31 vmax=165 vacc=2715 vrej=0 seq=0 elapsed=0 oled=3C
[   6235] STATUS mode=3 fault=none enc=-384 denc=0 sreq=0 sapplied=0 crate=0 uimp=-229690 upos=320 uneg=3635 ball=-42.59 vball=1.86 aball=9.3 bref=0.00 pid=0.0 pref=-294.4 ppos=-294.9 apid=0.0 integ=-110.7 vision=1 current=1 vframe=2722 vs=1 vage=22 vpage=22 vdt=31 vmax=165 vacc=2715 vrej=0 seq=0 elapsed=0 oled=3C
[   6266] STATUS mode=3 fault=none enc=-384 denc=0 sreq=-29 sapplied=0 crate=-29 uimp=-229690 upos=320 uneg=3635 ball=-42.59 vball=1.32 aball=9.3 bref=0.00 pid=-29.1 pref=-297.8 ppos=-294.9 apid=0.0 integ=-111.4 vision=1 current=1 vframe=2723 vs=1 vage=9 vpage=9 vdt=33 vmax=165 vacc=2716 vrej=0 seq=0 elapsed=0 oled=3C
[   6282] STATUS mode=3 fault=none enc=-385 denc=1 sreq=-47 sapplied=-47 crate=-47 uimp=-230865 upos=320 uneg=3670 ball=-42.60 vball=0.87 aball=-1.6 bref=0.00 pid=-47.4 pref=-300.8 ppos=-296.0 apid=-0.0 integ=-112.2 vision=1 current=1 vframe=2724 vs=1 vage=15 vpage=15 vdt=34 vmax=165 vacc=2717 vrej=0 seq=0 elapsed=0 oled=3C
[   6313] STATUS mode=3 fault=none enc=-387 denc=-1 sreq=-39 sapplied=-39 crate=-39 uimp=-231745 upos=320 uneg=3690 ball=-42.61 vball=0.46 aball=-1.6 bref=0.00 pid=-38.6 pref=-300.8 ppos=-296.9 apid=-0.0 integ=-112.2 vision=1 current=1 vframe=2725 vs=1 vage=2 vpage=2 vdt=33 vmax=165 vacc=2718 vrej=0 seq=0 elapsed=0 oled=3C
[   6344] STATUS mode=3 fault=none enc=-389 denc=0 sreq=-147 sapplied=-147 crate=-147 uimp=-233880 upos=320 uneg=3730 ball=-42.88 vball=-1.98 aball=-1.6 bref=0.00 pid=-182.2 pref=-317.3 ppos=-299.1 apid=-0.0 integ=-113.6 vision=1 current=1 vframe=2726 vs=1 vage=9 vpage=9 vdt=33 vmax=165 vacc=2719 vrej=0 seq=0 elapsed=0 oled=3C
[   6375] STATUS mode=3 fault=none enc=-392 denc=-1 sreq=-150 sapplied=-150 crate=-150 uimp=-237110 upos=320 uneg=3750 ball=-42.88 vball=-1.98 aball=-1.6 bref=0.00 pid=-149.9 pref=-317.3 ppos=-302.3 apid=-0.0 integ=-113.6 vision=1 current=1 vframe=2726 vs=1 vage=29 vpage=29 vdt=33 vmax=165 vacc=2719 vrej=0 seq=0 elapsed=0 oled=3C
[   6407] STATUS mode=3 fault=none enc=-396 denc=-1 sreq=-138 sapplied=-138 crate=-138 uimp=-240060 upos=320 uneg=3770 ball=-42.96 vball=-2.13 aball=-14.4 bref=0.00 pid=-137.6 pref=-319.0 ppos=-305.2 apid=-0.0 integ=-114.3 vision=1 current=1 vframe=2727 vs=1 vage=15 vpage=15 vdt=34 vmax=165 vacc=2720 vrej=0 seq=0 elapsed=0 oled=3C
[   6422] STATUS mode=3 fault=none enc=-401 denc=-1 sreq=-78 sapplied=-78 crate=-78 uimp=-244470 upos=320 uneg=3810 ball=-42.98 vball=-1.66 aball=-14.4 bref=0.00 pid=-77.7 pref=-317.4 ppos=-309.6 apid=-0.0 integ=-115.0 vision=1 current=1 vframe=2728 vs=1 vage=22 vpage=22 vdt=33 vmax=165 vacc=2721 vrej=0 seq=0 elapsed=0 oled=3C
[   6454] STATUS mode=3 fault=none enc=-402 denc=0 sreq=-45 sapplied=-45 crate=-45 uimp=-245915 upos=320 uneg=3830 ball=-42.98 vball=-1.16 aball=-14.4 bref=0.00 pid=-45.4 pref=-315.6 ppos=-311.1 apid=-0.0 integ=-115.7 vision=1 current=1 vframe=2729 vs=1 vage=9 vpage=9 vdt=33 vmax=165 vacc=2722 vrej=0 seq=0 elapsed=0 oled=3C
[   6485] STATUS mode=3 fault=none enc=-403 denc=0 sreq=-37 sapplied=-37 crate=-37 uimp=-246755 upos=320 uneg=3850 ball=-42.98 vball=-1.16 aball=-14.4 bref=0.00 pid=-37.0 pref=-315.6 ppos=-311.9 apid=-0.0 integ=-115.7 vision=1 current=1 vframe=2729 vs=1 vage=29 vpage=29 vdt=33 vmax=165 vacc=2722 vrej=0 seq=0 elapsed=0 oled=3C
[   6516] STATUS mode=3 fault=none enc=-404 denc=0 sreq=50 sapplied=50 crate=50 uimp=-245660 upos=345 uneg=3860 ball=-42.64 vball=1.95 aball=5.6 bref=0.00 pid=49.9 pref=-305.8 ppos=-310.8 apid=0.0 integ=-116.4 vision=1 current=1 vframe=2731 vs=1 vage=2 vpage=2 vdt=34 vmax=165 vacc=2724 vrej=0 seq=0 elapsed=0 oled=3C
[   6532] STATUS mode=3 fault=none enc=-402 denc=1 sreq=87 sapplied=87 crate=87 uimp=-243970 upos=365 uneg=3860 ball=-42.64 vball=1.95 aball=5.6 bref=0.00 pid=86.6 pref=-300.5 ppos=-309.1 apid=0.0 integ=-117.1 vision=1 current=1 vframe=2731 vs=1 vage=22 vpage=22 vdt=34 vmax=165 vacc=2724 vrej=0 seq=0 elapsed=0 oled=3C
[   6563] STATUS mode=3 fault=none enc=-397 denc=1 sreq=117 sapplied=117 crate=117 uimp=-239710 upos=405 uneg=3860 ball=-42.42 vball=3.41 aball=5.6 bref=0.00 pid=116.6 pref=-293.2 ppos=-304.9 apid=0.0 integ=-117.8 vision=1 current=1 vframe=2732 vs=1 vage=29 vpage=29 vdt=33 vmax=165 vacc=2725 vrej=0 seq=0 elapsed=0 oled=3C
[   6594] STATUS mode=3 fault=none enc=-394 denc=1 sreq=107 sapplied=107 crate=107 uimp=-237410 upos=425 uneg=3860 ball=-42.27 vball=3.74 aball=16.0 bref=0.00 pid=107.4 pref=-291.8 ppos=-302.6 apid=0.0 integ=-118.6 vision=1 current=1 vframe=2733 vs=1 vage=15 vpage=15 vdt=34 vmax=165 vacc=2726 vrej=0 seq=0 elapsed=0 oled=3C
[   6625] STATUS mode=3 fault=none enc=-392 denc=1 sreq=87 sapplied=87 crate=87 uimp=-235420 upos=445 uneg=3860 ball=-42.21 vball=3.16 aball=16.0 bref=0.00 pid=87.5 pref=-291.8 ppos=-300.6 apid=0.0 integ=-118.6 vision=1 current=1 vframe=2734 vs=1 vage=2 vpage=2 vdt=33 vmax=165 vacc=2727 vrej=0 seq=0 elapsed=0 oled=3C
[   6641] STATUS mode=3 fault=none enc=-390 denc=0 sreq=136 sapplied=136 crate=136 uimp=-233505 upos=485 uneg=3860 ball=-41.67 vball=7.07 aball=16.0 bref=0.00 pid=245.9 pref=-274.1 ppos=-298.7 apid=0.0 integ=-119.3 vision=1 current=1 vframe=2735 vs=1 vage=9 vpage=9 vdt=33 vmax=165 vacc=2728 vrej=0 seq=0 elapsed=0 oled=3C
[   6672] STATUS mode=3 fault=none enc=-387 denc=2 sreq=205 sapplied=205 crate=205 uimp=-229430 upos=505 uneg=3860 ball=-41.67 vball=7.07 aball=16.0 bref=0.00 pid=205.1 pref=-274.1 ppos=-294.6 apid=0.0 integ=-119.3 vision=1 current=1 vframe=2735 vs=1 vage=29 vpage=29 vdt=33 vmax=165 vacc=2728 vrej=0 seq=0 elapsed=0 oled=3C
[   6704] STATUS mode=3 fault=none enc=-382 denc=2 sreq=0 sapplied=0 crate=0 uimp=-226955 upos=520 uneg=3860 ball=-40.22 vball=18.08 aball=74.0 bref=0.00 pid=0.0 pref=-292.6 ppos=-292.1 apid=0.0 integ=-0.0 vision=1 current=1 vframe=2736 vs=1 vage=16 vpage=16 vdt=33 vmax=165 vacc=2729 vrej=0 seq=0 elapsed=0 oled=3C
[   6719] STATUS mode=3 fault=none enc=-380 denc=3 sreq=250 sapplied=250 crate=250 uimp=-224205 upos=535 uneg=3860 ball=-38.01 vball=31.97 aball=74.0 bref=0.00 pid=250.0 pref=-216.5 ppos=-289.4 apid=0.0 integ=-0.0 vision=1 current=1 vframe=2737 vs=1 vage=22 vpage=22 vdt=34 vmax=165 vacc=2730 vrej=0 seq=0 elapsed=0 oled=3C
[   6750] STATUS mode=3 fault=none enc=-374 denc=2 sreq=250 sapplied=250 crate=250 uimp=-219205 upos=555 uneg=3860 ball=-35.21 vball=48.22 aball=74.0 bref=0.00 pid=250.0 pref=-126.9 ppos=-284.4 apid=0.0 integ=-0.0 vision=1 current=1 vframe=2738 vs=1 vage=9 vpage=9 vdt=33 vmax=165 vacc=2731 vrej=0 seq=0 elapsed=0 oled=3C
[   6782] STATUS mode=3 fault=none enc=-367 denc=2 sreq=250 sapplied=250 crate=250 uimp=-214205 upos=575 uneg=3860 ball=-35.21 vball=48.22 aball=74.0 bref=0.00 pid=250.0 pref=-126.9 ppos=-279.4 apid=0.0 integ=-0.0 vision=1 current=1 vframe=2738 vs=1 vage=29 vpage=29 vdt=33 vmax=165 vacc=2731 vrej=0 seq=0 elapsed=0 oled=3C
[   6813] STATUS mode=3 fault=none enc=-355 denc=2 sreq=250 sapplied=250 crate=250 uimp=-204205 upos=615 uneg=3860 ball=-26.98 vball=87.19 aball=266.9 bref=0.00 pid=250.0 pref=-12.0 ppos=-269.4 apid=0.0 integ=-0.0 vision=1 current=1 vframe=2740 vs=1 vage=3 vpage=3 vdt=32 vmax=165 vacc=2733 vrej=0 seq=0 elapsed=0 oled=3C
[   6829] STATUS mode=3 fault=none enc=-349 denc=1 sreq=250 sapplied=250 crate=250 uimp=-199205 upos=635 uneg=3860 ball=-26.98 vball=87.19 aball=266.9 bref=0.00 pid=250.0 pref=37.7 ppos=-264.4 apid=0.0 integ=-0.0 vision=1 current=1 vframe=2740 vs=1 vage=23 vpage=23 vdt=32 vmax=165 vacc=2733 vrej=0 seq=0 elapsed=0 oled=3C
[   6860] STATUS mode=3 fault=none enc=-335 denc=2 sreq=250 sapplied=250 crate=250 uimp=-189205 upos=675 uneg=3860 ball=-22.01 vball=104.40 aball=266.9 bref=0.00 pid=250.0 pref=37.7 ppos=-254.4 apid=0.0 integ=-0.0 vision=1 current=1 vframe=2741 vs=1 vage=29 vpage=29 vdt=34 vmax=165 vacc=2734 vrej=0 seq=0 elapsed=0 oled=3C
[   6891] STATUS mode=3 fault=none enc=-329 denc=1 sreq=250 sapplied=250 crate=250 uimp=-184205 upos=695 uneg=3860 ball=-16.18 vball=125.74 aball=405.4 bref=0.00 pid=250.0 pref=37.7 ppos=-249.4 apid=0.0 integ=-0.0 vision=1 current=1 vframe=2742 vs=1 vage=16 vpage=16 vdt=33 vmax=165 vacc=2735 vrej=0 seq=0 elapsed=0 oled=3C
[   6922] STATUS mode=3 fault=none enc=-322 denc=2 sreq=250 sapplied=250 crate=250 uimp=-179205 upos=715 uneg=3860 ball=-9.85 vball=145.48 aball=405.4 bref=0.00 pid=250.0 pref=37.7 ppos=-244.4 apid=0.0 integ=-0.0 vision=1 current=1 vframe=2743 vs=1 vage=1 vpage=1 vdt=35 vmax=165 vacc=2736 vrej=0 seq=0 elapsed=0 oled=3C
[   6938] STATUS mode=3 fault=none enc=-310 denc=1 sreq=250 sapplied=250 crate=250 uimp=-169205 upos=755 uneg=3860 ball=-2.59 vball=165.58 aball=405.4 bref=0.00 pid=250.0 pref=37.7 ppos=-234.4 apid=0.0 integ=-0.0 vision=1 current=1 vframe=2744 vs=1 vage=8 vpage=8 vdt=33 vmax=165 vacc=2737 vrej=0 seq=0 elapsed=0 oled=3C
[   6969] STATUS mode=3 fault=none enc=-303 denc=2 sreq=250 sapplied=250 crate=250 uimp=-164205 upos=775 uneg=3860 ball=-2.59 vball=165.58 aball=405.4 bref=0.00 pid=250.0 pref=37.7 ppos=-229.4 apid=0.0 integ=-0.0 vision=1 current=1 vframe=2744 vs=1 vage=28 vpage=28 vdt=33 vmax=165 vacc=2737 vrej=0 seq=0 elapsed=0 oled=3C
[   7000] STATUS mode=3 fault=none enc=-296 denc=2 sreq=250 sapplied=250 crate=250 uimp=-159205 upos=795 uneg=3860 ball=5.09 vball=185.46 aball=489.0 bref=0.00 pid=250.0 pref=37.7 ppos=-224.4 apid=0.0 integ=-0.0 vision=1 current=1 vframe=2745 vs=1 vage=15 vpage=15 vdt=33 vmax=165 vacc=2738 vrej=0 seq=0 elapsed=0 oled=3C
[   7032] STATUS mode=3 fault=none enc=-283 denc=2 sreq=250 sapplied=250 crate=250 uimp=-149205 upos=835 uneg=3860 ball=13.05 vball=202.13 aball=489.0 bref=0.00 pid=250.0 pref=37.7 ppos=-214.4 apid=0.0 integ=-0.0 vision=1 current=1 vframe=2746 vs=1 vage=22 vpage=22 vdt=33 vmax=165 vacc=2739 vrej=0 seq=0 elapsed=0 oled=3C
[   7032] >>> stop
[   7047] STATUS mode=3 fault=none enc=-277 denc=1 sreq=250 sapplied=250 crate=250 uimp=-144205 upos=855 uneg=3860 ball=21.72 vball=217.97 aball=489.0 bref=0.00 pid=250.0 pref=37.7 ppos=-209.4 apid=0.0 integ=-0.0 vision=1 current=1 vframe=2747 vs=1 vage=8 vpage=8 vdt=34 vmax=165 vacc=2740 vrej=0 seq=0 elapsed=0 oled=3C
[   7079] STATUS mode=1 fault=none enc=-273 denc=-1 sreq=0 sapplied=0 crate=0 uimp=-140455 upos=870 uneg=3860 ball=21.72 vball=217.97 aball=0.0 bref=0.00 pid=0.0 pref=-205.6 ppos=-205.6 apid=0.0 integ=0.0 vision=1 current=1 vframe=2747 vs=1 vage=28 vpage=28 vdt=34 vmax=165 vacc=2740 vrej=0 seq=0 elapsed=0 oled=3C
[   7110] STATUS mode=1 fault=none enc=-275 denc=0 sreq=0 sapplied=0 crate=0 uimp=-140455 upos=870 uneg=3860 ball=30.85 vball=235.25 aball=0.0 bref=0.00 pid=0.0 pref=-205.6 ppos=-205.6 apid=0.0 integ=0.0 vision=1 current=0 vframe=2749 vs=0 vage=32 vpage=3 vdt=36 vmax=165 vacc=2741 vrej=0 seq=0 elapsed=0 oled=3C
[   7141] STATUS mode=1 fault=none enc=-275 denc=0 sreq=0 sapplied=0 crate=0 uimp=-140455 upos=870 uneg=3860 ball=30.85 vball=235.25 aball=0.0 bref=0.00 pid=0.0 pref=-205.6 ppos=-205.6 apid=0.0 integ=0.0 vision=1 current=0 vframe=2749 vs=0 vage=52 vpage=23 vdt=36 vmax=165 vacc=2741 vrej=0 seq=0 elapsed=0 oled=3C
[   7157] STATUS mode=1 fault=none enc=-275 denc=0 sreq=0 sapplied=0 crate=0 uimp=-140455 upos=870 uneg=3860 ball=45.13 vball=223.65 aball=0.0 bref=0.00 pid=0.0 pref=-205.6 ppos=-205.6 apid=0.0 integ=0.0 vision=1 current=1 vframe=2750 vs=1 vage=7 vpage=7 vdt=65 vmax=165 vacc=2742 vrej=0 seq=0 elapsed=0 oled=3C
[   7188] STATUS mode=1 fault=none enc=-275 denc=0 sreq=0 sapplied=0 crate=0 uimp=-140455 upos=870 uneg=3860 ball=59.75 vball=287.78 aball=0.0 bref=0.00 pid=0.0 pref=-205.6 ppos=-205.6 apid=0.0 integ=0.0 vision=1 current=1 vframe=2751 vs=1 vage=15 vpage=15 vdt=32 vmax=165 vacc=2743 vrej=0 seq=0 elapsed=0 oled=3C
[   7219] STATUS mode=1 fault=none enc=-275 denc=0 sreq=0 sapplied=0 crate=0 uimp=-140455 upos=870 uneg=3860 ball=71.43 vball=307.16 aball=0.0 bref=0.00 pid=0.0 pref=-205.6 ppos=-205.6 apid=0.0 integ=0.0 vision=1 current=1 vframe=2752 vs=1 vage=2 vpage=2 vdt=33 vmax=165 vacc=2744 vrej=0 seq=0 elapsed=0 oled=3C
[   7235] STATUS mode=1 fault=none enc=-275 denc=0 sreq=0 sapplied=0 crate=0 uimp=-140455 upos=870 uneg=3860 ball=71.43 vball=307.16 aball=0.0 bref=0.00 pid=0.0 pref=-205.6 ppos=-205.6 apid=0.0 integ=0.0 vision=1 current=1 vframe=2752 vs=1 vage=22 vpage=22 vdt=33 vmax=165 vacc=2744 vrej=0 seq=0 elapsed=0 oled=3C
[   7266] STATUS mode=1 fault=none enc=-276 denc=-1 sreq=0 sapplied=0 crate=0 uimp=-140455 upos=870 uneg=3860 ball=82.98 vball=316.73 aball=0.0 bref=0.00 pid=0.0 pref=-205.6 ppos=-205.6 apid=0.0 integ=0.0 vision=1 current=1 vframe=2753 vs=1 vage=29 vpage=29 vdt=33 vmax=165 vacc=2745 vrej=0 seq=0 elapsed=0 oled=3C
[   7297] STATUS mode=1 fault=none enc=-275 denc=0 sreq=0 sapplied=0 crate=0 uimp=-140455 upos=870 uneg=3860 ball=94.37 vball=325.03 aball=0.0 bref=0.00 pid=0.0 pref=-205.6 ppos=-205.6 apid=0.0 integ=0.0 vision=1 current=1 vframe=2754 vs=1 vage=14 vpage=14 vdt=35 vmax=165 vacc=2746 vrej=0 seq=0 elapsed=0 oled=3C
[   7297] >>> stream off
[   7313] STATUS mode=1 fault=none enc=-275 denc=0 sreq=0 sapplied=0 crate=0 uimp=-140455 upos=870 uneg=3860 ball=94.37 vball=325.03 aball=0.0 bref=0.00 pid=0.0 pref=-205.6 ppos=-205.6 apid=0.0 integ=0.0 vision=1 current=1 vframe=2754 vs=1 vage=34 vpage=34 vdt=35 vmax=165 vacc=2746 vrej=0 seq=0 elapsed=0 oled=3C
[   7313] OK stream off
[   7469] RESULT motion_limit
