[      0] >>> bench on
[      0] OK stepper visual-only bench active; command pose preserved
[    172] >>> stream on 20
[    188] OK stream on 20 ms
[    219] STATUS mode=1 fault=none enc=231 denc=0 sreq=0 sapplied=0 crate=0 uimp=0 upos=0 uneg=0 ball=-129.49 vball=-0.11 aball=0.0 bref=0.00 pid=0.0 pref=185.6 ppos=185.6 apid=0.0 integ=0.0 vision=0 current=0 vframe=6993 vs=0 vage=22920 vpage=31 vdt=33 vmax=501 vacc=6333 vrej=0 seq=0 elapsed=0 oled=3C
[    250] STATUS mode=1 fault=none enc=231 denc=0 sreq=0 sapplied=0 crate=0 uimp=0 upos=0 uneg=0 ball=-129.49 vball=-0.11 aball=0.0 bref=0.00 pid=0.0 pref=185.6 ppos=185.6 apid=0.0 integ=0.0 vision=0 current=0 vframe=6994 vs=0 vage=22940 vpage=19 vdt=33 vmax=501 vacc=6333 vrej=0 seq=0 elapsed=0 oled=3C
[    281] STATUS mode=1 fault=none enc=231 denc=0 sreq=0 sapplied=0 crate=0 uimp=0 upos=0 uneg=0 ball=-129.49 vball=-0.11 aball=0.0 bref=0.00 pid=0.0 pref=185.6 ppos=185.6 apid=0.0 integ=0.0 vision=0 current=0 vframe=6995 vs=0 vage=22960 vpage=5 vdt=33 vmax=501 vacc=6333 vrej=0 seq=0 elapsed=0 oled=3C
[    297] STATUS mode=1 fault=none enc=231 denc=0 sreq=0 sapplied=0 crate=0 uimp=0 upos=0 uneg=0 ball=-129.49 vball=-0.11 aball=0.0 bref=0.00 pid=0.0 pref=185.6 ppos=185.6 apid=0.0 integ=0.0 vision=0 current=0 vframe=6995 vs=0 vage=22980 vpage=25 vdt=33 vmax=501 vacc=6333 vrej=0 seq=0 elapsed=0 oled=3C
[    328] STATUS mode=1 fault=none enc=231 denc=0 sreq=0 sapplied=0 crate=0 uimp=0 upos=0 uneg=0 ball=-129.49 vball=-0.11 aball=0.0 bref=0.00 pid=0.0 pref=185.6 ppos=185.6 apid=0.0 integ=0.0 vision=0 current=0 vframe=69
[    328] 96 vs=0 vage=23020 vpage=32 vdt=33 vmax=501 vacc=6333 vrej=0 seq=0 elapsed=0 oled=3C
[    358] STATUS mode=1 fault=none enc=231 denc=0 sreq=0 sapplied=0 crate=0 uimp=0 upos=0 uneg=0 ball=-129.49 vball=-0.11 aball=0.0 bref=0.00 pid=0.0 pref=185.6 ppos=185.6 apid=0.0 integ=0.0 vision=0 current=0 vframe=6997 vs=0 vage=23040 vpage=19 vdt=33 vmax=501 vacc=6333 vrej=0 seq=0 elapsed=0 oled=3C
[    375] STATUS mode=1 fault=none enc=231 denc=0 sreq=0 sapplied=0 crate=0 uimp=0 upos=0 uneg=0 ball=-129.49 vball=-0.11 aball=0.0 bref=0.00 pid=0.0 pref=185.6 ppos=185.6 apid=0.0 integ=0.0 vision=0 current=0 vframe=6998 vs=0 vage=23060 vpage=6 vdt=33 vmax=501 vacc=6333 vrej=0 seq=0 elapsed=0 oled=3C
[    406] STATUS mode=1 fault=none enc=231 denc=0 sreq=0 sapplied=0 crate=0 uimp=0 upos=0 uneg=0 ball=-129.49 vball=-0.11 aball=0.0 bref=0.00 pid=0.0 pref=185.6 ppos=185.6 apid=0.0 integ=0.0 vision=0 current=0 vframe=6998 vs=0 vage=23080 vpage=26 vdt=33 vmax=501 vacc=6333 vrej=0 seq=0 elapsed=0 oled=3C
[    438] STATUS mode=1 fault=none enc=231 denc=0 sreq=0 sapplied=0 crate=0 uimp=0 upos=0 uneg=0 ball=-129.49 vball=-0.11 aball=0.0 bref=0.00 pid=0.0 pref=185.6 ppos=185.6 apid=0.0 integ=0.0 vision=0 current=0 vframe=6999 vs=0 vage=23120 vpage=32 vdt=33 vmax=501 vacc=6333 vrej=0 seq=0 elapsed=0 oled=3C
[    453] STATUS mode=1 fault=none enc=231 denc=0 sreq=0 sapplied=0 crate=0 uimp=0 upos=0 uneg=0 ball=-129.49 vball=-0.11 aball=0.0 bref=0.00 pid=0.0 pref=185.6 ppos=185.6 apid=0.0 integ=0.0 vision=0 current=0 vframe=7000 vs=0 vage=23140 vpage=19 vdt=33 vmax=501 vacc=6333 vrej=0 seq=0 elapsed=0 oled=3C
[    483] STATUS mode=1 fault=none enc=231 denc=0 sreq=0 sapplied=0 crate=0 uimp=0 upos=0 uneg=0 ball=-129.49 vball=-0.11 aball=0.0 bref=0.00 pid=0.0 pref=185.6 ppos=185.6 apid=0.0 integ=0.0 vision=0 current=0 vframe=7001 vs=0 vage=23160 vpage=6 vdt=33 vmax=501 vacc=6333 vrej=0 seq=0 elapsed=0 oled=3C
[    500] STATUS mode=1 fault=none enc=231 denc=0 sreq=0 sapplied=0 crate=0 uimp=0 upos=0 uneg=0 ball=-129.49 vball=-0.11 aball=0.0 bref=0.00 pid=0.0 pref=185.6 ppos=185.6 apid=0.0 integ=0.0 vision=0 current=0 vframe=7002 vs=0 vage=23200 vpage=12 vdt=33 vmax=501 vacc=6333 vrej=0 seq=0 elapsed=0 oled=3C
[    531] STATUS mode=1 fault=none enc=231 denc=0 sreq=0 sapplied=0 crate=0 uimp=0 upos=0 uneg=0 ball=-129.49 vball=-0.11 aball=0.0 bref=0.00 pid=0.0 pref=185.6 ppos=185.6 apid=0.0 integ=0.0 vision=0 current=0 vframe=7002 vs=0 vage=23220 vpage=32 vdt=33 vmax=501 vacc=6333 vrej=0 seq=0 elapsed=0 oled=3C
[    563] STATUS mode=1 fault=none enc=231 denc=0 sreq=0 sapplied=0 crate=0 uimp=0 upos=0 uneg=0 ball=-129.49 vball=-0.11 aball=0.0 bref=0.00 pid=0.0 pref=185.6 ppos=185.6 apid=0.0 integ=0.0 vision=0 current=0 vframe=7003 vs=0 vage=23240 vpage=19 vdt=33 vmax=501 vacc=6333 vrej=0 seq=0 elapsed=0 oled=3C
[    578] STATUS mode=1 fault=none enc=231 denc=0 sreq=0 sapplied=0 crate=0 uimp=0 upos=0 uneg=0 ball=-129.49 vball=-0.11 aball=0.0 bref=0.00 pid=0.0 pref=185.6 ppos=185.6 apid=0.0 integ=0.0 vision=0 current=0 vframe=7004 vs=0 vage=23260 vpage=6 vdt=33 vmax=501 vacc=6333 vrej=0 seq=0 elapsed=0 oled=3C
[    608] STATUS mode=1 fault=none enc=231 denc=0 sreq=0 sapplied=0 crate=0 uimp=0 upos=0 uneg=0 ball=-129.49 vball=-0.11 aball=0.0 bref=0.00 pid=0.0 pref=185.6 ppos=185.6 apid=0.0 integ=0.0 vision=0 current=0 vframe=7005 vs=0 vage=23300 vpage=12 vdt=33 vmax=501 vacc=6333 vrej=0 seq=0 elapsed=0 oled=3C
[    641] STATUS mode=1 fault=none enc=231 denc=0 sreq=0 sapplied=0 crate=0 uimp=0 upos=0 uneg=0 ball=-129.49 vball=-0.11 aball=0.0 bref=0.00 pid=0.0 pref=185.6 ppos=185.6 apid=0.0 integ=0.0 vision=0 current=0 vframe=7005 vs=0 vage=23320 vpage=32 vdt=33 vmax=501 vacc=6333 vrej=0 seq=0 elapsed=0 oled=3C
[    656] STATUS mode=1 fault=none enc=231 denc=0 sreq=0 sapplied=0 crate=0 uimp=0 upos=0 uneg=0 ball=-129.49 vball=-0.11 aball=0.0 bref=0.00 pid=0.0 pref=185.6 ppos=185.6 apid=0.0 integ=0.0 vision=0 current=0 vframe=7006 vs=0 vage=23340 vpage=18 vdt=33 vmax=501 vacc=6333 vrej=0 seq=0 elapsed=0 oled=3C
[    688] STATUS mode=1 fault=none enc=231 denc=0 sreq=0 sapplied=0 crate=0 uimp=0 upos=0 uneg=0 ball=-129.49 vball=-0.11 aball=0.0 bref=0.00 pid=0.0 pref=185.6 ppos=185.6 apid=0.0 integ=0.0 vision=0 current=0 vframe=7007 vs=0 vage=23380 vpage=27 vdt=33 vmax=501 vacc=6333 vrej=0 seq=0 elapsed=0 oled=3C
[    719] STATUS mode=1 fault=none enc=231 denc=0 sreq=0 sapplied=0 crate=0 uimp=0 upos=0 uneg=0 ball=-129.49 vball=-0.11 aball=0.0 bref=0.00 pid=0.0 pref=185.6 ppos=185.6 apid=0.0 integ=0.0 vision=0 current=0 vframe=7008 vs=0 vage=23400 vpage=13 vdt=33 vmax=501 vacc=6333 vrej=0 seq=0 elapsed=0 oled=3C
[    733] STATUS mode=1 fault=none enc=231 denc=0 sreq=0 sapplied=0 crate=0 uimp=0 upos=0 uneg=0 ball=-129.49 vball=-0.11 aball=0.0 bref=0.00 pid=0.0 pref=185.6 ppos=185.6 apid=0.0 integ=0.0 vision=0 current=0 vframe=7008 vs=0 vage=23420 vpage=33 vdt=33 vmax=501 vacc=6333 vrej=0 seq=0 elapsed=0 oled=3C
[    766] STATUS mode=1 fault=none enc=231 denc=0 sreq=0 sapplied=0 crate=0 uimp=0 upos=0 uneg=0 ball=-129.49 vball=-0.11 aball=0.0 bref=0.00 pid=0.0 pref=185.6 ppos=185.6 apid=0.0 integ=0.0 vision=0 current=0 vframe=7009 vs=0 vage=23440 vpage=20 vdt=33 vmax=501 vacc=6333 vrej=0 seq=0 elapsed=0 oled=3C
[    781] STATUS mode=1 fault=none enc=231 denc=0 sreq=0 sapplied=0 crate=0 uimp=0 upos=0 uneg=0 ball=-129.49 vball=-0.11 aball=0.0 bref=0.00 pid=0.0 pref=185.6 ppos=185.6 apid=0.0 integ=0.0 vision=0 current=0 vframe=7010 vs=0 vage=23480 vpage=27 vdt=33 vmax=501 vacc=6333 vrej=0 seq=0 elapsed=0 oled=3C
[    813] STATUS mode=1 fault=none enc=231 denc=0 sreq=0 sapplied=0 crate=0 uimp=0 upos=0 uneg=0 ball=-129.49 vball=-0.11 aball=0.0 bref=0.00 pid=0.0 pref=185.6 ppos=185.6 apid=0.0 integ=0.0 vision=0 current=0 vframe=7011 vs=0 vage=23500 vpage=14 vdt=33 vmax=501 vacc=6333 vrej=0 seq=0 elapsed=0 oled=3C
[    844] STATUS mode=1 fault=none enc=231 denc=0 sreq=0 sapplied=0 crate=0 uimp=0 upos=0 uneg=0 ball=-129.49 vball=-0.11 aball=0.0 bref=0.00 pid=0.0 pref=185.6 ppos=185.6 apid=0.0 integ=0.0 vision=0 current=0 vframe=7011 vs=0 vage=23520 vpage=34 vdt=33 vmax=501 vacc=6333 vrej=0 seq=0 elapsed=0 oled=3C
[    858] STATUS mode=1 fault=none enc=231 denc=0 sreq=0 sapplied=0 crate=0 uimp=0 upos=0 uneg=0 ball=-129.49 vball=-0.11 aball=0.0 bref=0.00 pid=0.0 pref=185.6 ppos=185.6 apid=0.0 integ=0.0 vision=0 current=0 vframe=7013 vs=0 vage=23560 vpage=6 vdt=33 vmax=501 vacc=6333 vrej=0 seq=0 elapsed=0 oled=3C
[    891] STATUS mode=1 fault=none enc=231 denc=0 sreq=0 sapplied=0 crate=0 uimp=0 upos=0 uneg=0 ball=-129.49 vball=-0.11 aball=0.0 bref=0.00 pid=0.0 pref=185.6 ppos=185.6 apid=0.0 integ=0.0 vision=0 current=0 vframe=7013 vs=0 vage=23580 vpage=26 vdt=33 vmax=501 vacc=6333 vrej=0 seq=0 elapsed=0 oled=3C
[    922] STATUS mode=1 fault=none enc=231 denc=0 sreq=0 sapplied=0 crate=0 uimp=0 upos=0 uneg=0 ball=-129.49 vball=-0.11 aball=0.0 bref=0.00 pid=0.0 pref=185.6 ppos=185.6 apid=0.0 integ=0.0 vision=0 current=0 vframe=7014 vs=0 vage=23600 vpage=13 vdt=33 vmax=501 vacc=6333 vrej=0 seq=0 elapsed=0 oled=3C
[    938] STATUS mode=1 fault=none enc=231 denc=0 sreq=0 sapplied=0 crate=0 uimp=0 upos=0 uneg=0 ball=-129.49 vball=-0.11 aball=0.0 bref=0.00 pid=0.0 pref=185.6 ppos=185.6 apid=0.0 integ=0.0 vision=0 current=0 vframe=7014 vs=0 vage=23620 vpage=33 vdt=33 vmax=501 vacc=6333 vrej=0 seq=0 elapsed=0 oled=3C
[    969] STATUS mode=1 fault=none enc=231 denc=0 sreq=0 sapplied=0 crate=0 uimp=0 upos=0 uneg=0 ball=-129.49 vball=-0.11 aball=0.0 bref=0.00 pid=0.0 pref=185.6 ppos=185.6 apid=0.0 integ=0.0 vision=0 current=0 vframe=7016 vs=0 vage=23660 vpage=6 vdt=33 vmax=501 vacc=6333 vrej=0 seq=0 elapsed=0 oled=3C
[   1000] STATUS mode=1 fault=none enc=231 denc=0 sreq=0 sapplied=0 crate=0 uimp=0 upos=0 uneg=0 ball=-129.49 vball=-0.11 aball=0.0 bref=0.00 pid=0.0 pref=185.6 ppos=185.6 apid=0.0 integ=0.0 vision=0 current=0 vframe=7016 vs=0 vage=23680 vpage=26 vdt=33 vmax=501 vacc=6333 vrej=0 seq=0 elapsed=0 oled=3C
[   1016] STATUS mode=1 fault=none enc=231 denc=0 sreq=0 sapplied=0 crate=0 uimp=0 upos=0 uneg=0 ball=-129.49 vball=-0.11 aball=0.0 bref=0.00 pid=0.0 pref=185.6 ppos=185.6 apid=0.0 integ=0.0 vision=0 current=0 vframe=7017 vs=0 vage=23700 vpage=14 vdt=33 vmax=501 vacc=6333 vrej=0 seq=0 elapsed=0 oled=3C
[   1047] STATUS mode=1 fault=none enc=231 denc=0 sreq=0 sapplied=0 crate=0 uimp=0 upos=0 uneg=0 ball=-129.49 vball=-0.11 aball=0.0 bref=0.00 pid=0.0 pref=185.6 ppos=185.6 apid=0.0 integ=0.0 vision=0 current=0 vframe=7017 vs=0 vage=23720 vpage=34 vdt=33 vmax=501 vacc=6333 vrej=0 seq=0 elapsed=0 oled=3C
[   1063] STATUS mode=1 fault=none enc=231 denc=0 sreq=0 sapplied=0 crate=0 uimp=0 upos=0 uneg=0 ball=-129.49 vball=-0.11 aball=0.0 bref=0.00 pid=0.0 pref=185.6 ppos=185.6 apid=0.0 integ=0.0 vision=0 current=0 vframe=7019 vs=0 vage=23760 vpage=6 vdt=33 vmax=501 vacc=6333 vrej=0 seq=0 elapsed=0 oled=3C
[   1094] STATUS mode=1 fault=none enc=231 denc=0 sreq=0 sapplied=0 crate=0 uimp=0 upos=0 uneg=0 ball=-129.49 vball=-0.11 aball=0.0 bref=0.00 pid=0.0 pref=185.6 ppos=185.6 apid=0.0 integ=0.0 vision=0 current=0 vframe=7019 vs=0 vage=23780 vpage=26 vdt=33 vmax=501 vacc=6333 vrej=0 seq=0 elapsed=0 oled=3C
[   1125] STATUS mode=1 fault=none enc=231 denc=0 sreq=0 sapplied=0 crate=0 uimp=0 upos=0 uneg=0 ball=-129.49 vball=-0.11 aball=0.0 bref=0.00 pid=0.0 pref=185.6 ppos=185.6 apid=0.0 integ=0.0 vision=0 current=0 vframe=7020 vs=0 vage=23800 vpage=13 vdt=33 vmax=501 vacc=6333 vrej=0 seq=0 elapsed=0 oled=3C
[   1141] STATUS mode=1 fault=none enc=231 denc=0 sreq=0 sapplied=0 crate=0 uimp=0 upos=0 uneg=0 ball=-129.49 vball=-0.11 aball=0.0 bref=0.00 pi
[   1141] >>> stream off
[   1141] d=0.0 pref=185.6 ppos=185.6 apid=0.0 integ=0.0 vision=0 current=0 vframe=7021 vs=0 vage=23840 vpage=20 vdt=33 vmax=501 vacc=6333 vrej=0 seq=0 elapsed=0 oled=3C
[   1156] OK stream off
