[      0] >>> bench on
[      0] OK stepper visual-only bench active; use zero before tests
[    125] >>> stream on 50
[    125] OK stream on 50 ms
[    188] STATUS mode=1 fault=none enc=134 denc=0 sreq=0 sapplied=0 crate=0 uimp=0 upos=0 uneg=0 ball=-125.00 vball=-0.00 aball=0.0 bref=0.00 pid=0.0 apid=0.0 integ=0.0 vision=1 current=1 vframe=1461 vs=1 vage=2 vpage=2 vdt=98 vmax=599 vacc=1449 vrej=0 seq=0 elapsed=0 oled=3C
[    235] STATUS mode=1 fault=none enc=134 denc=0 sreq=0 sapplied=0 crate=0
[    250]  uimp=0 upos=0 uneg=0 ball=-125.00 vball=-0.00 aball=0.0 bref=0.00 pid=0.0 apid=0.0 integ=0.0 vision=1 current=1 vframe=1462 vs=1 vage=24 vpage=24 vdt=28 vmax=599 vacc=1450 vrej=0 seq=0 elapsed=0 oled=3C
[    297] STATUS mode=1 fault=none enc=134 denc=0 sreq=0 sapplied=0 crate=0 uimp=0 upos=0 uneg=0 ball=-125.00 vball=-0.00 aball=0.0 bref=0.00 pid=0.0 apid=0.0 integ=0.0 vision=1 current=1 vframe=1463 vs=1 vage=45 vpage=45 vdt=29 vmax=599 vacc=1451 vrej=0 seq=0 elapsed=0 oled=3C
[    344] STATUS mode=1 fault=none enc=134 denc=0 sreq=0 sapplied=0 crate=0 uimp=0 upos=0 uneg=0 ball=-125.00 vball=-0.00 aball=0.0 bref=0.00 pid=0.0 apid=0.0 integ=0.0 vision=1 current=1 vframe=1463 vs=1 vage=95 vpage=95 vdt=29 vmax=599 vacc=1451 vrej=0 seq=0 elapsed=0 oled=3C
[    391] STATUS mode=1 fault=none enc=134 denc=0 sreq=0 sapplied=0 crate=0 uimp=0 upos=0 uneg=0 ball=-125.00 vball=-0.00 aball=0.0 bref=0.00 pid=0.0 apid=0.0 integ=0.0 vision=1 current=1 vframe=1465 vs=1 vage=16 vpage=16 vdt=32 vmax=599 vacc=1453 vrej=0 seq=0 elapsed=0 oled=3C
[    438] STATUS mode=1 fault=none enc=134 denc=0 sreq=0 sapplied=0 crate=0 uimp=0 upos=0 uneg=0 ball=-125.00 vball=-0.00 aball=0.0 bref=0.00 pid=0.0 apid=0.0 integ=0.0 vision=1 current=1 vframe=1466 vs=1 vage=32 vpage=32 vdt=34 vmax=599 vacc=1454 vrej=0 seq=0 elapsed=0 oled=3C
[    500] STATUS mode=1 fault=none enc=134 denc=0 sreq=0 sapplied=0 crate=0 uimp=0 upos=0 uneg=0 ball=-125.00 vball=-0.00 aball=0.0 bref=0.00 pid=0.0 apid=0.0 integ=0.0 vision=1 current=1 vframe=1466 vs=1 vage=82 vpage=82 vdt=34 vmax=599 vacc=1454 vrej=0 seq=0 elapsed=0 oled=3C
[    547] STATUS mode=1 fault=none enc=134 denc=0 sreq=0 sapplied=0 crate=0 uimp=0 upos=0 uneg=0 ball=-125.00 vball=-0.00 aball=0.0 bref=0.00 pid=0.0 apid=0.0 integ=0.0 vision=1 current=1 vframe=1467 vs=1 vage=32 vpage=32 vdt=100 vmax=599 vacc=1455 vrej=0 seq=0 elapsed=0 oled=3C
[    594] STATUS mode=1 fault=none enc=134 denc=0 sreq=0 sapplied=0 crate=0 uimp=0 upos=0 uneg=0 ball=-125.00 vball=-0.00 aball=0.0 bref=0.00 pid=0.0 apid=0.0 integ=0.0 vision=1 current=1 vframe=1469 vs=1 vage=15 vpage=15 vdt=34 vmax=599 vacc=1457 vrej=0 seq=0 elapsed=0 oled=3C
[    641] STATUS mode=1 fault=none enc=134 denc=0 sreq=0 sapplied=0 crate=0 uimp=0 upos=0 uneg=0 ball=-125.00 vball=-0.00 aball=0.0 bref=0.00 pid=0.0 apid=0.0 integ=0.0 vision=1 current=1 vframe=1469 vs=1 vage=65 vpage=65 vdt=34 vmax=599 vacc=1457 vrej=0 seq=0 elapsed=0 oled=3C
[    688] STATUS mode=1 fault=none enc=134 denc=0 sreq=0 sapplied=0 crate=0 uimp=0 upos=0 uneg=0 ball=-125.00 vball=-0.00 aball=0.0 bref=0.00 pid=0.0 apid=0.0 integ=0.0 vision=1 current=1 vframe=1470 vs=1 vage=16 vpage=16 vdt=99 vmax=599 vacc=1458 vrej=0 seq=0 elapsed=0 oled=3C
[    750] STATUS mode=1 fault=none enc=134 denc=0 sreq=0 sapplied=0 crate=0 uimp=0 upos=0 uneg=0 ball=-125.00 vball=-0.00 aball=0.0 bref=0.00 pid=0.0 apid=0.0 integ=0.0 vision=1 current=1 vframe=1471 vs=1 vage=32 vpage=32 vdt=34 vmax=599 vacc=1459 vrej=0 seq=0 elapsed=0 oled=3C
[    797] STATUS mode=1 fault=none enc=134 denc=0 sreq=0 sapplied=0 crate=0 uimp=0 upos=0 uneg=0 ball=-125.00 vball=-0.00 aball=0.0 bref=0.00 pid=0.0 apid=0.0 integ=0.0 vision=1 current=1 vframe=1472 vs=1 vage=49 vpage=49 vdt=33 vmax=599 vacc=1460 vrej=0 seq=0 elapsed=0 oled=3C
[    844] STATUS mode=1 fault=none enc=134 denc=0 sreq=0 sapplied=0 crate=0 uimp=0 upos=0 uneg=0 ball=-125.00 vball=-0.00 aball=0.0 bref=0.00 pid=0.0 apid=0.0 integ=0.0 vision=1 current=1 vframe=1472 vs=1 vage=99 vpage=99 vdt=33 vmax=599 vacc=1460 vrej=0 seq=0 elapsed=0 oled=3C
[    891] STATUS mode=1 fault=none enc=134 denc=0 sreq=0 sapplied=0 crate=0 uimp=0 upos=0 uneg=0 ball=-125.00 vball=-0.00 aball=0.0 bref=0.00 pid=0.0 apid=0.0 integ=0.0 vision=1 current=1 vframe=1474 vs=1 vage=16 vpage=16 vdt=25 vmax=599 vacc=1462 vrej=0 seq=0 elapsed=0 oled=3C
[    938] STATUS mode=1 fault=none enc=134 denc=0 sreq=0 sapplied=0 crate=0 uimp=0 upos=0 uneg=0 ball=-125.00 vball=-0.00 aball=0.0 bref=0.00 pid=0.0 apid=0.0 integ=0.0 vision=1 current=1 vframe=1475 vs=1 vage=32 vpage=32 vdt=34 vmax=599 vacc=1463 vrej=0 seq=0 elapsed=0 oled=3C
[   1000] STATUS mode=1 fault=none enc=134 denc=0 sreq=0 sapplied=0 crate=0 uimp=0 upos=0 uneg=0 ball=-125.00 vball=-0.00 aball=0.0 bref=0.00 pid=0.0 apid=0.0 integ=0.0 vision=1 current=1 vframe=1475 vs=1 vage=82 vpage=82 vdt=34 vmax=599 vacc=1463 vrej=0 seq=0 elapsed=0 oled=3C
[   1047] STATUS mode=1 fault=none enc=134 denc=0 sreq=0 sapplied=0 crate=0 uimp=0 upos=0 uneg=0 ball=-125.00 vball=-0.00 aball=0.0 bref=0.00 pid=0.0 apid=0.0 integ=0.0 vision=1 current=1 vframe=1476 vs=1 vage=29 vpage=29 vdt=103 vmax=599 vacc=1464 vrej=0 seq=0 elapsed=0 oled=3C
[   1094] STATUS mode=1 fault=none enc=134 denc=0 sreq=0 sapplied=0 crate=0 uimp=0 upos=0 uneg=0 ball=-125.00 vball=-0.00 aball=0.0 bref=0.00 pid=0.0 apid=0.0 integ=0.0 vision=1 current=1 vframe=1478 vs=1 vage=16 vpage=16 vdt=34 vmax=599 vacc=1466 vrej=0 seq=0 elapsed=0 oled=3C
[   1141] STATUS mode=1 fault=none enc=134 denc=0 sreq=0 sapplied=0 crate=0 uimp=0 upos=0 uneg=0 ball=-125.00 vball=-0.00 aball=0.0 bref=0.00 pid=0.0 apid=0.0 integ=0.0 vision=1 current=1 vframe=1478 vs=1 vage=66 vpage=66 vdt=34 vmax=599 vacc=1466 vrej=0 seq=0 elapsed=0 oled=3C
[   1188] STATUS mode=1 fault=none enc=134 denc=0 sreq=0 sapplied=0 crate=0 uimp=0 upos=0 uneg=0 ball=-125.00 vball=-0.00 aball=0.0 bref=0.00 pid=0.0 apid=0.0 integ=0.0 vision=1 current=1 vframe=1479 vs=1 vage=15 vpage=15 vdt=101 vmax=599 vacc=1467 vrej=0 seq=0 elapsed=0 oled=3C
[   1250] STATUS mode=1 fault=none enc=134 denc=0 sreq=0 sapplied=0 crate=0 uimp=0 upos=0 uneg=0 ball=-125.00 vball=-0.00 aball=0.0 bref=0.00 pid=0.0 apid=0.0 integ=0.0 vision=1 current=1 vframe=1480 vs=1 vage=33 vpage=33 vdt=32 vmax=599 vacc=1468 vrej=0 seq=0 elapsed=0 oled=3C
[   1297] STATUS mode=1 fault=none enc=134 denc=0 sreq=0 sapplied=0 crate=0 uimp=0 upos=0 uneg=0 ball=-125.00 vball=-0.00 aball=0.0 bref=0.00 pid=0.0 apid=0.0 integ=0.0 vision=1 current=1 vframe=1481 vs=1 vage=50 vpage=50 vdt=33 vmax=599 vacc=1469 vrej=0 seq=0 elapsed=0 oled=3C
[   1344] STATUS mode=1 fault=none enc=134 denc=0 sreq=0 sapplied=0 crate=0 uimp=0 upos=0 uneg=0 ball=-125.00 vball=-0.00 aball=0.0 bref=0.00 pid=0.0 apid=0.0 integ=0.0 vision=1 current=1 vframe=1481 vs=1 vage=100 vpage=100 vdt=33 vmax=599 vacc=1469 vrej=0 seq=0 elapsed=0 oled=3C
[   1391] STATUS mode=1 fault=none enc=134 denc=0 sreq=0 sapplied=0 crate=0 uimp=0 upos=0 uneg=0 ball=-125.00 vball=-0.00 aball=0.0 bref=0.00 pid=0.0 apid=0.0 integ=0.0 vision=1 current=1 vframe=1483 vs=1 vage=17 vpage=17 vdt=33 vmax=599 vacc=1471 vrej=0 seq=0 elapsed=0 oled=3C
[   1438] STATUS mode=1 fault=none enc=134 denc=0 sreq=0 sapplied=0 crate=0 uimp=0 upos=0 uneg=0 ball=-125.00 vball=-0.00 aball=0.0 bref=0.00 pid=0.0 apid=0.0 integ=0.0 vision=1 current=1 vframe=1484 vs=1 vage=33 vpage=33 vdt=34 vmax=599 vacc=1472 vrej=0 seq=0 elapsed=0 oled=3C
[   1500] STATUS mode=1 fault=none enc=134 denc=0 sreq=0 sapplied=0 crate=0 uimp=0 upos=0 uneg=0 ball=-125.00 vball=-0.00 aball=0.0 bref=0.00 pid=0.0 apid=0.0 integ=0.0 vision=1 current=1 vframe=1484 vs=1 vage=83 vpage=83 vdt=34 vmax=599 vacc=1472 vrej=0 seq=0 elapsed=0 oled=3C
[   1547] STATUS mode=1 fault=none enc=134 denc=0 sreq=0 sapplied=0 crate=0 uimp=0 upos=0 uneg=0 ball=-125.00 vball=-0.00 aball=0.0 bref=0.00 pid=0.0 apid=0.0 integ=0.0 vision=1 current=1 vframe=1486 vs=1 vage=15 vpage=15 vdt=20 vmax=599 vacc=1474 vrej=0 seq=0 elapsed=0 oled=3C
[   1594] STATUS mode=1 fault=none enc=134 denc=0 sreq=0 sapplied=0 crate=0 uimp=0 upos=0 uneg=0 ball=-125.00 vball=-0.00 aball=0.0 bref=0.00 pid=0.0 apid=0.0 integ=0.0 vision=1 current=1 vframe=1487 vs=1 vage=33 vpage=33 vdt=32 vmax=599 vacc=1475 vrej=0 seq=0 elapsed=0 oled=3C
[   1641] STATUS mode=1 fault=none enc=134 denc=0 sreq=0 sapplied=0 crate=0 uimp=0 upos=0 uneg=0 ball=-125.00 vball=-0.00 aball=0.0 bref=0.00 pid=0.0 apid=0.0 integ=0.0 vision=1 current=1 vframe=1487 vs=1 vage=83 vpage=83 vdt=32 vmax=599 vacc=1475 vrej=0 seq=0 elapsed=0 oled=3C
[   1688] STATUS mode=1 fault=none enc=134 denc=0 sreq=0 sapplied=0 crate=0 uimp=0 upos=0 uneg=0 ball=-125.00 vball=-0.00 aball=0.0 bref=0.00 pid=0.0 apid=0.0 integ=0.0 vision=1 current=1 vframe=1488 vs=1 vage=30 vpage=30 vdt=103 vmax=599 vacc=1476 vrej=0 seq=0 elapsed=0 oled=3C
[   1735] STATUS mode=1 fault=none enc=134 denc=0 sreq=0 sapplied=0 cr
[   1735] >>> stream off
[   1750] ate=0 uimp=0 upos=0 uneg=0 ball=-125.00 vball=-0.00 aball=0.0 bref=0.00 pid=0.0 apid=0.0 integ=0.0 vision=1 current=1 vframe=1490 vs=1 vage=16 vpage=16 vdt=34 vmax=599 vacc=1478 vrej=0 seq=0 elapsed=0 oled=3C
[   1750] OK stream off
[   1875] >>> status
[   1891] STATUS mode=1 fault=none enc=134 denc=0 sreq=0 sapplied=0 crate=0 uimp=0 upos=0 uneg=0 ball=-125.00 vball=-0.00 aball=0.0 bref=0.00 pid=0.0 apid=0.0 integ=0.0 vision=1 current=1 vframe=1493 vs=1 vage=3 vpage=3 vdt=33 vmax=599 vacc=1481 vrej=0 seq=0 elapsed=0 oled=3C
