[      0] >>> bench on
[      0] OK stepper visual-only bench active; use zero before tests
[    125] >>> clear
[    125] OK fault cleared
[    250] >>> diag reset
[    250] OK actuator diagnostics reset
[    375] >>> gain ball 1.5 0 0.5 -1
[    391] OK ball gains kp=1.500 ki=0.000 kd=0.500 sign=-1
[    500] >>> gain accel 0
[    500] OK ball acceleration gain ka=0.000
[    625] >>> limit rate 30
[    625] OK ball rate limit=30 steps/s
[    750] >>> stream on 50
[    750] OK stream on 50 ms
[    827] STATUS mode=1 fault=none enc=-13 denc=0 sreq=0 sapplied=0 crate=0 uimp=0 upos=0 uneg=0 ball=86.86 vball=0.00 aball=0.0 bref=0.00 pid=0.0 apid=0.0 integ=0.0 vision=1 current=1 vframe=191 vs=1 vage=24 vpage=24 vdt=102 vmax=145 vacc=191 vrej=0 seq=0 elapsed=0 oled=3C
[    875] STATUS mode=1 fault=none enc=-13 denc=0 sreq=0 sapplied=0 crate=0 uimp=0 upos=0 uneg=0 ball=86.86 vball=-0.00 aball=0.0 bref=0.00 pid=0.0 apid=0.0 integ=0.0 vision=1 current=1 vframe=193
[    875]  vs=1 vage=10 vpage=10 vdt=31 vmax=145 vacc=193 vrej=0 seq=0 elapsed=0 oled=3C
[    922] STATUS mode=1 fault=none enc=-13 denc=0 sreq=0 sapplied=0 crate=0 uimp=0 upos=0 uneg=0 ball=86.86 vball=-0.00 aball=0.0 bref=0.00 pid=0.0 apid=0.0 integ=0.0 vision=1 current=1 vframe=193 vs=1 vage=60 vpage=60 vdt=31 vmax=145 vacc=193 vrej=0 seq=0 elapsed=0 oled=3C
[    968] STATUS mode=1 fault=none enc=-13 denc=0 sreq=0 sapplied=0 crate=0 uimp=0 upos=0 uneg=0 ball=86.86 vball=-0.00 aball=0.0 bref=0.00 pid=0.0 apid=0.0 integ=0.0 vision=1 current=1 vframe=194 vs=1 vage=9 vpage=9 vdt=101 vmax=145 vacc=194 vrej=0 seq=0 elapsed=0 oled=3C
[   1032] STATUS mode=1 fault=none enc=-13 denc=0 sreq=0 sapplied=0 crate=0 uimp=0 upos=0 uneg=0 ball=86.88 vball=0.41 aball=0.0 bref=0.00 pid=0.0 apid=0.0 integ=0.0 vision=1 current=1 vframe=195 vs=1 vage=26 vpage=26 vdt=33 vmax=145 vacc=195 vrej=0 seq=0 elapsed=0 oled=3C
[   1077] STATUS mode=1 fault=none enc=-13 denc=0 sreq=0 sapplied=0 crate=0 uimp=0 upos=0 uneg=0 ball=86.90 vball=0.37 aball=0.0 bref=0.00 pid=0.0 apid=0.0 integ=0.0 vision=1 current=1 vframe=196 vs=1 vage=43 vpage=43 vdt=33 vmax=145 vacc=196 vrej=0 seq=0 elapsed=0 oled=3C
[   1125] STATUS mode=1 fault=none enc=-13 denc=0 sreq=0 sapplied=0 crate=0 uimp=0 upos=0 uneg=0 ball=86.90 vball=0.37 aball=0.0 bref=0.00 pid=0.0 apid=0.0 integ=0.0 vision=1 current=1 vframe=196 vs=1 vage=93 vpage=93 vdt=33 vmax=145 vacc=196 vrej=0 seq=0 elapsed=0 oled=3C
[   1172] STATUS mode=1 fault=none enc=-13 denc=0 sreq=0 sapplied=0 crate=0 uimp=0 upos=0 uneg=0 ball=86.86 vball=-0.08 aball=0.0 bref=0.00 pid=0.0 apid=0.0 integ=0.0 vision=1 current=1 vframe=198 vs=1 vage=10 vpage=10 vdt=31 vmax=145 vacc=198 vrej=0 seq=0 elapsed=0 oled=3C
[   1218] STATUS mode=1 fault=none enc=-13 denc=0 sreq=0 sapplied=0 crate=0 uimp=0 upos=0 uneg=0 ball=86.86 vball=-0.04 aball=0.0 bref=0.00 pid=0.0 apid=0.0 integ=0.0 vision=1 current=1 vframe=199 vs=1 vage=27 vpage=27 vdt=33 vmax=145 vacc=199 vrej=0 seq=0 elapsed=0 oled=3C
[   1282] STATUS mode=1 fault=none enc=-13 denc=0 sreq=0 sapplied=0 crate=0 uimp=0 upos=0 uneg=0 ball=86.86 vball=-0.04 aball=0.0 bref=0.00 pid=0.0 apid=0.0 integ=0.0 vision=1 current=1 vframe=199 vs=1 vage=77 vpage=77 vdt=33 vmax=145 vacc=199 vrej=0 seq=0 elapsed=0 oled=3C
[   1327] STATUS mode=1 fault=none enc=-13 denc=0 sreq=0 sapplied=0 crate=0 uimp=0 upos=0 uneg=0 ball=86.86 vball=-0.02 aball=0.0 bref=0.00 pid=0.0 apid=0.0 integ=0.0 vision=1 current=1 vframe=200 vs=1 vage=25 vpage=25 vdt=102 vmax=145 vacc=200 vrej=0 seq=0 elapsed=0 oled=3C
[   1375] STATUS mode=1 fault=none enc=-13 denc=0 sreq=0 sapplied=0 crate=0 uimp=0 upos=0 uneg=0 ball=86.86 vball=0.00 aball=0.0 bref=0.00 pid=0.0 apid=0.0 integ=0.0 vision=1 current=1 vframe=202 vs=
[   1375] >>> ball 80
[   1375] 1 vage=10 vpage=10 vdt=33 vmax=145 vacc=202 vrej=0 seq=0 elapsed=0 oled=3C
[   1375] OK visual step-rate ball target=80.00 mm
[   1422] STATUS mode=3 fault=none enc=0 denc=-1 sreq=0 sapplied=0 crate=0 uimp=0 upos=0 uneg=0 ball=86.86 vball=0.00 aball=0.0 bref=80.00 pid=0.0 apid=0.0 integ=0.0 vision=1 current=1 vframe=202 vs=1 vage=60 vpage=60 vdt=33 vmax=145 vacc=202 vrej=0 seq=0 elapsed=0 oled=3C
[   1468] STATUS mode=3 fault=none enc=0 denc=0 sreq=0 sapplied=0 crate=0 uimp=0 upos=0 uneg=0 ball=86.86 vball=0.00 aball=0.0 bref=80.00 pid=0.0 apid=0.0 integ=0.0 vision=1 current=1 vframe=203 vs=1 vage=8 vpage=8 vdt=102 vmax=145 vacc=203 vrej=0 seq=0 elapsed=0 oled=3C
[   1500] S
[   1532] TATUS mode=3 fault=none enc=0 denc=0 sreq=0 sapplied=0 crate=0 uimp=0 upos=0 uneg=0 ball=86.99 vball=1.93 aball=0.0 bref=80.00 pid=0.0 apid=0.0 integ=0.0 vision=1 current=1 vframe=204 vs=1 vage=26 vpage=26 vdt=32 vmax=145 vacc=204 vrej=0 seq=0 elapsed=0 oled=3C
[   1577] STATUS mode=3 fault=none enc=0 denc=0 sreq=0 sapplied=0 crate=0 uimp=0 upos=0 uneg=0 ball=86.97 vball=0.65 aball=0.0 bref=80.00 pid=0.0 apid=0.0 integ=0.0 vision=1 current=1 vframe=205 vs=1 vage=42 vpage=42 vdt=34 vmax=145 vacc=205 vrej=0 seq=0 elapsed=0 oled=3C
[   1625] STATUS mode=3 fault=none enc=0 denc=0 sreq=0 sapplied=0 crate=0 uimp=0 upos=0 uneg=0 ball=86.97 vball=0.65 aball=0.0 bref=80.00 pid=0.0 apid=0.0 integ=0.0 vision=1 current=1 vframe=205 vs=1 vage=92 vpage=92 vdt=34 vmax=145 vacc=205 vrej=0 seq=0 elapsed=0 oled=3C
[   1672] STATUS mode=3 fault=none enc=0 denc=0 sreq=0 sapplied=0 crate=0 uimp=0 upos=0 uneg=0 ball=86.83 vball=-2.62 aball=2.4 bref=80.00 pid=0.0 apid=0.0 integ=0.0 vision=1 current=1 vframe=207 vs=1 vage=9 vpage=9 vdt=32 vmax=145 vacc=207 vrej=0 seq=0 elapsed=0 oled=3C
[   1718] STATUS mode=3 fault=none enc=0 denc=0 sreq=0 sapplied=0 crate=0 uimp=0 upos=0 uneg=0 ball=86.79 vball=-1.88 aball=2.4 bref=80.00 pid=0.0 apid=0.0 integ=0.0 vision=1 current=1 vframe=208 vs=1 vage=26 vpage=26 vdt=33 vmax=145 vacc=208 vrej=0 seq=0 elapsed=0 oled=3C
[   1782] STATUS mode=3 fault=none enc=0 denc=0 sreq=0 sapplied=0 crate=0 uimp=0 upos=0 uneg=0 ball=86.79 vball=-1.88 aball=2.4 bref=80.00 pid=0.0 apid=0.0 integ=0.0 vision=1 current=1 vframe=208 vs=1 vage=76 vpage=76 vdt=33 vmax=145 vacc=208 vrej=0 seq=0 elapsed=0 oled=3C
[   1827] STATUS mode=3 fault=none enc=0 denc=0 sreq=0 sapplied=0 crate=0 uimp=0 upos=0 uneg=0 ball=86.74 vball=-1.27 aball=-4.5 bref=80.00 pid=0.0 apid=-0.0 integ=0.0 vision=1 current=1 vframe=209 vs=1 vage=24 vpage=24 vdt=102 vmax=145 vacc=209 vrej=0 seq=0 elapsed=0 oled=3C
[   1875] STATUS mode=3 fault=none enc=0 denc=0 sreq=0 sapplied=0 crate=0 uimp=0 upos=0 uneg=0 ball=86.82 vball=0.51 aball=-4.5 bref=80.00 pid=0.0 apid=-0.0 integ=0.0 vision=1 current=1 vframe=211 vs=1 vage=10 vpage=10 vdt=33 vmax=145 vacc=211 vrej=0 seq=0 elapsed=0 oled=3C
[   1922] STATUS mode=3 fault=none enc=0 denc=0 sreq=0 sapplied=0 crate=0 uimp=0 upos=0 uneg=0 ball=86.82 vball=0.51 aball=-4.5 bref=80.00 pid=0.0 apid=-0.0 integ=0.0 vision=1 current=1 vframe=211 vs=1 vage=60 vpage=60 vdt=33 vmax=145 vacc=211 vrej=0 seq=0 elapsed=0 oled=3C
[   1968] STATUS mode=3 fault=none enc=0 denc=0 sreq=0 sapplied=0 crate=0 uimp=0 upos=0 uneg=0 ball=86.96 vball=1.29 aball=4.6 bref=80.00 pid=0.0 apid=0.0 integ=0.0 vision=1 current=1 vframe=212 vs=1 vage=12 vpage=12 vdt=98 vmax=145 vacc=212 vrej=0 seq=0 elapsed=0 oled=3C
[   2032] STATUS mode=3 fault=none enc=0 denc=0 sreq=0 sapplied=0 crate=0 uimp=0 upos=0 uneg=0 ball=87.02 vball=1.09 aball=4.6 bref=80.00 pid=0.0 apid=0.0 integ=0.0 vision=1 current=1 vframe=214 vs=1 vage=10 vpage=10 vdt=32 vmax=145 vacc=214 vrej=0 seq=0 elapsed=0 oled=3C
[   2077] STATUS mode=3 fault=none enc=0 denc=0 sreq=0 sapplied=0 crate=0 uimp=0 upos=0 uneg=0 ball=87.02 vball=1.09 aball=4.6 bref=80.00 pid=0.0 apid=0.0 integ=0.0 vision=1 current=1 vframe=214 vs=1 vage=60 vpage=60 vdt=32 vmax=145 vacc=214 vrej=0 seq=0 elapsed=0 oled=3C
[   2125] STATUS mode=3 fault=none enc=0 denc=0 sreq=0 sapplied=0 crate=0 uimp=0 upos=0 uneg=0 ball=87.04 vball=0.66 aball=0.7 bref=80.00 pid=0.0 apid=0.0 integ=0.0 vision=1 current=1 vframe=215 vs=1 vage=13 vpage=13 vdt=97 vmax=145 vacc=215 vrej=0 seq=0 elapsed=0 oled=3C
[   2172] STATUS mode=3 fault=none enc=0 denc=0 sreq=0 sapplied=0 crate=0 uimp=0 upos=0 uneg=0 ball=87.01 vball=-0.18 aball=0.7 bref=80.00 pid=0.0 apid=0.0 integ=0.0 vision=1 current=1 vframe=216 vs=1 vage=27 vpage=27 vdt=36 vmax=145 vacc=216 vrej=0 seq=0 elapsed=0 oled=3C
[   2218] STATUS mode=3 fault=none enc=0 denc=0 sreq=0 sapplied=0 crate=0 uimp=0 upos=0 uneg=0 ball=87.01 vball=-0.18 aball=0.7 bref=80.00 pid=0.0 apid=0.0 integ=0.0 vision=1 current=1 vframe=216 vs=1 vage=77 vpage=77 vdt=36 vmax=145 vacc=216 vrej=0 seq=0 elapsed=0 oled=3C
[   2282] STATUS mode=3 fault=none enc=0 denc=0 sreq=0 sapplied=0 crate=0 uimp=0 upos=0 uneg=0 ball=87.00 vball=-0.15 aball=-2.3 bref=80.00 pid=0.0 apid=-0.0 integ=0.0 vision=1 current=1 vframe=218 vs=1 vage=12 vpage=12 vdt=11 vmax=145 vacc=218 vrej=0 seq=0 elapsed=0 oled=3C
[   2327] STATUS mode=3 fault=none enc=0 denc=0 sreq=0 sapplied=0 crate=0 uimp=0 upos=0 uneg=0 ball=87.04 vball=0.49 aball=-2.3 bref=80.00 pid=0.0 apid=-0.0 integ=0.0 vision=1 current=1 vframe=220 vs=1 vage=10 vpage=10 vdt=25 vmax=145 vacc=220 vrej=0 seq=0 elapsed=0 oled=3C
[   2375] STATUS mode=3 fault=none enc=0 denc=0 sreq=0 sapplied=0 crate=0 uimp=0 upos=0 uneg=0 ball=87.04 vball=0.49 aball=-2.3 bref=80.00 pid=0.0 apid=-0.0 integ=0.0 vision=1 current=1 vframe=220 vs=1 vage=60 vpage=60 vdt=25 vmax=145 vacc=220 vrej=0 seq=0 elapsed=0 oled=3C
[   2422] STATUS mode=3 fault=none enc=0 denc=0 sreq=0 sapplied=0 crate=0 uimp=0 upos=0 uneg=0 ball=87.04 vball=0.49 aball=-2.3 bref=80.00 pid=0.0 apid=-0.0 integ=0.0 vision=1 current=1 vframe=220 vs=1 vage=110 vpage=110 vdt=25 vmax=145 vacc=220 vrej=0 seq=0 elapsed=0 oled=3C
[   2468] STATUS mode=3 fault=none enc=0 denc=0 sreq=0 sapplied=0 crate=0 uimp=0 upos=0 uneg=0 ball=86.68 vball=-2.50 aball=-6.4 bref=80.00 pid=0.0 apid=-0.0 integ=0.0 vision=1 current=1 vframe=221 vs=1 vage=18 vpage=18 vdt=142 vmax=145 vacc=221 vrej=0 seq=0 elapsed=0 oled=3C
[   2532] STATUS mode=3 fault=none enc=0 denc=0 sreq=0 sapplied=0 crate=0 uimp=0 upos=0 uneg=0 ball=87.14 vball=4.01 aball=-6.4 bref=80.00 pid=0.0 apid=-0.0 integ=0.0 vision=1 current=1 vframe=223 vs=1 vage=10 vpage=10 vdt=32 vmax=145 vacc=223 vrej=0 seq=0 elapsed=0 oled=3C
[   2577] STATUS mode=3 fault=none enc=0 denc=0 sreq=0 sapplied=0 crate=0 uimp=0 upos=0 uneg=0 ball=87.14 vball=4.01 aball=-6.4 bref=80.00 pid=0.0 apid=-0.0 integ=0.0 vision=1 current=1 vframe=223 vs=1 vage=60 vpage=60 vdt=32 vmax=145 vacc=223 vrej=0 seq=0 elapsed=0 oled=3C
[   2625] STATUS mode=3 fault=none enc=0 denc=0 sreq=0 sapplied=0 crate=0 uimp=0 upos=0 uneg=0 ball=87.14 vball=4.01 aball=-6.4 bref=80.00 pid=0.0 apid=-0.0 integ=0.0 vision=1 current=1 vframe=223 vs=1 vage=110 vpage=110 vdt=32 vmax=145 vacc=223 vrej=0 seq=0 elapsed=0 oled=3C
[   2672] STATUS mode=3 fault=none enc=0 denc=0 sreq=0 sapplied=0 crate=0 uimp=0 upos=0 uneg=0 ball=86.68 vball=-4.85 aball=7.2 bref=80.00 pid=0.0 apid=0.0 integ=0.0 vision=1 current=1 vframe=225 vs=1 vage=9 vpage=9 vdt=36 vmax=145 vacc=225 vrej=0 seq=0 elapsed=0 oled=3C
[   2718] STATUS mode=3 fault=none enc=0 denc=0 sreq=0 sapplied=0 crate=0 uimp=0 upos=0 uneg=0 ball=86.68 vball=-4.85 aball=7.2 bref=80.00 pid=0.0 apid=0.0 integ=0.0 vision=1 current=1 vframe=225 vs=1 vage=59 vpage=59 vdt=36 vmax=145 vacc=225 vrej=0 seq=0 elapsed=0 oled=3C
[   2782] STATUS mode=3 fault=none enc=0 denc=0 sreq=0 sapplied=0 crate=0 uimp=0 upos=0 uneg=0 ball=86.64 vball=-3.03 aball=-10.7 bref=80.00 pid=0.0 apid=-0.0 integ=0.0 vision=1 current=1 vframe=226 vs=1 vage=2 vpage=2 vdt=107 vmax=145 vacc=226 vrej=0 seq=0 elapsed=0 oled=3C
[   2827] STATUS mode=3 fault=none enc=0 denc=0 sreq=0 sapplied=0 crate=0 uimp=0 upos=0 uneg=0 ball=86.70 vball=0.37 aball=-10.7 bref=80.00 pid=0.0 apid=-0.0 integ=0.0 vision=1 current=1 vframe=228 vs=1 vage=10 vpage=10 vdt=32 vmax=145 vacc=228 vrej=0 seq=0 elapsed=0 oled=3C
[   2875] STATUS mode=3 fault=none enc=0 denc=0 sreq=0 sapplied=0 crate=0 uimp=0 upos=0 uneg=0 ball=86.71 vball=0.39 aball=-10.7 bref=80.00 pid=0.0 apid=-0.0 integ=0.0 vision=1 current=1 vframe=229 vs=1 vage=27 vpage=27 vdt=33 vmax=145 vacc=229 vrej=0 seq=0 elapsed=0 oled=3C
[   2922] STATUS mode=3 fault=none enc=0 denc=0 sreq=0 sapplied=0 crate=0 uimp=0 upos=0 uneg=0 ball=86.71 vball=0.39 aball=-10.7 bref=80.00 pid=0.0 apid=-0.0 integ=0.0 vision=1 current=1 vframe=229 vs=1 vage=77 vpage=77 vdt=33 vmax=145 vacc=229 vrej=0 seq=0 elapsed=0 oled=3C
[   2968] STATUS mode=3 fault=none enc=0 denc=0 sreq=0 sapplied=0 crate=0 uimp=0 upos=0 uneg=0 ball=86.71 vball=0.08 aball=1.9 bref=80.00 pid=0.0 apid=0.0 integ=0.0 vision=1 current=1 vframe=230 vs=1 vage=23 vpage=23 vdt=104 vmax=145 vacc=230 vrej=0 seq=0 elapsed=0 oled=3C
[   3032] STATUS mode=3 fault=none enc=0 denc=0 sreq=0 sapplied=0 crate=0 uimp=0 upos=0 uneg=0 ball=86.62 vball=-1.23 aball=1.9 bref=80.00 pid=0.0 apid=0.0 integ=0.0 vision=1 current=1 vframe=232 vs=1 vage=10 vpage=10 vdt=33 vmax=145 vacc=232 vrej=0 seq=0 elapsed=0 oled=3C
[   3077] STATUS mode=3 fault=none enc=0 denc=0 sreq=0 sapplied=0 crate=0 uimp=0 upos=0 uneg=0 ball=86.62 vball=-1.23 aball=1.9 bref=80.00 pid=0.0 apid=0.0 integ=0.0 vision=1 current=1 vframe=232 vs=1 vage=60 vpage=60 vdt=33 vmax=145 vacc=232 vrej=0 seq=0 elapsed=0 oled=3C
[   3125] STATUS mode=3 fault=none enc=0 denc=0 sreq=0 sapplied=0 crate=0 uimp=0 upos=0 uneg=0 ball=86.63 vball=-0.67 aball=-1.0 bref=80.00 pid=0.0 apid=-0.0 integ=0.0 vision=1 current=1 vframe=233 vs=1 vage=8 vpage=8 vdt=102 vmax=145 vacc=233 vrej=0 seq=0 elapsed=0 oled=3C
[   3172] STATUS mode=3 fault=none enc=0 denc=0 sreq=0 sapplied=0 crate=0 uimp=0 upos=0 uneg=0 ball=86.68 vball=0.25 aball=-1.0 bref=80.00 pid=0.0 apid=-0.0 integ=0.0 vision=1 current=1 vframe=234 vs=1 vage=27 vpage=27 vdt=31 vmax=145 vacc=234 vrej=0 seq=0 elapsed=0 oled=3C
[   3218] STATUS mode=3 fault=none enc=0 denc=0 sreq=0 sapplied=0 crate=0 uimp=0 upos=0 uneg=0 ball=86.68 vball=0.20 aball=-1.0 bref=80.00 pid=0.0 apid=-0.0 integ=0.0 vision=1 current=1 vframe=235 vs=1 vage=43 vpage=43 vdt=34 vmax=145 vacc=235 vrej=0 seq=0 elapsed=0 oled=3C
[   3282] STATUS mode=3 fault=none enc=0 denc=0 sreq=0 sapplied=0 crate=0 uimp=0 upos=0 uneg=0 ball=86.68 vball=0.20 aball=-1.0 bref=80.00 pid=0.0 apid=-0.0 integ=0.0 vision=1 current=1 vframe=235 vs=1 vage=93 vpage=93 vdt=34 vmax=145 vacc=235 vrej=0 seq=0 elapsed=0 oled=3C
[   3327] STATUS mode=3 fault=none enc=0 denc=0 sreq=0 sapplied=0 crate=0 uimp=0 upos=0 uneg=0 ball=86.66 vball=-0.25 aball=1.6 bref=80.00 pid=0.0 apid=0.0 integ=0.0 vision=1 current=1 vframe=237 vs=1 vage=10 vpage=10 vdt=33 vmax=145 vacc=237 vrej=0 seq=0 elapsed=0 oled=3C
[   3375] STATUS mode=3 fault=none enc=0 denc=0 sreq=0 sapplied=0 crate=0 uimp=0 upos=0 uneg=0 ball=86.70 vball=0.56 aball=1.6 bref=80.00 pid=0.0 apid=0.0 integ=0.0 vision=1 current=1 vframe=238 vs=1 vage=27 vpage=27 vdt=33 vmax=145 vacc=238 vrej=0 seq=0 elapsed=0 oled=3C
[   3422] STATUS mode=3 fault=none enc=0 denc=0 sreq=0 sapplied=0 crate=0 uimp=0 upos=0 uneg=0 ball=86.70 vball=0.56 aball=1.6 bref=80.00 pid=0.0 apid=0.0 integ=0.0 vision=1 current=1 vframe=238 vs=1 vage=77 vpage=77 vdt=33 vmax=145 vacc=238 vrej=0 seq=0 elapsed=0 oled=3C
[   3468] STATUS mode=3 fault=none enc=0 denc=0 sreq=0 sapplied=0 crate=0 uimp=0 upos=0 uneg=0 ball=86.72 vball=-0.00 aball=2.0 bref=80.00 pid=0.0 apid=0.0 integ=0.0 vision=1 current=1 vframe=240 vs=1 vage=8 vpage=8 vdt=20 vmax=145 vacc=240 vrej=0 seq=0 elapsed=0 oled=3C
[   3532] STATUS mode=3 fault=none enc=0 denc=0 sreq=0 sapplied=0 crate=0 uimp=0 upos=0 uneg=0 ball=86.68 vball=-0.66 aball=2.0 bref=80.00 pid=0.0 apid=0.0 integ=0.0 vision=1 current=1 vframe=241 vs=1 vage=27 vpage=27 vdt=31 vmax=145 vacc=241 vrej=0 seq=0 elapsed=0 oled=3C
[   3577] STATUS mode=3 fault=none enc=0 denc=0 sreq=0 sapplied=0 crate=0 uimp=0 upos=0 uneg=0 ball=86.68 vball=-0.66 aball=2.0 bref=80.00 pid=0.0 apid=0.0 integ=0.0 vision=1 current=1 vframe=241 vs=1 vage=77 vpage=77 vdt=31 vmax=145 vacc=241 vrej=0 seq=0 elapsed=0 oled=3C
[   3625] STATUS mode=3 fault=none enc=0 denc=0 sreq=0 sapplied=0 crate=0 uimp=0 upos=0 uneg=0 ball=86.66 vball=-0.48 aball=-1.9 bref=80.00 pid=0.0 apid=-0.0 integ=0.0 vision=1 current=1 vframe=242 vs=1 vage=27 vpage=27 vdt=100 vmax=145 vacc=242 vrej=0 seq=0 elapsed=0 oled=3C
[   3672] STATUS mode=3 fault=none enc=0 denc=0 sreq=0 sapplied=0 crate=0 uimp=0 upos=0 uneg=0 ball=86.67 vball=-0.02 aball=-1.9 bref=80.00 pid=0.0 apid=-0.0 integ=0.0 vision=1 current=1 vframe=244 vs=1 vage=11 vpage=11 vdt=34 vmax=145 vacc=244 vrej=0 seq=0 elapsed=0 oled=3C
[   3718] STATUS mode=3 fault=none enc=0 denc=0 sreq=0 sapplied=0 crate=0 uimp=0 upos=0 uneg=0 ball=86.67 vball=-0.02 aball=-1.9 bref=80.00 pid=0.0 apid=-0.0 integ=0.0 vision=1 current=1 vframe=244 vs=1 vage=61 vpage=61 vdt=34 vmax=145 vacc=244 vrej=0 seq=0 elapsed=0 oled=3C
[   3782] STATUS mode=3 fault=none enc=0 denc=0 sreq=0 sapplied=0 crate=0 uimp=0 upos=0 uneg=0 ball=86.72 vball=0.34 aball=1.2 bref=80.00 pid=0.0 apid=0.0 integ=0.0 vision=1 current=1 vframe=245 vs=1 vage=11 vpage=11 vdt=100 vmax=145 vacc=245 vrej=0 seq=0 elapsed=0 oled=3C
[   3827] STATUS mode=3 fault=none enc=0 denc=0 sreq=0 sapplied=0 crate=0 uimp=0 upos=0 uneg=0 ball=86.68 vball=-0.36 aball=1.2 bref=80.00 pid=0.0 apid=0.0 integ=0.0 vision=1 current=1 vframe=246 vs=1 vage=28 vpage=28 vdt=33 vmax=145 vacc=246 vrej=0 seq=0 elapsed=0 oled=3C
[   3875] STATUS mode=3 fault=none enc=0 denc=0 sreq=0 sapplied=0 crate=0 uimp=0 upos=0 uneg=0 ball=86.67 vball=-0.24 aball=1.2 bref=80.00 pid=0.0 apid=0.0 integ=0.0 vision=1 current=1 vframe=247 vs=1 vage=45 vpage=45 vdt=33 vmax=145 vacc=247 vrej=0 seq=0 elapsed=0 oled=3C
[   3922] STATUS mode=3 fault=none enc=0 denc=0 sreq=0 sapplied=0 crate=0 uimp=0 upos=0 uneg=0 ball=86.67 vball=-0.24 aball=1.2 bref=80.00 pid=0.0 apid=0.0 integ=0.0 vision=1 current=1 vframe=247 vs=1 vage=95 vpage=95 vdt=33 vmax=145 vacc=247 vrej=0 seq=0 elapsed=0 oled=3C
[   3968] STATUS mode=3 fault=none enc=0 denc=0 sreq=0 sapplied=0 crate=0 uimp=0 upos=0 uneg=0 ball=86.67 vball=-0.50 aball=0.4 bref=80.00 pid=0.0 apid=0.0 integ=0.0 vision=1 current=1 vframe=249 vs=1 vage=11 vpage=11 vdt=34 vmax=145 vacc=249 vrej=0 seq=0 elapsed=0 oled=3C
[   4032] STATUS mode=3 fault=none enc=0 denc=0 sreq=0 sapplied=0 crate=0 uimp=0 upos=0 uneg=0 ball=86.66 vball=-0.36 aball=0.4 bref=80.00 pid=0.0 apid=0.0 integ=0.0 vision=1 current=1 vframe=250 vs=1 vage=27 vpage=27 vdt=34 vmax=145 vacc=250 vrej=0 seq=0 elapsed=0 oled=3C
[   4077] STATUS mode=3 fault=none enc=0 denc=0 sreq=0 sapplied=0 crate=0 uimp=0 upos=0 uneg=0 ball=86.66 vball=-0.36 aball=0.4 bref=80.00 pid=0.0 apid=0.0 integ=0.0 vision=1 current=1 vframe=250 vs=1 vage=77 vpage=77 vdt=34 vmax=145 vacc=250 vrej=0 seq=0 elapsed=0 oled=3C
[   4125] STATUS mode=3 fault=none enc=0 denc=0 sreq=0 sapplied=0 crate=0 uimp=0 upos=0 uneg=0 ball=86.66 vball=-0.20 aball=-1.0 bref=80.00 pid=0.0 apid=-0.0 integ=0.0 vision=1 current=1 vframe=251 vs=1 vage=26 vpage=26 vdt=101 vmax=145 vacc=251 vrej=0 seq=0 elapsed=0 oled=3C
[   4172] STATUS mode=3 fault=none enc=0 denc=0 sreq=0 sapplied=0 crate=0 uimp=0 upos=0 uneg=0 ball=86.66 vball=-0.00 aball=-1.0 bref=80.00 pid=0.0 apid=-0.0 integ=0.0 vision=1 current=1 vframe=253 vs=1 vage=11 vpage=11 vdt=33 vmax=145 vacc=253 vrej=0 seq=0 elapsed=0 oled=3C
[   4218] STATUS mode=3 fault=none enc=0 denc=0 sreq=0 sapplied=0 crate=0 uimp=0 upos=0 uneg=0 ball=86.66 vball=-0.00 aball=-1.0 bref=80.00 pid=0.0 apid=-0.0 integ=0.0 vision=1 current=1 vframe=253 vs=1 vage=61 vpage=61 vdt=33 vmax=145 vacc=253 vrej=0 seq=0 elapsed=0 oled=3C
[   4282] STATUS mode=3 fault=none enc=0 denc=0 sreq=0 sapplied=0 crate=0 uimp=0 upos=0 uneg=0 ball=86.66 vball=0.00 aball=0.0 bref=80.00 pid=0.0 apid=0.0 integ=0.0 vision=1 current=1 vframe=254 vs=1 vage=12 vpage=12 vdt=99 vmax=145 vacc=254 vrej=0 seq=0 elapsed=0 oled=3C
[   4327] STATUS mode=3 fault=none enc=0 denc=0 sreq=0 sapplied=0 crate=0 uimp=0 upos=0 uneg=0 ball=86.66 vball=0.00 aball=0.0 bref=80.00 pid=0.0 apid=0.0 integ=0.0 vision=1 current=1 vframe=256 vs=1 vage=11 vpage=11 vdt=32 vmax=145 vacc=256 vrej=0 seq=0 elapsed=0 oled=3C
[   4375] STATUS mode=3 fault=none enc=0 denc=0 sreq=0 sapplied=0 crate=0 uimp=0 upos=0 uneg=0 ball=86.66 vball=0.00 aball=0.0 bref=80.00 pid=0.0 apid=0.0 integ=0.0 vision=1 current=1 vframe=256 vs=1 vage=61 vpage=61 vdt=32 vmax=145 vacc=256 vrej=0 seq=0 elapsed=0 oled=3C
[   4422] STATUS mode=3 fault=none enc=0 denc=0 sreq=0 sapplied=0 crate=0 uimp=0 upos=0 uneg=0 ball=86.69 vball=0.08 aball=0.2 bref=80.00 pid=0.0 apid=0.0 integ=0.0 vision=1 current=1 vframe=257 vs=1 vage=12 vpage=12 vdt=99 vmax=145 vacc=257 vrej=0 seq=0 elapsed=0 oled=3C
[   4468] STATUS mode=3 fault=none enc=0 denc=0 sreq=0 sapplied=0 crate=0 uimp=0 upos=0 uneg=0 ball=86.69 vball=0.10 aball=0.2 bref=80.00 pid=0.0 apid=0.0 integ=0.0 vision=1 current=1 vframe=259 vs=1 vage=11 vpage=11 vdt=31 vmax=145 vacc=259 vrej=0 seq=0 elapsed=0 oled=3C
[   4532] STATUS mode=3 fault=none enc=0 denc=0 sreq=0 sapplied=0 crate=0 uimp=0 upos=0 uneg=0 ball=86.69 vball=0.10 aball=0.2 bref=80.00 pid=0.0 apid=0.0 integ=0.0 vision=1 current=1 vframe=259 vs=1 vage=61 vpage=61 vdt=31 vmax=145 vacc=259 vrej=0 seq=0 elapsed=0 oled=3C
[   4577] STATUS mode=3 fault=none enc=0 denc=0 sreq=0 sapplied=0 crate=0 uimp=0 upos=0 uneg=0 ball=86.70 vball=0.09 aball=0.2 bref=80.00 pid=0.0 apid=0.0 integ=0.0 vision=1 current=1 vframe=260 vs=1 vage=11 vpage=11 vdt=100 vmax=145 vacc=260 vrej=0 seq=0 elapsed=0 oled=3C
[   4625] STATUS mode=3 fault=none enc=0 denc=0 sreq=0 sapplied=0 crate=0 uimp=0 upos=0 uneg=0 ball=86.70 vball=0.02 aball=0.2 bref=80.00 pid=0.0 apid=0.0 integ=0.0 vision=1 current=1 vframe=261 vs=1 vage=28 vpage=28 vdt=33 vmax=145 vacc=261 vrej=0 seq=0 elapsed=0 oled=3C
[   4672] STATUS mode=3 fault=none enc=0 denc=0 sreq=0 sapplied=0 crate=0 uimp=0 upos=0 uneg=0 ball=86.68 vball=-0.26 aball=0.2 bref=80.00 pid=0.0 apid=0.0 integ=0.0 vision=1 current=1 vframe=262 vs=1 vage=45 vpage=45 vdt=33 vmax=145 vacc=262 vrej=0 seq=0 elapsed=0 oled=3C
[   4718] STATUS mode=3 fault=none enc=0 denc=0 sreq=0 sapplied=0 crate=0 uimp=0 upos=0 uneg=0 ball=86.68 vball=-0.26 aball=0.2 bref=80.00 pid=0.0 apid=0.0 integ=0.0 vision=1 current=1 vframe=262 vs=1 vage=95 vpage=95 vdt=33 vmax=145 vacc=262 vrej=0 seq=0 elapsed=0 oled=3C
[   4782] STATUS mode=3 fault=none enc=0 denc=0 sreq=0 sapplied=0 crate=0 uimp=0 upos=0 uneg=0 ball=86.67 vball=-0.02 aball=-0.7 bref=80.00 pid=0.0 apid=-0.0 integ=0.0 vision=1 current=1 vframe=264 vs=1 vage=10 vpage=10 vdt=29 vmax=145 vacc=264 vrej=0 seq=0 elapsed=0 oled=3C
[   4827] STATUS mode=3 fault=none enc=0 denc=0 sreq=0 sapplied=0 crate=0 uimp=0 upos=0 uneg=0 ball=86.68 vball=0.00 aball=-0.7 bref=80.00 pid=0.0 apid=-0.0 integ=0.0 vision=1 current=1 vframe=265 vs=1 vage=27 vpage=27 vdt=33 vmax=145 vacc=265 vrej=0 seq=0 elapsed=0 oled=3C
[   4875] STATUS mode=3 fault=none enc=0 denc=0 sreq=0 sapplied=0 crate=0 uimp=0 upos=0 uneg=0 ball=86.68 vball=0.00 aball=-0.7 bref=80.00 pid=0.0 apid=-0.0 integ=0.0 vision=1 current=1 vframe=265 vs=1 vage=77 vpage=77 vdt=33 vmax=145 vacc=265 vrej=0 seq=0 elapsed=0 oled=3C
[   4922] STATUS mode=3 fault=none enc=0 denc=0 sreq=0 sapplied=0 crate=0 uimp=0 upos=0 uneg=0 ball=86.68 vball=0.00 aball=0.2 bref=80.00 pid=0.0 apid=0.0 integ=0.0 vision=1 current=1 vframe=266 vs=1 vage=18 vpage=18 vdt=109 vmax=145 vacc=266 vrej=0 seq=0 elapsed=0 oled=3C
[   4968] STATUS mode=3 fault=none enc=0 denc=0 sreq=0 sapplied=0 crate=0 uimp=0 upos=0 uneg=0 ball=86.68 vball=-0.00 aball=0.2 bref=80.00 pid=0.0 apid=0.0 integ=0.0 vision=1 current=1 vframe=268 vs=1 vage=9 vpage=9 vdt=33 vmax=145 vacc=268 vrej=0 seq=0 elapsed=0 oled=3C
[   5032] STATUS mode=3 fault=none enc=0 denc=0 sreq=0 sapplied=0 crate=0 uimp=0 upos=0 uneg=0 ball=86.68 vball=-0.00 aball=0.2 bref=80.00 pid=0.0 apid=0.0 integ=0.0 vision=1 current=1 vframe=268 vs=1 vage=59 vpage=59 vdt=33 vmax=145 vacc=268 vrej=0 seq=0 elapsed=0 oled=3C
[   5077] STATUS mode=3 fault=none enc=0 denc=0 sreq=0 sapplied=0 crate=0 uimp=0 upos=0 uneg=0 ball=86.68 vball=-0.00 aball=0.2 bref=80.00 pid=0.0 apid=0.0 integ=0.0 vision=1 current=1 vframe=268 vs=1 vage=109 vpage=109 vdt=33 vmax=145 vacc=268 vrej=0 seq=0 elapsed=0 oled=3C
[   5125] STATUS mode=3 fault=none enc=0 denc=0 sreq=0 sapplied=0 crate=0 uimp=0 upos=0 uneg=0 ball=86.68 vball=-0.00 aball=0.1 bref=80.00 pid=0.0 apid=0.0 integ=0.0 vision=1 current=1 vframe=269 vs=1 vage=20 vpage=20 vdt=139 vmax=145 vacc=269 vrej=0 seq=0 elapsed=0 oled=3C
[   5172] STATUS mode=3 fault=none enc=0 denc=0 sreq=0 sapplied=0 crate=0 uimp=0 upos=0 uneg=0 ball=86.71 vball=0.46 aball=0.1 bref=80.00 pid=0.0 apid=0.0 integ=0.0 vision=1 current=1 vframe=271 vs=1 vage=12 vpage=12 vdt=33 vmax=145 vacc=271 vrej=0 seq=0 elapsed=0 oled=3C
[   5218] STATUS mode=3 fault=none enc=0 denc=0 sreq=0 sapplied=0 crate=0 uimp=0 upos=0 uneg=0 ball=86.71 vball=0.46 aball=0.1 bref=80.00 pid=0.0 apid=0.0 integ=0.0 vision=1 current=1 vframe=271 vs=1 vage=62 vpage=62 vdt=33 vmax=145 vacc=271 vrej=0 seq=0 elapsed=0 oled=3C
[   5282] STATUS mode=3 fault=none enc=0 denc=0 sreq=0 sapplied=0 crate=0 uimp=0 upos=0 uneg=0 ball=86.71 vball=0.46 aball=0.1 bref=80.00 pid=0.0 apid=0.0 integ=0.0 vision=1 current=1 vframe=271 vs=1 vage=112 vpage=112 vdt=33 vmax=145 vacc=271 vrej=0 seq=0 elapsed=0 oled=3C
[   5327] STATUS mode=3 fault=none enc=0 denc=0 sreq=0 sapplied=0 crate=0 uimp=0 upos=0 uneg=0 ball=86.73 vball=0.73 aball=0.4 bref=80.00 pid=0.0 apid=0.0 integ=0.0 vision=1 current=1 vframe=273 vs=1 vage=26 vpage=26 vdt=24 vmax=145 vacc=273 vrej=0 seq=0 elapsed=0 oled=3C
[   5375] STATUS mode=3 fault=none enc=0 denc=0 sreq=0 sapplied=0 crate=0 uimp=0 upos=0 uneg=0 ball=86.74 vball=0.43 aball=0.4 bref=80.00 pid=0.0 apid=0.0 integ=0.0 vision=1 current=1 vframe=274 vs=1 vage=44 vpage=44 vdt=32 vmax=145 vacc=274 vrej=0 seq=0 elapsed=0 oled=3C
[   5422] STATUS mode=3 fault=none enc=0 denc=0 sreq=0 sapplied=0 crate=0 uimp=0 upos=0 uneg=0 ball=86.74 vball=0.43 aball=0.4 bref=80.00 pid=0.0 apid=0.0 integ=0.0 vision=1 current=1 vframe=274 vs=1 vage=94 vpage=94 vdt=32 vmax=145 vacc=274 vrej=0 seq=0 elapsed=0 oled=3C
[   5468] STATUS mode=3 fault=none enc=0 denc=0 sreq=0 sapplied=0 crate=0 uimp=0 upos=0 uneg=0 ball=86.72 vball=-0.36 aball=0.9 bref=80.00 pid=0.0 apid=0.0 integ=0.0 vision=1 current=1 vframe=276 vs=1 vage=12 vpage=12 vdt=29 vmax=145 vacc=276 vrej=0 seq=0 elapsed=0 oled=3C
[   5532] STATUS mode=3 fault=none enc=0 denc=0 sreq=0 sapplied=0 crate=0 uimp=0 upos=0 uneg=0 ball=86.72 vball=-0.24 aball=0.9 bref=80.00 pid=0.0 apid=0.0 integ=0.0 vision=1 current=1 vframe=277 vs=1 vage=28 vpage=28 vdt=34 vmax=145 vacc=277 vrej=0 seq=0 elapsed=0 oled=3C
[   5577] STATUS mode=3 fault=none enc=0 denc=0 sreq=0 sapplied=0 crate=0 uimp=0 upos=0 uneg=0 ball=86.72 vball=-0.24 aball=0.9 bref=80.00 pid=0.0 apid=0.0 integ=0.0 vision=1 current=1 vframe=277 vs=1 vage=78 vpage=78 vdt=34 vmax=145 vacc=277 vrej=0 seq=0 elapsed=0 oled=3C
[   5625] STATUS mode=3 fault=none enc=0 denc=0 sreq=0 sapplied=0 crate=0 uimp=0 upos=0 uneg=0 ball=86.67 vball=-0.49 aball=-1.9 bref=80.00 pid=0.0 apid=-0.0 integ=0.0 vision=1 current=1 vframe=278 vs=1 vage=27 vpage=27 vdt=101 vmax=145 vacc=278 vrej=0 seq=0 elapsed=0 oled=3C
[   5672] STATUS mode=3 fault=none enc=0 denc=0 sreq=0 sapplied=0 crate=0 uimp=0 upos=0 uneg=0 ball=86.65 vball=-0.43 aball=-1.9 bref=80.00 pid=0.0 apid=-0.0 integ=0.0 vision=1 current=1 vframe=280 vs=1 vage=11 vpage=11 vdt=33 vmax=145 vacc=280 vrej=0 seq=0 elapsed=0 oled=3C
[   5718] STATUS mode=3 fault=none enc=0 denc=0 sreq=0 sapplied=0 crate=0 uimp=0 upos=0 uneg=0 ball=86.65 vball=-0.43 aball=-1.9 bref=80.00 pid=0.0 apid=-0.0 integ=0.0 vision=1 current=1 vframe=280 vs=1 vage=61 vpage=61 vdt=33 vmax=145 vacc=280 vrej=0 seq=0 elapsed=0 oled=3C
[   5782] STATUS mode=3 fault=none enc=0 denc=0 sreq=0 sapplied=0 crate=0 uimp=0 upos=0 uneg=0 ball=86.67 vball=-0.02 aball=0.2 bref=80.00 pid=0.0 apid=0.0 integ=0.0 vision=1 current=1 vframe=281 vs=1 vage=8 vpage=8 vdt=103 vmax=145 vacc=281 vrej=0 seq=0 elapsed=0 oled=3C
[   5827] STATUS mode=3 fault=none enc=0 denc=0 sreq=0 sapplied=0 crate=0 uimp=0 upos=0 uneg=0 ball=86.68 vball=0.04 aball=0.2 bref=80.00 pid=0.0 apid=0.0 integ=0.0 vision=1 current=1 vframe=282 vs=1 vage=27 vpage=27 vdt=31 vmax=145 vacc=282 vrej=0 seq=0 elapsed=0 oled=3C
[   5875] STATUS mode=3 fault=none enc=0 denc=0 sreq=0 sapplied=0 crate=0 uimp=0 upos=0 uneg=0 ball=86.66 vball=-0.19 aball=0.2 bref=80.00 pid=0.0 apid=0.0 integ=0.0 vision=1 current=1 vframe=283 vs=1 vage=44 vpage=44 vdt=33 vmax=145 vacc=283 vrej=0 seq=0 elapsed=0 oled=3C
[   5922] STATUS mode=3 fault=none enc=0 denc=0 sreq=0 sapplied=0 crate=0 uimp=0 upos=0 uneg=0 ball=86.66 vball=-0.19 aball=0.2 bref=80.00 pid=0.0 apid=0.0 integ=0.0 vision=1 current=1 vframe=283 vs=1 vage=94 vpage=94 vdt=33 vmax=145 vacc=283 vrej=0 seq=0 elapsed=0 oled=3C
[   5968] STATUS mode=3 fault=none enc=0 denc=0 sreq=0 sapplied=0 crate=0 uimp=0 upos=0 uneg=0 ball=86.68 vball=0.41 aball=-0.3 bref=80.00 pid=0.0 apid=-0.0 integ=0.0 vision=1 current=1 vframe=285 vs=1 vage=10 vpage=10 vdt=29 vmax=145 vacc=285 vrej=0 seq=0 elapsed=0 oled=3C
[   6032] STATUS mode=3 fault=none enc=0 denc=0 sreq=0 sapplied=0 crate=0 uimp=0 upos=0 uneg=0 ball=86.69 vball=0.35 aball=-0.3 bref=80.00 pid=0.0 apid=-0.0 integ=0.0 vision=1 current=1 vframe=286 vs=1 vage=27 vpage=27 vdt=33 vmax=145 vacc=286 vrej=0 seq=0 elapsed=0 oled=3C
[   6077] STATUS mode=3 fault=none enc=0 denc=0 sreq=0 sapplied=0 crate=0 uimp=0 upos=0 uneg=0 ball=86.69 vball=0.35 aball=-0.3 bref=80.00 pid=0.0 apid=-0.0 integ=0.0 vision=1 current=1 vframe=286 vs=1 vage=77 vpage=77 vdt=33 vmax=145 vacc=286 vrej=0 seq=0 elapsed=0 oled=3C
[   6125] STATUS mode=3 fault=none enc=0 denc=0 sreq=0 sapplied=0 crate=0 uimp=0 upos=0 uneg=0 ball=86.69 vball=0.20 aball=0.9 bref=80.00 pid=0.0 apid=0.0 integ=0.0 vision=1 current=1 vframe=287 vs=1 vage=22 vpage=22 vdt=105 vmax=145 vacc=287 vrej=0 seq=0 elapsed=0 oled=3C
[   6172] STATUS mode=3 fault=none enc=0 denc=0 sreq=0 sapplied=0 crate=0 uimp=0 upos=0 uneg=0 ball=86.65 vball=-0.44 aball=0.9 bref=80.00 pid=0.0 apid=0.0 integ=0.0 vision=1 current=1 vframe=289 vs=1 vage=10 vpage=10 vdt=33 vmax=145 vacc=289 vrej=0 seq=0 elapsed=0 oled=3C
[   6218] STATUS mode=3 fault=none enc=0 denc=0 sreq=0 sapplied=0 crate=0 uimp=0 upos=0 uneg=0 ball=86.65 vball=-0.44 aball=0.9 bref=80.00 pid=0.0 apid=0.0 integ=0.0 vision=1 current=1 vframe=289 vs=1 vage=60 vpage=60 vdt=33 vmax=145 vacc=289 vrej=0 seq=0 elapsed=0 oled=3C
[   6282] STATUS mode=3 fault=none enc=0 denc=0 sreq=0 sapplied=0 crate=0 uimp=0 upos=0 uneg=0 ball=86.65 vball=-0.44 aball=0.9 bref=80.00 pid=0.0 apid=0.0 integ=0.0 vision=1 current=1 vframe=289 vs=1 vage=110 vpage=110 vdt=33 vmax=145 vacc=289 vrej=0 seq=0 elapsed=0 oled=3C
[   6327] STATUS mode=3 fault=none enc=0 denc=0 sreq=0 sapplied=0 crate=0 uimp=0 upos=0 uneg=0 ball=86.68 vball=0.25 aball=-0.6 bref=80.00 pid=0.0 apid=-0.0 integ=0.0 vision=1 current=1 vframe=291 vs=1 vage=27 vpage=27 vdt=21 vmax=145 vacc=291 vrej=0 seq=0 elapsed=0 oled=3C
[   6375] STATUS mode=3 fault=none enc=0 denc=0 sreq=0 sapplied=0 crate=0 uimp=0 upos=0 uneg=0 ball=86.69 vball=0.17 aball=-0.6 bref=80.00 pid=0.0 apid=-0.0 integ=0.0 vision=1 current=1 vframe=292 vs=1 vage=44 vpage=44 vdt=33 vmax=145 vacc=292 vrej=0 seq=0 elapsed=0 oled=3C
[   6422] STATUS mode=3 fault=none enc=0 denc=0 sreq=0 sapplied=0 crate=0 uimp=0 upos=0 uneg=0 ball=86.69 vball=0.17 aball=-0.6 bref=80.00 pid=0.0 apid=-0.0 integ=0.0 vision=1 current=1 vframe=292 vs=1 vage=94 vpage=94 vdt=33 vmax=145 vacc=292 vrej=0 seq=0 elapsed=0 oled=3C
[   6468] STATUS mode=3 fault=none enc=0 denc=0 sreq=0 sapplied=0 crate=0 uimp=0 upos=0 uneg=0 ball=86.69 vball=-0.06 aball=0.9 bref=80.00 pid=0.0 apid=0.0 integ=0.0 vision=1 current=1 vframe=294 vs=1 vage=10 vpage=10 vdt=32 vmax=145 vacc=294 vrej=0 seq=0 elapsed=0 oled=3C
[   6500] S
[   6500] >>> stop
[   6532] TATUS mode=3 fault=none enc=0 denc=0 sreq=0 sapplied=0 crate=0 uimp=0 upos=0 uneg=0 ball=86.66 vball=-0.41 aball=0.9 bref=80.00 pid=0.0 apid=0.0 integ=0.0 vision=1 current=1 vframe=295 vs=1 vage=28 vpage=28 vdt=32 vmax=145 vacc=295 vrej=0 seq=0 elapsed=0 oled=3C
[   6532] OK stopped
[   6577] STATUS mode=1 fault=none enc=-13 denc=0 sreq=0 sapplied=0 crate=0 uimp=0 upos=0 uneg=0 ball=86.66 vball=-0.41 aball=0.0 bref=80.00 pid=0.0 apid=0.0 integ=0.0 vision=1 current=1 vframe=295 vs=1 vage=78 vpage=78 vdt=32 vmax=145 vacc=295 vrej=0 seq=0 elapsed=0 oled=3C
[   6625] STATUS mode=1 fault=none enc=-13 denc=0 sreq=0 sapplied=0 crate=0 uimp=0 upos=0 uneg=0 ball=86.68 vball=-0.05 aball=0.0 bref=80.00 pid=0.0 apid=0.0 integ=0.0 vision=1 curr
[   6625] ent=1 vframe=296 vs=1 vage=9 vpage=9 vdt=119 vmax=145 vacc=296 vrej=0 seq=0 elapsed=0 oled=3C
[   6672] STATUS mode=1 fault=none enc=-13 denc=0 sreq=0 sapplied=0 crate=0 uimp=0 upos=0 uneg=0 ball=86.66 vball=-0.32 aball=0.0 bref=80.00 pid=0.0 apid=0.0 integ=0.0 vision=1 current=1 vframe=297 vs=1 vage=27 vpage=27 vdt=32 vmax=145 vacc=297 vrej=0 seq=0 elapsed=0 oled=3C
[   6718] STATUS mode=1 fault=none enc=-13 denc=0 sreq=0 sapplied=0 crate=0 uimp=0 upos=0 uneg=0 ball=86.96 vball=3.71 aball=0.0 bref=80.00 pid=0.0 apid=0.0 integ=0.0 vision=1 current=1 vframe=298 vs=1 vage=45 vpage=45 vdt=32 vmax=145 vacc=298 vrej=0 seq=0 elapsed=0 oled=3C
[   6782] STATUS mode=1 fault=none enc=-13 denc=0 sreq=0 sapplied=0 crate=0 uimp=0 upos=0 uneg=0 ball=86.96 vball=3.71 aball=0.0 bref=80.00 pid=0.0 apid=0.0 integ=0.0 vision=1 current=1 vframe=298 vs=1 vage=95 vpage=95 vdt=32 vmax=145 vacc=298 vrej=0 seq=0 elapsed=0 oled=3C
[   6827] STATUS mode=1 fault=none enc=-13 denc=0 sreq=0 sapplied=0 crate=0 uimp=0 upos=0 uneg=0 ball=87.00 vball=0.39 aball=0.0 bref=80.00 pid=0.0 apid=0.0 integ=0.0 vision=1 current=1 vframe=300 vs=1 vage=11 vpage=11 vdt=31 vmax=145 vacc=300 vrej=0 seq=0 elapsed=0 oled=3C
[   6875] STATUS mode=1 fault=none enc=-13 denc=0 sreq=0 sapplied=0 crate=0 uimp=0 upos=0 uneg=0 ball=86.71 vball=-3.51 aball=0.0 bref=80.00 pid=0.0 apid=0.0 integ=0.0 vision=1 current=1 vframe=301 vs=1 vage=26 vpage=26 vdt=35 vmax=145 vacc=301 vrej=0 seq=0 elapsed=0 oled=3C
[   6922] STATUS mode=1 fault=none enc=-13 denc=0 sreq=0 sapplied=0 crate=0 uimp=0 upos=0 uneg=0 ball=86.71 vball=-3.51 aball=0.0 bref=80.00 pid=0.0 apid=0.0 integ=0.0 vision=1 current=1 vframe=301 vs=1 vage=76 vpage=76 vdt=35 vmax=145 vacc=301 vrej=0 seq=0 elapsed=0 oled=3C
[   6968] STATUS mode=1 fault=none enc=-13 denc=0 sreq=0 sapplied=0 crate=0 uimp=0 upos=0 uneg=0 ball=86.70 vball=0.26 aball=0.0 bref=80.00 pid=0.0 apid=0.0 integ=0.0 vision=1 current=1 vframe=303 vs=1 vage=11 vpage=11 vdt=19 vmax=145 vacc=303 vrej=0 seq=0 elapsed=0 oled=3C
[   7032] STATUS mode=1 fault=none enc=-13 denc=0 sreq=0 sapplied=0 crate=0 uimp=0 upos=0 uneg=0 ball=86.69 vball=-0.04 aball=0.0 bref=80.00 pid=0.0 apid=0.0 integ=0.0 vision=1 current=1 vframe=304 vs=1 vage=27 vpage=27 vdt=34 vmax=145 vacc=304 vrej=0 seq=0 elapsed=0 oled=3C
[   7077] STATUS mode=1 fault=none enc=-13 denc=0 sreq=0 sapplied=0 crate=0 uimp=0 upos=0 uneg=0 ball=86.69 vball=-0.04 aball=0.0 bref=80.00 pid=0.0 apid=0.0 integ=0.0 vision=1 current=1 vframe=304 vs=1 vage=77 vpage=77 vdt=34 vmax=145 vacc=304 vrej=0 seq=0 elapsed=0 oled=3C
[   7125] STATUS mode=1 fault=none enc=-13 denc=0 sreq=0 sapplied=0 crate=0 uimp=0 upos=0 uneg=0 ball=86.70 vball=0.01 aball=0.0 bref=80.00 pid=0.0 apid=0.0 integ=0.0 vision=1 current=1 v
[   7125] >>> stream off
[   7125] frame=305 vs=1 vage=22 vpage=22 vdt=105 vmax=145 vacc=305 vrej=0 seq=0 elapsed=0 oled=3C
[   7125] OK stream off
[   7297] >>> status
[   7327] STATUS mode=1 fault=none enc=-13 denc=0 sreq=0 sapplied=0 crate=0 uimp=0 upos=0 uneg=0 ball=86.77 vball=0.02 aball=0.0 bref=80.00 pid=0.0 apid=0.0 integ=0.0 vision=1 current=1 vframe=309 vs=1 vage=28 vpage=28 vdt=25 vmax=145 vacc=309 vrej=0 seq=0 elapsed=0 oled=3C
