[      0] >>> status
[     30] STATUS mode=1 fault=none enc=313 denc=0 sreq=0 sapplied=0 crate=0 uimp=0 upos=235 uneg=235 ball=103.61 vball=0.00 aball=0.0 bref=0.00 pid=0.0 apid=0.0 integ=0.0 vision=1 current=1 vframe=96557 vs=1 vage=28 vpage=28 vdt=41 vmax=697384 vacc=57139 vrej=0 seq=0 elapsed=0 oled=3C
[    641] >>> bench on
[    655] OK stepper visual-only bench active; use zero before tests
[    766] >>> stream on 50
[    766] OK stream on 50 ms
[    843] STATUS mode=1 fault=none enc=313 denc=0 sreq=0 sapplied=0 crate=0 uimp=0 upos=0 uneg=0 ball=103.54 vball=2.84 aball=0.0 bref=0.00 pid=0.0 apid=0.0 integ=0.0 vision=1 current=1 vframe=96573 vs=1 vage=5 vpage=5 vdt=33 vmax=697384 vacc=57155 vrej=0 seq=0 elapsed=0 oled=3C
[    891] STATUS mode=1 fault=none enc=313 denc=0 sreq=0 sapplied=0 crate=0 uimp=0 upos=0 uneg=0 ball=103.62 vball=2.57 aball=0.0 bref=0.00 pid=0.0 apid=0.0 integ=0.0 vision=1
[    891]  current=1 vframe=96574 vs=1 vage=21 vpage=21 vdt=34 vmax=697384 vacc=57156 vrej=0 seq=0 elapsed=0 oled=3C
[    937] STATUS mode=1 fault=none enc=313 denc=0 sreq=0 sapplied=0 crate=0 uimp=0 upos=0 uneg=0 ball=103.62 vball=2.57 aball=0.0 bref=0.00 pid=0.0 apid=0.0 integ=0.0 vision=1 current=1 vframe=96574 vs=1 vage=71 vpage=71 vdt=34 vmax=697384 vacc=57156 vrej=0 seq=0 elapsed=0 oled=3C
[   1000] STATUS mode=1 fault=none enc=313 denc=0 sreq=0 sapplied=0 crate=0 uimp=0 upos=0 uneg=0 ball=103.66 vball=1.48 aball=0.0 bref=0.00 pid=0.0 apid=0.0 integ=0.0 vision=1 current=1 vframe=96575 vs=1 vage=24 vpage=24 vdt=97 vmax=697384 vacc=57157 vrej=0 seq=0 elapsed=0 oled=3C
[   1046] STATUS mode=1 fault=none enc=313 denc=0 sreq=0 sapplied=0 crate=0 uimp=0 upos=0 uneg=0 ball=103.61 vball=-0.30 aball=0.0 bref=0.00 pid=0.0 apid=0.0 integ=0.0 vision=1 current=1 vframe=96576 vs=1 vage=39 vpage=39 vdt=35 vmax=697384 vacc=57158 vrej=0 seq=0 elapsed=0 oled=3C
[   1093] STATUS mode=1 fault=none enc=313 denc=0 sreq=0 sapplied=0 crate=0 uimp=0 upos=0 uneg=0 ball=103.61 vball=-0.30 aball=0.0 bref=0.00 pid=0.0 apid=0.0 integ=0.0 vision=1 current=1 vframe=96576 vs=1 vage=89 vpage=89 vdt=35 vmax=697384 vacc=57158 vrej=0 seq=0 elapsed=0 oled=3C
[   1141] STATUS mode=1 fault=none enc=313 denc=0 sreq=0 sapplied=0 crate=0 uimp=0 upos=0 uneg=0 ball=103.60 vball=-0.14 aball=0.0 bref=0.00 pid=0.0 apid=0.0 integ=0.0 vision=1 current=1 vframe=96578 vs=1 vage=25 vpage=25 vdt=9 vmax=697384 vacc=57160 vrej=0 seq=0 elapsed=0 oled=3C
[   1187] STATUS mode=1 fault=none enc=313 denc=0 sreq=0 sapplied=0 crate=0 uimp=0 upos=0 uneg=0 ball=103.35 vball=-4.46 aball=0.0 bref=0.00 pid=0.0 apid=0.0 integ=0.0 vision=1 current=1 vframe=96579 vs=1 vage=40 vpage=40 vdt=35 vmax=697384 vacc=57161 vrej=0 seq=0 elapsed=0 oled=3C
[   1250] STATUS mode=1 fault=none enc=313 denc=0 sreq=0 sapplied=0 crate=0 uimp=0 upos=0 uneg=0 ball=103.35 vball=-4.46 aball=0.0 bref=0.00 pid=0.0 apid=0.0 integ=0.0 vision=1 current=1 vframe=96579 vs=1 vage=90 vpage=90 vdt=35 vmax=697384 vacc=57161 vrej=0 seq=0 elapsed=0 oled=3C
[   1296] STATUS mode=1 fault=none enc=313 denc=0 sreq=0 sapplied=0 crate=0 uimp=0 upos=0 uneg=0 ball=103.31 vball=-1.77 aball=0.0 bref=0.00 pid=0.0 apid=0.0 integ=0.0 vision=1 current=1 vframe=96581 vs=1 vage=26 vpage=26 vdt=9 vmax=697384 vacc=57163 vrej=0 seq=0 elapsed=0 oled=3C
[   1343] STATUS mode=1 fault=none enc=313 denc=0 sreq=0 sapplied=0 crate=0 uimp=0 upos=0 uneg=0 ball=103.37 vball=0.32 aball=0.0 bref=0.00 pid=0.0 apid=0.0 integ=0.0 vision=1 current=1 vframe=96582 vs=1 vage=39 vpage=39 vdt=37 vmax=697384 vacc=57164 vrej=0 seq=0 elapsed=0 oled=3C
[   1391] STATUS mode=1 fault=none enc=313 denc=0 sreq=0 sapplied=0 crate=0 uimp=0 upos=0 uneg=0 ball=103.37 vball=0.32 aball=0.0 bref=0.00 pid=0.0 apid=0.0 integ=0.0 vision=1 current=1 vframe=96582 vs=1 vage=89 vpage=89 vdt=37 vmax=697384 vacc=57164 vrej=0 seq=0 elapsed=0 oled=3C
[   1437] STATUS mode=1 fault=none enc=313 denc=0 sreq=0 sapplied=0 crate=0 uimp=0 upos=0 uneg=0 ball=103.37 vball=-0.01 aball=0.0 bref=0.00 pid=0.0 apid=0.0 integ=0.0 vision=1 current=1 vframe=96585 vs=1 vage=5 vpage=5 vdt=23 vmax=697384 vacc=57167 vrej=0 seq=0 elapsed=0 oled=3C
[   1500] STATUS mode=1 fault=none enc=313 denc=0 sreq=0 sapplied=0 crate=0 uimp=0 upos=0 uneg=0 ball=103.37 vball=-0.01 aball=0.0 bref=0.00 pid=0.0 apid=0.0 integ=0.0 vision=1 current=1 vframe=96586 vs=1 vage=23 vpage=23 vdt=32 vmax=697384 vacc=57168 vrej=0 seq=0 elapsed=0 oled=3C
[   1546] STATUS mode=1 fault=none enc=313 denc=0 sreq=0 sapplied=0 crate=0 uimp=0 upos=0 uneg=0 ball=103.37 vball=-0.01 aball=0.0 bref=0.00 pid=0.0 apid=0.0 integ=0.0 vision=1 current=1 vframe=96586 vs=1 vage=73 vpage=73 vdt=32 vmax=697384 vacc=57168 vrej=0 seq=0 elapsed=0 oled=3C
[   1593] STATUS mode=1 fault=none enc=313 denc=0 sreq=0 sapplied=0 crate=0 uimp=0 upos=0 uneg=0 ball=103.66 vball=2.52 aball=0.0 bref=0.00 pid=0.0 apid=0.0 integ=0.0 vision=1 current=1 vframe=96587 vs=1 vage=20 vpage=20 vdt=103 vmax=697384 vacc=57169 vrej=0 seq=0 elapsed=0 oled=3C
[   1641] STATUS mode=1 fault=none enc=313 denc=0 sreq=0 sapplied=0 crate=0 uimp=0 upos=0 uneg=0 ball=103.61 vball=0.26 aball=0.0 bref=0.00 pid=0.0 apid=0.0 integ=0.0 vision=1 current=1 vframe=96589 vs=1 vage=6 vpage=6 vdt=33 vmax=697384 vacc=57171 vrej=0 seq=0 elapsed=0 oled=3C
[   1687] STATUS mode=1 fault=none enc=313 denc=0 sreq=0 sapplied=0 crate=0 uimp=0 upos=0 uneg=0 ball=103.61 vball=0.26 aball=0.0 bref=0.00 pid=0.0 apid=0.0 integ=0.0 vision=1 current=1 vframe=96589 vs=1 vage=56 vpage=56 vdt=33 vmax=697384 vacc=57171 vrej=0 seq=0 elapsed=0 oled=3C
[   1750] STATUS mode=1 fault=none enc=313 denc=0 sreq=0 sapplied=0 crate=0 uimp=0 upos=0 uneg=0 ball=103.61 vball=0.13 aball=0.0 bref=0.00 pid=0.0 apid=0.0 integ=0.0 vision=1 current=1 vframe=96590 vs=1 vage=3 vpage=3 vdt=103 vmax=697384 vacc=57172 vrej=0 seq=0 elapsed=0 oled=3C
[   1796] STATUS mode=1 fault=none enc=313 denc=0 sreq=0 sapplied=0 crate=0 uimp=0 upos=0 uneg=0 ball=103.61 vball=0.01 aball=0.0 bref=0.00 pid=0.0 apid=0.0 integ=0.0 vision=1 current=1 vframe=96591 vs=1 vage=22 vpage=22 vdt=31 vmax=697384 vacc=57173 vrej=0 seq=0 elapsed=0 oled=3C
[   1843] STATUS mode=1 fault=none enc=313 denc=0 sreq=0 sapplied=0 crate=0 uimp=0 upos=0 uneg=0 ball=103.61 vball=-0.00 aball=0.0 bref=0.00 pid=0.0 apid=0.0 integ=0.0 vision=1 current=1 vframe=96592 vs=1 vage=39 vpage=39 vdt=33 vmax=697384 vacc=57174 vrej=0 seq=0 elapsed=0 oled=3C
[   1891] STATUS mode=1 fault=none enc=313 denc=0 sreq=0 sapplied=0 crate=0 uimp=0 upos=0 uneg=0 ball=103.61 vball=-0.00 aball=0.0 bref=0.00 pid=0.0 apid=0.0 integ=0.0 vision=1 current=1 vframe=96592 vs=1 vage=89 vpage=89 vdt=33 vmax=697384 vacc=57174 vrej=0 seq=0 elapsed=0 oled=3C
[   1937] STATUS mode=1 fault=none enc=313 denc=0 sreq=0 sapplied=0 crate=0 uimp=0 upos=0 uneg=0 ball=103.61 vball=-0.00 aball=0.0 bref=0.00 pid=0.0 apid=0.0 integ=0.0 vision=1 current=1 vframe=96594 vs=1 vage=6 vpage=6 vdt=31 vmax=697384 vacc=57176 vrej=0 seq=0 elapsed=0 oled=3C
[   2000] STATUS mode=1 fault=none enc=313 denc=0 sreq=0 sapplied=0 crate=0 uimp=0 upos=0 uneg=0 ball=103.61 vball=-0.00 aball=0.0 bref=0.00 pid=0.0 apid=0.0 integ=0.0 vision=1 current=1 vframe=96595 vs=1 vage=23 vpage=23 vdt=33 vmax=697384 vacc=57177 vrej=0 seq=0 elapsed=0 oled=3C
[   2046] STATUS mode=1 fault=none enc=313 denc=0 sreq=0 sapplied=0 crate=0 uimp=0 upos=0 uneg=0 ball=103.61 vball=-0.00 aball=0.0 bref=0.00 pid=0.0 apid=0.0 integ=0.0 vision=1 current=1 vframe=96595 vs=1 vage=73 vpage=73 vdt=33 vmax=697384 vacc=57177 vrej=0 seq=0 elapsed=0 oled=3C
[   2093] STATUS mode=1 fault=none enc=313 denc=0 sreq=0 sapplied=0 crate=0 uimp=0 upos=0 uneg=0 ball=103.61 vball=0.00 aball=0.0 bref=0.00 pid=0.0 apid=0.0 integ=0.0 vision=1 current=1 vframe=96597 vs=1 vage=6 vpage=6 vdt=22 vmax=697384 vacc=57179 vrej=0 seq=0 elapsed=0 oled=3C
[   2141] STATUS mode=1 fault=none enc=313 denc=0 sreq=0 sapplied=0 crate=0 uimp=0 upos=0 uneg=0 ball=103.61 vball=0.00 aball=0.0 bref=0.00 pid=0.0 apid=0.0 integ=0.0 vision=1 current=1 vframe=96598 vs=1 vage=23 vpage=23 vdt=33 vmax=697384 vacc=57180 vrej=0 seq=0 elapsed=0 oled=3C
[   2187] STATUS mode=1 fault=none enc=313 denc=0 sreq=0 sapplied=0 crate=0 uimp=0 upos=0 uneg=0 ball=103.61 vball=0.00 aball=0.0 bref=0.00 pid=0.0 apid=0.0 integ=0.0 vision=1 current=1 vframe=96598 vs=1 vage=73 vpage=73 vdt=33 vmax=697384 vacc=57180 vrej=0 seq=0 elapsed=0 oled=3C
[   2250] STATUS mode=1 fault=none enc=313 denc=0 sreq=0 sapplied=0 crate=0 uimp=0 upos=0 uneg=0 ball=103.61 vball=-0.00 aball=0.0 bref=0.00 pid=0.0 apid=0.0 integ=0.0 vision=1 current=1 vframe=96600 vs=1 vage=7 vpage=7 vdt=21 vmax=697384 vacc=57182 vrej=0 seq=0 elapsed=0 oled=3C
[   2296] STATUS mode=1 fault=none enc=313 denc=0 sreq=0 sapplied=0 crate=0 uimp=0 upos=0 uneg=0 ball=103.61 vball=-0.00 aball=0.0 bref=0.00 pid=0.0 apid=0.0 integ=0.0 vision=1 current=1 vframe=96601 vs=1 vage=24 vpage=24 vdt=33 vmax=697384 vacc=57183 vrej=0 seq=0 elapsed=0 oled=3C
[   2343] STATUS mode=1 fault=none enc=313 denc=0 sreq=0 sapplied=0 crate=0 uimp=0 upos=0 uneg=0 ball=103.61 vball=-0.00 aball=0.0 bref=0.00 pid=0.0 apid=0.0 integ=0.0 vision=1 current=1 vframe=96601 vs=1 vage=74 vpage=74 vdt=33 vmax=697384 vacc=57183 vrej=0 seq=0 elapsed=0 oled=3C
[   2391] STATUS mode=1 fault=none enc=313 denc=0 sreq=0 sapplied=0 crate=0 uimp=0 upos=0 uneg=0 ball=103.44 vball=-0.59 aball=0.0 bref=0.00 pid=0.0 apid=0.0 inte
[   2391] >>> stream off
[   2391] g=0.0 vision=1 current=1 vframe=96602 vs=1 vage=27 vpage=27 vdt=97 vmax=697384 vacc=57184 vrej=0 seq=0 elapsed=0 oled=3C
[   2391] OK stream off
[   2516] >>> status
[   2546] STATUS mode=1 fault=none enc=313 denc=0 sreq=0 sapplied=0 crate=0 uimp=0 upos=0 uneg=0 ball=103.37 vball=0.09 aball=0.0 bref=0.00 pid=0.0 apid=0.0 integ=0.0 vision=1 current=1 vframe=96606 vs=1 vage=11 vpage=11 vdt=20 vmax=697384 vacc=57188 vrej=0 seq=0 elapsed=0 oled=3C
