[      0] >>> bench on
[      0] OK stepper visual-only bench active; use zero before tests
[    125] >>> clear
[    125] OK fault cleared
[    250] >>> diag reset
[    250] OK actuator diagnostics reset
[    375] >>> gain ball 1.5 0 0.5 -1
[    391] OK ball gains kp=1.500 ki=0.000 kd=0.500 sign=-1
[    500] >>> gain accel 0
[    500] OK ball acceleration gain ka=0.000
[    625] >>> limit rate 30
[    641] OK ball rate limit=30 steps/s
[    750] >>> stream on 50
[    766] OK stream on 50 ms
[    829] STATUS mode=1 fault=none enc=313 denc=0 sreq=0 sapplied=0 crate=0 uimp=0 upos=0 uneg=0 ball=103.37 vball=0.00 aball=0.0 bref=0.00 pid=0.0 apid=0.0 integ=0.0 vision=1 current=1 vframe=97386 vs=1 vage=6 vpage=6 vdt=33 vmax=697384 vacc=57968 vrej=0 seq=0 elapsed=0 oled=3C
[    875] STATUS mode=1 fault=none enc=313 denc=0 sreq=0 sapplied=0 crate=0 uimp=0 upos=0 uneg=0 ball=103.37 vball=0.00 aball=0.
[    875] 0 bref=0.00 pid=0.0 apid=0.0 integ=0.0 vision=1 current=1 vframe=97386 vs=1 vage=56 vpage=56 vdt=33 vmax=697384 vacc=57968 vrej=0 seq=0 elapsed=0 oled=3C
[    938] STATUS mode=1 fault=none enc=313 denc=0 sreq=0 sapplied=0 crate=0 uimp=0 upos=0 uneg=0 ball=103.37 vball=0.00 aball=0.0 bref=0.00 pid=0.0 apid=0.0 integ=0.0 vision=1 current=1 vframe=97387 vs=1 vage=10 vpage=10 vdt=96 vmax=697384 vacc=57969 vrej=0 seq=0 elapsed=0 oled=3C
[    985] STATUS mode=1 fault=none enc=313 denc=0 sreq=0 sapplied=0 crate=0 uimp=0 upos=0 uneg=0 ball=103.37 vball=-0.00 aball=0.0 bref=0.00 pid=0.0 apid=0.0 integ=0.0 vision=1 current=1 vframe=97389 vs=1 vage=5 vpage=5 vdt=32 vmax=697384 vacc=57971 vrej=0 seq=0 elapsed=0 oled=3C
[   1032] STATUS mode=1 fault=none enc=313 denc=0 sreq=0 sapplied=0 crate=0 uimp=0 upos=0 uneg=0 ball=103.37 vball=-0.00 aball=0.0 bref=0.00 pid=0.0 apid=0.0 integ=0.0 vision=1 current=1 vframe=97389 vs=1 vage=55 vpage=55 vdt=32 vmax=697384 vacc=57971 vrej=0 seq=0 elapsed=0 oled=3C
[   1079] STATUS mode=1 fault=none enc=313 denc=0 sreq=0 sapplied=0 crate=0 uimp=0 upos=0 uneg=0 ball=103.37 vball=-0.00 aball=0.0 bref=0.00 pid=0.0 apid=0.0 integ=0.0 vision=1 current=1 vframe=97390 vs=1 vage=7 vpage=7 vdt=98 vmax=697384 vacc=57972 vrej=0 seq=0 elapsed=0 oled=3C
[   1125] STATUS mode=1 fault=none enc=313 denc=0 sreq=0 sapplied=0 crate=0 uimp=0 upos=0 uneg=0 ball=103.37 vball=0.00 aball=0.0 bref=0.00 pid=0.0 apid=0.0 integ=0.0 vision=1 current=1 vframe=97391 vs=1 vage=21 vpage=21 vdt=36 vmax=697384 vacc=57973 vrej=0 seq=0 elapsed=0 oled=3C
[   1188] STATUS mode=1 fault=none enc=313 denc=0 sreq=0 sapplied=0 crate=0 uimp=0 upos=0 uneg=0 ball=103.37 vball=0.00 aball=0.0 bref=0.00 pid=0.0 apid=0.0 integ=0.0 vision=1 current=1 vframe=97391 vs=1 vage=71 vpage=71 vdt=36 vmax=697384 vacc=57973 vrej=0 seq=0 elapsed=0 oled=3C
[   1235] STATUS mode=1 fault=none enc=313 denc=0 sreq=0 sapplied=0 crate=0 uimp=0 upos=0 uneg=0 ball=103.37 vball=0.00 aball=0.0 bref=0.00 pid=0.0 apid=0.0 integ=0.0 vision=1 current=1 vframe=97393 vs=1 vage=8 vpage=8 vdt=10 vmax=697384 vacc=57975 vrej=0 seq=0 elapsed=0 oled=3C
[   1282] STATUS mode=1 fault=none enc=313 denc=0 sreq=0 sapplied=0 crate=0 uimp=0 upos=0 uneg=0 ball=103.37 vball=-0.00 aball=0.0 bref=0.00 pid=0.0 apid=0.0 integ=0.0 vision=1 current=1 vframe=97395 vs=1 vage=4 vpage=4 vdt=34 vmax=697384 vacc=57977 vrej=0 seq=0 elapsed=0 oled=3C
[   1329] STATUS mode=1 fault=none enc=313 denc=0 sreq=0 sapplied=0 crate=0 uimp=0 upos=0 uneg=0 ball=103.37 vball=-0.00 aball=0.0 bref=0.00 pid=0.0 apid=0.0 integ=0.0 vision=1 current=1 vframe=97395 vs=1 vage=54 vpage=54 vdt=34 vmax=697384 vacc=57977 vrej=0 seq=0 elapsed=0 oled=3C
[   1375] STATUS mode=1 fault=none enc=313 denc=0 sreq=0 sapplied=0 crate=0 uimp=0 upos=0 uneg=0 ball=103.37 vball=-0.00 abal
[   1375] >>> ball 80
[   1375] l=0.0 bref=0.00 pid=0.0 apid=0.0 integ=0.0 vision=1 current=1 vframe=97396 vs=1 vage=5 vpage=5 vdt=99 vmax=697384 vacc=57978 vrej=0 seq=0 elapsed=0 oled=3C
[   1391] OK visual step-rate ball target=80.00 mm
[   1438] STATUS mode=3 fault=none enc=311 denc=0 sreq=30 sapplied=30 crate=30 uimp=900 upos=30 uneg=0 ball=103.60 vball=3.01 aball=0.0 bref=80.00 pid=30.0 apid=0.0 integ=-0.0 vision=1 current=1 vframe=97397 vs=1 vage=22 vpage=22 vdt=33 vmax=697384 vacc=57979 vrej=0 seq=0 elapsed=0 oled=3C
[   1485] STATUS mode=3 fault=none enc=309 denc=-1 sreq=30 sapplied=30 crate=30 uimp=2400 upos=80 uneg=0 ball=103.62 vball=1.84 aball=0.0 bref=80.00 pid=30.0 apid=0.0 integ=-0.0 vision=1 current=1 vframe=97398 vs=1 vage=38 vpage=38 vdt=34 vmax=697384 vacc=57980 vrej=0 seq=0 elapsed=0 oled=3C
[   1500] S
[   1532] TATUS mode=3 fault=none enc=308 denc=0 sreq=30 sapplied=30 crate=30 uimp=3900 upos=130 uneg=0 ball=103.62 vball=1.84 aball=0.0 bref=80.00 pid=30.0 apid=0.0 integ=-0.0 vision=1 current=1 vframe=97398 vs=1 vage=88 vpage=88 vdt=34 vmax=697384 vacc=57980 vrej=0 seq=0 elapsed=0 oled=3C
[   1579] STATUS mode=3 fault=none enc=306 denc=0 sreq=30 sapplied=30 crate=30 uimp=5400 upos=180 uneg=0 ball=103.37 vball=-0.37 aball=-4.3 bref=80.00 pid=30.0 apid=-0.0 integ=-0.0 vision=1 current=1 vframe=97400 vs=1 vage=5 vpage=5 vdt=37 vmax=697384 vacc=57982 vrej=0 seq=0 elapsed=0 oled=3C
[   1625] STATUS mode=3 fault=none enc=304 denc=0 sreq=30 sapplied=30 crate=30 uimp=6900 upos=230 uneg=0 ball=103.37 vball=-0.37 aball=-4.3 bref=80.00 pid=30.0 apid=-0.0 integ=-0.0 vision=1 current=1 vframe=97400 vs=1 vage=55 vpage=55 vdt=37 vmax=697384 vacc=57982 vrej=0 seq=0 elapsed=0 oled=3C
[   1688] STATUS mode=3 fault=none enc=302 denc=0 sreq=30 sapplied=30 crate=30 uimp=8400 upos=280 uneg=0 ball=103.37 vball=-0.17 aball=2.1 bref=80.00 pid=30.0 apid=0.0 integ=-0.0 vision=1 current=1 vframe=97401 vs=1 vage=2 vpage=2 vdt=103 vmax=697384 vacc=57983 vrej=0 seq=0 elapsed=0 oled=3C
[   1735] STATUS mode=3 fault=none enc=300 denc=0 sreq=30 sapplied=30 crate=30 uimp=9900 upos=330 uneg=0 ball=103.37 vball=0.02 aball=2.1 bref=80.00 pid=30.0 apid=0.0 integ=-0.0 vision=1 current=1 vframe=97403 vs=1 vage=22 vpage=22 vdt=21 vmax=697384 vacc=57985 vrej=0 seq=0 elapsed=0 oled=3C
[   1735] FAULT vision_timeout
[   1782] STATUS mode=5 fault=vision_timeout enc=313 denc=0 sreq=0 sapplied=0 crate=0 uimp=10200 upos=340 uneg=0 ball=103.37 vball=0.02 aball=0.0 bref=80.00 pid=0.0 apid=0.0 integ=0.0 vision=1 current=1 vframe=97404 vs=1 vage=39 vpage=39 vdt=33 vmax=697384 vacc=57986 vrej=0 seq=0 elapsed=0 oled=3C
[   1829] STATUS mode=5 fault=vision_timeout enc=313 denc=0 sreq=0 sapplied=0 crate=0 uimp=10200 upos=340 uneg=0 ball=103.37 vball=0.02 aball=0.0 bref=80.00 pid=0.0 apid=0.0 integ=0.0 vision=1 current=1 vframe=97404 vs=1 vage=89 vpage=89 vdt=33 vmax=697384 vacc=57986 vrej=0 seq=0 elapsed=0 oled=3C
[   1875] STATUS mode=5 fault=vision_timeout enc=313 denc=0 sreq=0 sapplied=0 crate=0 uimp=10200 upos=340 uneg=0 ball=103.37 vball=-0.00 aball=0.0 bref=80.00 pid=0.0 apid=0.0 integ=0.0 vision=1 current=1 vframe=97406 vs=1 vage=23 vpage=23 vdt=21 vmax=697384 vacc=57988 vrej=0 seq=0 elapsed=0 oled=3C
[   1938] STATUS mode=5 fault=vision_timeout enc=313 denc=0 sreq=0 sapplied=0 crate=0 uimp=10200 upos=340 uneg=0 ball=103.37 vball=-0.00 aball=0.0 bref=80.00 pid=0.0 apid=0.0 integ=0.0 vision=1 current=1 vframe=97407 vs=1 vage=39 vpage=39 vdt=34 vmax=697384 vacc=57989 vrej=0 seq=0 elapsed=0 oled=3C
[   1985] STATUS mode=5 fault=vision_timeout enc=313 denc=0 sreq=0 sapplied=0 crate=0 uimp=10200 upos=340 uneg=0 ball=103.37 vball=-0.00 aball=0.0 bref=80.00 pid=0.0 apid=0.0 integ=0.0 vision=1 current=1 vframe=97407 vs=1 vage=89 vpage=89 vdt=34 vmax=697384 vacc=57989 vrej=0 seq=0 elapsed=0 oled=3C
[   2032] STATUS mode=5 fault=vision_timeout enc=313 denc=0 sreq=0 sapplied=0 crate=0 uimp=10200 upos=340 uneg=0 ball=103.37 vball=0.00 aball=0.0 bref=80.00 pid=0.0 apid=0.0 integ=0.0 vision=1 current=1 vframe=97409 vs=1 vage=23 vpage=23 vdt=20 vmax=697384 vacc=57991 vrej=0 seq=0 elapsed=0 oled=3C
[   2079] STATUS mode=5 fault=vision_timeout enc=313 denc=0 sreq=0 sapplied=0 crate=0 uimp=10200 upos=340 uneg=0 ball=103.37 vball=0.00 aball=0.0 bref=80.00 pid=0.0 apid=0.0 integ=0.0 vision=1 current=1 vframe=97410 vs=1 vage=40 vpage=40 vdt=33 vmax=697384 vacc=57992 vrej=0 seq=0 elapsed=0 oled=3C
[   2125] STATUS mode=5 fault=vision_timeout enc=313 denc=0 sreq=0 sapplied=0 crate=0 uimp=10200 upos=340 uneg=0 ball=103.37 vball=0.00 aball=0.0 bref=80.00 pid=0.0 apid=0.0 integ=0.0 vision=1 current=1 vframe=97410 vs=1 vage=90 vpage=90 vdt=33 vmax=697384 vacc=57992 vrej=0 seq=0 elapsed=0 oled=3C
[   2188] STATUS mode=5 fault=vision_timeout enc=313 denc=0 sreq=0 sapplied=0 crate=0 uimp=10200 upos=340 uneg=0 ball=103.37 vball=-0.00 aball=0.0 bref=80.00 pid=0.0 apid=0.0 integ=0.0 vision=1 current=1 vframe=97412 vs=1 vage=21 vpage=21 vdt=23 vmax=697384 vacc=57994 vrej=0 seq=0 elapsed=0 oled=3C
[   2235] STATUS mode=5 fault=vision_timeout enc=313 denc=0 sreq=0 sapplied=0 crate=0 uimp=10200 upos=340 uneg=0 ball=103.37 vball=-0.00 aball=0.0 bref=80.00 pid=0.0 apid=0.0 integ=0.0 vision=1 current=1 vframe=97413 vs=1 vage=39 vpage=39 vdt=32 vmax=697384 vacc=57995 vrej=0 seq=0 elapsed=0 oled=3C
[   2282] STATUS mode=5 fault=vision_timeout enc=313 denc=0 sreq=0 sapplied=0 crate=0 uimp=10200 upos=340 uneg=0 ball=103.37 vball=-0.00 aball=0.0 bref=80.00 pid=0.0 apid=0.0 integ=0.0 vision=1 current=1 vframe=97413 vs=1 vage=89 vpage=89 vdt=32 vmax=697384 vacc=57995 vrej=0 seq=0 elapsed=0 oled=3C
[   2329] STATUS mode=5 fault=vision_timeout enc=313 denc=0 sreq=0 sapplied=0 crate=0 uimp=10200 upos=340 uneg=0 ball=103.37 vball=0.00 aball=0.0 bref=80.00 pid=0.0 apid=0.0 integ=0.0 vision=1 current=1 vframe=97415 vs=1 vage=23 vpage=23 vdt=21 vmax=697384 vacc=57997 vrej=0 seq=0 elapsed=0 oled=3C
[   2375] STATUS mode=5 fault=vision_timeout enc=313 denc=0 sreq=0 sapplied=0 crate=0 uimp=10200 upos=340 uneg=0 ball=103.37 vball=0.00 aball=0.0 bref=80.00 pid=0.0 apid=0.0 integ=0.0 vision=1 current=1 vframe=97416 vs=1 vage=39 vpage=39 vdt=34 vmax=697384 vacc=57998 vrej=0 seq=0 elapsed=0 oled=3C
[   2438] STATUS mode=5 fault=vision_timeout enc=313 denc=0 sreq=0 sapplied=0 crate=0 uimp=10200 upos=340 uneg=0 ball=103.37 vball=0.00 aball=0.0 bref=80.00 pid=0.0 apid=0.0 integ=0.0 vision=1 current=1 vframe=97416 vs=1 vage=89 vpage=89 vdt=34 vmax=697384 vacc=57998 vrej=0 seq=0 elapsed=0 oled=3C
[   2485] STATUS mode=5 fault=vision_timeout enc=313 denc=0 sreq=0 sapplied=0 crate=0 uimp=10200 upos=340 uneg=0 ball=103.60 vball=4.93 aball=0.0 bref=80.00 pid=0.0 apid=0.0 integ=0.0 vision=1 current=1 vframe=97418 vs=1 vage=22 vpage=22 vdt=20 vmax=697384 vacc=58000 vrej=0 seq=0 elapsed=0 oled=3C
[   2532] STATUS mode=5 fault=vision_timeout enc=313 denc=0 sreq=0 sapplied=0 crate=0 uimp=10200 upos=340 uneg=0 ball=103.63 vball=2.97 aball=0.0 bref=80.00 pid=0.0 apid=0.0 integ=0.0 vision=1 current=1 vframe=97419 vs=1 vage=39 vpage=39 vdt=33 vmax=697384 vacc=58001 vrej=0 seq=0 elapsed=0 oled=3C
[   2579] STATUS mode=5 fault=vision_timeout enc=313 denc=0 sreq=0 sapplied=0 crate=0 uimp=10200 upos=340 uneg=0 ball=103.63 vball=2.97 aball=0.0 bref=80.00 pid=0.0 apid=0.0 integ=0.0 vision=1 current=1 vframe=97419 vs=1 vage=89 vpage=89 vdt=33 vmax=697384 vacc=58001 vrej=0 seq=0 elapsed=0 oled=3C
[   2641] STATUS mode=5 fault=vision_timeout enc=313 denc=0 sreq=0 sapplied=0 crate=0 uimp=10200 upos=340 uneg=0 ball=103.61 vball=-0.18 aball=0.0 bref=80.00 pid=0.0 apid=0.0 integ=0.0 vision=1 current=1 vframe=97421 vs=1 vage=22 vpage=22 vdt=19 vmax=697384 vacc=58003 vrej=0 seq=0 elapsed=0 oled=3C
[   2688] STATUS mode=5 fault=vision_timeout enc=313 denc=0 sreq=0 sapplied=0 crate=0 uimp=10200 upos=340 uneg=0 ball=103.61 vball=-0.19 aball=0.0 bref=80.00 pid=0.0 apid=0.0 integ=0.0 vision=1 current=1 vframe=97422 vs=1 vage=39 vpage=39 vdt=33 vmax=697384 vacc=58004 vrej=0 seq=0 elapsed=0 oled=3C
[   2735] STATUS mode=5 fault=vision_timeout enc=313 denc=0 sreq=0 sapplied=0 crate=0 uimp=10200 upos=340 uneg=0 ball=103.61 vball=-0.19 aball=0.0 bref=80.00 pid=0.0 apid=0.0 integ=0.0 vision=1 current=1 vframe=97422 vs=1 vage=89 vpage=89 vdt=33 vmax=697384 vacc=58004 vrej=0 seq=0 elapsed=0 oled=3C
[   2782] STATUS mode=5 fault=vision_timeout enc=313 denc=0 sreq=0 sapplied=0 crate=0 uimp=10200 upos=340 uneg=0 ball=103.61 vball=0.01 aball=0.0 bref=80.00 pid=0.0 apid=0.0 integ=0.0 vision=1 current=1 vframe=97424 vs=1 vage=22 vpage=22 vdt=20 vmax=697384 vacc=58006 vrej=0 seq=0 elapsed=0 oled=3C
[   2829] STATUS mode=5 fault=vision_timeout enc=313 denc=0 sreq=0 sapplied=0 crate=0 uimp=10200 upos=340 uneg=0 ball=103.61 vball=0.01 aball=0.0 bref=80.00 pid=0.0 apid=0.0 integ=0.0 vision=1 current=1 vframe=97425 vs=1 vage=39 vpage=39 vdt=33 vmax=697384 vacc=58007 vrej=0 seq=0 elapsed=0 oled=3C
[   2891] STATUS mode=5 fault=vision_timeout enc=313 denc=0 sreq=0 sapplied=0 crate=0 uimp=10200 upos=340 uneg=0 ball=103.61 vball=0.01 aball=0.0 bref=80.00 pid=0.0 apid=0.0 integ=0.0 vision=1 current=1 vframe=97425 vs=1 vage=89 vpage=89 vdt=33 vmax=697384 vacc=58007 vrej=0 seq=0 elapsed=0 oled=3C
[   2938] STATUS mode=5 fault=vision_timeout enc=313 denc=0 sreq=0 sapplied=0 crate=0 uimp=10200 upos=340 uneg=0 ball=103.61 vball=-0.00 aball=0.0 bref=80.00 pid=0.0 apid=0.0 integ=0.0 vision=1 current=1 vframe=97427 vs=1 vage=22 vpage=22 vdt=22 vmax=697384 vacc=58009 vrej=0 seq=0 elapsed=0 oled=3C
[   2985] STATUS mode=5 fault=vision_timeout enc=313 denc=0 sreq=0 sapplied=0 crate=0 uimp=10200 upos=340 uneg=0 ball=103.61 vball=-0.00 aball=0.0 bref=80.00 pid=0.0 apid=0.0 integ=0.0 vision=1 current=1 vframe=97428 vs=1 vage=39 vpage=39 vdt=33 vmax=697384 vacc=58010 vrej=0 seq=0 elapsed=0 oled=3C
[   3032] STATUS mode=5 fault=vision_timeout enc=313 denc=0 sreq=0 sapplied=0 crate=0 uimp=10200 upos=340 uneg=0 ball=103.61 vball=-0.00 aball=0.0 bref=80.00 pid=0.0 apid=0.0 integ=0.0 vision=1 current=1 vframe=97428 vs=1 vage=89 vpage=89 vdt=33 vmax=697384 vacc=58010 vrej=0 seq=0 elapsed=0 oled=3C
[   3079] STATUS mode=5 fault=vision_timeout enc=313 denc=0 sreq=0 sapplied=0 crate=0 uimp=10200 upos=340 uneg=0 ball=103.61 vball=0.00 aball=0.0 bref=80.00 pid=0.0 apid=0.0 integ=0.0 vision=1 current=1 vframe=97430 vs=1 vage=6 vpage=6 vdt=36 vmax=697384 vacc=58012 vrej=0 seq=0 elapsed=0 oled=3C
[   3125] STATUS mode=5 fault=vision_timeout enc=313 denc=0 sreq=0 sapplied=0 crate=0 uimp=10200 upos=340 uneg=0 ball=103.61 vball=0.00 aball=0.0 bref=80.00 pid=0.0 apid=0.0 integ=0.0 vision=1 current=1 vframe=97430 vs=1 vage=56 vpage=56 vdt=36 vmax=697384 vacc=58012 vrej=0 seq=0 elapsed=0 oled=3C
[   3188] STATUS mode=5 fault=vision_timeout enc=313 denc=0 sreq=0 sapplied=0 crate=0 uimp=10200 upos=340 uneg=0 ball=103.61 vball=0.00 aball=0.0 bref=80.00 pid=0.0 apid=0.0 integ=0.0 vision=1 current=1 vframe=97431 vs=1 vage=2 vpage=2 vdt=104 vmax=697384 vacc=58013 vrej=0 seq=0 elapsed=0 oled=3C
[   3235] STATUS mode=5 fault=vision_timeout enc=313 denc=0 sreq=0 sapplied=0 crate=0 uimp=10200 upos=340 uneg=0 ball=103.37 vball=-1.81 aball=0.0 bref=80.00 pid=0.0 apid=0.0 integ=0.0 vision=1 current=1 vframe=97433 vs=1 vage=19 vpage=19 vdt=23 vmax=697384 vacc=58015 vrej=0 seq=0 elapsed=0 oled=3C
[   3282] STATUS mode=5 fault=vision_timeout enc=313 denc=0 sreq=0 sapplied=0 crate=0 uimp=10200 upos=340 uneg=0 ball=103.36 vball=-1.04 aball=0.0 bref=80.00 pid=0.0 apid=0.0 integ=0.0 vision=1 current=1 vframe=97434 vs=1 vage=40 vpage=40 vdt=29 vmax=697384 vacc=58016 vrej=0 seq=0 elapsed=0 oled=3C
[   3329] STATUS mode=5 fault=vision_timeout enc=313 denc=0 sreq=0 sapplied=0 crate=0 uimp=10200 upos=340 uneg=0 ball=103.36 vball=-1.04 aball=0.0 bref=80.00 pid=0.0 apid=0.0 integ=0.0 vision=1 current=1 vframe=97434 vs=1 vage=90 vpage=90 vdt=29 vmax=697384 vacc=58016 vrej=0 seq=0 elapsed=0 oled=3C
[   3375] STATUS mode=5 fault=vision_timeout enc=313 denc=0 sreq=0 sapplied=0 crate=0 uimp=10200 upos=340 uneg=0 ball=103.62 vball=0.63 aball=0.0 bref=80.00 pid=0.0 apid=0.0 integ=0.0 vision=1 current=1 vframe=97436 vs=1 vage=7 vpage=7 vdt=29 vmax=697384 vacc=58018 vrej=0 seq=0 elapsed=0 oled=3C
[   3438] STATUS mode=5 fault=vision_timeout enc=313 denc=0 sreq=0 sapplied=0 crate=0 uimp=10200 upos=340 uneg=0 ball=103.61 vball=0.26 aball=0.0 bref=80.00 pid=0.0 apid=0.0 integ=0.0 vision=1 current=1 vframe=97437 vs=1 vage=23 vpage=23 vdt=34 vmax=697384 vacc=58019 vrej=0 seq=0 elapsed=0 oled=3C
[   3485] STATUS mode=5 fault=vision_timeout enc=313 denc=0 sreq=0 sapplied=0 crate=0 uimp=10200 upos=340 uneg=0 ball=103.61 vball=0.26 aball=0.0 bref=80.00 pid=0.0 apid=0.0 integ=0.0 vision=1 current=1 vframe=97437 vs=1 vage=73 vpage=73 vdt=34 vmax=697384 vacc=58019 vrej=0 seq=0 elapsed=0 oled=3C
[   3532] STATUS mode=5 fault=vision_timeout enc=313 denc=0 sreq=0 sapplied=0 crate=0 uimp=10200 upos=340 uneg=0 ball=103.61 vball=0.13 aball=0.0 bref=80.00 pid=0.0 apid=0.0 integ=0.0 vision=1 current=1 vframe=97438 vs=1 vage=22 vpage=22 vdt=101 vmax=697384 vacc=58020 vrej=0 seq=0 elapsed=0 oled=3C
[   3579] STATUS mode=5 fault=vision_timeout enc=313 denc=0 sreq=0 sapplied=0 crate=0 uimp=10200 upos=340 uneg=0 ball=103.61 vball=-0.00 aball=0.0 bref=80.00 pid=0.0 apid=0.0 integ=0.0 vision=1 current=1 vframe=97440 vs=1 vage=7 vpage=7 vdt=33 vmax=697384 vacc=58022 vrej=0 seq=0 elapsed=0 oled=3C
[   3641] STATUS mode=5 fault=vision_timeout enc=313 denc=0 sreq=0 sapplied=0 crate=0 uimp=10200 upos=340 uneg=0 ball=103.61 vball=-0.00 aball=0.0 bref=80.00 pid=0.0 apid=0.0 integ=0.0 vision=1 current=1 vframe=97440 vs=1 vage=57 vpage=57 vdt=33 vmax=697384 vacc=58022 vrej=0 seq=0 elapsed=0 oled=3C
[   3688] STATUS mode=5 fault=vision_timeout enc=313 denc=0 sreq=0 sapplied=0 crate=0 uimp=10200 upos=340 uneg=0 ball=103.61 vball=-0.00 aball=0.0 bref=80.00 pid=0.0 apid=0.0 integ=0.0 vision=1 current=1 vframe=97441 vs=1 vage=1 vpage=1 vdt=106 vmax=697384 vacc=58023 vrej=0 seq=0 elapsed=0 oled=3C
[   3735] STATUS mode=5 fault=vision_timeout enc=313 denc=0 sreq=0 sapplied=0 crate=0 uimp=10200 upos=340 uneg=0 ball=103.37 vball=-3.99 aball=0.0 bref=80.00 pid=0.0 apid=0.0 integ=0.0 vision=1 current=1 vframe=97442 vs=1 vage=23 vpage=23 vdt=28 vmax=697384 vacc=58024 vrej=0 seq=0 elapsed=0 oled=3C
[   3782] STATUS mode=5 fault=vision_timeout enc=313 denc=0 sreq=0 sapplied=0 crate=0 uimp=10200 upos=340 uneg=0 ball=103.35 vball=-2.34 aball=0.0 bref=80.00 pid=0.0 apid=0.0 integ=0.0 vision=1 current=1 vframe=97443 vs=1 vage=40 vpage=40 vdt=33 vmax=697384 vacc=58025 vrej=0 seq=0 elapsed=0 oled=3C
[   3829] STATUS mode=5 fault=vision_timeout enc=313 denc=0 sreq=0 sapplied=0 crate=0 uimp=10200 upos=340 uneg=0 ball=103.35 vball=-2.34 aball=0.0 bref=80.00 pid=0.0 apid=0.0 integ=0.0 vision=1 current=1 vframe=97443 vs=1 vage=90 vpage=90 vdt=33 vmax=697384 vacc=58025 vrej=0 seq=0 elapsed=0 oled=3C
[   3891] STATUS mode=5 fault=vision_timeout enc=313 denc=0 sreq=0 sapplied=0 crate=0 uimp=10200 upos=340 uneg=0 ball=103.60 vball=2.98 aball=0.0 bref=80.00 pid=0.0 apid=0.0 integ=0.0 vision=1 current=1 vframe=97445 vs=1 vage=7 vpage=7 vdt=33 vmax=697384 vacc=58027 vrej=0 seq=0 elapsed=0 oled=3C
[   3938] STATUS mode=5 fault=vision_timeout enc=313 denc=0 sreq=0 sapplied=0 crate=0 uimp=10200 upos=340 uneg=0 ball=103.62 vball=1.91 aball=0.0 bref=80.00 pid=0.0 apid=0.0 integ=0.0 vision=1 current=1 vframe=97446 vs=1 vage=12 vpage=12 vdt=45 vmax=697384 vacc=58028 vrej=0 seq=0 elapsed=0 oled=3C
[   3985] STATUS mode=5 fault=vision_timeout enc=313 denc=0 sreq=0 sapplied=0 crate=0 uimp=10200 upos=340 uneg=0 ball=103.62 vball=1.91 aball=0.0 bref=80.00 pid=0.0 apid=0.0 integ=0.0 vision=1 current=1 vframe=97446 vs=1 vage=62 vpage=62 vdt=45 vmax=697384 vacc=58028 vrej=0 seq=0 elapsed=0 oled=3C
[   4032] STATUS mode=5 fault=vision_timeout enc=313 denc=0 sreq=0 sapplied=0 crate=0 uimp=10200 upos=340 uneg=0 ball=103.65 vball=1.07 aball=0.0 bref=80.00 pid=0.0 apid=0.0 integ=0.0 vision=1 current=1 vframe=97448 vs=1 vage=10 vpage=10 vdt=11 vmax=697384 vacc=58030 vrej=0 seq=0 elapsed=0 oled=3C
[   4079] STATUS mode=5 fault=vision_timeout enc=313 denc=0 sreq=0 sapplied=0 crate=0 uimp=10200 upos=340 uneg=0 ball=103.54 vball=-0.41 aball=0.0 bref=80.00 pid=0.0 apid=0.0 integ=0.0 vision=1 current=1 vframe=97450 vs=1 vage=5 vpage=5 vdt=35 vmax=697384 vacc=58032 vrej=0 seq=0 elapsed=0 oled=3C
[   4141] STATUS mode=5 fault=vision_timeout enc=313 denc=0 sreq=0 sapplied=0 crate=0 uimp=10200 upos=340 uneg=0 ball=103.54 vball=-0.41 aball=0.0 bref=80.00 pid=0.0 apid=0.0 integ=0.0 vision=1 current=1 vframe=97450 vs=1 vage=55 vpage=55 vdt=35 vmax=697384 vacc=58032 vrej=0 seq=0 elapsed=0 oled=3C
[   4188] STATUS mode=5 fault=vision_timeout enc=313 denc=0 sreq=0 sapplied=0 crate=0 uimp=10200 upos=340 uneg=0 ball=103.54 vball=-0.41 aball=0.0 bref=80.00 pid=0.0 apid=0.0 integ=0.0 vision=1 current=1 vframe=97450 vs=1 vage=105 vpage=105 vdt=35 vmax=697384 vacc=58032 vrej=0 seq=0 elapsed=0 oled=3C
[   4235] STATUS mode=5 fault=vision_timeout enc=313 denc=0 sreq=0 sapplied=0 crate=0 uimp=10200 upos=340 uneg=0 ball=103.61 vball=0.33 aball=0.0 bref=80.00 pid=0.0 apid=0.0 integ=0.0 vision=1 current=1 vframe=97451 vs=1 vage=3 vpage=3 vdt=152 vmax=697384 vacc=58033 vrej=0 seq=0 elapsed=0 oled=3C
[   4282] STATUS mode=5 fault=vision_timeout enc=313 denc=0 sreq=0 sapplied=0 crate=0 uimp=10200 upos=340 uneg=0 ball=103.61 vball=0.09 aball=0.0 bref=80.00 pid=0.0 apid=0.0 integ=0.0 vision=1 current=1 vframe=97453 vs=1 vage=3 vpage=3 vdt=10 vmax=697384 vacc=58035 vrej=0 seq=0 elapsed=0 oled=3C
[   4329] STATUS mode=5 fault=vision_timeout enc=313 denc=0 sreq=0 sapplied=0 crate=0 uimp=10200 upos=340 uneg=0 ball=103.61 vball=0.09 aball=0.0 bref=80.00 pid=0.0 apid=0.0 integ=0.0 vision=1 current=1 vframe=97453 vs=1 vage=53 vpage=53 vdt=10 vmax=697384 vacc=58035 vrej=0 seq=0 elapsed=0 oled=3C
[   4391] STATUS mode=5 fault=vision_timeout enc=313 denc=0 sreq=0 sapplied=0 crate=0 uimp=10200 upos=340 uneg=0 ball=103.61 vball=0.09 aball=0.0 bref=80.00 pid=0.0 apid=0.0 integ=0.0 vision=1 current=1 vframe=97453 vs=1 vage=103 vpage=103 vdt=10 vmax=697384 vacc=58035 vrej=0 seq=0 elapsed=0 oled=3C
[   4438] STATUS mode=5 fault=vision_timeout enc=313 denc=0 sreq=0 sapplied=0 crate=0 uimp=10200 upos=340 uneg=0 ball=103.61 vball=-0.00 aball=0.0 bref=80.00 pid=0.0 apid=0.0 integ=0.0 vision=1 current=1 vframe=97456 vs=1 vage=5 vpage=5 vdt=29 vmax=697384 vacc=58038 vrej=0 seq=0 elapsed=0 oled=3C
[   4485] STATUS mode=5 fault=vision_timeout enc=313 denc=0 sreq=0 sapplied=0 crate=0 uimp=10200 upos=340 uneg=0 ball=103.61 vball=-0.00 aball=0.0 bref=80.00 pid=0.0 apid=0.0 integ=0.0 vision=1 current=1 vframe=97457 vs=1 vage=24 vpage=24 vdt=31 vmax=697384 vacc=58039 vrej=0 seq=0 elapsed=0 oled=3C
[   4532] STATUS mode=5 fault=vision_timeout enc=313 denc=0 sreq=0 sapplied=0 crate=0 uimp=10200 upos=340 uneg=0 ball=103.61 vball=-0.00 aball=0.0 bref=80.00 pid=0.0 apid=0.0 integ=0.0 vision=1 current=1 vframe=97457 vs=1 vage=74 vpage=74 vdt=31 vmax=697384 vacc=58039 vrej=0 seq=0 elapsed=0 oled=3C
[   4579] STATUS mode=5 fault=vision_timeout enc=313 denc=0 sreq=0 sapplied=0 crate=0 uimp=10200 upos=340 uneg=0 ball=103.61 vball=-0.00 aball=0.0 bref=80.00 pid=0.0 apid=0.0 integ=0.0 vision=1 current=1 vframe=97458 vs=1 vage=20 vpage=20 vdt=104 vmax=697384 vacc=58040 vrej=0 seq=0 elapsed=0 oled=3C
[   4641] STATUS mode=5 fault=vision_timeout enc=313 denc=0 sreq=0 sapplied=0 crate=0 uimp=10200 upos=340 uneg=0 ball=103.61 vball=0.00 aball=0.0 bref=80.00 pid=0.0 apid=0.0 integ=0.0 vision=1 current=1 vframe=97460 vs=1 vage=8 vpage=8 vdt=33 vmax=697384 vacc=58042 vrej=0 seq=0 elapsed=0 oled=3C
[   4688] STATUS mode=5 fault=vision_timeout enc=313 denc=0 sreq=0 sapplied=0 crate=0 uimp=10200 upos=340 uneg=0 ball=103.61 vball=0.00 aball=0.0 bref=80.00 pid=0.0 apid=0.0 integ=0.0 vision=1 current=1 vframe=97460 vs=1 vage=58 vpage=58 vdt=33 vmax=697384 vacc=58042 vrej=0 seq=0 elapsed=0 oled=3C
[   4735] STATUS mode=5 fault=vision_timeout enc=313 denc=0 sreq=0 sapplied=0 crate=0 uimp=10200 upos=340 uneg=0 ball=103.61 vball=0.00 aball=0.0 bref=80.00 pid=0.0 apid=0.0 integ=0.0 vision=1 current=1 vframe=97461 vs=1 vage=11 vpage=11 vdt=97 vmax=697384 vacc=58043 vrej=0 seq=0 elapsed=0 oled=3C
[   4782] STATUS mode=5 fault=vision_timeout enc=313 denc=0 sreq=0 sapplied=0 crate=0 uimp=10200 upos=340 uneg=0 ball=103.61 vball=0.00 aball=0.0 bref=80.00 pid=0.0 apid=0.0 integ=0.0 vision=1 current=1 vframe=97463 vs=1 vage=8 vpage=8 vdt=31 vmax=697384 vacc=58045 vrej=0 seq=0 elapsed=0 oled=3C
[   4829] STATUS mode=5 fault=vision_timeout enc=313 denc=0 sreq=0 sapplied=0 crate=0 uimp=10200 upos=340 uneg=0 ball=103.61 vball=0.00 aball=0.0 bref=80.00 pid=0.0 apid=0.0 integ=0.0 vision=1 current=1 vframe=97463 vs=1 vage=58 vpage=58 vdt=31 vmax=697384 vacc=58045 vrej=0 seq=0 elapsed=0 oled=3C
[   4891] STATUS mode=5 fault=vision_timeout enc=313 denc=0 sreq=0 sapplied=0 crate=0 uimp=10200 upos=340 uneg=0 ball=103.61 vball=0.00 aball=0.0 bref=80.00 pid=0.0 apid=0.0 integ=0.0 vision=1 current=1 vframe=97464 vs=1 vage=4 vpage=4 vdt=104 vmax=697384 vacc=58046 vrej=0 seq=0 elapsed=0 oled=3C
[   4938] STATUS mode=5 fault=vision_timeout enc=313 denc=0 sreq=0 sapplied=0 crate=0 uimp=10200 upos=340 uneg=0 ball=103.61 vball=-0.00 aball=0.0 bref=80.00 pid=0.0 apid=0.0 integ=0.0 vision=1 current=1 vframe=97465 vs=1 vage=24 vpage=24 vdt=30 vmax=697384 vacc=58047 vrej=0 seq=0 elapsed=0 oled=3C
[   4985] STATUS mode=5 fault=vision_timeout enc=313 denc=0 sreq=0 sapplied=0 crate=0 uimp=10200 upos=340 uneg=0 ball=103.61 vball=-0.00 aball=0.0 bref=80.00 pid=0.0 apid=0.0 integ=0.0 vision=1 current=1 vframe=97466 vs=1 vage=41 vpage=41 vdt=33 vmax=697384 vacc=58048 vrej=0 seq=0 elapsed=0 oled=3C
[   5032] STATUS mode=5 fault=vision_timeout enc=313 denc=0 sreq=0 sapplied=0 crate=0 uimp=10200 upos=340 uneg=0 ball=103.61 vball=-0.00 aball=0.0 bref=80.00 pid=0.0 apid=0.0 integ=0.0 vision=1 current=1 vframe=97466 vs=1 vage=91 vpage=91 vdt=33 vmax=697384 vacc=58048 vrej=0 seq=0 elapsed=0 oled=3C
[   5079] STATUS mode=5 fault=vision_timeout enc=313 denc=0 sreq=0 sapplied=0 crate=0 uimp=10200 upos=340 uneg=0 ball=103.36 vball=-0.49 aball=0.0 bref=80.00 pid=0.0 apid=0.0 integ=0.0 vision=1 current=1 vframe=97468 vs=1 vage=20 vpage=20 vdt=21 vmax=697384 vacc=58050 vrej=0 seq=0 elapsed=0 oled=3C
[   5141] STATUS mode=5 fault=vision_timeout enc=313 denc=0 sreq=0 sapplied=0 crate=0 uimp=10200 upos=340 uneg=0 ball=103.37 vball=-0.13 aball=0.0 bref=80.00 pid=0.0 apid=0.0 integ=0.0 vision=1 current=1 vframe=97469 vs=1 vage=41 vpage=41 vdt=29 vmax=697384 vacc=58051 vrej=0 seq=0 elapsed=0 oled=3C
[   5188] STATUS mode=5 fault=vision_timeout enc=313 denc=0 sreq=0 sapplied=0 crate=0 uimp=10200 upos=340 uneg=0 ball=103.37 vball=-0.13 aball=0.0 bref=80.00 pid=0.0 apid=0.0 integ=0.0 vision=1 current=1 vframe=97469 vs=1 vage=91 vpage=91 vdt=29 vmax=697384 vacc=58051 vrej=0 seq=0 elapsed=0 oled=3C
[   5235] STATUS mode=5 fault=vision_timeout enc=313 denc=0 sreq=0 sapplied=0 crate=0 uimp=10200 upos=340 uneg=0 ball=103.37 vball=-0.00 aball=0.0 bref=80.00 pid=0.0 apid=0.0 integ=0.0 vision=1 current=1 vframe=97471 vs=1 vage=7 vpage=7 vdt=31 vmax=697384 vacc=58053 vrej=0 seq=0 elapsed=0 oled=3C
[   5282] STATUS mode=5 fault=vision_timeout enc=313 denc=0 sreq=0 sapplied=0 crate=0 uimp=10200 upos=340 uneg=0 ball=103.37 vball=0.00 aball=0.0 bref=80.00 pid=0.0 apid=0.0 integ=0.0 vision=1 current=1 vframe=97472 vs=1 vage=24 vpage=24 vdt=33 vmax=697384 vacc=58054 vrej=0 seq=0 elapsed=0 oled=3C
[   5329] STATUS mode=5 fault=vision_timeout enc=313 denc=0 sreq=0 sapplied=0 crate=0 uimp=10200 upos=340 uneg=0 ball=103.37 vball=0.00 aball=0.0 bref=80.00 pid=0.0 apid=0.0 integ=0.0 vision=1 current=1 vframe=97472 vs=1 vage=74 vpage=74 vdt=33 vmax=697384 vacc=58054 vrej=0 seq=0 elapsed=0 oled=3C
[   5391] STATUS mode=5 fault=vision_timeout enc=313 denc=0 sreq=0 sapplied=0 crate=0 uimp=10200 upos=340 uneg=0 ball=103.37 vball=0.00 aball=0.0 bref=80.00 pid=0.0 apid=0.0 integ=0.0 vision=1 current=1 vframe=97473 vs=1 vage=24 vpage=24 vdt=100 vmax=697384 vacc=58055 vrej=0 seq=0 elapsed=0 oled=3C
[   5438] STATUS mode=5 fault=vision_timeout enc=313 denc=0 sreq=0 sapplied=0 crate=0 uimp=10200 upos=340 uneg=0 ball=103.37 vball=0.00 aball=0.0 bref=80.00 pid=0.0 apid=0.0 integ=0.0 vision=1 current=1 vframe=97475 vs=1 vage=8 vpage=8 vdt=33 vmax=697384 vacc=58057 vrej=0 seq=0 elapsed=0 oled=3C
[   5485] STATUS mode=5 fault=vision_timeout enc=313 denc=0 sreq=0 sapplied=0 crate=0 uimp=10200 upos=340 uneg=0 ball=103.37 vball=0.00 aball=0.0 bref=80.00 pid=0.0 apid=0.0 integ=0.0 vision=1 current=1 vframe=97475 vs=1 vage=58 vpage=58 vdt=33 vmax=697384 vacc=58057 vrej=0 seq=0 elapsed=0 oled=3C
[   5532] STATUS mode=5 fault=vision_timeout enc=313 denc=0 sreq=0 sapplied=0 crate=0 uimp=10200 upos=340 uneg=0 ball=103.37 vball=0.00 aball=0.0 bref=80.00 pid=0.0 apid=0.0 integ=0.0 vision=1 current=1 vframe=97476 vs=1 vage=11 vpage=11 vdt=97 vmax=697384 vacc=58058 vrej=0 seq=0 elapsed=0 oled=3C
[   5579] STATUS mode=5 fault=vision_timeout enc=313 denc=0 sreq=0 sapplied=0 crate=0 uimp=10200 upos=340 uneg=0 ball=103.37 vball=-0.00 aball=0.0 bref=80.00 pid=0.0 apid=0.0 integ=0.0 vision=1 current=1 vframe=97477 vs=1 vage=24 vpage=24 vdt=37 vmax=697384 vacc=58059 vrej=0 seq=0 elapsed=0 oled=3C
[   5641] STATUS mode=5 fault=vision_timeout enc=313 denc=0 sreq=0 sapplied=0 crate=0 uimp=10200 upos=340 uneg=0 ball=103.37 vball=-0.00 aball=0.0 bref=80.00 pid=0.0 apid=0.0 integ=0.0 vision=1 current=1 vframe=97477 vs=1 vage=74 vpage=74 vdt=37 vmax=697384 vacc=58059 vrej=0 seq=0 elapsed=0 oled=3C
[   5688] STATUS mode=5 fault=vision_timeout enc=313 denc=0 sreq=0 sapplied=0 crate=0 uimp=10200 upos=340 uneg=0 ball=103.37 vball=-0.00 aball=0.0 bref=80.00 pid=0.0 apid=0.0 integ=0.0 vision=1 current=1 vframe=97479 vs=1 vage=5 vpage=5 vdt=10 vmax=697384 vacc=58061 vrej=0 seq=0 elapsed=0 oled=3C
[   5735] STATUS mode=5 fault=vision_timeout enc=313 denc=0 sreq=0 sapplied=0 crate=0 uimp=10200 upos=340 uneg=0 ball=103.37 vball=-0.00 aball=0.0 bref=80.00 pid=0.0 apid=0.0 integ=0.0 vision=1 current=1 vframe=97480 vs=1 vage=23 vpage=23 vdt=32 vmax=697384 vacc=58062 vrej=0 seq=0 elapsed=0 oled=3C
[   5782] STATUS mode=5 fault=vision_timeout enc=313 denc=0 sreq=0 sapplied=0 crate=0 uimp=10200 upos=340 uneg=0 ball=103.37 vball=0.00 aball=0.0 bref=80.00 pid=0.0 apid=0.0 integ=0.0 vision=1 current=1 vframe=97481 vs=1 vage=39 vpage=39 vdt=34 vmax=697384 vacc=58063 vrej=0 seq=0 elapsed=0 oled=3C
[   5829] STATUS mode=5 fault=vision_timeout enc=313 denc=0 sreq=0 sapplied=0 crate=0 uimp=10200 upos=340 uneg=0 ball=103.37 vball=0.00 aball=0.0 bref=80.00 pid=0.0 apid=0.0 integ=0.0 vision=1 current=1 vframe=97481 vs=1 vage=89 vpage=89 vdt=34 vmax=697384 vacc=58063 vrej=0 seq=0 elapsed=0 oled=3C
[   5891] STATUS mode=5 fault=vision_timeout enc=313 denc=0 sreq=0 sapplied=0 crate=0 uimp=10200 upos=340 uneg=0 ball=103.37 vball=-0.00 aball=0.0 bref=80.00 pid=0.0 apid=0.0 integ=0.0 vision=1 current=1 vframe=97483 vs=1 vage=8 vpage=8 vdt=22 vmax=697384 vacc=58065 vrej=0 seq=0 elapsed=0 oled=3C
[   5938] STATUS mode=5 fault=vision_timeout enc=313 denc=0 sreq=0 sapplied=0 crate=0 uimp=10200 upos=340 uneg=0 ball=103.37 vball=-0.00 aball=0.0 bref=80.00 pid=0.0 apid=0.0 integ=0.0 vision=1 current=1 vframe=97484 vs=1 vage=24 vpage=24 vdt=34 vmax=697384 vacc=58066 vrej=0 seq=0 elapsed=0 oled=3C
[   5985] STATUS mode=5 fault=vision_timeout enc=313 denc=0 sreq=0 sapplied=0 crate=0 uimp=10200 upos=340 uneg=0 ball=103.37 vball=-0.00 aball=0.0 bref=80.00 pid=0.0 apid=0.0 integ=0.0 vision=1 current=1 vframe=97484 vs=1 vage=74 vpage=74 vdt=34 vmax=697384 vacc=58066 vrej=0 seq=0 elapsed=0 oled=3C
[   6032] STATUS mode=5 fault=vision_timeout enc=313 denc=0 sreq=0 sapplied=0 crate=0 uimp=10200 upos=340 uneg=0 ball=103.37 vball=-0.00 aball=0.0 bref=80.00 pid=0.0 apid=0.0 integ=0.0 vision=1 current=1 vframe=97485 vs=1 vage=21 vpage=21 vdt=103 vmax=697384 vacc=58067 vrej=0 seq=0 elapsed=0 oled=3C
[   6079] STATUS mode=5 fault=vision_timeout enc=313 denc=0 sreq=0 sapplied=0 crate=0 uimp=10200 upos=340 uneg=0 ball=103.60 vball=3.11 aball=0.0 bref=80.00 pid=0.0 apid=0.0 integ=0.0 vision=1 current=1 vframe=97487 vs=1 vage=8 vpage=8 vdt=33 vmax=697384 vacc=58069 vrej=0 seq=0 elapsed=0 oled=3C
[   6141] STATUS mode=5 fault=vision_timeout enc=313 denc=0 sreq=0 sapplied=0 crate=0 uimp=10200 upos=340 uneg=0 ball=103.60 vball=3.11 aball=0.0 bref=80.00 pid=0.0 apid=0.0 integ=0.0 vision=1 current=1 vframe=97487 vs=1 vage=58 vpage=58 vdt=33 vmax=697384 vacc=58069 vrej=0 seq=0 elapsed=0 oled=3C
[   6188] STATUS mode=5 fault=vision_timeout enc=313 denc=0 sreq=0 sapplied=0 crate=0 uimp=10200 upos=340 uneg=0 ball=103.60 vball=3.11 aball=0.0 bref=80.00 pid=0.0 apid=0.0 integ=0.0 vision=1 current=1 vframe=97487 vs=1 vage=108 vpage=108 vdt=33 vmax=697384 vacc=58069 vrej=0 seq=0 elapsed=0 oled=3C
[   6235] STATUS mode=5 fault=vision_timeout enc=313 denc=0 sreq=0 sapplied=0 crate=0 uimp=10200 upos=340 uneg=0 ball=103.62 vball=-0.02 aball=0.0 bref=80.00 pid=0.0 apid=0.0 integ=0.0 vision=1 current=1 vframe=97489 vs=1 vage=23 vpage=23 vdt=20 vmax=697384 vacc=58071 vrej=0 seq=0 elapsed=0 oled=3C
[   6282] STATUS mode=5 fault=vision_timeout enc=313 denc=0 sreq=0 sapplied=0 crate=0 uimp=10200 upos=340 uneg=0 ball=103.61 vball=-0.16 aball=0.0 bref=80.00 pid=0.0 apid=0.0 integ=0.0 vision=1 current=1 vframe=97490 vs=1 vage=42 vpage=42 vdt=31 vmax=697384 vacc=58072 vrej=0 seq=0 elapsed=0 oled=3C
[   6329] STATUS mode=5 fault=vision_timeout enc=313 denc=0 sreq=0 sapplied=0 crate=0 uimp=10200 upos=340 uneg=0 ball=103.61 vball=-0.16 aball=0.0 bref=80.00 pid=0.0 apid=0.0 integ=0.0 vision=1 current=1 vframe=97490 vs=1 vage=92 vpage=92 vdt=31 vmax=697384 vacc=58072 vrej=0 seq=0 elapsed=0 oled=3C
[   6391] STATUS mode=5 fault=vision_timeout enc=313 denc=0 sreq=0 sapplied=0 crate=0 uimp=10200 upos=340 uneg=0 ball=103.61 vball=-0.00 aball=0.0 bref=80.00 pid=0.0 apid=0.0 integ=0.0 vision=1 current=1 vframe=97492 vs=1 vage=20 vpage=20 vdt=24 vmax=697384 vacc=58074 vrej=0 seq=0 elapsed=0 oled=3C
[   6438] STATUS mode=5 fault=vision_timeout enc=313 denc=0 sreq=0 sapplied=0 crate=0 uimp=10200 upos=340 uneg=0 ball=103.61 vball=0.01 aball=0.0 bref=80.00 pid=0.0 apid=0.0 integ=0.0 vision=1 current=1 vframe=97493 vs=1 vage=42 vpage=42 vdt=28 vmax=697384 vacc=58075 vrej=0 seq=0 elapsed=0 oled=3C
[   6485] STATUS mode=5 fault=vision_timeout enc=313 denc=0 sreq=0 sapplied=0 crate=0 uimp=10200 upos=340 uneg=0 ball=103.61 vball=0.01 aball=0.0 bref=80.00 pid=0.0 apid=0.0 integ=0.0 vision=1 current=1 vframe=97493 vs=1 vage=92 vpage=92 vdt=28 vmax=697384 vacc=58075 vrej=0 seq=0 elapsed=0 oled=3C
[   6516] S
[   6516] >>> stop
[   6532] TATUS mode=5 fault=vision_timeout enc=313 denc=0 sreq=0 sapplied=0 crate=0 uimp=10200 upos=340 uneg=0 ball=103.61 vball=0.00 aball=0.0 bref=80.00 pid=0.0 apid=0.0 integ=0.0 vision=1 current=1 vframe=97495 vs=1 vage=9 vpage=9 vdt=11 vmax=697384 vacc=58077 vrej=0 seq=0 elapsed=0 oled=3C
[   6532] OK stopped
[   6579] STATUS mode=1 fault=none enc=313 denc=0 sreq=0 sapplied=0 crate=0 uimp=10200 upos=340 uneg=0 ball=103.61 vball=-0.00 aball=0.0 bref=80.00 pid=0.0 apid=0.0 integ=0.0 vision=1 current=1 vframe=97497 vs=1 vage=7 vpage=7 vdt=33 vmax=697384 vacc=58079 vrej=0 seq=0 elapsed=0 oled=3C
[   6641] STATUS mode=1 fault=none enc=313 denc=0 sreq=0 sapplied=0 crate=0 uimp=10200 upos=340 uneg=0 ball=103.61 vball=-0.00 aball=0.0 bref=80.00 pid=0.0 apid=0.0 integ=0.0 vision=1 current=1 vframe=97497 vs=1 vage=57 vpage=57 vdt=33 vmax=697384 vacc=58079 vrej=0 seq=0 elapsed=0 
[   6641] oled=3C
[   6688] STATUS mode=1 fault=none enc=313 denc=0 sreq=0 sapplied=0 crate=0 uimp=10200 upos=340 uneg=0 ball=103.61 vball=-0.00 aball=0.0 bref=80.00 pid=0.0 apid=0.0 integ=0.0 vision=1 current=1 vframe=97498 vs=1 vage=9 vpage=9 vdt=98 vmax=697384 vacc=58080 vrej=0 seq=0 elapsed=0 oled=3C
[   6735] STATUS mode=1 fault=none enc=313 denc=0 sreq=0 sapplied=0 crate=0 uimp=10200 upos=340 uneg=0 ball=103.61 vball=0.00 aball=0.0 bref=80.00 pid=0.0 apid=0.0 integ=0.0 vision=1 current=1 vframe=97500 vs=1 vage=8 vpage=8 vdt=30 vmax=697384 vacc=58082 vrej=0 seq=0 elapsed=0 oled=3C
[   6782] STATUS mode=1 fault=none enc=313 denc=0 sreq=0 sapplied=0 crate=0 uimp=10200 upos=340 uneg=0 ball=103.61 vball=0.00 aball=0.0 bref=80.00 pid=0.0 apid=0.0 integ=0.0 vision=1 current=1 vframe=97500 vs=1 vage=58 vpage=58 vdt=30 vmax=697384 vacc=58082 vrej=0 seq=0 elapsed=0 oled=3C
[   6829] STATUS mode=1 fault=none enc=313 denc=0 sreq=0 sapplied=0 crate=0 uimp=10200 upos=340 uneg=0 ball=103.61 vball=0.00 aball=0.0 bref=80.00 pid=0.0 apid=0.0 integ=0.0 vision=1 current=1 vframe=97501 vs=1 vage=8 vpage=8 vdt=100 vmax=697384 vacc=58083 vrej=0 seq=0 elapsed=0 oled=3C
[   6891] STATUS mode=1 fault=none enc=313 denc=0 sreq=0 sapplied=0 crate=0 uimp=10200 upos=340 uneg=0 ball=103.61 vball=0.00 aball=0.0 bref=80.00 pid=0.0 apid=0.0 integ=0.0 vision=1 current=1 vframe=97502 vs=1 vage=25 vpage=25 vdt=33 vmax=697384 vacc=58084 vrej=0 seq=0 elapsed=0 oled=3C
[   6938] STATUS mode=1 fault=none enc=313 denc=0 sreq=0 sapplied=0 crate=0 uimp=10200 upos=340 uneg=0 ball=103.61 vball=0.00 aball=0.0 bref=80.00 pid=0.0 apid=0.0 integ=0.0 vision=1 current=1 vframe=97503 vs=1 vage=42 vpage=42 vdt=33 vmax=697384 vacc=58085 vrej=0 seq=0 elapsed=0 oled=3C
[   6985] STATUS mode=1 fault=none enc=313 denc=0 sreq=0 sapplied=0 crate=0 uimp=10200 upos=340 uneg=0 ball=103.61 vball=0.00 aball=0.0 bref=80.00 pid=0.0 apid=0.0 integ=0.0 vision=1 current=1 vframe=97503 vs=1 vage=92 vpage=92 vdt=33 vmax=697384 vacc=58085 vrej=0 seq=0 elapsed=0 oled=3C
[   7032] STATUS mode=1 fault=none enc=313 denc=0 sreq=0 sapplied=0 crate=0 uimp=10200 upos=340 uneg=0 ball=103.61 vball=-0.00 aball=0.0 bref=80.00 pid=0.0 apid=0.0 integ=0.0 vision=1 current=1 vframe=97505 vs=1 vage=8 vpage=8 vdt=31 vmax=697384 vacc=58087 vrej=0 seq=0 elapsed=0 oled=3C
[   7079] STATUS mode=1 fault=none enc=313 denc=0 sreq=0 sapplied=0 crate=0 uimp=10200 upos=340 uneg=0 ball=103.61 vball=-0.00 aball=0.0 bref=80.00 pid=0.0 apid=0.0 integ=0.0 vision=1 current=1 vframe=97506 vs=1 vage=24 vpage=24 vdt=34 vmax=697384 vacc=58088 vrej=0 seq=0 elapsed=0 oled=3C
[   7141] STATUS mode=1 fault=none enc=313 denc=0 sreq=0 sapplied=0 crate=0 uimp=10200 upos=340 uneg=0 ball=103.61 vball=-0.00 aball=0.0 bref=80.00 pid=0.0 apid=0.0 integ=0.0 vision=1 current=1 vframe=97506 vs=1 vage=74 vpage=74 vdt=34 vmax=697384 vacc=58088 vrej=0 seq=0 elapsed=0
[   7141] >>> stream off
[   7141]  oled=3C
[   7141] OK stream off
[   7313] >>> status
[   7344] STATUS mode=1 fault=none enc=313 denc=0 sreq=0 sapplied=0 crate=0 uimp=10200 upos=340 uneg=0 ball=103.30 vball=-2.53 aball=0.0 bref=80.00 pid=0.0 apid=0.0 integ=0.0 vision=1 current=1 vframe=97510 vs=1 vage=16 vpage=16 vdt=102 vmax=697384 vacc=58092 vrej=0 seq=0 elapsed=0 oled=3C
