[      0] >>> bench on
[      0] OK stepper visual-only bench active; command pose preserved
[    125] >>> stop
[    125] OK stopped
[    250] >>> stream on 20
[    250] OK stream on 20 ms
[    296] STATUS mode=1 fault=none enc=-874 denc=0 sreq=0 sapplied=0 crate=0 uimp=0 upos=0 uneg=0 ball=108.36 vball=-0.36 aball=0.0 bref=0.00 pid=0.0 pref=-1096.3 ppos=-1096.3 apid=0.0 integ=0.0 vision=1 current=1 vframe=20994 vs=1 vage=19 vpage=19 vdt=33 vmax=130413 vacc=17029 vrej=0 seq=0 elapsed=0 oled=3C
[    327] STATUS mode=1 fault=none enc=-874 denc=0 sreq=0 sapplied=0 crate=0 uimp=0 upos=0 uneg=0 ball=108.36 vball=-0.23 aball=0.0 bref=0.00 pid=0.0 pref=-1096.3 ppos=-1096.3 apid=0.0 integ=0.0 vision=1 current=1 vframe=20995 vs=1 vage=6 vpage=6 vdt=33 vmax=130413 vacc=17030 vrej=0 seq=0 elapsed=0 oled=3C
[    343] STATUS mode=1 fault=none enc=-874 denc=0 sreq=0 sapplied=0 crate=0 uimp=0 upos=0 uneg=0 ball=108.36 vball=-0.23 aball=0.0 bref=0.00 pid=0.0 pref=-1096.3 ppos=-1096.3 apid=0.0 integ=0.0 vision=1 current=1 vframe=20995 vs=1 vage=26 vpage=26 vdt=33 vmax=130413 vacc=17030 vrej=0 seq=0 elapsed=0 oled=3C
[    375] STATUS mode=1 fault=none enc=-874 denc=0 sreq=0 sapplied=0 crate=0 uimp=0 upos=0 uneg=0 ball=108.38 vball=-0.01 aball=0.0 bref=0.00 pid=0.0 pref=-1096.3 ppos=-1096.3 apid=0.0 integ=0.0 vision=1 current=1 vframe=20996 vs=1 vage=12 vpage=12 vdt=34
[    375]  vmax=130413 vacc=17031 vrej=0 seq=0 elapsed=0 oled=3C
[    389] STATUS mode=1 fault=none enc=-874 denc=0 sreq=0 sapplied=0 crate=0 uimp=0 upos=0 uneg=0 ball=108.39 vball=0.05 aball=0.0 bref=0.00 pid=0.0 pref=-1096.3 ppos=-1096.3 apid=0.0 integ=0.0 vision=1 current=1 vframe=20997 vs=1 vage=19 vpage=19 vdt=33 vmax=130413 vacc=17032 vrej=0 seq=0 elapsed=0 oled=3C
[    421] STATUS mode=1 fault=none enc=-874 denc=0 sreq=0 sapplied=0 crate=0 uimp=0 upos=0 uneg=0 ball=108.38 vball=-0.04 aball=0.0 bref=0.00 pid=0.0 pref=-1096.3 ppos=-1096.3 apid=0.0 integ=0.0 vision=1 current=1 vframe=20998 vs=1 vage=5 vpage=5 vdt=34 vmax=130413 vacc=17033 vrej=0 seq=0 elapsed=0 oled=3C
[    452] STATUS mode=1 fault=none enc=-874 denc=0 sreq=0 sapplied=0 crate=0 uimp=0 upos=0 uneg=0 ball=108.38 vball=-0.04 aball=0.0 bref=0.00 pid=0.0 pref=-1096.3 ppos=-1096.3 apid=0.0 integ=0.0 vision=1 current=1 vframe=20998 vs=1 vage=25 vpage=25 vdt=34 vmax=130413 vacc=17033 vrej=0 seq=0 elapsed=0 oled=3C
[    483] STATUS mode=1 fault=none enc=-874 denc=0 sreq=0 sapplied=0 crate=0 uimp=0 upos=0 uneg=0 ball=108.37 vball=-0.11 aball=0.0 bref=0.00 pid=0.0 pref=-1096.3 ppos=-1096.3 apid=0.0 integ=0.0 vision=1 current=1 vframe=20999 vs=1 vage=32 vpage=32 vdt=33 vmax=130413 vacc=17034 vrej=0 seq=0 elapsed=0 oled=3C
[    500] STATUS mode=1 fault=none enc=-874 denc=0 sreq=0 sapplied=0 crate=0 uimp=0 upos=0 uneg=0 ball=108.37 vball=-0.10 aball=0.0 bref=0.00 pid=0.0 pref=-1096.3 ppos=-1096.3 apid=0.0 integ=0.0 vision=1 current=1 vframe=21000 vs=1 vage=19 vpage=19 vdt=33 vmax=130413 vacc=17035 vrej=0 seq=0 elapsed=0 oled=3C
[    530] STATUS mode=1 fault=none enc=-874 denc=0 sreq=0 sapplied=0 crate=0 uimp=0 upos=0 uneg=0 ball=108.37 vball=-0.07 aball=0.0 bref=0.00 pid=0.0 pref=-1096.3 ppos=-1096.3 apid=0.0 integ=0.0 vision=1 current=1 vframe=21007 vs=1 vage=5 vpage=5 vdt=34 vmax=130413 vacc=17042 vrej=0 seq=0 elapsed=0 oled=3C
[    561] STATUS mode=1 fault=none enc=-874 denc=0 sreq=0 sapplied=0 crate=0 uimp=0 upos=0 uneg=0 ball=108.37 vball=-0.05 aball=0.0 bref=0.00 pid=0.0 pref=-1096.3 ppos=-1096.3 apid=0.0 integ=0.0 vision=1 current=1 vframe=21008 vs=1 vage=12 vpage=12 vdt=33 vmax=130413 vacc=17043 vrej=0 seq=0 elapsed=0 oled=3C
[    577] STATUS mode=1 fault=none enc=-874 denc=0 sreq=0 sapplied=0 crate=0 uimp=0 upos=0 uneg=0 ball=108.37 vball=-0.05 aball=0.0 bref=0.00 pid=0.0 pref=-1096.3 ppos=-1096.3 apid=0.0 integ=0.0 vision=1 current=1 vframe=21008 vs=1 vage=32 vpage=32 vdt=33 vmax=130413 vacc=17043 vrej=0 seq=0 elapsed=0 oled=3C
[    608] STATUS mode=1 fault=none enc=-874 denc=0 sreq=0 sapplied=0 crate=0 uimp=0 upos=0 uneg=0 ball=108.37 vball=-0.03 aball=0.0 bref=0.00 pid=0.0 pref=-1096.3 ppos=-1096.3 apid=0.0 integ=0.0 vision=1 current=1 vframe=21009 vs=1 vage=19 vpage=19 vdt=33 vmax=130413 vacc=17044 vrej=0 seq=0 elapsed=0 oled=3C
[    639] STATUS mode=1 fault=none enc=-874 denc=0 sreq=0 sapplied=0 crate=0 uimp=0 upos=0 uneg=0 ball=108.37 vball=-0.02 aball=0.0 bref=0.00 pid=0.0 pref=-1096.3 ppos=-1096.3 apid=0.0 integ=0.0 vision=1 current=1 vframe=21010 vs=1 vage=6 vpage=6 vdt=33 vmax=130413 vacc=17045 vrej=0 seq=0 elapsed=0 oled=3C
[    655] STATUS mode=1 fault=none enc=-874 denc=0 sreq=0 sapplied=0 crate=0 uimp=0 upos=0 uneg=0 ball=108.37 vball=-0.01 aball=0.0 bref=0.00 pid=0.0 pref=-1096.3 ppos=-1096.3 apid=0.0 integ=0.0 vision=1 current=1 vframe=21011 vs=1 vage=12 vpage=12 vdt=34 vmax=130413 vacc=17046 vrej=0 seq=0 elapsed=0 oled=3C
[    686] STATUS mode=1 fault=none enc=-874 denc=0 sreq=0 sapplied=0 crate=0 uimp=0 upos=0 uneg=0 ball=108.37 vball=-0.01 aball=0.0 bref=0.00 pid=0.0 pref=-1096.3 ppos=-1096.3 apid=0.0 integ=0.0 vision=1 current=1 vframe=21011 vs=1 vage=32 vpage=32 vdt=34 vmax=130413 vacc=17046 vrej=0 seq=0 elapsed=0 oled=3C
[    718] STATUS mode=1 fault=none enc=-874 denc=0 sreq=0 sapplied=0 crate=0 uimp=0 upos=0 uneg=0 ball=108.37 vball=-0.01 aball=0.0 bref=0.00 pid=0.0 pref=-1096.3 ppos=-1096.3 apid=0.0 integ=0.0 vision=1 current=1 vframe=21012 vs=1 vage=19 vpage=19 vdt=33 vmax=130413 vacc=17047 vrej=0 seq=0 elapsed=0 oled=3C
[    733] STATUS mode=1 fault=none enc=-874 denc=0 sreq=0 sapplied=0 crate=0 uimp=0 upos=0 uneg=0 ball=108.37 vball=-0.00 aball=0.0 bref=0.00 pid=0.0 pref=-1096.3 ppos=-1096.3 apid=0.0 integ=0.0 vision=1 current=1 vframe=21013 vs=1 vage=25 vpage=25 vdt=34 vmax=130413 vacc=17048 vrej=0 seq=0 elapsed=0 oled=3C
[    764] STATUS mode=1 fault=none enc=-874 denc=0 sreq=0 sapplied=0 crate=0 uimp=0 upos=0 uneg=0 ball=108.37 vball=-0.00 aball=0.0 bref=0.00 pid=0.0 pref=-1096.3 ppos=-1096.3 apid=0.0 integ=0.0 vision=1 current=1 vframe=21014 vs=1 vage=12 vpage=12 vdt=33 vmax=130413 vacc=17049 vrej=0 seq=0 elapsed=0 oled=3C
[    796] STATUS mode=1 fault=none enc=-874 denc=0 sreq=0 sapplied=0 crate=0 uimp=0 upos=0 uneg=0 ball=108.37 vball=-0.00 aball=0.0 bref=0.00 pid=0.0 pref=-1096.3 ppos=-1096.3 apid=0.0 integ=0.0 vision=1 current=1 vframe=21014 vs=1 vage=32 vpage=32 vdt=33 vmax=130413 vacc=17049 vrej=0 seq=0 elapsed=0 oled=3C
[    811] STATUS mode=1 fault=none enc=-874 denc=0 sreq=0 sapplied=0 crate=0 uimp=0 upos=0 uneg=0 ball=108.46 vball=0.78 aball=0.0 bref=0.00 pid=0.0 pref=-1096.3 ppos=-1096.3 apid=0.0 integ=0.0 vision=1 current=1 vframe=21016 vs=1 vage=4 vpage=4 vdt=35 vmax=130413 vacc=17051 vrej=0 seq=0 elapsed=0 oled=3C
[    843] STATUS mode=1 fault=none enc=-874 denc=0 sreq=0 sapplied=0 crate=0 uimp=0 upos=0 uneg=0 ball=108.46 vball=0.78 aball=0.0 bref=0.00 pid=0.0 pref=-1096.3 ppos=-1096.3 apid=0.0 integ=0.0 vision=1 current=1 vframe=21016 vs=1 vage=24 vpage=24 vdt=35 vmax=130413 vacc=17051 vrej=0 seq=0 elapsed=0 oled=3C
[    875] STATUS mode=1 fault=none enc=-874 denc=0 sreq=0 sapplied=0 crate=0 uimp=0 upos=0 uneg=0 ball=108.40 vball=-0.01 aball=0.0 bref=0.00 pid=0.0 pref=-1096.3 ppos=-1096.3 apid=0.0 integ=0.0 vision=1 current=1 vframe=21017 vs=1 vage=13 vpage=13 vdt=31 vmax=130413 vacc=17052 vrej=0 seq=0 elap
[    875] >>> stream off
[    875] sed=0 oled=3C
[    875] OK stream off
