[     15] >>> stream on 20
[     15] OK stream on 20 ms
[     45] STATUS mode=1 fault=none p60=-62 dp60=0 pwm=0 ball=10.99 vball=-0.04 bref=0.00 pid=7.9 integ=5.1 vision=1 current=1 vframe=40783 seq=0 elapsed=0 oled=3C
[     61] STATUS mode=1 fault=none p60=-62 dp60=0 pwm=0 ball=10.99 vball=-0.04 bref=0.00 pid=7.9 integ=5.1 vision=1 current=1 vframe=40783 seq=0 elapsed=0 oled=3C
[     77] STATUS mode=1 fault=none p60=-62 dp60=0 pwm=0 ball=10.99 vball=-0.03 bref=0.00 pid=7.9 integ=5.1 vision=1 current=1 vframe=40784 seq=0 elapsed=0 oled=3C
[    108] STATUS mode=1 fault=none p60=-62 dp60=0 pwm=0 ball=10.93 vball=-0.54 bref=0.00 pid=7.9 integ=5.1 vision=1 current=1 vframe=40785 seq=0 elapsed=0 oled=3C
[    125] STATUS mode=1 fault=none p60=-62 dp60=0 pwm=0 ball=10.93 vball=-0.54 bref=0.00 pid=7.9 i
[    125] nteg=5.1 vision=1 current=1 vframe=40785 seq=0 elapsed=0 oled=3C
[    140] STATUS mode=1 fault=none p60=-62 dp60=0 pwm=0 ball=10.92 vball=-0.48 bref=0.00 pid=7.9 integ=5.1 vision=1 current=1 vframe=40786 seq=0 elapsed=0 oled=3C
[    156] STATUS mode=1 fault=none p60=-62 dp60=0 pwm=0 ball=10.92 vball=-0.48 bref=0.00 pid=7.9 integ=5.1 vision=1 current=1 vframe=40786 seq=0 elapsed=0 oled=3C
[    186] STATUS mode=1 fault=none p60=-62 dp60=0 pwm=0 ball=10.92 vball=-0.48 bref=0.00 pid=7.9 integ=5.1 vision=1 current=1 vframe=40786 seq=0 elapsed=0 oled=3C
[    202] STATUS mode=1 fault=none p60=-62 dp60=0 pwm=0 ball=10.92 vball=-0.48 bref=0.00 pid=7.9 integ=5.1 vision=1 current=1 vframe=40786 seq=0 elapsed=0 oled=3C
[    217] STATUS mode=1 fault=none p60=-62 dp60=0 pwm=0 ball=10.92 vball=-0.48 bref=0.00 pid=7.9 integ=5.1 vision=1 current=1 vframe=40786 seq=0 elapsed=0 oled=3C
[    250] STATUS mode=1 fault=none p60=-62 dp60=0 pwm=0 ball=10.92 vball=-0.36 bref=0.00 pid=7.9 integ=5.1 vision=1 current=1 vframe=40787 seq=0 elapsed=0 oled=3C
[    265] STATUS mode=1 fault=none p60=-62 dp60=0 pwm=0 ball=10.91 vball=-0.38 bref=0.00 pid=7.9 integ=5.1 vision=1 current=1 vframe=40788 seq=0 elapsed=0 oled=3C
[    281] STATUS mode=1 fault=none p60=-62 dp60=0 pwm=0 ball=10.91 vball=-0.28 bref=0.00 pid=7.9 integ=5.1 vision=1 current=1 vframe=40789 seq=0 elapsed=0 oled=3C
[    295] STATUS mode=1 fault=none p60=-62 dp60=0 pwm=0 ball=10.91 vball=-0.28 bref=0.00 pid=7.9 integ=5.1 vision=1 current=1 vframe=40789 seq=0 elapsed=0 oled=3C
[    327] STATUS mode=1 fault=none p60=-62 dp60=0 pwm=0 ball=10.91 vball=-0.28 bref=0.00 pid=7.9 integ=5.1 vision=1 current=1 vframe=40789 seq=0 elapsed=0 oled=3C
[    342] STATUS mode=1 fault=none p60=-62 dp60=0 pwm=0 ball=10.91 vball=-0.28 bref=0.00 pid=7.9 integ=5.1 vision=1 current=1 vframe=40789 seq=0 elapsed=0 oled=3C
[    358] STATUS mode=1 fault=none p60=-62 dp60=0 pwm=0 ball=10.91 vball=-0.28 bref=0.00 pid=7.9 integ=5.1 vision=1 current=1 vframe=40789 seq=0 elapsed=0 oled=3C
[    390] STATUS mode=1 fault=none p60=-62 dp60=0 pwm=0 ball=10.90 vball=-0.24 bref=0.00 pid=7.9 integ=5.1 vision=1 current=1 vframe=40790 seq=0 elapsed=0 oled=3C
[    406] STATUS mode=1 fault=none p60=-62 dp60=0 pwm=0 ball=10.78 vball=-1.21 bref=0.00 pid=7.9 integ=5.1 vision=1 current=1 vframe=40791 seq=0 elapsed=0 oled=3C
[    420] STATUS mode=1 fault=none p60=-62 dp60=0 pwm=0 ball=10.78 vball=-1.21 bref=0.00 pid=7.9 integ=5.1 vision=1 current=1 vframe=40791 seq=0 elapsed=0 oled=3C
[    436] STATUS mode=1 fault=none p60=-62 dp60=0 pwm=0 ball=10.77 vball=-0.99 bref=0.00 pid=7.9 integ=5.1 vision=1 current=1 vframe=40792 seq=0 elapsed=0 oled=3C
[    467] STATUS mode=1 fault=none p60=-62 dp60=0 pwm=0 ball=10.77 vball=-0.99 bref=0.00 pid=7.9 integ=5.1 vision=1 current=1 vframe=40792 seq=0 elapsed=0 oled=3C
[    483] STATUS mode=1 fault=none p60=-62 dp60=0 pwm=0 ball=10.77 vball=-0.99 bref=0.00 pid=7.9 integ=5.1 vision=1 current=1 vframe=40792 seq=0 elapsed=0 oled=3C
[    500] STATUS mode=1 fault=none p60=-62 dp60=0 pwm=0 ball=10.77 vball=-0.99 bref=0.00 pid=7.9 integ=5.1 vision=1 current=1 vframe=40792 seq=0 elapsed=0 oled=3C
[    531] STATUS mode=1 fault=none p60=-62 dp60=0 pwm=0 ball=10.76 vball=-0.77 bref=0.00 pid=7.9 integ=5.1 vision=1 current=1 vframe=40793 seq=0 elapsed=0 oled=3C
[    545] STATUS mode=1 fault=none p60=-62 dp60=0 pwm=0 ball=10.76 vball=-0.77 bref=0.00 pid=7.9 integ=5.1 vision=1 current=1 vframe=40793 seq=0 elapsed=0 oled=3C
[    561] STATUS mode=1 fault=none p60=-62 dp60=0 pwm=0 ball=10.79 vball=-0.32 bref=0.00 pid=7.9 integ=5.1 vision=1 current=1 vframe=40794 seq=0 elapsed=0 oled=3C
[    577] STATUS mode=1 fault=none p60=-62 dp60=0 pwm=0 ball=10.93 vball=0.82 bref=0.00 pid=7.9 integ=5.1 vision=1 current=1 vframe=40795 seq=0 elapsed=0 oled=3C
[    608] STATUS mode=1 fault=none p60=-62 dp60=0 pwm=0 ball=10.93 vball=0.82 bref=0.00 pid=7.9 integ=5.1 vision=1 current=1 vframe=40795 seq=0 elapsed=0 oled=3C
[    625] STATUS mode=1 fault=none p60=-62 dp60=0 pwm=0 ball=10.93 vball=0.82 bref=0.00 pid=7.9 integ=5.1 vision=1 current=1 vframe=40795 seq=0 elapsed=0 oled=3C
[    640] STATUS mode=1 fault=none p60=-62 dp60=0 pwm=0 ball=10.93 vball=0.82 bref=0.00 pid=7.9 integ=5.1 vision=1 current=1 vframe=40795 seq=0 elapsed=0 oled=3C
[    656] STATUS mode=1 fault=none p60=-62 dp60=0 pwm=0 ball=10.93 vball=0.82 bref=0.00 pid=7.9 integ=5.1 vision=1 current=1 vframe=40795 seq=0 elapsed=0 oled=3C
[    686] STATUS mode=1 fault=none p60=-62 dp60=0 pwm=0 ball=10.97 vball=0.73 bref=0.00 pid=7.9 integ=5.1 vision=1 current=1 vframe=40796 seq=0 elapsed=0 oled=3C
[    702] STATUS mode=1 fault=none p60=-62 dp60=0 pwm=0 ball=10.97 vball=0.55 bref=0.00 pid=7.9 integ=5.1 vision=1 current=1 vframe=40797 seq=0 elapsed=0 oled=3C
[    717] STATUS mode=1 fault=none p60=-62 dp60=0 pwm=0 ball=10.97 vball=0.55 bref=0.00 pid=7.9 integ=5.1 vision=1 current=1 vframe=40797 seq=0 elapsed=0 oled=3C
[    750] STATUS mode=1 fault=none p60=-62 dp60=0 pwm=0 ball=10.97 vball=0.41 bref=0.00 pid=7.9 integ=5.1 vision=1 current=1 vframe=40798 seq=0 elapsed=0 oled=3C
[    765] STATUS mode=1 fault=none p60=-62 dp60=0 pwm=0 ball=10.97 vball=0.41 bref=0.00 pid=7.9 integ=5.1 vision=1 current=1 vframe=40798 seq=0 elapsed=0 oled=3C
[    781] STATUS mode=1 fault=none p60=-62 dp60=0 pwm=0 ball=10.97 vball=0.41 bref=0.00 pid=7.9 integ=5.1 vision=1 current=1 vframe=40798 seq=0 elapsed=0 oled=3C
[    795] STATUS mode=1 fault=none p60=-62 dp60=0 pwm=0 ball=10.97 vball=0.41 bref=0.00 pid=7.9 integ=5.1 vision=1 current=1 vframe=40798 seq=0 elapsed=0 oled=3C
[    827] STATUS mode=1 fault=none p60=-62 dp60=0 pwm=0 ball=10.97 vball=0.41 bref=0.00 pid=7.9 integ=5.1 vision=1 current=1 vframe=40798 seq=0 elapsed=0 oled=3C
[    842] STATUS mode=1 fault=none p60=-62 dp60=0 pwm=0 ball=11.04 vball=0.50 bref=0.00 pid=7.9 integ=5.1 vision=1 current=1 vframe=40799 seq=0 elapsed=0 oled=3C
[    858] STATUS mode=1 fault=none p60=-62 dp60=0 pwm=0 ball=11.04 vball=0.38 bref=0.00 pid=7.9 integ=5.1 vision=1 current=1 vframe=40800 seq=0 elapsed=0 oled=3C
[    890] STATUS mode=1 fault=none p60=-62 dp60=0 pwm=0 ball=11.04 vball=0.38 bref=0.00 pid=7.9 integ=5.1 vision=1 current=1 vframe=40800 seq=0 elapsed=0 oled=3C
[    906] STATUS mode=1 fault=none p60=-62 dp60=0 pwm=0 ball=10.97 vball=-0.25 bref=0.00 pid=7.9 integ=5.1 vision=1 current=1 vframe=40801 seq=0 elapsed=0 oled=3C
[    920] STATUS mode=1 fault=none p60=-62 dp60=0 pwm=0 ball=10.97 vball=-0.25 bref=0.00 pid=7.9 integ=5.1 vision=1 current=1 vframe=40801 seq=0 elapsed=0 oled=3C
[    936] STATUS mode=1 fault=none p60=-62 dp60=0 pwm=0 ball=10.97 vball=-0.25 bref=0.00 pid=7.9 integ=5.1 vision=1 current=1 vframe=40801 seq=0 elapsed=0 oled=3C
[    967] STATUS mode=1 fault=none p60=-62 dp60=0 pwm=0 ball=10.97 vball=-0.25 bref=0.00 pid=7.9 integ=5.1 vision=1 current=1 vframe=40801 seq=0 elapsed=0 oled=3C
[    983] STATUS mode=1 fault=none p60=-62 dp60=0 pwm=0 ball=10.98 vball=-0.16 bref=0.00 pid=7.9 integ=5.1 vision=1 current=1 vframe=40802 seq=0 elapsed=0 oled=3C
[   1000] STATUS mode=1 fault=none p60=-62 dp60=0 pwm=0 ball=10.98 vball=-0.12 bref=0.00 pid=7.9 integ=5.1 vision=1 current=1 vframe=40803 seq=0 elapsed=0 oled=3C
[   1015] STATUS mode=1 fault=none p60=-62 dp60=0 pwm=0 ball=10.98 vball=-0.12 bref=0.00 pid=7.9 integ=5.1 vision=1 current=1 vframe=40803 seq=0 elapsed=0 oled=3C
[   1045] STATUS mode=1 fault=none p60=-62 dp60=0 pwm=0 ball=10.97 vball=-0.16 bref=0.00 pid=7.9 integ=5.1 vision=1 current=1 vframe=40804 seq=0 elapsed=0 oled=3C
[   1061] STATUS mode=1 fault=none p60=-62 dp60=0 pwm=0 ball=10.97 vball=-0.16 bref=0.00 pid=7.9 integ=5.1 vision=1 current=1 vframe=40804 seq=0 elapsed=0 oled=3C
[   1077] STATUS mode=1 fault=none p60=-62 dp60=0 pwm=0 ball=10.97 vball=-0.16 bref=0.00 pid=7.9 integ=5.1 vision=1 current=1 vframe=40804 seq=0 elapsed=0 oled=3C
[   1108] STATUS mode=1 fault=none p60=-62 dp60=0 pwm=0 ball=10.97 vball=-0.16 bref=0.00 pid=7.9 integ=5.1 vision=1 current=1 vframe=40804 seq=0 elapsed=0 oled=3C
[   1125] STATUS mode=1 fault=none p60=-62 dp60=0 pwm=0 ball=10.95 vball=-0.18 bref=0.00 pid=7.9 integ=5.1 vision=1 current=1 vframe=40805 seq=0 elapsed=0 oled=3C
[   1140] STATUS mode=1 fault=none p60=-62 dp60=0 pwm=0 ball=10.95 vball=-0.18 bref=0.00 pid=7.9 integ=5.1 vision=1 current=1 vframe=40805 seq=0 elapsed=0 oled=3C
[   1156] STATUS mode=1 fault=none p60=-62 dp60=0 pwm=0 ball=10.95 vball=-0.14 bref=0.00 pid=7.9 integ=5.1 vision=1 current=1 vframe=40806 seq=0 elapsed=0 oled=3C
[   1186] STATUS mode=1 fault=none p60=-62 dp60=0 pwm=0 ball=10.95 vball=-0.14 bref=0.00 pid=7.9 integ=5.1 vision=1 current=1 vframe=40806 seq=0 elapsed=0 oled=3C
[   1202] STATUS mode=1 fault=none p60=-62 dp60=0 pwm=0 ball=10.90 vball=-0.46 bref=0.00 pid=7.9 integ=5.1 vision=1 current=1 vframe=40807 seq=0 elapsed=0 oled=3C
[   1217] STATUS mode=1 fault=none p60=-62 dp60=0 pwm=0 ball=10.90 vball=-0.46 bref=0.00 pid=7.9 integ=5.1 vision=1 current=1 vframe=40807 seq=0 elapsed=0 oled=3C
[   1250] STATUS mode=1 fault=none p60=-62 dp60=0 pwm=0 ball=10.90 vball=-0.46 bref=0.00 pid=7.9 integ=5.1 vision=1 current=1 vframe=40807 seq=0 elapsed=0 oled=3C
[   1265] STATUS mode=1 fault=none p60=-62 dp60=0 pwm=0 ball=10.90 vball=-0.46 bref=0.00 pid=7.9 integ=5.1 vision=1 current=1 vframe=40807 seq=0 elapsed=0 oled=3C
[   1281] STATUS mode=1 fault=none p60=-62 dp60=0 pwm=0 ball=10.89 vball=-0.37 bref=0.00 pid=7.9 integ=5.1 vision=1 current=1 vframe=40808 seq=0 elapsed=0 oled=3C
[   1295] STATUS mode=1 fault=none p60=-62 dp60=0 pwm=0 ball=10.89 vball=-0.28 bref=0.00 pid=7.9 integ=5.1 vision=1 current=1 vframe=40809 seq=0 elapsed=0 oled=3C
[   1327] STATUS mode=1 fault=none p60=-62 dp60=0 pwm=0 ball=10.89 vball=-0.28 bref=0.00 pid=7.9 integ=5.1 vision=1 current=1 vframe=40809 seq=0 elapsed=0 oled=3C
[   1342] STATUS mode=1 fault=none p60=-62 dp60=0 pwm=0 ball=10.89 vball=-0.21 bref=0.00 pid=7.9 integ=5.1 vision=1 current=1 vframe=40810 seq=0 elapsed=0 oled=3C
[   1358] STATUS mode=1 fault=none p60=-62 dp60=0 pwm=0 ball=10.89 vball=-0.21 bref=0.00 pid=7.9 integ=5.1 vision=1 current=1 vframe=40810 seq=0 elapsed=0 oled=3C
[   1390] STATUS mode=1 fault=none p60=-62 dp60=0 pwm=0 ball=10.89 vball=-0.21 bref=0.00 pid=7.9 integ=5.1 vision=1 current=1 vframe=40810 seq=0 elapsed=0 oled=3C
[   1406] STATUS mode=1 fault=none p60=-62 dp60=0 pwm=0 ball=10.89 vball=-0.21 bref=0.00 pid=7.9 integ=5.1 vision=1 current=1 vframe=40810 seq=0 elapsed=0 oled=3C
[   1420] STATUS mode=1 fault=none p60=-62 dp60=0 pwm=0 ball=10.89 vball=-0.21 bref=0.00 pid=7.9 integ=5.1 vision=1 current=1 vframe=40810 seq=0 elapsed=0 oled=3C
[   1436] STATUS mode=1 fault=none p60=-62 dp60=0 pwm=0 ball=10.89 vball=-0.16 bref=0.00 pid=7.9 integ=5.1 vision=1 current=1 vframe=40811 seq=0 elapsed=0 oled=3C
[   1467] STATUS mode=1 fault=none p60=-62 dp60=0 pwm=0 ball=10.89 vball=-0.12 bref=0.00 pid=7.9 integ=5.1 vision=1 current=1 vframe=40812 seq=0 elapsed=0 oled=3C
[   1483] STATUS mode=1 fault=none p60=-62 dp60=0 pwm=0 ball=10.96 vball=0.44 bref=0.00 pid=7.9 integ=5.1 vision=1 current=1 vframe=40813 seq=0 elapsed=0 oled=3C
[   1500] STATUS mode=1 fault=none p60=-62 dp60=0 pwm=0 ball=10.96 vball=0.44 bref=0.00 pid=7.9 integ=5.1 vision=1 current=1 vframe=40813 seq=0 elapsed=0 oled=3C
[   1531] STATUS mode=1 fault=none p60=-62 dp60=0 pwm=0 ball=10.96 vball=0.44 bref=0.00 pid=7.9 integ=5.1 vision=1 current=1 vframe=40813 seq=0 elapsed=0 oled=3C
[   1545] STATUS mode=1 fault=none p60=-62 dp60=0 pwm=0 ball=10.96 vball=0.44 bref=0.00 pid=7.9 integ=5.1 vision=1 current=1 vframe=40813 seq=0 elapsed=0 oled=3C
[   1561] STATUS mode=1 fault=none p60=-62 dp60=0 pwm=0 ball=10.96 vball=0.44 bref=0.00 pid=7.9 integ=5.1 vision=1 current=1 vframe=40813 seq=0 elapsed=0 oled=3C
[   1577] STATUS mode=1 fault=none p60=-62 dp60=0 pwm=0 ball=10.96 vball=0.44 bref=0.00 pid=7.9 integ=5.1 vision=1 current=1 vframe=40813 seq=0 elapsed=0 oled=3C
[   1608] STATUS mode=1 fault=none p60=-62 dp60=0 pwm=0 ball=11.00 vball=0.41 bref=0.00 pid=7.9 integ=5.1 vision=1 current=1 vframe=40814 seq=0 elapsed=0 oled=3C
[   1625] STATUS mode=1 fault=none p60=-62 dp60=0 pwm=0 ball=11.00 vball=0.41 bref=0.00 pid=7.9 integ=5.1 vision=1 current=1 vframe=40814 seq=0 elapsed=0 oled=3C
[   1640] STATUS mode=1 fault=none p60=-62 dp60=0 pwm=0 ball=11.01 vball=0.39 bref=0.00 pid=7.9 integ=5.1 vision=1 current=1 vframe=40815 seq=0 elapsed=0 oled=3C
[   1656] STATUS mode=1 fault=none p60=-62 dp60=0 pwm=0 ball=11.01 vball=0.39 bref=0.00 pid=7.9 integ=5.1 vision=1 current=1 vframe=40815 seq=0 elapsed=0 oled=3C
[   1686] STATUS mode=1 fault=none p60=-62 dp60=0 pwm=0 ball=11.01 vball=0.30 bref=0.00 pid=7.9 integ=5.1 vision=1 current=1 vframe=40816 seq=0 elapsed=0 oled=3C
[   1702] STATUS mode=1 fault=none p60=-62 dp60=0 pwm=0 ball=11.01 vball=0.30 bref=0.00 pid=7.9 integ=5.1 vision=1 current=1 vframe=40816 seq=0 elapsed=0 oled=3C
[   1717] STATUS mode=1 fault=none p60=-62 dp60=0 pwm=0 ball=11.01 vball=0.30 bref=0.00 pid=7.9 integ=5.1 vision=1 current=1 vframe=40816 seq=0 elapsed=0 oled=3C
[   1750] STATUS mode=1 fault=none p60=-62 dp60=0 pwm=0 ball=11.01 vball=0.30 bref=0.00 pid=7.9 integ=5.1 vision=1 current=1 vframe=40816 seq=0 elapsed=0 oled=3C
[   1765] STATUS mode=1 fault=none p60=-62 dp60=0 pwm=0 ball=11.04 vball=0.31 bref=0.00 pid=7.9 integ=5.1 vision=1 current=1 vframe=40817 seq=0 elapsed=0 oled=3C
[   1781] STATUS mode=1 fault=none p60=-62 dp60=0 pwm=0 ball=11.04 vball=0.31 bref=0.00 pid=7.9 integ=5.1 vision=1 current=1 vframe=40817 seq=0 elapsed=0 oled=3C
[   1795] STATUS mode=1 fault=none p60=-62 dp60=0 pwm=0 ball=10.92 vball=-0.88 bref=0.00 pid=7.9 integ=5.1 vision=1 current=1 vframe=40818 seq=0 elapsed=0 oled=3C
[   1827] STATUS mode=1 fault=none p60=-62 dp60=0 pwm=0 ball=10.97 vball=-0.28 bref=0.00 pid=7.9 integ=5.1 vision=1 current=1 vframe=40819 seq=0 elapsed=0 oled=3C
[   1842] STATUS mode=1 fault=none p60=-62 dp60=0 pwm=0 ball=10.97 vball=-0.28 bref=0.00 pid=7.9 integ=5.1 vision=1 current=1 vframe=40819 seq=0 elapsed=0 oled=3C
[   1858] STATUS mode=1 fault=none p60=-62 dp60=0 pwm=0 ball=10.97 vball=-0.28 bref=0.00 pid=7.9 integ=5.1 vision=1 current=1 vframe=40819 seq=0 elapsed=0 oled=3C
[   1890] STATUS mode=1 fault=none p60=-62 dp60=0 pwm=0 ball=10.97 vball=-0.28 bref=0.00 pid=7.9 integ=5.1 vision=1 current=1 vframe=40819 seq=0 elapsed=0 oled=3C
[   1906] STATUS mode=1 fault=none p60=-62 dp60=0 pwm=0 ball=10.97 vball=-0.28 bref=0.00 pid=7.9 integ=5.1 vision=1 current=1 vframe=40819 seq=0 elapsed=0 oled=3C
[   1920] STATUS mode=1 fault=none p60=-62 dp60=0 pwm=0 ball=10.92 vball=-0.35 bref=0.00 pid=7.9 integ=5.1 vision=1 current=1 vframe=40820 seq=0 elapsed=0 oled=3C
[   1936] STATUS mode=1 fault=none p60=-62 dp60=0 pwm=0 ball=10.89 vball=-0.57 bref=0.00 pid=7.9 integ=5.1 vision=1 current=1 vframe=40821 seq=0 elapsed=0 oled=3C
[   1967] STATUS mode=1 fault=none p60=-62 dp60=0 pwm=0 ball=10.89 vball=-0.57 bref=0.00 pid=7.9 integ=5.1 vision=1 current=1 vframe=40821 seq=0 elapsed=0 oled=3C
[   1983] STATUS mode=1 fault=none p60=-62 dp60=0 pwm=0 ball=10.91 vball=-0.28 bref=0.00 pid=7.9 integ=5.1 vision=1 current=1 vframe=40822 seq=0 elapsed=0 oled=3C
[   2000] STATUS mode=1 fault=none p60=-62 dp60=0 pwm=0 ball=10.91 vball=-0.28 bref=0.00 pid=7.9 integ=5.1 vision=1 current=1 vframe=40822 seq=0 elapsed=0 oled=3C
[   2031] STATUS mode=1 fault=none p60=-62 dp60=0 pwm=0 ball=10.91 vball=-0.28 bref=0.00 pid=7.9 integ=5.1 vision=1 current=1 vframe=40822 seq=0 elapsed=0 oled=3C
[   2045] STATUS mode=1 fault=none p60=-62 dp60=0 pwm=0 ball=10.91 vball=-0.28 bref=0.00 pid=7.9 integ=5.1 vision=1 current=1 vframe=40822 seq=0 elapsed=0 oled=3C
[   2061] STATUS mode=1 fault=none p60=-62 dp60=0 pwm=0 ball=10.92 vball=-0.18 bref=0.00 pid=7.9 integ=5.1 vision=1 current=1 vframe=40823 seq=0 elapsed=0 oled=3C
[   2077] STATUS mode=1 fault=none p60=-62 dp60=0 pwm=0 ball=10.96 vball=0.26 bref=0.00 pid=7.9 integ=5.1 vision=1 current=1 vframe=40824 seq=0 elapsed=0 oled=3C
[   2108] STATUS mode=1 fault=none p60=-62 dp60=0 pwm=0 ball=10.96 vball=0.26 bref=0.00 pid=7.9 integ=5.1 vision=1 current=1 vframe=40824 seq=0 elapsed=0 oled=3C
[   2125] STATUS mode=1 fault=none p60=-62 dp60=0 pwm=0 ball=10.92 vball=-0.10 bref=0.00 pid=7.9 integ=5.1 vision=1 current=1 vframe=40825 seq=0 elapsed=0 oled=3C
[   2140] STATUS mode=1 fault=none p60=-62 dp60=0 pwm=0 ball=10.92 vball=-0.10 bref=0.00 pid=7.9 integ=5.1 vision=1 current=1 vframe=40825 seq=0 elapsed=0 oled=3C
[   2170] STATUS mode=1 fault=none p60=-62 dp60=0 pwm=0 ball=10.92 vball=-0.10 bref=0.00 pid=7.9 integ=5.1 vision=1 current=1 vframe=40825 seq=0 elapsed=0 oled=3C
[   2186] STATUS mode=1 fault=none p60=-62 dp60=0 pwm=0 ball=10.92 vball=-0.10 bref=0.00 pid=7.9 integ=5.1 vision=1 current=1 vframe=40825 seq=0 elapsed=0 oled=3C
[   2202] STATUS mode=1 fault=none p60=-62 dp60=0 pwm=0 ball=10.92 vball=-0.10 bref=0.00 pid=7.9 integ=5.1 vision=1 current=1 vframe=40825 seq=0 elapsed=0 oled=3C
[   2217] STATUS mode=1 fault=none p60=-62 dp60=0 pwm=0 ball=10.93 vball=-0.05 bref=0.00 pid=7.9 integ=5.1 vision=1 current=1 vframe=40826 seq=0 elapsed=0 oled=3C
[   2250] STATUS mode=1 fault=none p60=-62 dp60=0 pwm=0 ball=10.92 vball=-0.14 bref=0.00 pid=7.9 integ=5.1 vision=1 current=1 vframe=40827 seq=0 elapsed=0 oled=3C
[   2265] STATUS mode=1 fault=none p60=-62 dp60=0 pwm=0 ball=10.92 vball=-0.14 bref=0.00 pid=7.9 integ=5.1 vision=1 current=1 vframe=40827 seq=0 elapsed=0 oled=3C
[   2281] STATUS mode=1 fault=none p60=-62 dp60=0 pwm=0 ball=10.88 vball=-0.40 bref=0.00 pid=7.9 integ=5.1 vision=1 current=1 vframe=40828 seq=0 elapsed=0 oled=3C
[   2295] STATUS mode=1 fault=none p60=-62 dp60=0 pwm=0 ball=10.88 vball=-0.40 bref=0.00 pid=7.9 integ=5.1 vision=1 current=1 vframe=40828 seq=0 elapsed=0 oled=3C
[   2327] STATUS mode=1 fault=none p60=-62 dp60=0 pwm=0 ball=10.88 vball=-0.40 bref=0.00 pid=7.9 integ=5.1 vision=1 current=1 vframe=40828 seq=0 elapsed=0 oled=3C
[   2342] STATUS mode=1 fault=none p60=-62 dp60=0 pwm=0 ball=10.88 vball=-0.40 bref=0.00 pid=7.9 integ=5.1 vision=1 current=1 vframe=40828 seq=0 elapsed=0 oled=3C
[   2358] STATUS mode=1 fault=none p60=-62 dp60=0 pwm=0 ball=10.90 vball=-0.24 bref=0.00 pid=7.9 integ=5.1 vision=1 current=1 vframe=40829 seq=0 elapsed=0 oled=3C
[   2390] STATUS mode=1 fault=none p60=-62 dp60=0 pwm=0 ball=10.91 vball=-0.09 bref=0.00 pid=7.9 integ=5.1 vision=1 current=1 vframe=40830 seq=0 elapsed=0 oled=3C
[   2406] STATUS mode=1 fault=none p60=-62 dp60=0 pwm=0 ball=10.91 vball=-0.09 bref=0.00 pid=7.9 integ=5.1 vision=1 current=1 vframe=40830 seq=0 elapsed=0 oled=3C
[   2420] STATUS mode=1 fault=none p60=-62 dp60=0 pwm=0 ball=10.92 vball=0.01 bref=0.00 pid=7.9 integ=5.1 vision=1 current=1 vframe=40831 seq=0 elapsed=0 oled=3C
[   2436] STATUS mode=1 fault=none p60=-62 dp60=0 pwm=0 ball=10.92 vball=0.01 bref=0.00 pid=7.9 integ=5.1 vision=1 current=1 vframe=40831 seq=0 elapsed=0 oled=3C
[   2467] STATUS mode=1 fault=none p60=-62 dp60=0 pwm=0 ball=10.92 vball=0.01 bref=0.00 pid=7.9 integ=5.1 vision=1 current=1 vframe=40831 seq=0 elapsed=0 oled=3C
[   2483] STATUS mode=1 fault=none p60=-62 dp60=0 pwm=0 ball=10.92 vball=0.01 bref=0.00 pid=7.9 integ=5.1 vision=1 current=1 vframe=40831 seq=0 elapsed=0 oled=3C
[   2500] STATUS mode=1 fault=none p60=-62 dp60=0 pwm=0 ball=10.92 vball=0.01 bref=0.00 pid=7.9 integ=5.1 vision=1 current=1 vframe=40831 seq=0 elapsed=0 oled=3C
[   2531] STATUS mode=1 fault=none p60=-62 dp60=0 pwm=0 ball=10.91 vball=-0.02 bref=0.00 pid=7.9 integ=5.1 vision=1 current=1 vframe=40832 seq=0 elapsed=0 oled=3C
[   2545] STATUS mode=1 fault=none p60=-62 dp60=0 pwm=0 ball=10.88 vball=-0.30 bref=0.00 pid=7.9 integ=5.1 vision=1 current=1 vframe=40833 seq=0 elapsed=0 oled=3C
[   2561] STATUS mode=1 fault=none p60=-62 dp60=0 pwm=0 ball=10.88 vball=-0.30 bref=0.00 pid=7.9 integ=5.1 vision=1 current=1 vframe=40833 seq=0 elapsed=0 oled=3C
[   2577] STATUS mode=1 fault=none p60=-62 dp60=0 pwm=0 ball=10.87 vball=-0.29 bref=0.00 pid=7.9 integ=5.1 vision=1 current=1 vframe=40834 seq=0 elapsed=0 oled=3C
[   2608] STATUS mode=1 fault=none p60=-62 dp60=0 pwm=0 ball=10.87 vball=-0.29 bref=0.00 pid=7.9 integ=5.1 vision=1 current=1 vframe=40834 seq=0 elapsed=0 oled=3C
[   2625] STATUS mode=1 fault=none p60=-62 dp60=0 pwm=0 ball=10.87 vball=-0.29 bref=0.00 pid=7.9 integ=5.1 vision=1 current=1 vframe=40834 seq=0 elapsed=0 oled=3C
[   2640] STATUS mode=1 fault=none p60=-62 dp60=0 pwm=0 ball=10.87 vball=-0.29 bref=0.00 pid=7.9 integ=5.1 vision=1 current=1 vframe=40834 seq=0 elapsed=0 oled=3C
[   2670] STATUS mode=1 fault=none p60=-62 dp60=0 pwm=0 ball=10.87 vball=-0.22 bref=0.00 pid=7.9 integ=5.1 vision=1 current=1 vframe=40835 seq=0 elapsed=0 oled=3C
[   2686] STATUS mode=1 fault=none p60=-62 dp60=0 pwm=0 ball=10.87 vball=-0.17 bref=0.00 pid=7.9 integ=5.1 vision=1 current=1 vframe=40836 seq=0 elapsed=0 oled=3C
[   2702] STATUS mode=1 fault=none p60=-62 dp60=0 pwm=0 ball=10.87 vball=-0.17 bref=0.00 pid=7.9 integ=5.1 vision=1 current=1 vframe=40836 seq=0 elapsed=0 oled=3C
[   2717] STATUS mode=1 fault=none p60=-62 dp60=0 pwm=0 ball=10.87 vball=-0.12 bref=0.00 pid=7.9 integ=5.1 vision=1 current=1 vframe=40837 seq=0 elapsed=0 oled=3C
[   2750] STATUS mode=1 fault=none p60=-62 dp60=0 pwm=0 ball=10.87 vball=-0.12 bref=0.00 pid=7.9 integ=5.1 vision=1 current=1 vframe=40837 seq=0 elapsed=0 oled=3C
[   2765] STATUS mode=1 fault=none p60=-62 dp60=0 pwm=0 ball=10.87 vball=-0.12 bref=0.00 pid=7.9 integ=5.1 vision=1 current=1 vframe=40837 seq=0 elapsed=0 oled=3C
[   2781] STATUS mode=1 fault=none p60=-62 dp60=0 pwm=0 ball=10.87 vball=-0.12 bref=0.00 pid=7.9 integ=5.1 vision=1 current=1 vframe=40837 seq=0 elapsed=0 oled=3C
[   2795] STATUS mode=1 fault=none p60=-62 dp60=0 pwm=0 ball=10.87 vball=-0.12 bref=0.00 pid=7.9 integ=5.1 vision=1 current=1 vframe=40837 seq=0 elapsed=0 oled=3C
[   2827] STATUS mode=1 fault=none p60=-62 dp60=0 pwm=0 ball=10.90 vball=-0.01 bref=0.00 pid=7.9 integ=5.1 vision=1 current=1 vframe=40838 seq=0 elapsed=0 oled=3C
[   2842] STATUS mode=1 fault=none p60=-62 dp60=0 pwm=0 ball=10.91 vball=0.09 bref=0.00 pid=7.9 integ=5.1 vision=1 current=1 vframe=40839 seq=0 elapsed=0 oled=3C
[   2858] STATUS mode=1 fault=none p60=-62 dp60=0 pwm=0 ball=10.91 vball=0.09 bref=0.00 pid=7.9 integ=5.1 vision=1 current=1 vframe=40839 seq=0 elapsed=0 oled=3C
[   2890] STATUS mode=1 fault=none p60=-62 dp60=0 pwm=0 ball=10.93 vball=0.22 bref=0.00 pid=7.9 integ=5.1 vision=1 current=1 vframe=40840 seq=0 elapsed=0 oled=3C
[   2906] STATUS mode=1 fault=none p60=-62 dp60=0 pwm=0 ball=10.93 vball=0.22 bref=0.00 pid=7.9 integ=5.1 vision=1 current=1 vframe=40840 seq=0 elapsed=0 oled=3C
[   2920] STATUS mode=1 fault=none p60=-62 dp60=0 pwm=0 ball=10.93 vball=0.22 bref=0.00 pid=7.9 integ=5.1 vision=1 current=1 vframe=40840 seq=0 elapsed=0 oled=3C
[   2936] STATUS mode=1 fault=none p60=-62 dp60=0 pwm=0 ball=10.93 vball=0.22 bref=0.00 pid=7.9 integ=5.1 vision=1 current=1 vframe=40840 seq=0 elapsed=0 oled=3C
[   2967] STATUS mode=1 fault=none p60=-62 dp60=0 pwm=0 ball=10.91 vball=0.11 bref=0.00 pid=7.9 integ=5.1 vision=1 current=1 vframe=40841 seq=0 elapsed=0 oled=3C
[   2983] STATUS mode=1 fault=none p60=-62 dp60=0 pwm=0 ball=10.91 vball=0.08 bref=0.00 pid=7.9 integ=5.1 vision=1 current=1 vframe=40842 seq=0 elapsed=0 oled=3C
[   3000] STATUS mode=1 fault=none p60=-62 dp60=0 pwm=0 ball=10.91 vball=0.08 bref=0.00 pid=7.9 integ=5.1 vision=1 current=1 vframe=40842 seq=0 elapsed=0 oled=3C
[   3031] STATUS mode=1 fault=none p60=-62 dp60=0 pwm=0 ball=10.91 vball=0.06 bref=0.00 pid=7.9 integ=5.1 vision=1 current=1 vframe=40843 seq=0 elapsed=0 oled=3C
[   3045] STATUS mode=1 fault=none p60=-62 dp60=0 pwm=0 ball=10.91 vball=0.06 bref=0.00 pid=7.9 integ=5.1 vision=1 current=1 vframe=40843 seq=0 elapsed=0 oled=3C
[   3061] STATUS mode=1 fault=none p60=-62 dp60=0 pwm=0 ball=10.91 vball=0.06 bref=0.00 pid=7.9 integ=5.1 vision=1 current=1 vframe=40843 seq=0 elapsed=0 oled=3C
[   3077] STATUS mode=1 fault=none p60=-62 dp60=0 pwm=0 ball=10.91 vball=0.06 bref=0.00 pid=7.9 integ=5.1 vision=1 current=1 vframe=40843 seq=0 elapsed=0 oled=3C
[   3108] STATUS mode=1 fault=none p60=-62 dp60=0 pwm=0 ball=10.91 vball=0.06 bref=0.00 pid=7.9 integ=5.1 vision=1 current=1 vframe=40843 seq=0 elapsed=0 oled=3C
[   3125] STATUS mode=1 fault=none p60=-62 dp60=0 pwm=0 ball=10.91 vball=0.05 bref=0.00 pid=7.9 integ=5.1 vision=1 current=1 vframe=40844 seq=0 elapsed=0 oled=3C
[   3140] STATUS mode=1 fault=none p60=-62 dp60=0 pwm=0 ball=10.92 vball=0.13 bref=0.00 pid=7.9 integ=5.1 vision=1 current=1 vframe=40845 seq=0 elapsed=0 oled=3C
[   3156] STATUS mode=1 fault=none p60=-62 dp60=0 pwm=0 ball=10.92 vball=0.13 bref=0.00 pid=7.9 integ=5.1 vision=1 current=1 vframe=40845 seq=0 elapsed=0 oled=3C
[   3186] STATUS mode=1 fault=none p60=-62 dp60=0 pwm=0 ball=10.92 vball=0.10 bref=0.00 pid=7.9 integ=5.1 vision=1 current=1 vframe=40846 seq=0 elapsed=0 oled=3C
[   3202] STATUS mode=1 fault=none p60=-62 dp60=0 pwm=0 ball=10.92 vball=0.10 bref=0.00 pid=7.9 integ=5.1 vision=1 current=1 vframe=40846 seq=0 elapsed=0 oled=3C
[   3217] STATUS mode=1 fault=none p60=-62 dp60=0 pwm=0 ball=10.92 vball=0.10 bref=0.00 pid=7.9 integ=5.1 vision=1 current=1 vframe=40846 seq=0 elapsed=0 oled=3C
[   3250] STATUS mode=1 fault=none p60=-62 dp60=0 pwm=0 ball=10.92 vball=0.10 bref=0.00 pid=7.9 integ=5.1 vision=1 current=1 vframe=40846 seq=0 elapsed=0 oled=3C
[   3265] STATUS mode=1 fault=none p60=-62 dp60=0 pwm=0 ball=10.92 vball=0.07 bref=0.00 pid=7.9 integ=5.1 vision=1 current=1 vframe=40847 seq=0 elapsed=0 oled=3C
[   3281] STATUS mode=1 fault=none p60=-62 dp60=0 pwm=0 ball=10.98 vball=0.66 bref=0.00 pid=7.9 integ=5.1 vision=1 current=1 vframe=40848 seq=0 elapsed=0 oled=3C
[   3295] STATUS mode=1 fault=none p60=-62 dp60=0 pwm=0 ball=10.98 vball=0.66 bref=0.00 pid=7.9 integ=5.1 vision=1 current=1 vframe=40848 seq=0 elapsed=0 oled=3C
[   3327] STATUS mode=1 fault=none p60=-62 dp60=0 pwm=0 ball=11.02 vball=0.79 bref=0.00 pid=7.9 integ=5.1 vision=1 current=1 vframe=40849 seq=0 elapsed=0 oled=3C
[   3342] STATUS mode=1 fault=none p60=-62 dp60=0 pwm=0 ball=11.02 vball=0.79 bref=0.00 pid=7.9 integ=5.1 vision=1 current=1 vframe=40849 seq=0 elapsed=0 oled=3C
[   3358] STATUS mode=1 fault=none p60=-62 dp60=0 pwm=0 ball=11.02 vball=0.79 bref=0.00 pid=7.9 integ=5.1 vision=1 current=1 vframe=40849 seq=0 elapsed=0 oled=3C
[   3390] STATUS mode=1 fault=none p60=-62 dp60=0 pwm=0 ball=11.02 vball=0.79 bref=0.00 pid=7.9 integ=5.1 vision=1 current=1 vframe=40849 seq=0 elapsed=0 oled=3C
[   3406] STATUS mode=1 fault=none p60=-62 dp60=0 pwm=0 ball=11.02 vball=0.79 bref=0.00 pid=7.9 integ=5.1 vision=1 current=1 vframe=40849 seq=0 elapsed=0 oled=3C
[   3420] STATUS mode=1 fault=none p60=-62 dp60=0 pwm=0 ball=11.04 vball=0.65 bref=0.00 pid=7.9 integ=5.1 vision=1 current=1 vframe=40850 seq=0 elapsed=0 oled=3C
[   3436] STATUS mode=1 fault=none p60=-62 dp60=0 pwm=0 ball=11.04 vball=0.49 bref=0.00 pid=7.9 integ=5.1 vision=1 current=1 vframe=40851 seq=0 elapsed=0 oled=3C
[   3467] STATUS mode=1 fault=none p60=-62 dp60=0 pwm=0 ball=11.04 vball=0.49 bref=0.00 pid=7.9 integ=5.1 vision=1 current=1 vframe=40851 seq=0 elapsed=0 oled=3C
[   3483] STATUS mode=1 fault=none p60=-62 dp60=0 pwm=0 ball=10.99 vball=-0.01 bref=0.00 pid=7.9 integ=5.1 vision=1 current=1 vframe=40852 seq=0 elapsed=0 oled=3C
[   3500] STATUS mode=1 fault=none p60=-62 dp60=0 pwm=0 ball=10.99 vball=-0.01 bref=0.00 pid=7.9 integ=5.1 vision=1 current=1 vframe=40852 seq=0 elapsed=0 oled=3C
[   3531] STATUS mode=1 fault=none p60=-62 dp60=0 pwm=0 ball=10.99 vball=-0.01 bref=0.00 pid=7.9 integ=5.1 vision=1 current=1 vframe=40852 seq=0 elapsed=0 oled=3C
[   3545] STATUS mode=1 fault=none p60=-62 dp60=0 pwm=0 ball=10.99 vball=-0.01 bref=0.00 pid=7.9 integ=5.1 vision=1 current=1 vframe=40852 seq=0 elapsed=0 oled=3C
[   3561] STATUS mode=1 fault=none p60=-62 dp60=0 pwm=0 ball=10.98 vball=-0.04 bref=0.00 pid=7.9 integ=5.1 vision=1 current=1 vframe=40853 seq=0 elapsed=0 oled=3C
[   3577] STATUS mode=1 fault=none p60=-62 dp60=0 pwm=0 ball=11.04 vball=0.55 bref=0.00 pid=7.9 integ=5.1 vision=1 current=1 vframe=40854 seq=0 elapsed=0 oled=3C
[   3608] STATUS mode=1 fault=none p60=-62 dp60=0 pwm=0 ball=11.04 vball=0.55 bref=0.00 pid=7.9 integ=5.1 vision=1 current=1 vframe=40854 seq=0 elapsed=0 oled=3C
[   3625] STATUS mode=1 fault=none p60=-62 dp60=0 pwm=0 ball=10.98 vball=-0.04 bref=0.00 pid=7.9 integ=5.1 vision=1 current=1 vframe=40855 seq=0 elapsed=0 oled=3C
[   3640] STATUS mode=1 fault=none p60=-62 dp60=0 pwm=0 ball=10.98 vball=-0.04 bref=0.00 pid=7.9 integ=5.1 vision=1 current=1 vframe=40855 seq=0 elapsed=0 oled=3C
[   3656] STATUS mode=1 fault=none p60=-62 dp60=0 pwm=0 ball=10.98 vball=-0.04 bref=0.00 pid=7.9 integ=5.1 vision=1 current=1 vframe=40855 seq=0 elapsed=0 oled=3C
[   3686] STATUS mode=1 fault=none p60=-62 dp60=0 pwm=0 ball=10.98 vball=-0.04 bref=0.00 pid=7.9 integ=5.1 vision=1 current=1 vframe=40855 seq=0 elapsed=0 oled=3C
[   3702] STATUS mode=1 fault=none p60=-62 dp60=0 pwm=0 ball=10.98 vball=-0.04 bref=0.00 pid=7.9 integ=5.1 vision=1 current=1 vframe=40855 seq=0 elapsed=0 oled=3C
[   3717] STATUS mode=1 fault=none p60=-62 dp60=0 pwm=0 ball=10.98 vball=-0.03 bref=0.00 pid=7.9 integ=5.1 vision=1 current=1 vframe=40856 seq=0 elapsed=0 oled=3C
[   3750] STATUS mode=1 fault=none p60=-62 dp60=0 pwm=0 ball=10.98 vball=-0.02 bref=0.00 pid=7.9 integ=5.1 vision=1 current=1 vframe=40857 seq=0 elapsed=0 oled=3C
[   3765] STATUS mode=1 fault=none p60=-62 dp60=0 pwm=0 ball=10.98 vball=-0.02 bref=0.00 pid=7.9 integ=5.1 vision=1 current=1 vframe=40857 seq=0 elapsed=0 oled=3C
[   3781] STATUS mode=1 fault=none p60=-62 dp60=0 pwm=0 ball=10.98 vball=-0.02 bref=0.00 pid=7.9 integ=5.1 vision=1 current=1 vframe=40858 seq=0 elapsed=0 oled=3C
[   3795] STATUS mode=1 fault=none p60=-62 dp60=0 pwm=0 ball=10.98 vball=-0.02 bref=0.00 pid=7.9 integ=5.1 vision=1 current=1 vframe=40858 seq=0 elapsed=0 oled=3C
[   3827] STATUS mode=1 fault=none p60=-62 dp60=0 pwm=0 ball=10.98 vball=-0.02 bref=0.00 pid=7.9 integ=5.1 vision=1 current=1 vframe=40858 seq=0 elapsed=0 oled=3C
[   3842] STATUS mode=1 fault=none p60=-62 dp60=0 pwm=0 ball=10.98 vball=-0.02 bref=0.00 pid=7.9 integ=5.1 vision=1 current=1 vframe=40858 seq=0 elapsed=0 oled=3C
[   3858] STATUS mode=1 fault=none p60=-62 dp60=0 pwm=0 ball=10.95 vball=-0.10 bref=0.00 pid=7.9 integ=5.1 vision=1 current=1 vframe=40859 seq=0 elapsed=0 oled=3C
[   3890] STATUS mode=1 fault=none p60=-62 dp60=0 pwm=0 ball=10.97 vball=0.11 bref=0.00 pid=7.9 integ=5.1 vision=1 current=1 vframe=40860 seq=0 elapsed=0 oled=3C
[   3906] STATUS mode=1 fault=none p60=-62 dp60=0 pwm=0 ball=10.97 vball=0.11 bref=0.00 pid=7.9 integ=5.1 vision=1 current=1 vframe=40860 seq=0 elapsed=0 oled=3C
[   3920] STATUS mode=1 fault=none p60=-62 dp60=0 pwm=0 ball=11.00 vball=0.31 bref=0.00 pid=7.9 integ=5.1 vision=1 current=1 vframe=40861 seq=0 elapsed=0 oled=3C
[   3936] STATUS mode=1 fault=none p60=-62 dp60=0 pwm=0 ball=11.00 vball=0.31 bref=0.00 pid=7.9 integ=5.1 vision=1 current=1 vframe=40861 seq=0 elapsed=0 oled=3C
[   3967] STATUS mode=1 fault=none p60=-62 dp60=0 pwm=0 ball=11.00 vball=0.31 bref=0.00 pid=7.9 integ=5.1 vision=1 current=1 vframe=40861 seq=0 elapsed=0 oled=3C
[   3983] STATUS mode=1 fault=none p60=-62 dp60=0 pwm=0 ball=11.00 vball=0.31 bref=0.00 pid=7.9 integ=5.1 vision=1 current=1 vframe=40861 seq=0 elapsed=0 oled=3C
[   4000] STATUS mode=1 fault=none p60=-62 dp60=0 pwm=0 ball=11.00 vball=0.31 bref=0.00 pid=7.9 integ=5.1 vision=1 current=1 vframe=40861 seq=0 elapsed=0 oled=3C
[   4031] STATUS mode=1 fault=none p60=-62 dp60=0 pwm=0 ball=10.74 vball=-0.48 bref=0.00 pid=7.9 integ=5.1 vision=1 current=1 vframe=40862 seq=0 elapsed=0 oled=3C
[   4045] STATUS mode=1 fault=none p60=-62 dp60=0 pwm=0 ball=10.61 vball=-1.71 bref=0.00 pid=7.9 integ=5.1 vision=1 current=1 vframe=40863 seq=0 elapsed=0 oled=3C
[   4061] STATUS mode=1 fault=none p60=-62 dp60=0 pwm=0 ball=10.61 vball=-1.71 bref=0.00 pid=7.9 integ=5.1 vision=1 current=1 vframe=40863 seq=0 elapsed=0 oled=3C
[   4077] STATUS mode=1 fault=none p60=-62 dp60=0 pwm=0 ball=10.60 vball=-1.36 bref=0.00 pid=7.9 integ=5.1 vision=1 current=1 vframe=40864 seq=0 elapsed=0 oled=3C
[   4108] STATUS mode=1 fault=none p60=-62 dp60=0 pwm=0 ball=10.60 vball=-1.36 bref=0.00 pid=7.9 integ=5.1 vision=1 current=1 vframe=40864 seq=0 elapsed=0 oled=3C
[   4125] STATUS mode=1 fault=none p60=-62 dp60=0 pwm=0 ball=10.60 vball=-1.36 bref=0.00 pid=7.9 integ=5.1 vision=1 current=1 vframe=40864 seq=0 elapsed=0 oled=3C
[   4140] STATUS mode=1 fault=none p60=-62 dp60=0 pwm=0 ball=10.60 vball=-1.36 bref=0.00 pid=7.9 integ=5.1 vision=1 current=1 vframe=40864 seq=0 elapsed=0 oled=3C
[   4170] STATUS mode=1 fault=none p60=-62 dp60=0 pwm=0 ball=10.86 vball=-0.33 bref=0.00 pid=7.9 integ=5.1 vision=1 current=1 vframe=40865 seq=0 elapsed=0 oled=3C
[   4186] STATUS mode=1 fault=none p60=-62 dp60=0 pwm=0 ball=10.97 vball=0.85 bref=0.00 pid=7.9 integ=5.1 vision=1 current=1 vframe=40866 seq=0 elapsed=0 oled=3C
[   4202] STATUS mode=1 fault=none p60=-62 dp60=0 pwm=0 ball=10.97 vball=0.85 bref=0.00 pid=7.9 integ=5.1 vision=1 current=1 vframe=40866 seq=0 elapsed=0 oled=3C
[   4217] STATUS mode=1 fault=none p60=-62 dp60=0 pwm=0 ball=10.98 vball=0.72 bref=0.00 pid=7.9 integ=5.1 vision=1 current=1 vframe=40867 seq=0 elapsed=0 oled=3C
[   4250] STATUS mode=1 fault=none p60=-62 dp60=0 pwm=0 ball=10.98 vball=0.72 bref=0.00 pid=7.9 integ=5.1 vision=1 current=1 vframe=40867 seq=0 elapsed=0 oled=3C
[   4265] STATUS mode=1 fault=none p60=-62 dp60=0 pwm=0 ball=10.98 vball=0.72 bref=0.00 pid=7.9 integ=5.1 vision=1 current=1 vframe=40867 seq=0 elapsed=0 oled=3C
[   4281] STATUS mode=1 fault=none p60=-62 dp60=0 pwm=0 ball=10.98 vball=0.72 bref=0.00 pid=7.9 integ=5.1 vision=1 current=1 vframe=40867 seq=0 elapsed=0 oled=3C
[   4295] STATUS mode=1 fault=none p60=-62 dp60=0 pwm=0 ball=10.98 vball=0.72 bref=0.00 pid=7.9 integ=5.1 vision=1 current=1 vframe=40867 seq=0 elapsed=0 oled=3C
[   4327] STATUS mode=1 fault=none p60=-62 dp60=0 pwm=0 ball=10.98 vball=0.54 bref=0.00 pid=7.9 integ=5.1 vision=1 current=1 vframe=40868 seq=0 elapsed=0 oled=3C
[   4342] STATUS mode=1 fault=none p60=-62 dp60=0 pwm=0 ball=10.94 vball=-0.03 bref=0.00 pid=7.9 integ=5.1 vision=1 current=1 vframe=40869 seq=0 elapsed=0 oled=3C
[   4358] STATUS mode=1 fault=none p60=-62 dp60=0 pwm=0 ball=10.94 vball=-0.03 bref=0.00 pid=7.9 integ=5.1 vision=1 current=1 vframe=40869 seq=0 elapsed=0 oled=3C
[   4390] STATUS mode=1 fault=none p60=-62 dp60=0 pwm=0 ball=10.92 vball=-0.17 bref=0.00 pid=7.9 integ=5.1 vision=1 current=1 vframe=40870 seq=0 elapsed=0 oled=3C
[   4406] STATUS mode=1 fault=none p60=-62 dp60=0 pwm=0 ball=10.92 vball=-0.17 bref=0.00 pid=7.9 integ=5.1 vision=1 current=1 vframe=40870 seq=0 elapsed=0 oled=3C
[   4420] STATUS mode=1 fault=none p60=-62 dp60=0 pwm=0 ball=10.92 vball=-0.17 bref=0.00 pid=7.9 integ=5.1 vision=1 current=1 vframe=40870 seq=0 elapsed=0 oled=3C
[   4436] STATUS mode=1 fault=none p60=-62 dp60=0 pwm=0 ball=10.92 vball=-0.17 bref=0.00 pid=7.9 integ=5.1 vision=1 current=1 vframe=40870 seq=0 elapsed=0 oled=3C
[   4467] STATUS mode=1 fault=none p60=-62 dp60=0 pwm=0 ball=10.92 vball=-0.13 bref=0.00 pid=7.9 integ=5.1 vision=1 current=1 vframe=40871 seq=0 elapsed=0 oled=3C
[   4483] STATUS mode=1 fault=none p60=-62 dp60=0 pwm=0 ball=10.92 vball=-0.10 bref=0.00 pid=7.9 integ=5.1 vision=1 current=1 vframe=40872 seq=0 elapsed=0 oled=3C
[   4500] STATUS mode=1 fault=none p60=-62 dp60=0 pwm=0 ball=10.92 vball=-0.10 bref=0.00 pid=7.9 integ=5.1 vision=1 current=1 vframe=40872 seq=0 elapsed=0 oled=3C
[   4531] STATUS mode=1 fault=none p60=-62 dp60=0 pwm=0 ball=10.92 vball=-0.07 bref=0.00 pid=7.9 integ=5.1 vision=1 current=1 vframe=40873 seq=0 elapsed=0 oled=3C
[   4545] STATUS mode=1 fault=none p60=-62 dp60=0 pwm=0 ball=10.92 vball=-0.07 bref=0.00 pid=7.9 integ=5.1 vision=1 current=1 vframe=40873 seq=0 elapsed=0 oled=3C
[   4561] STATUS mode=1 fault=none p60=-62 dp60=0 pwm=0 ball=10.92 vball=-0.07 bref=0.00 pid=7.9 integ=5.1 vision=1 current=1 vframe=40873 seq=0 elapsed=0 oled=3C
[   4577] STATUS mode=1 fault=none p60=-62 dp60=0 pwm=0 ball=10.92 vball=-0.07 bref=0.00 pid=7.9 integ=5.1 vision=1 current=1 vframe=40873 seq=0 elapsed=0 oled=3C
[   4608] STATUS mode=1 fault=none p60=-62 dp60=0 pwm=0 ball=10.92 vball=-0.07 bref=0.00 pid=7.9 integ=5.1 vision=1 current=1 vframe=40873 seq=0 elapsed=0 oled=3C
[   4625] STATUS mode=1 fault=none p60=-62 dp60=0 pwm=0 ball=10.92 vball=-0.05 bref=0.00 pid=7.9 integ=5.1 vision=1 current=1 vframe=40874 seq=0 elapsed=0 oled=3C
[   4640] STATUS mode=1 fault=none p60=-62 dp60=0 pwm=0 ball=10.97 vball=0.50 bref=0.00 pid=7.9 integ=5.1 vision=1 current=1 vframe=40875 seq=0 elapsed=0 oled=3C
[   4670] STATUS mode=1 fault=none p60=-62 dp60=0 pwm=0 ball=10.97 vball=0.50 bref=0.00 pid=7.9 integ=5.1 vision=1 current=1 vframe=40875 seq=0 elapsed=0 oled=3C
[   4686] STATUS mode=1 fault=none p60=-62 dp60=0 pwm=0 ball=10.95 vball=0.23 bref=0.00 pid=7.9 integ=5.1 vision=1 current=1 vframe=40876 seq=0 elapsed=0 oled=3C
[   4702] STATUS mode=1 fault=none p60=-62 dp60=0 pwm=0 ball=10.95 vball=0.23 bref=0.00 pid=7.9 integ=5.1 vision=1 current=1 vframe=40876 seq=0 elapsed=0 oled=3C
[   4717] STATUS mode=1 fault=none p60=-62 dp60=0 pwm=0 ball=10.95 vball=0.23 bref=0.00 pid=7.9 integ=5.1 vision=1 current=1 vframe=40876 seq=0 elapsed=0 oled=3C
[   4750] STATUS mode=1 fault=none p60=-62 dp60=0 pwm=0 ball=10.95 vball=0.23 bref=0.00 pid=7.9 integ=5.1 vision=1 current=1 vframe=40876 seq=0 elapsed=0 oled=3C
[   4765] STATUS mode=1 fault=none p60=-62 dp60=0 pwm=0 ball=10.95 vball=0.17 bref=0.00 pid=7.9 integ=5.1 vision=1 current=1 vframe=40877 seq=0 elapsed=0 oled=3C
[   4781] STATUS mode=1 fault=none p60=-62 dp60=0 pwm=0 ball=10.95 vball=0.13 bref=0.00 pid=7.9 integ=5.1 vision=1 current=1 vframe=40878 seq=0 elapsed=0 oled=3C
[   4795] STATUS mode=1 fault=none p60=-62 dp60=0 pwm=0 ball=10.95 vball=0.13 bref=0.00 pid=7.9 integ=5.1 vision=1 current=1 vframe=40878 seq=0 elapsed=0 oled=3C
[   4827] STATUS mode=1 fault=none p60=-62 dp60=0 pwm=0 ball=10.98 vball=0.32 bref=0.00 pid=7.9 integ=5.1 vision=1 current=1 vframe=40879 seq=0 elapsed=0 oled=3C
[   4842] STATUS mode=1 fault=none p60=-62 dp60=0 pwm=0 ball=10.98 vball=0.32 bref=0.00 pid=7.9 integ=5.1 vision=1 current=1 vframe=40879 seq=0 elapsed=0 oled=3C
[   4858] STATUS mode=1 fault=none p60=-62 dp60=0 pwm=0 ball=10.98 vball=0.32 bref=0.00 pid=7.9 integ=5.1 vision=1 current=1 vframe=40879 seq=0 elapsed=0 oled=3C
[   4890] STATUS mode=1 fault=none p60=-62 dp60=0 pwm=0 ball=10.98 vball=0.32 bref=0.00 pid=7.9 integ=5.1 vision=1 current=1 vframe=40879 seq=0 elapsed=0 oled=3C
[   4906] STATUS mode=1 fault=none p60=-62 dp60=0 pwm=0 ball=10.98 vball=0.32 bref=0.00 pid=7.9 integ=5.1 vision=1 current=1 vframe=40879 seq=0 elapsed=0 oled=3C
[   4920] STATUS mode=1 fault=none p60=-62 dp60=0 pwm=0 ball=11.01 vball=0.32 bref=0.00 pid=7.9 integ=5.1 vision=1 current=1 vframe=40880 seq=0 elapsed=0 oled=3C
[   4936] STATUS mode=1 fault=none p60=-62 dp60=0 pwm=0 ball=11.00 vball=0.14 bref=0.00 pid=7.9 integ=5.1 vision=1 current=1 vframe=40881 seq=0 elapsed=0 oled=3C
[   4967] STATUS mode=1 fault=none p60=-62 dp60=0 pwm=0 ball=11.00 vball=0.14 bref=0.00 pid=7.9 integ=5.1 vision=1 current=1 vframe=40881 seq=0 elapsed=0 oled=3C
[   4983] STATUS mode=1 fault=none p60=-62 dp60=0 pwm=0 ball=11.00 vball=0.10 bref=0.00 pid=7.9 integ=5.1 vision=1 current=1 vframe=40882 seq=0 elapsed=0 oled=3C
[   5000] STATUS mode=1 fault=none p60=-62 dp60=0 pwm=0 ball=11.00 vball=0.10 bref=0.00 pid=7.9 integ=5.1 vision=1 current=1 vframe=40882 seq=0 elapsed=0 oled=3C
[   5031] STATUS mode=1 fault=none p60=-62 dp60=0 pwm=0 ball=11.00 vball=0.10 bref=0.00 pid=7.9 integ=5.1 vision=1 current=1 vframe=40882 seq=0 elapsed=0 oled=3C
[   5045] STATUS mode=1 fault=none p60=-62 dp60=0 pwm=0 ball=11.00 vball=0.10 bref=0.00 pid=7.9 integ=5.1 vision=1 current=1 vframe=40882 seq=0 elapsed=0 oled=3C
[   5061] STATUS mode=1 fault=none p60=-62 dp60=0 pwm=0 ball=11.01 vball=0.11 bref=0.00 pid=7.9 integ=5.1 vision=1 current=1 vframe=40883 seq=0 elapsed=0 oled=3C
[   5077] STATUS mode=1 fault=none p60=-62 dp60=0 pwm=0 ball=11.00 vball=-0.02 bref=0.00 pid=7.9 integ=5.1 vision=1 current=1 vframe=40884 seq=0 elapsed=0 oled=3C
[   5108] STATUS mode=1 fault=none p60=-62 dp60=0 pwm=0 ball=11.00 vball=-0.02 bref=0.00 pid=7.9 integ=5.1 vision=1 current=1 vframe=40884 seq=0 elapsed=0 oled=3C
[   5125] STATUS mode=1 fault=none p60=-62 dp60=0 pwm=0 ball=10.97 vball=-0.24 bref=0.00 pid=7.9 integ=5.1 vision=1 current=1 vframe=40885 seq=0 elapsed=0 oled=3C
[   5140] STATUS mode=1 fault=none p60=-62 dp60=0 pwm=0 ball=10.97 vball=-0.24 bref=0.00 pid=7.9 integ=5.1 vision=1 current=1 vframe=40885 seq=0 elapsed=0 oled=3C
[   5170] STATUS mode=1 fault=none p60=-62 dp60=0 pwm=0 ball=10.97 vball=-0.24 bref=0.00 pid=7.9 integ=5.1 vision=1 current=1 vframe=40885 seq=0 elapsed=0 oled=3C
[   5186] STATUS mode=1 fault=none p60=-62 dp60=0 pwm=0 ball=10.97 vball=-0.24 bref=0.00 pid=7.9 integ=5.1 vision=1 current=1 vframe=40885 seq=0 elapsed=0 oled=3C
[   5202] STATUS mode=1 fault=none p60=-62 dp60=0 pwm=0 ball=10.97 vball=-0.24 bref=0.00 pid=7.9 integ=5.1 vision=1 current=1 vframe=40885 seq=0 elapsed=0 oled=3C
[   5217] STATUS mode=1 fault=none p60=-62 dp60=0 pwm=0 ball=10.97 vball=-0.18 bref=0.00 pid=7.9 integ=5.1 vision=1 current=1 vframe=40886 seq=0 elapsed=0 oled=3C
[   5250] STATUS mode=1 fault=none p60=-62 dp60=0 pwm=0 ball=11.03 vball=0.55 bref=0.00 pid=7.9 integ=5.1 vision=1 current=1 vframe=40887 seq=0 elapsed=0 oled=3C
[   5265] STATUS mode=1 fault=none p60=-62 dp60=0 pwm=0 ball=11.03 vball=0.55 bref=0.00 pid=7.9 integ=5.1 vision=1 current=1 vframe=40887 seq=0 elapsed=0 oled=3C
[   5281] STATUS mode=1 fault=none p60=-62 dp60=0 pwm=0 ball=11.01 vball=0.26 bref=0.00 pid=7.9 integ=5.1 vision=1 current=1 vframe=40888 seq=0 elapsed=0 oled=3C
[   5295] STATUS mode=1 fault=none p60=-62 dp60=0 pwm=0 ball=11.01 vball=0.26 bref=0.00 pid=7.9 integ=5.1 vision=1 current=1 vframe=40888 seq=0 elapsed=0 oled=3C
[   5327] STATUS mode=1 fault=none p60=-62 dp60=0 pwm=0 ball=11.01 vball=0.26 bref=0.00 pid=7.9 integ=5.1 vision=1 current=1 vframe=40888 seq=0 elapsed=0 oled=3C
[   5342] STATUS mode=1 fault=none p60=-62 dp60=0 pwm=0 ball=11.01 vball=0.26 bref=0.00 pid=7.9 integ=5.1 vision=1 current=1 vframe=40888 seq=0 elapsed=0 oled=3C
[   5358] STATUS mode=1 fault=none p60=-62 dp60=0 pwm=0 ball=10.94 vball=0.01 bref=0.00 pid=7.9 integ=5.1 vision=1 current=1 vframe=40889 seq=0 elapsed=0 oled=3C
[   5390] STATUS mode=1 fault=none p60=-62 dp60=0 pwm=0 ball=10.94 vball=0.01 bref=0.00 pid=7.9 integ=5.1 vision=1 current=1 vframe=40890 seq=0 elapsed=0 oled=3C
[   5406] STATUS mode=1 fault=none p60=-62 dp60=0 pwm=0 ball=10.94 vball=0.01 bref=0.00 pid=7.9 integ=5.1 vision=1 current=1 vframe=40890 seq=0 elapsed=0 oled=3C
[   5420] STATUS mode=1 fault=none p60=-62 dp60=0 pwm=0 ball=10.93 vball=-0.07 bref=0.00 pid=7.9 integ=5.1 vision=1 current=1 vframe=40891 seq=0 elapsed=0 oled=3C
[   5436] STATUS mode=1 fault=none p60=-62 dp60=0 pwm=0 ball=10.93 vball=-0.07 bref=0.00 pid=7.9 integ=5.1 vision=1 current=1 vframe=40891 seq=0 elapsed=0 oled=3C
[   5467] STATUS mode=1 fault=none p60=-62 dp60=0 pwm=0 ball=10.93 vball=-0.07 bref=0.00 pid=7.9 integ=5.1 vision=1 current=1 vframe=40891 seq=0 elapsed=0 oled=3C
[   5483] STATUS mode=1 fault=none p60=-62 dp60=0 pwm=0 ball=10.93 vball=-0.07 bref=0.00 pid=7.9 integ=5.1 vision=1 current=1 vframe=40891 seq=0 elapsed=0 oled=3C
[   5500] STATUS mode=1 fault=none p60=-62 dp60=0 pwm=0 ball=10.93 vball=-0.07 bref=0.00 pid=7.9 integ=5.1 vision=1 current=1 vframe=40891 seq=0 elapsed=0 oled=3C
[   5531] STATUS mode=1 fault=none p60=-62 dp60=0 pwm=0 ball=10.93 vball=-0.05 bref=0.00 pid=7.9 integ=5.1 vision=1 current=1 vframe=40892 seq=0 elapsed=0 oled=3C
[   5545] STATUS mode=1 fault=none p60=-62 dp60=0 pwm=0 ball=10.93 vball=-0.04 bref=0.00 pid=7.9 integ=5.1 vision=1 current=1 vframe=40893 seq=0 elapsed=0 oled=3C
[   5561] STATUS mode=1 fault=none p60=-62 dp60=0 pwm=0 ball=10.93 vball=-0.04 bref=0.00 pid=7.9 integ=5.1 vision=1 current=1 vframe=40893 seq=0 elapsed=0 oled=3C
[   5577] STATUS mode=1 fault=none p60=-62 dp60=0 pwm=0 ball=10.94 vball=0.05 bref=0.00 pid=7.9 integ=5.1 vision=1 current=1 vframe=40894 seq=0 elapsed=0 oled=3C
[   5608] STATUS mode=1 fault=none p60=-62 dp60=0 pwm=0 ball=10.94 vball=0.05 bref=0.00 pid=7.9 integ=5.1 vision=1 current=1 vframe=40894 seq=0 elapsed=0 oled=3C
[   5625] STATUS mode=1 fault=none p60=-62 dp60=0 pwm=0 ball=10.94 vball=0.05 bref=0.00 pid=7.9 integ=5.1 vision=1 current=1 vframe=40894 seq=0 elapsed=0 oled=3C
[   5640] STATUS mode=1 fault=none p60=-62 dp60=0 pwm=0 ball=10.94 vball=0.05 bref=0.00 pid=7.9 integ=5.1 vision=1 current=1 vframe=40894 seq=0 elapsed=0 oled=3C
[   5670] STATUS mode=1 fault=none p60=-62 dp60=0 pwm=0 ball=10.95 vball=0.06 bref=0.00 pid=7.9 integ=5.1 vision=1 current=1 vframe=40895 seq=0 elapsed=0 oled=3C
[   5686] STATUS mode=1 fault=none p60=-62 dp60=0 pwm=0 ball=10.97 vball=0.23 bref=0.00 pid=7.9 integ=5.1 vision=1 current=1 vframe=40896 seq=0 elapsed=0 oled=3C
[   5702] STATUS mode=1 fault=none p60=-62 dp60=0 pwm=0 ball=10.97 vball=0.23 bref=0.00 pid=7.9 integ=5.1 vision=1 current=1 vframe=40896 seq=0 elapsed=0 oled=3C
[   5717] STATUS mode=1 fault=none p60=-62 dp60=0 pwm=0 ball=10.97 vball=0.17 bref=0.00 pid=7.9 integ=5.1 vision=1 current=1 vframe=40897 seq=0 elapsed=0 oled=3C
[   5750] STATUS mode=1 fault=none p60=-62 dp60=0 pwm=0 ball=10.97 vball=0.17 bref=0.00 pid=7.9 integ=5.1 vision=1 current=1 vframe=40897 seq=0 elapsed=0 oled=3C
[   5765] STATUS mode=1 fault=none p60=-62 dp60=0 pwm=0 ball=10.97 vball=0.17 bref=0.00 pid=7.9 integ=5.1 vision=1 current=1 vframe=40897 seq=0 elapsed=0 oled=3C
[   5781] STATUS mode=1 fault=none p60=-62 dp60=0 pwm=0 ball=10.97 vball=0.17 bref=0.00 pid=7.9 integ=5.1 vision=1 current=1 vframe=40897 seq=0 elapsed=0 oled=3C
[   5811] STATUS mode=1 fault=none p60=-62 dp60=0 pwm=0 ball=10.97 vball=0.17 bref=0.00 pid=7.9 integ=5.1 vision=1 current=1 vframe=40897 seq=0 elapsed=0 oled=3C
[   5827] STATUS mode=1 fault=none p60=-62 dp60=0 pwm=0 ball=10.97 vball=0.13 bref=0.00 pid=7.9 integ=5.1 vision=1 current=1 vframe=40898 seq=0 elapsed=0 oled=3C
[   5842] STATUS mode=1 fault=none p60=-62 dp60=0 pwm=0 ball=11.00 vball=0.39 bref=0.00 pid=7.9 integ=5.1 vision=1 current=1 vframe=40899 seq=0 elapsed=0 oled=3C
[   5858] STATUS mode=1 fault=none p60=-62 dp60=0 pwm=0 ball=11.00 vball=0.39 bref=0.00 pid=7.9 integ=5.1 vision=1 current=1 vframe=40899 seq=0 elapsed=0 oled=3C
[   5890] STATUS mode=1 fault=none p60=-62 dp60=0 pwm=0 ball=10.98 vball=0.14 bref=0.00 pid=7.9 integ=5.1 vision=1 current=1 vframe=40900 seq=0 elapsed=0 oled=3C
[   5906] STATUS mode=1 fault=none p60=-62 dp60=0 pwm=0 ball=10.98 vball=0.14 bref=0.00 pid=7.9 integ=5.1 vision=1 current=1 vframe=40900 seq=0 elapsed=0 oled=3C
[   5920] STATUS mode=1 fault=none p60=-62 dp60=0 pwm=0 ball=10.98 vball=0.14 bref=0.00 pid=7.9 integ=5.1 vision=1 current=1 vframe=40900 seq=0 elapsed=0 oled=3C
[   5936] STATUS mode=1 fault=none p60=-62 dp60=0 pwm=0 ball=10.98 vball=0.14 bref=0.00 pid=7.9 integ=5.1 vision=1 current=1 vframe=40900 seq=0 elapsed=0 oled=3C
[   5967] STATUS mode=1 fault=none p60=-62 dp60=0 pwm=0 ball=10.43 vball=-1.42 bref=0.00 pid=7.9 integ=5.1 vision=1 current=1 vframe=40901 seq=0 elapsed=0 oled=3C
[   5983] STATUS mode=1 fault=none p60=-62 dp60=0 pwm=0 ball=10.40 vball=-1.34 bref=0.00 pid=7.9 integ=5.1 vision=1 current=1 vframe=40902 seq=0 elapsed=0 oled=3C
[   6000] STATUS mode=1 fault=none p60=-62 dp60=0 pwm=0 ball=10.40 vball=-1.34 bref=0.00 pid=7.9 integ=5.1 vision=1 current=1 vframe=40902 seq=0 elapsed=0 oled=3C
[   6031] STATUS mode=1 fault=none p60=-62 dp60=0 pwm=0 ball=10.39 vball=-1.08 bref=0.00 pid=7.9 integ=5.1 vision=1 current=1 vframe=40903 seq=0 elapsed=0 oled=3C
[   6045] STATUS mode=1 fault=none p60=-62 dp60=0 pwm=0 ball=10.39 vball=-1.08 bref=0.00 pid=7.9 integ=5.1 vision=1 current=1 vframe=40903 seq=0 elapsed=0 oled=3C
[   6061] STATUS mode=1 fault=none p60=-62 dp60=0 pwm=0 ball=10.39 vball=-1.08 bref=0.00 pid=7.9 integ=5.1 vision=1 current=1 vframe=40903 seq=0 elapsed=0 oled=3C
[   6077] STATUS mode=1 fault=none p60=-62 dp60=0 pwm=0 ball=10.39 vball=-1.08 bref=0.00 pid=7.9 integ=5.1 vision=1 current=1 vframe=40903 seq=0 elapsed=0 oled=3C
[   6108] STATUS mode=1 fault=none p60=-62 dp60=0 pwm=0 ball=10.39 vball=-1.08 bref=0.00 pid=7.9 integ=5.1 vision=1 current=1 vframe=40903 seq=0 elapsed=0 oled=3C
[   6125] STATUS mode=1 fault=none p60=-62 dp60=0 pwm=0 ball=10.77 vball=0.24 bref=0.00 pid=7.9 integ=5.1 vision=1 current=1 vframe=40904 seq=0 elapsed=0 oled=3C
[   6140] STATUS mode=1 fault=none p60=-62 dp60=0 pwm=0 ball=10.93 vball=1.66 bref=0.00 pid=7.9 integ=5.1 vision=1 current=1 vframe=40905 seq=0 elapsed=0 oled=3C
[   6170] STATUS mode=1 fault=none p60=-62 dp60=0 pwm=0 ball=10.93 vball=1.66 bref=0.00 pid=7.9 integ=5.1 vision=1 current=1 vframe=40905 seq=0 elapsed=0 oled=3C
[   6186] STATUS mode=1 fault=none p60=-62 dp60=0 pwm=0 ball=10.90 vball=1.05 bref=0.00 pid=7.9 integ=5.1 vision=1 current=1 vframe=40906 seq=0 elapsed=0 oled=3C
[   6202] STATUS mode=1 fault=none p60=-62 dp60=0 pwm=0 ball=10.90 vball=1.05 bref=0.00 pid=7.9 integ=5.1 vision=1 current=1 vframe=40906 seq=0 elapsed=0 oled=3C
[   6217] STATUS mode=1 fault=none p60=-62 dp60=0 pwm=0 ball=10.90 vball=1.05 bref=0.00 pid=7.9 integ=5.1 vision=1 current=1 vframe=40906 seq=0 elapsed=0 oled=3C
[   6250] STATUS mode=1 fault=none p60=-62 dp60=0 pwm=0 ball=10.90 vball=1.05 bref=0.00 pid=7.9 integ=5.1 vision=1 current=1 vframe=40906 seq=0 elapsed=0 oled=3C
[   6265] STATUS mode=1 fault=none p60=-62 dp60=0 pwm=0 ball=10.90 vball=1.05 bref=0.00 pid=7.9 integ=5.1 vision=1 current=1 vframe=40906 seq=0 elapsed=0 oled=3C
[   6281] STATUS mode=1 fault=none p60=-62 dp60=0 pwm=0 ball=10.90 vball=1.05 bref=0.00 pid=7.9 integ=5.1 vision=1 current=1 vframe=40906 seq=0 elapsed=0 oled=3C
[   6311] STATUS mode=1 fault=none p60=-62 dp60=0 pwm=0 ball=10.90 vball=1.05 bref=0.00 pid=7.9 integ=5.1 vision=1 current=1 vframe=40906 seq=0 elapsed=0 oled=3C
[   6327] STATUS mode=1 fault=none p60=-62 dp60=0 pwm=0 ball=10.90 vball=1.05 bref=0.00 pid=7.9 integ=5.1 vision=1 current=1 vframe=40906 seq=0 elapsed=0 oled=3C
[   6342] STATUS mode=1 fault=none p60=-62 dp60=0 pwm=0 ball=10.97 vball=0.89 bref=0.00 pid=7.9 integ=5.1 vision=1 current=1 vframe=40907 seq=0 elapsed=0 oled=3C
[   6358] STATUS mode=1 fault=none p60=-62 dp60=0 pwm=0 ball=10.97 vball=0.89 bref=0.00 pid=7.9 integ=5.1 vision=1 current=1 vframe=40907 seq=0 elapsed=0 oled=3C
[   6390] STATUS mode=1 fault=none p60=-62 dp60=0 pwm=0 ball=10.46 vball=-4.24 bref=0.00 pid=7.9 integ=5.1 vision=1 current=1 vframe=40908 seq=0 elapsed=0 oled=3C
[   6406] STATUS mode=1 fault=none p60=-62 dp60=0 pwm=0 ball=10.40 vball=-3.65 bref=0.00 pid=7.9 integ=5.1 vision=1 current=1 vframe=40909 seq=0 elapsed=0 oled=3C
[   6420] STATUS mode=1 fault=none p60=-62 dp60=0 pwm=0 ball=10.40 vball=-3.65 bref=0.00 pid=7.9 integ=5.1 vision=1 current=1 vframe=40909 seq=0 elapsed=0 oled=3C
[   6436] STATUS mode=1 fault=none p60=-62 dp60=0 pwm=0 ball=10.40 vball=-3.65 bref=0.00 pid=7.9 integ=5.1 vision=1 current=1 vframe=40909 seq=0 elapsed=0 oled=3C
[   6467] STATUS mode=1 fault=none p60=-62 dp60=0 pwm=0 ball=10.40 vball=-3.65 bref=0.00 pid=7.9 integ=5.1 vision=1 current=1 vframe=40909 seq=0 elapsed=0 oled=3C
[   6483] STATUS mode=1 fault=none p60=-62 dp60=0 pwm=0 ball=10.40 vball=-3.65 bref=0.00 pid=7.9 integ=5.1 vision=1 current=1 vframe=40909 seq=0 elapsed=0 oled=3C
[   6500] STATUS mode=1 fault=none p60=-62 dp60=0 pwm=0 ball=10.36 vball=-2.83 bref=0.00 pid=7.9 integ=5.1 vision=1 current=1 vframe=40910 seq=0 elapsed=0 oled=3C
[   6531] STATUS mode=1 fault=none p60=-62 dp60=0 pwm=0 ball=10.36 vball=-2.83 bref=0.00 pid=7.9 integ=5.1 vision=1 current=1 vframe=40910 seq=0 elapsed=0 oled=3C
[   6545] STATUS mode=1 fault=none p60=-62 dp60=0 pwm=0 ball=10.40 vball=-1.79 bref=0.00 pid=7.9 integ=5.1 vision=1 current=1 vframe=40911 seq=0 elapsed=0 oled=3C
[   6561] STATUS mode=1 fault=none p60=-62 dp60=0 pwm=0 ball=10.86 vball=2.14 bref=0.00 pid=7.9 integ=5.1 vision=1 current=1 vframe=40912 seq=0 elapsed=0 oled=3C
[   6577] STATUS mode=1 fault=none p60=-62 dp60=0 pwm=0 ball=10.86 vball=2.14 bref=0.00 pid=7.9 integ=5.1 vision=1 current=1 vframe=40912 seq=0 elapsed=0 oled=3C
[   6608] STATUS mode=1 fault=none p60=-62 dp60=0 pwm=0 ball=10.86 vball=2.14 bref=0.00 pid=7.9 integ=5.1 vision=1 current=1 vframe=40912 seq=0 elapsed=0 oled=3C
[   6625] STATUS mode=1 fault=none p60=-62 dp60=0 pwm=0 ball=10.86 vball=2.14 bref=0.00 pid=7.9 integ=5.1 vision=1 current=1 vframe=40912 seq=0 elapsed=0 oled=3C
[   6640] STATUS mode=1 fault=none p60=-62 dp60=0 pwm=0 ball=10.86 vball=2.14 bref=0.00 pid=7.9 integ=5.1 vision=1 current=1 vframe=40912 seq=0 elapsed=0 oled=3C
[   6656] STATUS mode=1 fault=none p60=-62 dp60=0 pwm=0 ball=11.02 vball=2.06 bref=0.00 pid=7.9 integ=5.1 vision=1 current=1 vframe=40913 seq=0 elapsed=0 oled=3C
[   6686] STATUS mode=1 fault=none p60=-62 dp60=0 pwm=0 ball=11.05 vball=1.80 bref=0.00 pid=7.9 integ=5.1 vision=1 current=1 vframe=40914 seq=0 elapsed=0 oled=3C
[   6702] STATUS mode=1 fault=none p60=-62 dp60=0 pwm=0 ball=11.05 vball=1.80 bref=0.00 pid=7.9 integ=5.1 vision=1 current=1 vframe=40914 seq=0 elapsed=0 oled=3C
[   6717] STATUS mode=1 fault=none p60=-62 dp60=0 pwm=0 ball=11.05 vball=1.35 bref=0.00 pid=7.9 integ=5.1 vision=1 current=1 vframe=40915 seq=0 elapsed=0 oled=3C
[   6750] STATUS mode=1 fault=none p60=-62 dp60=0 pwm=0 ball=11.05 vball=1.35 bref=0.00 pid=7.9 integ=5.1 vision=1 current=1 vframe=40915 seq=0 elapsed=0 oled=3C
[   6765] STATUS mode=1 fault=none p60=-62 dp60=0 pwm=0 ball=11.05 vball=1.35 bref=0.00 pid=7.9 integ=5.1 vision=1 current=1 vframe=40915 seq=0 elapsed=0 oled=3C
[   6781] STATUS mode=1 fault=none p60=-62 dp60=0 pwm=0 ball=11.05 vball=1.35 bref=0.00 pid=7.9 integ=5.1 vision=1 current=1 vframe=40915 seq=0 elapsed=0 oled=3C
[   6811] STATUS mode=1 fault=none p60=-62 dp60=0 pwm=0 ball=11.05 vball=1.35 bref=0.00 pid=7.9 integ=5.1 vision=1 current=1 vframe=40915 seq=0 elapsed=0 oled=3C
[   6827] STATUS mode=1 fault=none p60=-62 dp60=0 pwm=0 ball=11.05 vball=1.01 bref=0.00 pid=7.9 integ=5.1 vision=1 current=1 vframe=40916 seq=0 elapsed=0 oled=3C
[   6842] STATUS mode=1 fault=none p60=-62 dp60=0 pwm=0 ball=11.05 vball=0.76 bref=0.00 pid=7.9 integ=5.1 vision=1 current=1 vframe=40917 seq=0 elapsed=0 oled=3C
[   6858] STATUS mode=1 fault=none p60=-62 dp60=0 pwm=0 ball=11.05 vball=0.76 bref=0.00 pid=7.9 integ=5.1 vision=1 current=1 vframe=40917 seq=0 elapsed=0 oled=3C
[   6890] STATUS mode=1 fault=none p60=-62 dp60=0 pwm=0 ball=11.04 vball=0.50 bref=0.00 pid=7.9 integ=5.1 vision=1 current=1 vframe=40918 seq=0 elapsed=0 oled=3C
[   6906] STATUS mode=1 fault=none p60=-62 dp60=0 pwm=0 ball=11.04 vball=0.50 bref=0.00 pid=7.9 integ=5.1 vision=1 current=1 vframe=40918 seq=0 elapsed=0 oled=3C
[   6920] STATUS mode=1 fault=none p60=-62 dp60=0 pwm=0 ball=11.04 vball=0.50 bref=0.00 pid=7.9 integ=5.1 vision=1 current=1 vframe=40918 seq=0 elapsed=0 oled=3C
[   6936] STATUS mode=1 fault=none p60=-62 dp60=0 pwm=0 ball=11.04 vball=0.50 bref=0.00 pid=7.9 integ=5.1 vision=1 current=1 vframe=40918 seq=0 elapsed=0 oled=3C
[   6967] STATUS mode=1 fault=none p60=-62 dp60=0 pwm=0 ball=10.98 vball=0.20 bref=0.00 pid=7.9 integ=5.1 vision=1 current=1 vframe=40919 seq=0 elapsed=0 oled=3C
[   6983] STATUS mode=1 fault=none p60=-62 dp60=0 pwm=0 ball=10.97 vball=0.06 bref=0.00 pid=7.9 integ=5.1 vision=1 current=1 vframe=40920 seq=0 elapsed=0 oled=3C
[   7000] STATUS mode=1 fault=none p60=-62 dp60=0 pwm=0 ball=10.97 vball=0.06 bref=0.00 pid=7.9 integ=5.1 vision=1 current=1 vframe=40920 seq=0 elapsed=0 oled=3C
[   7031] STATUS mode=1 fault=none p60=-62 dp60=0 pwm=0 ball=10.97 vball=0.04 bref=0.00 pid=7.9 integ=5.1 vision=1 current=1 vframe=40921 seq=0 elapsed=0 oled=3C
[   7045] STATUS mode=1 fault=none p60=-62 dp60=0 pwm=0 ball=10.97 vball=0.04 bref=0.00 pid=7.9 integ=5.1 vision=1 current=1 vframe=40921 seq=0 elapsed=0 oled=3C
[   7061] STATUS mode=1 fault=none p60=-62 dp60=0 pwm=0 ball=10.97 vball=0.04 bref=0.00 pid=7.9 integ=5.1 vision=1 current=1 vframe=40921 seq=0 elapsed=0 oled=3C
[   7077] STATUS mode=1 fault=none p60=-62 dp60=0 pwm=0 ball=10.97 vball=0.04 bref=0.00 pid=7.9 integ=5.1 vision=1 current=1 vframe=40921 seq=0 elapsed=0 oled=3C
[   7108] STATUS mode=1 fault=none p60=-62 dp60=0 pwm=0 ball=10.97 vball=0.04 bref=0.00 pid=7.9 integ=5.1 vision=1 current=1 vframe=40921 seq=0 elapsed=0 oled=3C
[   7125] STATUS mode=1 fault=none p60=-62 dp60=0 pwm=0 ball=11.03 vball=0.20 bref=0.00 pid=7.9 integ=5.1 vision=1 current=1 vframe=40922 seq=0 elapsed=0 oled=3C
[   7140] STATUS mode=1 fault=none p60=-62 dp60=0 pwm=0 ball=11.12 vball=1.01 bref=0.00 pid=7.9 integ=5.1 vision=1 current=1 vframe=40923 seq=0 elapsed=0 oled=3C
[   7170] STATUS mode=1 fault=none p60=-62 dp60=0 pwm=0 ball=11.12 vball=1.01 bref=0.00 pid=7.9 integ=5.1 vision=1 current=1 vframe=40923 seq=0 elapsed=0 oled=3C
[   7186] STATUS mode=1 fault=none p60=-62 dp60=0 pwm=0 ball=11.13 vball=0.84 bref=0.00 pid=7.9 integ=5.1 vision=1 current=1 vframe=40924 seq=0 elapsed=0 oled=3C
[   7202] STATUS mode=1 fault=none p60=-62 dp60=0 pwm=0 ball=11.13 vball=0.84 bref=0.00 pid=7.9 integ=5.1 vision=1 current=1 vframe=40924 seq=0 elapsed=0 oled=3C
[   7217] STATUS mode=1 fault=none p60=-62 dp60=0 pwm=0 ball=11.13 vball=0.84 bref=0.00 pid=7.9 integ=5.1 vision=1 current=1 vframe=40924 seq=0 elapsed=0 oled=3C
[   7250] STATUS mode=1 fault=none p60=-62 dp60=0 pwm=0 ball=11.13 vball=0.84 bref=0.00 pid=7.9 integ=5.1 vision=1 current=1 vframe=40924 seq=0 elapsed=0 oled=3C
[   7265] STATUS mode=1 fault=none p60=-62 dp60=0 pwm=0 ball=11.14 vball=0.65 bref=0.00 pid=7.9 integ=5.1 vision=1 current=1 vframe=40925 seq=0 elapsed=0 oled=3C
[   7281] STATUS mode=1 fault=none p60=-62 dp60=0 pwm=0 ball=11.16 vball=0.70 bref=0.00 pid=7.9 integ=5.1 vision=1 current=1 vframe=40926 seq=0 elapsed=0 oled=3C
[   7311] STATUS mode=1 fault=none p60=-62 dp60=0 pwm=0 ball=11.16 vball=0.70 bref=0.00 pid=7.9 integ=5.1 vision=1 current=1 vframe=40926 seq=0 elapsed=0 oled=3C
[   7327] STATUS mode=1 fault=none p60=-62 dp60=0 pwm=0 ball=11.10 vball=0.07 bref=0.00 pid=7.9 integ=5.1 vision=1 current=1 vframe=40927 seq=0 elapsed=0 oled=3C
[   7342] STATUS mode=1 fault=none p60=-62 dp60=0 pwm=0 ball=11.10 vball=0.07 bref=0.00 pid=7.9 integ=5.1 vision=1 current=1 vframe=40927 seq=0 elapsed=0 oled=3C
[   7358] STATUS mode=1 fault=none p60=-62 dp60=0 pwm=0 ball=11.10 vball=0.07 bref=0.00 pid=7.9 integ=5.1 vision=1 current=1 vframe=40927 seq=0 elapsed=0 oled=3C
[   7390] STATUS mode=1 fault=none p60=-62 dp60=0 pwm=0 ball=11.10 vball=0.07 bref=0.00 pid=7.9 integ=5.1 vision=1 current=1 vframe=40927 seq=0 elapsed=0 oled=3C
[   7406] STATUS mode=1 fault=none p60=-62 dp60=0 pwm=0 ball=11.10 vball=0.07 bref=0.00 pid=7.9 integ=5.1 vision=1 current=1 vframe=40927 seq=0 elapsed=0 oled=3C
[   7420] STATUS mode=1 fault=none p60=-62 dp60=0 pwm=0 ball=11.09 vball=0.02 bref=0.00 pid=7.9 integ=5.1 vision=1 current=1 vframe=40928 seq=0 elapsed=0 oled=3C
[   7436] STATUS mode=1 fault=none p60=-62 dp60=0 pwm=0 ball=11.10 vball=0.12 bref=0.00 pid=7.9 integ=5.1 vision=1 current=1 vframe=40929 seq=0 elapsed=0 oled=3C
[   7467] STATUS mode=1 fault=none p60=-62 dp60=0 pwm=0 ball=11.10 vball=0.12 bref=0.00 pid=7.9 integ=5.1 vision=1 current=1 vframe=40929 seq=0 elapsed=0 oled=3C
[   7483] STATUS mode=1 fault=none p60=-62 dp60=0 pwm=0 ball=11.09 vball=0.01 bref=0.00 pid=7.9 integ=5.1 vision=1 current=1 vframe=40930 seq=0 elapsed=0 oled=3C
[   7500] STATUS mode=1 fault=none p60=-62 dp60=0 pwm=0 ball=11.09 vball=0.01 bref=0.00 pid=7.9 integ=5.1 vision=1 current=1 vframe=40930 seq=0 elapsed=0 oled=3C
[   7531] STATUS mode=1 fault=none p60=-62 dp60=0 pwm=0 ball=11.09 vball=0.01 bref=0.00 pid=7.9 integ=5.1 vision=1 current=1 vframe=40930 seq=0 elapsed=0 oled=3C
[   7545] STATUS mode=1 fault=none p60=-62 dp60=0 pwm=0 ball=11.09 vball=0.01 bref=0.00 pid=7.9 integ=5.1 vision=1 current=1 vframe=40930 seq=0 elapsed=0 oled=3C
[   7561] STATUS mode=1 fault=none p60=-62 dp60=0 pwm=0 ball=11.04 vball=-0.13 bref=0.00 pid=7.9 integ=5.1 vision=1 current=1 vframe=40931 seq=0 elapsed=0 oled=3C
[   7577] STATUS mode=1 fault=none p60=-62 dp60=0 pwm=0 ball=11.02 vball=-0.28 bref=0.00 pid=7.9 integ=5.1 vision=1 current=1 vframe=40932 seq=0 elapsed=0 oled=3C
[   7608] STATUS mode=1 fault=none p60=-62 dp60=0 pwm=0 ball=11.02 vball=-0.28 bref=0.00 pid=7.9 integ=5.1 vision=1 current=1 vframe=40932 seq=0 elapsed=0 oled=3C
[   7625] STATUS mode=1 fault=none p60=-62 dp60=0 pwm=0 ball=11.01 vball=-0.28 bref=0.00 pid=7.9 integ=5.1 vision=1 current=1 vframe=40933 seq=0 elapsed=0 oled=3C
[   7640] STATUS mode=1 fault=none p60=-62 dp60=0 pwm=0 ball=11.01 vball=-0.28 bref=0.00 pid=7.9 integ=5.1 vision=1 current=1 vframe=40933 seq=0 elapsed=0 oled=3C
[   7670] STATUS mode=1 fault=none p60=-62 dp60=0 pwm=0 ball=11.01 vball=-0.28 bref=0.00 pid=7.9 integ=5.1 vision=1 current=1 vframe=40933 seq=0 elapsed=0 oled=3C
[   7686] STATUS mode=1 fault=none p60=-62 dp60=0 pwm=0 ball=11.01 vball=-0.28 bref=0.00 pid=7.9 integ=5.1 vision=1 current=1 vframe=40933 seq=0 elapsed=0 oled=3C
[   7702] STATUS mode=1 fault=none p60=-62 dp60=0 pwm=0 ball=11.01 vball=-0.28 bref=0.00 pid=7.9 integ=5.1 vision=1 current=1 vframe=40933 seq=0 elapsed=0 oled=3C
[   7717] STATUS mode=1 fault=none p60=-62 dp60=0 pwm=0 ball=11.00 vball=-0.24 bref=0.00 pid=7.9 integ=5.1 vision=1 current=1 vframe=40934 seq=0 elapsed=0 oled=3C
[   7750] STATUS mode=1 fault=none p60=-62 dp60=0 pwm=0 ball=11.08 vball=0.56 bref=0.00 pid=7.9 integ=5.1 vision=1 current=1 vframe=40935 seq=0 elapsed=0 oled=3C
[   7765] STATUS mode=1 fault=none p60=-62 dp60=0 pwm=0 ball=11.08 vball=0.56 bref=0.00 pid=7.9 integ=5.1 vision=1 current=1 vframe=40935 seq=0 elapsed=0 oled=3C
[   7781] STATUS mode=1 fault=none p60=-62 dp60=0 pwm=0 ball=11.09 vball=0.50 bref=0.00 pid=7.9 integ=5.1 vision=1 current=1 vframe=40936 seq=0 elapsed=0 oled=3C
[   7811] STATUS mode=1 fault=none p60=-62 dp60=0 pwm=0 ball=11.09 vball=0.50 bref=0.00 pid=7.9 integ=5.1 vision=1 current=1 vframe=40936 seq=0 elapsed=0 oled=3C
[   7827] STATUS mode=1 fault=none p60=-62 dp60=0 pwm=0 ball=11.09 vball=0.50 bref=0.00 pid=7.9 integ=5.1 vision=1 current=1 vframe=40936 seq=0 elapsed=0 oled=3C
[   7842] STATUS mode=1 fault=none p60=-62 dp60=0 pwm=0 ball=11.09 vball=0.50 bref=0.00 pid=7.9 integ=5.1 vision=1 current=1 vframe=40936 seq=0 elapsed=0 oled=3C
[   7858] STATUS mode=1 fault=none p60=-62 dp60=0 pwm=0 ball=11.09 vball=0.37 bref=0.00 pid=7.9 integ=5.1 vision=1 current=1 vframe=40937 seq=0 elapsed=0 oled=3C
[   7890] STATUS mode=1 fault=none p60=-62 dp60=0 pwm=0 ball=11.04 vball=-0.20 bref=0.00 pid=7.9 integ=5.1 vision=1 current=1 vframe=40938 seq=0 elapsed=0 oled=3C
[   7906] STATUS mode=1 fault=none p60=-62 dp60=0 pwm=0 ball=11.04 vball=-0.20 bref=0.00 pid=7.9 integ=5.1 vision=1 current=1 vframe=40938 seq=0 elapsed=0 oled=3C
[   7920] STATUS mode=1 fault=none p60=-62 dp60=0 pwm=0 ball=11.02 vball=-0.30 bref=0.00 pid=7.9 integ=5.1 vision=1 current=1 vframe=40939 seq=0 elapsed=0 oled=3C
[   7952] STATUS mode=1 fault=none p60=-62 dp60=0 pwm=0 ball=11.02 vball=-0.30 bref=0.00 pid=7.9 integ=5.1 vision=1 current=1 vframe=40939 seq=0 elapsed=0 oled=3C
[   7967] STATUS mode=1 fault=none p60=-62 dp60=0 pwm=0 ball=11.02 vball=-0.30 bref=0.00 pid=7.9 integ=5.1 vision=1 current=1 vframe=40939 seq=0 elapsed=0 oled=3C
[   7983] STATUS mode=1 fault=none p60=-62 dp60=0 pwm=0 ball=11.02 vball=-0.30 bref=0.00 pid=7.9 integ=5.1 vision=1 current=1 vframe=40939 seq=0 elapsed=0 oled=3C
[   8000] STATUS mode=1 fault=none p60=-62 dp60=0 pwm=0 ball=11.02 vball=-0.30 bref=0.00 pid=7.9 integ=5.1 vision=1 current=1 vframe=40939 seq=0 elapsed=0 oled=3C
[   8031] STATUS mode=1 fault=none p60=-62 dp60=0 pwm=0 ball=11.00 vball=-0.28 bref=0.00 pid=7.9 integ=5.1 vision=1 current=1 vframe=40940 seq=0 elapsed=0 oled=3C
[   8045] STATUS mode=1 fault=none p60=-62 dp60=0 pwm=0 ball=11.00 vball=-0.21 bref=0.00 pid=7.9 integ=5.1 vision=1 current=1 vframe=40941 seq=0 elapsed=0 oled=3C
[   8061] STATUS mode=1 fault=none p60=-62 dp60=0 pwm=0 ball=11.00 vball=-0.21 bref=0.00 pid=7.9 integ=5.1 vision=1 current=1 vframe=40941 seq=0 elapsed=0 oled=3C
[   8077] STATUS mode=1 fault=none p60=-62 dp60=0 pwm=0 ball=11.00 vball=-0.16 bref=0.00 pid=7.9 integ=5.1 vision=1 current=1 vframe=40942 seq=0 elapsed=0 oled=3C
[   8108] STATUS mode=1 fault=none p60=-62 dp60=0 pwm=0 ball=11.00 vball=-0.16 bref=0.00 pid=7.9 integ=5.1 vision=1 current=1 vframe=40942 seq=0 elapsed=0 oled=3C
[   8125] STATUS mode=1 fault=none p60=-62 dp60=0 pwm=0 ball=11.00 vball=-0.16 bref=0.00 pid=7.9 integ=5.1 vision=1 current=1 vframe=40942 seq=0 elapsed=0 oled=3C
[   8140] STATUS mode=1 fault=none p60=-62 dp60=0 pwm=0 ball=11.00 vball=-0.16 bref=0.00 pid=7.9 integ=5.1 vision=1 current=1 vframe=40942 seq=0 elapsed=0 oled=3C
[   8170] STATUS mode=1 fault=none p60=-62 dp60=0 pwm=0 ball=11.00 vball=-0.12 bref=0.00 pid=7.9 integ=5.1 vision=1 current=1 vframe=40943 seq=0 elapsed=0 oled=3C
[   8186] STATUS mode=1 fault=none p60=-62 dp60=0 pwm=0 ball=11.00 vball=-0.09 bref=0.00 pid=7.9 integ=5.1 vision=1 current=1 vframe=40944 seq=0 elapsed=0 oled=3C
[   8202] STATUS mode=1 fault=none p60=-62 dp60=0 pwm=0 ball=11.00 vball=-0.09 bref=0.00 pid=7.9 integ=5.1 vision=1 current=1 vframe=40944 seq=0 elapsed=0 oled=3C
[   8217] STATUS mode=1 fault=none p60=-62 dp60=0 pwm=0 ball=11.00 vball=-0.07 bref=0.00 pid=7.9 integ=5.1 vision=1 current=1 vframe=40945 seq=0 elapsed=0 oled=3C
[   8250] STATUS mode=1 fault=none p60=-62 dp60=0 pwm=0 ball=11.00 vball=-0.07 bref=0.00 pid=7.9 integ=5.1 vision=1 current=1 vframe=40945 seq=0 elapsed=0 oled=3C
[   8265] STATUS mode=1 fault=none p60=-62 dp60=0 pwm=0 ball=11.00 vball=-0.07 bref=0.00 pid=7.9 integ=5.1 vision=1 current=1 vframe=40945 seq=0 elapsed=0 oled=3C
[   8281] STATUS mode=1 fault=none p60=-62 dp60=0 pwm=0 ball=11.00 vball=-0.07 bref=0.00 pid=7.9 integ=5.1 vision=1 current=1 vframe=40945 seq=0 elapsed=0 oled=3C
[   8311] STATUS mode=1 fault=none p60=-62 dp60=0 pwm=0 ball=11.07 vball=0.15 bref=0.00 pid=7.9 integ=5.1 vision=1 current=1 vframe=40946 seq=0 elapsed=0 oled=3C
[   8327] STATUS mode=1 fault=none p60=-62 dp60=0 pwm=0 ball=11.07 vball=0.15 bref=0.00 pid=7.9 integ=5.1 vision=1 current=1 vframe=40946 seq=0 elapsed=0 oled=3C
[   8342] STATUS mode=1 fault=none p60=-62 dp60=0 pwm=0 ball=11.07 vball=0.11 bref=0.00 pid=7.9 integ=5.1 vision=1 current=1 vframe=40947 seq=0 elapsed=0 oled=3C
[   8358] STATUS mode=1 fault=none p60=-62 dp60=0 pwm=0 ball=10.48 vball=-4.38 bref=0.00 pid=7.9 integ=5.1 vision=1 current=1 vframe=40948 seq=0 elapsed=0 oled=3C
[   8390] STATUS mode=1 fault=none p60=-62 dp60=0 pwm=0 ball=10.48 vball=-4.38 bref=0.00 pid=7.9 integ=5.1 vision=1 current=1 vframe=40948 seq=0 elapsed=0 oled=3C
[   8406] STATUS mode=1 fault=none p60=-62 dp60=0 pwm=0 ball=10.48 vball=-4.38 bref=0.00 pid=7.9 integ=5.1 vision=1 current=1 vframe=40948 seq=0 elapsed=0 oled=3C
[   8420] STATUS mode=1 fault=none p60=-62 dp60=0 pwm=0 ball=10.48 vball=-4.38 bref=0.00 pid=7.9 integ=5.1 vision=1 current=1 vframe=40948 seq=0 elapsed=0 oled=3C
[   8452] STATUS mode=1 fault=none p60=-62 dp60=0 pwm=0 ball=10.48 vball=-4.38 bref=0.00 pid=7.9 integ=5.1 vision=1 current=1 vframe=40948 seq=0 elapsed=0 oled=3C
[   8467] STATUS mode=1 fault=none p60=-62 dp60=0 pwm=0 ball=10.41 vball=-3.49 bref=0.00 pid=7.9 integ=5.1 vision=1 current=1 vframe=40949 seq=0 elapsed=0 oled=3C
[   8483] STATUS mode=1 fault=none p60=-62 dp60=0 pwm=0 ball=10.95 vball=1.88 bref=0.00 pid=7.9 integ=5.1 vision=1 current=1 vframe=40950 seq=0 elapsed=0 oled=3C
[   8500] STATUS mode=1 fault=none p60=-62 dp60=0 pwm=0 ball=10.95 vball=1.88 bref=0.00 pid=7.9 integ=5.1 vision=1 current=1 vframe=40950 seq=0 elapsed=0 oled=3C
[   8531] STATUS mode=1 fault=none p60=-62 dp60=0 pwm=0 ball=10.98 vball=1.63 bref=0.00 pid=7.9 integ=5.1 vision=1 current=1 vframe=40951 seq=0 elapsed=0 oled=3C
[   8545] STATUS mode=1 fault=none p60=-62 dp60=0 pwm=0 ball=10.98 vball=1.63 bref=0.00 pid=7.9 integ=5.1 vision=1 current=1 vframe=40951 seq=0 elapsed=0 oled=3C
[   8561] STATUS mode=1 fault=none p60=-62 dp60=0 pwm=0 ball=10.98 vball=1.63 bref=0.00 pid=7.9 integ=5.1 vision=1 current=1 vframe=40951 seq=0 elapsed=0 oled=3C
[   8592] STATUS mode=1 fault=none p60=-62 dp60=0 pwm=0 ball=10.98 vball=1.63 bref=0.00 pid=7.9 integ=5.1 vision=1 current=1 vframe=40951 seq=0 elapsed=0 oled=3C
[   8608] STATUS mode=1 fault=none p60=-62 dp60=0 pwm=0 ball=10.80 vball=0.72 bref=0.00 pid=7.9 integ=5.1 vision=1 current=1 vframe=40952 seq=0 elapsed=0 oled=3C
[   8625] STATUS mode=1 fault=none p60=-62 dp60=0 pwm=0 ball=10.80 vball=0.72 bref=0.00 pid=7.9 integ=5.1 vision=1 current=1 vframe=40952 seq=0 elapsed=0 oled=3C
[   8640] STATUS mode=1 fault=none p60=-62 dp60=0 pwm=0 ball=10.98 vball=2.21 bref=0.00 pid=7.9 integ=5.1 vision=1 current=1 vframe=40953 seq=0 elapsed=0 oled=3C
[   8670] STATUS mode=1 fault=none p60=-62 dp60=0 pwm=0 ball=10.98 vball=2.21 bref=0.00 pid=7.9 integ=5.1 vision=1 current=1 vframe=40953 seq=0 elapsed=0 oled=3C
[   8686] STATUS mode=1 fault=none p60=-62 dp60=0 pwm=0 ball=11.00 vball=1.80 bref=0.00 pid=7.9 integ=5.1 vision=1 current=1 vframe=40954 seq=0 elapsed=0 oled=3C
[   8702] STATUS mode=1 fault=none p60=-62 dp60=0 pwm=0 ball=11.00 vball=1.80 bref=0.00 pid=7.9 integ=5.1 vision=1 current=1 vframe=40954 seq=0 elapsed=0 oled=3C
[   8717] STATUS mode=1 fault=none p60=-62 dp60=0 pwm=0 ball=11.00 vball=1.80 bref=0.00 pid=7.9 integ=5.1 vision=1 current=1 vframe=40954 seq=0 elapsed=0 oled=3C
[   8750] STATUS mode=1 fault=none p60=-62 dp60=0 pwm=0 ball=11.00 vball=1.80 bref=0.00 pid=7.9 integ=5.1 vision=1 current=1 vframe=40954 seq=0 elapsed=0 oled=3C
[   8765] STATUS mode=1 fault=none p60=-62 dp60=0 pwm=0 ball=11.05 vball=1.49 bref=0.00 pid=7.9 integ=5.1 vision=1 current=1 vframe=40955 seq=0 elapsed=0 oled=3C
[   8781] STATUS mode=1 fault=none p60=-62 dp60=0 pwm=0 ball=11.04 vball=1.03 bref=0.00 pid=7.9 integ=5.1 vision=1 current=1 vframe=40956 seq=0 elapsed=0 oled=3C
[   8811] STATUS mode=1 fault=none p60=-62 dp60=0 pwm=0 ball=11.04 vball=1.03 bref=0.00 pid=7.9 integ=5.1 vision=1 current=1 vframe=40956 seq=0 elapsed=0 oled=3C
[   8827] STATUS mode=1 fault=none p60=-62 dp60=0 pwm=0 ball=11.01 vball=0.55 bref=0.00 pid=7.9 integ=5.1 vision=1 current=1 vframe=40957 seq=0 elapsed=0 oled=3C
[   8842] STATUS mode=1 fault=none p60=-62 dp60=0 pwm=0 ball=11.01 vball=0.55 bref=0.00 pid=7.9 integ=5.1 vision=1 current=1 vframe=40957 seq=0 elapsed=0 oled=3C
[   8858] STATUS mode=1 fault=none p60=-62 dp60=0 pwm=0 ball=11.01 vball=0.55 bref=0.00 pid=7.9 integ=5.1 vision=1 current=1 vframe=40957 seq=0 elapsed=0 oled=3C
[   8890] STATUS mode=1 fault=none p60=-62 dp60=0 pwm=0 ball=11.01 vball=0.55 bref=0.00 pid=7.9 integ=5.1 vision=1 current=1 vframe=40957 seq=0 elapsed=0 oled=3C
[   8906] STATUS mode=1 fault=none p60=-62 dp60=0 pwm=0 ball=11.01 vball=0.55 bref=0.00 pid=7.9 integ=5.1 vision=1 current=1 vframe=40957 seq=0 elapsed=0 oled=3C
[   8920] STATUS mode=1 fault=none p60=-62 dp60=0 pwm=0 ball=10.76 vball=-0.27 bref=0.00 pid=7.9 integ=5.1 vision=1 current=1 vframe=40958 seq=0 elapsed=0 oled=3C
[   8952] STATUS mode=1 fault=none p60=-62 dp60=0 pwm=0 ball=10.46 vball=-3.33 bref=0.00 pid=7.9 integ=5.1 vision=1 current=1 vframe=40959 seq=0 elapsed=0 oled=3C
[   8967] STATUS mode=1 fault=none p60=-62 dp60=0 pwm=0 ball=10.46 vball=-3.33 bref=0.00 pid=7.9 integ=5.1 vision=1 current=1 vframe=40959 seq=0 elapsed=0 oled=3C
[   8983] STATUS mode=1 fault=none p60=-62 dp60=0 pwm=0 ball=10.42 vball=-2.79 bref=0.00 pid=7.9 integ=5.1 vision=1 current=1 vframe=40960 seq=0 elapsed=0 oled=3C
[   9000] STATUS mode=1 fault=none p60=-62 dp60=0 pwm=0 ball=10.42 vball=-2.79 bref=0.00 pid=7.9 integ=5.1 vision=1 current=1 vframe=40960 seq=0 elapsed=0 oled=3C
[   9031] STATUS mode=1 fault=none p60=-62 dp60=0 pwm=0 ball=10.42 vball=-2.79 bref=0.00 pid=7.9 integ=5.1 vision=1 current=1 vframe=40960 seq=0 elapsed=0 oled=3C
[   9045] STATUS mode=1 fault=none p60=-62 dp60=0 pwm=0 ball=10.42 vball=-2.79 bref=0.00 pid=7.9 integ=5.1 vision=1 current=1 vframe=40960 seq=0 elapsed=0 oled=3C
[   9061] STATUS mode=1 fault=none p60=-62 dp60=0 pwm=0 ball=10.43 vball=-2.06 bref=0.00 pid=7.9 integ=5.1 vision=1 current=1 vframe=40961 seq=0 elapsed=0 oled=3C
[   9092] STATUS mode=1 fault=none p60=-62 dp60=0 pwm=0 ball=10.97 vball=3.64 bref=0.00 pid=7.9 integ=5.1 vision=1 current=1 vframe=40962 seq=0 elapsed=0 oled=3C
[   9108] STATUS mode=1 fault=none p60=-62 dp60=0 pwm=0 ball=10.97 vball=3.64 bref=0.00 pid=7.9 integ=5.1 vision=1 current=1 vframe=40962 seq=0 elapsed=0 oled=3C
[   9125] STATUS mode=1 fault=none p60=-62 dp60=0 pwm=0 ball=11.08 vball=3.57 bref=0.00 pid=7.9 integ=5.1 vision=1 current=1 vframe=40963 seq=0 elapsed=0 oled=3C
[   9140] STATUS mode=1 fault=none p60=-62 dp60=0 pwm=0 ball=11.08 vball=3.57 bref=0.00 pid=7.9 integ=5.1 vision=1 current=1 vframe=40963 seq=0 elapsed=0 oled=3C
[   9170] STATUS mode=1 fault=none p60=-62 dp60=0 pwm=0 ball=11.08 vball=3.57 bref=0.00 pid=7.9 integ=5.1 vision=1 current=1 vframe=40963 seq=0 elapsed=0 oled=3C
[   9186] STATUS mode=1 fault=none p60=-62 dp60=0 pwm=0 ball=11.08 vball=3.57 bref=0.00 pid=7.9 integ=5.1 vision=1 current=1 vframe=40963 seq=0 elapsed=0 oled=3C
[   9202] STATUS mode=1 fault=none p60=-62 dp60=0 pwm=0 ball=11.08 vball=3.57 bref=0.00 pid=7.9 integ=5.1 vision=1 current=1 vframe=40963 seq=0 elapsed=0 oled=3C
[   9217] STATUS mode=1 fault=none p60=-62 dp60=0 pwm=0 ball=11.12 vball=2.79 bref=0.00 pid=7.9 integ=5.1 vision=1 current=1 vframe=40964 seq=0 elapsed=0 oled=3C
[   9250] STATUS mode=1 fault=none p60=-62 dp60=0 pwm=0 ball=11.09 vball=1.80 bref=0.00 pid=7.9 integ=5.1 vision=1 current=1 vframe=40965 seq=0 elapsed=0 oled=3C
[   9265] STATUS mode=1 fault=none p60=-62 dp60=0 pwm=0 ball=11.07 vball=1.20 bref=0.00 pid=7.9 integ=5.1 vision=1 current=1 vframe=40966 seq=0 elapsed=0 oled=3C
[   9281] STATUS mode=1 fault=none p60=-62 dp60=0 pwm=0 ball=11.07 vball=1.20 bref=0.00 pid=7.9 integ=5.1 vision=1 current=1 vframe=40966 seq=0 elapsed=0 oled=3C
[   9311] STATUS mode=1 fault=none p60=-62 dp60=0 pwm=0 ball=11.07 vball=1.20 bref=0.00 pid=7.9 integ=5.1 vision=1 current=1 vframe=40966 seq=0 elapsed=0 oled=3C
[   9327] STATUS mode=1 fault=none p60=-62 dp60=0 pwm=0 ball=11.07 vball=1.20 bref=0.00 pid=7.9 integ=5.1 vision=1 current=1 vframe=40966 seq=0 elapsed=0 oled=3C
[   9342] STATUS mode=1 fault=none p60=-62 dp60=0 pwm=0 ball=11.07 vball=1.20 bref=0.00 pid=7.9 integ=5.1 vision=1 current=1 vframe=40966 seq=0 elapsed=0 oled=3C
[   9358] STATUS mode=1 fault=none p60=-62 dp60=0 pwm=0 ball=11.09 vball=0.95 bref=0.00 pid=7.9 integ=5.1 vision=1 current=1 vframe=40967 seq=0 elapsed=0 oled=3C
[   9390] STATUS mode=1 fault=none p60=-62 dp60=0 pwm=0 ball=11.05 vball=0.35 bref=0.00 pid=7.9 integ=5.1 vision=1 current=1 vframe=40968 seq=0 elapsed=0 oled=3C
[   9406] STATUS mode=1 fault=none p60=-62 dp60=0 pwm=0 ball=11.05 vball=0.35 bref=0.00 pid=7.9 integ=5.1 vision=1 current=1 vframe=40968 seq=0 elapsed=0 oled=3C
[   9420] STATUS mode=1 fault=none p60=-62 dp60=0 pwm=0 ball=11.03 vball=0.11 bref=0.00 pid=7.9 integ=5.1 vision=1 current=1 vframe=40969 seq=0 elapsed=0 oled=3C
[   9452] STATUS mode=1 fault=none p60=-62 dp60=0 pwm=0 ball=11.03 vball=0.11 bref=0.00 pid=7.9 integ=5.1 vision=1 current=1 vframe=40969 seq=0 elapsed=0 oled=3C
[   9467] STATUS mode=1 fault=none p60=-62 dp60=0 pwm=0 ball=11.03 vball=0.11 bref=0.00 pid=7.9 integ=5.1 vision=1 current=1 vframe=40969 seq=0 elapsed=0 oled=3C
[   9483] STATUS mode=1 fault=none p60=-62 dp60=0 pwm=0 ball=11.03 vball=0.11 bref=0.00 pid=7.9 integ=5.1 vision=1 current=1 vframe=40969 seq=0 elapsed=0 oled=3C
[   9500] STATUS mode=1 fault=none p60=-62 dp60=0 pwm=0 ball=11.03 vball=0.11 bref=0.00 pid=7.9 integ=5.1 vision=1 current=1 vframe=40969 seq=0 elapsed=0 oled=3C
[   9531] STATUS mode=1 fault=none p60=-62 dp60=0 pwm=0 ball=11.04 vball=0.11 bref=0.00 pid=7.9 integ=5.1 vision=1 current=1 vframe=40970 seq=0 elapsed=0 oled=3C
[   9545] STATUS mode=1 fault=none p60=-62 dp60=0 pwm=0 ball=11.03 vball=-0.03 bref=0.00 pid=7.9 integ=5.1 vision=1 current=1 vframe=40971 seq=0 elapsed=0 oled=3C
[   9561] STATUS mode=1 fault=none p60=-62 dp60=0 pwm=0 ball=11.01 vball=-0.18 bref=0.00 pid=7.9 integ=5.1 vision=1 current=1 vframe=40972 seq=0 elapsed=0 oled=3C
[   9577] STATUS mode=1 fault=none p60=-62 dp60=0 pwm=0 ball=11.01 vball=-0.18 bref=0.00 pid=7.9 integ=5.1 vision=1 current=1 vframe=40972 seq=0 elapsed=0 oled=3C
[   9608] STATUS mode=1 fault=none p60=-62 dp60=0 pwm=0 ball=11.01 vball=-0.18 bref=0.00 pid=7.9 integ=5.1 vision=1 current=1 vframe=40972 seq=0 elapsed=0 oled=3C
[   9625] STATUS mode=1 fault=none p60=-62 dp60=0 pwm=0 ball=11.01 vball=-0.18 bref=0.00 pid=7.9 integ=5.1 vision=1 current=1 vframe=40972 seq=0 elapsed=0 oled=3C
[   9640] STATUS mode=1 fault=none p60=-62 dp60=0 pwm=0 ball=11.01 vball=-0.18 bref=0.00 pid=7.9 integ=5.1 vision=1 current=1 vframe=40972 seq=0 elapsed=0 oled=3C
[   9670] STATUS mode=1 fault=none p60=-62 dp60=0 pwm=0 ball=10.98 vball=-0.22 bref=0.00 pid=7.9 integ=5.1 vision=1 current=1 vframe=40973 seq=0 elapsed=0 oled=3C
[   9686] STATUS mode=1 fault=none p60=-62 dp60=0 pwm=0 ball=10.98 vball=-0.16 bref=0.00 pid=7.9 integ=5.1 vision=1 current=1 vframe=40974 seq=0 elapsed=0 oled=3C
[   9702] STATUS mode=1 fault=none p60=-62 dp60=0 pwm=0 ball=10.98 vball=-0.16 bref=0.00 pid=7.9 integ=5.1 vision=1 current=1 vframe=40974 seq=0 elapsed=0 oled=3C
[   9717] STATUS mode=1 fault=none p60=-62 dp60=0 pwm=0 ball=10.93 vball=-0.50 bref=0.00 pid=7.9 integ=5.1 vision=1 current=1 vframe=40975 seq=0 elapsed=0 oled=3C
[   9750] STATUS mode=1 fault=none p60=-62 dp60=0 pwm=0 ball=10.93 vball=-0.50 bref=0.00 pid=7.9 integ=5.1 vision=1 current=1 vframe=40975 seq=0 elapsed=0 oled=3C
[   9765] STATUS mode=1 fault=none p60=-62 dp60=0 pwm=0 ball=10.93 vball=-0.50 bref=0.00 pid=7.9 integ=5.1 vision=1 current=1 vframe=40975 seq=0 elapsed=0 oled=3C
[   9781] STATUS mode=1 fault=none p60=-62 dp60=0 pwm=0 ball=10.93 vball=-0.50 bref=0.00 pid=7.9 integ=5.1 vision=1 current=1 vframe=40975 seq=0 elapsed=0 oled=3C
[   9811] STATUS mode=1 fault=none p60=-62 dp60=0 pwm=0 ball=10.93 vball=-0.50 bref=0.00 pid=7.9 integ=5.1 vision=1 current=1 vframe=40975 seq=0 elapsed=0 oled=3C
[   9827] STATUS mode=1 fault=none p60=-62 dp60=0 pwm=0 ball=10.92 vball=-0.40 bref=0.00 pid=7.9 integ=5.1 vision=1 current=1 vframe=40976 seq=0 elapsed=0 oled=3C
[   9842] STATUS mode=1 fault=none p60=-62 dp60=0 pwm=0 ball=10.95 vball=-0.01 bref=0.00 pid=7.9 integ=5.1 vision=1 current=1 vframe=40977 seq=0 elapsed=0 oled=3C
[   9858] STATUS mode=1 fault=none p60=-62 dp60=0 pwm=0 ball=10.92 vball=-0.24 bref=0.00 pid=7.9 integ=5.1 vision=1 current=1 vframe=40978 seq=0 elapsed=0 oled=3C
[   9890] STATUS mode=1 fault=none p60=-62 dp60=0 pwm=0 ball=10.92 vball=-0.24 bref=0.00 pid=7.9 integ=5.1 vision=1 current=1 vframe=40978 seq=0 elapsed=0 oled=3C
[   9906] STATUS mode=1 fault=none p60=-62 dp60=0 pwm=0 ball=10.92 vball=-0.24 bref=0.00 pid=7.9 integ=5.1 vision=1 current=1 vframe=40978 seq=0 elapsed=0 oled=3C
[   9920] STATUS mode=1 fault=none p60=-62 dp60=0 pwm=0 ball=10.92 vball=-0.24 bref=0.00 pid=7.9 integ=5.1 vision=1 current=1 vframe=40978 seq=0 elapsed=0 oled=3C
[   9936] STATUS mode=1 fault=none p60=-62 dp60=0 pwm=0 ball=10.92 vball=-0.24 bref=0.00 pid=7.9 integ=5.1 vision=1 current=1 vframe=40978 seq=0 elapsed=0 oled=3C
[   9967] STATUS mode=1 fault=none p60=-62 dp60=0 pwm=0 ball=10.90 vball=-0.23 bref=0.00 pid=7.9 integ=5.1 vision=1 current=1 vframe=40979 seq=0 elapsed=0 oled=3C
[   9983] STATUS mode=1 fault=none p60=-62 dp60=0 pwm=0 ball=10.92 vball=0.02 bref=0.00 pid=7.9 integ=5.1 vision=1 current=1 vframe=40980 seq=0 elapsed=0 oled=3C
[  10000] STATUS mode=1 fault=none p60=-62 dp60=0 pwm=0 ball=10.92 vball=0.02 bref=0.00 pid=7.9 integ=5.1 vision=1 current=1 vframe=40980 seq=0 elapsed=0 oled=3C
[  10031] STATUS mode=1 fault=none p60=-62 dp60=0 pwm=0 ball=10.92 vball=0.01 bref=0.00 pid=7.9 integ=5.1 vision=1 current=1 vframe=40981 seq=0 elapsed=0 oled=3C
[  10045] STATUS mode=1 fault=none p60=-62 dp60=0 pwm=0 ball=10.92 vball=0.01 bref=0.00 pid=7.9 integ=5.1 vision=1 current=1 vframe=40981 seq=0 elapsed=0 oled=3C
[  10061] STATUS mode=1 fault=none p60=-62 dp60=0 pwm=0 ball=10.92 vball=0.01 bref=0.00 pid=7.9 integ=5.1 vision=1 current=1 vframe=40981 seq=0 elapsed=0 oled=3C
[  10077] STATUS mode=1 fault=none p60=-62 dp60=0 pwm=0 ball=10.92 vball=0.01 bref=0.00 pid=7.9 integ=5.1 vision=1 current=1 vframe=40981 seq=0 elapsed=0 oled=3C
[  10108] STATUS mode=1 fault=none p60=-62 dp60=0 pwm=0 ball=10.92 vball=0.01 bref=0.00 pid=7.9 integ=5.1 vision=1 current=1 vframe=40981 seq=0 elapsed=0 oled=3C
[  10125] STATUS mode=1 fault=none p60=-62 dp60=0 pwm=0 ball=10
[  10125] >>> stream off
[  10125] .93 vball=0.04 bref=0.00 pid=7.9 integ=5.1 vision=1 current=1 vframe=40982 seq=0 elapsed=0 oled=3C
[  10125] OK stream off
[  10233] >>> status
[  10250] STATUS mode=1 fault=none p60=-62 dp60=0 pwm=0 ball=10.92 vball=-0.05 bref=0.00 pid=7.9 integ=5.1 vision=1 current=1 vframe=40984 seq=0 elapsed=0 oled=3C
