[      0] >>> stream on 50
[      0] OK stream on 50 ms
[     77] STATUS mode=1 fault=none enc=591 denc=0 sreq=0 sapplied=0 crate=0 uimp=137755 upos=225 uneg=20 ball=-125.00 vball=-0.00 aball=0.0 bref=-50.00 pid=0.0 pref=0.0 ppos=0.0 apid=0.0 integ=0.0 vision=1 current=1 vframe=6743 vs=1 vage=7 vpage=7 vdt=8 vmax=4564 vacc=6588 vrej=0 seq=0 elapsed=0 oled=3C
[    108] STATUS mode=1 fault=none enc=591 denc=0 sreq=0 sapplied=0 crate=0 uim
[    125] p=137755 upos=225 uneg=20 ball=-125.00 vball=0.00 aball=0.0 bref=-50.00 pid=0.0 pref=0.0 ppos=0.0 apid=0.0 integ=0.0 vision=1 current=1 vframe=6744 vs=1 vage=20 vpage=20 vdt=37 vmax=4564 vacc=6589 vrej=0 seq=0 elapsed=0 oled=3C
[    171] STATUS mode=1 fault=none enc=591 denc=0 sreq=0 sapplied=0 crate=0 uimp=137755 upos=225 uneg=20 ball=-125.00 vball=0.00 aball=0.0 bref=-50.00 pid=0.0 pref=0.0 ppos=0.0 apid=0.0 integ=0.0 vision=1 current=1 vframe=6744 vs=1 vage=70 vpage=70 vdt=37 vmax=4564 vacc=6589 vrej=0 seq=0 elapsed=0 oled=3C
[    218] STATUS mode=1 fault=none enc=591 denc=0 sreq=0 sapplied=0 crate=0 uimp=137755 upos=225 uneg=20 ball=-125.00 vball=0.00 aball=0.0 bref=-50.00 pid=0.0 pref=0.0 ppos=0.0 apid=0.0 integ=0.0 vision=1 current=1 vframe=6746 vs=1 vage=3 vpage=3 vdt=8 vmax=4564 vacc=6591 vrej=0 seq=0 elapsed=0 oled=3C
[    264] STATUS mode=1 fault=none enc=591 denc=0 sreq=0 sapplied=0 crate=0 uimp=137755 upos=225 uneg=20 ball=-125.00 vball=-0.00 aball=0.0 bref=-50.00 pid=0.0 pref=0.0 ppos=0.0 apid=0.0 integ=0.0 vision=1 current=1 vframe=6747 vs=1 vage=20 vpage=20 vdt=33 vmax=4564 vacc=6592 vrej=0 seq=0 elapsed=0 oled=3C
[    327] STATUS mode=1 fault=none enc=591 denc=0 sreq=0 sapplied=0 crate=0 uimp=137755 upos=225 uneg=20 ball=-125.00 vball=-0.00 aball=0.0 bref=-50.00 pid=0.0 pref=0.0 ppos=0.0 apid=0.0 integ=0.0 vision=1 current=1 vframe=6748 vs=1 vage=37 vpage=37 vdt=33 vmax=4564 vacc=6593 vrej=0 seq=0 elapsed=0 oled=3C
[    375] STATUS mode=1 fault=none enc=591 denc=0 sreq=0 sapplied=0 crate=0 uimp=137755 upos=225 uneg=20 ball=-125.00 vball=-0.00 aball=0.0 bref=-50.00 pid=0.0 pref=0.0 ppos=0.0 apid=0.0 integ=0.0 vision=1 current=1 vframe=6748 vs=1 vage=87 vpage=87 vdt=33 vmax=4564 vacc=6593 vrej=0 seq=0 elapsed=0 oled=3C
[    421] STATUS mode=1 fault=none enc=591 denc=0 sreq=0 sapplied=0 crate=0 uimp=137755 upos=225 uneg=20 ball=-125.00 vball=-0.00 aball=0.0 bref=-50.00 pid=0.0 pref=0.0 ppos=0.0 apid=0.0 integ=0.0 vision=1 current=1 vframe=6756 vs=1 vage=22 vpage=22 vdt=20 vmax=4564 vacc=6601 vrej=0 seq=0 elapsed=0 oled=3C
[    468] STATUS mode=1 fault=none enc=591 denc=0 sreq=0 sapplied=0 crate=0 uimp=137755 upos=225 uneg=20 ball=-125.00 vball=-0.00 aball=0.0 bref=-50.00 pid=0.0 pref=0.0 ppos=0.0 apid=0.0 integ=0.0 vision=1 current=1 vframe=6757 vs=1 vage=38 vpage=38 vdt=34 vmax=4564 vacc=6602 vrej=0 seq=0 elapsed=0 oled=3C
[    514] STATUS mode=1 fault=none enc=591 denc=0 sreq=0 sapplied=0 crate=0 uimp=137755 upos=225 uneg=20 ball=-125.00 vball=-0.00 aball=0.0 bref=-50.00 pid=0.0 pref=0.0 ppos=0.0 apid=0.0 integ=0.0 vision=1 current=1 vframe=6757 vs=1 vage=88 vpage=88 vdt=34 vmax=4564 vacc=6602 vrej=0 seq=0 elapsed=0 oled=3C
[    577] STATUS mode=1 fault=none enc=591 denc=0 sreq=0 sapplied=0 crate=0 uimp=137755 upos=225 uneg=20 ball=-125.00 vball=-0.00 aball=0.0 bref=-50.00 pid=0.0 pref=0.0 ppos=0.0 apid=0.0 integ=0.0 vision=1 current=1 vframe=6759 vs=1 vage=5 vpage=5 vdt=37 vmax=4564 vacc=6604 vrej=0 seq=0 elapsed=0 oled=3C
[    625] STATUS mode=1 fault=none enc=591 denc=0 sreq=0 sapplied=0 crate=0 uimp=137755 upos=225 uneg=20 ball=-125.00 vball=-0.00 aball=0.0 bref=-50.00 pid=0.0 pref=0.0 ppos=0.0 apid=0.0 integ=0.0 vision=1 current=1 vframe=6759 vs=1 vage=55 vpage=55 vdt=37 vmax=4564 vacc=6604 vrej=0 seq=0 elapsed=0 oled=3C
[    671] STATUS mode=1 fault=none enc=591 denc=0 sreq=0 sapplied=0 crate=0 uimp=137755 upos=225 uneg=20 ball=-125.00 vball=-0.00 aball=0.0 bref=-50.00 pid=0.0 pref=0.0 ppos=0.0 apid=0.0 integ=0.0 vision=1 current=1 vframe=6759 vs=1 vage=105 vpage=105 vdt=37 vmax=4564 vacc=6604 vrej=0 seq=0 elapsed=0 oled=3C
[    718] STATUS mode=1 fault=none enc=591 denc=0 sreq=0 sapplied=0 crate=0 uimp=137755 upos=225 uneg=20 ball=-125.00 vball=-0.00 aball=0.0 bref=-50.00 pid=0.0 pref=0.0 ppos=0.0 apid=0.0 integ=0.0 vision=1 current=1 vframe=6762 vs=1 vage=22 vpage=22 vdt=20 vmax=4564 vacc=6607 vrej=0 seq=0 elapsed=0 oled=3C
[    764] STATUS mode=1 fault=none enc=589 denc=-2 sreq=0 sapplied=0 crate=0 uimp=137755 upos=225 uneg=20 ball=-125.00 vball=-0.00 aball=0.0 bref=-50.00 pid=0.0 pref=0.0 ppos=0.0 apid=0.0 integ=0.0 vision=1 current=1 vframe=6763 vs=1 vage=39 vpage=39 vdt=33 vmax=4564 vacc=6608 vrej=0 seq=0 elapsed=0 oled=3C
[    827] STATUS mode=1 fault=none enc=589 denc=0 sreq=0 sapplied=0 crate=0 uimp=137755 upos=225 uneg=20 ball=-125.00 vball=-0.00 aball=0.0 bref=-50.00 pid=0.0 pref=0.0 ppos=0.0 apid=0.0 integ=0.0 vision=1 current=1 vframe=6763 vs=1 vage=89 vpage=89 vdt=33 vmax=4564 vacc=6608 vrej=0 seq=0 elapsed=0 oled=3C
[    875] STATUS mode=1 fault=none enc=589 denc=0 sreq=0 sapplied=0 crate=0 uimp=137755 upos=225 uneg=20 ball=-125.00 vball=-0.00 aball=0.0 bref=-50.00 pid=0.0 pref=0.0 ppos=0.0 apid=0.0 integ=0.0 vision=1 current=1 vframe=6765 vs=1 vage=23 vpage=23 vdt=19 vmax=4564 vacc=6610 vrej=0 seq=0 elapsed=0 oled=3C
[    921] STATUS mode=1 fault=none enc=589 denc=0 sreq=0 sapplied=0 crate=0 uimp=137755 upos=225 uneg=20 ball=-125.00 vball=-0.00 aball=0.0 bref=-50.00 pid=0.0 pref=0.0 ppos=0.0 apid=0.0 integ=0.0 vision=1 current=1 vframe=6766 vs=1 vage=39 vpage=39 vdt=34 vmax=4564 vacc=6611 vrej=0 seq=0 elapsed=0 oled=3C
[    968] STATUS mode=1 fault=none enc=589 denc=0 sreq=0 sapplied=0 crate=0 uimp=137755 upos=225 uneg=20 ball=-125.00 vball=-0.00 aball=0.0 bref=-50.00 pid=0.0 pref=0.0 ppos=0.0 apid=0.0 integ=0.0 vision=1 current=1 vframe=6766 vs=1 vage=89 vpage=89 vdt=34 vmax=4564 vacc=6611 vrej=0 seq=0 elapsed=0 oled=3C
[   1014] STATUS mode=1 fault=none enc=590 denc=0 sreq=0 sapplied=0 crate=0 uimp=137755 upos=225 uneg=20 ball=-125.00 vball=-0.00 aball=0.0 bref=-50.00 pid=0.0 pref=0.0 ppos=0.0 apid=0.0 integ=0.0 vision=1 current=1 vframe=6768 vs=1 vage=23 vpage=23 vdt=20 vmax=4564 vacc=6613 vrej=0 seq=0 elapsed=0 oled=3C
[   1077] STATUS mode=1 fault=none enc=589 denc=0 sreq=0 sapplied=0 crate=0 uimp=137755 upos=225 uneg=20 ball=-125.00 vball=-0.00 aball=0.0 bref=-50.00 pid=0.0 pref=0.0 ppos=0.0 apid=0.0 integ=0.0 vision=1 current=1 vframe=6769 vs=1 vage=39 vpage=39 vdt=34 vmax=4564 vacc=6614 vrej=0 seq=0 elapsed=0 oled=3C
[   1125] STATUS mode=1 fault=none enc=589 denc=0 sreq=0 sapplied=0 crate=0 uimp=137755 upos=225 uneg=20 ball=-125.00 vball=-0.00 aball=0.0 bref=-50.00 pid=0.0 pref=0.0 ppos=0.0 apid=0.0 integ=0.0 vision=1 current=1 vframe=6769 vs=1 vage=89 vpage=89 vdt=34 vmax=4564 vacc=6614 vrej=0 seq=0 elapsed=0 oled=3C
[   1171] STATUS mode=1 fault=none enc=589 denc=0 sreq=0 sapplied=0 crate=0 uimp=137755 upos=225 uneg=20 ball=-125.00 vball=-0.00 aball=0.0 bref=-50.00 pid=0.0 pref=0.0 ppos=0.0 apid=0.0 integ=0.0 vision=1 current=1 vframe=6771 vs=1 vage=22 vpage=22 vdt=21 vmax=4564 vacc=6616 vrej=0 seq=0 elapsed=0 oled=3C
[   1218] STATUS mode=1 fault=none enc=589 denc=0 sreq=0 sapplied=0 crate=0 uimp=137755 upos=225 uneg=20 ball=-125.00 vball=-0.00 aball=0.0 bref=-50.00 pid=0.0 pref=0.0 ppos=0.0 apid=0.0 integ=0.0 vision=1 current=1 vframe=6772 vs=1 vage=39 vpage=39 vdt=33 vmax=4564 vacc=6617 vrej=0 seq=0 elapsed=0 oled=3C
[   1264] STATUS mode=1 fault=none enc=589 denc=0 sreq=0 sapplied=0 crate=0 uimp=137755 upos=225 uneg=20 ball=-125.00 vball=-0.00 aball=0.0 bref=-50.00 pid=0.0 pref=0.0 ppos=0.0 apid=0.0 integ=0.0 vision=1 current=1 vframe=6772 vs=1 vage=89 vpage=89 vdt=33 vmax=4564 vacc=6617 vrej=0 seq=0 elapsed=0 oled=3C
[   1327] STATUS mode=1 fault=none enc=589 denc=0 sreq=0 sapplied=0 crate=0 uimp=137755 upos=225 uneg=20 ball=-125.00 vball=-0.00 aball=0.0 bref=-50.00 pid=0.0 pref=0.0 ppos=0.0 apid=0.0 integ=0.0 vision=1 current=1 vframe=6774 vs=1 vage=5 vpage=5 vdt=37 vmax=4564 vacc=6619 vrej=0 seq=0 elapsed=0 oled=3C
[   1375] STATUS mode=1 fault=none enc=589 denc=0 sreq=0 sapplied=0 crate=0 uimp=137755 upos=225 uneg=20 ball=-125.00 vball=-0.00 aball=0.0 bref=-50.00 pid=0.0 pref=0.0 ppos=0.0 apid=0.0 integ=0.0 vision=1 current=1 vframe=6774 vs=1 vage=55 vpage=55 vdt=37 vmax=4564 vacc=6619 vrej=0 seq=0 elapsed=0 oled=3C
[   1421] STATUS mode=1 fault=none enc=589 denc=0 sreq=0 sapplied=0 crate=0 uimp=137755 upos=225 uneg=20 ball=-125.00 vball=-0.00 aball=0.0 bref=-50.00 pid=0.0 pref=0.0 ppos=0.0 apid=0.0 integ=0.0 vision=1 current=1 vframe=6774 vs=1 vage=105 vpage=105 vdt=37 vmax=4564 vacc=6619 vrej=0 seq=0 elapsed=0 oled=3C
[   1468] STATUS mode=1 fault=none enc=589 denc=0 sreq=0 sapplied=0 crate=0 uimp=137755 upos=225 uneg=20 ball=-125.00 vball=-0.00 aball=0.0 bref=-50.00 pid=0.0 pref=0.0 ppos=0.0 apid=0.0 integ=0.0 vision=1 current=1 vframe=6777 vs=1 vage=5 vpage=5 vdt=35 vmax=4564 vacc=6622 vrej=0 seq=0 elapsed=0 oled=3C
[   1514] STATUS mode=1 fault=none enc=589 denc=0 sreq=0 sapplied=0 crate=0 uimp=137755 upos=225 uneg=20 ball=-125.00 vball=-0.00 aball=0.0 bref=-50.00 pid=0.0 pref=0.0 ppos=0.0 apid=0.0 integ=0.0 vision=1 current=1 vframe=6777 vs=1 vage=55 vpage=55 vdt=35 vmax=4564 vacc=6622 vrej=0 seq=0 elapsed=0 oled=3C
[   1577] STATUS mode=1 fault=none enc=589 denc=0 sreq=0 sapplied=0 crate=0 uimp=137755 upos=225 uneg=20 ball=-125.00 vball=-0.00 aball=0.0 bref=-50.00 pid=0.0 pref=0.0 ppos=0.0 apid=0.0 integ=0.0 vision=1 current=1 vframe=6777 vs=1 vage=105 vpage=105 vdt=35 vmax=4564 vacc=6622 vrej=0 seq=0 elapsed=0 oled=3C
[   1625] STATUS mode=1 fault=none enc=589 denc=1 sreq=0 sapplied=0 crate=0 uimp=137755 upos=225 uneg=20 ball=-125.00 vball=-0.00 aball=0.0 bref=-50.00 pid=0.0 pref=0.0 ppos=0.0 apid=0.0 integ=0.0 vision=1 current=1 vframe=6780 vs=1 vage=5 vpage=5 vdt=37 vmax=4564 vacc=6625 vrej=0 seq=0 elapsed=0 oled=3C
[   1671] STATUS mode=1 fault=none enc=587 denc=0 sreq=0 sapplied=0 crate=0 uimp=137755 upos=225 uneg=20 ball=-125.00 vball=-0.00 aball=0.0 bref=-50.00 pid=0.0 pref=0.0 ppos=0.0 apid=0.0 integ=0.0 vision=1 current=1 vframe=6780 vs=1 vage=55 vpage=55 vdt=37 vmax=4564 vacc=6625 vrej=0 seq=0 elapsed=0 oled=3C
[   1718] STATUS mode=1 fault=none enc=581 denc=-3 sreq=0 sapplied=0 crate=0 uimp=137755 upos=225 uneg=20 ball=-125.00 vball=-0.00 aball=0.0 bref=-50.00 pid=0.0 pref=0.0 ppos=0.0 apid=0.0 integ=0.0 vision=1 current=1 vframe=6780 vs=1 vage=105 vpage=105 vdt=37 vmax=4564 vacc=6625 vrej=0 seq=0 elapsed=0 oled=3C
[   1764] STATUS mode=1 fault=none enc=576 denc=0 sreq=0 sapplied=0 crate=0 uimp=137755 upos=225 uneg=20 ball=-125.00 vball=-0.00 aball=0.0 bref=-50.00 pid=0.0 pref=0.0 ppos=0.0 apid=0.0 integ=0.0 vision=1 current=1 vframe=6783 vs=1 vage=5 vpage=5 vdt=34 vmax=4564 vacc=6628 vrej=0 seq=0 elapsed=0 oled=3C
[   1827] STATUS mode=1 fault=none enc=575 denc=0 sreq=0 sapplied=0 crate=0 uimp=137755 upos=225 uneg=20 ball=-125.00 vball=-0.00 aball=0.0 bref=-50.00 pid=0.0 pref=0.0 ppos=0.0 apid=0.0 integ=0.0 vision=1 current=1 vframe=6784 vs=1 vage=19 vpage=19 vdt=36 vmax=4564 vacc=6629 vrej=0 seq=0 elapsed=0 oled=3C
[   1875] STATUS mode=1 fault=none enc=575 denc=0 sreq=0 sapplied=0 crate=0 uimp=137755 upos=225 uneg=20 ball=-125.00 vball=-0.00 aball=0.0 bref=-50.00 pid=0.0 pref=0.0 ppos=0.0 apid=0.0 integ=0.0 vision=1 current=1 vframe=6784 vs=1 vage=69 vpage=69 vdt=36 vmax=4564 vacc=6629 vrej=0 seq=0 elapsed=0 oled=3C
[   1921] STATUS mode=1 fault=none enc=573 denc=0 sreq=0 sapplied=0 crate=0 uimp=137755 upos=225 uneg=20 ball=-125.00 vball=-0.00 aball=0.0 bref=-50.00 pid=0.0 pref=0.0 ppos=0.0 apid=0.0 integ=0.0 vision=1 current=1 vframe=6785 vs=1 vage=19 vpage=19 vdt=100 vmax=4564 vacc=6630 vrej=0 seq=0 elapsed=0 oled=3C
[   1968] STATUS mode=1 fault=none enc=574 denc=1 sreq=0 sapplied=0 crate=0 uimp=137755 upos=225 uneg=20 ball=-125.00 vball=-0.00 aball=0.0 bref=-50.00 pid=0.0 pref=0.0 ppos=0.0 apid=0.0 integ=0.0 vision=1 current=1 vframe=6787 vs=1 vage=6 vpage=6 vdt=33 vmax=4564 vacc=6632 vrej=0 seq=0 elapsed=0 oled=3C
[   2014] STATUS mode=1 fault=none enc=571 denc=0 sreq=0 sapplied=0 crate=0 uimp=137755 upos=225 uneg=20 ball=-125.00 vball=-0.00 aball=0.0 bref=-50.00 pid=0.0 pref=0.0 ppos=0.0 apid=0.0 integ=0.0 vision=1 current=1 vframe=6787 vs=1 vage=56 vpage=56 vdt=33 vmax=4564 vacc=6632 vrej=0 seq=0 elapsed=0 oled=3C
[   2077] STATUS mode=1 fault=none enc=571 denc=0 sreq=0 sapplied=0 crate=0 uimp=137755 upos=225 uneg=20 ball=-125.00 vball=-0.00 aball=0.0 bref=-50.00 pid=0.0 pref=0.0 ppos=0.0 apid=0.0 integ=0.0 vision=1 current=1 vframe=6794 vs=1 vage=4 vpage=4 vdt=102 vmax=4564 vacc=6639 vrej=0 seq=0 elapsed=0 oled=3C
[   2108] STATUS mode=1 fault=none enc=571 denc=0 sreq=0 sapplied=0 
[   2108] >>> stream off
[   2125] crate=0 uimp=137755 upos=225 uneg=20 ball=-125.00 vball=-0.00 aball=0.0 bref=-50.00 pid=0.0 pref=0.0 ppos=0.0 apid=0.0 integ=0.0 vision=1 current=1 vframe=6795 vs=1 vage=23 vpage=23 vdt=31 vmax=4564 vacc=6640 vrej=0 seq=0 elapsed=0 oled=3C
[   2125] OK stream off
[   2250] >>> status
[   2280] STATUS mode=1 fault=none enc=571 denc=0 sreq=0 sapplied=0 crate=0 uimp=137755 upos=225 uneg=20 ball=-125.00 vball=-0.00 aball=0.0 bref=-50.00 pid=0.0 pref=0.0 ppos=0.0 apid=0.0 integ=0.0 vision=1 current=1 vframe=6798 vs=1 vage=7 vpage=7 vdt=35 vmax=4564 vacc=6643 vrej=0 seq=0 elapsed=0 oled=3C
