[      0] >>> stream on 50
[      0] OK stream on 50 ms
[     77] STATUS mode=1 fault=none enc=28 denc=0 sreq=0 sapplied=0 crate=0 uimp=0 upos=0 uneg=0 ball=89.78 vball=-2.97 aball=0.0 bref=0.00 pid=0.0 pref=0.0 ppos=0.0 apid=0.0 integ=0.0 vision=1 current=1 vframe=8283 vs=1 vage=77 vpage=77 vdt=34 vmax=745453 vacc=7021 vrej=0 seq=0 elapsed=0 oled=3C
[    125] STATUS mode=1 fault=none enc=28 denc=0 sreq=0 sapplied=0 crate=0 uimp=0 upos=0 uneg=0 ball=89.76 vball=-2.50 aball=0.0 bref=0.00 pid=0.0 pref=0.0 ppos=0.0 apid=0.0 integ=0.0 vision=1 current=1 vframe=8285 vs=1 vage=12 vpage=12 vdt=18 vmax=745453 vacc=7023 vrej=0 seq=0 elapsed=0 oled=3C
[    186] STATUS mode=1 fault=none enc=28 denc=0 sreq=0 sapplied=0 crate=0 uimp=0 upos=0 uneg=0 ball=89.65 vball=-2.71 aball=0.0 bref=0.00 pid=0.0 pref=0.0 ppos=0.0 apid=0.0 integ=0.0 vision=1 current=1 vframe=8286 vs=1 vage=27 vpage=27 vdt=35 vmax=745453 vacc=7024 vrej=0 seq=0 elapsed=0 oled=3C
[    233] STATUS mode=1 fault=none enc=28 denc=0 sreq=0 sapplied=0 crate=0 uimp=0 upos=0 uneg=0 ball=89.65 vball=-2.71 aball=0.0 bref=0.00 pid=0.0 pref=0.0 ppos=0.0 apid=0.0 integ=0.0 vision=1 current=1 vframe=8286 vs=1 vage=77 vpage=77 vdt=35 vmax=745453 vacc=7024 vrej=0 seq=0 elapsed=0 oled=3C
[    280] STATUS mode=1 fault=none enc=28 denc=0 sreq=0 sapplied=0 crate=0 uimp=0 upos=0 uneg=0 ball=89.71 vball=0.33 aball=0.0 bref=0.00 pid=0.0 pref=0.0 ppos=0.0 apid=0.0 integ=0.0 vision=1 current=1 vframe=8288 vs=1 vage=12 vpage=12 vdt=21 vmax=745453 vacc=7026 vrej=0 seq=0 elapsed=0 oled=3C
[    327] STATUS mode=1 fault=none enc=28 denc=0 sreq=0 sapplied=0 crate=0 uimp=0 upos=0 uneg=0 ball=89.72 vball=0.24 aball=0.0 bref=0.00 pid=0.0 pref=0.0 ppos=0.0 apid=0.0 integ=0.0 vision=1 current=1 vframe=8289 vs=1 vage=29 vpage=29 vdt=33 vmax=745453 vacc=7027 vrej=0 seq=0 elapsed=0 oled=3C
[    375] STATUS mode=1 fault=none enc=28 denc=0 sreq=0 sapplied=0 crate=0 uimp=0 upos=0 uneg=0 ball=89.72 vball=0.24 aball=0.0 bref=0.00 pid=0.0 pref=0.0 ppos=0.0 apid=0.0 integ=0.0 vision=1 current=1 vframe=8289 vs=1 vage=79 vpage=79 vdt=33 vmax=745453 vacc=7027 vrej=0 seq=0 elapsed=0 oled=3C
[    421] STATUS mode=1 fault=none enc=28 denc=0 sreq=0 sapplied=0 crate=0 uimp=0 upos=0 uneg=0 ball=89.55 vball=-4.00 aball=0.0 bref=0.00 pid=0.0 pref=0.0 ppos=0.0 apid=0.0 integ=0.0 vision=1 current=1 vframe=8291 vs=1 vage=12 vpage=12 vdt=24 vmax=745453 vacc=7029 vrej=0 seq=0 elapsed=0 oled=3C
[    483] STATUS mode=1 fault=none enc=28 denc=0 sreq=0 sapplied=0 crate=0 uimp=0 upos=0 uneg=0 ball=89.52 vball=-2.39 aball=0.0 bref=0.00 pid=0.0 pref=0.0 ppos=0.0 apid=0.0 integ=0.0 vision=1 current=1 vframe=8292 vs=1 vage=29 vpage=29 vdt=33 vmax=745453 vacc=7030 vrej=0 seq=0 elapsed=0 oled=3C
[    530] STATUS mode=1 fault=none enc=28 denc=0 sreq=0 sapplied=0 crate=0 uimp=0 upos=0 uneg=0 ball=89.52 vball=-2.39 aball=0.0 bref=0.00 pid=0.0 pref=0.0 ppos=0.0 apid=0.0 integ=0.0 vision=1 current=1 vframe=8292 vs=1 vage=79 vpage=79 vdt=33 vmax=745453 vacc=7030 vrej=0 seq=0 elapsed=0 oled=3C
[    577] STATUS mode=1 fault=none enc=28 denc=0 sreq=0 sapplied=0 crate=0 uimp=0 upos=0 uneg=0 ball=89.49 vball=-1.32 aball=0.0 bref=0.00 pid=0.0 pref=0.0 ppos=0.0 apid=0.0 integ=0.0 vision=1 current=1 vframe=8293 vs=1 vage=27 vpage=27 vdt=102 vmax=745453 vacc=7031 vrej=0 seq=0 elapsed=0 oled=3C
[    625] STATUS mode=1 fault=none enc=28 denc=0 sreq=0 sapplied=0 crate=0 uimp=0 upos=0 uneg=0 ball=89.49 vball=-0.83 aball=0.0 bref=0.00 pid=0.0 pref=0.0 ppos=0.0 apid=0.0 integ=0.0 vision=1 current=1 vframe=8294 vs=1 vage=42 vpage=42 vdt=35 vmax=745453 vacc=7032 vrej=0 seq=0 elapsed=0 oled=3C
[    686] STATUS mode=1 fault=none enc=28 denc=0 sreq=0 sapplied=0 crate=0 uimp=0 upos=0 uneg=0 ball=89.49 vball=-0.83 aball=0.0 bref=0.00 pid=0.0 pref=0.0 ppos=0.0 apid=0.0 integ=0.0 vision=1 current=1 vframe=8294 vs=1 vage=92 vpage=92 vdt=35 vmax=745453 vacc=7032 vrej=0 seq=0 elapsed=0 oled=3C
[    733] STATUS mode=1 fault=none enc=28 denc=0 sreq=0 sapplied=0 crate=0 uimp=0 upos=0 uneg=0 ball=89.53 vball=0.09 aball=0.0 bref=0.00 pid=0.0 pref=0.0 ppos=0.0 apid=0.0 integ=0.0 vision=1 current=1 vframe=8296 vs=1 vage=24 vpage=24 vdt=10 vmax=745453 vacc=7034 vrej=0 seq=0 elapsed=0 oled=3C
[    780] STATUS mode=1 fault=none enc=28 denc=0 sreq=0 sapplied=0 crate=0 uimp=0 upos=0 uneg=0 ball=89.54 vball=0.11 aball=0.0 bref=0.00 pid=0.0 pref=0.0 ppos=0.0 apid=0.0 integ=0.0 vision=1 current=1 vframe=8298 vs=1 vage=10 vpage=10 vdt=34 vmax=745453 vacc=7036 vrej=0 seq=0 elapsed=0 oled=3C
[    827] STATUS mode=1 fault=none enc=28 denc=0 sreq=0 sapplied=0 crate=0 uimp=0 upos=0 uneg=0 ball=89.54 vball=0.11 aball=0.0 bref=0.00 pid=0.0 pref=0.0 ppos=0.0 apid=0.0 integ=0.0 vision=1 current=1 vframe=8298 vs=1 vage=60 vpage=60 vdt=34 vmax=745453 vacc=7036 vrej=0 seq=0 elapsed=0 oled=3C
[    875] STATUS mode=1 fault=none enc=28 denc=0 sreq=0 sapplied=0 crate=0 uimp=0 upos=0 uneg=0 ball=89.51 vball=-0.05 aball=0.0 bref=0.00 pid=0.0 pref=0.0 ppos=0.0 apid=0.0 integ=0.0 vision=1 current=1 vframe=8299 vs=1 vage=17 vpage=17 vdt=93 vmax=745453 vacc=7037 vrej=0 seq=0 elapsed=0 oled=3C
[    921] STATUS mode=1 fault=none enc=28 denc=0 sreq=0 sapplied=0 crate=0 uimp=0 upos=0 uneg=0 ball=89.63 vball=1.88 aball=0.0 bref=0.00 pid=0.0 pref=0.0 ppos=0.0 apid=0.0 integ=0.0 vision=1 current=1 vframe=8300 vs=1 vage=31 vpage=31 vdt=36 vmax=745453 vacc=7038 vrej=0 seq=0 elapsed=0 oled=3C
[    983] STATUS mode=1 fault=none enc=28 denc=0 sreq=0 sapplied=0 crate=0 uimp=0 upos=0 uneg=0 ball=89.63 vball=1.88 aball=0.0 bref=0.00 pid=0.0 pref=0.0 ppos=0.0 apid=0.0 integ=0.0 vision=1 current=1 vframe=8300 vs=1 vage=81 vpage=81 vdt=36 vmax=745453 vacc=7038 vrej=0 seq=0 elapsed=0 oled=3C
[   1030] STATUS mode=1 fault=none enc=28 denc=0 sreq=0 sapplied=0 crate=0 uimp=0 upos=0 uneg=0 ball=89.72 vball=1.40 aball=0.0 bref=0.00 pid=0.0 pref=0.0 ppos=0.0 apid=0.0 integ=0.0 vision=1 current=1 vframe=8302 vs=1 vage=19 vpage=19 vdt=7 vmax=745453 vacc=7040 vrej=0 seq=0 elapsed=0 oled=3C
[   1077] STATUS mode=1 fault=none enc=28 denc=0 sreq=0 sapplied=0 crate=0 uimp=0 upos=0 uneg=0 ball=89.67 vball=-0.17 aball=0.0 bref=0.00 pid=0.0 pref=0.0 ppos=0.0 apid=0.0 integ=0.0 vision=1 current=1 vframe=8304 vs=1 vage=14 vpage=14 vdt=33 vmax=745453 vacc=7042 vrej=0 seq=0 elapsed=0 oled=3C
[   1125] STATUS mode=1 fault=none enc=28 denc=0 sreq=0 sapplied=0 crate=0 uimp=0 upos=0 uneg=0 ball=89.67 vball=-0.17 aball=0.0 bref=0.00 pid=0.0 pref=0.0 ppos=0.0 apid=0.0 integ=0.0 vision=1 current=1 vframe=8304 vs=1 vage=64 vpage=64 vdt=33 vmax=745453 vacc=7042 vrej=0 seq=0 elapsed=0 oled=3C
[   1171] STATUS mode=1 fault=none enc=28 denc=0 sreq=0 sapplied=0 crate=0 uimp=0 upos=0 uneg=0 ball=89.68 vball=0.04 aball=0.0 bref=0.00 pid=0.0 pref=0.0 ppos=0.0 apid=0.0 integ=0.0 vision=1 current=1 vframe=8305 vs=1 vage=21 vpage=21 vdt=93 vmax=745453 vacc=7043 vrej=0 seq=0 elapsed=0 oled=3C
[   1233] STATUS mode=1 fault=none enc=28 denc=0 sreq=0 sapplied=0 crate=0 uimp=0 upos=0 uneg=0 ball=89.59 vball=-1.32 aball=0.0 bref=0.00 pid=0.0 pref=0.0 ppos=0.0 apid=0.0 integ=0.0 vision=1 current=1 vframe=8307 vs=1 vage=13 vpage=13 vdt=32 vmax=745453 vacc=7045 vrej=0 seq=0 elapsed=0 oled=3C
[   1280] STATUS mode=1 fault=none enc=28 denc=0 sreq=0 sapplied=0 crate=0 uimp=0 upos=0 uneg=0 ball=89.59 vball=-1.32 aball=0.0 bref=0.00 pid=0.0 pref=0.0 ppos=0.0 apid=0.0 integ=0.0 vision=1 current=1 vframe=8307 vs=1 vage=63 vpage=63 vdt=32 vmax=745453 vacc=7045 vrej=0 seq=0 elapsed=0 oled=3C
[   1327] STATUS mode=1 fault=none enc=28 denc=0 sreq=0 sapplied=0 crate=0 uimp=0 upos=0 uneg=0 ball=89.59 vball=-0.77 aball=0.0 bref=0.00 pid=0.0 pref=0.0 ppos=0.0 apid=0.0 integ=0.0 vision=1 current=1 vframe=8308 vs=1 vage=10 vpage=10 vdt=103 vmax=745453 vacc=7046 vrej=0 seq=0 elapsed=0 oled=3C
[   1375] STATUS mode=1 fault=none enc=28 denc=0 sreq=0 sapplied=0 crate=0 uimp=0 upos=0 uneg=0 ball=89.67 vball=0.80 aball=0.0 bref=0.00 pid=0.0 pref=0.0 ppos=0.0 apid=0.0 integ=0.0 vision=1 current=1 vframe=8309 vs=1 vage=27 vpage=27 vdt=33 vmax=745453 vacc=7047 vrej=0 seq=0 elapsed=0 oled=3C
[   1436] STATUS mode=1 fault=none enc=28 denc=0 sreq=0 sapplied=0 crate=0 uimp=0 upos=0 uneg=0 ball=89.68 vball=0.53 aball=0.0 bref=0.00 pid=0.0 pref=0.0 ppos=0.0 apid=0.0 integ=0.0 vision=1 current=1 vframe=8310 vs=1 vage=44 vpage=44 vdt=33 vmax=745453 vacc=7048 vrej=0 seq=0 elapsed=0 oled=3C
[   1483] STATUS mode=1 fault=none enc=28 denc=0 sreq=0 sapplied=0 crate=0 uimp=0 upos=0 uneg=0 ball=89.68 vball=0.53 aball=0.0 bref=0.00 pid=0.0 pref=0.0 ppos=0.0 apid=0.0 integ=0.0 vision=1 current=1 vframe=8310 vs=1 vage=94 vpage=94 vdt=33 vmax=745453 vacc=7048 vrej=0 seq=0 elapsed=0 oled=3C
[   1530] STATUS mode=1 fault=none enc=28 denc=0 sreq=0 sapplied=0 crate=0 uimp=0 upos=0 uneg=0 ball=89.60 vball=-1.27 aball=0.0 bref=0.00 pid=0.0 pref=0.0 ppos=0.0 apid=0.0 integ=0.0 vision=1 current=1 vframe=8312 vs=1 vage=13 vpage=13 vdt=29 vmax=745453 vacc=7050 vrej=0 seq=0 elapsed=0 oled=3C
[   1577] STATUS mode=1 fault=none enc=28 denc=0 sreq=0 sapplied=0 crate=0 uimp=0 upos=0 uneg=0 ball=89.59 vball=-0.95 aball=0.0 bref=0.00 pid=0.0 pref=0.0 ppos=0.0 apid=0.0 integ=0.0 vision=1 current=1 vframe=8313 vs=1 vage=30 vpage=30 vdt=33 vmax=745453 vacc=7051 vrej=0 seq=0 elapsed=0 oled=3C
[   1625] STATUS mode=1 fault=none enc=28 denc=0 sreq=0 sapplied=0 crate=0 uimp=0 upos=0 uneg=0 ball=89.59 vball=-0.95 aball=0.0 bref=0.00 pid=0.0 pref=0.0 ppos=0.0 apid=0.0 integ=0.0 vision=1 current=1 vframe=8313 vs=1 vage=80 vpage=80 vdt=33 vmax=745453 vacc=7051 vrej=0 seq=0 elapsed=0 oled=3C
[   1686] STATUS mode=1 fault=none enc=28 denc=0 sreq=0 sapplied=0 crate=0 uimp=0 upos=0 uneg=0 ball=89.60 vball=-0.07 aball=0.0 bref=0.00 pid=0.0 pref=0.0 ppos=0.0 apid=0.0 integ=0.0 vision=1 current=1 vframe=8314 vs=1 vage=32 vpage=32 vdt=98 vmax=745453 vacc=7052 vrej=0 seq=0 elapsed=0 oled=3C
[   1733] STATUS mode=1 fault=none enc=28 denc=0 sreq=0 sapplied=0 crate=0 uimp=0 upos=0 uneg=0 ball=89.64 vball=0.67 aball=0.0 bref=0.00 pid=0.0 pref=0.0 ppos=0.0 apid=0.0 integ=0.0 vision=1 current=1 vframe=8315 vs=1 vage=44 vpage=44 vdt=38 vmax=745453 vacc=7053 vrej=0 seq=0 elapsed=0 oled=3C
[   1780] STATUS mode=1 fault=none enc=28 denc=0 sreq=0 sapplied=0 crate=0 uimp=0 upos=0 uneg=0 ball=89.64 vball=0.67 aball=0.0 bref=0.00 pid=0.0 pref=0.0 ppos=0.0 apid=0.0 integ=0.0 vision=1 current=1 vframe=8315 vs=1 vage=94 vpage=94 vdt=38 vmax=745453 vacc=7053 vrej=0 seq=0 elapsed=0 oled=3C
[   1827] STATUS mode=1 fault=none enc=28 denc=0 sreq=0 sapplied=0 crate=0 uimp=0 upos=0 uneg=0 ball=89.66 vball=-0.21 aball=0.0 bref=0.00 pid=0.0 pref=0.0 ppos=0.0 apid=0.0 integ=0.0 vision=1 current=1 vframe=8318 vs=1 vage=10 vpage=10 vdt=20 vmax=745453 vacc=7056 vrej=0 seq=0 elapsed=0 oled=3C
[   1875] STATUS mode=1 fault=none enc=28 denc=0 sreq=0 sapplied=0 crate=0 uimp=0 upos=0 uneg=0 ball=89.65 vball=-0.19 aball=0.0 bref=0.00 pid=0.0 pref=0.0 ppos=0.0 apid=0.0 integ=0.0 vision=1 current=1 vframe=8319 vs=1 vage=30 vpage=30 vdt=30 vmax=745453 vacc=7057 vrej=0 seq=0 elapsed=0 oled=3C
[   1936] STATUS mode=1 fault=none enc=28 denc=0 sreq=0 sapplied=0 crate=0 uimp=0 upos=0 uneg=0 ball=89.65 vball=-0.19 aball=0.0 bref=0.00 pid=0.0 pref=0.0 ppos=0.0 apid=0.0 integ=0.0 vision=1 current=1 vframe=8319 vs=1 vage=80 vpage=80 vdt=30 vmax=745453 vacc=7057 vrej=0 seq=0 elapsed=0 oled=3C
[   1983] STATUS mode=1 fault=none enc=28 denc=0 sreq=0 sapplied=0 crate=0 uimp=0 upos=0 uneg=0 ball=89.60 vball=-6.93 aball=0.0 bref=0.00 pid=0.0 pref=0.0 ppos=0.0 apid=0.0 integ=0.0 vision=1 current=1 vframe=8321 vs=1 vage=11 vpage=11 vdt=21 vmax=745453 vacc=7059 vrej=0 seq=0 elapsed=0 oled=3C
[   2030] STATUS mode=1 fault=none enc=28 denc=0 sreq=0 sapplied=0 crate=0 uimp=0 upos=0 uneg=0 ball=89.55 vball=-4.30 aball=0.0 bref=0.00 pid=0.0 pref=0.0 ppos=0.0 apid=0.0 integ=0.0 vision=1 current=1 vframe=8322 vs=1 vage=28 vpage=28 vdt=33 vmax=745453 vacc=7060 vrej=0 seq=0 elapsed=0 oled=3C
[   2077] STATUS mode=1 fault=none enc=28 denc=0 sreq=0 sapplied=0 crate=0 uimp=0 upos=0 uneg=0 ball=89.55 vball=-4.30 aball=0.0 bref=0.00 pid=0.0 pref=0.0 ppos=0.0 apid=0.0 integ=0.0 vision=1 current=1 vframe=8322 vs=1 vage=78 vpage=78 vdt=33 vmax=745453 vacc=7060 vrej=0 seq=0 elapsed=0 oled=3C
[   2125] STATUS mode=1 fault=none enc=28 denc=0 sreq=0 sapplied=0 crate=0 uimp=0 upos=0 uneg=0 ball=89.51 vball=-2.35 aball=0.0 bref=0.00 pid=0.0 pref=0.0 ppos=0.0 apid=0.0 integ=0.0 vision=1 current=1 vframe=8323 vs=1 vage=27 vpage=27 vdt=101 vmax=745453 vacc=7061 vrej=0 seq=0 elapsed=0 oled=3C
[   2186] STATUS mode=1 fault=none enc=28 denc=0 sreq=0 sapplied=0 crate=0 uimp=0 upos=0 uneg=0 ball=89.83 vball=1.84 aball=0.0 bref=0.00 pid=0.0 pref=0.0 ppos=0.0 apid=0.0 integ=0.0 vision=1 current=1 vframe=8325 vs=1 vage=12 vpage=12 vdt=34 vmax=745453 vacc=7063 vrej=0 seq=0 elapsed=0 oled=3C
[   2233] STATUS mode=1 fault=none enc=28 denc=0 sreq=0 sapplied=0 crate=0 uimp=0 upos=0 uneg=0 ball=89.83 vball=1.84 aball=0.0 bref=0.00 pid=0.0 pref=0.0 ppos=0.0 apid=0.0 integ=0.0 vision=1 current=1 vframe=8325 vs=1 vage=62 vpage=62 vdt=34 vmax=745453 vacc=7063 vrej=0 seq=0 elapsed=0 oled=3C
[   2280] STATUS mode=1 fault=none enc=28 denc=0 sreq=0 sapplied=0 crate=0 uimp=0 upos=0 uneg=0 ball=89.92 vball=1.24 aball=0.0 bref=0.00 pid=0.0 pref=0.0 ppos=0.0 apid=0.0 integ=0.0 vision=1 current=1 vframe=8326 vs=1 vage=12 vpage=12 vdt=100 vmax=745453 vacc=7064 vrej=0 seq=0 elapsed=0 oled=3C
[   2327] STATUS mode=1 fault=none enc=28 denc=0 sreq=0 sapplied=0 crate=0 uimp=0 upos=0 uneg=0 ball=89.91 vball=0.61 aball=0.0 bref=0.00 pid=0.0 pref=0.0 ppos=0.0 apid=0.0 integ=0.0 vision=1 current=1 vframe=8327 vs=1 vage=28 vpage=28 vdt=34 vmax=745453 vacc=7065 vrej=0 seq=0 elapsed=0 oled=3C
[   2375] STATUS mode=1 fault=none enc=28 denc=0 sreq=0 sapplied=0 crate=0 uimp=0 upos=0 uneg=0 ball=89.95 vball=0.88 aball=0.0 bref=0.00 pid=0.0 pref=0.0 ppos=0.0 apid=0.0 integ=0.0 vision=1 current=1 vframe=8328 vs=1 vage=45 vpage=45 vdt=33 vmax=745453 vacc=7066 vrej=0 seq=0 elapsed=0 oled=3C
[   2436] STATUS mode=1 fault=none enc=28 denc=0 sreq=0 sapplied=0 crate=0 uimp=0 upos=0 uneg=0 ball=89.95 vball=0.88 aball=0.0 bref=0.00 pid=0.0 pref=0.0 ppos=0.0 apid=0.0 integ=0.0 vision=1 current=1 vframe=8328 vs=1 vage=95 vpage=95 vdt=33 vmax=745453 vacc=7066 vrej=0 seq=0 elapsed=0 oled=3C
[   2483] STATUS mode=1 fault=none enc=28 denc=0 sreq=0 sapplied=0 crate=0 uimp=0 upos=0 uneg=0 ball=89.81 vball=-0.10 aball=0.0 bref=0.00 pid=0.0 pref=0.0 ppos=0.0 apid=0.0 integ=0.0 vision=1 current=1 vframe=8330 vs=1 vage=12 vpage=12 vdt=33 vmax=745453 vacc=7068 vrej=0 seq=0 elapsed=0 oled=3C
[   2530] STATUS mode=1 fault=none enc=28 denc=0 sreq=0 sapplied=0 crate=0 uimp=0 upos=0 uneg=0 ball=89.82 vball=0.08 aball=0.0 bref=0.00 pid=0.0 pref=0.0 ppos=0.0 apid=0.0 integ=0.0 vision=1 current=1 vframe=8331 vs=1 vage=31 vpage=31 vdt=31 vmax=745453 vacc=7069 vrej=0 seq=0 elapsed=0 oled=3C
[   2577] STATUS mode=1 fault=none enc=28 denc=0 sreq=0 sapplied=0 crate=0 uimp=0 upos=0 uneg=0 ball=89.82 vball=0.08 aball=0.0 bref=0.00 pid=0.0 pref=0.0 ppos=0.0 apid=0.0 integ=0.0 vision=1 current=1 vframe=8331 vs=1 vage=81 vpage=81 vdt=31 vmax=745453 vacc=7069 vrej=0 seq=0 elapsed=0 oled=3C
[   2625] STATUS mode=1 fault=none enc=28 denc=0 sreq=0 sapplied=0 crate=0 uimp=0 upos=0 uneg=0 ball=89.54 vball=-6.23 aball=0.0 bref=0.00 pid=0.0 pref=0.0 ppos=0.0 apid=0.0 integ=0.0 vision=1 current=1 vframe=8333 vs=1 vage=13 vpage=13 vdt=21 vmax=745453 vacc=7071 vrej=0 seq=0 elapsed=0 oled=3C
[   2686] STATUS mode=1 fault=none enc=28 denc=0 sreq=0 sapplied=0 crate=0 uimp=0 upos=0 uneg=0 ball=89.59 vball=-2.54 aball=0.0 bref=0.00 pid=0.0 pref=0.0 ppos=0.0 apid=0.0 integ=0.0 vision=1 current=1 vframe=8334 vs=1 vage=30 vpage=30 vdt=33 vmax=745453 vacc=7072 vrej=0 seq=0 elapsed=0 oled=3C
[   2733] STATUS mode=1 fault=none enc=28 denc=0 sreq=0 sapplied=0 crate=0 uimp=0 upos=0 uneg=0 ball=89.59 vball=-2.54 aball=0.0 bref=0.00 pid=0.0 pref=0.0 ppos=0.0 apid=0.0 integ=0.0 vision=1 current=1 vframe=8334 vs=1 vage=80 vpage=80 vdt=33 vmax=745453 vacc=7072 vrej=0 seq=0 elapsed=0 oled=3C
[   2780] STATUS mode=1 fault=none enc=28 denc=0 sreq=0 sapplied=0 crate=0 uimp=0 upos=0 uneg=0 ball=89.66 vball=3.73 aball=0.0 bref=0.00 pid=0.0 pref=0.0 ppos=0.0 apid=0.0 integ=0.0 vision=1 current=1 vframe=8336 vs=1 vage=12 vpage=12 vdt=22 vmax=745453 vacc=7074 vrej=0 seq=0 elapsed=0 oled=3C
[   2827] STATUS mode=1 fault=none enc=28 denc=0 sreq=0 sapplied=0 crate=0 uimp=0 upos=0 uneg=0 ball=89.65 vball=1.73 aball=0.0 bref=0.00 pid=0.0 pref=0.0 ppos=0.0 apid=0.0 integ=0.0 vision=1 current=1 vframe=8337 vs=1 vage=28 vpage=28 vdt=34 vmax=745453 vacc=7075 vrej=0 seq=0 elapsed=0 oled=3C
[   2875] STATUS mode=1 fault=none enc=28 denc=0 sreq=0 sapplied=0 crate=0 uimp=0 upos=0 uneg=0 ball=89.65 vball=1.73 aball=0.0 bref=0.00 pid=0.0 pref=0.0 ppos=0.0 apid=0.0 integ=0.0 vision=1 current=1 vframe=8337 vs=1 vage=78 vpage=78 vdt=34 vmax=745453 vacc=7075 vrej=0 seq=0 elapsed=0 oled=3C
[   2936] STATUS mode=1 fault=none enc=28 denc=0 sreq=0 sapplied=0 crate=0 uimp=0 upos=0 uneg=0 ball=89.68 vball=0.98 aball=0.0 bref=0.00 pid=0.0 pref=0.0 ppos=0.0 apid=0.0 integ=0.0 vision=1 current=1 vframe=8338 vs=1 vage=30 vpage=30 vdt=98 vmax=745453 vacc=7076 vrej=0 seq=0 elapsed=0 oled=3C
[   2983] STATUS mode=1 fault=none enc=28 denc=0 sreq=0 sapplied=0 crate=0 uimp=0 upos=0 uneg=0 ball=89.72 vball=1.09 aball=0.0 bref=0.00 pid=0.0 pref=0.0 ppos=0.0 apid=0.0 integ=0.0 vision=1 current=1 vframe=8339 vs=1 vage=47 vpage=47 vdt=33 vmax=745453 vacc=7077 vrej=0 seq=0 elapsed=0 oled=3C
[   3030] STATUS mode=1 fault=none enc=28 denc=0 sreq=0 sapplied=0 crate=0 uimp=0 upos=0 uneg=0 ball=89.72 vball=1.09 aball=0.0 bref=0.00 pid=0.0 pref=0.0 ppos=0.0 apid=0.0 integ=0.0 vision=1 current=1 vframe=8339 vs=1 vage=97 vpage=97 vdt=33 vmax=745453 vacc=7077 vrej=0 seq=0 elapsed=0 oled=3C
[   3077] STATUS mode=1 fault=none enc=28 denc=0 sreq=0 sapplied=0 crate=0 uimp=0 upos=0 uneg=0 ball=89.67 vball=2.45 aball=0.0 bref=0.00 pid=0.0 pref=0.0 ppos=0.0 apid=0.0 integ=0.0 vision=1 current=1 vframe=8342 vs=1 vage=14 vpage=14 vdt=23 vmax=745453 vacc=7080 vrej=0 seq=0 elapsed=0 oled=3C
[   3125] STATUS mode=1 fault=none enc=28 denc=0 sreq=0 sapplied=0 crate=0 uimp=0 upos=0 uneg=0 ball=89.56 vball=-0.44 aball=0.0 bref=0.00 pid=0.0 pref=0.0 ppos=0.0 apid=0.0 integ=0.0 vision=1 current=1 vframe=8343 vs=1 vage=30 vpage=30 vdt=34 vmax=745453 vacc=7081 vrej=0 seq=0 elapsed=0 oled=3C
[   3186] STATUS mode=1 fault=none enc=28 denc=0 sreq=0 sapplied=0 crate=0 uimp=0 upos=0 uneg=0 ball=89.56 vball=-0.44 aball=0.0 bref=0.00 pid=0.0 pref=0.0 ppos=0.0 apid=0.0 integ=0.0 vision=1 current=1 vframe=8343 vs=1 vage=80 vpage=80 vdt=34 vmax=745453 vacc=7081 vrej=0 seq=0 elapsed=0 oled=3C
[   3233] STATUS mode=1 fault=none enc=28 denc=0 sreq=0 sapplied=0 crate=0 uimp=0 upos=0 uneg=0 ball=89.66 vball=1.76 aball=0.0 bref=0.00 pid=0.0 pref=0.0 ppos=0.0 apid=0.0 integ=0.0 vision=1 current=1 vframe=8345 vs=1 vage=14 vpage=14 vdt=23 vmax=745453 vacc=7083 vrej=0 seq=0 elapsed=0 oled=3C
[   3280] STATUS mode=1 fault=none enc=28 denc=0 sreq=0 sapplied=0 crate=0 uimp=0 upos=0 uneg=0 ball=89.61 vball=0.99 aball=0.0 bref=0.00 pid=0.0 pref=0.0 ppos=0.0 apid=0.0 integ=0.0 vision=1 current=1 vframe=8346 vs=1 vage=31 vpage=31 vdt=33 vmax=745453 vacc=7084 vrej=0 seq=0 elapsed=0 oled=3C
[   3327] STATUS mode=1 fault=none enc=28 denc=0 sreq=0 sapplied=0 crate=0 uimp=0 upos=0 uneg=0 ball=89.61 vball=0.99 aball=0.0 bref=0.00 pid=0.0 pref=0.0 ppos=0.0 apid=0.0 integ=0.0 vision=1 current=1 vframe=8346 vs=1 vage=81 vpage=81 vdt=33 vmax=745453 vacc=7084 vrej=0 seq=0 elapsed=0 oled=3C
[   3375] STATUS mode=1 fault=none enc=28 denc=0 sreq=0 sapplied=0 crate=0 uimp=0 upos=0 uneg=0 ball=89.63 vball=1.74 aball=0.0 bref=0.00 pid=0.0 pref=0.0 ppos=0.0 apid=0.0 integ=0.0 vision=1 current=1 vframe=8348 vs=1 vage=15 vpage=15 vdt=21 vmax=745453 vacc=7086 vrej=0 seq=0 elapsed=0 oled=3C
[   3436] STATUS mode=1 fault=none enc=28 denc=0 sreq=0 sapplied=0 crate=0 uimp=0 upos=0 uneg=0 ball=89.92 vball=4.69 aball=0.0 bref=0.00 pid=0.0 pref=0.0 ppos=0.0 apid=0.0 integ=0.0 vision=1 current=1 vframe=8349 vs=1 vage=32 vpage=32 vdt=33 vmax=745453 vacc=7087 vrej=0 seq=0 elapsed=0 oled=3C
[   3483] STATUS mode=1 fault=none enc=28 denc=0 sreq=0 sapplied=0 crate=0 uimp=0 upos=0 uneg=0 ball=89.92 vball=4.69 aball=0.0 bref=0.00 pid=0.0 pref=0.0 ppos=0.0 apid=0.0 integ=0.0 vision=1 current=1 vframe=8349 vs=1 vage=82 vpage=82 vdt=33 vmax=745453 vacc=7087 vrej=0 seq=0 elapsed=0 oled=3C
[   3530] STATUS mode=1 fault=none enc=28 denc=0 sreq=0 sapplied=0 crate=0 uimp=0 upos=0 uneg=0 ball=89.68 vball=-2.75 aball=0.0 bref=0.00 pid=0.0 pref=0.0 ppos=0.0 apid=0.0 integ=0.0 vision=1 current=1 vframe=8351 vs=1 vage=15 vpage=15 vdt=21 vmax=745453 vacc=7089 vrej=0 seq=0 elapsed=0 oled=3C
[   3577] STATUS mode=1 fault=none enc=28 denc=0 sreq=0 sapplied=0 crate=0 uimp=0 upos=0 uneg=0 ball=89.67 vball=-1.65 aball=0.0 bref=0.00 pid=0.0 pref=0.0 ppos=0.0 apid=0.0 integ=0.0 vision=1 current=1 vframe=8352 vs=1 vage=32 vpage=32 vdt=33 vmax=745453 vacc=7090 vrej=0 seq=0 elapsed=0 oled=3C
[   3625] STATUS mode=1 fault=none enc=28 denc=0 sreq=0 sapplied=0 crate=0 uimp=0 upos=0 uneg=0 ball=89.67 vball=-1.65 aball=0.0 bref=0.00 pid=0.0 pref=0.0 ppos=0.0 apid=0.0 integ=0.0 vision=1 current=1 vframe=8352 vs=1 vage=82 vpage=82 vdt=33 vmax=745453 vacc=7090 vrej=0 seq=0 elapsed=0 oled=3C
[   3686] STATUS mode=1 fault=none enc=28 denc=0 sreq=0 sapplied=0 crate=0 uimp=0 upos=0 uneg=0 ball=89.65 vball=-0.89 aball=0.0 bref=0.00 pid=0.0 pref=0.0 ppos=0.0 apid=0.0 integ=0.0 vision=1 current=1 vframe=8353 vs=1 vage=34 vpage=34 vdt=98 vmax=745453 vacc=7091 vrej=0 seq=0 elapsed=0 oled=3C
[   3733] STATUS mode=1 fault=none enc=28 denc=0 sreq=0 sapplied=0 crate=0 uimp=0 upos=0 uneg=0 ball=89.71 vball=0.70 aball=0.0 bref=0.00 pid=0.0 pref=0.0 ppos=0.0 apid=0.0 integ=0.0 vision=1 current=1 vframe=8354 vs=1 vage=46 vpage=46 vdt=38 vmax=745453 vacc=7092 vrej=0 seq=0 elapsed=0 oled=3C
[   3780] STATUS mode=1 fault=none enc=28 denc=0 sreq=0 sapplied=0 crate=0 uimp=0 upos=0 uneg=0 ball=89.71 vball=0.70 aball=0.0 bref=0.00 pid=0.0 pref=0.0 ppos=0.0 apid=0.0 integ=0.0 vision=1 current=1 vframe=8354 vs=1 vage=96 vpage=96 vdt=38 vmax=745453 vacc=7092 vrej=0 seq=0 elapsed=0 oled=3C
[   3827] STATUS mode=1 fault=none enc=28 denc=0 sreq=0 sapplied=0 crate=0 uimp=0 upos=0 uneg=0 ball=89.90 vball=0.99 aball=0.0 bref=0.00 pid=0.0 pref=0.0 ppos=0.0 apid=0.0 integ=0.0 vision=1 current=1 vframe=8356 vs=1 vage=29 vpage=29 vdt=9 vmax=745453 vacc=7094 vrej=0 seq=0 elapsed=0 oled=3C
[   3875] STATUS mode=1 fault=none enc=28 denc=0 sreq=0 sapplied=0 crate=0 uimp=0 upos=0 uneg=0 ball=89.67 vball=-2.21 aball=0.0 bref=0.00 pid=0.0 pref=0.0 ppos=0.0 apid=0.0 integ=0.0 vision=1 current=1 vframe=8358 vs=1 vage=13 vpage=13 vdt=33 vmax=745453 vacc=7096 vrej=0 seq=0 elapsed=0 oled=3C
[   3936] STATUS mode=1 fault=none enc=28 denc=0 sreq=0 sapplied=0 crate=0 uimp=0 upos=0 uneg=0 ball=89.67 vball=-2.21 aball=0.0 bref=0.00 pid=0.0 pref=0.0 ppos=0.0 apid=0.0 integ=0.0 vision=1 current=1 vframe=8358 vs=1 vage=63 vpage=63 vdt=33 vmax=745453 vacc=7096 vrej=0 seq=0 elapsed=0 oled=3C
[   3983] STATUS mode=1 fault=none enc=28 denc=0 sreq=0 sapplied=0 crate=0 uimp=0 upos=0 uneg=0 ball=89.64 vball=-1.31 aball=0.0 bref=0.00 pid=0.0 pref=0.0 ppos=0.0 apid=0.0 integ=0.0 vision=1 current=1 vframe=8359 vs=1 vage=18 vpage=18 vdt=95 vmax=745453 vacc=7097 vrej=0 seq=0 elapsed=0 oled=3C
[   4030] STATUS mode=1 fault=none enc=28 denc=0 sreq=0 sapplied=0 crate=0 uimp=0 upos=0 uneg=0 ball=89.72 vball=0.51 aball=0.0 bref=0.00 pid=0.0 pref=0.0 ppos=0.0 apid=0.0 integ=0.0 vision=1 current=1 vframe=8361 vs=1 vage=13 vpage=13 vdt=31 vmax=745453 vacc=7099 vrej=0 seq=0 elapsed=0 oled=3C
[   4077] STATUS mode=1 fault=none enc=28 denc=0 sreq=0 sapplied=0 crate=0 uimp=0 upos=0 uneg=0 ball=89.72 vball=0.51 aball=0.0 bref=0.00 pid=0.0 pref=0.0 ppos=0.0 apid=0.0 integ=0.0 vision=1 current=1 vframe=8361 vs=1 vage=63 vpage=63 vdt=31 vmax=745453 vacc=7099 vrej=0 seq=0 elapsed=0 oled=3C
[   4125] STATUS mode=1 fault=none enc=28 denc=0 sreq=0 sapplied=0 crate=0 uimp=0 upos=0 uneg=0 ball=89.71 vball=0.21 aball=0.0 bref=0.00 pid=0.0 pref=0.0 ppos=0.0 apid=0.0 integ=0.0 vision=1 current=1 vframe=8362 vs=1 vage=16 vpage=16 vdt=97 vmax=745453 vacc=7100 vrej=0 seq=0 elapsed=0 oled=3C
[   4186] STATUS mode=1 fault=none enc=28 denc=0 sreq=0 sapplied=0 crate=0 uimp=0 upos=0 uneg=0 ball=89.66 vball=-0.57 aball=0.0 bref=0.00 pid=0.0 pref=0.0 ppos=0.0 apid=0.0 integ=0.0 vision=1 current=1 vframe=8364 vs=1 vage=13 vpage=13 vdt=33 vmax=745453 vacc=7102 vrej=0 seq=0 elapsed=0 oled=3C
[   4233] STATUS mode=1 fault=none enc=28 denc=0 sreq=0 sapplied=0 crate=0 uimp=0 upos=0 uneg=0 ball=89.66 vball=-0.57 aball=0.0 bref=0.00 pid=0.0 pref=0.0 ppos=0.0 apid=0.0 integ=0.0 vision=1 current=1 vframe=8364 vs=1 vage=63 vpage=63 vdt=33 vmax=745453 vacc=7102 vrej=0 seq=0 elapsed=0 oled=3C
[   4280] STATUS mode=1 fault=none enc=28 denc=0 sreq=0 sapplied=0 crate=0 uimp=0 upos=0 uneg=0 ball=89.65 vball=-0.31 aball=0.0 bref=0.00 pid=0.0 pref=0.0 ppos=0.0 apid=0.0 integ=0.0 vision=1 current=1 vframe=8365 vs=1 vage=18 vpage=18 vdt=95 vmax=745453 vacc=7103 vrej=0 seq=0 elapsed=0 oled=3C
[   4327] STATUS mode=1 fault=none enc=28 denc=0 sreq=0 sapplied=0 crate=0 uimp=0 upos=0 uneg=0 ball=89.66 vball=0.06 aball=0.0 bref=0.00 pid=0.0 pref=0.0 ppos=0.0 apid=0.0 integ=0.0 vision=1 current=1 vframe=8367 vs=1 vage=12 vpage=12 vdt=34 vmax=745453 vacc=7105 vrej=0 seq=0 elapsed=0 oled=3C
[   4375] STATUS mode=1 fault=none enc=28 denc=0 sreq=0 sapplied=0 crate=0 uimp=0 upos=0 uneg=0 ball=89.66 vball=0.06 aball=0.0 bref=0.00 pid=0.0 pref=0.0 ppos=0.0 apid=0.0 integ=0.0 vision=1 current=1 vframe=8367 vs=1 vage=62 vpage=62 vdt=34 vmax=745453 vacc=7105 vrej=0 seq=0 elapsed=0 oled=3C
[   4436] STATUS mode=1 fault=none enc=28 denc=0 sreq=0 sapplied=0 crate=0 uimp=0 upos=0 uneg=0 ball=89.66 vball=0.03 aball=0.0 bref=0.00 pid=0.0 pref=0.0 ppos=0.0 apid=0.0 integ=0.0 vision=1 current=1 vframe=8368 vs=1 vage=19 vpage=19 vdt=93 vmax=745453 vacc=7106 vrej=0 seq=0 elapsed=0 oled=3C
[   4483] STATUS mode=1 fault=none enc=28 denc=0 sreq=0 sapplied=0 crate=0 uimp=0 upos=0 uneg=0 ball=89.72 vball=0.72 aball=0.0 bref=0.00 pid=0.0 pref=0.0 ppos=0.0 apid=0.0 integ=0.0 vision=1 current=1 vframe=8370 vs=1 vage=14 vpage=14 vdt=34 vmax=745453 vacc=7108 vrej=0 seq=0 elapsed=0 oled=3C
[   4530] STATUS mode=1 fault=none enc=28 denc=0 sreq=0 sapplied=0 crate=0 uimp=0 upos=0 uneg=0 ball=89.72 vball=0.72 aball=0.0 bref=0.00 pid=0.0 pref=0.0 ppos=0.0 apid=0.0 integ=0.0 vision=1 current=1 vframe=8370 vs=1 vage=64 vpage=64 vdt=34 vmax=745453 vacc=7108 vrej=0 seq=0 elapsed=0 oled=3C
[   4577] STATUS mode=1 fault=none enc=28 denc=0 sreq=0 sapplied=0 crate=0 uimp=0 upos=0 uneg=0 ball=89.73 vball=0.39 aball=0.0 bref=0.00 pid=0.0 pref=0.0 ppos=0.0 apid=0.0 integ=0.0 vision=1 current=1 vframe=8371 vs=1 vage=19 vpage=19 vdt=95 vmax=745453 vacc=7109 vrej=0 seq=0 elapsed=0 oled=3C
[   4625] STATUS mode=1 fault=none enc=28 denc=0 sreq=0 sapplied=0 crate=0 uimp=0 upos=0 uneg=0 ball=89.71 vball=-0.07 aball=0.0 bref=0.00 pid=0.0 pref=0.0 ppos=0.0 apid=0.0 integ=0.0 vision=1 current=1 vframe=8373 vs=1 vage=15 vpage=15 vdt=33 vmax=745453 vacc=7111 vrej=0 seq=0 elapsed=0 oled=3C
[   4686] STATUS mode=1 fault=none enc=28 denc=0 sreq=0 sapplied=0 crate=0 uimp=0 upos=0 uneg=0 ball=89.71 vball=-0.07 aball=0.0 bref=0.00 pid=0.0 pref=0.0 ppos=0.0 apid=0.0 integ=0.0 vision=1 current=1 vframe=8373 vs=1 vage=65 vpage=65 vdt=33 vmax=745453 vacc=7111 vrej=0 seq=0 elapsed=0 oled=3C
[   4733] STATUS mode=1 fault=none enc=28 denc=0 sreq=0 sapplied=0 crate=0 uimp=0 upos=0 uneg=0 ball=89.68 vball=-0.17 aball=0.0 bref=0.00 pid=0.0 pref=0.0 ppos=0.0 apid=0.0 integ=0.0 vision=1 current=1 vframe=8374 vs=1 vage=20 vpage=20 vdt=95 vmax=745453 vacc=7112 vrej=0 seq=0 elapsed=0 oled=3C
[   4780] STATUS mode=1 fault=none enc=28 denc=0 sreq=0 sapplied=0 crate=0 uimp=0 upos=0 uneg=0 ball=89.93 vball=3.47 aball=0.0 bref=0.00 pid=0.0 pref=0.0 ppos=0.0 apid=0.0 integ=0.0 vision=1 current=1 vframe=8376 vs=1 vage=13 vpage=13 vdt=35 vmax=745453 vacc=7114 vrej=0 seq=0 elapsed=0 oled=3C
[   4827] STATUS mode=1 fault=none enc=28 denc=0 sreq=0 sapplied=0 crate=0 uimp=0 upos=0 uneg=0 ball=89.93 vball=3.47 aball=0.0 bref=0.00 pid=0.0 pref=0.0 ppos=0.0 apid=0.0 integ=0.0 vision=1 current=1 vframe=8376 vs=1 vage=63 vpage=63 vdt=35 vmax=745453 vacc=7114 vrej=0 seq=0 elapsed=0 oled=3C
[   4875] STATUS mode=1 fault=none enc=28 denc=0 sreq=0 sapplied=0 crate=0 uimp=0 upos=0 uneg=0 ball=89.81 vball=1.58 aball=0.0 bref=0.00 pid=0.0 pref=0.0 ppos=0.0 apid=0.0 integ=0.0 vision=1 current=1 vframe=8377 vs=1 vage=16 vpage=16 vdt=97 vmax=745453 vacc=7115 vrej=0 seq=0 elapsed=0 oled=3C
[   4936] STATUS mode=1 fault=none enc=28 denc=0 sreq=0 sapplied=0 crate=0 uimp=0 upos=0 uneg=0 ball=89.67 vball=-0.99 aball=0.0 bref=0.00 pid=0.0 pref=0.0 ppos=0.0 apid=0.0 integ=0.0 vision=1 current=1 vframe=8378 vs=1 vage=32 vpage=32 vdt=34 vmax=745453 vacc=7116 vrej=0 seq=0 elapsed=0 oled=3C
[   4983] STATUS mode=1 fault=none enc=28 denc=0 sreq=0 sapplied=0 crate=0 uimp=0 upos=0 uneg=0 ball=89.66 vball=-0.73 aball=0.0 bref=0.00 pid=0.0 pref=0.0 ppos=0.0 apid=0.0 integ=0.0 vision=1 current=1 vframe=8379 vs=1 vage=47 vpage=47 vdt=35 vmax=745453 vacc=7117 vrej=0 seq=0 elapsed=0 oled=3C
[   5030] STATUS mode=1 fault=none enc=28 denc=0 sreq=0 sapplied=0 crate=0 uimp=0 upos=0 uneg=0 ball=89.66 vball=-0.73 aball=0.0 bref=0.00 pid=0.0 pref=0.0 ppos=0.0 apid=0.0 integ=0.0 vision=1 current=1 vframe=8379 vs=1 vage=97 vpage=97 vdt=35 vmax=745453 vacc=7117 vrej=0 seq=0 elapsed=0 oled=3C
[   5077] STATUS mode=1 fault=none enc=28 denc=0 sreq=0 sapplied=0 crate=0 uimp=0 upos=0 uneg=0 ball=89.68 vball=-0.34 aball=0.0 bref=0.00 pid=0.0 pref=0.0 ppos=0.0 apid=0.0 integ=0.0 vision=1 current=1 vframe=8381 vs=1 vage=15 vpage=15 vdt=31 vmax=745453 vacc=7119 vrej=0 seq=0 elapsed=0 oled=3C
[   5125] STATUS mode=1 fault=none enc=28 denc=0 sreq=0 sapplied=0 crate=0 uimp=0 upos=0 uneg=0 ball=89.59 vball=-1.80 aball=0.0 bref=0.00 pid=0.0 pref=0.0 ppos=0.0 apid=0.0 integ=0.0 vision=1 current=1 vframe=8382 vs=1 vage=30 vpage=30 vdt=35 vmax=745453 vacc=7120 vrej=0 seq=0 elapsed=0 oled=3C
[   5186] STATUS mode=1 fault=none enc=28 denc=0 sreq=0 sapplied=0 crate=0 uimp=0 upos=0 uneg=0 ball=89.59 vball=-1.80 aball=0.0 bref=0.00 pid=0.0 pref=0.0 ppos=0.0 apid=0.0 integ=0.0 vision=1 current=1 vframe=8382 vs=1 vage=80 vpage=80 vdt=35 vmax=745453 vacc=7120 vrej=0 seq=0 elapsed=0 oled=3C
[   5233] STATUS mode=1 fault=none enc=28 denc=0 sreq=0 sapplied=0 crate=0 uimp=0 upos=0 uneg=0 ball=89.55 vball=-0.03 aball=0.0 bref=0.00 pid=0.0 pref=0.0 ppos=0.0 apid=0.0 integ=0.0 vision=1 current=1 vframe=8384 vs=1 vage=14 vpage=14 vdt=23 vmax=745453 vacc=7122 vrej=0 seq=0 elapsed=0 oled=3C
[   5280] STATUS mode=1 fault=none enc=28 denc=0 sreq=0 sapplied=0 crate=0 uimp=0 upos=0 uneg=0 ball=89.65 vball=1.64 aball=0.0 bref=0.00 pid=0.0 pref=0.0 ppos=0.0 apid=0.0 integ=0.0 vision=1 current=1 vframe=8385 vs=1 vage=30 vpage=30 vdt=34 vmax=745453 vacc=7123 vrej=0 seq=0 elapsed=0 oled=3C
[   5327] STATUS mode=1 fault=none enc=28 denc=0 sreq=0 sapplied=0 crate=0 uimp=0 upos=0 uneg=0 ball=89.65 vball=1.64 aball=0.0 bref=0.00 pid=0.0 pref=0.0 ppos=0.0 apid=0.0 integ=0.0 vision=1 current=1 vframe=8385 vs=1 vage=80 vpage=80 vdt=34 vmax=745453 vacc=7123 vrej=0 seq=0 elapsed=0 oled=3C
[   5375] STATUS mode=1 fault=none enc=28 denc=0 sreq=0 sapplied=0 crate=0 uimp=0 upos=0 uneg=0 ball=89.65 vball=0.35 aball=0.0 bref=0.00 pid=0.0 pref=0.0 ppos=0.0 apid=0.0 integ=0.0 vision=1 current=1 vframe=8386 vs=1 vage=18 vpage=18 vdt=112 vmax=745453 vacc=7124 vrej=0 seq=0 elapsed=0 oled=3C
[   5436] STATUS mode=1 fault=none enc=28 denc=0 sreq=0 sapplied=0 crate=0 uimp=0 upos=0 uneg=0 ball=89.67 vball=0.29 aball=0.0 bref=0.00 pid=0.0 pref=0.0 ppos=0.0 apid=0.0 integ=0.0 vision=1 current=1 vframe=8388 vs=1 vage=12 vpage=12 vdt=34 vmax=745453 vacc=7126 vrej=0 seq=0 elapsed=0 oled=3C
[   5483] STATUS mode=1 fault=none enc=28 denc=0 sreq=0 sapplied=0 crate=0 uimp=0 upos=0 uneg=0 ball=89.67 vball=0.29 aball=0.0 bref=0.00 pid=0.0 pref=0.0 ppos=0.0 apid=0.0 integ=0.0 vision=1 current=1 vframe=8388 vs=1 vage=62 vpage=62 vdt=34 vmax=745453 vacc=7126 vrej=0 seq=0 elapsed=0 oled=3C
[   5530] STATUS mode=1 fault=none enc=28 denc=0 sreq=0 sapplied=0 crate=0 uimp=0 upos=0 uneg=0 ball=89.67 vball=0.29 aball=0.0 bref=0.00 pid=0.0 pref=0.0 ppos=0.0 apid=0.0 integ=0.0 vision=1 current=1 vframe=8388 vs=1 vage=112 vpage=112 vdt=34 vmax=745453 vacc=7126 vrej=0 seq=0 elapsed=0 oled=3C
[   5577] STATUS mode=1 fault=none enc=28 denc=0 sreq=0 sapplied=0 crate=0 uimp=0 upos=0 uneg=0 ball=89.64 vball=0.07 aball=0.0 bref=0.00 pid=0.0 pref=0.0 ppos=0.0 apid=0.0 integ=0.0 vision=1 current=1 vframe=8389 vs=1 vage=28 vpage=28 vdt=134 vmax=745453 vacc=7127 vrej=0 seq=0 elapsed=0 oled=3C
[   5625] STATUS mode=1 fault=none enc=28 denc=0 sreq=0 sapplied=0 crate=0 uimp=0 upos=0 uneg=0 ball=89.64 vball=-0.07 aball=0.0 bref=0.00 pid=0.0 pref=0.0 ppos=0.0 apid=0.0 integ=0.0 vision=1 current=1 vframe=8391 vs=1 vage=13 vpage=13 vdt=33 vmax=745453 vacc=7129 vrej=0 seq=0 elapsed=0 oled=3C
[   5686] STATUS mode=1 fault=none enc=28 denc=0 sreq=0 sapplied=0 crate=0 uimp=0 upos=0 uneg=0 ball=89.64 vball=-0.07 aball=0.0 bref=0.00 pid=0.0 pref=0.0 ppos=0.0 apid=0.0 integ=0.0 vision=1 current=1 vframe=8391 vs=1 vage=63 vpage=63 vdt=33 vmax=745453 vacc=7129 vrej=0 seq=0 elapsed=0 oled=3C
[   5733] STATUS mode=1 fault=none enc=28 denc=0 sreq=0 sapplied=0 crate=0 uimp=0 upos=0 uneg=0 ball=89.67 vball=0.23 aball=0.0 bref=0.00 pid=0.0 pref=0.0 ppos=0.0 apid=0.0 integ=0.0 vision=1 current=1 vframe=8393 vs=1 vage=13 vpage=13 vdt=9 vmax=745453 vacc=7131 vrej=0 seq=0 elapsed=0 oled=3C
[   5780] STATUS mode=1 fault=none enc=28 denc=0 sreq=0 sapplied=0 crate=0 uimp=0 upos=0 uneg=0 ball=89.67 vball=0.09 aball=0.0 bref=0.00 pid=0.0 pref=0.0 ppos=0.0 apid=0.0 integ=0.0 vision=1 current=1 vframe=8394 vs=1 vage=29 vpage=29 vdt=34 vmax=745453 vacc=7132 vrej=0 seq=0 elapsed=0 oled=3C
[   5827] STATUS mode=1 fault=none enc=28 denc=0 sreq=0 sapplied=0 crate=0 uimp=0 upos=0 uneg=0 ball=89.63 vball=-0.51 aball=0.0 bref=0.00 pid=0.0 pref=0.0 ppos=0.0 apid=0.0 integ=0.0 vision=1 current=1 vframe=8395 vs=1 vage=46 vpage=46 vdt=33 vmax=745453 vacc=7133 vrej=0 seq=0 elapsed=0 oled=3C
[   5875] STATUS mode=1 fault=none enc=28 denc=0 sreq=0 sapplied=0 crate=0 uimp=0 upos=0 uneg=0 ball=89.63 vball=-0.51 aball=0.0 bref=0.00 pid=0.0 pref=0.0 ppos=0.0 apid=0.0 integ=0.0 vision=1 current=1 vframe=8395 vs=1 vage=96 vpage=96 vdt=33 vmax=745453 vacc=7133 vrej=0 seq=0 elapsed=0 oled=3C
[   5936] STATUS mode=1 fault=none enc=28 denc=0 sreq=0 sapplied=0 crate=0 uimp=0 upos=0 uneg=0 ball=89.67 vball=0.17 aball=0.0 bref=0.00 pid=0.0 pref=0.0 ppos=0.0 apid=0.0 integ=0.0 vision=1 current=1 vframe=8397 vs=1 vage=15 vpage=15 vdt=32 vmax=745453 vacc=7135 vrej=0 seq=0 elapsed=0 oled=3C
[   5983] STATUS mode=1 fault=none enc=28 denc=0 sreq=0 sapplied=0 crate=0 uimp=0 upos=0 uneg=0 ball=89.67 vball=0.12 aball=0.0 bref=0.00 pid=0.0 pref=0.0 ppos=0.0 apid=0.0 integ=0.0 vision=1 current=1 vframe=8398 vs=1 vage=32 vpage=32 vdt=33 vmax=745453 vacc=7136 vrej=0 seq=0 elapsed=0 oled=3C
[   6030] STATUS mode=1 fault=none enc=28 denc=0 sreq=0 sapplied=0 crate=0 uimp=0 upos=0 uneg=0 ball=89.67 vball=0.12 aball=0.0 bref=0.00 pid=0.0 pref=0.0 ppos=0.0 apid=0.0 integ=0.0 vision=1 current=1 vframe=8398 vs=1 vage=82 vpage=82 vdt=33 vmax=745453 vacc=7136 vrej=0 seq=0 elapsed=0 oled=3C
[   6077] STATUS mode=1 fault=none enc=28 denc=0 sreq=0 sapplied=0 crate=0 uimp=0 upos=0 uneg=0 ball=89.61 vball=-1.78 aball=0.0 bref=0.00 pid=0.0 pref=0.0 ppos=0.0 apid=0.0 integ=0.0 vision=1 current=1 vframe=8400 vs=1 vage=15 vpage=15 vdt=24 vmax=745453 vacc=7138 vrej=0 seq=0 elapsed=0 oled=3C
[   6125] STATUS mode=1 fault=none enc=28 denc=0 sreq=0 sapplied=0 crate=0 uimp=0 upos=0 uneg=0 ball=89.59 vball=-1.13 aball=0.0 bref=0.00 pid=0.0 pref=0.0 ppos=0.0 apid=0.0 integ=0.0 vision=1 current=1 vframe=8401 vs=1 vage=32 vpage=32 vdt=33 vmax=745453 vacc=7139 vrej=0 seq=0 elapsed=0 oled=3C
[   6186] STATUS mode=1 fault=none enc=28 denc=0 sreq=0 sapplied=0 crate=0 uimp=0 upos=0 uneg=0 ball=89.59 vball=-1.13 aball=0.0 bref=0.00 pid=0.0 pref=0.0 ppos=0.0 apid=0.0 integ=0.0 vision=1 current=1 vframe=8401 vs=1 vage=82 vpage=82 vdt=33 vmax=745453 vacc=7139 vrej=0 seq=0 elapsed=0 oled=3C
[   6233] STATUS mode=1 fault=none enc=28 denc=0 sreq=0 sapplied=0 crate=0 uimp=0 upos=0 uneg=0 ball=89.60 vball=0.02 aball=0.0 bref=0.00 pid=0.0 pref=0.0 ppos=0.0 apid=0.0 integ=0.0 vision=1 current=1 vframe=8403 vs=1 vage=16 vpage=16 vdt=23 vmax=745453 vacc=7141 vrej=0 seq=0 elapsed=0 oled=3C
[   6280] STATUS mode=1 fault=none enc=28 denc=0 sreq=0 sapplied=0 crate=0 uimp=0 upos=0 uneg=0 ball=89.58 vball=-0.20 aball=0.0 bref=0.00 pid=0.0 pref=0.0 ppos=0.0 apid=0.0 integ=0.0 vision=1 current=1 vframe=8404 vs=1 vage=32 vpage=32 vdt=34 vmax=745453 vacc=7142 vrej=0 seq=0 elapsed=0 oled=3C
[   6327] STATUS mode=1 fault=none enc=28 denc=0 sreq=0 sapplied=0 crate=0 uimp=0 upos=0 uneg=0 ball=89.58 vball=-0.20 aball=0.0 bref=0.00 pid=0.0 pref=0.0 ppos=0.0 apid=0.0 integ=0.0 vision=1 current=1 vframe=8404 vs=1 vage=82 vpage=82 vdt=34 vmax=745453 vacc=7142 vrej=0 seq=0 elapsed=0 oled=3C
[   6375] STATUS mode=1 fault=none enc=28 denc=0 sreq=0 sapplied=0 crate=0 uimp=0 upos=0 uneg=0 ball=89.60 vball=0.50 aball=0.0 bref=0.00 pid=0.0 pref=0.0 ppos=0.0 apid=0.0 integ=0.0 vision=1 current=1 vframe=8406 vs=1 vage=16 vpage=16 vdt=23 vmax=745453 vacc=7144 vrej=0 seq=0 elapsed=0 oled=3C
[   6436] STATUS mode=1 fault=none enc=28 denc=0 sreq=0 sapplied=0 crate=0 uimp=0 upos=0 uneg=0 ball=89.60 vball=0.28 aball=0.0 bref=0.00 pid=0.0 pref=0.0 ppos=0.0 apid=0.0 integ=0.0 vision=1 current=1 vframe=8407 vs=1 vage=33 vpage=33 vdt=33 vmax=745453 vacc=7145 vrej=0 seq=0 elapsed=0 oled=3C
[   6483] STATUS mode=1 fault=none enc=28 denc=0 sreq=0 sapplied=0 crate=0 uimp=0 upos=0 uneg=0 ball=89.60 vball=0.28 aball=0.0 bref=0.00 pid=0.0 pref=0.0 ppos=0.0 apid=0.0 integ=0.0 vision=1 current=1 vframe=8407 vs=1 vage=83 vpage=83 vdt=33 vmax=745453 vacc=7145 vrej=0 seq=0 elapsed=0 oled=3C
[   6530] STATUS mode=1 fault=none enc=28 denc=0 sreq=0 sapplied=0 crate=0 uimp=0 upos=0 uneg=0 ball=89.67 vball=1.56 aball=0.0 bref=0.00 pid=0.0 pref=0.0 ppos=0.0 apid=0.0 integ=0.0 vision=1 current=1 vframe=8409 vs=1 vage=14 vpage=14 vdt=22 vmax=745453 vacc=7147 vrej=0 seq=0 elapsed=0 oled=3C
[   6577] STATUS mode=1 fault=none enc=28 denc=0 sreq=0 sapplied=0 crate=0 uimp=0 upos=0 uneg=0 ball=89.68 vball=0.93 aball=0.0 bref=0.00 pid=0.0 pref=0.0 ppos=0.0 apid=0.0 integ=0.0 vision=1 current=1 vframe=8410 vs=1 vage=31 vpage=31 vdt=33 vmax=745453 vacc=7148 vrej=0 seq=0 elapsed=0 oled=3C
[   6625] STATUS mode=1 fault=none enc=28 denc=0 sreq=0 sapplied=0 crate=0 uimp=0 upos=0 uneg=0 ball=89.68 vball=0.93 aball=0.0 bref=0.00 pid=0.0 pref=0.0 ppos=0.0 apid=0.0 integ=0.0 vision=1 current=1 vframe=8410 vs=1 vage=81 vpage=81 vdt=33 vmax=745453 vacc=7148 vrej=0 seq=0 elapsed=0 oled=3C
[   6686] STATUS mode=1 fault=none enc=28 denc=0 sreq=0 sapplied=0 crate=0 uimp=0 upos=0 uneg=0 ball=89.68 vball=0.00 aball=0.0 bref=0.00 pid=0.0 pref=0.0 ppos=0.0 apid=0.0 integ=0.0 vision=1 current=1 vframe=8412 vs=1 vage=13 vpage=13 vdt=23 vmax=745453 vacc=7150 vrej=0 seq=0 elapsed=0 oled=3C
[   6733] STATUS mode=1 fault=none enc=28 denc=0 sreq=0 sapplied=0 crate=0 uimp=0 upos=0 uneg=0 ball=89.68 vball=-0.02 aball=0.0 bref=0.00 pid=0.0 pref=0.0 ppos=0.0 apid=0.0 integ=0.0 vision=1 current=1 vframe=8413 vs=1 vage=30 vpage=30 vdt=33 vmax=745453 vacc=7151 vrej=0 seq=0 elapsed=0 oled=3C
[   6780] STATUS mode=1 fault=none enc=28 denc=0 sreq=0 sapplied=0 crate=0 uimp=0 upos=0 uneg=0 ball=89.68 vball=-0.02 aball=0.0 bref=0.00 pid=0.0 pref=0.0 ppos=0.0 apid=0.0 integ=0.0 vision=1 current=1 vframe=8413 vs=1 vage=80 vpage=80 vdt=33 vmax=745453 vacc=7151 vrej=0 seq=0 elapsed=0 oled=3C
[   6827] STATUS mode=1 fault=none enc=28 denc=0 sreq=0 sapplied=0 crate=0 uimp=0 upos=0 uneg=0 ball=89.68 vball=0.00 aball=0.0 bref=0.00 pid=0.0 pref=0.0 ppos=0.0 apid=0.0 integ=0.0 vision=1 current=1 vframe=8415 vs=1 vage=13 vpage=13 vdt=19 vmax=745453 vacc=7153 vrej=0 seq=0 elapsed=0 oled=3C
[   6875] STATUS mode=1 fault=none enc=28 denc=0 sreq=0 sapplied=0 crate=0 uimp=0 upos=0 uneg=0 ball=89.68 vball=0.00 aball=0.0 bref=0.00 pid=0.0 pref=0.0 ppos=0.0 apid=0.0 integ=0.0 vision=1 current=1 vframe=8416 vs=1 vage=31 vpage=31 vdt=32 vmax=745453 vacc=7154 vrej=0 seq=0 elapsed=0 oled=3C
[   6936] STATUS mode=1 fault=none enc=28 denc=0 sreq=0 sapplied=0 crate=0 uimp=0 upos=0 uneg=0 ball=89.68 vball=0.00 aball=0.0 bref=0.00 pid=0.0 pref=0.0 ppos=0.0 apid=0.0 integ=0.0 vision=1 current=1 vframe=8416 vs=1 vage=81 vpage=81 vdt=32 vmax=745453 vacc=7154 vrej=0 seq=0 elapsed=0 oled=3C
[   6983] STATUS mode=1 fault=none enc=28 denc=0 sreq=0 sapplied=0 crate=0 uimp=0 upos=0 uneg=0 ball=89.53 vball=-2.56 aball=0.0 bref=0.00 pid=0.0 pref=0.0 ppos=0.0 apid=0.0 integ=0.0 vision=1 current=1 vframe=8418 vs=1 vage=14 vpage=14 vdt=20 vmax=745453 vacc=7156 vrej=0 seq=0 elapsed=0 oled=3C
[   7030] STATUS mode=1 fault=none enc=28 denc=0 sreq=0 sapplied=0 crate=0 uimp=0 upos=0 uneg=0 ball=89.49 vball=-1.87 aball=0.0 bref=0.00 pid=0.0 pref=0.0 ppos=0.0 apid=0.0 integ=0.0 vision=1 current=1 vframe=8419 vs=1 vage=30 vpage=30 vdt=34 vmax=745453 vacc=7157 vrej=0 seq=0 elapsed=0 oled=3C
[   7077] STATUS mode=1 fault=none enc=28 denc=0 sreq=0 sapplied=0 crate=0 uimp=0 upos=0 uneg=0 ball=89.49 vball=-1.87 aball=0.0 bref=0.00 pid=0.0 pref=0.0 ppos=0.0 apid=0.0 integ=0.0 vision=1 current=1 vframe=8419 vs=1 vage=80 vpage=80 vdt=34 vmax=745453 vacc=7157 vrej=0 seq=0 elapsed=0 oled=3C
[   7125] STATUS mode=1 fault=none enc=28 denc=0 sreq=0 sapplied=0 crate=0 uimp=0 upos=0 uneg=0 ball=89.60 vball=0.31 aball=0.0 bref=0.00 pid=0.0 pref=0.0 ppos=0.0 apid=0.0 integ=0.0 vision=1 current=1 vframe=8421 vs=1 vage=14 vpage=14 vdt=19 vmax=745453 vacc=7159 vrej=0 seq=0 elapsed=0 oled=3C
[   7186] STATUS mode=1 fault=none enc=28 denc=0 sreq=0 sapplied=0 crate=0 uimp=0 upos=0 uneg=0 ball=89.57 vball=-0.30 aball=0.0 bref=0.00 pid=0.0 pref=0.0 ppos=0.0 apid=0.0 integ=0.0 vision=1 current=1 vframe=8422 vs=1 vage=30 vpage=30 vdt=34 vmax=745453 vacc=7160 vrej=0 seq=0 elapsed=0 oled=3C
[   7233] STATUS mode=1 fault=none enc=28 denc=0 sreq=0 sapplied=0 crate=0 uimp=0 upos=0 uneg=0 ball=89.57 vball=-0.30 aball=0.0 bref=0.00 pid=0.0 pref=0.0 ppos=0.0 apid=0.0 integ=0.0 vision=1 current=1 vframe=8422 vs=1 vage=80 vpage=80 vdt=34 vmax=745453 vacc=7160 vrej=0 seq=0 elapsed=0 oled=3C
[   7280] STATUS mode=1 fault=none enc=28 denc=0 sreq=0 sapplied=0 crate=0 uimp=0 upos=0 uneg=0 ball=89.60 vball=0.10 aball=0.0 bref=0.00 pid=0.0 pref=0.0 ppos=0.0 apid=0.0 integ=0.0 vision=1 current=1 vframe=8423 vs=1 vage=31 vpage=31 vdt=99 vmax=745453 vacc=7161 vrej=0 seq=0 elapsed=0 oled=3C
[   7327] STATUS mode=1 fault=none enc=28 denc=0 sreq=0 sapplied=0 crate=0 uimp=0 upos=0 uneg=0 ball=89.60 vball=0.05 aball=0.0 bref=0.00 pid=0.0 pref=0.0 ppos=0.0 apid=0.0 integ=0.0 vision=1 current=1 vframe=8424 vs=1 vage=47 vpage=47 vdt=34 vmax=745453 vacc=7162 vrej=0 seq=0 elapsed=0 oled=3C
[   7375] STATUS mode=1 fault=none enc=28 denc=0 sreq=0 sapplied=0 crate=0 uimp=0 upos=0 uneg=0 ball=89.60 vball=0.05 aball=0.0 bref=0.00 pid=0.0 pref=0.0 ppos=0.0 apid=0.0 integ=0.0 vision=1 current=1 vframe=8424 vs=1 vage=97 vpage=97 vdt=34 vmax=745453 vacc=7162 vrej=0 seq=0 elapsed=0 oled=3C
[   7436] STATUS mode=1 fault=none enc=28 denc=0 sreq=0 sapplied=0 crate=0 uimp=0 upos=0 uneg=0 ball=89.68 vball=0.15 aball=0.0 bref=0.00 pid=0.0 pref=0.0 ppos=0.0 apid=0.0 integ=0.0 vision=1 current=1 vframe=8427 vs=1 vage=14 vpage=14 vdt=21 vmax=745453 vacc=7165 vrej=0 seq=0 elapsed=0 oled=3C
[   7483] STATUS mode=1 fault=none enc=28 denc=0 sreq=0 sapplied=0 crate=0 uimp=0 upos=0 uneg=0 ball=89.64 vball=-0.72 aball=0.0 bref=0.00 pid=0.0 pref=0.0 ppos=0.0 apid=0.0 integ=0.0 vision=1 current=1 vframe=8428 vs=1 vage=31 vpage=31 vdt=33 vmax=745453 vacc=7166 vrej=0 seq=0 elapsed=0 oled=3C
[   7530] STATUS mode=1 fault=none enc=28 denc=0 sreq=0 sapplied=0 crate=0 uimp=0 upos=0 uneg=0 ball=89.64 vball=-0.72 aball=0.0 bref=0.00 pid=0.0 pref=0.0 ppos=0.0 apid=0.0 integ=0.0 vision=1 current=1 vframe=8428 vs=1 vage=81 vpage=81 vdt=33 vmax=745453 vacc=7166 vrej=0 seq=0 elapsed=0 oled=3C
[   7577] STATUS mode=1 fault=none enc=28 denc=0 sreq=0 sapplied=0 crate=0 uimp=0 upos=0 uneg=0 ball=89.60 vball=-0.65 aball=0.0 bref=0.00 pid=0.0 pref=0.0 ppos=0.0 apid=0.0 integ=0.0 vision=1 current=1 vframe=8429 vs=1 vage=31 vpage=31 vdt=100 vmax=745453 vacc=7167 vrej=0 seq=0 elapsed=0 oled=3C
[   7639] STATUS mode=1 fault=none enc=28 denc=0 sreq=0 sapplied=0 crate=0 uimp=0 upos=0 uneg=0 ball=89.69 vball=1.31 aball=0.0 bref=0.00 pid=0.0 pref=0.0 ppos=0.0 apid=0.0 integ=0.0 vision=1 current=1 vframe=8430 vs=1 vage=47 vpage=47 vdt=34 vmax=745453 vacc=7168 vrej=0 seq=0 elapsed=0 oled=3C
[   7686] STATUS mode=1 fault=none enc=28 denc=0 sreq=0 sapplied=0 crate=0 uimp=0 upos=0 uneg=0 ball=89.69 vball=1.31 aball=0.0 bref=0.00 pid=0.0 pref=0.0 ppos=0.0 apid=0.0 integ=0.0 vision=1 current=1 vframe=8430 vs=1 vage=97 vpage=97 vdt=34 vmax=745453 vacc=7168 vrej=0 seq=0 elapsed=0 oled=3C
[   7733] STATUS mode=1 fault=none enc=28 denc=0 sreq=0 sapplied=0 crate=0 uimp=0 upos=0 uneg=0 ball=89.64 vball=-1.23 aball=0.0 bref=0.00 pid=0.0 pref=0.0 ppos=0.0 apid=0.0 integ=0.0 vision=1 current=1 vframe=8433 vs=1 vage=15 vpage=15 vdt=23 vmax=745453 vacc=7171 vrej=0 seq=0 elapsed=0 oled=3C
[   7780] STATUS mode=1 fault=none enc=28 denc=0 sreq=0 sapplied=0 crate=0 uimp=0 upos=0 uneg=0 ball=89.67 vball=-0.18 aball=0.0 bref=0.00 pid=0.0 pref=0.0 ppos=0.0 apid=0.0 integ=0.0 vision=1 current=1 vframe=8434 vs=1 vage=34 vpage=34 vdt=31 vmax=745453 vacc=7172 vrej=0 seq=0 elapsed=0 oled=3C
[   7827] STATUS mode=1 fault=none enc=28 denc=0 sreq=0 sapplied=0 crate=0 uimp=0 upos=0 uneg=0 ball=89.67 vball=-0.18 aball=0.0 bref=0.00 pid=0.0 pref=0.0 ppos=0.0 apid=0.0 integ=0.0 vision=1 current=1 vframe=8434 vs=1 vage=84 vpage=84 vdt=31 vmax=745453 vacc=7172 vrej=0 seq=0 elapsed=0 oled=3C
[   7889] STATUS mode=1 fault=none enc=28 denc=0 sreq=0 sapplied=0 crate=0 uimp=0 upos=0 uneg=0 ball=89.68 vball=1.06 aball=0.0 bref=0.00 pid=0.0 pref=0.0 ppos=0.0 apid=0.0 integ=0.0 vision=1 current=1 vframe=8436 vs=1 vage=18 vpage=18 vdt=20 vmax=745453 vacc=7174 vrej=0 seq=0 elapsed=0 oled=3C
[   7936] STATUS mode=1 fault=none enc=28 denc=0 sreq=0 sapplied=0 crate=0 uimp=0 upos=0 uneg=0 ball=89.69 vball=0.62 aball=0.0 bref=0.00 pid=0.0 pref=0.0 ppos=0.0 apid=0.0 integ=0.0 vision=1 current=1 vframe=8437 vs=1 vage=32 vpage=32 vdt=36 vmax=745453 vacc=7175 vrej=0 seq=0 elapsed=0 oled=3C
[   7983] STATUS mode=1 fault=none enc=28 denc=0 sreq=0 sapplied=0 crate=0 uimp=0 upos=0 uneg=0 ball=89.69 vball=0.62 aball=0.0 bref=0.00 pid=0.0 pref=0.0 ppos=0.0 apid=0.0 integ=0.0 vision=1 current=1 vframe=8437 vs=1 vage=82 vpage=82 vdt=36 vmax=745453 vacc=7175 vrej=0 seq=0 elapsed=0 oled=3C
[   8014] S
[   8030] TATUS mode=1 fault=none enc=28 denc=0 sreq=0 sapplied=0 crate=0 uimp=0 upos=0 uneg=0 ball=89.69 vball=0.33 aball=0.0 bref=0.00 pid=0.0 pref=0.0 ppos=0.0 apid=0.0 integ=0.0 vision=1 current=1 vframe=8438 vs=1 vage=31 vpage=31 vdt=101 vmax=745453 vacc=7176 vrej=0 seq=0 elapsed=0 oled=3C
[   8077] STATUS mode=1 fault=none enc=28 denc=0 sreq=0 sapplied=0 crate=0 uimp=0 upos=0 uneg=0 ball=89.68 vball=0.00 aball=0.0 bref=0.00 pid=0.0 pref=0.0 ppos=0.0 apid=0.0 integ=0.0 vision=1 current=1 vframe=8440 vs=1 vage=14 vpage=14 vdt=34 vmax=745453 vacc=7178 vrej=0 seq=0 elapsed=0 oled=3C
[   8139] STATUS mode=1 fault=none enc=28 denc=0 sreq=0 sapplied=0 crate=0 uimp=0 upos=0 uneg=0 ball=89.68 vball=0.00 aball=0.0 bref=0.00 pid=0.0 pref=0.0 ppos=0.0 apid=0.0 integ=0.0 vision=1 current=1 vframe=8440 vs=1 vage=64 vpage=64 vdt=34 vmax=745453 vacc=7178 vrej=0 seq=0 elapsed=0 oled=3C
[   8186] STATUS mode=1 fault=none enc=28 denc=0 sreq=0 sapplied=0 crate=0 uimp=0 upos=0 uneg=0 ball=89.68 vball=-0.00 aball=0.0 bref=0.00 pid=0.0 pref=0.0 ppos=0.0 apid=0.0 integ=0.0 vision=1 current=1 vframe=8441 vs=1 vage=23 vpage=23 vdt=91 vmax=745453 vacc=7179 vrej=0 seq=0 elapsed=0 oled=3C
[   8233] STATUS mode=1 fault=none enc=28 denc=0 sreq=0 sapplied=0 crate=0 uimp=0 upos=0 uneg=0 ball=89.63 vball=-0.58 aball=0.0 bref=0.00 pid=0.0 pref=0.0 ppos=0.0 apid=0.0 integ=0.0 vision=1 current=1 vframe=8443 vs=1 vage=15 vpage=15 vdt=32 vmax=745453 vacc=7181 vrej=0 seq=0 elapsed=0 oled=3C
[   8280] STATUS mode=1 fault=none enc=28 denc=0 sreq=0 sapplied=0 crate=0 uimp=0 upos=0 uneg=0 ball=89.63 vball=-0.58 aball=0.0 bref=0.00 pid=0.0 pref=0.0 ppos=0.0 apid=0.0 integ=0.0 vision=1 current=1 vframe=8443 vs=1 vage=65 vpage=65 vdt=32 vmax=745453 vacc=7181 vrej=0 seq=0 elapsed=0 oled=3C
[   8327] STATUS mode=1 fault=none enc=28 denc=0 sreq=0 sapplied=0 crate=0 uimp=0 upos=0 uneg=0 ball=89.62 vball=-0.34 aball=0.0 bref=0.00 pid=0.0 pref=0.0 ppos=0.0 apid=0.0 integ=0.0 vision=1 current=1 vframe=8444 vs=1 vage=21 vpage=21 vdt=94 vmax=745453 vacc=7182 vrej=0 seq=0 elapsed=0 oled=3C
[   8389] STATUS mode=1 fault=none enc=28 denc=0 sreq=0 sapplied=0 crate=0 uimp=0 upos=0 uneg=0 ball=89.63 vball=0.02 aball=0.0 bref=0.00 pid=0.0 pref=0.0 ppos=0.0 apid=0.0 integ=0.0 vision=1 current=1 vframe=8446 vs=1 vage=15 vpage=15 vdt=34 vmax=745453 vacc=7184 vrej=0 seq=0 elapsed=0 oled=3C
[   8436] STATUS mode=1 fault=none enc=28 denc=0 sreq=0 sapplied=0 crate=0 uimp=0 upos=0 uneg=0 ball=89.63 vball=0.02 aball=0.0 bref=0.00 pid=0.0 pref=0.0 ppos=0.0 apid=0.0 integ=0.0 vision=1 current=1 vframe=8446 vs=1 vage=65 vpage=65 vdt=34 vmax=745453 vacc=7184 vrej=0 seq=0 elapsed=0 oled=3C
[   8483] STATUS mode=1 fault=none enc=28 denc=0 sreq=0 sapplied=0 crate=0 uimp=0 upos=0 uneg=0 ball=89.67 vball=0.14 aball=0.0 bref=0.00 pid=0.0 pref=0.0 ppos=0.0 apid=0.0 integ=0.0 vision=1 current=1 vframe=8447 vs=1 vage=20 vpage=20 vdt=95 vmax=745453 vacc=7185 vrej=0 seq=0 elapsed=0 oled=3C
[   8530] STATUS mode=1 fault=none enc=28 denc=0 sreq=0 sapplied=0 crate=0 uimp=0 upos=0 uneg=0 ball=89.68 vball=0.13 aball=0.0 bref=0.00 pid=0.0 pref=0.0 ppos=0.0 apid=0.0 integ=0.0 vision=1 current=1 vframe=8449 vs=1 vage=15 vpage=15 vdt=34 vmax=745453 vacc=7187 vrej=0 seq=0 elapsed=0 oled=3C
[   8577] STATUS mode=1 fault=none enc=28 denc=0 sreq=0 sapplied=0 crate=0 uimp=0 upos=0 uneg=0 ball=89.68 vball=0.13 aball=0.0 bref=0.00 pid=0.0 pref=0.0 ppos=0.0 apid=0.0 integ=0.0 vision=1 current=1 vframe=8449 vs=1 vage=65 vpage=65 vdt=34 vmax=745453 vacc=7187 vrej=0 seq=0 elapsed=0 oled=3C
[   8639] STATUS mode=1 fault=none enc=28 denc=0 sreq=0 sapplied=0 crate=0 uimp=0 upos=0 uneg=0 ball=89.65 vball=-0.04 aball=0.0 bref=0.00 pid=0.0 pref=0.0 ppos=0.0 apid=0.0 integ=0.0 vision=1 current=1 vframe=8450 vs=1 vage=18 vpage=18 vdt=97 vmax=745453 vacc=7188 vrej=0 seq=0 elapsed=0 oled=3C
[   8686] STATUS mode=1 fault=none enc=28 denc=0 sreq=0 sapplied=0 crate=0 uimp=0 upos=0 uneg=0 ball=89.68 vball=0.44 aball=0.0 bref=0.00 pid=0.0 pref=0.0 ppos=0.0 apid=0.0 integ=0.0 vision=1 current=1 vframe=8452 vs=1 vage=15 vpage=15 vdt=33 vmax=745453 vacc=7190 vrej=0 seq=0 elapsed=0 oled=3C
[   8733] STATUS mode=1 fault=none enc=28 denc=0 sreq=0 sapplied=0 crate=0 uimp=0 upos=0 uneg=0 ball=89.68 vball=0.44 aball=0.0 bref=0.00 pid=0.0 pref=0.0 ppos=0.0 apid=0.0 integ=0.0 vision=1 current=1 vframe=8452 vs=1 vage=65 vpage=65 vdt=33 vmax=745453 vacc=7190 vrej=0 seq=0 elapsed=0 oled=3C
[   8780] STATUS mode=1 fault=none enc=28 denc=0 sreq=0 sapplied=0 crate=0 uimp=0 upos=0 uneg=0 ball=89.69 vball=0.34 aball=0.0 bref=0.00 pid=0.0 pref=0.0 ppos=0.0 apid=0.0 integ=0.0 vision=1 current=1 vframe=8453 vs=1 vage=21 vpage=21 vdt=94 vmax=745453 vacc=7191 vrej=0 seq=0 elapsed=0 oled=3C
[   8827] STATUS mode=1 fault=none enc=28 denc=0 sreq=0 sapplied=0 crate=0 uimp=0 upos=0 uneg=0 ball=89.69 vball=0.08 aball=0.0 bref=0.00 pid=0.0 pref=0.0 ppos=0.0 apid=0.0 integ=0.0 vision=1 current=1 vframe=8455 vs=1 vage=14 vpage=14 vdt=34 vmax=745453 vacc=7193 vrej=0 seq=0 elapsed=0 oled=3C
[   8875] STATUS mode=1 fault=none enc=28 denc=0 sreq=0 sapplied=0 crate=0 uimp=0 upos=0 uneg=0 ball=89.69 vball=0.08 aball=0.0 bref=0.00 pid=0.0 pref=0.0 ppos=0.0 apid=0.0 integ=0.0 vision=1 current=1 vframe=8455 vs=1 vage=64 vpage=64 vdt=34 vmax=745453 vacc=7193 vrej=0 seq=0 elapsed=0 oled=3C
[   8936] STATUS mode=1 fault=none enc=28 denc=0 sreq=0 sapplied=0 crate=0 uimp=0 upos=0 uneg=0 ball=89.69 vball=0.02 aball=0.0 bref=0.00 pid=0.0 pref=0.0 ppos=0.0 apid=0.0 integ=0.0 vision=1 current=1 vframe=8456 vs=1 vage=14 vpage=14 vdt=100 vmax=745453 vacc=7194 vrej=0 seq=0 elapsed=0 oled=3C
[   8983] STATUS mode=1 fault=none enc=28 denc=0 sreq=0 sapplied=0 crate=0 uimp=0 upos=0 uneg=0 ball=89.69 vball=0.09 aball=0.0 bref=0.00 pid=0.0 pref=0.0 ppos=0.0 apid=0.0 integ=0.0 vision=1 current=1 vframe=8457 vs=1 vage=32 vpage=32 vdt=32 vmax=745453 vacc=7195 vrej=0 seq=0 elapsed=0 oled=3C
[   9030] STATUS mode=1 fault=none enc=28 denc=0 sreq=0 sapplied=0 crate=0 uimp=0 upos=0 uneg=0 ball=89.69 vball=0.05 aball=0.0 bref=0.00 pid=0.0 pref=0.0 ppos=0.0 apid=0.0 integ=0.0 vision=1 current=1 vframe=8458 vs=1 vage=48 vpage=48 vdt=34 vmax=745453 vacc=7196 vrej=0 seq=0 elapsed=0 oled=3C
[   9077] STATUS mode=1 fault=none enc=28 denc=0 sreq=0 sapplied=0 crate=0 uimp=0 upos=0 uneg=0 ball=89.69 vball=0.05 aball=0.0 bref=0.00 pid=0.0 pref=0.0 ppos=0.0 apid=0.0 integ=0.0 vision=1 current=1 vframe=8458 vs=1 vage=98 vpage=98 vdt=34 vmax=745453 vacc=7196 vrej=0 seq=0 elapsed=0 oled=3C
[   9139] STATUS mode=1 fault=none enc=28 denc=0 sreq=0 sapplied=0 crate=0 uimp=0 upos=0 uneg=0 ball=89.68 vball=-0.06 aball=0.0 bref=0.00 pid=0.0 pref=0.0 ppos=0.0 apid=0.0 integ=0.0 vision=1 current=1 vframe=8460 vs=1 vage=16 vpage=16 vdt=34 vmax=745453 vacc=7198 vrej=0 seq=0 elapsed=0 oled=3C
[   9186] STATUS mode=1 fault=none enc=28 denc=0 sreq=0 sapplied=0 crate=0 uimp=0 upos=0 uneg=0 ball=89.68 vball=-0.06 aball=0.0 bref=0.00 pid=0.0 pref=0.0 ppos=0.0 apid=0.0 integ=0.0 vision=1 current=1 vframe=8460 vs=1 vage=66 vpage=66 vdt=34 vmax=745453 vacc=7198 vrej=0 seq=0 elapsed=0 oled=3C
[   9233] STATUS mode=1 fault=none enc=28 denc=0 sreq=0 sapplied=0 crate=0 uimp=0 upos=0 uneg=0 ball=89.68 vball=-0.02 aball=0.0 bref=0.00 pid=0.0 pref=0.0 ppos=0.0 apid=0.0 integ=0.0 vision=1 current=1 vframe=8462 vs=1 vage=2 vpage=2 vdt=9 vmax=745453 vacc=7200 vrej=0 seq=0 elapsed=0 oled=3C
[   9280] STATUS mode=1 fault=none enc=28 denc=0 sreq=0 sapplied=0 crate=0 uimp=0 upos=0 uneg=0 ball=89.69 vball=0.17 aball=0.0 bref=0.00 pid=0.0 pref=0.0 ppos=0.0 apid=0.0 integ=0.0 vision=1 current=1 vframe=8463 vs=1 vage=29 vpage=29 vdt=23 vmax=745453 vacc=7201 vrej=0 seq=0 elapsed=0 oled=3C
[   9327] STATUS mode=1 fault=none enc=28 denc=0 sreq=0 sapplied=0 crate=0 uimp=0 upos=0 uneg=0 ball=89.68 vball=0.01 aball=0.0 bref=0.00 pid=0.0 pref=0.0 ppos=0.0 apid=0.0 integ=0.0 vision=1 current=1 vframe=8464 vs=1 vage=49 vpage=49 vdt=30 vmax=745453 vacc=7202 vrej=0 seq=0 elapsed=0 oled=3C
[   9389] STATUS mode=1 fault=none enc=28 denc=0 sreq=0 sapplied=0 crate=0 uimp=0 upos=0 uneg=0 ball=89.68 vball=0.01 aball=0.0 bref=0.00 pid=0.0 pref=0.0 ppos=0.0 apid=0.0 integ=0.0 vision=1 current=1 vframe=8464 vs=1 vage=99 vpage=99 vdt=30 vmax=745453 vacc=7202 vrej=0 seq=0 elapsed=0 oled=3C
[   9436] STATUS mode=1 fault=none enc=28 denc=0 sreq=0 sapplied=0 crate=0 uimp=0 upos=0 uneg=0 ball=89.69 vball=0.09 aball=0.0 bref=0.00 pid=0.0 pref=0.0 ppos=0.0 apid=0.0 integ=0.0 vision=1 current=1 vframe=8466 vs=1 vage=16 vpage=16 vdt=33 vmax=745453 vacc=7204 vrej=0 seq=0 elapsed=0 oled=3C
[   9483] STATUS mode=1 fault=none enc=28 denc=0 sreq=0 sapplied=0 crate=0 uimp=0 upos=0 uneg=0 ball=89.68 vball=-0.05 aball=0.0 bref=0.00 pid=0.0 pref=0.0 ppos=0.0 apid=0.0 integ=0.0 vision=1 current=1 vframe=8467 vs=1 vage=32 vpage=32 vdt=34 vmax=745453 vacc=7205 vrej=0 seq=0 elapsed=0 oled=3C
[   9530] STATUS mode=1 fault=none enc=28 denc=0 sreq=0 sapplied=0 crate=0 uimp=0 upos=0 uneg=0 ball=89.68 vball=-0.05 aball=0.0 bref=0.00 pid=0.0 pref=0.0 ppos=0.0 apid=0.0 integ=0.0 vision=1 current=1 vframe=8467 vs=1 vage=82 vpage=82 vdt=34 vmax=745453 vacc=7205 vrej=0 seq=0 elapsed=0 oled=3C
[   9577] STATUS mode=1 fault=none enc=28 denc=0 sreq=0 sapplied=0 crate=0 uimp=0 upos=0 uneg=0 ball=89.69 vball=0.02 aball=0.0 bref=0.00 pid=0.0 pref=0.0 ppos=0.0 apid=0.0 integ=0.0 vision=1 current=1 vframe=8469 vs=1 vage=16 vpage=16 vdt=24 vmax=745453 vacc=7207 vrej=0 seq=0 elapsed=0 oled=3C
[   9639] STATUS mode=1 fault=none enc=28 denc=0 sreq=0 sapplied=0 crate=0 uimp=0 upos=0 uneg=0 ball=89.65 vball=-0.48 aball=0.0 bref=0.00 pid=0.0 pref=0.0 ppos=0.0 apid=0.0 integ=0.0 vision=1 current=1 vframe=8470 vs=1 vage=32 vpage=32 vdt=34 vmax=745453 vacc=7208 vrej=0 seq=0 elapsed=0 oled=3C
[   9686] STATUS mode=1 fault=none enc=28 denc=0 sreq=0 sapplied=0 crate=0 uimp=0 upos=0 uneg=0 ball=89.65 vball=-0.48 aball=0.0 bref=0.00 pid=0.0 pref=0.0 ppos=0.0 apid=0.0 integ=0.0 vision=1 current=1 vframe=8470 vs=1 vage=82 vpage=82 vdt=34 vmax=745453 vacc=7208 vrej=0 seq=0 elapsed=0 oled=3C
[   9733] STATUS mode=1 fault=none enc=28 denc=0 sreq=0 sapplied=0 crate=0 uimp=0 upos=0 uneg=0 ball=89.69 vball=0.34 aball=0.0 bref=0.00 pid=0.0 pref=0.0 ppos=0.0 apid=0.0 integ=0.0 vision=1 current=1 vframe=8472 vs=1 vage=15 vpage=15 vdt=19 vmax=745453 vacc=7210 vrej=0 seq=0 elapsed=0 oled=3C
[   9780] STATUS mode=1 fault=none enc=28 denc=0 sreq=0 sapplied=0 crate=0 uimp=0 upos=0 uneg=0 ball=89.66 vball=-0.22 aball=0.0 bref=0.00 pid=0.0 pref=0.0 ppos=0.0 apid=0.0 integ=0.0 vision=1 current=1 vframe=8473 vs=1 vage=31 vpage=31 vdt=34 vmax=745453 vacc=7211 vrej=0 seq=0 elapsed=0 oled=3C
[   9827] STATUS mode=1 fault=none enc=28 denc=0 sreq=0 sapplied=0 crate=0 uimp=0 upos=0 uneg=0 ball=89.66 vball=-0.22 aball=0.0 bref=0.00 pid=0.0 pref=0.0 ppos=0.0 apid=0.0 integ=0.0 vision=1 current=1 vframe=8473 vs=1 vage=81 vpage=81 vdt=34 vmax=745453 vacc=7211 vrej=0 seq=0 elapsed=0 oled=3C
[   9889] STATUS mode=1 fault=none enc=28 denc=0 sreq=0 sapplied=0 crate=0 uimp=0 upos=0 uneg=0 ball=89.68 vball=0.86 aball=0.0 bref=0.00 pid=0.0 pref=0.0 ppos=0.0 apid=0.0 integ=0.0 vision=1 current=1 vframe=8475 vs=1 vage=17 vpage=17 vdt=21 vmax=745453 vacc=7213 vrej=0 seq=0 elapsed=0 oled=3C
[   9936] STATUS mode=1 fault=none enc=28 denc=0 sreq=0 sapplied=0 crate=0 uimp=0 upos=0 uneg=0 ball=89.69 vball=0.50 aball=0.0 bref=0.00 pid=0.0 pref=0.0 ppos=0.0 apid=0.0 integ=0.0 vision=1 current=1 vframe=8476 vs=1 vage=34 vpage=34 vdt=33 vmax=745453 vacc=7214 vrej=0 seq=0 elapsed=0 oled=3C
[   9983] STATUS mode=1 fault=none enc=28 denc=0 sreq=0 sapplied=0 crate=0 uimp=0 upos=0 uneg=0 ball=89.69 vball=0.50 aball=0.0 bref=0.00 pid=0.0 pref=0.0 ppos=0.0 apid=0.0 integ=0.0 vision=1 current=1 vframe=8476 vs=1 vage=84 vpage=84 vdt=33 vmax=745453 vacc=7214 vrej=0 seq=0 elapsed=0 oled=3C
[  10014] S
[  10014] >>> stream off
[  10030] TATUS mode=1 fault=none enc=28 denc=0 sreq=0 sapplied=0 crate=0 uimp=0 upos=0 uneg=0 ball=89.68 vball=-0.09 aball=0.0 bref=0.00 pid=0.0 pref=0.0 ppos=0.0 apid=0.0 integ=0.0 vision=1 current=1 vframe=8478 vs=1 vage=18 vpage=18 vdt=24 vmax=745453 vacc=7216 vrej=0 seq=0 elapsed=0 oled=3C
[  10030] OK stream off
[  18014] >>> status
[  18046] STATUS mode=1 fault=none enc=28 denc=0 sreq=0 sapplied=0 crate=0 uimp=0 upos=0 uneg=0 ball=89.69 vball=0.00 aball=0.0 bref=0.00 pid=0.0 pref=0.0 ppos=0.0 apid=0.0 integ=0.0 vision=1 current=1 vframe=8632 vs=1 vage=25 vpage=25 vdt=34 vmax=745453 vacc=7370 vrej=0 seq=0 elapsed=0 oled=3C
