[      0] >>> bench on
[      0] OK visual-only bench active; use zero before motor tests
[    125] >>> stop
[    141] OK stopped
[    250] >>> diag reset
[    266] OK beam diagnostics reset
[    375] >>> stream on 20
[    391] OK stream on 20 ms
[    421] STATUS mode=1 fault=none p60=-113 dp60=0 pwm=0 cpwm=0 uimp=0 upos=0 uneg=0 ball=4.05 vball=-0.00 aball=0.0 bref=0.00 pid=0.0 apid=0.0 integ=0.0 vision=1 current=1 vframe=24148 vs=1 vage=30 vpage=30 vdt=101 vmax=8213 vacc=23508 vrej=0 seq=0 elapsed=0 oled=3C
[    452] STATUS mode=1 fault=none p60=-113 dp60=0 pwm=0 cpwm=0 uimp=0 upos=0 uneg=0 ball=4.05 vball=-0.00 aball=0.0 bref=0.00 pid=0.0 apid=0.0 integ=0.0 vision=1 current=1 vframe=24149 vs=1 vage=17 vpage=17 vdt=33 vmax=8213 vacc=23509 vrej=0 seq=0 elapsed=0 oled=3C
[    468] STATUS mode=1 fault=none p60=-113 dp60=0 pwm=0 cpwm=0 uimp=0 upos=0 uneg=0 ball=4.05 vball=-0.00 aball=0.0 bref=0.00 pid=0.0 apid=0.0 integ=0.0 vision=1 current=1 vframe=24150 vs=1 vage=4 vpage=4 vdt=33 vmax=8213 vacc=23510 vrej=0 seq=0 elapsed=0 oled=3C
[    484] STATUS mode=1 fault=none p60=-113 dp60=0 pwm=0 cpwm=0 uimp=0 upos=0 uneg=0 ball=4.05 vball=-0.00 aball=0.0 bref=0.00 pid=0.0 apid=0.0 integ=0.0 vision=1 current=1 vframe=24150 vs=1 vage=24 vpage=24 vdt=33 vmax=8213 vacc=23510 vrej=0 seq=0 elapsed=0 oled=3C
[    516] STATUS mode=1 fault=none p60=-113 dp60=0 pwm=0 cpwm=0 uimp=0 upos=0 uneg=0 ball=4.05 vball=-0.00 aball=0.0 bref=0.00 pid=0.0 apid=0.0 integ=0.0 vision=1 current=1 vframe=24150 vs=1 vage=44 vpage=44 vdt=33 vmax=8213 vacc=23510 vrej=0 seq=0 elapsed=0 oled=3C
[    530] STATUS mode=1 fault=none p60=-113 dp60=0 pwm=0 cpwm=0 uimp=0 upos=0 uneg=0 ball=4.05 vball=-0.00 aball=0.0 bref=0.00 pid=0.0 apid=0.0 integ=0.0 vision=1 current=1 vframe=24150 vs=1 vage=64 vpage=64 vdt=33 vmax=8213 vacc=23510 vrej=0 seq=0 elapsed=0 oled=3C
[    562] STATUS mode=1 fault=none p60=-113 dp60=0 pwm=0 cpwm=0 uimp=0 upos=0 uneg=0 ball=4.05 vball=-0.00 aball=0.0 bref=0.00 pid=0.0 apid=0.0 integ=0.0 vision=1 current=1 vframe=24150 vs=1 vage=84 vpage=84 vdt=33 vmax=8213 vacc=23510 vrej=0 seq=0 elapsed=0 oled=3C
[    577] STATUS mode=1 fault=none p60=-113 dp60=0 pwm=0 cpwm=0 uimp=0 upos=0 uneg=0 ball=4.05 vball=0.00 aball=0.0 bref=0.00 pid=0.0 apid=0.0 integ=0.0 vision=1 current=1 vframe=24151 vs=1 vage=6 vpage=6 vdt=98 vmax=8213 vacc=23511 vrej=0 seq=0 elapsed=0 oled=3C
[    609] STATUS mode=1 fault=none p60=-113 dp60=0 pwm=0 cpwm=0 uimp=0 upos=0 uneg=0 ball=4.05 vball=0.00 aball=0.0 bref=0.00 pid=0.0 apid=0.0 integ=0.0 vision=1 current=1 vframe=24151 vs=1 vage=26 vpage=26 vdt=98 vmax=8213 vacc=23511 vrej=0 seq=0 elapsed=0 oled=3C
[    625] STATUS mode=1 fault=none p60=-113 dp60=0 pwm=0 cpwm=0 uimp=0 upos=0 uneg=0 ball=4.05 vball=0.00 aball=0.0 bref=0.00 pid=0.0 apid=0.0 integ=0.0 vision=1 current=1 vframe=24152 vs=1 vage=31 vpage=31 vdt=35 vmax=8213 vacc=23512 vrej=0 seq=0 elapsed=0 oled=3C
[    641] STATUS mode=1 fault=none p60=-113 dp60=0 pwm=0 cpwm=0 uimp=0 upos=0 uneg=0 ball=4.05 vball=0.00 aball=0.0 bref=0.00 pid=0.0 apid=0.0 integ=0.0 vision=1 current=1 vframe=24153 vs=1 vage=20 vpage=20 vdt=31 vmax=8213 vacc=23513 vrej=0 seq=0 elapsed=0 oled=3C
[    671] STATUS mode=1 fault=none p60=-113 dp60=0 pwm=0 cpwm=0 uimp=0 upos=0 uneg=0 ball=4.05 vball=0.00 aball=0.0 bref=0.00 pid=0.0 apid=0.0 integ=0.0 vision=1 current=1 vframe=24153 vs=1 vage=40 vpage=40 vdt=31 vmax=8213 vacc=23513 vrej=0 seq=0 elapsed=0 oled=3C
[    687] STATUS mode=1 fault=none p60=-113 dp60=0 pwm=0 cpwm=0 uimp=0 upos=0 uneg=0 ball=4.05 vball=0.00 aball=0.0 bref=0.00 pid=0.0 apid=0.0 integ=0.0 vision=1 current=1 vframe=24153 vs=1 vage=60 vpage=60 vdt=31 vmax=8213 vacc=23513 vrej=0 seq=0 elapsed=0 oled=3C
[    718] STATUS mode=1 fault=none p60=-113 dp60=0 pwm=0 cpwm=0 uimp=0 upos=0 uneg=0 ball=4.05 vball=0.00 aball=0.0 bref=0.00 pid=0.0 apid=0.0 integ=0.0 vision=1 current=1 vframe=24153 vs=1 vage=80 vpage=80 vdt=31 vmax=8213 vacc=23513 vrej=0 seq=0 elapsed=0 oled=3C
[    734] STATUS mode=1 fault=none p60=-113 dp60=0 pwm=0 cpwm=0 uimp=0 upos=0 uneg=0 ball=4.05 vball=0.00 aball=0.0 bref=0.00 pid=0.0 apid=0.0 integ=0.0 vision=1 current=1 vframe=24154 vs=1 vage=5 vpage=5 vdt=95 vmax=8213 vacc=23514 vrej=0 seq=0 elapsed=0 oled=3C
[    766] STATUS mode=1 fault=none p60=-113 dp60=0 pwm=0 cpwm=0 uimp=0 upos=0 uneg=0 ball=4.05 vball=0.00 aball=0.0 bref=0.00 pid=0.0 apid=0.0 integ=0.0 vision=1 current=1 vframe=24154 vs=1 vage=25 vpage=25 vdt=95 vmax=8213 vacc=23514 vrej=0 seq=0 elapsed=0 oled=3C
[    780] STATUS mode=1 fault=none p60=-113 dp60=0 pwm=0 cpwm=0 uimp=0 upos=0 uneg=0 ball=4.05 vball=-0.00 aball=0.0 bref=0.00 pid=0.0 apid=0.0 integ=0.0 vision=1 current=1 vframe=24155 vs=1 vage=16 vpage=16 vdt=29 vmax=8213 vacc=23515 vrej=0 seq=0 elapsed=0 oled=3C
[    796] STATUS mode=1 fault=none p60=-113 dp60=0 pwm=0 cpwm=0 uimp=0 upos=0 uneg=0 ball=4.05 vball=-0.00 aball=0.0 bref=0.00 pid=0.0 apid=0.0 integ=0.0 vision=1 current=1 vframe=24156 vs=1 vage=10 vpage=10 vdt=26 vmax=8213 vacc=23516 vrej=0 seq=0 elapsed=0 oled=3C
[    827] STATUS mode=1 fault=none p60=-113 dp60=0 pwm=0 cpwm=0 uimp=0 upos=0 uneg=0 ball=4.05 vball=-0.00 aball=0.0 bref=0.00 pid=0.0 apid=0.0 integ=0.0 vision=1 current=1 vframe=24156 vs=1 vage=50 vpage=50 vdt=26 vmax=8213 vacc=23516 vrej=0 seq=0 elapsed=0 oled=3C
[    843] STATUS mode=1 fault=none p60=-113 dp60=0 pwm=0 cpwm=0 uimp=0 upos=0 uneg=0 ball=4.05 vball=-0.00 aball=0.0 bref=0.00 pid=0.0 apid=0.0 integ=0.0 vision=1 current=1 vframe=24156 vs=1 vage=70 vpage=70 vdt=26 vmax=8213 vacc=23516 vrej=0 seq=0 elapsed=0 oled=3C
[    875] STATUS mode=1 fault=none p60=-113 dp60=0 pwm=0 cpwm=0 uimp=0 upos=0 uneg=0 ball=4.05 vball=-0.00 aball=0.0 bref=0.00 pid=0.0 apid=0.0 integ=0.0 vision=1 current=1 vframe=24156 vs=1 vage=90 vpage=90 vdt=26 vmax=8213 vacc=23516 vrej=0 seq=0 elapsed=0 oled=3C
[    891] STATUS mode=1 fault=none p60=-113 dp60=0 pwm=0 cpwm=0 uimp=0 upos=0 uneg=0 ball=4.05 vball=-0.00 aball=0.0 bref=0.00 pid=0.0 apid=0.0 integ=0.0 vision=1 current=1 vframe=24157 vs=1 vage=17 vpage=17 vdt=93 vmax=8213 vacc=23517 vrej=0 seq=0 elapsed=0 oled=3C
[    921] STATUS mode=1 fault=none p60=-113 dp60=0 pwm=0 cpwm=0 uimp=0 upos=0 uneg=0 ball=4.05 vball=0.00 aball=0.0 bref=0.00 pid=0.0 apid=0.0 integ=0.0 vision=1 current=1 vframe=24158 vs=1 vage=14 vpage=14 vdt=23 vmax=8213 vacc=23518 vrej=0 seq=0 elapsed=0 oled=3C
[    937] STATUS mode=1 fault=none p60=-113 dp60=0 pwm=0 cpwm=0 uimp=0 upos=0 uneg=0 ball=4.05 vball=0.00 aball=0.0 bref=0.00 pid=0.0 apid=0.0 integ=0.0 vision=1 current=1 vframe=24158 vs=1 vage=34 vpage=34 vdt=23 vmax=8213 vacc=23518 vrej=0 seq=0 elapsed=0 oled=3C
[    968] STATUS mode=1 fault=none p60=-113 dp60=0 pwm=0 cpwm=0 uimp=0 upos=0 uneg=0 ball=3.54 vball=-8.32 aball=0.0 bref=0.00 pid=0.0 apid=0.0 integ=0.0 vision=1 current=1 vframe=24159 vs=1 vage=19 vpage=19 vdt=35 vmax=8213 vacc=23519 vrej=0 seq=0 elapsed=0 oled=3C
[    984] STATUS mode=1 fault=none p60=-113 dp60=0 pwm=0 cpwm=0 uimp=0 upos=0 uneg=0 ball=3.54 vball=-8.32 aball=0.0 bref=0.00 pid=0.0 apid=0.0 integ=0.0 vision=1 current=1 vframe=24159 vs=1 vage=39 vpage=39 vdt=35 vmax=8213 vacc=23519 vrej=0 seq=0 elapsed=0 oled=3C
[   1000] STATUS mode=1 fault=none p60=-113 dp60=0 pwm=0 cpwm=0 uimp=0 upos=0 uneg=0 ball=3.54 vball=-8.32 aball=0.0 bref=0.00 pid=0.0 apid=0.0 integ=0.0 vision=1 current=1 vframe=24159 vs=1 vage=79 vpage=79 vdt=35 vmax=8213 vacc=23519 vrej=0 seq=0 elapsed=0 oled=3C
[   1030] STATUS mode=1 fault=none p60=-113 dp60=0 pwm=0 cpwm=0 uimp=0 upos=0 uneg=0 ball=3.99 vball=-0.08 aball=0.0 bref=0.00 pid=0.0 apid=0.0 integ=0.0 vision=1 current=1 vframe=24160 vs=1 vage=1 vpage=1 vdt=98 vmax=8213 vacc=23520 vrej=0 seq=0 elapsed=0 oled=3C
[   1046] STATUS mode=1 fault=none p60=-113 dp60=0 pwm=0 cpwm=0 uimp=0 upos=0 uneg=0 ball=4.05 vball=1.38 aball=0.0 bref=0.00 pid=0.0 apid=0.0 integ=0.0 vision=1 current=1 vframe=24161 vs=1 vage=2 vpage=2 vdt=19 vmax=8213 vacc=23521 vrej=0 seq=0 elapsed=0 oled=3C
[   1077] STATUS mode=1 fault=none p60=-113 dp60=0 pwm=0 cpwm=0 uimp=0 upos=0 uneg=0 ball=4.05 vball=1.38 aball=0.0 bref=0.00 pid=0.0 apid=0.0 integ=0.0 vision=1 current=1 vframe=24161 vs=1 vage=22 vpage=22 vdt=19 vmax=8213 vacc=23521 vrej=0 seq=0 elapsed=0 oled=3C
[   1093] STATUS mode=1 fault=none p60=-113 dp60=0 pwm=0 cpwm=0 uimp=0 upos=0 uneg=0 ball=4.06 vball=0.83 aball=0.0 bref=0.00 pid=0.0 apid=0.0 integ=0.0 vision=1 current=1 vframe=24162 vs=1 vage=9 vpage=9 vdt=33 vmax=8213 vacc=23522 vrej=0 seq=0 elapsed=0 oled=3C
[   1109] STATUS mode=1 fault=none p60=-113 dp60=0 pwm=0 cpwm=0 uimp=0 upos=0 uneg=0 ball=4.06 vball=0.83 aball=0.0 bref=0.00 pid=0.0 apid=0.0 integ=0.0 vision=1 current=1 vframe=24162 vs=1 vage=29 vpage=29 vdt=33 vmax=8213 vacc=23522 vrej=0 seq=0 elapsed=0 oled=3C
[   1125] BASE start=4.05 target=50.00 direction=+1 drive=-130/75 catch=+140/91
[   1125] >>> pulse -130 75
[   1141] STATUS mode=1 fault=none p60=-113 dp60=0 pwm=0 cpwm=0 uimp=0 upos=0 uneg=0 ball=4.06 vball=0.83 aball=0.0 bref=0.00 pid=0.0 apid=0.0 integ=0.0 vision=1 current=1 vframe=24162 vs=1 vage=49 vpage=49 vdt=33 vmax=8213 vacc=23522 vrej=0 seq=0 elapsed=0 oled=3C
[   1155] STATUS mode=2 fault=none p60=-113 dp60=0 pwm=-130 cpwm=0 uimp=-650 upos=0 uneg=5 ball=4.06 vball=0.83 aball=0.0 bref=0.00 pid=0.0 apid=0.0 integ=0.0 vision=1 current=1 vframe=24162 vs=1 vage=69 vpage=69 vdt=33 vmax=8213 vacc=23522 vrej=0 seq=0 elapsed=0 oled=3C
[   1187] STATUS mode=2 fault=none p60=-118 dp60=-1 pwm=-130 cpwm=0 uimp=-5850 upos=0 uneg=45 ball=4.07 vball=0.46 aball=0.0 bref=.00 pid=0.0 apid=0.0 integ=0.0 vision=1 current=1 vframe=24162 vs=1 vage=89 vpage=89 vdt=33 vmax=8213 vacc=23522 vrej=0 seq=0 elapsed=0 oled=3C
[   1202] STATUS mode=2 fault=none p60=-125 dp60=-2 pwm=-130 cpwm=0 uimp=-8450 upos=0 uneg=65 ball=4.07 vball=0.46 aball=0.0 bref=0.00 pid=0.0 apid=0.0 integ=0.0 vision=1 current=1 vframe=24163 vs=1 vage=29 vpage=29 vdt=100 vmax=8213 vacc=23523 vrej=0 seq=0 elapsed=0 oled=3C
[   1234] STATUS mode=1 fault=none p60=-134 dp60=-3 pwm=0 cpwm=0 uimp=-9750 upos=0 uneg=75 ball=4.05 vball=0.06 aball=0.0 bref=0.00 pid=0.0 apid=0.0 integ=0.0 vision=1 current=1 vframe=24164 vs=1 vage=16 vpage=16 vdt=33 vmax=8213 vacc=23524 vrej=0 seq=0 elapsed=0 oled=3C
[   1234] >>> pulse 0 120
[   1250] STATUS mode=1 fault=none p60=-143 dp60=-2 pwm=0 cpwm=0 uimp=-9750 upos=0 uneg=75 ball=3.89 vball=-2.68 aball=0.0 bref=0.00 pid=0.0 apid=0.0 integ=0.0 vision=1 current=1 vframe=24165 vs=1 vage=2 vpage=2 vdt=34 vmax=8213 vacc=23525 vrej=0 seq=0 elapsed=0 oled=3C
[   1280] STATUS mode=2 fault=none p60=-150 dp60=-1 pwm=0 cpwm=0 uimp=-9750 upos=0 uneg=75 ball=3.89 vball=-2.68 aball=0.0 bref=0.00 pid=0.0 apid=0.0 integ=0.0 vision=1 current=1 vframe=24165 vs=1 vage=22 vpage=22 vdt=34 vmax=8213 vacc=23525 vrej=0 seq=0 elapsed=0 oled=3C
[   1296] STATUS mode=2 fault=none p60=-156 dp60=-2 pwm=0 cpwm=0 uimp=-9750 upos=0 uneg=75 ball=3.89 vball=-2.68 aball=0.0 bref=0.00 pid=0.0 apid=0.0 integ=0.0 vision=1 current=1 vframe=24165 vs=1 vage=42 vpage=42 vdt=34 vmax=8213 vacc=23525 vrej=0 seq=0 elapsed=0 oled=3C
[   1327] STATUS mode=2 fault=none p60=-159 dp60=0 pwm=0 cpwm=0 uimp=-9750 upos=0 uneg=75 ball=3.89 vball=-2.68 aball=0.0 bref=0.00 pid=0.0 apid=0.0 integ=0.0 vision=1 current=1 vframe=24165 vs=1 vage=62 vpage=62 vdt=34 vmax=8213 vacc=23525 vrej=0 seq=0 elapsed=0 oled=3C
[   1343] STATUS mode=2 fault=none p60=-159 dp60=0 pwm=0 cpwm=0 uimp=-9750 upos=0 uneg=75 ball=3.92 vball=-1.81 aball=0.0 bref=0.00 pid=0.0 apid=0.0 integ=0.0 vision=1 current=1 vframe=24166 vs=1 vage=4 vpage=4 vdt=98 vmax=8213 vacc=23526 vrej=0 seq=0 elapsed=0 oled=3C
[   1375] STATUS mode=2 fault=none p60=-158 dp60=0 pwm=0 cpwm=0 uimp=-9750 upos=0 uneg=75 ball=3.92 vball=-1.81 aball=0.0 bref=0.00 pid=0.0 apid=0.0 integ=0.0 vision=1 current=1 vframe=24166 vs=1 vage=24 vpage=24 vdt=98 vmax=8213 vacc=23526 vrej=0 seq=0 elapsed=0 oled=3C
[   1391] STATUS mode=1 fault=none p60=-157 dp60=0 pwm=0 cpwm=0 uimp=-9750 upos=0 uneg=75 ball=4.06 vball=1.56 aball=0.0 bref=0.00 pid=0.0 apid=0.0 integ=0.0 vision=1 current=1 vframe=24167 vs=1 vage=9 vpage=9 vdt=35 vmax=8213 vacc=23527 vrej=0 seq=0 elapsed=0 oled=3C
[   1421] STATUS mode=1 fault=none p60=-156 dp60=0 pwm=0 cpwm=0 uimp=-9750 upos=0 uneg=75 ball=4.06 vball=1.56 aball=0.0 bref=0.00 pid=0.0 apid=0.0 integ=0.0 vision=1 current=1 vframe=24167 vs=1 vage=29 vpage=29 vdt=35 vmax=8213 vacc=23527 vrej=0 seq=0 elapsed=0 oled=3C
[   1437] STATUS mode=1 fault=none p60=-156 dp60=0 pwm=0 cpwm=0 uimp=-9750 upos=0 uneg=75 ball=4.06 vball=1.56 aball=0.0 bref=0.00 pid=0.0 apid=0.0 integ=0.0 vision=1 current=1 vframe=24167 vs=1 vage=49 vpage=49 vdt=35 vmax=8213 vacc=23527 vrej=0 seq=0 elapsed=0 oled=3C
[   1452] STATUS mode=1 fault=none p60=-156 dp60=0 pwm=0 cpwm=0 uimp=-9750 upos=0 uneg=75 ball=4.06 vball=1.56 aball=0.0 bref=0.00 pid=0.0 apid=0.0 integ=0.0 vision=1 current=1 vframe=24167 vs=1 vage=69 vpage=69 vdt=35 vmax=8213 vacc=23527 vrej=0 seq=0 elapsed=0 oled=3C
[   1484] STATUS mode=1 fault=none p60=-156 dp60=0 pwm=0 cpwm=0 uimp=-9750 upos=0 uneg=75 ball=4.06 vball=1.56 aball=0.0 bref=0.00 pid=0.0 apid=0.0 integ=0.0 vision=1 current=1 vframe=24167 vs=1 vage=89 vpage=89 vdt=35 vmax=8213 vacc=23527 vrej=0 seq=0 elapsed=0 oled=3C
[   1500] STATUS mode=1 fault=none p60=-156 dp60=0 pwm=0 cpwm=0 uimp=-9750 upos=0 uneg=75 ball=4.06 vball=0.82 aball=0.0 bref=0.00 pid=0.0 apid=0.0 integ=0.0 vision=1 current=1 vframe=24168 vs=1 vage=4 vpage=4 vdt=105 vmax=8213 vacc=23528 vrej=0 seq=0 elapsed=0 oled=3C
[   1530] STATUS mode=1 fault=none p60=-156 dp60=0 pwm=0 cpwm=0 uimp=-9750 upos=0 uneg=75 ball=4.05 vball=-0.07 aball=0.0 bref=0.00 pid=0.0 apid=0.0 integ=0.0 vision=1 current=1 vframe=24170 vs=1 vage=15 vpage=15 vdt=19 vmax=8213 vacc=23530 vrej=0 seq=0 elapsed=0 oled=3C
[   1546] STATUS mode=1 fault=none p60=-156 dp60=0 pwm=0 cpwm=0 uimp=-9750 upos=0 uneg=75 ball=4.08 vball=0.38 aball=0.0 bref=0.00 pid=0.0 apid=0.0 integ=0.0 vision=1 current=1 vframe=24171 vs=1 vage=2 vpage=2 vdt=33 vmax=8213 vacc=23531 vrej=0 seq=0 elapsed=0 oled=3C
[   1577] STATUS mode=1 fault=none p60=-156 dp60=0 pwm=0 cpwm=0 uimp=-9750 upos=0 uneg=75 ball=4.08 vball=0.38 aball=0.0 bref=0.00 pid=0.0 apid=0.0 integ=0.0 vision=1 current=1 vframe=24171 vs=1 vage=22 vpage=22 vdt=33 vmax=8213 vacc=23531 vrej=0 seq=0 elapsed=0 oled=3C
[   1593] STATUS mode=1 fault=none p60=-156 dp60=0 pwm=0 cpwm=0 uimp=-9750 upos=0 uneg=75 ball=4.08 vball=0.38 aball=0.0 bref=0.00 pid=0.0 apid=0.0 integ=0.0 vision=1 current=1 vframe=24171 vs=1 vage=42 vpage=42 vdt=33 vmax=8213 vacc=23531 vrej=0 seq=0 elapsed=0 oled=3C
[   1625] STATUS mode=1 fault=none p60=-156 dp60=0 pwm=0 cpwm=0 uimp=-9750 upos=0 uneg=75 ball=4.08 vball=0.38 aball=0.0 bref=0.00 pid=0.0 apid=0.0 integ=0.0 vision=1 current=1 vframe=24171 vs=1 vage=62 vpage=62 vdt=33 vmax=8213 vacc=23531 vrej=0 seq=0 elapsed=0 oled=3C
[   1641] STATUS mode=1 fault=none p60=-156 dp60=0 pwm=0 cpwm=0 uimp=-9750 upos=0 uneg=75 ball=4.08 vball=0.38 aball=0.0 bref=0.00 pid=0.0 apid=0.0 integ=0.0 vision=1 current=1 vframe=24171 vs=1 vage=82 vpage=82 vdt=33 vmax=8213 vacc=23531 vrej=0 seq=0 elapsed=0 oled=3C
[   1655] STATUS mode=1 fault=none p60=-156 dp60=0 pwm=0 cpwm=0 uimp=-9750 upos=0 uneg=75 ball=4.10 vball=0.36 aball=0.0 bref=0.00 pid=0.0 apid=0.0 integ=0.0 vision=1 current=1 vframe=24172 vs=1 vage=1 vpage=1 vdt=101 vmax=8213 vacc=23532 vrej=0 seq=0 elapsed=0 oled=3C
[   1687] STATUS mode=1 fault=none p60=-156 dp60=0 pwm=0 cpwm=0 uimp=-9750 upos=0 uneg=75 ball=4.09 vball=0.08 aball=0.0 bref=0.00 pid=0.0 apid=0.0 integ=0.0 vision=1 current=1 vframe=24173 vs=1 vage=10 vpage=10 vdt=31 vmax=8213 vacc=23533 vrej=0 seq=0 elapsed=0 oled=3C
[   1702] STATUS mode=1 fault=none p60=-156 dp60=0 pwm=0 cpwm=0 uimp=-9750 upos=0 uneg=75 ball=4.09 vball=0.08 aball=0.0 bref=0.00 pid=0.0 apid=0.0 integ=0.0 vision=1 current=1 vframe=24173 vs=1 vage=30 vpage=30 vdt=31 vmax=8213 vacc=23533 vrej=0 seq=0 elapsed=0 oled=3C
[   1734] STATUS mode=1 fault=none p60=-156 dp60=0 pwm=0 cpwm=0 uimp=-9750 upos=0 uneg=75 ball=4.09 vball=0.02 aball=0.0 bref=0.00 pid=0.0 apid=0.0 integ=0.0 vision=1 current=1 vframe=24174 vs=1 vage=18 vpage=18 vdt=32 vmax=8213 vacc=23534 vrej=0 seq=0 elapsed=0 oled=3C
[   1750] STATUS mode=1 fault=none p60=-156 dp60=0 pwm=0 cpwm=0 uimp=-9750 upos=0 uneg=75 ball=4.09 vball=0.02 aball=0.0 bref=0.00 pid=0.0 apid=0.0 integ=0.0 vision=1 current=1 vframe=24174 vs=1 vage=38 vpage=38 vdt=32 vmax=8213 vacc=23534 vrej=0 seq=0 elapsed=0 oled=3C
[   1780] STATUS mode=1 fault=none p60=-156 dp60=0 pwm=0 cpwm=0 uimp=-9750 upos=0 uneg=75 ball=4.09 vball=0.02 aball=0.0 bref=0.00 pid=0.0 apid=0.0 integ=0.0 vision=1 current=1 vframe=24174 vs=1 vage=58 vpage=58 vdt=32 vmax=8213 vacc=23534 vrej=0 seq=0 elapsed=0 oled=3C
[   1796] STATUS mode=1 fault=none p60=-156 dp60=0 pwm=0 cpwm=0 uimp=-9750 upos=0 uneg=75 ball=4.09 vball=0.02 aball=0.0 bref=0.00 pid=0.0 apid=0.0 integ=0.0 vision=1 current=1 vframe=24174 vs=1 vage=78 vpage=78 vdt=32 vmax=8213 vacc=23534 vrej=0 seq=0 elapsed=0 oled=3C
[   1827] STATUS mode=1 fault=none p60=-156 dp60=0 pwm=0 cpwm=0 uimp=-9750 upos=0 uneg=75 ball=4.09 vball=0.01 aball=0.0 bref=0.00 pid=0.0 apid=0.0 integ=0.0 vision=1 current=1 vframe=24175 vs=1 vage=5 vpage=5 vdt=93 vmax=8213 vacc=23535 vrej=0 seq=0 elapsed=0 oled=3C
[   1843] STATUS mode=1 fault=none p60=-156 dp60=0 pwm=0 cpwm=0 uimp=-9750 upos=0 uneg=75 ball=3.38 vball=-17.95 aball=0.0 bref=0.00 pid=0.0 apid=0.0 integ=0.0 vision=1 current=1 vframe=24176 vs=1 vage=22 vpage=22 vdt=23 vmax=8213 vacc=23536 vrej=0 seq=0 elapsed=0 oled=3C
[   1875] STATUS mode=1 fault=none p60=-156 dp60=0 pwm=0 cpwm=0 uimp=-9750 upos=0 uneg=75 ball=3.27 vball=-10.70 aball=0.0 bref=0.00 pid=0.0 apid=0.0 integ=0.0 vision=1 current=1 vframe=24177 vs=1 vage=9 vpage=9 vdt=33 vmax=8213 vacc=23537 vrej=0 seq=0 elapsed=0 oled=3C
[   1891] STATUS mode=1 fault=none p60=-156 dp60=0 pwm=0 cpwm=0 uimp=-9750 upos=0 uneg=75 ball=3.27 vball=-10.70 aball=0.0 bref=0.00 pid=0.0 apid=0.0 integ=0.0 vision=1 current=1 vframe=24177 vs=1 vage=29 vpage=29 vdt=33 vmax=8213 vacc=23537 vrej=0 seq=0 elapsed=0 oled=3C
[   1921] STATUS mode=1 fault=none p60=-156 dp60=0 pwm=0 cpwm=0 uimp=-9750 upos=0 uneg=75 ball=3.27 vball=-10.70 aball=0.0 bref=0.00 pid=0.0 apid=0.0 integ=0.0 vision=1 current=1 vframe=24177 vs=1 vage=49 vpage=49 vdt=33 vmax=8213 vacc=23537 vrej=0 seq=0 elapsed=0 oled=3C
[   1937] STATUS mode=1 fault=none p60=-156 dp60=0 pwm=0 cpwm=0 uimp=-9750 upos=0 uneg=75 ball=3.27 vball=-10.70 aball=0.0 bref=0.00 pid=0.0 apid=0.0 integ=0.0 vision=1 current=1 vframe=24177 vs=1 vage=69 vpage=69 vdt=33 vmax=8213 vacc=23537 vrej=0 seq=0 elapsed=0 oled=3C
[   1952] STATUS mode=1 fault=none p60=-156 dp60=0 pwm=0 cpwm=0 uimp=-9750 upos=0 uneg=75 ball=3.27 vball=-10.70 aball=0.0 bref=0.00 pid=0.0 apid=0.0 integ=0.0 vision=1 current=1 vframe=24177 vs=1 vage=89 vpage=89 vdt=33 vmax=8213 vacc=23537 vrej=0 seq=0 elapsed=0 oled=3C
[   1984] STATUS mode=1 fault=none p60=-156 dp60=0 pwm=0 cpwm=0 uimp=-9750 upos=0 uneg=75 ball=3.14 vball=-6.15 aball=0.0 bref=0.00 pid=0.0 apid=0.0 integ=0.0 vision=1 current=1 vframe=24178 vs=1 vage=13 vpage=13 vdt=96 vmax=8213 vacc=23538 vrej=0 seq=0 elapsed=0 oled=3C
[   2000] STATUS mode=1 fault=none p60=-156 dp60=0 pwm=0 cpwm=0 uimp=-9750 upos=0 uneg=75 ball=3.31 vball=1.43 aball=0.0 bref=0.00 pid=0.0 apid=0.0 integ=0.0 vision=1 current=1 vframe=24179 vs=1 vage=30 vpage=30 vdt=23 vmax=8213 vacc=23539 vrej=0 seq=0 elapsed=0 oled=3C
[   2030] STATUS mode=1 fault=none p60=-156 dp60=0 pwm=0 cpwm=0 uimp=-9750 upos=0 uneg=75 ball=3.11 vball=-2.94 aball=0.0 bref=0.00 pid=0.0 apid=0.0 integ=0.0 vision=1 current=1 vframe=24180 vs=1 vage=18 vpage=18 vdt=32 vmax=8213 vacc=23540 vrej=0 seq=0 elapsed=0 oled=3C
[   2046] STATUS mode=1 fault=none p60=-156 dp60=0 pwm=0 cpwm=0 uimp=-9750 upos=0 uneg=75 ball=3.11 vball=-2.94 aball=0.0 bref=0.00 pid=0.0 apid=0.0 integ=0.0 vision=1 current=1 vframe=24180 vs=1 vage=38 vpage=38 vdt=32 vmax=8213 vacc=23540 vrej=0 seq=0 elapsed=0 oled=3C
[   2077] STATUS mode=1 fault=none p60=-156 dp60=0 pwm=0 cpwm=0 uimp=-9750 upos=0 uneg=75 ball=3.11 vball=-2.94 aball=0.0 bref=0.00 pid=0.0 apid=0.0 integ=0.0 vision=1 current=1 vframe=24180 vs=1 vage=58 vpage=58 vdt=32 vmax=8213 vacc=23540 vrej=0 seq=0 elapsed=0 oled=3C
[   2093] STATUS mode=1 fault=none p60=-156 dp60=0 pwm=0 cpwm=0 uimp=-9750 upos=0 uneg=75 ball=3.11 vball=-2.94 aball=0.0 bref=0.00 pid=0.0 apid=0.0 integ=0.0 vision=1 current=1 vframe=24180 vs=1 vage=78 vpage=78 vdt=32 vmax=8213 vacc=23540 vrej=0 seq=0 elapsed=0 oled=3C
[   2125] STATUS mode=1 fault=none p60=-156 dp60=0 pwm=0 cpwm=0 uimp=-9750 upos=0 uneg=75 ball=2.94 vball=-2.82 aball=0.0 bref=0.00 pid=0.0 apid=0.0 integ=0.0 vision=1 current=1 vframe=24181 vs=1 vage=2 vpage=2 vdt=96 vmax=8213 vacc=23541 vrej=0 seq=0 elapsed=0 oled=3C
[   2141] STATUS mode=1 fault=none p60=-156 dp60=0 pwm=0 cpwm=0 uimp=-9750 upos=0 uneg=75 ball=3.08 vball=2.21 aball=0.0 bref=0.00 pid=0.0 apid=0.0 integ=0.0 vision=1 current=1 vframe=24182 vs=1 vage=1 vpage=1 vdt=21 vmax=8213 vacc=23542 vrej=0 seq=0 elapsed=0 oled=3C
[   2171] STATUS mode=1 fault=none p60=-156 dp60=0 pwm=0 cpwm=0 uimp=-9750 upos=0 uneg=75 ball=3.09 vball=1.37 aball=0.0 bref=0.00 pid=0.0 apid=0.0 integ=0.0 vision=1 current=1 vframe=24183 vs=1 vage=8 vpage=8 vdt=33 vmax=821313 vacc=23542 vrej=0 seq=0 elapsed=0 oled=3C
[   2187] STATUS mode=1 fault=none p60=-156 dp60=0 pwm=0 cpwm=0 uimp=-9750 upos=0 uneg=75 ball=3.09 vball=1.37 aball=0.0 bref=0.00 pid=0.0 apid=0.0 integ=0.0 vision=1 current=1 vframe=24183 vs=1 vage=28 vpage=28 vdt=33 vmax=8213 vacc=23543 vrej=0 seq=0 elapsed=0 oled=3C
[   2218] STATUS mode=1 fault=none p60=-156 dp60=0 pwm=0 cpwm=0 uimp=-9750 upos=0 uneg=75 ball=3.09 vball=1.37 aball=0.0 bref=0.00 pid=0.0 apid=0.0 integ=0.0 vision=1 current=1 vframe=24183 vs=1 vage=48 vpage=48 vdt=33 vmax=8213 vacc=23543 vrej=0 seq=0 elapsed=0 oled=3C
[   2234] STATUS mode=1 fault=none p60=-156 dp60=0 pwm=0 cpwm=0 uimp=-9750 upos=0 uneg=75 ball=3.09 vball=1.37 aball=0.0 bref=0.00 pid=0.0 apid=0.0 integ=0.0 vision=1 current=1 vframe=24183 vs=1 vage=68 vpage=68 vdt=33 vmax=8213 vacc=23543 vrej=0 seq=0 elapsed=0 oled=3C
[   2250] STATUS mode=1 fault=none p60=-156 dp60=0 pwm=0 cpwm=0 uimp=-9750 upos=0 uneg=75 ball=3.09 vball=1.37 aball=0.0 bref=0.00 pid=0.0 apid=0.0 integ=0.0 vision=1 current=1 vframe=24183 vs=1 vage=88 vpage=88 vdt=33 vmax=8213 vacc=23543 vrej=0 seq=0 elapsed=0 oled=3C
[   2280] STATUS mode=1 fault=none p60=-156 dp60=0 pwm=0 cpwm=0 uimp=-9750 upos=0 uneg=75 ball=3.11 vball=0.75 aball=0.0 bref=0.00 pid=0.0 apid=0.0 integ=0.0 vision=1 current=1 vframe=24184 vs=1 vage=5 vpage=5 vdt=103 vmax=8213 vacc=23544 vrej=0 seq=0 elapsed=0 oled=3C
[   2296] STATUS mode=1 fault=none p60=-156 dp60=0 pwm=0 cpwm=0 uimp=-9750 upos=0 uneg=75 ball=3.11 vball=0.75 aball=0.0 bref=0.00 pid=0.0 apid=0.0 integ=0.0 vision=1 current=1 vframe=24184 vs=1 vage=25 vpage=25 vdt=103 vmax=8213 vacc=23544 vrej=0 seq=0 elapsed=0 oled=3C
[   2327] STATUS mode=1 fault=none p60=-156 dp60=0 pwm=0 cpwm=0 uimp=-9750 upos=0 uneg=75 ball=3.40 vball=4.71 aball=0.0 bref=0.00 pid=0.0 apid=0.0 integ=0.0 vision=1 current=1 vframe=24185 vs=1 vage=15 vpage=15 vdt=30 vmax=8213 vacc=23545 vrej=0 seq=0 elapsed=0 oled=3C
[   2343] STATUS mode=1 fault=none p60=-156 dp60=0 pwm=0 cpwm=0 uimp=-9750 upos=0 uneg=75 ball=3.90 vball=11.03 aball=0.0 bref=0.00 pid=0.0 apid=0.0 integ=0.0 vision=1 current=1 vframe=24186 vs=1 vage=21 vpage=21 vdt=34 vmax=8213 vacc=23546 vrej=0 seq=0 elapsed=0 oled=3C
[   2375] STATUS mode=1 fault=none p60=-156 dp60=0 pwm=0 cpwm=0 uimp=-9750 upos=0 uneg=75 ball=3.90 vball=11.03 aball=0.0 bref=0.00 pid=0.0 apid=0.0 integ=0.0 vision=1 current=1 vframe=24186 vs=1 vage=41 vpage=41 vdt=34 vmax=8213 vacc=23546 vrej=0 seq=0 elapsed=0 oled=3C
[   2391] STATUS mode=1 fault=none p60=-156 dp60=0 pwm=0 cpwm=0 uimp=-9750 upos=0 uneg=75 ball=3.90 vball=11.03 aball=0.0 bref=0.00 pid=0.0 apid=0.0 integ=0.0 vision=1 current=1 vframe=24186 vs=1 vage=61 vpage=61 vdt=34 vmax=8213 vacc=23546 vrej=0 seq=0 elapsed=0 oled=3C
[   2421] STATUS mode=1 fault=none p60=-156 dp60=0 pwm=0 cpwm=0 uimp=-9750 upos=0 uneg=75 ball=3.90 vball=11.03 aball=0.0 bref=0.00 pid=0.0 apid=0.0 integ=0.0 vision=1 current=1 vframe=24186 vs=1 vage=81 vpage=81 vdt=34 vmax=8213 vacc=23546 vrej=0 seq=0 elapsed=0 oled=3C
[   2437] STATUS mode=1 fault=none p60=-156 dp60=0 pwm=0 cpwm=0 uimp=-9750 upos=0 uneg=75 ball=4.29 vball=8.54 aball=0.0 bref=0.00 pid=0.0 apid=0.0 integ=0.0 vision=1 current=1 vframe=24187 vs=1 vage=11 vpage=11 vdt=90 vmax=8213 vacc=23547 vrej=0 seq=0 elapsed=0 oled=3C
[   2468] STATUS mode=1 fault=none p60=-156 dp60=0 pwm=0 cpwm=0 uimp=-9750 upos=0 uneg=75 ball=4.09 vball=0.43 aball=0.0 bref=0.00 pid=0.0 apid=0.0 integ=0.0 vision=1 current=1 vframe=24188 vs=1 vage=4 vpage=4 vdt=27 vmax=8213 vacc=23548 vrej=0 seq=0 elapsed=0 oled=3C
[   2484] STATUS mode=1 fault=none p60=-156 dp60=0 pwm=0 cpwm=0 uimp=-9750 upos=0 uneg=75 ball=4.09 vball=0.43 aball=0.0 bref=0.00 pid=0.0 apid=0.0 integ=0.0 vision=1 current=1 vframe=24188 vs=1 vage=24 vpage=24 vdt=27 vmax=8213 vacc=23548 vrej=0 seq=0 elapsed=0 oled=3C
[   2500] STATUS mode=1 fault=none p60=-156 dp60=0 pwm=0 cpwm=0 uimp=-9750 upos=0 uneg=75 ball=4.07 vball=0.07 aball=0.0 bref=0.00 pid=0.0 apid=0.0 integ=0.0 vision=1 current=1 vframe=24189 vs=1 vage=37 vpage=37 vdt=27 vmax=8213 vacc=23549 vrej=0 seq=0 elapsed=0 oled=3C
[   2530] STATUS mode=1 fault=none p60=-156 dp60=0 pwm=0 cpwm=0 uimp=-9750 upos=0 uneg=75 ball=4.07 vball=0.07 aball=0.0 bref=0.00 pid=0.0 apid=0.0 integ=0.0 vision=1 current=1 vframe=24189 vs=1 vage=57 vpage=57 vdt=27 vmax=8213 vacc=23549 vrej=0 seq=0 elapsed=0 oled=3C
[   2546] STATUS mode=1 fault=none p60=-156 dp60=0 pwm=0 cpwm=0 uimp=-9750 upos=0 uneg=75 ball=4.07 vball=0.07 aball=0.0 bref=0.00 pid=0.0 apid=0.0 integ=0.0 vision=1 current=1 vframe=24189 vs=1 vage=77 vpage=77 vdt=27 vmax=8213 vacc=23549 vrej=0 seq=0 elapsed=0 oled=3C
[   2577] STATUS mode=1 fault=none p60=-156 dp60=0 pwm=0 cpwm=0 uimp=-9750 upos=0 uneg=75 ball=3.36 vball=-12.27 aball=0.0 bref=0.00 pid=0.0 apid=0.0 integ=0.0 vision=1 current=1 vframe=24190 vs=1 vage=1 vpage=1 vdt=96 vmax=8213 vacc=23550 vrej=0 seq=0 elapsed=0 oled=3C
[   2593] STATUS mode=1 fault=none p60=-156 dp60=0 pwm=0 cpwm=0 uimp=-9750 upos=0 uneg=75 ball=3.07 vball=-9.84 aball=0.0 bref=0.00 pid=0.0 apid=0.0 integ=0.0 vision=1 current=1 vframe=24191 vs=1 vage=13 vpage=13 vdt=8 vmax=8213 vacc=23551 vrej=0 seq=0 elapsed=0 oled=3C
[   2625] STATUS mode=1 fault=none p60=-156 dp60=0 pwm=0 cpwm=0 uimp=-9750 upos=0 uneg=75 ball=4.05 vball=17.37 aball=0.0 bref=0.00 pid=0.0 apid=0.0 integ=0.0 vision=1 current=1 vframe=24192 vs=1 vage=14 vpage=14 vdt=19 vmax=8213 vacc=23552 vrej=0 seq=0 elapsed=0 oled=3C
[   2641] STATUS mode=1 fault=none p60=-156 dp60=0 pwm=0 cpwm=0 uimp=-9750 upos=0 uneg=75 ball=4.05 vball=17.37 aball=0.0 bref=0.00 pid=0.0 apid=0.0 integ=0.0 vision=1 current=1 vframe=24192 vs=1 vage=34 vpage=34 vdt=19 vmax=8213 vacc=23552 vrej=0 seq=0 elapsed=0 oled=3C
[   2671] STATUS mode=1 fault=none p60=-156 dp60=0 pwm=0 cpwm=0 uimp=-9750 upos=0 uneg=75 ball=4.18 vball=10.75 aball=0.0 bref=0.00 pid=0.0 apid=0.0 integ=0.0 vision=1 current=1 vframe=24193 vs=1 vage=40 vpage=40 vdt=34 vmax=8213 vacc=23553 vrej=0 seq=0 elapsed=0 oled=3C
[   2687] STATUS mode=1 fault=none p60=-156 dp60=0 pwm=0 cpwm=0 uimp=-9750 upos=0 uneg=75 ball=4.18 vball=10.75 aball=0.0 bref=0.00 pid=0.0 apid=0.0 integ=0.0 vision=1 current=1 vframe=24193 vs=1 vage=60 vpage=60 vdt=34 vmax=8213 vacc=23553 vrej=0 seq=0 elapsed=0 oled=3C
[   2718] STATUS mode=1 fault=none p60=-156 dp60=0 pwm=0 cpwm=0 uimp=-9750 upos=0 uneg=75 ball=4.18 vball=10.75 aball=0.0 bref=0.00 pid=0.0 apid=0.0 integ=0.0 vision=1 current=1 vframe=24193 vs=1 vage=80 vpage=80 vdt=34 vmax=8213 vacc=23553 vrej=0 seq=0 elapsed=0 oled=3C
[   2734] STATUS mode=1 fault=none p60=-156 dp60=0 pwm=0 cpwm=0 uimp=-9750 upos=0 uneg=75 ball=4.28 vball=5.83 aball=0.0 bref=0.00 pid=0.0 apid=0.0 integ=0.0 vision=1 current=1 vframe=24194 vs=1 vage=4 vpage=4 vdt=96 vmax=8213 vacc=23554 vrej=0 seq=0 elapsed=0 oled=3C
[   2750] STATUS mode=1 fault=none p60=-156 dp60=0 pwm=0 cpwm=0 uimp=-9750 upos=0 uneg=75 ball=4.28 vball=5.83 aball=0.0 bref=0.00 pid=0.0 apid=0.0 integ=0.0 vision=1 current=1 vframe=24194 vs=1 vage=24 vpage=24 vdt=96 vmax=8213 vacc=23554 vrej=0 seq=0 elapsed=0 oled=3C
[   2780] STATUS mode=1 fault=none p60=-156 dp60=0 pwm=0 cpwm=0 uimp=-9750 upos=0 uneg=75 ball=4.19 vball=0.45 aball=0.0 bref=0.00 pid=0.0 apid=0.0 integ=0.0 vision=1 current=1 vframe=24195 vs=1 vage=7 vpage=7 vdt=37 vmax=8213 vacc=23555 vrej=0 seq=0 elapsed=0 oled=3C
[   2796] STATUS mode=1 fault=none p60=-156 dp60=0 pwm=0 cpwm=0 uimp=-9750 upos=0 uneg=75 ball=4.19 vball=0.45 aball=0.0 bref=0.00 pid=0.0 apid=0.0 integ=0.0 vision=1 current=1 vframe=24195 vs=1 vage=27 vpage=27 vdt=37 vmax=8213 vacc=23555 vrej=0 seq=0 elapsed=0 oled=3C
[   2827] STATUS mode=1 fault=none p60=-156 dp60=0 pwm=0 cpwm=0 uimp=-9750 upos=0 uneg=75 ball=4.19 vball=0.45 aball=0.0 bref=0.00 pid=0.0 apid=0.0 integ=0.0 vision=1 current=1 vframe=24195 vs=1 vage=67 vpage=67 vdt=37 vmax=8213 vacc=23555 vrej=0 seq=0 elapsed=0 oled=3C
[   2843] STATUS mode=1 fault=none p60=-156 dp60=0 pwm=0 cpwm=0 uimp=-9750 upos=0 uneg=75 ball=4.19 vball=0.45 aball=0.0 bref=0.00 pid=0.0 apid=0.0 integ=0.0 vision=1 current=1 vframe=24195 vs=1 vage=87 vpage=87 vdt=37 vmax=8213 vacc=23555 vrej=0 seq=0 elapsed=0 oled=3C
[   2875] STATUS mode=1 fault=none p60=-156 dp60=0 pwm=0 cpwm=0 uimp=-9750 upos=0 uneg=75 ball=4.19 vball=0.45 aball=0.0 bref=0.00 pid=0.0 apid=0.0 integ=0.0 vision=1 current=1 vframe=24195 vs=1 vage=107 vpage=107 vdt=37 vmax=8213 vacc=23555 vrej=0 seq=0 elapsed=0 oled=3C
[   2891] STATUS mode=1 fault=none p60=-156 dp60=0 pwm=0 cpwm=0 uimp=-9750 upos=0 uneg=75 ball=3.55 vball=-2.47 aball=0.0 bref=0.00 pid=0.0 apid=0.0 integ=0.0 vision=1 current=1 vframe=24197 vs=1 vage=9 vpage=9 vdt=8 vmax=8213 vacc=23557 vrej=0 seq=0 elapsed=0 oled=3C
[   2921] STATUS mode=1 fault=none p60=-156 dp60=0 pwm=0 cpwm=0 uimp=-9750 upos=0 uneg=75 ball=3.55 vball=-2.47 aball=0.0 bref=0.00 pid=0.0 apid=0.0 integ=0.0 vision=1 current=1 vframe=24197 vs=1 vage=29 vpage=29 vdt=8 vmax=8213 vacc=23557 vrej=0 seq=0 elapsed=0 oled=3C
[   2937] STATUS mode=1 fault=none p60=-156 dp60=0 pwm=0 cpwm=0 uimp=-9750 upos=0 uneg=75 ball=3.35 vball=-4.01 aball=0.0 bref=0.00 pid=0.0 apid=0.0 integ=0.0 vision=1 current=1 vframe=24198 vs=1 vage=17 vpage=17 vdt=32 vmax=8213 vacc=23558 vrej=0 seq=0 elapsed=0 oled=3C
[   2968] STATUS mode=1 fault=none p60=-156 dp60=0 pwm=0 cpwm=0 uimp=-9750 upos=0 uneg=75 ball=4.05 vball=7.18 aball=0.0 bref=0.00 pid=0.0 apid=0.0 integ=0.0 vision=1 current=1 vframe=24199 vs=1 vage=4 vpage=4 vdt=33 vmax=8213 vacc=23559 vrej=0 seq=0 elapsed=0 oled=3C
[   2984] STATUS mode=1 fault=none p60=-156 dp60=0 pwm=0 cpwm=0 uimp=-9750 upos=0 uneg=75 ball=4.05 vball=7.18 aball=0.0 bref=0.00 pid=0.0 apid=0.0 integ=0.0 vision=1 current=1 vframe=24199 vs=1 vage=24 vpage=24 vdt=33 vmax=8213 vacc=23559 vrej=0 seq=0 elapsed=0 oled=3C
[   3000] STATUS mode=1 fault=none p60=-156 dp60=0 pwm=0 cpwm=0 uimp=-9750 upos=0 uneg=75 ball=4.05 vball=7.18 aball=0.0 bref=0.00 pid=0.0 apid=0.0 integ=0.0 vision=1 current=1 vframe=24199 vs=1 vage=64 vpage=64 vdt=33 vmax=8213 vacc=23559 vrej=0 seq=0 elapsed=0 oled=3C
[   3030] STATUS mode=1 fault=none p60=-156 dp60=0 pwm=0 cpwm=0 uimp=-9750 upos=0 uneg=75 ball=4.05 vball=7.18 aball=0.0 bref=0.00 pid=0.0 apid=0.0 integ=0.0 vision=1 current=1 vframe=24199 vs=1 vage=84 vpage=84 vdt=33 vmax=8213 vacc=23559 vrej=0 seq=0 elapsed=0 oled=3C
[   3046] STATUS mode=1 fault=none p60=-156 dp60=0 pwm=0 cpwm=0 uimp=-9750 upos=0 uneg=75 ball=4.05 vball=7.18 aball=0.0 bref=0.00 pid=0.0 apid=0.0 integ=0.0 vision=1 current=1 vframe=24199 vs=1 vage=104 vpage=104 vdt=33 vmax=8213 vacc=23559 vrej=0 seq=0 elapsed=0 oled=3C
[   3077] STATUS mode=1 fault=none p60=-156 dp60=0 pwm=0 cpwm=0 uimp=-9750 upos=0 uneg=75 ball=4.16 vball=4.18 aball=0.0 bref=0.00 pid=0.0 apid=0.0 integ=0.0 vision=1 current=1 vframe=24200 vs=1 vage=18 vpage=18 vdt=106 vmax=8213 vacc=23560 vrej=0 seq=0 elapsed=0 oled=3C
[   3093] STATUS mode=1 fault=none p60=-156 dp60=0 pwm=0 cpwm=0 uimp=-9750 upos=0 uneg=75 ball=4.09 vball=1.13 aball=0.0 bref=0.00 pid=0.0 apid=0.0 integ=0.0 vision=1 current=1 vframe=24201 vs=1 vage=8 vpage=8 vdt=30 vmax=8213 vacc=23561 vrej=0 seq=0 elapsed=0 oled=3C
[   3125] STATUS mode=1 fault=none p60=-156 dp60=0 pwm=0 cpwm=0 uimp=-9750 upos=0 uneg=75 ball=4.09 vball=1.13 aball=0.0 bref=0.00 pid=0.0 apid=0.0 integ=0.0 vision=1 current=1 vframe=24201 vs=1 vage=28 vpage=28 vdt=30 vmax=8213 vacc=23561 vrej=0 seq=0 elapsed=0 oled=3C
[   3141] STATUS mode=1 fault=none p60=-156 dp60=0 pwm=0 cpwm=0 uimp=-9750 upos=0 uneg=75 ball=4.10 vball=0.66 aball=0.0 bref=0.00 pid=0.0 apid=0.0 integ=0.0 vision=1 current=1 vframe=24202 vs=1 vage=14 vpage=14 vdt=34 vmax=8213 vacc=23562 vrej=0 seq=0 elapsed=0 oled=3C
[   3171] STATUS mode=1 fault=none p60=-156 dp60=0 pwm=0 cpwm=0 uimp=-9750 upos=0 uneg=75 ball=4.10 vball=0.66 aball=0.0 bref=0.00 pid=0.0 apid=0.0 integ=0.0 vision=1 current=1 vframe=24202 vs=1 vage=54 vpage=54 vdt=34 vmax=8213 vacc=23562 vrej=0 seq=0 elapsed=0 oled=3C
[   3187] STATUS mode=1 fault=none p60=-156 dp60=0 pwm=0 cpwm=0 uimp=-9750 upos=0 uneg=75 ball=4.10 vball=0.66 aball=0.0 bref=0.00 pid=0.0 apid=0.0 integ=0.0 vision=1 current=1 vframe=24202 vs=1 vage=74 vpage=74 vdt=34 vmax=8213 vacc=23562 vrej=0 seq=0 elapsed=0 oled=3C
[   3218] STATUS mode=1 fault=none p60=-156 dp60=0 pwm=0 cpwm=0 uimp=-9750 upos=0 uneg=75 ball=4.10 vball=0.66 aball=0.0 bref=0.00 pid=0.0 apid=0.0 integ=0.0 vision=1 current=1 vframe=24202 vs=1 vage=94 vpage=94 vdt=34 vmax=8213 vacc=23562 vrej=0 seq=0 elapsed=0 oled=3C
[   3234] STATUS mode=1 fault=none p60=-156 dp60=0 pwm=0 cpwm=0 uimp=-9750 upos=0 uneg=75 ball=4.04 vball=0.16 aball=0.0 bref=0.00 pid=0.0 apid=0.0 integ=0.0 vision=1 current=1 vframe=24203 vs=1 vage=14 vpage=14 vdt=100 vmax=8213 vacc=23563 vrej=0 seq=0 elapsed=0 oled=3C
[   3266] STATUS mode=1 fault=none p60=-156 dp60=0 pwm=0 cpwm=0 uimp=-9750 upos=0 uneg=75 ball=4.01 vball=-0.40 aball=0.0 bref=0.00 pid=0.0 apid=0.0 integ=0.0 vision=1 current=1 vframe=24204 vs=1 vage=1 vpage=1 vdt=33 vmax=8213 vacc=23564 vrej=0 seq=0 elapsed=0 oled=3C
[   3280] STATUS mode=1 fault=none p60=-156 dp60=0 pwm=0 cpwm=0 uimp=-9750 upos=0 uneg=75 ball=4.01 vball=-0.40 aball=0.0 bref=0.00 pid=0.0 apid=0.0 integ=0.0 vision=1 current=1 vframe=24204 vs=1 vage=21 vpage=21 vdt=33 vmax=8213 vacc=23564 vrej=0 seq=0 elapsed=0 oled=3C
[   3296] STATUS mode=1 fault=none p60=-156 dp60=0 pwm=0 cpwm=0 uimp=-9750 upos=0 uneg=75 ball=4.00 vball=-0.25 aball=0.0 bref=0.00 pid=0.0 apid=0.0 integ=0.0 vision=1 current=1 vframe=24205 vs=1 vage=11 vpage=11 vdt=30 vmax=8213 vacc=23565 vrej=0 seq=0 elapsed=0 oled=3C
[   3327] STATUS mode=1 fault=none p60=-156 dp60=0 pwm=0 cpwm=0 uimp=-9750 upos=0 uneg=75 ball=4.00 vball=-0.25 aball=0.0 bref=0.00 pid=0.0 apid=0.0 integ=0.0 vision=1 current=1 vframe=24205 vs=1 vage=51 vpage=51 vdt=30 vmax=8213 vacc=23565 vrej=0 seq=0 elapsed=0 oled=3C
[   3343] STATUS mode=1 fault=none p60=-156 dp60=0 pwm=0 cpwm=0 uimp=-9750 upos=0 uneg=75 ball=4.00 vball=-0.25 aball=0.0 bref=0.00 pid=0.0 apid=0.0 integ=0.0 vision=1 current=1 vframe=24205 vs=1 vage=71 vpage=71 vdt=30 vmax=8213 vacc=23565 vrej=0 seq=0 elapsed=0 oled=3C
[   3375] STATUS mode=1 fault=none p60=-156 dp60=0 pwm=0 cpwm=0 uimp=-9750 upos=0 uneg=75 ball=4.00 vball=-0.25 aball=0.0 bref=0.00 pid=0.0 apid=0.0 integ=0.0 vision=1 current=1 vframe=24205 vs=1 vage=91 vpage=91 vdt=30 vmax=8213 vacc=23565 vrej=0 seq=0 elapsed=0 oled=3C
[   3391] STATUS mode=1 fault=none p60=-156 dp60=0 pwm=0 cpwm=0 uimp=-9750 upos=0 uneg=75 ball=3.51 vball=-1.74 aball=0.0 bref=0.00 pid=0.0 apid=0.0 integ=0.0 vision=1 current=1 vframe=24206 vs=1 vage=11 vpage=11 vdt=100 vmax=8213 vacc=23566 vrej=0 seq=0 elapsed=0 oled=3C
[   3421] STATUS mode=1 fault=none p60=-156 dp60=0 pwm=0 cpwm=0 uimp=-9750 upos=0 uneg=75 ball=3.51 vball=-1.74 aball=0.0 bref=0.00 pid=0.0 apid=0.0 integ=0.0 vision=1 current=1 vframe=24206 vs=1 vage=31 vpage=31 vdt=100 vmax=8213 vacc=23566 vrej=0 seq=0 elapsed=0 oled=3C
[   3437] STATUS mode=1 fault=none p60=-156 dp60=0 pwm=0 cpwm=0 uimp=-9750 upos=0 uneg=75 ball=3.32 vball=-3.48 aball=0.0 bref=0.00 pid=0.0 apid=0.0 integ=0.0 vision=1 current=1 vframe=24207 vs=1 vage=19 vpage=19 vdt=32 vmax=8213 vacc=23567 vrej=0 seq=0 elapsed=0 oled=3C
[   3468] STATUS mode=1 fault=none p60=-156 dp60=0 pwm=0 cpwm=0 uimp=-9750 upos=0 uneg=75 ball=3.31 vball=-1.95 aball=0.0 bref=0.00 pid=0.0 apid=0.0 integ=0.0 vision=1 current=1 vframe=24208 vs=1 vage=6 vpage=6 vdt=33 vmax=8213 vacc=23568 vrej=0 seq=0 elapsed=0 oled=3C
[   3484] STATUS mode=1 fault=none p60=-156 dp60=0 pwm=0 cpwm=0 uimp=-9750 upos=0 uneg=75 ball=3.31 vball=-1.95 aball=0.0 bref=0.00 pid=0.0 apid=0.0 integ=0.0 vision=1 current=1 vframe=24208 vs=1 vage=46 vpage=46 vdt=33 vmax=8213 vacc=23568 vrej=0 seq=0 elapsed=0 oled=3C
[   3516] STATUS mode=1 fault=none p60=-156 dp60=0 pwm=0 cpwm=0 uimp=-9750 upos=0 uneg=75 ball=3.31 vball=-1.95 aball=0.0 bref=0.00 pid=0.0 apid=0.0 integ=0.0 vision=1 current=1 vframe=24208 vs=1 vage=66 vpage=66 vdt=33 vmax=8213 vacc=23568 vrej=0 seq=0 elapsed=0 oled=3C
[   3530] STATUS mode=1 fault=none p60=-156 dp60=0 pwm=0 cpwm=0 uimp=-9750 upos=0 uneg=75 ball=3.31 vball=-1.95 aball=0.0 bref=0.00 pid=0.0 apid=0.0 integ=0.0 vision=1 current=1 vframe=24208 vs=1 vage=86 vpage=86 vdt=33 vmax=8213 vacc=23568 vrej=0 seq=0 elapsed=0 oled=3C
[   3562] STATUS mode=1 fault=none p60=-156 dp60=0 pwm=0 cpwm=0 uimp=-9750 upos=0 uneg=75 ball=3.30 vball=-1.05 aball=0.0 bref=0.00 pid=0.0 apid=0.0 integ=0.0 vision=1 current=1 vframe=24209 vs=1 vage=11 vpage=11 vdt=95 vmax=8213 vacc=23569 vrej=0 seq=0 elapsed=0 oled=3C
[   3577] STATUS mode=1 fault=none p60=-156 dp60=0 pwm=0 cpwm=0 uimp=-9750 upos=0 uneg=75 ball=3.87 vball=9.76 aball=0.0 bref=0.00 pid=0.0 apid=0.0 integ=0.0 vision=1 current=1 vframe=24210 vs=1 vage=6 vpage=6 vdt=25 vmax=8213 vacc=23570 vrej=0 seq=0 elapsed=0 oled=3C
[   3593] STATUS mode=1 fault=none p60=-156 dp60=0 pwm=0 cpwm=0 uimp=-9750 upos=0 uneg=75 ball=3.87 vball=9.76 aball=0.0 bref=0.00 pid=0.0 apid=0.0 integ=0.0 vision=1 current=1 vframe=24210 vs=1 vage=26 vpage=26 vdt=25 vmax=8213 vacc=23570 vrej=0 seq=0 elapsed=0 oled=3C
[   3625] STATUS mode=1 fault=none p60=-156 dp60=0 pwm=0 cpwm=0 uimp=-9750 upos=0 uneg=75 ball=4.13 vball=8.61 aball=0.0 bref=0.00 pid=0.0 apid=0.0 integ=0.0 vision=1 current=1 vframe=24211 vs=1 vage=12 vpage=12 vdt=34 vmax=8213 vacc=23571 vrej=0 seq=0 elapsed=0 oled=3C
[   3641] STATUS mode=1 fault=none p60=-156 dp60=0 pwm=0 cpwm=0 uimp=-9750 upos=0 uneg=75 ball=4.13 vball=8.61 aball=0.0 bref=0.00 pid=0.0 apid=0.0 integ=0.0 vision=1 current=1 vframe=24211 vs=1 vage=52 vpage=52 vdt=34 vmax=8213 vacc=23571 vrej=0 seq=0 elapsed=0 oled=3C
[   3671] STATUS mode=1 fault=none p60=-156 dp60=0 pwm=0 cpwm=0 uimp=-9750 upos=0 uneg=75 ball=4.13 vball=8.61 aball=0.0 bref=0.00 pid=0.0 apid=0.0 integ=0.0 vision=1 current=1 vframe=24211 vs=1 vage=72 vpage=72 vdt=34 vmax=8213 vacc=23571 vrej=0 seq=0 elapsed=0 oled=3C
[   3687] STATUS mode=1 fault=none p60=-156 dp60=0 pwm=0 cpwm=0 uimp=-9750 upos=0 uneg=75 ball=4.13 vball=8.61 aball=0.0 bref=0.00 pid=0.0 apid=0.0 integ=0.0 vision=1 current=1 vframe=24211 vs=1 vage=92 vpage=92 vdt=34 vmax=8213 vacc=23571 vrej=0 seq=0 elapsed=0 oled=3C
[   3718] STATUS mode=1 fault=none p60=-156 dp60=0 pwm=0 cpwm=0 uimp=-9750 upos=0 uneg=75 ball=4.27 vball=5.00 aball=0.0 bref=0.00 pid=0.0 apid=0.0 integ=0.0 vision=1 current=1 vframe=24212 vs=1 vage=3 vpage=3 vdt=109 vmax=8213 vacc=23572 vrej=0 seq=0 elapsed=0 oled=3C
[   3734] STATUS mode=1 fault=none p60=-156 dp60=0 pwm=0 cpwm=0 uimp=-9750 upos=0 uneg=75 ball=4.27 vball=5.00 aball=0.0 bref=0.00 pid=0.0 apid=0.0 integ=0.0 vision=1 current=1 vframe=24212 vs=1 vage=23 vpage=23 vdt=109 vmax=8213 vacc=23572 vrej=0 seq=0 elapsed=0 oled=3C
[   3766] STATUS mode=1 fault=none p60=-156 dp60=0 pwm=0 cpwm=0 uimp=-9750 upos=0 uneg=75 ball=3.35 vball=-14.20 aball=0.0 bref=0.00 pid=0.0 apid=0.0 integ=0.0 vision=1 current=1 vframe=24213 vs=1 vage=20 vpage=20 vdt=23 vmax=8213 vacc=23573 vrej=0 seq=0 elapsed=0 oled=3C
[   3780] STATUS mode=1 fault=none p60=-156 dp60=0 pwm=0 cpwm=0 uimp=-9750 upos=0 uneg=75 ball=3.28 vball=-8.11 aball=0.0 bref=0.00 pid=0.0 apid=0.0 integ=0.0 vision=1 current=1 vframe=24214 vs=1 vage=7 vpage=7 vdt=33 vmax=8213 vacc=23574 vrej=0 seq=0 elapsed=0 oled=3C
[   3812] STATUS mode=1 fault=none p60=-156 dp60=0 pwm=0 cpwm=0 uimp=-9750 upos=0 uneg=75 ball=3.28 vball=-8.11 aball=0.0 bref=0.00 pid=0.0 apid=0.0 integ=0.0 vision=1 current=1 vframe=24214 vs=1 vage=27 vpage=27 vdt=33 vmax=8213 vacc=23574 vrej=0 seq=0 elapsed=0 oled=3C
[   3827] STATUS mode=1 fault=none p60=-156 dp60=0 pwm=0 cpwm=0 uimp=-9750 upos=0 uneg=75 ball=3.28 vball=-8.11 aball=0.0 bref=0.00 pid=0.0 apid=0.0 integ=0.0 vision=1 current=1 vframe=24214 vs=1 vage=67 vpage=67 vdt=33 vmax=8213 vacc=23574 vrej=0 seq=0 elapsed=0 oled=3C
[   3843] STATUS mode=1 fault=none p60=-156 dp60=0 pwm=0 cpwm=0 uimp=-9750 upos=0 uneg=75 ball=3.28 vball=-8.11 aball=0.0 bref=0.00 pid=0.0 apid=0.0 integ=0.0 vision=1 current=1 vframe=24214 vs=1 vage=87 vpage=87 vdt=33 vmax=8213 vacc=23574 vrej=0 seq=0 elapsed=0 oled=3C
[   3875] STATUS mode=1 fault=none p60=-156 dp60=0 pwm=0 cpwm=0 uimp=-9750 upos=0 uneg=75 ball=3.21 vball=-4.34 aball=0.0 bref=0.00 pid=0.0 apid=0.0 integ=0.0 vision=1 current=1 vframe=24215 vs=1 vage=4 vpage=4 vdt=103 vmax=8213 vacc=23575 vrej=0 seq=0 elapsed=0 oled=3C
[   3891] STATUS mode=1 fault=none p60=-156 dp60=0 pwm=0 cpwm=0 uimp=-9750 upos=0 uneg=75 ball=3.21 vball=-4.34 aball=0.0 bref=0.00 pid=0.0 apid=0.0 integ=0.0 vision=1 current=1 vframe=24215 vs=1 vage=24 vpage=24 vdt=103 vmax=8213 vacc=23575 vrej=0 seq=0 elapsed=0 oled=3C
[   3921] STATUS mode=1 fault=none p60=-156 dp60=0 pwm=0 cpwm=0 uimp=-9750 upos=0 uneg=75 ball=3.87 vball=8.89 aball=0.0 bref=0.00 pid=0.0 apid=0.0 integ=0.0 vision=1 current=1 vframe=24216 vs=1 vage=13 vpage=13 vdt=31 vmax=8213 vacc=23576 vrej=0 seq=0 elapsed=0 oled=3C
[   3937] STATUS mode=1 fault=none p60=-156 dp60=0 pwm=0 cpwm=0 uimp=-9750 upos=0 uneg=75 ball=4.13 vball=8.05 aball=0.0 bref=0.00 pid=0.0 apid=0.0 integ=0.0 vision=1 current=1 vframe=24217 vs=1 vage=1 vpage=1 vdt=32 vmax=8213 vacc=23577 vrej=0 seq=0 elapsed=0 oled=3C
[   3968] STATUS mode=1 fault=none p60=-156 dp60=0 pwm=0 cpwm=0 uimp=-9750 upos=0 uneg=75 ball=4.13 vball=8.05 aball=0.0 bref=0.00 pid=0.0 apid=0.0 integ=0.0 vision=1 current=1 vframe=24217 vs=1 vage=21 vpage=21 vdt=32 vmax=8213 vacc=23577 vrej=0 seq=0 elapsed=0 oled=3C
[   3984] STATUS mode=1 fault=none p60=-156 dp60=0 pwm=0 cpwm=0 uimp=-9750 upos=0 uneg=75 ball=4.13 vball=8.05 aball=0.0 bref=0.00 pid=0.0 apid=0.0 integ=0.0 vision=1 current=1 vframe=24217 vs=1 vage=61 vpage=61 vdt=32 vmax=8213 vacc=23577 vrej=0 seq=0 elapsed=0 oled=3C
[   4016] STATUS mode=1 fault=none p60=-156 dp60=0 pwm=0 cpwm=0 uimp=-9750 upos=0 uneg=75 ball=4.13 vball=8.05 aball=0.0 bref=0.00 pid=0.0 apid=0.0 integ=0.0 vision=1 current=1 vframe=24217 vs=1 vage=81 vpage=81 vdt=32 vmax=8213 vacc=23577 vrej=0 seq=0 elapsed=0 oled=3C
[   4030] STATUS mode=1 fault=none p60=-156 dp60=0 pwm=0 cpwm=0 uimp=-9750 upos=0 uneg=75 ball=4.13 vball=8.05 aball=0.0 bref=0.00 pid=0.0 apid=0.0 integ=0.0 vision=1 current=1 vframe=24217 vs=1 vage=101 vpage=101 vdt=32 vmax=8213 vacc=23577 vrej=0 seq=0 elapsed=0 oled=3C
[   4062] STATUS mode=1 fault=none p60=-156 dp60=0 pwm=0 cpwm=0 uimp=-9750 upos=0 uneg=75 ball=2.96 vball=-6.55 aball=0.0 bref=0.00 pid=0.0 apid=0.0 integ=0.0 vision=1 current=1 vframe=24218 vs=1 vage=20 vpage=20 vdt=101 vmax=8213 vacc=23578 vrej=0 seq=0 elapsed=0 oled=3C
[   4077] STATUS mode=1 fault=none p60=-156 dp60=0 pwm=0 cpwm=0 uimp=-9750 upos=0 uneg=75 ball=2.96 vball=-3.51 aball=0.0 bref=0.00 pid=0.0 apid=0.0 integ=0.0 vision=1 current=1 vframe=24219 vs=1 vage=6 vpage=6 vdt=34 vmax=8213 vacc=23579 vrej=0 seq=0 elapsed=0 oled=3C
[   4093] STATUS mode=1 fault=none p60=-156 dp60=0 pwm=0 cpwm=0 uimp=-9750 upos=0 uneg=75 ball=2.96 vball=-3.51 aball=0.0 bref=0.00 pid=0.0 apid=0.0 integ=0.0 vision=1 current=1 vframe=24219 vs=1 vage=26 vpage=26 vdt=34 vmax=8213 vacc=23579 vrej=0 seq=0 elapsed=0 oled=3C
[   4125] STATUS mode=1 fault=none p60=-156 dp60=0 pwm=0 cpwm=0 uimp=-9750 upos=0 uneg=75 ball=3.24 vball=2.79 aball=0.0 bref=0.00 pid=0.0 apid=0.0 integ=0.0 vision=1 current=1 vframe=24220 vs=1 vage=14 vpage=14 vdt=32 vmax=8213 vacc=23580 vrej=0 seq=0 elapsed=0 oled=3C
[   4141] STATUS mode=1 fault=none p60=-156 dp60=0 pwm=0 cpwm=0 uimp=-9750 upos=0 uneg=75 ball=3.24 vball=2.79 aball=0.0 bref=0.00 pid=0.0 apid=0.0 integ=0.0 vision=1 current=1 vframe=24220 vs=1 vage=54 vpage=54 vdt=32 vmax=8213 vacc=23580 vrej=0 seq=0 elapsed=0 oled=3C
[   4171] STATUS mode=1 fault=none p60=-156 dp60=0 pwm=0 cpwm=0 uimp=-9750 upos=0 uneg=75 ball=3.24 vball=2.79 aball=0.0 bref=0.00 pid=0.0 apid=0.0 integ=0.0 vision=1 current=1 vframe=24220 vs=1 vage=74 vpage=74 vdt=32 vmax=8213 vacc=23580 vrej=0 seq=0 elapsed=0 oled=3C
[   4187] STATUS mode=1 fault=none p60=-156 dp60=0 pwm=0 cpwm=0 uimp=-9750 upos=0 uneg=75 ball=3.24 vball=2.79 aball=0.0 bref=0.00 pid=0.0 apid=0.0 integ=0.0 vision=1 current=1 vframe=24220 vs=1 vage=94 vpage=94 vdt=32 vmax=8213 vacc=23580 vrej=0 seq=0 elapsed=0 oled=3C
[   4218] STATUS mode=1 fault=none p60=-156 dp60=0 pwm=0 cpwm=0 uimp=-9750 upos=0 uneg=75 ball=3.44 vball=3.00 aball=0.0 bref=0.00 pid=0.0 apid=0.0 integ=0.0 vision=1 current=1 vframe=24221 vs=1 vage=18 vpage=18 vdt=96 vmax=8213 vacc=23581 vrej=0 seq=0 elapsed=0 oled=3C
[   4234] STATUS mode=1 fault=none p60=-156 dp60=0 pwm=0 cpwm=0 uimp=-9750 upos=0 uneg=75 ball=3.41 vball=0.68 aball=0.0 bref=0.00 pid=0.0 apid=0.0 integ=0.0 vision=1 current=1 vframe=24222 vs=1 vage=18 vpage=18 vdt=20 vmax=8213 vacc=23582 vrej=0 seq=0 elapsed=0 oled=3C
[   4266] STATUS mode=1 fault=none p60=-156 dp60=0 pwm=0 cpwm=0 uimp=-9750 upos=0 uneg=75 ball=3.41 vball=0.44 aball=0.0 bref=0.00 pid=0.0 apid=0.0 integ=0.0 vision=1 current=1 vframe=24223 vs=1 vage=5 vpage=5 vdt=33 vmax=8213 vacc=23583 vrej=0 seq=0 elapsed=0 oled=3C
[   4280] STATUS mode=1 fault=none p60=-156 dp60=0 pwm=0 cpwm=0 uimp=-9750 upos=0 uneg=75 ball=3.41 vball=0.44 aball=0.0 bref=0.00 pid=0.0 apid=0.0 integ=0.0 vision=1 current=1 vframe=24223 vs=1 vage=25 vpage=25 vdt=33 vmax=8213 vacc=23583 vrej=0 seq=0 elapsed=0 oled=3C
[   4312] STATUS mode=1 fault=none p60=-156 dp60=0 pwm=0 cpwm=0 uimp=-9750 upos=0 uneg=75 ball=3.41 vball=0.44 aball=0.0 bref=0.00 pid=0.0 apid=0.0 integ=0.0 vision=1 current=1 vframe=24223 vs=1 vage=65 vpage=65 vdt=33 vmax=8213 vacc=23583 vrej=0 seq=0 elapsed=0 oled=3C
[   4327] STATUS mode=1 fault=none p60=-156 dp60=0 pwm=0 cpwm=0 uimp=-9750 upos=0 uneg=75 ball=3.41 vball=0.44 aball=0.0 bref=0.00 pid=0.0 apid=0.0 integ=0.0 vision=1 current=1 vframe=24223 vs=1 vage=85 vpage=85 vdt=33 vmax=8213 vacc=23583 vrej=0 seq=0 elapsed=0 oled=3C
[   4359] STATUS mode=1 fault=none p60=-156 dp60=0 pwm=0 cpwm=0 uimp=-9750 upos=0 uneg=75 ball=3.42 vball=0.25 aball=0.0 bref=0.00 pid=0.0 apid=0.0 integ=0.0 vision=1 current=1 vframe=24231 vs=1 vage=5 vpage=5 vdt=100 vmax=8213 vacc=23591 vrej=0 seq=0 elapsed=0 oled=3C
[   4375] STATUS mode=1 fault=none p60=-156 dp60=0 pwm=0 cpwm=0 uimp=-9750 upos=0 uneg=75 ball=3.33 vball=-1.64 aball=0.0 bref=0.00 pid=0.0 apid=0.0 integ=0.0 vision=1 current=1 vframe=24232 vs=1 vage=7 vpage=7 vdt=18 vmax=8213 vacc=23592 vrej=0 seq=0 elapsed=0 oled=3C
[   4391] STATUS mode=1 fault=none p60=-156 dp60=0 pwm=0 cpwm=0 uimp=-9750 upos=0 uneg=75 ball=3.33 vball=-1.64 aball=0.0 bref=0.00 pid=0.0 apid=0.0 integ=0.0 vision=1 current=1 vframe=24232 vs=1 vage=27 vpage=27 vdt=18 vmax=8213 vacc=23592 vrej=0 seq=0 elapsed=0 oled=3C
[   4391] >>> stop
[   4421] STATUS mode=1 fault=none p60=-156 dp60=0 pwm=0 cpwm=0 uimp=-9750 upos=0 uneg=75 ball=3.35 vball=-0.62 aball=0.0 bref=0.00 pid=0.0 apid=0.0 integ=0.0 vision=1 current=1 vframe=24233 vs=1 vage=13 vpage=13 vdt=34 vmax=8213 vacc=23593 vrej=0 seq=0 elapsed=0 oled=3C
[   4437] STATUS mode=1 fault=none p60=-156 dp60=0 pwm=0 cpwm=0 uimp=-9750 upos=0 uneg=75 ball=3.35 vball=-0.62 aball=0.0 bref=0.00 pid=0.0 apid=0.0 integ=0.0 vision=1 current=1 vframe=24233 vs=1 vage=33 vpage=33 vdt=34 vmax=8213 vacc=23593 vrej=0 seq=0 elapsed=0 oled=3C
[   4468] STATUS mode=1 fault=none p60=-156 dp60=0 pwm=0 cpwm=0 uimp=-9750 upos=0 uneg=75 ball=3.35 vball=-0.62 aball=0.0 bref=0.00 pid=0.0 apid=0.0 integ=0.0 vision=1 current=1 vframe=24233 vs=1 vage=73 vpage=53 vdt=34 vmax=8213 vacc=23593 vrej=0 seq=0 elapsed=0 oled=3C
[   4484] STATUS mode=1 fault=none p60=-156 dp60=0 pwm=0 cpwm=0 uimp=-9750 upos=0 uneg=75 ball=3.35 vball=-0.62 aball=0.0 bref=0.00 pid=0.0 apid=0.0 integ=0.0 vision=1 current=1 vframe=24233 vs=1 vage=93 vpage=93 vdt=34 vmax=8213 vacc=23593 vrej=0 seq=0 elapsed=0 oled=3C
[   4516] STATUS mode=1 fault=none p60=-156 dp60=0 pwm=0 cpwm=0 uimp=-9750 upos=0 uneg=75 ball=3.36 vball=-0.20 aball=0.0 bref=0.00 pid=0.0 apid=0.0 integ=0.0 vision=1 current=1 vframe=24234 vs=1 vage=13 vpage=13 vdt=100 vmax=8213 vacc=23594 vrej=0 seq=0 elapsed=0 oled=3C
[   4516] >>> stream off
[   4530] STATUS mode=1 fault=none p60=-156 dp60=0 pwm=0 cpwm=0 uimp=-9750 upos=0 uneg=75 ball=3.89 vball=9.09 aball=0.0 bref=0.00 pid=0.0 apid=0.0 integ=0.0 vision=1 current=1 vframe=24235 vs=1 vage=1 vpage=1 vdt=32 vmax=8213 vacc=23595 vrej=0 seq=0 elapsed=0 oled=3C
[   4530] OK stream off
