[      0] >>> stream on 50
[     16] OK stream on 50 ms
[     77] STATUS mode=1 fault=none p60=-330 dp60=0 pwm=0 ball=119.75 vball=-0.46 bref=50.00 pid=140.0 integ=-0.0 vision=1 current=1 vframe=5169 vs=1 vage=14 vpage=14 vdt=27 vmax=446 vacc=5104 vrej=2 seq=0 elapsed=0 oled=3C
[    108] S
[    125] TATUS mode=1 fault=none p60=-330 dp60=0 pwm=0 ball=119.75 vball=-0.34 bref=50.00 pid=140.0 integ=-0.0 vision=1 current=1 vframe=5170 vs=1 vage=30 vpage=30 vdt=34 vmax=446 vacc=5105 vrej=2 seq=0 elapsed=0 oled=3C
[    172] STATUS mode=1 fault=none p60=-330 dp60=0 pwm=0 ball=119.75 vball=-0.34 bref=50.00 pid=140.0 integ=-0.0 vision=1 current=1 vframe=5170 vs=1 vage=80 vpage=80 vdt=34 vmax=446 vacc=5105 vrej=2 seq=0 elapsed=0 oled=3C
[    218] STATUS mode=1 fault=none p60=-330 dp60=0 pwm=0 ball=119.93 vball=1.47 bref=50.00 pid=140.0 integ=-0.0 vision=1 current=1 vframe=5172 vs=1 vage=14 vpage=14 vdt=27 vmax=446 vacc=5107 vrej=2 seq=0 elapsed=0 oled=3C
[    281] STATUS mode=1 fault=none p60=-330 dp60=0 pwm=0 ball=119.95 vball=1.25 bref=50.00 pid=140.0 integ=-0.0 vision=1 current=1 vframe=5173 vs=1 vage=30 vpage=30 vdt=34 vmax=446 vacc=5108 vrej=2 seq=0 elapsed=0 oled=3C
[    327] STATUS mode=1 fault=none p60=-330 dp60=0 pwm=0 ball=119.95 vball=1.25 bref=50.00 pid=140.0 integ=-0.0 vision=1 current=1 vframe=5173 vs=1 vage=80 vpage=80 vdt=34 vmax=446 vacc=5108 vrej=2 seq=0 elapsed=0 oled=3C
[    375] STATUS mode=1 fault=none p60=-330 dp60=0 pwm=0 ball=119.96 vball=0.80 bref=50.00 pid=140.0 integ=-0.0 vision=1 current=1 vframe=5175 vs=1 vage=14 vpage=14 vdt=27 vmax=446 vacc=5110 vrej=2 seq=0 elapsed=0 oled=3C
[    422] STATUS mode=1 fault=none p60=-330 dp60=0 pwm=0 ball=119.97 vball=0.67 bref=50.00 pid=140.0 integ=-0.0 vision=1 current=1 vframe=5176 vs=1 vage=30 vpage=30 vdt=34 vmax=446 vacc=5111 vrej=2 seq=0 elapsed=0 oled=3C
[    468] STATUS mode=1 fault=none p60=-330 dp60=0 pwm=0 ball=119.97 vball=0.67 bref=50.00 pid=140.0 integ=-0.0 vision=1 current=1 vframe=5176 vs=1 vage=80 vpage=80 vdt=34 vmax=446 vacc=5111 vrej=2 seq=0 elapsed=0 oled=3C
[    531] STATUS mode=1 fault=none p60=-330 dp60=0 pwm=0 ball=120.00 vball=0.68 bref=50.00 pid=140.0 integ=-0.0 vision=1 current=1 vframe=5178 vs=1 vage=14 vpage=14 vdt=25 vmax=446 vacc=5113 vrej=2 seq=0 elapsed=0 oled=3C
[    577] STATUS mode=1 fault=none p60=-330 dp60=0 pwm=0 ball=119.99 vball=0.43 bref=50.00 pid=140.0 integ=-0.0 vision=1 current=1 vframe=5179 vs=1 vage=30 vpage=30 vdt=34 vmax=446 vacc=5114 vrej=2 seq=0 elapsed=0 oled=3C
[    625] STATUS mode=1 fault=none p60=-330 dp60=0 pwm=0 ball=119.99 vball=0.43 bref=50.00 pid=140.0 integ=-0.0 vision=1 current=1 vframe=5179 vs=1 vage=80 vpage=80 vdt=34 vmax=446 vacc=5114 vrej=2 seq=0 elapsed=0 oled=3C
[    672] STATUS mode=1 fault=none p60=-330 dp60=0 pwm=0 ball=119.81 vball=-1.42 bref=50.00 pid=140.0 integ=-0.0 vision=1 current=1 vframe=5181 vs=1 vage=14 vpage=14 vdt=27 vmax=446 vacc=5116 vrej=2 seq=0 elapsed=0 oled=3C
[    718] STATUS mode=1 fault=none p60=-330 dp60=0 pwm=0 ball=119.89 vball=-0.48 bref=50.00 pid=140.0 integ=-0.0 vision=1 current=1 vframe=5182 vs=1 vage=30 vpage=30 vdt=34 vmax=446 vacc=5117 vrej=2 seq=0 elapsed=0 oled=3C
[    781] STATUS mode=1 fault=none p60=-330 dp60=0 pwm=0 ball=119.89 vball=-0.48 bref=50.00 pid=140.0 integ=-0.0 vision=1 current=1 vframe=5182 vs=1 vage=80 vpage=80 vdt=34 vmax=446 vacc=5117 vrej=2 seq=0 elapsed=0 oled=3C
[    827] STATUS mode=1 fault=none p60=-330 dp60=0 pwm=0 ball=119.95 vball=-0.07 bref=50.00 pid=140.0 integ=-0.0 vision=1 current=1 vframe=5184 vs=1 vage=14 vpage=14 vdt=27 vmax=446 vacc=5119 vrej=2 seq=0 elapsed=0 oled=3C
[    875] STATUS mode=1 fault=none p60=-330 dp60=0 pwm=0 ball=119.77 vball=-1.38 bref=50.00 pid=140.0 integ=-0.0 vision=1 current=1 vframe=5185 vs=1 vage=30 vpage=30 vdt=34 vmax=446 vacc=5120 vrej=2 seq=0 elapsed=0 oled=3C
[    922] STATUS mode=1 fault=none p60=-330 dp60=0 pwm=0 ball=119.77 vball=-1.38 bref=50.00 pid=140.0 integ=-0.0 vision=1 current=1 vframe=5185 vs=1 vage=80 vpage=80 vdt=34 vmax=446 vacc=5120 vrej=2 seq=0 elapsed=0 oled=3C
[    968] STATUS mode=1 fault=none p60=-330 dp60=0 pwm=0 ball=119.96 vball=1.13 bref=50.00 pid=140.0 integ=-0.0 vision=1 current=1 vframe=5187 vs=1 vage=14 vpage=14 vdt=27 vmax=446 vacc=5122 vrej=2 seq=0 elapsed=0 oled=3C
[   1031] STATUS mode=1 fault=none p60=-330 dp60=0 pwm=0 ball=119.97 vball=0.92 bref=50.00 pid=140.0 integ=-0.0 vision=1 current=1 vframe=5188 vs=1 vage=30 vpage=30 vdt=34 vmax=446 vacc=5123 vrej=2 seq=0 elapsed=0 oled=3C
[   1077] STATUS mode=1 fault=none p60=-330 dp60=0 pwm=0 ball=119.97 vball=0.92 bref=50.00 pid=140.0 integ=-0.0 vision=1 current=1 vframe=5188 vs=1 vage=80 vpage=80 vdt=34 vmax=446 vacc=5123 vrej=2 seq=0 elapsed=0 oled=3C
[   1125] STATUS mode=1 fault=none p60=-330 dp60=0 pwm=0 ball=119.82 vball=-0.14 bref=50.00 pid=140.0 integ=-0.0 vision=1 current=1 vframe=5190 vs=1 vage=14 vpage=14 vdt=28 vmax=446 vacc=5125 vrej=2 seq=0 elapsed=0 oled=3C
[   1172] STATUS mode=1 fault=none p60=-330 dp60=0 pwm=0 ball=119.85 vball=0.11 bref=50.00 pid=140.0 integ=-0.0 vision=1 current=1 vframe=5191 vs=1 vage=30 vpage=30 vdt=34 vmax=446 vacc=5126 vrej=2 seq=0 elapsed=0 oled=3C
[   1218] STATUS mode=1 fault=none p60=-330 dp60=0 pwm=0 ball=119.85 vball=0.11 bref=50.00 pid=140.0 integ=-0.0 vision=1 current=1 vframe=5191 vs=1 vage=80 vpage=80 vdt=34 vmax=446 vacc=5126 vrej=2 seq=0 elapsed=0 oled=3C
[   1281] STATUS mode=1 fault=none p60=-330 dp60=0 pwm=0 ball=119.82 vball=-0.27 bref=50.00 pid=140.0 integ=-0.0 vision=1 current=1 vframe=5193 vs=1 vage=14 vpage=14 vdt=28 vmax=446 vacc=5128 vrej=2 seq=0 elapsed=0 oled=3C
[   1327] STATUS mode=1 fault=none p60=-330 dp60=0 pwm=0 ball=119.82 vball=-0.20 bref=50.00 pid=140.0 integ=-0.0 vision=1 current=1 vframe=5194 vs=1 vage=30 vpage=30 vdt=34 vmax=446 vacc=5129 vrej=2 seq=0 elapsed=0 oled=3C
[   1375] STATUS mode=1 fault=none p60=-330 dp60=0 pwm=0 ball=119.82 vball=-0.20 bref=50.00 pid=140.0 integ=-0.0 vision=1 current=1 vframe=5194 vs=1 vage=80 vpage=80 vdt=34 vmax=446 vacc=5129 vrej=2 seq=0 elapsed=0 oled=3C
[   1422] STATUS mode=1 fault=none p60=-330 dp60=0 pwm=0 ball=119.82 vball=-0.11 bref=50.00 pid=140.0 integ=-0.0 vision=1 current=1 vframe=5196 vs=1 vage=14 vpage=14 vdt=27 vmax=446 vacc=5131 vrej=2 seq=0 elapsed=0 oled=3C
[   1468] STATUS mode=1 fault=none p60=-330 dp60=0 pwm=0 ball=119.97 vball=1.02 bref=50.00 pid=140.0 integ=-0.0 vision=1 current=1 vframe=5197 vs=1 vage=30 vpage=30 vdt=34 vmax=446 vacc=5132 vrej=2 seq=0 elapsed=0 oled=3C
[   1531] STATUS mode=1 fault=none p60=-330 dp60=0 pwm=0 ball=119.97 vball=1.02 bref=50.00 pid=140.0 integ=-0.0 vision=1 current=1 vframe=5197 vs=1 vage=80 vpage=80 vdt=34 vmax=446 vacc=5132 vrej=2 seq=0 elapsed=0 oled=3C
[   1577] STATUS mode=1 fault=none p60=-330 dp60=0 pwm=0 ball=119.99 vball=0.61 bref=50.00 pid=140.0 integ=-0.0 vision=1 current=1 vframe=5199 vs=1 vage=14 vpage=14 vdt=27 vmax=446 vacc=5134 vrej=2 seq=0 elapsed=0 oled=3C
[   1625] STATUS mode=1 fault=none p60=-330 dp60=0 pwm=0 ball=119.99 vball=0.46 bref=50.00 pid=140.0 integ=-0.0 vision=1 current=1 vframe=5200 vs=1 vage=30 vpage=30 vdt=34 vmax=446 vacc=5135 vrej=2 seq=0 elapsed=0 oled=3C
[   1672] STATUS mode=1 fault=none p60=-330 dp60=0 pwm=0 ball=119.99 vball=0.46 bref=50.00 pid=140.0 integ=-0.0 vision=1 current=1 vframe=5200 vs=1 vage=80 vpage=80 vdt=34 vmax=446 vacc=5135 vrej=2 seq=0 elapsed=0 oled=3C
[   1718] STATUS mode=1 fault=none p60=-330 dp60=0 pwm=0 ball=119.99 vball=0.35 bref=50.00 pid=140.0 integ=-0.0 vision=1 current=1 vframe=5201 vs=1 vage=25 vpage=25 vdt=105 vmax=446 vacc=5136 vrej=2 seq=0 elapsed=0 oled=3C
[   1781] STATUS mode=1 fault=none p60=-330 dp60=0 pwm=0 ball=119.93 vball=-0.22 bref=50.00 pid=140.0 integ=-0.0 vision=1 current=1 vframe=5203 vs=1 vage=13 vpage=13 vdt=34 vmax=446 vacc=5138 vrej=2 seq=0 elapsed=0 oled=3C
[   1827] STATUS mode=1 fault=none p60=-330 dp60=0 pwm=0 ball=119.93 vball=-0.22 bref=50.00 pid=140.0 integ=-0.0 vision=1 current=1 vframe=5203 vs=1 vage=63 vpage=63 vdt=34 vmax=446 vacc=5138 vrej=2 seq=0 elapsed=0 oled=3C
[   1875] STATUS mode=1 fault=none p60=-330 dp60=0 pwm=0 ball=119.98 vball=-0.03 bref=50.00 pid=140.0 integ=-0.0 vision=1 current=1 vframe=5204 vs=1 vage=19 vpage=19 vdt=94 vmax=446 vacc=5139 vrej=2 seq=0 elapsed=0 oled=3C
[   1922] STATUS mode=1 fault=none p60=-330 dp60=0 pwm=0 ball=119.98 vball=-0.02 bref=50.00 pid=140.0 integ=-0.0 vision=1 current=1 vframe=5206 vs=1 vage=13 vpage=13 vdt=33 vmax=446 vacc=5141 vrej=2 seq=0 elapsed=0 oled=3C
[   1968] STATUS mode=1 fault=none p60=-330 dp60=0 pwm=0 ball=119.98 vball=-0.02 bref=50.00 pid=140.0 integ=-0.0 vision=1 current=1 vframe=5206 vs=1 vage=63 vpage=63 vdt=33 vmax=446 vacc=5141 vrej=2 seq=0 elapsed=0 oled=3C
[   2031] STATUS mode=1 fault=none p60=-330 dp60=0 pwm=0 ball=119.82 vball=0.00 bref=50.00 pid=140.0 integ=-0.0 vision=1 current=1 vframe=5216 vs=1 vage=2 vpage=2 vdt=111 vmax=446 vacc=5151 vrej=2 seq=0 elapsed=0 oled=3C
[   2077] STATUS mode=1 fault=none p60=-330 dp60=0 pwm=0 ball=119.81 vball=-0.11 bref=50.00 pid=140.0 integ=-0.0 vision=1 current=1 vframe=5217 vs=1 vage=30 vpage=30 vdt=22 vmax=446 vacc=5152 vrej=2 seq=0 elapsed=0 oled=3C
[   2108] S
[   2108] >>> stream off
[   2125] TATUS mode=1 fault=none p60=-330 dp60=0 pwm=0 ball=119.93 vball=0.82 bref=50.00 pid=140.0 integ=-0.0 vision=1 current=1 vframe=5218 vs=1 vage=47 vpage=47 vdt=33 vmax=446 vacc=5153 vrej=2 seq=0 elapsed=0 oled=3C
[   2125] OK stream off
[   2233] >>> status
[   2266] STATUS mode=1 fault=none p60=-330 dp60=0 pwm=0 ball=119.97 vball=0.41 bref=50.00 pid=140.0 integ=-0.0 vision=1 current=1 vframe=5221 vs=1 vage=32 vpage=32 vdt=33 vmax=446 vacc=5156 vrej=2 seq=0 elapsed=0 oled=3C
