Archive member included to satisfy reference by file (symbol)

D:/Program/STM32CubeCLT_1.22.0/GNU-tools-for-STM32/bin/../lib/gcc/arm-none-eabi/14.3.1/../../../../arm-none-eabi/lib/thumb/v7e-m+fp/hard\libm.a(libm_a-wf_atan2.o)
                              CMakeFiles/ST_Car.dir/Core/Src/mpu.c.obj (atan2f)
D:/Program/STM32CubeCLT_1.22.0/GNU-tools-for-STM32/bin/../lib/gcc/arm-none-eabi/14.3.1/../../../../arm-none-eabi/lib/thumb/v7e-m+fp/hard\libm.a(libm_a-wf_sqrt.o)
                              CMakeFiles/ST_Car.dir/Core/Src/mpu.c.obj (sqrtf)
D:/Program/STM32CubeCLT_1.22.0/GNU-tools-for-STM32/bin/../lib/gcc/arm-none-eabi/14.3.1/../../../../arm-none-eabi/lib/thumb/v7e-m+fp/hard\libm.a(libm_a-sf_cos.o)
                              CMakeFiles/ST_Car.dir/Core/Src/mpu.c.obj (cosf)
D:/Program/STM32CubeCLT_1.22.0/GNU-tools-for-STM32/bin/../lib/gcc/arm-none-eabi/14.3.1/../../../../arm-none-eabi/lib/thumb/v7e-m+fp/hard\libm.a(libm_a-sf_sin.o)
                              CMakeFiles/ST_Car.dir/Core/Src/mpu.c.obj (sinf)
D:/Program/STM32CubeCLT_1.22.0/GNU-tools-for-STM32/bin/../lib/gcc/arm-none-eabi/14.3.1/../../../../arm-none-eabi/lib/thumb/v7e-m+fp/hard\libm.a(libm_a-sf_lround.o)
                              CMakeFiles/ST_Car.dir/Core/Src/control_loops.c.obj (lroundf)
D:/Program/STM32CubeCLT_1.22.0/GNU-tools-for-STM32/bin/../lib/gcc/arm-none-eabi/14.3.1/../../../../arm-none-eabi/lib/thumb/v7e-m+fp/hard\libm.a(libm_a-ef_sqrt.o)
                              D:/Program/STM32CubeCLT_1.22.0/GNU-tools-for-STM32/bin/../lib/gcc/arm-none-eabi/14.3.1/../../../../arm-none-eabi/lib/thumb/v7e-m+fp/hard\libm.a(libm_a-wf_sqrt.o) (__ieee754_sqrtf)
D:/Program/STM32CubeCLT_1.22.0/GNU-tools-for-STM32/bin/../lib/gcc/arm-none-eabi/14.3.1/../../../../arm-none-eabi/lib/thumb/v7e-m+fp/hard\libm.a(libm_a-kf_cos.o)
                              D:/Program/STM32CubeCLT_1.22.0/GNU-tools-for-STM32/bin/../lib/gcc/arm-none-eabi/14.3.1/../../../../arm-none-eabi/lib/thumb/v7e-m+fp/hard\libm.a(libm_a-sf_cos.o) (__kernel_cosf)
D:/Program/STM32CubeCLT_1.22.0/GNU-tools-for-STM32/bin/../lib/gcc/arm-none-eabi/14.3.1/../../../../arm-none-eabi/lib/thumb/v7e-m+fp/hard\libm.a(libm_a-kf_sin.o)
                              D:/Program/STM32CubeCLT_1.22.0/GNU-tools-for-STM32/bin/../lib/gcc/arm-none-eabi/14.3.1/../../../../arm-none-eabi/lib/thumb/v7e-m+fp/hard\libm.a(libm_a-sf_cos.o) (__kernel_sinf)
D:/Program/STM32CubeCLT_1.22.0/GNU-tools-for-STM32/bin/../lib/gcc/arm-none-eabi/14.3.1/../../../../arm-none-eabi/lib/thumb/v7e-m+fp/hard\libm.a(libm_a-ef_atan2.o)
                              D:/Program/STM32CubeCLT_1.22.0/GNU-tools-for-STM32/bin/../lib/gcc/arm-none-eabi/14.3.1/../../../../arm-none-eabi/lib/thumb/v7e-m+fp/hard\libm.a(libm_a-wf_atan2.o) (__ieee754_atan2f)
D:/Program/STM32CubeCLT_1.22.0/GNU-tools-for-STM32/bin/../lib/gcc/arm-none-eabi/14.3.1/../../../../arm-none-eabi/lib/thumb/v7e-m+fp/hard\libm.a(libm_a-ef_rem_pio2.o)
                              D:/Program/STM32CubeCLT_1.22.0/GNU-tools-for-STM32/bin/../lib/gcc/arm-none-eabi/14.3.1/../../../../arm-none-eabi/lib/thumb/v7e-m+fp/hard\libm.a(libm_a-sf_cos.o) (__ieee754_rem_pio2f)
D:/Program/STM32CubeCLT_1.22.0/GNU-tools-for-STM32/bin/../lib/gcc/arm-none-eabi/14.3.1/../../../../arm-none-eabi/lib/thumb/v7e-m+fp/hard\libm.a(libm_a-sf_atan.o)
                              D:/Program/STM32CubeCLT_1.22.0/GNU-tools-for-STM32/bin/../lib/gcc/arm-none-eabi/14.3.1/../../../../arm-none-eabi/lib/thumb/v7e-m+fp/hard\libm.a(libm_a-ef_atan2.o) (atanf)
D:/Program/STM32CubeCLT_1.22.0/GNU-tools-for-STM32/bin/../lib/gcc/arm-none-eabi/14.3.1/../../../../arm-none-eabi/lib/thumb/v7e-m+fp/hard\libm.a(libm_a-sf_fabs.o)
                              D:/Program/STM32CubeCLT_1.22.0/GNU-tools-for-STM32/bin/../lib/gcc/arm-none-eabi/14.3.1/../../../../arm-none-eabi/lib/thumb/v7e-m+fp/hard\libm.a(libm_a-ef_atan2.o) (fabsf)
D:/Program/STM32CubeCLT_1.22.0/GNU-tools-for-STM32/bin/../lib/gcc/arm-none-eabi/14.3.1/../../../../arm-none-eabi/lib/thumb/v7e-m+fp/hard\libm.a(libm_a-kf_rem_pio2.o)
                              D:/Program/STM32CubeCLT_1.22.0/GNU-tools-for-STM32/bin/../lib/gcc/arm-none-eabi/14.3.1/../../../../arm-none-eabi/lib/thumb/v7e-m+fp/hard\libm.a(libm_a-ef_rem_pio2.o) (__kernel_rem_pio2f)
D:/Program/STM32CubeCLT_1.22.0/GNU-tools-for-STM32/bin/../lib/gcc/arm-none-eabi/14.3.1/../../../../arm-none-eabi/lib/thumb/v7e-m+fp/hard\libm.a(libm_a-sf_scalbn.o)
                              D:/Program/STM32CubeCLT_1.22.0/GNU-tools-for-STM32/bin/../lib/gcc/arm-none-eabi/14.3.1/../../../../arm-none-eabi/lib/thumb/v7e-m+fp/hard\libm.a(libm_a-kf_rem_pio2.o) (scalbnf)
D:/Program/STM32CubeCLT_1.22.0/GNU-tools-for-STM32/bin/../lib/gcc/arm-none-eabi/14.3.1/../../../../arm-none-eabi/lib/thumb/v7e-m+fp/hard\libm.a(libm_a-sf_floor.o)
                              D:/Program/STM32CubeCLT_1.22.0/GNU-tools-for-STM32/bin/../lib/gcc/arm-none-eabi/14.3.1/../../../../arm-none-eabi/lib/thumb/v7e-m+fp/hard\libm.a(libm_a-kf_rem_pio2.o) (floorf)
[...]
Memory Configuration

Name             Origin             Length             Attributes
RAM              0x20000000         0x00018000         xrw
CCMRAM           0x10000000         0x00004000         xrw
FLASH            0x08000000         0x00080000         xr
*default*        0x00000000         0xffffffff

Linker script and memory map

LOAD D:/Program/STM32CubeCLT_1.22.0/GNU-tools-for-STM32/bin/../lib/gcc/arm-none-eabi/14.3.1/thumb/v7e-m+fp/hard/crti.o
LOAD D:/Program/STM32CubeCLT_1.22.0/GNU-tools-for-STM32/bin/../lib/gcc/arm-none-eabi/14.3.1/thumb/v7e-m+fp/hard/crtbegin.o
LOAD D:/Program/STM32CubeCLT_1.22.0/GNU-tools-for-STM32/bin/../lib/gcc/arm-none-eabi/14.3.1/../../../../arm-none-eabi/lib/thumb/v7e-m+fp/hard/crt0.o
LOAD CMakeFiles/ST_Car.dir/Core/Src/main.c.obj
LOAD CMakeFiles/ST_Car.dir/Core/Src/gpio.c.obj
LOAD CMakeFiles/ST_Car.dir/Core/Src/dma.c.obj
LOAD CMakeFiles/ST_Car.dir/Core/Src/i2c.c.obj
LOAD CMakeFiles/ST_Car.dir/Core/Src/usart.c.obj
LOAD CMakeFiles/ST_Car.dir/Core/Src/tim.c.obj
LOAD CMakeFiles/ST_Car.dir/Core/Src/stm32g4xx_it.c.obj
LOAD CMakeFiles/ST_Car.dir/Core/Src/stm32g4xx_hal_msp.c.obj
LOAD CMakeFiles/ST_Car.dir/Core/Src/system_stm32g4xx.c.obj
LOAD CMakeFiles/ST_Car.dir/Core/Src/motor.c.obj
LOAD CMakeFiles/ST_Car.dir/Core/Src/stepper.c.obj
LOAD CMakeFiles/ST_Car.dir/Core/Src/encoder.c.obj
LOAD CMakeFiles/ST_Car.dir/Core/Src/pid.c.obj
LOAD CMakeFiles/ST_Car.dir/Core/Src/vision_uart.c.obj
LOAD CMakeFiles/ST_Car.dir/Core/Src/line_sensor.c.obj
LOAD CMakeFiles/ST_Car.dir/Core/Src/button.c.obj
LOAD CMakeFiles/ST_Car.dir/Core/Src/oled_display.c.obj
LOAD CMakeFiles/ST_Car.dir/Core/Src/control_loops.c.obj
LOAD CMakeFiles/ST_Car.dir/Core/Src/safety_monitor.c.obj
LOAD CMakeFiles/ST_Car.dir/Core/Src/telemetry.c.obj
LOAD CMakeFiles/ST_Car.dir/Core/Src/bench_debug.c.obj
LOAD CMakeFiles/ST_Car.dir/Core/Src/app.c.obj
LOAD CMakeFiles/ST_Car.dir/Core/Src/mpu.c.obj
LOAD CMakeFiles/ST_Car.dir/Core/Src/yaw.c.obj
LOAD CMakeFiles/ST_Car.dir/Drivers/BSP/STM32G4xx_Nucleo/stm32g4xx_nucleo.c.obj
LOAD CMakeFiles/ST_Car.dir/Drivers/STM32G4xx_HAL_Driver/Src/stm32g4xx_hal.c.obj
LOAD CMakeFiles/ST_Car.dir/Drivers/STM32G4xx_HAL_Driver/Src/stm32g4xx_hal_rcc.c.obj
LOAD CMakeFiles/ST_Car.dir/Drivers/STM32G4xx_HAL_Driver/Src/stm32g4xx_hal_rcc_ex.c.obj
LOAD CMakeFiles/ST_Car.dir/Drivers/STM32G4xx_HAL_Driver/Src/stm32g4xx_hal_flash.c.obj
LOAD CMakeFiles/ST_Car.dir/Drivers/STM32G4xx_HAL_Driver/Src/stm32g4xx_hal_flash_ex.c.obj
LOAD CMakeFiles/ST_Car.dir/Drivers/STM32G4xx_HAL_Driver/Src/stm32g4xx_hal_flash_ramfunc.c.obj
LOAD CMakeFiles/ST_Car.dir/Drivers/STM32G4xx_HAL_Driver/Src/stm32g4xx_hal_gpio.c.obj
LOAD CMakeFiles/ST_Car.dir/Drivers/STM32G4xx_HAL_Driver/Src/stm32g4xx_hal_exti.c.obj
LOAD CMakeFiles/ST_Car.dir/Drivers/STM32G4xx_HAL_Driver/Src/stm32g4xx_hal_dma.c.obj
LOAD CMakeFiles/ST_Car.dir/Drivers/STM32G4xx_HAL_Driver/Src/stm32g4xx_hal_dma_ex.c.obj
LOAD CMakeFiles/ST_Car.dir/Drivers/STM32G4xx_HAL_Driver/Src/stm32g4xx_hal_pwr.c.obj
LOAD CMakeFiles/ST_Car.dir/Drivers/STM32G4xx_HAL_Driver/Src/stm32g4xx_hal_pwr_ex.c.obj
LOAD CMakeFiles/ST_Car.dir/Drivers/STM32G4xx_HAL_Driver/Src/stm32g4xx_hal_cortex.c.obj
LOAD CMakeFiles/ST_Car.dir/Drivers/STM32G4xx_HAL_Driver/Src/stm32g4xx_hal_tim.c.obj
LOAD CMakeFiles/ST_Car.dir/Drivers/STM32G4xx_HAL_Driver/Src/stm32g4xx_hal_tim_ex.c.obj
LOAD CMakeFiles/ST_Car.dir/Drivers/STM32G4xx_HAL_Driver/Src/stm32g4xx_hal_i2c.c.obj
LOAD CMakeFiles/ST_Car.dir/Drivers/STM32G4xx_HAL_Driver/Src/stm32g4xx_hal_i2c_ex.c.obj
LOAD CMakeFiles/ST_Car.dir/Drivers/STM32G4xx_HAL_Driver/Src/stm32g4xx_hal_usart.c.obj
LOAD CMakeFiles/ST_Car.dir/Drivers/STM32G4xx_HAL_Driver/Src/stm32g4xx_hal_usart_ex.c.obj
LOAD CMakeFiles/ST_Car.dir/Drivers/STM32G4xx_HAL_Driver/Src/stm32g4xx_hal_uart.c.obj
LOAD CMakeFiles/ST_Car.dir/Drivers/STM32G4xx_HAL_Driver/Src/stm32g4xx_hal_uart_ex.c.obj
LOAD CMakeFiles/ST_Car.dir/Drivers/CMSIS/Device/ST/STM32G4xx/Source/Templates/gcc/startup_stm32g491xx.s.obj
LOAD D:/Program/STM32CubeCLT_1.22.0/GNU-tools-for-STM32/bin/../lib/gcc/arm-none-eabi/14.3.1/../../../../arm-none-eabi/lib/thumb/v7e-m+fp/hard\libm.a
START GROUP
LOAD D:/Program/STM32CubeCLT_1.22.0/GNU-tools-for-STM32/bin/../lib/gcc/arm-none-eabi/14.3.1/thumb/v7e-m+fp/hard\libgcc.a
LOAD D:/Program/STM32CubeCLT_1.22.0/GNU-tools-for-STM32/bin/../lib/gcc/arm-none-eabi/14.3.1/../../../../arm-none-eabi/lib/thumb/v7e-m+fp/hard\libc_nano.a
END GROUP
START GROUP
LOAD D:/Program/STM32CubeCLT_1.22.0/GNU-tools-for-STM32/bin/../lib/gcc/arm-none-eabi/14.3.1/thumb/v7e-m+fp/hard\libgcc.a
LOAD D:/Program/STM32CubeCLT_1.22.0/GNU-tools-for-STM32/bin/../lib/gcc/arm-none-eabi/14.3.1/../../../../arm-none-eabi/lib/thumb/v7e-m+fp/hard\libc_nano.a
LOAD D:/Program/STM32CubeCLT_1.22.0/GNU-tools-for-STM32/bin/../lib/gcc/arm-none-eabi/14.3.1/../../../../arm-none-eabi/lib/thumb/v7e-m+fp/hard\libnosys.a
END GROUP
START GROUP
LOAD D:/Program/STM32CubeCLT_1.22.0/GNU-tools-for-STM32/bin/../lib/gcc/arm-none-eabi/14.3.1/thumb/v7e-m+fp/hard\libgcc.a
LOAD D:/Program/STM32CubeCLT_1.22.0/GNU-tools-for-STM32/bin/../lib/gcc/arm-none-eabi/14.3.1/../../../../arm-none-eabi/lib/thumb/v7e-m+fp/hard\libc_nano.a
LOAD D:/Program/STM32CubeCLT_1.22.0/GNU-tools-for-STM32/bin/../lib/gcc/arm-none-eabi/14.3.1/../../../../arm-none-eabi/lib/thumb/v7e-m+fp/hard\libnosys.a
END GROUP
LOAD D:/Program/STM32CubeCLT_1.22.0/GNU-tools-for-STM32/bin/../lib/gcc/arm-none-eabi/14.3.1/thumb/v7e-m+fp/hard/crtend.o
LOAD D:/Program/STM32CubeCLT_1.22.0/GNU-tools-for-STM32/bin/../lib/gcc/arm-none-eabi/14.3.1/thumb/v7e-m+fp/hard/crtn.o
                0x20018000                        _estack = (ORIGIN (RAM) + LENGTH (RAM))
                0x00000200                        _Min_Heap_Size = 0x200
                0x00000400                        _Min_Stack_Size = 0x400

.isr_vector     0x08000000      0x1d8
                0x08000000                        . = ALIGN (0x4)
 *(.isr_vector)
 .isr_vector    0x08000000      0x1d8 CMakeFiles/ST_Car.dir/Drivers/CMSIS/Device/ST/STM32G4xx/Source/Templates/gcc/startup_stm32g491xx.s.obj
                0x08000000                g_pfnVectors
                0x080001d8                        . = ALIGN (0x4)

.text           0x080001e0     0xe754
                0x080001e0                        . = ALIGN (0x4)
 *(.text)
 .text          0x080001e0       0x40 D:/Program/STM32CubeCLT_1.22.0/GNU-tools-for-STM32/bin/../lib/gcc/arm-none-eabi/14.3.1/thumb/v7e-m+fp/hard/crtbegin.o
 .text          0x08000220      0x378 D:/Program/STM32CubeCLT_1.22.0/GNU-tools-for-STM32/bin/../lib/gcc/arm-none-eabi/14.3.1/thumb/v7e-m+fp/hard\libgcc.a(_arm_addsubdf3.o)
                0x08000220                __aeabi_drsub
                0x08000228                __aeabi_dsub
                0x08000228                __subdf3
                0x0800022c                __aeabi_dadd
                0x0800022c                __adddf3
                0x080004a4                __floatunsidf
                0x080004a4                __aeabi_ui2d
                0x080004c4                __floatsidf
                0x080004c4                __aeabi_i2d
                0x080004e8                __aeabi_f2d
                0x080004e8                __extendsfdf2
                0x0800052c                __floatundidf
                0x0800052c                __aeabi_ul2d
                0x0800053c                __floatdidf
                0x0800053c                __aeabi_l2d
 .text          0x08000598      0x424 D:/Program/STM32CubeCLT_1.22.0/GNU-tools-for-STM32/bin/../lib/gcc/arm-none-eabi/14.3.1/thumb/v7e-m+fp/hard\libgcc.a(_arm_muldivdf3.o)
                0x08000598                __aeabi_dmul
                0x08000598                __muldf3
                0x080007ec                __divdf3
                0x080007ec                __aeabi_ddiv
 .text          0x080009bc       0xa0 D:/Program/STM32CubeCLT_1.22.0/GNU-tools-for-STM32/bin/../lib/gcc/arm-none-eabi/14.3.1/thumb/v7e-m+fp/hard\libgcc.a(_arm_truncdfsf2.o)
                0x080009bc                __truncdfsf2
                0x080009bc                __aeabi_d2f
 .text          0x08000a5c      0x21c D:/Program/STM32CubeCLT_1.22.0/GNU-tools-for-STM32/bin/../lib/gcc/arm-none-eabi/14.3.1/thumb/v7e-m+fp/hard\libgcc.a(_arm_addsubsf3.o)
                0x08000a5c                __aeabi_frsub
                0x08000a64                __subsf3
                0x08000a64                __aeabi_fsub
                0x08000a68                __aeabi_fadd
                0x08000a68                __addsf3
                0x08000bc8                __aeabi_ui2f
                0x08000bc8                __floatunsisf
                0x08000bd0                __aeabi_i2f
                0x08000bd0                __floatsisf
                0x08000bec                __aeabi_ul2f
                0x08000bec                __floatundisf
                0x08000bfc                __aeabi_l2f
                0x08000bfc                __floatdisf
 .text          0x08000c78       0x30 D:/Program/STM32CubeCLT_1.22.0/GNU-tools-for-STM32/bin/../lib/gcc/arm-none-eabi/14.3.1/thumb/v7e-m+fp/hard\libgcc.a(_aeabi_uldivmod.o)
                0x08000c78                __aeabi_uldivmod
 .text          0x08000ca8      0x2f8 D:/Program/STM32CubeCLT_1.22.0/GNU-tools-for-STM32/bin/../lib/gcc/arm-none-eabi/14.3.1/thumb/v7e-m+fp/hard\libgcc.a(_udivmoddi4.o)
                0x08000ca8                __udivmoddi4
 .text          0x08000fa0        0x4 D:/Program/STM32CubeCLT_1.22.0/GNU-tools-for-STM32/bin/../lib/gcc/arm-none-eabi/14.3.1/thumb/v7e-m+fp/hard\libgcc.a(_dvmd_tls.o)
                0x08000fa0                __aeabi_idiv0
                0x08000fa0                __aeabi_ldiv0
 .text          0x08000fa4       0x14 D:/Program/STM32CubeCLT_1.22.0/GNU-tools-for-STM32/bin/../lib/gcc/arm-none-eabi/14.3.1/../../../../arm-none-eabi/lib/thumb/v7e-m+fp/hard\libc_nano.a(libc_a-strcmp.o)
                0x08000fa4                strcmp
 *fill*         0x08000fb8        0x8 
 .text          0x08000fc0       0xa0 D:/Program/STM32CubeCLT_1.22.0/GNU-tools-for-STM32/bin/../lib/gcc/arm-none-eabi/14.3.1/../../../../arm-none-eabi/lib/thumb/v7e-m+fp/hard\libc_nano.a(libc_a-memchr.o)
                0x08000fc0                memchr
 .text          0x08001060       0x10 D:/Program/STM32CubeCLT_1.22.0/GNU-tools-for-STM32/bin/../lib/gcc/arm-none-eabi/14.3.1/../../../../arm-none-eabi/lib/thumb/v7e-m+fp/hard\libc_nano.a(libc_a-strlen.o)
                0x08001060                strlen
 .text          0x08001070      0x110 D:/Program/STM32CubeCLT_1.22.0/GNU-tools-for-STM32/bin/../lib/gcc/arm-none-eabi/14.3.1/thumb/v7e-m+fp/hard\libgcc.a(_arm_cmpdf2.o)
                0x08001070                __gtdf2
                0x08001070                __gedf2
                0x08001078                __ltdf2
                0x08001078                __ledf2
                0x08001080                __nedf2
                0x08001080                __eqdf2
                0x08001080                __cmpdf2
                0x080010fc                __aeabi_cdrcmple
                0x0800110c                __aeabi_cdcmpeq
                0x0800110c                __aeabi_cdcmple
                0x0800111c                __aeabi_dcmpeq
                0x08001130                __aeabi_dcmplt
                0x08001144                __aeabi_dcmple
                0x08001158                __aeabi_dcmpge
                0x0800116c                __aeabi_dcmpgt
 .text          0x08001180       0x2c D:/Program/STM32CubeCLT_1.22.0/GNU-tools-for-STM32/bin/../lib/gcc/arm-none-eabi/14.3.1/thumb/v7e-m+fp/hard\libgcc.a(_arm_unorddf2.o)
                0x08001180                __unorddf2
                0x08001180                __aeabi_dcmpun
 .text          0x080011ac       0x50 D:/Program/STM32CubeCLT_1.22.0/GNU-tools-for-STM32/bin/../lib/gcc/arm-none-eabi/14.3.1/thumb/v7e-m+fp/hard\libgcc.a(_arm_fixdfsi.o)
                0x080011ac                __aeabi_d2iz
                0x080011ac                __fixdfsi
 .text          0x080011fc       0x40 D:/Program/STM32CubeCLT_1.22.0/GNU-tools-for-STM32/bin/../lib/gcc/arm-none-eabi/14.3.1/thumb/v7e-m+fp/hard\libgcc.a(_arm_fixunsdfsi.o)
                0x080011fc                __aeabi_d2uiz
                0x080011fc                __fixunsdfsi
 .text          0x0800123c       0x30 D:/Program/STM32CubeCLT_1.22.0/GNU-tools-for-STM32/bin/../lib/gcc/arm-none-eabi/14.3.1/thumb/v7e-m+fp/hard\libgcc.a(_fixdfdi.o)
                0x0800123c                __fixdfdi
                0x0800123c                __aeabi_d2lz
 .text          0x0800126c       0x3c D:/Program/STM32CubeCLT_1.22.0/GNU-tools-for-STM32/bin/../lib/gcc/arm-none-eabi/14.3.1/thumb/v7e-m+fp/hard\libgcc.a(_fixunsdfdi.o)
                0x0800126c                __fixunsdfdi
                0x0800126c                __aeabi_d2ulz
 *(.text*)
 .text.Error_Handler
                0x080012a8       0x3c CMakeFiles/ST_Car.dir/Core/Src/main.c.obj
                0x080012a8                Error_Handler
 .text.SystemClock_Config
                0x080012e4       0x68 CMakeFiles/ST_Car.dir/Core/Src/main.c.obj
                0x080012e4                SystemClock_Config
 .text.startup.main
                0x0800134c       0x40 CMakeFiles/ST_Car.dir/Core/Src/main.c.obj
                0x0800134c                main
 .text.MX_GPIO_Init
                0x0800138c      0x140 CMakeFiles/ST_Car.dir/Core/Src/gpio.c.obj
                0x0800138c                MX_GPIO_Init
 .text.MX_DMA_Init
                0x080014cc       0x44 CMakeFiles/ST_Car.dir/Core/Src/dma.c.obj
                0x080014cc                MX_DMA_Init
 .text.I2C_CommonInit
                0x08001510       0x4c CMakeFiles/ST_Car.dir/Core/Src/i2c.c.obj
 .text.MX_I2C1_Init
                0x0800155c       0x14 CMakeFiles/ST_Car.dir/Core/Src/i2c.c.obj
                0x0800155c                MX_I2C1_Init
 .text.MX_I2C3_Init
                0x08001570       0x14 CMakeFiles/ST_Car.dir/Core/Src/i2c.c.obj
                0x08001570                MX_I2C3_Init
 .text.HAL_I2C_MspInit
                0x08001584      0x100 CMakeFiles/ST_Car.dir/Core/Src/i2c.c.obj
                0x08001584                HAL_I2C_MspInit
 .text.UART_CommonInit
                0x08001684       0x56 CMakeFiles/ST_Car.dir/Core/Src/usart.c.obj
 *fill*         0x080016da        0x2 
 .text.MX_LPUART1_UART_Init
                0x080016dc       0x14 CMakeFiles/ST_Car.dir/Core/Src/usart.c.obj
                0x080016dc                MX_LPUART1_UART_Init
 .text.MX_UART4_Init
                0x080016f0       0x14 CMakeFiles/ST_Car.dir/Core/Src/usart.c.obj
                0x080016f0                MX_UART4_Init
 .text.HAL_UART_MspInit
                0x08001704      0x13c CMakeFiles/ST_Car.dir/Core/Src/usart.c.obj
                0x08001704                HAL_UART_MspInit
 .text.EncoderTimer_Init
                0x08001840       0x5c CMakeFiles/ST_Car.dir/Core/Src/tim.c.obj
 .text.MX_TIM2_Init
                0x0800189c       0x14 CMakeFiles/ST_Car.dir/Core/Src/tim.c.obj
                0x0800189c                MX_TIM2_Init
 .text.MX_TIM3_Init
                0x080018b0       0x14 CMakeFiles/ST_Car.dir/Core/Src/tim.c.obj
                0x080018b0                MX_TIM3_Init
 .text.MX_TIM4_Init
                0x080018c4       0x14 CMakeFiles/ST_Car.dir/Core/Src/tim.c.obj
                0x080018c4                MX_TIM4_Init
 .text.HAL_TIM_Encoder_MspInit
                0x080018d8       0xd0 CMakeFiles/ST_Car.dir/Core/Src/tim.c.obj
                0x080018d8                HAL_TIM_Encoder_MspInit
 .text.HAL_TIM_Base_MspInit
                0x080019a8       0x28 CMakeFiles/ST_Car.dir/Core/Src/tim.c.obj
                0x080019a8                HAL_TIM_Base_MspInit
 .text.HAL_TIM_PWM_MspInit
                0x080019d0       0x28 CMakeFiles/ST_Car.dir/Core/Src/tim.c.obj
                0x080019d0                HAL_TIM_PWM_MspInit
 .text.HAL_TIM_MspPostInit
                0x080019f8       0x8c CMakeFiles/ST_Car.dir/Core/Src/tim.c.obj
                0x080019f8                HAL_TIM_MspPostInit
 .text.MX_TIM1_Init
                0x08001a84       0xf8 CMakeFiles/ST_Car.dir/Core/Src/tim.c.obj
                0x08001a84                MX_TIM1_Init
 .text.MX_TIM15_Init
                0x08001b7c       0x80 CMakeFiles/ST_Car.dir/Core/Src/tim.c.obj
                0x08001b7c                MX_TIM15_Init
 .text.NMI_Handler
                0x08001bfc        0x2 CMakeFiles/ST_Car.dir/Core/Src/stm32g4xx_it.c.obj
                0x08001bfc                NMI_Handler
 .text.HardFault_Handler
                0x08001bfe        0x2 CMakeFiles/ST_Car.dir/Core/Src/stm32g4xx_it.c.obj
                0x08001bfe                HardFault_Handler
 .text.MemManage_Handler
                0x08001c00        0x2 CMakeFiles/ST_Car.dir/Core/Src/stm32g4xx_it.c.obj
                0x08001c00                MemManage_Handler
 .text.BusFault_Handler
                0x08001c02        0x2 CMakeFiles/ST_Car.dir/Core/Src/stm32g4xx_it.c.obj
                0x08001c02                BusFault_Handler
 .text.UsageFault_Handler
                0x08001c04        0x2 CMakeFiles/ST_Car.dir/Core/Src/stm32g4xx_it.c.obj
                0x08001c04                UsageFault_Handler
 .text.SVC_Handler
                0x08001c06        0x2 CMakeFiles/ST_Car.dir/Core/Src/stm32g4xx_it.c.obj
                0x08001c06                SVC_Handler
 .text.DebugMon_Handler
                0x08001c08        0x2 CMakeFiles/ST_Car.dir/Core/Src/stm32g4xx_it.c.obj
                0x08001c08                DebugMon_Handler
 .text.PendSV_Handler
                0x08001c0a        0x2 CMakeFiles/ST_Car.dir/Core/Src/stm32g4xx_it.c.obj
                0x08001c0a                PendSV_Handler
 .text.SysTick_Handler
                0x08001c0c        0x4 CMakeFiles/ST_Car.dir/Core/Src/stm32g4xx_it.c.obj
                0x08001c0c                SysTick_Handler
 .text.DMA1_Channel1_IRQHandler
                0x08001c10        0xc CMakeFiles/ST_Car.dir/Core/Src/stm32g4xx_it.c.obj
                0x08001c10                DMA1_Channel1_IRQHandler
 .text.I2C1_EV_IRQHandler
                0x08001c1c        0xc CMakeFiles/ST_Car.dir/Core/Src/stm32g4xx_it.c.obj
                0x08001c1c                I2C1_EV_IRQHandler
 .text.I2C1_ER_IRQHandler
                0x08001c28        0xc CMakeFiles/ST_Car.dir/Core/Src/stm32g4xx_it.c.obj
                0x08001c28                I2C1_ER_IRQHandler
 .text.EXTI15_10_IRQHandler
                0x08001c34        0x8 CMakeFiles/ST_Car.dir/Core/Src/stm32g4xx_it.c.obj
                0x08001c34                EXTI15_10_IRQHandler
 .text.UART4_IRQHandler
                0x08001c3c        0xc CMakeFiles/ST_Car.dir/Core/Src/stm32g4xx_it.c.obj
                0x08001c3c                UART4_IRQHandler
 .text.LPUART1_IRQHandler
                0x08001c48        0xc CMakeFiles/ST_Car.dir/Core/Src/stm32g4xx_it.c.obj
                0x08001c48                LPUART1_IRQHandler
 .text.HAL_MspInit
                0x08001c54       0x34 CMakeFiles/ST_Car.dir/Core/Src/stm32g4xx_hal_msp.c.obj
                0x08001c54                HAL_MspInit
 .text.SystemInit
                0x08001c88       0x14 CMakeFiles/ST_Car.dir/Core/Src/system_stm32g4xx.c.obj
                0x08001c88                SystemInit
 .text.Motor_Coast.part.0
                0x08001c9c       0x70 CMakeFiles/ST_Car.dir/Core/Src/motor.c.obj
 .text.Motor_EnableChassis
                0x08001d0c       0x24 CMakeFiles/ST_Car.dir/Core/Src/motor.c.obj
                0x08001d0c                Motor_EnableChassis
 .text.Motor_Brake
                0x08001d30       0x74 CMakeFiles/ST_Car.dir/Core/Src/motor.c.obj
                0x08001d30                Motor_Brake
 .text.Motor_Set
                0x08001da4       0xec CMakeFiles/ST_Car.dir/Core/Src/motor.c.obj
                0x08001da4                Motor_Set
 .text.Motor_EmergencyStop
                0x08001e90       0x38 CMakeFiles/ST_Car.dir/Core/Src/motor.c.obj
                0x08001e90                Motor_EmergencyStop
 .text.Motor_Init
                0x08001ec8       0x2c CMakeFiles/ST_Car.dir/Core/Src/motor.c.obj
                0x08001ec8                Motor_Init
 .text.StopPulseTimer
                0x08001ef4       0x38 CMakeFiles/ST_Car.dir/Core/Src/stepper.c.obj
 .text.Stepper_Init
                0x08001f2c       0x64 CMakeFiles/ST_Car.dir/Core/Src/stepper.c.obj
                0x08001f2c                Stepper_Init
 .text.Stepper_Enable
                0x08001f90       0x2c CMakeFiles/ST_Car.dir/Core/Src/stepper.c.obj
                0x08001f90                Stepper_Enable
 .text.Stepper_SetRate
                0x08001fbc       0xfc CMakeFiles/ST_Car.dir/Core/Src/stepper.c.obj
                0x08001fbc                Stepper_SetRate
 .text.Stepper_Stop
                0x080020b8       0x10 CMakeFiles/ST_Car.dir/Core/Src/stepper.c.obj
                0x080020b8                Stepper_Stop
 .text.Stepper_GetStatus
                0x080020c8        0x8 CMakeFiles/ST_Car.dir/Core/Src/stepper.c.obj
                0x080020c8                Stepper_GetStatus
 .text.Encoder_Init
                0x080020d0       0x50 CMakeFiles/ST_Car.dir/Core/Src/encoder.c.obj
                0x080020d0                Encoder_Init
 .text.Encoder_Update
                0x08002120       0xa0 CMakeFiles/ST_Car.dir/Core/Src/encoder.c.obj
                0x08002120                Encoder_Update
 .text.Encoder_Get
                0x080021c0       0x14 CMakeFiles/ST_Car.dir/Core/Src/encoder.c.obj
                0x080021c0                Encoder_Get
 .text.Encoder_Reset
                0x080021d4       0x38 CMakeFiles/ST_Car.dir/Core/Src/encoder.c.obj
                0x080021d4                Encoder_Reset
 .text.PID_Reset
                0x0800220c        0xe CMakeFiles/ST_Car.dir/Core/Src/pid.c.obj
                0x0800220c                PID_Reset
 .text.PID_Init
                0x0800221a       0x1c CMakeFiles/ST_Car.dir/Core/Src/pid.c.obj
                0x0800221a                PID_Init
 *fill*         0x08002236        0x2 
 .text.PID_Update
                0x08002238       0xe0 CMakeFiles/ST_Car.dir/Core/Src/pid.c.obj
                0x08002238                PID_Update
 .text.ParseFloat
                0x08002318       0xa4 CMakeFiles/ST_Car.dir/Core/Src/vision_uart.c.obj
 .text.FeedByte
                0x080023bc      0x278 CMakeFiles/ST_Car.dir/Core/Src/vision_uart.c.obj
 .text.VisionUART_Init
                0x08002634       0x6c CMakeFiles/ST_Car.dir/Core/Src/vision_uart.c.obj
                0x08002634                VisionUART_Init
 .text.VisionUART_Service
                0x080026a0       0x54 CMakeFiles/ST_Car.dir/Core/Src/vision_uart.c.obj
                0x080026a0                VisionUART_Service
 .text.VisionUART_GetSnapshot
                0x080026f4       0x30 CMakeFiles/ST_Car.dir/Core/Src/vision_uart.c.obj
                0x080026f4                VisionUART_GetSnapshot
 .text.VisionUART_GetCurrentMeasurement
                0x08002724       0x30 CMakeFiles/ST_Car.dir/Core/Src/vision_uart.c.obj
                0x08002724                VisionUART_GetCurrentMeasurement
 .text.VisionUART_IsFresh
                0x08002754       0x20 CMakeFiles/ST_Car.dir/Core/Src/vision_uart.c.obj
                0x08002754                VisionUART_IsFresh
 .text.VisionUART_ConsumeNewFrame
                0x08002774       0x50 CMakeFiles/ST_Car.dir/Core/Src/vision_uart.c.obj
                0x08002774                VisionUART_ConsumeNewFrame
 .text.VisionUART_RxEventCallback
                0x080027c4       0x50 CMakeFiles/ST_Car.dir/Core/Src/vision_uart.c.obj
                0x080027c4                VisionUART_RxEventCallback
 .text.VisionUART_ErrorCallback
                0x08002814        0xc CMakeFiles/ST_Car.dir/Core/Src/vision_uart.c.obj
                0x08002814                VisionUART_ErrorCallback
 .text.LineSensor_Update
                0x08002820       0x9c CMakeFiles/ST_Car.dir/Core/Src/line_sensor.c.obj
                0x08002820                LineSensor_Update
 .text.LineSensor_Get
                0x080028bc        0x8 CMakeFiles/ST_Car.dir/Core/Src/line_sensor.c.obj
                0x080028bc                LineSensor_Get
 .text.Button_Init
                0x080028c4       0x54 CMakeFiles/ST_Car.dir/Core/Src/button.c.obj
                0x080028c4                Button_Init
 .text.Button_Update
                0x08002918       0x84 CMakeFiles/ST_Car.dir/Core/Src/button.c.obj
                0x08002918                Button_Update
 .text.Button_TakeEvent
                0x0800299c       0x1c CMakeFiles/ST_Car.dir/Core/Src/button.c.obj
                0x0800299c                Button_TakeEvent
 .text.Button_IsRawPressed
                0x080029b8       0x18 CMakeFiles/ST_Car.dir/Core/Src/button.c.obj
                0x080029b8                Button_IsRawPressed
 .text.Button_DiscardEvents
                0x080029d0       0x10 CMakeFiles/ST_Car.dir/Core/Src/button.c.obj
                0x080029d0                Button_DiscardEvents
 .text.PutString
                0x080029e0       0xcc CMakeFiles/ST_Car.dir/Core/Src/oled_display.c.obj
 .text.StartCommand
                0x08002aac       0x50 CMakeFiles/ST_Car.dir/Core/Src/oled_display.c.obj
 .text.OledDisplay_Init
                0x08002afc       0x40 CMakeFiles/ST_Car.dir/Core/Src/oled_display.c.obj
                0x08002afc                OledDisplay_Init
 .text.OledDisplay_Service
                0x08002b3c      0x310 CMakeFiles/ST_Car.dir/Core/Src/oled_display.c.obj
                0x08002b3c                OledDisplay_Service
 .text.OledDisplay_GetAddress
                0x08002e4c        0xc CMakeFiles/ST_Car.dir/Core/Src/oled_display.c.obj
                0x08002e4c                OledDisplay_GetAddress
 .text.HAL_I2C_MasterTxCpltCallback
                0x08002e58       0x18 CMakeFiles/ST_Car.dir/Core/Src/oled_display.c.obj
                0x08002e58                HAL_I2C_MasterTxCpltCallback
 .text.HAL_I2C_ErrorCallback
                0x08002e70       0x18 CMakeFiles/ST_Car.dir/Core/Src/oled_display.c.obj
                0x08002e70                HAL_I2C_ErrorCallback
 .text.ResetBallPid
                0x08002e88       0xa4 CMakeFiles/ST_Car.dir/Core/Src/control_loops.c.obj
 .text.ResetMovingZero
                0x08002f2c       0x48 CMakeFiles/ST_Car.dir/Core/Src/control_loops.c.obj
 .text.ControlLoops_Reset
                0x08002f74       0x8c CMakeFiles/ST_Car.dir/Core/Src/control_loops.c.obj
                0x08002f74                ControlLoops_Reset
 .text.ControlLoops_Init
                0x08003000       0xfc CMakeFiles/ST_Car.dir/Core/Src/control_loops.c.obj
                0x08003000                ControlLoops_Init
 .text.ControlLoops_EnableChassis
                0x080030fc       0x44 CMakeFiles/ST_Car.dir/Core/Src/control_loops.c.obj
                0x080030fc                ControlLoops_EnableChassis
 .text.ControlLoops_EnableActuator
                0x08003140       0x3c CMakeFiles/ST_Car.dir/Core/Src/control_loops.c.obj
                0x08003140                ControlLoops_EnableActuator
 .text.ControlLoops_EnableBall
                0x0800317c       0x24 CMakeFiles/ST_Car.dir/Core/Src/control_loops.c.obj
                0x0800317c                ControlLoops_EnableBall
 .text.ControlLoops_StartBallSequence
                0x080031a0       0x2c CMakeFiles/ST_Car.dir/Core/Src/control_loops.c.obj
                0x080031a0                ControlLoops_StartBallSequence
 .text.ControlLoops_StartBallSequenceNegative
                0x080031cc       0x1c CMakeFiles/ST_Car.dir/Core/Src/control_loops.c.obj
                0x080031cc                ControlLoops_StartBallSequenceNegative
 .text.ControlLoops_FinishBallSequenceHold
                0x080031e8       0x18 CMakeFiles/ST_Car.dir/Core/Src/control_loops.c.obj
                0x080031e8                ControlLoops_FinishBallSequenceHold
 .text.ControlLoops_SetBaseSpeed
                0x08003200        0xc CMakeFiles/ST_Car.dir/Core/Src/control_loops.c.obj
                0x08003200                ControlLoops_SetBaseSpeed
 .text.ControlLoops_SetBallTarget
                0x0800320c       0x54 CMakeFiles/ST_Car.dir/Core/Src/control_loops.c.obj
                0x0800320c                ControlLoops_SetBallTarget
 .text.ControlLoops_SetBallGains
                0x08003260       0x60 CMakeFiles/ST_Car.dir/Core/Src/control_loops.c.obj
                0x08003260                ControlLoops_SetBallGains
 .text.ControlLoops_EnableStaticReleaseCatch
                0x080032c0       0x14 CMakeFiles/ST_Car.dir/Core/Src/control_loops.c.obj
                0x080032c0                ControlLoops_EnableStaticReleaseCatch
 .text.ControlLoops_SetBallAccelerationGain
                0x080032d4       0x1c CMakeFiles/ST_Car.dir/Core/Src/control_loops.c.obj
                0x080032d4                ControlLoops_SetBallAccelerationGain
 .text.ControlLoops_SetStepperRateLimit
                0x080032f0       0x38 CMakeFiles/ST_Car.dir/Core/Src/control_loops.c.obj
                0x080032f0                ControlLoops_SetStepperRateLimit
 .text.ControlLoops_StartMovingZero
                0x08003328       0x2c CMakeFiles/ST_Car.dir/Core/Src/control_loops.c.obj
                0x08003328                ControlLoops_StartMovingZero
 .text.ControlLoops_SetMovingZeroGains
                0x08003354       0x7c CMakeFiles/ST_Car.dir/Core/Src/control_loops.c.obj
                0x08003354                ControlLoops_SetMovingZeroGains
 .text.ControlLoops_SetMovingZeroLimits
                0x080033d0       0x68 CMakeFiles/ST_Car.dir/Core/Src/control_loops.c.obj
                0x080033d0                ControlLoops_SetMovingZeroLimits
 .text.ControlLoops_ManualStepperRun
                0x08003438       0x54 CMakeFiles/ST_Car.dir/Core/Src/control_loops.c.obj
                0x08003438                ControlLoops_ManualStepperRun
 .text.ControlLoops_LineUpdate
                0x0800348c       0xf4 CMakeFiles/ST_Car.dir/Core/Src/control_loops.c.obj
                0x0800348c                ControlLoops_LineUpdate
 .text.ControlLoops_FastUpdate
                0x08003580      0xbd0 CMakeFiles/ST_Car.dir/Core/Src/control_loops.c.obj
                0x08003580                ControlLoops_FastUpdate
 .text.ControlLoops_GetStatus
                0x08004150        0x8 CMakeFiles/ST_Car.dir/Core/Src/control_loops.c.obj
                0x08004150                ControlLoops_GetStatus
 .text.SafetyMonitor_Begin
                0x08004158       0x24 CMakeFiles/ST_Car.dir/Core/Src/safety_monitor.c.obj
                0x08004158                SafetyMonitor_Begin
 .text.SafetyMonitor_Update
                0x0800417c       0xc4 CMakeFiles/ST_Car.dir/Core/Src/safety_monitor.c.obj
                0x0800417c                SafetyMonitor_Update
 .text.Telemetry_Update
                0x08004240      0x18c CMakeFiles/ST_Car.dir/Core/Src/telemetry.c.obj
                0x08004240                Telemetry_Update
 .text.ResetActuatorDiagnostics
                0x080043cc       0x1c CMakeFiles/ST_Car.dir/Core/Src/bench_debug.c.obj
 .text.StartReceive
                0x080043e8       0x24 CMakeFiles/ST_Car.dir/Core/Src/bench_debug.c.obj
 .text.ParseFloat
                0x0800440c       0x40 CMakeFiles/ST_Car.dir/Core/Src/bench_debug.c.obj
 .text.ParseLong
                0x0800444c       0x28 CMakeFiles/ST_Car.dir/Core/Src/bench_debug.c.obj
 .text.StopOutputs
                0x08004474       0x38 CMakeFiles/ST_Car.dir/Core/Src/bench_debug.c.obj
 .text.StartBall
                0x080044ac       0x84 CMakeFiles/ST_Car.dir/Core/Src/bench_debug.c.obj
 .text.StartQueuedTransmit
                0x08004530       0x50 CMakeFiles/ST_Car.dir/Core/Src/bench_debug.c.obj
 .text.QueueMessage
                0x08004580       0x48 CMakeFiles/ST_Car.dir/Core/Src/bench_debug.c.obj
 .text.CanStartBall
                0x080045c8       0x24 CMakeFiles/ST_Car.dir/Core/Src/bench_debug.c.obj
 .text.PrintStatus
                0x080045ec      0x1dc CMakeFiles/ST_Car.dir/Core/Src/bench_debug.c.obj
 .text.EnterFault
                0x080047c8       0x34 CMakeFiles/ST_Car.dir/Core/Src/bench_debug.c.obj
 .text.BenchDebug_Init
                0x080047fc       0x54 CMakeFiles/ST_Car.dir/Core/Src/bench_debug.c.obj
                0x080047fc                BenchDebug_Init
 .text.BenchDebug_Run
                0x08004850      0xbe4 CMakeFiles/ST_Car.dir/Core/Src/bench_debug.c.obj
                0x08004850                BenchDebug_Run
 .text.BenchDebug_IsActive
                0x08005434       0x10 CMakeFiles/ST_Car.dir/Core/Src/bench_debug.c.obj
                0x08005434                BenchDebug_IsActive
 .text.BenchDebug_RequestEmergencyStop
                0x08005444        0xc CMakeFiles/ST_Car.dir/Core/Src/bench_debug.c.obj
                0x08005444                BenchDebug_RequestEmergencyStop
 .text.BenchDebug_UartRxCpltCallback
                0x08005450       0x40 CMakeFiles/ST_Car.dir/Core/Src/bench_debug.c.obj
                0x08005450                BenchDebug_UartRxCpltCallback
 .text.BenchDebug_UartTxCpltCallback
                0x08005490       0x10 CMakeFiles/ST_Car.dir/Core/Src/bench_debug.c.obj
                0x08005490                BenchDebug_UartTxCpltCallback
 .text.BenchDebug_UartErrorCallback
                0x080054a0       0x18 CMakeFiles/ST_Car.dir/Core/Src/bench_debug.c.obj
                0x080054a0                BenchDebug_UartErrorCallback
 .text.ModeNeedsLine
                0x080054b8       0x12 CMakeFiles/ST_Car.dir/Core/Src/app.c.obj
 *fill*         0x080054ca        0x2 
 .text.App_Standby
                0x080054cc       0x7c CMakeFiles/ST_Car.dir/Core/Src/app.c.obj
 .text.WheelTravelMm
                0x08005548       0x44 CMakeFiles/ST_Car.dir/Core/Src/app.c.obj
 .text.App_Stop.constprop.0
                0x0800558c       0x30 CMakeFiles/ST_Car.dir/Core/Src/app.c.obj
 .text.App_EnterFault.isra.0
                0x080055bc       0x38 CMakeFiles/ST_Car.dir/Core/Src/app.c.obj
 .text.App_RequestRequirement3
                0x080055f4       0x58 CMakeFiles/ST_Car.dir/Core/Src/app.c.obj
                0x080055f4                App_RequestRequirement3
 .text.App_Init
                0x0800564c       0x78 CMakeFiles/ST_Car.dir/Core/Src/app.c.obj
                0x0800564c                App_Init
 .text.App_Run  0x080056c4      0x76c CMakeFiles/ST_Car.dir/Core/Src/app.c.obj
                0x080056c4                App_Run
 .text.App_GetStatus
                0x08005e30        0x8 CMakeFiles/ST_Car.dir/Core/Src/app.c.obj
                0x08005e30                App_GetStatus
 .text.HAL_GPIO_EXTI_Callback
                0x08005e38       0x24 CMakeFiles/ST_Car.dir/Core/Src/app.c.obj
                0x08005e38                HAL_GPIO_EXTI_Callback
 .text.HAL_UARTEx_RxEventCallback
                0x08005e5c       0x14 CMakeFiles/ST_Car.dir/Core/Src/app.c.obj
                0x08005e5c                HAL_UARTEx_RxEventCallback
 .text.HAL_UART_ErrorCallback
                0x08005e70       0x20 CMakeFiles/ST_Car.dir/Core/Src/app.c.obj
                0x08005e70                HAL_UART_ErrorCallback
 .text.HAL_UART_RxCpltCallback
                0x08005e90       0x14 CMakeFiles/ST_Car.dir/Core/Src/app.c.obj
                0x08005e90                HAL_UART_RxCpltCallback
 .text.HAL_UART_TxCpltCallback
                0x08005ea4       0x14 CMakeFiles/ST_Car.dir/Core/Src/app.c.obj
                0x08005ea4                HAL_UART_TxCpltCallback
 .text.HAL_InitTick
                0x08005eb8       0x4c CMakeFiles/ST_Car.dir/Drivers/STM32G4xx_HAL_Driver/Src/stm32g4xx_hal.c.obj
                0x08005eb8                HAL_InitTick
 .text.HAL_Init
                0x08005f04       0x1e CMakeFiles/ST_Car.dir/Drivers/STM32G4xx_HAL_Driver/Src/stm32g4xx_hal.c.obj
                0x08005f04                HAL_Init
 *fill*         0x08005f22        0x2 
 .text.HAL_IncTick
                0x08005f24       0x18 CMakeFiles/ST_Car.dir/Drivers/STM32G4xx_HAL_Driver/Src/stm32g4xx_hal.c.obj
                0x08005f24                HAL_IncTick
 .text.HAL_GetTick
                0x08005f3c        0xc CMakeFiles/ST_Car.dir/Drivers/STM32G4xx_HAL_Driver/Src/stm32g4xx_hal.c.obj
                0x08005f3c                HAL_GetTick
 .text.HAL_RCC_OscConfig
                0x08005f48      0x418 CMakeFiles/ST_Car.dir/Drivers/STM32G4xx_HAL_Driver/Src/stm32g4xx_hal_rcc.c.obj
                0x08005f48                HAL_RCC_OscConfig
 .text.HAL_RCC_GetSysClockFreq
                0x08006360       0x6c CMakeFiles/ST_Car.dir/Drivers/STM32G4xx_HAL_Driver/Src/stm32g4xx_hal_rcc.c.obj
                0x08006360                HAL_RCC_GetSysClockFreq
 .text.HAL_RCC_ClockConfig
                0x080063cc      0x1e8 CMakeFiles/ST_Car.dir/Drivers/STM32G4xx_HAL_Driver/Src/stm32g4xx_hal_rcc.c.obj
                0x080063cc                HAL_RCC_ClockConfig
 .text.HAL_RCC_GetPCLK1Freq
                0x080065b4       0x24 CMakeFiles/ST_Car.dir/Drivers/STM32G4xx_HAL_Driver/Src/stm32g4xx_hal_rcc.c.obj
                0x080065b4                HAL_RCC_GetPCLK1Freq
 .text.HAL_RCC_GetPCLK2Freq
                0x080065d8       0x24 CMakeFiles/ST_Car.dir/Drivers/STM32G4xx_HAL_Driver/Src/stm32g4xx_hal_rcc.c.obj
                0x080065d8                HAL_RCC_GetPCLK2Freq
 .text.HAL_RCCEx_PeriphCLKConfig
                0x080065fc      0x2d8 CMakeFiles/ST_Car.dir/Drivers/STM32G4xx_HAL_Driver/Src/stm32g4xx_hal_rcc_ex.c.obj
                0x080065fc                HAL_RCCEx_PeriphCLKConfig
 .text.HAL_GPIO_Init
                0x080068d4      0x19c CMakeFiles/ST_Car.dir/Drivers/STM32G4xx_HAL_Driver/Src/stm32g4xx_hal_gpio.c.obj
                0x080068d4                HAL_GPIO_Init
 .text.HAL_GPIO_ReadPin
                0x08006a70        0xc CMakeFiles/ST_Car.dir/Drivers/STM32G4xx_HAL_Driver/Src/stm32g4xx_hal_gpio.c.obj
                0x08006a70                HAL_GPIO_ReadPin
 .text.HAL_GPIO_WritePin
                0x08006a7c        0xa CMakeFiles/ST_Car.dir/Drivers/STM32G4xx_HAL_Driver/Src/stm32g4xx_hal_gpio.c.obj
                0x08006a7c                HAL_GPIO_WritePin
 *fill*         0x08006a86        0x2 
 .text.HAL_GPIO_EXTI_IRQHandler
                0x08006a88       0x18 CMakeFiles/ST_Car.dir/Drivers/STM32G4xx_HAL_Driver/Src/stm32g4xx_hal_gpio.c.obj
                0x08006a88                HAL_GPIO_EXTI_IRQHandler
 .text.DMA_SetConfig
                0x08006aa0       0x34 CMakeFiles/ST_Car.dir/Drivers/STM32G4xx_HAL_Driver/Src/stm32g4xx_hal_dma.c.obj
 .text.DMA_CalcDMAMUXChannelBaseAndMask
                0x08006ad4       0x48 CMakeFiles/ST_Car.dir/Drivers/STM32G4xx_HAL_Driver/Src/stm32g4xx_hal_dma.c.obj
 .text.HAL_DMA_Init
                0x08006b1c       0xdc CMakeFiles/ST_Car.dir/Drivers/STM32G4xx_HAL_Driver/Src/stm32g4xx_hal_dma.c.obj
                0x08006b1c                HAL_DMA_Init
 .text.HAL_DMA_Start_IT
                0x08006bf8       0x80 CMakeFiles/ST_Car.dir/Drivers/STM32G4xx_HAL_Driver/Src/stm32g4xx_hal_dma.c.obj
                0x08006bf8                HAL_DMA_Start_IT
 .text.HAL_DMA_Abort
                0x08006c78       0x6c CMakeFiles/ST_Car.dir/Drivers/STM32G4xx_HAL_Driver/Src/stm32g4xx_hal_dma.c.obj
                0x08006c78                HAL_DMA_Abort
 .text.HAL_DMA_Abort_IT
                0x08006ce4       0x76 CMakeFiles/ST_Car.dir/Drivers/STM32G4xx_HAL_Driver/Src/stm32g4xx_hal_dma.c.obj
                0x08006ce4                HAL_DMA_Abort_IT
 .text.HAL_DMA_IRQHandler
                0x08006d5a       0x94 CMakeFiles/ST_Car.dir/Drivers/STM32G4xx_HAL_Driver/Src/stm32g4xx_hal_dma.c.obj
                0x08006d5a                HAL_DMA_IRQHandler
 .text.HAL_DMA_GetState
                0x08006dee        0x6 CMakeFiles/ST_Car.dir/Drivers/STM32G4xx_HAL_Driver/Src/stm32g4xx_hal_dma.c.obj
                0x08006dee                HAL_DMA_GetState
 .text.HAL_DMA_GetError
                0x08006df4        0x4 CMakeFiles/ST_Car.dir/Drivers/STM32G4xx_HAL_Driver/Src/stm32g4xx_hal_dma.c.obj
                0x08006df4                HAL_DMA_GetError
 .text.HAL_PWREx_ControlVoltageScaling
                0x08006df8       0xb0 CMakeFiles/ST_Car.dir/Drivers/STM32G4xx_HAL_Driver/Src/stm32g4xx_hal_pwr_ex.c.obj
                0x08006df8                HAL_PWREx_ControlVoltageScaling
 .text.HAL_PWREx_DisableUCPDDeadBattery
                0x08006ea8       0x10 CMakeFiles/ST_Car.dir/Drivers/STM32G4xx_HAL_Driver/Src/stm32g4xx_hal_pwr_ex.c.obj
                0x08006ea8                HAL_PWREx_DisableUCPDDeadBattery
 .text.HAL_NVIC_SetPriorityGrouping
                0x08006eb8       0x24 CMakeFiles/ST_Car.dir/Drivers/STM32G4xx_HAL_Driver/Src/stm32g4xx_hal_cortex.c.obj
                0x08006eb8                HAL_NVIC_SetPriorityGrouping
 .text.HAL_NVIC_SetPriority
                0x08006edc       0x64 CMakeFiles/ST_Car.dir/Drivers/STM32G4xx_HAL_Driver/Src/stm32g4xx_hal_cortex.c.obj
                0x08006edc                HAL_NVIC_SetPriority
 .text.HAL_NVIC_EnableIRQ
                0x08006f40       0x1c CMakeFiles/ST_Car.dir/Drivers/STM32G4xx_HAL_Driver/Src/stm32g4xx_hal_cortex.c.obj
                0x08006f40                HAL_NVIC_EnableIRQ
 .text.HAL_SYSTICK_Config
                0x08006f5c       0x28 CMakeFiles/ST_Car.dir/Drivers/STM32G4xx_HAL_Driver/Src/stm32g4xx_hal_cortex.c.obj
                0x08006f5c                HAL_SYSTICK_Config
 .text.TIM_OC1_SetConfig
                0x08006f84       0x80 CMakeFiles/ST_Car.dir/Drivers/STM32G4xx_HAL_Driver/Src/stm32g4xx_hal_tim.c.obj
 .text.TIM_OC3_SetConfig
                0x08007004       0x8c CMakeFiles/ST_Car.dir/Drivers/STM32G4xx_HAL_Driver/Src/stm32g4xx_hal_tim.c.obj
 .text.TIM_OC4_SetConfig
                0x08007090       0x8c CMakeFiles/ST_Car.dir/Drivers/STM32G4xx_HAL_Driver/Src/stm32g4xx_hal_tim.c.obj
 .text.TIM_OC5_SetConfig
                0x0800711c       0x70 CMakeFiles/ST_Car.dir/Drivers/STM32G4xx_HAL_Driver/Src/stm32g4xx_hal_tim.c.obj
 .text.TIM_OC6_SetConfig
                0x0800718c       0x70 CMakeFiles/ST_Car.dir/Drivers/STM32G4xx_HAL_Driver/Src/stm32g4xx_hal_tim.c.obj
 .text.TIM_TI1_ConfigInputStage
                0x080071fc       0x5c CMakeFiles/ST_Car.dir/Drivers/STM32G4xx_HAL_Driver/Src/stm32g4xx_hal_tim.c.obj
 .text.TIM_TI2_ConfigInputStage
                0x08007258       0x48 CMakeFiles/ST_Car.dir/Drivers/STM32G4xx_HAL_Driver/Src/stm32g4xx_hal_tim.c.obj
 .text.HAL_TIM_Encoder_Start
                0x080072a0       0xb0 CMakeFiles/ST_Car.dir/Drivers/STM32G4xx_HAL_Driver/Src/stm32g4xx_hal_tim.c.obj
                0x080072a0                HAL_TIM_Encoder_Start
 .text.HAL_TIM_GenerateEvent
                0x08007350       0x24 CMakeFiles/ST_Car.dir/Drivers/STM32G4xx_HAL_Driver/Src/stm32g4xx_hal_tim.c.obj
                0x08007350                HAL_TIM_GenerateEvent
 .text.TIM_Base_SetConfig
                0x08007374       0xb0 CMakeFiles/ST_Car.dir/Drivers/STM32G4xx_HAL_Driver/Src/stm32g4xx_hal_tim.c.obj
                0x08007374                TIM_Base_SetConfig
 .text.HAL_TIM_Base_Init
                0x08007424       0x60 CMakeFiles/ST_Car.dir/Drivers/STM32G4xx_HAL_Driver/Src/stm32g4xx_hal_tim.c.obj
                0x08007424                HAL_TIM_Base_Init
 .text.HAL_TIM_PWM_Init
                0x08007484       0x60 CMakeFiles/ST_Car.dir/Drivers/STM32G4xx_HAL_Driver/Src/stm32g4xx_hal_tim.c.obj
                0x08007484                HAL_TIM_PWM_Init
 .text.HAL_TIM_Encoder_Init
                0x080074e4       0xa8 CMakeFiles/ST_Car.dir/Drivers/STM32G4xx_HAL_Driver/Src/stm32g4xx_hal_tim.c.obj
                0x080074e4                HAL_TIM_Encoder_Init
 .text.TIM_OC2_SetConfig
                0x0800758c       0x8c CMakeFiles/ST_Car.dir/Drivers/STM32G4xx_HAL_Driver/Src/stm32g4xx_hal_tim.c.obj
                0x0800758c                TIM_OC2_SetConfig
 .text.HAL_TIM_PWM_ConfigChannel
                0x08007618       0xf8 CMakeFiles/ST_Car.dir/Drivers/STM32G4xx_HAL_Driver/Src/stm32g4xx_hal_tim.c.obj
                0x08007618                HAL_TIM_PWM_ConfigChannel
 .text.TIM_ETR_SetConfig
                0x08007710       0x14 CMakeFiles/ST_Car.dir/Drivers/STM32G4xx_HAL_Driver/Src/stm32g4xx_hal_tim.c.obj
                0x08007710                TIM_ETR_SetConfig
 .text.HAL_TIM_ConfigClockSource
                0x08007724      0x12c CMakeFiles/ST_Car.dir/Drivers/STM32G4xx_HAL_Driver/Src/stm32g4xx_hal_tim.c.obj
                0x08007724                HAL_TIM_ConfigClockSource
 .text.TIM_CCxChannelCmd
                0x08007850       0x1c CMakeFiles/ST_Car.dir/Drivers/STM32G4xx_HAL_Driver/Src/stm32g4xx_hal_tim.c.obj
                0x08007850                TIM_CCxChannelCmd
 .text.HAL_TIM_OC_Start
                0x0800786c      0x11c CMakeFiles/ST_Car.dir/Drivers/STM32G4xx_HAL_Driver/Src/stm32g4xx_hal_tim.c.obj
                0x0800786c                HAL_TIM_OC_Start
 .text.HAL_TIM_PWM_Start
                0x08007988        0x4 CMakeFiles/ST_Car.dir/Drivers/STM32G4xx_HAL_Driver/Src/stm32g4xx_hal_tim.c.obj
                0x08007988                HAL_TIM_PWM_Start
 .text.HAL_TIM_OC_Stop
                0x0800798c       0xbc CMakeFiles/ST_Car.dir/Drivers/STM32G4xx_HAL_Driver/Src/stm32g4xx_hal_tim.c.obj
                0x0800798c                HAL_TIM_OC_Stop
 .text.HAL_TIM_PWM_Stop
                0x08007a48        0x4 CMakeFiles/ST_Car.dir/Drivers/STM32G4xx_HAL_Driver/Src/stm32g4xx_hal_tim.c.obj
                0x08007a48                HAL_TIM_PWM_Stop
 .text.HAL_TIMEx_MasterConfigSynchronization
                0x08007a4c       0x98 CMakeFiles/ST_Car.dir/Drivers/STM32G4xx_HAL_Driver/Src/stm32g4xx_hal_tim_ex.c.obj
                0x08007a4c                HAL_TIMEx_MasterConfigSynchronization
 .text.HAL_TIMEx_ConfigBreakDeadTime
                0x08007ae4       0x9c CMakeFiles/ST_Car.dir/Drivers/STM32G4xx_HAL_Driver/Src/stm32g4xx_hal_tim_ex.c.obj
                0x08007ae4                HAL_TIMEx_ConfigBreakDeadTime
 .text.I2C_Flush_TXDR
                0x08007b80       0x1c CMakeFiles/ST_Car.dir/Drivers/STM32G4xx_HAL_Driver/Src/stm32g4xx_hal_i2c.c.obj
 .text.I2C_TransferConfig
                0x08007b9c       0x2c CMakeFiles/ST_Car.dir/Drivers/STM32G4xx_HAL_Driver/Src/stm32g4xx_hal_i2c.c.obj
 .text.I2C_Enable_IRQ
                0x08007bc8       0x90 CMakeFiles/ST_Car.dir/Drivers/STM32G4xx_HAL_Driver/Src/stm32g4xx_hal_i2c.c.obj
 .text.I2C_Disable_IRQ
                0x08007c58       0x42 CMakeFiles/ST_Car.dir/Drivers/STM32G4xx_HAL_Driver/Src/stm32g4xx_hal_i2c.c.obj
 .text.I2C_IsErrorOccurred
                0x08007c9a      0x102 CMakeFiles/ST_Car.dir/Drivers/STM32G4xx_HAL_Driver/Src/stm32g4xx_hal_i2c.c.obj
 .text.I2C_WaitOnTXISFlagUntilTimeout
                0x08007d9c       0x56 CMakeFiles/ST_Car.dir/Drivers/STM32G4xx_HAL_Driver/Src/stm32g4xx_hal_i2c.c.obj
 .text.I2C_WaitOnFlagUntilTimeout
                0x08007df2       0x76 CMakeFiles/ST_Car.dir/Drivers/STM32G4xx_HAL_Driver/Src/stm32g4xx_hal_i2c.c.obj
 .text.I2C_WaitOnSTOPFlagUntilTimeout
                0x08007e68       0x52 CMakeFiles/ST_Car.dir/Drivers/STM32G4xx_HAL_Driver/Src/stm32g4xx_hal_i2c.c.obj
 .text.HAL_I2C_Init
                0x08007eba       0xaa CMakeFiles/ST_Car.dir/Drivers/STM32G4xx_HAL_Driver/Src/stm32g4xx_hal_i2c.c.obj
                0x08007eba                HAL_I2C_Init
 .text.HAL_I2C_Master_Transmit
                0x08007f64      0x15c CMakeFiles/ST_Car.dir/Drivers/STM32G4xx_HAL_Driver/Src/stm32g4xx_hal_i2c.c.obj
                0x08007f64                HAL_I2C_Master_Transmit
 .text.HAL_I2C_Master_Transmit_IT
                0x080080c0       0xbc CMakeFiles/ST_Car.dir/Drivers/STM32G4xx_HAL_Driver/Src/stm32g4xx_hal_i2c.c.obj
                0x080080c0                HAL_I2C_Master_Transmit_IT
 .text.HAL_I2C_IsDeviceReady
                0x0800817c      0x10c CMakeFiles/ST_Car.dir/Drivers/STM32G4xx_HAL_Driver/Src/stm32g4xx_hal_i2c.c.obj
                0x0800817c                HAL_I2C_IsDeviceReady
 .text.HAL_I2C_EV_IRQHandler
                0x08008288        0xe CMakeFiles/ST_Car.dir/Drivers/STM32G4xx_HAL_Driver/Src/stm32g4xx_hal_i2c.c.obj
                0x08008288                HAL_I2C_EV_IRQHandler
 .text.HAL_I2C_MasterRxCpltCallback
                0x08008296        0x2 CMakeFiles/ST_Car.dir/Drivers/STM32G4xx_HAL_Driver/Src/stm32g4xx_hal_i2c.c.obj
                0x08008296                HAL_I2C_MasterRxCpltCallback
 .text.I2C_ITMasterSeqCplt
                0x08008298       0x44 CMakeFiles/ST_Car.dir/Drivers/STM32G4xx_HAL_Driver/Src/stm32g4xx_hal_i2c.c.obj
 .text.HAL_I2C_SlaveTxCpltCallback
                0x080082dc        0x2 CMakeFiles/ST_Car.dir/Drivers/STM32G4xx_HAL_Driver/Src/stm32g4xx_hal_i2c.c.obj
                0x080082dc                HAL_I2C_SlaveTxCpltCallback
 .text.HAL_I2C_SlaveRxCpltCallback
                0x080082de        0x2 CMakeFiles/ST_Car.dir/Drivers/STM32G4xx_HAL_Driver/Src/stm32g4xx_hal_i2c.c.obj
                0x080082de                HAL_I2C_SlaveRxCpltCallback
 .text.I2C_ITSlaveSeqCplt
                0x080082e0       0x6c CMakeFiles/ST_Car.dir/Drivers/STM32G4xx_HAL_Driver/Src/stm32g4xx_hal_i2c.c.obj
 .text.HAL_I2C_AddrCallback
                0x0800834c        0x2 CMakeFiles/ST_Car.dir/Drivers/STM32G4xx_HAL_Driver/Src/stm32g4xx_hal_i2c.c.obj
                0x0800834c                HAL_I2C_AddrCallback
 .text.I2C_ITAddrCplt.constprop.0
                0x0800834e       0x86 CMakeFiles/ST_Car.dir/Drivers/STM32G4xx_HAL_Driver/Src/stm32g4xx_hal_i2c.c.obj
 .text.HAL_I2C_ListenCpltCallback
                0x080083d4        0x2 CMakeFiles/ST_Car.dir/Drivers/STM32G4xx_HAL_Driver/Src/stm32g4xx_hal_i2c.c.obj
                0x080083d4                HAL_I2C_ListenCpltCallback
 *fill*         0x080083d6        0x2 
 .text.I2C_ITListenCplt
                0x080083d8       0x60 CMakeFiles/ST_Car.dir/Drivers/STM32G4xx_HAL_Driver/Src/stm32g4xx_hal_i2c.c.obj
 .text.HAL_I2C_MemTxCpltCallback
                0x08008438        0x2 CMakeFiles/ST_Car.dir/Drivers/STM32G4xx_HAL_Driver/Src/stm32g4xx_hal_i2c.c.obj
                0x08008438                HAL_I2C_MemTxCpltCallback
 .text.HAL_I2C_MemRxCpltCallback
                0x0800843a        0x2 CMakeFiles/ST_Car.dir/Drivers/STM32G4xx_HAL_Driver/Src/stm32g4xx_hal_i2c.c.obj
                0x0800843a                HAL_I2C_MemRxCpltCallback
 .text.HAL_I2C_AbortCpltCallback
                0x0800843c        0x2 CMakeFiles/ST_Car.dir/Drivers/STM32G4xx_HAL_Driver/Src/stm32g4xx_hal_i2c.c.obj
                0x0800843c                HAL_I2C_AbortCpltCallback
 .text.I2C_TreatErrorCallback
                0x0800843e       0x2c CMakeFiles/ST_Car.dir/Drivers/STM32G4xx_HAL_Driver/Src/stm32g4xx_hal_i2c.c.obj
 *fill*         0x0800846a        0x2 
 .text.I2C_ITError
                0x0800846c      0x108 CMakeFiles/ST_Car.dir/Drivers/STM32G4xx_HAL_Driver/Src/stm32g4xx_hal_i2c.c.obj
 .text.I2C_ITMasterCplt
                0x08008574       0xec CMakeFiles/ST_Car.dir/Drivers/STM32G4xx_HAL_Driver/Src/stm32g4xx_hal_i2c.c.obj
 .text.I2C_Master_ISR_IT
                0x08008660      0x132 CMakeFiles/ST_Car.dir/Drivers/STM32G4xx_HAL_Driver/Src/stm32g4xx_hal_i2c.c.obj
 *fill*         0x08008792        0x2 
 .text.I2C_Mem_ISR_DMA
                0x08008794      0x128 CMakeFiles/ST_Car.dir/Drivers/STM32G4xx_HAL_Driver/Src/stm32g4xx_hal_i2c.c.obj
 .text.I2C_Master_ISR_DMA
                0x080088bc      0x102 CMakeFiles/ST_Car.dir/Drivers/STM32G4xx_HAL_Driver/Src/stm32g4xx_hal_i2c.c.obj
 .text.HAL_I2C_ER_IRQHandler
                0x080089be       0x60 CMakeFiles/ST_Car.dir/Drivers/STM32G4xx_HAL_Driver/Src/stm32g4xx_hal_i2c.c.obj
                0x080089be                HAL_I2C_ER_IRQHandler
 *fill*         0x08008a1e        0x2 
 .text.I2C_ITSlaveCplt.constprop.0
                0x08008a20      0x1b4 CMakeFiles/ST_Car.dir/Drivers/STM32G4xx_HAL_Driver/Src/stm32g4xx_hal_i2c.c.obj
 .text.I2C_Slave_ISR_DMA
                0x08008bd4       0xfa CMakeFiles/ST_Car.dir/Drivers/STM32G4xx_HAL_Driver/Src/stm32g4xx_hal_i2c.c.obj
 .text.I2C_Slave_ISR_IT
                0x08008cce      0x112 CMakeFiles/ST_Car.dir/Drivers/STM32G4xx_HAL_Driver/Src/stm32g4xx_hal_i2c.c.obj
 .text.I2C_DMAAbort
                0x08008de0       0x16 CMakeFiles/ST_Car.dir/Drivers/STM32G4xx_HAL_Driver/Src/stm32g4xx_hal_i2c.c.obj
 .text.HAL_I2CEx_ConfigAnalogFilter
                0x08008df6       0x4c CMakeFiles/ST_Car.dir/Drivers/STM32G4xx_HAL_Driver/Src/stm32g4xx_hal_i2c_ex.c.obj
                0x08008df6                HAL_I2CEx_ConfigAnalogFilter
 .text.HAL_I2CEx_ConfigDigitalFilter
                0x08008e42       0x4a CMakeFiles/ST_Car.dir/Drivers/STM32G4xx_HAL_Driver/Src/stm32g4xx_hal_i2c_ex.c.obj
                0x08008e42                HAL_I2CEx_ConfigDigitalFilter
 .text.UART_EndTxTransfer
                0x08008e8c       0x34 CMakeFiles/ST_Car.dir/Drivers/STM32G4xx_HAL_Driver/Src/stm32g4xx_hal_uart.c.obj
 .text.UART_EndRxTransfer
                0x08008ec0       0x58 CMakeFiles/ST_Car.dir/Drivers/STM32G4xx_HAL_Driver/Src/stm32g4xx_hal_uart.c.obj
 .text.UART_TxISR_8BIT.part.0
                0x08008f18       0x26 CMakeFiles/ST_Car.dir/Drivers/STM32G4xx_HAL_Driver/Src/stm32g4xx_hal_uart.c.obj
 .text.UART_TxISR_8BIT
                0x08008f3e       0x30 CMakeFiles/ST_Car.dir/Drivers/STM32G4xx_HAL_Driver/Src/stm32g4xx_hal_uart.c.obj
 .text.UART_TxISR_16BIT
                0x08008f6e       0x34 CMakeFiles/ST_Car.dir/Drivers/STM32G4xx_HAL_Driver/Src/stm32g4xx_hal_uart.c.obj
 .text.UART_TxISR_8BIT_FIFOEN
                0x08008fa2       0x66 CMakeFiles/ST_Car.dir/Drivers/STM32G4xx_HAL_Driver/Src/stm32g4xx_hal_uart.c.obj
 .text.UART_TxISR_16BIT_FIFOEN
                0x08009008       0x6a CMakeFiles/ST_Car.dir/Drivers/STM32G4xx_HAL_Driver/Src/stm32g4xx_hal_uart.c.obj
 *fill*         0x08009072        0x2 
 .text.HAL_UART_Transmit_IT
                0x08009074       0xac CMakeFiles/ST_Car.dir/Drivers/STM32G4xx_HAL_Driver/Src/stm32g4xx_hal_uart.c.obj
                0x08009074                HAL_UART_Transmit_IT
 .text.HAL_UART_AbortReceive
                0x08009120       0xa8 CMakeFiles/ST_Car.dir/Drivers/STM32G4xx_HAL_Driver/Src/stm32g4xx_hal_uart.c.obj
                0x08009120                HAL_UART_AbortReceive
 .text.HAL_UART_RxHalfCpltCallback
                0x080091c8        0x2 CMakeFiles/ST_Car.dir/Drivers/STM32G4xx_HAL_Driver/Src/stm32g4xx_hal_uart.c.obj
                0x080091c8                HAL_UART_RxHalfCpltCallback
 .text.UART_DMAError
                0x080091ca       0x3c CMakeFiles/ST_Car.dir/Drivers/STM32G4xx_HAL_Driver/Src/stm32g4xx_hal_uart.c.obj
 .text.UART_DMAAbortOnError
                0x08009206        0xa CMakeFiles/ST_Car.dir/Drivers/STM32G4xx_HAL_Driver/Src/stm32g4xx_hal_uart.c.obj
 .text.HAL_UART_IRQHandler
                0x08009210      0x304 CMakeFiles/ST_Car.dir/Drivers/STM32G4xx_HAL_Driver/Src/stm32g4xx_hal_uart.c.obj
                0x08009210                HAL_UART_IRQHandler
 .text.UART_RxISR_8BIT
                0x08009514       0xcc CMakeFiles/ST_Car.dir/Drivers/STM32G4xx_HAL_Driver/Src/stm32g4xx_hal_uart.c.obj
 .text.UART_RxISR_16BIT
                0x080095e0       0xc4 CMakeFiles/ST_Car.dir/Drivers/STM32G4xx_HAL_Driver/Src/stm32g4xx_hal_uart.c.obj
 .text.UART_RxISR_8BIT_FIFOEN
                0x080096a4      0x1a0 CMakeFiles/ST_Car.dir/Drivers/STM32G4xx_HAL_Driver/Src/stm32g4xx_hal_uart.c.obj
 .text.UART_RxISR_16BIT_FIFOEN
                0x08009844      0x198 CMakeFiles/ST_Car.dir/Drivers/STM32G4xx_HAL_Driver/Src/stm32g4xx_hal_uart.c.obj
 .text.UART_DMARxHalfCplt
                0x080099dc       0x3c CMakeFiles/ST_Car.dir/Drivers/STM32G4xx_HAL_Driver/Src/stm32g4xx_hal_uart.c.obj
 .text.UART_DMAReceiveCplt
                0x08009a18       0xa6 CMakeFiles/ST_Car.dir/Drivers/STM32G4xx_HAL_Driver/Src/stm32g4xx_hal_uart.c.obj
 *fill*         0x08009abe        0x2 
 .text.UART_SetConfig
                0x08009ac0      0x254 CMakeFiles/ST_Car.dir/Drivers/STM32G4xx_HAL_Driver/Src/stm32g4xx_hal_uart.c.obj
                0x08009ac0                UART_SetConfig
 .text.UART_AdvFeatureConfig
                0x08009d14       0xa8 CMakeFiles/ST_Car.dir/Drivers/STM32G4xx_HAL_Driver/Src/stm32g4xx_hal_uart.c.obj
                0x08009d14                UART_AdvFeatureConfig
 .text.UART_WaitOnFlagUntilTimeout
                0x08009dbc       0x90 CMakeFiles/ST_Car.dir/Drivers/STM32G4xx_HAL_Driver/Src/stm32g4xx_hal_uart.c.obj
                0x08009dbc                UART_WaitOnFlagUntilTimeout
 .text.UART_CheckIdleState
                0x08009e4c       0xb6 CMakeFiles/ST_Car.dir/Drivers/STM32G4xx_HAL_Driver/Src/stm32g4xx_hal_uart.c.obj
                0x08009e4c                UART_CheckIdleState
 .text.HAL_UART_Init
                0x08009f02       0x60 CMakeFiles/ST_Car.dir/Drivers/STM32G4xx_HAL_Driver/Src/stm32g4xx_hal_uart.c.obj
                0x08009f02                HAL_UART_Init
 *fill*         0x08009f62        0x2 
 .text.UART_Start_Receive_IT
                0x08009f64      0x114 CMakeFiles/ST_Car.dir/Drivers/STM32G4xx_HAL_Driver/Src/stm32g4xx_hal_uart.c.obj
                0x08009f64                UART_Start_Receive_IT
 .text.HAL_UART_Receive_IT
                0x0800a078       0x44 CMakeFiles/ST_Car.dir/Drivers/STM32G4xx_HAL_Driver/Src/stm32g4xx_hal_uart.c.obj
                0x0800a078                HAL_UART_Receive_IT
 .text.UART_Start_Receive_DMA
                0x0800a0bc       0xa0 CMakeFiles/ST_Car.dir/Drivers/STM32G4xx_HAL_Driver/Src/stm32g4xx_hal_uart.c.obj
                0x0800a0bc                UART_Start_Receive_DMA
 .text.UARTEx_SetNbDataToProcess
                0x0800a15c       0x44 CMakeFiles/ST_Car.dir/Drivers/STM32G4xx_HAL_Driver/Src/stm32g4xx_hal_uart_ex.c.obj
 .text.HAL_UARTEx_WakeupCallback
                0x0800a1a0        0x2 CMakeFiles/ST_Car.dir/Drivers/STM32G4xx_HAL_Driver/Src/stm32g4xx_hal_uart_ex.c.obj
                0x0800a1a0                HAL_UARTEx_WakeupCallback
 .text.HAL_UARTEx_RxFifoFullCallback
                0x0800a1a2        0x2 CMakeFiles/ST_Car.dir/Drivers/STM32G4xx_HAL_Driver/Src/stm32g4xx_hal_uart_ex.c.obj
                0x0800a1a2                HAL_UARTEx_RxFifoFullCallback
 .text.HAL_UARTEx_TxFifoEmptyCallback
                0x0800a1a4        0x2 CMakeFiles/ST_Car.dir/Drivers/STM32G4xx_HAL_Driver/Src/stm32g4xx_hal_uart_ex.c.obj
                0x0800a1a4                HAL_UARTEx_TxFifoEmptyCallback
 .text.HAL_UARTEx_DisableFifoMode
                0x0800a1a6       0x36 CMakeFiles/ST_Car.dir/Drivers/STM32G4xx_HAL_Driver/Src/stm32g4xx_hal_uart_ex.c.obj
                0x0800a1a6                HAL_UARTEx_DisableFifoMode
 .text.HAL_UARTEx_SetTxFifoThreshold
                0x0800a1dc       0x40 CMakeFiles/ST_Car.dir/Drivers/STM32G4xx_HAL_Driver/Src/stm32g4xx_hal_uart_ex.c.obj
                0x0800a1dc                HAL_UARTEx_SetTxFifoThreshold
 .text.HAL_UARTEx_SetRxFifoThreshold
                0x0800a21c       0x40 CMakeFiles/ST_Car.dir/Drivers/STM32G4xx_HAL_Driver/Src/stm32g4xx_hal_uart_ex.c.obj
                0x0800a21c                HAL_UARTEx_SetRxFifoThreshold
 .text.HAL_UARTEx_ReceiveToIdle_DMA
                0x0800a25c       0x4a CMakeFiles/ST_Car.dir/Drivers/STM32G4xx_HAL_Driver/Src/stm32g4xx_hal_uart_ex.c.obj
                0x0800a25c                HAL_UARTEx_ReceiveToIdle_DMA
 *fill*         0x0800a2a6        0x2 
 .text.Reset_Handler
                0x0800a2a8       0x50 CMakeFiles/ST_Car.dir/Drivers/CMSIS/Device/ST/STM32G4xx/Source/Templates/gcc/startup_stm32g491xx.s.obj
                0x0800a2a8                Reset_Handler
 .text.Default_Handler
                0x0800a2f8        0x2 CMakeFiles/ST_Car.dir/Drivers/CMSIS/Device/ST/STM32G4xx/Source/Templates/gcc/startup_stm32g491xx.s.obj
                0x0800a2f8                RTC_Alarm_IRQHandler
                0x0800a2f8                EXTI2_IRQHandler
                0x0800a2f8                TIM8_TRG_COM_IRQHandler
                0x0800a2f8                TIM8_CC_IRQHandler
                0x0800a2f8                TIM1_CC_IRQHandler
                0x0800a2f8                USB_HP_IRQHandler
                0x0800a2f8                CORDIC_IRQHandler
                0x0800a2f8                DMA2_Channel8_IRQHandler
                0x0800a2f8                EXTI3_IRQHandler
                0x0800a2f8                I2C3_ER_IRQHandler
                0x0800a2f8                EXTI0_IRQHandler
                0x0800a2f8                I2C2_EV_IRQHandler
                0x0800a2f8                FPU_IRQHandler
                0x0800a2f8                FDCAN1_IT1_IRQHandler
                0x0800a2f8                TIM1_UP_TIM16_IRQHandler
                0x0800a2f8                ADC1_2_IRQHandler
                0x0800a2f8                SPI1_IRQHandler
                0x0800a2f8                TIM6_DAC_IRQHandler
                0x0800a2f8                TIM8_UP_IRQHandler
                0x0800a2f8                DMA2_Channel2_IRQHandler
                0x0800a2f8                DMA1_Channel4_IRQHandler
                0x0800a2f8                TIM20_TRG_COM_IRQHandler
                0x0800a2f8                USART3_IRQHandler
                0x0800a2f8                DMA1_Channel7_IRQHandler
                0x0800a2f8                UART5_IRQHandler
                0x0800a2f8                ADC3_IRQHandler
                0x0800a2f8                TIM4_IRQHandler
                0x0800a2f8                DMA2_Channel1_IRQHandler
                0x0800a2f8                QUADSPI_IRQHandler
                0x0800a2f8                DMA1_Channel6_IRQHandler
                0x0800a2f8                DMA2_Channel4_IRQHandler
                0x0800a2f8                TIM3_IRQHandler
                0x0800a2f8                RCC_IRQHandler
                0x0800a2f8                TIM20_UP_IRQHandler
                0x0800a2f8                Default_Handler
                0x0800a2f8                DMA2_Channel7_IRQHandler
                0x0800a2f8                RTC_TAMP_LSECSS_IRQHandler
                0x0800a2f8                FMAC_IRQHandler
                0x0800a2f8                DMA1_Channel8_IRQHandler
                0x0800a2f8                TIM7_IRQHandler
                0x0800a2f8                UCPD1_IRQHandler
                0x0800a2f8                I2C3_EV_IRQHandler
                0x0800a2f8                EXTI9_5_IRQHandler
                0x0800a2f8                RTC_WKUP_IRQHandler
                0x0800a2f8                PVD_PVM_IRQHandler
                0x0800a2f8                SPI2_IRQHandler
                0x0800a2f8                DMA2_Channel5_IRQHandler
                0x0800a2f8                CRS_IRQHandler
                0x0800a2f8                DMA1_Channel5_IRQHandler
                0x0800a2f8                USB_LP_IRQHandler
                0x0800a2f8                EXTI4_IRQHandler
                0x0800a2f8                RNG_IRQHandler
                0x0800a2f8                TIM1_TRG_COM_TIM17_IRQHandler
                0x0800a2f8                FDCAN2_IT1_IRQHandler
                0x0800a2f8                DMA1_Channel3_IRQHandler
                0x0800a2f8                WWDG_IRQHandler
                0x0800a2f8                FDCAN2_IT0_IRQHandler
                0x0800a2f8                DMA2_Channel6_IRQHandler
                0x0800a2f8                FDCAN1_IT0_IRQHandler
                0x0800a2f8                TIM2_IRQHandler
                0x0800a2f8                COMP1_2_3_IRQHandler
                0x0800a2f8                EXTI1_IRQHandler
                0x0800a2f8                USART2_IRQHandler
                0x0800a2f8                TIM20_BRK_IRQHandler
                0x0800a2f8                I2C2_ER_IRQHandler
                0x0800a2f8                DMA1_Channel2_IRQHandler
                0x0800a2f8                TIM8_BRK_IRQHandler
                0x0800a2f8                FLASH_IRQHandler
                0x0800a2f8                TIM20_CC_IRQHandler
                0x0800a2f8                USART1_IRQHandler
                0x0800a2f8                SPI3_IRQHandler
                0x0800a2f8                LPTIM1_IRQHandler
                0x0800a2f8                DMAMUX_OVR_IRQHandler
                0x0800a2f8                USBWakeUp_IRQHandler
                0x0800a2f8                SAI1_IRQHandler
                0x0800a2f8                DMA2_Channel3_IRQHandler
                0x0800a2f8                COMP4_IRQHandler
                0x0800a2f8                TIM1_BRK_TIM15_IRQHandler
 *fill*         0x0800a2fa        0x2 
 .text.lroundf  0x0800a2fc       0x68 D:/Program/STM32CubeCLT_1.22.0/GNU-tools-for-STM32/bin/../lib/gcc/arm-none-eabi/14.3.1/../../../../arm-none-eabi/lib/thumb/v7e-m+fp/hard\libm.a(libm_a-sf_lround.o)
                0x0800a2fc                lroundf
 .text.sulp     0x0800a364       0x3c D:/Program/STM32CubeCLT_1.22.0/GNU-tools-for-STM32/bin/../lib/gcc/arm-none-eabi/14.3.1/../../../../arm-none-eabi/lib/thumb/v7e-m+fp/hard\libc_nano.a(libc_a-strtod.o)
 .text._strtod_l
                0x0800a3a0      0xbb8 D:/Program/STM32CubeCLT_1.22.0/GNU-tools-for-STM32/bin/../lib/gcc/arm-none-eabi/14.3.1/../../../../arm-none-eabi/lib/thumb/v7e-m+fp/hard\libc_nano.a(libc_a-strtod.o)
                0x0800a3a0                _strtod_l
 .text.strtof   0x0800af58       0xc8 D:/Program/STM32CubeCLT_1.22.0/GNU-tools-for-STM32/bin/../lib/gcc/arm-none-eabi/14.3.1/../../../../arm-none-eabi/lib/thumb/v7e-m+fp/hard\libc_nano.a(libc_a-strtod.o)
                0x0800af58                strtof
 .text._strtol_l.isra.0
                0x0800b020       0xf4 D:/Program/STM32CubeCLT_1.22.0/GNU-tools-for-STM32/bin/../lib/gcc/arm-none-eabi/14.3.1/../../../../arm-none-eabi/lib/thumb/v7e-m+fp/hard\libc_nano.a(libc_a-strtol.o)
 .text.strtol   0x0800b114       0x14 D:/Program/STM32CubeCLT_1.22.0/GNU-tools-for-STM32/bin/../lib/gcc/arm-none-eabi/14.3.1/../../../../arm-none-eabi/lib/thumb/v7e-m+fp/hard\libc_nano.a(libc_a-strtol.o)
                0x0800b114                strtol
 .text.__cvt    0x0800b128       0xca D:/Program/STM32CubeCLT_1.22.0/GNU-tools-for-STM32/bin/../lib/gcc/arm-none-eabi/14.3.1/../../../../arm-none-eabi/lib/thumb/v7e-m+fp/hard\libc_nano.a(libc_a-nano-vfprintf_float.o)
                0x0800b128                __cvt
 .text.__exponent
                0x0800b1f2       0x74 D:/Program/STM32CubeCLT_1.22.0/GNU-tools-for-STM32/bin/../lib/gcc/arm-none-eabi/14.3.1/../../../../arm-none-eabi/lib/thumb/v7e-m+fp/hard\libc_nano.a(libc_a-nano-vfprintf_float.o)
                0x0800b1f2                __exponent
 *fill*         0x0800b266        0x2 
 .text._printf_float
                0x0800b268      0x450 D:/Program/STM32CubeCLT_1.22.0/GNU-tools-for-STM32/bin/../lib/gcc/arm-none-eabi/14.3.1/../../../../arm-none-eabi/lib/thumb/v7e-m+fp/hard\libc_nano.a(libc_a-nano-vfprintf_float.o)
                0x0800b268                _printf_float
 .text._printf_common
                0x0800b6b8       0xda D:/Program/STM32CubeCLT_1.22.0/GNU-tools-for-STM32/bin/../lib/gcc/arm-none-eabi/14.3.1/../../../../arm-none-eabi/lib/thumb/v7e-m+fp/hard\libc_nano.a(libc_a-nano-vfprintf_i.o)
                0x0800b6b8                _printf_common
 *fill*         0x0800b792        0x2 
 .text._printf_i
                0x0800b794      0x24c D:/Program/STM32CubeCLT_1.22.0/GNU-tools-for-STM32/bin/../lib/gcc/arm-none-eabi/14.3.1/../../../../arm-none-eabi/lib/thumb/v7e-m+fp/hard\libc_nano.a(libc_a-nano-vfprintf_i.o)
                0x0800b794                _printf_i
 .text.std      0x0800b9e0       0x6c D:/Program/STM32CubeCLT_1.22.0/GNU-tools-for-STM32/bin/../lib/gcc/arm-none-eabi/14.3.1/../../../../arm-none-eabi/lib/thumb/v7e-m+fp/hard\libc_nano.a(libc_a-findfp.o)
 .text.stdio_exit_handler
                0x0800ba4c       0x18 D:/Program/STM32CubeCLT_1.22.0/GNU-tools-for-STM32/bin/../lib/gcc/arm-none-eabi/14.3.1/../../../../arm-none-eabi/lib/thumb/v7e-m+fp/hard\libc_nano.a(libc_a-findfp.o)
 .text.cleanup_stdio
                0x0800ba64       0x40 D:/Program/STM32CubeCLT_1.22.0/GNU-tools-for-STM32/bin/../lib/gcc/arm-none-eabi/14.3.1/../../../../arm-none-eabi/lib/thumb/v7e-m+fp/hard\libc_nano.a(libc_a-findfp.o)
 .text.global_stdio_init.part.0
                0x0800baa4       0x40 D:/Program/STM32CubeCLT_1.22.0/GNU-tools-for-STM32/bin/../lib/gcc/arm-none-eabi/14.3.1/../../../../arm-none-eabi/lib/thumb/v7e-m+fp/hard\libc_nano.a(libc_a-findfp.o)
 .text.__sfp_lock_acquire
                0x0800bae4        0xc D:/Program/STM32CubeCLT_1.22.0/GNU-tools-for-STM32/bin/../lib/gcc/arm-none-eabi/14.3.1/../../../../arm-none-eabi/lib/thumb/v7e-m+fp/hard\libc_nano.a(libc_a-findfp.o)
                0x0800bae4                __sfp_lock_acquire
 .text.__sfp_lock_release
                0x0800baf0        0xc D:/Program/STM32CubeCLT_1.22.0/GNU-tools-for-STM32/bin/../lib/gcc/arm-none-eabi/14.3.1/../../../../arm-none-eabi/lib/thumb/v7e-m+fp/hard\libc_nano.a(libc_a-findfp.o)
                0x0800baf0                __sfp_lock_release
 .text.__sinit  0x0800bafc       0x30 D:/Program/STM32CubeCLT_1.22.0/GNU-tools-for-STM32/bin/../lib/gcc/arm-none-eabi/14.3.1/../../../../arm-none-eabi/lib/thumb/v7e-m+fp/hard\libc_nano.a(libc_a-findfp.o)
                0x0800bafc                __sinit
 .text._fwalk_sglue
                0x0800bb2c       0x3c D:/Program/STM32CubeCLT_1.22.0/GNU-tools-for-STM32/bin/../lib/gcc/arm-none-eabi/14.3.1/../../../../arm-none-eabi/lib/thumb/v7e-m+fp/hard\libc_nano.a(libc_a-fwalk.o)
                0x0800bb2c                _fwalk_sglue
 .text.snprintf
                0x0800bb68       0x6c D:/Program/STM32CubeCLT_1.22.0/GNU-tools-for-STM32/bin/../lib/gcc/arm-none-eabi/14.3.1/../../../../arm-none-eabi/lib/thumb/v7e-m+fp/hard\libc_nano.a(libc_a-snprintf.o)
                0x0800bb68                sniprintf
                0x0800bb68                snprintf
 .text.__sread  0x0800bbd4       0x22 D:/Program/STM32CubeCLT_1.22.0/GNU-tools-for-STM32/bin/../lib/gcc/arm-none-eabi/14.3.1/../../../../arm-none-eabi/lib/thumb/v7e-m+fp/hard\libc_nano.a(libc_a-stdio.o)
                0x0800bbd4                __sread
 .text.__swrite
                0x0800bbf6       0x38 D:/Program/STM32CubeCLT_1.22.0/GNU-tools-for-STM32/bin/../lib/gcc/arm-none-eabi/14.3.1/../../../../arm-none-eabi/lib/thumb/v7e-m+fp/hard\libc_nano.a(libc_a-stdio.o)
                0x0800bbf6                __swrite
 .text.__sseek  0x0800bc2e       0x26 D:/Program/STM32CubeCLT_1.22.0/GNU-tools-for-STM32/bin/../lib/gcc/arm-none-eabi/14.3.1/../../../../arm-none-eabi/lib/thumb/v7e-m+fp/hard\libc_nano.a(libc_a-stdio.o)
                0x0800bc2e                __sseek
 .text.__sclose
                0x0800bc54        0x8 D:/Program/STM32CubeCLT_1.22.0/GNU-tools-for-STM32/bin/../lib/gcc/arm-none-eabi/14.3.1/../../../../arm-none-eabi/lib/thumb/v7e-m+fp/hard\libc_nano.a(libc_a-stdio.o)
                0x0800bc54                __sclose
 .text._vsnprintf_r
                0x0800bc5c       0x5c D:/Program/STM32CubeCLT_1.22.0/GNU-tools-for-STM32/bin/../lib/gcc/arm-none-eabi/14.3.1/../../../../arm-none-eabi/lib/thumb/v7e-m+fp/hard\libc_nano.a(libc_a-vsnprintf.o)
                0x0800bc5c                _vsniprintf_r
                0x0800bc5c                _vsnprintf_r
 .text.vsnprintf
                0x0800bcb8       0x1c D:/Program/STM32CubeCLT_1.22.0/GNU-tools-for-STM32/bin/../lib/gcc/arm-none-eabi/14.3.1/../../../../arm-none-eabi/lib/thumb/v7e-m+fp/hard\libc_nano.a(libc_a-vsnprintf.o)
                0x0800bcb8                vsniprintf
                0x0800bcb8                vsnprintf
 .text.memset   0x0800bcd4       0x10 D:/Program/STM32CubeCLT_1.22.0/GNU-tools-for-STM32/bin/../lib/gcc/arm-none-eabi/14.3.1/../../../../arm-none-eabi/lib/thumb/v7e-m+fp/hard\libc_nano.a(libc_a-memset.o)
                0x0800bcd4                memset
 .text.strncmp  0x0800bce4       0x24 D:/Program/STM32CubeCLT_1.22.0/GNU-tools-for-STM32/bin/../lib/gcc/arm-none-eabi/14.3.1/../../../../arm-none-eabi/lib/thumb/v7e-m+fp/hard\libc_nano.a(libc_a-strncmp.o)
                0x0800bce4                strncmp
 .text.strtok   0x0800bd08       0x7c D:/Program/STM32CubeCLT_1.22.0/GNU-tools-for-STM32/bin/../lib/gcc/arm-none-eabi/14.3.1/../../../../arm-none-eabi/lib/thumb/v7e-m+fp/hard\libc_nano.a(libc_a-strtok.o)
                0x0800bd08                strtok
 .text.__strtok_r
                0x0800bd84       0x50 D:/Program/STM32CubeCLT_1.22.0/GNU-tools-for-STM32/bin/../lib/gcc/arm-none-eabi/14.3.1/../../../../arm-none-eabi/lib/thumb/v7e-m+fp/hard\libc_nano.a(libc_a-strtok_r.o)
                0x0800bd84                __strtok_r
 .text._localeconv_r
                0x0800bdd4        0x8 D:/Program/STM32CubeCLT_1.22.0/GNU-tools-for-STM32/bin/../lib/gcc/arm-none-eabi/14.3.1/../../../../arm-none-eabi/lib/thumb/v7e-m+fp/hard\libc_nano.a(libc_a-localeconv.o)
                0x0800bdd4                _localeconv_r
 .text._close_r
                0x0800bddc       0x20 D:/Program/STM32CubeCLT_1.22.0/GNU-tools-for-STM32/bin/../lib/gcc/arm-none-eabi/14.3.1/../../../../arm-none-eabi/lib/thumb/v7e-m+fp/hard\libc_nano.a(libc_a-closer.o)
                0x0800bddc                _close_r
 .text._lseek_r
                0x0800bdfc       0x24 D:/Program/STM32CubeCLT_1.22.0/GNU-tools-for-STM32/bin/../lib/gcc/arm-none-eabi/14.3.1/../../../../arm-none-eabi/lib/thumb/v7e-m+fp/hard\libc_nano.a(libc_a-lseekr.o)
                0x0800bdfc                _lseek_r
 .text._read_r  0x0800be20       0x24 D:/Program/STM32CubeCLT_1.22.0/GNU-tools-for-STM32/bin/../lib/gcc/arm-none-eabi/14.3.1/../../../../arm-none-eabi/lib/thumb/v7e-m+fp/hard\libc_nano.a(libc_a-readr.o)
                0x0800be20                _read_r
 .text._write_r
                0x0800be44       0x24 D:/Program/STM32CubeCLT_1.22.0/GNU-tools-for-STM32/bin/../lib/gcc/arm-none-eabi/14.3.1/../../../../arm-none-eabi/lib/thumb/v7e-m+fp/hard\libc_nano.a(libc_a-writer.o)
                0x0800be44                _write_r
 .text.__errno  0x0800be68        0xc D:/Program/STM32CubeCLT_1.22.0/GNU-tools-for-STM32/bin/../lib/gcc/arm-none-eabi/14.3.1/../../../../arm-none-eabi/lib/thumb/v7e-m+fp/hard\libc_nano.a(libc_a-errno.o)
                0x0800be68                __errno
 .text.__libc_init_array
                0x0800be74       0x48 D:/Program/STM32CubeCLT_1.22.0/GNU-tools-for-STM32/bin/../lib/gcc/arm-none-eabi/14.3.1/../../../../arm-none-eabi/lib/thumb/v7e-m+fp/hard\libc_nano.a(libc_a-init.o)
                0x0800be74                __libc_init_array
 .text.__retarget_lock_init_recursive
                0x0800bebc        0x2 D:/Program/STM32CubeCLT_1.22.0/GNU-tools-for-STM32/bin/../lib/gcc/arm-none-eabi/14.3.1/../../../../arm-none-eabi/lib/thumb/v7e-m+fp/hard\libc_nano.a(libc_a-lock.o)
                0x0800bebc                __retarget_lock_init_recursive
 .text.__retarget_lock_acquire_recursive
                0x0800bebe        0x2 D:/Program/STM32CubeCLT_1.22.0/GNU-tools-for-STM32/bin/../lib/gcc/arm-none-eabi/14.3.1/../../../../arm-none-eabi/lib/thumb/v7e-m+fp/hard\libc_nano.a(libc_a-lock.o)
                0x0800bebe                __retarget_lock_acquire_recursive
 .text.__retarget_lock_release_recursive
                0x0800bec0        0x2 D:/Program/STM32CubeCLT_1.22.0/GNU-tools-for-STM32/bin/../lib/gcc/arm-none-eabi/14.3.1/../../../../arm-none-eabi/lib/thumb/v7e-m+fp/hard\libc_nano.a(libc_a-lock.o)
                0x0800bec0                __retarget_lock_release_recursive
 .text.strcpy   0x0800bec2       0x10 D:/Program/STM32CubeCLT_1.22.0/GNU-tools-for-STM32/bin/../lib/gcc/arm-none-eabi/14.3.1/../../../../arm-none-eabi/lib/thumb/v7e-m+fp/hard\libc_nano.a(libc_a-strcpy.o)
                0x0800bec2                strcpy
 .text.memcpy   0x0800bed2       0x1c D:/Program/STM32CubeCLT_1.22.0/GNU-tools-for-STM32/bin/../lib/gcc/arm-none-eabi/14.3.1/../../../../arm-none-eabi/lib/thumb/v7e-m+fp/hard\libc_nano.a(libc_a-memcpy-stub.o)
                0x0800bed2                memcpy
 *fill*         0x0800beee        0x2 
 .text.nan      0x0800bef0       0x10 D:/Program/STM32CubeCLT_1.22.0/GNU-tools-for-STM32/bin/../lib/gcc/arm-none-eabi/14.3.1/../../../../arm-none-eabi/lib/thumb/v7e-m+fp/hard\libc_nano.a(libm_a-s_nan.o)
                0x0800bef0                nan
 .text.nanf     0x0800bf00        0xc D:/Program/STM32CubeCLT_1.22.0/GNU-tools-for-STM32/bin/../lib/gcc/arm-none-eabi/14.3.1/../../../../arm-none-eabi/lib/thumb/v7e-m+fp/hard\libc_nano.a(libm_a-sf_nan.o)
                0x0800bf00                nanf
 .text.__assert_func
                0x0800bf0c       0x3c D:/Program/STM32CubeCLT_1.22.0/GNU-tools-for-STM32/bin/../lib/gcc/arm-none-eabi/14.3.1/../../../../arm-none-eabi/lib/thumb/v7e-m+fp/hard\libc_nano.a(libc_a-assert.o)
                0x0800bf0c                __assert_func
 .text.quorem   0x0800bf48      0x110 D:/Program/STM32CubeCLT_1.22.0/GNU-tools-for-STM32/bin/../lib/gcc/arm-none-eabi/14.3.1/../../../../arm-none-eabi/lib/thumb/v7e-m+fp/hard\libc_nano.a(libc_a-dtoa.o)
 .text._dtoa_r  0x0800c058      0xbb8 D:/Program/STM32CubeCLT_1.22.0/GNU-tools-for-STM32/bin/../lib/gcc/arm-none-eabi/14.3.1/../../../../arm-none-eabi/lib/thumb/v7e-m+fp/hard\libc_nano.a(libc_a-dtoa.o)
                0x0800c058                _dtoa_r
 .text._free_r  0x0800cc10       0x94 D:/Program/STM32CubeCLT_1.22.0/GNU-tools-for-STM32/bin/../lib/gcc/arm-none-eabi/14.3.1/../../../../arm-none-eabi/lib/thumb/v7e-m+fp/hard\libc_nano.a(libc_a-freer.o)
                0x0800cc10                _free_r
 .text.rshift   0x0800cca4       0xa4 D:/Program/STM32CubeCLT_1.22.0/GNU-tools-for-STM32/bin/../lib/gcc/arm-none-eabi/14.3.1/../../../../arm-none-eabi/lib/thumb/v7e-m+fp/hard\libc_nano.a(libc_a-gdtoa-gethex.o)
 .text.__hexdig_fun
                0x0800cd48       0x2a D:/Program/STM32CubeCLT_1.22.0/GNU-tools-for-STM32/bin/../lib/gcc/arm-none-eabi/14.3.1/../../../../arm-none-eabi/lib/thumb/v7e-m+fp/hard\libc_nano.a(libc_a-gdtoa-gethex.o)
                0x0800cd48                __hexdig_fun
 *fill*         0x0800cd72        0x2 
 .text.__gethex
                0x0800cd74      0x420 D:/Program/STM32CubeCLT_1.22.0/GNU-tools-for-STM32/bin/../lib/gcc/arm-none-eabi/14.3.1/../../../../arm-none-eabi/lib/thumb/v7e-m+fp/hard\libc_nano.a(libc_a-gdtoa-gethex.o)
                0x0800cd74                __gethex
 .text.L_shift  0x0800d194       0x24 D:/Program/STM32CubeCLT_1.22.0/GNU-tools-for-STM32/bin/../lib/gcc/arm-none-eabi/14.3.1/../../../../arm-none-eabi/lib/thumb/v7e-m+fp/hard\libc_nano.a(libc_a-gdtoa-hexnan.o)
 .text.__match  0x0800d1b8       0x28 D:/Program/STM32CubeCLT_1.22.0/GNU-tools-for-STM32/bin/../lib/gcc/arm-none-eabi/14.3.1/../../../../arm-none-eabi/lib/thumb/v7e-m+fp/hard\libc_nano.a(libc_a-gdtoa-hexnan.o)
                0x0800d1b8                __match
 .text.__hexnan
                0x0800d1e0      0x13a D:/Program/STM32CubeCLT_1.22.0/GNU-tools-for-STM32/bin/../lib/gcc/arm-none-eabi/14.3.1/../../../../arm-none-eabi/lib/thumb/v7e-m+fp/hard\libc_nano.a(libc_a-gdtoa-hexnan.o)
                0x0800d1e0                __hexnan
 *fill*         0x0800d31a        0x2 
 .text.malloc   0x0800d31c       0x10 D:/Program/STM32CubeCLT_1.22.0/GNU-tools-for-STM32/bin/../lib/gcc/arm-none-eabi/14.3.1/../../../../arm-none-eabi/lib/thumb/v7e-m+fp/hard\libc_nano.a(libc_a-malloc.o)
                0x0800d31c                malloc
 .text.sbrk_aligned
                0x0800d32c       0x44 D:/Program/STM32CubeCLT_1.22.0/GNU-tools-for-STM32/bin/../lib/gcc/arm-none-eabi/14.3.1/../../../../arm-none-eabi/lib/thumb/v7e-m+fp/hard\libc_nano.a(libc_a-mallocr.o)
 .text._malloc_r
                0x0800d370      0x100 D:/Program/STM32CubeCLT_1.22.0/GNU-tools-for-STM32/bin/../lib/gcc/arm-none-eabi/14.3.1/../../../../arm-none-eabi/lib/thumb/v7e-m+fp/hard\libc_nano.a(libc_a-mallocr.o)
                0x0800d370                _malloc_r
 .text.__ascii_mbtowc
                0x0800d470       0x24 D:/Program/STM32CubeCLT_1.22.0/GNU-tools-for-STM32/bin/../lib/gcc/arm-none-eabi/14.3.1/../../../../arm-none-eabi/lib/thumb/v7e-m+fp/hard\libc_nano.a(libc_a-mbtowc_r.o)
                0x0800d470                __ascii_mbtowc
 .text.__malloc_lock
                0x0800d494        0xc D:/Program/STM32CubeCLT_1.22.0/GNU-tools-for-STM32/bin/../lib/gcc/arm-none-eabi/14.3.1/../../../../arm-none-eabi/lib/thumb/v7e-m+fp/hard\libc_nano.a(libc_a-mlock.o)
                0x0800d494                __malloc_lock
 .text.__malloc_unlock
                0x0800d4a0        0xc D:/Program/STM32CubeCLT_1.22.0/GNU-tools-for-STM32/bin/../lib/gcc/arm-none-eabi/14.3.1/../../../../arm-none-eabi/lib/thumb/v7e-m+fp/hard\libc_nano.a(libc_a-mlock.o)
                0x0800d4a0                __malloc_unlock
 .text._Balloc  0x0800d4ac       0x7c D:/Program/STM32CubeCLT_1.22.0/GNU-tools-for-STM32/bin/../lib/gcc/arm-none-eabi/14.3.1/../../../../arm-none-eabi/lib/thumb/v7e-m+fp/hard\libc_nano.a(libc_a-mprec.o)
                0x0800d4ac                _Balloc
 .text._Bfree   0x0800d528       0x44 D:/Program/STM32CubeCLT_1.22.0/GNU-tools-for-STM32/bin/../lib/gcc/arm-none-eabi/14.3.1/../../../../arm-none-eabi/lib/thumb/v7e-m+fp/hard\libc_nano.a(libc_a-mprec.o)
                0x0800d528                _Bfree
 .text.__multadd
                0x0800d56c       0x8c D:/Program/STM32CubeCLT_1.22.0/GNU-tools-for-STM32/bin/../lib/gcc/arm-none-eabi/14.3.1/../../../../arm-none-eabi/lib/thumb/v7e-m+fp/hard\libc_nano.a(libc_a-mprec.o)
                0x0800d56c                __multadd
 .text.__s2b    0x0800d5f8       0x94 D:/Program/STM32CubeCLT_1.22.0/GNU-tools-for-STM32/bin/../lib/gcc/arm-none-eabi/14.3.1/../../../../arm-none-eabi/lib/thumb/v7e-m+fp/hard\libc_nano.a(libc_a-mprec.o)
                0x0800d5f8                __s2b
 .text.__hi0bits
                0x0800d68c       0x3e D:/Program/STM32CubeCLT_1.22.0/GNU-tools-for-STM32/bin/../lib/gcc/arm-none-eabi/14.3.1/../../../../arm-none-eabi/lib/thumb/v7e-m+fp/hard\libc_nano.a(libc_a-mprec.o)
                0x0800d68c                __hi0bits
 .text.__lo0bits
                0x0800d6ca       0x5a D:/Program/STM32CubeCLT_1.22.0/GNU-tools-for-STM32/bin/../lib/gcc/arm-none-eabi/14.3.1/../../../../arm-none-eabi/lib/thumb/v7e-m+fp/hard\libc_nano.a(libc_a-mprec.o)
                0x0800d6ca                __lo0bits
 .text.__i2b    0x0800d724       0x2c D:/Program/STM32CubeCLT_1.22.0/GNU-tools-for-STM32/bin/../lib/gcc/arm-none-eabi/14.3.1/../../../../arm-none-eabi/lib/thumb/v7e-m+fp/hard\libc_nano.a(libc_a-mprec.o)
                0x0800d724                __i2b
 .text.__multiply
                0x0800d750      0x154 D:/Program/STM32CubeCLT_1.22.0/GNU-tools-for-STM32/bin/../lib/gcc/arm-none-eabi/14.3.1/../../../../arm-none-eabi/lib/thumb/v7e-m+fp/hard\libc_nano.a(libc_a-mprec.o)
                0x0800d750                __multiply
 .text.__pow5mult
                0x0800d8a4       0xb8 D:/Program/STM32CubeCLT_1.22.0/GNU-tools-for-STM32/bin/../lib/gcc/arm-none-eabi/14.3.1/../../../../arm-none-eabi/lib/thumb/v7e-m+fp/hard\libc_nano.a(libc_a-mprec.o)
                0x0800d8a4                __pow5mult
 .text.__lshift
                0x0800d95c       0xdc D:/Program/STM32CubeCLT_1.22.0/GNU-tools-for-STM32/bin/../lib/gcc/arm-none-eabi/14.3.1/../../../../arm-none-eabi/lib/thumb/v7e-m+fp/hard\libc_nano.a(libc_a-mprec.o)
                0x0800d95c                __lshift
 .text.__mcmp   0x0800da38       0x36 D:/Program/STM32CubeCLT_1.22.0/GNU-tools-for-STM32/bin/../lib/gcc/arm-none-eabi/14.3.1/../../../../arm-none-eabi/lib/thumb/v7e-m+fp/hard\libc_nano.a(libc_a-mprec.o)
                0x0800da38                __mcmp
 *fill*         0x0800da6e        0x2 
 .text.__mdiff  0x0800da70      0x130 D:/Program/STM32CubeCLT_1.22.0/GNU-tools-for-STM32/bin/../lib/gcc/arm-none-eabi/14.3.1/../../../../arm-none-eabi/lib/thumb/v7e-m+fp/hard\libc_nano.a(libc_a-mprec.o)
                0x0800da70                __mdiff
 .text.__ulp    0x0800dba0       0x4c D:/Program/STM32CubeCLT_1.22.0/GNU-tools-for-STM32/bin/../lib/gcc/arm-none-eabi/14.3.1/../../../../arm-none-eabi/lib/thumb/v7e-m+fp/hard\libc_nano.a(libc_a-mprec.o)
                0x0800dba0                __ulp
 .text.__b2d    0x0800dbec       0x94 D:/Program/STM32CubeCLT_1.22.0/GNU-tools-for-STM32/bin/../lib/gcc/arm-none-eabi/14.3.1/../../../../arm-none-eabi/lib/thumb/v7e-m+fp/hard\libc_nano.a(libc_a-mprec.o)
                0x0800dbec                __b2d
 .text.__d2b    0x0800dc80       0xb0 D:/Program/STM32CubeCLT_1.22.0/GNU-tools-for-STM32/bin/../lib/gcc/arm-none-eabi/14.3.1/../../../../arm-none-eabi/lib/thumb/v7e-m+fp/hard\libc_nano.a(libc_a-mprec.o)
                0x0800dc80                __d2b
 .text.__ratio  0x0800dd30       0x64 D:/Program/STM32CubeCLT_1.22.0/GNU-tools-for-STM32/bin/../lib/gcc/arm-none-eabi/14.3.1/../../../../arm-none-eabi/lib/thumb/v7e-m+fp/hard\libc_nano.a(libc_a-mprec.o)
                0x0800dd30                __ratio
 .text.__copybits
                0x0800dd94       0x46 D:/Program/STM32CubeCLT_1.22.0/GNU-tools-for-STM32/bin/../lib/gcc/arm-none-eabi/14.3.1/../../../../arm-none-eabi/lib/thumb/v7e-m+fp/hard\libc_nano.a(libc_a-mprec.o)
                0x0800dd94                __copybits
 .text.__any_on
                0x0800ddda       0x42 D:/Program/STM32CubeCLT_1.22.0/GNU-tools-for-STM32/bin/../lib/gcc/arm-none-eabi/14.3.1/../../../../arm-none-eabi/lib/thumb/v7e-m+fp/hard\libc_nano.a(libc_a-mprec.o)
                0x0800ddda                __any_on
 .text.__ascii_wctomb
                0x0800de1c       0x1a D:/Program/STM32CubeCLT_1.22.0/GNU-tools-for-STM32/bin/../lib/gcc/arm-none-eabi/14.3.1/../../../../arm-none-eabi/lib/thumb/v7e-m+fp/hard\libc_nano.a(libc_a-wctomb_r.o)
                0x0800de1c                __ascii_wctomb
 .text.__ssputs_r
                0x0800de36       0xc0 D:/Program/STM32CubeCLT_1.22.0/GNU-tools-for-STM32/bin/../lib/gcc/arm-none-eabi/14.3.1/../../../../arm-none-eabi/lib/thumb/v7e-m+fp/hard\libc_nano.a(libc_a-nano-svfprintf.o)
                0x0800de36                __ssputs_r
 *fill*         0x0800def6        0x2 
 .text._svfprintf_r
                0x0800def8      0x1f0 D:/Program/STM32CubeCLT_1.22.0/GNU-tools-for-STM32/bin/../lib/gcc/arm-none-eabi/14.3.1/../../../../arm-none-eabi/lib/thumb/v7e-m+fp/hard\libc_nano.a(libc_a-nano-svfprintf.o)
                0x0800def8                _svfiprintf_r
                0x0800def8                _svfprintf_r
 .text.__sflush_r
                0x0800e0e8      0x104 D:/Program/STM32CubeCLT_1.22.0/GNU-tools-for-STM32/bin/../lib/gcc/arm-none-eabi/14.3.1/../../../../arm-none-eabi/lib/thumb/v7e-m+fp/hard\libc_nano.a(libc_a-fflush.o)
                0x0800e0e8                __sflush_r
 .text._fflush_r
                0x0800e1ec       0x50 D:/Program/STM32CubeCLT_1.22.0/GNU-tools-for-STM32/bin/../lib/gcc/arm-none-eabi/14.3.1/../../../../arm-none-eabi/lib/thumb/v7e-m+fp/hard\libc_nano.a(libc_a-fflush.o)
                0x0800e1ec                _fflush_r
 .text.fprintf  0x0800e23c       0x24 D:/Program/STM32CubeCLT_1.22.0/GNU-tools-for-STM32/bin/../lib/gcc/arm-none-eabi/14.3.1/../../../../arm-none-eabi/lib/thumb/v7e-m+fp/hard\libc_nano.a(libc_a-fprintf.o)
                0x0800e23c                fiprintf
                0x0800e23c                fprintf
 .text.memmove  0x0800e260       0x32 D:/Program/STM32CubeCLT_1.22.0/GNU-tools-for-STM32/bin/../lib/gcc/arm-none-eabi/14.3.1/../../../../arm-none-eabi/lib/thumb/v7e-m+fp/hard\libc_nano.a(libc_a-memmove.o)
                0x0800e260                memmove
 *fill*         0x0800e292        0x2 
 .text._sbrk_r  0x0800e294       0x20 D:/Program/STM32CubeCLT_1.22.0/GNU-tools-for-STM32/bin/../lib/gcc/arm-none-eabi/14.3.1/../../../../arm-none-eabi/lib/thumb/v7e-m+fp/hard\libc_nano.a(libc_a-sbrkr.o)
                0x0800e294                _sbrk_r
 .text.abort    0x0800e2b4        0xe D:/Program/STM32CubeCLT_1.22.0/GNU-tools-for-STM32/bin/../lib/gcc/arm-none-eabi/14.3.1/../../../../arm-none-eabi/lib/thumb/v7e-m+fp/hard\libc_nano.a(libc_a-abort.o)
                0x0800e2b4                abort
 .text._calloc_r
                0x0800e2c2       0x28 D:/Program/STM32CubeCLT_1.22.0/GNU-tools-for-STM32/bin/../lib/gcc/arm-none-eabi/14.3.1/../../../../arm-none-eabi/lib/thumb/v7e-m+fp/hard\libc_nano.a(libc_a-callocr.o)
                0x0800e2c2                _calloc_r
 .text._realloc_r
                0x0800e2ea       0x5c D:/Program/STM32CubeCLT_1.22.0/GNU-tools-for-STM32/bin/../lib/gcc/arm-none-eabi/14.3.1/../../../../arm-none-eabi/lib/thumb/v7e-m+fp/hard\libc_nano.a(libc_a-reallocr.o)
                0x0800e2ea                _realloc_r
 .text.__sfputc_r
                0x0800e346       0x2e D:/Program/STM32CubeCLT_1.22.0/GNU-tools-for-STM32/bin/../lib/gcc/arm-none-eabi/14.3.1/../../../../arm-none-eabi/lib/thumb/v7e-m+fp/hard\libc_nano.a(libc_a-nano-vfprintf.o)
 .text.__sfputs_r
                0x0800e374       0x24 D:/Program/STM32CubeCLT_1.22.0/GNU-tools-for-STM32/bin/../lib/gcc/arm-none-eabi/14.3.1/../../../../arm-none-eabi/lib/thumb/v7e-m+fp/hard\libc_nano.a(libc_a-nano-vfprintf.o)
                0x0800e374                __sfputs_r
 .text._vfprintf_r
                0x0800e398      0x228 D:/Program/STM32CubeCLT_1.22.0/GNU-tools-for-STM32/bin/../lib/gcc/arm-none-eabi/14.3.1/../../../../arm-none-eabi/lib/thumb/v7e-m+fp/hard\libc_nano.a(libc_a-nano-vfprintf.o)
                0x0800e398                _vfprintf_r
                0x0800e398                _vfiprintf_r
 .text.__swbuf_r
                0x0800e5c0       0x7c D:/Program/STM32CubeCLT_1.22.0/GNU-tools-for-STM32/bin/../lib/gcc/arm-none-eabi/14.3.1/../../../../arm-none-eabi/lib/thumb/v7e-m+fp/hard\libc_nano.a(libc_a-wbuf.o)
                0x0800e5c0                __swbuf_r
 .text.__swsetup_r
                0x0800e63c       0xa8 D:/Program/STM32CubeCLT_1.22.0/GNU-tools-for-STM32/bin/../lib/gcc/arm-none-eabi/14.3.1/../../../../arm-none-eabi/lib/thumb/v7e-m+fp/hard\libc_nano.a(libc_a-wsetup.o)
                0x0800e63c                __swsetup_r
 .text._raise_r
                0x0800e6e4       0x50 D:/Program/STM32CubeCLT_1.22.0/GNU-tools-for-STM32/bin/../lib/gcc/arm-none-eabi/14.3.1/../../../../arm-none-eabi/lib/thumb/v7e-m+fp/hard\libc_nano.a(libc_a-signal.o)
                0x0800e6e4                _raise_r
 .text.raise    0x0800e734       0x10 D:/Program/STM32CubeCLT_1.22.0/GNU-tools-for-STM32/bin/../lib/gcc/arm-none-eabi/14.3.1/../../../../arm-none-eabi/lib/thumb/v7e-m+fp/hard\libc_nano.a(libc_a-signal.o)
                0x0800e734                raise
 .text._kill_r  0x0800e744       0x24 D:/Program/STM32CubeCLT_1.22.0/GNU-tools-for-STM32/bin/../lib/gcc/arm-none-eabi/14.3.1/../../../../arm-none-eabi/lib/thumb/v7e-m+fp/hard\libc_nano.a(libc_a-signalr.o)
                0x0800e744                _kill_r
 .text._getpid_r
                0x0800e768        0x4 D:/Program/STM32CubeCLT_1.22.0/GNU-tools-for-STM32/bin/../lib/gcc/arm-none-eabi/14.3.1/../../../../arm-none-eabi/lib/thumb/v7e-m+fp/hard\libc_nano.a(libc_a-signalr.o)
                0x0800e768                _getpid_r
 .text._malloc_usable_size_r
                0x0800e76c       0x10 D:/Program/STM32CubeCLT_1.22.0/GNU-tools-for-STM32/bin/../lib/gcc/arm-none-eabi/14.3.1/../../../../arm-none-eabi/lib/thumb/v7e-m+fp/hard\libc_nano.a(libc_a-msizer.o)
                0x0800e76c                _malloc_usable_size_r
 .text.__swhatbuf_r
                0x0800e77c       0x48 D:/Program/STM32CubeCLT_1.22.0/GNU-tools-for-STM32/bin/../lib/gcc/arm-none-eabi/14.3.1/../../../../arm-none-eabi/lib/thumb/v7e-m+fp/hard\libc_nano.a(libc_a-makebuf.o)
                0x0800e77c                __swhatbuf_r
 .text.__smakebuf_r
                0x0800e7c4       0x72 D:/Program/STM32CubeCLT_1.22.0/GNU-tools-for-STM32/bin/../lib/gcc/arm-none-eabi/14.3.1/../../../../arm-none-eabi/lib/thumb/v7e-m+fp/hard\libc_nano.a(libc_a-makebuf.o)
                0x0800e7c4                __smakebuf_r
 *fill*         0x0800e836        0x2 
 .text._fstat_r
                0x0800e838       0x24 D:/Program/STM32CubeCLT_1.22.0/GNU-tools-for-STM32/bin/../lib/gcc/arm-none-eabi/14.3.1/../../../../arm-none-eabi/lib/thumb/v7e-m+fp/hard\libc_nano.a(libc_a-fstatr.o)
                0x0800e838                _fstat_r
 .text._isatty_r
                0x0800e85c       0x20 D:/Program/STM32CubeCLT_1.22.0/GNU-tools-for-STM32/bin/../lib/gcc/arm-none-eabi/14.3.1/../../../../arm-none-eabi/lib/thumb/v7e-m+fp/hard\libc_nano.a(libc_a-isattyr.o)
                0x0800e85c                _isatty_r
 .text._close   0x0800e87c       0x10 D:/Program/STM32CubeCLT_1.22.0/GNU-tools-for-STM32/bin/../lib/gcc/arm-none-eabi/14.3.1/../../../../arm-none-eabi/lib/thumb/v7e-m+fp/hard\libnosys.a(close.o)
                0x0800e87c                _close
 .text._fstat   0x0800e88c       0x10 D:/Program/STM32CubeCLT_1.22.0/GNU-tools-for-STM32/bin/../lib/gcc/arm-none-eabi/14.3.1/../../../../arm-none-eabi/lib/thumb/v7e-m+fp/hard\libnosys.a(fstat.o)
                0x0800e88c                _fstat
 .text._getpid  0x0800e89c       0x10 D:/Program/STM32CubeCLT_1.22.0/GNU-tools-for-STM32/bin/../lib/gcc/arm-none-eabi/14.3.1/../../../../arm-none-eabi/lib/thumb/v7e-m+fp/hard\libnosys.a(getpid.o)
                0x0800e89c                _getpid
 .text._isatty  0x0800e8ac       0x10 D:/Program/STM32CubeCLT_1.22.0/GNU-tools-for-STM32/bin/../lib/gcc/arm-none-eabi/14.3.1/../../../../arm-none-eabi/lib/thumb/v7e-m+fp/hard\libnosys.a(isatty.o)
                0x0800e8ac                _isatty
 .text._kill    0x0800e8bc       0x10 D:/Program/STM32CubeCLT_1.22.0/GNU-tools-for-STM32/bin/../lib/gcc/arm-none-eabi/14.3.1/../../../../arm-none-eabi/lib/thumb/v7e-m+fp/hard\libnosys.a(kill.o)
                0x0800e8bc                _kill
 .text._lseek   0x0800e8cc       0x10 D:/Program/STM32CubeCLT_1.22.0/GNU-tools-for-STM32/bin/../lib/gcc/arm-none-eabi/14.3.1/../../../../arm-none-eabi/lib/thumb/v7e-m+fp/hard\libnosys.a(lseek.o)
                0x0800e8cc                _lseek
 .text._read    0x0800e8dc       0x10 D:/Program/STM32CubeCLT_1.22.0/GNU-tools-for-STM32/bin/../lib/gcc/arm-none-eabi/14.3.1/../../../../arm-none-eabi/lib/thumb/v7e-m+fp/hard\libnosys.a(read.o)
                0x0800e8dc                _read
 .text._sbrk    0x0800e8ec       0x1c D:/Program/STM32CubeCLT_1.22.0/GNU-tools-for-STM32/bin/../lib/gcc/arm-none-eabi/14.3.1/../../../../arm-none-eabi/lib/thumb/v7e-m+fp/hard\libnosys.a(sbrk.o)
                0x0800e8ec                _sbrk
 .text._write   0x0800e908       0x10 D:/Program/STM32CubeCLT_1.22.0/GNU-tools-for-STM32/bin/../lib/gcc/arm-none-eabi/14.3.1/../../../../arm-none-eabi/lib/thumb/v7e-m+fp/hard\libnosys.a(write.o)
                0x0800e908                _write
 .text._exit    0x0800e918        0x4 D:/Program/STM32CubeCLT_1.22.0/GNU-tools-for-STM32/bin/../lib/gcc/arm-none-eabi/14.3.1/../../../../arm-none-eabi/lib/thumb/v7e-m+fp/hard\libnosys.a(_exit.o)