2026-07-30T23:33:32.182 > bench on
2026-07-30T23:33:32.189 < OK bench active; chassis disabled; PC13 is emergency stop
2026-07-30T23:33:39.582 > stop
2026-07-30T23:33:39.584 < OK outputs stopped
2026-07-30T23:33:46.945 > status
2026-07-30T23:33:46.976 < BENCH t=256435 mode=idle fault=none stream=0 rate=100 seq=0 seqms=0 pwm=0 count=264 delta=0 sa=1 fresh=1 sage=0 sacal=1 rangeok=1 per=1155 high=616 duty=0.533212 raw=191.956 ang=2.822 aref=0.000 vision=0 vfresh=0 vage=-1 vframe=5288 ball=0.00 vel=0.00 bref=0.00 akp=300.000 aki=0.000 akd=0.000 bkp=0.00500 bkd=0.00000 bsign=1 plim=120 alim=2.00 scale=360.000 zero=189.085 sasign=1
2026-07-30T23:34:00.766 > zero
2026-07-30T23:34:00.773 < OK beam encoder zeroed at manually confirmed safe center
2026-07-30T23:34:08.963 > stream on 200
2026-07-30T23:34:08.970 < OK stream enabled period=200 ms; use 'stream off' to stop
2026-07-30T23:34:09.197 < BENCH t=278658 mode=idle fault=none stream=1 rate=200 seq=0 seqms=0 pwm=0 count=0 delta=0 sa=1 fresh=1 sage=1 sacal=1 rangeok=1 per=1155 high=616 duty=0.533172 raw=191.942 ang=2.830 aref=0.000 vision=0 vfresh=0 vage=-1 vframe=5288 ball=0.00 vel=0.00 bref=0.00 akp=300.000 aki=0.000 akd=0.000 bkp=0.00500 bkd=0.00000 bsign=1 plim=120 alim=2.00 scale=360.000 zero=189.085 sasign=1
2026-07-30T23:34:09.387 < BENCH t=278858 mode=idle fault=none stream=1 rate=200 seq=0 seqms=0 pwm=0 count=0 delta=0 sa=1 fresh=1 sage=1 sacal=1 rangeok=1 per=1155 high=616 duty=0.533033 raw=191.892 ang=2.800 aref=0.000 vision=0 vfresh=0 vage=-1 vframe=5288 ball=0.00 vel=0.00 bref=0.00 akp=300.000 aki=0.000 akd=0.000 bkp=0.00500 bkd=0.00000 bsign=1 plim=120 alim=2.00 scale=360.000 zero=189.085 sasign=1
2026-07-30T23:34:09.597 < BENCH t=279058 mode=idle fault=none stream=1 rate=200 seq=0 seqms=0 pwm=0 count=0 delta=0 sa=1 fresh=1 sage=1 sacal=1 rangeok=1 per=1155 high=616 duty=0.533420 raw=192.031 ang=2.828 aref=0.000 vision=0 vfresh=0 vage=-1 vframe=5288 ball=0.00 vel=0.00 bref=0.00 akp=300.000 aki=0.000 akd=0.000 bkp=0.00500 bkd=0.00000 bsign=1 plim=120 alim=2.00 scale=360.000 zero=189.085 sasign=1
2026-07-30T23:34:09.788 < BENCH t=279258 mode=idle fault=none stream=1 rate=200 seq=0 seqms=0 pwm=0 count=0 delta=0 sa=1 fresh=1 sage=1 sacal=1 rangeok=1 per=1155 high=616 duty=0.533166 raw=191.940 ang=2.846 aref=0.000 vision=0 vfresh=0 vage=-1 vframe=5288 ball=0.00 vel=0.00 bref=0.00 akp=300.000 aki=0.000 akd=0.000 bkp=0.00500 bkd=0.00000 bsign=1 plim=120 alim=2.00 scale=360.000 zero=189.085 sasign=1
2026-07-30T23:34:09.998 < BENCH t=279458 mode=idle fault=none stream=1 rate=200 seq=0 seqms=0 pwm=0 count=0 delta=0 sa=1 fresh=1 sage=1 sacal=1 rangeok=1 per=1155 high=615 duty=0.532733 raw=191.784 ang=2.819 aref=0.000 vision=0 vfresh=0 vage=-1 vframe=5288 ball=0.00 vel=0.00 bref=0.00 akp=300.000 aki=0.000 akd=0.000 bkp=0.00500 bkd=0.00000 bsign=1 plim=120 alim=2.00 scale=360.000 zero=189.085 sasign=1
2026-07-30T23:34:10.187 < BENCH t=279658 mode=idle fault=none stream=1 rate=200 seq=0 seqms=0 pwm=0 count=0 delta=0 sa=1 fresh=1 sage=1 sacal=1 rangeok=1 per=1155 high=616 duty=0.533431 raw=192.035 ang=2.876 aref=0.000 vision=0 vfresh=0 vage=-1 vframe=5288 ball=0.00 vel=0.00 bref=0.00 akp=300.000 aki=0.000 akd=0.000 bkp=0.00500 bkd=0.00000 bsign=1 plim=120 alim=2.00 scale=360.000 zero=189.085 sasign=1
2026-07-30T23:34:10.388 < BENCH t=279858 mode=idle fault=none stream=1 rate=200 seq=0 seqms=0 pwm=0 count=0 delta=0 sa=1 fresh=1 sage=1 sacal=1 rangeok=1 per=1155 high=616 duty=0.532947 raw=191.861 ang=2.819 aref=0.000 vision=0 vfresh=0 vage=-1 vframe=5288 ball=0.00 vel=0.00 bref=0.00 akp=300.000 aki=0.000 akd=0.000 bkp=0.00500 bkd=0.00000 bsign=1 plim=120 alim=2.00 scale=360.000 zero=189.085 sasign=1
2026-07-30T23:34:10.597 < BENCH t=280058 mode=idle fault=none stream=1 rate=200 seq=0 seqms=0 pwm=0 count=0 delta=0 sa=1 fresh=1 sage=1 sacal=1 rangeok=1 per=1155 high=615 duty=0.532687 raw=191.767 ang=2.759 aref=0.000 vision=0 vfresh=0 vage=-1 vframe=5288 ball=0.00 vel=0.00 bref=0.00 akp=300.000 aki=0.000 akd=0.000 bkp=0.00500 bkd=0.00000 bsign=1 plim=120 alim=2.00 scale=360.000 zero=189.085 sasign=1
2026-07-30T23:34:10.787 < BENCH t=280258 mode=idle fault=none stream=1 rate=200 seq=0 seqms=0 pwm=0 count=0 delta=0 sa=1 fresh=1 sage=2 sacal=1 rangeok=1 per=1155 high=615 duty=0.532998 raw=191.879 ang=2.826 aref=0.000 vision=0 vfresh=0 vage=-1 vframe=5288 ball=0.00 vel=0.00 bref=0.00 akp=300.000 aki=0.000 akd=0.000 bkp=0.00500 bkd=0.00000 bsign=1 plim=120 alim=2.00 scale=360.000 zero=189.085 sasign=1
2026-07-30T23:34:10.997 < BENCH t=280458 mode=idle fault=none stream=1 rate=200 seq=0 seqms=0 pwm=0 count=0 delta=0 sa=1 fresh=1 sage=1 sacal=1 rangeok=1 per=1155 high=616 duty=0.532993 raw=191.877 ang=2.857 aref=0.000 vision=0 vfresh=0 vage=-1 vframe=5288 ball=0.00 vel=0.00 bref=0.00 akp=300.000 aki=0.000 akd=0.000 bkp=0.00500 bkd=0.00000 bsign=1 plim=120 alim=2.00 scale=360.000 zero=189.085 sasign=1
2026-07-30T23:34:11.187 < BENCH t=280658 mode=idle fault=none stream=1 rate=200 seq=0 seqms=0 pwm=0 count=0 delta=0 sa=1 fresh=1 sage=1 sacal=1 rangeok=1 per=1155 high=616 duty=0.533391 raw=192.021 ang=2.858 aref=0.000 vision=0 vfresh=0 vage=-1 vframe=5288 ball=0.00 vel=0.00 bref=0.00 akp=300.000 aki=0.000 akd=0.000 bkp=0.00500 bkd=0.00000 bsign=1 plim=120 alim=2.00 scale=360.000 zero=189.085 sasign=1
2026-07-30T23:34:11.388 < BENCH t=280858 mode=idle fault=none stream=1 rate=200 seq=0 seqms=0 pwm=0 count=0 delta=0 sa=1 fresh=1 sage=1 sacal=1 rangeok=1 per=1155 high=615 duty=0.532912 raw=191.848 ang=2.799 aref=0.000 vision=0 vfresh=0 vage=-1 vframe=5288 ball=0.00 vel=0.00 bref=0.00 akp=300.000 aki=0.000 akd=0.000 bkp=0.00500 bkd=0.00000 bsign=1 plim=120 alim=2.00 scale=360.000 zero=189.085 sasign=1
2026-07-30T23:34:11.587 < BENCH t=281058 mode=idle fault=none stream=1 rate=200 seq=0 seqms=0 pwm=0 count=0 delta=0 sa=1 fresh=1 sage=1 sacal=1 rangeok=1 per=1154 high=615 duty=0.532877 raw=191.836 ang=2.832 aref=0.000 vision=0 vfresh=0 vage=-1 vframe=5288 ball=0.00 vel=0.00 bref=0.00 akp=300.000 aki=0.000 akd=0.000 bkp=0.00500 bkd=0.00000 bsign=1 plim=120 alim=2.00 scale=360.000 zero=189.085 sasign=1
2026-07-30T23:34:11.788 < BENCH t=281258 mode=idle fault=none stream=1 rate=200 seq=0 seqms=0 pwm=0 count=0 delta=0 sa=1 fresh=1 sage=2 sacal=1 rangeok=1 per=1155 high=615 duty=0.532646 raw=191.753 ang=2.799 aref=0.000 vision=0 vfresh=0 vage=-1 vframe=5288 ball=0.00 vel=0.00 bref=0.00 akp=300.000 aki=0.000 akd=0.000 bkp=0.00500 bkd=0.00000 bsign=1 plim=120 alim=2.00 scale=360.000 zero=189.085 sasign=1
2026-07-30T23:34:11.996 < BENCH t=281458 mode=idle fault=none stream=1 rate=200 seq=0 seqms=0 pwm=0 count=0 delta=0 sa=1 fresh=1 sage=1 sacal=1 rangeok=1 per=1154 high=616 duty=0.533177 raw=191.944 ang=2.866 aref=0.000 vision=0 vfresh=0 vage=-1 vframe=5288 ball=0.00 vel=0.00 bref=0.00 akp=300.000 aki=0.000 akd=0.000 bkp=0.00500 bkd=0.00000 bsign=1 plim=120 alim=2.00 scale=360.000 zero=189.085 sasign=1
2026-07-30T23:34:12.197 < BENCH t=281658 mode=idle fault=none stream=1 rate=200 seq=0 seqms=0 pwm=0 count=0 delta=0 sa=1 fresh=1 sage=1 sacal=1 rangeok=1 per=1155 high=616 duty=0.532947 raw=191.861 ang=2.828 aref=0.000 vision=0 vfresh=0 vage=-1 vframe=5288 ball=0.00 vel=0.00 bref=0.00 akp=300.000 aki=0.000 akd=0.000 bkp=0.00500 bkd=0.00000 bsign=1 plim=120 alim=2.00 scale=360.000 zero=189.085 sasign=1
2026-07-30T23:34:12.389 < BENCH t=281858 mode=idle fault=none stream=1 rate=200 seq=0 seqms=0 pwm=0 count=0 delta=0 sa=1 fresh=1 sage=1 sacal=1 rangeok=1 per=1155 high=616 duty=0.533166 raw=191.940 ang=2.874 aref=0.000 vision=0 vfresh=0 vage=-1 vframe=5288 ball=0.00 vel=0.00 bref=0.00 akp=300.000 aki=0.000 akd=0.000 bkp=0.00500 bkd=0.00000 bsign=1 plim=120 alim=2.00 scale=360.000 zero=189.085 sasign=1
2026-07-30T23:34:12.590 < BENCH t=282058 mode=idle fault=none stream=1 rate=200 seq=0 seqms=0 pwm=0 count=0 delta=0 sa=1 fresh=1 sage=1 sacal=1 rangeok=1 per=1155 high=615 duty=0.532208 raw=191.595 ang=2.816 aref=0.000 vision=0 vfresh=0 vage=-1 vframe=5288 ball=0.00 vel=0.00 bref=0.00 akp=300.000 aki=0.000 akd=0.000 bkp=0.00500 bkd=0.00000 bsign=1 plim=120 alim=2.00 scale=360.000 zero=189.085 sasign=1
2026-07-30T23:34:12.797 < BENCH t=282258 mode=idle fault=none stream=1 rate=200 seq=0 seqms=0 pwm=0 count=0 delta=0 sa=1 fresh=1 sage=2 sacal=1 rangeok=1 per=1155 high=616 duty=0.533120 raw=191.923 ang=2.856 aref=0.000 vision=0 vfresh=0 vage=-1 vframe=5288 ball=0.00 vel=0.00 bref=0.00 akp=300.000 aki=0.000 akd=0.000 bkp=0.00500 bkd=0.00000 bsign=1 plim=120 alim=2.00 scale=360.000 zero=189.085 sasign=1
2026-07-30T23:34:12.990 < BENCH t=282458 mode=idle fault=none stream=1 rate=200 seq=0 seqms=0 pwm=0 count=0 delta=0 sa=1 fresh=1 sage=1 sacal=1 rangeok=1 per=1155 high=616 duty=0.533125 raw=191.925 ang=2.822 aref=0.000 vision=0 vfresh=0 vage=-1 vframe=5288 ball=0.00 vel=0.00 bref=0.00 akp=300.000 aki=0.000 akd=0.000 bkp=0.00500 bkd=0.00000 bsign=1 plim=120 alim=2.00 scale=360.000 zero=189.085 sasign=1
2026-07-30T23:34:13.196 < BENCH t=282658 mode=idle fault=none stream=1 rate=200 seq=0 seqms=0 pwm=0 count=0 delta=0 sa=1 fresh=1 sage=1 sacal=1 rangeok=1 per=1155 high=616 duty=0.533247 raw=191.969 ang=2.842 aref=0.000 vision=0 vfresh=0 vage=-1 vframe=5288 ball=0.00 vel=0.00 bref=0.00 akp=300.000 aki=0.000 akd=0.000 bkp=0.00500 bkd=0.00000 bsign=1 plim=120 alim=2.00 scale=360.000 zero=189.085 sasign=1
2026-07-30T23:34:13.391 < BENCH t=282858 mode=idle fault=none stream=1 rate=200 seq=0 seqms=0 pwm=0 count=0 delta=0 sa=1 fresh=1 sage=1 sacal=1 rangeok=1 per=1155 high=615 duty=0.532912 raw=191.848 ang=2.790 aref=0.000 vision=0 vfresh=0 vage=-1 vframe=5288 ball=0.00 vel=0.00 bref=0.00 akp=300.000 aki=0.000 akd=0.000 bkp=0.00500 bkd=0.00000 bsign=1 plim=120 alim=2.00 scale=360.000 zero=189.085 sasign=1
2026-07-30T23:34:13.592 < BENCH t=283058 mode=idle fault=none stream=1 rate=200 seq=0 seqms=0 pwm=0 count=0 delta=0 sa=1 fresh=1 sage=1 sacal=1 rangeok=1 per=1155 high=616 duty=0.533120 raw=191.923 ang=2.810 aref=0.000 vision=0 vfresh=0 vage=-1 vframe=5288 ball=0.00 vel=0.00 bref=0.00 akp=300.000 aki=0.000 akd=0.000 bkp=0.00500 bkd=0.00000 bsign=1 plim=120 alim=2.00 scale=360.000 zero=189.085 sasign=1
2026-07-30T23:34:13.796 < BENCH t=283258 mode=idle fault=none stream=1 rate=200 seq=0 seqms=0 pwm=0 count=0 delta=0 sa=1 fresh=1 sage=1 sacal=1 rangeok=1 per=1155 high=616 duty=0.533206 raw=191.954 ang=2.850 aref=0.000 vision=0 vfresh=0 vage=-1 vframe=5288 ball=0.00 vel=0.00 bref=0.00 akp=300.000 aki=0.000 akd=0.000 bkp=0.00500 bkd=0.00000 bsign=1 plim=120 alim=2.00 scale=360.000 zero=189.085 sasign=1
2026-07-30T23:34:13.996 < BENCH t=283458 mode=idle fault=none stream=1 rate=200 seq=0 seqms=0 pwm=0 count=0 delta=0 sa=1 fresh=1 sage=1 sacal=1 rangeok=1 per=1155 high=616 duty=0.533166 raw=191.940 ang=2.808 aref=0.000 vision=0 vfresh=0 vage=-1 vframe=5288 ball=0.00 vel=0.00 bref=0.00 akp=300.000 aki=0.000 akd=0.000 bkp=0.00500 bkd=0.00000 bsign=1 plim=120 alim=2.00 scale=360.000 zero=189.085 sasign=1
2026-07-30T23:34:14.196 < BENCH t=283658 mode=idle fault=none stream=1 rate=200 seq=0 seqms=0 pwm=0 count=0 delta=0 sa=1 fresh=1 sage=1 sacal=1 rangeok=1 per=1155 high=616 duty=0.533391 raw=192.021 ang=2.842 aref=0.000 vision=0 vfresh=0 vage=-1 vframe=5288 ball=0.00 vel=0.00 bref=0.00 akp=300.000 aki=0.000 akd=0.000 bkp=0.00500 bkd=0.00000 bsign=1 plim=120 alim=2.00 scale=360.000 zero=189.085 sasign=1
2026-07-30T23:34:14.395 < BENCH t=283858 mode=idle fault=none stream=1 rate=200 seq=0 seqms=0 pwm=0 count=0 delta=0 sa=1 fresh=1 sage=1 sacal=1 rangeok=1 per=1155 high=615 duty=0.532698 raw=191.771 ang=2.787 aref=0.000 vision=0 vfresh=0 vage=-1 vframe=5288 ball=0.00 vel=0.00 bref=0.00 akp=300.000 aki=0.000 akd=0.000 bkp=0.00500 bkd=0.00000 bsign=1 plim=120 alim=2.00 scale=360.000 zero=189.085 sasign=1
2026-07-30T23:34:14.586 < BENCH t=284058 mode=idle fault=none stream=1 rate=200 seq=0 seqms=0 pwm=0 count=0 delta=0 sa=1 fresh=1 sage=1 sacal=1 rangeok=1 per=1155 high=616 duty=0.533385 raw=192.019 ang=2.886 aref=0.000 vision=0 vfresh=0 vage=-1 vframe=5288 ball=0.00 vel=0.00 bref=0.00 akp=300.000 aki=0.000 akd=0.000 bkp=0.00500 bkd=0.00000 bsign=1 plim=120 alim=2.00 scale=360.000 zero=189.085 sasign=1
2026-07-30T23:34:14.796 < BENCH t=284258 mode=idle fault=none stream=1 rate=200 seq=0 seqms=0 pwm=0 count=0 delta=0 sa=1 fresh=1 sage=2 sacal=1 rangeok=1 per=1155 high=616 duty=0.533478 raw=192.052 ang=2.885 aref=0.000 vision=0 vfresh=0 vage=-1 vframe=5288 ball=0.00 vel=0.00 bref=0.00 akp=300.000 aki=0.000 akd=0.000 bkp=0.00500 bkd=0.00000 bsign=1 plim=120 alim=2.00 scale=360.000 zero=189.085 sasign=1
2026-07-30T23:34:14.995 < BENCH t=284458 mode=idle fault=none stream=1 rate=200 seq=0 seqms=0 pwm=0 count=0 delta=0 sa=1 fresh=1 sage=1 sacal=1 rangeok=1 per=1154 high=615 duty=0.532923 raw=191.852 ang=2.882 aref=0.000 vision=0 vfresh=0 vage=-1 vframe=5288 ball=0.00 vel=0.00 bref=0.00 akp=300.000 aki=0.000 akd=0.000 bkp=0.00500 bkd=0.00000 bsign=1 plim=120 alim=2.00 scale=360.000 zero=189.085 sasign=1
2026-07-30T23:34:15.195 < BENCH t=284658 mode=idle fault=none stream=1 rate=200 seq=0 seqms=0 pwm=0 count=0 delta=0 sa=1 fresh=1 sage=1 sacal=1 rangeok=1 per=1154 high=615 duty=0.532918 raw=191.850 ang=2.898 aref=0.000 vision=0 vfresh=0 vage=-1 vframe=5288 ball=0.00 vel=0.00 bref=0.00 akp=300.000 aki=0.000 akd=0.000 bkp=0.00500 bkd=0.00000 bsign=1 plim=120 alim=2.00 scale=360.000 zero=189.085 sasign=1
2026-07-30T23:34:15.387 < BENCH t=284858 mode=idle fault=none stream=1 rate=200 seq=0 seqms=0 pwm=0 count=0 delta=0 sa=1 fresh=1 sage=1 sacal=1 rangeok=1 per=1155 high=616 duty=0.533172 raw=191.942 ang=2.837 aref=0.000 vision=0 vfresh=0 vage=-1 vframe=5288 ball=0.00 vel=0.00 bref=0.00 akp=300.000 aki=0.000 akd=0.000 bkp=0.00500 bkd=0.00000 bsign=1 plim=120 alim=2.00 scale=360.000 zero=189.085 sasign=1
2026-07-30T23:34:15.595 < BENCH t=285058 mode=idle fault=none stream=1 rate=200 seq=0 seqms=0 pwm=0 count=0 delta=0 sa=1 fresh=1 sage=2 sacal=1 rangeok=1 per=1155 high=616 duty=0.533518 raw=192.067 ang=2.880 aref=0.000 vision=0 vfresh=0 vage=-1 vframe=5288 ball=0.00 vel=0.00 bref=0.00 akp=300.000 aki=0.000 akd=0.000 bkp=0.00500 bkd=0.00000 bsign=1 plim=120 alim=2.00 scale=360.000 zero=189.085 sasign=1
2026-07-30T23:34:15.785 < BENCH t=285258 mode=idle fault=none stream=1 rate=200 seq=0 seqms=0 pwm=0 count=0 delta=0 sa=1 fresh=1 sage=1 sacal=1 rangeok=1 per=1154 high=616 duty=0.533963 raw=192.227 ang=2.910 aref=0.000 vision=0 vfresh=0 vage=-1 vframe=5288 ball=0.00 vel=0.00 bref=0.00 akp=300.000 aki=0.000 akd=0.000 bkp=0.00500 bkd=0.00000 bsign=1 plim=120 alim=2.00 scale=360.000 zero=189.085 sasign=1
2026-07-30T23:34:15.996 < BENCH t=285458 mode=idle fault=none stream=1 rate=200 seq=0 seqms=0 pwm=0 count=0 delta=0 sa=1 fresh=1 sage=1 sacal=1 rangeok=1 per=1155 high=616 duty=0.533218 raw=191.958 ang=2.875 aref=0.000 vision=0 vfresh=0 vage=-1 vframe=5288 ball=0.00 vel=0.00 bref=0.00 akp=300.000 aki=0.000 akd=0.000 bkp=0.00500 bkd=0.00000 bsign=1 plim=120 alim=2.00 scale=360.000 zero=189.085 sasign=1
2026-07-30T23:34:16.195 < BENCH t=285658 mode=idle fault=none stream=1 rate=200 seq=0 seqms=0 pwm=0 count=0 delta=0 sa=1 fresh=1 sage=1 sacal=1 rangeok=1 per=1155 high=615 duty=0.532652 raw=191.755 ang=2.859 aref=0.000 vision=0 vfresh=0 vage=-1 vframe=5288 ball=0.00 vel=0.00 bref=0.00 akp=300.000 aki=0.000 akd=0.000 bkp=0.00500 bkd=0.00000 bsign=1 plim=120 alim=2.00 scale=360.000 zero=189.085 sasign=1
2026-07-30T23:34:16.387 < BENCH t=285858 mode=idle fault=none stream=1 rate=200 seq=0 seqms=0 pwm=0 count=0 delta=0 sa=1 fresh=1 sage=1 sacal=1 rangeok=1 per=1155 high=615 duty=0.532998 raw=191.879 ang=2.821 aref=0.000 vision=0 vfresh=0 vage=-1 vframe=5288 ball=0.00 vel=0.00 bref=0.00 akp=300.000 aki=0.000 akd=0.000 bkp=0.00500 bkd=0.00000 bsign=1 plim=120 alim=2.00 scale=360.000 zero=189.085 sasign=1
2026-07-30T23:34:16.595 < BENCH t=286058 mode=idle fault=none stream=1 rate=200 seq=0 seqms=0 pwm=0 count=0 delta=0 sa=1 fresh=1 sage=1 sacal=1 rangeok=1 per=1154 high=616 duty=0.533351 raw=192.006 ang=2.856 aref=0.000 vision=0 vfresh=0 vage=-1 vframe=5288 ball=0.00 vel=0.00 bref=0.00 akp=300.000 aki=0.000 akd=0.000 bkp=0.00500 bkd=0.00000 bsign=1 plim=120 alim=2.00 scale=360.000 zero=189.085 sasign=1
2026-07-30T23:34:16.795 < BENCH t=286258 mode=idle fault=none stream=1 rate=200 seq=0 seqms=0 pwm=0 count=0 delta=0 sa=1 fresh=1 sage=1 sacal=1 rangeok=1 per=1154 high=616 duty=0.533177 raw=191.944 ang=2.854 aref=0.000 vision=0 vfresh=0 vage=-1 vframe=5288 ball=0.00 vel=0.00 bref=0.00 akp=300.000 aki=0.000 akd=0.000 bkp=0.00500 bkd=0.00000 bsign=1 plim=120 alim=2.00 scale=360.000 zero=189.085 sasign=1
2026-07-30T23:34:16.996 < BENCH t=286458 mode=idle fault=none stream=1 rate=200 seq=0 seqms=0 pwm=0 count=0 delta=0 sa=1 fresh=1 sage=1 sacal=1 rangeok=1 per=1154 high=615 duty=0.532744 raw=191.788 ang=2.842 aref=0.000 vision=0 vfresh=0 vage=-1 vframe=5288 ball=0.00 vel=0.00 bref=0.00 akp=300.000 aki=0.000 akd=0.000 bkp=0.00500 bkd=0.00000 bsign=1 plim=120 alim=2.00 scale=360.000 zero=189.085 sasign=1
2026-07-30T23:34:17.191 < BENCH t=286658 mode=idle fault=none stream=1 rate=200 seq=0 seqms=0 pwm=0 count=0 delta=0 sa=1 fresh=1 sage=1 sacal=1 rangeok=1 per=1154 high=615 duty=0.532877 raw=191.836 ang=2.803 aref=0.000 vision=0 vfresh=0 vage=-1 vframe=5288 ball=0.00 vel=0.00 bref=0.00 akp=300.000 aki=0.000 akd=0.000 bkp=0.00500 bkd=0.00000 bsign=1 plim=120 alim=2.00 scale=360.000 zero=189.085 sasign=1
2026-07-30T23:34:17.395 < BENCH t=286858 mode=idle fault=none stream=1 rate=200 seq=0 seqms=0 pwm=0 count=0 delta=0 sa=1 fresh=1 sage=2 sacal=1 rangeok=1 per=1155 high=616 duty=0.533131 raw=191.927 ang=2.855 aref=0.000 vision=0 vfresh=0 vage=-1 vframe=5288 ball=0.00 vel=0.00 bref=0.00 akp=300.000 aki=0.000 akd=0.000 bkp=0.00500 bkd=0.00000 bsign=1 plim=120 alim=2.00 scale=360.000 zero=189.085 sasign=1
2026-07-30T23:34:17.596 < BENCH t=287058 mode=idle fault=none stream=1 rate=200 seq=0 seqms=0 pwm=0 count=0 delta=0 sa=1 fresh=1 sage=1 sacal=1 rangeok=1 per=1155 high=616 duty=0.533478 raw=192.052 ang=2.847 aref=0.000 vision=0 vfresh=0 vage=-1 vframe=5288 ball=0.00 vel=0.00 bref=0.00 akp=300.000 aki=0.000 akd=0.000 bkp=0.00500 bkd=0.00000 bsign=1 plim=120 alim=2.00 scale=360.000 zero=189.085 sasign=1
2026-07-30T23:34:17.779 > stream off
2026-07-30T23:34:17.785 < BENCH t=287258 mode=idle fault=none stream=1 rate=200 seq=0 seqms=0 pwm=0 count=0 delta=0 sa=1 fresh=1 sage=1 sacal=1 rangeok=1 per=1155 high=616 duty=0.533691 raw=192.129 ang=2.930 aref=0.000 vision=0 vfresh=0 vage=-1 vframe=5288 ball=0.00 vel=0.00 bref=0.00 akp=300.000 aki=0.000 akd=0.000 bkp=0.00500 bkd=0.00000 bsign=1 plim=120 alim=2.00 scale=360.000 zero=189.085 sasign=1
2026-07-30T23:34:17.785 < OK stream disabled
2026-07-30T23:34:32.917 > sa cal 360 191.917 1
2026-07-30T23:34:32.926 < OK SA100 calibration scale=360.000 zero=191.917 sign=1; wait for new frame
2026-07-30T23:34:37.899 > status
2026-07-30T23:34:37.931 < BENCH t=307394 mode=idle fault=none stream=0 rate=200 seq=0 seqms=0 pwm=0 count=0 delta=0 sa=1 fresh=1 sage=1 sacal=1 rangeok=1 per=1154 high=616 duty=0.533397 raw=192.023 ang=0.060 aref=0.000 vision=0 vfresh=0 vage=-1 vframe=5288 ball=0.00 vel=0.00 bref=0.00 akp=300.000 aki=0.000 akd=0.000 bkp=0.00500 bkd=0.00000 bsign=1 plim=120 alim=2.00 scale=360.000 zero=191.917 sasign=1
2026-07-30T23:35:43.802 > pulse 50 200
2026-07-30T23:35:43.808 < OK raw pulse pwm=50 ms=200; PC13 stops immediately
2026-07-30T23:35:43.997 < OK pulse complete; outputs stopped
2026-07-30T23:35:48.880 > status
2026-07-30T23:35:48.914 < BENCH t=378372 mode=idle fault=none stream=0 rate=200 seq=0 seqms=0 pwm=0 count=5 delta=0 sa=1 fresh=1 sage=1 sacal=1 rangeok=1 per=1155 high=617 duty=0.534690 raw=192.489 ang=0.555 aref=0.000 vision=0 vfresh=0 vage=-1 vframe=5288 ball=0.00 vel=0.00 bref=0.00 akp=300.000 aki=0.000 akd=0.000 bkp=0.00500 bkd=0.00000 bsign=1 plim=120 alim=2.00 scale=360.000 zero=191.917 sasign=1
2026-07-30T23:35:55.806 > pulse -50 200
2026-07-30T23:35:55.815 < OK raw pulse pwm=-50 ms=200; PC13 stops immediately
2026-07-30T23:35:56.014 < OK pulse complete; outputs stopped
2026-07-30T23:36:00.469 > status
2026-07-30T23:36:00.493 < BENCH t=389962 mode=idle fault=none stream=0 rate=200 seq=0 seqms=0 pwm=0 count=4 delta=0 sa=1 fresh=1 sage=1 sacal=1 rangeok=1 per=1154 high=617 duty=0.534650 raw=192.474 ang=0.555 aref=0.000 vision=0 vfresh=0 vage=-1 vframe=5288 ball=0.00 vel=0.00 bref=0.00 akp=300.000 aki=0.000 akd=0.000 bkp=0.00500 bkd=0.00000 bsign=1 plim=120 alim=2.00 scale=360.000 zero=191.917 sasign=1
2026-07-30T23:36:09.259 > pulse -80 200
2026-07-30T23:36:09.265 < OK raw pulse pwm=-80 ms=200; PC13 stops immediately
2026-07-30T23:36:09.458 < OK pulse complete; outputs stopped
2026-07-30T23:36:17.278 > status
2026-07-30T23:36:17.313 < BENCH t=406773 mode=idle fault=none stream=0 rate=200 seq=0 seqms=0 pwm=0 count=4 delta=0 sa=1 fresh=1 sage=1 sacal=1 rangeok=1 per=1155 high=617 duty=0.534638 raw=192.470 ang=0.556 aref=0.000 vision=0 vfresh=0 vage=-1 vframe=5288 ball=0.00 vel=0.00 bref=0.00 akp=300.000 aki=0.000 akd=0.000 bkp=0.00500 bkd=0.00000 bsign=1 plim=120 alim=2.00 scale=360.000 zero=191.917 sasign=1
2026-07-30T23:36:22.404 > pulse -120 200
2026-07-30T23:36:22.404 < OK raw pulse pwm=-120 ms=200; PC13 stops immediately
2026-07-30T23:36:22.604 < OK pulse complete; outputs stopped
2026-07-30T23:36:27.680 > status
2026-07-30T23:36:27.713 < BENCH t=417177 mode=idle fault=none stream=0 rate=200 seq=0 seqms=0 pwm=0 count=-82 delta=0 sa=1 fresh=1 sage=0 sacal=1 rangeok=1 per=1154 high=615 duty=0.532744 raw=191.788 ang=-0.183 aref=0.000 vision=0 vfresh=0 vage=-1 vframe=5288 ball=0.00 vel=0.00 bref=0.00 akp=300.000 aki=0.000 akd=0.000 bkp=0.00500 bkd=0.00000 bsign=1 plim=120 alim=2.00 scale=360.000 zero=191.917 sasign=1
2026-07-30T23:36:44.698 > pulse 50 100
2026-07-30T23:36:44.702 < OK raw pulse pwm=50 ms=100; PC13 stops immediately
2026-07-30T23:36:44.803 < OK pulse complete; outputs stopped
2026-07-30T23:36:50.435 > status
2026-07-30T23:36:50.464 < BENCH t=439930 mode=idle fault=none stream=0 rate=200 seq=0 seqms=0 pwm=0 count=-82 delta=0 sa=1 fresh=1 sage=0 sacal=1 rangeok=1 per=1154 high=615 duty=0.532715 raw=191.777 ang=-0.232 aref=0.000 vision=0 vfresh=0 vage=-1 vframe=5288 ball=0.00 vel=0.00 bref=0.00 akp=300.000 aki=0.000 akd=0.000 bkp=0.00500 bkd=0.00000 bsign=1 plim=120 alim=2.00 scale=360.000 zero=191.917 sasign=1
2026-07-30T23:36:56.853 > pulse 80 100
2026-07-30T23:36:56.860 < OK raw pulse pwm=80 ms=100; PC13 stops immediately
2026-07-30T23:36:56.951 < OK pulse complete; outputs stopped
2026-07-30T23:37:05.701 > status
2026-07-30T23:37:05.735 < BENCH t=455196 mode=idle fault=none stream=0 rate=200 seq=0 seqms=0 pwm=0 count=-82 delta=0 sa=1 fresh=1 sage=1 sacal=1 rangeok=1 per=1154 high=614 duty=0.532138 raw=191.570 ang=-0.281 aref=0.000 vision=0 vfresh=0 vage=-1 vframe=5288 ball=0.00 vel=0.00 bref=0.00 akp=300.000 aki=0.000 akd=0.000 bkp=0.00500 bkd=0.00000 bsign=1 plim=120 alim=2.00 scale=360.000 zero=191.917 sasign=1
2026-07-30T23:37:12.108 > pulse 120 100
2026-07-30T23:37:12.112 < OK raw pulse pwm=120 ms=100; PC13 stops immediately
2026-07-30T23:37:12.212 < OK pulse complete; outputs stopped
2026-07-30T23:37:18.577 > status
2026-07-30T23:37:18.606 < BENCH t=468075 mode=idle fault=none stream=0 rate=200 seq=0 seqms=0 pwm=0 count=-75 delta=0 sa=1 fresh=1 sage=1 sacal=1 rangeok=1 per=1155 high=615 duty=0.532652 raw=191.755 ang=-0.192 aref=0.000 vision=0 vfresh=0 vage=-1 vframe=5288 ball=0.00 vel=0.00 bref=0.00 akp=300.000 aki=0.000 akd=0.000 bkp=0.00500 bkd=0.00000 bsign=1 plim=120 alim=2.00 scale=360.000 zero=191.917 sasign=1
2026-07-30T23:37:24.100 > pulse 120 200
2026-07-30T23:37:24.108 < OK raw pulse pwm=120 ms=200; PC13 stops immediately
2026-07-30T23:37:24.306 < OK pulse complete; outputs stopped
2026-07-30T23:37:29.113 > status
2026-07-30T23:37:29.148 < BENCH t=478613 mode=idle fault=none stream=0 rate=200 seq=0 seqms=0 pwm=0 count=-13 delta=0 sa=1 fresh=1 sage=1 sacal=1 rangeok=1 per=1155 high=617 duty=0.534171 raw=192.301 ang=0.375 aref=0.000 vision=0 vfresh=0 vage=-1 vframe=5288 ball=0.00 vel=0.00 bref=0.00 akp=300.000 aki=0.000 akd=0.000 bkp=0.00500 bkd=0.00000 bsign=1 plim=120 alim=2.00 scale=360.000 zero=191.917 sasign=1
2026-07-30T23:37:46.934 > pulse -120 20
2026-07-30T23:37:46.949 < OK raw pulse pwm=-120 ms=20; PC13 stops immediately
2026-07-30T23:37:46.967 < OK pulse complete; outputs stopped
2026-07-30T23:37:51.875 > status
2026-07-30T23:37:51.909 < BENCH t=501380 mode=idle fault=none stream=0 rate=200 seq=0 seqms=0 pwm=0 count=-13 delta=0 sa=1 fresh=1 sage=0 sacal=1 rangeok=1 per=1155 high=617 duty=0.534165 raw=192.299 ang=0.405 aref=0.000 vision=0 vfresh=0 vage=-1 vframe=5288 ball=0.00 vel=0.00 bref=0.00 akp=300.000 aki=0.000 akd=0.000 bkp=0.00500 bkd=0.00000 bsign=1 plim=120 alim=2.00 scale=360.000 zero=191.917 sasign=1
2026-07-30T23:37:58.137 > pulse -120 50
2026-07-30T23:37:58.137 < OK raw pulse pwm=-120 ms=50; PC13 stops immediately
2026-07-30T23:37:58.192 < OK pulse complete; outputs stopped
2026-07-30T23:38:02.820 > status
2026-07-30T23:38:02.855 < BENCH t=512328 mode=idle fault=none stream=0 rate=200 seq=0 seqms=0 pwm=0 count=-39 delta=0 sa=1 fresh=1 sage=0 sacal=1 rangeok=1 per=1155 high=616 duty=0.533420 raw=192.031 ang=0.144 aref=0.000 vision=0 vfresh=0 vage=-1 vframe=5288 ball=0.00 vel=0.00 bref=0.00 akp=300.000 aki=0.000 akd=0.000 bkp=0.00500 bkd=0.00000 bsign=1 plim=120 alim=2.00 scale=360.000 zero=191.917 sasign=1
2026-07-30T23:38:10.258 > pulse -120 40
2026-07-30T23:38:10.263 < OK raw pulse pwm=-120 ms=40; PC13 stops immediately
2026-07-30T23:38:10.299 < OK pulse complete; outputs stopped
2026-07-30T23:38:14.993 > status
2026-07-30T23:38:15.028 < BENCH t=524502 mode=idle fault=none stream=0 rate=200 seq=0 seqms=0 pwm=0 count=-40 delta=0 sa=1 fresh=1 sage=1 sacal=1 rangeok=1 per=1154 high=616 duty=0.533489 raw=192.056 ang=0.156 aref=0.000 vision=0 vfresh=0 vage=736 vframe=5346 ball=-63.00 vel=12.65 bref=0.00 akp=300.000 aki=0.000 akd=0.000 bkp=0.00500 bkd=0.00000 bsign=1 plim=120 alim=2.00 scale=360.000 zero=191.917 sasign=1
2026-07-30T23:38:21.259 > pulse 120 50
2026-07-30T23:38:21.259 < OK raw pulse pwm=120 ms=50; PC13 stops immediately
2026-07-30T23:38:21.319 < OK pulse complete; outputs stopped
2026-07-30T23:38:27.839 > status
2026-07-30T23:38:27.874 < BENCH t=537346 mode=idle fault=none stream=0 rate=200 seq=0 seqms=0 pwm=0 count=-40 delta=0 sa=1 fresh=1 sage=1 sacal=1 rangeok=1 per=1154 high=616 duty=0.533657 raw=192.116 ang=0.173 aref=0.000 vision=1 vfresh=1 vage=48 vframe=5446 ball=-53.00 vel=-57.65 bref=0.00 akp=300.000 aki=0.000 akd=0.000 bkp=0.00500 bkd=0.00000 bsign=1 plim=120 alim=2.00 scale=360.000 zero=191.917 sasign=1
2026-07-30T23:38:34.102 > pulse 120 100
2026-07-30T23:38:34.108 < OK raw pulse pwm=120 ms=100; PC13 stops immediately
2026-07-30T23:38:34.207 < OK pulse complete; outputs stopped
2026-07-30T23:38:39.274 > status
2026-07-30T23:38:39.310 < BENCH t=548781 mode=idle fault=none stream=0 rate=200 seq=0 seqms=0 pwm=0 count=-23 delta=0 sa=1 fresh=1 sage=1 sacal=1 rangeok=1 per=1155 high=616 duty=0.533651 raw=192.114 ang=0.317 aref=0.000 vision=1 vfresh=1 vage=55 vframe=5552 ball=-67.00 vel=-33.10 bref=0.00 akp=300.000 aki=0.000 akd=0.000 bkp=0.00500 bkd=0.00000 bsign=1 plim=120 alim=2.00 scale=360.000 zero=191.917 sasign=1
2026-07-30T23:39:00.876 > pulse 120 100
2026-07-30T23:39:00.883 < OK raw pulse pwm=120 ms=100; PC13 stops immediately
2026-07-30T23:39:00.981 < OK pulse complete; outputs stopped
2026-07-30T23:39:07.698 > status
2026-07-30T23:39:07.738 < BENCH t=577207 mode=idle fault=none stream=0 rate=200 seq=0 seqms=0 pwm=0 count=4 delta=0 sa=1 fresh=1 sage=0 sacal=1 rangeok=1 per=1155 high=618 duty=0.534904 raw=192.565 ang=0.611 aref=0.000 vision=1 vfresh=1 vage=61 vframe=5765 ball=-74.00 vel=3.09 bref=0.00 akp=300.000 aki=0.000 akd=0.000 bkp=0.00500 bkd=0.00000 bsign=1 plim=120 alim=2.00 scale=360.000 zero=191.917 sasign=1
2026-07-30T23:39:15.970 > pulse 120 100
2026-07-30T23:39:15.976 < OK raw pulse pwm=120 ms=100; PC13 stops immediately
2026-07-30T23:39:16.075 < OK pulse complete; outputs stopped
2026-07-30T23:39:25.541 > status
2026-07-30T23:39:25.576 < BENCH t=595044 mode=idle fault=none stream=0 rate=200 seq=0 seqms=0 pwm=0 count=5 delta=0 sa=1 fresh=1 sage=1 sacal=1 rangeok=1 per=1154 high=617 duty=0.534656 raw=192.476 ang=0.583 aref=0.000 vision=1 vfresh=1 vage=188 vframe=5912 ball=-42.00 vel=9.14 bref=0.00 akp=300.000 aki=0.000 akd=0.000 bkp=0.00500 bkd=0.00000 bsign=1 plim=120 alim=2.00 scale=360.000 zero=191.917 sasign=1
2026-07-30T23:39:32.567 > pulse 120 200
2026-07-30T23:39:32.573 < OK raw pulse pwm=120 ms=200; PC13 stops immediately
2026-07-30T23:39:32.771 < OK pulse complete; outputs stopped
2026-07-30T23:39:39.650 > status
2026-07-30T23:39:39.685 < BENCH t=609153 mode=idle fault=none stream=0 rate=200 seq=0 seqms=0 pwm=0 count=5 delta=0 sa=1 fresh=1 sage=0 sacal=1 rangeok=1 per=1154 high=617 duty=0.534650 raw=192.474 ang=0.613 aref=0.000 vision=1 vfresh=1 vage=50 vframe=6023 ball=-75.00 vel=3.12 bref=0.00 akp=300.000 aki=0.000 akd=0.000 bkp=0.00500 bkd=0.00000 bsign=1 plim=120 alim=2.00 scale=360.000 zero=191.917 sasign=1
2026-07-30T23:40:31.893 > stop
2026-07-30T23:40:31.895 < OK outputs stopped
