[      1] >>> status
[     26] STATUS mode=1 fault=none enc=326 denc=0 sreq=0 sapplied=0 crate=0 uimp=0 upos=195 uneg=195 ball=100.46 vball=3.07 aball=0.0 bref=0.00 pid=0.0 apid=0.0 integ=0.0 vision=1 current=1 vframe=81308 vs=1 vage=59 vpage=59 vdt=34 vmax=697384 vacc=41891 vrej=0 seq=0 elapsed=0 oled=3C
[      0] >>> stream on 20
[      3] OK stream on 20 ms
[     45] STATUS mode=1 fault=none enc=326 denc=0 sreq=0 sapplied=0 crate=0 uimp=0 upos=195 uneg=195 ball=100.46 vball=-0.14 aball=0.0 bref=0.00 pid=0.0 apid=0.0 integ=0.0 vision=1 current=1 vframe=81511 vs=1 vage=4 vpage=4 vdt=34 vmax=697384 vacc=42094 vrej=0 seq=0 elapsed=0 oled=3C
[     69] STATUS mode=1 fault=none enc=326 denc=0 sreq=0 sapplied=0 crate=0 uimp=0 upos=195 uneg=195 ball=100.46 vball=-0.14 aball=0.0 bref=0.00 pid=0.0 apid=0.0 integ=0.0 vision=1 current=1 vframe=81511 vs=1 vage=24 vpage=24 vdt=34 vmax=697384 vacc=42094 vrej=0 seq=0 elapsed=0 oled=3C
[     93] STATUS mode=1 fault=none enc=326 denc=0 sreq=0 sapplied=0 crate=0 uimp=0 upos=195 uneg=195 ball=100.46 vball=-0.14 aball=0.0 bref=0.00 pid=0.0 apid=0.0 integ=0.0 vision=1 current=1 vframe=81511 vs=1 vage=44 vpage=44 vdt=34 vmax=697384 vacc=42094 vrej=0 seq=0 elapsed=0 oled=3C
[    118] STATUS mode=1 fault=none enc=326 denc=0 sreq=0 sapplied=0 crate=0 uimp=0 upos=195 uneg=195 ball=100.46 vball=-0.14 aball=0.0 bref=0.00 pid=0.0 apid=0.0 integ=0.0 vision=1 current=1 vframe=81511 vs=1 vage=64 vpage=64 vdt=34 vmax=697384 vacc=42094 vrej=0 seq=0 elapsed=0 oled=3C
[    142] STATUS mode=1 fault=none enc=326 denc=0 sreq=0 sapplied=0 crate=0 uimp=0 upos=195 uneg=195 ball=100.46 vball=-0.14 aball=0.0 bref=0.00 pid=0.0 apid=0.0 integ=0.0 vision=1 current=1 vframe=81511 vs=1 vage=84 vpage=84 vdt=34 vmax=697384 vacc=42094 vrej=0 seq=0 elapsed=0 oled=3C
[    166] STATUS mode=1 fault=none enc=326 denc=0 sreq=0 sapplied=0 crate=0 uimp=0 upos=195 uneg=195 ball=100.46 vball=-0.12 aball=0.0 bref=0.00 pid=0.0 apid=0.0 integ=0.0 vision=1 current=1 vframe=81512 vs=1 vage=2 vpage=2 vdt=122 vmax=697384 vacc=42095 vrej=0 seq=0 elapsed=0 oled=3C
[    190] STATUS mode=1 fault=none enc=326 denc=0 sreq=0 sapplied=0 crate=0 uimp=0 upos=195 uneg=195 ball=100.45 vball=-0.09 aball=0.0 bref=0.00 pid=0.0 apid=0.0 integ=0.0 vision=1 current=1 vframe=81513 vs=1 vage=12 vpage=12 vdt=10 vmax=697384 vacc=42096 vrej=0 seq=0 elapsed=0 oled=3C
[    214] STATUS mode=1 fault=none enc=326 denc=0 sreq=0 sapplied=0 crate=0 uimp=0 upos=195 uneg=195 ball=100.45 vball=-0.09 aball=0.0 bref=0.00 pid=0.0 apid=0.0 integ=0.0 vision=1 current=1 vframe=81513 vs=1 vage=32 vpage=32 vdt=10 vmax=697384 vacc=42096 vrej=0 seq=0 elapsed=0 oled=3C
[    221] STATUS mode=1 fault=none enc=326 denc=0 sreq=0 sapplied=0 crate=0 uimp=0 u
[    221] >>> status
[    238] pos=195 uneg=195 ball=100.45 vball=-0.16 aball=0.0 bref=0.00 pid=0.0 apid=0.0 integ=0.0 vision=1 current=1 vframe=81514 vs=1 vage=17 vpage=17 vdt=35 vmax=697384 vacc=42097 vrej=0 seq=0 elapsed=0 oled=3C
[    262] STATUS mode=1 fault=none enc=326 denc=0 sreq=0 sapplied=0 crate=0 uimp=0 upos=195 uneg=195 ball=100.45 vball=-0.16 aball=0.0 bref=0.00 pid=0.0 apid=0.0 integ=0.0 vision=1 current=1 vframe=81514 vs=1 vage=37 vpage=37 vdt=35 vmax=697384 vacc=42097 vrej=0 seq=0 elapsed=0 oled=3C
[    287] STATUS mode=1 fault=none enc=326 denc=0 sreq=0 sapplied=0 crate=0 uimp=0 upos=195 uneg=195 ball=100.45 vball=-0.16 aball=0.0 bref=0.00 pid=0.0 apid=0.0 integ=0.0 vision=1 current=1 vframe=81514 vs=1 vage=77 vpage=77 vdt=35 vmax=697384 vacc=42097 vrej=0 seq=0 elapsed=0 oled=3C
[    311] STATUS mode=1 fault=none enc=326 denc=0 sreq=0 sapplied=0 crate=0 uimp=0 upos=195 uneg=195 ball=100.45 vball=-0.16 aball=0.0 bref=0.00 pid=0.0 apid=0.0 integ=0.0 vision=1 current=1 vframe=81514 vs=1 vage=97 vpage=97 vdt=35 vmax=697384 vacc=42097 vrej=0 seq=0 elapsed=0 oled=3C
[    335] STATUS mode=1 fault=none enc=326 denc=0 sreq=0 sapplied=0 crate=0 uimp=0 upos=195 uneg=195 ball=100.44 vball=-0.07 aball=0.0 bref=0.00 pid=0.0 apid=0.0 integ=0.0 vision=1 current=1 vframe=81516 vs=1 vage=2 vpage=2 vdt=9 vmax=697384 vacc=42099 vrej=0 seq=0 elapsed=0 oled=3C
[    359] STATUS mode=1 fault=none enc=326 denc=0 sreq=0 sapplied=0 crate=0 uimp=0 upos=195 uneg=195 ball=100.44 vball=-0.07 aball=0.0 bref=0.00 pid=0.0 apid=0.0 integ=0.0 vision=1 current=1 vframe=81516 vs=1 vage=22 vpage=22 vdt=9 vmax=697384 vacc=42099 vrej=0 seq=0 elapsed=0 oled=3C
[    383] STATUS mode=1 fault=none enc=326 denc=0 sreq=0 sapplied=0 crate=0 uimp=0 upos=195 uneg=195 ball=100.45 vball=0.01 aball=0.0 bref=0.00 pid=0.0 apid=0.0 integ=0.0 vision=1 current=1 vframe=81517 vs=1 vage=8 vpage=8 vdt=34 vmax=697384 vacc=42100 vrej=0 seq=0 elapsed=0 oled=3C
[    407] STATUS mode=1 fault=none enc=326 denc=0 sreq=0 sapplied=0 crate=0 uimp=0 upos=195 uneg=195 ball=100.45 vball=0.01 aball=0.0 bref=0.00 pid=0.0 apid=0.0 integ=0.0 vision=1 current=1 vframe=81517 vs=1 vage=48 vpage=48 vdt=34 vmax=697384 vacc=42100 vrej=0 seq=0 elapsed=0 oled=3C
[    431] STATUS mode=1 fault=none enc=326 denc=0 sreq=0 sapplied=0 crate=0 uimp=0 upos=195 uneg=195 ball=100.45 vball=0.01 aball=0.0 bref=0.00 pid=0.0 apid=0.0 integ=0.0 vision=1 current=1 vframe=81517 vs=1 vage=68 vpage=68 vdt=34 vmax=697384 vacc=42100 vrej=0 seq=0 elapsed=0 oled=3C
[    441] STATUS mode=1 fault=none enc=326 denc=0 sreq=0 sapplied=0 crate=0 uimp=0 upos=195 uneg=195 ball=100.45 vball=0.01 
[    441] >>> run 100 50
[    455] aball=0.0 bref=0.00 pid=0.0 apid=0.0 integ=0.0 vision=1 current=1 vframe=81517 vs=1 vage=88 vpage=88 vdt=34 vmax=697384 vacc=42100 vrej=0 seq=0 elapsed=0 oled=3C
[    457] OK run rate=100 steps/s ms=50
[    486] STATUS mode=2 fault=none enc=311 denc=0 sreq=100 sapplied=100 crate=100 uimp=750 upos=205 uneg=195 ball=100.45 vball=0.01 aball=0.0 bref=0.00 pid=0.0 apid=0.0 integ=0.0 vision=1 current=1 vframe=81519 vs=1 vage=12 vpage=12 vdt=9 vmax=697384 vacc=42102 vrej=0 seq=0 elapsed=0 oled=3C
[    511] STATUS mode=2 fault=none enc=309 denc=0 sreq=100 sapplied=100 crate=100 uimp=2750 upos=225 uneg=195 ball=100.45 vball=0.01 aball=0.0 bref=0.00 pid=0.0 apid=0.0 integ=0.0 vision=1 current=1 vframe=81519 vs=1 vage=32 vpage=32 vdt=9 vmax=697384 vacc=42102 vrej=0 seq=0 elapsed=0 oled=3C
[    535] STATUS mode=1 fault=none enc=313 denc=3 sreq=0 sapplied=0 crate=0 uimp=3750 upos=235 uneg=195 ball=100.13 vball=-5.45 aball=0.0 bref=0.00 pid=0.0 apid=0.0 integ=0.0 vision=1 current=1 vframe=81520 vs=1 vage=19 vpage=19 vdt=33 vmax=697384 vacc=42103 vrej=0 seq=0 elapsed=0 oled=3C
[    560] STATUS mode=1 fault=none enc=313 denc=0 sreq=0 sapplied=0 crate=0 uimp=3750 upos=235 uneg=195 ball=100.13 vball=-5.45 aball=0.0 bref=0.00 pid=0.0 apid=0.0 integ=0.0 vision=1 current=1 vframe=81520 vs=1 vage=39 vpage=39 vdt=33 vmax=697384 vacc=42103 vrej=0 seq=0 elapsed=0 oled=3C
[    584] STATUS mode=1 fault=none enc=313 denc=0 sreq=0 sapplied=0 crate=0 uimp=3750 upos=235 uneg=195 ball=100.13 vball=-5.45 aball=0.0 bref=0.00 pid=0.0 apid=0.0 integ=0.0 vision=1 current=1 vframe=81520 vs=1 vage=59 vpage=59 vdt=33 vmax=697384 vacc=42103 vrej=0 seq=0 elapsed=0 oled=3C
[    608] STATUS mode=1 fault=none enc=313 denc=0 sreq=0 sapplied=0 crate=0 uimp=3750 upos=235 uneg=195 ball=100.13 vball=-5.45 aball=0.0 bref=0.00 pid=0.0 apid=0.0 integ=0.0 vision=1 current=1 vframe=81520 vs=1 vage=99 vpage=99 vdt=33 vmax=697384 vacc=42103 vrej=0 seq=0 elapsed=0 oled=3C
[    633] STATUS mode=1 fault=none enc=313 denc=0 sreq=0 sapplied=0 crate=0 uimp=3750 upos=235 uneg=195 ball=99.71 vball=-9.73 aball=0.0 bref=0.00 pid=0.0 apid=0.0 integ=0.0 vision=1 current=1 vframe=81521 vs=1 vage=8 vpage=8 vdt=111 vmax=697384 vacc=42104 vrej=0 seq=0 elapsed=0 oled=3C
[    657] STATUS mode=1 fault=none enc=313 denc=0 sreq=0 sapplied=0 crate=0 uimp=3750 upos=235 uneg=195 ball=99.26 vball=-8.46 aball=0.0 bref=0.00 pid=0.0 apid=0.0 integ=0.0 vision=1 current=1 vframe=81522 vs=1 vage=19 vpage=19 vdt=9 vmax=697384 vacc=42105 vrej=0 seq=0 elapsed=0 oled=3C
[    661] STATUS mode=1 fault=none enc=313 denc=0 sreq=
[    681] 0 sapplied=0 crate=0 uimp=3750 upos=235 uneg=195 ball=99.28 vball=-4.09 aball=0.0 bref=0.00 pid=0.0 apid=0.0 integ=0.0 vision=1 current=1 vframe=81523 vs=1 vage=9 vpage=9 vdt=30 vmax=697384 vacc=42106 vrej=0 seq=0 elapsed=0 oled=3C
[    706] STATUS mode=1 fault=none enc=313 denc=0 sreq=0 sapplied=0 crate=0 uimp=3750 upos=235 uneg=195 ball=99.28 vball=-4.09 aball=0.0 bref=0.00 pid=0.0 apid=0.0 integ=0.0 vision=1 current=1 vframe=81523 vs=1 vage=29 vpage=29 vdt=30 vmax=697384 vacc=42106 vrej=0 seq=0 elapsed=0 oled=3C
[    730] STATUS mode=1 fault=none enc=313 denc=0 sreq=0 sapplied=0 crate=0 uimp=3750 upos=235 uneg=195 ball=99.39 vball=-0.67 aball=0.0 bref=0.00 pid=0.0 apid=0.0 integ=0.0 vision=1 current=1 vframe=81524 vs=1 vage=34 vpage=34 vdt=35 vmax=697384 vacc=42107 vrej=0 seq=0 elapsed=0 oled=3C
[    754] STATUS mode=1 fault=none enc=313 denc=0 sreq=0 sapplied=0 crate=0 uimp=3750 upos=235 uneg=195 ball=99.39 vball=-0.67 aball=0.0 bref=0.00 pid=0.0 apid=0.0 integ=0.0 vision=1 current=1 vframe=81524 vs=1 vage=54 vpage=54 vdt=35 vmax=697384 vacc=42107 vrej=0 seq=0 elapsed=0 oled=3C
[    778] STATUS mode=1 fault=none enc=313 denc=0 sreq=0 sapplied=0 crate=0 uimp=3750 upos=235 uneg=195 ball=99.39 vball=-0.67 aball=0.0 bref=0.00 pid=0.0 apid=0.0 integ=0.0 vision=1 current=1 vframe=81524 vs=1 vage=74 vpage=74 vdt=35 vmax=697384 vacc=42107 vrej=0 seq=0 elapsed=0 oled=3C
[    803] STATUS mode=1 fault=none enc=313 denc=0 sreq=0 sapplied=0 crate=0 uimp=3750 upos=235 uneg=195 ball=99.39 vball=-0.67 aball=0.0 bref=0.00 pid=0.0 apid=0.0 integ=0.0 vision=1 current=1 vframe=81524 vs=1 vage=94 vpage=94 vdt=35 vmax=697384 vacc=42107 vrej=0 seq=0 elapsed=0 oled=3C
[    827] STATUS mode=1 fault=none enc=313 denc=0 sreq=0 sapplied=0 crate=0 uimp=3750 upos=235 uneg=195 ball=99.39 vball=-0.33 aball=0.0 bref=0.00 pid=0.0 apid=0.0 integ=0.0 vision=1 current=1 vframe=81526 vs=1 vage=19 vpage=19 vdt=19 vmax=697384 vacc=42109 vrej=0 seq=0 elapsed=0 oled=3C
[    851] STATUS mode=1 fault=none enc=313 denc=0 sreq=0 sapplied=0 crate=0 uimp=3750 upos=235 uneg=195 ball=99.38 vball=-0.36 aball=0.0 bref=0.00 pid=0.0 apid=0.0 integ=0.0 vision=1 current=1 vframe=81527 vs=1 vage=5 vpage=5 vdt=34 vmax=697384 vacc=42110 vrej=0 seq=0 elapsed=0 oled=3C
[    876] STATUS mode=1 fault=none enc=313 denc=0 sreq=0 sapplied=0 crate=0 uimp=3750 upos=235 uneg=195 ball=99.38 vball=-0.36 aball=0.0 bref=0.00 pid=0.0 apid=0.0 integ=0.0 vision=1 current=1 vframe=81527 vs=1 vage=25 vpage=25 vdt=34 vmax=697384 vacc=42110 vrej=0 seq=0 elapsed=0 oled=3C
[    900] STATUS mode=1 fault=none enc=313 denc=0 sreq=0 sapplied=0 crate=0 uimp=3750 upos=235 uneg=195 ball=99.38 vball=-0.36 aball=0.0 bref=0.00 pid=0.0 apid=0.0 integ=0.0 vision=1 current=1 vframe=81527 vs=1 vage=45 vpage=45 vdt=34 vmax=697384 vacc=42110 vrej=0 seq=0 elapsed=0 oled=3C
[    911] STATUS mode=1 fault=none enc=313 denc=0 sreq=0 sapplied=0 crate=0 uimp=3750 upos=235 uneg=195 ball=99.38 vball=-0.36 aball=0.0 
[    911] >>> run -100 50
[    924] bref=0.00 pid=0.0 apid=0.0 integ=0.0 vision=1 current=1 vframe=81527 vs=1 vage=65 vpage=65 vdt=34 vmax=697384 vacc=42110 vrej=0 seq=0 elapsed=0 oled=3C
[    949] STATUS mode=2 fault=none enc=307 denc=-2 sreq=-60 sapplied=-60 crate=-60 uimp=3750 upos=235 uneg=195 ball=99.37 vball=-0.24 aball=0.0 bref=0.00 pid=0.0 apid=0.0 integ=0.0 vision=1 current=1 vframe=81528 vs=1 vage=8 vpage=8 vdt=97 vmax=697384 vacc=42111 vrej=0 seq=0 elapsed=0 oled=3C
[    974] STATUS mode=2 fault=none enc=307 denc=0 sreq=-100 sapplied=-100 crate=-100 uimp=2000 upos=235 uneg=215 ball=99.37 vball=0.01 aball=0.0 bref=0.00 pid=0.0 apid=0.0 integ=0.0 vision=1 current=1 vframe=81529 vs=1 vage=8 vpage=8 vdt=20 vmax=697384 vacc=42112 vrej=0 seq=0 elapsed=0 oled=3C
[    998] STATUS mode=1 fault=none enc=310 denc=0 sreq=0 sapplied=0 crate=0 uimp=0 upos=235 uneg=235 ball=99.37 vball=0.01 aball=0.0 bref=0.00 pid=0.0 apid=0.0 integ=0.0 vision=1 current=1 vframe=81529 vs=1 vage=28 vpage=28 vdt=20 vmax=697384 vacc=42112 vrej=0 seq=0 elapsed=0 oled=3C
[   1022] STATUS mode=1 fault=none enc=313 denc=0 sreq=0 sapplied=0 crate=0 uimp=0 upos=235 uneg=235 ball=99.34 vball=-0.44 aball=0.0 bref=0.00 pid=0.0 apid=0.0 integ=0.0 vision=1 current=1 vframe=81530 vs=1 vage=16 vpage=16 vdt=32 vmax=697384 vacc=42113 vrej=0 seq=0 elapsed=0 oled=3C
[   1046] STATUS mode=1 fault=none enc=313 denc=0 sreq=0 sapplied=0 crate=0 uimp=0 upos=235 uneg=235 ball=99.34 vball=-0.44 aball=0.0 bref=0.00 pid=0.0 apid=0.0 integ=0.0 vision=1 current=1 vframe=81530 vs=1 vage=56 vpage=56 vdt=32 vmax=697384 vacc=42113 vrej=0 seq=0 elapsed=0 oled=3C
[   1070] STATUS mode=1 fault=none enc=313 denc=0 sreq=0 sapplied=0 crate=0 uimp=0 upos=235 uneg=235 ball=99.34 vball=-0.44 aball=0.0 bref=0.00 pid=0.0 apid=0.0 integ=0.0 vision=1 current=1 vframe=81530 vs=1 vage=76 vpage=76 vdt=32 vmax=697384 vacc=42113 vrej=0 seq=0 elapsed=0 oled=3C
[   1094] STATUS mode=1 fault=none enc=313 denc=0 sreq=0 sapplied=0 crate=0 uimp=0 upos=235 uneg=235 ball=99.34 vball=-0.44 aball=0.0 bref=0.00 pid=0.0 apid=0.0 integ=0.0 vision=1 current=1 vframe=81530 vs=1 vage=96 vpage=96 vdt=32 vmax=697384 vacc=42113 vrej=0 seq=0 elapsed=0 oled=3C
[   1118] STATUS mode=1 fault=none enc=313 denc=0 sreq=0 sapplied=0 crate=0 uimp=0 upos=235 uneg=235 ball=99.51 vball=0.33 aball=0.0 bref=0.00 pid=0.0 apid=0.0 integ=0.0 vision=1 current=1 vframe=81531 vs=1 vage=18 vpage=18 vdt=98 vmax=697384 vacc=42114 vrej=0 seq=0 elapsed=0 oled=3C
[   1131] STATUS mode=1 fault=none enc=313 denc=0 sreq=0 sapplied=0 crate=0 uimp=0 upos=235 uneg=235 ball=99.77 vball=7.05 aball=0.0 bref=0.00 pid=0.0 apid=0.0 
[   1142] integ=0.0 vision=1 current=1 vframe=81532 vs=1 vage=18 vpage=18 vdt=20 vmax=697384 vacc=42115 vrej=0 seq=0 elapsed=0 oled=3C
[   1166] STATUS mode=1 fault=none enc=313 denc=0 sreq=0 sapplied=0 crate=0 uimp=0 upos=235 uneg=235 ball=99.74 vball=2.76 aball=0.0 bref=0.00 pid=0.0 apid=0.0 integ=0.0 vision=1 current=1 vframe=81533 vs=1 vage=25 vpage=25 vdt=33 vmax=697384 vacc=42116 vrej=0 seq=0 elapsed=0 oled=3C
[   1190] STATUS mode=1 fault=none enc=313 denc=0 sreq=0 sapplied=0 crate=0 uimp=0 upos=235 uneg=235 ball=99.74 vball=2.76 aball=0.0 bref=0.00 pid=0.0 apid=0.0 integ=0.0 vision=1 current=1 vframe=81533 vs=1 vage=45 vpage=45 vdt=33 vmax=697384 vacc=42116 vrej=0 seq=0 elapsed=0 oled=3C
[   1214] STATUS mode=1 fault=none enc=313 denc=0 sreq=0 sapplied=0 crate=0 uimp=0 upos=235 uneg=235 ball=99.74 vball=2.76 aball=0.0 bref=0.00 pid=0.0 apid=0.0 integ=0.0 vision=1 current=1 vframe=81533 vs=1 vage=65 vpage=65 vdt=33 vmax=697384 vacc=42116 vrej=0 seq=0 elapsed=0 oled=3C
[   1238] STATUS mode=1 fault=none enc=313 denc=0 sreq=0 sapplied=0 crate=0 uimp=0 upos=235 uneg=235 ball=99.74 vball=2.76 aball=0.0 bref=0.00 pid=0.0 apid=0.0 integ=0.0 vision=1 current=1 vframe=81533 vs=1 vage=85 vpage=85 vdt=33 vmax=697384 vacc=42116 vrej=0 seq=0 elapsed=0 oled=3C
[   1262] STATUS mode=1 fault=none enc=313 denc=0 sreq=0 sapplied=0 crate=0 uimp=0 upos=235 uneg=235 ball=99.74 vball=0.99 aball=0.0 bref=0.00 pid=0.0 apid=0.0 integ=0.0 vision=1 current=1 vframe=81534 vs=1 vage=6 vpage=6 vdt=99 vmax=697384 vacc=42117 vrej=0 seq=0 elapsed=0 oled=3C
[   1286] STATUS mode=1 fault=none enc=313 denc=0 sreq=0 sapplied=0 crate=0 uimp=0 upos=235 uneg=235 ball=99.84 vball=2.66 aball=0.0 bref=0.00 pid=0.0 apid=0.0 integ=0.0 vision=1 current=1 vframe=81535 vs=1 vage=28 vpage=28 vdt=18 vmax=697384 vacc=42118 vrej=0 seq=0 elapsed=0 oled=3C
[   1310] STATUS mode=1 fault=none enc=313 denc=0 sreq=0 sapplied=0 crate=0 uimp=0 upos=235 uneg=235 ball=99.95 vball=3.23 aball=0.0 bref=0.00 pid=0.0 apid=0.0 integ=0.0 vision=1 current=1 vframe=81536 vs=1 vage=14 vpage=14 vdt=34 vmax=697384 vacc=42119 vrej=0 seq=0 elapsed=0 oled=3C
[   1334] STATUS mode=1 fault=none enc=313 denc=0 sreq=0 sapplied=0 crate=0 uimp=0 upos=235 uneg=235 ball=99.95 vball=3.23 aball=0.0 bref=0.00 pid=0.0 apid=0.0 integ=0.0 vision=1 current=1 vframe=81536 vs=1 vage=34 vpage=34 vdt=34 vmax=697384 vacc=42119 vrej=0 seq=0 elapsed=0 oled=3C
[   1358] STATUS mode=1 fault=none enc=313 denc=0 sreq=0 sapplied=0 crate=0 uimp=0 upos=235 uneg=235 ball=99.95 vball=3.23 aball=0.0 bref=0.00 pid=0.0 apid=0.0 integ=0.0 vision=1 current=1 vframe=81536 vs=1 vage=54 vpage=54 vdt=34 vmax=697384 vacc=42119 vrej=0 seq=0 elapsed=0 oled=3C
[   1381] STATUS mode=1 fault=none enc=313 denc=0 sreq=0 sapplied=0 crate=0 uimp=0 upos=235 uneg=235 ball=99.95 vball=3.23 aball=0.0 bref=0.00 pid=0.0 apid=0.0 integ=0.0 vision=1 current=1 vframe=81536 vs=1 vage=74 vpage=74 vdt=34 vmax=697384 vacc=42119 vrej=0 seq=0 elapsed=0 ole
[   1382] >>> stream off
[   1382] d=3C
[   1406] STATUS mode=1 fault=none enc=313 denc=0 sreq=0 sapplied=0 crate=0 uimp=0 upos=235 uneg=235 ball=100.13 vball=2.68 aball=0.0 bref=0.00 pid=.0 apid=0.0 integ=0.0 vision=1 current=1 vframe=81536 vs=1 vage=94 vpage=94 vdt=34 vmax=697384 vacc=42119 vrej=0 seq=0 elapsed=0 oled=3C
[   1407] OK stream off
[   1654] >>> status
[   1679] STATUS mode=1 fault=none enc=313 denc=0 sreq=0 sapplied=0 crate=0 uimp=0 upos=235 uneg=235 ball=101.52 vball=2.58 aball=0.0 bref=0.00 pid=0.0 apid=0.0 integ=0.0 vision=1 current=1 vframe=81542 vs=1 vage=71 vpage=71 vdt=32 vmax=697384 vacc=42125 vrej=0 seq=0 elapsed=0 oled=3C
[   1919] >>> stop
[   1920] OK stopped
