[      1] >>> stop
[      2] OK stopped
[    308] >>> stream on 50
[    311] OK stream on 50 ms
[    384] STATUS mode=1 fault=none enc=245 denc=0 sreq=0 sapplied=0 crate=0 uimp=-150 upos=150 uneg=155 ball=61.23 vball=0.28 aball=0.0 bref=0.00 pid=0.0 apid=0.0 integ=0.0 vision=1 current=1 vframe=72432 vs=1 vage=65 vpage=65 vdt=28 vmax=697384 vacc=36454 vrej=0 seq=0 elapsed=0 oled=3C
[    434] STATUS mode=1 fault=none enc=245 denc=0 sreq=0 sapplied=0 crate=0 uimp=-150 upos=150 uneg=155 ball=61.24 vball=0.18 aball=0.0 bref=0.00 pid=0.0 apid=0.0 integ=0.0 vision=1 current=1 vframe=72433 vs=1 vage=13 vpage=13 vdt=102 vmax=697384 vacc=36455 vrej=0 seq=0 elapsed=0 oled=3C
[    484] STATUS mode=1 fault=none enc=245 denc=0 sreq=0 sapplied=0 crate=0 uimp=-150 upos=150 uneg=155 ball=61.15 vball=-1.13 aball=0.0 bref=0.00 pid=0.0 apid=0.0 integ=0.0 vision=1 current=1 vframe=72434 vs=1 vage=32 vpage=32 vdt=31 vmax=697384 vacc=36456 vrej=0 seq=0 elapsed=0 oled=3C
[    534] STATUS mode=1 fault=none enc=245 denc=0 sreq=0 sapplied=0 crate=0 uimp=-150 upos=150 uneg=155 ball=61.15 vball=-0.68 aball=0.0 bref=0.00 pid=0.0 apid=0.0 integ=0.0 vision=1 current=1 vframe=72435 vs=1 vage=49 vpage=49 vdt=33 vmax=697384 vacc=36457 vrej=0 seq=0 elapsed=0 oled=3C
[    584] STATUS mode=1 fault=none enc=245 denc=0 sreq=0 sapplied=0 crate=0 uimp=-150 upos=150 uneg=155 ball=61.15 vball=-0.68 aball=0.0 bref=0.00 pid=0.0 apid=0.0 integ=0.0 vision=1 current=1 vframe=72435 vs=1 vage=99 vpage=99 vdt=33 vmax=697384 vacc=36457 vrej=0 seq=0 elapsed=0 oled=3C
[    610] S
[    634] TATUS mode=1 fault=none enc=245 denc=0 sreq=0 sapplied=0 crate=0 uimp=-150 upos=150 uneg=155 ball=61.18 vball=0.38 aball=0.0 bref=0.00 pid=0.0 apid=0.0 integ=0.0 vision=1 current=1 vframe=72437 vs=1 vage=15 vpage=15 vdt=33 vmax=697384 vacc=36459 vrej=0 seq=0 elapsed=0 oled=3C
[    684] STATUS mode=1 fault=none enc=245 denc=0 sreq=0 sapplied=0 crate=0 uimp=-150 upos=150 uneg=155 ball=61.19 vball=0.26 aball=0.0 bref=0.00 pid=0.0 apid=0.0 integ=0.0 vision=1 current=1 vframe=72438 vs=1 vage=32 vpage=32 vdt=33 vmax=697384 vacc=36460 vrej=0 seq=0 elapsed=0 oled=3C
[    734] STATUS mode=1 fault=none enc=245 denc=0 sreq=0 sapplied=0 crate=0 uimp=-150 upos=150 uneg=155 ball=61.19 vball=0.26 aball=0.0 bref=0.00 pid=0.0 apid=0.0 integ=0.0 vision=1 current=1 vframe=72438 vs=1 vage=82 vpage=82 vdt=33 vmax=697384 vacc=36460 vrej=0 seq=0 elapsed=0 oled=3C
[    784] STATUS mode=1 fault=none enc=245 denc=0 sreq=0 sapplied=0 crate=0 uimp=-150 upos=150 uneg=155 ball=61.19 vball=0.15 aball=0.0 bref=0.00 pid=0.0 apid=0.0 integ=0.0 vision=1 current=1 vframe=72439 vs=1 vage=31 vpage=31 vdt=101 vmax=697384 vacc=36461 vrej=0 seq=0 elapsed=0 oled=3C
[    834] STATUS mode=1 fault=none enc=245 denc=0 sreq=0 sapplied=0 crate=0 uimp=-150 upos=150 uneg=155 ball=61.54 vball=2.83 aball=0.0 bref=0.00 pid=0.0 apid=0.0 integ=0.0 vision=1 current=1 vframe=72441 vs=1 vage=14 vpage=14 vdt=34 vmax=697384 vacc=36463 vrej=0 seq=0 elapsed=0 oled=3C
[    884] STATUS mode=1 fault=none enc=245 denc=0 sreq=0 sapplied=0 crate=0 uimp=-150 upos=150 uneg=155 ball=61.54 vball=2.83 aball=0.0 bref=0.00 pid=0.0 apid=0.0 integ=0.0 vision=1 current=1 vframe=72441 vs=1 vage=64 vpage=64 vdt=34 vmax=697384 vacc=36463 vrej=0 seq=0 elapsed=0 oled=3C
[    935] STATUS mode=1 fault=none enc=245 denc=0 sreq=0 sapplied=0 crate=0 uimp=-150 upos=150 uneg=155 ball=61.61 vball=1.91 aball=0.0 bref=0.00 pid=0.0 apid=0.0 integ=0.0 vision=1 current=1 vframe=72442 vs=1 vage=16 vpage=16 vdt=98 vmax=697384 vacc=36464 vrej=0 seq=0 elapsed=0 oled=3C
[    985] STATUS mode=1 fault=none enc=245 denc=0 sreq=0 sapplied=0 crate=0 uimp=-150 upos=150 uneg=155 ball=61.55 vball=-0.11 aball=0.0 bref=0.00 pid=0.0 apid=0.0 integ=0.0 vision=1 current=1 vframe=72444 vs=1 vage=15 vpage=15 vdt=27 vmax=697384 vacc=36466 vrej=0 seq=0 elapsed=0 oled=3C
[   1035] STATUS mode=1 fault=none enc=245 denc=0 sreq=0 sapplied=0 crate=0 uimp=-150 upos=150 uneg=155 ball=61.55 vball=-0.11 aball=0.0 bref=0.00 pid=0.0 apid=0.0 integ=0.0 vision=1 current=1 vframe=72444 vs=1 vage=65 vpage=65 vdt=27 vmax=697384 vacc=36466 vrej=0 seq=0 elapsed=0 oled=3C
[   1085] STATUS mode=1 fault=none enc=245 denc=0 sreq=0 sapplied=0 crate=0 uimp=-150 upos=150 uneg=155 ball=61.88 vball=2.61 aball=0.0 bref=0.00 pid=0.0 apid=0.0 integ=0.0 vision=1 current=1 vframe=72445 vs=1 vage=13 vpage=13 vdt=102 vmax=697384 vacc=36467 vrej=0 seq=0 elapsed=0 oled=3C
[   1135] STATUS mode=1 fault=none enc=245 denc=0 sreq=0 sapplied=0 crate=0 uimp=-150 upos=150 uneg=155 ball=61.84 vball=0.83 aball=0.0 bref=0.00 pid=0.0 apid=0.0 integ=0.0 vision=1 current=1 vframe=72446 vs=1 vage=32 vpage=32 vdt=31 vmax=697384 vacc=36468 vrej=0 seq=0 elapsed=0 oled=3C
[   1185] STATUS mode=1 fault=none enc=245 denc=0 sreq=0 sapplied=0 crate=0 uimp=-150 upos=150 uneg=155 ball=61.93 vball=1.70 aball=0.0 bref=0.00 pid=0.0 apid=0.0 integ=0.0 vision=1 current=1 vframe=72447 vs=1 vage=49 vpage=49 vdt=33 vmax=697384 vacc=36469 vrej=0 seq=0 elapsed=0 oled=3C
[   1235] STATUS mode=1 fault=none enc=245 denc=0 sreq=0 sapplied=0 crate=0 uimp=-150 upos=150 uneg=155 ball=61.93 vball=1.70 aball=0.0 bref=0.00 pid=0.0 apid=0.0 integ=0.0 vision=1 current=1 vframe=72447 vs=1 vage=99 vpage=99 vdt=33 vmax=697384 vacc=36469 vrej=0 seq=0 elapsed=0 oled=3C
[   1285] STATUS mode=1 fault=none enc=245 denc=0 sreq=0 sapplied=0 crate=0 uimp=-150 upos=150 uneg=155 ball=61.22 vball=-9.93 aball=0.0 bref=0.00 pid=0.0 apid=0.0 integ=0.0 vision=1 current=1 vframe=72449 vs=1 vage=15 vpage=15 vdt=33 vmax=697384 vacc=36471 vrej=0 seq=0 elapsed=0 oled=3C
[   1335] STATUS mode=1 fault=none enc=245 denc=0 sreq=0 sapplied=0 crate=0 uimp=-150 upos=150 uneg=155 ball=61.22 vball=-5.26 aball=0.0 bref=0.00 pid=0.0 apid=0.0 integ=0.0 vision=1 current=1 vframe=72450 vs=1 vage=32 vpage=32 vdt=33 vmax=697384 vacc=36472 vrej=0 seq=0 elapsed=0 oled=3C
[   1385] STATUS mode=1 fault=none enc=245 denc=0 sreq=0 sapplied=0 crate=0 uimp=-150 upos=150 uneg=155 ball=61.22 vball=-5.26 aball=0.0 bref=0.00 pid=0.0 apid=0.0 integ=0.0 vision=1 current=1 vframe=72450 vs=1 vage=82 vpage=82 vdt=33 vmax=697384 vacc=36472 vrej=0 seq=0 elapsed=0 oled=3C
[   1435] STATUS mode=1 fault=none enc=245 denc=0 sreq=0 sapplied=0 crate=0 uimp=-150 upos=150 uneg=155 ball=61.14 vball=-2.98 aball=0.0 bref=0.00 pid=0.0 apid=0.0 integ=0.0 vision=1 current=1 vframe=72451 vs=1 vage=23 vpage=23 vdt=109 vmax=697384 vacc=36473 vrej=0 seq=0 elapsed=0 oled=3C
[   1485] STATUS mode=1 fault=none enc=245 denc=0 sreq=0 sapplied=0 crate=0 uimp=-150 upos=150 uneg=155 ball=61.31 vball=1.05 aball=0.0 bref=0.00 pid=0.0 apid=0.0 integ=0.0 vision=1 current=1 vframe=72453 vs=1 vage=15 vpage=15 vdt=33 vmax=697384 vacc=36475 vrej=0 seq=0 elapsed=0 oled=3C
[   1535] STATUS mode=1 fault=none enc=245 denc=0 sreq=0 sapplied=0 crate=0 uimp=-150 upos=150 uneg=155 ball=61.31 vball=1.05 aball=0.0 bref=0.00 pid=0.0 apid=0.0 integ=0.0 vision=1 current=1 vframe=72453 vs=1 vage=65 vpage=65 vdt=33 vmax=697384 vacc=36475 vrej=0 seq=0 elapsed=0 oled=3C
[   1585] STATUS mode=1 fault=none enc=245 denc=0 sreq=0 sapplied=0 crate=0 uimp=-150 upos=150 uneg=155 ball=61.33 vball=0.61 aball=0.0 bref=0.00 pid=0.0 apid=0.0 integ=0.0 vision=1 current=1 vframe=72454 vs=1 vage=3 vpage=3 vdt=112 vmax=697384 vacc=36476 vrej=0 seq=0 elapsed=0 oled=3C
[   1635] STATUS mode=1 fault=none enc=245 denc=0 sreq=0 sapplied=0 crate=0 uimp=-150 upos=150 uneg=155 ball=61.31 vball=0.02 aball=0.0 bref=0.00 pid=0.0 apid=0.0 integ=0.0 vision=1 current=1 vframe=72455 vs=1 vage=25 vpage=25 vdt=28 vmax=697384 vacc=36477 vrej=0 seq=0 elapsed=0 oled=3C
[   1685] STATUS mode=1 fault=none enc=245 denc=0 sreq=0 sapplied=0 crate=0 uimp=-150 upos=150 uneg=155 ball=61.31 vball=-0.03 aball=0.0 bref=0.00 pid=0.0 apid=0.0 integ=0.0 vision=1 current=1 vframe=72456 vs=1 vage=49 vpage=49 vdt=26 vmax=697384 vacc=36478 vrej=0 seq=0 elapsed=0 oled=3C
[   1735] STATUS mode=1 fault=none enc=245 denc=0 sreq=0 sapplied=0 crate=0 uimp=-150 upos=150 uneg=155 ball=61.31 vball=-0.03 aball=0.0 bref=0.00 pid=0.0 apid=0.0 integ=0.0 vision=1 current=1 vframe=72456 vs=1 vage=99 vpage=99 vdt=26 vmax=697384 vacc=36478 vrej=0 seq=0 elapsed=0 oled=3C
[   1785] STATUS mode=1 fault=none enc=245 denc=0 sreq=0 sapplied=0 crate=0 uimp=-150 upos=150 uneg=155 ball=61.34 vball=0.63 aball=0.0 bref=0.00 pid=0.0 apid=0.0 integ=0.0 vision=1 current=1 vframe=72458 vs=1 vage=15 vpage=15 vdt=26 vmax=697384 vacc=36480 vrej=0 seq=0 elapsed=0 oled=3C
[   1835] STATUS mode=1 fault=none enc=245 denc=0 sreq=0 sapplied=0 crate=0 uimp=-150 upos=150 uneg=155 ball=61.34 vball=0.38 aball=0.0 bref=0.00 pid=0.0 apid=0.0 integ=0.0 vision=1 current=1 vframe=72459 vs=1 vage=31 vpage=31 vdt=34 vmax=697384 vacc=36481 vrej=0 seq=0 elapsed=0 oled=3C
[   1885] STATUS mode=1 fault=none enc=245 denc=0 sreq=0 sapplied=0 crate=0 uimp=-150 upos=150 uneg=155 ball=61.34 vball=0.38 aball=0.0 bref=0.00 pid=0.0 apid=0.0 integ=0.0 vision=1 current=1 vframe=72459 vs=1 vage=81 vpage=81 vdt=34 vmax=697384 vacc=36481 vrej=0 seq=0 elapsed=0 oled=3C
[   1935] STATUS mode=1 fault=none enc=245 denc=0 sreq=0 sapplied=0 crate=0 uimp=-150 upos=150 uneg=155 ball=61.31 vball=-0.15 aball=0.0 bref=0.00 pid=0.0 apid=0.0 integ=0.0 vision=1 current=1 vframe=72460 vs=1 vage=26 vpage=26 vdt=105 vmax=697384 vacc=36482 vrej=0 seq=0 elapsed=0 oled=3C
[   1985] STATUS mode=1 fault=none enc=245 denc=0 sreq=0 sapplied=0 crate=0 uimp=-150 upos=150 uneg=155 ball=61.31 vball=-0.38 aball=0.0 bref=0.00 pid=0.0 apid=0.0 integ=0.0 vision=1 current=1 vframe=72462 vs=1 vage=16 vpage=16 vdt=34 vmax=697384 vacc=36484 vrej=0 seq=0 elapsed=0 oled=3C
[   2035] STATUS mode=1 fault=none enc=245 denc=0 sreq=0 sapplied=0 crate=0 uimp=-150 upos=150 uneg=155 ball=61.31 vball=-0.38 aball=0.0 bref=0.00 pid=0.0 apid=0.0 integ=0.0 vision=1 current=1 vframe=72462 vs=1 vage=66 vpage=66 vdt=34 vmax=697384 vacc=36484 vrej=0 seq=0 elapsed=0 oled=3C
[   2085] STATUS mode=1 fault=none enc=245 denc=0 sreq=0 sapplied=0 crate=0 uimp=-150 upos=150 uneg=155 ball=61.25 vball=-0.50 aball=0.0 bref=0.00 pid=0.0 apid=0.0 integ=0.0 vision=1 current=1 vframe=72463 vs=1 vage=10 vpage=10 vdt=106 vmax=697384 vacc=36485 vrej=0 seq=0 elapsed=0 oled=3C
[   2135] STATUS mode=1 fault=none enc=245 denc=0 sreq=0 sapplied=0 crate=0 uimp=-150 upos=150 uneg=155 ball=61.25 vball=-0.28 aball=0.0 bref=0.00 pid=0.0 apid=0.0 integ=0.0 vision=1 current=1 vframe=72464 vs=1 vage=32 vpage=32 vdt=28 vmax=697384 vacc=36486 vrej=0 seq=0 elapsed=0 oled=3C
[   2185] STATUS mode=1 fault=none enc=245 denc=0 sreq=0 sapplied=0 crate=0 uimp=-150 upos=150 uneg=155 ball=61.53 vball=3.70 aball=0.0 bref=0.00 pid=0.0 apid=0.0 integ=0.0 vision=1 current=1 vframe=72465 vs=1 vage=49 vpage=49 vdt=33 vmax=697384 vacc=36487 vrej=0 seq=0 elapsed=0 oled=3C
[   2235] STATUS mode=1 fault=none enc=245 denc=0 sreq=0 sapplied=0 crate=0 uimp=-150 upos=150 uneg=155 ball=61.53 vball=3.70 aball=0.0 bref=0.00 pid=0.0 apid=0.0 integ=0.0 vision=1 current=1 vframe=72465 vs=1 vage=99 vpage=99 vdt=33 vmax=697384 vacc=36487 vrej=0 seq=0 elapsed=0 oled=3C
[   2285] STATUS mode=1 fault=none enc=245 denc=0 sreq=0 sapplied=0 crate=0 uimp=-150 upos=150 uneg=155 ball=61.54 vball=-0.09 aball=0.0 bref=0.00 pid=0.0 apid=0.0 integ=0.0 vision=1 current=1 vframe=72467 vs=1 vage=16 vpage=16 vdt=27 vmax=697384 vacc=36489 vrej=0 seq=0 elapsed=0 oled=3C
[   2335] STATUS mode=1 fault=none enc=245 denc=0 sreq=0 sapplied=0 crate=0 uimp=-150 upos=150 uneg=155 ball=61.24 vball=-4.10 aball=0.0 bref=0.00 pid=0.0 apid=0.0 integ=0.0 vision=1 current=1 vframe=72468 vs=1 vage=33 vpage=33 vdt=33 vmax=697384 vacc=36490 vrej=0 seq=0 elapsed=0 oled=3C
[   2385] STATUS mode=1 fault=none enc=245 denc=0 sreq=0 sapplied=0 crate=0 uimp=-150 upos=150 uneg=155 ball=61.24 vball=-4.10 aball=0.0 bref=0.00 pid=0.0 apid=0.0 integ=0.0 vision=1 current=1 vframe=72468 vs=1 vage=83 vpage=83 vdt=33 vmax=697384 vacc=36490 vrej=0 seq=0 elapsed=0 oled=3C
[   2435] STATUS mode=1 fault=none enc=245 denc=0 sreq=0 sapplied=0 crate=0 uimp=-150 upos=150 uneg=155 ball=61.07 vball=-3.29 aball=0.0 bref=0.00 pid=0.0 apid=0.0 integ=0.0 vision=1 current=1 vframe=72469 vs=1 vage=26 vpage=26 vdt=107 vmax=697384 vacc=36491 vrej=0 seq=0 elapsed=0 oled=3C
[   2485] STATUS mode=1 fault=none enc=245 denc=0 sreq=0 sapplied=0 crate=0 uimp=-150 upos=150 uneg=155 ball=61.64 vball=4.47 aball=0.0 bref=0.00 pid=0.0 apid=0.0 integ=0.0 vision=1 current=1 vframe=72471 vs=1 vage=16 vpage=16 vdt=34 vmax=697384 vacc=36493 vrej=0 seq=0 elapsed=0 oled=3C
[   2535] STATUS mode=1 fault=none enc=245 denc=0 sreq=0 sapplied=0 crate=0 uimp=-150 upos=150 uneg=155 ball=61.64 vball=4.47 aball=0.0 bref=0.00 pid=0.0 apid=0.0 integ=0.0 vision=1 current=1 vframe=72471 vs=1 vage=66 vpage=66 vdt=34 vmax=697384 vacc=36493 vrej=0 seq=0 elapsed=0 oled=3C
[   2585] STATUS mode=1 fault=none enc=245 denc=0 sreq=0 sapplied=0 crate=0 uimp=-150 upos=150 uneg=155 ball=61.52 vball=2.06 aball=0.0 bref=0.00 pid=0.0 apid=0.0 integ=0.0 vision=1 current=1 vframe=72472 vs=1 vage=10 vpage=10 vdt=106 vmax=697384 vacc=36494 vrej=0 seq=0 elapsed=0 oled=3C
[   2611] S
[   2611] >>> stream off
[   2635] TATUS mode=1 fault=none enc=245 denc=0 sreq=0 sapplied=0 crate=0 uimp=-150 upos=150 uneg=155 ball=61.35 vball=-1.52 aball=0.0 bref=0.00 pid=0.0 apid=0.0 integ=0.0 vision=1 current=1 vframe=72473 vs=1 vage=33 vpage=33 vdt=27 vmax=697384 vacc=36495 vrej=0 seq=0 elapsed=0 oled=3C
[   2637] OK stream off
[   2941] >>> status
[   2966] STATUS mode=1 fault=none enc=245 denc=0 sreq=0 sapplied=0 crate=0 uimp=-150 upos=150 uneg=155 ball=61.28 vball=0.28 aball=0.0 bref=0.00 pid=0.0 apid=0.0 integ=0.0 vision=1 current=1 vframe=72479 vs=1 vage=30 vpage=30 vdt=33 vmax=697384 vacc=36501 vrej=0 seq=0 elapsed=0 oled=3C
