[      1] >>> stream on 20
[      4] OK stream on 20 ms
[     46] STATUS mode=1 fault=none enc=245 denc=0 sreq=0 sapplied=0 crate=0 uimp=-150 upos=150 uneg=155 ball=118.96 vball=-15.38 aball=0.0 bref=0.00 pid=0.0 apid=0.0 integ=0.0 vision=1 current=1 vframe=73305 vs=1 vage=40 vpage=40 vdt=34 vmax=697384 vacc=37317 vrej=0 seq=0 elapsed=0 oled=3C
[     70] STATUS mode=1 fault=none enc=245 denc=0 sreq=0 sapplied=0 crate=0 uimp=-150 upos=150 uneg=155 ball=118.96 vball=-15.38 aball=0.0 bref=0.00 pid=0.0 apid=0.0 integ=0.0 vision=1 current=1 vframe=73305 vs=1 vage=60 vpage=60 vdt=34 vmax=697384 vacc=37317 vrej=0 seq=0 elapsed=0 oled=3C
[     95] STATUS mode=1 fault=none enc=245 denc=0 sreq=0 sapplied=0 crate=0 uimp=-150 upos=150 uneg=155 ball=118.96 vball=-15.38 aball=0.0 bref=0.00 pid=0.0 apid=0.0 integ=0.0 vision=1 current=1 vframe=73305 vs=1 vage=80 vpage=80 vdt=34 vmax=697384 vacc=37317 vrej=0 seq=0 elapsed=0 oled=3C
[    119] STATUS mode=1 fault=none enc=245 denc=0 sreq=0 sapplied=0 crate=0 uimp=-150 upos=150 uneg=155 ball=118.96 vball=-15.38 aball=0.0 bref=0.00 pid=0.0 apid=0.0 integ=0.0 vision=1 current=1 vframe=73305 vs=1 vage=100 vpage=100 vdt=34 vmax=697384 vacc=37317 vrej=0 seq=0 elapsed=0 oled=3C
[    144] STATUS mode=1 fault=none enc=245 denc=0 sreq=0 sapplied=0 crate=0 uimp=-150 upos=150 uneg=155 ball=118.96 vball=-7.97 aball=0.0 bref=0.00 pid=0.0 apid=0.0 integ=0.0 vision=1 current=1 vframe=73306 vs=1 vage=10 vpage=10 vdt=110 vmax=697384 vacc=37318 vrej=0 seq=0 elapsed=0 oled=3C
[    168] STATUS mode=1 fault=none enc=245 denc=0 sreq=0 sapplied=0 crate=0 uimp=-150 upos=150 uneg=155 ball=119.33 vball=0.69 aball=0.0 bref=0.00 pid=0.0 apid=0.0 integ=0.0 vision=1 current=1 vframe=73308 vs=1 vage=6 vpage=6 vdt=31 vmax=697384 vacc=37320 vrej=0 seq=0 elapsed=0 oled=3C
[    192] STATUS mode=1 fault=none enc=245 denc=0 sreq=0 sapplied=0 crate=0 uimp=-150 upos=150 uneg=155 ball=119.33 vball=0.69 aball=0.0 bref=0.00 pid=0.0 apid=0.0 integ=0.0 vision=1 current=1 vframe=73308 vs=1 vage=26 vpage=26 vdt=31 vmax=697384 vacc=37320 vrej=0 seq=0 elapsed=0 oled=3C
[    217] STATUS mode=1 fault=none enc=245 denc=0 sreq=0 sapplied=0 crate=0 uimp=-150 upos=150 uneg=155 ball=119.38 vball=1.02 aball=0.0 bref=0.00 pid=0.0 apid=0.0 integ=0.0 vision=1 current=1 vframe=73309 vs=1 vage=12 vpage=12 vdt=34 vmax=697384 vacc=37321 vrej=0 seq=0 elapsed=0 oled=3C
[    221] STATUS mode=1 fault=none enc=245 denc=0 sreq=
[    221] >>> status
[    241] 0 sapplied=0 crate=0 uimp=-150 upos=150 uneg=155 ball=119.38 vball=1.02 aball=0.0 bref=0.00 pid=0.0 apid=0.0 integ=0.0 vision=1 current=1 vframe=73309 vs=1 vage=32 vpage=32 vdt=34 vmax=697384 vacc=37321 vrej=0 seq=0 elapsed=0 oled=3C
[    265] STATUS mode=1 fault=none enc=245 denc=0 sreq=0 sapplied=0 crate=0 uimp=-150 upos=150 uneg=155 ball=119.38 vball=1.02 aball=0.0 bref=0.00 pid=0.0 apid=0.0 integ=0.0 vision=1 current=1 vframe=73309 vs=1 vage=52 vpage=52 vdt=34 vmax=697384 vacc=37321 vrej=0 seq=0 elapsed=0 oled=3C
[    290] STATUS mode=1 fault=none enc=245 denc=0 sreq=0 sapplied=0 crate=0 uimp=-150 upos=150 uneg=155 ball=119.38 vball=1.02 aball=0.0 bref=0.00 pid=0.0 apid=0.0 integ=0.0 vision=1 current=1 vframe=73309 vs=1 vage=92 vpage=92 vdt=34 vmax=697384 vacc=37321 vrej=0 seq=0 elapsed=0 oled=3C
[    314] STATUS mode=1 fault=none enc=245 denc=0 sreq=0 sapplied=0 crate=0 uimp=-150 upos=150 uneg=155 ball=119.46 vball=1.19 aball=0.0 bref=0.00 pid=0.0 apid=0.0 integ=0.0 vision=1 current=1 vframe=73310 vs=1 vage=9 vpage=9 vdt=103 vmax=697384 vacc=37322 vrej=0 seq=0 elapsed=0 oled=3C
[    338] STATUS mode=1 fault=none enc=245 denc=0 sreq=0 sapplied=0 crate=0 uimp=-150 upos=150 uneg=155 ball=119.46 vball=1.19 aball=0.0 bref=0.00 pid=0.0 apid=0.0 integ=0.0 vision=1 current=1 vframe=73310 vs=1 vage=29 vpage=29 vdt=103 vmax=697384 vacc=37322 vrej=0 seq=0 elapsed=0 oled=3C
[    363] STATUS mode=1 fault=none enc=245 denc=0 sreq=0 sapplied=0 crate=0 uimp=-150 upos=150 uneg=155 ball=119.43 vball=0.09 aball=0.0 bref=0.00 pid=0.0 apid=0.0 integ=0.0 vision=1 current=1 vframe=73311 vs=1 vage=20 vpage=20 vdt=29 vmax=697384 vacc=37323 vrej=0 seq=0 elapsed=0 oled=3C
[    387] STATUS mode=1 fault=none enc=245 denc=0 sreq=0 sapplied=0 crate=0 uimp=-150 upos=150 uneg=155 ball=119.43 vball=0.15 aball=0.0 bref=0.00 pid=0.0 apid=0.0 integ=0.0 vision=1 current=1 vframe=73312 vs=1 vage=27 vpage=27 vdt=33 vmax=697384 vacc=37324 vrej=0 seq=0 elapsed=0 oled=3C
[    411] STATUS mode=1 fault=none enc=245 denc=0 sreq=0 sapplied=0 crate=0 uimp=-150 upos=150 uneg=155 ball=119.43 vball=0.15 aball=0.0 bref=0.00 pid=0.0 apid=0.0 integ=0.0 vision=1 current=1 vframe=73312 vs=1 vage=47 vpage=47 vdt=33 vmax=697384 vacc=37324 vrej=0 seq=0 elapsed=0 oled=3C
[    436] STATUS mode=1 fault=none enc=245 denc=0 sreq=0 sapplied=0 crate=0 uimp=-150 upos=150 uneg=155 ball=119.43 vball=0.15 aball=0.0 bref=0.00 pid=0.0 apid=0.0 integ=0.0 vision=1 current=1 vframe=73312 vs=1 vage=67 vpage=67 vdt=33 vmax=697384 vacc=37324 vrej=0 seq=0 elapsed=0 oled=3C
[    441] STATUS mode=1 fault=none enc=245 denc=0 sreq=0 sapplied=0 cra
[    441] >>> run 100 50
[    460] te=0 uimp=-150 upos=150 uneg=155 ball=119.43 vball=0.15 aball=0.0 bref=0.00 pid=0.0 apid=0.0 integ=0.0 vision=1 current=1 vframe=73312 vs=1 vage=87 vpage=87 vdt=33 vmax=697384 vacc=37324 vrej=0 seq=0 elapsed=0 oled=3C
[    463] OK run rate=100 steps/s ms=50
[    488] STATUS mode=2 fault=none enc=230 denc=-2 sreq=100 sapplied=100 crate=100 uimp=750 upos=165 uneg=155 ball=119.37 vball=-0.11 aball=0.0 bref=0.00 pid=0.0 apid=0.0 integ=0.0 vision=1 current=1 vframe=73313 vs=1 vage=26 vpage=26 vdt=101 vmax=697384 vacc=37325 vrej=0 seq=0 elapsed=0 oled=3C
[    513] STATUS mode=2 fault=none enc=207 denc=-13 sreq=100 sapplied=100 crate=100 uimp=2750 upos=185 uneg=155 ball=119.33 vball=-0.51 aball=0.0 bref=0.00 pid=0.0 apid=0.0 integ=0.0 vision=1 current=1 vframe=73314 vs=1 vage=13 vpage=13 vdt=33 vmax=697384 vacc=37326 vrej=0 seq=0 elapsed=0 oled=3C
[    537] STATUS mode=1 fault=none enc=210 denc=11 sreq=0 sapplied=0 crate=0 uimp=3750 upos=195 uneg=155 ball=119.33 vball=-0.51 aball=0.0 bref=0.00 pid=0.0 apid=0.0 integ=0.0 vision=1 current=1 vframe=73314 vs=1 vage=33 vpage=33 vdt=33 vmax=697384 vacc=37326 vrej=0 seq=0 elapsed=0 oled=3C
[    562] STATUS mode=1 fault=none enc=237 denc=4 sreq=0 sapplied=0 crate=0 uimp=3750 upos=195 uneg=155 ball=119.27 vball=-1.03 aball=0.0 bref=0.00 pid=0.0 apid=0.0 integ=0.0 vision=1 current=1 vframe=73315 vs=1 vage=19 vpage=19 vdt=34 vmax=697384 vacc=37327 vrej=0 seq=0 elapsed=0 oled=3C
[    586] STATUS mode=1 fault=none enc=235 denc=0 sreq=0 sapplied=0 crate=0 uimp=3750 upos=195 uneg=155 ball=119.27 vball=-1.03 aball=0.0 bref=0.00 pid=0.0 apid=0.0 integ=0.0 vision=1 current=1 vframe=73315 vs=1 vage=59 vpage=59 vdt=34 vmax=697384 vacc=37327 vrej=0 seq=0 elapsed=0 oled=3C
[    611] STATUS mode=1 fault=none enc=235 denc=-1 sreq=0 sapplied=0 crate=0 uimp=3750 upos=195 uneg=155 ball=119.27 vball=-1.03 aball=0.0 bref=0.00 pid=0.0 apid=0.0 integ=0.0 vision=1 current=1 vframe=73315 vs=1 vage=79 vpage=79 vdt=34 vmax=697384 vacc=37327 vrej=0 seq=0 elapsed=0 oled=3C
[    635] STATUS mode=1 fault=none enc=235 denc=0 sreq=0 sapplied=0 crate=0 uimp=3750 upos=195 uneg=155 ball=119.27 vball=-1.03 aball=0.0 bref=0.00 pid=0.0 apid=0.0 integ=0.0 vision=1 current=1 vframe=73315 vs=1 vage=99 vpage=99 vdt=34 vmax=697384 vacc=37327 vrej=0 seq=0 elapsed=0 oled=3C
[    660] STATUS mode=1 fault=none enc=236 denc=0 sreq=0 sapplied=0 crate=0 uimp=3750 upos=195 uneg=155 ball=119.39 vball=0.34 aball=0.0 bref=0.00 pid=0.0 apid=0.0 integ=0.0 vision=1 current=1 vframe=73316 vs=1 vage=19 vpage=19 vdt=100 vmax=697384 vacc=37328 vrej=0 seq=0 elapsed=0 oled=3C
[    661] STATUS mode=1 faul
[    684] t=none enc=236 denc=0 sreq=0 sapplied=0 crate=0 uimp=3750 upos=195 uneg=155 ball=118.97 vball=-6.70 aball=0.0 bref=0.00 pid=0.0 apid=0.0 integ=0.0 vision=1 current=1 vframe=73317 vs=1 vage=6 vpage=6 vdt=33 vmax=697384 vacc=37329 vrej=0 seq=0 elapsed=0 oled=3C
[    708] STATUS mode=1 fault=none enc=235 denc=0 sreq=0 sapplied=0 crate=0 uimp=3750 upos=195 uneg=155 ball=118.68 vball=-7.39 aball=0.0 bref=0.00 pid=0.0 apid=0.0 integ=0.0 vision=1 current=1 vframe=73318 vs=1 vage=14 vpage=14 vdt=32 vmax=697384 vacc=37330 vrej=0 seq=0 elapsed=0 oled=3C
[    733] STATUS mode=1 fault=none enc=236 denc=1 sreq=0 sapplied=0 crate=0 uimp=3750 upos=195 uneg=155 ball=118.68 vball=-7.39 aball=0.0 bref=0.00 pid=0.0 apid=0.0 integ=0.0 vision=1 current=1 vframe=73318 vs=1 vage=34 vpage=34 vdt=32 vmax=697384 vacc=37330 vrej=0 seq=0 elapsed=0 oled=3C
[    757] STATUS mode=1 fault=none enc=236 denc=0 sreq=0 sapplied=0 crate=0 uimp=3750 upos=195 uneg=155 ball=118.68 vball=-7.39 aball=0.0 bref=0.00 pid=0.0 apid=0.0 integ=0.0 vision=1 current=1 vframe=73318 vs=1 vage=54 vpage=54 vdt=32 vmax=697384 vacc=37330 vrej=0 seq=0 elapsed=0 oled=3C
[    781] STATUS mode=1 fault=none enc=236 denc=0 sreq=0 sapplied=0 crate=0 uimp=3750 upos=195 uneg=155 ball=118.68 vball=-7.39 aball=0.0 bref=0.00 pid=0.0 apid=0.0 integ=0.0 vision=1 current=1 vframe=73318 vs=1 vage=74 vpage=74 vdt=32 vmax=697384 vacc=37330 vrej=0 seq=0 elapsed=0 oled=3C
[    806] STATUS mode=1 fault=none enc=236 denc=0 sreq=0 sapplied=0 crate=0 uimp=3750 upos=195 uneg=155 ball=118.97 vball=-1.01 aball=0.0 bref=0.00 pid=0.0 apid=0.0 integ=0.0 vision=1 current=1 vframe=73318 vs=1 vage=94 vpage=94 vdt=32 vmax=697384 vacc=37330 vrej=0 seq=0 elapsed=0 oled=3C
[    830] STATUS mode=1 fault=none enc=235 denc=0 sreq=0 sapplied=0 crate=0 uimp=3750 upos=195 uneg=155 ball=118.77 vball=-4.17 aball=0.0 bref=0.00 pid=0.0 apid=0.0 integ=0.0 vision=1 current=1 vframe=73320 vs=1 vage=10 vpage=10 vdt=24 vmax=697384 vacc=37332 vrej=0 seq=0 elapsed=0 oled=3C
[    855] STATUS mode=1 fault=none enc=236 denc=0 sreq=0 sapplied=0 crate=0 uimp=3750 upos=195 uneg=155 ball=118.79 vball=-1.81 aball=0.0 bref=0.00 pid=0.0 apid=0.0 integ=0.0 vision=1 current=1 vframe=73321 vs=1 vage=3 vpage=3 vdt=27 vmax=697384 vacc=37333 vrej=0 seq=0 elapsed=0 oled=3C
[    879] STATUS mode=1 fault=none enc=236 denc=0 sreq=0 sapplied=0 crate=0 uimp=3750 upos=195 uneg=155 ball=118.79 vball=-1.81 aball=0.0 bref=0.00 pid=0.0 apid=0.0 integ=0.0 vision=1 current=1 vframe=73321 vs=1 vage=23 vpage=23 vdt=27 vmax=697384 vacc=37333 vrej=0 seq=0 elapsed=0 oled=3C
[    903] STATUS mode=1 fault=none enc=236 denc=0 sreq=0 sapplied=0 crate=0 uimp=3750 upos=195 uneg=155 ball=118.79 vball=-1.81 aball=0.0 bref=0.00 pid=0.0 apid=0.0 integ=0.0 vision=1 current=1 vframe=73321 vs=1 vage=43 vpage=43 vdt=27 vmax=697384 vacc=37333 vrej=0 seq=0 elapsed=0 oled=3C
[    911] STATUS mode=1 fault=none enc=236 denc=0 sreq=0 sapplied=0 crate=0 uimp=3750 upos=195 uneg=1
[    911] >>> run -100 50
[    928] 55 ball=118.79 vball=-1.81 aball=0.0 bref=0.00 pid=0.0 apid=0.0 integ=0.0 vision=1 current=1 vframe=73321 vs=1 vage=83 vpage=83 vdt=27 vmax=697384 vacc=37333 vrej=0 seq=0 elapsed=0 oled=3C
[    953] STATUS mode=2 fault=none enc=287 denc=34 sreq=-60 sapplied=-60 crate=-60 uimp=3750 upos=195 uneg=155 ball=118.75 vball=-1.01 aball=0.0 bref=0.00 pid=0.0 apid=0.0 integ=0.0 vision=1 current=1 vframe=73322 vs=1 vage=2 vpage=2 vdt=101 vmax=697384 vacc=37334 vrej=0 seq=0 elapsed=0 oled=3C
[    978] STATUS mode=2 fault=none enc=281 denc=-1 sreq=-100 sapplied=-100 crate=-100 uimp=2000 upos=195 uneg=175 ball=118.75 vball=-1.01 aball=0.0 bref=0.00 pid=0.0 apid=0.0 integ=0.0 vision=1 current=1 vframe=73322 vs=1 vage=22 vpage=22 vdt=101 vmax=697384 vacc=37334 vrej=0 seq=0 elapsed=0 oled=3C
[    979] OK run complete
[   1006] STATUS mode=1 fault=none enc=329 denc=1 sreq=0 sapplied=0 crate=0 uimp=0 upos=195 uneg=195 ball=118.75 vball=-0.36 aball=0.0 bref=0.00 pid=0.0 apid=0.0 integ=0.0 vision=1 current=1 vframe=73323 vs=1 vage=30 vpage=30 vdt=32 vmax=697384 vacc=37335 vrej=0 seq=0 elapsed=0 oled=3C
[   1030] STATUS mode=1 fault=none enc=327 denc=0 sreq=0 sapplied=0 crate=0 uimp=0 upos=195 uneg=195 ball=119.08 vball=4.09 aball=0.0 bref=0.00 pid=0.0 apid=0.0 integ=0.0 vision=1 current=1 vframe=73324 vs=1 vage=18 vpage=18 vdt=32 vmax=697384 vacc=37336 vrej=0 seq=0 elapsed=0 oled=3C
[   1054] STATUS mode=1 fault=none enc=327 denc=0 sreq=0 sapplied=0 crate=0 uimp=0 upos=195 uneg=195 ball=119.08 vball=4.09 aball=0.0 bref=0.00 pid=0.0 apid=0.0 integ=0.0 vision=1 current=1 vframe=73324 vs=1 vage=38 vpage=38 vdt=32 vmax=697384 vacc=37336 vrej=0 seq=0 elapsed=0 oled=3C
[   1078] STATUS mode=1 fault=none enc=327 denc=0 sreq=0 sapplied=0 crate=0 uimp=0 upos=195 uneg=195 ball=119.08 vball=4.09 aball=0.0 bref=0.00 pid=0.0 apid=0.0 integ=0.0 vision=1 current=1 vframe=73324 vs=1 vage=58 vpage=58 vdt=32 vmax=697384 vacc=37336 vrej=0 seq=0 elapsed=0 oled=3C
[   1102] STATUS mode=1 fault=none enc=327 denc=0 sreq=0 sapplied=0 crate=0 uimp=0 upos=195 uneg=195 ball=119.08 vball=4.09 aball=0.0 bref=0.00 pid=0.0 apid=0.0 integ=0.0 vision=1 current=1 vframe=73324 vs=1 vage=78 vpage=78 vdt=32 vmax=697384 vacc=37336 vrej=0 seq=0 elapsed=0 oled=3C
[   1126] STATUS mode=1 fault=none enc=327 denc=0 sreq=0 sapplied=0 crate=0 uimp=0 upos=195 uneg=195 ball=119.08 vball=4.09 aball=0.0 bref=0.00 pid=0.0 apid=0.0 integ=0.0 vision=1 current=0 vframe=73325 vs=0 vage=118 vpage=25 vdt=32 vmax=697384 vacc=37336 vrej=0 seq=0 elapsed=0 oled=3C
[   1131] STATUS mode=1 fault=none enc=327 denc=0 sreq=0 sapplied=0 cr
[   1150] ate=0 uimp=0 upos=195 uneg=195 ball=119.08 vball=4.09 aball=0.0 bref=0.00 pid=0.0 apid=0.0 integ=0.0 vision=1 current=0 vframe=73326 vs=0 vage=138 vpage=8 vdt=32 vmax=697384 vacc=37336 vrej=0 seq=0 elapsed=0 oled=3C
[   1174] STATUS mode=1 fault=none enc=327 denc=0 sreq=0 sapplied=0 crate=0 uimp=0 upos=195 uneg=195 ball=119.08 vball=4.09 aball=0.0 bref=0.00 pid=0.0 apid=0.0 integ=0.0 vision=1 current=0 vframe=73326 vs=0 vage=158 vpage=28 vdt=32 vmax=697384 vacc=37336 vrej=0 seq=0 elapsed=0 oled=3C
[   1199] STATUS mode=1 fault=none enc=327 denc=0 sreq=0 sapplied=0 crate=0 uimp=0 upos=195 uneg=195 ball=119.08 vball=4.09 aball=0.0 bref=0.00 pid=0.0 apid=0.0 integ=0.0 vision=1 current=0 vframe=73326 vs=0 vage=178 vpage=48 vdt=32 vmax=697384 vacc=37336 vrej=0 seq=0 elapsed=0 oled=3C
[   1223] STATUS mode=1 fault=none enc=327 denc=0 sreq=0 sapplied=0 crate=0 uimp=0 upos=195 uneg=195 ball=119.08 vball=4.09 aball=0.0 bref=0.00 pid=0.0 apid=0.0 integ=0.0 vision=1 current=0 vframe=73326 vs=0 vage=198 vpage=68 vdt=32 vmax=697384 vacc=37336 vrej=0 seq=0 elapsed=0 oled=3C
[   1247] STATUS mode=1 fault=none enc=327 denc=0 sreq=0 sapplied=0 crate=0 uimp=0 upos=195 uneg=195 ball=119.08 vball=4.09 aball=0.0 bref=0.00 pid=0.0 apid=0.0 integ=0.0 vision=1 current=0 vframe=73326 vs=0 vage=238 vpage=108 vdt=32 vmax=697384 vacc=37336 vrej=0 seq=0 elapsed=0 oled=3C
[   1271] STATUS mode=1 fault=none enc=327 denc=0 sreq=0 sapplied=0 crate=0 uimp=0 upos=195 uneg=195 ball=118.91 vball=1.31 aball=0.0 bref=0.00 pid=0.0 apid=0.0 integ=0.0 vision=1 current=1 vframe=73327 vs=1 vage=3 vpage=3 vdt=255 vmax=697384 vacc=37337 vrej=0 seq=0 elapsed=0 oled=3C
[   1295] STATUS mode=1 fault=none enc=327 denc=0 sreq=0 sapplied=0 crate=0 uimp=0 upos=195 uneg=195 ball=118.91 vball=1.31 aball=0.0 bref=0.00 pid=0.0 apid=0.0 integ=0.0 vision=1 current=0 vframe=73328 vs=0 vage=23 vpage=14 vdt=255 vmax=697384 vacc=37337 vrej=0 seq=0 elapsed=0 oled=3C
[   1319] STATUS mode=1 fault=none enc=327 denc=0 sreq=0 sapplied=0 crate=0 uimp=0 upos=195 uneg=195 ball=118.07 vball=-13.23 aball=0.0 bref=0.00 pid=0.0 apid=0.0 integ=0.0 vision=1 current=1 vframe=73329 vs=1 vage=9 vpage=9 vdt=34 vmax=697384 vacc=37338 vrej=0 seq=0 elapsed=0 oled=3C
[   1343] STATUS mode=1 fault=none enc=327 denc=0 sreq=0 sapplied=0 crate=0 uimp=0 upos=195 uneg=195 ball=118.07 vball=-13.23 aball=0.0 bref=0.00 pid=0.0 apid=0.0 integ=0.0 vision=1 current=1 vframe=73329 vs=1 vage=29 vpage=29 vdt=34 vmax=697384 vacc=37338 vrej=0 seq=0 elapsed=0 oled=3C
[   1368] STATUS mode=1 fault=none enc=327 denc=0 sreq=0 sapplied=0 crate=0 uimp=0 upos=195 uneg=195 ball=118.14 vball=-5.89 aball=0.0 bref=0.00 pid=0.0 apid=0.0 integ=0.0 vision=1 current=1 vframe=73330 vs=1 vage=40 vpage=40 vdt=29 vmax=697384 vacc=37339 vrej=0 seq=0 elapsed=0 oled=3C
[   1381] STATUS mode=1 fault=none enc=327 denc=0 sreq=0 sapplied=0 crate=0 uimp=0 upos=195 uneg=195 ball=118.14 vball=-5.89 aball=0.0 bref=0.00 pid=0.0 apid=0.0 integ=0.0
[   1382] >>> stream off
[   1392]  vision=1 current=1 vframe=73330 vs=1 vage=60 vpage=60 vdt=29 vmax=697384 vacc=37339 vrej=0 seq=0 elapsed=0 oled=3C
[   1393] OK stream off
[   1642] >>> status
[   1667] STATUS mode=1 fault=none enc=327 denc=0 sreq=0 sapplied=0 crate=0 uimp=0 upos=195 uneg=195 ball=117.66 vball=-2.88 aball=0.0 bref=0.00 pid=0.0 apid=0.0 integ=0.0 vision=1 current=1 vframe=73336 vs=1 vage=7 vpage=7 vdt=33 vmax=697384 vacc=37345 vrej=0 seq=0 elapsed=0 oled=3C
[   1909] >>> stop
[   1911] OK stopped
