-- [I] [Maix Comm Protocol] auto set pinmap A21 to UART4_TX for uart4
-- [I] [Maix Comm Protocol] auto set pinmap A22 to UART4_RX for uart4
-- [I] [Maix Comm Protocol] listening on uart port: uart4(/dev/ttyS4)
-- [I] maix multi-media driver used count: 1
-- [I] maix npu driver used count: 1
AX_VIN_SetPoolAttr success!
[COMM_ISP][COMMON_ISP_RegisterSns][  180] set sensor bus idx 0
[COMM_ISP][COMMON_ISP_RegisterSns][  192] set sensor slave addr 60
i2c_init: i2c device is /dev/i2c-0 
[COMM_ISP][COMMON_ISP_RegisterAeAlgLib][  314] bUser3a 0
CAMERA exposure_us=2487 gain=37201 mode=AeMode.Manual
-- [I] maix multi-media driver used count: 2
[SAMPLE-VO][SAMPLE_VO_WIN_INFO-334] Win-info: {1, 1, 480x640}
-- [I] u32BlkCnt = 4, u64BlkSize = 0x70800, pPoolID = 16

-- [I] init fb0 done

[SAMPLE-VO][SAMPLE_VO_WIN_INFO-334] Win-info: {1, 1, 480x640}
[SAMPLE-VO][SAMPLE_COMM_VO_StartChn-369] layer0 u32Width:480, u32Height:640
[SAMPLE-VO][SAMPLE_COMM_VO_StartVO-555] done, s32Ret = 0x0
-- [W] pwm 3 already exported, unexport first automatically
UART ready: /dev/ttyS2 115200
VISION_BUILD 2026-07-31-fixed-cal-background-v7
/usr/local/lib/python3.13/site-packages/numpy/_core/getlimits.py:558: UserWarning: The value of the smallest subnormal for <class 'numpy.float32'> type is zero.
  setattr(self, word, getattr(machar, word).flat[0])
/usr/local/lib/python3.13/site-packages/numpy/_core/getlimits.py:90: UserWarning: The value of the smallest subnormal for <class 'numpy.float32'> type is zero.
  return self._float_to_str(self.smallest_subnormal)
/usr/local/lib/python3.13/site-packages/numpy/_core/getlimits.py:558: UserWarning: The value of the smallest subnormal for <class 'numpy.float64'> type is zero.
  setattr(self, word, getattr(machar, word).flat[0])
/usr/local/lib/python3.13/site-packages/numpy/_core/getlimits.py:90: UserWarning: The value of the smallest subnormal for <class 'numpy.float64'> type is zero.
  return self._float_to_str(self.smallest_subnormal)
SEARCH marker=True ball=False selected=True groups=[] comps=[] FPS=0.0 PROC=146.0ms
BALL_DEBUG raw=[(13, 80, 286, 18, 3256)] dark=[(148, 80, 11, 8, 67), (13, 87, 22, 8, 94), (39, 88, 2, 2, 4), (44, 91, 2, 2, 4), (29, 95, 5, 3, 14), (272, 94, 9, 4, 34), (92, 97, 8, 1, 8), (211, 96, 3, 2, 5)] appearance=[(153.0, 83.3, 11, 8, 67, 33.2, 0.15, 'D')] candidates=[] hough=[]
DEBUG_SAMPLE ball=None marker_x=(42.3, 155.0, 269.8) raw_cm=0.000 filtered_cm=0.000 velocity_cm_s=0.000
DEBUG_SNAPSHOT /tmp/verify-center
-- [I] maix npu driver used count: 0, driver released.
-- [I] maix multi-media driver used count: 1
-- [I] maix multi-media driver used count: 0, driver released.
