[      0] >>> status
[     31] STATUS mode=1 fault=none enc=864 denc=0 sreq=0 sapplied=0 crate=0 uimp=0 upos=0 uneg=0 ball=-125.00 vball=0.00 aball=0.0 bref=0.00 pid=0.0 pref=676.1 ppos=676.1 apid=0.0 integ=0.0 vision=1 current=1 vframe=12791 vs=1 vage=18 vpage=18 vdt=93 vmax=14661 vacc=11351 vrej=0 seq=0 elapsed=0 oled=3C
[    406] >>> bench on
[    406] OK stepper visual-only bench active; command pose preserved
[    842] >>> status
[    875] STATUS mode=1 fault=none enc=864 denc=0 sreq=0 sapplied=0 crate=0 uimp=0 upos=0 uneg=0 ball=-125.00 vball=0.00 aball=0.0 bref=0.00 pid=0.0 pref=676.1 ppos=676.1 apid=0.0 integ=0.0 vision=1 current=1 vframe=12808 vs=1 vage=33 vpage=33 vdt=33 vmax=14661 vacc=11368 vrej=0 seq=0 elapsed=0 oled=3C
[   1295] >>> stream on 100
[   1295] OK stream on 100 ms
[   1420] STATUS mode=1 fault=none enc=864 denc=0 sreq=0 sapplied=0 crate=0 uimp=0 upos=0 uneg=0 ball=-125.00 vball=0.00 aball=0.0 bref=0.00 pid=0.0 pref=676.1 ppos=676.1 apid=0.0 integ=0.0 vision=1 current=1 vframe=12819 vs=1 vage=6 vpage=6 vdt=36 vmax=14661 vacc=11379 vrej=0 seq=0 elapsed=0 oled=3C
[   1531] STATUS mode=1 fault=none enc=864 denc=0 sreq=0 sapplied=0 crate=0 uimp=0 upos=0 uneg=0 ball=-125.00 vball=0.00 aball=0.0 bref=0.00 pid=0.0 pref=676.1 ppos=676.1 apid=0.0 integ=0.0 vision=1 current=1 vframe=12819 vs=1 vage=106 vpage=106 vdt=36 vmax=14661 vacc=11379 vrej=0 seq=0 elapsed=0 oled=3C
[   1625] STATUS mode=1 fault=none enc=864 denc=0 sreq=0 sapplied=0 crate=0 uimp=0 upos=0 uneg=0 ball=-125.00 vball=0.00 aball=0.0 bref=0.00 pid=0.0 pref=676.1 ppos=676.1 apid=0.0 integ=0.0 vision=1 current=1 vframe=12823 vs=1 vage=24 vpage=24 vdt=33 vmax=14661 vacc=11383 vrej=0 seq=0 elapsed=0 oled=3C
[   1702] S
[   1717] TATUS mode=1 fault=none enc=864 denc=0 sreq=0 sapplied=0 crate=0 uimp=0 upos=0 uneg=0 ball=-125.00 vball=0.00 aball=0.0 bref=0.00 pid=0.0 pref=676.1 ppos=676.1 apid=0.0 integ=0.0 vision=1 current=1 vframe=12824 vs=1 vage=2 vpage=2 vdt=122 vmax=14661 vacc=11384 vrej=0 seq=0 elapsed=0 oled=3C
[   1827] STATUS mode=1 fault=none enc=864 denc=0 sreq=0 sapplied=0 crate=0 uimp=0 upos=0 uneg=0 ball=-125.00 vball=0.00 aball=0.0 bref=0.00 pid=0.0 pref=676.1 ppos=676.1 apid=0.0 integ=0.0 vision=1 current=1 vframe=12827 vs=1 vage=37 vpage=37 vdt=20 vmax=14661 vacc=11387 vrej=0 seq=0 elapsed=0 oled=3C
[   1920] STATUS mode=1 fault=none enc=864 denc=0 sreq=0 sapplied=0 crate=0 uimp=0 upos=0 uneg=0 ball=-125.00 vball=0.00 aball=0.0 bref=0.00 pid=0.0 pref=676.1 ppos=676.1 apid=0.0 integ=0.0 vision=1 current=1 vframe=12829 vs=1 vage=24 vpage=24 vdt=22 vmax=14661 vacc=11389 vrej=0 seq=0 elapsed=0 oled=3C
[   2031] STATUS mode=1 fault=none enc=864 denc=0 sreq=0 sapplied=0 crate=0 uimp=0 upos=0 uneg=0 ball=-125.00 vball=0.00 aball=0.0 bref=0.00 pid=0.0 pref=676.1 ppos=676.1 apid=0.0 integ=0.0 vision=1 current=1 vframe=12830 vs=1 vage=91 vpage=91 vdt=33 vmax=14661 vacc=11390 vrej=0 seq=0 elapsed=0 oled=3C
[   2125] STATUS mode=1 fault=none enc=864 denc=0 sreq=0 sapplied=0 crate=0 uimp=0 upos=0 uneg=0 ball=-125.00 vball=0.00 aball=0.0 bref=0.00 pid=0.0 pref=676.1 ppos=676.1 apid=0.0 integ=0.0 vision=1 current=1 vframe=12833 vs=1 vage=41 vpage=41 vdt=33 vmax=14661 vacc=11393 vrej=0 seq=0 elapsed=0 oled=3C
[   2217] STATUS mode=1 fault=none enc=864 denc=0 sreq=0 sapplied=0 crate=0 uimp=0 upos=0 uneg=0 ball=-125.00 vball=0.00 aball=0.0 bref=0.00 pid=0.0 pref=676.1 ppos=676.1 apid=0.0 integ=0.0 vision=1 current=1 vframe=12835 vs=1 vage=24 vpage=24 vdt=22 vmax=14661 vacc=11395 vrej=0 seq=0 elapsed=0 oled=3C
[   2327] STATUS mode=1 fault=none enc=864 denc=0 sreq=0 sapplied=0 crate=0 uimp=0 upos=0 uneg=0 ball=-125.00 vball=0.00 aball=0.0 bref=0.00 pid=0.0 pref=676.1 ppos=676.1 apid=0.0 integ=0.0 vision=1 current=1 vframe=12836 vs=1 vage=90 vpage=90 vdt=34 vmax=14661 vacc=11396 vrej=0 seq=0 elapsed=0 oled=3C
[   2420] STATUS mode=1 fault=none enc=864 denc=0 sreq=0 sapplied=0 crate=0 uimp=0 upos=0 uneg=0 ball=-125.00 vball=0.00 aball=0.0 bref=0.00 pid=0.0 pref=676.1 ppos=676.1 apid=0.0 integ=0.0 vision=1 current=1 vframe=12839 vs=1 vage=24 vpage=24 vdt=33 vmax=14661 vacc=11399 vrej=0 seq=0 elapsed=0 oled=3C
[   2531] STATUS mode=1 fault=none enc=864 denc=0 sreq=0 sapplied=0 crate=0 uimp=0 upos=0 uneg=0 ball=-125.00 vball=0.00 aball=0.0 bref=0.00 pid=0.0 pref=676.1 ppos=676.1 apid=0.0 integ=0.0 vision=1 current=1 vframe=12841 vs=1 vage=7 vpage=7 vdt=22 vmax=14661 vacc=11401 vrej=0 seq=0 elapsed=0 oled=3C
[   2625] STATUS mode=1 fault=none enc=864 denc=0 sreq=0 sapplied=0 crate=0 uimp=0 upos=0 uneg=0 ball=-125.00 vball=0.00 aball=0.0 bref=0.00 pid=0.0 pref=676.1 ppos=676.1 apid=0.0 integ=0.0 vision=1 current=1 vframe=12842 vs=1 vage=73 vpage=73 vdt=34 vmax=14661 vacc=11402 vrej=0 seq=0 elapsed=0 oled=3C
[   2717] STATUS mode=1 fault=none enc=864 denc=0 sreq=0 sapplied=0 crate=0 uimp=0 upos=0 uneg=0 ball=-125.00 vball=0.00 aball=0.0 bref=0.00 pid=0.0 pref=676.1 ppos=676.1 apid=0.0 integ=0.0 vision=1 current=1 vframe=12845 vs=1 vage=24 vpage=24 vdt=34 vmax=14661 vacc=11405 vrej=0 seq=0 elapsed=0 oled=3C
[   2827] STATUS mode=1 fault=none enc=864 denc=0 sreq=0 sapplied=0 crate=0 uimp=0 upos=0 uneg=0 ball=-125.00 vball=0.00 aball=0.0 bref=0.00 pid=0.0 pref=676.1 ppos=676.1 apid=0.0 integ=0.0 vision=1 current=1 vframe=12847 vs=1 vage=8 vpage=8 vdt=22 vmax=14661 vacc=11407 vrej=0 seq=0 elapsed=0 oled=3C
[   2920] STATUS mode=1 fault=none enc=864 denc=0 sreq=0 sapplied=0 crate=0 uimp=0 upos=0 uneg=0 ball=-125.00 vball=0.00 aball=0.0 bref=0.00 pid=0.0 pref=676.1 ppos=676.1 apid=0.0 integ=0.0 vision=1 current=1 vframe=12848 vs=1 vage=75 vpage=75 vdt=33 vmax=14661 vacc=11408 vrej=0 seq=0 elapsed=0 oled=3C
[   3031] STATUS mode=1 fault=none enc=864 denc=0 sreq=0 sapplied=0 crate=0 uimp=0 upos=0 uneg=0 ball=-125.00 vball=0.00 aball=0.0 bref=0.00 pid=0.0 pref=676.1 ppos=676.1 apid=0.0 integ=0.0 vision=1 current=1 vframe=12851 vs=1 vage=24 vpage=24 vdt=34 vmax=14661 vacc=11411 vrej=0 seq=0 elapsed=0 oled=3C
[   3125] STATUS mode=1 fault=none enc=864 denc=0 sreq=0 sapplied=0 crate=0 uimp=0 upos=0 uneg=0 ball=-125.00 vball=0.00 aball=0.0 bref=0.00 pid=0.0 pref=676.1 ppos=676.1 apid=0.0 integ=0.0 vision=1 current=1 vframe=12852 vs=1 vage=28 vpage=28 vdt=96 vmax=14661 vacc=11412 vrej=0 seq=0 elapsed=0 oled=3C
[   3217] STATUS mode=1 fault=none enc=864 denc=0 sreq=0 sapplied=0 crate=0 uimp=0 upos=0 uneg=0 ball=-125.00 vball=0.00 aball=0.0 bref=0.00 pid=0.0 pref=676.1 ppos=676.1 apid=0.0 integ=0.0 vision=1 current=1 vframe=12853 vs=1 vage=92 vpage=92 vdt=36 vmax=14661 vacc=11413 vrej=0 seq=0 elapsed=0 oled=3C
[   3327] STATUS mode=1 fault=none enc=864 denc=0 sreq=0 sapplied=0 crate=0 uimp=0 upos=0 uneg=0 ball=-125.00 vball=0.00 aball=0.0 bref=0.00 pid=0.0 pref=676.1 ppos=676.1 apid=0.0 integ=0.0 vision=1 current=1 vframe=12857 vs=1 vage=25 vpage=25 vdt=31 vmax=14661 vacc=11417 vrej=0 seq=0 elapsed=0 oled=3C
[   3420] STATUS mode=1 fault=none enc=864 denc=0 sreq=0 sapplied=0 crate=0 uimp=0 upos=0 uneg=0 ball=-125.00 vball=0.00 aball=0.0 bref=0.00 pid=0.0 pref=676.1 ppos=676.1 apid=0.0 integ=0.0 vision=1 current=1 vframe=12865 vs=1 vage=7 vpage=7 vdt=22 vmax=14661 vacc=11425 vrej=0 seq=0 elapsed=0 oled=3C
[   3531] STATUS mode=1 fault=none enc=864 denc=0 sreq=0 sapplied=0 crate=0 uimp=0 upos=0 uneg=0 ball=-125.00 vball=0.00 aball=0.0 bref=0.00 pid=0.0 pref=676.1 ppos=676.1 apid=0.0 integ=0.0 vision=1 current=1 vframe=12866 vs=1 vage=75 vpage=75 vdt=32 vmax=14661 vacc=11426 vrej=0 seq=0 elapsed=0 oled=3C
[   3625] STATUS mode=1 fault=none enc=864 denc=0 sreq=0 sapplied=0 crate=0 uimp=0 upos=0 uneg=0 ball=-125.00 vball=0.00 aball=0.0 bref=0.00 pid=0.0 pref=676.1 ppos=676.1 apid=0.0 integ=0.0 vision=1 current=1 vframe=12869 vs=1 vage=24 vpage=24 vdt=34 vmax=14661 vacc=11429 vrej=0 seq=0 elapsed=0 oled=3C
[   3702] S
[   3702] >>> stream off
[   3717] TATUS mode=1 fault=none enc=864 denc=0 sreq=0 sapplied=0 crate=0 uimp=0 upos=0 uneg=0 ball=-125.00 vball=0.00 aball=0.0 bref=0.00 pid=0.0 pref=676.1 ppos=676.1 apid=0.0 integ=0.0 vision=1 current=1 vframe=12871 vs=1 vage=7 vpage=7 vdt=21 vmax=14661 vacc=11431 vrej=0 seq=0 elapsed=0 oled=3C
[   3733] OK stream off
